[0.006s][info][gc] Using Epsilon
[0,321s][info][gc] Heap: 4096M reserved, 512M (12,50%) committed, 208M (5,10%) used
[0,470s][info][gc] Heap: 4096M reserved, 512M (12,50%) committed, 416M (10,18%) used
[0,617s][info][gc] Heap: 4096M reserved, 640M (15,62%) committed, 624M (15,25%) used
[0,761s][info][gc] Heap: 4096M reserved, 896M (21,88%) committed, 832M (20,33%) used
[0,904s][info][gc] Heap: 4096M reserved, 1152M (28,12%) committed, 1040M (25,41%) used
[1,048s][info][gc] Heap: 4096M reserved, 1280M (31,25%) committed, 1248M (30,49%) used
[1,193s][info][gc] Heap: 4096M reserved, 1536M (37,50%) committed, 1456M (35,57%) used
[1,349s][info][gc] Heap: 4096M reserved, 1792M (43,75%) committed, 1664M (40,64%) used
[1,507s][info][gc] Heap: 4096M reserved, 1920M (46,88%) committed, 1872M (45,72%) used
[1,652s][info][gc] Heap: 4096M reserved, 2176M (53,12%) committed, 2080M (50,80%) used
[1,796s][info][gc] Heap: 4096M reserved, 2304M (56,25%) committed, 2288M (55,88%) used
[1,940s][info][gc] Heap: 4096M reserved, 2560M (62,50%) committed, 2496M (60,96%) used
[2,083s][info][gc] Heap: 4096M reserved, 2816M (68,75%) committed, 2704M (66,03%) used
[2,237s][info][gc] Heap: 4096M reserved, 2944M (71,88%) committed, 2912M (71,11%) used
[2,394s][info][gc] Heap: 4096M reserved, 3200M (78,12%) committed, 3120M (76,19%) used
[2,541s][info][gc] Heap: 4096M reserved, 3456M (84,38%) committed, 3328M (81,27%) used
[2,687s][info][gc] Heap: 4096M reserved, 3584M (87,50%) committed, 3536M (86,35%) used
[2,829s][info][gc] Heap: 4096M reserved, 3840M (93,75%) committed, 3744M (91,43%) used
[2,973s][info][gc] Heap: 4096M reserved, 3968M (96,88%) committed, 3952M (96,50%) used
