[0.006s][info][gc] Using G1
[0,160s][info][gc] GC(0) Pause Young (Normal) (G1 Evacuation Pause) 31M->14M(528M) 4,633ms
[0,178s][info][gc] GC(1) Pause Young (Normal) (G1 Evacuation Pause) 30M->15M(528M) 4,336ms
[0,206s][info][gc] GC(2) Pause Young (Normal) (G1 Evacuation Pause) 47M->17M(528M) 2,155ms
[0,362s][info][gc] GC(3) Pause Young (Normal) (G1 Evacuation Pause) 201M->31M(528M) 6,042ms
[0,480s][info][gc] GC(4) Pause Young (Normal) (G1 Evacuation Pause) 255M->47M(1056M) 11,070ms
[0,616s][info][gc] GC(5) Pause Young (Normal) (G1 Evacuation Pause) 215M->61M(1056M) 12,346ms
[0,835s][info][gc] GC(6) Pause Young (Normal) (G1 Evacuation Pause) 421M->85M(1056M) 12,245ms
[0,994s][info][gc] GC(7) Pause Young (Normal) (G1 Evacuation Pause) 437M->110M(1056M) 15,575ms
[1,262s][info][gc] GC(8) Pause Young (Normal) (G1 Evacuation Pause) 622M->146M(2080M) 21,104ms
[1,708s][info][gc] GC(9) Pause Young (Normal) (G1 Evacuation Pause) 714M->186M(2080M) 26,774ms
[2,043s][info][gc] GC(10) Pause Young (Normal) (G1 Evacuation Pause) 858M->230M(2080M) 32,216ms
[2,459s][info][gc] GC(11) Pause Young (Normal) (G1 Evacuation Pause) 1094M->286M(2080M) 35,330ms
[2,922s][info][gc] GC(12) Pause Young (Normal) (G1 Evacuation Pause) 1342M->347M(3712M) 38,215ms
[3,947s][info][gc] GC(13) Pause Young (Normal) (G1 Evacuation Pause) 1699M->425M(3712M) 53,373ms
[4,665s][info][gc] GC(14) Pause Young (Normal) (G1 Evacuation Pause) 2025M->509M(3712M) 48,106ms
[5,464s][info][gc] GC(15) Pause Young (Normal) (G1 Evacuation Pause) 2373M->601M(3712M) 54,963ms
[6,316s][info][gc] GC(16) Pause Young (Normal) (G1 Evacuation Pause) 2601M->701M(4792M) 60,830ms
[7,791s][info][gc] GC(17) Pause Young (Normal) (G1 Evacuation Pause) 3325M->807M(4792M) 68,933ms
[8,914s][info][gc] GC(18) Pause Young (Normal) (G1 Evacuation Pause) 3399M->903M(4792M) 75,576ms
[10,016s][info][gc] GC(19) Pause Young (Normal) (G1 Evacuation Pause) 3471M->986M(4792M) 76,399ms
[11,151s][info][gc] GC(20) Pause Young (Normal) (G1 Evacuation Pause) 3570M->1093M(5360M) 76,771ms
[12,567s][info][gc] GC(21) Pause Young (Normal) (G1 Evacuation Pause) 4005M->1193M(5360M) 79,166ms
[13,800s][info][gc] GC(22) Pause Young (Normal) (G1 Evacuation Pause) 4097M->1288M(5360M) 81,339ms
[15,023s][info][gc] GC(23) Pause Young (Normal) (G1 Evacuation Pause) 4176M->1380M(5360M) 82,526ms
[16,252s][info][gc] GC(24) Pause Young (Normal) (G1 Evacuation Pause) 4276M->1481M(5808M) 82,919ms
[17,734s][info][gc] GC(25) Pause Young (Normal) (G1 Evacuation Pause) 4633M->1581M(5808M) 85,199ms
[19,067s][info][gc] GC(26) Pause Young (Normal) (G1 Evacuation Pause) 4725M->1673M(5808M) 86,131ms
[20,378s][info][gc] GC(27) Pause Young (Normal) (G1 Evacuation Pause) 4769M->1771M(5808M) 87,845ms
[21,683s][info][gc] GC(28) Pause Young (Normal) (G1 Evacuation Pause) 4787M->1861M(6232M) 87,952ms
[23,377s][info][gc] GC(29) Pause Young (Normal) (G1 Evacuation Pause) 5141M->1969M(6232M) 88,378ms
[24,847s][info][gc] GC(30) Pause Young (Normal) (G1 Evacuation Pause) 5153M->2059M(6232M) 87,067ms
[26,171s][info][gc] GC(31) Pause Young (Normal) (G1 Evacuation Pause) 5171M->2155M(6232M) 87,925ms
[27,499s][info][gc] GC(32) Pause Young (Normal) (G1 Evacuation Pause) 5179M->2243M(6232M) 85,914ms
[28,762s][info][gc] GC(33) Pause Young (Normal) (G1 Evacuation Pause) 5187M->2329M(6640M) 85,037ms
[30,247s][info][gc] GC(34) Pause Young (Normal) (G1 Evacuation Pause) 5529M->2429M(6640M) 86,811ms
[31,700s][info][gc] GC(35) Pause Young (Normal) (G1 Evacuation Pause) 5533M->2523M(6640M) 86,480ms
[33,045s][info][gc] GC(36) Pause Young (Normal) (G1 Evacuation Pause) 5547M->2622M(6640M) 85,854ms
[34,313s][info][gc] GC(37) Pause Young (Normal) (G1 Evacuation Pause) 5558M->2706M(6640M) 83,610ms
[35,530s][info][gc] GC(38) Pause Young (Normal) (G1 Evacuation Pause) 5570M->2807M(6640M) 82,499ms
[36,712s][info][gc] GC(39) Pause Young (Normal) (G1 Evacuation Pause) 5583M->2891M(7032M) 81,228ms
[38,166s][info][gc] GC(40) Pause Young (Normal) (G1 Evacuation Pause) 5899M->2993M(7032M) 83,741ms
[39,433s][info][gc] GC(41) Pause Young (Normal) (G1 Evacuation Pause) 5913M->3083M(7032M) 82,951ms
[40,645s][info][gc] GC(42) Pause Young (Normal) (G1 Evacuation Pause) 5923M->3181M(7032M) 81,683ms
[41,814s][info][gc] GC(43) Pause Young (Normal) (G1 Evacuation Pause) 5925M->3269M(7032M) 80,565ms
[42,953s][info][gc] GC(44) Pause Young (Normal) (G1 Evacuation Pause) 5933M->3355M(7032M) 80,153ms
[44,060s][info][gc] GC(45) Pause Young (Normal) (G1 Evacuation Pause) 5947M->3449M(7408M) 77,562ms
[45,376s][info][gc] GC(46) Pause Young (Normal) (G1 Evacuation Pause) 6257M->3547M(7408M) 79,778ms
[46,539s][info][gc] GC(47) Pause Young (Normal) (G1 Evacuation Pause) 6275M->3633M(7408M) 79,112ms
[47,670s][info][gc] GC(48) Pause Young (Concurrent Start) (G1 Evacuation Pause) 6281M->3736M(7408M) 78,623ms
[47,670s][info][gc] GC(49) Concurrent Mark Cycle
[47,811s][info][gc] GC(49) Pause Remark 4024M->3216M(7408M) 0,962ms
[47,922s][info][gc] GC(49) Pause Cleanup 3464M->3464M(7408M) 0,342ms
[47,941s][info][gc] GC(49) Concurrent Mark Cycle 271,301ms
[48,810s][info][gc] GC(50) Pause Young (Prepare Mixed) (G1 Evacuation Pause) 5480M->3015M(7408M) 77,401ms
[48,892s][info][gc] GC(51) Pause Young (Mixed) (G1 Evacuation Pause) 3087M->2302M(7408M) 52,564ms
[49,034s][info][gc] GC(52) Pause Young (Mixed) (G1 Evacuation Pause) 2630M->1590M(7408M) 8,745ms
[49,179s][info][gc] GC(53) Pause Young (Mixed) (G1 Evacuation Pause) 1918M->1159M(7408M) 15,013ms
[50,988s][info][gc] GC(54) Pause Young (Normal) (G1 Evacuation Pause) 5551M->1390M(9680M) 71,625ms
[54,067s][info][gc] GC(55) Pause Young (Normal) (G1 Evacuation Pause) 6918M->1559M(9680M) 103,007ms
[56,329s][info][gc] GC(56) Pause Young (Normal) (G1 Evacuation Pause) 6919M->1633M(9680M) 116,933ms
[58,567s][info][gc] GC(57) Pause Young (Normal) (G1 Evacuation Pause) 6985M->1719M(9680M) 117,709ms
[60,795s][info][gc] GC(58) Pause Young (Normal) (G1 Evacuation Pause) 7071M->1799M(9680M) 117,340ms
[63,027s][info][gc] GC(59) Pause Young (Normal) (G1 Evacuation Pause) 7151M->1881M(9680M) 117,842ms
[65,258s][info][gc] GC(60) Pause Young (Normal) (G1 Evacuation Pause) 7233M->1953M(9680M) 117,135ms
[67,503s][info][gc] GC(61) Pause Young (Normal) (G1 Evacuation Pause) 7313M->2031M(9680M) 117,197ms
[69,753s][info][gc] GC(62) Pause Young (Normal) (G1 Evacuation Pause) 7391M->2115M(9680M) 116,723ms
[72,005s][info][gc] GC(63) Pause Young (Normal) (G1 Evacuation Pause) 7467M->2191M(9680M) 117,725ms
[74,265s][info][gc] GC(64) Pause Young (Normal) (G1 Evacuation Pause) 7551M->2277M(9680M) 117,347ms
[76,499s][info][gc] GC(65) Pause Young (Normal) (G1 Evacuation Pause) 7629M->2358M(9680M) 117,062ms
[78,732s][info][gc] GC(66) Pause Young (Normal) (G1 Evacuation Pause) 7710M->2437M(9680M) 117,233ms
[80,974s][info][gc] GC(67) Pause Young (Normal) (G1 Evacuation Pause) 7797M->2523M(9680M) 117,324ms
[83,244s][info][gc] GC(68) Pause Young (Normal) (G1 Evacuation Pause) 7875M->2603M(9680M) 117,498ms
[85,474s][info][gc] GC(69) Pause Young (Normal) (G1 Evacuation Pause) 7955M->2686M(9680M) 117,245ms
[87,719s][info][gc] GC(70) Pause Young (Normal) (G1 Evacuation Pause) 8038M->2776M(9680M) 118,063ms
[89,925s][info][gc] GC(71) Pause Young (Normal) (G1 Evacuation Pause) 8064M->2849M(9680M) 117,160ms
[92,110s][info][gc] GC(72) Pause Young (Normal) (G1 Evacuation Pause) 8065M->2933M(9680M) 117,126ms
[94,258s][info][gc] GC(73) Pause Young (Normal) (G1 Evacuation Pause) 8069M->3014M(9680M) 116,508ms
[96,374s][info][gc] GC(74) Pause Young (Normal) (G1 Evacuation Pause) 8086M->3093M(9680M) 114,802ms
[98,470s][info][gc] GC(75) Pause Young (Normal) (G1 Evacuation Pause) 8085M->3170M(9680M) 114,881ms
[100,533s][info][gc] GC(76) Pause Young (Normal) (G1 Evacuation Pause) 8098M->3257M(9680M) 113,966ms
[102,556s][info][gc] GC(77) Pause Young (Normal) (G1 Evacuation Pause) 8105M->3330M(9680M) 112,309ms
[104,560s][info][gc] GC(78) Pause Young (Normal) (G1 Evacuation Pause) 8106M->3422M(9680M) 111,454ms
[106,569s][info][gc] GC(79) Pause Young (Normal) (G1 Evacuation Pause) 8118M->3498M(9680M) 115,969ms
[108,523s][info][gc] GC(80) Pause Young (Normal) (G1 Evacuation Pause) 8122M->3590M(9680M) 110,856ms
[110,436s][info][gc] GC(81) Pause Young (Normal) (G1 Evacuation Pause) 8134M->3677M(9680M) 109,481ms
[112,335s][info][gc] GC(82) Pause Young (Normal) (G1 Evacuation Pause) 8133M->3768M(9680M) 106,905ms
[114,171s][info][gc] GC(83) Pause Young (Normal) (G1 Evacuation Pause) 8144M->3845M(9680M) 107,704ms
[115,981s][info][gc] GC(84) Pause Young (Normal) (G1 Evacuation Pause) 8149M->3944M(9680M) 106,919ms
[117,756s][info][gc] GC(85) Pause Young (Normal) (G1 Evacuation Pause) 8160M->4033M(9680M) 104,386ms
[119,493s][info][gc] GC(86) Pause Young (Normal) (G1 Evacuation Pause) 8169M->4123M(9680M) 103,233ms
[121,196s][info][gc] GC(87) Pause Young (Normal) (G1 Evacuation Pause) 8179M->4213M(9680M) 101,333ms
[122,867s][info][gc] GC(88) Pause Young (Normal) (G1 Evacuation Pause) 8181M->4301M(9680M) 100,216ms
[124,503s][info][gc] GC(89) Pause Young (Normal) (G1 Evacuation Pause) 8189M->4393M(9680M) 99,429ms
[126,103s][info][gc] GC(90) Pause Young (Normal) (G1 Evacuation Pause) 8201M->4487M(9680M) 97,865ms
[127,684s][info][gc] GC(91) Pause Young (Normal) (G1 Evacuation Pause) 8215M->4578M(9680M) 96,586ms
[129,240s][info][gc] GC(92) Pause Young (Normal) (G1 Evacuation Pause) 8218M->4670M(9680M) 95,945ms
[130,750s][info][gc] GC(93) Pause Young (Normal) (G1 Evacuation Pause) 8230M->4765M(9680M) 93,835ms
[132,211s][info][gc] GC(94) Pause Young (Concurrent Start) (G1 Evacuation Pause) 8229M->4853M(9680M) 93,280ms
[132,211s][info][gc] GC(95) Concurrent Mark Cycle
[132,327s][info][gc] GC(95) Pause Remark 5101M->2413M(8080M) 1,299ms
[132,423s][info][gc] GC(95) Pause Cleanup 2613M->2613M(8080M) 0,279ms
[132,439s][info][gc] GC(95) Concurrent Mark Cycle 228,150ms
[133,739s][info][gc] GC(96) Pause Young (Prepare Mixed) (G1 Evacuation Pause) 5701M->2269M(8080M) 93,449ms
[133,814s][info][gc] GC(97) Pause Young (Mixed) (G1 Evacuation Pause) 2301M->1480M(8080M) 62,067ms
[133,970s][info][gc] GC(98) Pause Young (Mixed) (G1 Evacuation Pause) 1840M->1174M(8080M) 8,855ms
[135,944s][info][gc] GC(99) Pause Young (Normal) (G1 Evacuation Pause) 5982M->1421M(8080M) 71,590ms
[137,844s][info][gc] GC(100) Pause Young (Normal) (G1 Evacuation Pause) 5981M->1573M(8080M) 96,205ms
[139,711s][info][gc] GC(101) Pause Young (Normal) (G1 Evacuation Pause) 5981M->1645M(8080M) 109,138ms
[141,583s][info][gc] GC(102) Pause Young (Normal) (G1 Evacuation Pause) 6077M->1733M(8080M) 113,910ms
[143,453s][info][gc] GC(103) Pause Young (Normal) (G1 Evacuation Pause) 6165M->1831M(8080M) 107,050ms
[145,315s][info][gc] GC(104) Pause Young (Normal) (G1 Evacuation Pause) 6255M->1925M(8080M) 108,393ms
[147,171s][info][gc] GC(105) Pause Young (Normal) (G1 Evacuation Pause) 6349M->2006M(8080M) 107,354ms
[149,033s][info][gc] GC(106) Pause Young (Normal) (G1 Evacuation Pause) 6438M->2090M(8080M) 108,399ms
[150,897s][info][gc] GC(107) Pause Young (Normal) (G1 Evacuation Pause) 6522M->2186M(8080M) 107,796ms
[152,769s][info][gc] GC(108) Pause Young (Normal) (G1 Evacuation Pause) 6618M->2277M(8080M) 107,657ms
[154,625s][info][gc] GC(109) Pause Young (Normal) (G1 Evacuation Pause) 6701M->2361M(8080M) 107,904ms
[156,447s][info][gc] GC(110) Pause Young (Normal) (G1 Evacuation Pause) 6705M->2450M(8080M) 106,756ms
[158,251s][info][gc] GC(111) Pause Young (Normal) (G1 Evacuation Pause) 6714M->2546M(8080M) 104,977ms
[160,001s][info][gc] GC(112) Pause Young (Normal) (G1 Evacuation Pause) 6714M->2633M(8080M) 104,190ms
[161,723s][info][gc] GC(113) Pause Young (Normal) (G1 Evacuation Pause) 6729M->2721M(8080M) 102,628ms
[163,410s][info][gc] GC(114) Pause Young (Normal) (G1 Evacuation Pause) 6737M->2812M(8080M) 101,577ms
[165,069s][info][gc] GC(115) Pause Young (Normal) (G1 Evacuation Pause) 6748M->2898M(8080M) 101,343ms
[166,694s][info][gc] GC(116) Pause Young (Normal) (G1 Evacuation Pause) 6754M->2994M(8080M) 99,237ms
[168,281s][info][gc] GC(117) Pause Young (Normal) (G1 Evacuation Pause) 6762M->3090M(8080M) 98,222ms
[169,834s][info][gc] GC(118) Pause Young (Normal) (G1 Evacuation Pause) 6770M->3178M(8080M) 97,386ms
[171,353s][info][gc] GC(119) Pause Young (Normal) (G1 Evacuation Pause) 6786M->3276M(8080M) 95,400ms
[172,872s][info][gc] GC(120) Pause Young (Normal) (G1 Evacuation Pause) 6796M->3369M(8080M) 94,364ms
[174,329s][info][gc] GC(121) Pause Young (Normal) (G1 Evacuation Pause) 6801M->3467M(8080M) 93,238ms
[175,737s][info][gc] GC(122) Pause Young (Normal) (G1 Evacuation Pause) 6803M->3544M(8080M) 91,034ms
[177,123s][info][gc] GC(123) Pause Young (Normal) (G1 Evacuation Pause) 6816M->3634M(8080M) 90,386ms
[178,476s][info][gc] GC(124) Pause Young (Normal) (G1 Evacuation Pause) 6826M->3732M(8080M) 89,902ms
[179,790s][info][gc] GC(125) Pause Young (Normal) (G1 Evacuation Pause) 6836M->3831M(8080M) 87,348ms
[181,061s][info][gc] GC(126) Pause Young (Normal) (G1 Evacuation Pause) 6839M->3912M(8080M) 85,065ms
[182,305s][info][gc] GC(127) Pause Young (Normal) (G1 Evacuation Pause) 6848M->4010M(8080M) 84,943ms
[183,522s][info][gc] GC(128) Pause Young (Concurrent Start) (G1 Evacuation Pause) 6866M->4097M(8080M) 83,463ms
[183,522s][info][gc] GC(129) Concurrent Mark Cycle
[183,653s][info][gc] GC(129) Pause Remark 4369M->2731M(8080M) 1,120ms
[183,757s][info][gc] GC(129) Pause Cleanup 2963M->2963M(8080M) 0,287ms
[183,768s][info][gc] GC(129) Concurrent Mark Cycle 245,165ms
[184,749s][info][gc] GC(130) Pause Young (Prepare Mixed) (G1 Evacuation Pause) 5235M->2561M(8080M) 81,528ms
[184,836s][info][gc] GC(131) Pause Young (Mixed) (G1 Evacuation Pause) 2641M->1775M(8080M) 54,997ms
[184,990s][info][gc] GC(132) Pause Young (Mixed) (G1 Evacuation Pause) 2135M->1163M(8080M) 10,619ms
[186,980s][info][gc] GC(133) Pause Young (Normal) (G1 Evacuation Pause) 5971M->1414M(8080M) 71,432ms
[188,935s][info][gc] GC(134) Pause Young (Normal) (G1 Evacuation Pause) 5974M->1559M(8080M) 96,011ms
[190,794s][info][gc] GC(135) Pause Young (Normal) (G1 Evacuation Pause) 5975M->1643M(8080M) 107,922ms
[192,649s][info][gc] GC(136) Pause Young (Normal) (G1 Evacuation Pause) 6067M->1720M(8080M) 106,562ms
[194,520s][info][gc] GC(137) Pause Young (Normal) (G1 Evacuation Pause) 6152M->1807M(8080M) 106,803ms
[196,389s][info][gc] GC(138) Pause Young (Normal) (G1 Evacuation Pause) 6239M->1903M(8080M) 107,137ms
[198,270s][info][gc] GC(139) Pause Young (Normal) (G1 Evacuation Pause) 6335M->1997M(8080M) 106,495ms
[200,141s][info][gc] GC(140) Pause Young (Normal) (G1 Evacuation Pause) 6421M->2078M(8080M) 108,422ms
[202,038s][info][gc] GC(141) Pause Young (Normal) (G1 Evacuation Pause) 6518M->2175M(8080M) 106,437ms
[203,914s][info][gc] GC(142) Pause Young (Normal) (G1 Evacuation Pause) 6607M->2259M(8080M) 106,799ms
[205,816s][info][gc] GC(143) Pause Young (Normal) (G1 Evacuation Pause) 6691M->2351M(8080M) 107,145ms
[207,756s][info][gc] GC(144) Pause Young (Normal) (G1 Evacuation Pause) 6703M->2443M(8080M) 107,333ms
[209,595s][info][gc] GC(145) Pause Young (Normal) (G1 Evacuation Pause) 6715M->2527M(8080M) 104,126ms
[211,400s][info][gc] GC(146) Pause Young (Normal) (G1 Evacuation Pause) 6719M->2614M(8080M) 104,149ms
[213,174s][info][gc] GC(147) Pause Young (Normal) (G1 Evacuation Pause) 6734M->2709M(8080M) 103,485ms
[214,910s][info][gc] GC(148) Pause Young (Normal) (G1 Evacuation Pause) 6741M->2802M(8080M) 102,444ms
[216,602s][info][gc] GC(149) Pause Young (Normal) (G1 Evacuation Pause) 6746M->2887M(8080M) 100,309ms
[218,266s][info][gc] GC(150) Pause Young (Normal) (G1 Evacuation Pause) 6751M->2977M(8080M) 98,379ms
[219,893s][info][gc] GC(151) Pause Young (Normal) (G1 Evacuation Pause) 6761M->3067M(8080M) 98,666ms
[221,459s][info][gc] GC(152) Pause Young (Normal) (G1 Evacuation Pause) 6771M->3165M(8080M) 97,174ms
[222,990s][info][gc] GC(153) Pause Young (Normal) (G1 Evacuation Pause) 6773M->3259M(8080M) 96,173ms
[224,488s][info][gc] GC(154) Pause Young (Normal) (G1 Evacuation Pause) 6787M->3349M(8080M) 94,915ms
[225,945s][info][gc] GC(155) Pause Young (Normal) (G1 Evacuation Pause) 6797M->3443M(8080M) 92,721ms
[227,508s][info][gc] GC(156) Pause Young (Normal) (G1 Evacuation Pause) 6811M->3529M(8080M) 92,862ms
[228,919s][info][gc] GC(157) Pause Young (Normal) (G1 Evacuation Pause) 6817M->3623M(8080M) 90,280ms
[230,273s][info][gc] GC(158) Pause Young (Normal) (G1 Evacuation Pause) 6823M->3721M(8080M) 89,149ms
[231,600s][info][gc] GC(159) Pause Young (Normal) (G1 Evacuation Pause) 6833M->3805M(8080M) 97,469ms
[232,886s][info][gc] GC(160) Pause Young (Normal) (G1 Evacuation Pause) 6845M->3897M(8080M) 86,118ms
[234,142s][info][gc] GC(161) Pause Young (Normal) (G1 Evacuation Pause) 6849M->3999M(8080M) 85,119ms
[235,360s][info][gc] GC(162) Pause Young (Normal) (G1 Evacuation Pause) 6863M->4081M(8080M) 83,248ms
[236,545s][info][gc] GC(163) Pause Young (Normal) (G1 Evacuation Pause) 6873M->4171M(8080M) 81,646ms
[237,695s][info][gc] GC(164) Pause Young (Normal) (G1 Evacuation Pause) 6883M->4257M(8080M) 79,079ms
[238,814s][info][gc] GC(165) Pause Young (Normal) (G1 Evacuation Pause) 6889M->4351M(8080M) 78,751ms
[239,894s][info][gc] GC(166) Pause Young (Normal) (G1 Evacuation Pause) 6895M->4447M(8080M) 75,973ms
[240,948s][info][gc] GC(167) Pause Young (Normal) (G1 Evacuation Pause) 6903M->4537M(8080M) 74,557ms
[241,967s][info][gc] GC(168) Pause Young (Normal) (G1 Evacuation Pause) 6921M->4627M(8080M) 73,473ms
[242,947s][info][gc] GC(169) Pause Young (Normal) (G1 Evacuation Pause) 6931M->4719M(8080M) 71,299ms
[243,892s][info][gc] GC(170) Pause Young (Normal) (G1 Evacuation Pause) 6935M->4801M(8080M) 69,809ms
[244,842s][info][gc] GC(171) Pause Young (Normal) (G1 Evacuation Pause) 6945M->4886M(8080M) 67,812ms
[245,777s][info][gc] GC(172) Pause Young (Normal) (G1 Evacuation Pause) 6958M->4973M(8080M) 66,287ms
[246,660s][info][gc] GC(173) Pause Young (Normal) (G1 Evacuation Pause) 6965M->5058M(8080M) 65,065ms
[247,523s][info][gc] GC(174) Pause Young (Normal) (G1 Evacuation Pause) 6978M->5149M(8080M) 63,337ms
[248,318s][info][gc] GC(175) Pause Young (Normal) (G1 Evacuation Pause) 6981M->5225M(8080M) 61,558ms
[249,102s][info][gc] GC(176) Pause Young (Normal) (G1 Evacuation Pause) 6993M->5303M(8080M) 59,871ms
[249,835s][info][gc] GC(177) Pause Young (Normal) (G1 Evacuation Pause) 6999M->5382M(8080M) 58,200ms
[250,539s][info][gc] GC(178) Pause Young (Normal) (G1 Evacuation Pause) 7014M->5459M(8080M) 57,062ms
[251,216s][info][gc] GC(179) Pause Young (Normal) (G1 Evacuation Pause) 7027M->5543M(8416M) 55,469ms
[252,075s][info][gc] GC(180) Pause Young (Normal) (G1 Evacuation Pause) 7295M->5619M(8416M) 55,957ms
[252,801s][info][gc] GC(181) Pause Young (Normal) (G1 Evacuation Pause) 7307M->5697M(8416M) 55,909ms
[253,495s][info][gc] GC(182) Pause Young (Normal) (G1 Evacuation Pause) 7313M->5778M(8416M) 55,600ms
[254,158s][info][gc] GC(183) Pause Young (Normal) (G1 Evacuation Pause) 7322M->5855M(8416M) 54,621ms
[254,796s][info][gc] GC(184) Pause Young (Normal) (G1 Evacuation Pause) 7335M->5933M(8736M) 52,636ms
[255,607s][info][gc] GC(185) Pause Young (Normal) (G1 Evacuation Pause) 7589M->6011M(8736M) 54,141ms
[256,313s][info][gc] GC(186) Pause Young (Normal) (G1 Evacuation Pause) 7603M->6085M(8736M) 53,461ms
[256,969s][info][gc] GC(187) Pause Young (Normal) (G1 Evacuation Pause) 7613M->6167M(8736M) 53,304ms
[257,596s][info][gc] GC(188) Pause Young (Normal) (G1 Evacuation Pause) 7623M->6247M(8736M) 52,057ms
[258,195s][info][gc] GC(189) Pause Young (Normal) (G1 Evacuation Pause) 7639M->6313M(8736M) 49,402ms
[258,768s][info][gc] GC(190) Pause Young (Normal) (G1 Evacuation Pause) 7641M->6380M(9048M) 48,181ms
[259,512s][info][gc] GC(191) Pause Young (Normal) (G1 Evacuation Pause) 7884M->6460M(9048M) 49,883ms
[260,134s][info][gc] GC(192) Pause Young (Normal) (G1 Evacuation Pause) 7900M->6530M(9048M) 49,359ms
[260,730s][info][gc] GC(193) Pause Young (Normal) (G1 Evacuation Pause) 7914M->6602M(9048M) 49,665ms
[261,321s][info][gc] GC(194) Pause Young (Normal) (G1 Evacuation Pause) 7922M->6669M(9048M) 48,617ms
[261,893s][info][gc] GC(195) Pause Young (Normal) (G1 Evacuation Pause) 7933M->6738M(9344M) 46,584ms
[262,651s][info][gc] GC(196) Pause Young (Normal) (G1 Evacuation Pause) 8178M->6810M(9344M) 47,903ms
[263,259s][info][gc] GC(197) Pause Young (Normal) (G1 Evacuation Pause) 8186M->6883M(9344M) 47,347ms
[263,832s][info][gc] GC(198) Pause Young (Normal) (G1 Evacuation Pause) 8195M->6954M(9344M) 47,399ms
[264,377s][info][gc] GC(199) Pause Young (Normal) (G1 Evacuation Pause) 8202M->7027M(9344M) 45,334ms
[264,893s][info][gc] GC(200) Pause Young (Normal) (G1 Evacuation Pause) 8211M->7086M(9632M) 44,443ms
[265,582s][info][gc] GC(201) Pause Young (Normal) (G1 Evacuation Pause) 8446M->7157M(9632M) 45,318ms
[266,140s][info][gc] GC(202) Pause Young (Normal) (G1 Evacuation Pause) 8445M->7230M(9632M) 45,347ms
[266,676s][info][gc] GC(203) Pause Young (Normal) (G1 Evacuation Pause) 8462M->7296M(9632M) 45,709ms
[267,186s][info][gc] GC(204) Pause Young (Normal) (G1 Evacuation Pause) 8464M->7359M(9632M) 43,776ms
[267,671s][info][gc] GC(205) Pause Young (Normal) (G1 Evacuation Pause) 8471M->7421M(9904M) 42,033ms
[268,309s][info][gc] GC(206) Pause Young (Normal) (G1 Evacuation Pause) 8701M->7490M(9904M) 43,274ms
[268,834s][info][gc] GC(207) Pause Young (Normal) (G1 Evacuation Pause) 8706M->7561M(9904M) 42,644ms
[269,336s][info][gc] GC(208) Pause Young (Normal) (G1 Evacuation Pause) 8721M->7627M(9904M) 43,309ms
[269,813s][info][gc] GC(209) Pause Young (Normal) (G1 Evacuation Pause) 8731M->7687M(9904M) 41,272ms
[270,266s][info][gc] GC(210) Pause Young (Normal) (G1 Evacuation Pause) 8735M->7744M(10168M) 40,095ms
[270,866s][info][gc] GC(211) Pause Young (Normal) (G1 Evacuation Pause) 8944M->7818M(10168M) 41,066ms
[271,371s][info][gc] GC(212) Pause Young (Normal) (G1 Evacuation Pause) 8954M->7886M(10168M) 40,743ms
[271,838s][info][gc] GC(213) Pause Young (Normal) (G1 Evacuation Pause) 8966M->7938M(10168M) 40,508ms
[272,285s][info][gc] GC(214) Pause Young (Normal) (G1 Evacuation Pause) 8970M->8002M(10168M) 39,061ms
[272,709s][info][gc] GC(215) Pause Young (Normal) (G1 Evacuation Pause) 8978M->8060M(10424M) 37,960ms
[273,278s][info][gc] GC(216) Pause Young (Normal) (G1 Evacuation Pause) 9188M->8127M(10424M) 38,881ms
[273,744s][info][gc] GC(217) Pause Young (Normal) (G1 Evacuation Pause) 9199M->8181M(10424M) 38,770ms
[274,187s][info][gc] GC(218) Pause Young (Normal) (G1 Evacuation Pause) 9205M->8246M(10424M) 38,827ms
[274,603s][info][gc] GC(219) Pause Young (Normal) (G1 Evacuation Pause) 9206M->8303M(10424M) 37,027ms
[275,003s][info][gc] GC(220) Pause Young (Normal) (G1 Evacuation Pause) 9223M->8355M(10664M) 35,906ms
[275,540s][info][gc] GC(221) Pause Young (Normal) (G1 Evacuation Pause) 9411M->8420M(10664M) 37,297ms
[275,974s][info][gc] GC(222) Pause Young (Normal) (G1 Evacuation Pause) 9420M->8478M(10664M) 36,602ms
[276,384s][info][gc] GC(223) Pause Young (Normal) (G1 Evacuation Pause) 9430M->8541M(10664M) 28,089ms
[276,771s][info][gc] GC(224) Pause Young (Normal) (G1 Evacuation Pause) 9429M->8604M(10664M) 25,911ms
[277,159s][info][gc] GC(225) Pause Young (Normal) (G1 Evacuation Pause) 9444M->8660M(10664M) 25,052ms
[277,500s][info][gc] GC(226) Pause Young (Normal) (G1 Evacuation Pause) 9444M->8714M(10664M) 22,946ms
[277,822s][info][gc] GC(227) Pause Young (Normal) (G1 Evacuation Pause) 9458M->8770M(10664M) 21,847ms
[278,119s][info][gc] GC(228) Pause Young (Normal) (G1 Evacuation Pause) 9466M->8821M(10664M) 20,524ms
[278,398s][info][gc] GC(229) Pause Young (Normal) (G1 Evacuation Pause) 9477M->8869M(10664M) 19,365ms
[278,656s][info][gc] GC(230) Pause Young (Normal) (G1 Evacuation Pause) 9477M->8911M(10664M) 18,302ms
[278,901s][info][gc] GC(231) Pause Young (Normal) (G1 Evacuation Pause) 9487M->8957M(10664M) 17,505ms
[279,129s][info][gc] GC(232) Pause Young (Normal) (G1 Evacuation Pause) 9493M->8995M(10664M) 16,683ms
[279,341s][info][gc] GC(233) Pause Young (Normal) (G1 Evacuation Pause) 9491M->9031M(10664M) 15,403ms
[279,548s][info][gc] GC(234) Pause Young (Normal) (G1 Evacuation Pause) 9519M->9063M(10664M) 15,028ms
[279,748s][info][gc] GC(235) Pause Young (Normal) (G1 Evacuation Pause) 9519M->9096M(10664M) 19,649ms
[279,947s][info][gc] GC(236) Pause Young (Normal) (G1 Evacuation Pause) 9552M->9128M(10664M) 19,193ms
[280,146s][info][gc] GC(237) Pause Young (Normal) (G1 Evacuation Pause) 9584M->9158M(10664M) 18,988ms
[280,346s][info][gc] GC(238) Pause Young (Normal) (G1 Evacuation Pause) 9614M->9191M(10664M) 18,961ms
[280,545s][info][gc] GC(239) Pause Young (Normal) (G1 Evacuation Pause) 9647M->9220M(10952M) 19,533ms
[280,874s][info][gc] GC(240) Pause Young (Normal) (G1 Evacuation Pause) 9756M->9257M(10952M) 20,940ms
[281,093s][info][gc] GC(241) Pause Young (Normal) (G1 Evacuation Pause) 9753M->9291M(10952M) 20,659ms
[281,304s][info][gc] GC(242) Pause Young (Normal) (G1 Evacuation Pause) 9787M->9320M(10952M) 15,226ms
[281,511s][info][gc] GC(243) Pause Young (Normal) (G1 Evacuation Pause) 9792M->9352M(10952M) 20,166ms
[281,717s][info][gc] GC(244) Pause Young (Normal) (G1 Evacuation Pause) 9824M->9384M(10952M) 20,109ms
[281,924s][info][gc] GC(245) Pause Young (Normal) (G1 Evacuation Pause) 9856M->9420M(11232M) 19,989ms
[282,269s][info][gc] GC(246) Pause Young (Normal) (G1 Evacuation Pause) 9996M->9460M(11232M) 21,721ms
[282,511s][info][gc] GC(247) Pause Young (Normal) (G1 Evacuation Pause) 10004M->9497M(11232M) 21,592ms
[282,730s][info][gc] GC(248) Pause Young (Normal) (G1 Evacuation Pause) 10009M->9532M(11232M) 15,718ms
[282,951s][info][gc] GC(249) Pause Young (Normal) (G1 Evacuation Pause) 10052M->9571M(11232M) 15,232ms
[283,173s][info][gc] GC(250) Pause Young (Normal) (G1 Evacuation Pause) 10091M->9610M(11232M) 15,687ms
[283,390s][info][gc] GC(251) Pause Young (Normal) (G1 Evacuation Pause) 10122M->9647M(11232M) 15,302ms
[283,612s][info][gc] GC(252) Pause Young (Normal) (G1 Evacuation Pause) 10167M->9686M(11232M) 15,510ms
[283,835s][info][gc] GC(253) Pause Young (Normal) (G1 Evacuation Pause) 10206M->9725M(11232M) 15,543ms
[284,052s][info][gc] GC(254) Pause Young (Normal) (G1 Evacuation Pause) 10237M->9764M(11232M) 15,544ms
[284,270s][info][gc] GC(255) Pause Young (Normal) (G1 Evacuation Pause) 10276M->9799M(11232M) 15,439ms
[284,491s][info][gc] GC(256) Pause Young (Normal) (G1 Evacuation Pause) 10319M->9835M(11232M) 15,638ms
[284,712s][info][gc] GC(257) Pause Young (Concurrent Start) (G1 Evacuation Pause) 10355M->9874M(11232M) 15,864ms
[284,712s][info][gc] GC(258) Concurrent Mark Cycle
[284,953s][info][gc] GC(258) Pause Remark 10330M->5346M(11232M) 1,778ms
[284,999s][info][gc] GC(259) Pause Young (Normal) (G1 Evacuation Pause) 5410M->4928M(11232M) 15,983ms
[285,161s][info][gc] GC(258) Pause Cleanup 5312M->5312M(11232M) 0,431ms
[285,179s][info][gc] GC(258) Concurrent Mark Cycle 467,413ms
[286,849s][info][gc] GC(260) Pause Young (Prepare Mixed) (G1 Evacuation Pause) 9400M->5163M(11232M) 68,536ms
[287,017s][info][gc] GC(261) Pause Young (Mixed) (G1 Evacuation Pause) 5443M->4063M(11232M) 52,466ms
[287,238s][info][gc] GC(262) Pause Young (Mixed) (G1 Evacuation Pause) 4583M->2998M(11232M) 13,786ms
[287,456s][info][gc] GC(263) Pause Young (Mixed) (G1 Evacuation Pause) 3494M->1921M(11232M) 22,333ms
[287,684s][info][gc] GC(264) Pause Young (Mixed) (G1 Evacuation Pause) 2441M->1558M(11232M) 20,068ms
[290,411s][info][gc] GC(265) Pause Young (Normal) (G1 Evacuation Pause) 8222M->1853M(11232M) 91,122ms
[293,066s][info][gc] GC(266) Pause Young (Normal) (G1 Evacuation Pause) 8221M->1994M(11232M) 114,754ms
[295,675s][info][gc] GC(267) Pause Young (Normal) (G1 Evacuation Pause) 8218M->2049M(11232M) 127,575ms
[298,343s][info][gc] GC(268) Pause Young (Normal) (G1 Evacuation Pause) 8297M->2115M(11232M) 124,622ms
[300,960s][info][gc] GC(269) Pause Young (Normal) (G1 Evacuation Pause) 8363M->2187M(11232M) 133,391ms
[303,635s][info][gc] GC(270) Pause Young (Normal) (G1 Evacuation Pause) 8435M->2255M(11232M) 124,501ms
[306,253s][info][gc] GC(271) Pause Young (Normal) (G1 Evacuation Pause) 8511M->2331M(11232M) 124,049ms
[308,871s][info][gc] GC(272) Pause Young (Normal) (G1 Evacuation Pause) 8579M->2401M(11232M) 123,838ms
