[0.006s][info][gc] Using G1
[0,169s][info][gc] GC(0) Pause Young (Normal) (G1 Evacuation Pause) 29M->7M(514M) 1,826ms
[0,210s][info][gc] GC(1) Pause Young (Normal) (G1 Evacuation Pause) 51M->10M(514M) 2,382ms
[0,329s][info][gc] GC(2) Pause Young (Normal) (G1 Evacuation Pause) 149M->20M(514M) 5,861ms
[0,403s][info][gc] GC(3) Pause Young (Normal) (G1 Evacuation Pause) 157M->32M(514M) 10,452ms
[0,493s][info][gc] GC(4) Pause Young (Normal) (G1 Evacuation Pause) 201M->43M(514M) 7,206ms
[0,621s][info][gc] GC(5) Pause Young (Normal) (G1 Evacuation Pause) 270M->60M(514M) 10,859ms
[0,767s][info][gc] GC(6) Pause Young (Normal) (G1 Evacuation Pause) 337M->80M(514M) 12,960ms
[0,901s][info][gc] GC(7) Pause Young (Normal) (G1 Evacuation Pause) 349M->98M(543M) 14,426ms
[1,055s][info][gc] GC(8) Pause Young (Normal) (G1 Evacuation Pause) 402M->121M(543M) 9,025ms
[1,201s][info][gc] GC(9) Pause Young (Normal) (G1 Evacuation Pause) 405M->143M(543M) 15,919ms
[1,341s][info][gc] GC(10) Pause Young (Normal) (G1 Evacuation Pause) 435M->164M(543M) 10,307ms
[1,467s][info][gc] GC(11) Pause Young (Normal) (G1 Evacuation Pause) 441M->185M(543M) 10,390ms
[1,581s][info][gc] GC(12) Pause Young (Normal) (G1 Evacuation Pause) 444M->204M(543M) 9,258ms
[1,688s][info][gc] GC(13) Pause Young (Normal) (G1 Evacuation Pause) 446M->223M(566M) 8,370ms
[1,804s][info][gc] GC(14) Pause Young (Normal) (G1 Evacuation Pause) 467M->242M(566M) 8,081ms
[1,907s][info][gc] GC(15) Pause Young (Normal) (G1 Evacuation Pause) 470M->259M(566M) 7,800ms
[1,999s][info][gc] GC(16) Pause Young (Normal) (G1 Evacuation Pause) 472M->277M(566M) 7,368ms
[2,084s][info][gc] GC(17) Pause Young (Concurrent Start) (G1 Evacuation Pause) 475M->292M(566M) 7,352ms
[2,084s][info][gc] GC(18) Concurrent Mark Cycle
[2,158s][info][gc] GC(18) Pause Remark 451M->451M(755M) 1,648ms
[2,186s][info][gc] GC(19) Pause Young (Normal) (G1 Evacuation Pause) 477M->306M(755M) 7,993ms
[2,221s][info][gc] GC(18) Pause Cleanup 362M->362M(755M) 0,173ms
[2,223s][info][gc] GC(18) Concurrent Mark Cycle 138,773ms
[2,378s][info][gc] GC(20) Pause Young (Prepare Mixed) (G1 Evacuation Pause) 625M->328M(755M) 8,845ms
[2,390s][info][gc] GC(21) Pause Young (Mixed) (G1 Evacuation Pause) 331M->315M(755M) 10,038ms
[2,525s][info][gc] GC(22) Pause Young (Normal) (G1 Evacuation Pause) 626M->333M(755M) 6,929ms
[2,659s][info][gc] GC(23) Pause Young (Normal) (G1 Evacuation Pause) 628M->356M(755M) 10,302ms
[2,779s][info][gc] GC(24) Pause Young (Normal) (G1 Evacuation Pause) 632M->376M(838M) 9,872ms
[2,952s][info][gc] GC(25) Pause Young (Normal) (G1 Evacuation Pause) 699M->398M(838M) 9,970ms
[3,086s][info][gc] GC(26) Pause Young (Normal) (G1 Evacuation Pause) 703M->420M(838M) 13,064ms
[3,210s][info][gc] GC(27) Pause Young (Concurrent Start) (G1 Evacuation Pause) 706M->440M(838M) 9,699ms
[3,210s][info][gc] GC(28) Concurrent Mark Cycle
[3,311s][info][gc] GC(28) Pause Remark 661M->661M(1024M) 1,718ms
[3,359s][info][gc] GC(29) Pause Young (Normal) (G1 Evacuation Pause) 709M->460M(1024M) 10,991ms
[3,393s][info][gc] GC(28) Pause Cleanup 526M->526M(1024M) 0,334ms
[3,396s][info][gc] GC(28) Concurrent Mark Cycle 185,424ms
[3,570s][info][gc] GC(30) Pause Young (Prepare Mixed) (G1 Evacuation Pause) 851M->488M(1024M) 10,995ms
[3,590s][info][gc] GC(31) Pause Young (Mixed) (G1 Evacuation Pause) 491M->437M(1024M) 18,625ms
[3,614s][info][gc] GC(32) Pause Young (Mixed) (G1 Evacuation Pause) 483M->426M(1024M) 5,130ms
[3,790s][info][gc] GC(33) Pause Young (Normal) (G1 Evacuation Pause) 839M->455M(1024M) 8,715ms
[3,959s][info][gc] GC(34) Pause Young (Normal) (G1 Evacuation Pause) 848M->485M(1024M) 12,891ms
[4,118s][info][gc] GC(35) Pause Young (Normal) (G1 Evacuation Pause) 856M->510M(1024M) 11,727ms
[4,268s][info][gc] GC(36) Pause Young (Concurrent Start) (G1 Evacuation Pause) 861M->536M(1024M) 11,585ms
[4,268s][info][gc] GC(37) Concurrent Mark Cycle
[4,388s][info][gc] GC(37) Pause Remark 803M->803M(1024M) 0,949ms
[4,427s][info][gc] GC(38) Pause Young (Normal) (G1 Evacuation Pause) 866M->563M(1024M) 11,052ms
[4,485s][info][gc] GC(37) Pause Cleanup 700M->700M(1024M) 0,357ms
[4,487s][info][gc] GC(37) Concurrent Mark Cycle 219,199ms
[4,564s][info][gc] GC(39) Pause Young (Prepare Mixed) (G1 Evacuation Pause) 870M->587M(1024M) 10,411ms
[4,589s][info][gc] GC(40) Pause Young (Mixed) (G1 Evacuation Pause) 613M->533M(1024M) 14,149ms
[4,620s][info][gc] GC(41) Pause Young (Mixed) (G1 Evacuation Pause) 579M->492M(1024M) 12,192ms
[4,778s][info][gc] GC(42) Pause Young (Normal) (G1 Evacuation Pause) 860M->518M(1024M) 8,287ms
[4,953s][info][gc] GC(43) Pause Young (Normal) (G1 Evacuation Pause) 863M->545M(1024M) 11,951ms
[5,092s][info][gc] GC(44) Pause Young (Concurrent Start) (G1 Evacuation Pause) 867M->571M(1024M) 10,584ms
[5,092s][info][gc] GC(45) Concurrent Mark Cycle
[5,226s][info][gc] GC(45) Pause Remark 868M->868M(1024M) 0,754ms
[5,239s][info][gc] GC(46) Pause Young (Normal) (G1 Evacuation Pause) 871M->593M(1024M) 10,464ms
[5,336s][info][gc] GC(45) Pause Cleanup 820M->820M(1024M) 0,328ms
[5,337s][info][gc] GC(45) Concurrent Mark Cycle 245,428ms
[5,369s][info][gc] GC(47) Pause Young (Prepare Mixed) (G1 Evacuation Pause) 874M->614M(1024M) 9,699ms
[5,396s][info][gc] GC(48) Pause Young (Mixed) (G1 Evacuation Pause) 643M->566M(1024M) 14,711ms
[5,424s][info][gc] GC(49) Pause Young (Mixed) (G1 Evacuation Pause) 612M->546M(1024M) 9,324ms
[5,562s][info][gc] GC(50) Pause Young (Normal) (G1 Evacuation Pause) 867M->569M(1024M) 7,564ms
[5,694s][info][gc] GC(51) Pause Young (Normal) (G1 Evacuation Pause) 870M->593M(1024M) 10,828ms
[5,815s][info][gc] GC(52) Pause Young (Concurrent Start) (G1 Evacuation Pause) 874M->614M(1024M) 9,495ms
[5,815s][info][gc] GC(53) Concurrent Mark Cycle
[5,942s][info][gc] GC(54) Pause Young (Normal) (G1 Evacuation Pause) 876M->633M(1024M) 9,141ms
[5,969s][info][gc] GC(53) Pause Remark 692M->692M(1024M) 0,956ms
[6,058s][info][gc] GC(55) Pause Young (Normal) (G1 Evacuation Pause) 879M->653M(1024M) 8,791ms
[6,088s][info][gc] GC(53) Pause Cleanup 723M->723M(1024M) 0,306ms
[6,090s][info][gc] GC(53) Concurrent Mark Cycle 274,841ms
[6,163s][info][gc] GC(56) Pause Young (Prepare Mixed) (G1 Evacuation Pause) 882M->671M(1024M) 8,289ms
[6,190s][info][gc] GC(57) Pause Young (Mixed) (G1 Evacuation Pause) 703M->619M(1024M) 14,300ms
[6,223s][info][gc] GC(58) Pause Young (Mixed) (G1 Evacuation Pause) 666M->580M(1024M) 13,212ms
[6,348s][info][gc] GC(59) Pause Young (Normal) (G1 Evacuation Pause) 872M->601M(1024M) 7,055ms
[6,468s][info][gc] GC(60) Pause Young (Normal) (G1 Evacuation Pause) 875M->621M(1024M) 10,144ms
[6,579s][info][gc] GC(61) Pause Young (Concurrent Start) (G1 Evacuation Pause) 877M->642M(1024M) 8,915ms
[6,579s][info][gc] GC(62) Concurrent Mark Cycle
[6,695s][info][gc] GC(63) Pause Young (Normal) (G1 Evacuation Pause) 880M->660M(1024M) 8,389ms
[6,743s][info][gc] GC(62) Pause Remark 763M->763M(1024M) 1,011ms
[6,803s][info][gc] GC(64) Pause Young (Normal) (G1 Evacuation Pause) 883M->677M(1024M) 8,178ms
[6,869s][info][gc] GC(62) Pause Cleanup 831M->831M(1024M) 0,265ms
[6,870s][info][gc] GC(62) Concurrent Mark Cycle 290,547ms
[6,899s][info][gc] GC(65) Pause Young (Prepare Mixed) (G1 Evacuation Pause) 885M->694M(1024M) 7,621ms
[6,928s][info][gc] GC(66) Pause Young (Mixed) (G1 Evacuation Pause) 728M->645M(1024M) 14,448ms
[6,961s][info][gc] GC(67) Pause Young (Mixed) (G1 Evacuation Pause) 692M->607M(1024M) 14,026ms
[6,983s][info][gc] GC(68) Pause Young (Mixed) (G1 Evacuation Pause) 651M->608M(1024M) 4,449ms
[7,099s][info][gc] GC(69) Pause Young (Normal) (G1 Evacuation Pause) 876M->627M(1024M) 6,831ms
[7,207s][info][gc] GC(70) Pause Young (Normal) (G1 Evacuation Pause) 877M->646M(1024M) 9,710ms
[7,308s][info][gc] GC(71) Pause Young (Concurrent Start) (G1 Evacuation Pause) 881M->665M(1024M) 8,179ms
[7,308s][info][gc] GC(72) Concurrent Mark Cycle
[7,415s][info][gc] GC(73) Pause Young (Normal) (G1 Evacuation Pause) 883M->682M(1024M) 7,703ms
[7,479s][info][gc] GC(72) Pause Remark 821M->821M(1024M) 0,747ms
[7,515s][info][gc] GC(74) Pause Young (Normal) (G1 Evacuation Pause) 886M->699M(1024M) 7,636ms
[7,604s][info][gc] GC(75) Pause Young (Normal) (G1 Evacuation Pause) 888M->713M(1024M) 7,228ms
[7,616s][info][gc] GC(72) Pause Cleanup 740M->740M(1024M) 0,332ms
[7,617s][info][gc] GC(72) Concurrent Mark Cycle 308,972ms
[7,685s][info][gc] GC(76) Pause Young (Prepare Mixed) (G1 Evacuation Pause) 890M->727M(1024M) 6,790ms
[7,714s][info][gc] GC(77) Pause Young (Mixed) (G1 Evacuation Pause) 764M->678M(1024M) 14,074ms
[7,747s][info][gc] GC(78) Pause Young (Mixed) (G1 Evacuation Pause) 724M->638M(1024M) 13,801ms
[7,770s][info][gc] GC(79) Pause Young (Mixed) (G1 Evacuation Pause) 682M->635M(1024M) 5,700ms
[7,876s][info][gc] GC(80) Pause Young (Normal) (G1 Evacuation Pause) 879M->653M(1024M) 6,410ms
[7,977s][info][gc] GC(81) Pause Young (Normal) (G1 Evacuation Pause) 882M->670M(1024M) 9,123ms
[8,069s][info][gc] GC(82) Pause Young (Concurrent Start) (G1 Evacuation Pause) 883M->686M(1024M) 7,713ms
[8,069s][info][gc] GC(83) Concurrent Mark Cycle
[8,166s][info][gc] GC(84) Pause Young (Normal) (G1 Evacuation Pause) 886M->702M(1024M) 7,246ms
[8,245s][info][gc] GC(83) Pause Remark 873M->873M(1024M) 1,026ms
[8,259s][info][gc] GC(85) Pause Young (Normal) (G1 Evacuation Pause) 888M->718M(1024M) 7,252ms
[8,339s][info][gc] GC(86) Pause Young (Normal) (G1 Evacuation Pause) 891M->731M(1024M) 6,842ms
[8,385s][info][gc] GC(83) Pause Cleanup 839M->839M(1024M) 0,320ms
[8,387s][info][gc] GC(83) Concurrent Mark Cycle 317,746ms
[8,414s][info][gc] GC(87) Pause Young (Prepare Mixed) (G1 Evacuation Pause) 892M->745M(1024M) 6,466ms
[8,444s][info][gc] GC(88) Pause Young (Mixed) (G1 Evacuation Pause) 782M->694M(1024M) 13,879ms
[8,476s][info][gc] GC(89) Pause Young (Mixed) (G1 Evacuation Pause) 741M->654M(1024M) 13,306ms
[8,502s][info][gc] GC(90) Pause Young (Mixed) (G1 Evacuation Pause) 698M->645M(1024M) 7,568ms
[8,606s][info][gc] GC(91) Pause Young (Normal) (G1 Evacuation Pause) 881M->662M(1024M) 6,240ms
[8,703s][info][gc] GC(92) Pause Young (Normal) (G1 Evacuation Pause) 882M->680M(1024M) 8,773ms
[8,792s][info][gc] GC(93) Pause Young (Concurrent Start) (G1 Evacuation Pause) 885M->696M(1024M) 7,380ms
[8,792s][info][gc] GC(94) Concurrent Mark Cycle
[8,886s][info][gc] GC(95) Pause Young (Normal) (G1 Evacuation Pause) 888M->710M(1024M) 6,948ms
[8,974s][info][gc] GC(96) Pause Young (Normal) (G1 Evacuation Pause) 890M->725M(1024M) 6,716ms
[8,979s][info][gc] GC(94) Pause Remark 735M->735M(1024M) 0,988ms
[9,053s][info][gc] GC(97) Pause Young (Normal) (G1 Evacuation Pause) 892M->739M(1024M) 6,607ms
[9,126s][info][gc] GC(98) Pause Young (Normal) (G1 Evacuation Pause) 894M->751M(1024M) 6,378ms
[9,127s][info][gc] GC(94) Pause Cleanup 752M->752M(1024M) 0,324ms
[9,128s][info][gc] GC(94) Concurrent Mark Cycle 336,324ms
[9,190s][info][gc] GC(99) Pause Young (Prepare Mixed) (G1 Evacuation Pause) 895M->762M(1024M) 5,920ms
[9,220s][info][gc] GC(100) Pause Young (Mixed) (G1 Evacuation Pause) 801M->714M(1024M) 13,887ms
[9,254s][info][gc] GC(101) Pause Young (Mixed) (G1 Evacuation Pause) 761M->673M(1024M) 13,809ms
[9,279s][info][gc] GC(102) Pause Young (Mixed) (G1 Evacuation Pause) 717M->667M(1024M) 6,975ms
[9,374s][info][gc] GC(103) Pause Young (Normal) (G1 Evacuation Pause) 884M->683M(1024M) 6,101ms
[9,464s][info][gc] GC(104) Pause Young (Normal) (G1 Evacuation Pause) 886M->699M(1024M) 8,308ms
[9,546s][info][gc] GC(105) Pause Young (Concurrent Start) (G1 Evacuation Pause) 888M->713M(1024M) 6,919ms
[9,546s][info][gc] GC(106) Concurrent Mark Cycle
[9,633s][info][gc] GC(107) Pause Young (Normal) (G1 Evacuation Pause) 890M->727M(1024M) 6,629ms
[9,714s][info][gc] GC(108) Pause Young (Normal) (G1 Evacuation Pause) 891M->741M(1024M) 6,186ms
[9,738s][info][gc] GC(106) Pause Remark 791M->791M(1024M) 0,987ms
[9,788s][info][gc] GC(109) Pause Young (Normal) (G1 Evacuation Pause) 894M->753M(1024M) 6,244ms
[9,854s][info][gc] GC(110) Pause Young (Normal) (G1 Evacuation Pause) 895M->764M(1024M) 5,944ms
[9,883s][info][gc] GC(106) Pause Cleanup 830M->830M(1024M) 0,308ms
[9,884s][info][gc] GC(106) Concurrent Mark Cycle 337,727ms
[9,917s][info][gc] GC(111) Pause Young (Prepare Mixed) (G1 Evacuation Pause) 897M->775M(1024M) 5,641ms
[9,947s][info][gc] GC(112) Pause Young (Mixed) (G1 Evacuation Pause) 815M->726M(1024M) 13,845ms
[9,980s][info][gc] GC(113) Pause Young (Mixed) (G1 Evacuation Pause) 772M->686M(1024M) 13,467ms
[10,007s][info][gc] GC(114) Pause Young (Mixed) (G1 Evacuation Pause) 730M->670M(1024M) 9,593ms
[10,101s][info][gc] GC(115) Pause Young (Normal) (G1 Evacuation Pause) 884M->686M(1024M) 5,944ms
[10,192s][info][gc] GC(116) Pause Young (Normal) (G1 Evacuation Pause) 886M->701M(1024M) 8,351ms
[10,275s][info][gc] GC(117) Pause Young (Concurrent Start) (G1 Evacuation Pause) 888M->715M(1024M) 6,864ms
[10,276s][info][gc] GC(118) Concurrent Mark Cycle
[10,361s][info][gc] GC(119) Pause Young (Normal) (G1 Evacuation Pause) 889M->729M(1024M) 6,434ms
[10,441s][info][gc] GC(120) Pause Young (Normal) (G1 Evacuation Pause) 892M->743M(1024M) 6,192ms
[10,470s][info][gc] GC(118) Pause Remark 805M->805M(1024M) 0,845ms
[10,514s][info][gc] GC(121) Pause Young (Normal) (G1 Evacuation Pause) 894M->754M(1024M) 6,239ms
[10,581s][info][gc] GC(122) Pause Young (Normal) (G1 Evacuation Pause) 896M->766M(1024M) 6,032ms
[10,615s][info][gc] GC(118) Pause Cleanup 846M->846M(1024M) 0,354ms
[10,617s][info][gc] GC(118) Concurrent Mark Cycle 341,101ms
[10,642s][info][gc] GC(123) Pause Young (Prepare Mixed) (G1 Evacuation Pause) 897M->776M(1024M) 5,598ms
[10,673s][info][gc] GC(124) Pause Young (Mixed) (G1 Evacuation Pause) 816M->730M(1024M) 14,501ms
[10,706s][info][gc] GC(125) Pause Young (Mixed) (G1 Evacuation Pause) 777M->692M(1024M) 13,767ms
[10,732s][info][gc] GC(126) Pause Young (Mixed) (G1 Evacuation Pause) 736M->680M(1024M) 8,452ms
[10,822s][info][gc] GC(127) Pause Young (Normal) (G1 Evacuation Pause) 885M->695M(1024M) 5,908ms
[10,907s][info][gc] GC(128) Pause Young (Normal) (G1 Evacuation Pause) 887M->710M(1024M) 8,177ms
[10,988s][info][gc] GC(129) Pause Young (Concurrent Start) (G1 Evacuation Pause) 890M->724M(1024M) 6,682ms
[10,988s][info][gc] GC(130) Concurrent Mark Cycle
[11,070s][info][gc] GC(131) Pause Young (Normal) (G1 Evacuation Pause) 891M->738M(1024M) 6,244ms
[11,147s][info][gc] GC(132) Pause Young (Normal) (G1 Evacuation Pause) 893M->751M(1024M) 5,983ms
[11,185s][info][gc] GC(130) Pause Remark 833M->833M(1024M) 0,815ms
[11,218s][info][gc] GC(133) Pause Young (Normal) (G1 Evacuation Pause) 895M->762M(1024M) 6,005ms
[11,281s][info][gc] GC(134) Pause Young (Normal) (G1 Evacuation Pause) 897M->773M(1024M) 5,696ms
[11,330s][info][gc] GC(130) Pause Cleanup 887M->887M(1024M) 0,346ms
[11,331s][info][gc] GC(130) Concurrent Mark Cycle 343,456ms
[11,340s][info][gc] GC(135) Pause Young (Prepare Mixed) (G1 Evacuation Pause) 898M->783M(1024M) 5,357ms
[11,371s][info][gc] GC(136) Pause Young (Mixed) (G1 Evacuation Pause) 823M->736M(1024M) 14,174ms
[11,405s][info][gc] GC(137) Pause Young (Mixed) (G1 Evacuation Pause) 783M->698M(1024M) 13,927ms
[11,433s][info][gc] GC(138) Pause Young (Mixed) (G1 Evacuation Pause) 742M->685M(1024M) 9,453ms
[11,521s][info][gc] GC(139) Pause Young (Normal) (G1 Evacuation Pause) 886M->699M(1024M) 5,804ms
[11,604s][info][gc] GC(140) Pause Young (Normal) (G1 Evacuation Pause) 887M->714M(1024M) 7,960ms
[11,681s][info][gc] GC(141) Pause Young (Concurrent Start) (G1 Evacuation Pause) 890M->728M(1024M) 6,633ms
[11,681s][info][gc] GC(142) Concurrent Mark Cycle
[11,763s][info][gc] GC(143) Pause Young (Normal) (G1 Evacuation Pause) 892M->741M(1024M) 6,295ms
[11,837s][info][gc] GC(144) Pause Young (Normal) (G1 Evacuation Pause) 893M->754M(1024M) 5,689ms
[11,880s][info][gc] GC(142) Pause Remark 847M->847M(1024M) 0,832ms
[11,907s][info][gc] GC(145) Pause Young (Normal) (G1 Evacuation Pause) 896M->765M(1024M) 6,039ms
[11,969s][info][gc] GC(146) Pause Young (Normal) (G1 Evacuation Pause) 897M->776M(1024M) 5,832ms
[12,028s][info][gc] GC(147) Pause Young (Normal) (G1 Evacuation Pause) 899M->786M(1024M) 5,470ms
[12,032s][info][gc] GC(142) Pause Cleanup 795M->795M(1024M) 0,394ms
[12,033s][info][gc] GC(142) Concurrent Mark Cycle 352,427ms
[12,081s][info][gc] GC(148) Pause Young (Prepare Mixed) (G1 Evacuation Pause) 900M->795M(1024M) 5,053ms
[12,112s][info][gc] GC(149) Pause Young (Mixed) (G1 Evacuation Pause) 836M->748M(1024M) 14,173ms
[12,145s][info][gc] GC(150) Pause Young (Mixed) (G1 Evacuation Pause) 795M->709M(1024M) 13,893ms
[12,172s][info][gc] GC(151) Pause Young (Mixed) (G1 Evacuation Pause) 753M->696M(1024M) 9,080ms
[12,257s][info][gc] GC(152) Pause Young (Normal) (G1 Evacuation Pause) 888M->710M(1024M) 5,658ms
[12,338s][info][gc] GC(153) Pause Young (Normal) (G1 Evacuation Pause) 890M->724M(1024M) 7,701ms
[12,411s][info][gc] GC(154) Pause Young (Concurrent Start) (G1 Evacuation Pause) 891M->738M(1024M) 6,391ms
[12,411s][info][gc] GC(155) Concurrent Mark Cycle
[12,487s][info][gc] GC(156) Pause Young (Normal) (G1 Evacuation Pause) 893M->750M(1024M) 5,996ms
[12,558s][info][gc] GC(157) Pause Young (Normal) (G1 Evacuation Pause) 895M->761M(1024M) 5,709ms
[12,610s][info][gc] GC(155) Pause Remark 873M->873M(1024M) 0,839ms
[12,627s][info][gc] GC(158) Pause Young (Normal) (G1 Evacuation Pause) 897M->772M(1024M) 5,839ms
[12,686s][info][gc] GC(159) Pause Young (Normal) (G1 Evacuation Pause) 897M->782M(1024M) 5,625ms
[12,741s][info][gc] GC(160) Pause Young (Normal) (G1 Evacuation Pause) 899M->791M(1024M) 5,273ms
[12,763s][info][gc] GC(155) Pause Cleanup 840M->840M(1024M) 0,449ms
[12,764s][info][gc] GC(155) Concurrent Mark Cycle 353,310ms
[12,794s][info][gc] GC(161) Pause Young (Prepare Mixed) (G1 Evacuation Pause) 901M->800M(1024M) 4,960ms
[12,825s][info][gc] GC(162) Pause Young (Mixed) (G1 Evacuation Pause) 842M->753M(1024M) 13,867ms
[12,858s][info][gc] GC(163) Pause Young (Mixed) (G1 Evacuation Pause) 800M->716M(1024M) 13,704ms
[12,887s][info][gc] GC(164) Pause Young (Mixed) (G1 Evacuation Pause) 760M->698M(1024M) 10,490ms
[12,972s][info][gc] GC(165) Pause Young (Normal) (G1 Evacuation Pause) 888M->712M(1024M) 5,454ms
[13,052s][info][gc] GC(166) Pause Young (Normal) (G1 Evacuation Pause) 890M->726M(1024M) 7,673ms
[13,124s][info][gc] GC(167) Pause Young (Concurrent Start) (G1 Evacuation Pause) 891M->740M(1024M) 6,240ms
[13,124s][info][gc] GC(168) Concurrent Mark Cycle
[13,200s][info][gc] GC(169) Pause Young (Normal) (G1 Evacuation Pause) 894M->752M(1024M) 6,097ms
[13,270s][info][gc] GC(170) Pause Young (Normal) (G1 Evacuation Pause) 895M->763M(1024M) 5,533ms
[13,325s][info][gc] GC(168) Pause Remark 882M->882M(1024M) 0,874ms
[13,339s][info][gc] GC(171) Pause Young (Normal) (G1 Evacuation Pause) 897M->774M(1024M) 5,760ms
[13,397s][info][gc] GC(172) Pause Young (Normal) (G1 Evacuation Pause) 898M->783M(1024M) 5,599ms
[13,454s][info][gc] GC(173) Pause Young (Normal) (G1 Evacuation Pause) 899M->793M(1024M) 5,566ms
[13,481s][info][gc] GC(168) Pause Cleanup 853M->853M(1024M) 0,369ms
[13,482s][info][gc] GC(168) Concurrent Mark Cycle 358,510ms
[13,507s][info][gc] GC(174) Pause Young (Prepare Mixed) (G1 Evacuation Pause) 901M->801M(1024M) 4,921ms
[13,539s][info][gc] GC(175) Pause Young (Mixed) (G1 Evacuation Pause) 843M->755M(1024M) 14,065ms
[13,574s][info][gc] GC(176) Pause Young (Mixed) (G1 Evacuation Pause) 802M->717M(1024M) 13,864ms
[13,603s][info][gc] GC(177) Pause Young (Mixed) (G1 Evacuation Pause) 761M->701M(1024M) 9,699ms
[13,689s][info][gc] GC(178) Pause Young (Normal) (G1 Evacuation Pause) 888M->714M(1024M) 5,446ms
[13,768s][info][gc] GC(179) Pause Young (Normal) (G1 Evacuation Pause) 889M->729M(1024M) 7,705ms
[13,842s][info][gc] GC(180) Pause Young (Concurrent Start) (G1 Evacuation Pause) 892M->742M(1024M) 6,337ms
[13,842s][info][gc] GC(181) Concurrent Mark Cycle
[13,917s][info][gc] GC(182) Pause Young (Normal) (G1 Evacuation Pause) 894M->754M(1024M) 5,904ms
[13,986s][info][gc] GC(183) Pause Young (Normal) (G1 Evacuation Pause) 895M->766M(1024M) 5,553ms
[14,045s][info][gc] GC(181) Pause Remark 892M->892M(1024M) 0,765ms
[14,053s][info][gc] GC(184) Pause Young (Normal) (G1 Evacuation Pause) 897M->776M(1024M) 5,593ms
[14,111s][info][gc] GC(185) Pause Young (Normal) (G1 Evacuation Pause) 899M->786M(1024M) 5,432ms
[14,165s][info][gc] GC(186) Pause Young (Normal) (G1 Evacuation Pause) 900M->795M(1024M) 5,285ms
[14,198s][info][gc] GC(181) Pause Cleanup 872M->872M(1024M) 0,349ms
[14,199s][info][gc] GC(181) Concurrent Mark Cycle 357,049ms
[14,215s][info][gc] GC(187) Pause Young (Prepare Mixed) (G1 Evacuation Pause) 900M->803M(1024M) 4,797ms
[14,247s][info][gc] GC(188) Pause Young (Mixed) (G1 Evacuation Pause) 845M->758M(1024M) 14,540ms
[14,280s][info][gc] GC(189) Pause Young (Mixed) (G1 Evacuation Pause) 805M->721M(1024M) 13,745ms
[14,308s][info][gc] GC(190) Pause Young (Mixed) (G1 Evacuation Pause) 765M->704M(1024M) 10,066ms
[14,390s][info][gc] GC(191) Pause Young (Normal) (G1 Evacuation Pause) 889M->717M(1024M) 5,467ms
[14,468s][info][gc] GC(192) Pause Young (Normal) (G1 Evacuation Pause) 890M->731M(1024M) 7,615ms
[14,539s][info][gc] GC(193) Pause Young (Concurrent Start) (G1 Evacuation Pause) 892M->744M(1024M) 6,333ms
[14,539s][info][gc] GC(194) Concurrent Mark Cycle
[14,613s][info][gc] GC(195) Pause Young (Normal) (G1 Evacuation Pause) 894M->756M(1024M) 5,725ms
[14,682s][info][gc] GC(196) Pause Young (Normal) (G1 Evacuation Pause) 896M->767M(1024M) 5,437ms
[14,743s][info][gc] GC(194) Pause Remark 897M->897M(1024M) 0,740ms
[14,750s][info][gc] GC(197) Pause Young (Normal) (G1 Evacuation Pause) 897M->777M(1024M) 5,364ms
[14,808s][info][gc] GC(198) Pause Young (Normal) (G1 Evacuation Pause) 899M->787M(1024M) 5,330ms
[14,861s][info][gc] GC(199) Pause Young (Normal) (G1 Evacuation Pause) 900M->796M(1024M) 5,186ms
[14,897s][info][gc] GC(194) Pause Cleanup 880M->880M(1024M) 0,358ms
[14,899s][info][gc] GC(194) Concurrent Mark Cycle 359,657ms
[14,911s][info][gc] GC(200) Pause Young (Prepare Mixed) (G1 Evacuation Pause) 900M->805M(1024M) 4,824ms
[14,943s][info][gc] GC(201) Pause Young (Mixed) (G1 Evacuation Pause) 847M->759M(1024M) 14,474ms
[14,977s][info][gc] GC(202) Pause Young (Mixed) (G1 Evacuation Pause) 806M->723M(1024M) 14,009ms
[15,006s][info][gc] GC(203) Pause Young (Mixed) (G1 Evacuation Pause) 767M->707M(1024M) 9,914ms
[15,086s][info][gc] GC(204) Pause Young (Normal) (G1 Evacuation Pause) 889M->720M(1024M) 5,317ms
[15,161s][info][gc] GC(205) Pause Young (Normal) (G1 Evacuation Pause) 890M->734M(1024M) 7,466ms
[15,230s][info][gc] GC(206) Pause Young (Concurrent Start) (G1 Evacuation Pause) 892M->747M(1024M) 5,989ms
[15,230s][info][gc] GC(207) Concurrent Mark Cycle
[15,303s][info][gc] GC(208) Pause Young (Normal) (G1 Evacuation Pause) 895M->757M(1024M) 5,646ms
[15,371s][info][gc] GC(209) Pause Young (Normal) (G1 Evacuation Pause) 895M->769M(1024M) 5,356ms
[15,435s][info][gc] GC(210) Pause Young (Normal) (G1 Evacuation Pause) 898M->780M(1024M) 5,158ms
[15,440s][info][gc] GC(207) Pause Remark 788M->788M(1024M) 0,883ms
[15,498s][info][gc] GC(211) Pause Young (Normal) (G1 Evacuation Pause) 899M->788M(1024M) 5,448ms
[15,555s][info][gc] GC(212) Pause Young (Normal) (G1 Evacuation Pause) 899M->797M(1024M) 4,897ms
[15,599s][info][gc] GC(207) Pause Cleanup 895M->895M(1024M) 0,280ms
[15,600s][info][gc] GC(207) Concurrent Mark Cycle 369,455ms
[15,606s][info][gc] GC(213) Pause Young (Prepare Mixed) (G1 Evacuation Pause) 901M->806M(1024M) 4,494ms
[15,639s][info][gc] GC(214) Pause Young (Mixed) (G1 Evacuation Pause) 848M->760M(1024M) 14,454ms
[15,674s][info][gc] GC(215) Pause Young (Mixed) (G1 Evacuation Pause) 807M->723M(1024M) 13,616ms
[15,703s][info][gc] GC(216) Pause Young (Mixed) (G1 Evacuation Pause) 767M->707M(1024M) 9,619ms
[15,787s][info][gc] GC(217) Pause Young (Normal) (G1 Evacuation Pause) 889M->721M(1024M) 5,265ms
[15,865s][info][gc] GC(218) Pause Young (Normal) (G1 Evacuation Pause) 891M->735M(1024M) 7,374ms
[15,937s][info][gc] GC(219) Pause Young (Concurrent Start) (G1 Evacuation Pause) 892M->748M(1024M) 6,030ms
[15,937s][info][gc] GC(220) Concurrent Mark Cycle
[16,009s][info][gc] GC(221) Pause Young (Normal) (G1 Evacuation Pause) 895M->759M(1024M) 5,523ms
[16,077s][info][gc] GC(222) Pause Young (Normal) (G1 Evacuation Pause) 896M->770M(1024M) 5,435ms
[16,141s][info][gc] GC(223) Pause Young (Normal) (G1 Evacuation Pause) 898M->781M(1024M) 5,067ms
[16,147s][info][gc] GC(220) Pause Remark 793M->793M(1024M) 0,811ms
[16,198s][info][gc] GC(224) Pause Young (Normal) (G1 Evacuation Pause) 899M->790M(1024M) 5,251ms
[16,250s][info][gc] GC(225) Pause Young (Normal) (G1 Evacuation Pause) 901M->799M(1024M) 4,914ms
[16,300s][info][gc] GC(226) Pause Young (Normal) (G1 Evacuation Pause) 902M->807M(1024M) 4,766ms
[16,301s][info][gc] GC(220) Pause Cleanup 809M->809M(1024M) 0,289ms
[16,302s][info][gc] GC(220) Concurrent Mark Cycle 365,225ms
[16,346s][info][gc] GC(227) Pause Young (Prepare Mixed) (G1 Evacuation Pause) 903M->815M(1024M) 4,552ms
[16,378s][info][gc] GC(228) Pause Young (Mixed) (G1 Evacuation Pause) 858M->768M(1024M) 14,243ms
[16,412s][info][gc] GC(229) Pause Young (Mixed) (G1 Evacuation Pause) 815M->731M(1024M) 14,325ms
[16,440s][info][gc] GC(230) Pause Young (Mixed) (G1 Evacuation Pause) 775M->714M(1024M) 10,357ms
[16,517s][info][gc] GC(231) Pause Young (Normal) (G1 Evacuation Pause) 890M->727M(1024M) 5,325ms
[16,591s][info][gc] GC(232) Pause Young (Normal) (G1 Evacuation Pause) 892M->741M(1024M) 7,417ms
[16,659s][info][gc] GC(233) Pause Young (Concurrent Start) (G1 Evacuation Pause) 894M->754M(1024M) 5,919ms
[16,659s][info][gc] GC(234) Concurrent Mark Cycle
[16,729s][info][gc] GC(235) Pause Young (Normal) (G1 Evacuation Pause) 896M->765M(1024M) 5,508ms
[16,795s][info][gc] GC(236) Pause Young (Normal) (G1 Evacuation Pause) 897M->776M(1024M) 5,264ms
[16,856s][info][gc] GC(237) Pause Young (Normal) (G1 Evacuation Pause) 899M->786M(1024M) 4,900ms
[16,871s][info][gc] GC(234) Pause Remark 816M->816M(1024M) 0,873ms
[16,912s][info][gc] GC(238) Pause Young (Normal) (G1 Evacuation Pause) 900M->795M(1024M) 4,969ms
[16,963s][info][gc] GC(239) Pause Young (Normal) (G1 Evacuation Pause) 900M->803M(1024M) 4,902ms
[17,013s][info][gc] GC(240) Pause Young (Normal) (G1 Evacuation Pause) 901M->811M(1024M) 4,713ms
[17,025s][info][gc] GC(234) Pause Cleanup 838M->838M(1024M) 0,385ms
[17,026s][info][gc] GC(234) Concurrent Mark Cycle 366,913ms
[17,056s][info][gc] GC(241) Pause Young (Prepare Mixed) (G1 Evacuation Pause) 903M->818M(1024M) 4,518ms
[17,088s][info][gc] GC(242) Pause Young (Mixed) (G1 Evacuation Pause) 861M->772M(1024M) 14,139ms
[17,122s][info][gc] GC(243) Pause Young (Mixed) (G1 Evacuation Pause) 819M->734M(1024M) 14,208ms
[17,151s][info][gc] GC(244) Pause Young (Mixed) (G1 Evacuation Pause) 778M->714M(1024M) 11,085ms
[17,229s][info][gc] GC(245) Pause Young (Normal) (G1 Evacuation Pause) 890M->727M(1024M) 5,257ms
[17,302s][info][gc] GC(246) Pause Young (Normal) (G1 Evacuation Pause) 892M->741M(1024M) 7,255ms
[17,370s][info][gc] GC(247) Pause Young (Concurrent Start) (G1 Evacuation Pause) 894M->754M(1024M) 5,838ms
[17,370s][info][gc] GC(248) Concurrent Mark Cycle
[17,440s][info][gc] GC(249) Pause Young (Normal) (G1 Evacuation Pause) 896M->764M(1024M) 5,536ms
[17,510s][info][gc] GC(250) Pause Young (Normal) (G1 Evacuation Pause) 897M->776M(1024M) 5,141ms
[17,571s][info][gc] GC(251) Pause Young (Normal) (G1 Evacuation Pause) 899M->786M(1024M) 4,919ms
[17,585s][info][gc] GC(248) Pause Remark 815M->815M(1024M) 0,932ms
[17,627s][info][gc] GC(252) Pause Young (Normal) (G1 Evacuation Pause) 900M->794M(1024M) 5,121ms
[17,678s][info][gc] GC(253) Pause Young (Normal) (G1 Evacuation Pause) 901M->803M(1024M) 4,941ms
[17,724s][info][gc] GC(254) Pause Young (Normal) (G1 Evacuation Pause) 901M->811M(1024M) 4,776ms
[17,739s][info][gc] GC(248) Pause Cleanup 845M->845M(1024M) 0,355ms
[17,740s][info][gc] GC(248) Concurrent Mark Cycle 370,178ms
[17,768s][info][gc] GC(255) Pause Young (Prepare Mixed) (G1 Evacuation Pause) 903M->819M(1024M) 4,443ms
[17,800s][info][gc] GC(256) Pause Young (Mixed) (G1 Evacuation Pause) 862M->772M(1024M) 14,169ms
[17,834s][info][gc] GC(257) Pause Young (Mixed) (G1 Evacuation Pause) 819M->735M(1024M) 13,979ms
[17,862s][info][gc] GC(258) Pause Young (Mixed) (G1 Evacuation Pause) 779M->719M(1024M) 9,922ms
[17,938s][info][gc] GC(259) Pause Young (Normal) (G1 Evacuation Pause) 891M->732M(1024M) 5,183ms
[18,012s][info][gc] GC(260) Pause Young (Normal) (G1 Evacuation Pause) 893M->745M(1024M) 7,230ms
[18,077s][info][gc] GC(261) Pause Young (Concurrent Start) (G1 Evacuation Pause) 894M->757M(1024M) 5,827ms
[18,078s][info][gc] GC(262) Concurrent Mark Cycle
[18,146s][info][gc] GC(263) Pause Young (Normal) (G1 Evacuation Pause) 896M->767M(1024M) 5,549ms
[18,211s][info][gc] GC(264) Pause Young (Normal) (G1 Evacuation Pause) 897M->778M(1024M) 5,105ms
[18,270s][info][gc] GC(265) Pause Young (Normal) (G1 Evacuation Pause) 899M->788M(1024M) 4,876ms
[18,289s][info][gc] GC(262) Pause Remark 827M->827M(1024M) 0,821ms
[18,326s][info][gc] GC(266) Pause Young (Normal) (G1 Evacuation Pause) 900M->797M(1024M) 5,028ms
[18,375s][info][gc] GC(267) Pause Young (Normal) (G1 Evacuation Pause) 901M->805M(1024M) 4,843ms
[18,422s][info][gc] GC(268) Pause Young (Normal) (G1 Evacuation Pause) 903M->813M(1024M) 4,912ms
[18,443s][info][gc] GC(262) Pause Cleanup 863M->863M(1024M) 0,337ms
[18,445s][info][gc] GC(262) Concurrent Mark Cycle 367,116ms
[18,465s][info][gc] GC(269) Pause Young (Prepare Mixed) (G1 Evacuation Pause) 904M->820M(1024M) 4,487ms
[18,497s][info][gc] GC(270) Pause Young (Mixed) (G1 Evacuation Pause) 863M->773M(1024M) 13,912ms
[18,531s][info][gc] GC(271) Pause Young (Mixed) (G1 Evacuation Pause) 820M->735M(1024M) 14,248ms
[18,560s][info][gc] GC(272) Pause Young (Mixed) (G1 Evacuation Pause) 779M->715M(1024M) 10,866ms
[18,638s][info][gc] GC(273) Pause Young (Normal) (G1 Evacuation Pause) 890M->728M(1024M) 5,294ms
[18,711s][info][gc] GC(274) Pause Young (Normal) (G1 Evacuation Pause) 892M->742M(1024M) 7,220ms
[18,777s][info][gc] GC(275) Pause Young (Concurrent Start) (G1 Evacuation Pause) 894M->754M(1024M) 5,838ms
[18,777s][info][gc] GC(276) Concurrent Mark Cycle
[18,847s][info][gc] GC(277) Pause Young (Normal) (G1 Evacuation Pause) 895M->765M(1024M) 5,478ms
[18,912s][info][gc] GC(278) Pause Young (Normal) (G1 Evacuation Pause) 896M->776M(1024M) 5,272ms
[18,973s][info][gc] GC(279) Pause Young (Normal) (G1 Evacuation Pause) 899M->786M(1024M) 4,885ms
[18,989s][info][gc] GC(276) Pause Remark 819M->819M(1024M) 0,816ms
[19,028s][info][gc] GC(280) Pause Young (Normal) (G1 Evacuation Pause) 900M->795M(1024M) 5,148ms
[19,079s][info][gc] GC(281) Pause Young (Normal) (G1 Evacuation Pause) 901M->803M(1024M) 4,964ms
[19,126s][info][gc] GC(282) Pause Young (Normal) (G1 Evacuation Pause) 902M->811M(1024M) 4,827ms
[19,143s][info][gc] GC(276) Pause Cleanup 849M->849M(1024M) 0,339ms
[19,144s][info][gc] GC(276) Concurrent Mark Cycle 366,351ms
[19,170s][info][gc] GC(283) Pause Young (Prepare Mixed) (G1 Evacuation Pause) 903M->819M(1024M) 4,468ms
[19,203s][info][gc] GC(284) Pause Young (Mixed) (G1 Evacuation Pause) 862M->773M(1024M) 14,651ms
[19,237s][info][gc] GC(285) Pause Young (Mixed) (G1 Evacuation Pause) 820M->737M(1024M) 13,971ms
[19,265s][info][gc] GC(286) Pause Young (Mixed) (G1 Evacuation Pause) 781M->718M(1024M) 10,246ms
[19,341s][info][gc] GC(287) Pause Young (Normal) (G1 Evacuation Pause) 891M->731M(1024M) 5,228ms
[19,413s][info][gc] GC(288) Pause Young (Normal) (G1 Evacuation Pause) 892M->744M(1024M) 7,237ms
[19,479s][info][gc] GC(289) Pause Young (Concurrent Start) (G1 Evacuation Pause) 893M->756M(1024M) 5,687ms
[19,479s][info][gc] GC(290) Concurrent Mark Cycle
[19,548s][info][gc] GC(291) Pause Young (Normal) (G1 Evacuation Pause) 895M->767M(1024M) 5,449ms
[19,611s][info][gc] GC(292) Pause Young (Normal) (G1 Evacuation Pause) 896M->778M(1024M) 5,061ms
[19,671s][info][gc] GC(293) Pause Young (Normal) (G1 Evacuation Pause) 899M->788M(1024M) 4,848ms
[19,691s][info][gc] GC(290) Pause Remark 829M->829M(1024M) 0,893ms
[19,727s][info][gc] GC(294) Pause Young (Normal) (G1 Evacuation Pause) 900M->796M(1024M) 5,086ms
[19,777s][info][gc] GC(295) Pause Young (Normal) (G1 Evacuation Pause) 901M->805M(1024M) 4,894ms
[19,824s][info][gc] GC(296) Pause Young (Normal) (G1 Evacuation Pause) 903M->813M(1024M) 4,852ms
[19,846s][info][gc] GC(290) Pause Cleanup 864M->864M(1024M) 0,351ms
[19,847s][info][gc] GC(290) Concurrent Mark Cycle 368,623ms
[19,868s][info][gc] GC(297) Pause Young (Prepare Mixed) (G1 Evacuation Pause) 904M->820M(1024M) 4,441ms
[19,900s][info][gc] GC(298) Pause Young (Mixed) (G1 Evacuation Pause) 863M->775M(1024M) 14,410ms
[19,934s][info][gc] GC(299) Pause Young (Mixed) (G1 Evacuation Pause) 822M->737M(1024M) 13,938ms
[19,964s][info][gc] GC(300) Pause Young (Mixed) (G1 Evacuation Pause) 781M->718M(1024M) 11,142ms
[20,042s][info][gc] GC(301) Pause Young (Normal) (G1 Evacuation Pause) 891M->730M(1024M) 5,267ms
[20,117s][info][gc] GC(302) Pause Young (Normal) (G1 Evacuation Pause) 891M->744M(1024M) 7,122ms
[20,182s][info][gc] GC(303) Pause Young (Concurrent Start) (G1 Evacuation Pause) 894M->756M(1024M) 5,740ms
[20,182s][info][gc] GC(304) Concurrent Mark Cycle
[20,251s][info][gc] GC(305) Pause Young (Normal) (G1 Evacuation Pause) 895M->766M(1024M) 5,394ms
[20,316s][info][gc] GC(306) Pause Young (Normal) (G1 Evacuation Pause) 896M->777M(1024M) 5,039ms
[20,378s][info][gc] GC(307) Pause Young (Normal) (G1 Evacuation Pause) 899M->787M(1024M) 4,822ms
[20,396s][info][gc] GC(304) Pause Remark 825M->825M(1024M) 0,850ms
[20,433s][info][gc] GC(308) Pause Young (Normal) (G1 Evacuation Pause) 900M->796M(1024M) 4,955ms
[20,484s][info][gc] GC(309) Pause Young (Normal) (G1 Evacuation Pause) 901M->804M(1024M) 4,814ms
[20,531s][info][gc] GC(310) Pause Young (Normal) (G1 Evacuation Pause) 902M->812M(1024M) 4,759ms
[20,552s][info][gc] GC(304) Pause Cleanup 859M->859M(1024M) 0,318ms
[20,553s][info][gc] GC(304) Concurrent Mark Cycle 370,933ms
[20,575s][info][gc] GC(311) Pause Young (Prepare Mixed) (G1 Evacuation Pause) 904M->819M(1024M) 4,448ms
[20,608s][info][gc] GC(312) Pause Young (Mixed) (G1 Evacuation Pause) 862M->773M(1024M) 14,334ms
[20,642s][info][gc] GC(313) Pause Young (Mixed) (G1 Evacuation Pause) 820M->736M(1024M) 14,023ms
[20,671s][info][gc] GC(314) Pause Young (Mixed) (G1 Evacuation Pause) 780M->716M(1024M) 11,273ms
[20,748s][info][gc] GC(315) Pause Young (Normal) (G1 Evacuation Pause) 890M->729M(1024M) 5,302ms
[20,821s][info][gc] GC(316) Pause Young (Normal) (G1 Evacuation Pause) 892M->742M(1024M) 7,283ms
[20,888s][info][gc] GC(317) Pause Young (Concurrent Start) (G1 Evacuation Pause) 893M->755M(1024M) 5,786ms
[20,888s][info][gc] GC(318) Concurrent Mark Cycle
[20,958s][info][gc] GC(319) Pause Young (Normal) (G1 Evacuation Pause) 896M->765M(1024M) 5,397ms
[21,024s][info][gc] GC(320) Pause Young (Normal) (G1 Evacuation Pause) 897M->776M(1024M) 5,267ms
[21,085s][info][gc] GC(321) Pause Young (Normal) (G1 Evacuation Pause) 899M->786M(1024M) 4,967ms
[21,101s][info][gc] GC(318) Pause Remark 820M->820M(1024M) 0,847ms
[21,141s][info][gc] GC(322) Pause Young (Normal) (G1 Evacuation Pause) 900M->795M(1024M) 5,132ms
[21,191s][info][gc] GC(323) Pause Young (Normal) (G1 Evacuation Pause) 901M->803M(1024M) 4,983ms
[21,239s][info][gc] GC(324) Pause Young (Normal) (G1 Evacuation Pause) 902M->811M(1024M) 4,682ms
[21,256s][info][gc] GC(318) Pause Cleanup 850M->850M(1024M) 0,320ms
[21,257s][info][gc] GC(318) Concurrent Mark Cycle 368,854ms
[21,284s][info][gc] GC(325) Pause Young (Prepare Mixed) (G1 Evacuation Pause) 903M->819M(1024M) 4,386ms
[21,317s][info][gc] GC(326) Pause Young (Mixed) (G1 Evacuation Pause) 862M->775M(1024M) 14,498ms
[21,351s][info][gc] GC(327) Pause Young (Mixed) (G1 Evacuation Pause) 822M->738M(1024M) 14,273ms
[21,379s][info][gc] GC(328) Pause Young (Mixed) (G1 Evacuation Pause) 782M->720M(1024M) 10,418ms
[21,455s][info][gc] GC(329) Pause Young (Normal) (G1 Evacuation Pause) 891M->732M(1024M) 5,308ms
[21,527s][info][gc] GC(330) Pause Young (Normal) (G1 Evacuation Pause) 892M->746M(1024M) 7,158ms
[21,592s][info][gc] GC(331) Pause Young (Concurrent Start) (G1 Evacuation Pause) 894M->758M(1024M) 5,850ms
[21,592s][info][gc] GC(332) Concurrent Mark Cycle
[21,660s][info][gc] GC(333) Pause Young (Normal) (G1 Evacuation Pause) 896M->768M(1024M) 5,464ms
[21,724s][info][gc] GC(334) Pause Young (Normal) (G1 Evacuation Pause) 897M->779M(1024M) 5,000ms
[21,783s][info][gc] GC(335) Pause Young (Normal) (G1 Evacuation Pause) 899M->788M(1024M) 4,848ms
[21,805s][info][gc] GC(332) Pause Remark 834M->834M(1024M) 0,903ms
[21,839s][info][gc] GC(336) Pause Young (Normal) (G1 Evacuation Pause) 899M->797M(1024M) 5,147ms
[21,888s][info][gc] GC(337) Pause Young (Normal) (G1 Evacuation Pause) 901M->806M(1024M) 4,834ms
[21,935s][info][gc] GC(338) Pause Young (Normal) (G1 Evacuation Pause) 903M->813M(1024M) 4,786ms
[21,961s][info][gc] GC(332) Pause Cleanup 873M->873M(1024M) 0,364ms
[21,962s][info][gc] GC(332) Concurrent Mark Cycle 369,792ms
[21,978s][info][gc] GC(339) Pause Young (Prepare Mixed) (G1 Evacuation Pause) 904M->821M(1024M) 4,537ms
[22,011s][info][gc] GC(340) Pause Young (Mixed) (G1 Evacuation Pause) 864M->774M(1024M) 14,433ms
[22,045s][info][gc] GC(341) Pause Young (Mixed) (G1 Evacuation Pause) 821M->737M(1024M) 14,481ms
[22,074s][info][gc] GC(342) Pause Young (Mixed) (G1 Evacuation Pause) 781M->719M(1024M) 11,010ms
[22,150s][info][gc] GC(343) Pause Young (Normal) (G1 Evacuation Pause) 891M->731M(1024M) 5,255ms
[22,224s][info][gc] GC(344) Pause Young (Normal) (G1 Evacuation Pause) 892M->745M(1024M) 7,215ms
[22,288s][info][gc] GC(345) Pause Young (Concurrent Start) (G1 Evacuation Pause) 893M->757M(1024M) 5,958ms
[22,288s][info][gc] GC(346) Concurrent Mark Cycle
[22,357s][info][gc] GC(347) Pause Young (Normal) (G1 Evacuation Pause) 896M->768M(1024M) 5,387ms
[22,421s][info][gc] GC(348) Pause Young (Normal) (G1 Evacuation Pause) 898M->778M(1024M) 5,160ms
[22,482s][info][gc] GC(349) Pause Young (Normal) (G1 Evacuation Pause) 899M->788M(1024M) 4,838ms
[22,501s][info][gc] GC(346) Pause Remark 829M->829M(1024M) 0,888ms
[22,537s][info][gc] GC(350) Pause Young (Normal) (G1 Evacuation Pause) 900M->797M(1024M) 5,008ms
[22,586s][info][gc] GC(351) Pause Young (Normal) (G1 Evacuation Pause) 901M->806M(1024M) 4,829ms
[22,632s][info][gc] GC(352) Pause Young (Normal) (G1 Evacuation Pause) 903M->813M(1024M) 4,859ms
[22,655s][info][gc] GC(346) Pause Cleanup 866M->866M(1024M) 0,388ms
[22,656s][info][gc] GC(346) Concurrent Mark Cycle 367,725ms
[22,675s][info][gc] GC(353) Pause Young (Prepare Mixed) (G1 Evacuation Pause) 904M->820M(1024M) 4,449ms
[22,707s][info][gc] GC(354) Pause Young (Mixed) (G1 Evacuation Pause) 863M->775M(1024M) 14,609ms
[22,741s][info][gc] GC(355) Pause Young (Mixed) (G1 Evacuation Pause) 822M->739M(1024M) 14,166ms
[22,771s][info][gc] GC(356) Pause Young (Mixed) (G1 Evacuation Pause) 783M->720M(1024M) 11,421ms
[22,846s][info][gc] GC(357) Pause Young (Normal) (G1 Evacuation Pause) 891M->733M(1024M) 5,324ms
[22,917s][info][gc] GC(358) Pause Young (Normal) (G1 Evacuation Pause) 893M->746M(1024M) 7,112ms
[22,981s][info][gc] GC(359) Pause Young (Concurrent Start) (G1 Evacuation Pause) 894M->758M(1024M) 5,683ms
[22,981s][info][gc] GC(360) Concurrent Mark Cycle
[23,049s][info][gc] GC(361) Pause Young (Normal) (G1 Evacuation Pause) 895M->769M(1024M) 5,427ms
[23,112s][info][gc] GC(362) Pause Young (Normal) (G1 Evacuation Pause) 898M->779M(1024M) 5,170ms
[23,172s][info][gc] GC(363) Pause Young (Normal) (G1 Evacuation Pause) 899M->788M(1024M) 4,899ms
[23,194s][info][gc] GC(360) Pause Remark 834M->834M(1024M) 0,955ms
[23,227s][info][gc] GC(364) Pause Young (Normal) (G1 Evacuation Pause) 899M->798M(1024M) 5,051ms
[23,276s][info][gc] GC(365) Pause Young (Normal) (G1 Evacuation Pause) 902M->806M(1024M) 4,875ms
[23,322s][info][gc] GC(366) Pause Young (Normal) (G1 Evacuation Pause) 903M->814M(1024M) 4,755ms
[23,348s][info][gc] GC(360) Pause Cleanup 874M->874M(1024M) 0,338ms
[23,349s][info][gc] GC(360) Concurrent Mark Cycle 367,715ms
[23,365s][info][gc] GC(367) Pause Young (Prepare Mixed) (G1 Evacuation Pause) 904M->821M(1024M) 4,522ms
[23,396s][info][gc] GC(368) Pause Young (Mixed) (G1 Evacuation Pause) 864M->774M(1024M) 14,645ms
[23,430s][info][gc] GC(369) Pause Young (Mixed) (G1 Evacuation Pause) 821M->738M(1024M) 14,100ms
[23,459s][info][gc] GC(370) Pause Young (Mixed) (G1 Evacuation Pause) 782M->718M(1024M) 11,055ms
[23,536s][info][gc] GC(371) Pause Young (Normal) (G1 Evacuation Pause) 891M->731M(1024M) 5,311ms
[23,609s][info][gc] GC(372) Pause Young (Normal) (G1 Evacuation Pause) 892M->745M(1024M) 7,146ms
[23,674s][info][gc] GC(373) Pause Young (Concurrent Start) (G1 Evacuation Pause) 894M->758M(1024M) 6,024ms
[23,675s][info][gc] GC(374) Concurrent Mark Cycle
[23,743s][info][gc] GC(375) Pause Young (Normal) (G1 Evacuation Pause) 896M->768M(1024M) 5,507ms
[23,812s][info][gc] GC(376) Pause Young (Normal) (G1 Evacuation Pause) 897M->779M(1024M) 5,019ms
[23,874s][info][gc] GC(377) Pause Young (Normal) (G1 Evacuation Pause) 899M->788M(1024M) 4,788ms
[23,895s][info][gc] GC(374) Pause Remark 833M->833M(1024M) 0,701ms
[23,929s][info][gc] GC(378) Pause Young (Normal) (G1 Evacuation Pause) 900M->797M(1024M) 4,904ms
[23,979s][info][gc] GC(379) Pause Young (Normal) (G1 Evacuation Pause) 901M->805M(1024M) 4,772ms
[24,026s][info][gc] GC(380) Pause Young (Normal) (G1 Evacuation Pause) 903M->812M(1024M) 4,824ms
[24,050s][info][gc] GC(374) Pause Cleanup 868M->868M(1024M) 0,385ms
[24,052s][info][gc] GC(374) Concurrent Mark Cycle 377,175ms
[24,070s][info][gc] GC(381) Pause Young (Prepare Mixed) (G1 Evacuation Pause) 904M->820M(1024M) 4,648ms
[24,103s][info][gc] GC(382) Pause Young (Mixed) (G1 Evacuation Pause) 863M->774M(1024M) 14,782ms
[24,137s][info][gc] GC(383) Pause Young (Mixed) (G1 Evacuation Pause) 821M->738M(1024M) 14,218ms
[24,166s][info][gc] GC(384) Pause Young (Mixed) (G1 Evacuation Pause) 782M->720M(1024M) 10,570ms
[24,242s][info][gc] GC(385) Pause Young (Normal) (G1 Evacuation Pause) 891M->733M(1024M) 5,220ms
[24,314s][info][gc] GC(386) Pause Young (Normal) (G1 Evacuation Pause) 893M->746M(1024M) 7,192ms
[24,379s][info][gc] GC(387) Pause Young (Concurrent Start) (G1 Evacuation Pause) 894M->758M(1024M) 5,782ms
[24,379s][info][gc] GC(388) Concurrent Mark Cycle
[24,447s][info][gc] GC(389) Pause Young (Normal) (G1 Evacuation Pause) 895M->769M(1024M) 5,460ms
[24,510s][info][gc] GC(390) Pause Young (Normal) (G1 Evacuation Pause) 897M->779M(1024M) 5,255ms
[24,570s][info][gc] GC(391) Pause Young (Normal) (G1 Evacuation Pause) 899M->789M(1024M) 4,959ms
[24,591s][info][gc] GC(388) Pause Remark 836M->836M(1024M) 0,752ms
[24,624s][info][gc] GC(392) Pause Young (Normal) (G1 Evacuation Pause) 900M->797M(1024M) 4,965ms
[24,673s][info][gc] GC(393) Pause Young (Normal) (G1 Evacuation Pause) 901M->806M(1024M) 4,856ms
[24,720s][info][gc] GC(394) Pause Young (Normal) (G1 Evacuation Pause) 903M->813M(1024M) 4,719ms
[24,746s][info][gc] GC(388) Pause Cleanup 874M->874M(1024M) 0,338ms
[24,747s][info][gc] GC(388) Concurrent Mark Cycle 367,889ms
[24,763s][info][gc] GC(395) Pause Young (Prepare Mixed) (G1 Evacuation Pause) 904M->821M(1024M) 4,487ms
[24,795s][info][gc] GC(396) Pause Young (Mixed) (G1 Evacuation Pause) 864M->774M(1024M) 14,377ms
[24,829s][info][gc] GC(397) Pause Young (Mixed) (G1 Evacuation Pause) 821M->738M(1024M) 14,234ms
[24,858s][info][gc] GC(398) Pause Young (Mixed) (G1 Evacuation Pause) 782M->719M(1024M) 10,491ms
[24,933s][info][gc] GC(399) Pause Young (Normal) (G1 Evacuation Pause) 891M->732M(1024M) 5,243ms
[25,005s][info][gc] GC(400) Pause Young (Normal) (G1 Evacuation Pause) 893M->745M(1024M) 7,110ms
[25,070s][info][gc] GC(401) Pause Young (Concurrent Start) (G1 Evacuation Pause) 893M->758M(1024M) 5,771ms
[25,070s][info][gc] GC(402) Concurrent Mark Cycle
[25,138s][info][gc] GC(403) Pause Young (Normal) (G1 Evacuation Pause) 896M->768M(1024M) 5,583ms
[25,202s][info][gc] GC(404) Pause Young (Normal) (G1 Evacuation Pause) 897M->779M(1024M) 5,126ms
[25,261s][info][gc] GC(405) Pause Young (Normal) (G1 Evacuation Pause) 899M->788M(1024M) 4,851ms
[25,283s][info][gc] GC(402) Pause Remark 834M->834M(1024M) 0,825ms
[25,316s][info][gc] GC(406) Pause Young (Normal) (G1 Evacuation Pause) 899M->797M(1024M) 5,013ms
[25,365s][info][gc] GC(407) Pause Young (Normal) (G1 Evacuation Pause) 901M->806M(1024M) 4,826ms
[25,411s][info][gc] GC(408) Pause Young (Normal) (G1 Evacuation Pause) 903M->814M(1024M) 4,675ms
[25,437s][info][gc] GC(402) Pause Cleanup 874M->874M(1024M) 0,366ms
[25,438s][info][gc] GC(402) Concurrent Mark Cycle 368,447ms
[25,454s][info][gc] GC(409) Pause Young (Prepare Mixed) (G1 Evacuation Pause) 903M->821M(1024M) 4,601ms
[25,486s][info][gc] GC(410) Pause Young (Mixed) (G1 Evacuation Pause) 864M->776M(1024M) 13,809ms
[25,520s][info][gc] GC(411) Pause Young (Mixed) (G1 Evacuation Pause) 823M->739M(1024M) 14,209ms
[25,550s][info][gc] GC(412) Pause Young (Mixed) (G1 Evacuation Pause) 783M->722M(1024M) 11,030ms
[25,625s][info][gc] GC(413) Pause Young (Normal) (G1 Evacuation Pause) 891M->735M(1024M) 5,287ms
[25,695s][info][gc] GC(414) Pause Young (Normal) (G1 Evacuation Pause) 893M->748M(1024M) 7,143ms
[25,760s][info][gc] GC(415) Pause Young (Concurrent Start) (G1 Evacuation Pause) 895M->760M(1024M) 5,720ms
[25,760s][info][gc] GC(416) Concurrent Mark Cycle
[25,828s][info][gc] GC(417) Pause Young (Normal) (G1 Evacuation Pause) 896M->771M(1024M) 5,388ms
[25,890s][info][gc] GC(418) Pause Young (Normal) (G1 Evacuation Pause) 898M->781M(1024M) 4,992ms
[25,949s][info][gc] GC(419) Pause Young (Normal) (G1 Evacuation Pause) 899M->790M(1024M) 4,852ms
[25,973s][info][gc] GC(416) Pause Remark 842M->842M(1024M) 1,001ms
[26,003s][info][gc] GC(420) Pause Young (Normal) (G1 Evacuation Pause) 900M->799M(1024M) 4,972ms
[26,052s][info][gc] GC(421) Pause Young (Normal) (G1 Evacuation Pause) 902M->808M(1024M) 4,762ms
[26,097s][info][gc] GC(422) Pause Young (Normal) (G1 Evacuation Pause) 903M->815M(1024M) 4,734ms
[26,127s][info][gc] GC(416) Pause Cleanup 885M->885M(1024M) 0,340ms
[26,128s][info][gc] GC(416) Concurrent Mark Cycle 368,665ms
[26,139s][info][gc] GC(423) Pause Young (Prepare Mixed) (G1 Evacuation Pause) 903M->822M(1024M) 4,272ms
[26,172s][info][gc] GC(424) Pause Young (Mixed) (G1 Evacuation Pause) 865M->776M(1024M) 14,405ms
[26,206s][info][gc] GC(425) Pause Young (Mixed) (G1 Evacuation Pause) 823M->739M(1024M) 14,272ms
[26,236s][info][gc] GC(426) Pause Young (Mixed) (G1 Evacuation Pause) 783M->720M(1024M) 11,715ms
[26,311s][info][gc] GC(427) Pause Young (Normal) (G1 Evacuation Pause) 891M->733M(1024M) 5,230ms
[26,382s][info][gc] GC(428) Pause Young (Normal) (G1 Evacuation Pause) 893M->746M(1024M) 7,176ms
[26,447s][info][gc] GC(429) Pause Young (Concurrent Start) (G1 Evacuation Pause) 894M->758M(1024M) 5,623ms
[26,447s][info][gc] GC(430) Concurrent Mark Cycle
[26,516s][info][gc] GC(431) Pause Young (Normal) (G1 Evacuation Pause) 896M->769M(1024M) 5,540ms
[26,579s][info][gc] GC(432) Pause Young (Normal) (G1 Evacuation Pause) 898M->780M(1024M) 5,073ms
[26,638s][info][gc] GC(433) Pause Young (Normal) (G1 Evacuation Pause) 899M->789M(1024M) 4,782ms
[26,660s][info][gc] GC(430) Pause Remark 837M->837M(1024M) 0,651ms
[26,693s][info][gc] GC(434) Pause Young (Normal) (G1 Evacuation Pause) 900M->798M(1024M) 5,124ms
[26,741s][info][gc] GC(435) Pause Young (Normal) (G1 Evacuation Pause) 901M->807M(1024M) 4,915ms
[26,787s][info][gc] GC(436) Pause Young (Normal) (G1 Evacuation Pause) 903M->814M(1024M) 4,687ms
[26,814s][info][gc] GC(430) Pause Cleanup 876M->876M(1024M) 0,340ms
[26,815s][info][gc] GC(430) Concurrent Mark Cycle 367,936ms
[26,830s][info][gc] GC(437) Pause Young (Prepare Mixed) (G1 Evacuation Pause) 904M->822M(1024M) 4,573ms
[26,862s][info][gc] GC(438) Pause Young (Mixed) (G1 Evacuation Pause) 865M->774M(1024M) 14,046ms
[26,896s][info][gc] GC(439) Pause Young (Mixed) (G1 Evacuation Pause) 821M->737M(1024M) 14,235ms
[26,925s][info][gc] GC(440) Pause Young (Mixed) (G1 Evacuation Pause) 781M->721M(1024M) 10,295ms
[27,001s][info][gc] GC(441) Pause Young (Normal) (G1 Evacuation Pause) 891M->733M(1024M) 5,125ms
[27,073s][info][gc] GC(442) Pause Young (Normal) (G1 Evacuation Pause) 892M->747M(1024M) 7,057ms
[27,137s][info][gc] GC(443) Pause Young (Concurrent Start) (G1 Evacuation Pause) 895M->759M(1024M) 5,698ms
[27,138s][info][gc] GC(444) Concurrent Mark Cycle
[27,205s][info][gc] GC(445) Pause Young (Normal) (G1 Evacuation Pause) 896M->770M(1024M) 5,406ms
[27,268s][info][gc] GC(446) Pause Young (Normal) (G1 Evacuation Pause) 898M->780M(1024M) 5,067ms
[27,327s][info][gc] GC(447) Pause Young (Normal) (G1 Evacuation Pause) 899M->789M(1024M) 4,841ms
[27,351s][info][gc] GC(444) Pause Remark 839M->839M(1024M) 0,725ms
[27,382s][info][gc] GC(448) Pause Young (Normal) (G1 Evacuation Pause) 900M->798M(1024M) 5,111ms
[27,431s][info][gc] GC(449) Pause Young (Normal) (G1 Evacuation Pause) 902M->807M(1024M) 4,955ms
[27,477s][info][gc] GC(450) Pause Young (Normal) (G1 Evacuation Pause) 903M->814M(1024M) 4,699ms
[27,505s][info][gc] GC(444) Pause Cleanup 879M->879M(1024M) 0,370ms
[27,506s][info][gc] GC(444) Concurrent Mark Cycle 368,598ms
[27,520s][info][gc] GC(451) Pause Young (Prepare Mixed) (G1 Evacuation Pause) 904M->822M(1024M) 4,424ms
[27,552s][info][gc] GC(452) Pause Young (Mixed) (G1 Evacuation Pause) 865M->777M(1024M) 14,307ms
[27,586s][info][gc] GC(453) Pause Young (Mixed) (G1 Evacuation Pause) 824M->740M(1024M) 14,460ms
[27,616s][info][gc] GC(454) Pause Young (Mixed) (G1 Evacuation Pause) 784M->720M(1024M) 11,763ms
[27,692s][info][gc] GC(455) Pause Young (Normal) (G1 Evacuation Pause) 891M->732M(1024M) 5,372ms
[27,764s][info][gc] GC(456) Pause Young (Normal) (G1 Evacuation Pause) 892M->746M(1024M) 7,188ms
[27,829s][info][gc] GC(457) Pause Young (Concurrent Start) (G1 Evacuation Pause) 894M->758M(1024M) 5,693ms
[27,829s][info][gc] GC(458) Concurrent Mark Cycle
[27,897s][info][gc] GC(459) Pause Young (Normal) (G1 Evacuation Pause) 896M->769M(1024M) 5,462ms
[27,960s][info][gc] GC(460) Pause Young (Normal) (G1 Evacuation Pause) 898M->779M(1024M) 5,082ms
[28,020s][info][gc] GC(461) Pause Young (Normal) (G1 Evacuation Pause) 899M->789M(1024M) 4,956ms
[28,041s][info][gc] GC(458) Pause Remark 835M->835M(1024M) 0,802ms
[28,075s][info][gc] GC(462) Pause Young (Normal) (G1 Evacuation Pause) 900M->798M(1024M) 5,114ms
[28,124s][info][gc] GC(463) Pause Young (Normal) (G1 Evacuation Pause) 902M->807M(1024M) 4,922ms
[28,170s][info][gc] GC(464) Pause Young (Normal) (G1 Evacuation Pause) 903M->814M(1024M) 4,767ms
[28,196s][info][gc] GC(458) Pause Cleanup 875M->875M(1024M) 0,389ms
[28,197s][info][gc] GC(458) Concurrent Mark Cycle 368,321ms
[28,213s][info][gc] GC(465) Pause Young (Prepare Mixed) (G1 Evacuation Pause) 904M->821M(1024M) 4,282ms
[28,245s][info][gc] GC(466) Pause Young (Mixed) (G1 Evacuation Pause) 864M->775M(1024M) 14,057ms
[28,279s][info][gc] GC(467) Pause Young (Mixed) (G1 Evacuation Pause) 822M->739M(1024M) 14,367ms
[28,308s][info][gc] GC(468) Pause Young (Mixed) (G1 Evacuation Pause) 783M->722M(1024M) 10,473ms
[28,383s][info][gc] GC(469) Pause Young (Normal) (G1 Evacuation Pause) 891M->735M(1024M) 5,152ms
[28,453s][info][gc] GC(470) Pause Young (Normal) (G1 Evacuation Pause) 893M->748M(1024M) 7,093ms
[28,517s][info][gc] GC(471) Pause Young (Concurrent Start) (G1 Evacuation Pause) 895M->760M(1024M) 5,612ms
[28,517s][info][gc] GC(472) Concurrent Mark Cycle
[28,584s][info][gc] GC(473) Pause Young (Normal) (G1 Evacuation Pause) 896M->770M(1024M) 5,325ms
[28,647s][info][gc] GC(474) Pause Young (Normal) (G1 Evacuation Pause) 898M->781M(1024M) 5,075ms
[28,706s][info][gc] GC(475) Pause Young (Normal) (G1 Evacuation Pause) 899M->790M(1024M) 4,905ms
[28,729s][info][gc] GC(472) Pause Remark 841M->841M(1024M) 0,939ms
[28,760s][info][gc] GC(476) Pause Young (Normal) (G1 Evacuation Pause) 900M->799M(1024M) 4,964ms
[28,808s][info][gc] GC(477) Pause Young (Normal) (G1 Evacuation Pause) 902M->808M(1024M) 4,796ms
[28,854s][info][gc] GC(478) Pause Young (Normal) (G1 Evacuation Pause) 903M->815M(1024M) 4,713ms
[28,883s][info][gc] GC(472) Pause Cleanup 883M->883M(1024M) 0,383ms
[28,884s][info][gc] GC(472) Concurrent Mark Cycle 366,806ms
[28,896s][info][gc] GC(479) Pause Young (Prepare Mixed) (G1 Evacuation Pause) 904M->822M(1024M) 4,440ms
[28,928s][info][gc] GC(480) Pause Young (Mixed) (G1 Evacuation Pause) 865M->776M(1024M) 14,282ms
[28,962s][info][gc] GC(481) Pause Young (Mixed) (G1 Evacuation Pause) 823M->740M(1024M) 14,121ms
[28,992s][info][gc] GC(482) Pause Young (Mixed) (G1 Evacuation Pause) 784M->719M(1024M) 11,689ms
[29,066s][info][gc] GC(483) Pause Young (Normal) (G1 Evacuation Pause) 891M->732M(1024M) 5,243ms
[29,138s][info][gc] GC(484) Pause Young (Normal) (G1 Evacuation Pause) 893M->745M(1024M) 7,145ms
[29,202s][info][gc] GC(485) Pause Young (Concurrent Start) (G1 Evacuation Pause) 893M->758M(1024M) 5,728ms
[29,202s][info][gc] GC(486) Concurrent Mark Cycle
[29,270s][info][gc] GC(487) Pause Young (Normal) (G1 Evacuation Pause) 896M->769M(1024M) 5,394ms
[29,333s][info][gc] GC(488) Pause Young (Normal) (G1 Evacuation Pause) 897M->779M(1024M) 5,183ms
[29,392s][info][gc] GC(489) Pause Young (Normal) (G1 Evacuation Pause) 899M->789M(1024M) 4,807ms
[29,415s][info][gc] GC(486) Pause Remark 837M->837M(1024M) 0,977ms
[29,447s][info][gc] GC(490) Pause Young (Normal) (G1 Evacuation Pause) 900M->798M(1024M) 5,024ms
[29,496s][info][gc] GC(491) Pause Young (Normal) (G1 Evacuation Pause) 902M->806M(1024M) 4,869ms
[29,541s][info][gc] GC(492) Pause Young (Normal) (G1 Evacuation Pause) 902M->814M(1024M) 4,853ms
[29,569s][info][gc] GC(486) Pause Cleanup 879M->879M(1024M) 0,379ms
[29,571s][info][gc] GC(486) Concurrent Mark Cycle 368,486ms
[29,585s][info][gc] GC(493) Pause Young (Prepare Mixed) (G1 Evacuation Pause) 904M->821M(1024M) 4,350ms
[29,617s][info][gc] GC(494) Pause Young (Mixed) (G1 Evacuation Pause) 864M->776M(1024M) 14,471ms
[29,651s][info][gc] GC(495) Pause Young (Mixed) (G1 Evacuation Pause) 823M->739M(1024M) 14,311ms
[29,680s][info][gc] GC(496) Pause Young (Mixed) (G1 Evacuation Pause) 783M->722M(1024M) 11,118ms
[29,754s][info][gc] GC(497) Pause Young (Normal) (G1 Evacuation Pause) 891M->735M(1024M) 5,217ms
[29,824s][info][gc] GC(498) Pause Young (Normal) (G1 Evacuation Pause) 893M->748M(1024M) 7,070ms
[29,888s][info][gc] GC(499) Pause Young (Concurrent Start) (G1 Evacuation Pause) 894M->759M(1024M) 5,792ms
[29,888s][info][gc] GC(500) Concurrent Mark Cycle
[29,955s][info][gc] GC(501) Pause Young (Normal) (G1 Evacuation Pause) 895M->770M(1024M) 5,320ms
[30,019s][info][gc] GC(502) Pause Young (Normal) (G1 Evacuation Pause) 898M->781M(1024M) 5,065ms
[30,077s][info][gc] GC(503) Pause Young (Normal) (G1 Evacuation Pause) 899M->790M(1024M) 4,765ms
[30,102s][info][gc] GC(500) Pause Remark 843M->843M(1024M) 0,728ms
[30,131s][info][gc] GC(504) Pause Young (Normal) (G1 Evacuation Pause) 900M->799M(1024M) 5,043ms
[30,180s][info][gc] GC(505) Pause Young (Normal) (G1 Evacuation Pause) 902M->807M(1024M) 4,908ms
[30,226s][info][gc] GC(506) Pause Young (Normal) (G1 Evacuation Pause) 902M->815M(1024M) 4,797ms
[30,257s][info][gc] GC(500) Pause Cleanup 887M->887M(1024M) 0,350ms
[30,258s][info][gc] GC(500) Concurrent Mark Cycle 369,420ms
[30,269s][info][gc] GC(507) Pause Young (Prepare Mixed) (G1 Evacuation Pause) 904M->822M(1024M) 4,527ms
[30,301s][info][gc] GC(508) Pause Young (Mixed) (G1 Evacuation Pause) 866M->776M(1024M) 14,104ms
[30,335s][info][gc] GC(509) Pause Young (Mixed) (G1 Evacuation Pause) 823M->739M(1024M) 14,207ms
[30,365s][info][gc] GC(510) Pause Young (Mixed) (G1 Evacuation Pause) 783M->720M(1024M) 11,522ms
[30,441s][info][gc] GC(511) Pause Young (Normal) (G1 Evacuation Pause) 891M->732M(1024M) 5,194ms
[30,512s][info][gc] GC(512) Pause Young (Normal) (G1 Evacuation Pause) 892M->746M(1024M) 7,015ms
[30,578s][info][gc] GC(513) Pause Young (Concurrent Start) (G1 Evacuation Pause) 894M->758M(1024M) 5,780ms
[30,578s][info][gc] GC(514) Concurrent Mark Cycle
[30,645s][info][gc] GC(515) Pause Young (Normal) (G1 Evacuation Pause) 896M->769M(1024M) 5,401ms
[30,709s][info][gc] GC(516) Pause Young (Normal) (G1 Evacuation Pause) 897M->779M(1024M) 5,075ms
[30,767s][info][gc] GC(517) Pause Young (Normal) (G1 Evacuation Pause) 898M->788M(1024M) 4,785ms
[30,790s][info][gc] GC(514) Pause Remark 837M->837M(1024M) 0,867ms
[30,822s][info][gc] GC(518) Pause Young (Normal) (G1 Evacuation Pause) 899M->797M(1024M) 5,011ms
[30,872s][info][gc] GC(519) Pause Young (Normal) (G1 Evacuation Pause) 901M->806M(1024M) 5,046ms
[30,918s][info][gc] GC(520) Pause Young (Normal) (G1 Evacuation Pause) 903M->813M(1024M) 4,742ms
[30,944s][info][gc] GC(514) Pause Cleanup 874M->874M(1024M) 0,370ms
[30,946s][info][gc] GC(514) Concurrent Mark Cycle 367,919ms
[30,962s][info][gc] GC(521) Pause Young (Prepare Mixed) (G1 Evacuation Pause) 904M->821M(1024M) 4,485ms
[30,995s][info][gc] GC(522) Pause Young (Mixed) (G1 Evacuation Pause) 864M->776M(1024M) 14,499ms
[31,029s][info][gc] GC(523) Pause Young (Mixed) (G1 Evacuation Pause) 823M->739M(1024M) 14,034ms
[31,058s][info][gc] GC(524) Pause Young (Mixed) (G1 Evacuation Pause) 783M->723M(1024M) 10,644ms
[31,134s][info][gc] GC(525) Pause Young (Normal) (G1 Evacuation Pause) 891M->735M(1024M) 5,135ms
[31,207s][info][gc] GC(526) Pause Young (Normal) (G1 Evacuation Pause) 892M->748M(1024M) 7,052ms
[31,272s][info][gc] GC(527) Pause Young (Concurrent Start) (G1 Evacuation Pause) 895M->759M(1024M) 5,598ms
[31,272s][info][gc] GC(528) Concurrent Mark Cycle
[31,339s][info][gc] GC(529) Pause Young (Normal) (G1 Evacuation Pause) 896M->771M(1024M) 5,329ms
[31,401s][info][gc] GC(530) Pause Young (Normal) (G1 Evacuation Pause) 898M->781M(1024M) 5,060ms
[31,460s][info][gc] GC(531) Pause Young (Normal) (G1 Evacuation Pause) 899M->790M(1024M) 4,910ms
[31,484s][info][gc] GC(528) Pause Remark 842M->842M(1024M) 0,788ms
[31,514s][info][gc] GC(532) Pause Young (Normal) (G1 Evacuation Pause) 900M->799M(1024M) 4,989ms
[31,564s][info][gc] GC(533) Pause Young (Normal) (G1 Evacuation Pause) 902M->807M(1024M) 4,835ms
[31,609s][info][gc] GC(534) Pause Young (Normal) (G1 Evacuation Pause) 902M->815M(1024M) 4,822ms
[31,639s][info][gc] GC(528) Pause Cleanup 884M->884M(1024M) 0,320ms
[31,640s][info][gc] GC(528) Concurrent Mark Cycle 368,578ms
[31,652s][info][gc] GC(535) Pause Young (Prepare Mixed) (G1 Evacuation Pause) 904M->822M(1024M) 4,252ms
[31,685s][info][gc] GC(536) Pause Young (Mixed) (G1 Evacuation Pause) 865M->775M(1024M) 13,773ms
[31,719s][info][gc] GC(537) Pause Young (Mixed) (G1 Evacuation Pause) 822M->739M(1024M) 14,338ms
[31,749s][info][gc] GC(538) Pause Young (Mixed) (G1 Evacuation Pause) 783M->719M(1024M) 11,528ms
[31,826s][info][gc] GC(539) Pause Young (Normal) (G1 Evacuation Pause) 891M->732M(1024M) 5,256ms
[31,897s][info][gc] GC(540) Pause Young (Normal) (G1 Evacuation Pause) 893M->745M(1024M) 7,441ms
[31,962s][info][gc] GC(541) Pause Young (Concurrent Start) (G1 Evacuation Pause) 893M->757M(1024M) 5,757ms
[31,962s][info][gc] GC(542) Concurrent Mark Cycle
[32,031s][info][gc] GC(543) Pause Young (Normal) (G1 Evacuation Pause) 896M->768M(1024M) 5,449ms
[32,096s][info][gc] GC(544) Pause Young (Normal) (G1 Evacuation Pause) 897M->779M(1024M) 5,094ms
[32,155s][info][gc] GC(545) Pause Young (Normal) (G1 Evacuation Pause) 899M->788M(1024M) 4,820ms
[32,176s][info][gc] GC(542) Pause Remark 833M->833M(1024M) 0,804ms
[32,210s][info][gc] GC(546) Pause Young (Normal) (G1 Evacuation Pause) 900M->797M(1024M) 5,022ms
[32,259s][info][gc] GC(547) Pause Young (Normal) (G1 Evacuation Pause) 901M->805M(1024M) 4,828ms
[32,305s][info][gc] GC(548) Pause Young (Normal) (G1 Evacuation Pause) 902M->813M(1024M) 4,724ms
[32,331s][info][gc] GC(542) Pause Cleanup 872M->872M(1024M) 0,347ms
[32,332s][info][gc] GC(542) Concurrent Mark Cycle 369,298ms
[32,349s][info][gc] GC(549) Pause Young (Prepare Mixed) (G1 Evacuation Pause) 904M->821M(1024M) 4,416ms
[32,381s][info][gc] GC(550) Pause Young (Mixed) (G1 Evacuation Pause) 864M->775M(1024M) 14,377ms
[32,416s][info][gc] GC(551) Pause Young (Mixed) (G1 Evacuation Pause) 822M->739M(1024M) 14,265ms
[32,444s][info][gc] GC(552) Pause Young (Mixed) (G1 Evacuation Pause) 783M->723M(1024M) 10,312ms
[32,518s][info][gc] GC(553) Pause Young (Normal) (G1 Evacuation Pause) 891M->736M(1024M) 5,205ms
[32,588s][info][gc] GC(554) Pause Young (Normal) (G1 Evacuation Pause) 893M->749M(1024M) 6,943ms
[32,652s][info][gc] GC(555) Pause Young (Concurrent Start) (G1 Evacuation Pause) 894M->759M(1024M) 5,653ms
[32,652s][info][gc] GC(556) Concurrent Mark Cycle
[32,720s][info][gc] GC(557) Pause Young (Normal) (G1 Evacuation Pause) 896M->770M(1024M) 5,336ms
[32,783s][info][gc] GC(558) Pause Young (Normal) (G1 Evacuation Pause) 898M->781M(1024M) 5,010ms
[32,841s][info][gc] GC(559) Pause Young (Normal) (G1 Evacuation Pause) 899M->790M(1024M) 4,863ms
[32,865s][info][gc] GC(556) Pause Remark 841M->841M(1024M) 0,798ms
[32,895s][info][gc] GC(560) Pause Young (Normal) (G1 Evacuation Pause) 900M->799M(1024M) 4,968ms
[32,944s][info][gc] GC(561) Pause Young (Normal) (G1 Evacuation Pause) 902M->807M(1024M) 4,813ms
[32,989s][info][gc] GC(562) Pause Young (Normal) (G1 Evacuation Pause) 903M->815M(1024M) 4,827ms
[33,018s][info][gc] GC(556) Pause Cleanup 882M->882M(1024M) 0,348ms
[33,020s][info][gc] GC(556) Concurrent Mark Cycle 367,095ms
[33,032s][info][gc] GC(563) Pause Young (Prepare Mixed) (G1 Evacuation Pause) 904M->821M(1024M) 4,513ms
[33,064s][info][gc] GC(564) Pause Young (Mixed) (G1 Evacuation Pause) 865M->775M(1024M) 14,123ms
[33,098s][info][gc] GC(565) Pause Young (Mixed) (G1 Evacuation Pause) 822M->739M(1024M) 14,415ms
[33,128s][info][gc] GC(566) Pause Young (Mixed) (G1 Evacuation Pause) 783M->719M(1024M) 11,866ms
[33,206s][info][gc] GC(567) Pause Young (Normal) (G1 Evacuation Pause) 891M->732M(1024M) 5,159ms
[33,278s][info][gc] GC(568) Pause Young (Normal) (G1 Evacuation Pause) 893M->745M(1024M) 7,270ms
[33,343s][info][gc] GC(569) Pause Young (Concurrent Start) (G1 Evacuation Pause) 894M->758M(1024M) 5,881ms
[33,343s][info][gc] GC(570) Concurrent Mark Cycle
[33,412s][info][gc] GC(571) Pause Young (Normal) (G1 Evacuation Pause) 896M->768M(1024M) 5,416ms
[33,476s][info][gc] GC(572) Pause Young (Normal) (G1 Evacuation Pause) 897M->779M(1024M) 5,097ms
[33,535s][info][gc] GC(573) Pause Young (Normal) (G1 Evacuation Pause) 899M->788M(1024M) 4,836ms
[33,557s][info][gc] GC(570) Pause Remark 836M->836M(1024M) 0,736ms
[33,590s][info][gc] GC(574) Pause Young (Normal) (G1 Evacuation Pause) 900M->797M(1024M) 4,935ms
[33,639s][info][gc] GC(575) Pause Young (Normal) (G1 Evacuation Pause) 901M->806M(1024M) 4,996ms
[33,686s][info][gc] GC(576) Pause Young (Normal) (G1 Evacuation Pause) 903M->813M(1024M) 4,900ms
[33,710s][info][gc] GC(570) Pause Cleanup 870M->870M(1024M) 0,362ms
[33,711s][info][gc] GC(570) Concurrent Mark Cycle 368,102ms
[33,729s][info][gc] GC(577) Pause Young (Prepare Mixed) (G1 Evacuation Pause) 904M->821M(1024M) 4,309ms
[33,761s][info][gc] GC(578) Pause Young (Mixed) (G1 Evacuation Pause) 864M->775M(1024M) 14,343ms
[33,795s][info][gc] GC(579) Pause Young (Mixed) (G1 Evacuation Pause) 822M->739M(1024M) 14,419ms
[33,823s][info][gc] GC(580) Pause Young (Mixed) (G1 Evacuation Pause) 783M->722M(1024M) 10,533ms
[33,898s][info][gc] GC(581) Pause Young (Normal) (G1 Evacuation Pause) 891M->735M(1024M) 5,216ms
[33,969s][info][gc] GC(582) Pause Young (Normal) (G1 Evacuation Pause) 893M->748M(1024M) 6,946ms
[34,033s][info][gc] GC(583) Pause Young (Concurrent Start) (G1 Evacuation Pause) 894M->759M(1024M) 5,732ms
[34,033s][info][gc] GC(584) Concurrent Mark Cycle
[34,100s][info][gc] GC(585) Pause Young (Normal) (G1 Evacuation Pause) 896M->770M(1024M) 5,356ms
[34,163s][info][gc] GC(586) Pause Young (Normal) (G1 Evacuation Pause) 897M->781M(1024M) 5,252ms
[34,221s][info][gc] GC(587) Pause Young (Normal) (G1 Evacuation Pause) 899M->790M(1024M) 4,812ms
[34,246s][info][gc] GC(584) Pause Remark 842M->842M(1024M) 0,843ms
[34,276s][info][gc] GC(588) Pause Young (Normal) (G1 Evacuation Pause) 901M->799M(1024M) 4,972ms
[34,325s][info][gc] GC(589) Pause Young (Normal) (G1 Evacuation Pause) 902M->807M(1024M) 4,826ms
[34,370s][info][gc] GC(590) Pause Young (Normal) (G1 Evacuation Pause) 902M->815M(1024M) 4,741ms
[34,399s][info][gc] GC(584) Pause Cleanup 884M->884M(1024M) 0,390ms
[34,401s][info][gc] GC(584) Concurrent Mark Cycle 367,619ms
[34,413s][info][gc] GC(591) Pause Young (Prepare Mixed) (G1 Evacuation Pause) 904M->822M(1024M) 4,367ms
[34,445s][info][gc] GC(592) Pause Young (Mixed) (G1 Evacuation Pause) 865M->776M(1024M) 14,443ms
[34,479s][info][gc] GC(593) Pause Young (Mixed) (G1 Evacuation Pause) 823M->740M(1024M) 13,999ms
[34,509s][info][gc] GC(594) Pause Young (Mixed) (G1 Evacuation Pause) 784M->721M(1024M) 11,014ms
[34,584s][info][gc] GC(595) Pause Young (Normal) (G1 Evacuation Pause) 891M->734M(1024M) 5,105ms
[34,655s][info][gc] GC(596) Pause Young (Normal) (G1 Evacuation Pause) 893M->747M(1024M) 7,075ms
[34,719s][info][gc] GC(597) Pause Young (Concurrent Start) (G1 Evacuation Pause) 895M->759M(1024M) 5,747ms
[34,719s][info][gc] GC(598) Concurrent Mark Cycle
[34,788s][info][gc] GC(599) Pause Young (Normal) (G1 Evacuation Pause) 896M->770M(1024M) 5,289ms
[34,864s][info][gc] GC(600) Pause Young (Normal) (G1 Evacuation Pause) 898M->780M(1024M) 5,437ms
[34,931s][info][gc] GC(601) Pause Young (Normal) (G1 Evacuation Pause) 898M->789M(1024M) 4,905ms
[34,955s][info][gc] GC(598) Pause Remark 840M->840M(1024M) 0,729ms
[34,986s][info][gc] GC(602) Pause Young (Normal) (G1 Evacuation Pause) 900M->798M(1024M) 5,118ms
[35,035s][info][gc] GC(603) Pause Young (Normal) (G1 Evacuation Pause) 902M->807M(1024M) 4,990ms
[35,080s][info][gc] GC(604) Pause Young (Normal) (G1 Evacuation Pause) 903M->815M(1024M) 4,742ms
[35,110s][info][gc] GC(598) Pause Cleanup 884M->884M(1024M) 0,344ms
[35,111s][info][gc] GC(598) Concurrent Mark Cycle 391,717ms
[35,123s][info][gc] GC(605) Pause Young (Prepare Mixed) (G1 Evacuation Pause) 904M->822M(1024M) 4,488ms
[35,155s][info][gc] GC(606) Pause Young (Mixed) (G1 Evacuation Pause) 865M->776M(1024M) 14,362ms
[35,188s][info][gc] GC(607) Pause Young (Mixed) (G1 Evacuation Pause) 823M->740M(1024M) 14,425ms
[35,217s][info][gc] GC(608) Pause Young (Mixed) (G1 Evacuation Pause) 784M->721M(1024M) 11,116ms
[35,293s][info][gc] GC(609) Pause Young (Normal) (G1 Evacuation Pause) 891M->733M(1024M) 5,148ms
[35,365s][info][gc] GC(610) Pause Young (Normal) (G1 Evacuation Pause) 892M->747M(1024M) 7,158ms
[35,430s][info][gc] GC(611) Pause Young (Concurrent Start) (G1 Evacuation Pause) 895M->758M(1024M) 5,779ms
[35,430s][info][gc] GC(612) Concurrent Mark Cycle
[35,498s][info][gc] GC(613) Pause Young (Normal) (G1 Evacuation Pause) 896M->770M(1024M) 5,420ms
[35,560s][info][gc] GC(614) Pause Young (Normal) (G1 Evacuation Pause) 897M->780M(1024M) 5,190ms
[35,619s][info][gc] GC(615) Pause Young (Normal) (G1 Evacuation Pause) 899M->789M(1024M) 4,895ms
[35,643s][info][gc] GC(612) Pause Remark 840M->840M(1024M) 0,799ms
[35,673s][info][gc] GC(616) Pause Young (Normal) (G1 Evacuation Pause) 900M->798M(1024M) 5,074ms
[35,723s][info][gc] GC(617) Pause Young (Normal) (G1 Evacuation Pause) 902M->807M(1024M) 4,927ms
[35,768s][info][gc] GC(618) Pause Young (Normal) (G1 Evacuation Pause) 903M->815M(1024M) 4,734ms
[35,797s][info][gc] GC(612) Pause Cleanup 883M->883M(1024M) 0,316ms
[35,798s][info][gc] GC(612) Concurrent Mark Cycle 368,743ms
[35,811s][info][gc] GC(619) Pause Young (Prepare Mixed) (G1 Evacuation Pause) 904M->822M(1024M) 4,400ms
[35,843s][info][gc] GC(620) Pause Young (Mixed) (G1 Evacuation Pause) 865M->776M(1024M) 14,500ms
[35,878s][info][gc] GC(621) Pause Young (Mixed) (G1 Evacuation Pause) 823M->740M(1024M) 14,436ms
[35,907s][info][gc] GC(622) Pause Young (Mixed) (G1 Evacuation Pause) 784M->723M(1024M) 10,879ms
[35,981s][info][gc] GC(623) Pause Young (Normal) (G1 Evacuation Pause) 891M->735M(1024M) 5,217ms
[36,051s][info][gc] GC(624) Pause Young (Normal) (G1 Evacuation Pause) 892M->748M(1024M) 7,051ms
[36,115s][info][gc] GC(625) Pause Young (Concurrent Start) (G1 Evacuation Pause) 895M->760M(1024M) 5,523ms
[36,115s][info][gc] GC(626) Concurrent Mark Cycle
[36,182s][info][gc] GC(627) Pause Young (Normal) (G1 Evacuation Pause) 896M->771M(1024M) 5,406ms
[36,244s][info][gc] GC(628) Pause Young (Normal) (G1 Evacuation Pause) 898M->782M(1024M) 5,141ms
[36,302s][info][gc] GC(629) Pause Young (Normal) (G1 Evacuation Pause) 899M->790M(1024M) 4,716ms
[36,328s][info][gc] GC(626) Pause Remark 845M->845M(1024M) 0,762ms
[36,357s][info][gc] GC(630) Pause Young (Normal) (G1 Evacuation Pause) 900M->799M(1024M) 4,964ms
[36,405s][info][gc] GC(631) Pause Young (Normal) (G1 Evacuation Pause) 902M->808M(1024M) 4,900ms
[36,451s][info][gc] GC(632) Pause Young (Normal) (G1 Evacuation Pause) 903M->815M(1024M) 4,654ms
[36,484s][info][gc] GC(626) Pause Cleanup 891M->891M(1024M) 0,302ms
[36,485s][info][gc] GC(626) Concurrent Mark Cycle 370,259ms
[36,494s][info][gc] GC(633) Pause Young (Prepare Mixed) (G1 Evacuation Pause) 904M->822M(1024M) 4,359ms
[36,526s][info][gc] GC(634) Pause Young (Mixed) (G1 Evacuation Pause) 865M->776M(1024M) 13,879ms
[36,561s][info][gc] GC(635) Pause Young (Mixed) (G1 Evacuation Pause) 823M->740M(1024M) 14,742ms
[36,590s][info][gc] GC(636) Pause Young (Mixed) (G1 Evacuation Pause) 784M->721M(1024M) 10,957ms
[36,665s][info][gc] GC(637) Pause Young (Normal) (G1 Evacuation Pause) 891M->734M(1024M) 5,230ms
[36,736s][info][gc] GC(638) Pause Young (Normal) (G1 Evacuation Pause) 893M->747M(1024M) 7,121ms
[36,800s][info][gc] GC(639) Pause Young (Concurrent Start) (G1 Evacuation Pause) 894M->759M(1024M) 5,729ms
[36,800s][info][gc] GC(640) Concurrent Mark Cycle
[36,867s][info][gc] GC(641) Pause Young (Normal) (G1 Evacuation Pause) 896M->770M(1024M) 5,454ms
[36,930s][info][gc] GC(642) Pause Young (Normal) (G1 Evacuation Pause) 898M->781M(1024M) 5,109ms
[36,989s][info][gc] GC(643) Pause Young (Normal) (G1 Evacuation Pause) 899M->791M(1024M) 4,801ms
[37,012s][info][gc] GC(640) Pause Remark 841M->841M(1024M) 0,762ms
[37,043s][info][gc] GC(644) Pause Young (Normal) (G1 Evacuation Pause) 901M->799M(1024M) 4,903ms
[37,091s][info][gc] GC(645) Pause Young (Normal) (G1 Evacuation Pause) 902M->808M(1024M) 4,807ms
[37,136s][info][gc] GC(646) Pause Young (Normal) (G1 Evacuation Pause) 903M->815M(1024M) 4,708ms
[37,166s][info][gc] GC(640) Pause Cleanup 884M->884M(1024M) 0,364ms
[37,167s][info][gc] GC(640) Concurrent Mark Cycle 366,969ms
[37,179s][info][gc] GC(647) Pause Young (Prepare Mixed) (G1 Evacuation Pause) 904M->822M(1024M) 4,455ms
[37,210s][info][gc] GC(648) Pause Young (Mixed) (G1 Evacuation Pause) 865M->777M(1024M) 14,033ms
[37,244s][info][gc] GC(649) Pause Young (Mixed) (G1 Evacuation Pause) 824M->740M(1024M) 14,400ms
[37,273s][info][gc] GC(650) Pause Young (Mixed) (G1 Evacuation Pause) 784M->721M(1024M) 11,014ms
[37,349s][info][gc] GC(651) Pause Young (Normal) (G1 Evacuation Pause) 891M->733M(1024M) 5,226ms
[37,419s][info][gc] GC(652) Pause Young (Normal) (G1 Evacuation Pause) 892M->746M(1024M) 7,084ms
[37,484s][info][gc] GC(653) Pause Young (Concurrent Start) (G1 Evacuation Pause) 894M->757M(1024M) 5,817ms
[37,485s][info][gc] GC(654) Concurrent Mark Cycle
[37,553s][info][gc] GC(655) Pause Young (Normal) (G1 Evacuation Pause) 895M->769M(1024M) 5,419ms
[37,616s][info][gc] GC(656) Pause Young (Normal) (G1 Evacuation Pause) 898M->779M(1024M) 5,159ms
[37,675s][info][gc] GC(657) Pause Young (Normal) (G1 Evacuation Pause) 899M->788M(1024M) 4,885ms
[37,698s][info][gc] GC(654) Pause Remark 836M->836M(1024M) 0,919ms
[37,730s][info][gc] GC(658) Pause Young (Normal) (G1 Evacuation Pause) 900M->798M(1024M) 5,078ms
[37,779s][info][gc] GC(659) Pause Young (Normal) (G1 Evacuation Pause) 902M->806M(1024M) 4,946ms
[37,825s][info][gc] GC(660) Pause Young (Normal) (G1 Evacuation Pause) 903M->813M(1024M) 4,772ms
[37,852s][info][gc] GC(654) Pause Cleanup 875M->875M(1024M) 0,345ms
[37,854s][info][gc] GC(654) Concurrent Mark Cycle 369,025ms
[37,869s][info][gc] GC(661) Pause Young (Prepare Mixed) (G1 Evacuation Pause) 904M->821M(1024M) 4,513ms
[37,900s][info][gc] GC(662) Pause Young (Mixed) (G1 Evacuation Pause) 864M->775M(1024M) 14,258ms
[37,934s][info][gc] GC(663) Pause Young (Mixed) (G1 Evacuation Pause) 822M->739M(1024M) 14,299ms
[37,964s][info][gc] GC(664) Pause Young (Mixed) (G1 Evacuation Pause) 783M->722M(1024M) 11,242ms
[38,039s][info][gc] GC(665) Pause Young (Normal) (G1 Evacuation Pause) 891M->734M(1024M) 5,225ms
[38,109s][info][gc] GC(666) Pause Young (Normal) (G1 Evacuation Pause) 892M->747M(1024M) 6,994ms
[38,174s][info][gc] GC(667) Pause Young (Concurrent Start) (G1 Evacuation Pause) 895M->759M(1024M) 5,710ms
[38,174s][info][gc] GC(668) Concurrent Mark Cycle
[38,241s][info][gc] GC(669) Pause Young (Normal) (G1 Evacuation Pause) 896M->771M(1024M) 5,299ms
[38,309s][info][gc] GC(670) Pause Young (Normal) (G1 Evacuation Pause) 898M->781M(1024M) 4,998ms
[38,368s][info][gc] GC(671) Pause Young (Normal) (G1 Evacuation Pause) 899M->790M(1024M) 4,777ms
[38,392s][info][gc] GC(668) Pause Remark 842M->842M(1024M) 0,734ms
[38,422s][info][gc] GC(672) Pause Young (Normal) (G1 Evacuation Pause) 900M->799M(1024M) 5,025ms
[38,470s][info][gc] GC(673) Pause Young (Normal) (G1 Evacuation Pause) 902M->808M(1024M) 4,856ms
[38,515s][info][gc] GC(674) Pause Young (Normal) (G1 Evacuation Pause) 903M->815M(1024M) 4,681ms
[38,545s][info][gc] GC(668) Pause Cleanup 885M->885M(1024M) 0,371ms
[38,546s][info][gc] GC(668) Concurrent Mark Cycle 372,448ms
[38,558s][info][gc] GC(675) Pause Young (Prepare Mixed) (G1 Evacuation Pause) 904M->822M(1024M) 4,404ms
[38,590s][info][gc] GC(676) Pause Young (Mixed) (G1 Evacuation Pause) 865M->776M(1024M) 14,204ms
[38,624s][info][gc] GC(677) Pause Young (Mixed) (G1 Evacuation Pause) 823M->740M(1024M) 14,339ms
[38,654s][info][gc] GC(678) Pause Young (Mixed) (G1 Evacuation Pause) 784M->720M(1024M) 11,142ms
[38,731s][info][gc] GC(679) Pause Young (Normal) (G1 Evacuation Pause) 891M->733M(1024M) 5,243ms
[38,802s][info][gc] GC(680) Pause Young (Normal) (G1 Evacuation Pause) 893M->745M(1024M) 7,131ms
[38,868s][info][gc] GC(681) Pause Young (Concurrent Start) (G1 Evacuation Pause) 894M->758M(1024M) 5,672ms
[38,868s][info][gc] GC(682) Concurrent Mark Cycle
[38,936s][info][gc] GC(683) Pause Young (Normal) (G1 Evacuation Pause) 896M->769M(1024M) 5,555ms
[39,000s][info][gc] GC(684) Pause Young (Normal) (G1 Evacuation Pause) 898M->780M(1024M) 5,201ms
[39,058s][info][gc] GC(685) Pause Young (Normal) (G1 Evacuation Pause) 899M->789M(1024M) 4,814ms
[39,081s][info][gc] GC(682) Pause Remark 837M->837M(1024M) 0,764ms
[39,113s][info][gc] GC(686) Pause Young (Normal) (G1 Evacuation Pause) 900M->798M(1024M) 5,093ms
[39,162s][info][gc] GC(687) Pause Young (Normal) (G1 Evacuation Pause) 901M->807M(1024M) 4,979ms
[39,207s][info][gc] GC(688) Pause Young (Normal) (G1 Evacuation Pause) 903M->814M(1024M) 4,814ms
[39,234s][info][gc] GC(682) Pause Cleanup 877M->877M(1024M) 0,348ms
[39,235s][info][gc] GC(682) Concurrent Mark Cycle 367,765ms
[39,251s][info][gc] GC(689) Pause Young (Prepare Mixed) (G1 Evacuation Pause) 904M->822M(1024M) 4,482ms
[39,283s][info][gc] GC(690) Pause Young (Mixed) (G1 Evacuation Pause) 865M->776M(1024M) 14,432ms
[39,317s][info][gc] GC(691) Pause Young (Mixed) (G1 Evacuation Pause) 823M->739M(1024M) 14,148ms
[39,346s][info][gc] GC(692) Pause Young (Mixed) (G1 Evacuation Pause) 783M->722M(1024M) 10,865ms
[39,420s][info][gc] GC(693) Pause Young (Normal) (G1 Evacuation Pause) 891M->734M(1024M) 5,148ms
[39,493s][info][gc] GC(694) Pause Young (Normal) (G1 Evacuation Pause) 892M->748M(1024M) 7,218ms
[39,561s][info][gc] GC(695) Pause Young (Concurrent Start) (G1 Evacuation Pause) 895M->759M(1024M) 5,695ms
[39,561s][info][gc] GC(696) Concurrent Mark Cycle
[39,629s][info][gc] GC(697) Pause Young (Normal) (G1 Evacuation Pause) 896M->770M(1024M) 5,358ms
[39,692s][info][gc] GC(698) Pause Young (Normal) (G1 Evacuation Pause) 897M->781M(1024M) 5,040ms
[39,750s][info][gc] GC(699) Pause Young (Normal) (G1 Evacuation Pause) 899M->790M(1024M) 4,962ms
[39,775s][info][gc] GC(696) Pause Remark 842M->842M(1024M) 0,766ms
[39,805s][info][gc] GC(700) Pause Young (Normal) (G1 Evacuation Pause) 901M->799M(1024M) 4,987ms
[39,854s][info][gc] GC(701) Pause Young (Normal) (G1 Evacuation Pause) 902M->807M(1024M) 4,892ms
[39,899s][info][gc] GC(702) Pause Young (Normal) (G1 Evacuation Pause) 903M->814M(1024M) 4,703ms
[39,929s][info][gc] GC(696) Pause Cleanup 883M->883M(1024M) 0,509ms
[39,930s][info][gc] GC(696) Concurrent Mark Cycle 369,124ms
[39,943s][info][gc] GC(703) Pause Young (Prepare Mixed) (G1 Evacuation Pause) 903M->821M(1024M) 4,824ms
[39,976s][info][gc] GC(704) Pause Young (Mixed) (G1 Evacuation Pause) 864M->775M(1024M) 14,627ms
[40,010s][info][gc] GC(705) Pause Young (Mixed) (G1 Evacuation Pause) 822M->739M(1024M) 14,654ms
[40,040s][info][gc] GC(706) Pause Young (Mixed) (G1 Evacuation Pause) 783M->720M(1024M) 11,396ms
[40,116s][info][gc] GC(707) Pause Young (Normal) (G1 Evacuation Pause) 891M->732M(1024M) 5,186ms
[40,187s][info][gc] GC(708) Pause Young (Normal) (G1 Evacuation Pause) 892M->746M(1024M) 7,148ms
[40,253s][info][gc] GC(709) Pause Young (Concurrent Start) (G1 Evacuation Pause) 894M->759M(1024M) 5,745ms
[40,253s][info][gc] GC(710) Concurrent Mark Cycle
[40,320s][info][gc] GC(711) Pause Young (Normal) (G1 Evacuation Pause) 896M->769M(1024M) 5,410ms
[40,383s][info][gc] GC(712) Pause Young (Normal) (G1 Evacuation Pause) 897M->779M(1024M) 5,088ms
[40,442s][info][gc] GC(713) Pause Young (Normal) (G1 Evacuation Pause) 898M->789M(1024M) 4,805ms
[40,465s][info][gc] GC(710) Pause Remark 839M->839M(1024M) 0,700ms
[40,496s][info][gc] GC(714) Pause Young (Normal) (G1 Evacuation Pause) 900M->797M(1024M) 5,054ms
[40,545s][info][gc] GC(715) Pause Young (Normal) (G1 Evacuation Pause) 901M->806M(1024M) 4,907ms
[40,591s][info][gc] GC(716) Pause Young (Normal) (G1 Evacuation Pause) 903M->814M(1024M) 4,830ms
[40,619s][info][gc] GC(710) Pause Cleanup 878M->878M(1024M) 0,380ms
[40,620s][info][gc] GC(710) Concurrent Mark Cycle 367,251ms
[40,634s][info][gc] GC(717) Pause Young (Prepare Mixed) (G1 Evacuation Pause) 904M->821M(1024M) 4,409ms
[40,667s][info][gc] GC(718) Pause Young (Mixed) (G1 Evacuation Pause) 864M->776M(1024M) 14,491ms
[40,700s][info][gc] GC(719) Pause Young (Mixed) (G1 Evacuation Pause) 823M->740M(1024M) 14,459ms
[40,729s][info][gc] GC(720) Pause Young (Mixed) (G1 Evacuation Pause) 784M->721M(1024M) 10,689ms
[40,806s][info][gc] GC(721) Pause Young (Normal) (G1 Evacuation Pause) 891M->734M(1024M) 5,167ms
[40,877s][info][gc] GC(722) Pause Young (Normal) (G1 Evacuation Pause) 893M->748M(1024M) 7,085ms
[40,941s][info][gc] GC(723) Pause Young (Concurrent Start) (G1 Evacuation Pause) 895M->760M(1024M) 5,831ms
[40,941s][info][gc] GC(724) Concurrent Mark Cycle
[41,012s][info][gc] GC(725) Pause Young (Normal) (G1 Evacuation Pause) 896M->770M(1024M) 5,391ms
[41,075s][info][gc] GC(726) Pause Young (Normal) (G1 Evacuation Pause) 898M->781M(1024M) 5,124ms
[41,134s][info][gc] GC(727) Pause Young (Normal) (G1 Evacuation Pause) 899M->790M(1024M) 4,815ms
[41,158s][info][gc] GC(724) Pause Remark 843M->843M(1024M) 0,697ms
[41,188s][info][gc] GC(728) Pause Young (Normal) (G1 Evacuation Pause) 900M->799M(1024M) 4,995ms
[41,236s][info][gc] GC(729) Pause Young (Normal) (G1 Evacuation Pause) 902M->808M(1024M) 4,792ms
[41,282s][info][gc] GC(730) Pause Young (Normal) (G1 Evacuation Pause) 903M->815M(1024M) 4,779ms
[41,313s][info][gc] GC(724) Pause Cleanup 889M->889M(1024M) 0,375ms
[41,314s][info][gc] GC(724) Concurrent Mark Cycle 373,276ms
[41,324s][info][gc] GC(731) Pause Young (Prepare Mixed) (G1 Evacuation Pause) 904M->822M(1024M) 4,373ms
[41,357s][info][gc] GC(732) Pause Young (Mixed) (G1 Evacuation Pause) 865M->776M(1024M) 14,288ms
[41,390s][info][gc] GC(733) Pause Young (Mixed) (G1 Evacuation Pause) 822M->740M(1024M) 14,260ms
[41,420s][info][gc] GC(734) Pause Young (Mixed) (G1 Evacuation Pause) 784M->721M(1024M) 10,945ms
[41,495s][info][gc] GC(735) Pause Young (Normal) (G1 Evacuation Pause) 891M->734M(1024M) 5,243ms
[41,567s][info][gc] GC(736) Pause Young (Normal) (G1 Evacuation Pause) 893M->747M(1024M) 7,214ms
[41,633s][info][gc] GC(737) Pause Young (Concurrent Start) (G1 Evacuation Pause) 895M->759M(1024M) 5,698ms
[41,633s][info][gc] GC(738) Concurrent Mark Cycle
[41,700s][info][gc] GC(739) Pause Young (Normal) (G1 Evacuation Pause) 896M->769M(1024M) 5,362ms
[41,764s][info][gc] GC(740) Pause Young (Normal) (G1 Evacuation Pause) 898M->780M(1024M) 5,183ms
[41,823s][info][gc] GC(741) Pause Young (Normal) (G1 Evacuation Pause) 899M->789M(1024M) 4,899ms
[41,846s][info][gc] GC(738) Pause Remark 839M->839M(1024M) 0,860ms
[41,878s][info][gc] GC(742) Pause Young (Normal) (G1 Evacuation Pause) 900M->799M(1024M) 5,051ms
[41,926s][info][gc] GC(743) Pause Young (Normal) (G1 Evacuation Pause) 902M->806M(1024M) 4,934ms
[41,972s][info][gc] GC(744) Pause Young (Normal) (G1 Evacuation Pause) 902M->814M(1024M) 4,790ms
[42,001s][info][gc] GC(738) Pause Cleanup 881M->881M(1024M) 0,328ms
[42,002s][info][gc] GC(738) Concurrent Mark Cycle 369,171ms
[42,015s][info][gc] GC(745) Pause Young (Prepare Mixed) (G1 Evacuation Pause) 904M->821M(1024M) 4,261ms
[42,047s][info][gc] GC(746) Pause Young (Mixed) (G1 Evacuation Pause) 864M->775M(1024M) 14,058ms
[42,082s][info][gc] GC(747) Pause Young (Mixed) (G1 Evacuation Pause) 822M->739M(1024M) 14,483ms
[42,111s][info][gc] GC(748) Pause Young (Mixed) (G1 Evacuation Pause) 783M->723M(1024M) 10,940ms
[42,186s][info][gc] GC(749) Pause Young (Normal) (G1 Evacuation Pause) 891M->735M(1024M) 5,160ms
[42,257s][info][gc] GC(750) Pause Young (Normal) (G1 Evacuation Pause) 892M->749M(1024M) 6,998ms
[42,323s][info][gc] GC(751) Pause Young (Concurrent Start) (G1 Evacuation Pause) 895M->759M(1024M) 5,729ms
[42,323s][info][gc] GC(752) Concurrent Mark Cycle
[42,393s][info][gc] GC(753) Pause Young (Normal) (G1 Evacuation Pause) 896M->771M(1024M) 5,432ms
[42,461s][info][gc] GC(754) Pause Young (Normal) (G1 Evacuation Pause) 898M->781M(1024M) 4,914ms
[42,521s][info][gc] GC(755) Pause Young (Normal) (G1 Evacuation Pause) 898M->791M(1024M) 4,723ms
[42,547s][info][gc] GC(752) Pause Remark 846M->846M(1024M) 0,722ms
[42,576s][info][gc] GC(756) Pause Young (Normal) (G1 Evacuation Pause) 901M->800M(1024M) 5,013ms
[42,626s][info][gc] GC(757) Pause Young (Normal) (G1 Evacuation Pause) 902M->808M(1024M) 4,639ms
[42,672s][info][gc] GC(758) Pause Young (Normal) (G1 Evacuation Pause) 903M->815M(1024M) 4,648ms
[42,703s][info][gc] GC(752) Pause Cleanup 885M->885M(1024M) 0,349ms
[42,704s][info][gc] GC(752) Concurrent Mark Cycle 381,011ms
[42,715s][info][gc] GC(759) Pause Young (Prepare Mixed) (G1 Evacuation Pause) 904M->823M(1024M) 4,384ms
[42,747s][info][gc] GC(760) Pause Young (Mixed) (G1 Evacuation Pause) 866M->776M(1024M) 14,187ms
[42,782s][info][gc] GC(761) Pause Young (Mixed) (G1 Evacuation Pause) 823M->741M(1024M) 14,354ms
[42,812s][info][gc] GC(762) Pause Young (Mixed) (G1 Evacuation Pause) 785M->721M(1024M) 11,520ms
[42,891s][info][gc] GC(763) Pause Young (Normal) (G1 Evacuation Pause) 891M->733M(1024M) 5,173ms
[42,966s][info][gc] GC(764) Pause Young (Normal) (G1 Evacuation Pause) 892M->747M(1024M) 6,971ms
[43,034s][info][gc] GC(765) Pause Young (Concurrent Start) (G1 Evacuation Pause) 895M->758M(1024M) 5,786ms
[43,034s][info][gc] GC(766) Concurrent Mark Cycle
[43,101s][info][gc] GC(767) Pause Young (Normal) (G1 Evacuation Pause) 895M->769M(1024M) 5,414ms
[43,165s][info][gc] GC(768) Pause Young (Normal) (G1 Evacuation Pause) 897M->780M(1024M) 5,029ms
[43,224s][info][gc] GC(769) Pause Young (Normal) (G1 Evacuation Pause) 899M->788M(1024M) 4,868ms
[43,247s][info][gc] GC(766) Pause Remark 838M->838M(1024M) 0,781ms
[43,278s][info][gc] GC(770) Pause Young (Normal) (G1 Evacuation Pause) 899M->798M(1024M) 4,987ms
[43,327s][info][gc] GC(771) Pause Young (Normal) (G1 Evacuation Pause) 902M->806M(1024M) 4,937ms
[43,373s][info][gc] GC(772) Pause Young (Normal) (G1 Evacuation Pause) 903M->813M(1024M) 4,806ms
[43,401s][info][gc] GC(766) Pause Cleanup 878M->878M(1024M) 0,341ms
[43,403s][info][gc] GC(766) Concurrent Mark Cycle 368,750ms
[43,417s][info][gc] GC(773) Pause Young (Prepare Mixed) (G1 Evacuation Pause) 904M->821M(1024M) 4,393ms
[43,450s][info][gc] GC(774) Pause Young (Mixed) (G1 Evacuation Pause) 864M->774M(1024M) 14,487ms
[43,484s][info][gc] GC(775) Pause Young (Mixed) (G1 Evacuation Pause) 821M->737M(1024M) 14,406ms
[43,513s][info][gc] GC(776) Pause Young (Mixed) (G1 Evacuation Pause) 781M->720M(1024M) 10,186ms
[43,588s][info][gc] GC(777) Pause Young (Normal) (G1 Evacuation Pause) 891M->733M(1024M) 5,250ms
[43,660s][info][gc] GC(778) Pause Young (Normal) (G1 Evacuation Pause) 893M->747M(1024M) 7,081ms
[43,725s][info][gc] GC(779) Pause Young (Concurrent Start) (G1 Evacuation Pause) 895M->758M(1024M) 5,904ms
[43,726s][info][gc] GC(780) Concurrent Mark Cycle
[43,793s][info][gc] GC(781) Pause Young (Normal) (G1 Evacuation Pause) 896M->768M(1024M) 5,360ms
[43,857s][info][gc] GC(782) Pause Young (Normal) (G1 Evacuation Pause) 897M->779M(1024M) 5,169ms
[43,916s][info][gc] GC(783) Pause Young (Normal) (G1 Evacuation Pause) 899M->789M(1024M) 4,958ms
[43,939s][info][gc] GC(780) Pause Remark 837M->837M(1024M) 0,793ms
[43,971s][info][gc] GC(784) Pause Young (Normal) (G1 Evacuation Pause) 900M->798M(1024M) 5,054ms
[44,020s][info][gc] GC(785) Pause Young (Normal) (G1 Evacuation Pause) 901M->806M(1024M) 4,783ms
[44,066s][info][gc] GC(786) Pause Young (Normal) (G1 Evacuation Pause) 902M->814M(1024M) 4,728ms
[44,093s][info][gc] GC(780) Pause Cleanup 877M->877M(1024M) 0,335ms
[44,094s][info][gc] GC(780) Concurrent Mark Cycle 368,647ms
[44,109s][info][gc] GC(787) Pause Young (Prepare Mixed) (G1 Evacuation Pause) 904M->821M(1024M) 4,408ms
[44,141s][info][gc] GC(788) Pause Young (Mixed) (G1 Evacuation Pause) 864M->776M(1024M) 14,116ms
[44,175s][info][gc] GC(789) Pause Young (Mixed) (G1 Evacuation Pause) 823M->739M(1024M) 14,179ms
[44,205s][info][gc] GC(790) Pause Young (Mixed) (G1 Evacuation Pause) 783M->721M(1024M) 11,137ms
[44,280s][info][gc] GC(791) Pause Young (Normal) (G1 Evacuation Pause) 891M->733M(1024M) 5,243ms
[44,351s][info][gc] GC(792) Pause Young (Normal) (G1 Evacuation Pause) 892M->747M(1024M) 7,125ms
[44,424s][info][gc] GC(793) Pause Young (Concurrent Start) (G1 Evacuation Pause) 895M->758M(1024M) 5,651ms
[44,424s][info][gc] GC(794) Concurrent Mark Cycle
[44,495s][info][gc] GC(795) Pause Young (Normal) (G1 Evacuation Pause) 895M->770M(1024M) 5,662ms
[44,565s][info][gc] GC(796) Pause Young (Normal) (G1 Evacuation Pause) 898M->781M(1024M) 4,943ms
[44,627s][info][gc] GC(797) Pause Young (Normal) (G1 Evacuation Pause) 899M->790M(1024M) 4,453ms
[44,651s][info][gc] GC(794) Pause Remark 841M->841M(1024M) 0,542ms
[44,682s][info][gc] GC(798) Pause Young (Normal) (G1 Evacuation Pause) 900M->799M(1024M) 4,545ms
[44,732s][info][gc] GC(799) Pause Young (Normal) (G1 Evacuation Pause) 901M->807M(1024M) 4,763ms
[44,779s][info][gc] GC(800) Pause Young (Normal) (G1 Evacuation Pause) 903M->815M(1024M) 4,542ms
[44,808s][info][gc] GC(794) Pause Cleanup 882M->882M(1024M) 0,306ms
[44,809s][info][gc] GC(794) Concurrent Mark Cycle 385,620ms
[44,822s][info][gc] GC(801) Pause Young (Prepare Mixed) (G1 Evacuation Pause) 904M->822M(1024M) 4,397ms
[44,855s][info][gc] GC(802) Pause Young (Mixed) (G1 Evacuation Pause) 865M->777M(1024M) 14,631ms
[44,889s][info][gc] GC(803) Pause Young (Mixed) (G1 Evacuation Pause) 824M->740M(1024M) 14,509ms
[44,919s][info][gc] GC(804) Pause Young (Mixed) (G1 Evacuation Pause) 784M->721M(1024M) 11,613ms
[44,996s][info][gc] GC(805) Pause Young (Normal) (G1 Evacuation Pause) 891M->733M(1024M) 5,178ms
[45,069s][info][gc] GC(806) Pause Young (Normal) (G1 Evacuation Pause) 892M->747M(1024M) 7,094ms
[45,135s][info][gc] GC(807) Pause Young (Concurrent Start) (G1 Evacuation Pause) 895M->758M(1024M) 5,732ms
[45,135s][info][gc] GC(808) Concurrent Mark Cycle
[45,202s][info][gc] GC(809) Pause Young (Normal) (G1 Evacuation Pause) 895M->769M(1024M) 5,429ms
[45,266s][info][gc] GC(810) Pause Young (Normal) (G1 Evacuation Pause) 897M->780M(1024M) 5,078ms
[45,324s][info][gc] GC(811) Pause Young (Normal) (G1 Evacuation Pause) 899M->789M(1024M) 4,867ms
[45,348s][info][gc] GC(808) Pause Remark 839M->839M(1024M) 0,744ms
[45,379s][info][gc] GC(812) Pause Young (Normal) (G1 Evacuation Pause) 900M->798M(1024M) 5,105ms
[45,429s][info][gc] GC(813) Pause Young (Normal) (G1 Evacuation Pause) 902M->806M(1024M) 4,971ms
[45,475s][info][gc] GC(814) Pause Young (Normal) (G1 Evacuation Pause) 902M->814M(1024M) 4,776ms
[45,503s][info][gc] GC(808) Pause Cleanup 879M->879M(1024M) 0,361ms
[45,504s][info][gc] GC(808) Concurrent Mark Cycle 369,027ms
[45,518s][info][gc] GC(815) Pause Young (Prepare Mixed) (G1 Evacuation Pause) 904M->821M(1024M) 4,502ms
[45,551s][info][gc] GC(816) Pause Young (Mixed) (G1 Evacuation Pause) 864M->776M(1024M) 14,469ms
[45,584s][info][gc] GC(817) Pause Young (Mixed) (G1 Evacuation Pause) 823M->739M(1024M) 14,082ms
[45,614s][info][gc] GC(818) Pause Young (Mixed) (G1 Evacuation Pause) 783M->722M(1024M) 10,694ms
[45,688s][info][gc] GC(819) Pause Young (Normal) (G1 Evacuation Pause) 891M->734M(1024M) 5,095ms
[45,759s][info][gc] GC(820) Pause Young (Normal) (G1 Evacuation Pause) 892M->748M(1024M) 7,143ms
[45,824s][info][gc] GC(821) Pause Young (Concurrent Start) (G1 Evacuation Pause) 895M->759M(1024M) 5,681ms
[45,824s][info][gc] GC(822) Concurrent Mark Cycle
[45,891s][info][gc] GC(823) Pause Young (Normal) (G1 Evacuation Pause) 896M->769M(1024M) 5,438ms
[45,955s][info][gc] GC(824) Pause Young (Normal) (G1 Evacuation Pause) 898M->780M(1024M) 5,082ms
[46,013s][info][gc] GC(825) Pause Young (Normal) (G1 Evacuation Pause) 899M->790M(1024M) 4,860ms
[46,037s][info][gc] GC(822) Pause Remark 839M->839M(1024M) 0,931ms
[46,069s][info][gc] GC(826) Pause Young (Normal) (G1 Evacuation Pause) 901M->798M(1024M) 4,946ms
[46,118s][info][gc] GC(827) Pause Young (Normal) (G1 Evacuation Pause) 902M->807M(1024M) 4,935ms
[46,164s][info][gc] GC(828) Pause Young (Normal) (G1 Evacuation Pause) 903M->814M(1024M) 4,759ms
[46,191s][info][gc] GC(822) Pause Cleanup 879M->879M(1024M) 0,336ms
[46,193s][info][gc] GC(822) Concurrent Mark Cycle 368,815ms
[46,207s][info][gc] GC(829) Pause Young (Prepare Mixed) (G1 Evacuation Pause) 904M->822M(1024M) 4,517ms
[46,239s][info][gc] GC(830) Pause Young (Mixed) (G1 Evacuation Pause) 865M->776M(1024M) 14,194ms
[46,274s][info][gc] GC(831) Pause Young (Mixed) (G1 Evacuation Pause) 823M->739M(1024M) 14,464ms
[46,304s][info][gc] GC(832) Pause Young (Mixed) (G1 Evacuation Pause) 783M->719M(1024M) 11,531ms
[46,380s][info][gc] GC(833) Pause Young (Normal) (G1 Evacuation Pause) 891M->732M(1024M) 5,363ms
[46,452s][info][gc] GC(834) Pause Young (Normal) (G1 Evacuation Pause) 893M->745M(1024M) 7,224ms
[46,516s][info][gc] GC(835) Pause Young (Concurrent Start) (G1 Evacuation Pause) 893M->757M(1024M) 5,735ms
[46,516s][info][gc] GC(836) Concurrent Mark Cycle
[46,584s][info][gc] GC(837) Pause Young (Normal) (G1 Evacuation Pause) 895M->768M(1024M) 5,489ms
[46,648s][info][gc] GC(838) Pause Young (Normal) (G1 Evacuation Pause) 898M->779M(1024M) 5,129ms
[46,707s][info][gc] GC(839) Pause Young (Normal) (G1 Evacuation Pause) 899M->788M(1024M) 4,910ms
[46,728s][info][gc] GC(836) Pause Remark 833M->833M(1024M) 0,696ms
[46,762s][info][gc] GC(840) Pause Young (Normal) (G1 Evacuation Pause) 900M->797M(1024M) 5,133ms
[46,811s][info][gc] GC(841) Pause Young (Normal) (G1 Evacuation Pause) 901M->806M(1024M) 5,015ms
[46,857s][info][gc] GC(842) Pause Young (Normal) (G1 Evacuation Pause) 903M->813M(1024M) 4,866ms
[46,883s][info][gc] GC(836) Pause Cleanup 874M->874M(1024M) 0,386ms
[46,885s][info][gc] GC(836) Concurrent Mark Cycle 368,705ms
[46,901s][info][gc] GC(843) Pause Young (Prepare Mixed) (G1 Evacuation Pause) 904M->821M(1024M) 4,477ms
[46,932s][info][gc] GC(844) Pause Young (Mixed) (G1 Evacuation Pause) 864M->775M(1024M) 14,036ms
[46,966s][info][gc] GC(845) Pause Young (Mixed) (G1 Evacuation Pause) 822M->739M(1024M) 14,597ms
[46,994s][info][gc] GC(846) Pause Young (Mixed) (G1 Evacuation Pause) 783M->722M(1024M) 9,824ms
[47,069s][info][gc] GC(847) Pause Young (Normal) (G1 Evacuation Pause) 891M->735M(1024M) 5,195ms
[47,140s][info][gc] GC(848) Pause Young (Normal) (G1 Evacuation Pause) 893M->748M(1024M) 7,066ms
[47,205s][info][gc] GC(849) Pause Young (Concurrent Start) (G1 Evacuation Pause) 895M->759M(1024M) 5,571ms
[47,205s][info][gc] GC(850) Concurrent Mark Cycle
[47,272s][info][gc] GC(851) Pause Young (Normal) (G1 Evacuation Pause) 895M->770M(1024M) 5,409ms
[47,335s][info][gc] GC(852) Pause Young (Normal) (G1 Evacuation Pause) 898M->780M(1024M) 5,106ms
[47,393s][info][gc] GC(853) Pause Young (Normal) (G1 Evacuation Pause) 898M->789M(1024M) 5,007ms
[47,418s][info][gc] GC(850) Pause Remark 843M->843M(1024M) 0,801ms
[47,448s][info][gc] GC(854) Pause Young (Normal) (G1 Evacuation Pause) 900M->799M(1024M) 5,027ms
[47,497s][info][gc] GC(855) Pause Young (Normal) (G1 Evacuation Pause) 902M->807M(1024M) 4,895ms
[47,542s][info][gc] GC(856) Pause Young (Normal) (G1 Evacuation Pause) 902M->814M(1024M) 4,798ms
[47,573s][info][gc] GC(850) Pause Cleanup 887M->887M(1024M) 0,342ms
[47,574s][info][gc] GC(850) Concurrent Mark Cycle 369,292ms
[47,585s][info][gc] GC(857) Pause Young (Prepare Mixed) (G1 Evacuation Pause) 903M->822M(1024M) 4,417ms
[47,618s][info][gc] GC(858) Pause Young (Mixed) (G1 Evacuation Pause) 865M->776M(1024M) 14,570ms
[47,651s][info][gc] GC(859) Pause Young (Mixed) (G1 Evacuation Pause) 823M->740M(1024M) 14,380ms
[47,681s][info][gc] GC(860) Pause Young (Mixed) (G1 Evacuation Pause) 784M->721M(1024M) 11,826ms
[47,755s][info][gc] GC(861) Pause Young (Normal) (G1 Evacuation Pause) 891M->733M(1024M) 5,290ms
[47,827s][info][gc] GC(862) Pause Young (Normal) (G1 Evacuation Pause) 892M->746M(1024M) 7,085ms
[47,892s][info][gc] GC(863) Pause Young (Concurrent Start) (G1 Evacuation Pause) 894M->758M(1024M) 5,857ms
[47,892s][info][gc] GC(864) Concurrent Mark Cycle
[47,960s][info][gc] GC(865) Pause Young (Normal) (G1 Evacuation Pause) 896M->769M(1024M) 5,334ms
[48,023s][info][gc] GC(866) Pause Young (Normal) (G1 Evacuation Pause) 897M->779M(1024M) 5,049ms
[48,083s][info][gc] GC(867) Pause Young (Normal) (G1 Evacuation Pause) 899M->788M(1024M) 4,848ms
[48,106s][info][gc] GC(864) Pause Remark 837M->837M(1024M) 0,755ms
[48,138s][info][gc] GC(868) Pause Young (Normal) (G1 Evacuation Pause) 899M->797M(1024M) 5,073ms
[48,186s][info][gc] GC(869) Pause Young (Normal) (G1 Evacuation Pause) 901M->806M(1024M) 4,784ms
[48,232s][info][gc] GC(870) Pause Young (Normal) (G1 Evacuation Pause) 903M->813M(1024M) 4,746ms
[48,260s][info][gc] GC(864) Pause Cleanup 877M->877M(1024M) 0,348ms
[48,261s][info][gc] GC(864) Concurrent Mark Cycle 369,374ms
[48,276s][info][gc] GC(871) Pause Young (Prepare Mixed) (G1 Evacuation Pause) 904M->821M(1024M) 4,467ms
[48,308s][info][gc] GC(872) Pause Young (Mixed) (G1 Evacuation Pause) 864M->775M(1024M) 14,303ms
[48,343s][info][gc] GC(873) Pause Young (Mixed) (G1 Evacuation Pause) 822M->738M(1024M) 14,506ms
[48,372s][info][gc] GC(874) Pause Young (Mixed) (G1 Evacuation Pause) 782M->720M(1024M) 10,722ms
[48,447s][info][gc] GC(875) Pause Young (Normal) (G1 Evacuation Pause) 891M->732M(1024M) 5,280ms
[48,519s][info][gc] GC(876) Pause Young (Normal) (G1 Evacuation Pause) 892M->746M(1024M) 7,196ms
[48,583s][info][gc] GC(877) Pause Young (Concurrent Start) (G1 Evacuation Pause) 894M->757M(1024M) 5,727ms
[48,583s][info][gc] GC(878) Concurrent Mark Cycle
[48,651s][info][gc] GC(879) Pause Young (Normal) (G1 Evacuation Pause) 895M->768M(1024M) 5,426ms
[48,714s][info][gc] GC(880) Pause Young (Normal) (G1 Evacuation Pause) 897M->779M(1024M) 5,153ms
[48,774s][info][gc] GC(881) Pause Young (Normal) (G1 Evacuation Pause) 899M->788M(1024M) 4,909ms
[48,796s][info][gc] GC(878) Pause Remark 836M->836M(1024M) 0,900ms
[48,829s][info][gc] GC(882) Pause Young (Normal) (G1 Evacuation Pause) 900M->798M(1024M) 4,964ms
[48,878s][info][gc] GC(883) Pause Young (Normal) (G1 Evacuation Pause) 902M->806M(1024M) 4,920ms
[48,924s][info][gc] GC(884) Pause Young (Normal) (G1 Evacuation Pause) 903M->813M(1024M) 4,758ms
[48,950s][info][gc] GC(878) Pause Cleanup 875M->875M(1024M) 0,363ms
[48,952s][info][gc] GC(878) Concurrent Mark Cycle 368,506ms
[48,967s][info][gc] GC(885) Pause Young (Prepare Mixed) (G1 Evacuation Pause) 904M->821M(1024M) 4,494ms
[49,000s][info][gc] GC(886) Pause Young (Mixed) (G1 Evacuation Pause) 864M->775M(1024M) 14,563ms
[49,033s][info][gc] GC(887) Pause Young (Mixed) (G1 Evacuation Pause) 822M->739M(1024M) 14,349ms
[49,063s][info][gc] GC(888) Pause Young (Mixed) (G1 Evacuation Pause) 783M->722M(1024M) 10,479ms
[49,138s][info][gc] GC(889) Pause Young (Normal) (G1 Evacuation Pause) 891M->735M(1024M) 5,246ms
[49,208s][info][gc] GC(890) Pause Young (Normal) (G1 Evacuation Pause) 893M->748M(1024M) 7,091ms
[49,273s][info][gc] GC(891) Pause Young (Concurrent Start) (G1 Evacuation Pause) 895M->759M(1024M) 5,739ms
[49,273s][info][gc] GC(892) Concurrent Mark Cycle
[49,340s][info][gc] GC(893) Pause Young (Normal) (G1 Evacuation Pause) 896M->771M(1024M) 5,421ms
[49,403s][info][gc] GC(894) Pause Young (Normal) (G1 Evacuation Pause) 898M->781M(1024M) 5,113ms
[49,461s][info][gc] GC(895) Pause Young (Normal) (G1 Evacuation Pause) 899M->790M(1024M) 4,795ms
[49,485s][info][gc] GC(892) Pause Remark 842M->842M(1024M) 0,793ms
[49,515s][info][gc] GC(896) Pause Young (Normal) (G1 Evacuation Pause) 900M->799M(1024M) 4,912ms
[49,564s][info][gc] GC(897) Pause Young (Normal) (G1 Evacuation Pause) 902M->808M(1024M) 4,850ms
[49,609s][info][gc] GC(898) Pause Young (Normal) (G1 Evacuation Pause) 903M->815M(1024M) 4,702ms
[49,639s][info][gc] GC(892) Pause Cleanup 885M->885M(1024M) 0,321ms
[49,640s][info][gc] GC(892) Concurrent Mark Cycle 367,429ms
[49,652s][info][gc] GC(899) Pause Young (Prepare Mixed) (G1 Evacuation Pause) 904M->822M(1024M) 4,412ms
[49,685s][info][gc] GC(900) Pause Young (Mixed) (G1 Evacuation Pause) 865M->776M(1024M) 14,524ms
[49,719s][info][gc] GC(901) Pause Young (Mixed) (G1 Evacuation Pause) 823M->740M(1024M) 14,155ms
[49,749s][info][gc] GC(902) Pause Young (Mixed) (G1 Evacuation Pause) 784M->720M(1024M) 11,336ms
[49,825s][info][gc] GC(903) Pause Young (Normal) (G1 Evacuation Pause) 891M->732M(1024M) 5,225ms
[49,896s][info][gc] GC(904) Pause Young (Normal) (G1 Evacuation Pause) 892M->745M(1024M) 7,068ms
[49,963s][info][gc] GC(905) Pause Young (Concurrent Start) (G1 Evacuation Pause) 894M->758M(1024M) 6,814ms
[49,963s][info][gc] GC(906) Concurrent Mark Cycle
[50,031s][info][gc] GC(907) Pause Young (Normal) (G1 Evacuation Pause) 896M->769M(1024M) 5,489ms
[50,095s][info][gc] GC(908) Pause Young (Normal) (G1 Evacuation Pause) 897M->780M(1024M) 5,171ms
[50,153s][info][gc] GC(909) Pause Young (Normal) (G1 Evacuation Pause) 899M->789M(1024M) 4,750ms
[50,176s][info][gc] GC(906) Pause Remark 839M->839M(1024M) 0,643ms
[50,208s][info][gc] GC(910) Pause Young (Normal) (G1 Evacuation Pause) 900M->798M(1024M) 5,072ms
[50,257s][info][gc] GC(911) Pause Young (Normal) (G1 Evacuation Pause) 902M->806M(1024M) 4,902ms
[50,303s][info][gc] GC(912) Pause Young (Normal) (G1 Evacuation Pause) 902M->814M(1024M) 4,672ms
[50,331s][info][gc] GC(906) Pause Cleanup 878M->878M(1024M) 0,357ms
[50,332s][info][gc] GC(906) Concurrent Mark Cycle 368,521ms
[50,346s][info][gc] GC(913) Pause Young (Prepare Mixed) (G1 Evacuation Pause) 904M->822M(1024M) 4,345ms
[50,379s][info][gc] GC(914) Pause Young (Mixed) (G1 Evacuation Pause) 865M->776M(1024M) 14,532ms
[50,413s][info][gc] GC(915) Pause Young (Mixed) (G1 Evacuation Pause) 823M->741M(1024M) 14,191ms
[50,442s][info][gc] GC(916) Pause Young (Mixed) (G1 Evacuation Pause) 785M->723M(1024M) 10,938ms
[50,516s][info][gc] GC(917) Pause Young (Normal) (G1 Evacuation Pause) 891M->735M(1024M) 5,219ms
[50,587s][info][gc] GC(918) Pause Young (Normal) (G1 Evacuation Pause) 892M->748M(1024M) 6,979ms
[50,652s][info][gc] GC(919) Pause Young (Concurrent Start) (G1 Evacuation Pause) 895M->760M(1024M) 5,732ms
[50,652s][info][gc] GC(920) Concurrent Mark Cycle
[50,719s][info][gc] GC(921) Pause Young (Normal) (G1 Evacuation Pause) 896M->771M(1024M) 5,329ms
[50,781s][info][gc] GC(922) Pause Young (Normal) (G1 Evacuation Pause) 897M->782M(1024M) 4,977ms
[50,839s][info][gc] GC(923) Pause Young (Normal) (G1 Evacuation Pause) 899M->791M(1024M) 4,780ms
[50,865s][info][gc] GC(920) Pause Remark 847M->847M(1024M) 0,849ms
[50,894s][info][gc] GC(924) Pause Young (Normal) (G1 Evacuation Pause) 901M->799M(1024M) 4,995ms
[50,943s][info][gc] GC(925) Pause Young (Normal) (G1 Evacuation Pause) 902M->808M(1024M) 4,747ms
[50,989s][info][gc] GC(926) Pause Young (Normal) (G1 Evacuation Pause) 903M->815M(1024M) 4,567ms
[51,021s][info][gc] GC(920) Pause Cleanup 888M->888M(1024M) 0,385ms
[51,022s][info][gc] GC(920) Concurrent Mark Cycle 369,984ms
[51,032s][info][gc] GC(927) Pause Young (Prepare Mixed) (G1 Evacuation Pause) 904M->822M(1024M) 4,489ms
[51,064s][info][gc] GC(928) Pause Young (Mixed) (G1 Evacuation Pause) 865M->776M(1024M) 14,225ms
[51,098s][info][gc] GC(929) Pause Young (Mixed) (G1 Evacuation Pause) 823M->740M(1024M) 14,191ms
[51,126s][info][gc] GC(930) Pause Young (Mixed) (G1 Evacuation Pause) 784M->721M(1024M) 10,636ms
[51,201s][info][gc] GC(931) Pause Young (Normal) (G1 Evacuation Pause) 891M->733M(1024M) 5,145ms
[51,272s][info][gc] GC(932) Pause Young (Normal) (G1 Evacuation Pause) 892M->747M(1024M) 7,145ms
[51,337s][info][gc] GC(933) Pause Young (Concurrent Start) (G1 Evacuation Pause) 895M->758M(1024M) 5,754ms
[51,337s][info][gc] GC(934) Concurrent Mark Cycle
[51,404s][info][gc] GC(935) Pause Young (Normal) (G1 Evacuation Pause) 895M->769M(1024M) 5,391ms
[51,468s][info][gc] GC(936) Pause Young (Normal) (G1 Evacuation Pause) 898M->780M(1024M) 5,196ms
[51,527s][info][gc] GC(937) Pause Young (Normal) (G1 Evacuation Pause) 899M->789M(1024M) 4,821ms
[51,551s][info][gc] GC(934) Pause Remark 840M->840M(1024M) 0,797ms
[51,582s][info][gc] GC(938) Pause Young (Normal) (G1 Evacuation Pause) 900M->798M(1024M) 4,972ms
[51,631s][info][gc] GC(939) Pause Young (Normal) (G1 Evacuation Pause) 902M->806M(1024M) 4,906ms
[51,676s][info][gc] GC(940) Pause Young (Normal) (G1 Evacuation Pause) 902M->814M(1024M) 4,814ms
[51,705s][info][gc] GC(934) Pause Cleanup 881M->881M(1024M) 0,322ms
[51,706s][info][gc] GC(934) Concurrent Mark Cycle 369,102ms
[51,719s][info][gc] GC(941) Pause Young (Prepare Mixed) (G1 Evacuation Pause) 904M->821M(1024M) 4,347ms
[51,751s][info][gc] GC(942) Pause Young (Mixed) (G1 Evacuation Pause) 864M->776M(1024M) 14,469ms
[51,785s][info][gc] GC(943) Pause Young (Mixed) (G1 Evacuation Pause) 823M->741M(1024M) 14,511ms
[51,815s][info][gc] GC(944) Pause Young (Mixed) (G1 Evacuation Pause) 785M->721M(1024M) 11,382ms
[51,889s][info][gc] GC(945) Pause Young (Normal) (G1 Evacuation Pause) 891M->734M(1024M) 5,367ms
[51,960s][info][gc] GC(946) Pause Young (Normal) (G1 Evacuation Pause) 893M->747M(1024M) 7,134ms
[52,025s][info][gc] GC(947) Pause Young (Concurrent Start) (G1 Evacuation Pause) 895M->758M(1024M) 5,856ms
[52,025s][info][gc] GC(948) Concurrent Mark Cycle
[52,093s][info][gc] GC(949) Pause Young (Normal) (G1 Evacuation Pause) 896M->770M(1024M) 5,526ms
[52,155s][info][gc] GC(950) Pause Young (Normal) (G1 Evacuation Pause) 897M->780M(1024M) 5,018ms
[52,214s][info][gc] GC(951) Pause Young (Normal) (G1 Evacuation Pause) 899M->790M(1024M) 4,773ms
[52,238s][info][gc] GC(948) Pause Remark 841M->841M(1024M) 0,843ms
[52,269s][info][gc] GC(952) Pause Young (Normal) (G1 Evacuation Pause) 901M->798M(1024M) 5,085ms
[52,318s][info][gc] GC(953) Pause Young (Normal) (G1 Evacuation Pause) 902M->807M(1024M) 4,819ms
[52,365s][info][gc] GC(954) Pause Young (Normal) (G1 Evacuation Pause) 903M->814M(1024M) 4,735ms
[52,393s][info][gc] GC(948) Pause Cleanup 881M->881M(1024M) 0,380ms
[52,395s][info][gc] GC(948) Concurrent Mark Cycle 370,023ms
[52,408s][info][gc] GC(955) Pause Young (Prepare Mixed) (G1 Evacuation Pause) 903M->821M(1024M) 4,360ms
[52,441s][info][gc] GC(956) Pause Young (Mixed) (G1 Evacuation Pause) 864M->776M(1024M) 14,465ms
[52,475s][info][gc] GC(957) Pause Young (Mixed) (G1 Evacuation Pause) 823M->740M(1024M) 14,077ms
[52,505s][info][gc] GC(958) Pause Young (Mixed) (G1 Evacuation Pause) 784M->722M(1024M) 11,118ms
[52,580s][info][gc] GC(959) Pause Young (Normal) (G1 Evacuation Pause) 891M->734M(1024M) 5,311ms
[52,651s][info][gc] GC(960) Pause Young (Normal) (G1 Evacuation Pause) 892M->748M(1024M) 7,138ms
[52,715s][info][gc] GC(961) Pause Young (Concurrent Start) (G1 Evacuation Pause) 895M->759M(1024M) 5,655ms
[52,715s][info][gc] GC(962) Concurrent Mark Cycle
[52,782s][info][gc] GC(963) Pause Young (Normal) (G1 Evacuation Pause) 895M->770M(1024M) 5,469ms
[52,845s][info][gc] GC(964) Pause Young (Normal) (G1 Evacuation Pause) 898M->781M(1024M) 5,135ms
[52,903s][info][gc] GC(965) Pause Young (Normal) (G1 Evacuation Pause) 899M->790M(1024M) 4,713ms
[52,928s][info][gc] GC(962) Pause Remark 842M->842M(1024M) 0,798ms
[52,958s][info][gc] GC(966) Pause Young (Normal) (G1 Evacuation Pause) 900M->799M(1024M) 4,940ms
[53,007s][info][gc] GC(967) Pause Young (Normal) (G1 Evacuation Pause) 902M->808M(1024M) 4,847ms
[53,052s][info][gc] GC(968) Pause Young (Normal) (G1 Evacuation Pause) 903M->815M(1024M) 4,656ms
[53,083s][info][gc] GC(962) Pause Cleanup 888M->888M(1024M) 0,351ms
[53,084s][info][gc] GC(962) Concurrent Mark Cycle 369,490ms
[53,095s][info][gc] GC(969) Pause Young (Prepare Mixed) (G1 Evacuation Pause) 904M->823M(1024M) 4,419ms
[53,127s][info][gc] GC(970) Pause Young (Mixed) (G1 Evacuation Pause) 866M->777M(1024M) 13,882ms
[53,161s][info][gc] GC(971) Pause Young (Mixed) (G1 Evacuation Pause) 824M->741M(1024M) 14,309ms
[53,191s][info][gc] GC(972) Pause Young (Mixed) (G1 Evacuation Pause) 785M->721M(1024M) 11,704ms
[53,268s][info][gc] GC(973) Pause Young (Normal) (G1 Evacuation Pause) 891M->733M(1024M) 5,193ms
[53,340s][info][gc] GC(974) Pause Young (Normal) (G1 Evacuation Pause) 892M->747M(1024M) 7,144ms
[53,405s][info][gc] GC(975) Pause Young (Concurrent Start) (G1 Evacuation Pause) 895M->758M(1024M) 5,735ms
[53,405s][info][gc] GC(976) Concurrent Mark Cycle
[53,472s][info][gc] GC(977) Pause Young (Normal) (G1 Evacuation Pause) 895M->770M(1024M) 5,421ms
[53,535s][info][gc] GC(978) Pause Young (Normal) (G1 Evacuation Pause) 898M->780M(1024M) 5,156ms
[53,594s][info][gc] GC(979) Pause Young (Normal) (G1 Evacuation Pause) 899M->790M(1024M) 4,906ms
[53,617s][info][gc] GC(976) Pause Remark 840M->840M(1024M) 0,803ms
[53,649s][info][gc] GC(980) Pause Young (Normal) (G1 Evacuation Pause) 901M->799M(1024M) 4,988ms
[53,697s][info][gc] GC(981) Pause Young (Normal) (G1 Evacuation Pause) 902M->807M(1024M) 4,961ms
[53,743s][info][gc] GC(982) Pause Young (Normal) (G1 Evacuation Pause) 903M->814M(1024M) 4,735ms
[53,771s][info][gc] GC(976) Pause Cleanup 881M->881M(1024M) 0,341ms
[53,772s][info][gc] GC(976) Concurrent Mark Cycle 367,519ms
[53,785s][info][gc] GC(983) Pause Young (Prepare Mixed) (G1 Evacuation Pause) 903M->822M(1024M) 4,373ms
[53,818s][info][gc] GC(984) Pause Young (Mixed) (G1 Evacuation Pause) 865M->776M(1024M) 14,393ms
[53,852s][info][gc] GC(985) Pause Young (Mixed) (G1 Evacuation Pause) 823M->740M(1024M) 14,510ms
[53,880s][info][gc] GC(986) Pause Young (Mixed) (G1 Evacuation Pause) 784M->723M(1024M) 10,637ms
[53,954s][info][gc] GC(987) Pause Young (Normal) (G1 Evacuation Pause) 891M->735M(1024M) 5,357ms
[54,024s][info][gc] GC(988) Pause Young (Normal) (G1 Evacuation Pause) 892M->749M(1024M) 7,076ms
[54,088s][info][gc] GC(989) Pause Young (Concurrent Start) (G1 Evacuation Pause) 895M->760M(1024M) 5,651ms
[54,088s][info][gc] GC(990) Concurrent Mark Cycle
[54,155s][info][gc] GC(991) Pause Young (Normal) (G1 Evacuation Pause) 896M->771M(1024M) 5,316ms
[54,218s][info][gc] GC(992) Pause Young (Normal) (G1 Evacuation Pause) 898M->781M(1024M) 5,012ms
[54,276s][info][gc] GC(993) Pause Young (Normal) (G1 Evacuation Pause) 899M->790M(1024M) 4,726ms
[54,301s][info][gc] GC(990) Pause Remark 844M->844M(1024M) 0,861ms
[54,330s][info][gc] GC(994) Pause Young (Normal) (G1 Evacuation Pause) 900M->799M(1024M) 4,984ms
[54,378s][info][gc] GC(995) Pause Young (Normal) (G1 Evacuation Pause) 902M->808M(1024M) 4,802ms
[54,423s][info][gc] GC(996) Pause Young (Normal) (G1 Evacuation Pause) 903M->815M(1024M) 4,769ms
[54,454s][info][gc] GC(990) Pause Cleanup 886M->886M(1024M) 0,356ms
[54,455s][info][gc] GC(990) Concurrent Mark Cycle 366,671ms
[54,466s][info][gc] GC(997) Pause Young (Prepare Mixed) (G1 Evacuation Pause) 904M->822M(1024M) 4,425ms
[54,498s][info][gc] GC(998) Pause Young (Mixed) (G1 Evacuation Pause) 865M->776M(1024M) 14,499ms
[54,532s][info][gc] GC(999) Pause Young (Mixed) (G1 Evacuation Pause) 823M->740M(1024M) 14,592ms
[54,563s][info][gc] GC(1000) Pause Young (Mixed) (G1 Evacuation Pause) 784M->720M(1024M) 11,688ms
[54,639s][info][gc] GC(1001) Pause Young (Normal) (G1 Evacuation Pause) 891M->733M(1024M) 5,303ms
[54,710s][info][gc] GC(1002) Pause Young (Normal) (G1 Evacuation Pause) 893M->745M(1024M) 7,139ms
[54,776s][info][gc] GC(1003) Pause Young (Concurrent Start) (G1 Evacuation Pause) 894M->757M(1024M) 5,750ms
[54,776s][info][gc] GC(1004) Concurrent Mark Cycle
[54,843s][info][gc] GC(1005) Pause Young (Normal) (G1 Evacuation Pause) 895M->768M(1024M) 5,379ms
[54,907s][info][gc] GC(1006) Pause Young (Normal) (G1 Evacuation Pause) 897M->779M(1024M) 5,082ms
[54,966s][info][gc] GC(1007) Pause Young (Normal) (G1 Evacuation Pause) 899M->789M(1024M) 4,834ms
[54,989s][info][gc] GC(1004) Pause Remark 837M->837M(1024M) 0,943ms
[55,021s][info][gc] GC(1008) Pause Young (Normal) (G1 Evacuation Pause) 900M->798M(1024M) 5,025ms
[55,070s][info][gc] GC(1009) Pause Young (Normal) (G1 Evacuation Pause) 902M->807M(1024M) 4,966ms
[55,116s][info][gc] GC(1010) Pause Young (Normal) (G1 Evacuation Pause) 903M->814M(1024M) 4,770ms
[55,143s][info][gc] GC(1004) Pause Cleanup 877M->877M(1024M) 0,361ms
[55,144s][info][gc] GC(1004) Concurrent Mark Cycle 368,351ms
[55,159s][info][gc] GC(1011) Pause Young (Prepare Mixed) (G1 Evacuation Pause) 904M->822M(1024M) 4,355ms
[55,191s][info][gc] GC(1012) Pause Young (Mixed) (G1 Evacuation Pause) 865M->776M(1024M) 14,470ms
[55,225s][info][gc] GC(1013) Pause Young (Mixed) (G1 Evacuation Pause) 823M->739M(1024M) 14,269ms
[55,254s][info][gc] GC(1014) Pause Young (Mixed) (G1 Evacuation Pause) 783M->723M(1024M) 10,563ms
[55,328s][info][gc] GC(1015) Pause Young (Normal) (G1 Evacuation Pause) 891M->735M(1024M) 5,251ms
[55,397s][info][gc] GC(1016) Pause Young (Normal) (G1 Evacuation Pause) 892M->748M(1024M) 6,942ms
[55,462s][info][gc] GC(1017) Pause Young (Concurrent Start) (G1 Evacuation Pause) 895M->759M(1024M) 5,760ms
[55,462s][info][gc] GC(1018) Concurrent Mark Cycle
[55,529s][info][gc] GC(1019) Pause Young (Normal) (G1 Evacuation Pause) 896M->771M(1024M) 5,319ms
[55,592s][info][gc] GC(1020) Pause Young (Normal) (G1 Evacuation Pause) 898M->781M(1024M) 5,212ms
[55,650s][info][gc] GC(1021) Pause Young (Normal) (G1 Evacuation Pause) 899M->790M(1024M) 4,838ms
[55,675s][info][gc] GC(1018) Pause Remark 844M->844M(1024M) 0,884ms
[55,705s][info][gc] GC(1022) Pause Young (Normal) (G1 Evacuation Pause) 900M->799M(1024M) 4,945ms
[55,754s][info][gc] GC(1023) Pause Young (Normal) (G1 Evacuation Pause) 902M->808M(1024M) 4,844ms
[55,799s][info][gc] GC(1024) Pause Young (Normal) (G1 Evacuation Pause) 903M->815M(1024M) 4,672ms
[55,830s][info][gc] GC(1018) Pause Cleanup 887M->887M(1024M) 0,340ms
[55,831s][info][gc] GC(1018) Concurrent Mark Cycle 368,618ms
[55,841s][info][gc] GC(1025) Pause Young (Prepare Mixed) (G1 Evacuation Pause) 904M->822M(1024M) 4,452ms
[55,874s][info][gc] GC(1026) Pause Young (Mixed) (G1 Evacuation Pause) 865M->776M(1024M) 14,025ms
[55,908s][info][gc] GC(1027) Pause Young (Mixed) (G1 Evacuation Pause) 823M->740M(1024M) 14,248ms
[55,937s][info][gc] GC(1028) Pause Young (Mixed) (G1 Evacuation Pause) 784M->720M(1024M) 11,228ms
[56,013s][info][gc] GC(1029) Pause Young (Normal) (G1 Evacuation Pause) 891M->733M(1024M) 5,304ms
[56,084s][info][gc] GC(1030) Pause Young (Normal) (G1 Evacuation Pause) 893M->746M(1024M) 7,064ms
[56,149s][info][gc] GC(1031) Pause Young (Concurrent Start) (G1 Evacuation Pause) 894M->759M(1024M) 5,742ms
[56,149s][info][gc] GC(1032) Concurrent Mark Cycle
[56,217s][info][gc] GC(1033) Pause Young (Normal) (G1 Evacuation Pause) 896M->769M(1024M) 5,377ms
[56,280s][info][gc] GC(1034) Pause Young (Normal) (G1 Evacuation Pause) 897M->780M(1024M) 5,026ms
[56,338s][info][gc] GC(1035) Pause Young (Normal) (G1 Evacuation Pause) 899M->789M(1024M) 4,830ms
[56,362s][info][gc] GC(1032) Pause Remark 839M->839M(1024M) 0,792ms
[56,393s][info][gc] GC(1036) Pause Young (Normal) (G1 Evacuation Pause) 900M->798M(1024M) 5,056ms
[56,442s][info][gc] GC(1037) Pause Young (Normal) (G1 Evacuation Pause) 902M->806M(1024M) 4,967ms
[56,488s][info][gc] GC(1038) Pause Young (Normal) (G1 Evacuation Pause) 903M->814M(1024M) 4,766ms
[56,516s][info][gc] GC(1032) Pause Cleanup 878M->878M(1024M) 0,360ms
[56,517s][info][gc] GC(1032) Concurrent Mark Cycle 367,662ms
[56,531s][info][gc] GC(1039) Pause Young (Prepare Mixed) (G1 Evacuation Pause) 903M->821M(1024M) 4,334ms
[56,563s][info][gc] GC(1040) Pause Young (Mixed) (G1 Evacuation Pause) 864M->775M(1024M) 14,338ms
[56,597s][info][gc] GC(1041) Pause Young (Mixed) (G1 Evacuation Pause) 822M->739M(1024M) 14,816ms
[56,626s][info][gc] GC(1042) Pause Young (Mixed) (G1 Evacuation Pause) 783M->721M(1024M) 11,068ms
[56,701s][info][gc] GC(1043) Pause Young (Normal) (G1 Evacuation Pause) 891M->733M(1024M) 5,223ms
[56,772s][info][gc] GC(1044) Pause Young (Normal) (G1 Evacuation Pause) 892M->746M(1024M) 7,113ms
[56,837s][info][gc] GC(1045) Pause Young (Concurrent Start) (G1 Evacuation Pause) 894M->758M(1024M) 5,875ms
[56,838s][info][gc] GC(1046) Concurrent Mark Cycle
[56,905s][info][gc] GC(1047) Pause Young (Normal) (G1 Evacuation Pause) 896M->770M(1024M) 5,424ms
[56,968s][info][gc] GC(1048) Pause Young (Normal) (G1 Evacuation Pause) 898M->780M(1024M) 5,030ms
[57,027s][info][gc] GC(1049) Pause Young (Normal) (G1 Evacuation Pause) 898M->789M(1024M) 4,899ms
[57,050s][info][gc] GC(1046) Pause Remark 840M->840M(1024M) 0,746ms
[57,082s][info][gc] GC(1050) Pause Young (Normal) (G1 Evacuation Pause) 900M->798M(1024M) 4,995ms
[57,131s][info][gc] GC(1051) Pause Young (Normal) (G1 Evacuation Pause) 902M->807M(1024M) 4,970ms
[57,176s][info][gc] GC(1052) Pause Young (Normal) (G1 Evacuation Pause) 903M->814M(1024M) 4,784ms
[57,204s][info][gc] GC(1046) Pause Cleanup 877M->877M(1024M) 0,368ms
[57,205s][info][gc] GC(1046) Concurrent Mark Cycle 367,204ms
[57,220s][info][gc] GC(1053) Pause Young (Prepare Mixed) (G1 Evacuation Pause) 904M->822M(1024M) 4,369ms
[57,252s][info][gc] GC(1054) Pause Young (Mixed) (G1 Evacuation Pause) 865M->776M(1024M) 14,641ms
[57,286s][info][gc] GC(1055) Pause Young (Mixed) (G1 Evacuation Pause) 822M->739M(1024M) 14,286ms
[57,316s][info][gc] GC(1056) Pause Young (Mixed) (G1 Evacuation Pause) 783M->721M(1024M) 11,366ms
[57,391s][info][gc] GC(1057) Pause Young (Normal) (G1 Evacuation Pause) 891M->734M(1024M) 5,258ms
[57,462s][info][gc] GC(1058) Pause Young (Normal) (G1 Evacuation Pause) 893M->747M(1024M) 7,066ms
[57,528s][info][gc] GC(1059) Pause Young (Concurrent Start) (G1 Evacuation Pause) 895M->759M(1024M) 5,863ms
[57,528s][info][gc] GC(1060) Concurrent Mark Cycle
[57,595s][info][gc] GC(1061) Pause Young (Normal) (G1 Evacuation Pause) 896M->770M(1024M) 5,364ms
[57,658s][info][gc] GC(1062) Pause Young (Normal) (G1 Evacuation Pause) 898M->781M(1024M) 5,145ms
[57,716s][info][gc] GC(1063) Pause Young (Normal) (G1 Evacuation Pause) 899M->790M(1024M) 4,753ms
[57,740s][info][gc] GC(1060) Pause Remark 841M->841M(1024M) 0,758ms
[57,770s][info][gc] GC(1064) Pause Young (Normal) (G1 Evacuation Pause) 900M->799M(1024M) 5,009ms
[57,819s][info][gc] GC(1065) Pause Young (Normal) (G1 Evacuation Pause) 902M->808M(1024M) 4,859ms
[57,865s][info][gc] GC(1066) Pause Young (Normal) (G1 Evacuation Pause) 903M->815M(1024M) 4,745ms
[57,894s][info][gc] GC(1060) Pause Cleanup 884M->884M(1024M) 0,358ms
[57,895s][info][gc] GC(1060) Concurrent Mark Cycle 367,762ms
[57,907s][info][gc] GC(1067) Pause Young (Prepare Mixed) (G1 Evacuation Pause) 904M->822M(1024M) 4,420ms
[57,940s][info][gc] GC(1068) Pause Young (Mixed) (G1 Evacuation Pause) 865M->776M(1024M) 14,492ms
[57,974s][info][gc] GC(1069) Pause Young (Mixed) (G1 Evacuation Pause) 823M->740M(1024M) 14,122ms
[58,004s][info][gc] GC(1070) Pause Young (Mixed) (G1 Evacuation Pause) 784M->721M(1024M) 10,958ms
[58,079s][info][gc] GC(1071) Pause Young (Normal) (G1 Evacuation Pause) 891M->734M(1024M) 5,228ms
[58,150s][info][gc] GC(1072) Pause Young (Normal) (G1 Evacuation Pause) 893M->747M(1024M) 7,127ms
[58,214s][info][gc] GC(1073) Pause Young (Concurrent Start) (G1 Evacuation Pause) 895M->758M(1024M) 5,815ms
[58,214s][info][gc] GC(1074) Concurrent Mark Cycle
[58,281s][info][gc] GC(1075) Pause Young (Normal) (G1 Evacuation Pause) 895M->769M(1024M) 5,344ms
[58,345s][info][gc] GC(1076) Pause Young (Normal) (G1 Evacuation Pause) 898M->780M(1024M) 5,119ms
[58,403s][info][gc] GC(1077) Pause Young (Normal) (G1 Evacuation Pause) 899M->789M(1024M) 4,947ms
[58,426s][info][gc] GC(1074) Pause Remark 839M->839M(1024M) 0,741ms
[58,458s][info][gc] GC(1078) Pause Young (Normal) (G1 Evacuation Pause) 900M->798M(1024M) 5,090ms
[58,507s][info][gc] GC(1079) Pause Young (Normal) (G1 Evacuation Pause) 902M->807M(1024M) 4,891ms
[58,553s][info][gc] GC(1080) Pause Young (Normal) (G1 Evacuation Pause) 903M->814M(1024M) 4,726ms
[58,582s][info][gc] GC(1074) Pause Cleanup 883M->883M(1024M) 0,322ms
[58,584s][info][gc] GC(1074) Concurrent Mark Cycle 369,483ms
[58,596s][info][gc] GC(1081) Pause Young (Prepare Mixed) (G1 Evacuation Pause) 904M->821M(1024M) 4,442ms
[58,629s][info][gc] GC(1082) Pause Young (Mixed) (G1 Evacuation Pause) 864M->775M(1024M) 14,382ms
[58,662s][info][gc] GC(1083) Pause Young (Mixed) (G1 Evacuation Pause) 822M->739M(1024M) 14,185ms
[58,692s][info][gc] GC(1084) Pause Young (Mixed) (G1 Evacuation Pause) 783M->721M(1024M) 11,177ms
[58,766s][info][gc] GC(1085) Pause Young (Normal) (G1 Evacuation Pause) 891M->733M(1024M) 5,243ms
[58,838s][info][gc] GC(1086) Pause Young (Normal) (G1 Evacuation Pause) 892M->747M(1024M) 7,156ms
[58,902s][info][gc] GC(1087) Pause Young (Concurrent Start) (G1 Evacuation Pause) 895M->758M(1024M) 5,733ms
[58,902s][info][gc] GC(1088) Concurrent Mark Cycle
[58,970s][info][gc] GC(1089) Pause Young (Normal) (G1 Evacuation Pause) 895M->769M(1024M) 5,422ms
[59,033s][info][gc] GC(1090) Pause Young (Normal) (G1 Evacuation Pause) 897M->780M(1024M) 5,121ms
[59,091s][info][gc] GC(1091) Pause Young (Normal) (G1 Evacuation Pause) 899M->789M(1024M) 4,796ms
[59,116s][info][gc] GC(1088) Pause Remark 840M->840M(1024M) 0,866ms
[59,146s][info][gc] GC(1092) Pause Young (Normal) (G1 Evacuation Pause) 900M->798M(1024M) 5,119ms
[59,196s][info][gc] GC(1093) Pause Young (Normal) (G1 Evacuation Pause) 902M->806M(1024M) 4,939ms
[59,241s][info][gc] GC(1094) Pause Young (Normal) (G1 Evacuation Pause) 902M->814M(1024M) 4,696ms
[59,269s][info][gc] GC(1088) Pause Cleanup 880M->880M(1024M) 0,369ms
[59,271s][info][gc] GC(1088) Concurrent Mark Cycle 368,393ms
[59,284s][info][gc] GC(1095) Pause Young (Prepare Mixed) (G1 Evacuation Pause) 904M->821M(1024M) 4,331ms
[59,317s][info][gc] GC(1096) Pause Young (Mixed) (G1 Evacuation Pause) 864M->776M(1024M) 14,465ms
[59,351s][info][gc] GC(1097) Pause Young (Mixed) (G1 Evacuation Pause) 823M->740M(1024M) 14,773ms
[59,380s][info][gc] GC(1098) Pause Young (Mixed) (G1 Evacuation Pause) 784M->720M(1024M) 10,905ms
[59,454s][info][gc] GC(1099) Pause Young (Normal) (G1 Evacuation Pause) 891M->733M(1024M) 5,227ms
[59,526s][info][gc] GC(1100) Pause Young (Normal) (G1 Evacuation Pause) 893M->746M(1024M) 7,212ms
[59,590s][info][gc] GC(1101) Pause Young (Concurrent Start) (G1 Evacuation Pause) 894M->758M(1024M) 5,924ms
[59,590s][info][gc] GC(1102) Concurrent Mark Cycle
[59,658s][info][gc] GC(1103) Pause Young (Normal) (G1 Evacuation Pause) 895M->770M(1024M) 5,388ms
[59,721s][info][gc] GC(1104) Pause Young (Normal) (G1 Evacuation Pause) 898M->780M(1024M) 5,167ms
[59,779s][info][gc] GC(1105) Pause Young (Normal) (G1 Evacuation Pause) 898M->789M(1024M) 4,875ms
[59,803s][info][gc] GC(1102) Pause Remark 840M->840M(1024M) 0,802ms
[59,834s][info][gc] GC(1106) Pause Young (Normal) (G1 Evacuation Pause) 900M->799M(1024M) 5,015ms
[59,883s][info][gc] GC(1107) Pause Young (Normal) (G1 Evacuation Pause) 902M->807M(1024M) 4,822ms
[59,929s][info][gc] GC(1108) Pause Young (Normal) (G1 Evacuation Pause) 903M->814M(1024M) 4,573ms
[59,958s][info][gc] GC(1102) Pause Cleanup 882M->882M(1024M) 0,313ms
[59,959s][info][gc] GC(1102) Concurrent Mark Cycle 368,931ms
[59,973s][info][gc] GC(1109) Pause Young (Prepare Mixed) (G1 Evacuation Pause) 904M->821M(1024M) 4,287ms
[60,006s][info][gc] GC(1110) Pause Young (Mixed) (G1 Evacuation Pause) 864M->776M(1024M) 14,497ms
[60,040s][info][gc] GC(1111) Pause Young (Mixed) (G1 Evacuation Pause) 823M->741M(1024M) 14,128ms
[60,070s][info][gc] GC(1112) Pause Young (Mixed) (G1 Evacuation Pause) 785M->721M(1024M) 11,436ms
[60,145s][info][gc] GC(1113) Pause Young (Normal) (G1 Evacuation Pause) 891M->734M(1024M) 5,279ms
[60,216s][info][gc] GC(1114) Pause Young (Normal) (G1 Evacuation Pause) 893M->747M(1024M) 7,130ms
[60,281s][info][gc] GC(1115) Pause Young (Concurrent Start) (G1 Evacuation Pause) 895M->759M(1024M) 5,747ms
[60,281s][info][gc] GC(1116) Concurrent Mark Cycle
[60,348s][info][gc] GC(1117) Pause Young (Normal) (G1 Evacuation Pause) 895M->770M(1024M) 5,365ms
[60,411s][info][gc] GC(1118) Pause Young (Normal) (G1 Evacuation Pause) 898M->781M(1024M) 5,093ms
[60,470s][info][gc] GC(1119) Pause Young (Normal) (G1 Evacuation Pause) 899M->790M(1024M) 4,805ms
[60,495s][info][gc] GC(1116) Pause Remark 843M->843M(1024M) 0,869ms
[60,524s][info][gc] GC(1120) Pause Young (Normal) (G1 Evacuation Pause) 901M->798M(1024M) 4,984ms
[60,573s][info][gc] GC(1121) Pause Young (Normal) (G1 Evacuation Pause) 902M->807M(1024M) 4,909ms
[60,619s][info][gc] GC(1122) Pause Young (Normal) (G1 Evacuation Pause) 903M->814M(1024M) 4,814ms
[60,649s][info][gc] GC(1116) Pause Cleanup 886M->886M(1024M) 0,339ms
[60,651s][info][gc] GC(1116) Concurrent Mark Cycle 369,287ms
[60,662s][info][gc] GC(1123) Pause Young (Prepare Mixed) (G1 Evacuation Pause) 904M->822M(1024M) 4,357ms
[60,694s][info][gc] GC(1124) Pause Young (Mixed) (G1 Evacuation Pause) 865M->775M(1024M) 14,476ms
[60,728s][info][gc] GC(1125) Pause Young (Mixed) (G1 Evacuation Pause) 822M->739M(1024M) 14,239ms
[60,758s][info][gc] GC(1126) Pause Young (Mixed) (G1 Evacuation Pause) 783M->720M(1024M) 11,202ms
[60,834s][info][gc] GC(1127) Pause Young (Normal) (G1 Evacuation Pause) 891M->733M(1024M) 5,224ms
[60,907s][info][gc] GC(1128) Pause Young (Normal) (G1 Evacuation Pause) 893M->746M(1024M) 7,090ms
[60,973s][info][gc] GC(1129) Pause Young (Concurrent Start) (G1 Evacuation Pause) 894M->758M(1024M) 5,707ms
[60,973s][info][gc] GC(1130) Concurrent Mark Cycle
[61,041s][info][gc] GC(1131) Pause Young (Normal) (G1 Evacuation Pause) 896M->769M(1024M) 5,440ms
[61,104s][info][gc] GC(1132) Pause Young (Normal) (G1 Evacuation Pause) 897M->780M(1024M) 5,009ms
[61,162s][info][gc] GC(1133) Pause Young (Normal) (G1 Evacuation Pause) 899M->789M(1024M) 4,886ms
[61,186s][info][gc] GC(1130) Pause Remark 839M->839M(1024M) 0,825ms
[61,217s][info][gc] GC(1134) Pause Young (Normal) (G1 Evacuation Pause) 900M->798M(1024M) 5,029ms
[61,266s][info][gc] GC(1135) Pause Young (Normal) (G1 Evacuation Pause) 902M->807M(1024M) 4,824ms
[61,312s][info][gc] GC(1136) Pause Young (Normal) (G1 Evacuation Pause) 903M->814M(1024M) 4,726ms
[61,340s][info][gc] GC(1130) Pause Cleanup 881M->881M(1024M) 0,331ms
[61,342s][info][gc] GC(1130) Concurrent Mark Cycle 368,862ms
[61,355s][info][gc] GC(1137) Pause Young (Prepare Mixed) (G1 Evacuation Pause) 904M->821M(1024M) 4,379ms
[61,388s][info][gc] GC(1138) Pause Young (Mixed) (G1 Evacuation Pause) 864M->776M(1024M) 14,532ms
[61,422s][info][gc] GC(1139) Pause Young (Mixed) (G1 Evacuation Pause) 823M->739M(1024M) 13,875ms
[61,450s][info][gc] GC(1140) Pause Young (Mixed) (G1 Evacuation Pause) 783M->721M(1024M) 10,331ms
[61,526s][info][gc] GC(1141) Pause Young (Normal) (G1 Evacuation Pause) 891M->733M(1024M) 5,220ms
[61,596s][info][gc] GC(1142) Pause Young (Normal) (G1 Evacuation Pause) 892M->747M(1024M) 7,225ms
[61,661s][info][gc] GC(1143) Pause Young (Concurrent Start) (G1 Evacuation Pause) 895M->758M(1024M) 5,729ms
[61,661s][info][gc] GC(1144) Concurrent Mark Cycle
[61,729s][info][gc] GC(1145) Pause Young (Normal) (G1 Evacuation Pause) 895M->769M(1024M) 5,421ms
[61,792s][info][gc] GC(1146) Pause Young (Normal) (G1 Evacuation Pause) 897M->780M(1024M) 5,088ms
[61,851s][info][gc] GC(1147) Pause Young (Normal) (G1 Evacuation Pause) 899M->789M(1024M) 4,883ms
[61,874s][info][gc] GC(1144) Pause Remark 839M->839M(1024M) 0,910ms
[61,906s][info][gc] GC(1148) Pause Young (Normal) (G1 Evacuation Pause) 900M->799M(1024M) 4,970ms
[61,954s][info][gc] GC(1149) Pause Young (Normal) (G1 Evacuation Pause) 902M->807M(1024M) 4,752ms
[62,000s][info][gc] GC(1150) Pause Young (Normal) (G1 Evacuation Pause) 903M->814M(1024M) 4,681ms
[62,028s][info][gc] GC(1144) Pause Cleanup 881M->881M(1024M) 0,381ms
[62,030s][info][gc] GC(1144) Concurrent Mark Cycle 368,397ms
[62,043s][info][gc] GC(1151) Pause Young (Prepare Mixed) (G1 Evacuation Pause) 903M->822M(1024M) 4,443ms
[62,075s][info][gc] GC(1152) Pause Young (Mixed) (G1 Evacuation Pause) 865M->777M(1024M) 14,706ms
[62,109s][info][gc] GC(1153) Pause Young (Mixed) (G1 Evacuation Pause) 824M->741M(1024M) 14,413ms
[62,138s][info][gc] GC(1154) Pause Young (Mixed) (G1 Evacuation Pause) 785M->723M(1024M) 10,760ms
[62,212s][info][gc] GC(1155) Pause Young (Normal) (G1 Evacuation Pause) 891M->735M(1024M) 5,307ms
[62,283s][info][gc] GC(1156) Pause Young (Normal) (G1 Evacuation Pause) 892M->748M(1024M) 7,121ms
[62,349s][info][gc] GC(1157) Pause Young (Concurrent Start) (G1 Evacuation Pause) 895M->759M(1024M) 5,702ms
[62,349s][info][gc] GC(1158) Concurrent Mark Cycle
[62,416s][info][gc] GC(1159) Pause Young (Normal) (G1 Evacuation Pause) 896M->770M(1024M) 5,350ms
[62,478s][info][gc] GC(1160) Pause Young (Normal) (G1 Evacuation Pause) 897M->781M(1024M) 5,129ms
[62,536s][info][gc] GC(1161) Pause Young (Normal) (G1 Evacuation Pause) 899M->789M(1024M) 4,801ms
[62,561s][info][gc] GC(1158) Pause Remark 843M->843M(1024M) 0,834ms
[62,591s][info][gc] GC(1162) Pause Young (Normal) (G1 Evacuation Pause) 900M->798M(1024M) 4,916ms
[62,640s][info][gc] GC(1163) Pause Young (Normal) (G1 Evacuation Pause) 902M->807M(1024M) 4,874ms
[62,686s][info][gc] GC(1164) Pause Young (Normal) (G1 Evacuation Pause) 903M->815M(1024M) 4,724ms
[62,716s][info][gc] GC(1158) Pause Cleanup 885M->885M(1024M) 0,342ms
[62,717s][info][gc] GC(1158) Concurrent Mark Cycle 368,280ms
[62,729s][info][gc] GC(1165) Pause Young (Prepare Mixed) (G1 Evacuation Pause) 904M->822M(1024M) 4,359ms
[62,761s][info][gc] GC(1166) Pause Young (Mixed) (G1 Evacuation Pause) 865M->776M(1024M) 14,007ms
[62,795s][info][gc] GC(1167) Pause Young (Mixed) (G1 Evacuation Pause) 823M->739M(1024M) 14,274ms
[62,825s][info][gc] GC(1168) Pause Young (Mixed) (G1 Evacuation Pause) 783M->720M(1024M) 11,493ms
[62,900s][info][gc] GC(1169) Pause Young (Normal) (G1 Evacuation Pause) 891M->733M(1024M) 5,189ms
[62,971s][info][gc] GC(1170) Pause Young (Normal) (G1 Evacuation Pause) 893M->746M(1024M) 7,108ms
[63,036s][info][gc] GC(1171) Pause Young (Concurrent Start) (G1 Evacuation Pause) 894M->759M(1024M) 5,798ms
[63,036s][info][gc] GC(1172) Concurrent Mark Cycle
[63,104s][info][gc] GC(1173) Pause Young (Normal) (G1 Evacuation Pause) 896M->769M(1024M) 5,332ms
[63,167s][info][gc] GC(1174) Pause Young (Normal) (G1 Evacuation Pause) 898M->780M(1024M) 5,122ms
[63,226s][info][gc] GC(1175) Pause Young (Normal) (G1 Evacuation Pause) 899M->789M(1024M) 4,909ms
[63,249s][info][gc] GC(1172) Pause Remark 839M->839M(1024M) 0,756ms
[63,280s][info][gc] GC(1176) Pause Young (Normal) (G1 Evacuation Pause) 900M->798M(1024M) 4,966ms
[63,329s][info][gc] GC(1177) Pause Young (Normal) (G1 Evacuation Pause) 902M->807M(1024M) 4,914ms
[63,375s][info][gc] GC(1178) Pause Young (Normal) (G1 Evacuation Pause) 903M->814M(1024M) 4,743ms
[63,403s][info][gc] GC(1172) Pause Cleanup 879M->879M(1024M) 0,361ms
[63,404s][info][gc] GC(1172) Concurrent Mark Cycle 367,466ms
[63,418s][info][gc] GC(1179) Pause Young (Prepare Mixed) (G1 Evacuation Pause) 904M->821M(1024M) 4,447ms
[63,450s][info][gc] GC(1180) Pause Young (Mixed) (G1 Evacuation Pause) 864M->776M(1024M) 14,258ms
[63,483s][info][gc] GC(1181) Pause Young (Mixed) (G1 Evacuation Pause) 823M->740M(1024M) 14,149ms
[63,513s][info][gc] GC(1182) Pause Young (Mixed) (G1 Evacuation Pause) 784M->721M(1024M) 11,072ms
[63,588s][info][gc] GC(1183) Pause Young (Normal) (G1 Evacuation Pause) 891M->733M(1024M) 5,106ms
[63,659s][info][gc] GC(1184) Pause Young (Normal) (G1 Evacuation Pause) 892M->746M(1024M) 7,069ms
[63,724s][info][gc] GC(1185) Pause Young (Concurrent Start) (G1 Evacuation Pause) 894M->757M(1024M) 5,646ms
[63,724s][info][gc] GC(1186) Concurrent Mark Cycle
[63,792s][info][gc] GC(1187) Pause Young (Normal) (G1 Evacuation Pause) 896M->769M(1024M) 5,495ms
[63,856s][info][gc] GC(1188) Pause Young (Normal) (G1 Evacuation Pause) 898M->779M(1024M) 5,018ms
[63,915s][info][gc] GC(1189) Pause Young (Normal) (G1 Evacuation Pause) 899M->788M(1024M) 4,962ms
[63,937s][info][gc] GC(1186) Pause Remark 835M->835M(1024M) 0,825ms
[63,969s][info][gc] GC(1190) Pause Young (Normal) (G1 Evacuation Pause) 899M->798M(1024M) 5,017ms
[64,018s][info][gc] GC(1191) Pause Young (Normal) (G1 Evacuation Pause) 902M->807M(1024M) 4,861ms
[64,064s][info][gc] GC(1192) Pause Young (Normal) (G1 Evacuation Pause) 903M->814M(1024M) 4,764ms
[64,091s][info][gc] GC(1186) Pause Cleanup 877M->877M(1024M) 0,388ms
[64,092s][info][gc] GC(1186) Concurrent Mark Cycle 368,259ms
[64,107s][info][gc] GC(1193) Pause Young (Prepare Mixed) (G1 Evacuation Pause) 904M->821M(1024M) 4,384ms
[64,139s][info][gc] GC(1194) Pause Young (Mixed) (G1 Evacuation Pause) 864M->776M(1024M) 14,320ms
[64,174s][info][gc] GC(1195) Pause Young (Mixed) (G1 Evacuation Pause) 823M->739M(1024M) 14,388ms
[64,203s][info][gc] GC(1196) Pause Young (Mixed) (G1 Evacuation Pause) 783M->720M(1024M) 10,582ms
[64,278s][info][gc] GC(1197) Pause Young (Normal) (G1 Evacuation Pause) 891M->732M(1024M) 5,239ms
[64,350s][info][gc] GC(1198) Pause Young (Normal) (G1 Evacuation Pause) 892M->745M(1024M) 7,189ms
[64,415s][info][gc] GC(1199) Pause Young (Concurrent Start) (G1 Evacuation Pause) 894M->758M(1024M) 5,823ms
[64,415s][info][gc] GC(1200) Concurrent Mark Cycle
[64,483s][info][gc] GC(1201) Pause Young (Normal) (G1 Evacuation Pause) 896M->768M(1024M) 5,280ms
[64,546s][info][gc] GC(1202) Pause Young (Normal) (G1 Evacuation Pause) 897M->779M(1024M) 5,109ms
[64,606s][info][gc] GC(1203) Pause Young (Normal) (G1 Evacuation Pause) 899M->789M(1024M) 4,860ms
[64,629s][info][gc] GC(1200) Pause Remark 837M->837M(1024M) 0,720ms
[64,661s][info][gc] GC(1204) Pause Young (Normal) (G1 Evacuation Pause) 900M->798M(1024M) 5,003ms
[64,710s][info][gc] GC(1205) Pause Young (Normal) (G1 Evacuation Pause) 902M->806M(1024M) 4,862ms
[64,756s][info][gc] GC(1206) Pause Young (Normal) (G1 Evacuation Pause) 903M->814M(1024M) 4,822ms
[64,784s][info][gc] GC(1200) Pause Cleanup 879M->879M(1024M) 0,388ms
[64,786s][info][gc] GC(1200) Concurrent Mark Cycle 370,711ms
[64,800s][info][gc] GC(1207) Pause Young (Prepare Mixed) (G1 Evacuation Pause) 904M->821M(1024M) 4,550ms
[64,839s][info][gc] GC(1208) Pause Young (Mixed) (G1 Evacuation Pause) 864M->776M(1024M) 17,609ms
[64,882s][info][gc] GC(1209) Pause Young (Mixed) (G1 Evacuation Pause) 823M->740M(1024M) 16,198ms
[64,915s][info][gc] GC(1210) Pause Young (Mixed) (G1 Evacuation Pause) 784M->720M(1024M) 11,731ms
[64,991s][info][gc] GC(1211) Pause Young (Normal) (G1 Evacuation Pause) 891M->732M(1024M) 5,295ms
[65,062s][info][gc] GC(1212) Pause Young (Normal) (G1 Evacuation Pause) 892M->746M(1024M) 7,120ms
[65,128s][info][gc] GC(1213) Pause Young (Concurrent Start) (G1 Evacuation Pause) 894M->758M(1024M) 5,821ms
[65,128s][info][gc] GC(1214) Concurrent Mark Cycle
[65,195s][info][gc] GC(1215) Pause Young (Normal) (G1 Evacuation Pause) 896M->769M(1024M) 5,443ms
[65,258s][info][gc] GC(1216) Pause Young (Normal) (G1 Evacuation Pause) 897M->779M(1024M) 5,136ms
[65,317s][info][gc] GC(1217) Pause Young (Normal) (G1 Evacuation Pause) 899M->788M(1024M) 4,907ms
[65,340s][info][gc] GC(1214) Pause Remark 837M->837M(1024M) 0,817ms
[65,372s][info][gc] GC(1218) Pause Young (Normal) (G1 Evacuation Pause) 899M->798M(1024M) 5,084ms
[65,421s][info][gc] GC(1219) Pause Young (Normal) (G1 Evacuation Pause) 902M->806M(1024M) 4,937ms
[65,467s][info][gc] GC(1220) Pause Young (Normal) (G1 Evacuation Pause) 903M->813M(1024M) 4,724ms
[65,495s][info][gc] GC(1214) Pause Cleanup 879M->879M(1024M) 0,360ms
[65,496s][info][gc] GC(1214) Concurrent Mark Cycle 368,153ms
[65,510s][info][gc] GC(1221) Pause Young (Prepare Mixed) (G1 Evacuation Pause) 904M->821M(1024M) 4,470ms
[65,542s][info][gc] GC(1222) Pause Young (Mixed) (G1 Evacuation Pause) 864M->775M(1024M) 14,329ms
[65,576s][info][gc] GC(1223) Pause Young (Mixed) (G1 Evacuation Pause) 822M->740M(1024M) 14,114ms
[65,604s][info][gc] GC(1224) Pause Young (Mixed) (G1 Evacuation Pause) 784M->723M(1024M) 10,311ms
[65,678s][info][gc] GC(1225) Pause Young (Normal) (G1 Evacuation Pause) 891M->735M(1024M) 5,229ms
[65,749s][info][gc] GC(1226) Pause Young (Normal) (G1 Evacuation Pause) 892M->748M(1024M) 7,054ms
[65,813s][info][gc] GC(1227) Pause Young (Concurrent Start) (G1 Evacuation Pause) 895M->759M(1024M) 5,625ms
[65,813s][info][gc] GC(1228) Concurrent Mark Cycle
[65,880s][info][gc] GC(1229) Pause Young (Normal) (G1 Evacuation Pause) 896M->770M(1024M) 5,432ms
[65,943s][info][gc] GC(1230) Pause Young (Normal) (G1 Evacuation Pause) 898M->781M(1024M) 4,994ms
[66,001s][info][gc] GC(1231) Pause Young (Normal) (G1 Evacuation Pause) 899M->790M(1024M) 4,907ms
[66,026s][info][gc] GC(1228) Pause Remark 842M->842M(1024M) 0,684ms
[66,056s][info][gc] GC(1232) Pause Young (Normal) (G1 Evacuation Pause) 901M->799M(1024M) 5,023ms
[66,104s][info][gc] GC(1233) Pause Young (Normal) (G1 Evacuation Pause) 902M->807M(1024M) 4,839ms
[66,150s][info][gc] GC(1234) Pause Young (Normal) (G1 Evacuation Pause) 903M->815M(1024M) 4,800ms
[66,180s][info][gc] GC(1228) Pause Cleanup 886M->886M(1024M) 0,366ms
[66,181s][info][gc] GC(1228) Concurrent Mark Cycle 368,378ms
[66,192s][info][gc] GC(1235) Pause Young (Prepare Mixed) (G1 Evacuation Pause) 904M->822M(1024M) 4,405ms
[66,225s][info][gc] GC(1236) Pause Young (Mixed) (G1 Evacuation Pause) 865M->776M(1024M) 14,408ms
[66,259s][info][gc] GC(1237) Pause Young (Mixed) (G1 Evacuation Pause) 823M->739M(1024M) 14,199ms
[66,288s][info][gc] GC(1238) Pause Young (Mixed) (G1 Evacuation Pause) 783M->720M(1024M) 10,971ms
[66,365s][info][gc] GC(1239) Pause Young (Normal) (G1 Evacuation Pause) 891M->732M(1024M) 5,149ms
[66,438s][info][gc] GC(1240) Pause Young (Normal) (G1 Evacuation Pause) 892M->746M(1024M) 7,295ms
[66,503s][info][gc] GC(1241) Pause Young (Concurrent Start) (G1 Evacuation Pause) 894M->757M(1024M) 5,829ms
[66,503s][info][gc] GC(1242) Concurrent Mark Cycle
[66,570s][info][gc] GC(1243) Pause Young (Normal) (G1 Evacuation Pause) 895M->768M(1024M) 5,461ms
[66,634s][info][gc] GC(1244) Pause Young (Normal) (G1 Evacuation Pause) 897M->778M(1024M) 5,072ms
[66,693s][info][gc] GC(1245) Pause Young (Normal) (G1 Evacuation Pause) 898M->788M(1024M) 4,834ms
[66,715s][info][gc] GC(1242) Pause Remark 835M->835M(1024M) 0,794ms
[66,748s][info][gc] GC(1246) Pause Young (Normal) (G1 Evacuation Pause) 900M->797M(1024M) 5,095ms
[66,797s][info][gc] GC(1247) Pause Young (Normal) (G1 Evacuation Pause) 901M->806M(1024M) 4,967ms
[66,843s][info][gc] GC(1248) Pause Young (Normal) (G1 Evacuation Pause) 903M->814M(1024M) 4,739ms
[66,869s][info][gc] GC(1242) Pause Cleanup 874M->874M(1024M) 0,347ms
[66,870s][info][gc] GC(1242) Concurrent Mark Cycle 367,311ms
[66,886s][info][gc] GC(1249) Pause Young (Prepare Mixed) (G1 Evacuation Pause) 904M->821M(1024M) 4,438ms
[66,919s][info][gc] GC(1250) Pause Young (Mixed) (G1 Evacuation Pause) 864M->776M(1024M) 14,976ms
[66,953s][info][gc] GC(1251) Pause Young (Mixed) (G1 Evacuation Pause) 823M->740M(1024M) 14,301ms
[66,982s][info][gc] GC(1252) Pause Young (Mixed) (G1 Evacuation Pause) 784M->721M(1024M) 10,982ms
[67,056s][info][gc] GC(1253) Pause Young (Normal) (G1 Evacuation Pause) 891M->734M(1024M) 5,169ms
[67,127s][info][gc] GC(1254) Pause Young (Normal) (G1 Evacuation Pause) 893M->747M(1024M) 7,156ms
[67,191s][info][gc] GC(1255) Pause Young (Concurrent Start) (G1 Evacuation Pause) 895M->759M(1024M) 5,722ms
[67,191s][info][gc] GC(1256) Concurrent Mark Cycle
[67,258s][info][gc] GC(1257) Pause Young (Normal) (G1 Evacuation Pause) 896M->770M(1024M) 5,359ms
[67,322s][info][gc] GC(1258) Pause Young (Normal) (G1 Evacuation Pause) 898M->781M(1024M) 5,064ms
[67,380s][info][gc] GC(1259) Pause Young (Normal) (G1 Evacuation Pause) 899M->790M(1024M) 4,786ms
[67,404s][info][gc] GC(1256) Pause Remark 841M->841M(1024M) 0,878ms
[67,435s][info][gc] GC(1260) Pause Young (Normal) (G1 Evacuation Pause) 901M->799M(1024M) 5,014ms
[67,483s][info][gc] GC(1261) Pause Young (Normal) (G1 Evacuation Pause) 901M->807M(1024M) 4,910ms
[67,528s][info][gc] GC(1262) Pause Young (Normal) (G1 Evacuation Pause) 902M->815M(1024M) 4,780ms
[67,558s][info][gc] GC(1256) Pause Cleanup 883M->883M(1024M) 0,348ms
[67,559s][info][gc] GC(1256) Concurrent Mark Cycle 368,036ms
[67,571s][info][gc] GC(1263) Pause Young (Prepare Mixed) (G1 Evacuation Pause) 904M->822M(1024M) 4,432ms
[67,603s][info][gc] GC(1264) Pause Young (Mixed) (G1 Evacuation Pause) 865M->775M(1024M) 14,305ms
[67,637s][info][gc] GC(1265) Pause Young (Mixed) (G1 Evacuation Pause) 822M->740M(1024M) 14,438ms
[67,667s][info][gc] GC(1266) Pause Young (Mixed) (G1 Evacuation Pause) 784M->722M(1024M) 11,015ms
[67,742s][info][gc] GC(1267) Pause Young (Normal) (G1 Evacuation Pause) 891M->734M(1024M) 5,213ms
[67,813s][info][gc] GC(1268) Pause Young (Normal) (G1 Evacuation Pause) 892M->747M(1024M) 7,196ms
[67,877s][info][gc] GC(1269) Pause Young (Concurrent Start) (G1 Evacuation Pause) 895M->759M(1024M) 5,769ms
[67,877s][info][gc] GC(1270) Concurrent Mark Cycle
[67,944s][info][gc] GC(1271) Pause Young (Normal) (G1 Evacuation Pause) 896M->770M(1024M) 5,401ms
[68,007s][info][gc] GC(1272) Pause Young (Normal) (G1 Evacuation Pause) 897M->780M(1024M) 5,075ms
[68,066s][info][gc] GC(1273) Pause Young (Normal) (G1 Evacuation Pause) 899M->790M(1024M) 4,859ms
[68,089s][info][gc] GC(1270) Pause Remark 839M->839M(1024M) 1,023ms
[68,121s][info][gc] GC(1274) Pause Young (Normal) (G1 Evacuation Pause) 901M->799M(1024M) 4,919ms
[68,169s][info][gc] GC(1275) Pause Young (Normal) (G1 Evacuation Pause) 902M->807M(1024M) 4,834ms
[68,215s][info][gc] GC(1276) Pause Young (Normal) (G1 Evacuation Pause) 902M->815M(1024M) 4,769ms
[68,244s][info][gc] GC(1270) Pause Cleanup 883M->883M(1024M) 0,371ms
[68,245s][info][gc] GC(1270) Concurrent Mark Cycle 368,131ms
[68,257s][info][gc] GC(1277) Pause Young (Prepare Mixed) (G1 Evacuation Pause) 904M->822M(1024M) 4,490ms
[68,290s][info][gc] GC(1278) Pause Young (Mixed) (G1 Evacuation Pause) 866M->776M(1024M) 14,374ms
[68,323s][info][gc] GC(1279) Pause Young (Mixed) (G1 Evacuation Pause) 823M->740M(1024M) 14,138ms
[68,353s][info][gc] GC(1280) Pause Young (Mixed) (G1 Evacuation Pause) 784M->722M(1024M) 10,695ms
[68,428s][info][gc] GC(1281) Pause Young (Normal) (G1 Evacuation Pause) 891M->734M(1024M) 5,282ms
[68,499s][info][gc] GC(1282) Pause Young (Normal) (G1 Evacuation Pause) 892M->747M(1024M) 7,122ms
[68,564s][info][gc] GC(1283) Pause Young (Concurrent Start) (G1 Evacuation Pause) 895M->759M(1024M) 5,668ms
[68,564s][info][gc] GC(1284) Concurrent Mark Cycle
[68,632s][info][gc] GC(1285) Pause Young (Normal) (G1 Evacuation Pause) 896M->769M(1024M) 5,409ms
[68,695s][info][gc] GC(1286) Pause Young (Normal) (G1 Evacuation Pause) 898M->780M(1024M) 5,228ms
[68,754s][info][gc] GC(1287) Pause Young (Normal) (G1 Evacuation Pause) 899M->789M(1024M) 4,834ms
[68,777s][info][gc] GC(1284) Pause Remark 837M->837M(1024M) 0,742ms
[68,809s][info][gc] GC(1288) Pause Young (Normal) (G1 Evacuation Pause) 900M->798M(1024M) 5,001ms
[68,857s][info][gc] GC(1289) Pause Young (Normal) (G1 Evacuation Pause) 901M->806M(1024M) 4,828ms
[68,903s][info][gc] GC(1290) Pause Young (Normal) (G1 Evacuation Pause) 902M->814M(1024M) 4,626ms
[68,931s][info][gc] GC(1284) Pause Cleanup 880M->880M(1024M) 0,350ms
[68,932s][info][gc] GC(1284) Concurrent Mark Cycle 368,117ms
[68,946s][info][gc] GC(1291) Pause Young (Prepare Mixed) (G1 Evacuation Pause) 904M->821M(1024M) 4,362ms
[68,978s][info][gc] GC(1292) Pause Young (Mixed) (G1 Evacuation Pause) 864M->776M(1024M) 14,027ms
[69,011s][info][gc] GC(1293) Pause Young (Mixed) (G1 Evacuation Pause) 823M->740M(1024M) 14,389ms
[69,042s][info][gc] GC(1294) Pause Young (Mixed) (G1 Evacuation Pause) 784M->720M(1024M) 11,478ms
[69,117s][info][gc] GC(1295) Pause Young (Normal) (G1 Evacuation Pause) 891M->732M(1024M) 5,224ms
[69,190s][info][gc] GC(1296) Pause Young (Normal) (G1 Evacuation Pause) 892M->745M(1024M) 7,085ms
[69,256s][info][gc] GC(1297) Pause Young (Concurrent Start) (G1 Evacuation Pause) 893M->757M(1024M) 5,722ms
[69,256s][info][gc] GC(1298) Concurrent Mark Cycle
[69,324s][info][gc] GC(1299) Pause Young (Normal) (G1 Evacuation Pause) 895M->769M(1024M) 5,459ms
[69,387s][info][gc] GC(1300) Pause Young (Normal) (G1 Evacuation Pause) 898M->779M(1024M) 5,132ms
[69,446s][info][gc] GC(1301) Pause Young (Normal) (G1 Evacuation Pause) 899M->788M(1024M) 4,798ms
[69,469s][info][gc] GC(1298) Pause Remark 836M->836M(1024M) 0,964ms
[69,501s][info][gc] GC(1302) Pause Young (Normal) (G1 Evacuation Pause) 899M->797M(1024M) 5,036ms
[69,550s][info][gc] GC(1303) Pause Young (Normal) (G1 Evacuation Pause) 901M->806M(1024M) 4,875ms
[69,596s][info][gc] GC(1304) Pause Young (Normal) (G1 Evacuation Pause) 903M->814M(1024M) 4,720ms
[69,622s][info][gc] GC(1298) Pause Cleanup 874M->874M(1024M) 0,349ms
[69,623s][info][gc] GC(1298) Concurrent Mark Cycle 367,309ms
[69,639s][info][gc] GC(1305) Pause Young (Prepare Mixed) (G1 Evacuation Pause) 904M->821M(1024M) 4,459ms
[69,671s][info][gc] GC(1306) Pause Young (Mixed) (G1 Evacuation Pause) 864M->775M(1024M) 14,286ms
[69,705s][info][gc] GC(1307) Pause Young (Mixed) (G1 Evacuation Pause) 822M->739M(1024M) 14,381ms
[69,734s][info][gc] GC(1308) Pause Young (Mixed) (G1 Evacuation Pause) 783M->722M(1024M) 10,916ms
[69,808s][info][gc] GC(1309) Pause Young (Normal) (G1 Evacuation Pause) 891M->735M(1024M) 5,246ms
[69,878s][info][gc] GC(1310) Pause Young (Normal) (G1 Evacuation Pause) 893M->748M(1024M) 7,111ms
[69,942s][info][gc] GC(1311) Pause Young (Concurrent Start) (G1 Evacuation Pause) 895M->760M(1024M) 5,679ms
[69,942s][info][gc] GC(1312) Concurrent Mark Cycle
[70,010s][info][gc] GC(1313) Pause Young (Normal) (G1 Evacuation Pause) 896M->771M(1024M) 5,409ms
[70,072s][info][gc] GC(1314) Pause Young (Normal) (G1 Evacuation Pause) 898M->781M(1024M) 5,138ms
[70,130s][info][gc] GC(1315) Pause Young (Normal) (G1 Evacuation Pause) 899M->790M(1024M) 4,845ms
[70,156s][info][gc] GC(1312) Pause Remark 846M->846M(1024M) 0,761ms
[70,185s][info][gc] GC(1316) Pause Young (Normal) (G1 Evacuation Pause) 900M->799M(1024M) 4,983ms
[70,233s][info][gc] GC(1317) Pause Young (Normal) (G1 Evacuation Pause) 902M->807M(1024M) 4,888ms
[70,278s][info][gc] GC(1318) Pause Young (Normal) (G1 Evacuation Pause) 902M->815M(1024M) 4,776ms
[70,311s][info][gc] GC(1312) Pause Cleanup 890M->890M(1024M) 0,360ms
[70,312s][info][gc] GC(1312) Concurrent Mark Cycle 369,488ms
[70,321s][info][gc] GC(1319) Pause Young (Prepare Mixed) (G1 Evacuation Pause) 904M->822M(1024M) 4,285ms
[70,354s][info][gc] GC(1320) Pause Young (Mixed) (G1 Evacuation Pause) 865M->775M(1024M) 14,128ms
[70,388s][info][gc] GC(1321) Pause Young (Mixed) (G1 Evacuation Pause) 822M->740M(1024M) 14,215ms
[70,417s][info][gc] GC(1322) Pause Young (Mixed) (G1 Evacuation Pause) 784M->720M(1024M) 11,145ms
[70,493s][info][gc] GC(1323) Pause Young (Normal) (G1 Evacuation Pause) 891M->733M(1024M) 5,139ms
[70,564s][info][gc] GC(1324) Pause Young (Normal) (G1 Evacuation Pause) 893M->747M(1024M) 7,030ms
[70,629s][info][gc] GC(1325) Pause Young (Concurrent Start) (G1 Evacuation Pause) 895M->758M(1024M) 5,712ms
[70,630s][info][gc] GC(1326) Concurrent Mark Cycle
[70,697s][info][gc] GC(1327) Pause Young (Normal) (G1 Evacuation Pause) 895M->769M(1024M) 5,440ms
[70,760s][info][gc] GC(1328) Pause Young (Normal) (G1 Evacuation Pause) 897M->779M(1024M) 5,062ms
[70,819s][info][gc] GC(1329) Pause Young (Normal) (G1 Evacuation Pause) 898M->789M(1024M) 4,979ms
[70,842s][info][gc] GC(1326) Pause Remark 839M->839M(1024M) 0,830ms
[70,874s][info][gc] GC(1330) Pause Young (Normal) (G1 Evacuation Pause) 900M->798M(1024M) 5,117ms
[70,923s][info][gc] GC(1331) Pause Young (Normal) (G1 Evacuation Pause) 902M->806M(1024M) 4,765ms
[70,970s][info][gc] GC(1332) Pause Young (Normal) (G1 Evacuation Pause) 903M->814M(1024M) 4,735ms
[70,998s][info][gc] GC(1326) Pause Cleanup 878M->878M(1024M) 0,331ms
[70,999s][info][gc] GC(1326) Concurrent Mark Cycle 369,366ms
[71,013s][info][gc] GC(1333) Pause Young (Prepare Mixed) (G1 Evacuation Pause) 903M->821M(1024M) 4,360ms
[71,046s][info][gc] GC(1334) Pause Young (Mixed) (G1 Evacuation Pause) 864M->775M(1024M) 14,447ms
[71,080s][info][gc] GC(1335) Pause Young (Mixed) (G1 Evacuation Pause) 822M->738M(1024M) 14,244ms
[71,109s][info][gc] GC(1336) Pause Young (Mixed) (G1 Evacuation Pause) 782M->721M(1024M) 10,713ms
[71,184s][info][gc] GC(1337) Pause Young (Normal) (G1 Evacuation Pause) 891M->733M(1024M) 5,291ms
[71,255s][info][gc] GC(1338) Pause Young (Normal) (G1 Evacuation Pause) 892M->746M(1024M) 7,029ms
[71,319s][info][gc] GC(1339) Pause Young (Concurrent Start) (G1 Evacuation Pause) 894M->758M(1024M) 5,744ms
[71,319s][info][gc] GC(1340) Concurrent Mark Cycle
[71,387s][info][gc] GC(1341) Pause Young (Normal) (G1 Evacuation Pause) 895M->769M(1024M) 5,406ms
[71,451s][info][gc] GC(1342) Pause Young (Normal) (G1 Evacuation Pause) 898M->780M(1024M) 5,172ms
[71,509s][info][gc] GC(1343) Pause Young (Normal) (G1 Evacuation Pause) 899M->789M(1024M) 4,884ms
[71,533s][info][gc] GC(1340) Pause Remark 839M->839M(1024M) 0,807ms
[71,564s][info][gc] GC(1344) Pause Young (Normal) (G1 Evacuation Pause) 900M->798M(1024M) 5,017ms
[71,613s][info][gc] GC(1345) Pause Young (Normal) (G1 Evacuation Pause) 901M->806M(1024M) 4,888ms
[71,660s][info][gc] GC(1346) Pause Young (Normal) (G1 Evacuation Pause) 902M->814M(1024M) 4,647ms
[71,688s][info][gc] GC(1340) Pause Cleanup 880M->880M(1024M) 0,308ms
[71,690s][info][gc] GC(1340) Concurrent Mark Cycle 370,396ms
[71,703s][info][gc] GC(1347) Pause Young (Prepare Mixed) (G1 Evacuation Pause) 904M->821M(1024M) 4,266ms
[71,736s][info][gc] GC(1348) Pause Young (Mixed) (G1 Evacuation Pause) 864M->776M(1024M) 14,260ms
[71,769s][info][gc] GC(1349) Pause Young (Mixed) (G1 Evacuation Pause) 823M->741M(1024M) 14,195ms
[71,799s][info][gc] GC(1350) Pause Young (Mixed) (G1 Evacuation Pause) 785M->722M(1024M) 11,393ms
[71,873s][info][gc] GC(1351) Pause Young (Normal) (G1 Evacuation Pause) 891M->734M(1024M) 5,326ms
[71,944s][info][gc] GC(1352) Pause Young (Normal) (G1 Evacuation Pause) 892M->747M(1024M) 7,027ms
[72,008s][info][gc] GC(1353) Pause Young (Concurrent Start) (G1 Evacuation Pause) 895M->759M(1024M) 5,794ms
[72,008s][info][gc] GC(1354) Concurrent Mark Cycle
[72,075s][info][gc] GC(1355) Pause Young (Normal) (G1 Evacuation Pause) 895M->770M(1024M) 5,410ms
[72,138s][info][gc] GC(1356) Pause Young (Normal) (G1 Evacuation Pause) 897M->780M(1024M) 5,214ms
[72,197s][info][gc] GC(1357) Pause Young (Normal) (G1 Evacuation Pause) 898M->790M(1024M) 4,919ms
[72,222s][info][gc] GC(1354) Pause Remark 844M->844M(1024M) 0,685ms
[72,251s][info][gc] GC(1358) Pause Young (Normal) (G1 Evacuation Pause) 901M->798M(1024M) 5,045ms
[72,301s][info][gc] GC(1359) Pause Young (Normal) (G1 Evacuation Pause) 902M->807M(1024M) 4,833ms
[72,346s][info][gc] GC(1360) Pause Young (Normal) (G1 Evacuation Pause) 903M->815M(1024M) 4,749ms
[72,375s][info][gc] GC(1354) Pause Cleanup 882M->882M(1024M) 0,355ms
[72,377s][info][gc] GC(1354) Concurrent Mark Cycle 368,266ms
[72,389s][info][gc] GC(1361) Pause Young (Prepare Mixed) (G1 Evacuation Pause) 904M->822M(1024M) 4,350ms
[72,422s][info][gc] GC(1362) Pause Young (Mixed) (G1 Evacuation Pause) 865M->776M(1024M) 14,246ms
[72,456s][info][gc] GC(1363) Pause Young (Mixed) (G1 Evacuation Pause) 823M->739M(1024M) 14,221ms
[72,485s][info][gc] GC(1364) Pause Young (Mixed) (G1 Evacuation Pause) 783M->722M(1024M) 11,022ms
[72,560s][info][gc] GC(1365) Pause Young (Normal) (G1 Evacuation Pause) 891M->734M(1024M) 5,153ms
[72,631s][info][gc] GC(1366) Pause Young (Normal) (G1 Evacuation Pause) 892M->748M(1024M) 6,985ms
[72,695s][info][gc] GC(1367) Pause Young (Concurrent Start) (G1 Evacuation Pause) 895M->759M(1024M) 5,810ms
[72,695s][info][gc] GC(1368) Concurrent Mark Cycle
[72,762s][info][gc] GC(1369) Pause Young (Normal) (G1 Evacuation Pause) 895M->770M(1024M) 5,340ms
[72,825s][info][gc] GC(1370) Pause Young (Normal) (G1 Evacuation Pause) 898M->780M(1024M) 5,086ms
[72,883s][info][gc] GC(1371) Pause Young (Normal) (G1 Evacuation Pause) 898M->789M(1024M) 4,846ms
[72,908s][info][gc] GC(1368) Pause Remark 842M->842M(1024M) 0,744ms
[72,938s][info][gc] GC(1372) Pause Young (Normal) (G1 Evacuation Pause) 900M->799M(1024M) 5,003ms
[72,987s][info][gc] GC(1373) Pause Young (Normal) (G1 Evacuation Pause) 902M->807M(1024M) 4,861ms
[73,033s][info][gc] GC(1374) Pause Young (Normal) (G1 Evacuation Pause) 903M->815M(1024M) 4,632ms
[73,063s][info][gc] GC(1368) Pause Cleanup 885M->885M(1024M) 0,343ms
[73,064s][info][gc] GC(1368) Concurrent Mark Cycle 368,845ms
[73,076s][info][gc] GC(1375) Pause Young (Prepare Mixed) (G1 Evacuation Pause) 904M->822M(1024M) 4,432ms
[73,108s][info][gc] GC(1376) Pause Young (Mixed) (G1 Evacuation Pause) 865M->776M(1024M) 14,326ms
[73,142s][info][gc] GC(1377) Pause Young (Mixed) (G1 Evacuation Pause) 823M->740M(1024M) 14,145ms
[73,172s][info][gc] GC(1378) Pause Young (Mixed) (G1 Evacuation Pause) 784M->720M(1024M) 11,282ms
[73,248s][info][gc] GC(1379) Pause Young (Normal) (G1 Evacuation Pause) 891M->733M(1024M) 5,215ms
[73,319s][info][gc] GC(1380) Pause Young (Normal) (G1 Evacuation Pause) 893M->746M(1024M) 7,109ms
[73,385s][info][gc] GC(1381) Pause Young (Concurrent Start) (G1 Evacuation Pause) 894M->758M(1024M) 5,691ms
[73,385s][info][gc] GC(1382) Concurrent Mark Cycle
[73,453s][info][gc] GC(1383) Pause Young (Normal) (G1 Evacuation Pause) 895M->769M(1024M) 5,305ms
[73,516s][info][gc] GC(1384) Pause Young (Normal) (G1 Evacuation Pause) 898M->779M(1024M) 5,036ms
[73,575s][info][gc] GC(1385) Pause Young (Normal) (G1 Evacuation Pause) 898M->789M(1024M) 4,860ms
[73,598s][info][gc] GC(1382) Pause Remark 838M->838M(1024M) 1,008ms
[73,630s][info][gc] GC(1386) Pause Young (Normal) (G1 Evacuation Pause) 900M->798M(1024M) 5,077ms
[73,679s][info][gc] GC(1387) Pause Young (Normal) (G1 Evacuation Pause) 902M->806M(1024M) 4,913ms
[73,725s][info][gc] GC(1388) Pause Young (Normal) (G1 Evacuation Pause) 902M->814M(1024M) 4,810ms
[73,752s][info][gc] GC(1382) Pause Cleanup 877M->877M(1024M) 0,360ms
[73,753s][info][gc] GC(1382) Concurrent Mark Cycle 368,030ms
[73,768s][info][gc] GC(1389) Pause Young (Prepare Mixed) (G1 Evacuation Pause) 904M->821M(1024M) 4,394ms
[73,800s][info][gc] GC(1390) Pause Young (Mixed) (G1 Evacuation Pause) 864M->775M(1024M) 13,971ms
[73,834s][info][gc] GC(1391) Pause Young (Mixed) (G1 Evacuation Pause) 822M->739M(1024M) 14,221ms
[73,863s][info][gc] GC(1392) Pause Young (Mixed) (G1 Evacuation Pause) 783M->721M(1024M) 10,527ms
[73,939s][info][gc] GC(1393) Pause Young (Normal) (G1 Evacuation Pause) 891M->734M(1024M) 5,097ms
[74,010s][info][gc] GC(1394) Pause Young (Normal) (G1 Evacuation Pause) 893M->747M(1024M) 7,138ms
[74,075s][info][gc] GC(1395) Pause Young (Concurrent Start) (G1 Evacuation Pause) 894M->759M(1024M) 5,688ms
[74,075s][info][gc] GC(1396) Concurrent Mark Cycle
[74,142s][info][gc] GC(1397) Pause Young (Normal) (G1 Evacuation Pause) 895M->770M(1024M) 5,362ms
[74,205s][info][gc] GC(1398) Pause Young (Normal) (G1 Evacuation Pause) 898M->781M(1024M) 5,140ms
[74,263s][info][gc] GC(1399) Pause Young (Normal) (G1 Evacuation Pause) 899M->790M(1024M) 4,814ms
[74,288s][info][gc] GC(1396) Pause Remark 843M->843M(1024M) 0,849ms
[74,318s][info][gc] GC(1400) Pause Young (Normal) (G1 Evacuation Pause) 901M->799M(1024M) 5,001ms
[74,366s][info][gc] GC(1401) Pause Young (Normal) (G1 Evacuation Pause) 901M->807M(1024M) 4,829ms
[74,411s][info][gc] GC(1402) Pause Young (Normal) (G1 Evacuation Pause) 902M->815M(1024M) 4,694ms
[74,442s][info][gc] GC(1396) Pause Cleanup 888M->888M(1024M) 0,347ms
[74,444s][info][gc] GC(1396) Concurrent Mark Cycle 368,608ms
[74,454s][info][gc] GC(1403) Pause Young (Prepare Mixed) (G1 Evacuation Pause) 904M->822M(1024M) 4,377ms
[74,486s][info][gc] GC(1404) Pause Young (Mixed) (G1 Evacuation Pause) 865M->776M(1024M) 13,814ms
[74,520s][info][gc] GC(1405) Pause Young (Mixed) (G1 Evacuation Pause) 823M->740M(1024M) 14,294ms
[74,550s][info][gc] GC(1406) Pause Young (Mixed) (G1 Evacuation Pause) 784M->721M(1024M) 11,427ms
[74,626s][info][gc] GC(1407) Pause Young (Normal) (G1 Evacuation Pause) 891M->733M(1024M) 5,309ms
[74,697s][info][gc] GC(1408) Pause Young (Normal) (G1 Evacuation Pause) 892M->747M(1024M) 7,091ms
[74,762s][info][gc] GC(1409) Pause Young (Concurrent Start) (G1 Evacuation Pause) 894M->758M(1024M) 5,712ms
[74,762s][info][gc] GC(1410) Concurrent Mark Cycle
[74,830s][info][gc] GC(1411) Pause Young (Normal) (G1 Evacuation Pause) 895M->769M(1024M) 5,544ms
[74,893s][info][gc] GC(1412) Pause Young (Normal) (G1 Evacuation Pause) 898M->780M(1024M) 5,131ms
[74,952s][info][gc] GC(1413) Pause Young (Normal) (G1 Evacuation Pause) 899M->789M(1024M) 4,971ms
[74,975s][info][gc] GC(1410) Pause Remark 838M->838M(1024M) 0,690ms
[75,007s][info][gc] GC(1414) Pause Young (Normal) (G1 Evacuation Pause) 900M->798M(1024M) 5,020ms
[75,056s][info][gc] GC(1415) Pause Young (Normal) (G1 Evacuation Pause) 902M->807M(1024M) 4,922ms
[75,102s][info][gc] GC(1416) Pause Young (Normal) (G1 Evacuation Pause) 903M->815M(1024M) 4,752ms
[75,129s][info][gc] GC(1410) Pause Cleanup 880M->880M(1024M) 0,369ms
[75,131s][info][gc] GC(1410) Concurrent Mark Cycle 368,523ms
[75,144s][info][gc] GC(1417) Pause Young (Prepare Mixed) (G1 Evacuation Pause) 904M->822M(1024M) 4,407ms
[75,177s][info][gc] GC(1418) Pause Young (Mixed) (G1 Evacuation Pause) 865M->775M(1024M) 14,152ms
[75,211s][info][gc] GC(1419) Pause Young (Mixed) (G1 Evacuation Pause) 822M->739M(1024M) 14,451ms
[75,240s][info][gc] GC(1420) Pause Young (Mixed) (G1 Evacuation Pause) 783M->721M(1024M) 11,473ms
[75,315s][info][gc] GC(1421) Pause Young (Normal) (G1 Evacuation Pause) 891M->734M(1024M) 5,178ms
[75,385s][info][gc] GC(1422) Pause Young (Normal) (G1 Evacuation Pause) 893M->747M(1024M) 7,185ms
[75,450s][info][gc] GC(1423) Pause Young (Concurrent Start) (G1 Evacuation Pause) 894M->758M(1024M) 5,783ms
[75,450s][info][gc] GC(1424) Concurrent Mark Cycle
[75,517s][info][gc] GC(1425) Pause Young (Normal) (G1 Evacuation Pause) 896M->769M(1024M) 5,498ms
[75,584s][info][gc] GC(1426) Pause Young (Normal) (G1 Evacuation Pause) 898M->780M(1024M) 5,191ms
[75,642s][info][gc] GC(1427) Pause Young (Normal) (G1 Evacuation Pause) 899M->789M(1024M) 4,792ms
[75,665s][info][gc] GC(1424) Pause Remark 837M->837M(1024M) 0,768ms
[75,697s][info][gc] GC(1428) Pause Young (Normal) (G1 Evacuation Pause) 900M->798M(1024M) 5,064ms
[75,746s][info][gc] GC(1429) Pause Young (Normal) (G1 Evacuation Pause) 902M->807M(1024M) 4,877ms
[75,791s][info][gc] GC(1430) Pause Young (Normal) (G1 Evacuation Pause) 903M->814M(1024M) 4,821ms
[75,818s][info][gc] GC(1424) Pause Cleanup 876M->876M(1024M) 0,338ms
[75,819s][info][gc] GC(1424) Concurrent Mark Cycle 369,628ms
[75,834s][info][gc] GC(1431) Pause Young (Prepare Mixed) (G1 Evacuation Pause) 904M->821M(1024M) 4,525ms
[75,866s][info][gc] GC(1432) Pause Young (Mixed) (G1 Evacuation Pause) 864M->776M(1024M) 14,230ms
[75,899s][info][gc] GC(1433) Pause Young (Mixed) (G1 Evacuation Pause) 823M->739M(1024M) 14,237ms
[75,928s][info][gc] GC(1434) Pause Young (Mixed) (G1 Evacuation Pause) 783M->722M(1024M) 10,880ms
[76,003s][info][gc] GC(1435) Pause Young (Normal) (G1 Evacuation Pause) 891M->734M(1024M) 5,349ms
[76,074s][info][gc] GC(1436) Pause Young (Normal) (G1 Evacuation Pause) 892M->748M(1024M) 7,174ms
[76,139s][info][gc] GC(1437) Pause Young (Concurrent Start) (G1 Evacuation Pause) 895M->759M(1024M) 5,813ms
[76,139s][info][gc] GC(1438) Concurrent Mark Cycle
[76,205s][info][gc] GC(1439) Pause Young (Normal) (G1 Evacuation Pause) 895M->770M(1024M) 5,345ms
[76,268s][info][gc] GC(1440) Pause Young (Normal) (G1 Evacuation Pause) 898M->781M(1024M) 5,101ms
[76,327s][info][gc] GC(1441) Pause Young (Normal) (G1 Evacuation Pause) 899M->790M(1024M) 4,814ms
[76,352s][info][gc] GC(1438) Pause Remark 844M->844M(1024M) 0,879ms
[76,381s][info][gc] GC(1442) Pause Young (Normal) (G1 Evacuation Pause) 900M->799M(1024M) 4,979ms
[76,429s][info][gc] GC(1443) Pause Young (Normal) (G1 Evacuation Pause) 902M->808M(1024M) 4,955ms
[76,474s][info][gc] GC(1444) Pause Young (Normal) (G1 Evacuation Pause) 903M->815M(1024M) 4,741ms
[76,505s][info][gc] GC(1438) Pause Cleanup 887M->887M(1024M) 0,328ms
[76,506s][info][gc] GC(1438) Concurrent Mark Cycle 367,593ms
[76,517s][info][gc] GC(1445) Pause Young (Prepare Mixed) (G1 Evacuation Pause) 903M->822M(1024M) 4,357ms
[76,549s][info][gc] GC(1446) Pause Young (Mixed) (G1 Evacuation Pause) 866M->777M(1024M) 14,052ms
[76,582s][info][gc] GC(1447) Pause Young (Mixed) (G1 Evacuation Pause) 824M->741M(1024M) 14,407ms
[76,611s][info][gc] GC(1448) Pause Young (Mixed) (G1 Evacuation Pause) 785M->721M(1024M) 10,548ms
[76,686s][info][gc] GC(1449) Pause Young (Normal) (G1 Evacuation Pause) 891M->734M(1024M) 5,230ms
[76,758s][info][gc] GC(1450) Pause Young (Normal) (G1 Evacuation Pause) 893M->747M(1024M) 7,242ms
[76,822s][info][gc] GC(1451) Pause Young (Concurrent Start) (G1 Evacuation Pause) 894M->758M(1024M) 5,648ms
[76,822s][info][gc] GC(1452) Concurrent Mark Cycle
[76,890s][info][gc] GC(1453) Pause Young (Normal) (G1 Evacuation Pause) 896M->769M(1024M) 5,371ms
[76,953s][info][gc] GC(1454) Pause Young (Normal) (G1 Evacuation Pause) 898M->779M(1024M) 5,069ms
[77,012s][info][gc] GC(1455) Pause Young (Normal) (G1 Evacuation Pause) 899M->789M(1024M) 4,832ms
[77,035s][info][gc] GC(1452) Pause Remark 838M->838M(1024M) 0,750ms
[77,067s][info][gc] GC(1456) Pause Young (Normal) (G1 Evacuation Pause) 900M->797M(1024M) 5,115ms
[77,116s][info][gc] GC(1457) Pause Young (Normal) (G1 Evacuation Pause) 901M->806M(1024M) 4,851ms
[77,163s][info][gc] GC(1458) Pause Young (Normal) (G1 Evacuation Pause) 903M->814M(1024M) 4,816ms
[77,189s][info][gc] GC(1452) Pause Cleanup 876M->876M(1024M) 0,373ms
[77,190s][info][gc] GC(1452) Concurrent Mark Cycle 368,061ms
[77,206s][info][gc] GC(1459) Pause Young (Prepare Mixed) (G1 Evacuation Pause) 904M->821M(1024M) 4,447ms
[77,238s][info][gc] GC(1460) Pause Young (Mixed) (G1 Evacuation Pause) 864M->775M(1024M) 14,112ms
[77,272s][info][gc] GC(1461) Pause Young (Mixed) (G1 Evacuation Pause) 822M->738M(1024M) 14,549ms
[77,302s][info][gc] GC(1462) Pause Young (Mixed) (G1 Evacuation Pause) 782M->720M(1024M) 11,479ms
[77,378s][info][gc] GC(1463) Pause Young (Normal) (G1 Evacuation Pause) 891M->732M(1024M) 5,189ms
[77,450s][info][gc] GC(1464) Pause Young (Normal) (G1 Evacuation Pause) 892M->745M(1024M) 7,232ms
[77,517s][info][gc] GC(1465) Pause Young (Concurrent Start) (G1 Evacuation Pause) 894M->757M(1024M) 5,776ms
[77,517s][info][gc] GC(1466) Concurrent Mark Cycle
[77,585s][info][gc] GC(1467) Pause Young (Normal) (G1 Evacuation Pause) 896M->768M(1024M) 5,452ms
[77,649s][info][gc] GC(1468) Pause Young (Normal) (G1 Evacuation Pause) 898M->779M(1024M) 5,312ms
[77,709s][info][gc] GC(1469) Pause Young (Normal) (G1 Evacuation Pause) 899M->788M(1024M) 4,950ms
[77,730s][info][gc] GC(1466) Pause Remark 832M->832M(1024M) 0,894ms
[77,764s][info][gc] GC(1470) Pause Young (Normal) (G1 Evacuation Pause) 900M->796M(1024M) 5,030ms
[77,813s][info][gc] GC(1471) Pause Young (Normal) (G1 Evacuation Pause) 901M->805M(1024M) 4,945ms
[77,860s][info][gc] GC(1472) Pause Young (Normal) (G1 Evacuation Pause) 903M->813M(1024M) 4,902ms
[77,883s][info][gc] GC(1466) Pause Cleanup 866M->866M(1024M) 0,386ms
[77,884s][info][gc] GC(1466) Concurrent Mark Cycle 367,192ms
[77,903s][info][gc] GC(1473) Pause Young (Prepare Mixed) (G1 Evacuation Pause) 904M->820M(1024M) 4,465ms
[77,935s][info][gc] GC(1474) Pause Young (Mixed) (G1 Evacuation Pause) 863M->775M(1024M) 14,154ms
[77,968s][info][gc] GC(1475) Pause Young (Mixed) (G1 Evacuation Pause) 822M->738M(1024M) 14,193ms
[77,997s][info][gc] GC(1476) Pause Young (Mixed) (G1 Evacuation Pause) 782M->720M(1024M) 10,708ms
[78,072s][info][gc] GC(1477) Pause Young (Normal) (G1 Evacuation Pause) 891M->733M(1024M) 5,072ms
[78,144s][info][gc] GC(1478) Pause Young (Normal) (G1 Evacuation Pause) 893M->746M(1024M) 7,125ms
[78,208s][info][gc] GC(1479) Pause Young (Concurrent Start) (G1 Evacuation Pause) 894M->758M(1024M) 5,729ms
[78,208s][info][gc] GC(1480) Concurrent Mark Cycle
[78,276s][info][gc] GC(1481) Pause Young (Normal) (G1 Evacuation Pause) 896M->769M(1024M) 5,432ms
[78,340s][info][gc] GC(1482) Pause Young (Normal) (G1 Evacuation Pause) 898M->779M(1024M) 5,070ms
[78,400s][info][gc] GC(1483) Pause Young (Normal) (G1 Evacuation Pause) 899M->788M(1024M) 4,951ms
[78,422s][info][gc] GC(1480) Pause Remark 836M->836M(1024M) 0,797ms
[78,454s][info][gc] GC(1484) Pause Young (Normal) (G1 Evacuation Pause) 899M->797M(1024M) 5,058ms
[78,503s][info][gc] GC(1485) Pause Young (Normal) (G1 Evacuation Pause) 901M->806M(1024M) 4,912ms
[78,549s][info][gc] GC(1486) Pause Young (Normal) (G1 Evacuation Pause) 903M->813M(1024M) 4,746ms
[78,576s][info][gc] GC(1480) Pause Cleanup 876M->876M(1024M) 0,324ms
[78,577s][info][gc] GC(1480) Concurrent Mark Cycle 368,790ms
[78,593s][info][gc] GC(1487) Pause Young (Prepare Mixed) (G1 Evacuation Pause) 904M->821M(1024M) 4,373ms
[78,625s][info][gc] GC(1488) Pause Young (Mixed) (G1 Evacuation Pause) 864M->776M(1024M) 14,087ms
[78,658s][info][gc] GC(1489) Pause Young (Mixed) (G1 Evacuation Pause) 823M->739M(1024M) 14,332ms
[78,686s][info][gc] GC(1490) Pause Young (Mixed) (G1 Evacuation Pause) 783M->722M(1024M) 10,416ms
[78,761s][info][gc] GC(1491) Pause Young (Normal) (G1 Evacuation Pause) 891M->734M(1024M) 5,265ms
[78,832s][info][gc] GC(1492) Pause Young (Normal) (G1 Evacuation Pause) 892M->748M(1024M) 7,141ms
[78,896s][info][gc] GC(1493) Pause Young (Concurrent Start) (G1 Evacuation Pause) 895M->758M(1024M) 5,634ms
[78,896s][info][gc] GC(1494) Concurrent Mark Cycle
[78,964s][info][gc] GC(1495) Pause Young (Normal) (G1 Evacuation Pause) 896M->769M(1024M) 5,354ms
[79,029s][info][gc] GC(1496) Pause Young (Normal) (G1 Evacuation Pause) 898M->780M(1024M) 5,342ms
[79,094s][info][gc] GC(1497) Pause Young (Normal) (G1 Evacuation Pause) 899M->790M(1024M) 4,956ms
[79,117s][info][gc] GC(1494) Pause Remark 837M->837M(1024M) 0,618ms
[79,150s][info][gc] GC(1498) Pause Young (Normal) (G1 Evacuation Pause) 901M->799M(1024M) 4,901ms
[79,199s][info][gc] GC(1499) Pause Young (Normal) (G1 Evacuation Pause) 901M->807M(1024M) 4,695ms
[79,244s][info][gc] GC(1500) Pause Young (Normal) (G1 Evacuation Pause) 902M->814M(1024M) 4,717ms
[79,273s][info][gc] GC(1494) Pause Cleanup 883M->883M(1024M) 0,355ms
[79,274s][info][gc] GC(1494) Concurrent Mark Cycle 378,198ms
[79,287s][info][gc] GC(1501) Pause Young (Prepare Mixed) (G1 Evacuation Pause) 903M->822M(1024M) 4,353ms
[79,319s][info][gc] GC(1502) Pause Young (Mixed) (G1 Evacuation Pause) 865M->776M(1024M) 13,774ms
[79,353s][info][gc] GC(1503) Pause Young (Mixed) (G1 Evacuation Pause) 823M->739M(1024M) 14,338ms
[79,383s][info][gc] GC(1504) Pause Young (Mixed) (G1 Evacuation Pause) 783M->720M(1024M) 11,557ms
[79,458s][info][gc] GC(1505) Pause Young (Normal) (G1 Evacuation Pause) 891M->733M(1024M) 5,231ms
[79,532s][info][gc] GC(1506) Pause Young (Normal) (G1 Evacuation Pause) 893M->746M(1024M) 7,161ms
[79,598s][info][gc] GC(1507) Pause Young (Concurrent Start) (G1 Evacuation Pause) 894M->758M(1024M) 5,664ms
[79,598s][info][gc] GC(1508) Concurrent Mark Cycle
[79,666s][info][gc] GC(1509) Pause Young (Normal) (G1 Evacuation Pause) 896M->768M(1024M) 5,399ms
[79,730s][info][gc] GC(1510) Pause Young (Normal) (G1 Evacuation Pause) 897M->779M(1024M) 5,163ms
[79,789s][info][gc] GC(1511) Pause Young (Normal) (G1 Evacuation Pause) 899M->789M(1024M) 4,939ms
[79,811s][info][gc] GC(1508) Pause Remark 835M->835M(1024M) 0,813ms
[79,844s][info][gc] GC(1512) Pause Young (Normal) (G1 Evacuation Pause) 900M->797M(1024M) 5,120ms
[79,894s][info][gc] GC(1513) Pause Young (Normal) (G1 Evacuation Pause) 901M->806M(1024M) 4,884ms
[79,940s][info][gc] GC(1514) Pause Young (Normal) (G1 Evacuation Pause) 903M->814M(1024M) 4,839ms
[79,966s][info][gc] GC(1508) Pause Cleanup 875M->875M(1024M) 0,354ms
[79,967s][info][gc] GC(1508) Concurrent Mark Cycle 369,195ms
[79,983s][info][gc] GC(1515) Pause Young (Prepare Mixed) (G1 Evacuation Pause) 904M->821M(1024M) 4,465ms
[80,016s][info][gc] GC(1516) Pause Young (Mixed) (G1 Evacuation Pause) 864M->776M(1024M) 14,409ms
[80,050s][info][gc] GC(1517) Pause Young (Mixed) (G1 Evacuation Pause) 823M->740M(1024M) 14,531ms
[80,079s][info][gc] GC(1518) Pause Young (Mixed) (G1 Evacuation Pause) 784M->721M(1024M) 11,031ms
[80,154s][info][gc] GC(1519) Pause Young (Normal) (G1 Evacuation Pause) 891M->734M(1024M) 5,260ms
[80,226s][info][gc] GC(1520) Pause Young (Normal) (G1 Evacuation Pause) 893M->747M(1024M) 7,086ms
[80,290s][info][gc] GC(1521) Pause Young (Concurrent Start) (G1 Evacuation Pause) 894M->758M(1024M) 5,765ms
[80,290s][info][gc] GC(1522) Concurrent Mark Cycle
[80,359s][info][gc] GC(1523) Pause Young (Normal) (G1 Evacuation Pause) 895M->769M(1024M) 5,418ms
[80,425s][info][gc] GC(1524) Pause Young (Normal) (G1 Evacuation Pause) 898M->779M(1024M) 4,861ms
[80,484s][info][gc] GC(1525) Pause Young (Normal) (G1 Evacuation Pause) 898M->789M(1024M) 4,688ms
[80,507s][info][gc] GC(1522) Pause Remark 837M->837M(1024M) 0,796ms
[80,541s][info][gc] GC(1526) Pause Young (Normal) (G1 Evacuation Pause) 900M->797M(1024M) 5,707ms
[80,590s][info][gc] GC(1527) Pause Young (Normal) (G1 Evacuation Pause) 901M->806M(1024M) 4,779ms
[80,636s][info][gc] GC(1528) Pause Young (Normal) (G1 Evacuation Pause) 903M->813M(1024M) 4,706ms
[80,664s][info][gc] GC(1522) Pause Cleanup 877M->877M(1024M) 0,349ms
[80,665s][info][gc] GC(1522) Concurrent Mark Cycle 375,709ms
[80,680s][info][gc] GC(1529) Pause Young (Prepare Mixed) (G1 Evacuation Pause) 904M->821M(1024M) 4,354ms
[80,713s][info][gc] GC(1530) Pause Young (Mixed) (G1 Evacuation Pause) 864M->775M(1024M) 14,265ms
[80,747s][info][gc] GC(1531) Pause Young (Mixed) (G1 Evacuation Pause) 822M->739M(1024M) 14,215ms
[80,776s][info][gc] GC(1532) Pause Young (Mixed) (G1 Evacuation Pause) 783M->720M(1024M) 10,716ms
[80,852s][info][gc] GC(1533) Pause Young (Normal) (G1 Evacuation Pause) 891M->732M(1024M) 5,260ms
[80,926s][info][gc] GC(1534) Pause Young (Normal) (G1 Evacuation Pause) 892M->746M(1024M) 7,200ms
[80,992s][info][gc] GC(1535) Pause Young (Concurrent Start) (G1 Evacuation Pause) 894M->757M(1024M) 5,836ms
[80,993s][info][gc] GC(1536) Concurrent Mark Cycle
[81,061s][info][gc] GC(1537) Pause Young (Normal) (G1 Evacuation Pause) 895M->768M(1024M) 5,436ms
[81,125s][info][gc] GC(1538) Pause Young (Normal) (G1 Evacuation Pause) 897M->778M(1024M) 5,126ms
[81,184s][info][gc] GC(1539) Pause Young (Normal) (G1 Evacuation Pause) 899M->788M(1024M) 4,861ms
[81,206s][info][gc] GC(1536) Pause Remark 834M->834M(1024M) 0,686ms
[81,239s][info][gc] GC(1540) Pause Young (Normal) (G1 Evacuation Pause) 900M->797M(1024M) 5,023ms
[81,289s][info][gc] GC(1541) Pause Young (Normal) (G1 Evacuation Pause) 901M->805M(1024M) 4,981ms
[81,335s][info][gc] GC(1542) Pause Young (Normal) (G1 Evacuation Pause) 902M->813M(1024M) 4,771ms
[81,361s][info][gc] GC(1536) Pause Cleanup 873M->873M(1024M) 0,335ms
[81,362s][info][gc] GC(1536) Concurrent Mark Cycle 369,598ms
[81,379s][info][gc] GC(1543) Pause Young (Prepare Mixed) (G1 Evacuation Pause) 904M->821M(1024M) 4,298ms
[81,412s][info][gc] GC(1544) Pause Young (Mixed) (G1 Evacuation Pause) 864M->776M(1024M) 14,717ms
[81,446s][info][gc] GC(1545) Pause Young (Mixed) (G1 Evacuation Pause) 823M->739M(1024M) 14,458ms
[81,476s][info][gc] GC(1546) Pause Young (Mixed) (G1 Evacuation Pause) 783M->718M(1024M) 10,975ms
[81,556s][info][gc] GC(1547) Pause Young (Normal) (G1 Evacuation Pause) 891M->731M(1024M) 5,157ms
[81,631s][info][gc] GC(1548) Pause Young (Normal) (G1 Evacuation Pause) 892M->744M(1024M) 7,136ms
[81,698s][info][gc] GC(1549) Pause Young (Concurrent Start) (G1 Evacuation Pause) 894M->757M(1024M) 5,734ms
[81,698s][info][gc] GC(1550) Concurrent Mark Cycle
[81,766s][info][gc] GC(1551) Pause Young (Normal) (G1 Evacuation Pause) 896M->768M(1024M) 5,399ms
[81,835s][info][gc] GC(1552) Pause Young (Normal) (G1 Evacuation Pause) 897M->778M(1024M) 5,205ms
[81,896s][info][gc] GC(1553) Pause Young (Normal) (G1 Evacuation Pause) 899M->787M(1024M) 4,849ms
[81,917s][info][gc] GC(1550) Pause Remark 831M->831M(1024M) 0,786ms
[81,952s][info][gc] GC(1554) Pause Young (Normal) (G1 Evacuation Pause) 899M->796M(1024M) 4,930ms
[82,002s][info][gc] GC(1555) Pause Young (Normal) (G1 Evacuation Pause) 901M->805M(1024M) 4,914ms
[82,049s][info][gc] GC(1556) Pause Young (Normal) (G1 Evacuation Pause) 903M->813M(1024M) 4,782ms
[82,073s][info][gc] GC(1550) Pause Cleanup 866M->866M(1024M) 0,342ms
[82,074s][info][gc] GC(1550) Concurrent Mark Cycle 376,069ms
[82,093s][info][gc] GC(1557) Pause Young (Prepare Mixed) (G1 Evacuation Pause) 904M->821M(1024M) 4,487ms
[82,126s][info][gc] GC(1558) Pause Young (Mixed) (G1 Evacuation Pause) 864M->776M(1024M) 14,780ms
[82,160s][info][gc] GC(1559) Pause Young (Mixed) (G1 Evacuation Pause) 823M->740M(1024M) 14,164ms
[82,190s][info][gc] GC(1560) Pause Young (Mixed) (G1 Evacuation Pause) 784M->722M(1024M) 11,038ms
[82,269s][info][gc] GC(1561) Pause Young (Normal) (G1 Evacuation Pause) 891M->735M(1024M) 5,261ms
[82,343s][info][gc] GC(1562) Pause Young (Normal) (G1 Evacuation Pause) 893M->748M(1024M) 6,817ms
[82,411s][info][gc] GC(1563) Pause Young (Concurrent Start) (G1 Evacuation Pause) 894M->759M(1024M) 5,681ms
[82,411s][info][gc] GC(1564) Concurrent Mark Cycle
[82,479s][info][gc] GC(1565) Pause Young (Normal) (G1 Evacuation Pause) 896M->770M(1024M) 5,440ms
[82,541s][info][gc] GC(1566) Pause Young (Normal) (G1 Evacuation Pause) 898M->781M(1024M) 4,916ms
[82,600s][info][gc] GC(1567) Pause Young (Normal) (G1 Evacuation Pause) 899M->790M(1024M) 4,799ms
[82,624s][info][gc] GC(1564) Pause Remark 842M->842M(1024M) 0,809ms
[82,654s][info][gc] GC(1568) Pause Young (Normal) (G1 Evacuation Pause) 900M->799M(1024M) 5,089ms
[82,702s][info][gc] GC(1569) Pause Young (Normal) (G1 Evacuation Pause) 901M->807M(1024M) 4,869ms
[82,748s][info][gc] GC(1570) Pause Young (Normal) (G1 Evacuation Pause) 902M->814M(1024M) 4,691ms
[82,778s][info][gc] GC(1564) Pause Cleanup 885M->885M(1024M) 0,361ms
[82,779s][info][gc] GC(1564) Concurrent Mark Cycle 368,149ms
[82,790s][info][gc] GC(1571) Pause Young (Prepare Mixed) (G1 Evacuation Pause) 903M->822M(1024M) 4,334ms
[82,823s][info][gc] GC(1572) Pause Young (Mixed) (G1 Evacuation Pause) 865M->776M(1024M) 14,544ms
[82,857s][info][gc] GC(1573) Pause Young (Mixed) (G1 Evacuation Pause) 823M->739M(1024M) 14,594ms
[82,886s][info][gc] GC(1574) Pause Young (Mixed) (G1 Evacuation Pause) 783M->719M(1024M) 11,059ms
[82,962s][info][gc] GC(1575) Pause Young (Normal) (G1 Evacuation Pause) 891M->732M(1024M) 5,322ms
[83,035s][info][gc] GC(1576) Pause Young (Normal) (G1 Evacuation Pause) 893M->746M(1024M) 7,261ms
[83,100s][info][gc] GC(1577) Pause Young (Concurrent Start) (G1 Evacuation Pause) 894M->757M(1024M) 5,802ms
[83,100s][info][gc] GC(1578) Concurrent Mark Cycle
[83,168s][info][gc] GC(1579) Pause Young (Normal) (G1 Evacuation Pause) 896M->769M(1024M) 5,586ms
[83,232s][info][gc] GC(1580) Pause Young (Normal) (G1 Evacuation Pause) 898M->779M(1024M) 5,219ms
[83,291s][info][gc] GC(1581) Pause Young (Normal) (G1 Evacuation Pause) 899M->789M(1024M) 4,881ms
[83,313s][info][gc] GC(1578) Pause Remark 836M->836M(1024M) 0,739ms
[83,345s][info][gc] GC(1582) Pause Young (Normal) (G1 Evacuation Pause) 900M->798M(1024M) 5,029ms
[83,394s][info][gc] GC(1583) Pause Young (Normal) (G1 Evacuation Pause) 901M->806M(1024M) 4,935ms
[83,440s][info][gc] GC(1584) Pause Young (Normal) (G1 Evacuation Pause) 902M->814M(1024M) 4,731ms
[83,467s][info][gc] GC(1578) Pause Cleanup 878M->878M(1024M) 0,357ms
[83,469s][info][gc] GC(1578) Concurrent Mark Cycle 369,077ms
[83,483s][info][gc] GC(1585) Pause Young (Prepare Mixed) (G1 Evacuation Pause) 904M->821M(1024M) 4,430ms
[83,516s][info][gc] GC(1586) Pause Young (Mixed) (G1 Evacuation Pause) 864M->776M(1024M) 14,413ms
[83,550s][info][gc] GC(1587) Pause Young (Mixed) (G1 Evacuation Pause) 823M->741M(1024M) 14,724ms
[83,580s][info][gc] GC(1588) Pause Young (Mixed) (G1 Evacuation Pause) 785M->723M(1024M) 11,208ms
[83,654s][info][gc] GC(1589) Pause Young (Normal) (G1 Evacuation Pause) 891M->735M(1024M) 5,156ms
[83,724s][info][gc] GC(1590) Pause Young (Normal) (G1 Evacuation Pause) 892M->748M(1024M) 7,099ms
[83,789s][info][gc] GC(1591) Pause Young (Concurrent Start) (G1 Evacuation Pause) 895M->760M(1024M) 5,676ms
[83,789s][info][gc] GC(1592) Concurrent Mark Cycle
[83,866s][info][gc] GC(1593) Pause Young (Normal) (G1 Evacuation Pause) 896M->770M(1024M) 5,209ms
[83,932s][info][gc] GC(1594) Pause Young (Normal) (G1 Evacuation Pause) 898M->781M(1024M) 4,681ms
[83,992s][info][gc] GC(1595) Pause Young (Normal) (G1 Evacuation Pause) 899M->791M(1024M) 4,436ms
[84,019s][info][gc] GC(1592) Pause Remark 844M->844M(1024M) 0,543ms
[84,051s][info][gc] GC(1596) Pause Young (Normal) (G1 Evacuation Pause) 901M->800M(1024M) 5,104ms
[84,100s][info][gc] GC(1597) Pause Young (Normal) (G1 Evacuation Pause) 902M->808M(1024M) 4,952ms
[84,146s][info][gc] GC(1598) Pause Young (Normal) (G1 Evacuation Pause) 903M->815M(1024M) 4,934ms
[84,178s][info][gc] GC(1592) Pause Cleanup 887M->887M(1024M) 0,365ms
[84,179s][info][gc] GC(1592) Concurrent Mark Cycle 390,101ms
[84,190s][info][gc] GC(1599) Pause Young (Prepare Mixed) (G1 Evacuation Pause) 904M->822M(1024M) 4,281ms
[84,222s][info][gc] GC(1600) Pause Young (Mixed) (G1 Evacuation Pause) 865M->775M(1024M) 13,505ms
[84,257s][info][gc] GC(1601) Pause Young (Mixed) (G1 Evacuation Pause) 822M->740M(1024M) 14,707ms
[84,287s][info][gc] GC(1602) Pause Young (Mixed) (G1 Evacuation Pause) 784M->720M(1024M) 10,994ms
[84,365s][info][gc] GC(1603) Pause Young (Normal) (G1 Evacuation Pause) 891M->733M(1024M) 5,247ms
[84,438s][info][gc] GC(1604) Pause Young (Normal) (G1 Evacuation Pause) 893M->746M(1024M) 7,254ms
[84,502s][info][gc] GC(1605) Pause Young (Concurrent Start) (G1 Evacuation Pause) 894M->759M(1024M) 5,756ms
[84,502s][info][gc] GC(1606) Concurrent Mark Cycle
[84,569s][info][gc] GC(1607) Pause Young (Normal) (G1 Evacuation Pause) 896M->769M(1024M) 5,366ms
[84,633s][info][gc] GC(1608) Pause Young (Normal) (G1 Evacuation Pause) 897M->780M(1024M) 5,228ms
[84,691s][info][gc] GC(1609) Pause Young (Normal) (G1 Evacuation Pause) 899M->789M(1024M) 4,808ms
[84,716s][info][gc] GC(1606) Pause Remark 841M->841M(1024M) 0,747ms
[84,746s][info][gc] GC(1610) Pause Young (Normal) (G1 Evacuation Pause) 900M->798M(1024M) 4,964ms
[84,795s][info][gc] GC(1611) Pause Young (Normal) (G1 Evacuation Pause) 901M->806M(1024M) 4,898ms
[84,841s][info][gc] GC(1612) Pause Young (Normal) (G1 Evacuation Pause) 902M->814M(1024M) 4,693ms
[84,869s][info][gc] GC(1606) Pause Cleanup 881M->881M(1024M) 0,346ms
[84,871s][info][gc] GC(1606) Concurrent Mark Cycle 368,614ms
[84,884s][info][gc] GC(1613) Pause Young (Prepare Mixed) (G1 Evacuation Pause) 904M->821M(1024M) 4,339ms
[84,916s][info][gc] GC(1614) Pause Young (Mixed) (G1 Evacuation Pause) 864M->775M(1024M) 14,515ms
[84,950s][info][gc] GC(1615) Pause Young (Mixed) (G1 Evacuation Pause) 822M->738M(1024M) 14,311ms
[84,979s][info][gc] GC(1616) Pause Young (Mixed) (G1 Evacuation Pause) 782M->721M(1024M) 10,467ms
[85,054s][info][gc] GC(1617) Pause Young (Normal) (G1 Evacuation Pause) 891M->733M(1024M) 5,216ms
[85,125s][info][gc] GC(1618) Pause Young (Normal) (G1 Evacuation Pause) 892M->747M(1024M) 7,161ms
[85,190s][info][gc] GC(1619) Pause Young (Concurrent Start) (G1 Evacuation Pause) 895M->758M(1024M) 5,664ms
[85,190s][info][gc] GC(1620) Concurrent Mark Cycle
[85,258s][info][gc] GC(1621) Pause Young (Normal) (G1 Evacuation Pause) 895M->769M(1024M) 5,379ms
[85,321s][info][gc] GC(1622) Pause Young (Normal) (G1 Evacuation Pause) 897M->780M(1024M) 5,095ms
[85,380s][info][gc] GC(1623) Pause Young (Normal) (G1 Evacuation Pause) 899M->789M(1024M) 4,764ms
[85,403s][info][gc] GC(1620) Pause Remark 838M->838M(1024M) 0,996ms
[85,435s][info][gc] GC(1624) Pause Young (Normal) (G1 Evacuation Pause) 900M->798M(1024M) 5,007ms
[85,484s][info][gc] GC(1625) Pause Young (Normal) (G1 Evacuation Pause) 902M->806M(1024M) 4,953ms
[85,530s][info][gc] GC(1626) Pause Young (Normal) (G1 Evacuation Pause) 902M->814M(1024M) 4,701ms
[85,558s][info][gc] GC(1620) Pause Cleanup 879M->879M(1024M) 0,330ms
[85,559s][info][gc] GC(1620) Concurrent Mark Cycle 369,348ms
[85,573s][info][gc] GC(1627) Pause Young (Prepare Mixed) (G1 Evacuation Pause) 904M->821M(1024M) 4,480ms
[85,605s][info][gc] GC(1628) Pause Young (Mixed) (G1 Evacuation Pause) 864M->776M(1024M) 14,237ms
[85,639s][info][gc] GC(1629) Pause Young (Mixed) (G1 Evacuation Pause) 823M->739M(1024M) 14,260ms
[85,669s][info][gc] GC(1630) Pause Young (Mixed) (G1 Evacuation Pause) 783M->721M(1024M) 11,186ms
[85,744s][info][gc] GC(1631) Pause Young (Normal) (G1 Evacuation Pause) 891M->733M(1024M) 5,244ms
[85,815s][info][gc] GC(1632) Pause Young (Normal) (G1 Evacuation Pause) 892M->747M(1024M) 7,249ms
[85,880s][info][gc] GC(1633) Pause Young (Concurrent Start) (G1 Evacuation Pause) 895M->758M(1024M) 5,711ms
[85,880s][info][gc] GC(1634) Concurrent Mark Cycle
[85,947s][info][gc] GC(1635) Pause Young (Normal) (G1 Evacuation Pause) 895M->770M(1024M) 5,336ms
[86,010s][info][gc] GC(1636) Pause Young (Normal) (G1 Evacuation Pause) 898M->780M(1024M) 5,167ms
[86,069s][info][gc] GC(1637) Pause Young (Normal) (G1 Evacuation Pause) 899M->789M(1024M) 4,898ms
[86,093s][info][gc] GC(1634) Pause Remark 840M->840M(1024M) 0,784ms
[86,124s][info][gc] GC(1638) Pause Young (Normal) (G1 Evacuation Pause) 900M->799M(1024M) 5,046ms
[86,172s][info][gc] GC(1639) Pause Young (Normal) (G1 Evacuation Pause) 902M->807M(1024M) 4,950ms
[86,218s][info][gc] GC(1640) Pause Young (Normal) (G1 Evacuation Pause) 903M->814M(1024M) 4,758ms
[86,247s][info][gc] GC(1634) Pause Cleanup 881M->881M(1024M) 0,384ms
[86,248s][info][gc] GC(1634) Concurrent Mark Cycle 368,580ms
[86,261s][info][gc] GC(1641) Pause Young (Prepare Mixed) (G1 Evacuation Pause) 904M->822M(1024M) 4,474ms
[86,293s][info][gc] GC(1642) Pause Young (Mixed) (G1 Evacuation Pause) 865M->776M(1024M) 14,315ms
[86,326s][info][gc] GC(1643) Pause Young (Mixed) (G1 Evacuation Pause) 823M->740M(1024M) 14,003ms
[86,355s][info][gc] GC(1644) Pause Young (Mixed) (G1 Evacuation Pause) 784M->721M(1024M) 10,676ms
[86,431s][info][gc] GC(1645) Pause Young (Normal) (G1 Evacuation Pause) 891M->733M(1024M) 5,156ms
[86,502s][info][gc] GC(1646) Pause Young (Normal) (G1 Evacuation Pause) 892M->747M(1024M) 6,907ms
[86,567s][info][gc] GC(1647) Pause Young (Concurrent Start) (G1 Evacuation Pause) 895M->758M(1024M) 5,742ms
[86,567s][info][gc] GC(1648) Concurrent Mark Cycle
[86,634s][info][gc] GC(1649) Pause Young (Normal) (G1 Evacuation Pause) 895M->769M(1024M) 5,414ms
[86,698s][info][gc] GC(1650) Pause Young (Normal) (G1 Evacuation Pause) 898M->780M(1024M) 5,188ms
[86,757s][info][gc] GC(1651) Pause Young (Normal) (G1 Evacuation Pause) 899M->789M(1024M) 4,782ms
[86,780s][info][gc] GC(1648) Pause Remark 838M->838M(1024M) 0,903ms
[86,812s][info][gc] GC(1652) Pause Young (Normal) (G1 Evacuation Pause) 900M->798M(1024M) 4,997ms
[86,861s][info][gc] GC(1653) Pause Young (Normal) (G1 Evacuation Pause) 902M->807M(1024M) 4,875ms
[86,906s][info][gc] GC(1654) Pause Young (Normal) (G1 Evacuation Pause) 903M->814M(1024M) 4,632ms
[86,934s][info][gc] GC(1648) Pause Cleanup 878M->878M(1024M) 0,343ms
[86,935s][info][gc] GC(1648) Concurrent Mark Cycle 368,305ms
[86,950s][info][gc] GC(1655) Pause Young (Prepare Mixed) (G1 Evacuation Pause) 904M->821M(1024M) 4,497ms
[86,982s][info][gc] GC(1656) Pause Young (Mixed) (G1 Evacuation Pause) 864M->775M(1024M) 14,317ms
[87,016s][info][gc] GC(1657) Pause Young (Mixed) (G1 Evacuation Pause) 822M->739M(1024M) 14,123ms
[87,046s][info][gc] GC(1658) Pause Young (Mixed) (G1 Evacuation Pause) 783M->721M(1024M) 10,599ms
[87,122s][info][gc] GC(1659) Pause Young (Normal) (G1 Evacuation Pause) 891M->733M(1024M) 5,172ms
[87,194s][info][gc] GC(1660) Pause Young (Normal) (G1 Evacuation Pause) 892M->747M(1024M) 7,177ms
[87,260s][info][gc] GC(1661) Pause Young (Concurrent Start) (G1 Evacuation Pause) 895M->758M(1024M) 5,720ms
[87,260s][info][gc] GC(1662) Concurrent Mark Cycle
[87,327s][info][gc] GC(1663) Pause Young (Normal) (G1 Evacuation Pause) 895M->769M(1024M) 5,278ms
[87,391s][info][gc] GC(1664) Pause Young (Normal) (G1 Evacuation Pause) 898M->780M(1024M) 5,361ms
[87,449s][info][gc] GC(1665) Pause Young (Normal) (G1 Evacuation Pause) 899M->790M(1024M) 4,771ms
[87,472s][info][gc] GC(1662) Pause Remark 840M->840M(1024M) 0,742ms
[87,504s][info][gc] GC(1666) Pause Young (Normal) (G1 Evacuation Pause) 901M->799M(1024M) 5,150ms
[87,553s][info][gc] GC(1667) Pause Young (Normal) (G1 Evacuation Pause) 902M->806M(1024M) 4,877ms
[87,599s][info][gc] GC(1668) Pause Young (Normal) (G1 Evacuation Pause) 902M->814M(1024M) 4,816ms
[87,627s][info][gc] GC(1662) Pause Cleanup 882M->882M(1024M) 0,343ms
[87,629s][info][gc] GC(1662) Concurrent Mark Cycle 368,825ms
[87,642s][info][gc] GC(1669) Pause Young (Prepare Mixed) (G1 Evacuation Pause) 904M->822M(1024M) 4,349ms
[87,675s][info][gc] GC(1670) Pause Young (Mixed) (G1 Evacuation Pause) 865M->776M(1024M) 14,945ms
[87,709s][info][gc] GC(1671) Pause Young (Mixed) (G1 Evacuation Pause) 823M->740M(1024M) 14,326ms
[87,738s][info][gc] GC(1672) Pause Young (Mixed) (G1 Evacuation Pause) 784M->720M(1024M) 10,697ms
[87,813s][info][gc] GC(1673) Pause Young (Normal) (G1 Evacuation Pause) 891M->733M(1024M) 5,294ms
[87,884s][info][gc] GC(1674) Pause Young (Normal) (G1 Evacuation Pause) 893M->746M(1024M) 7,223ms
[87,948s][info][gc] GC(1675) Pause Young (Concurrent Start) (G1 Evacuation Pause) 894M->758M(1024M) 5,802ms
[87,948s][info][gc] GC(1676) Concurrent Mark Cycle
[88,016s][info][gc] GC(1677) Pause Young (Normal) (G1 Evacuation Pause) 896M->769M(1024M) 5,376ms
[88,080s][info][gc] GC(1678) Pause Young (Normal) (G1 Evacuation Pause) 898M->779M(1024M) 5,090ms
[88,139s][info][gc] GC(1679) Pause Young (Normal) (G1 Evacuation Pause) 899M->788M(1024M) 4,757ms
[88,161s][info][gc] GC(1676) Pause Remark 836M->836M(1024M) 0,867ms
[88,193s][info][gc] GC(1680) Pause Young (Normal) (G1 Evacuation Pause) 899M->798M(1024M) 5,139ms
[88,242s][info][gc] GC(1681) Pause Young (Normal) (G1 Evacuation Pause) 902M->806M(1024M) 4,843ms
[88,288s][info][gc] GC(1682) Pause Young (Normal) (G1 Evacuation Pause) 902M->814M(1024M) 4,858ms
[88,315s][info][gc] GC(1676) Pause Cleanup 878M->878M(1024M) 0,357ms
[88,317s][info][gc] GC(1676) Concurrent Mark Cycle 368,363ms
[88,331s][info][gc] GC(1683) Pause Young (Prepare Mixed) (G1 Evacuation Pause) 904M->821M(1024M) 4,376ms
[88,364s][info][gc] GC(1684) Pause Young (Mixed) (G1 Evacuation Pause) 864M->776M(1024M) 14,572ms
[88,397s][info][gc] GC(1685) Pause Young (Mixed) (G1 Evacuation Pause) 823M->740M(1024M) 14,133ms
[88,426s][info][gc] GC(1686) Pause Young (Mixed) (G1 Evacuation Pause) 784M->721M(1024M) 10,940ms
[88,501s][info][gc] GC(1687) Pause Young (Normal) (G1 Evacuation Pause) 891M->733M(1024M) 5,163ms
[88,572s][info][gc] GC(1688) Pause Young (Normal) (G1 Evacuation Pause) 892M->747M(1024M) 7,211ms
[88,636s][info][gc] GC(1689) Pause Young (Concurrent Start) (G1 Evacuation Pause) 894M->758M(1024M) 5,772ms
[88,636s][info][gc] GC(1690) Concurrent Mark Cycle
[88,704s][info][gc] GC(1691) Pause Young (Normal) (G1 Evacuation Pause) 896M->769M(1024M) 5,501ms
[88,768s][info][gc] GC(1692) Pause Young (Normal) (G1 Evacuation Pause) 898M->780M(1024M) 5,124ms
[88,827s][info][gc] GC(1693) Pause Young (Normal) (G1 Evacuation Pause) 899M->789M(1024M) 4,852ms
[88,850s][info][gc] GC(1690) Pause Remark 838M->838M(1024M) 0,817ms
[88,882s][info][gc] GC(1694) Pause Young (Normal) (G1 Evacuation Pause) 900M->798M(1024M) 4,998ms
[88,931s][info][gc] GC(1695) Pause Young (Normal) (G1 Evacuation Pause) 902M->806M(1024M) 4,882ms
[88,976s][info][gc] GC(1696) Pause Young (Normal) (G1 Evacuation Pause) 902M->814M(1024M) 4,761ms
[89,004s][info][gc] GC(1690) Pause Cleanup 880M->880M(1024M) 0,374ms
[89,006s][info][gc] GC(1690) Concurrent Mark Cycle 369,202ms
[89,019s][info][gc] GC(1697) Pause Young (Prepare Mixed) (G1 Evacuation Pause) 904M->822M(1024M) 4,474ms
[89,051s][info][gc] GC(1698) Pause Young (Mixed) (G1 Evacuation Pause) 865M->776M(1024M) 14,243ms
[89,085s][info][gc] GC(1699) Pause Young (Mixed) (G1 Evacuation Pause) 823M->740M(1024M) 14,573ms
[89,114s][info][gc] GC(1700) Pause Young (Mixed) (G1 Evacuation Pause) 784M->721M(1024M) 10,765ms
[89,189s][info][gc] GC(1701) Pause Young (Normal) (G1 Evacuation Pause) 891M->734M(1024M) 5,224ms
[89,261s][info][gc] GC(1702) Pause Young (Normal) (G1 Evacuation Pause) 893M->747M(1024M) 7,160ms
[89,325s][info][gc] GC(1703) Pause Young (Concurrent Start) (G1 Evacuation Pause) 894M->759M(1024M) 5,699ms
[89,325s][info][gc] GC(1704) Concurrent Mark Cycle
[89,392s][info][gc] GC(1705) Pause Young (Normal) (G1 Evacuation Pause) 895M->770M(1024M) 5,408ms
[89,455s][info][gc] GC(1706) Pause Young (Normal) (G1 Evacuation Pause) 897M->781M(1024M) 5,118ms
[89,515s][info][gc] GC(1707) Pause Young (Normal) (G1 Evacuation Pause) 899M->790M(1024M) 5,386ms
[89,542s][info][gc] GC(1704) Pause Remark 843M->843M(1024M) 0,749ms
[89,572s][info][gc] GC(1708) Pause Young (Normal) (G1 Evacuation Pause) 900M->800M(1024M) 5,057ms
[89,621s][info][gc] GC(1709) Pause Young (Normal) (G1 Evacuation Pause) 902M->808M(1024M) 4,838ms
[89,666s][info][gc] GC(1710) Pause Young (Normal) (G1 Evacuation Pause) 903M->815M(1024M) 4,702ms
[89,698s][info][gc] GC(1704) Pause Cleanup 887M->887M(1024M) 0,305ms
[89,699s][info][gc] GC(1704) Concurrent Mark Cycle 373,596ms
[89,710s][info][gc] GC(1711) Pause Young (Prepare Mixed) (G1 Evacuation Pause) 904M->822M(1024M) 4,437ms
[89,742s][info][gc] GC(1712) Pause Young (Mixed) (G1 Evacuation Pause) 865M->777M(1024M) 14,477ms
[89,776s][info][gc] GC(1713) Pause Young (Mixed) (G1 Evacuation Pause) 824M->741M(1024M) 14,053ms
[89,806s][info][gc] GC(1714) Pause Young (Mixed) (G1 Evacuation Pause) 785M->722M(1024M) 11,140ms
[89,881s][info][gc] GC(1715) Pause Young (Normal) (G1 Evacuation Pause) 891M->734M(1024M) 5,205ms
[89,951s][info][gc] GC(1716) Pause Young (Normal) (G1 Evacuation Pause) 892M->747M(1024M) 7,147ms
[90,015s][info][gc] GC(1717) Pause Young (Concurrent Start) (G1 Evacuation Pause) 894M->759M(1024M) 5,675ms
[90,015s][info][gc] GC(1718) Concurrent Mark Cycle
[90,082s][info][gc] GC(1719) Pause Young (Normal) (G1 Evacuation Pause) 896M->770M(1024M) 5,279ms
[90,145s][info][gc] GC(1720) Pause Young (Normal) (G1 Evacuation Pause) 898M->780M(1024M) 5,024ms
[90,204s][info][gc] GC(1721) Pause Young (Normal) (G1 Evacuation Pause) 899M->789M(1024M) 4,864ms
[90,228s][info][gc] GC(1718) Pause Remark 840M->840M(1024M) 0,712ms
[90,259s][info][gc] GC(1722) Pause Young (Normal) (G1 Evacuation Pause) 900M->798M(1024M) 5,042ms
[90,308s][info][gc] GC(1723) Pause Young (Normal) (G1 Evacuation Pause) 902M->807M(1024M) 4,825ms
[90,353s][info][gc] GC(1724) Pause Young (Normal) (G1 Evacuation Pause) 903M->814M(1024M) 4,693ms
[90,382s][info][gc] GC(1718) Pause Cleanup 880M->880M(1024M) 0,381ms
[90,383s][info][gc] GC(1718) Concurrent Mark Cycle 368,115ms
[90,396s][info][gc] GC(1725) Pause Young (Prepare Mixed) (G1 Evacuation Pause) 904M->822M(1024M) 4,363ms
[90,429s][info][gc] GC(1726) Pause Young (Mixed) (G1 Evacuation Pause) 865M->776M(1024M) 14,120ms
[90,463s][info][gc] GC(1727) Pause Young (Mixed) (G1 Evacuation Pause) 823M->740M(1024M) 14,439ms
[90,493s][info][gc] GC(1728) Pause Young (Mixed) (G1 Evacuation Pause) 784M->721M(1024M) 11,614ms
[90,568s][info][gc] GC(1729) Pause Young (Normal) (G1 Evacuation Pause) 891M->734M(1024M) 5,144ms
[90,641s][info][gc] GC(1730) Pause Young (Normal) (G1 Evacuation Pause) 893M->747M(1024M) 7,053ms
[90,708s][info][gc] GC(1731) Pause Young (Concurrent Start) (G1 Evacuation Pause) 895M->759M(1024M) 5,672ms
[90,708s][info][gc] GC(1732) Concurrent Mark Cycle
[90,776s][info][gc] GC(1733) Pause Young (Normal) (G1 Evacuation Pause) 896M->770M(1024M) 5,411ms
[90,838s][info][gc] GC(1734) Pause Young (Normal) (G1 Evacuation Pause) 897M->780M(1024M) 5,086ms
[90,898s][info][gc] GC(1735) Pause Young (Normal) (G1 Evacuation Pause) 898M->790M(1024M) 4,821ms
[90,923s][info][gc] GC(1732) Pause Remark 844M->844M(1024M) 0,710ms
[90,953s][info][gc] GC(1736) Pause Young (Normal) (G1 Evacuation Pause) 901M->799M(1024M) 4,891ms
[91,002s][info][gc] GC(1737) Pause Young (Normal) (G1 Evacuation Pause) 901M->807M(1024M) 4,783ms
[91,047s][info][gc] GC(1738) Pause Young (Normal) (G1 Evacuation Pause) 902M->814M(1024M) 4,748ms
[91,077s][info][gc] GC(1732) Pause Cleanup 886M->886M(1024M) 0,350ms
[91,079s][info][gc] GC(1732) Concurrent Mark Cycle 370,682ms
[91,090s][info][gc] GC(1739) Pause Young (Prepare Mixed) (G1 Evacuation Pause) 903M->821M(1024M) 4,367ms
[91,122s][info][gc] GC(1740) Pause Young (Mixed) (G1 Evacuation Pause) 865M->775M(1024M) 14,359ms
[91,157s][info][gc] GC(1741) Pause Young (Mixed) (G1 Evacuation Pause) 822M->739M(1024M) 14,532ms
[91,186s][info][gc] GC(1742) Pause Young (Mixed) (G1 Evacuation Pause) 783M->722M(1024M) 10,592ms
[91,261s][info][gc] GC(1743) Pause Young (Normal) (G1 Evacuation Pause) 891M->735M(1024M) 5,313ms
[91,333s][info][gc] GC(1744) Pause Young (Normal) (G1 Evacuation Pause) 893M->748M(1024M) 7,019ms
[91,397s][info][gc] GC(1745) Pause Young (Concurrent Start) (G1 Evacuation Pause) 894M->760M(1024M) 5,720ms
[91,397s][info][gc] GC(1746) Concurrent Mark Cycle
[91,465s][info][gc] GC(1747) Pause Young (Normal) (G1 Evacuation Pause) 896M->770M(1024M) 5,362ms
[91,528s][info][gc] GC(1748) Pause Young (Normal) (G1 Evacuation Pause) 898M->781M(1024M) 5,120ms
[91,586s][info][gc] GC(1749) Pause Young (Normal) (G1 Evacuation Pause) 899M->790M(1024M) 4,751ms
[91,611s][info][gc] GC(1746) Pause Remark 843M->843M(1024M) 0,791ms
[91,641s][info][gc] GC(1750) Pause Young (Normal) (G1 Evacuation Pause) 901M->800M(1024M) 5,044ms
[91,689s][info][gc] GC(1751) Pause Young (Normal) (G1 Evacuation Pause) 902M->808M(1024M) 4,796ms
[91,734s][info][gc] GC(1752) Pause Young (Normal) (G1 Evacuation Pause) 903M->815M(1024M) 4,635ms
[91,766s][info][gc] GC(1746) Pause Cleanup 889M->889M(1024M) 0,345ms
[91,767s][info][gc] GC(1746) Concurrent Mark Cycle 369,825ms
[91,777s][info][gc] GC(1753) Pause Young (Prepare Mixed) (G1 Evacuation Pause) 904M->822M(1024M) 4,427ms
[91,809s][info][gc] GC(1754) Pause Young (Mixed) (G1 Evacuation Pause) 865M->776M(1024M) 14,034ms
[91,843s][info][gc] GC(1755) Pause Young (Mixed) (G1 Evacuation Pause) 823M->740M(1024M) 14,340ms
[91,873s][info][gc] GC(1756) Pause Young (Mixed) (G1 Evacuation Pause) 784M->721M(1024M) 11,043ms
[91,949s][info][gc] GC(1757) Pause Young (Normal) (G1 Evacuation Pause) 891M->734M(1024M) 5,243ms
[92,021s][info][gc] GC(1758) Pause Young (Normal) (G1 Evacuation Pause) 893M->747M(1024M) 7,069ms
[92,085s][info][gc] GC(1759) Pause Young (Concurrent Start) (G1 Evacuation Pause) 895M->759M(1024M) 5,874ms
[92,085s][info][gc] GC(1760) Concurrent Mark Cycle
[92,153s][info][gc] GC(1761) Pause Young (Normal) (G1 Evacuation Pause) 896M->770M(1024M) 5,388ms
[92,216s][info][gc] GC(1762) Pause Young (Normal) (G1 Evacuation Pause) 898M->780M(1024M) 5,201ms
[92,274s][info][gc] GC(1763) Pause Young (Normal) (G1 Evacuation Pause) 898M->790M(1024M) 4,895ms
[92,298s][info][gc] GC(1760) Pause Remark 841M->841M(1024M) 0,967ms
[92,329s][info][gc] GC(1764) Pause Young (Normal) (G1 Evacuation Pause) 901M->798M(1024M) 4,970ms
[92,378s][info][gc] GC(1765) Pause Young (Normal) (G1 Evacuation Pause) 902M->807M(1024M) 4,810ms
[92,424s][info][gc] GC(1766) Pause Young (Normal) (G1 Evacuation Pause) 903M->815M(1024M) 4,725ms
[92,453s][info][gc] GC(1760) Pause Cleanup 882M->882M(1024M) 0,355ms
[92,454s][info][gc] GC(1760) Concurrent Mark Cycle 368,431ms
[92,466s][info][gc] GC(1767) Pause Young (Prepare Mixed) (G1 Evacuation Pause) 904M->822M(1024M) 4,490ms
[92,498s][info][gc] GC(1768) Pause Young (Mixed) (G1 Evacuation Pause) 865M->776M(1024M) 14,371ms
[92,532s][info][gc] GC(1769) Pause Young (Mixed) (G1 Evacuation Pause) 823M->740M(1024M) 14,264ms
[92,562s][info][gc] GC(1770) Pause Young (Mixed) (G1 Evacuation Pause) 784M->722M(1024M) 11,037ms
[92,638s][info][gc] GC(1771) Pause Young (Normal) (G1 Evacuation Pause) 891M->735M(1024M) 5,145ms
[92,710s][info][gc] GC(1772) Pause Young (Normal) (G1 Evacuation Pause) 893M->748M(1024M) 7,087ms
[92,774s][info][gc] GC(1773) Pause Young (Concurrent Start) (G1 Evacuation Pause) 894M->759M(1024M) 5,629ms
[92,774s][info][gc] GC(1774) Concurrent Mark Cycle
[92,841s][info][gc] GC(1775) Pause Young (Normal) (G1 Evacuation Pause) 896M->771M(1024M) 5,403ms
[92,904s][info][gc] GC(1776) Pause Young (Normal) (G1 Evacuation Pause) 898M->781M(1024M) 5,171ms
[92,962s][info][gc] GC(1777) Pause Young (Normal) (G1 Evacuation Pause) 899M->790M(1024M) 4,820ms
[92,986s][info][gc] GC(1774) Pause Remark 842M->842M(1024M) 0,760ms
[93,016s][info][gc] GC(1778) Pause Young (Normal) (G1 Evacuation Pause) 900M->799M(1024M) 4,936ms
[93,065s][info][gc] GC(1779) Pause Young (Normal) (G1 Evacuation Pause) 902M->808M(1024M) 4,873ms
[93,110s][info][gc] GC(1780) Pause Young (Normal) (G1 Evacuation Pause) 903M->815M(1024M) 4,717ms
[93,141s][info][gc] GC(1774) Pause Cleanup 885M->885M(1024M) 0,344ms
[93,142s][info][gc] GC(1774) Concurrent Mark Cycle 367,925ms
[93,153s][info][gc] GC(1781) Pause Young (Prepare Mixed) (G1 Evacuation Pause) 904M->822M(1024M) 4,484ms
[93,186s][info][gc] GC(1782) Pause Young (Mixed) (G1 Evacuation Pause) 865M->776M(1024M) 14,275ms
[93,220s][info][gc] GC(1783) Pause Young (Mixed) (G1 Evacuation Pause) 823M->739M(1024M) 14,189ms
[93,249s][info][gc] GC(1784) Pause Young (Mixed) (G1 Evacuation Pause) 783M->720M(1024M) 10,734ms
[93,325s][info][gc] GC(1785) Pause Young (Normal) (G1 Evacuation Pause) 891M->732M(1024M) 5,304ms
[93,396s][info][gc] GC(1786) Pause Young (Normal) (G1 Evacuation Pause) 892M->747M(1024M) 7,121ms
[93,462s][info][gc] GC(1787) Pause Young (Concurrent Start) (G1 Evacuation Pause) 895M->758M(1024M) 5,666ms
[93,462s][info][gc] GC(1788) Concurrent Mark Cycle
[93,529s][info][gc] GC(1789) Pause Young (Normal) (G1 Evacuation Pause) 896M->769M(1024M) 5,401ms
[93,593s][info][gc] GC(1790) Pause Young (Normal) (G1 Evacuation Pause) 898M->779M(1024M) 5,220ms
[93,652s][info][gc] GC(1791) Pause Young (Normal) (G1 Evacuation Pause) 899M->788M(1024M) 4,940ms
[93,674s][info][gc] GC(1788) Pause Remark 836M->836M(1024M) 0,821ms
[93,707s][info][gc] GC(1792) Pause Young (Normal) (G1 Evacuation Pause) 899M->797M(1024M) 5,248ms
[93,755s][info][gc] GC(1793) Pause Young (Normal) (G1 Evacuation Pause) 901M->806M(1024M) 4,886ms
[93,801s][info][gc] GC(1794) Pause Young (Normal) (G1 Evacuation Pause) 903M->813M(1024M) 4,713ms
[93,830s][info][gc] GC(1788) Pause Cleanup 878M->878M(1024M) 0,355ms
[93,831s][info][gc] GC(1788) Concurrent Mark Cycle 369,051ms
[93,845s][info][gc] GC(1795) Pause Young (Prepare Mixed) (G1 Evacuation Pause) 904M->821M(1024M) 4,316ms
[93,878s][info][gc] GC(1796) Pause Young (Mixed) (G1 Evacuation Pause) 864M->776M(1024M) 14,925ms
[93,911s][info][gc] GC(1797) Pause Young (Mixed) (G1 Evacuation Pause) 823M->740M(1024M) 14,312ms
[93,940s][info][gc] GC(1798) Pause Young (Mixed) (G1 Evacuation Pause) 784M->722M(1024M) 10,930ms
[94,015s][info][gc] GC(1799) Pause Young (Normal) (G1 Evacuation Pause) 891M->734M(1024M) 5,143ms
[94,085s][info][gc] GC(1800) Pause Young (Normal) (G1 Evacuation Pause) 892M->747M(1024M) 7,008ms
[94,150s][info][gc] GC(1801) Pause Young (Concurrent Start) (G1 Evacuation Pause) 895M->759M(1024M) 5,762ms
[94,150s][info][gc] GC(1802) Concurrent Mark Cycle
[94,218s][info][gc] GC(1803) Pause Young (Normal) (G1 Evacuation Pause) 896M->770M(1024M) 5,410ms
[94,281s][info][gc] GC(1804) Pause Young (Normal) (G1 Evacuation Pause) 898M->780M(1024M) 5,051ms
[94,339s][info][gc] GC(1805) Pause Young (Normal) (G1 Evacuation Pause) 899M->789M(1024M) 4,812ms
[94,363s][info][gc] GC(1802) Pause Remark 840M->840M(1024M) 0,977ms
[94,394s][info][gc] GC(1806) Pause Young (Normal) (G1 Evacuation Pause) 900M->798M(1024M) 5,042ms
[94,443s][info][gc] GC(1807) Pause Young (Normal) (G1 Evacuation Pause) 902M->806M(1024M) 4,914ms
[94,489s][info][gc] GC(1808) Pause Young (Normal) (G1 Evacuation Pause) 902M->814M(1024M) 4,784ms
[94,517s][info][gc] GC(1802) Pause Cleanup 879M->879M(1024M) 0,361ms
[94,518s][info][gc] GC(1802) Concurrent Mark Cycle 367,860ms
[94,532s][info][gc] GC(1809) Pause Young (Prepare Mixed) (G1 Evacuation Pause) 904M->821M(1024M) 4,532ms
[94,564s][info][gc] GC(1810) Pause Young (Mixed) (G1 Evacuation Pause) 864M->775M(1024M) 14,573ms
[94,597s][info][gc] GC(1811) Pause Young (Mixed) (G1 Evacuation Pause) 822M->739M(1024M) 14,339ms
[94,627s][info][gc] GC(1812) Pause Young (Mixed) (G1 Evacuation Pause) 783M->720M(1024M) 11,345ms
[94,702s][info][gc] GC(1813) Pause Young (Normal) (G1 Evacuation Pause) 891M->733M(1024M) 5,142ms
[94,773s][info][gc] GC(1814) Pause Young (Normal) (G1 Evacuation Pause) 893M->745M(1024M) 7,182ms
[94,853s][info][gc] GC(1815) Pause Young (Concurrent Start) (G1 Evacuation Pause) 894M->759M(1024M) 7,133ms
[94,853s][info][gc] GC(1816) Concurrent Mark Cycle
[94,933s][info][gc] GC(1817) Pause Young (Normal) (G1 Evacuation Pause) 896M->769M(1024M) 5,461ms
[94,999s][info][gc] GC(1818) Pause Young (Normal) (G1 Evacuation Pause) 897M->780M(1024M) 5,199ms
[95,058s][info][gc] GC(1819) Pause Young (Normal) (G1 Evacuation Pause) 899M->789M(1024M) 4,817ms
[95,080s][info][gc] GC(1816) Pause Remark 837M->837M(1024M) 0,846ms
[95,112s][info][gc] GC(1820) Pause Young (Normal) (G1 Evacuation Pause) 900M->798M(1024M) 5,035ms
[95,161s][info][gc] GC(1821) Pause Young (Normal) (G1 Evacuation Pause) 902M->807M(1024M) 4,908ms
[95,207s][info][gc] GC(1822) Pause Young (Normal) (G1 Evacuation Pause) 903M->814M(1024M) 4,770ms
[95,234s][info][gc] GC(1816) Pause Cleanup 876M->876M(1024M) 0,368ms
[95,235s][info][gc] GC(1816) Concurrent Mark Cycle 381,638ms
[95,250s][info][gc] GC(1823) Pause Young (Prepare Mixed) (G1 Evacuation Pause) 904M->822M(1024M) 4,395ms
[95,283s][info][gc] GC(1824) Pause Young (Mixed) (G1 Evacuation Pause) 865M->777M(1024M) 14,719ms
[95,317s][info][gc] GC(1825) Pause Young (Mixed) (G1 Evacuation Pause) 824M->741M(1024M) 14,289ms
[95,346s][info][gc] GC(1826) Pause Young (Mixed) (G1 Evacuation Pause) 785M->723M(1024M) 10,647ms
[95,420s][info][gc] GC(1827) Pause Young (Normal) (G1 Evacuation Pause) 891M->735M(1024M) 5,158ms
[95,489s][info][gc] GC(1828) Pause Young (Normal) (G1 Evacuation Pause) 892M->748M(1024M) 7,064ms
[95,553s][info][gc] GC(1829) Pause Young (Concurrent Start) (G1 Evacuation Pause) 895M->760M(1024M) 5,808ms
[95,553s][info][gc] GC(1830) Concurrent Mark Cycle
[95,621s][info][gc] GC(1831) Pause Young (Normal) (G1 Evacuation Pause) 896M->770M(1024M) 5,407ms
[95,684s][info][gc] GC(1832) Pause Young (Normal) (G1 Evacuation Pause) 897M->781M(1024M) 5,040ms
[95,742s][info][gc] GC(1833) Pause Young (Normal) (G1 Evacuation Pause) 899M->789M(1024M) 4,842ms
[95,766s][info][gc] GC(1830) Pause Remark 841M->841M(1024M) 0,756ms
[95,797s][info][gc] GC(1834) Pause Young (Normal) (G1 Evacuation Pause) 900M->799M(1024M) 5,047ms
[95,845s][info][gc] GC(1835) Pause Young (Normal) (G1 Evacuation Pause) 901M->807M(1024M) 4,946ms
[95,890s][info][gc] GC(1836) Pause Young (Normal) (G1 Evacuation Pause) 902M->814M(1024M) 4,688ms
[95,920s][info][gc] GC(1830) Pause Cleanup 884M->884M(1024M) 0,383ms
[95,921s][info][gc] GC(1830) Concurrent Mark Cycle 368,151ms
[95,934s][info][gc] GC(1837) Pause Young (Prepare Mixed) (G1 Evacuation Pause) 904M->821M(1024M) 4,341ms
[95,966s][info][gc] GC(1838) Pause Young (Mixed) (G1 Evacuation Pause) 864M->775M(1024M) 14,027ms
[96,000s][info][gc] GC(1839) Pause Young (Mixed) (G1 Evacuation Pause) 822M->738M(1024M) 14,145ms
[96,029s][info][gc] GC(1840) Pause Young (Mixed) (G1 Evacuation Pause) 782M->720M(1024M) 10,747ms
[96,106s][info][gc] GC(1841) Pause Young (Normal) (G1 Evacuation Pause) 891M->733M(1024M) 5,198ms
[96,177s][info][gc] GC(1842) Pause Young (Normal) (G1 Evacuation Pause) 893M->746M(1024M) 7,232ms
[96,242s][info][gc] GC(1843) Pause Young (Concurrent Start) (G1 Evacuation Pause) 894M->758M(1024M) 5,702ms
[96,242s][info][gc] GC(1844) Concurrent Mark Cycle
[96,310s][info][gc] GC(1845) Pause Young (Normal) (G1 Evacuation Pause) 896M->769M(1024M) 5,424ms
[96,374s][info][gc] GC(1846) Pause Young (Normal) (G1 Evacuation Pause) 898M->779M(1024M) 5,142ms
[96,434s][info][gc] GC(1847) Pause Young (Normal) (G1 Evacuation Pause) 899M->788M(1024M) 4,874ms
[96,456s][info][gc] GC(1844) Pause Remark 835M->835M(1024M) 0,735ms
[96,488s][info][gc] GC(1848) Pause Young (Normal) (G1 Evacuation Pause) 899M->797M(1024M) 5,178ms
[96,538s][info][gc] GC(1849) Pause Young (Normal) (G1 Evacuation Pause) 901M->806M(1024M) 4,820ms
[96,583s][info][gc] GC(1850) Pause Young (Normal) (G1 Evacuation Pause) 902M->814M(1024M) 4,686ms
[96,610s][info][gc] GC(1844) Pause Cleanup 876M->876M(1024M) 0,333ms
[96,611s][info][gc] GC(1844) Concurrent Mark Cycle 368,761ms
[96,626s][info][gc] GC(1851) Pause Young (Prepare Mixed) (G1 Evacuation Pause) 904M->821M(1024M) 4,488ms
[96,658s][info][gc] GC(1852) Pause Young (Mixed) (G1 Evacuation Pause) 864M->776M(1024M) 14,546ms
[96,692s][info][gc] GC(1853) Pause Young (Mixed) (G1 Evacuation Pause) 823M->739M(1024M) 14,496ms
[96,722s][info][gc] GC(1854) Pause Young (Mixed) (G1 Evacuation Pause) 783M->721M(1024M) 11,049ms
[96,798s][info][gc] GC(1855) Pause Young (Normal) (G1 Evacuation Pause) 891M->733M(1024M) 5,160ms
[96,870s][info][gc] GC(1856) Pause Young (Normal) (G1 Evacuation Pause) 892M->746M(1024M) 7,097ms
[96,934s][info][gc] GC(1857) Pause Young (Concurrent Start) (G1 Evacuation Pause) 894M->758M(1024M) 5,697ms
[96,934s][info][gc] GC(1858) Concurrent Mark Cycle
[97,002s][info][gc] GC(1859) Pause Young (Normal) (G1 Evacuation Pause) 896M->769M(1024M) 5,242ms
[97,066s][info][gc] GC(1860) Pause Young (Normal) (G1 Evacuation Pause) 898M->779M(1024M) 5,082ms
[97,125s][info][gc] GC(1861) Pause Young (Normal) (G1 Evacuation Pause) 899M->789M(1024M) 4,885ms
[97,148s][info][gc] GC(1858) Pause Remark 837M->837M(1024M) 0,761ms
[97,180s][info][gc] GC(1862) Pause Young (Normal) (G1 Evacuation Pause) 900M->797M(1024M) 5,095ms
[97,229s][info][gc] GC(1863) Pause Young (Normal) (G1 Evacuation Pause) 901M->806M(1024M) 4,873ms
[97,275s][info][gc] GC(1864) Pause Young (Normal) (G1 Evacuation Pause) 903M->813M(1024M) 4,777ms
[97,301s][info][gc] GC(1858) Pause Cleanup 874M->874M(1024M) 0,347ms
[97,302s][info][gc] GC(1858) Concurrent Mark Cycle 367,434ms
[97,318s][info][gc] GC(1865) Pause Young (Prepare Mixed) (G1 Evacuation Pause) 904M->821M(1024M) 4,534ms
[97,350s][info][gc] GC(1866) Pause Young (Mixed) (G1 Evacuation Pause) 864M->776M(1024M) 14,327ms
[97,384s][info][gc] GC(1867) Pause Young (Mixed) (G1 Evacuation Pause) 823M->740M(1024M) 14,496ms
[97,414s][info][gc] GC(1868) Pause Young (Mixed) (G1 Evacuation Pause) 784M->722M(1024M) 11,286ms
[97,488s][info][gc] GC(1869) Pause Young (Normal) (G1 Evacuation Pause) 891M->735M(1024M) 5,089ms
[97,559s][info][gc] GC(1870) Pause Young (Normal) (G1 Evacuation Pause) 893M->748M(1024M) 7,011ms
[97,624s][info][gc] GC(1871) Pause Young (Concurrent Start) (G1 Evacuation Pause) 895M->760M(1024M) 5,768ms
[97,624s][info][gc] GC(1872) Concurrent Mark Cycle
[97,690s][info][gc] GC(1873) Pause Young (Normal) (G1 Evacuation Pause) 896M->771M(1024M) 5,356ms
[97,753s][info][gc] GC(1874) Pause Young (Normal) (G1 Evacuation Pause) 898M->781M(1024M) 5,132ms
[97,811s][info][gc] GC(1875) Pause Young (Normal) (G1 Evacuation Pause) 898M->791M(1024M) 4,712ms
[97,836s][info][gc] GC(1872) Pause Remark 846M->846M(1024M) 0,714ms
[97,865s][info][gc] GC(1876) Pause Young (Normal) (G1 Evacuation Pause) 901M->800M(1024M) 4,972ms
[97,913s][info][gc] GC(1877) Pause Young (Normal) (G1 Evacuation Pause) 902M->808M(1024M) 4,792ms
[97,958s][info][gc] GC(1878) Pause Young (Normal) (G1 Evacuation Pause) 902M->815M(1024M) 4,736ms
[97,991s][info][gc] GC(1872) Pause Cleanup 892M->892M(1024M) 0,327ms
[97,992s][info][gc] GC(1872) Concurrent Mark Cycle 368,268ms
[98,000s][info][gc] GC(1879) Pause Young (Prepare Mixed) (G1 Evacuation Pause) 903M->822M(1024M) 4,364ms
[98,033s][info][gc] GC(1880) Pause Young (Mixed) (G1 Evacuation Pause) 866M->776M(1024M) 14,112ms
[98,067s][info][gc] GC(1881) Pause Young (Mixed) (G1 Evacuation Pause) 823M->740M(1024M) 14,217ms
[98,097s][info][gc] GC(1882) Pause Young (Mixed) (G1 Evacuation Pause) 784M->721M(1024M) 11,105ms
[98,173s][info][gc] GC(1883) Pause Young (Normal) (G1 Evacuation Pause) 891M->734M(1024M) 5,342ms
[98,245s][info][gc] GC(1884) Pause Young (Normal) (G1 Evacuation Pause) 893M->748M(1024M) 7,180ms
[98,311s][info][gc] GC(1885) Pause Young (Concurrent Start) (G1 Evacuation Pause) 895M->759M(1024M) 5,875ms
[98,311s][info][gc] GC(1886) Concurrent Mark Cycle
[98,379s][info][gc] GC(1887) Pause Young (Normal) (G1 Evacuation Pause) 896M->770M(1024M) 5,458ms
[98,442s][info][gc] GC(1888) Pause Young (Normal) (G1 Evacuation Pause) 898M->781M(1024M) 5,105ms
[98,500s][info][gc] GC(1889) Pause Young (Normal) (G1 Evacuation Pause) 899M->790M(1024M) 4,741ms
[98,524s][info][gc] GC(1886) Pause Remark 841M->841M(1024M) 0,894ms
[98,554s][info][gc] GC(1890) Pause Young (Normal) (G1 Evacuation Pause) 900M->799M(1024M) 5,042ms
[98,603s][info][gc] GC(1891) Pause Young (Normal) (G1 Evacuation Pause) 902M->808M(1024M) 5,053ms
[98,648s][info][gc] GC(1892) Pause Young (Normal) (G1 Evacuation Pause) 903M->816M(1024M) 4,786ms
[98,678s][info][gc] GC(1886) Pause Cleanup 886M->886M(1024M) 0,381ms
[98,679s][info][gc] GC(1886) Concurrent Mark Cycle 367,833ms
[98,690s][info][gc] GC(1893) Pause Young (Prepare Mixed) (G1 Evacuation Pause) 904M->822M(1024M) 4,424ms
[98,723s][info][gc] GC(1894) Pause Young (Mixed) (G1 Evacuation Pause) 866M->776M(1024M) 13,956ms
[98,757s][info][gc] GC(1895) Pause Young (Mixed) (G1 Evacuation Pause) 823M->740M(1024M) 14,481ms
[98,786s][info][gc] GC(1896) Pause Young (Mixed) (G1 Evacuation Pause) 784M->721M(1024M) 11,202ms
[98,860s][info][gc] GC(1897) Pause Young (Normal) (G1 Evacuation Pause) 891M->734M(1024M) 5,127ms
[98,931s][info][gc] GC(1898) Pause Young (Normal) (G1 Evacuation Pause) 893M->747M(1024M) 7,086ms
[98,994s][info][gc] GC(1899) Pause Young (Concurrent Start) (G1 Evacuation Pause) 894M->760M(1024M) 5,699ms
[98,995s][info][gc] GC(1900) Concurrent Mark Cycle
[99,061s][info][gc] GC(1901) Pause Young (Normal) (G1 Evacuation Pause) 896M->770M(1024M) 5,247ms
[99,124s][info][gc] GC(1902) Pause Young (Normal) (G1 Evacuation Pause) 898M->781M(1024M) 5,158ms
[99,182s][info][gc] GC(1903) Pause Young (Normal) (G1 Evacuation Pause) 899M->790M(1024M) 4,799ms
[99,208s][info][gc] GC(1900) Pause Remark 844M->844M(1024M) 0,859ms
[99,237s][info][gc] GC(1904) Pause Young (Normal) (G1 Evacuation Pause) 901M->799M(1024M) 5,056ms
[99,286s][info][gc] GC(1905) Pause Young (Normal) (G1 Evacuation Pause) 902M->807M(1024M) 4,932ms
[99,331s][info][gc] GC(1906) Pause Young (Normal) (G1 Evacuation Pause) 902M->815M(1024M) 4,719ms
[99,361s][info][gc] GC(1900) Pause Cleanup 885M->885M(1024M) 0,362ms
[99,362s][info][gc] GC(1900) Concurrent Mark Cycle 367,532ms
[99,373s][info][gc] GC(1907) Pause Young (Prepare Mixed) (G1 Evacuation Pause) 904M->822M(1024M) 4,497ms
[99,406s][info][gc] GC(1908) Pause Young (Mixed) (G1 Evacuation Pause) 865M->776M(1024M) 14,509ms
[99,439s][info][gc] GC(1909) Pause Young (Mixed) (G1 Evacuation Pause) 823M->739M(1024M) 14,222ms
[99,469s][info][gc] GC(1910) Pause Young (Mixed) (G1 Evacuation Pause) 783M->721M(1024M) 10,510ms
[99,544s][info][gc] GC(1911) Pause Young (Normal) (G1 Evacuation Pause) 891M->734M(1024M) 5,286ms
[99,615s][info][gc] GC(1912) Pause Young (Normal) (G1 Evacuation Pause) 893M->748M(1024M) 7,257ms
[99,679s][info][gc] GC(1913) Pause Young (Concurrent Start) (G1 Evacuation Pause) 895M->759M(1024M) 5,699ms
[99,679s][info][gc] GC(1914) Concurrent Mark Cycle
[99,746s][info][gc] GC(1915) Pause Young (Normal) (G1 Evacuation Pause) 896M->770M(1024M) 5,442ms
[99,809s][info][gc] GC(1916) Pause Young (Normal) (G1 Evacuation Pause) 898M->780M(1024M) 5,122ms
[99,867s][info][gc] GC(1917) Pause Young (Normal) (G1 Evacuation Pause) 898M->790M(1024M) 4,829ms
[99,891s][info][gc] GC(1914) Pause Remark 841M->841M(1024M) 0,804ms
[99,922s][info][gc] GC(1918) Pause Young (Normal) (G1 Evacuation Pause) 901M->799M(1024M) 5,053ms
[99,971s][info][gc] GC(1919) Pause Young (Normal) (G1 Evacuation Pause) 902M->807M(1024M) 4,935ms
[100,016s][info][gc] GC(1920) Pause Young (Normal) (G1 Evacuation Pause) 902M->815M(1024M) 4,712ms
[100,045s][info][gc] GC(1914) Pause Cleanup 884M->884M(1024M) 0,346ms
[100,047s][info][gc] GC(1914) Concurrent Mark Cycle 367,510ms
[100,058s][info][gc] GC(1921) Pause Young (Prepare Mixed) (G1 Evacuation Pause) 904M->822M(1024M) 4,379ms
[100,091s][info][gc] GC(1922) Pause Young (Mixed) (G1 Evacuation Pause) 865M->777M(1024M) 15,004ms
[100,125s][info][gc] GC(1923) Pause Young (Mixed) (G1 Evacuation Pause) 824M->741M(1024M) 14,507ms
[100,156s][info][gc] GC(1924) Pause Young (Mixed) (G1 Evacuation Pause) 785M->720M(1024M) 11,914ms
[100,232s][info][gc] GC(1925) Pause Young (Normal) (G1 Evacuation Pause) 891M->733M(1024M) 5,261ms
[100,303s][info][gc] GC(1926) Pause Young (Normal) (G1 Evacuation Pause) 893M->746M(1024M) 7,059ms
[100,368s][info][gc] GC(1927) Pause Young (Concurrent Start) (G1 Evacuation Pause) 894M->758M(1024M) 5,733ms
[100,368s][info][gc] GC(1928) Concurrent Mark Cycle
[100,435s][info][gc] GC(1929) Pause Young (Normal) (G1 Evacuation Pause) 895M->769M(1024M) 5,328ms
[100,499s][info][gc] GC(1930) Pause Young (Normal) (G1 Evacuation Pause) 898M->779M(1024M) 5,095ms
[100,557s][info][gc] GC(1931) Pause Young (Normal) (G1 Evacuation Pause) 898M->789M(1024M) 4,864ms
[100,581s][info][gc] GC(1928) Pause Remark 839M->839M(1024M) 0,755ms
[100,612s][info][gc] GC(1932) Pause Young (Normal) (G1 Evacuation Pause) 900M->798M(1024M) 5,094ms
[100,661s][info][gc] GC(1933) Pause Young (Normal) (G1 Evacuation Pause) 902M->806M(1024M) 4,946ms
[100,707s][info][gc] GC(1934) Pause Young (Normal) (G1 Evacuation Pause) 902M->814M(1024M) 4,852ms
[100,735s][info][gc] GC(1928) Pause Cleanup 879M->879M(1024M) 0,356ms
[100,736s][info][gc] GC(1928) Concurrent Mark Cycle 367,779ms
[100,750s][info][gc] GC(1935) Pause Young (Prepare Mixed) (G1 Evacuation Pause) 904M->821M(1024M) 4,392ms
[100,782s][info][gc] GC(1936) Pause Young (Mixed) (G1 Evacuation Pause) 864M->775M(1024M) 14,154ms
[100,816s][info][gc] GC(1937) Pause Young (Mixed) (G1 Evacuation Pause) 822M->738M(1024M) 14,213ms
[100,845s][info][gc] GC(1938) Pause Young (Mixed) (G1 Evacuation Pause) 782M->721M(1024M) 10,840ms
[100,921s][info][gc] GC(1939) Pause Young (Normal) (G1 Evacuation Pause) 891M->734M(1024M) 5,281ms
[100,993s][info][gc] GC(1940) Pause Young (Normal) (G1 Evacuation Pause) 893M->747M(1024M) 7,167ms
[101,058s][info][gc] GC(1941) Pause Young (Concurrent Start) (G1 Evacuation Pause) 894M->759M(1024M) 5,744ms
[101,058s][info][gc] GC(1942) Concurrent Mark Cycle
[101,126s][info][gc] GC(1943) Pause Young (Normal) (G1 Evacuation Pause) 896M->770M(1024M) 5,505ms
[101,190s][info][gc] GC(1944) Pause Young (Normal) (G1 Evacuation Pause) 898M->781M(1024M) 5,097ms
[101,248s][info][gc] GC(1945) Pause Young (Normal) (G1 Evacuation Pause) 899M->790M(1024M) 4,882ms
[101,272s][info][gc] GC(1942) Pause Remark 842M->842M(1024M) 0,814ms
[101,302s][info][gc] GC(1946) Pause Young (Normal) (G1 Evacuation Pause) 901M->798M(1024M) 4,949ms
[101,352s][info][gc] GC(1947) Pause Young (Normal) (G1 Evacuation Pause) 902M->807M(1024M) 4,893ms
[101,397s][info][gc] GC(1948) Pause Young (Normal) (G1 Evacuation Pause) 903M->814M(1024M) 4,740ms
[101,426s][info][gc] GC(1942) Pause Cleanup 881M->881M(1024M) 0,359ms
[101,427s][info][gc] GC(1942) Concurrent Mark Cycle 368,573ms
[101,440s][info][gc] GC(1949) Pause Young (Prepare Mixed) (G1 Evacuation Pause) 904M->821M(1024M) 4,440ms
[101,473s][info][gc] GC(1950) Pause Young (Mixed) (G1 Evacuation Pause) 864M->775M(1024M) 14,140ms
[101,507s][info][gc] GC(1951) Pause Young (Mixed) (G1 Evacuation Pause) 822M->740M(1024M) 13,975ms
[101,536s][info][gc] GC(1952) Pause Young (Mixed) (G1 Evacuation Pause) 784M->721M(1024M) 10,935ms
[101,613s][info][gc] GC(1953) Pause Young (Normal) (G1 Evacuation Pause) 891M->734M(1024M) 5,412ms
[101,683s][info][gc] GC(1954) Pause Young (Normal) (G1 Evacuation Pause) 893M->747M(1024M) 7,262ms
[101,749s][info][gc] GC(1955) Pause Young (Concurrent Start) (G1 Evacuation Pause) 895M->758M(1024M) 5,827ms
[101,749s][info][gc] GC(1956) Concurrent Mark Cycle
[101,816s][info][gc] GC(1957) Pause Young (Normal) (G1 Evacuation Pause) 895M->770M(1024M) 5,357ms
[101,879s][info][gc] GC(1958) Pause Young (Normal) (G1 Evacuation Pause) 898M->780M(1024M) 5,066ms
[101,937s][info][gc] GC(1959) Pause Young (Normal) (G1 Evacuation Pause) 898M->789M(1024M) 4,925ms
[101,962s][info][gc] GC(1956) Pause Remark 841M->841M(1024M) 0,839ms
[101,992s][info][gc] GC(1960) Pause Young (Normal) (G1 Evacuation Pause) 900M->798M(1024M) 5,097ms
[102,042s][info][gc] GC(1961) Pause Young (Normal) (G1 Evacuation Pause) 902M->807M(1024M) 4,991ms
[102,087s][info][gc] GC(1962) Pause Young (Normal) (G1 Evacuation Pause) 903M->815M(1024M) 4,749ms
[102,116s][info][gc] GC(1956) Pause Cleanup 883M->883M(1024M) 0,353ms
[102,118s][info][gc] GC(1956) Concurrent Mark Cycle 368,986ms
[102,130s][info][gc] GC(1963) Pause Young (Prepare Mixed) (G1 Evacuation Pause) 904M->822M(1024M) 4,519ms
[102,162s][info][gc] GC(1964) Pause Young (Mixed) (G1 Evacuation Pause) 865M->776M(1024M) 14,215ms
[102,196s][info][gc] GC(1965) Pause Young (Mixed) (G1 Evacuation Pause) 823M->740M(1024M) 14,618ms
[102,226s][info][gc] GC(1966) Pause Young (Mixed) (G1 Evacuation Pause) 784M->721M(1024M) 11,556ms
[102,302s][info][gc] GC(1967) Pause Young (Normal) (G1 Evacuation Pause) 891M->733M(1024M) 5,179ms
[102,374s][info][gc] GC(1968) Pause Young (Normal) (G1 Evacuation Pause) 892M->746M(1024M) 7,245ms
[102,439s][info][gc] GC(1969) Pause Young (Concurrent Start) (G1 Evacuation Pause) 894M->759M(1024M) 5,845ms
[102,439s][info][gc] GC(1970) Concurrent Mark Cycle
[102,506s][info][gc] GC(1971) Pause Young (Normal) (G1 Evacuation Pause) 896M->769M(1024M) 5,406ms
[102,570s][info][gc] GC(1972) Pause Young (Normal) (G1 Evacuation Pause) 898M->780M(1024M) 5,108ms
[102,628s][info][gc] GC(1973) Pause Young (Normal) (G1 Evacuation Pause) 899M->789M(1024M) 4,908ms
[102,651s][info][gc] GC(1970) Pause Remark 838M->838M(1024M) 0,774ms
[102,683s][info][gc] GC(1974) Pause Young (Normal) (G1 Evacuation Pause) 900M->798M(1024M) 5,038ms
[102,731s][info][gc] GC(1975) Pause Young (Normal) (G1 Evacuation Pause) 901M->806M(1024M) 5,038ms
[102,778s][info][gc] GC(1976) Pause Young (Normal) (G1 Evacuation Pause) 903M->814M(1024M) 4,785ms
[102,804s][info][gc] GC(1970) Pause Cleanup 875M->875M(1024M) 0,374ms
[102,805s][info][gc] GC(1970) Concurrent Mark Cycle 366,493ms
[102,821s][info][gc] GC(1977) Pause Young (Prepare Mixed) (G1 Evacuation Pause) 904M->821M(1024M) 4,490ms
[102,853s][info][gc] GC(1978) Pause Young (Mixed) (G1 Evacuation Pause) 864M->776M(1024M) 14,352ms
[102,886s][info][gc] GC(1979) Pause Young (Mixed) (G1 Evacuation Pause) 823M->739M(1024M) 14,277ms
[102,916s][info][gc] GC(1980) Pause Young (Mixed) (G1 Evacuation Pause) 783M->720M(1024M) 11,563ms
[102,992s][info][gc] GC(1981) Pause Young (Normal) (G1 Evacuation Pause) 891M->732M(1024M) 5,222ms
[103,062s][info][gc] GC(1982) Pause Young (Normal) (G1 Evacuation Pause) 892M->746M(1024M) 7,020ms
[103,128s][info][gc] GC(1983) Pause Young (Concurrent Start) (G1 Evacuation Pause) 894M->757M(1024M) 5,784ms
[103,128s][info][gc] GC(1984) Concurrent Mark Cycle
[103,196s][info][gc] GC(1985) Pause Young (Normal) (G1 Evacuation Pause) 895M->769M(1024M) 5,502ms
[103,259s][info][gc] GC(1986) Pause Young (Normal) (G1 Evacuation Pause) 898M->779M(1024M) 5,142ms
[103,318s][info][gc] GC(1987) Pause Young (Normal) (G1 Evacuation Pause) 899M->788M(1024M) 4,946ms
[103,341s][info][gc] GC(1984) Pause Remark 836M->836M(1024M) 0,823ms
[103,373s][info][gc] GC(1988) Pause Young (Normal) (G1 Evacuation Pause) 900M->797M(1024M) 5,100ms
[103,423s][info][gc] GC(1989) Pause Young (Normal) (G1 Evacuation Pause) 901M->806M(1024M) 4,886ms
[103,469s][info][gc] GC(1990) Pause Young (Normal) (G1 Evacuation Pause) 903M->814M(1024M) 4,776ms
[103,493s][info][gc] GC(1984) Pause Cleanup 872M->872M(1024M) 0,343ms
[103,495s][info][gc] GC(1984) Concurrent Mark Cycle 367,011ms
[103,512s][info][gc] GC(1991) Pause Young (Prepare Mixed) (G1 Evacuation Pause) 904M->821M(1024M) 4,519ms
[103,544s][info][gc] GC(1992) Pause Young (Mixed) (G1 Evacuation Pause) 864M->776M(1024M) 14,563ms
[103,579s][info][gc] GC(1993) Pause Young (Mixed) (G1 Evacuation Pause) 823M->740M(1024M) 14,401ms
[103,608s][info][gc] GC(1994) Pause Young (Mixed) (G1 Evacuation Pause) 784M->721M(1024M) 10,742ms
[103,683s][info][gc] GC(1995) Pause Young (Normal) (G1 Evacuation Pause) 891M->734M(1024M) 5,198ms
[103,754s][info][gc] GC(1996) Pause Young (Normal) (G1 Evacuation Pause) 893M->747M(1024M) 7,094ms
[103,818s][info][gc] GC(1997) Pause Young (Concurrent Start) (G1 Evacuation Pause) 895M->759M(1024M) 5,765ms
[103,818s][info][gc] GC(1998) Concurrent Mark Cycle
[103,886s][info][gc] GC(1999) Pause Young (Normal) (G1 Evacuation Pause) 896M->770M(1024M) 5,424ms
[103,948s][info][gc] GC(2000) Pause Young (Normal) (G1 Evacuation Pause) 897M->780M(1024M) 5,043ms
[104,007s][info][gc] GC(2001) Pause Young (Normal) (G1 Evacuation Pause) 899M->790M(1024M) 4,831ms
[104,031s][info][gc] GC(1998) Pause Remark 841M->841M(1024M) 0,707ms
[104,062s][info][gc] GC(2002) Pause Young (Normal) (G1 Evacuation Pause) 901M->798M(1024M) 5,015ms
[104,111s][info][gc] GC(2003) Pause Young (Normal) (G1 Evacuation Pause) 902M->807M(1024M) 4,938ms
[104,156s][info][gc] GC(2004) Pause Young (Normal) (G1 Evacuation Pause) 903M->815M(1024M) 4,866ms
[104,185s][info][gc] GC(1998) Pause Cleanup 883M->883M(1024M) 0,357ms
[104,187s][info][gc] GC(1998) Concurrent Mark Cycle 368,830ms
[104,199s][info][gc] GC(2005) Pause Young (Prepare Mixed) (G1 Evacuation Pause) 904M->822M(1024M) 4,466ms
[104,232s][info][gc] GC(2006) Pause Young (Mixed) (G1 Evacuation Pause) 865M->776M(1024M) 14,452ms
[104,266s][info][gc] GC(2007) Pause Young (Mixed) (G1 Evacuation Pause) 823M->740M(1024M) 14,609ms
[104,296s][info][gc] GC(2008) Pause Young (Mixed) (G1 Evacuation Pause) 784M->722M(1024M) 11,642ms
[104,370s][info][gc] GC(2009) Pause Young (Normal) (G1 Evacuation Pause) 891M->734M(1024M) 5,305ms
[104,450s][info][gc] GC(2010) Pause Young (Normal) (G1 Evacuation Pause) 892M->748M(1024M) 6,899ms
[104,519s][info][gc] GC(2011) Pause Young (Concurrent Start) (G1 Evacuation Pause) 895M->759M(1024M) 5,793ms
[104,519s][info][gc] GC(2012) Concurrent Mark Cycle
[104,587s][info][gc] GC(2013) Pause Young (Normal) (G1 Evacuation Pause) 896M->769M(1024M) 5,305ms
[104,650s][info][gc] GC(2014) Pause Young (Normal) (G1 Evacuation Pause) 898M->780M(1024M) 5,096ms
[104,709s][info][gc] GC(2015) Pause Young (Normal) (G1 Evacuation Pause) 899M->789M(1024M) 4,827ms
[104,733s][info][gc] GC(2012) Pause Remark 840M->840M(1024M) 0,821ms
[104,764s][info][gc] GC(2016) Pause Young (Normal) (G1 Evacuation Pause) 900M->798M(1024M) 5,007ms
[104,813s][info][gc] GC(2017) Pause Young (Normal) (G1 Evacuation Pause) 902M->807M(1024M) 4,876ms
[104,859s][info][gc] GC(2018) Pause Young (Normal) (G1 Evacuation Pause) 903M->814M(1024M) 4,796ms
[104,887s][info][gc] GC(2012) Pause Cleanup 879M->879M(1024M) 0,330ms
[104,888s][info][gc] GC(2012) Concurrent Mark Cycle 368,539ms
[104,902s][info][gc] GC(2019) Pause Young (Prepare Mixed) (G1 Evacuation Pause) 904M->822M(1024M) 4,388ms
[104,935s][info][gc] GC(2020) Pause Young (Mixed) (G1 Evacuation Pause) 865M->775M(1024M) 14,204ms
[104,969s][info][gc] GC(2021) Pause Young (Mixed) (G1 Evacuation Pause) 822M->739M(1024M) 14,154ms
[104,998s][info][gc] GC(2022) Pause Young (Mixed) (G1 Evacuation Pause) 783M->722M(1024M) 10,968ms
[105,073s][info][gc] GC(2023) Pause Young (Normal) (G1 Evacuation Pause) 891M->734M(1024M) 5,285ms
[105,144s][info][gc] GC(2024) Pause Young (Normal) (G1 Evacuation Pause) 892M->747M(1024M) 7,275ms
[105,208s][info][gc] GC(2025) Pause Young (Concurrent Start) (G1 Evacuation Pause) 895M->759M(1024M) 5,739ms
[105,209s][info][gc] GC(2026) Concurrent Mark Cycle
[105,276s][info][gc] GC(2027) Pause Young (Normal) (G1 Evacuation Pause) 896M->769M(1024M) 5,440ms
[105,339s][info][gc] GC(2028) Pause Young (Normal) (G1 Evacuation Pause) 897M->780M(1024M) 5,182ms
[105,398s][info][gc] GC(2029) Pause Young (Normal) (G1 Evacuation Pause) 899M->789M(1024M) 4,777ms
[105,422s][info][gc] GC(2026) Pause Remark 842M->842M(1024M) 0,735ms
[105,453s][info][gc] GC(2030) Pause Young (Normal) (G1 Evacuation Pause) 900M->798M(1024M) 5,117ms
[105,502s][info][gc] GC(2031) Pause Young (Normal) (G1 Evacuation Pause) 902M->807M(1024M) 4,864ms
[105,547s][info][gc] GC(2032) Pause Young (Normal) (G1 Evacuation Pause) 903M->814M(1024M) 4,841ms
[105,576s][info][gc] GC(2026) Pause Cleanup 882M->882M(1024M) 0,375ms
[105,578s][info][gc] GC(2026) Concurrent Mark Cycle 368,985ms
[105,590s][info][gc] GC(2033) Pause Young (Prepare Mixed) (G1 Evacuation Pause) 903M->822M(1024M) 4,429ms
[105,622s][info][gc] GC(2034) Pause Young (Mixed) (G1 Evacuation Pause) 865M->775M(1024M) 14,077ms
[105,656s][info][gc] GC(2035) Pause Young (Mixed) (G1 Evacuation Pause) 822M->739M(1024M) 14,401ms
[105,686s][info][gc] GC(2036) Pause Young (Mixed) (G1 Evacuation Pause) 783M->719M(1024M) 11,380ms
[105,762s][info][gc] GC(2037) Pause Young (Normal) (G1 Evacuation Pause) 891M->731M(1024M) 5,147ms
[105,835s][info][gc] GC(2038) Pause Young (Normal) (G1 Evacuation Pause) 892M->745M(1024M) 7,328ms
[105,900s][info][gc] GC(2039) Pause Young (Concurrent Start) (G1 Evacuation Pause) 893M->757M(1024M) 5,847ms
[105,900s][info][gc] GC(2040) Concurrent Mark Cycle
[105,968s][info][gc] GC(2041) Pause Young (Normal) (G1 Evacuation Pause) 896M->768M(1024M) 5,352ms
[106,032s][info][gc] GC(2042) Pause Young (Normal) (G1 Evacuation Pause) 897M->778M(1024M) 5,217ms
[106,092s][info][gc] GC(2043) Pause Young (Normal) (G1 Evacuation Pause) 899M->788M(1024M) 4,944ms
[106,114s][info][gc] GC(2040) Pause Remark 835M->835M(1024M) 0,759ms
[106,147s][info][gc] GC(2044) Pause Young (Normal) (G1 Evacuation Pause) 900M->797M(1024M) 5,104ms
[106,196s][info][gc] GC(2045) Pause Young (Normal) (G1 Evacuation Pause) 901M->805M(1024M) 4,870ms
[106,242s][info][gc] GC(2046) Pause Young (Normal) (G1 Evacuation Pause) 902M->813M(1024M) 4,827ms
[106,268s][info][gc] GC(2040) Pause Cleanup 873M->873M(1024M) 0,343ms
[106,269s][info][gc] GC(2040) Concurrent Mark Cycle 368,917ms
[106,285s][info][gc] GC(2047) Pause Young (Prepare Mixed) (G1 Evacuation Pause) 904M->820M(1024M) 4,396ms
[106,318s][info][gc] GC(2048) Pause Young (Mixed) (G1 Evacuation Pause) 863M->775M(1024M) 14,366ms
[106,352s][info][gc] GC(2049) Pause Young (Mixed) (G1 Evacuation Pause) 822M->739M(1024M) 14,592ms
[106,380s][info][gc] GC(2050) Pause Young (Mixed) (G1 Evacuation Pause) 783M->723M(1024M) 10,512ms
[106,455s][info][gc] GC(2051) Pause Young (Normal) (G1 Evacuation Pause) 891M->735M(1024M) 5,162ms
[106,525s][info][gc] GC(2052) Pause Young (Normal) (G1 Evacuation Pause) 892M->748M(1024M) 7,106ms
[106,589s][info][gc] GC(2053) Pause Young (Concurrent Start) (G1 Evacuation Pause) 895M->760M(1024M) 5,694ms
[106,589s][info][gc] GC(2054) Concurrent Mark Cycle
[106,656s][info][gc] GC(2055) Pause Young (Normal) (G1 Evacuation Pause) 896M->771M(1024M) 5,387ms
[106,719s][info][gc] GC(2056) Pause Young (Normal) (G1 Evacuation Pause) 898M->781M(1024M) 5,060ms
[106,777s][info][gc] GC(2057) Pause Young (Normal) (G1 Evacuation Pause) 898M->791M(1024M) 4,834ms
[106,803s][info][gc] GC(2054) Pause Remark 847M->847M(1024M) 0,941ms
[106,831s][info][gc] GC(2058) Pause Young (Normal) (G1 Evacuation Pause) 901M->799M(1024M) 4,997ms
[106,880s][info][gc] GC(2059) Pause Young (Normal) (G1 Evacuation Pause) 902M->808M(1024M) 4,787ms
[106,925s][info][gc] GC(2060) Pause Young (Normal) (G1 Evacuation Pause) 903M->815M(1024M) 4,776ms
[106,958s][info][gc] GC(2054) Pause Cleanup 893M->893M(1024M) 0,373ms
[106,960s][info][gc] GC(2054) Concurrent Mark Cycle 370,220ms
[106,967s][info][gc] GC(2061) Pause Young (Prepare Mixed) (G1 Evacuation Pause) 903M->823M(1024M) 4,364ms
[106,999s][info][gc] GC(2062) Pause Young (Mixed) (G1 Evacuation Pause) 866M->776M(1024M) 13,838ms
[107,033s][info][gc] GC(2063) Pause Young (Mixed) (G1 Evacuation Pause) 823M->740M(1024M) 14,275ms
[107,062s][info][gc] GC(2064) Pause Young (Mixed) (G1 Evacuation Pause) 784M->722M(1024M) 11,088ms
[107,136s][info][gc] GC(2065) Pause Young (Normal) (G1 Evacuation Pause) 891M->734M(1024M) 5,141ms
[107,207s][info][gc] GC(2066) Pause Young (Normal) (G1 Evacuation Pause) 892M->747M(1024M) 7,112ms
[107,271s][info][gc] GC(2067) Pause Young (Concurrent Start) (G1 Evacuation Pause) 895M->759M(1024M) 5,916ms
[107,271s][info][gc] GC(2068) Concurrent Mark Cycle
[107,338s][info][gc] GC(2069) Pause Young (Normal) (G1 Evacuation Pause) 896M->770M(1024M) 5,353ms
[107,401s][info][gc] GC(2070) Pause Young (Normal) (G1 Evacuation Pause) 898M->780M(1024M) 5,040ms
[107,460s][info][gc] GC(2071) Pause Young (Normal) (G1 Evacuation Pause) 899M->790M(1024M) 4,937ms
[107,484s][info][gc] GC(2068) Pause Remark 840M->840M(1024M) 0,897ms
[107,515s][info][gc] GC(2072) Pause Young (Normal) (G1 Evacuation Pause) 901M->798M(1024M) 5,033ms
[107,564s][info][gc] GC(2073) Pause Young (Normal) (G1 Evacuation Pause) 902M->807M(1024M) 4,882ms
[107,609s][info][gc] GC(2074) Pause Young (Normal) (G1 Evacuation Pause) 903M->814M(1024M) 4,648ms
[107,638s][info][gc] GC(2068) Pause Cleanup 882M->882M(1024M) 0,365ms
[107,640s][info][gc] GC(2068) Concurrent Mark Cycle 368,554ms
[107,652s][info][gc] GC(2075) Pause Young (Prepare Mixed) (G1 Evacuation Pause) 904M->821M(1024M) 4,470ms
[107,685s][info][gc] GC(2076) Pause Young (Mixed) (G1 Evacuation Pause) 864M->775M(1024M) 14,171ms
[107,719s][info][gc] GC(2077) Pause Young (Mixed) (G1 Evacuation Pause) 822M->739M(1024M) 14,339ms
[107,748s][info][gc] GC(2078) Pause Young (Mixed) (G1 Evacuation Pause) 783M->719M(1024M) 11,118ms
[107,824s][info][gc] GC(2079) Pause Young (Normal) (G1 Evacuation Pause) 891M->732M(1024M) 5,209ms
[107,895s][info][gc] GC(2080) Pause Young (Normal) (G1 Evacuation Pause) 893M->746M(1024M) 7,242ms
[107,960s][info][gc] GC(2081) Pause Young (Concurrent Start) (G1 Evacuation Pause) 894M->757M(1024M) 5,834ms
[107,960s][info][gc] GC(2082) Concurrent Mark Cycle
[108,028s][info][gc] GC(2083) Pause Young (Normal) (G1 Evacuation Pause) 895M->769M(1024M) 5,268ms
[108,092s][info][gc] GC(2084) Pause Young (Normal) (G1 Evacuation Pause) 898M->779M(1024M) 5,148ms
[108,151s][info][gc] GC(2085) Pause Young (Normal) (G1 Evacuation Pause) 899M->789M(1024M) 4,886ms
[108,173s][info][gc] GC(2082) Pause Remark 836M->836M(1024M) 0,797ms
[108,205s][info][gc] GC(2086) Pause Young (Normal) (G1 Evacuation Pause) 900M->798M(1024M) 5,241ms
[108,254s][info][gc] GC(2087) Pause Young (Normal) (G1 Evacuation Pause) 902M->806M(1024M) 4,892ms
[108,300s][info][gc] GC(2088) Pause Young (Normal) (G1 Evacuation Pause) 903M->813M(1024M) 4,844ms
[108,328s][info][gc] GC(2082) Pause Cleanup 878M->878M(1024M) 0,352ms
[108,329s][info][gc] GC(2082) Concurrent Mark Cycle 368,818ms
[108,343s][info][gc] GC(2089) Pause Young (Prepare Mixed) (G1 Evacuation Pause) 903M->821M(1024M) 4,413ms
[108,375s][info][gc] GC(2090) Pause Young (Mixed) (G1 Evacuation Pause) 864M->775M(1024M) 14,330ms
[108,408s][info][gc] GC(2091) Pause Young (Mixed) (G1 Evacuation Pause) 822M->739M(1024M) 14,623ms
[108,437s][info][gc] GC(2092) Pause Young (Mixed) (G1 Evacuation Pause) 783M->722M(1024M) 10,818ms
[108,512s][info][gc] GC(2093) Pause Young (Normal) (G1 Evacuation Pause) 891M->734M(1024M) 5,246ms
[108,582s][info][gc] GC(2094) Pause Young (Normal) (G1 Evacuation Pause) 892M->747M(1024M) 7,037ms
[108,646s][info][gc] GC(2095) Pause Young (Concurrent Start) (G1 Evacuation Pause) 895M->759M(1024M) 5,718ms
[108,646s][info][gc] GC(2096) Concurrent Mark Cycle
[108,714s][info][gc] GC(2097) Pause Young (Normal) (G1 Evacuation Pause) 896M->770M(1024M) 5,367ms
[108,777s][info][gc] GC(2098) Pause Young (Normal) (G1 Evacuation Pause) 898M->780M(1024M) 5,096ms
[108,836s][info][gc] GC(2099) Pause Young (Normal) (G1 Evacuation Pause) 899M->789M(1024M) 4,856ms
[108,859s][info][gc] GC(2096) Pause Remark 840M->840M(1024M) 0,754ms
[108,890s][info][gc] GC(2100) Pause Young (Normal) (G1 Evacuation Pause) 900M->798M(1024M) 5,121ms
[108,940s][info][gc] GC(2101) Pause Young (Normal) (G1 Evacuation Pause) 902M->807M(1024M) 4,997ms
[108,985s][info][gc] GC(2102) Pause Young (Normal) (G1 Evacuation Pause) 903M->814M(1024M) 4,812ms
[109,013s][info][gc] GC(2096) Pause Cleanup 879M->879M(1024M) 0,386ms
[109,014s][info][gc] GC(2096) Concurrent Mark Cycle 368,048ms
[109,028s][info][gc] GC(2103) Pause Young (Prepare Mixed) (G1 Evacuation Pause) 904M->822M(1024M) 4,451ms
[109,060s][info][gc] GC(2104) Pause Young (Mixed) (G1 Evacuation Pause) 865M->775M(1024M) 13,995ms
[109,094s][info][gc] GC(2105) Pause Young (Mixed) (G1 Evacuation Pause) 822M->739M(1024M) 14,272ms
[109,123s][info][gc] GC(2106) Pause Young (Mixed) (G1 Evacuation Pause) 783M->720M(1024M) 10,719ms
[109,200s][info][gc] GC(2107) Pause Young (Normal) (G1 Evacuation Pause) 891M->733M(1024M) 5,198ms
[109,272s][info][gc] GC(2108) Pause Young (Normal) (G1 Evacuation Pause) 893M->746M(1024M) 7,136ms
[109,336s][info][gc] GC(2109) Pause Young (Concurrent Start) (G1 Evacuation Pause) 894M->757M(1024M) 5,844ms
[109,337s][info][gc] GC(2110) Concurrent Mark Cycle
[109,404s][info][gc] GC(2111) Pause Young (Normal) (G1 Evacuation Pause) 895M->769M(1024M) 5,437ms
[109,468s][info][gc] GC(2112) Pause Young (Normal) (G1 Evacuation Pause) 898M->779M(1024M) 5,114ms
[109,527s][info][gc] GC(2113) Pause Young (Normal) (G1 Evacuation Pause) 899M->788M(1024M) 4,844ms
[109,549s][info][gc] GC(2110) Pause Remark 836M->836M(1024M) 0,707ms
[109,582s][info][gc] GC(2114) Pause Young (Normal) (G1 Evacuation Pause) 899M->798M(1024M) 5,071ms
[109,631s][info][gc] GC(2115) Pause Young (Normal) (G1 Evacuation Pause) 902M->806M(1024M) 4,960ms
[109,677s][info][gc] GC(2116) Pause Young (Normal) (G1 Evacuation Pause) 902M->814M(1024M) 4,843ms
[109,705s][info][gc] GC(2110) Pause Cleanup 878M->878M(1024M) 0,369ms
[109,706s][info][gc] GC(2110) Concurrent Mark Cycle 369,355ms
[109,720s][info][gc] GC(2117) Pause Young (Prepare Mixed) (G1 Evacuation Pause) 904M->821M(1024M) 4,458ms
[109,753s][info][gc] GC(2118) Pause Young (Mixed) (G1 Evacuation Pause) 864M->776M(1024M) 14,537ms
[109,787s][info][gc] GC(2119) Pause Young (Mixed) (G1 Evacuation Pause) 823M->739M(1024M) 14,344ms
[109,816s][info][gc] GC(2120) Pause Young (Mixed) (G1 Evacuation Pause) 783M->722M(1024M) 10,387ms
[109,890s][info][gc] GC(2121) Pause Young (Normal) (G1 Evacuation Pause) 891M->734M(1024M) 5,136ms
[109,961s][info][gc] GC(2122) Pause Young (Normal) (G1 Evacuation Pause) 892M->748M(1024M) 7,011ms
[110,026s][info][gc] GC(2123) Pause Young (Concurrent Start) (G1 Evacuation Pause) 895M->759M(1024M) 5,615ms
[110,026s][info][gc] GC(2124) Concurrent Mark Cycle
[110,093s][info][gc] GC(2125) Pause Young (Normal) (G1 Evacuation Pause) 896M->770M(1024M) 5,480ms
[110,156s][info][gc] GC(2126) Pause Young (Normal) (G1 Evacuation Pause) 898M->781M(1024M) 5,086ms
[110,214s][info][gc] GC(2127) Pause Young (Normal) (G1 Evacuation Pause) 899M->790M(1024M) 4,751ms
[110,238s][info][gc] GC(2124) Pause Remark 842M->842M(1024M) 0,714ms
[110,269s][info][gc] GC(2128) Pause Young (Normal) (G1 Evacuation Pause) 901M->798M(1024M) 5,049ms
[110,318s][info][gc] GC(2129) Pause Young (Normal) (G1 Evacuation Pause) 902M->807M(1024M) 4,840ms
[110,364s][info][gc] GC(2130) Pause Young (Normal) (G1 Evacuation Pause) 903M->815M(1024M) 4,738ms
[110,394s][info][gc] GC(2124) Pause Cleanup 885M->885M(1024M) 0,304ms
[110,395s][info][gc] GC(2124) Concurrent Mark Cycle 369,475ms
[110,407s][info][gc] GC(2131) Pause Young (Prepare Mixed) (G1 Evacuation Pause) 904M->822M(1024M) 4,457ms
[110,439s][info][gc] GC(2132) Pause Young (Mixed) (G1 Evacuation Pause) 865M->777M(1024M) 14,302ms
[110,474s][info][gc] GC(2133) Pause Young (Mixed) (G1 Evacuation Pause) 824M->740M(1024M) 14,276ms
[110,503s][info][gc] GC(2134) Pause Young (Mixed) (G1 Evacuation Pause) 784M->719M(1024M) 11,339ms
[110,581s][info][gc] GC(2135) Pause Young (Normal) (G1 Evacuation Pause) 891M->732M(1024M) 5,223ms
[110,653s][info][gc] GC(2136) Pause Young (Normal) (G1 Evacuation Pause) 893M->746M(1024M) 7,227ms
[110,717s][info][gc] GC(2137) Pause Young (Concurrent Start) (G1 Evacuation Pause) 894M->757M(1024M) 5,819ms
[110,717s][info][gc] GC(2138) Concurrent Mark Cycle
[110,785s][info][gc] GC(2139) Pause Young (Normal) (G1 Evacuation Pause) 895M->768M(1024M) 5,443ms
[110,849s][info][gc] GC(2140) Pause Young (Normal) (G1 Evacuation Pause) 898M->779M(1024M) 5,123ms
[110,909s][info][gc] GC(2141) Pause Young (Normal) (G1 Evacuation Pause) 899M->788M(1024M) 4,844ms
[110,930s][info][gc] GC(2138) Pause Remark 835M->835M(1024M) 0,769ms
[110,964s][info][gc] GC(2142) Pause Young (Normal) (G1 Evacuation Pause) 899M->797M(1024M) 5,009ms
[111,013s][info][gc] GC(2143) Pause Young (Normal) (G1 Evacuation Pause) 901M->806M(1024M) 4,898ms
[111,059s][info][gc] GC(2144) Pause Young (Normal) (G1 Evacuation Pause) 903M->814M(1024M) 4,737ms
[111,086s][info][gc] GC(2138) Pause Cleanup 877M->877M(1024M) 0,356ms
[111,087s][info][gc] GC(2138) Concurrent Mark Cycle 370,231ms
[111,102s][info][gc] GC(2145) Pause Young (Prepare Mixed) (G1 Evacuation Pause) 904M->821M(1024M) 4,404ms
[111,134s][info][gc] GC(2146) Pause Young (Mixed) (G1 Evacuation Pause) 864M->776M(1024M) 14,247ms
[111,169s][info][gc] GC(2147) Pause Young (Mixed) (G1 Evacuation Pause) 823M->740M(1024M) 14,426ms
[111,198s][info][gc] GC(2148) Pause Young (Mixed) (G1 Evacuation Pause) 784M->722M(1024M) 10,857ms
[111,273s][info][gc] GC(2149) Pause Young (Normal) (G1 Evacuation Pause) 891M->735M(1024M) 5,123ms
[111,344s][info][gc] GC(2150) Pause Young (Normal) (G1 Evacuation Pause) 893M->748M(1024M) 7,134ms
[111,408s][info][gc] GC(2151) Pause Young (Concurrent Start) (G1 Evacuation Pause) 895M->760M(1024M) 5,695ms
[111,408s][info][gc] GC(2152) Concurrent Mark Cycle
[111,475s][info][gc] GC(2153) Pause Young (Normal) (G1 Evacuation Pause) 896M->771M(1024M) 5,565ms
[111,537s][info][gc] GC(2154) Pause Young (Normal) (G1 Evacuation Pause) 898M->781M(1024M) 5,093ms
[111,595s][info][gc] GC(2155) Pause Young (Normal) (G1 Evacuation Pause) 898M->791M(1024M) 4,828ms
[111,621s][info][gc] GC(2152) Pause Remark 846M->846M(1024M) 0,791ms
[111,650s][info][gc] GC(2156) Pause Young (Normal) (G1 Evacuation Pause) 901M->799M(1024M) 4,994ms
[111,698s][info][gc] GC(2157) Pause Young (Normal) (G1 Evacuation Pause) 902M->808M(1024M) 4,863ms
[111,743s][info][gc] GC(2158) Pause Young (Normal) (G1 Evacuation Pause) 903M->816M(1024M) 4,838ms
[111,774s][info][gc] GC(2152) Pause Cleanup 889M->889M(1024M) 0,369ms
[111,776s][info][gc] GC(2152) Concurrent Mark Cycle 367,800ms
[111,785s][info][gc] GC(2159) Pause Young (Prepare Mixed) (G1 Evacuation Pause) 904M->823M(1024M) 4,340ms
[111,818s][info][gc] GC(2160) Pause Young (Mixed) (G1 Evacuation Pause) 866M->777M(1024M) 14,181ms
[111,851s][info][gc] GC(2161) Pause Young (Mixed) (G1 Evacuation Pause) 824M->741M(1024M) 14,110ms
[111,881s][info][gc] GC(2162) Pause Young (Mixed) (G1 Evacuation Pause) 785M->721M(1024M) 11,377ms
[111,956s][info][gc] GC(2163) Pause Young (Normal) (G1 Evacuation Pause) 891M->734M(1024M) 5,197ms
[112,027s][info][gc] GC(2164) Pause Young (Normal) (G1 Evacuation Pause) 893M->747M(1024M) 7,053ms
[112,093s][info][gc] GC(2165) Pause Young (Concurrent Start) (G1 Evacuation Pause) 895M->759M(1024M) 5,705ms
[112,093s][info][gc] GC(2166) Concurrent Mark Cycle
[112,160s][info][gc] GC(2167) Pause Young (Normal) (G1 Evacuation Pause) 896M->770M(1024M) 5,506ms
[112,223s][info][gc] GC(2168) Pause Young (Normal) (G1 Evacuation Pause) 898M->781M(1024M) 5,172ms
[112,281s][info][gc] GC(2169) Pause Young (Normal) (G1 Evacuation Pause) 899M->790M(1024M) 4,837ms
[112,306s][info][gc] GC(2166) Pause Remark 842M->842M(1024M) 0,948ms
[112,336s][info][gc] GC(2170) Pause Young (Normal) (G1 Evacuation Pause) 900M->799M(1024M) 4,961ms
[112,384s][info][gc] GC(2171) Pause Young (Normal) (G1 Evacuation Pause) 902M->808M(1024M) 4,889ms
[112,430s][info][gc] GC(2172) Pause Young (Normal) (G1 Evacuation Pause) 903M->815M(1024M) 4,730ms
[112,460s][info][gc] GC(2166) Pause Cleanup 886M->886M(1024M) 0,344ms
[112,461s][info][gc] GC(2166) Concurrent Mark Cycle 368,613ms
[112,472s][info][gc] GC(2173) Pause Young (Prepare Mixed) (G1 Evacuation Pause) 904M->822M(1024M) 4,381ms
[112,504s][info][gc] GC(2174) Pause Young (Mixed) (G1 Evacuation Pause) 865M->776M(1024M) 14,233ms
[112,539s][info][gc] GC(2175) Pause Young (Mixed) (G1 Evacuation Pause) 823M->740M(1024M) 14,678ms
[112,568s][info][gc] GC(2176) Pause Young (Mixed) (G1 Evacuation Pause) 784M->722M(1024M) 10,565ms
[112,642s][info][gc] GC(2177) Pause Young (Normal) (G1 Evacuation Pause) 891M->735M(1024M) 5,329ms
[112,713s][info][gc] GC(2178) Pause Young (Normal) (G1 Evacuation Pause) 893M->748M(1024M) 7,156ms
[112,778s][info][gc] GC(2179) Pause Young (Concurrent Start) (G1 Evacuation Pause) 895M->760M(1024M) 5,794ms
[112,778s][info][gc] GC(2180) Concurrent Mark Cycle
[112,845s][info][gc] GC(2181) Pause Young (Normal) (G1 Evacuation Pause) 896M->771M(1024M) 5,301ms
[112,907s][info][gc] GC(2182) Pause Young (Normal) (G1 Evacuation Pause) 898M->781M(1024M) 5,052ms
[112,965s][info][gc] GC(2183) Pause Young (Normal) (G1 Evacuation Pause) 899M->791M(1024M) 4,740ms
[112,991s][info][gc] GC(2180) Pause Remark 845M->845M(1024M) 0,803ms
[113,020s][info][gc] GC(2184) Pause Young (Normal) (G1 Evacuation Pause) 901M->799M(1024M) 4,955ms
[113,069s][info][gc] GC(2185) Pause Young (Normal) (G1 Evacuation Pause) 902M->808M(1024M) 4,972ms
[113,114s][info][gc] GC(2186) Pause Young (Normal) (G1 Evacuation Pause) 903M->815M(1024M) 4,709ms
[113,145s][info][gc] GC(2180) Pause Cleanup 886M->886M(1024M) 0,362ms
[113,146s][info][gc] GC(2180) Concurrent Mark Cycle 368,116ms
[113,157s][info][gc] GC(2187) Pause Young (Prepare Mixed) (G1 Evacuation Pause) 904M->822M(1024M) 4,385ms
[113,189s][info][gc] GC(2188) Pause Young (Mixed) (G1 Evacuation Pause) 865M->777M(1024M) 14,291ms
[113,222s][info][gc] GC(2189) Pause Young (Mixed) (G1 Evacuation Pause) 824M->741M(1024M) 14,261ms
[113,253s][info][gc] GC(2190) Pause Young (Mixed) (G1 Evacuation Pause) 785M->721M(1024M) 11,615ms
[113,329s][info][gc] GC(2191) Pause Young (Normal) (G1 Evacuation Pause) 891M->734M(1024M) 5,167ms
[113,401s][info][gc] GC(2192) Pause Young (Normal) (G1 Evacuation Pause) 893M->747M(1024M) 7,123ms
[113,466s][info][gc] GC(2193) Pause Young (Concurrent Start) (G1 Evacuation Pause) 894M->758M(1024M) 5,804ms
[113,467s][info][gc] GC(2194) Concurrent Mark Cycle
[113,534s][info][gc] GC(2195) Pause Young (Normal) (G1 Evacuation Pause) 896M->770M(1024M) 5,421ms
[113,597s][info][gc] GC(2196) Pause Young (Normal) (G1 Evacuation Pause) 897M->781M(1024M) 5,212ms
[113,655s][info][gc] GC(2197) Pause Young (Normal) (G1 Evacuation Pause) 899M->790M(1024M) 4,772ms
[113,679s][info][gc] GC(2194) Pause Remark 840M->840M(1024M) 0,744ms
[113,710s][info][gc] GC(2198) Pause Young (Normal) (G1 Evacuation Pause) 901M->799M(1024M) 5,112ms
[113,758s][info][gc] GC(2199) Pause Young (Normal) (G1 Evacuation Pause) 901M->807M(1024M) 4,915ms
[113,803s][info][gc] GC(2200) Pause Young (Normal) (G1 Evacuation Pause) 902M->814M(1024M) 4,735ms
[113,833s][info][gc] GC(2194) Pause Cleanup 883M->883M(1024M) 0,376ms
[113,834s][info][gc] GC(2194) Concurrent Mark Cycle 367,740ms
[113,846s][info][gc] GC(2201) Pause Young (Prepare Mixed) (G1 Evacuation Pause) 903M->821M(1024M) 4,468ms
[113,879s][info][gc] GC(2202) Pause Young (Mixed) (G1 Evacuation Pause) 865M->775M(1024M) 14,365ms
[113,914s][info][gc] GC(2203) Pause Young (Mixed) (G1 Evacuation Pause) 822M->739M(1024M) 14,689ms
[113,944s][info][gc] GC(2204) Pause Young (Mixed) (G1 Evacuation Pause) 783M->721M(1024M) 10,759ms
[114,021s][info][gc] GC(2205) Pause Young (Normal) (G1 Evacuation Pause) 891M->734M(1024M) 6,000ms
[114,095s][info][gc] GC(2206) Pause Young (Normal) (G1 Evacuation Pause) 893M->747M(1024M) 7,016ms
[114,162s][info][gc] GC(2207) Pause Young (Concurrent Start) (G1 Evacuation Pause) 895M->759M(1024M) 5,764ms
[114,162s][info][gc] GC(2208) Concurrent Mark Cycle
[114,230s][info][gc] GC(2209) Pause Young (Normal) (G1 Evacuation Pause) 895M->769M(1024M) 5,390ms
[114,293s][info][gc] GC(2210) Pause Young (Normal) (G1 Evacuation Pause) 897M->780M(1024M) 5,106ms
[114,351s][info][gc] GC(2211) Pause Young (Normal) (G1 Evacuation Pause) 898M->790M(1024M) 4,882ms
[114,376s][info][gc] GC(2208) Pause Remark 842M->842M(1024M) 0,877ms
[114,407s][info][gc] GC(2212) Pause Young (Normal) (G1 Evacuation Pause) 901M->798M(1024M) 5,046ms
[114,457s][info][gc] GC(2213) Pause Young (Normal) (G1 Evacuation Pause) 902M->806M(1024M) 4,801ms
[114,503s][info][gc] GC(2214) Pause Young (Normal) (G1 Evacuation Pause) 902M->814M(1024M) 4,587ms
[114,532s][info][gc] GC(2208) Pause Cleanup 882M->882M(1024M) 0,363ms
[114,533s][info][gc] GC(2208) Concurrent Mark Cycle 371,007ms
[114,546s][info][gc] GC(2215) Pause Young (Prepare Mixed) (G1 Evacuation Pause) 904M->821M(1024M) 4,482ms
[114,579s][info][gc] GC(2216) Pause Young (Mixed) (G1 Evacuation Pause) 864M->775M(1024M) 15,684ms
[114,613s][info][gc] GC(2217) Pause Young (Mixed) (G1 Evacuation Pause) 822M->740M(1024M) 14,471ms
[114,644s][info][gc] GC(2218) Pause Young (Mixed) (G1 Evacuation Pause) 784M->720M(1024M) 11,234ms
[114,719s][info][gc] GC(2219) Pause Young (Normal) (G1 Evacuation Pause) 891M->732M(1024M) 5,238ms
[114,793s][info][gc] GC(2220) Pause Young (Normal) (G1 Evacuation Pause) 892M->746M(1024M) 7,087ms
[114,859s][info][gc] GC(2221) Pause Young (Concurrent Start) (G1 Evacuation Pause) 894M->757M(1024M) 5,833ms
[114,859s][info][gc] GC(2222) Concurrent Mark Cycle
[114,927s][info][gc] GC(2223) Pause Young (Normal) (G1 Evacuation Pause) 895M->768M(1024M) 5,325ms
[114,991s][info][gc] GC(2224) Pause Young (Normal) (G1 Evacuation Pause) 897M->779M(1024M) 5,108ms
[115,050s][info][gc] GC(2225) Pause Young (Normal) (G1 Evacuation Pause) 899M->789M(1024M) 4,931ms
[115,072s][info][gc] GC(2222) Pause Remark 835M->835M(1024M) 0,799ms
[115,106s][info][gc] GC(2226) Pause Young (Normal) (G1 Evacuation Pause) 900M->798M(1024M) 5,106ms
[115,155s][info][gc] GC(2227) Pause Young (Normal) (G1 Evacuation Pause) 901M->806M(1024M) 4,798ms
[115,202s][info][gc] GC(2228) Pause Young (Normal) (G1 Evacuation Pause) 902M->814M(1024M) 4,601ms
[115,228s][info][gc] GC(2222) Pause Cleanup 875M->875M(1024M) 0,346ms
[115,229s][info][gc] GC(2222) Concurrent Mark Cycle 369,948ms
[115,245s][info][gc] GC(2229) Pause Young (Prepare Mixed) (G1 Evacuation Pause) 904M->821M(1024M) 4,418ms
[115,277s][info][gc] GC(2230) Pause Young (Mixed) (G1 Evacuation Pause) 864M->776M(1024M) 14,531ms
[115,311s][info][gc] GC(2231) Pause Young (Mixed) (G1 Evacuation Pause) 823M->739M(1024M) 14,624ms
[115,341s][info][gc] GC(2232) Pause Young (Mixed) (G1 Evacuation Pause) 783M->721M(1024M) 11,130ms
[115,416s][info][gc] GC(2233) Pause Young (Normal) (G1 Evacuation Pause) 891M->734M(1024M) 5,149ms
[115,487s][info][gc] GC(2234) Pause Young (Normal) (G1 Evacuation Pause) 893M->748M(1024M) 7,233ms
[115,552s][info][gc] GC(2235) Pause Young (Concurrent Start) (G1 Evacuation Pause) 895M->759M(1024M) 5,675ms
[115,552s][info][gc] GC(2236) Concurrent Mark Cycle
[115,619s][info][gc] GC(2237) Pause Young (Normal) (G1 Evacuation Pause) 896M->770M(1024M) 5,351ms
[115,682s][info][gc] GC(2238) Pause Young (Normal) (G1 Evacuation Pause) 898M->781M(1024M) 5,102ms
[115,741s][info][gc] GC(2239) Pause Young (Normal) (G1 Evacuation Pause) 899M->790M(1024M) 4,769ms
[115,764s][info][gc] GC(2236) Pause Remark 841M->841M(1024M) 0,783ms
[115,795s][info][gc] GC(2240) Pause Young (Normal) (G1 Evacuation Pause) 900M->799M(1024M) 4,945ms
[115,844s][info][gc] GC(2241) Pause Young (Normal) (G1 Evacuation Pause) 902M->807M(1024M) 4,916ms
[115,889s][info][gc] GC(2242) Pause Young (Normal) (G1 Evacuation Pause) 903M->814M(1024M) 4,767ms
[115,919s][info][gc] GC(2236) Pause Cleanup 884M->884M(1024M) 0,346ms
[115,920s][info][gc] GC(2236) Concurrent Mark Cycle 368,694ms
[115,932s][info][gc] GC(2243) Pause Young (Prepare Mixed) (G1 Evacuation Pause) 903M->822M(1024M) 4,413ms
[115,964s][info][gc] GC(2244) Pause Young (Mixed) (G1 Evacuation Pause) 865M->776M(1024M) 14,012ms
[115,998s][info][gc] GC(2245) Pause Young (Mixed) (G1 Evacuation Pause) 823M->740M(1024M) 14,582ms
[116,028s][info][gc] GC(2246) Pause Young (Mixed) (G1 Evacuation Pause) 784M->722M(1024M) 11,004ms
[116,102s][info][gc] GC(2247) Pause Young (Normal) (G1 Evacuation Pause) 891M->735M(1024M) 5,261ms
[116,173s][info][gc] GC(2248) Pause Young (Normal) (G1 Evacuation Pause) 893M->748M(1024M) 7,068ms
[116,238s][info][gc] GC(2249) Pause Young (Concurrent Start) (G1 Evacuation Pause) 895M->759M(1024M) 5,744ms
[116,238s][info][gc] GC(2250) Concurrent Mark Cycle
[116,305s][info][gc] GC(2251) Pause Young (Normal) (G1 Evacuation Pause) 895M->770M(1024M) 5,278ms
[116,368s][info][gc] GC(2252) Pause Young (Normal) (G1 Evacuation Pause) 898M->780M(1024M) 5,067ms
[116,427s][info][gc] GC(2253) Pause Young (Normal) (G1 Evacuation Pause) 899M->789M(1024M) 4,837ms
[116,451s][info][gc] GC(2250) Pause Remark 840M->840M(1024M) 0,902ms
[116,482s][info][gc] GC(2254) Pause Young (Normal) (G1 Evacuation Pause) 900M->799M(1024M) 5,034ms
[116,531s][info][gc] GC(2255) Pause Young (Normal) (G1 Evacuation Pause) 902M->807M(1024M) 5,028ms
[116,577s][info][gc] GC(2256) Pause Young (Normal) (G1 Evacuation Pause) 903M->814M(1024M) 4,801ms
[116,605s][info][gc] GC(2250) Pause Cleanup 879M->879M(1024M) 0,347ms
[116,606s][info][gc] GC(2250) Concurrent Mark Cycle 368,125ms
[116,620s][info][gc] GC(2257) Pause Young (Prepare Mixed) (G1 Evacuation Pause) 904M->821M(1024M) 4,412ms
[116,652s][info][gc] GC(2258) Pause Young (Mixed) (G1 Evacuation Pause) 864M->775M(1024M) 14,364ms
[116,687s][info][gc] GC(2259) Pause Young (Mixed) (G1 Evacuation Pause) 822M->740M(1024M) 14,290ms
[116,716s][info][gc] GC(2260) Pause Young (Mixed) (G1 Evacuation Pause) 784M->720M(1024M) 10,907ms
[116,792s][info][gc] GC(2261) Pause Young (Normal) (G1 Evacuation Pause) 891M->733M(1024M) 5,324ms
[116,865s][info][gc] GC(2262) Pause Young (Normal) (G1 Evacuation Pause) 893M->746M(1024M) 7,193ms
[116,931s][info][gc] GC(2263) Pause Young (Concurrent Start) (G1 Evacuation Pause) 894M->758M(1024M) 5,833ms
[116,931s][info][gc] GC(2264) Concurrent Mark Cycle
[116,999s][info][gc] GC(2265) Pause Young (Normal) (G1 Evacuation Pause) 896M->768M(1024M) 5,436ms
[117,063s][info][gc] GC(2266) Pause Young (Normal) (G1 Evacuation Pause) 897M->779M(1024M) 5,033ms
[117,122s][info][gc] GC(2267) Pause Young (Normal) (G1 Evacuation Pause) 899M->788M(1024M) 4,908ms
[117,145s][info][gc] GC(2264) Pause Remark 836M->836M(1024M) 0,729ms
[117,177s][info][gc] GC(2268) Pause Young (Normal) (G1 Evacuation Pause) 899M->798M(1024M) 5,092ms
[117,227s][info][gc] GC(2269) Pause Young (Normal) (G1 Evacuation Pause) 902M->806M(1024M) 4,911ms
[117,273s][info][gc] GC(2270) Pause Young (Normal) (G1 Evacuation Pause) 903M->814M(1024M) 4,717ms
[117,299s][info][gc] GC(2264) Pause Cleanup 876M->876M(1024M) 0,355ms
[117,301s][info][gc] GC(2264) Concurrent Mark Cycle 369,510ms
[117,316s][info][gc] GC(2271) Pause Young (Prepare Mixed) (G1 Evacuation Pause) 903M->820M(1024M) 4,489ms
[117,349s][info][gc] GC(2272) Pause Young (Mixed) (G1 Evacuation Pause) 864M->776M(1024M) 14,594ms
[117,383s][info][gc] GC(2273) Pause Young (Mixed) (G1 Evacuation Pause) 823M->739M(1024M) 14,456ms
[117,413s][info][gc] GC(2274) Pause Young (Mixed) (G1 Evacuation Pause) 783M->721M(1024M) 10,956ms
[117,488s][info][gc] GC(2275) Pause Young (Normal) (G1 Evacuation Pause) 891M->733M(1024M) 5,223ms
[117,559s][info][gc] GC(2276) Pause Young (Normal) (G1 Evacuation Pause) 892M->747M(1024M) 7,072ms
[117,624s][info][gc] GC(2277) Pause Young (Concurrent Start) (G1 Evacuation Pause) 894M->759M(1024M) 5,696ms
[117,624s][info][gc] GC(2278) Concurrent Mark Cycle
[117,692s][info][gc] GC(2279) Pause Young (Normal) (G1 Evacuation Pause) 896M->769M(1024M) 5,342ms
[117,755s][info][gc] GC(2280) Pause Young (Normal) (G1 Evacuation Pause) 898M->780M(1024M) 5,194ms
[117,814s][info][gc] GC(2281) Pause Young (Normal) (G1 Evacuation Pause) 899M->790M(1024M) 4,902ms
[117,838s][info][gc] GC(2278) Pause Remark 840M->840M(1024M) 0,771ms
[117,870s][info][gc] GC(2282) Pause Young (Normal) (G1 Evacuation Pause) 901M->799M(1024M) 5,027ms
[117,918s][info][gc] GC(2283) Pause Young (Normal) (G1 Evacuation Pause) 902M->807M(1024M) 4,779ms
[117,964s][info][gc] GC(2284) Pause Young (Normal) (G1 Evacuation Pause) 903M->814M(1024M) 4,641ms
[117,994s][info][gc] GC(2278) Pause Cleanup 881M->881M(1024M) 0,330ms
[117,995s][info][gc] GC(2278) Concurrent Mark Cycle 370,435ms
[118,008s][info][gc] GC(2285) Pause Young (Prepare Mixed) (G1 Evacuation Pause) 904M->822M(1024M) 4,324ms
[118,041s][info][gc] GC(2286) Pause Young (Mixed) (G1 Evacuation Pause) 865M->776M(1024M) 14,740ms
[118,075s][info][gc] GC(2287) Pause Young (Mixed) (G1 Evacuation Pause) 823M->738M(1024M) 14,374ms
[118,105s][info][gc] GC(2288) Pause Young (Mixed) (G1 Evacuation Pause) 782M->720M(1024M) 10,474ms
[118,180s][info][gc] GC(2289) Pause Young (Normal) (G1 Evacuation Pause) 891M->733M(1024M) 5,326ms
[118,252s][info][gc] GC(2290) Pause Young (Normal) (G1 Evacuation Pause) 893M->746M(1024M) 7,166ms
[118,316s][info][gc] GC(2291) Pause Young (Concurrent Start) (G1 Evacuation Pause) 894M->758M(1024M) 5,669ms
[118,316s][info][gc] GC(2292) Concurrent Mark Cycle
[118,384s][info][gc] GC(2293) Pause Young (Normal) (G1 Evacuation Pause) 896M->769M(1024M) 5,339ms
[118,447s][info][gc] GC(2294) Pause Young (Normal) (G1 Evacuation Pause) 898M->779M(1024M) 5,190ms
[118,507s][info][gc] GC(2295) Pause Young (Normal) (G1 Evacuation Pause) 899M->789M(1024M) 5,027ms
[118,529s][info][gc] GC(2292) Pause Remark 836M->836M(1024M) 0,706ms
[118,562s][info][gc] GC(2296) Pause Young (Normal) (G1 Evacuation Pause) 900M->797M(1024M) 5,103ms
[118,611s][info][gc] GC(2297) Pause Young (Normal) (G1 Evacuation Pause) 901M->806M(1024M) 4,772ms
[118,660s][info][gc] GC(2298) Pause Young (Normal) (G1 Evacuation Pause) 903M->814M(1024M) 4,751ms
[118,686s][info][gc] GC(2292) Pause Cleanup 874M->874M(1024M) 0,381ms
[118,688s][info][gc] GC(2292) Concurrent Mark Cycle 371,453ms
[118,704s][info][gc] GC(2299) Pause Young (Prepare Mixed) (G1 Evacuation Pause) 904M->821M(1024M) 4,593ms
[118,740s][info][gc] GC(2300) Pause Young (Mixed) (G1 Evacuation Pause) 864M->776M(1024M) 17,576ms
[118,775s][info][gc] GC(2301) Pause Young (Mixed) (G1 Evacuation Pause) 823M->739M(1024M) 14,355ms
[118,805s][info][gc] GC(2302) Pause Young (Mixed) (G1 Evacuation Pause) 783M->720M(1024M) 10,678ms
[118,882s][info][gc] GC(2303) Pause Young (Normal) (G1 Evacuation Pause) 891M->733M(1024M) 5,152ms
[118,954s][info][gc] GC(2304) Pause Young (Normal) (G1 Evacuation Pause) 893M->746M(1024M) 7,186ms
[119,018s][info][gc] GC(2305) Pause Young (Concurrent Start) (G1 Evacuation Pause) 894M->758M(1024M) 5,741ms
[119,018s][info][gc] GC(2306) Concurrent Mark Cycle
[119,085s][info][gc] GC(2307) Pause Young (Normal) (G1 Evacuation Pause) 896M->769M(1024M) 5,371ms
[119,150s][info][gc] GC(2308) Pause Young (Normal) (G1 Evacuation Pause) 898M->779M(1024M) 5,628ms
[119,214s][info][gc] GC(2309) Pause Young (Normal) (G1 Evacuation Pause) 899M->789M(1024M) 4,832ms
[119,237s][info][gc] GC(2306) Pause Remark 839M->839M(1024M) 0,789ms
[119,269s][info][gc] GC(2310) Pause Young (Normal) (G1 Evacuation Pause) 900M->798M(1024M) 5,049ms
[119,318s][info][gc] GC(2311) Pause Young (Normal) (G1 Evacuation Pause) 901M->806M(1024M) 4,949ms
[119,363s][info][gc] GC(2312) Pause Young (Normal) (G1 Evacuation Pause) 902M->814M(1024M) 4,712ms
[119,393s][info][gc] GC(2306) Pause Cleanup 882M->882M(1024M) 0,383ms
[119,394s][info][gc] GC(2306) Concurrent Mark Cycle 375,967ms
[119,407s][info][gc] GC(2313) Pause Young (Prepare Mixed) (G1 Evacuation Pause) 904M->821M(1024M) 4,393ms
[119,439s][info][gc] GC(2314) Pause Young (Mixed) (G1 Evacuation Pause) 864M->776M(1024M) 14,341ms
[119,473s][info][gc] GC(2315) Pause Young (Mixed) (G1 Evacuation Pause) 823M->740M(1024M) 14,211ms
[119,503s][info][gc] GC(2316) Pause Young (Mixed) (G1 Evacuation Pause) 784M->720M(1024M) 11,029ms
[119,580s][info][gc] GC(2317) Pause Young (Normal) (G1 Evacuation Pause) 891M->733M(1024M) 5,212ms
[119,652s][info][gc] GC(2318) Pause Young (Normal) (G1 Evacuation Pause) 893M->746M(1024M) 7,134ms
[119,717s][info][gc] GC(2319) Pause Young (Concurrent Start) (G1 Evacuation Pause) 894M->757M(1024M) 5,781ms
[119,717s][info][gc] GC(2320) Concurrent Mark Cycle
[119,785s][info][gc] GC(2321) Pause Young (Normal) (G1 Evacuation Pause) 895M->768M(1024M) 5,549ms
[119,849s][info][gc] GC(2322) Pause Young (Normal) (G1 Evacuation Pause) 898M->779M(1024M) 5,047ms
[119,908s][info][gc] GC(2323) Pause Young (Normal) (G1 Evacuation Pause) 899M->789M(1024M) 4,798ms
[119,930s][info][gc] GC(2320) Pause Remark 835M->835M(1024M) 0,904ms
[119,963s][info][gc] GC(2324) Pause Young (Normal) (G1 Evacuation Pause) 900M->797M(1024M) 5,041ms
[120,012s][info][gc] GC(2325) Pause Young (Normal) (G1 Evacuation Pause) 901M->806M(1024M) 4,838ms
[120,058s][info][gc] GC(2326) Pause Young (Normal) (G1 Evacuation Pause) 903M->813M(1024M) 4,665ms
[120,085s][info][gc] GC(2320) Pause Cleanup 874M->874M(1024M) 0,336ms
[120,086s][info][gc] GC(2320) Concurrent Mark Cycle 369,127ms
[120,102s][info][gc] GC(2327) Pause Young (Prepare Mixed) (G1 Evacuation Pause) 904M->820M(1024M) 4,528ms
[120,134s][info][gc] GC(2328) Pause Young (Mixed) (G1 Evacuation Pause) 863M->775M(1024M) 14,200ms
[120,169s][info][gc] GC(2329) Pause Young (Mixed) (G1 Evacuation Pause) 822M->738M(1024M) 14,433ms
[120,199s][info][gc] GC(2330) Pause Young (Mixed) (G1 Evacuation Pause) 782M->721M(1024M) 10,980ms
[120,275s][info][gc] GC(2331) Pause Young (Normal) (G1 Evacuation Pause) 891M->733M(1024M) 5,195ms
[120,348s][info][gc] GC(2332) Pause Young (Normal) (G1 Evacuation Pause) 892M->746M(1024M) 7,157ms
[120,413s][info][gc] GC(2333) Pause Young (Concurrent Start) (G1 Evacuation Pause) 894M->758M(1024M) 5,766ms
[120,413s][info][gc] GC(2334) Concurrent Mark Cycle
[120,481s][info][gc] GC(2335) Pause Young (Normal) (G1 Evacuation Pause) 895M->769M(1024M) 5,420ms
[120,545s][info][gc] GC(2336) Pause Young (Normal) (G1 Evacuation Pause) 898M->780M(1024M) 5,161ms
[120,604s][info][gc] GC(2337) Pause Young (Normal) (G1 Evacuation Pause) 899M->789M(1024M) 4,923ms
[120,626s][info][gc] GC(2334) Pause Remark 836M->836M(1024M) 0,722ms
[120,659s][info][gc] GC(2338) Pause Young (Normal) (G1 Evacuation Pause) 900M->798M(1024M) 5,081ms
[120,708s][info][gc] GC(2339) Pause Young (Normal) (G1 Evacuation Pause) 902M->807M(1024M) 4,878ms
[120,754s][info][gc] GC(2340) Pause Young (Normal) (G1 Evacuation Pause) 903M->814M(1024M) 4,800ms
[120,781s][info][gc] GC(2334) Pause Cleanup 878M->878M(1024M) 0,336ms
[120,782s][info][gc] GC(2334) Concurrent Mark Cycle 369,241ms
[120,797s][info][gc] GC(2341) Pause Young (Prepare Mixed) (G1 Evacuation Pause) 904M->821M(1024M) 4,366ms
[120,829s][info][gc] GC(2342) Pause Young (Mixed) (G1 Evacuation Pause) 864M->776M(1024M) 14,210ms
[120,864s][info][gc] GC(2343) Pause Young (Mixed) (G1 Evacuation Pause) 823M->740M(1024M) 14,618ms
[120,894s][info][gc] GC(2344) Pause Young (Mixed) (G1 Evacuation Pause) 784M->721M(1024M) 11,298ms
[120,971s][info][gc] GC(2345) Pause Young (Normal) (G1 Evacuation Pause) 891M->733M(1024M) 5,334ms
[121,043s][info][gc] GC(2346) Pause Young (Normal) (G1 Evacuation Pause) 892M->747M(1024M) 7,091ms
[121,109s][info][gc] GC(2347) Pause Young (Concurrent Start) (G1 Evacuation Pause) 895M->758M(1024M) 5,781ms
[121,109s][info][gc] GC(2348) Concurrent Mark Cycle
[121,177s][info][gc] GC(2349) Pause Young (Normal) (G1 Evacuation Pause) 895M->769M(1024M) 5,487ms
[121,240s][info][gc] GC(2350) Pause Young (Normal) (G1 Evacuation Pause) 897M->780M(1024M) 5,163ms
[121,299s][info][gc] GC(2351) Pause Young (Normal) (G1 Evacuation Pause) 899M->789M(1024M) 4,944ms
[121,322s][info][gc] GC(2348) Pause Remark 837M->837M(1024M) 0,852ms
[121,353s][info][gc] GC(2352) Pause Young (Normal) (G1 Evacuation Pause) 900M->798M(1024M) 5,049ms
[121,403s][info][gc] GC(2353) Pause Young (Normal) (G1 Evacuation Pause) 902M->806M(1024M) 4,970ms
[121,450s][info][gc] GC(2354) Pause Young (Normal) (G1 Evacuation Pause) 902M->814M(1024M) 4,644ms
[121,477s][info][gc] GC(2348) Pause Cleanup 875M->875M(1024M) 0,301ms
[121,478s][info][gc] GC(2348) Concurrent Mark Cycle 369,179ms
[121,494s][info][gc] GC(2355) Pause Young (Prepare Mixed) (G1 Evacuation Pause) 904M->821M(1024M) 4,374ms
[121,527s][info][gc] GC(2356) Pause Young (Mixed) (G1 Evacuation Pause) 864M->775M(1024M) 14,540ms
[121,560s][info][gc] GC(2357) Pause Young (Mixed) (G1 Evacuation Pause) 822M->739M(1024M) 14,042ms
[121,590s][info][gc] GC(2358) Pause Young (Mixed) (G1 Evacuation Pause) 783M->722M(1024M) 10,666ms
[121,664s][info][gc] GC(2359) Pause Young (Normal) (G1 Evacuation Pause) 891M->734M(1024M) 5,186ms
[121,735s][info][gc] GC(2360) Pause Young (Normal) (G1 Evacuation Pause) 892M->747M(1024M) 6,978ms
[121,800s][info][gc] GC(2361) Pause Young (Concurrent Start) (G1 Evacuation Pause) 894M->758M(1024M) 5,688ms
[121,800s][info][gc] GC(2362) Concurrent Mark Cycle
[121,867s][info][gc] GC(2363) Pause Young (Normal) (G1 Evacuation Pause) 895M->769M(1024M) 5,386ms
[121,931s][info][gc] GC(2364) Pause Young (Normal) (G1 Evacuation Pause) 898M->780M(1024M) 5,153ms
[121,990s][info][gc] GC(2365) Pause Young (Normal) (G1 Evacuation Pause) 899M->789M(1024M) 4,894ms
[122,013s][info][gc] GC(2362) Pause Remark 837M->837M(1024M) 0,993ms
[122,045s][info][gc] GC(2366) Pause Young (Normal) (G1 Evacuation Pause) 900M->798M(1024M) 5,013ms
[122,094s][info][gc] GC(2367) Pause Young (Normal) (G1 Evacuation Pause) 902M->806M(1024M) 4,948ms
[122,140s][info][gc] GC(2368) Pause Young (Normal) (G1 Evacuation Pause) 902M->814M(1024M) 4,771ms
[122,168s][info][gc] GC(2362) Pause Cleanup 880M->880M(1024M) 0,369ms
[122,169s][info][gc] GC(2362) Concurrent Mark Cycle 369,803ms
[122,183s][info][gc] GC(2369) Pause Young (Prepare Mixed) (G1 Evacuation Pause) 904M->821M(1024M) 4,522ms
[122,216s][info][gc] GC(2370) Pause Young (Mixed) (G1 Evacuation Pause) 864M->775M(1024M) 14,186ms
[122,250s][info][gc] GC(2371) Pause Young (Mixed) (G1 Evacuation Pause) 822M->740M(1024M) 14,215ms
[122,279s][info][gc] GC(2372) Pause Young (Mixed) (G1 Evacuation Pause) 784M->721M(1024M) 11,020ms
[122,355s][info][gc] GC(2373) Pause Young (Normal) (G1 Evacuation Pause) 891M->733M(1024M) 5,275ms
[122,427s][info][gc] GC(2374) Pause Young (Normal) (G1 Evacuation Pause) 892M->746M(1024M) 7,122ms
[122,491s][info][gc] GC(2375) Pause Young (Concurrent Start) (G1 Evacuation Pause) 894M->758M(1024M) 5,713ms
[122,492s][info][gc] GC(2376) Concurrent Mark Cycle
[122,559s][info][gc] GC(2377) Pause Young (Normal) (G1 Evacuation Pause) 895M->769M(1024M) 5,393ms
[122,622s][info][gc] GC(2378) Pause Young (Normal) (G1 Evacuation Pause) 897M->780M(1024M) 5,179ms
[122,681s][info][gc] GC(2379) Pause Young (Normal) (G1 Evacuation Pause) 899M->789M(1024M) 5,017ms
[122,705s][info][gc] GC(2376) Pause Remark 839M->839M(1024M) 0,822ms
[122,736s][info][gc] GC(2380) Pause Young (Normal) (G1 Evacuation Pause) 900M->798M(1024M) 4,984ms
[122,785s][info][gc] GC(2381) Pause Young (Normal) (G1 Evacuation Pause) 902M->807M(1024M) 4,921ms
[122,831s][info][gc] GC(2382) Pause Young (Normal) (G1 Evacuation Pause) 903M->814M(1024M) 4,716ms
[122,859s][info][gc] GC(2376) Pause Cleanup 880M->880M(1024M) 0,372ms
[122,860s][info][gc] GC(2376) Concurrent Mark Cycle 368,600ms
[122,874s][info][gc] GC(2383) Pause Young (Prepare Mixed) (G1 Evacuation Pause) 904M->822M(1024M) 4,385ms
[122,907s][info][gc] GC(2384) Pause Young (Mixed) (G1 Evacuation Pause) 865M->777M(1024M) 14,355ms
[122,941s][info][gc] GC(2385) Pause Young (Mixed) (G1 Evacuation Pause) 824M->741M(1024M) 14,694ms
[122,971s][info][gc] GC(2386) Pause Young (Mixed) (G1 Evacuation Pause) 785M->721M(1024M) 11,323ms
[123,046s][info][gc] GC(2387) Pause Young (Normal) (G1 Evacuation Pause) 891M->734M(1024M) 5,310ms
[123,118s][info][gc] GC(2388) Pause Young (Normal) (G1 Evacuation Pause) 893M->747M(1024M) 7,106ms
[123,182s][info][gc] GC(2389) Pause Young (Concurrent Start) (G1 Evacuation Pause) 895M->759M(1024M) 5,738ms
[123,182s][info][gc] GC(2390) Concurrent Mark Cycle
[123,249s][info][gc] GC(2391) Pause Young (Normal) (G1 Evacuation Pause) 895M->770M(1024M) 5,458ms
[123,312s][info][gc] GC(2392) Pause Young (Normal) (G1 Evacuation Pause) 898M->780M(1024M) 5,069ms
[123,371s][info][gc] GC(2393) Pause Young (Normal) (G1 Evacuation Pause) 899M->790M(1024M) 4,760ms
[123,395s][info][gc] GC(2390) Pause Remark 840M->840M(1024M) 0,907ms
[123,426s][info][gc] GC(2394) Pause Young (Normal) (G1 Evacuation Pause) 901M->798M(1024M) 5,019ms
[123,476s][info][gc] GC(2395) Pause Young (Normal) (G1 Evacuation Pause) 902M->807M(1024M) 4,854ms
[123,521s][info][gc] GC(2396) Pause Young (Normal) (G1 Evacuation Pause) 903M->815M(1024M) 4,733ms
[123,549s][info][gc] GC(2390) Pause Cleanup 879M->879M(1024M) 0,319ms
[123,550s][info][gc] GC(2390) Concurrent Mark Cycle 368,364ms
[123,564s][info][gc] GC(2397) Pause Young (Prepare Mixed) (G1 Evacuation Pause) 904M->822M(1024M) 4,336ms
[123,597s][info][gc] GC(2398) Pause Young (Mixed) (G1 Evacuation Pause) 865M->776M(1024M) 14,268ms
[123,630s][info][gc] GC(2399) Pause Young (Mixed) (G1 Evacuation Pause) 823M->740M(1024M) 13,997ms
[123,660s][info][gc] GC(2400) Pause Young (Mixed) (G1 Evacuation Pause) 784M->720M(1024M) 11,506ms
[123,737s][info][gc] GC(2401) Pause Young (Normal) (G1 Evacuation Pause) 891M->732M(1024M) 5,260ms
[123,808s][info][gc] GC(2402) Pause Young (Normal) (G1 Evacuation Pause) 892M->745M(1024M) 7,188ms
[123,874s][info][gc] GC(2403) Pause Young (Concurrent Start) (G1 Evacuation Pause) 893M->757M(1024M) 5,776ms
[123,874s][info][gc] GC(2404) Concurrent Mark Cycle
[123,942s][info][gc] GC(2405) Pause Young (Normal) (G1 Evacuation Pause) 896M->768M(1024M) 5,424ms
[124,006s][info][gc] GC(2406) Pause Young (Normal) (G1 Evacuation Pause) 897M->779M(1024M) 5,033ms
[124,065s][info][gc] GC(2407) Pause Young (Normal) (G1 Evacuation Pause) 899M->788M(1024M) 4,926ms
[124,087s][info][gc] GC(2404) Pause Remark 834M->834M(1024M) 0,694ms
[124,120s][info][gc] GC(2408) Pause Young (Normal) (G1 Evacuation Pause) 900M->797M(1024M) 4,995ms
[124,169s][info][gc] GC(2409) Pause Young (Normal) (G1 Evacuation Pause) 901M->805M(1024M) 4,941ms
[124,215s][info][gc] GC(2410) Pause Young (Normal) (G1 Evacuation Pause) 902M->813M(1024M) 4,762ms
[124,241s][info][gc] GC(2404) Pause Cleanup 871M->871M(1024M) 0,410ms
[124,242s][info][gc] GC(2404) Concurrent Mark Cycle 368,306ms
[124,259s][info][gc] GC(2411) Pause Young (Prepare Mixed) (G1 Evacuation Pause) 904M->821M(1024M) 4,379ms
[124,292s][info][gc] GC(2412) Pause Young (Mixed) (G1 Evacuation Pause) 864M->776M(1024M) 14,457ms
[124,326s][info][gc] GC(2413) Pause Young (Mixed) (G1 Evacuation Pause) 823M->740M(1024M) 14,280ms
[124,355s][info][gc] GC(2414) Pause Young (Mixed) (G1 Evacuation Pause) 784M->721M(1024M) 10,788ms
[124,431s][info][gc] GC(2415) Pause Young (Normal) (G1 Evacuation Pause) 891M->734M(1024M) 5,419ms
[124,503s][info][gc] GC(2416) Pause Young (Normal) (G1 Evacuation Pause) 893M->747M(1024M) 7,052ms
[124,569s][info][gc] GC(2417) Pause Young (Concurrent Start) (G1 Evacuation Pause) 894M->758M(1024M) 5,716ms
[124,569s][info][gc] GC(2418) Concurrent Mark Cycle
[124,637s][info][gc] GC(2419) Pause Young (Normal) (G1 Evacuation Pause) 896M->769M(1024M) 5,398ms
[124,701s][info][gc] GC(2420) Pause Young (Normal) (G1 Evacuation Pause) 898M->781M(1024M) 5,140ms
[124,759s][info][gc] GC(2421) Pause Young (Normal) (G1 Evacuation Pause) 899M->790M(1024M) 4,791ms
[124,782s][info][gc] GC(2418) Pause Remark 838M->838M(1024M) 0,994ms
[124,816s][info][gc] GC(2422) Pause Young (Normal) (G1 Evacuation Pause) 901M->799M(1024M) 5,463ms
[124,873s][info][gc] GC(2423) Pause Young (Normal) (G1 Evacuation Pause) 902M->807M(1024M) 4,943ms
[124,919s][info][gc] GC(2424) Pause Young (Normal) (G1 Evacuation Pause) 902M->815M(1024M) 4,791ms
[124,948s][info][gc] GC(2418) Pause Cleanup 880M->880M(1024M) 0,355ms
[124,949s][info][gc] GC(2418) Concurrent Mark Cycle 380,541ms
[124,963s][info][gc] GC(2425) Pause Young (Prepare Mixed) (G1 Evacuation Pause) 904M->822M(1024M) 4,430ms
[124,996s][info][gc] GC(2426) Pause Young (Mixed) (G1 Evacuation Pause) 865M->777M(1024M) 14,751ms
[125,030s][info][gc] GC(2427) Pause Young (Mixed) (G1 Evacuation Pause) 824M->741M(1024M) 14,183ms
[125,060s][info][gc] GC(2428) Pause Young (Mixed) (G1 Evacuation Pause) 785M->721M(1024M) 11,390ms
[125,137s][info][gc] GC(2429) Pause Young (Normal) (G1 Evacuation Pause) 891M->733M(1024M) 5,248ms
[125,208s][info][gc] GC(2430) Pause Young (Normal) (G1 Evacuation Pause) 892M->747M(1024M) 7,095ms
[125,273s][info][gc] GC(2431) Pause Young (Concurrent Start) (G1 Evacuation Pause) 895M->758M(1024M) 5,773ms
[125,273s][info][gc] GC(2432) Concurrent Mark Cycle
[125,341s][info][gc] GC(2433) Pause Young (Normal) (G1 Evacuation Pause) 895M->769M(1024M) 5,385ms
[125,405s][info][gc] GC(2434) Pause Young (Normal) (G1 Evacuation Pause) 898M->780M(1024M) 5,249ms
[125,464s][info][gc] GC(2435) Pause Young (Normal) (G1 Evacuation Pause) 899M->789M(1024M) 4,820ms
[125,486s][info][gc] GC(2432) Pause Remark 838M->838M(1024M) 0,706ms
[125,518s][info][gc] GC(2436) Pause Young (Normal) (G1 Evacuation Pause) 900M->798M(1024M) 4,999ms
[125,567s][info][gc] GC(2437) Pause Young (Normal) (G1 Evacuation Pause) 902M->807M(1024M) 4,911ms
[125,613s][info][gc] GC(2438) Pause Young (Normal) (G1 Evacuation Pause) 903M->814M(1024M) 4,776ms
[125,641s][info][gc] GC(2432) Pause Cleanup 879M->879M(1024M) 0,305ms
[125,642s][info][gc] GC(2432) Concurrent Mark Cycle 368,915ms
[125,656s][info][gc] GC(2439) Pause Young (Prepare Mixed) (G1 Evacuation Pause) 903M->822M(1024M) 4,514ms
[125,688s][info][gc] GC(2440) Pause Young (Mixed) (G1 Evacuation Pause) 865M->776M(1024M) 14,070ms
[125,723s][info][gc] GC(2441) Pause Young (Mixed) (G1 Evacuation Pause) 823M->739M(1024M) 14,717ms
[125,752s][info][gc] GC(2442) Pause Young (Mixed) (G1 Evacuation Pause) 783M->722M(1024M) 10,478ms
[125,828s][info][gc] GC(2443) Pause Young (Normal) (G1 Evacuation Pause) 891M->734M(1024M) 5,191ms
[125,898s][info][gc] GC(2444) Pause Young (Normal) (G1 Evacuation Pause) 892M->747M(1024M) 6,968ms
[125,964s][info][gc] GC(2445) Pause Young (Concurrent Start) (G1 Evacuation Pause) 895M->759M(1024M) 5,615ms
[125,964s][info][gc] GC(2446) Concurrent Mark Cycle
[126,031s][info][gc] GC(2447) Pause Young (Normal) (G1 Evacuation Pause) 896M->770M(1024M) 5,539ms
[126,095s][info][gc] GC(2448) Pause Young (Normal) (G1 Evacuation Pause) 898M->780M(1024M) 5,133ms
[126,153s][info][gc] GC(2449) Pause Young (Normal) (G1 Evacuation Pause) 898M->789M(1024M) 4,769ms
[126,177s][info][gc] GC(2446) Pause Remark 841M->841M(1024M) 0,803ms
[126,207s][info][gc] GC(2450) Pause Young (Normal) (G1 Evacuation Pause) 900M->799M(1024M) 4,994ms
[126,257s][info][gc] GC(2451) Pause Young (Normal) (G1 Evacuation Pause) 902M->807M(1024M) 4,840ms
[126,302s][info][gc] GC(2452) Pause Young (Normal) (G1 Evacuation Pause) 902M->815M(1024M) 4,699ms
[126,332s][info][gc] GC(2446) Pause Cleanup 884M->884M(1024M) 0,378ms
[126,333s][info][gc] GC(2446) Concurrent Mark Cycle 369,228ms
[126,345s][info][gc] GC(2453) Pause Young (Prepare Mixed) (G1 Evacuation Pause) 904M->822M(1024M) 4,606ms
[126,377s][info][gc] GC(2454) Pause Young (Mixed) (G1 Evacuation Pause) 865M->776M(1024M) 14,388ms
[126,412s][info][gc] GC(2455) Pause Young (Mixed) (G1 Evacuation Pause) 823M->741M(1024M) 14,181ms
[126,441s][info][gc] GC(2456) Pause Young (Mixed) (G1 Evacuation Pause) 785M->721M(1024M) 11,063ms
[126,516s][info][gc] GC(2457) Pause Young (Normal) (G1 Evacuation Pause) 891M->733M(1024M) 5,244ms
[126,587s][info][gc] GC(2458) Pause Young (Normal) (G1 Evacuation Pause) 892M->746M(1024M) 7,226ms
[126,652s][info][gc] GC(2459) Pause Young (Concurrent Start) (G1 Evacuation Pause) 894M->758M(1024M) 5,668ms
[126,652s][info][gc] GC(2460) Concurrent Mark Cycle
[126,720s][info][gc] GC(2461) Pause Young (Normal) (G1 Evacuation Pause) 895M->770M(1024M) 5,565ms
[126,783s][info][gc] GC(2462) Pause Young (Normal) (G1 Evacuation Pause) 898M->780M(1024M) 5,107ms
[126,842s][info][gc] GC(2463) Pause Young (Normal) (G1 Evacuation Pause) 899M->789M(1024M) 4,902ms
[126,866s][info][gc] GC(2460) Pause Remark 840M->840M(1024M) 0,812ms
[126,897s][info][gc] GC(2464) Pause Young (Normal) (G1 Evacuation Pause) 900M->798M(1024M) 5,029ms
[126,947s][info][gc] GC(2465) Pause Young (Normal) (G1 Evacuation Pause) 902M->807M(1024M) 4,979ms
[126,993s][info][gc] GC(2466) Pause Young (Normal) (G1 Evacuation Pause) 903M->814M(1024M) 4,647ms
[127,022s][info][gc] GC(2460) Pause Cleanup 881M->881M(1024M) 0,373ms
[127,023s][info][gc] GC(2460) Concurrent Mark Cycle 371,121ms
[127,037s][info][gc] GC(2467) Pause Young (Prepare Mixed) (G1 Evacuation Pause) 904M->822M(1024M) 4,488ms
[127,069s][info][gc] GC(2468) Pause Young (Mixed) (G1 Evacuation Pause) 865M->776M(1024M) 14,348ms
[127,104s][info][gc] GC(2469) Pause Young (Mixed) (G1 Evacuation Pause) 823M->739M(1024M) 14,301ms
[127,133s][info][gc] GC(2470) Pause Young (Mixed) (G1 Evacuation Pause) 783M->721M(1024M) 10,891ms
[127,210s][info][gc] GC(2471) Pause Young (Normal) (G1 Evacuation Pause) 891M->734M(1024M) 5,174ms
[127,283s][info][gc] GC(2472) Pause Young (Normal) (G1 Evacuation Pause) 893M->747M(1024M) 7,087ms
[127,348s][info][gc] GC(2473) Pause Young (Concurrent Start) (G1 Evacuation Pause) 894M->759M(1024M) 5,800ms
[127,348s][info][gc] GC(2474) Concurrent Mark Cycle
[127,416s][info][gc] GC(2475) Pause Young (Normal) (G1 Evacuation Pause) 896M->770M(1024M) 5,340ms
[127,479s][info][gc] GC(2476) Pause Young (Normal) (G1 Evacuation Pause) 898M->781M(1024M) 5,068ms
[127,538s][info][gc] GC(2477) Pause Young (Normal) (G1 Evacuation Pause) 899M->790M(1024M) 4,982ms
[127,562s][info][gc] GC(2474) Pause Remark 842M->842M(1024M) 0,841ms
[127,592s][info][gc] GC(2478) Pause Young (Normal) (G1 Evacuation Pause) 900M->799M(1024M) 5,014ms
[127,641s][info][gc] GC(2479) Pause Young (Normal) (G1 Evacuation Pause) 902M->808M(1024M) 4,743ms
[127,686s][info][gc] GC(2480) Pause Young (Normal) (G1 Evacuation Pause) 903M->815M(1024M) 4,735ms
[127,716s][info][gc] GC(2474) Pause Cleanup 886M->886M(1024M) 0,350ms
[127,718s][info][gc] GC(2474) Concurrent Mark Cycle 369,279ms
[127,729s][info][gc] GC(2481) Pause Young (Prepare Mixed) (G1 Evacuation Pause) 903M->822M(1024M) 4,409ms
[127,761s][info][gc] GC(2482) Pause Young (Mixed) (G1 Evacuation Pause) 865M->776M(1024M) 13,968ms
[127,795s][info][gc] GC(2483) Pause Young (Mixed) (G1 Evacuation Pause) 823M->740M(1024M) 14,663ms
[127,825s][info][gc] GC(2484) Pause Young (Mixed) (G1 Evacuation Pause) 784M->721M(1024M) 10,917ms
[127,900s][info][gc] GC(2485) Pause Young (Normal) (G1 Evacuation Pause) 891M->734M(1024M) 5,250ms
[127,972s][info][gc] GC(2486) Pause Young (Normal) (G1 Evacuation Pause) 893M->747M(1024M) 7,021ms
[128,038s][info][gc] GC(2487) Pause Young (Concurrent Start) (G1 Evacuation Pause) 895M->759M(1024M) 5,689ms
[128,038s][info][gc] GC(2488) Concurrent Mark Cycle
[128,105s][info][gc] GC(2489) Pause Young (Normal) (G1 Evacuation Pause) 895M->770M(1024M) 5,394ms
[128,168s][info][gc] GC(2490) Pause Young (Normal) (G1 Evacuation Pause) 898M->780M(1024M) 5,143ms
[128,227s][info][gc] GC(2491) Pause Young (Normal) (G1 Evacuation Pause) 898M->789M(1024M) 4,817ms
[128,251s][info][gc] GC(2488) Pause Remark 841M->841M(1024M) 0,885ms
[128,282s][info][gc] GC(2492) Pause Young (Normal) (G1 Evacuation Pause) 900M->799M(1024M) 5,022ms
[128,330s][info][gc] GC(2493) Pause Young (Normal) (G1 Evacuation Pause) 902M->807M(1024M) 4,837ms
[128,376s][info][gc] GC(2494) Pause Young (Normal) (G1 Evacuation Pause) 902M->815M(1024M) 4,745ms
[128,406s][info][gc] GC(2488) Pause Cleanup 884M->884M(1024M) 0,368ms
[128,407s][info][gc] GC(2488) Concurrent Mark Cycle 369,155ms
[128,419s][info][gc] GC(2495) Pause Young (Prepare Mixed) (G1 Evacuation Pause) 904M->822M(1024M) 4,448ms
[128,451s][info][gc] GC(2496) Pause Young (Mixed) (G1 Evacuation Pause) 865M->776M(1024M) 14,170ms
[128,485s][info][gc] GC(2497) Pause Young (Mixed) (G1 Evacuation Pause) 823M->740M(1024M) 14,269ms
[128,514s][info][gc] GC(2498) Pause Young (Mixed) (G1 Evacuation Pause) 784M->722M(1024M) 10,783ms
[128,589s][info][gc] GC(2499) Pause Young (Normal) (G1 Evacuation Pause) 891M->734M(1024M) 5,242ms
[128,660s][info][gc] GC(2500) Pause Young (Normal) (G1 Evacuation Pause) 892M->748M(1024M) 7,029ms
[128,725s][info][gc] GC(2501) Pause Young (Concurrent Start) (G1 Evacuation Pause) 895M->759M(1024M) 5,793ms
[128,725s][info][gc] GC(2502) Concurrent Mark Cycle
[128,792s][info][gc] GC(2503) Pause Young (Normal) (G1 Evacuation Pause) 896M->771M(1024M) 5,440ms
[128,855s][info][gc] GC(2504) Pause Young (Normal) (G1 Evacuation Pause) 898M->781M(1024M) 5,195ms
[128,913s][info][gc] GC(2505) Pause Young (Normal) (G1 Evacuation Pause) 898M->790M(1024M) 4,840ms
[128,938s][info][gc] GC(2502) Pause Remark 844M->844M(1024M) 0,762ms
[128,968s][info][gc] GC(2506) Pause Young (Normal) (G1 Evacuation Pause) 901M->799M(1024M) 4,977ms
[129,016s][info][gc] GC(2507) Pause Young (Normal) (G1 Evacuation Pause) 901M->807M(1024M) 4,869ms
[129,061s][info][gc] GC(2508) Pause Young (Normal) (G1 Evacuation Pause) 902M->815M(1024M) 4,579ms
[129,094s][info][gc] GC(2502) Pause Cleanup 891M->891M(1024M) 0,370ms
[129,095s][info][gc] GC(2502) Concurrent Mark Cycle 370,303ms
[129,104s][info][gc] GC(2509) Pause Young (Prepare Mixed) (G1 Evacuation Pause) 904M->822M(1024M) 4,381ms
[129,137s][info][gc] GC(2510) Pause Young (Mixed) (G1 Evacuation Pause) 865M->777M(1024M) 14,690ms
[129,172s][info][gc] GC(2511) Pause Young (Mixed) (G1 Evacuation Pause) 824M->740M(1024M) 14,763ms
[129,202s][info][gc] GC(2512) Pause Young (Mixed) (G1 Evacuation Pause) 784M->721M(1024M) 11,144ms
[129,277s][info][gc] GC(2513) Pause Young (Normal) (G1 Evacuation Pause) 891M->733M(1024M) 5,160ms
[129,349s][info][gc] GC(2514) Pause Young (Normal) (G1 Evacuation Pause) 892M->747M(1024M) 7,026ms
[129,414s][info][gc] GC(2515) Pause Young (Concurrent Start) (G1 Evacuation Pause) 895M->759M(1024M) 5,823ms
[129,414s][info][gc] GC(2516) Concurrent Mark Cycle
[129,482s][info][gc] GC(2517) Pause Young (Normal) (G1 Evacuation Pause) 896M->770M(1024M) 5,312ms
[129,545s][info][gc] GC(2518) Pause Young (Normal) (G1 Evacuation Pause) 898M->780M(1024M) 5,142ms
[129,604s][info][gc] GC(2519) Pause Young (Normal) (G1 Evacuation Pause) 899M->789M(1024M) 4,996ms
[129,628s][info][gc] GC(2516) Pause Remark 840M->840M(1024M) 0,876ms
[129,659s][info][gc] GC(2520) Pause Young (Normal) (G1 Evacuation Pause) 900M->798M(1024M) 5,077ms
[129,708s][info][gc] GC(2521) Pause Young (Normal) (G1 Evacuation Pause) 902M->806M(1024M) 4,932ms
[129,754s][info][gc] GC(2522) Pause Young (Normal) (G1 Evacuation Pause) 902M->814M(1024M) 4,729ms
[129,783s][info][gc] GC(2516) Pause Cleanup 882M->882M(1024M) 0,330ms
[129,784s][info][gc] GC(2516) Concurrent Mark Cycle 369,955ms
[129,797s][info][gc] GC(2523) Pause Young (Prepare Mixed) (G1 Evacuation Pause) 904M->821M(1024M) 4,473ms
[129,830s][info][gc] GC(2524) Pause Young (Mixed) (G1 Evacuation Pause) 864M->775M(1024M) 14,488ms
[129,864s][info][gc] GC(2525) Pause Young (Mixed) (G1 Evacuation Pause) 822M->740M(1024M) 14,540ms
[129,893s][info][gc] GC(2526) Pause Young (Mixed) (G1 Evacuation Pause) 784M->723M(1024M) 10,675ms
[129,967s][info][gc] GC(2527) Pause Young (Normal) (G1 Evacuation Pause) 891M->736M(1024M) 5,203ms
[130,038s][info][gc] GC(2528) Pause Young (Normal) (G1 Evacuation Pause) 893M->749M(1024M) 7,065ms
[130,104s][info][gc] GC(2529) Pause Young (Concurrent Start) (G1 Evacuation Pause) 895M->759M(1024M) 5,622ms
[130,104s][info][gc] GC(2530) Concurrent Mark Cycle
[130,171s][info][gc] GC(2531) Pause Young (Normal) (G1 Evacuation Pause) 896M->770M(1024M) 5,300ms
[130,235s][info][gc] GC(2532) Pause Young (Normal) (G1 Evacuation Pause) 898M->781M(1024M) 5,233ms
[130,293s][info][gc] GC(2533) Pause Young (Normal) (G1 Evacuation Pause) 899M->790M(1024M) 4,785ms
[130,317s][info][gc] GC(2530) Pause Remark 842M->842M(1024M) 0,741ms
[130,348s][info][gc] GC(2534) Pause Young (Normal) (G1 Evacuation Pause) 901M->799M(1024M) 4,942ms
[130,396s][info][gc] GC(2535) Pause Young (Normal) (G1 Evacuation Pause) 901M->807M(1024M) 4,892ms
[130,442s][info][gc] GC(2536) Pause Young (Normal) (G1 Evacuation Pause) 902M->815M(1024M) 4,535ms
[130,472s][info][gc] GC(2530) Pause Cleanup 883M->883M(1024M) 0,318ms
[130,473s][info][gc] GC(2530) Concurrent Mark Cycle 369,550ms
[130,485s][info][gc] GC(2537) Pause Young (Prepare Mixed) (G1 Evacuation Pause) 904M->822M(1024M) 4,334ms
[130,518s][info][gc] GC(2538) Pause Young (Mixed) (G1 Evacuation Pause) 865M->776M(1024M) 14,183ms
[130,552s][info][gc] GC(2539) Pause Young (Mixed) (G1 Evacuation Pause) 823M->740M(1024M) 14,270ms
[130,582s][info][gc] GC(2540) Pause Young (Mixed) (G1 Evacuation Pause) 784M->720M(1024M) 11,621ms
[130,658s][info][gc] GC(2541) Pause Young (Normal) (G1 Evacuation Pause) 891M->732M(1024M) 5,202ms
[130,730s][info][gc] GC(2542) Pause Young (Normal) (G1 Evacuation Pause) 892M->745M(1024M) 7,045ms
[130,795s][info][gc] GC(2543) Pause Young (Concurrent Start) (G1 Evacuation Pause) 894M->758M(1024M) 5,745ms
[130,795s][info][gc] GC(2544) Concurrent Mark Cycle
[130,863s][info][gc] GC(2545) Pause Young (Normal) (G1 Evacuation Pause) 896M->768M(1024M) 5,428ms
[130,927s][info][gc] GC(2546) Pause Young (Normal) (G1 Evacuation Pause) 897M->779M(1024M) 5,041ms
[130,986s][info][gc] GC(2547) Pause Young (Normal) (G1 Evacuation Pause) 899M->788M(1024M) 4,929ms
[131,009s][info][gc] GC(2544) Pause Remark 836M->836M(1024M) 0,876ms
[131,041s][info][gc] GC(2548) Pause Young (Normal) (G1 Evacuation Pause) 900M->797M(1024M) 4,986ms
[131,091s][info][gc] GC(2549) Pause Young (Normal) (G1 Evacuation Pause) 901M->806M(1024M) 4,858ms
[131,137s][info][gc] GC(2550) Pause Young (Normal) (G1 Evacuation Pause) 903M->813M(1024M) 4,739ms
[131,163s][info][gc] GC(2544) Pause Cleanup 875M->875M(1024M) 0,342ms
[131,164s][info][gc] GC(2544) Concurrent Mark Cycle 369,511ms
[131,180s][info][gc] GC(2551) Pause Young (Prepare Mixed) (G1 Evacuation Pause) 904M->821M(1024M) 4,412ms
[131,213s][info][gc] GC(2552) Pause Young (Mixed) (G1 Evacuation Pause) 864M->775M(1024M) 14,466ms
[131,247s][info][gc] GC(2553) Pause Young (Mixed) (G1 Evacuation Pause) 822M->739M(1024M) 14,402ms
[131,275s][info][gc] GC(2554) Pause Young (Mixed) (G1 Evacuation Pause) 783M->721M(1024M) 10,706ms
[131,351s][info][gc] GC(2555) Pause Young (Normal) (G1 Evacuation Pause) 891M->733M(1024M) 5,210ms
[131,423s][info][gc] GC(2556) Pause Young (Normal) (G1 Evacuation Pause) 892M->746M(1024M) 7,259ms
[131,488s][info][gc] GC(2557) Pause Young (Concurrent Start) (G1 Evacuation Pause) 894M->758M(1024M) 5,770ms
[131,488s][info][gc] GC(2558) Concurrent Mark Cycle
[131,556s][info][gc] GC(2559) Pause Young (Normal) (G1 Evacuation Pause) 896M->769M(1024M) 5,395ms
[131,620s][info][gc] GC(2560) Pause Young (Normal) (G1 Evacuation Pause) 898M->779M(1024M) 5,147ms
[131,678s][info][gc] GC(2561) Pause Young (Normal) (G1 Evacuation Pause) 898M->788M(1024M) 4,873ms
[131,702s][info][gc] GC(2558) Pause Remark 837M->837M(1024M) 0,762ms
[131,733s][info][gc] GC(2562) Pause Young (Normal) (G1 Evacuation Pause) 899M->798M(1024M) 4,822ms
[131,783s][info][gc] GC(2563) Pause Young (Normal) (G1 Evacuation Pause) 901M->806M(1024M) 4,760ms
[131,829s][info][gc] GC(2564) Pause Young (Normal) (G1 Evacuation Pause) 903M->813M(1024M) 4,803ms
[131,857s][info][gc] GC(2558) Pause Cleanup 878M->878M(1024M) 0,338ms
[131,858s][info][gc] GC(2558) Concurrent Mark Cycle 370,154ms
[131,873s][info][gc] GC(2565) Pause Young (Prepare Mixed) (G1 Evacuation Pause) 904M->821M(1024M) 4,449ms
[131,906s][info][gc] GC(2566) Pause Young (Mixed) (G1 Evacuation Pause) 864M->776M(1024M) 14,691ms
[131,940s][info][gc] GC(2567) Pause Young (Mixed) (G1 Evacuation Pause) 823M->740M(1024M) 14,408ms
[131,969s][info][gc] GC(2568) Pause Young (Mixed) (G1 Evacuation Pause) 784M->721M(1024M) 10,749ms
[132,044s][info][gc] GC(2569) Pause Young (Normal) (G1 Evacuation Pause) 891M->733M(1024M) 5,232ms
[132,116s][info][gc] GC(2570) Pause Young (Normal) (G1 Evacuation Pause) 892M->747M(1024M) 7,154ms
[132,180s][info][gc] GC(2571) Pause Young (Concurrent Start) (G1 Evacuation Pause) 894M->757M(1024M) 5,767ms
[132,180s][info][gc] GC(2572) Concurrent Mark Cycle
[132,248s][info][gc] GC(2573) Pause Young (Normal) (G1 Evacuation Pause) 895M->769M(1024M) 5,376ms
[132,311s][info][gc] GC(2574) Pause Young (Normal) (G1 Evacuation Pause) 898M->779M(1024M) 5,140ms
[132,371s][info][gc] GC(2575) Pause Young (Normal) (G1 Evacuation Pause) 899M->789M(1024M) 4,869ms
[132,393s][info][gc] GC(2572) Pause Remark 837M->837M(1024M) 0,805ms
[132,425s][info][gc] GC(2576) Pause Young (Normal) (G1 Evacuation Pause) 900M->798M(1024M) 5,062ms
[132,474s][info][gc] GC(2577) Pause Young (Normal) (G1 Evacuation Pause) 902M->806M(1024M) 4,916ms
[132,520s][info][gc] GC(2578) Pause Young (Normal) (G1 Evacuation Pause) 903M->814M(1024M) 4,795ms
[132,548s][info][gc] GC(2572) Pause Cleanup 878M->878M(1024M) 0,361ms
[132,549s][info][gc] GC(2572) Concurrent Mark Cycle 369,321ms
[132,563s][info][gc] GC(2579) Pause Young (Prepare Mixed) (G1 Evacuation Pause) 904M->821M(1024M) 4,425ms
[132,596s][info][gc] GC(2580) Pause Young (Mixed) (G1 Evacuation Pause) 864M->776M(1024M) 14,522ms
[132,630s][info][gc] GC(2581) Pause Young (Mixed) (G1 Evacuation Pause) 823M->740M(1024M) 14,249ms
[132,660s][info][gc] GC(2582) Pause Young (Mixed) (G1 Evacuation Pause) 784M->721M(1024M) 11,439ms
[132,735s][info][gc] GC(2583) Pause Young (Normal) (G1 Evacuation Pause) 891M->733M(1024M) 5,271ms
[132,806s][info][gc] GC(2584) Pause Young (Normal) (G1 Evacuation Pause) 892M->746M(1024M) 7,030ms
[132,871s][info][gc] GC(2585) Pause Young (Concurrent Start) (G1 Evacuation Pause) 894M->758M(1024M) 5,843ms
[132,871s][info][gc] GC(2586) Concurrent Mark Cycle
[132,940s][info][gc] GC(2587) Pause Young (Normal) (G1 Evacuation Pause) 896M->768M(1024M) 5,402ms
[133,003s][info][gc] GC(2588) Pause Young (Normal) (G1 Evacuation Pause) 897M->779M(1024M) 5,140ms
[133,063s][info][gc] GC(2589) Pause Young (Normal) (G1 Evacuation Pause) 899M->789M(1024M) 4,905ms
[133,085s][info][gc] GC(2586) Pause Remark 836M->836M(1024M) 0,887ms
[133,117s][info][gc] GC(2590) Pause Young (Normal) (G1 Evacuation Pause) 900M->797M(1024M) 4,953ms
[133,166s][info][gc] GC(2591) Pause Young (Normal) (G1 Evacuation Pause) 901M->806M(1024M) 4,956ms
[133,212s][info][gc] GC(2592) Pause Young (Normal) (G1 Evacuation Pause) 902M->813M(1024M) 4,731ms
[133,239s][info][gc] GC(2586) Pause Cleanup 876M->876M(1024M) 0,344ms
[133,240s][info][gc] GC(2586) Concurrent Mark Cycle 368,967ms
[133,255s][info][gc] GC(2593) Pause Young (Prepare Mixed) (G1 Evacuation Pause) 903M->821M(1024M) 4,447ms
[133,288s][info][gc] GC(2594) Pause Young (Mixed) (G1 Evacuation Pause) 864M->775M(1024M) 14,483ms
[133,322s][info][gc] GC(2595) Pause Young (Mixed) (G1 Evacuation Pause) 822M->738M(1024M) 14,189ms
[133,352s][info][gc] GC(2596) Pause Young (Mixed) (G1 Evacuation Pause) 782M->721M(1024M) 10,836ms
[133,427s][info][gc] GC(2597) Pause Young (Normal) (G1 Evacuation Pause) 891M->733M(1024M) 5,220ms
[133,498s][info][gc] GC(2598) Pause Young (Normal) (G1 Evacuation Pause) 892M->747M(1024M) 7,094ms
[133,564s][info][gc] GC(2599) Pause Young (Concurrent Start) (G1 Evacuation Pause) 895M->758M(1024M) 5,858ms
[133,564s][info][gc] GC(2600) Concurrent Mark Cycle
[133,632s][info][gc] GC(2601) Pause Young (Normal) (G1 Evacuation Pause) 895M->769M(1024M) 5,523ms
[133,695s][info][gc] GC(2602) Pause Young (Normal) (G1 Evacuation Pause) 898M->780M(1024M) 5,266ms
[133,754s][info][gc] GC(2603) Pause Young (Normal) (G1 Evacuation Pause) 899M->789M(1024M) 4,932ms
[133,777s][info][gc] GC(2600) Pause Remark 838M->838M(1024M) 0,800ms
[133,809s][info][gc] GC(2604) Pause Young (Normal) (G1 Evacuation Pause) 900M->799M(1024M) 4,972ms
[133,857s][info][gc] GC(2605) Pause Young (Normal) (G1 Evacuation Pause) 902M->807M(1024M) 4,831ms
[133,903s][info][gc] GC(2606) Pause Young (Normal) (G1 Evacuation Pause) 903M->814M(1024M) 4,713ms
[133,931s][info][gc] GC(2600) Pause Cleanup 880M->880M(1024M) 0,333ms
[133,932s][info][gc] GC(2600) Concurrent Mark Cycle 368,756ms
[133,946s][info][gc] GC(2607) Pause Young (Prepare Mixed) (G1 Evacuation Pause) 903M->822M(1024M) 4,439ms
[133,979s][info][gc] GC(2608) Pause Young (Mixed) (G1 Evacuation Pause) 865M->776M(1024M) 14,736ms
[134,013s][info][gc] GC(2609) Pause Young (Mixed) (G1 Evacuation Pause) 823M->739M(1024M) 14,335ms
[134,042s][info][gc] GC(2610) Pause Young (Mixed) (G1 Evacuation Pause) 783M->719M(1024M) 11,163ms
[134,118s][info][gc] GC(2611) Pause Young (Normal) (G1 Evacuation Pause) 891M->732M(1024M) 5,191ms
[134,190s][info][gc] GC(2612) Pause Young (Normal) (G1 Evacuation Pause) 893M->746M(1024M) 7,230ms
[134,255s][info][gc] GC(2613) Pause Young (Concurrent Start) (G1 Evacuation Pause) 894M->758M(1024M) 5,826ms
[134,255s][info][gc] GC(2614) Concurrent Mark Cycle
[134,324s][info][gc] GC(2615) Pause Young (Normal) (G1 Evacuation Pause) 896M->768M(1024M) 5,413ms
[134,388s][info][gc] GC(2616) Pause Young (Normal) (G1 Evacuation Pause) 897M->779M(1024M) 5,225ms
[134,447s][info][gc] GC(2617) Pause Young (Normal) (G1 Evacuation Pause) 899M->788M(1024M) 4,938ms
[134,469s][info][gc] GC(2614) Pause Remark 836M->836M(1024M) 0,676ms
[134,501s][info][gc] GC(2618) Pause Young (Normal) (G1 Evacuation Pause) 899M->797M(1024M) 4,996ms
[134,551s][info][gc] GC(2619) Pause Young (Normal) (G1 Evacuation Pause) 901M->806M(1024M) 4,763ms
[134,598s][info][gc] GC(2620) Pause Young (Normal) (G1 Evacuation Pause) 903M->813M(1024M) 4,574ms
[134,625s][info][gc] GC(2614) Pause Cleanup 876M->876M(1024M) 0,307ms
[134,626s][info][gc] GC(2614) Concurrent Mark Cycle 370,655ms
[134,641s][info][gc] GC(2621) Pause Young (Prepare Mixed) (G1 Evacuation Pause) 904M->821M(1024M) 4,414ms
[134,674s][info][gc] GC(2622) Pause Young (Mixed) (G1 Evacuation Pause) 864M->775M(1024M) 14,253ms
[134,708s][info][gc] GC(2623) Pause Young (Mixed) (G1 Evacuation Pause) 822M->739M(1024M) 14,174ms
[134,736s][info][gc] GC(2624) Pause Young (Mixed) (G1 Evacuation Pause) 783M->723M(1024M) 10,394ms
[134,811s][info][gc] GC(2625) Pause Young (Normal) (G1 Evacuation Pause) 891M->735M(1024M) 5,252ms
[134,880s][info][gc] GC(2626) Pause Young (Normal) (G1 Evacuation Pause) 892M->748M(1024M) 6,992ms
[134,945s][info][gc] GC(2627) Pause Young (Concurrent Start) (G1 Evacuation Pause) 895M->759M(1024M) 5,621ms
[134,945s][info][gc] GC(2628) Concurrent Mark Cycle
[135,012s][info][gc] GC(2629) Pause Young (Normal) (G1 Evacuation Pause) 896M->770M(1024M) 5,396ms
[135,076s][info][gc] GC(2630) Pause Young (Normal) (G1 Evacuation Pause) 898M->781M(1024M) 5,101ms
[135,134s][info][gc] GC(2631) Pause Young (Normal) (G1 Evacuation Pause) 899M->790M(1024M) 4,812ms
[135,158s][info][gc] GC(2628) Pause Remark 841M->841M(1024M) 0,894ms
[135,189s][info][gc] GC(2632) Pause Young (Normal) (G1 Evacuation Pause) 901M->799M(1024M) 5,060ms
[135,237s][info][gc] GC(2633) Pause Young (Normal) (G1 Evacuation Pause) 901M->807M(1024M) 4,863ms
[135,283s][info][gc] GC(2634) Pause Young (Normal) (G1 Evacuation Pause) 903M->815M(1024M) 4,775ms
[135,311s][info][gc] GC(2628) Pause Cleanup 881M->881M(1024M) 0,346ms
[135,313s][info][gc] GC(2628) Concurrent Mark Cycle 367,865ms
[135,325s][info][gc] GC(2635) Pause Young (Prepare Mixed) (G1 Evacuation Pause) 904M->822M(1024M) 4,373ms
[135,357s][info][gc] GC(2636) Pause Young (Mixed) (G1 Evacuation Pause) 865M->776M(1024M) 14,426ms
[135,390s][info][gc] GC(2637) Pause Young (Mixed) (G1 Evacuation Pause) 823M->740M(1024M) 14,145ms
[135,419s][info][gc] GC(2638) Pause Young (Mixed) (G1 Evacuation Pause) 784M->721M(1024M) 11,481ms
[135,495s][info][gc] GC(2639) Pause Young (Normal) (G1 Evacuation Pause) 891M->734M(1024M) 5,326ms
[135,566s][info][gc] GC(2640) Pause Young (Normal) (G1 Evacuation Pause) 893M->747M(1024M) 7,106ms
[135,631s][info][gc] GC(2641) Pause Young (Concurrent Start) (G1 Evacuation Pause) 895M->759M(1024M) 5,783ms
[135,632s][info][gc] GC(2642) Concurrent Mark Cycle
[135,699s][info][gc] GC(2643) Pause Young (Normal) (G1 Evacuation Pause) 896M->770M(1024M) 5,385ms
[135,762s][info][gc] GC(2644) Pause Young (Normal) (G1 Evacuation Pause) 898M->780M(1024M) 5,043ms
[135,821s][info][gc] GC(2645) Pause Young (Normal) (G1 Evacuation Pause) 899M->790M(1024M) 4,913ms
[135,844s][info][gc] GC(2642) Pause Remark 841M->841M(1024M) 0,832ms
[135,876s][info][gc] GC(2646) Pause Young (Normal) (G1 Evacuation Pause) 901M->799M(1024M) 5,198ms
[135,924s][info][gc] GC(2647) Pause Young (Normal) (G1 Evacuation Pause) 902M->807M(1024M) 4,876ms
[135,970s][info][gc] GC(2648) Pause Young (Normal) (G1 Evacuation Pause) 902M->815M(1024M) 4,689ms
[135,999s][info][gc] GC(2642) Pause Cleanup 882M->882M(1024M) 0,343ms
[136,000s][info][gc] GC(2642) Concurrent Mark Cycle 368,346ms
[136,012s][info][gc] GC(2649) Pause Young (Prepare Mixed) (G1 Evacuation Pause) 904M->822M(1024M) 4,326ms
[136,045s][info][gc] GC(2650) Pause Young (Mixed) (G1 Evacuation Pause) 865M->776M(1024M) 14,066ms
[136,079s][info][gc] GC(2651) Pause Young (Mixed) (G1 Evacuation Pause) 823M->740M(1024M) 14,441ms
[136,109s][info][gc] GC(2652) Pause Young (Mixed) (G1 Evacuation Pause) 784M->722M(1024M) 11,535ms
[136,184s][info][gc] GC(2653) Pause Young (Normal) (G1 Evacuation Pause) 891M->734M(1024M) 5,219ms
[136,254s][info][gc] GC(2654) Pause Young (Normal) (G1 Evacuation Pause) 892M->748M(1024M) 7,065ms
[136,318s][info][gc] GC(2655) Pause Young (Concurrent Start) (G1 Evacuation Pause) 895M->759M(1024M) 5,688ms
[136,318s][info][gc] GC(2656) Concurrent Mark Cycle
[136,385s][info][gc] GC(2657) Pause Young (Normal) (G1 Evacuation Pause) 896M->770M(1024M) 5,434ms
[136,448s][info][gc] GC(2658) Pause Young (Normal) (G1 Evacuation Pause) 898M->781M(1024M) 5,159ms
[136,506s][info][gc] GC(2659) Pause Young (Normal) (G1 Evacuation Pause) 899M->790M(1024M) 4,821ms
[136,530s][info][gc] GC(2656) Pause Remark 841M->841M(1024M) 0,827ms
[136,561s][info][gc] GC(2660) Pause Young (Normal) (G1 Evacuation Pause) 900M->799M(1024M) 5,109ms
[136,610s][info][gc] GC(2661) Pause Young (Normal) (G1 Evacuation Pause) 902M->808M(1024M) 4,914ms
[136,655s][info][gc] GC(2662) Pause Young (Normal) (G1 Evacuation Pause) 903M->815M(1024M) 4,676ms
[136,683s][info][gc] GC(2656) Pause Cleanup 882M->882M(1024M) 0,374ms
[136,685s][info][gc] GC(2656) Concurrent Mark Cycle 366,682ms
[136,698s][info][gc] GC(2663) Pause Young (Prepare Mixed) (G1 Evacuation Pause) 904M->822M(1024M) 4,442ms
[136,730s][info][gc] GC(2664) Pause Young (Mixed) (G1 Evacuation Pause) 865M->776M(1024M) 14,150ms
[136,764s][info][gc] GC(2665) Pause Young (Mixed) (G1 Evacuation Pause) 823M->740M(1024M) 14,108ms
[136,793s][info][gc] GC(2666) Pause Young (Mixed) (G1 Evacuation Pause) 784M->721M(1024M) 10,798ms
[136,868s][info][gc] GC(2667) Pause Young (Normal) (G1 Evacuation Pause) 891M->734M(1024M) 5,212ms
[136,939s][info][gc] GC(2668) Pause Young (Normal) (G1 Evacuation Pause) 893M->747M(1024M) 7,143ms
[137,004s][info][gc] GC(2669) Pause Young (Concurrent Start) (G1 Evacuation Pause) 894M->758M(1024M) 5,658ms
[137,004s][info][gc] GC(2670) Concurrent Mark Cycle
[137,071s][info][gc] GC(2671) Pause Young (Normal) (G1 Evacuation Pause) 895M->770M(1024M) 5,430ms
[137,134s][info][gc] GC(2672) Pause Young (Normal) (G1 Evacuation Pause) 898M->780M(1024M) 5,109ms
[137,193s][info][gc] GC(2673) Pause Young (Normal) (G1 Evacuation Pause) 899M->789M(1024M) 4,952ms
[137,217s][info][gc] GC(2670) Pause Remark 839M->839M(1024M) 0,765ms
[137,248s][info][gc] GC(2674) Pause Young (Normal) (G1 Evacuation Pause) 900M->798M(1024M) 5,010ms
[137,297s][info][gc] GC(2675) Pause Young (Normal) (G1 Evacuation Pause) 902M->807M(1024M) 4,751ms
[137,342s][info][gc] GC(2676) Pause Young (Normal) (G1 Evacuation Pause) 903M->815M(1024M) 4,741ms
[137,371s][info][gc] GC(2670) Pause Cleanup 882M->882M(1024M) 0,373ms
[137,372s][info][gc] GC(2670) Concurrent Mark Cycle 368,509ms
[137,385s][info][gc] GC(2677) Pause Young (Prepare Mixed) (G1 Evacuation Pause) 904M->822M(1024M) 4,331ms
[137,417s][info][gc] GC(2678) Pause Young (Mixed) (G1 Evacuation Pause) 865M->777M(1024M) 14,386ms
[137,451s][info][gc] GC(2679) Pause Young (Mixed) (G1 Evacuation Pause) 824M->740M(1024M) 14,788ms
[137,483s][info][gc] GC(2680) Pause Young (Mixed) (G1 Evacuation Pause) 784M->722M(1024M) 12,869ms
[137,557s][info][gc] GC(2681) Pause Young (Normal) (G1 Evacuation Pause) 891M->734M(1024M) 5,206ms
[137,629s][info][gc] GC(2682) Pause Young (Normal) (G1 Evacuation Pause) 892M->747M(1024M) 7,075ms
[137,693s][info][gc] GC(2683) Pause Young (Concurrent Start) (G1 Evacuation Pause) 895M->759M(1024M) 5,746ms
[137,693s][info][gc] GC(2684) Concurrent Mark Cycle
[137,760s][info][gc] GC(2685) Pause Young (Normal) (G1 Evacuation Pause) 896M->770M(1024M) 5,335ms
[137,823s][info][gc] GC(2686) Pause Young (Normal) (G1 Evacuation Pause) 897M->780M(1024M) 5,058ms
[137,882s][info][gc] GC(2687) Pause Young (Normal) (G1 Evacuation Pause) 899M->789M(1024M) 4,904ms
[137,905s][info][gc] GC(2684) Pause Remark 839M->839M(1024M) 0,851ms
[137,936s][info][gc] GC(2688) Pause Young (Normal) (G1 Evacuation Pause) 900M->799M(1024M) 5,018ms
[137,985s][info][gc] GC(2689) Pause Young (Normal) (G1 Evacuation Pause) 902M->807M(1024M) 4,928ms
[138,031s][info][gc] GC(2690) Pause Young (Normal) (G1 Evacuation Pause) 903M->815M(1024M) 4,936ms
[138,059s][info][gc] GC(2684) Pause Cleanup 880M->880M(1024M) 0,381ms
[138,060s][info][gc] GC(2684) Concurrent Mark Cycle 367,649ms
[138,073s][info][gc] GC(2691) Pause Young (Prepare Mixed) (G1 Evacuation Pause) 904M->822M(1024M) 4,379ms
[138,105s][info][gc] GC(2692) Pause Young (Mixed) (G1 Evacuation Pause) 865M->776M(1024M) 13,989ms
[138,139s][info][gc] GC(2693) Pause Young (Mixed) (G1 Evacuation Pause) 822M->738M(1024M) 14,413ms
[138,168s][info][gc] GC(2694) Pause Young (Mixed) (G1 Evacuation Pause) 782M->721M(1024M) 10,850ms
[138,245s][info][gc] GC(2695) Pause Young (Normal) (G1 Evacuation Pause) 891M->733M(1024M) 5,263ms
[138,317s][info][gc] GC(2696) Pause Young (Normal) (G1 Evacuation Pause) 892M->747M(1024M) 7,060ms
[138,381s][info][gc] GC(2697) Pause Young (Concurrent Start) (G1 Evacuation Pause) 895M->759M(1024M) 5,735ms
[138,381s][info][gc] GC(2698) Concurrent Mark Cycle
[138,449s][info][gc] GC(2699) Pause Young (Normal) (G1 Evacuation Pause) 896M->770M(1024M) 5,347ms
[138,512s][info][gc] GC(2700) Pause Young (Normal) (G1 Evacuation Pause) 898M->780M(1024M) 5,199ms
[138,571s][info][gc] GC(2701) Pause Young (Normal) (G1 Evacuation Pause) 899M->789M(1024M) 4,764ms
[138,594s][info][gc] GC(2698) Pause Remark 838M->838M(1024M) 0,841ms
[138,626s][info][gc] GC(2702) Pause Young (Normal) (G1 Evacuation Pause) 900M->798M(1024M) 5,103ms
[138,675s][info][gc] GC(2703) Pause Young (Normal) (G1 Evacuation Pause) 902M->806M(1024M) 4,869ms
[138,721s][info][gc] GC(2704) Pause Young (Normal) (G1 Evacuation Pause) 902M->814M(1024M) 4,847ms
[138,750s][info][gc] GC(2698) Pause Cleanup 880M->880M(1024M) 0,367ms
[138,751s][info][gc] GC(2698) Concurrent Mark Cycle 369,383ms
[138,764s][info][gc] GC(2705) Pause Young (Prepare Mixed) (G1 Evacuation Pause) 904M->821M(1024M) 4,415ms
[138,797s][info][gc] GC(2706) Pause Young (Mixed) (G1 Evacuation Pause) 864M->775M(1024M) 14,132ms
[138,831s][info][gc] GC(2707) Pause Young (Mixed) (G1 Evacuation Pause) 822M->739M(1024M) 14,279ms
[138,861s][info][gc] GC(2708) Pause Young (Mixed) (G1 Evacuation Pause) 783M->720M(1024M) 11,253ms
[138,937s][info][gc] GC(2709) Pause Young (Normal) (G1 Evacuation Pause) 891M->733M(1024M) 5,201ms
[139,008s][info][gc] GC(2710) Pause Young (Normal) (G1 Evacuation Pause) 893M->746M(1024M) 7,079ms
[139,073s][info][gc] GC(2711) Pause Young (Concurrent Start) (G1 Evacuation Pause) 894M->758M(1024M) 5,773ms
[139,073s][info][gc] GC(2712) Concurrent Mark Cycle
[139,141s][info][gc] GC(2713) Pause Young (Normal) (G1 Evacuation Pause) 896M->769M(1024M) 5,332ms
[139,205s][info][gc] GC(2714) Pause Young (Normal) (G1 Evacuation Pause) 897M->779M(1024M) 5,206ms
[139,264s][info][gc] GC(2715) Pause Young (Normal) (G1 Evacuation Pause) 898M->788M(1024M) 4,968ms
[139,286s][info][gc] GC(2712) Pause Remark 837M->837M(1024M) 0,752ms
[139,318s][info][gc] GC(2716) Pause Young (Normal) (G1 Evacuation Pause) 899M->798M(1024M) 5,083ms
[139,367s][info][gc] GC(2717) Pause Young (Normal) (G1 Evacuation Pause) 901M->806M(1024M) 4,847ms
[139,413s][info][gc] GC(2718) Pause Young (Normal) (G1 Evacuation Pause) 902M->814M(1024M) 4,760ms
[139,440s][info][gc] GC(2712) Pause Cleanup 877M->877M(1024M) 0,343ms
[139,442s][info][gc] GC(2712) Concurrent Mark Cycle 368,255ms
[139,456s][info][gc] GC(2719) Pause Young (Prepare Mixed) (G1 Evacuation Pause) 904M->821M(1024M) 4,418ms
[139,489s][info][gc] GC(2720) Pause Young (Mixed) (G1 Evacuation Pause) 864M->777M(1024M) 14,472ms
[139,523s][info][gc] GC(2721) Pause Young (Mixed) (G1 Evacuation Pause) 824M->740M(1024M) 14,450ms
[139,553s][info][gc] GC(2722) Pause Young (Mixed) (G1 Evacuation Pause) 784M->722M(1024M) 10,814ms
[139,628s][info][gc] GC(2723) Pause Young (Normal) (G1 Evacuation Pause) 891M->735M(1024M) 5,328ms
[139,699s][info][gc] GC(2724) Pause Young (Normal) (G1 Evacuation Pause) 893M->748M(1024M) 7,054ms
[139,765s][info][gc] GC(2725) Pause Young (Concurrent Start) (G1 Evacuation Pause) 894M->759M(1024M) 5,793ms
[139,765s][info][gc] GC(2726) Concurrent Mark Cycle
[139,833s][info][gc] GC(2727) Pause Young (Normal) (G1 Evacuation Pause) 895M->771M(1024M) 5,356ms
[139,896s][info][gc] GC(2728) Pause Young (Normal) (G1 Evacuation Pause) 898M->781M(1024M) 5,125ms
[139,954s][info][gc] GC(2729) Pause Young (Normal) (G1 Evacuation Pause) 899M->790M(1024M) 4,896ms
[139,978s][info][gc] GC(2726) Pause Remark 841M->841M(1024M) 0,856ms
[140,009s][info][gc] GC(2730) Pause Young (Normal) (G1 Evacuation Pause) 901M->799M(1024M) 4,971ms
[140,058s][info][gc] GC(2731) Pause Young (Normal) (G1 Evacuation Pause) 902M->807M(1024M) 4,860ms
[140,103s][info][gc] GC(2732) Pause Young (Normal) (G1 Evacuation Pause) 903M->814M(1024M) 4,746ms
[140,132s][info][gc] GC(2726) Pause Cleanup 882M->882M(1024M) 0,360ms
[140,133s][info][gc] GC(2726) Concurrent Mark Cycle 368,388ms
[140,146s][info][gc] GC(2733) Pause Young (Prepare Mixed) (G1 Evacuation Pause) 904M->822M(1024M) 4,338ms
[140,178s][info][gc] GC(2734) Pause Young (Mixed) (G1 Evacuation Pause) 865M->776M(1024M) 14,061ms
[140,213s][info][gc] GC(2735) Pause Young (Mixed) (G1 Evacuation Pause) 823M->740M(1024M) 14,311ms
[140,242s][info][gc] GC(2736) Pause Young (Mixed) (G1 Evacuation Pause) 784M->721M(1024M) 11,163ms
[140,318s][info][gc] GC(2737) Pause Young (Normal) (G1 Evacuation Pause) 891M->734M(1024M) 5,114ms
[140,392s][info][gc] GC(2738) Pause Young (Normal) (G1 Evacuation Pause) 893M->747M(1024M) 7,029ms
[140,457s][info][gc] GC(2739) Pause Young (Concurrent Start) (G1 Evacuation Pause) 894M->759M(1024M) 5,752ms
[140,457s][info][gc] GC(2740) Concurrent Mark Cycle
[140,524s][info][gc] GC(2741) Pause Young (Normal) (G1 Evacuation Pause) 895M->770M(1024M) 5,301ms
[140,588s][info][gc] GC(2742) Pause Young (Normal) (G1 Evacuation Pause) 898M->780M(1024M) 5,062ms
[140,646s][info][gc] GC(2743) Pause Young (Normal) (G1 Evacuation Pause) 898M->789M(1024M) 4,782ms
[140,671s][info][gc] GC(2740) Pause Remark 843M->843M(1024M) 0,882ms
[140,701s][info][gc] GC(2744) Pause Young (Normal) (G1 Evacuation Pause) 900M->798M(1024M) 5,154ms
[140,750s][info][gc] GC(2745) Pause Young (Normal) (G1 Evacuation Pause) 902M->807M(1024M) 4,884ms
[140,795s][info][gc] GC(2746) Pause Young (Normal) (G1 Evacuation Pause) 903M->815M(1024M) 4,716ms
[140,827s][info][gc] GC(2740) Pause Cleanup 888M->888M(1024M) 0,363ms
[140,828s][info][gc] GC(2740) Concurrent Mark Cycle 371,278ms
[140,838s][info][gc] GC(2747) Pause Young (Prepare Mixed) (G1 Evacuation Pause) 904M->822M(1024M) 4,399ms
[140,870s][info][gc] GC(2748) Pause Young (Mixed) (G1 Evacuation Pause) 865M->776M(1024M) 13,952ms
[140,905s][info][gc] GC(2749) Pause Young (Mixed) (G1 Evacuation Pause) 823M->739M(1024M) 14,387ms
[140,934s][info][gc] GC(2750) Pause Young (Mixed) (G1 Evacuation Pause) 783M->721M(1024M) 10,609ms
[141,011s][info][gc] GC(2751) Pause Young (Normal) (G1 Evacuation Pause) 891M->734M(1024M) 5,258ms
[141,081s][info][gc] GC(2752) Pause Young (Normal) (G1 Evacuation Pause) 893M->747M(1024M) 7,174ms
[141,145s][info][gc] GC(2753) Pause Young (Concurrent Start) (G1 Evacuation Pause) 894M->758M(1024M) 5,796ms
[141,145s][info][gc] GC(2754) Concurrent Mark Cycle
[141,213s][info][gc] GC(2755) Pause Young (Normal) (G1 Evacuation Pause) 895M->769M(1024M) 5,519ms
[141,276s][info][gc] GC(2756) Pause Young (Normal) (G1 Evacuation Pause) 898M->780M(1024M) 5,150ms
[141,335s][info][gc] GC(2757) Pause Young (Normal) (G1 Evacuation Pause) 899M->789M(1024M) 4,844ms
[141,359s][info][gc] GC(2754) Pause Remark 839M->839M(1024M) 0,871ms
[141,390s][info][gc] GC(2758) Pause Young (Normal) (G1 Evacuation Pause) 900M->798M(1024M) 5,046ms
[141,439s][info][gc] GC(2759) Pause Young (Normal) (G1 Evacuation Pause) 902M->807M(1024M) 4,892ms
[141,485s][info][gc] GC(2760) Pause Young (Normal) (G1 Evacuation Pause) 903M->814M(1024M) 4,787ms
[141,513s][info][gc] GC(2754) Pause Cleanup 879M->879M(1024M) 0,354ms
[141,514s][info][gc] GC(2754) Concurrent Mark Cycle 368,772ms
[141,528s][info][gc] GC(2761) Pause Young (Prepare Mixed) (G1 Evacuation Pause) 904M->822M(1024M) 4,389ms
[141,561s][info][gc] GC(2762) Pause Young (Mixed) (G1 Evacuation Pause) 865M->776M(1024M) 14,173ms
[141,595s][info][gc] GC(2763) Pause Young (Mixed) (G1 Evacuation Pause) 823M->740M(1024M) 14,262ms
[141,625s][info][gc] GC(2764) Pause Young (Mixed) (G1 Evacuation Pause) 784M->720M(1024M) 12,169ms
[141,701s][info][gc] GC(2765) Pause Young (Normal) (G1 Evacuation Pause) 891M->733M(1024M) 5,407ms
[141,772s][info][gc] GC(2766) Pause Young (Normal) (G1 Evacuation Pause) 893M->746M(1024M) 7,067ms
[141,837s][info][gc] GC(2767) Pause Young (Concurrent Start) (G1 Evacuation Pause) 894M->757M(1024M) 5,752ms
[141,837s][info][gc] GC(2768) Concurrent Mark Cycle
[141,905s][info][gc] GC(2769) Pause Young (Normal) (G1 Evacuation Pause) 895M->768M(1024M) 5,494ms
[141,969s][info][gc] GC(2770) Pause Young (Normal) (G1 Evacuation Pause) 897M->779M(1024M) 5,145ms
[142,028s][info][gc] GC(2771) Pause Young (Normal) (G1 Evacuation Pause) 899M->789M(1024M) 4,843ms
[142,051s][info][gc] GC(2768) Pause Remark 837M->837M(1024M) 0,833ms
[142,083s][info][gc] GC(2772) Pause Young (Normal) (G1 Evacuation Pause) 900M->797M(1024M) 5,124ms
[142,133s][info][gc] GC(2773) Pause Young (Normal) (G1 Evacuation Pause) 901M->806M(1024M) 4,937ms
[142,178s][info][gc] GC(2774) Pause Young (Normal) (G1 Evacuation Pause) 903M->814M(1024M) 4,708ms
[142,205s][info][gc] GC(2768) Pause Cleanup 875M->875M(1024M) 0,404ms
[142,206s][info][gc] GC(2768) Concurrent Mark Cycle 368,476ms
[142,221s][info][gc] GC(2775) Pause Young (Prepare Mixed) (G1 Evacuation Pause) 904M->821M(1024M) 4,418ms
[142,253s][info][gc] GC(2776) Pause Young (Mixed) (G1 Evacuation Pause) 864M->775M(1024M) 14,187ms
[142,287s][info][gc] GC(2777) Pause Young (Mixed) (G1 Evacuation Pause) 822M->738M(1024M) 14,253ms
[142,315s][info][gc] GC(2778) Pause Young (Mixed) (G1 Evacuation Pause) 782M->721M(1024M) 10,418ms
[142,390s][info][gc] GC(2779) Pause Young (Normal) (G1 Evacuation Pause) 891M->734M(1024M) 5,159ms
[142,462s][info][gc] GC(2780) Pause Young (Normal) (G1 Evacuation Pause) 893M->747M(1024M) 7,214ms
[142,527s][info][gc] GC(2781) Pause Young (Concurrent Start) (G1 Evacuation Pause) 895M->758M(1024M) 5,731ms
[142,527s][info][gc] GC(2782) Concurrent Mark Cycle
[142,595s][info][gc] GC(2783) Pause Young (Normal) (G1 Evacuation Pause) 896M->769M(1024M) 5,328ms
[142,658s][info][gc] GC(2784) Pause Young (Normal) (G1 Evacuation Pause) 897M->779M(1024M) 5,114ms
[142,716s][info][gc] GC(2785) Pause Young (Normal) (G1 Evacuation Pause) 898M->789M(1024M) 4,862ms
[142,740s][info][gc] GC(2782) Pause Remark 839M->839M(1024M) 0,882ms
[142,771s][info][gc] GC(2786) Pause Young (Normal) (G1 Evacuation Pause) 900M->798M(1024M) 5,081ms
[142,820s][info][gc] GC(2787) Pause Young (Normal) (G1 Evacuation Pause) 901M->806M(1024M) 4,791ms
[142,866s][info][gc] GC(2788) Pause Young (Normal) (G1 Evacuation Pause) 902M->814M(1024M) 4,671ms
[142,895s][info][gc] GC(2782) Pause Cleanup 881M->881M(1024M) 0,350ms
[142,896s][info][gc] GC(2782) Concurrent Mark Cycle 369,723ms
[142,909s][info][gc] GC(2789) Pause Young (Prepare Mixed) (G1 Evacuation Pause) 904M->821M(1024M) 4,424ms
[142,942s][info][gc] GC(2790) Pause Young (Mixed) (G1 Evacuation Pause) 864M->775M(1024M) 14,240ms
[142,977s][info][gc] GC(2791) Pause Young (Mixed) (G1 Evacuation Pause) 822M->740M(1024M) 14,203ms
[143,007s][info][gc] GC(2792) Pause Young (Mixed) (G1 Evacuation Pause) 784M->719M(1024M) 11,164ms
[143,083s][info][gc] GC(2793) Pause Young (Normal) (G1 Evacuation Pause) 891M->732M(1024M) 5,239ms
[143,154s][info][gc] GC(2794) Pause Young (Normal) (G1 Evacuation Pause) 893M->746M(1024M) 7,119ms
[143,219s][info][gc] GC(2795) Pause Young (Concurrent Start) (G1 Evacuation Pause) 894M->757M(1024M) 5,787ms
[143,219s][info][gc] GC(2796) Concurrent Mark Cycle
[143,287s][info][gc] GC(2797) Pause Young (Normal) (G1 Evacuation Pause) 896M->768M(1024M) 5,485ms
[143,351s][info][gc] GC(2798) Pause Young (Normal) (G1 Evacuation Pause) 897M->779M(1024M) 5,070ms
[143,409s][info][gc] GC(2799) Pause Young (Normal) (G1 Evacuation Pause) 899M->788M(1024M) 4,902ms
[143,432s][info][gc] GC(2796) Pause Remark 836M->836M(1024M) 0,834ms
[143,464s][info][gc] GC(2800) Pause Young (Normal) (G1 Evacuation Pause) 899M->797M(1024M) 5,110ms
[143,513s][info][gc] GC(2801) Pause Young (Normal) (G1 Evacuation Pause) 901M->805M(1024M) 4,878ms
[143,559s][info][gc] GC(2802) Pause Young (Normal) (G1 Evacuation Pause) 902M->813M(1024M) 4,775ms
[143,587s][info][gc] GC(2796) Pause Cleanup 877M->877M(1024M) 0,384ms
[143,588s][info][gc] GC(2796) Concurrent Mark Cycle 369,103ms
[143,603s][info][gc] GC(2803) Pause Young (Prepare Mixed) (G1 Evacuation Pause) 904M->821M(1024M) 4,494ms
[143,635s][info][gc] GC(2804) Pause Young (Mixed) (G1 Evacuation Pause) 864M->776M(1024M) 14,266ms
[143,669s][info][gc] GC(2805) Pause Young (Mixed) (G1 Evacuation Pause) 823M->740M(1024M) 14,241ms
[143,699s][info][gc] GC(2806) Pause Young (Mixed) (G1 Evacuation Pause) 784M->721M(1024M) 11,633ms
[143,774s][info][gc] GC(2807) Pause Young (Normal) (G1 Evacuation Pause) 891M->734M(1024M) 5,233ms
[143,848s][info][gc] GC(2808) Pause Young (Normal) (G1 Evacuation Pause) 893M->747M(1024M) 7,230ms
[143,913s][info][gc] GC(2809) Pause Young (Concurrent Start) (G1 Evacuation Pause) 894M->759M(1024M) 5,668ms
[143,914s][info][gc] GC(2810) Concurrent Mark Cycle
[143,981s][info][gc] GC(2811) Pause Young (Normal) (G1 Evacuation Pause) 895M->770M(1024M) 5,474ms
[144,043s][info][gc] GC(2812) Pause Young (Normal) (G1 Evacuation Pause) 898M->780M(1024M) 5,115ms
[144,102s][info][gc] GC(2813) Pause Young (Normal) (G1 Evacuation Pause) 898M->790M(1024M) 4,921ms
[144,126s][info][gc] GC(2810) Pause Remark 842M->842M(1024M) 0,768ms
[144,156s][info][gc] GC(2814) Pause Young (Normal) (G1 Evacuation Pause) 901M->799M(1024M) 5,030ms
[144,205s][info][gc] GC(2815) Pause Young (Normal) (G1 Evacuation Pause) 902M->807M(1024M) 4,818ms
[144,250s][info][gc] GC(2816) Pause Young (Normal) (G1 Evacuation Pause) 902M->815M(1024M) 4,635ms
[144,279s][info][gc] GC(2810) Pause Cleanup 882M->882M(1024M) 0,325ms
[144,281s][info][gc] GC(2810) Concurrent Mark Cycle 366,962ms
[144,293s][info][gc] GC(2817) Pause Young (Prepare Mixed) (G1 Evacuation Pause) 904M->822M(1024M) 4,424ms
[144,326s][info][gc] GC(2818) Pause Young (Mixed) (G1 Evacuation Pause) 865M->775M(1024M) 14,124ms
[144,359s][info][gc] GC(2819) Pause Young (Mixed) (G1 Evacuation Pause) 822M->739M(1024M) 14,104ms
[144,388s][info][gc] GC(2820) Pause Young (Mixed) (G1 Evacuation Pause) 783M->722M(1024M) 10,462ms
[144,464s][info][gc] GC(2821) Pause Young (Normal) (G1 Evacuation Pause) 891M->735M(1024M) 5,225ms
[144,535s][info][gc] GC(2822) Pause Young (Normal) (G1 Evacuation Pause) 893M->748M(1024M) 7,067ms
[144,598s][info][gc] GC(2823) Pause Young (Concurrent Start) (G1 Evacuation Pause) 894M->759M(1024M) 5,692ms
[144,598s][info][gc] GC(2824) Concurrent Mark Cycle
[144,666s][info][gc] GC(2825) Pause Young (Normal) (G1 Evacuation Pause) 896M->770M(1024M) 5,297ms
[144,728s][info][gc] GC(2826) Pause Young (Normal) (G1 Evacuation Pause) 897M->781M(1024M) 5,161ms
[144,786s][info][gc] GC(2827) Pause Young (Normal) (G1 Evacuation Pause) 899M->790M(1024M) 4,772ms
[144,811s][info][gc] GC(2824) Pause Remark 844M->844M(1024M) 0,786ms
[144,841s][info][gc] GC(2828) Pause Young (Normal) (G1 Evacuation Pause) 901M->799M(1024M) 5,055ms
[144,890s][info][gc] GC(2829) Pause Young (Normal) (G1 Evacuation Pause) 902M->807M(1024M) 5,001ms
[144,936s][info][gc] GC(2830) Pause Young (Normal) (G1 Evacuation Pause) 902M->814M(1024M) 4,642ms
[144,967s][info][gc] GC(2824) Pause Cleanup 885M->885M(1024M) 0,309ms
[144,968s][info][gc] GC(2824) Concurrent Mark Cycle 369,724ms
[144,980s][info][gc] GC(2831) Pause Young (Prepare Mixed) (G1 Evacuation Pause) 903M->821M(1024M) 4,305ms
[145,012s][info][gc] GC(2832) Pause Young (Mixed) (G1 Evacuation Pause) 865M->776M(1024M) 13,948ms
[145,046s][info][gc] GC(2833) Pause Young (Mixed) (G1 Evacuation Pause) 823M->739M(1024M) 14,412ms
[145,075s][info][gc] GC(2834) Pause Young (Mixed) (G1 Evacuation Pause) 783M->720M(1024M) 10,732ms
[145,150s][info][gc] GC(2835) Pause Young (Normal) (G1 Evacuation Pause) 891M->733M(1024M) 5,214ms
[145,221s][info][gc] GC(2836) Pause Young (Normal) (G1 Evacuation Pause) 893M->746M(1024M) 6,937ms
[145,285s][info][gc] GC(2837) Pause Young (Concurrent Start) (G1 Evacuation Pause) 894M->758M(1024M) 5,744ms
[145,285s][info][gc] GC(2838) Concurrent Mark Cycle
[145,353s][info][gc] GC(2839) Pause Young (Normal) (G1 Evacuation Pause) 895M->769M(1024M) 5,386ms
[145,416s][info][gc] GC(2840) Pause Young (Normal) (G1 Evacuation Pause) 897M->780M(1024M) 5,045ms
[145,474s][info][gc] GC(2841) Pause Young (Normal) (G1 Evacuation Pause) 899M->789M(1024M) 4,794ms
[145,497s][info][gc] GC(2838) Pause Remark 838M->838M(1024M) 0,776ms
[145,529s][info][gc] GC(2842) Pause Young (Normal) (G1 Evacuation Pause) 900M->798M(1024M) 5,112ms
[145,578s][info][gc] GC(2843) Pause Young (Normal) (G1 Evacuation Pause) 902M->806M(1024M) 5,024ms
[145,624s][info][gc] GC(2844) Pause Young (Normal) (G1 Evacuation Pause) 903M->813M(1024M) 4,737ms
[145,653s][info][gc] GC(2838) Pause Cleanup 879M->879M(1024M) 0,355ms
[145,654s][info][gc] GC(2838) Concurrent Mark Cycle 368,457ms
[145,668s][info][gc] GC(2845) Pause Young (Prepare Mixed) (G1 Evacuation Pause) 904M->821M(1024M) 4,404ms
[145,699s][info][gc] GC(2846) Pause Young (Mixed) (G1 Evacuation Pause) 864M->775M(1024M) 14,271ms
[145,734s][info][gc] GC(2847) Pause Young (Mixed) (G1 Evacuation Pause) 822M->738M(1024M) 14,475ms
[145,763s][info][gc] GC(2848) Pause Young (Mixed) (G1 Evacuation Pause) 782M->719M(1024M) 10,928ms
[145,840s][info][gc] GC(2849) Pause Young (Normal) (G1 Evacuation Pause) 891M->732M(1024M) 5,223ms
[145,912s][info][gc] GC(2850) Pause Young (Normal) (G1 Evacuation Pause) 893M->745M(1024M) 7,143ms
[145,977s][info][gc] GC(2851) Pause Young (Concurrent Start) (G1 Evacuation Pause) 893M->757M(1024M) 5,647ms
[145,977s][info][gc] GC(2852) Concurrent Mark Cycle
[146,045s][info][gc] GC(2853) Pause Young (Normal) (G1 Evacuation Pause) 895M->768M(1024M) 5,383ms
[146,108s][info][gc] GC(2854) Pause Young (Normal) (G1 Evacuation Pause) 897M->778M(1024M) 5,108ms
[146,167s][info][gc] GC(2855) Pause Young (Normal) (G1 Evacuation Pause) 898M->788M(1024M) 4,829ms
[146,190s][info][gc] GC(2852) Pause Remark 836M->836M(1024M) 0,820ms
[146,223s][info][gc] GC(2856) Pause Young (Normal) (G1 Evacuation Pause) 900M->797M(1024M) 4,991ms
[146,272s][info][gc] GC(2857) Pause Young (Normal) (G1 Evacuation Pause) 901M->806M(1024M) 4,934ms
[146,318s][info][gc] GC(2858) Pause Young (Normal) (G1 Evacuation Pause) 903M->813M(1024M) 4,738ms
[146,344s][info][gc] GC(2852) Pause Cleanup 874M->874M(1024M) 0,397ms
[146,345s][info][gc] GC(2852) Concurrent Mark Cycle 368,114ms
[146,361s][info][gc] GC(2859) Pause Young (Prepare Mixed) (G1 Evacuation Pause) 904M->821M(1024M) 4,530ms
[146,394s][info][gc] GC(2860) Pause Young (Mixed) (G1 Evacuation Pause) 864M->776M(1024M) 14,591ms
[146,427s][info][gc] GC(2861) Pause Young (Mixed) (G1 Evacuation Pause) 823M->739M(1024M) 14,324ms
[146,456s][info][gc] GC(2862) Pause Young (Mixed) (G1 Evacuation Pause) 783M->723M(1024M) 10,573ms
[146,530s][info][gc] GC(2863) Pause Young (Normal) (G1 Evacuation Pause) 891M->735M(1024M) 5,121ms
[146,600s][info][gc] GC(2864) Pause Young (Normal) (G1 Evacuation Pause) 892M->748M(1024M) 7,068ms
[146,664s][info][gc] GC(2865) Pause Young (Concurrent Start) (G1 Evacuation Pause) 895M->759M(1024M) 5,643ms
[146,665s][info][gc] GC(2866) Concurrent Mark Cycle
[146,731s][info][gc] GC(2867) Pause Young (Normal) (G1 Evacuation Pause) 895M->771M(1024M) 5,316ms
[146,794s][info][gc] GC(2868) Pause Young (Normal) (G1 Evacuation Pause) 898M->781M(1024M) 5,136ms
[146,852s][info][gc] GC(2869) Pause Young (Normal) (G1 Evacuation Pause) 899M->790M(1024M) 4,716ms
[146,877s][info][gc] GC(2866) Pause Remark 844M->844M(1024M) 0,838ms
[146,906s][info][gc] GC(2870) Pause Young (Normal) (G1 Evacuation Pause) 901M->799M(1024M) 5,000ms
[146,955s][info][gc] GC(2871) Pause Young (Normal) (G1 Evacuation Pause) 902M->807M(1024M) 4,888ms
[147,000s][info][gc] GC(2872) Pause Young (Normal) (G1 Evacuation Pause) 902M->815M(1024M) 4,677ms
[147,032s][info][gc] GC(2866) Pause Cleanup 890M->890M(1024M) 0,350ms
[147,033s][info][gc] GC(2866) Concurrent Mark Cycle 368,674ms
[147,042s][info][gc] GC(2873) Pause Young (Prepare Mixed) (G1 Evacuation Pause) 904M->822M(1024M) 4,441ms
[147,074s][info][gc] GC(2874) Pause Young (Mixed) (G1 Evacuation Pause) 865M->776M(1024M) 14,573ms
[147,108s][info][gc] GC(2875) Pause Young (Mixed) (G1 Evacuation Pause) 823M->740M(1024M) 14,135ms
[147,137s][info][gc] GC(2876) Pause Young (Mixed) (G1 Evacuation Pause) 784M->720M(1024M) 11,015ms
[147,212s][info][gc] GC(2877) Pause Young (Normal) (G1 Evacuation Pause) 891M->732M(1024M) 5,272ms
[147,283s][info][gc] GC(2878) Pause Young (Normal) (G1 Evacuation Pause) 892M->746M(1024M) 7,089ms
[147,347s][info][gc] GC(2879) Pause Young (Concurrent Start) (G1 Evacuation Pause) 894M->757M(1024M) 5,695ms
[147,347s][info][gc] GC(2880) Concurrent Mark Cycle
[147,415s][info][gc] GC(2881) Pause Young (Normal) (G1 Evacuation Pause) 895M->768M(1024M) 5,433ms
[147,479s][info][gc] GC(2882) Pause Young (Normal) (G1 Evacuation Pause) 897M->779M(1024M) 5,043ms
[147,538s][info][gc] GC(2883) Pause Young (Normal) (G1 Evacuation Pause) 899M->788M(1024M) 4,861ms
[147,560s][info][gc] GC(2880) Pause Remark 836M->836M(1024M) 0,790ms
[147,593s][info][gc] GC(2884) Pause Young (Normal) (G1 Evacuation Pause) 899M->797M(1024M) 5,188ms
[147,642s][info][gc] GC(2885) Pause Young (Normal) (G1 Evacuation Pause) 901M->805M(1024M) 4,944ms
[147,688s][info][gc] GC(2886) Pause Young (Normal) (G1 Evacuation Pause) 902M->813M(1024M) 4,739ms
[147,715s][info][gc] GC(2880) Pause Cleanup 875M->875M(1024M) 0,359ms
[147,716s][info][gc] GC(2880) Concurrent Mark Cycle 369,180ms
[147,733s][info][gc] GC(2887) Pause Young (Prepare Mixed) (G1 Evacuation Pause) 904M->821M(1024M) 4,441ms
[147,765s][info][gc] GC(2888) Pause Young (Mixed) (G1 Evacuation Pause) 864M->776M(1024M) 14,103ms
[147,799s][info][gc] GC(2889) Pause Young (Mixed) (G1 Evacuation Pause) 823M->739M(1024M) 14,138ms
[147,828s][info][gc] GC(2890) Pause Young (Mixed) (G1 Evacuation Pause) 783M->721M(1024M) 10,790ms
[147,903s][info][gc] GC(2891) Pause Young (Normal) (G1 Evacuation Pause) 891M->733M(1024M) 5,262ms
[147,974s][info][gc] GC(2892) Pause Young (Normal) (G1 Evacuation Pause) 892M->747M(1024M) 7,163ms
[148,038s][info][gc] GC(2893) Pause Young (Concurrent Start) (G1 Evacuation Pause) 895M->758M(1024M) 5,775ms
[148,039s][info][gc] GC(2894) Concurrent Mark Cycle
[148,106s][info][gc] GC(2895) Pause Young (Normal) (G1 Evacuation Pause) 895M->769M(1024M) 5,503ms
[148,169s][info][gc] GC(2896) Pause Young (Normal) (G1 Evacuation Pause) 897M->779M(1024M) 5,094ms
[148,228s][info][gc] GC(2897) Pause Young (Normal) (G1 Evacuation Pause) 899M->789M(1024M) 4,827ms
[148,252s][info][gc] GC(2894) Pause Remark 839M->839M(1024M) 0,818ms
[148,283s][info][gc] GC(2898) Pause Young (Normal) (G1 Evacuation Pause) 900M->798M(1024M) 4,993ms
[148,332s][info][gc] GC(2899) Pause Young (Normal) (G1 Evacuation Pause) 901M->806M(1024M) 5,065ms
[148,378s][info][gc] GC(2900) Pause Young (Normal) (G1 Evacuation Pause) 903M->814M(1024M) 4,790ms
[148,406s][info][gc] GC(2894) Pause Cleanup 880M->880M(1024M) 0,364ms
[148,407s][info][gc] GC(2894) Concurrent Mark Cycle 368,547ms
[148,421s][info][gc] GC(2901) Pause Young (Prepare Mixed) (G1 Evacuation Pause) 904M->821M(1024M) 4,358ms
[148,453s][info][gc] GC(2902) Pause Young (Mixed) (G1 Evacuation Pause) 864M->776M(1024M) 14,269ms
[148,487s][info][gc] GC(2903) Pause Young (Mixed) (G1 Evacuation Pause) 823M->740M(1024M) 14,078ms
[148,517s][info][gc] GC(2904) Pause Young (Mixed) (G1 Evacuation Pause) 784M->720M(1024M) 11,378ms
[148,592s][info][gc] GC(2905) Pause Young (Normal) (G1 Evacuation Pause) 891M->733M(1024M) 5,186ms
[148,664s][info][gc] GC(2906) Pause Young (Normal) (G1 Evacuation Pause) 893M->746M(1024M) 7,030ms
[148,729s][info][gc] GC(2907) Pause Young (Concurrent Start) (G1 Evacuation Pause) 894M->758M(1024M) 5,801ms
[148,729s][info][gc] GC(2908) Concurrent Mark Cycle
[148,797s][info][gc] GC(2909) Pause Young (Normal) (G1 Evacuation Pause) 896M->768M(1024M) 5,475ms
[148,860s][info][gc] GC(2910) Pause Young (Normal) (G1 Evacuation Pause) 897M->779M(1024M) 5,214ms
[148,919s][info][gc] GC(2911) Pause Young (Normal) (G1 Evacuation Pause) 899M->789M(1024M) 4,859ms
[148,942s][info][gc] GC(2908) Pause Remark 836M->836M(1024M) 0,869ms
[148,974s][info][gc] GC(2912) Pause Young (Normal) (G1 Evacuation Pause) 900M->798M(1024M) 5,057ms
[149,023s][info][gc] GC(2913) Pause Young (Normal) (G1 Evacuation Pause) 902M->806M(1024M) 4,856ms
[149,069s][info][gc] GC(2914) Pause Young (Normal) (G1 Evacuation Pause) 903M->814M(1024M) 4,651ms
[149,096s][info][gc] GC(2908) Pause Cleanup 876M->876M(1024M) 0,358ms
[149,097s][info][gc] GC(2908) Concurrent Mark Cycle 368,108ms
[149,112s][info][gc] GC(2915) Pause Young (Prepare Mixed) (G1 Evacuation Pause) 904M->821M(1024M) 4,420ms
[149,144s][info][gc] GC(2916) Pause Young (Mixed) (G1 Evacuation Pause) 864M->775M(1024M) 14,173ms
[149,179s][info][gc] GC(2917) Pause Young (Mixed) (G1 Evacuation Pause) 822M->739M(1024M) 14,615ms
[149,208s][info][gc] GC(2918) Pause Young (Mixed) (G1 Evacuation Pause) 783M->722M(1024M) 10,487ms
[149,283s][info][gc] GC(2919) Pause Young (Normal) (G1 Evacuation Pause) 891M->734M(1024M) 5,270ms
[149,353s][info][gc] GC(2920) Pause Young (Normal) (G1 Evacuation Pause) 892M->747M(1024M) 7,183ms
[149,418s][info][gc] GC(2921) Pause Young (Concurrent Start) (G1 Evacuation Pause) 895M->759M(1024M) 5,800ms
[149,418s][info][gc] GC(2922) Concurrent Mark Cycle
[149,486s][info][gc] GC(2923) Pause Young (Normal) (G1 Evacuation Pause) 896M->770M(1024M) 5,418ms
[149,548s][info][gc] GC(2924) Pause Young (Normal) (G1 Evacuation Pause) 897M->780M(1024M) 5,061ms
[149,608s][info][gc] GC(2925) Pause Young (Normal) (G1 Evacuation Pause) 899M->790M(1024M) 4,797ms
[149,631s][info][gc] GC(2922) Pause Remark 841M->841M(1024M) 0,824ms
[149,662s][info][gc] GC(2926) Pause Young (Normal) (G1 Evacuation Pause) 901M->798M(1024M) 5,067ms
[149,712s][info][gc] GC(2927) Pause Young (Normal) (G1 Evacuation Pause) 902M->807M(1024M) 4,971ms
[149,757s][info][gc] GC(2928) Pause Young (Normal) (G1 Evacuation Pause) 903M->815M(1024M) 4,767ms
[149,785s][info][gc] GC(2922) Pause Cleanup 880M->880M(1024M) 0,358ms
[149,787s][info][gc] GC(2922) Concurrent Mark Cycle 368,512ms
[149,800s][info][gc] GC(2929) Pause Young (Prepare Mixed) (G1 Evacuation Pause) 904M->822M(1024M) 4,409ms
[149,832s][info][gc] GC(2930) Pause Young (Mixed) (G1 Evacuation Pause) 865M->776M(1024M) 14,420ms
[149,866s][info][gc] GC(2931) Pause Young (Mixed) (G1 Evacuation Pause) 823M->740M(1024M) 14,190ms
[149,896s][info][gc] GC(2932) Pause Young (Mixed) (G1 Evacuation Pause) 784M->720M(1024M) 11,885ms
[149,971s][info][gc] GC(2933) Pause Young (Normal) (G1 Evacuation Pause) 891M->733M(1024M) 5,185ms
[150,043s][info][gc] GC(2934) Pause Young (Normal) (G1 Evacuation Pause) 893M->746M(1024M) 7,091ms
[150,107s][info][gc] GC(2935) Pause Young (Concurrent Start) (G1 Evacuation Pause) 894M->758M(1024M) 5,813ms
[150,107s][info][gc] GC(2936) Concurrent Mark Cycle
[150,175s][info][gc] GC(2937) Pause Young (Normal) (G1 Evacuation Pause) 896M->768M(1024M) 5,335ms
[150,239s][info][gc] GC(2938) Pause Young (Normal) (G1 Evacuation Pause) 897M->779M(1024M) 5,148ms
[150,298s][info][gc] GC(2939) Pause Young (Normal) (G1 Evacuation Pause) 899M->788M(1024M) 4,929ms
[150,320s][info][gc] GC(2936) Pause Remark 836M->836M(1024M) 0,800ms
[150,353s][info][gc] GC(2940) Pause Young (Normal) (G1 Evacuation Pause) 899M->798M(1024M) 5,090ms
[150,402s][info][gc] GC(2941) Pause Young (Normal) (G1 Evacuation Pause) 902M->806M(1024M) 4,925ms
[150,447s][info][gc] GC(2942) Pause Young (Normal) (G1 Evacuation Pause) 903M->813M(1024M) 4,666ms
[150,477s][info][gc] GC(2936) Pause Cleanup 881M->881M(1024M) 0,347ms
[150,478s][info][gc] GC(2936) Concurrent Mark Cycle 370,552ms
[150,491s][info][gc] GC(2943) Pause Young (Prepare Mixed) (G1 Evacuation Pause) 904M->821M(1024M) 4,364ms
[150,524s][info][gc] GC(2944) Pause Young (Mixed) (G1 Evacuation Pause) 864M->776M(1024M) 14,539ms
[150,557s][info][gc] GC(2945) Pause Young (Mixed) (G1 Evacuation Pause) 823M->740M(1024M) 14,354ms
[150,587s][info][gc] GC(2946) Pause Young (Mixed) (G1 Evacuation Pause) 784M->721M(1024M) 10,958ms
[150,661s][info][gc] GC(2947) Pause Young (Normal) (G1 Evacuation Pause) 891M->734M(1024M) 5,150ms
[150,733s][info][gc] GC(2948) Pause Young (Normal) (G1 Evacuation Pause) 893M->747M(1024M) 7,070ms
[150,797s][info][gc] GC(2949) Pause Young (Concurrent Start) (G1 Evacuation Pause) 894M->759M(1024M) 5,693ms
[150,797s][info][gc] GC(2950) Concurrent Mark Cycle
[150,864s][info][gc] GC(2951) Pause Young (Normal) (G1 Evacuation Pause) 896M->771M(1024M) 5,355ms
[150,927s][info][gc] GC(2952) Pause Young (Normal) (G1 Evacuation Pause) 898M->781M(1024M) 5,193ms
[150,985s][info][gc] GC(2953) Pause Young (Normal) (G1 Evacuation Pause) 899M->790M(1024M) 4,965ms
[151,010s][info][gc] GC(2950) Pause Remark 843M->843M(1024M) 0,734ms
[151,040s][info][gc] GC(2954) Pause Young (Normal) (G1 Evacuation Pause) 901M->799M(1024M) 5,017ms
[151,089s][info][gc] GC(2955) Pause Young (Normal) (G1 Evacuation Pause) 902M->807M(1024M) 4,954ms
[151,134s][info][gc] GC(2956) Pause Young (Normal) (G1 Evacuation Pause) 902M->815M(1024M) 4,722ms
[151,165s][info][gc] GC(2950) Pause Cleanup 889M->889M(1024M) 0,344ms
[151,167s][info][gc] GC(2950) Concurrent Mark Cycle 369,781ms
[151,176s][info][gc] GC(2957) Pause Young (Prepare Mixed) (G1 Evacuation Pause) 904M->822M(1024M) 4,381ms
[151,209s][info][gc] GC(2958) Pause Young (Mixed) (G1 Evacuation Pause) 865M->776M(1024M) 14,483ms
[151,243s][info][gc] GC(2959) Pause Young (Mixed) (G1 Evacuation Pause) 823M->740M(1024M) 14,173ms
[151,272s][info][gc] GC(2960) Pause Young (Mixed) (G1 Evacuation Pause) 784M->721M(1024M) 10,847ms
[151,347s][info][gc] GC(2961) Pause Young (Normal) (G1 Evacuation Pause) 891M->734M(1024M) 5,246ms
[151,418s][info][gc] GC(2962) Pause Young (Normal) (G1 Evacuation Pause) 893M->747M(1024M) 7,304ms
[151,482s][info][gc] GC(2963) Pause Young (Concurrent Start) (G1 Evacuation Pause) 894M->758M(1024M) 5,744ms
[151,482s][info][gc] GC(2964) Concurrent Mark Cycle
[151,550s][info][gc] GC(2965) Pause Young (Normal) (G1 Evacuation Pause) 896M->770M(1024M) 5,462ms
[151,613s][info][gc] GC(2966) Pause Young (Normal) (G1 Evacuation Pause) 898M->780M(1024M) 5,121ms
[151,672s][info][gc] GC(2967) Pause Young (Normal) (G1 Evacuation Pause) 899M->790M(1024M) 4,876ms
[151,695s][info][gc] GC(2964) Pause Remark 839M->839M(1024M) 0,863ms
[151,727s][info][gc] GC(2968) Pause Young (Normal) (G1 Evacuation Pause) 901M->799M(1024M) 5,098ms
[151,775s][info][gc] GC(2969) Pause Young (Normal) (G1 Evacuation Pause) 901M->807M(1024M) 4,841ms
[151,820s][info][gc] GC(2970) Pause Young (Normal) (G1 Evacuation Pause) 902M->815M(1024M) 4,734ms
[151,850s][info][gc] GC(2964) Pause Cleanup 883M->883M(1024M) 0,372ms
[151,851s][info][gc] GC(2964) Concurrent Mark Cycle 368,318ms
[151,863s][info][gc] GC(2971) Pause Young (Prepare Mixed) (G1 Evacuation Pause) 904M->822M(1024M) 4,397ms
[151,895s][info][gc] GC(2972) Pause Young (Mixed) (G1 Evacuation Pause) 865M->776M(1024M) 14,082ms
[151,930s][info][gc] GC(2973) Pause Young (Mixed) (G1 Evacuation Pause) 823M->740M(1024M) 14,616ms
[151,959s][info][gc] GC(2974) Pause Young (Mixed) (G1 Evacuation Pause) 784M->721M(1024M) 10,857ms
[152,034s][info][gc] GC(2975) Pause Young (Normal) (G1 Evacuation Pause) 891M->733M(1024M) 5,173ms
[152,105s][info][gc] GC(2976) Pause Young (Normal) (G1 Evacuation Pause) 892M->747M(1024M) 7,109ms
[152,170s][info][gc] GC(2977) Pause Young (Concurrent Start) (G1 Evacuation Pause) 894M->758M(1024M) 5,682ms
[152,170s][info][gc] GC(2978) Concurrent Mark Cycle
[152,237s][info][gc] GC(2979) Pause Young (Normal) (G1 Evacuation Pause) 895M->769M(1024M) 5,395ms
[152,301s][info][gc] GC(2980) Pause Young (Normal) (G1 Evacuation Pause) 898M->779M(1024M) 5,196ms
[152,360s][info][gc] GC(2981) Pause Young (Normal) (G1 Evacuation Pause) 898M->788M(1024M) 4,975ms
[152,383s][info][gc] GC(2978) Pause Remark 838M->838M(1024M) 0,703ms
[152,415s][info][gc] GC(2982) Pause Young (Normal) (G1 Evacuation Pause) 899M->797M(1024M) 5,059ms
[152,464s][info][gc] GC(2983) Pause Young (Normal) (G1 Evacuation Pause) 901M->806M(1024M) 4,938ms
[152,510s][info][gc] GC(2984) Pause Young (Normal) (G1 Evacuation Pause) 903M->814M(1024M) 4,713ms
[152,539s][info][gc] GC(2978) Pause Cleanup 881M->881M(1024M) 0,327ms
[152,540s][info][gc] GC(2978) Concurrent Mark Cycle 369,885ms
[152,553s][info][gc] GC(2985) Pause Young (Prepare Mixed) (G1 Evacuation Pause) 904M->821M(1024M) 4,564ms
[152,585s][info][gc] GC(2986) Pause Young (Mixed) (G1 Evacuation Pause) 864M->776M(1024M) 14,168ms
[152,619s][info][gc] GC(2987) Pause Young (Mixed) (G1 Evacuation Pause) 823M->740M(1024M) 14,282ms
[152,650s][info][gc] GC(2988) Pause Young (Mixed) (G1 Evacuation Pause) 784M->721M(1024M) 12,127ms
[152,726s][info][gc] GC(2989) Pause Young (Normal) (G1 Evacuation Pause) 891M->733M(1024M) 5,181ms
[152,797s][info][gc] GC(2990) Pause Young (Normal) (G1 Evacuation Pause) 892M->746M(1024M) 7,117ms
[152,864s][info][gc] GC(2991) Pause Young (Concurrent Start) (G1 Evacuation Pause) 894M->758M(1024M) 5,755ms
[152,864s][info][gc] GC(2992) Concurrent Mark Cycle
[152,932s][info][gc] GC(2993) Pause Young (Normal) (G1 Evacuation Pause) 896M->769M(1024M) 5,350ms
[152,995s][info][gc] GC(2994) Pause Young (Normal) (G1 Evacuation Pause) 897M->780M(1024M) 5,211ms
[153,054s][info][gc] GC(2995) Pause Young (Normal) (G1 Evacuation Pause) 899M->789M(1024M) 4,884ms
[153,077s][info][gc] GC(2992) Pause Remark 839M->839M(1024M) 0,908ms
[153,108s][info][gc] GC(2996) Pause Young (Normal) (G1 Evacuation Pause) 900M->798M(1024M) 4,953ms
[153,157s][info][gc] GC(2997) Pause Young (Normal) (G1 Evacuation Pause) 901M->806M(1024M) 4,918ms
[153,202s][info][gc] GC(2998) Pause Young (Normal) (G1 Evacuation Pause) 902M->814M(1024M) 4,760ms
[153,231s][info][gc] GC(2992) Pause Cleanup 880M->880M(1024M) 0,357ms
[153,232s][info][gc] GC(2992) Concurrent Mark Cycle 367,825ms
[153,245s][info][gc] GC(2999) Pause Young (Prepare Mixed) (G1 Evacuation Pause) 904M->821M(1024M) 4,452ms
[153,278s][info][gc] GC(3000) Pause Young (Mixed) (G1 Evacuation Pause) 864M->776M(1024M) 14,714ms
[153,312s][info][gc] GC(3001) Pause Young (Mixed) (G1 Evacuation Pause) 823M->740M(1024M) 14,383ms
[153,341s][info][gc] GC(3002) Pause Young (Mixed) (G1 Evacuation Pause) 784M->722M(1024M) 10,574ms
[153,428s][info][gc] GC(3003) Pause Young (Normal) (G1 Evacuation Pause) 891M->734M(1024M) 5,205ms
[153,507s][info][gc] GC(3004) Pause Young (Normal) (G1 Evacuation Pause) 892M->747M(1024M) 7,404ms
[153,578s][info][gc] GC(3005) Pause Young (Concurrent Start) (G1 Evacuation Pause) 895M->759M(1024M) 5,313ms
[153,578s][info][gc] GC(3006) Concurrent Mark Cycle
[153,651s][info][gc] GC(3007) Pause Young (Normal) (G1 Evacuation Pause) 896M->770M(1024M) 5,450ms
[153,716s][info][gc] GC(3008) Pause Young (Normal) (G1 Evacuation Pause) 898M->781M(1024M) 4,979ms
[153,776s][info][gc] GC(3009) Pause Young (Normal) (G1 Evacuation Pause) 899M->790M(1024M) 4,750ms
[153,800s][info][gc] GC(3006) Pause Remark 842M->842M(1024M) 0,627ms
[153,830s][info][gc] GC(3010) Pause Young (Normal) (G1 Evacuation Pause) 900M->799M(1024M) 4,990ms
[153,882s][info][gc] GC(3011) Pause Young (Normal) (G1 Evacuation Pause) 902M->807M(1024M) 4,858ms
[153,930s][info][gc] GC(3012) Pause Young (Normal) (G1 Evacuation Pause) 902M->815M(1024M) 4,344ms
[153,961s][info][gc] GC(3006) Pause Cleanup 884M->884M(1024M) 0,297ms
[153,962s][info][gc] GC(3006) Concurrent Mark Cycle 383,440ms
[153,974s][info][gc] GC(3013) Pause Young (Prepare Mixed) (G1 Evacuation Pause) 904M->822M(1024M) 4,058ms
[154,007s][info][gc] GC(3014) Pause Young (Mixed) (G1 Evacuation Pause) 865M->777M(1024M) 14,246ms
[154,042s][info][gc] GC(3015) Pause Young (Mixed) (G1 Evacuation Pause) 824M->741M(1024M) 14,108ms
[154,072s][info][gc] GC(3016) Pause Young (Mixed) (G1 Evacuation Pause) 785M->721M(1024M) 11,688ms
[154,148s][info][gc] GC(3017) Pause Young (Normal) (G1 Evacuation Pause) 891M->734M(1024M) 5,234ms
[154,219s][info][gc] GC(3018) Pause Young (Normal) (G1 Evacuation Pause) 893M->747M(1024M) 7,055ms
[154,283s][info][gc] GC(3019) Pause Young (Concurrent Start) (G1 Evacuation Pause) 894M->758M(1024M) 5,817ms
[154,283s][info][gc] GC(3020) Concurrent Mark Cycle
[154,351s][info][gc] GC(3021) Pause Young (Normal) (G1 Evacuation Pause) 896M->769M(1024M) 5,327ms
[154,417s][info][gc] GC(3022) Pause Young (Normal) (G1 Evacuation Pause) 897M->780M(1024M) 5,035ms
[154,476s][info][gc] GC(3023) Pause Young (Normal) (G1 Evacuation Pause) 899M->788M(1024M) 4,963ms
[154,499s][info][gc] GC(3020) Pause Remark 838M->838M(1024M) 0,753ms
[154,531s][info][gc] GC(3024) Pause Young (Normal) (G1 Evacuation Pause) 900M->798M(1024M) 4,972ms
[154,580s][info][gc] GC(3025) Pause Young (Normal) (G1 Evacuation Pause) 902M->807M(1024M) 4,935ms
[154,626s][info][gc] GC(3026) Pause Young (Normal) (G1 Evacuation Pause) 903M->814M(1024M) 4,760ms
[154,653s][info][gc] GC(3020) Pause Cleanup 878M->878M(1024M) 0,446ms
[154,655s][info][gc] GC(3020) Concurrent Mark Cycle 371,924ms
[154,669s][info][gc] GC(3027) Pause Young (Prepare Mixed) (G1 Evacuation Pause) 904M->821M(1024M) 4,537ms
[154,702s][info][gc] GC(3028) Pause Young (Mixed) (G1 Evacuation Pause) 864M->775M(1024M) 14,633ms
[154,736s][info][gc] GC(3029) Pause Young (Mixed) (G1 Evacuation Pause) 822M->739M(1024M) 14,363ms
[154,765s][info][gc] GC(3030) Pause Young (Mixed) (G1 Evacuation Pause) 783M->722M(1024M) 10,629ms
[154,854s][info][gc] GC(3031) Pause Young (Normal) (G1 Evacuation Pause) 891M->734M(1024M) 6,312ms
[154,933s][info][gc] GC(3032) Pause Young (Normal) (G1 Evacuation Pause) 892M->747M(1024M) 7,029ms
[154,998s][info][gc] GC(3033) Pause Young (Concurrent Start) (G1 Evacuation Pause) 895M->758M(1024M) 5,739ms
[154,999s][info][gc] GC(3034) Concurrent Mark Cycle
[155,066s][info][gc] GC(3035) Pause Young (Normal) (G1 Evacuation Pause) 896M->769M(1024M) 5,401ms
[155,130s][info][gc] GC(3036) Pause Young (Normal) (G1 Evacuation Pause) 898M->780M(1024M) 5,204ms
[155,188s][info][gc] GC(3037) Pause Young (Normal) (G1 Evacuation Pause) 899M->790M(1024M) 4,940ms
[155,211s][info][gc] GC(3034) Pause Remark 839M->839M(1024M) 0,826ms
[155,243s][info][gc] GC(3038) Pause Young (Normal) (G1 Evacuation Pause) 901M->799M(1024M) 5,055ms
[155,292s][info][gc] GC(3039) Pause Young (Normal) (G1 Evacuation Pause) 902M->807M(1024M) 4,985ms
[155,338s][info][gc] GC(3040) Pause Young (Normal) (G1 Evacuation Pause) 903M->814M(1024M) 4,724ms
[155,366s][info][gc] GC(3034) Pause Cleanup 881M->881M(1024M) 0,343ms
[155,368s][info][gc] GC(3034) Concurrent Mark Cycle 368,986ms
[155,381s][info][gc] GC(3041) Pause Young (Prepare Mixed) (G1 Evacuation Pause) 904M->822M(1024M) 4,646ms
[155,414s][info][gc] GC(3042) Pause Young (Mixed) (G1 Evacuation Pause) 865M->775M(1024M) 14,296ms
[155,447s][info][gc] GC(3043) Pause Young (Mixed) (G1 Evacuation Pause) 822M->739M(1024M) 14,107ms
[155,477s][info][gc] GC(3044) Pause Young (Mixed) (G1 Evacuation Pause) 783M->721M(1024M) 10,635ms
[155,551s][info][gc] GC(3045) Pause Young (Normal) (G1 Evacuation Pause) 891M->734M(1024M) 5,180ms
[155,622s][info][gc] GC(3046) Pause Young (Normal) (G1 Evacuation Pause) 893M->748M(1024M) 7,060ms
[155,686s][info][gc] GC(3047) Pause Young (Concurrent Start) (G1 Evacuation Pause) 895M->759M(1024M) 5,738ms
[155,686s][info][gc] GC(3048) Concurrent Mark Cycle
[155,753s][info][gc] GC(3049) Pause Young (Normal) (G1 Evacuation Pause) 895M->770M(1024M) 5,421ms
[155,817s][info][gc] GC(3050) Pause Young (Normal) (G1 Evacuation Pause) 898M->781M(1024M) 5,044ms
[155,875s][info][gc] GC(3051) Pause Young (Normal) (G1 Evacuation Pause) 899M->790M(1024M) 4,829ms
[155,900s][info][gc] GC(3048) Pause Remark 844M->844M(1024M) 0,882ms
[155,930s][info][gc] GC(3052) Pause Young (Normal) (G1 Evacuation Pause) 900M->799M(1024M) 5,104ms
[155,978s][info][gc] GC(3053) Pause Young (Normal) (G1 Evacuation Pause) 902M->807M(1024M) 4,843ms
[156,024s][info][gc] GC(3054) Pause Young (Normal) (G1 Evacuation Pause) 902M->815M(1024M) 4,687ms
[156,055s][info][gc] GC(3048) Pause Cleanup 887M->887M(1024M) 0,339ms
[156,057s][info][gc] GC(3048) Concurrent Mark Cycle 370,731ms
[156,067s][info][gc] GC(3055) Pause Young (Prepare Mixed) (G1 Evacuation Pause) 904M->822M(1024M) 4,418ms
[156,100s][info][gc] GC(3056) Pause Young (Mixed) (G1 Evacuation Pause) 865M->776M(1024M) 14,251ms
[156,134s][info][gc] GC(3057) Pause Young (Mixed) (G1 Evacuation Pause) 823M->740M(1024M) 14,249ms
[156,164s][info][gc] GC(3058) Pause Young (Mixed) (G1 Evacuation Pause) 784M->722M(1024M) 10,928ms
[156,240s][info][gc] GC(3059) Pause Young (Normal) (G1 Evacuation Pause) 891M->734M(1024M) 5,131ms
[156,311s][info][gc] GC(3060) Pause Young (Normal) (G1 Evacuation Pause) 892M->747M(1024M) 7,016ms
[156,376s][info][gc] GC(3061) Pause Young (Concurrent Start) (G1 Evacuation Pause) 895M->759M(1024M) 5,654ms
[156,376s][info][gc] GC(3062) Concurrent Mark Cycle
[156,443s][info][gc] GC(3063) Pause Young (Normal) (G1 Evacuation Pause) 895M->770M(1024M) 5,286ms
[156,506s][info][gc] GC(3064) Pause Young (Normal) (G1 Evacuation Pause) 898M->780M(1024M) 5,061ms
[156,564s][info][gc] GC(3065) Pause Young (Normal) (G1 Evacuation Pause) 898M->790M(1024M) 4,833ms
[156,589s][info][gc] GC(3062) Pause Remark 843M->843M(1024M) 0,794ms
[156,619s][info][gc] GC(3066) Pause Young (Normal) (G1 Evacuation Pause) 901M->799M(1024M) 5,043ms
[156,668s][info][gc] GC(3067) Pause Young (Normal) (G1 Evacuation Pause) 902M->807M(1024M) 4,879ms
[156,713s][info][gc] GC(3068) Pause Young (Normal) (G1 Evacuation Pause) 902M->815M(1024M) 4,737ms
[156,744s][info][gc] GC(3062) Pause Cleanup 886M->886M(1024M) 0,344ms
[156,745s][info][gc] GC(3062) Concurrent Mark Cycle 368,858ms
[156,756s][info][gc] GC(3069) Pause Young (Prepare Mixed) (G1 Evacuation Pause) 904M->822M(1024M) 4,281ms
[156,789s][info][gc] GC(3070) Pause Young (Mixed) (G1 Evacuation Pause) 865M->776M(1024M) 14,573ms
[156,823s][info][gc] GC(3071) Pause Young (Mixed) (G1 Evacuation Pause) 823M->740M(1024M) 14,252ms
[156,852s][info][gc] GC(3072) Pause Young (Mixed) (G1 Evacuation Pause) 784M->722M(1024M) 10,632ms
[156,927s][info][gc] GC(3073) Pause Young (Normal) (G1 Evacuation Pause) 891M->735M(1024M) 5,176ms
[156,997s][info][gc] GC(3074) Pause Young (Normal) (G1 Evacuation Pause) 893M->748M(1024M) 7,075ms
[157,062s][info][gc] GC(3075) Pause Young (Concurrent Start) (G1 Evacuation Pause) 895M->759M(1024M) 5,699ms
[157,062s][info][gc] GC(3076) Concurrent Mark Cycle
[157,129s][info][gc] GC(3077) Pause Young (Normal) (G1 Evacuation Pause) 896M->770M(1024M) 5,280ms
[157,193s][info][gc] GC(3078) Pause Young (Normal) (G1 Evacuation Pause) 898M->781M(1024M) 5,087ms
[157,251s][info][gc] GC(3079) Pause Young (Normal) (G1 Evacuation Pause) 899M->790M(1024M) 4,863ms
[157,274s][info][gc] GC(3076) Pause Remark 840M->840M(1024M) 0,737ms
[157,305s][info][gc] GC(3080) Pause Young (Normal) (G1 Evacuation Pause) 901M->799M(1024M) 5,029ms
[157,354s][info][gc] GC(3081) Pause Young (Normal) (G1 Evacuation Pause) 902M->808M(1024M) 4,956ms
[157,399s][info][gc] GC(3082) Pause Young (Normal) (G1 Evacuation Pause) 903M->815M(1024M) 4,572ms
[157,429s][info][gc] GC(3076) Pause Cleanup 885M->885M(1024M) 0,382ms
[157,430s][info][gc] GC(3076) Concurrent Mark Cycle 368,524ms
[157,441s][info][gc] GC(3083) Pause Young (Prepare Mixed) (G1 Evacuation Pause) 903M->822M(1024M) 4,423ms
[157,473s][info][gc] GC(3084) Pause Young (Mixed) (G1 Evacuation Pause) 866M->777M(1024M) 14,216ms
[157,507s][info][gc] GC(3085) Pause Young (Mixed) (G1 Evacuation Pause) 824M->741M(1024M) 14,247ms
[157,536s][info][gc] GC(3086) Pause Young (Mixed) (G1 Evacuation Pause) 785M->722M(1024M) 11,426ms
[157,611s][info][gc] GC(3087) Pause Young (Normal) (G1 Evacuation Pause) 891M->734M(1024M) 5,186ms
[157,680s][info][gc] GC(3088) Pause Young (Normal) (G1 Evacuation Pause) 892M->747M(1024M) 6,984ms
[157,744s][info][gc] GC(3089) Pause Young (Concurrent Start) (G1 Evacuation Pause) 895M->760M(1024M) 5,785ms
[157,744s][info][gc] GC(3090) Concurrent Mark Cycle
[157,811s][info][gc] GC(3091) Pause Young (Normal) (G1 Evacuation Pause) 896M->770M(1024M) 5,331ms
[157,875s][info][gc] GC(3092) Pause Young (Normal) (G1 Evacuation Pause) 898M->780M(1024M) 5,081ms
[157,933s][info][gc] GC(3093) Pause Young (Normal) (G1 Evacuation Pause) 899M->790M(1024M) 4,807ms
[157,957s][info][gc] GC(3090) Pause Remark 841M->841M(1024M) 0,687ms
[157,988s][info][gc] GC(3094) Pause Young (Normal) (G1 Evacuation Pause) 901M->799M(1024M) 4,978ms
[158,037s][info][gc] GC(3095) Pause Young (Normal) (G1 Evacuation Pause) 902M->807M(1024M) 4,826ms
[158,082s][info][gc] GC(3096) Pause Young (Normal) (G1 Evacuation Pause) 902M->815M(1024M) 4,609ms
[158,112s][info][gc] GC(3090) Pause Cleanup 885M->885M(1024M) 0,356ms
[158,113s][info][gc] GC(3090) Concurrent Mark Cycle 368,799ms
[158,125s][info][gc] GC(3097) Pause Young (Prepare Mixed) (G1 Evacuation Pause) 904M->821M(1024M) 4,418ms
[158,157s][info][gc] GC(3098) Pause Young (Mixed) (G1 Evacuation Pause) 864M->775M(1024M) 13,978ms
[158,191s][info][gc] GC(3099) Pause Young (Mixed) (G1 Evacuation Pause) 822M->739M(1024M) 14,154ms
[158,221s][info][gc] GC(3100) Pause Young (Mixed) (G1 Evacuation Pause) 783M->722M(1024M) 11,171ms
[158,296s][info][gc] GC(3101) Pause Young (Normal) (G1 Evacuation Pause) 891M->734M(1024M) 5,189ms
[158,371s][info][gc] GC(3102) Pause Young (Normal) (G1 Evacuation Pause) 892M->747M(1024M) 8,915ms
[158,437s][info][gc] GC(3103) Pause Young (Concurrent Start) (G1 Evacuation Pause) 895M->759M(1024M) 5,734ms
[158,437s][info][gc] GC(3104) Concurrent Mark Cycle
[158,505s][info][gc] GC(3105) Pause Young (Normal) (G1 Evacuation Pause) 895M->770M(1024M) 5,289ms
[158,567s][info][gc] GC(3106) Pause Young (Normal) (G1 Evacuation Pause) 898M->780M(1024M) 5,044ms
[158,626s][info][gc] GC(3107) Pause Young (Normal) (G1 Evacuation Pause) 899M->790M(1024M) 4,897ms
[158,650s][info][gc] GC(3104) Pause Remark 841M->841M(1024M) 0,844ms
[158,681s][info][gc] GC(3108) Pause Young (Normal) (G1 Evacuation Pause) 901M->798M(1024M) 5,004ms
[158,730s][info][gc] GC(3109) Pause Young (Normal) (G1 Evacuation Pause) 902M->807M(1024M) 4,837ms
[158,776s][info][gc] GC(3110) Pause Young (Normal) (G1 Evacuation Pause) 903M->814M(1024M) 4,789ms
[158,805s][info][gc] GC(3104) Pause Cleanup 880M->880M(1024M) 0,373ms
[158,807s][info][gc] GC(3104) Concurrent Mark Cycle 369,907ms
[158,821s][info][gc] GC(3111) Pause Young (Prepare Mixed) (G1 Evacuation Pause) 904M->822M(1024M) 4,389ms
[158,855s][info][gc] GC(3112) Pause Young (Mixed) (G1 Evacuation Pause) 865M->776M(1024M) 14,865ms
[158,889s][info][gc] GC(3113) Pause Young (Mixed) (G1 Evacuation Pause) 823M->739M(1024M) 14,195ms
[158,920s][info][gc] GC(3114) Pause Young (Mixed) (G1 Evacuation Pause) 783M->721M(1024M) 11,495ms
[158,997s][info][gc] GC(3115) Pause Young (Normal) (G1 Evacuation Pause) 891M->734M(1024M) 5,234ms
[159,069s][info][gc] GC(3116) Pause Young (Normal) (G1 Evacuation Pause) 893M->747M(1024M) 7,101ms
[159,135s][info][gc] GC(3117) Pause Young (Concurrent Start) (G1 Evacuation Pause) 895M->758M(1024M) 5,814ms
[159,135s][info][gc] GC(3118) Concurrent Mark Cycle
[159,202s][info][gc] GC(3119) Pause Young (Normal) (G1 Evacuation Pause) 895M->769M(1024M) 5,474ms
[159,265s][info][gc] GC(3120) Pause Young (Normal) (G1 Evacuation Pause) 897M->779M(1024M) 5,108ms
[159,324s][info][gc] GC(3121) Pause Young (Normal) (G1 Evacuation Pause) 899M->789M(1024M) 4,892ms
[159,348s][info][gc] GC(3118) Pause Remark 840M->840M(1024M) 0,920ms
[159,379s][info][gc] GC(3122) Pause Young (Normal) (G1 Evacuation Pause) 900M->798M(1024M) 5,035ms
[159,428s][info][gc] GC(3123) Pause Young (Normal) (G1 Evacuation Pause) 901M->806M(1024M) 4,896ms
[159,473s][info][gc] GC(3124) Pause Young (Normal) (G1 Evacuation Pause) 902M->814M(1024M) 4,604ms
[159,501s][info][gc] GC(3118) Pause Cleanup 879M->879M(1024M) 0,315ms
[159,503s][info][gc] GC(3118) Concurrent Mark Cycle 367,767ms
[159,516s][info][gc] GC(3125) Pause Young (Prepare Mixed) (G1 Evacuation Pause) 904M->821M(1024M) 4,363ms
[159,548s][info][gc] GC(3126) Pause Young (Mixed) (G1 Evacuation Pause) 864M->775M(1024M) 14,165ms
[159,582s][info][gc] GC(3127) Pause Young (Mixed) (G1 Evacuation Pause) 822M->739M(1024M) 14,393ms
[159,612s][info][gc] GC(3128) Pause Young (Mixed) (G1 Evacuation Pause) 783M->720M(1024M) 11,664ms
[159,688s][info][gc] GC(3129) Pause Young (Normal) (G1 Evacuation Pause) 891M->732M(1024M) 5,296ms
[159,760s][info][gc] GC(3130) Pause Young (Normal) (G1 Evacuation Pause) 892M->745M(1024M) 7,251ms
[159,825s][info][gc] GC(3131) Pause Young (Concurrent Start) (G1 Evacuation Pause) 894M->758M(1024M) 5,858ms
[159,825s][info][gc] GC(3132) Concurrent Mark Cycle
[159,895s][info][gc] GC(3133) Pause Young (Normal) (G1 Evacuation Pause) 896M->769M(1024M) 5,544ms
[159,958s][info][gc] GC(3134) Pause Young (Normal) (G1 Evacuation Pause) 898M->779M(1024M) 5,117ms
[160,017s][info][gc] GC(3135) Pause Young (Normal) (G1 Evacuation Pause) 898M->789M(1024M) 4,959ms
[160,040s][info][gc] GC(3132) Pause Remark 837M->837M(1024M) 0,757ms
[160,072s][info][gc] GC(3136) Pause Young (Normal) (G1 Evacuation Pause) 900M->797M(1024M) 4,979ms
[160,121s][info][gc] GC(3137) Pause Young (Normal) (G1 Evacuation Pause) 901M->806M(1024M) 4,971ms
[160,168s][info][gc] GC(3138) Pause Young (Normal) (G1 Evacuation Pause) 903M->814M(1024M) 4,744ms
[160,195s][info][gc] GC(3132) Pause Cleanup 878M->878M(1024M) 0,373ms
[160,196s][info][gc] GC(3132) Concurrent Mark Cycle 370,973ms
[160,211s][info][gc] GC(3139) Pause Young (Prepare Mixed) (G1 Evacuation Pause) 904M->821M(1024M) 4,420ms
[160,244s][info][gc] GC(3140) Pause Young (Mixed) (G1 Evacuation Pause) 864M->776M(1024M) 14,598ms
[160,278s][info][gc] GC(3141) Pause Young (Mixed) (G1 Evacuation Pause) 823M->739M(1024M) 14,688ms
[160,308s][info][gc] GC(3142) Pause Young (Mixed) (G1 Evacuation Pause) 783M->721M(1024M) 10,890ms
[160,383s][info][gc] GC(3143) Pause Young (Normal) (G1 Evacuation Pause) 891M->734M(1024M) 5,289ms
[160,453s][info][gc] GC(3144) Pause Young (Normal) (G1 Evacuation Pause) 893M->747M(1024M) 7,199ms
[160,518s][info][gc] GC(3145) Pause Young (Concurrent Start) (G1 Evacuation Pause) 895M->759M(1024M) 5,794ms
[160,518s][info][gc] GC(3146) Concurrent Mark Cycle
[160,585s][info][gc] GC(3147) Pause Young (Normal) (G1 Evacuation Pause) 896M->769M(1024M) 5,389ms
[160,649s][info][gc] GC(3148) Pause Young (Normal) (G1 Evacuation Pause) 898M->780M(1024M) 5,209ms
[160,708s][info][gc] GC(3149) Pause Young (Normal) (G1 Evacuation Pause) 899M->789M(1024M) 4,970ms
[160,730s][info][gc] GC(3146) Pause Remark 837M->837M(1024M) 0,774ms
[160,763s][info][gc] GC(3150) Pause Young (Normal) (G1 Evacuation Pause) 900M->799M(1024M) 5,009ms
[160,812s][info][gc] GC(3151) Pause Young (Normal) (G1 Evacuation Pause) 902M->807M(1024M) 4,880ms
[160,857s][info][gc] GC(3152) Pause Young (Normal) (G1 Evacuation Pause) 903M->815M(1024M) 4,746ms
[160,885s][info][gc] GC(3146) Pause Cleanup 878M->878M(1024M) 0,345ms
[160,887s][info][gc] GC(3146) Concurrent Mark Cycle 368,576ms
[160,901s][info][gc] GC(3153) Pause Young (Prepare Mixed) (G1 Evacuation Pause) 904M->822M(1024M) 4,382ms
[160,933s][info][gc] GC(3154) Pause Young (Mixed) (G1 Evacuation Pause) 865M->776M(1024M) 14,288ms
[160,968s][info][gc] GC(3155) Pause Young (Mixed) (G1 Evacuation Pause) 823M->739M(1024M) 14,382ms
[161,000s][info][gc] GC(3156) Pause Young (Mixed) (G1 Evacuation Pause) 783M->721M(1024M) 12,268ms
[161,075s][info][gc] GC(3157) Pause Young (Normal) (G1 Evacuation Pause) 891M->734M(1024M) 5,227ms
[161,147s][info][gc] GC(3158) Pause Young (Normal) (G1 Evacuation Pause) 893M->747M(1024M) 7,087ms
[161,213s][info][gc] GC(3159) Pause Young (Concurrent Start) (G1 Evacuation Pause) 895M->759M(1024M) 5,636ms
[161,213s][info][gc] GC(3160) Concurrent Mark Cycle
[161,280s][info][gc] GC(3161) Pause Young (Normal) (G1 Evacuation Pause) 895M->770M(1024M) 5,357ms
[161,344s][info][gc] GC(3162) Pause Young (Normal) (G1 Evacuation Pause) 898M->781M(1024M) 5,123ms
[161,402s][info][gc] GC(3163) Pause Young (Normal) (G1 Evacuation Pause) 899M->790M(1024M) 4,833ms
[161,427s][info][gc] GC(3160) Pause Remark 842M->842M(1024M) 0,874ms
[161,457s][info][gc] GC(3164) Pause Young (Normal) (G1 Evacuation Pause) 901M->799M(1024M) 5,075ms
[161,506s][info][gc] GC(3165) Pause Young (Normal) (G1 Evacuation Pause) 902M->807M(1024M) 4,826ms
[161,551s][info][gc] GC(3166) Pause Young (Normal) (G1 Evacuation Pause) 902M->815M(1024M) 4,668ms
[161,579s][info][gc] GC(3160) Pause Cleanup 880M->880M(1024M) 0,371ms
[161,581s][info][gc] GC(3160) Concurrent Mark Cycle 367,824ms
[161,594s][info][gc] GC(3167) Pause Young (Prepare Mixed) (G1 Evacuation Pause) 904M->822M(1024M) 4,323ms
[161,626s][info][gc] GC(3168) Pause Young (Mixed) (G1 Evacuation Pause) 865M->776M(1024M) 14,027ms
[161,660s][info][gc] GC(3169) Pause Young (Mixed) (G1 Evacuation Pause) 823M->740M(1024M) 14,619ms
[161,689s][info][gc] GC(3170) Pause Young (Mixed) (G1 Evacuation Pause) 784M->722M(1024M) 11,131ms
[161,764s][info][gc] GC(3171) Pause Young (Normal) (G1 Evacuation Pause) 891M->734M(1024M) 5,204ms
[161,836s][info][gc] GC(3172) Pause Young (Normal) (G1 Evacuation Pause) 892M->747M(1024M) 7,231ms
[161,900s][info][gc] GC(3173) Pause Young (Concurrent Start) (G1 Evacuation Pause) 895M->760M(1024M) 5,836ms
[161,901s][info][gc] GC(3174) Concurrent Mark Cycle
[161,968s][info][gc] GC(3175) Pause Young (Normal) (G1 Evacuation Pause) 896M->770M(1024M) 5,524ms
[162,031s][info][gc] GC(3176) Pause Young (Normal) (G1 Evacuation Pause) 898M->781M(1024M) 5,106ms
[162,089s][info][gc] GC(3177) Pause Young (Normal) (G1 Evacuation Pause) 899M->790M(1024M) 4,864ms
[162,114s][info][gc] GC(3174) Pause Remark 842M->842M(1024M) 0,810ms
[162,144s][info][gc] GC(3178) Pause Young (Normal) (G1 Evacuation Pause) 901M->799M(1024M) 5,013ms
[162,193s][info][gc] GC(3179) Pause Young (Normal) (G1 Evacuation Pause) 902M->807M(1024M) 4,932ms
[162,238s][info][gc] GC(3180) Pause Young (Normal) (G1 Evacuation Pause) 902M->815M(1024M) 4,705ms
[162,268s][info][gc] GC(3174) Pause Cleanup 883M->883M(1024M) 0,358ms
[162,269s][info][gc] GC(3174) Concurrent Mark Cycle 368,462ms
[162,281s][info][gc] GC(3181) Pause Young (Prepare Mixed) (G1 Evacuation Pause) 904M->822M(1024M) 4,462ms
[162,313s][info][gc] GC(3182) Pause Young (Mixed) (G1 Evacuation Pause) 865M->776M(1024M) 14,165ms
[162,348s][info][gc] GC(3183) Pause Young (Mixed) (G1 Evacuation Pause) 823M->740M(1024M) 14,515ms
[162,377s][info][gc] GC(3184) Pause Young (Mixed) (G1 Evacuation Pause) 784M->722M(1024M) 10,921ms
[162,451s][info][gc] GC(3185) Pause Young (Normal) (G1 Evacuation Pause) 891M->734M(1024M) 5,267ms
[162,523s][info][gc] GC(3186) Pause Young (Normal) (G1 Evacuation Pause) 892M->748M(1024M) 6,993ms
[162,587s][info][gc] GC(3187) Pause Young (Concurrent Start) (G1 Evacuation Pause) 895M->760M(1024M) 5,780ms
[162,587s][info][gc] GC(3188) Concurrent Mark Cycle
[162,654s][info][gc] GC(3189) Pause Young (Normal) (G1 Evacuation Pause) 896M->769M(1024M) 5,327ms
[162,717s][info][gc] GC(3190) Pause Young (Normal) (G1 Evacuation Pause) 897M->780M(1024M) 5,072ms
[162,776s][info][gc] GC(3191) Pause Young (Normal) (G1 Evacuation Pause) 898M->790M(1024M) 4,762ms
[162,800s][info][gc] GC(3188) Pause Remark 841M->841M(1024M) 0,857ms
[162,831s][info][gc] GC(3192) Pause Young (Normal) (G1 Evacuation Pause) 901M->799M(1024M) 4,973ms
[162,880s][info][gc] GC(3193) Pause Young (Normal) (G1 Evacuation Pause) 902M->807M(1024M) 4,825ms
[162,925s][info][gc] GC(3194) Pause Young (Normal) (G1 Evacuation Pause) 903M->815M(1024M) 4,615ms
[162,953s][info][gc] GC(3188) Pause Cleanup 880M->880M(1024M) 0,337ms
[162,955s][info][gc] GC(3188) Concurrent Mark Cycle 367,495ms
[162,968s][info][gc] GC(3195) Pause Young (Prepare Mixed) (G1 Evacuation Pause) 904M->822M(1024M) 4,367ms
[163,001s][info][gc] GC(3196) Pause Young (Mixed) (G1 Evacuation Pause) 865M->776M(1024M) 14,856ms
[163,035s][info][gc] GC(3197) Pause Young (Mixed) (G1 Evacuation Pause) 823M->740M(1024M) 14,174ms
[163,065s][info][gc] GC(3198) Pause Young (Mixed) (G1 Evacuation Pause) 784M->721M(1024M) 11,469ms
[163,139s][info][gc] GC(3199) Pause Young (Normal) (G1 Evacuation Pause) 891M->733M(1024M) 5,159ms
[163,211s][info][gc] GC(3200) Pause Young (Normal) (G1 Evacuation Pause) 892M->746M(1024M) 7,104ms
[163,276s][info][gc] GC(3201) Pause Young (Concurrent Start) (G1 Evacuation Pause) 894M->759M(1024M) 5,767ms
[163,276s][info][gc] GC(3202) Concurrent Mark Cycle
[163,343s][info][gc] GC(3203) Pause Young (Normal) (G1 Evacuation Pause) 896M->770M(1024M) 5,438ms
[163,407s][info][gc] GC(3204) Pause Young (Normal) (G1 Evacuation Pause) 898M->780M(1024M) 5,142ms
[163,466s][info][gc] GC(3205) Pause Young (Normal) (G1 Evacuation Pause) 899M->789M(1024M) 4,835ms
[163,489s][info][gc] GC(3202) Pause Remark 839M->839M(1024M) 0,840ms
[163,520s][info][gc] GC(3206) Pause Young (Normal) (G1 Evacuation Pause) 900M->799M(1024M) 4,980ms
[163,569s][info][gc] GC(3207) Pause Young (Normal) (G1 Evacuation Pause) 902M->807M(1024M) 4,821ms
[163,615s][info][gc] GC(3208) Pause Young (Normal) (G1 Evacuation Pause) 903M->814M(1024M) 4,798ms
[163,643s][info][gc] GC(3202) Pause Cleanup 880M->880M(1024M) 0,394ms
[163,644s][info][gc] GC(3202) Concurrent Mark Cycle 368,732ms
[163,657s][info][gc] GC(3209) Pause Young (Prepare Mixed) (G1 Evacuation Pause) 903M->822M(1024M) 4,495ms
[163,689s][info][gc] GC(3210) Pause Young (Mixed) (G1 Evacuation Pause) 865M->775M(1024M) 13,945ms
[163,723s][info][gc] GC(3211) Pause Young (Mixed) (G1 Evacuation Pause) 822M->740M(1024M) 14,048ms
[163,752s][info][gc] GC(3212) Pause Young (Mixed) (G1 Evacuation Pause) 784M->723M(1024M) 10,606ms
[163,827s][info][gc] GC(3213) Pause Young (Normal) (G1 Evacuation Pause) 891M->735M(1024M) 5,224ms
[163,897s][info][gc] GC(3214) Pause Young (Normal) (G1 Evacuation Pause) 892M->749M(1024M) 6,948ms
[163,962s][info][gc] GC(3215) Pause Young (Concurrent Start) (G1 Evacuation Pause) 895M->760M(1024M) 5,718ms
[163,962s][info][gc] GC(3216) Concurrent Mark Cycle
[164,029s][info][gc] GC(3217) Pause Young (Normal) (G1 Evacuation Pause) 896M->770M(1024M) 5,350ms
[164,092s][info][gc] GC(3218) Pause Young (Normal) (G1 Evacuation Pause) 898M->781M(1024M) 5,023ms
[164,150s][info][gc] GC(3219) Pause Young (Normal) (G1 Evacuation Pause) 899M->789M(1024M) 4,789ms
[164,174s][info][gc] GC(3216) Pause Remark 840M->840M(1024M) 0,762ms
[164,205s][info][gc] GC(3220) Pause Young (Normal) (G1 Evacuation Pause) 900M->799M(1024M) 4,996ms
[164,254s][info][gc] GC(3221) Pause Young (Normal) (G1 Evacuation Pause) 902M->807M(1024M) 4,933ms
[164,299s][info][gc] GC(3222) Pause Young (Normal) (G1 Evacuation Pause) 902M->815M(1024M) 4,730ms
[164,329s][info][gc] GC(3216) Pause Cleanup 883M->883M(1024M) 0,358ms
[164,330s][info][gc] GC(3216) Concurrent Mark Cycle 367,981ms
[164,342s][info][gc] GC(3223) Pause Young (Prepare Mixed) (G1 Evacuation Pause) 904M->822M(1024M) 4,325ms
[164,374s][info][gc] GC(3224) Pause Young (Mixed) (G1 Evacuation Pause) 865M->775M(1024M) 14,006ms
[164,410s][info][gc] GC(3225) Pause Young (Mixed) (G1 Evacuation Pause) 822M->739M(1024M) 14,475ms
[164,439s][info][gc] GC(3226) Pause Young (Mixed) (G1 Evacuation Pause) 783M->719M(1024M) 11,097ms
[164,517s][info][gc] GC(3227) Pause Young (Normal) (G1 Evacuation Pause) 891M->732M(1024M) 5,208ms
[164,589s][info][gc] GC(3228) Pause Young (Normal) (G1 Evacuation Pause) 893M->745M(1024M) 7,236ms
[164,654s][info][gc] GC(3229) Pause Young (Concurrent Start) (G1 Evacuation Pause) 893M->758M(1024M) 5,665ms
[164,654s][info][gc] GC(3230) Concurrent Mark Cycle
[164,722s][info][gc] GC(3231) Pause Young (Normal) (G1 Evacuation Pause) 896M->768M(1024M) 5,611ms
[164,786s][info][gc] GC(3232) Pause Young (Normal) (G1 Evacuation Pause) 897M->779M(1024M) 5,197ms
[164,845s][info][gc] GC(3233) Pause Young (Normal) (G1 Evacuation Pause) 899M->788M(1024M) 4,872ms
[164,867s][info][gc] GC(3230) Pause Remark 835M->835M(1024M) 0,750ms
[164,900s][info][gc] GC(3234) Pause Young (Normal) (G1 Evacuation Pause) 900M->797M(1024M) 5,035ms
[164,949s][info][gc] GC(3235) Pause Young (Normal) (G1 Evacuation Pause) 901M->806M(1024M) 4,896ms
[164,995s][info][gc] GC(3236) Pause Young (Normal) (G1 Evacuation Pause) 903M->813M(1024M) 4,704ms
[165,021s][info][gc] GC(3230) Pause Cleanup 874M->874M(1024M) 0,331ms
[165,022s][info][gc] GC(3230) Concurrent Mark Cycle 367,968ms
[165,038s][info][gc] GC(3237) Pause Young (Prepare Mixed) (G1 Evacuation Pause) 904M->820M(1024M) 4,461ms
[165,070s][info][gc] GC(3238) Pause Young (Mixed) (G1 Evacuation Pause) 863M->776M(1024M) 14,650ms
[165,103s][info][gc] GC(3239) Pause Young (Mixed) (G1 Evacuation Pause) 823M->740M(1024M) 14,541ms
[165,132s][info][gc] GC(3240) Pause Young (Mixed) (G1 Evacuation Pause) 784M->721M(1024M) 11,031ms
[165,207s][info][gc] GC(3241) Pause Young (Normal) (G1 Evacuation Pause) 891M->734M(1024M) 5,234ms
[165,280s][info][gc] GC(3242) Pause Young (Normal) (G1 Evacuation Pause) 893M->747M(1024M) 7,096ms
[165,345s][info][gc] GC(3243) Pause Young (Concurrent Start) (G1 Evacuation Pause) 895M->760M(1024M) 5,716ms
[165,345s][info][gc] GC(3244) Concurrent Mark Cycle
[165,412s][info][gc] GC(3245) Pause Young (Normal) (G1 Evacuation Pause) 896M->770M(1024M) 5,541ms
[165,476s][info][gc] GC(3246) Pause Young (Normal) (G1 Evacuation Pause) 898M->780M(1024M) 5,170ms
[165,534s][info][gc] GC(3247) Pause Young (Normal) (G1 Evacuation Pause) 898M->789M(1024M) 4,749ms
[165,559s][info][gc] GC(3244) Pause Remark 841M->841M(1024M) 0,776ms
[165,589s][info][gc] GC(3248) Pause Young (Normal) (G1 Evacuation Pause) 900M->799M(1024M) 4,964ms
[165,638s][info][gc] GC(3249) Pause Young (Normal) (G1 Evacuation Pause) 901M->807M(1024M) 4,766ms
[165,684s][info][gc] GC(3250) Pause Young (Normal) (G1 Evacuation Pause) 902M->815M(1024M) 4,625ms
[165,716s][info][gc] GC(3244) Pause Cleanup 887M->887M(1024M) 0,340ms
[165,717s][info][gc] GC(3244) Concurrent Mark Cycle 371,468ms
[165,727s][info][gc] GC(3251) Pause Young (Prepare Mixed) (G1 Evacuation Pause) 904M->823M(1024M) 4,397ms
[165,760s][info][gc] GC(3252) Pause Young (Mixed) (G1 Evacuation Pause) 866M->777M(1024M) 14,044ms
[165,794s][info][gc] GC(3253) Pause Young (Mixed) (G1 Evacuation Pause) 824M->740M(1024M) 14,661ms
[165,823s][info][gc] GC(3254) Pause Young (Mixed) (G1 Evacuation Pause) 784M->721M(1024M) 10,825ms
[165,898s][info][gc] GC(3255) Pause Young (Normal) (G1 Evacuation Pause) 891M->733M(1024M) 5,132ms
[165,970s][info][gc] GC(3256) Pause Young (Normal) (G1 Evacuation Pause) 892M->747M(1024M) 7,000ms
[166,034s][info][gc] GC(3257) Pause Young (Concurrent Start) (G1 Evacuation Pause) 895M->759M(1024M) 5,774ms
[166,034s][info][gc] GC(3258) Concurrent Mark Cycle
[166,102s][info][gc] GC(3259) Pause Young (Normal) (G1 Evacuation Pause) 896M->769M(1024M) 5,436ms
[166,166s][info][gc] GC(3260) Pause Young (Normal) (G1 Evacuation Pause) 898M->780M(1024M) 5,100ms
[166,225s][info][gc] GC(3261) Pause Young (Normal) (G1 Evacuation Pause) 899M->790M(1024M) 4,918ms
[166,248s][info][gc] GC(3258) Pause Remark 840M->840M(1024M) 1,022ms
[166,279s][info][gc] GC(3262) Pause Young (Normal) (G1 Evacuation Pause) 901M->798M(1024M) 5,026ms
[166,328s][info][gc] GC(3263) Pause Young (Normal) (G1 Evacuation Pause) 901M->806M(1024M) 4,810ms
[166,373s][info][gc] GC(3264) Pause Young (Normal) (G1 Evacuation Pause) 902M->814M(1024M) 4,683ms
[166,403s][info][gc] GC(3258) Pause Cleanup 882M->882M(1024M) 0,382ms
[166,404s][info][gc] GC(3258) Concurrent Mark Cycle 369,411ms
[166,417s][info][gc] GC(3265) Pause Young (Prepare Mixed) (G1 Evacuation Pause) 904M->821M(1024M) 4,506ms
[166,449s][info][gc] GC(3266) Pause Young (Mixed) (G1 Evacuation Pause) 864M->776M(1024M) 14,673ms
[166,483s][info][gc] GC(3267) Pause Young (Mixed) (G1 Evacuation Pause) 823M->740M(1024M) 14,283ms
[166,512s][info][gc] GC(3268) Pause Young (Mixed) (G1 Evacuation Pause) 784M->720M(1024M) 11,441ms
[166,588s][info][gc] GC(3269) Pause Young (Normal) (G1 Evacuation Pause) 891M->732M(1024M) 5,166ms
[166,660s][info][gc] GC(3270) Pause Young (Normal) (G1 Evacuation Pause) 892M->746M(1024M) 7,101ms
[166,725s][info][gc] GC(3271) Pause Young (Concurrent Start) (G1 Evacuation Pause) 894M->757M(1024M) 5,726ms
[166,725s][info][gc] GC(3272) Concurrent Mark Cycle
[166,793s][info][gc] GC(3273) Pause Young (Normal) (G1 Evacuation Pause) 895M->769M(1024M) 5,388ms
[166,857s][info][gc] GC(3274) Pause Young (Normal) (G1 Evacuation Pause) 898M->779M(1024M) 5,249ms
[166,916s][info][gc] GC(3275) Pause Young (Normal) (G1 Evacuation Pause) 899M->788M(1024M) 4,839ms
[166,938s][info][gc] GC(3272) Pause Remark 835M->835M(1024M) 0,763ms
[166,971s][info][gc] GC(3276) Pause Young (Normal) (G1 Evacuation Pause) 899M->797M(1024M) 5,206ms
[167,020s][info][gc] GC(3277) Pause Young (Normal) (G1 Evacuation Pause) 901M->806M(1024M) 4,936ms
[167,066s][info][gc] GC(3278) Pause Young (Normal) (G1 Evacuation Pause) 903M->813M(1024M) 4,645ms
[167,093s][info][gc] GC(3272) Pause Cleanup 876M->876M(1024M) 0,349ms
[167,094s][info][gc] GC(3272) Concurrent Mark Cycle 369,105ms
[167,110s][info][gc] GC(3279) Pause Young (Prepare Mixed) (G1 Evacuation Pause) 904M->821M(1024M) 4,451ms
[167,143s][info][gc] GC(3280) Pause Young (Mixed) (G1 Evacuation Pause) 864M->775M(1024M) 14,595ms
[167,177s][info][gc] GC(3281) Pause Young (Mixed) (G1 Evacuation Pause) 822M->739M(1024M) 14,454ms
[167,206s][info][gc] GC(3282) Pause Young (Mixed) (G1 Evacuation Pause) 783M->722M(1024M) 10,312ms
[167,280s][info][gc] GC(3283) Pause Young (Normal) (G1 Evacuation Pause) 891M->734M(1024M) 5,250ms
[167,351s][info][gc] GC(3284) Pause Young (Normal) (G1 Evacuation Pause) 892M->748M(1024M) 7,082ms
[167,414s][info][gc] GC(3285) Pause Young (Concurrent Start) (G1 Evacuation Pause) 895M->758M(1024M) 5,766ms
[167,414s][info][gc] GC(3286) Concurrent Mark Cycle
[167,482s][info][gc] GC(3287) Pause Young (Normal) (G1 Evacuation Pause) 896M->770M(1024M) 5,421ms
[167,545s][info][gc] GC(3288) Pause Young (Normal) (G1 Evacuation Pause) 897M->780M(1024M) 5,216ms
[167,603s][info][gc] GC(3289) Pause Young (Normal) (G1 Evacuation Pause) 899M->790M(1024M) 4,786ms
[167,627s][info][gc] GC(3286) Pause Remark 841M->841M(1024M) 0,776ms
[167,658s][info][gc] GC(3290) Pause Young (Normal) (G1 Evacuation Pause) 901M->799M(1024M) 5,037ms
[167,707s][info][gc] GC(3291) Pause Young (Normal) (G1 Evacuation Pause) 902M->807M(1024M) 4,961ms
[167,752s][info][gc] GC(3292) Pause Young (Normal) (G1 Evacuation Pause) 902M->814M(1024M) 4,705ms
[167,782s][info][gc] GC(3286) Pause Cleanup 884M->884M(1024M) 0,361ms
[167,783s][info][gc] GC(3286) Concurrent Mark Cycle 368,685ms
[167,794s][info][gc] GC(3293) Pause Young (Prepare Mixed) (G1 Evacuation Pause) 903M->822M(1024M) 4,312ms
[167,827s][info][gc] GC(3294) Pause Young (Mixed) (G1 Evacuation Pause) 865M->776M(1024M) 14,572ms
[167,861s][info][gc] GC(3295) Pause Young (Mixed) (G1 Evacuation Pause) 823M->739M(1024M) 14,393ms
[167,890s][info][gc] GC(3296) Pause Young (Mixed) (G1 Evacuation Pause) 783M->720M(1024M) 10,972ms
[167,965s][info][gc] GC(3297) Pause Young (Normal) (G1 Evacuation Pause) 891M->733M(1024M) 5,200ms
[168,037s][info][gc] GC(3298) Pause Young (Normal) (G1 Evacuation Pause) 893M->746M(1024M) 7,218ms
[168,101s][info][gc] GC(3299) Pause Young (Concurrent Start) (G1 Evacuation Pause) 894M->758M(1024M) 5,616ms
[168,101s][info][gc] GC(3300) Concurrent Mark Cycle
[168,169s][info][gc] GC(3301) Pause Young (Normal) (G1 Evacuation Pause) 896M->769M(1024M) 5,447ms
[168,232s][info][gc] GC(3302) Pause Young (Normal) (G1 Evacuation Pause) 898M->779M(1024M) 5,034ms
[168,291s][info][gc] GC(3303) Pause Young (Normal) (G1 Evacuation Pause) 899M->788M(1024M) 4,915ms
[168,314s][info][gc] GC(3300) Pause Remark 836M->836M(1024M) 0,729ms
[168,346s][info][gc] GC(3304) Pause Young (Normal) (G1 Evacuation Pause) 899M->798M(1024M) 5,011ms
[168,395s][info][gc] GC(3305) Pause Young (Normal) (G1 Evacuation Pause) 902M->806M(1024M) 4,872ms
[168,441s][info][gc] GC(3306) Pause Young (Normal) (G1 Evacuation Pause) 903M->814M(1024M) 4,787ms
[168,468s][info][gc] GC(3300) Pause Cleanup 875M->875M(1024M) 0,363ms
[168,469s][info][gc] GC(3300) Concurrent Mark Cycle 367,892ms
[168,484s][info][gc] GC(3307) Pause Young (Prepare Mixed) (G1 Evacuation Pause) 904M->821M(1024M) 4,436ms
[168,517s][info][gc] GC(3308) Pause Young (Mixed) (G1 Evacuation Pause) 864M->776M(1024M) 14,850ms
[168,551s][info][gc] GC(3309) Pause Young (Mixed) (G1 Evacuation Pause) 823M->739M(1024M) 14,249ms
[168,581s][info][gc] GC(3310) Pause Young (Mixed) (G1 Evacuation Pause) 783M->720M(1024M) 10,925ms
[168,656s][info][gc] GC(3311) Pause Young (Normal) (G1 Evacuation Pause) 891M->733M(1024M) 5,197ms
[168,727s][info][gc] GC(3312) Pause Young (Normal) (G1 Evacuation Pause) 893M->746M(1024M) 7,209ms
[168,791s][info][gc] GC(3313) Pause Young (Concurrent Start) (G1 Evacuation Pause) 894M->758M(1024M) 5,803ms
[168,792s][info][gc] GC(3314) Concurrent Mark Cycle
[168,860s][info][gc] GC(3315) Pause Young (Normal) (G1 Evacuation Pause) 895M->769M(1024M) 5,330ms
[168,924s][info][gc] GC(3316) Pause Young (Normal) (G1 Evacuation Pause) 897M->779M(1024M) 5,160ms
[168,983s][info][gc] GC(3317) Pause Young (Normal) (G1 Evacuation Pause) 898M->789M(1024M) 4,847ms
[169,007s][info][gc] GC(3314) Pause Remark 840M->840M(1024M) 0,815ms
[169,037s][info][gc] GC(3318) Pause Young (Normal) (G1 Evacuation Pause) 900M->798M(1024M) 4,981ms
[169,087s][info][gc] GC(3319) Pause Young (Normal) (G1 Evacuation Pause) 902M->806M(1024M) 4,889ms
[169,132s][info][gc] GC(3320) Pause Young (Normal) (G1 Evacuation Pause) 902M->814M(1024M) 4,744ms
[169,162s][info][gc] GC(3314) Pause Cleanup 882M->882M(1024M) 0,357ms
[169,163s][info][gc] GC(3314) Concurrent Mark Cycle 371,387ms
[169,176s][info][gc] GC(3321) Pause Young (Prepare Mixed) (G1 Evacuation Pause) 904M->822M(1024M) 4,308ms
[169,208s][info][gc] GC(3322) Pause Young (Mixed) (G1 Evacuation Pause) 865M->776M(1024M) 14,374ms
[169,242s][info][gc] GC(3323) Pause Young (Mixed) (G1 Evacuation Pause) 823M->740M(1024M) 14,152ms
[169,271s][info][gc] GC(3324) Pause Young (Mixed) (G1 Evacuation Pause) 784M->722M(1024M) 10,911ms
[169,347s][info][gc] GC(3325) Pause Young (Normal) (G1 Evacuation Pause) 891M->734M(1024M) 5,163ms
[169,418s][info][gc] GC(3326) Pause Young (Normal) (G1 Evacuation Pause) 892M->747M(1024M) 7,111ms
[169,483s][info][gc] GC(3327) Pause Young (Concurrent Start) (G1 Evacuation Pause) 895M->759M(1024M) 5,701ms
[169,483s][info][gc] GC(3328) Concurrent Mark Cycle
[169,550s][info][gc] GC(3329) Pause Young (Normal) (G1 Evacuation Pause) 896M->769M(1024M) 5,293ms
[169,614s][info][gc] GC(3330) Pause Young (Normal) (G1 Evacuation Pause) 898M->780M(1024M) 5,079ms
[169,673s][info][gc] GC(3331) Pause Young (Normal) (G1 Evacuation Pause) 899M->789M(1024M) 5,000ms
[169,695s][info][gc] GC(3328) Pause Remark 837M->837M(1024M) 0,685ms
[169,727s][info][gc] GC(3332) Pause Young (Normal) (G1 Evacuation Pause) 900M->798M(1024M) 5,072ms
[169,776s][info][gc] GC(3333) Pause Young (Normal) (G1 Evacuation Pause) 901M->806M(1024M) 4,834ms
[169,822s][info][gc] GC(3334) Pause Young (Normal) (G1 Evacuation Pause) 903M->814M(1024M) 4,769ms
[169,848s][info][gc] GC(3328) Pause Cleanup 874M->874M(1024M) 0,351ms
[169,849s][info][gc] GC(3328) Concurrent Mark Cycle 366,498ms
[169,865s][info][gc] GC(3335) Pause Young (Prepare Mixed) (G1 Evacuation Pause) 904M->821M(1024M) 4,499ms
[169,897s][info][gc] GC(3336) Pause Young (Mixed) (G1 Evacuation Pause) 864M->775M(1024M) 14,270ms
[169,931s][info][gc] GC(3337) Pause Young (Mixed) (G1 Evacuation Pause) 822M->739M(1024M) 14,370ms
[169,961s][info][gc] GC(3338) Pause Young (Mixed) (G1 Evacuation Pause) 783M->719M(1024M) 11,357ms
[170,037s][info][gc] GC(3339) Pause Young (Normal) (G1 Evacuation Pause) 891M->732M(1024M) 5,186ms
[170,109s][info][gc] GC(3340) Pause Young (Normal) (G1 Evacuation Pause) 893M->746M(1024M) 7,108ms
[170,176s][info][gc] GC(3341) Pause Young (Concurrent Start) (G1 Evacuation Pause) 894M->757M(1024M) 5,738ms
[170,176s][info][gc] GC(3342) Concurrent Mark Cycle
[170,244s][info][gc] GC(3343) Pause Young (Normal) (G1 Evacuation Pause) 895M->768M(1024M) 5,364ms
[170,308s][info][gc] GC(3344) Pause Young (Normal) (G1 Evacuation Pause) 897M->779M(1024M) 5,117ms
[170,367s][info][gc] GC(3345) Pause Young (Normal) (G1 Evacuation Pause) 898M->789M(1024M) 4,891ms
[170,389s][info][gc] GC(3342) Pause Remark 835M->835M(1024M) 0,924ms
[170,422s][info][gc] GC(3346) Pause Young (Normal) (G1 Evacuation Pause) 900M->798M(1024M) 5,091ms
[170,472s][info][gc] GC(3347) Pause Young (Normal) (G1 Evacuation Pause) 902M->807M(1024M) 4,952ms
[170,517s][info][gc] GC(3348) Pause Young (Normal) (G1 Evacuation Pause) 903M->814M(1024M) 4,709ms
[170,543s][info][gc] GC(3342) Pause Cleanup 873M->873M(1024M) 0,341ms
[170,544s][info][gc] GC(3342) Concurrent Mark Cycle 368,353ms
[170,561s][info][gc] GC(3349) Pause Young (Prepare Mixed) (G1 Evacuation Pause) 904M->821M(1024M) 4,326ms
[170,593s][info][gc] GC(3350) Pause Young (Mixed) (G1 Evacuation Pause) 864M->777M(1024M) 14,256ms
[170,627s][info][gc] GC(3351) Pause Young (Mixed) (G1 Evacuation Pause) 824M->740M(1024M) 14,390ms
[170,656s][info][gc] GC(3352) Pause Young (Mixed) (G1 Evacuation Pause) 784M->722M(1024M) 10,438ms
[170,732s][info][gc] GC(3353) Pause Young (Normal) (G1 Evacuation Pause) 891M->734M(1024M) 5,240ms
[170,804s][info][gc] GC(3354) Pause Young (Normal) (G1 Evacuation Pause) 892M->747M(1024M) 7,102ms
[170,870s][info][gc] GC(3355) Pause Young (Concurrent Start) (G1 Evacuation Pause) 895M->759M(1024M) 5,668ms
[170,870s][info][gc] GC(3356) Concurrent Mark Cycle
[170,938s][info][gc] GC(3357) Pause Young (Normal) (G1 Evacuation Pause) 896M->769M(1024M) 5,324ms
[171,002s][info][gc] GC(3358) Pause Young (Normal) (G1 Evacuation Pause) 898M->780M(1024M) 5,092ms
[171,061s][info][gc] GC(3359) Pause Young (Normal) (G1 Evacuation Pause) 899M->790M(1024M) 4,848ms
[171,084s][info][gc] GC(3356) Pause Remark 838M->838M(1024M) 0,663ms
[171,116s][info][gc] GC(3360) Pause Young (Normal) (G1 Evacuation Pause) 901M->799M(1024M) 5,044ms
[171,165s][info][gc] GC(3361) Pause Young (Normal) (G1 Evacuation Pause) 901M->807M(1024M) 4,888ms
[171,210s][info][gc] GC(3362) Pause Young (Normal) (G1 Evacuation Pause) 902M->814M(1024M) 4,656ms
[171,239s][info][gc] GC(3356) Pause Cleanup 881M->881M(1024M) 0,380ms
[171,240s][info][gc] GC(3356) Concurrent Mark Cycle 369,881ms
[171,253s][info][gc] GC(3363) Pause Young (Prepare Mixed) (G1 Evacuation Pause) 903M->821M(1024M) 4,314ms
[171,285s][info][gc] GC(3364) Pause Young (Mixed) (G1 Evacuation Pause) 864M->776M(1024M) 14,612ms
[171,319s][info][gc] GC(3365) Pause Young (Mixed) (G1 Evacuation Pause) 823M->739M(1024M) 14,258ms
[171,349s][info][gc] GC(3366) Pause Young (Mixed) (G1 Evacuation Pause) 783M->719M(1024M) 11,438ms
[171,424s][info][gc] GC(3367) Pause Young (Normal) (G1 Evacuation Pause) 891M->732M(1024M) 5,236ms
[171,497s][info][gc] GC(3368) Pause Young (Normal) (G1 Evacuation Pause) 893M->745M(1024M) 7,147ms
[171,562s][info][gc] GC(3369) Pause Young (Concurrent Start) (G1 Evacuation Pause) 893M->758M(1024M) 5,750ms
[171,562s][info][gc] GC(3370) Concurrent Mark Cycle
[171,630s][info][gc] GC(3371) Pause Young (Normal) (G1 Evacuation Pause) 896M->769M(1024M) 5,480ms
[171,693s][info][gc] GC(3372) Pause Young (Normal) (G1 Evacuation Pause) 898M->779M(1024M) 5,049ms
[171,752s][info][gc] GC(3373) Pause Young (Normal) (G1 Evacuation Pause) 899M->789M(1024M) 4,863ms
[171,774s][info][gc] GC(3370) Pause Remark 837M->837M(1024M) 0,809ms
[171,806s][info][gc] GC(3374) Pause Young (Normal) (G1 Evacuation Pause) 900M->798M(1024M) 4,951ms
[171,855s][info][gc] GC(3375) Pause Young (Normal) (G1 Evacuation Pause) 902M->806M(1024M) 4,959ms
[171,901s][info][gc] GC(3376) Pause Young (Normal) (G1 Evacuation Pause) 903M->814M(1024M) 4,834ms
[171,928s][info][gc] GC(3370) Pause Cleanup 875M->875M(1024M) 0,342ms
[171,929s][info][gc] GC(3370) Concurrent Mark Cycle 367,515ms
[171,945s][info][gc] GC(3377) Pause Young (Prepare Mixed) (G1 Evacuation Pause) 904M->821M(1024M) 4,497ms
[171,977s][info][gc] GC(3378) Pause Young (Mixed) (G1 Evacuation Pause) 864M->775M(1024M) 14,355ms
[172,010s][info][gc] GC(3379) Pause Young (Mixed) (G1 Evacuation Pause) 822M->739M(1024M) 14,400ms
[172,039s][info][gc] GC(3380) Pause Young (Mixed) (G1 Evacuation Pause) 783M->722M(1024M) 10,687ms
[172,114s][info][gc] GC(3381) Pause Young (Normal) (G1 Evacuation Pause) 891M->734M(1024M) 5,201ms
[172,185s][info][gc] GC(3382) Pause Young (Normal) (G1 Evacuation Pause) 892M->748M(1024M) 7,210ms
[172,249s][info][gc] GC(3383) Pause Young (Concurrent Start) (G1 Evacuation Pause) 895M->759M(1024M) 5,650ms
[172,249s][info][gc] GC(3384) Concurrent Mark Cycle
[172,317s][info][gc] GC(3385) Pause Young (Normal) (G1 Evacuation Pause) 896M->770M(1024M) 5,333ms
[172,379s][info][gc] GC(3386) Pause Young (Normal) (G1 Evacuation Pause) 897M->780M(1024M) 4,999ms
[172,438s][info][gc] GC(3387) Pause Young (Normal) (G1 Evacuation Pause) 898M->790M(1024M) 4,803ms
[172,462s][info][gc] GC(3384) Pause Remark 843M->843M(1024M) 0,682ms
[172,492s][info][gc] GC(3388) Pause Young (Normal) (G1 Evacuation Pause) 901M->799M(1024M) 4,965ms
[172,540s][info][gc] GC(3389) Pause Young (Normal) (G1 Evacuation Pause) 902M->807M(1024M) 4,940ms
[172,586s][info][gc] GC(3390) Pause Young (Normal) (G1 Evacuation Pause) 902M->815M(1024M) 4,739ms
[172,617s][info][gc] GC(3384) Pause Cleanup 888M->888M(1024M) 0,340ms
[172,618s][info][gc] GC(3384) Concurrent Mark Cycle 368,876ms
[172,629s][info][gc] GC(3391) Pause Young (Prepare Mixed) (G1 Evacuation Pause) 904M->822M(1024M) 4,411ms
[172,661s][info][gc] GC(3392) Pause Young (Mixed) (G1 Evacuation Pause) 865M->776M(1024M) 14,544ms
[172,696s][info][gc] GC(3393) Pause Young (Mixed) (G1 Evacuation Pause) 823M->740M(1024M) 14,445ms
[172,726s][info][gc] GC(3394) Pause Young (Mixed) (G1 Evacuation Pause) 784M->721M(1024M) 11,434ms
[172,802s][info][gc] GC(3395) Pause Young (Normal) (G1 Evacuation Pause) 891M->734M(1024M) 5,155ms
[172,873s][info][gc] GC(3396) Pause Young (Normal) (G1 Evacuation Pause) 893M->747M(1024M) 7,159ms
[172,938s][info][gc] GC(3397) Pause Young (Concurrent Start) (G1 Evacuation Pause) 895M->759M(1024M) 5,774ms
[172,938s][info][gc] GC(3398) Concurrent Mark Cycle
[173,005s][info][gc] GC(3399) Pause Young (Normal) (G1 Evacuation Pause) 896M->769M(1024M) 5,338ms
[173,069s][info][gc] GC(3400) Pause Young (Normal) (G1 Evacuation Pause) 898M->780M(1024M) 5,057ms
[173,128s][info][gc] GC(3401) Pause Young (Normal) (G1 Evacuation Pause) 899M->789M(1024M) 4,881ms
[173,151s][info][gc] GC(3398) Pause Remark 840M->840M(1024M) 0,866ms
[173,182s][info][gc] GC(3402) Pause Young (Normal) (G1 Evacuation Pause) 900M->799M(1024M) 5,054ms
[173,231s][info][gc] GC(3403) Pause Young (Normal) (G1 Evacuation Pause) 902M->807M(1024M) 4,842ms
[173,276s][info][gc] GC(3404) Pause Young (Normal) (G1 Evacuation Pause) 903M->814M(1024M) 4,715ms
[173,306s][info][gc] GC(3398) Pause Cleanup 883M->883M(1024M) 0,364ms
[173,307s][info][gc] GC(3398) Concurrent Mark Cycle 368,860ms
[173,319s][info][gc] GC(3405) Pause Young (Prepare Mixed) (G1 Evacuation Pause) 904M->822M(1024M) 4,365ms
[173,355s][info][gc] GC(3406) Pause Young (Mixed) (G1 Evacuation Pause) 865M->776M(1024M) 17,459ms
[173,390s][info][gc] GC(3407) Pause Young (Mixed) (G1 Evacuation Pause) 823M->739M(1024M) 14,213ms
[173,419s][info][gc] GC(3408) Pause Young (Mixed) (G1 Evacuation Pause) 783M->722M(1024M) 11,239ms
[173,495s][info][gc] GC(3409) Pause Young (Normal) (G1 Evacuation Pause) 891M->734M(1024M) 5,341ms
[173,567s][info][gc] GC(3410) Pause Young (Normal) (G1 Evacuation Pause) 892M->748M(1024M) 7,072ms
[173,632s][info][gc] GC(3411) Pause Young (Concurrent Start) (G1 Evacuation Pause) 895M->759M(1024M) 5,659ms
[173,632s][info][gc] GC(3412) Concurrent Mark Cycle
[173,700s][info][gc] GC(3413) Pause Young (Normal) (G1 Evacuation Pause) 896M->771M(1024M) 5,881ms
[173,763s][info][gc] GC(3414) Pause Young (Normal) (G1 Evacuation Pause) 898M->782M(1024M) 5,027ms
[173,821s][info][gc] GC(3415) Pause Young (Normal) (G1 Evacuation Pause) 899M->791M(1024M) 4,711ms
[173,847s][info][gc] GC(3412) Pause Remark 845M->845M(1024M) 0,791ms
[173,875s][info][gc] GC(3416) Pause Young (Normal) (G1 Evacuation Pause) 900M->800M(1024M) 5,010ms
[173,924s][info][gc] GC(3417) Pause Young (Normal) (G1 Evacuation Pause) 902M->808M(1024M) 4,733ms
[173,970s][info][gc] GC(3418) Pause Young (Normal) (G1 Evacuation Pause) 903M->815M(1024M) 4,545ms
[174,002s][info][gc] GC(3412) Pause Cleanup 889M->889M(1024M) 0,337ms
[174,003s][info][gc] GC(3412) Concurrent Mark Cycle 371,332ms
[174,013s][info][gc] GC(3419) Pause Young (Prepare Mixed) (G1 Evacuation Pause) 904M->822M(1024M) 4,339ms
[174,046s][info][gc] GC(3420) Pause Young (Mixed) (G1 Evacuation Pause) 866M->776M(1024M) 14,013ms
[174,080s][info][gc] GC(3421) Pause Young (Mixed) (G1 Evacuation Pause) 823M->740M(1024M) 14,379ms
[174,110s][info][gc] GC(3422) Pause Young (Mixed) (G1 Evacuation Pause) 784M->722M(1024M) 11,403ms
[174,183s][info][gc] GC(3423) Pause Young (Normal) (G1 Evacuation Pause) 891M->734M(1024M) 5,176ms
[174,253s][info][gc] GC(3424) Pause Young (Normal) (G1 Evacuation Pause) 892M->747M(1024M) 7,058ms
[174,318s][info][gc] GC(3425) Pause Young (Concurrent Start) (G1 Evacuation Pause) 895M->759M(1024M) 5,702ms
[174,318s][info][gc] GC(3426) Concurrent Mark Cycle
[174,386s][info][gc] GC(3427) Pause Young (Normal) (G1 Evacuation Pause) 895M->770M(1024M) 5,359ms
[174,449s][info][gc] GC(3428) Pause Young (Normal) (G1 Evacuation Pause) 898M->780M(1024M) 5,082ms
[174,507s][info][gc] GC(3429) Pause Young (Normal) (G1 Evacuation Pause) 899M->789M(1024M) 4,865ms
[174,531s][info][gc] GC(3426) Pause Remark 841M->841M(1024M) 0,844ms
[174,562s][info][gc] GC(3430) Pause Young (Normal) (G1 Evacuation Pause) 900M->799M(1024M) 5,007ms
[174,611s][info][gc] GC(3431) Pause Young (Normal) (G1 Evacuation Pause) 901M->807M(1024M) 4,783ms
[174,656s][info][gc] GC(3432) Pause Young (Normal) (G1 Evacuation Pause) 902M->814M(1024M) 4,702ms
[174,686s][info][gc] GC(3426) Pause Cleanup 884M->884M(1024M) 0,344ms
[174,687s][info][gc] GC(3426) Concurrent Mark Cycle 368,545ms
[174,699s][info][gc] GC(3433) Pause Young (Prepare Mixed) (G1 Evacuation Pause) 903M->821M(1024M) 4,360ms
[174,731s][info][gc] GC(3434) Pause Young (Mixed) (G1 Evacuation Pause) 864M->776M(1024M) 14,242ms
[174,765s][info][gc] GC(3435) Pause Young (Mixed) (G1 Evacuation Pause) 823M->739M(1024M) 14,208ms
[174,795s][info][gc] GC(3436) Pause Young (Mixed) (G1 Evacuation Pause) 783M->720M(1024M) 10,925ms
[174,870s][info][gc] GC(3437) Pause Young (Normal) (G1 Evacuation Pause) 891M->733M(1024M) 5,160ms
[174,942s][info][gc] GC(3438) Pause Young (Normal) (G1 Evacuation Pause) 893M->746M(1024M) 7,166ms
[175,006s][info][gc] GC(3439) Pause Young (Concurrent Start) (G1 Evacuation Pause) 894M->758M(1024M) 5,733ms
[175,006s][info][gc] GC(3440) Concurrent Mark Cycle
[175,074s][info][gc] GC(3441) Pause Young (Normal) (G1 Evacuation Pause) 896M->769M(1024M) 5,488ms
[175,137s][info][gc] GC(3442) Pause Young (Normal) (G1 Evacuation Pause) 897M->780M(1024M) 5,125ms
[175,196s][info][gc] GC(3443) Pause Young (Normal) (G1 Evacuation Pause) 899M->789M(1024M) 4,875ms
[175,219s][info][gc] GC(3440) Pause Remark 838M->838M(1024M) 0,845ms
[175,251s][info][gc] GC(3444) Pause Young (Normal) (G1 Evacuation Pause) 900M->798M(1024M) 5,064ms
[175,300s][info][gc] GC(3445) Pause Young (Normal) (G1 Evacuation Pause) 902M->806M(1024M) 4,943ms
[175,346s][info][gc] GC(3446) Pause Young (Normal) (G1 Evacuation Pause) 902M->814M(1024M) 4,766ms
[175,373s][info][gc] GC(3440) Pause Cleanup 877M->877M(1024M) 0,324ms
[175,374s][info][gc] GC(3440) Concurrent Mark Cycle 368,080ms
[175,389s][info][gc] GC(3447) Pause Young (Prepare Mixed) (G1 Evacuation Pause) 904M->822M(1024M) 4,487ms
[175,422s][info][gc] GC(3448) Pause Young (Mixed) (G1 Evacuation Pause) 865M->776M(1024M) 14,324ms
[175,456s][info][gc] GC(3449) Pause Young (Mixed) (G1 Evacuation Pause) 823M->740M(1024M) 14,360ms
[175,487s][info][gc] GC(3450) Pause Young (Mixed) (G1 Evacuation Pause) 784M->721M(1024M) 11,556ms
[175,562s][info][gc] GC(3451) Pause Young (Normal) (G1 Evacuation Pause) 891M->733M(1024M) 5,167ms
[175,634s][info][gc] GC(3452) Pause Young (Normal) (G1 Evacuation Pause) 892M->747M(1024M) 7,227ms
[175,699s][info][gc] GC(3453) Pause Young (Concurrent Start) (G1 Evacuation Pause) 895M->758M(1024M) 5,748ms
[175,699s][info][gc] GC(3454) Concurrent Mark Cycle
[175,766s][info][gc] GC(3455) Pause Young (Normal) (G1 Evacuation Pause) 895M->769M(1024M) 5,431ms
[175,829s][info][gc] GC(3456) Pause Young (Normal) (G1 Evacuation Pause) 897M->780M(1024M) 5,107ms
[175,888s][info][gc] GC(3457) Pause Young (Normal) (G1 Evacuation Pause) 899M->789M(1024M) 4,748ms
[175,911s][info][gc] GC(3454) Pause Remark 840M->840M(1024M) 0,849ms
[175,943s][info][gc] GC(3458) Pause Young (Normal) (G1 Evacuation Pause) 900M->798M(1024M) 5,134ms
[175,992s][info][gc] GC(3459) Pause Young (Normal) (G1 Evacuation Pause) 902M->806M(1024M) 5,037ms
[176,038s][info][gc] GC(3460) Pause Young (Normal) (G1 Evacuation Pause) 903M->814M(1024M) 4,681ms
[176,067s][info][gc] GC(3454) Pause Cleanup 881M->881M(1024M) 0,316ms
[176,068s][info][gc] GC(3454) Concurrent Mark Cycle 369,351ms
[176,081s][info][gc] GC(3461) Pause Young (Prepare Mixed) (G1 Evacuation Pause) 904M->821M(1024M) 4,580ms
[176,114s][info][gc] GC(3462) Pause Young (Mixed) (G1 Evacuation Pause) 864M->776M(1024M) 14,002ms
[176,148s][info][gc] GC(3463) Pause Young (Mixed) (G1 Evacuation Pause) 823M->739M(1024M) 14,531ms
[176,178s][info][gc] GC(3464) Pause Young (Mixed) (G1 Evacuation Pause) 783M->720M(1024M) 11,388ms
[176,253s][info][gc] GC(3465) Pause Young (Normal) (G1 Evacuation Pause) 891M->733M(1024M) 5,278ms
[176,324s][info][gc] GC(3466) Pause Young (Normal) (G1 Evacuation Pause) 893M->745M(1024M) 7,171ms
[176,389s][info][gc] GC(3467) Pause Young (Concurrent Start) (G1 Evacuation Pause) 894M->758M(1024M) 5,784ms
[176,389s][info][gc] GC(3468) Concurrent Mark Cycle
[176,457s][info][gc] GC(3469) Pause Young (Normal) (G1 Evacuation Pause) 896M->769M(1024M) 5,518ms
[176,521s][info][gc] GC(3470) Pause Young (Normal) (G1 Evacuation Pause) 898M->779M(1024M) 5,183ms
[176,580s][info][gc] GC(3471) Pause Young (Normal) (G1 Evacuation Pause) 899M->789M(1024M) 4,930ms
[176,603s][info][gc] GC(3468) Pause Remark 837M->837M(1024M) 0,738ms
[176,635s][info][gc] GC(3472) Pause Young (Normal) (G1 Evacuation Pause) 900M->798M(1024M) 5,099ms
[176,684s][info][gc] GC(3473) Pause Young (Normal) (G1 Evacuation Pause) 902M->806M(1024M) 4,854ms
[176,730s][info][gc] GC(3474) Pause Young (Normal) (G1 Evacuation Pause) 902M->814M(1024M) 4,794ms
[176,756s][info][gc] GC(3468) Pause Cleanup 877M->877M(1024M) 0,353ms
[176,757s][info][gc] GC(3468) Concurrent Mark Cycle 367,893ms
[176,773s][info][gc] GC(3475) Pause Young (Prepare Mixed) (G1 Evacuation Pause) 904M->821M(1024M) 4,439ms
[176,805s][info][gc] GC(3476) Pause Young (Mixed) (G1 Evacuation Pause) 864M->776M(1024M) 14,625ms
[176,839s][info][gc] GC(3477) Pause Young (Mixed) (G1 Evacuation Pause) 823M->741M(1024M) 14,194ms
[176,868s][info][gc] GC(3478) Pause Young (Mixed) (G1 Evacuation Pause) 785M->722M(1024M) 10,982ms
[176,942s][info][gc] GC(3479) Pause Young (Normal) (G1 Evacuation Pause) 891M->735M(1024M) 5,371ms
[177,013s][info][gc] GC(3480) Pause Young (Normal) (G1 Evacuation Pause) 893M->748M(1024M) 7,187ms
[177,078s][info][gc] GC(3481) Pause Young (Concurrent Start) (G1 Evacuation Pause) 895M->760M(1024M) 5,654ms
[177,078s][info][gc] GC(3482) Concurrent Mark Cycle
[177,145s][info][gc] GC(3483) Pause Young (Normal) (G1 Evacuation Pause) 896M->771M(1024M) 5,376ms
[177,207s][info][gc] GC(3484) Pause Young (Normal) (G1 Evacuation Pause) 898M->782M(1024M) 5,039ms
[177,265s][info][gc] GC(3485) Pause Young (Normal) (G1 Evacuation Pause) 899M->790M(1024M) 4,775ms
[177,290s][info][gc] GC(3482) Pause Remark 845M->845M(1024M) 0,702ms
[177,320s][info][gc] GC(3486) Pause Young (Normal) (G1 Evacuation Pause) 901M->800M(1024M) 5,125ms
[177,368s][info][gc] GC(3487) Pause Young (Normal) (G1 Evacuation Pause) 902M->808M(1024M) 4,821ms
[177,413s][info][gc] GC(3488) Pause Young (Normal) (G1 Evacuation Pause) 902M->815M(1024M) 4,730ms
[177,444s][info][gc] GC(3482) Pause Cleanup 888M->888M(1024M) 0,404ms
[177,446s][info][gc] GC(3482) Concurrent Mark Cycle 367,556ms
[177,455s][info][gc] GC(3489) Pause Young (Prepare Mixed) (G1 Evacuation Pause) 903M->822M(1024M) 4,405ms
[177,488s][info][gc] GC(3490) Pause Young (Mixed) (G1 Evacuation Pause) 866M->776M(1024M) 14,016ms
[177,522s][info][gc] GC(3491) Pause Young (Mixed) (G1 Evacuation Pause) 823M->740M(1024M) 14,537ms
[177,553s][info][gc] GC(3492) Pause Young (Mixed) (G1 Evacuation Pause) 784M->720M(1024M) 11,809ms
[177,629s][info][gc] GC(3493) Pause Young (Normal) (G1 Evacuation Pause) 891M->733M(1024M) 5,338ms
[177,700s][info][gc] GC(3494) Pause Young (Normal) (G1 Evacuation Pause) 893M->746M(1024M) 7,149ms
[177,765s][info][gc] GC(3495) Pause Young (Concurrent Start) (G1 Evacuation Pause) 894M->758M(1024M) 5,722ms
[177,765s][info][gc] GC(3496) Concurrent Mark Cycle
[177,833s][info][gc] GC(3497) Pause Young (Normal) (G1 Evacuation Pause) 895M->770M(1024M) 5,407ms
[177,896s][info][gc] GC(3498) Pause Young (Normal) (G1 Evacuation Pause) 898M->780M(1024M) 5,021ms
[177,955s][info][gc] GC(3499) Pause Young (Normal) (G1 Evacuation Pause) 899M->789M(1024M) 4,913ms
[177,978s][info][gc] GC(3496) Pause Remark 839M->839M(1024M) 0,922ms
[178,009s][info][gc] GC(3500) Pause Young (Normal) (G1 Evacuation Pause) 900M->798M(1024M) 4,944ms
[178,059s][info][gc] GC(3501) Pause Young (Normal) (G1 Evacuation Pause) 902M->807M(1024M) 4,902ms
[178,104s][info][gc] GC(3502) Pause Young (Normal) (G1 Evacuation Pause) 903M->814M(1024M) 4,777ms
[178,132s][info][gc] GC(3496) Pause Cleanup 879M->879M(1024M) 0,417ms
[178,133s][info][gc] GC(3496) Concurrent Mark Cycle 367,500ms
[178,147s][info][gc] GC(3503) Pause Young (Prepare Mixed) (G1 Evacuation Pause) 903M->822M(1024M) 4,456ms
[178,179s][info][gc] GC(3504) Pause Young (Mixed) (G1 Evacuation Pause) 865M->776M(1024M) 14,520ms
[178,213s][info][gc] GC(3505) Pause Young (Mixed) (G1 Evacuation Pause) 823M->740M(1024M) 14,401ms
[178,243s][info][gc] GC(3506) Pause Young (Mixed) (G1 Evacuation Pause) 784M->722M(1024M) 11,016ms
[178,317s][info][gc] GC(3507) Pause Young (Normal) (G1 Evacuation Pause) 891M->735M(1024M) 5,159ms
[178,386s][info][gc] GC(3508) Pause Young (Normal) (G1 Evacuation Pause) 893M->748M(1024M) 7,058ms
[178,451s][info][gc] GC(3509) Pause Young (Concurrent Start) (G1 Evacuation Pause) 895M->760M(1024M) 5,788ms
[178,451s][info][gc] GC(3510) Concurrent Mark Cycle
[178,518s][info][gc] GC(3511) Pause Young (Normal) (G1 Evacuation Pause) 896M->770M(1024M) 5,357ms
[178,581s][info][gc] GC(3512) Pause Young (Normal) (G1 Evacuation Pause) 898M->781M(1024M) 5,015ms
[178,639s][info][gc] GC(3513) Pause Young (Normal) (G1 Evacuation Pause) 899M->790M(1024M) 4,871ms
[178,664s][info][gc] GC(3510) Pause Remark 843M->843M(1024M) 0,797ms
[178,693s][info][gc] GC(3514) Pause Young (Normal) (G1 Evacuation Pause) 900M->799M(1024M) 5,004ms
[178,743s][info][gc] GC(3515) Pause Young (Normal) (G1 Evacuation Pause) 902M->808M(1024M) 4,699ms
[178,788s][info][gc] GC(3516) Pause Young (Normal) (G1 Evacuation Pause) 903M->815M(1024M) 4,613ms
[178,819s][info][gc] GC(3510) Pause Cleanup 886M->886M(1024M) 0,335ms
[178,820s][info][gc] GC(3510) Concurrent Mark Cycle 369,256ms
[178,831s][info][gc] GC(3517) Pause Young (Prepare Mixed) (G1 Evacuation Pause) 903M->823M(1024M) 4,358ms
[178,862s][info][gc] GC(3518) Pause Young (Mixed) (G1 Evacuation Pause) 866M->776M(1024M) 14,103ms
[178,896s][info][gc] GC(3519) Pause Young (Mixed) (G1 Evacuation Pause) 823M->739M(1024M) 14,521ms
[178,925s][info][gc] GC(3520) Pause Young (Mixed) (G1 Evacuation Pause) 783M->721M(1024M) 11,002ms
[179,001s][info][gc] GC(3521) Pause Young (Normal) (G1 Evacuation Pause) 891M->733M(1024M) 5,264ms
[179,073s][info][gc] GC(3522) Pause Young (Normal) (G1 Evacuation Pause) 892M->746M(1024M) 7,102ms
[179,138s][info][gc] GC(3523) Pause Young (Concurrent Start) (G1 Evacuation Pause) 894M->758M(1024M) 5,677ms
[179,138s][info][gc] GC(3524) Concurrent Mark Cycle
[179,205s][info][gc] GC(3525) Pause Young (Normal) (G1 Evacuation Pause) 895M->770M(1024M) 5,404ms
[179,268s][info][gc] GC(3526) Pause Young (Normal) (G1 Evacuation Pause) 898M->780M(1024M) 5,044ms
[179,327s][info][gc] GC(3527) Pause Young (Normal) (G1 Evacuation Pause) 899M->789M(1024M) 4,852ms
[179,351s][info][gc] GC(3524) Pause Remark 840M->840M(1024M) 0,785ms
[179,382s][info][gc] GC(3528) Pause Young (Normal) (G1 Evacuation Pause) 900M->798M(1024M) 5,025ms
[179,431s][info][gc] GC(3529) Pause Young (Normal) (G1 Evacuation Pause) 902M->807M(1024M) 4,859ms
[179,477s][info][gc] GC(3530) Pause Young (Normal) (G1 Evacuation Pause) 903M->814M(1024M) 4,709ms
[179,505s][info][gc] GC(3524) Pause Cleanup 882M->882M(1024M) 0,320ms
[179,507s][info][gc] GC(3524) Concurrent Mark Cycle 368,485ms
[179,520s][info][gc] GC(3531) Pause Young (Prepare Mixed) (G1 Evacuation Pause) 904M->822M(1024M) 4,421ms
[179,552s][info][gc] GC(3532) Pause Young (Mixed) (G1 Evacuation Pause) 865M->776M(1024M) 14,133ms
[179,586s][info][gc] GC(3533) Pause Young (Mixed) (G1 Evacuation Pause) 823M->739M(1024M) 14,591ms
[179,615s][info][gc] GC(3534) Pause Young (Mixed) (G1 Evacuation Pause) 783M->721M(1024M) 10,773ms
[179,690s][info][gc] GC(3535) Pause Young (Normal) (G1 Evacuation Pause) 891M->734M(1024M) 5,175ms
[179,761s][info][gc] GC(3536) Pause Young (Normal) (G1 Evacuation Pause) 893M->747M(1024M) 7,156ms
[179,827s][info][gc] GC(3537) Pause Young (Concurrent Start) (G1 Evacuation Pause) 895M->759M(1024M) 5,711ms
[179,827s][info][gc] GC(3538) Concurrent Mark Cycle
[179,894s][info][gc] GC(3539) Pause Young (Normal) (G1 Evacuation Pause) 896M->770M(1024M) 5,521ms
[179,957s][info][gc] GC(3540) Pause Young (Normal) (G1 Evacuation Pause) 898M->780M(1024M) 4,979ms
[180,016s][info][gc] GC(3541) Pause Young (Normal) (G1 Evacuation Pause) 899M->789M(1024M) 4,871ms
[180,039s][info][gc] GC(3538) Pause Remark 839M->839M(1024M) 0,791ms
[180,070s][info][gc] GC(3542) Pause Young (Normal) (G1 Evacuation Pause) 900M->798M(1024M) 5,076ms
[180,119s][info][gc] GC(3543) Pause Young (Normal) (G1 Evacuation Pause) 901M->806M(1024M) 4,799ms
[180,165s][info][gc] GC(3544) Pause Young (Normal) (G1 Evacuation Pause) 902M->814M(1024M) 4,755ms
[180,193s][info][gc] GC(3538) Pause Cleanup 881M->881M(1024M) 0,331ms
[180,194s][info][gc] GC(3538) Concurrent Mark Cycle 367,716ms
[180,208s][info][gc] GC(3545) Pause Young (Prepare Mixed) (G1 Evacuation Pause) 904M->821M(1024M) 4,411ms
[180,240s][info][gc] GC(3546) Pause Young (Mixed) (G1 Evacuation Pause) 864M->775M(1024M) 14,052ms
[180,274s][info][gc] GC(3547) Pause Young (Mixed) (G1 Evacuation Pause) 822M->739M(1024M) 14,428ms
[180,304s][info][gc] GC(3548) Pause Young (Mixed) (G1 Evacuation Pause) 783M->720M(1024M) 11,045ms
[180,380s][info][gc] GC(3549) Pause Young (Normal) (G1 Evacuation Pause) 891M->732M(1024M) 5,210ms
[180,451s][info][gc] GC(3550) Pause Young (Normal) (G1 Evacuation Pause) 892M->746M(1024M) 7,502ms
[180,515s][info][gc] GC(3551) Pause Young (Concurrent Start) (G1 Evacuation Pause) 894M->758M(1024M) 5,655ms
[180,515s][info][gc] GC(3552) Concurrent Mark Cycle
[180,583s][info][gc] GC(3553) Pause Young (Normal) (G1 Evacuation Pause) 896M->769M(1024M) 5,496ms
[180,647s][info][gc] GC(3554) Pause Young (Normal) (G1 Evacuation Pause) 898M->779M(1024M) 5,072ms
[180,707s][info][gc] GC(3555) Pause Young (Normal) (G1 Evacuation Pause) 899M->788M(1024M) 4,927ms
[180,729s][info][gc] GC(3552) Pause Remark 835M->835M(1024M) 0,703ms
[180,762s][info][gc] GC(3556) Pause Young (Normal) (G1 Evacuation Pause) 900M->797M(1024M) 4,848ms
[180,812s][info][gc] GC(3557) Pause Young (Normal) (G1 Evacuation Pause) 901M->806M(1024M) 4,899ms
[180,859s][info][gc] GC(3558) Pause Young (Normal) (G1 Evacuation Pause) 903M->813M(1024M) 4,806ms
[180,886s][info][gc] GC(3552) Pause Cleanup 873M->873M(1024M) 0,356ms
[180,887s][info][gc] GC(3552) Concurrent Mark Cycle 371,366ms
[180,903s][info][gc] GC(3559) Pause Young (Prepare Mixed) (G1 Evacuation Pause) 904M->821M(1024M) 4,449ms
[180,936s][info][gc] GC(3560) Pause Young (Mixed) (G1 Evacuation Pause) 864M->776M(1024M) 14,236ms
[180,970s][info][gc] GC(3561) Pause Young (Mixed) (G1 Evacuation Pause) 823M->739M(1024M) 14,104ms
[181,000s][info][gc] GC(3562) Pause Young (Mixed) (G1 Evacuation Pause) 783M->721M(1024M) 10,425ms
[181,075s][info][gc] GC(3563) Pause Young (Normal) (G1 Evacuation Pause) 891M->733M(1024M) 5,197ms
[181,146s][info][gc] GC(3564) Pause Young (Normal) (G1 Evacuation Pause) 892M->746M(1024M) 7,231ms
[181,211s][info][gc] GC(3565) Pause Young (Concurrent Start) (G1 Evacuation Pause) 894M->758M(1024M) 5,745ms
[181,211s][info][gc] GC(3566) Concurrent Mark Cycle
[181,279s][info][gc] GC(3567) Pause Young (Normal) (G1 Evacuation Pause) 896M->768M(1024M) 5,400ms
[181,342s][info][gc] GC(3568) Pause Young (Normal) (G1 Evacuation Pause) 897M->779M(1024M) 5,093ms
[181,401s][info][gc] GC(3569) Pause Young (Normal) (G1 Evacuation Pause) 899M->789M(1024M) 4,963ms
[181,424s][info][gc] GC(3566) Pause Remark 836M->836M(1024M) 0,841ms
[181,456s][info][gc] GC(3570) Pause Young (Normal) (G1 Evacuation Pause) 900M->797M(1024M) 4,969ms
[181,505s][info][gc] GC(3571) Pause Young (Normal) (G1 Evacuation Pause) 901M->806M(1024M) 4,876ms
[181,551s][info][gc] GC(3572) Pause Young (Normal) (G1 Evacuation Pause) 903M->813M(1024M) 4,818ms
[181,580s][info][gc] GC(3566) Pause Cleanup 880M->880M(1024M) 0,353ms
[181,581s][info][gc] GC(3566) Concurrent Mark Cycle 370,410ms
[181,595s][info][gc] GC(3573) Pause Young (Prepare Mixed) (G1 Evacuation Pause) 904M->821M(1024M) 4,493ms
[181,628s][info][gc] GC(3574) Pause Young (Mixed) (G1 Evacuation Pause) 864M->776M(1024M) 14,754ms
[181,661s][info][gc] GC(3575) Pause Young (Mixed) (G1 Evacuation Pause) 823M->740M(1024M) 14,089ms
[181,690s][info][gc] GC(3576) Pause Young (Mixed) (G1 Evacuation Pause) 784M->721M(1024M) 10,890ms
[181,765s][info][gc] GC(3577) Pause Young (Normal) (G1 Evacuation Pause) 891M->733M(1024M) 5,165ms
[181,837s][info][gc] GC(3578) Pause Young (Normal) (G1 Evacuation Pause) 892M->747M(1024M) 7,176ms
[181,901s][info][gc] GC(3579) Pause Young (Concurrent Start) (G1 Evacuation Pause) 894M->758M(1024M) 5,690ms
[181,901s][info][gc] GC(3580) Concurrent Mark Cycle
[181,969s][info][gc] GC(3581) Pause Young (Normal) (G1 Evacuation Pause) 896M->770M(1024M) 5,446ms
[182,032s][info][gc] GC(3582) Pause Young (Normal) (G1 Evacuation Pause) 898M->780M(1024M) 5,059ms
[182,091s][info][gc] GC(3583) Pause Young (Normal) (G1 Evacuation Pause) 899M->789M(1024M) 4,901ms
[182,114s][info][gc] GC(3580) Pause Remark 839M->839M(1024M) 0,795ms
[182,145s][info][gc] GC(3584) Pause Young (Normal) (G1 Evacuation Pause) 900M->799M(1024M) 5,022ms
[182,194s][info][gc] GC(3585) Pause Young (Normal) (G1 Evacuation Pause) 902M->806M(1024M) 4,868ms
[182,239s][info][gc] GC(3586) Pause Young (Normal) (G1 Evacuation Pause) 902M->814M(1024M) 4,668ms
[182,268s][info][gc] GC(3580) Pause Cleanup 881M->881M(1024M) 0,335ms
[182,269s][info][gc] GC(3580) Concurrent Mark Cycle 368,138ms
[182,283s][info][gc] GC(3587) Pause Young (Prepare Mixed) (G1 Evacuation Pause) 904M->822M(1024M) 4,435ms
[182,315s][info][gc] GC(3588) Pause Young (Mixed) (G1 Evacuation Pause) 865M->776M(1024M) 14,486ms
[182,349s][info][gc] GC(3589) Pause Young (Mixed) (G1 Evacuation Pause) 823M->739M(1024M) 14,271ms
[182,378s][info][gc] GC(3590) Pause Young (Mixed) (G1 Evacuation Pause) 783M->720M(1024M) 11,116ms
[182,455s][info][gc] GC(3591) Pause Young (Normal) (G1 Evacuation Pause) 891M->732M(1024M) 5,309ms
[182,529s][info][gc] GC(3592) Pause Young (Normal) (G1 Evacuation Pause) 892M->746M(1024M) 7,202ms
[182,593s][info][gc] GC(3593) Pause Young (Concurrent Start) (G1 Evacuation Pause) 894M->758M(1024M) 5,632ms
[182,593s][info][gc] GC(3594) Concurrent Mark Cycle
[182,661s][info][gc] GC(3595) Pause Young (Normal) (G1 Evacuation Pause) 896M->769M(1024M) 5,427ms
[182,725s][info][gc] GC(3596) Pause Young (Normal) (G1 Evacuation Pause) 898M->779M(1024M) 5,224ms
[182,784s][info][gc] GC(3597) Pause Young (Normal) (G1 Evacuation Pause) 899M->789M(1024M) 4,850ms
[182,806s][info][gc] GC(3594) Pause Remark 837M->837M(1024M) 0,706ms
[182,838s][info][gc] GC(3598) Pause Young (Normal) (G1 Evacuation Pause) 900M->797M(1024M) 5,055ms
[182,887s][info][gc] GC(3599) Pause Young (Normal) (G1 Evacuation Pause) 901M->806M(1024M) 4,901ms
[182,933s][info][gc] GC(3600) Pause Young (Normal) (G1 Evacuation Pause) 903M->814M(1024M) 4,766ms
[182,960s][info][gc] GC(3594) Pause Cleanup 875M->875M(1024M) 0,321ms
[182,961s][info][gc] GC(3594) Concurrent Mark Cycle 368,239ms
[182,977s][info][gc] GC(3601) Pause Young (Prepare Mixed) (G1 Evacuation Pause) 904M->821M(1024M) 4,424ms
[183,009s][info][gc] GC(3602) Pause Young (Mixed) (G1 Evacuation Pause) 864M->776M(1024M) 14,275ms
[183,043s][info][gc] GC(3603) Pause Young (Mixed) (G1 Evacuation Pause) 823M->741M(1024M) 14,056ms
[183,072s][info][gc] GC(3604) Pause Young (Mixed) (G1 Evacuation Pause) 785M->723M(1024M) 10,864ms
[183,146s][info][gc] GC(3605) Pause Young (Normal) (G1 Evacuation Pause) 891M->736M(1024M) 5,190ms
[183,216s][info][gc] GC(3606) Pause Young (Normal) (G1 Evacuation Pause) 893M->749M(1024M) 6,928ms
[183,279s][info][gc] GC(3607) Pause Young (Concurrent Start) (G1 Evacuation Pause) 895M->760M(1024M) 5,643ms
[183,279s][info][gc] GC(3608) Concurrent Mark Cycle
[183,346s][info][gc] GC(3609) Pause Young (Normal) (G1 Evacuation Pause) 896M->771M(1024M) 5,412ms
[183,409s][info][gc] GC(3610) Pause Young (Normal) (G1 Evacuation Pause) 898M->781M(1024M) 5,127ms
[183,469s][info][gc] GC(3611) Pause Young (Normal) (G1 Evacuation Pause) 899M->790M(1024M) 4,923ms
[183,494s][info][gc] GC(3608) Pause Remark 844M->844M(1024M) 0,708ms
[183,523s][info][gc] GC(3612) Pause Young (Normal) (G1 Evacuation Pause) 900M->799M(1024M) 4,891ms
[183,572s][info][gc] GC(3613) Pause Young (Normal) (G1 Evacuation Pause) 901M->807M(1024M) 4,680ms
[183,618s][info][gc] GC(3614) Pause Young (Normal) (G1 Evacuation Pause) 903M->815M(1024M) 4,753ms
[183,649s][info][gc] GC(3608) Pause Cleanup 888M->888M(1024M) 0,392ms
[183,650s][info][gc] GC(3608) Concurrent Mark Cycle 370,617ms
[183,660s][info][gc] GC(3615) Pause Young (Prepare Mixed) (G1 Evacuation Pause) 904M->822M(1024M) 4,347ms
[183,692s][info][gc] GC(3616) Pause Young (Mixed) (G1 Evacuation Pause) 865M->776M(1024M) 14,656ms
[183,726s][info][gc] GC(3617) Pause Young (Mixed) (G1 Evacuation Pause) 823M->740M(1024M) 14,233ms
[183,755s][info][gc] GC(3618) Pause Young (Mixed) (G1 Evacuation Pause) 784M->721M(1024M) 10,757ms
[183,831s][info][gc] GC(3619) Pause Young (Normal) (G1 Evacuation Pause) 891M->733M(1024M) 5,196ms
[183,901s][info][gc] GC(3620) Pause Young (Normal) (G1 Evacuation Pause) 892M->747M(1024M) 7,117ms
[183,967s][info][gc] GC(3621) Pause Young (Concurrent Start) (G1 Evacuation Pause) 894M->758M(1024M) 5,843ms
[183,967s][info][gc] GC(3622) Concurrent Mark Cycle
[184,034s][info][gc] GC(3623) Pause Young (Normal) (G1 Evacuation Pause) 896M->769M(1024M) 5,428ms
[184,098s][info][gc] GC(3624) Pause Young (Normal) (G1 Evacuation Pause) 897M->780M(1024M) 5,099ms
[184,156s][info][gc] GC(3625) Pause Young (Normal) (G1 Evacuation Pause) 899M->790M(1024M) 4,827ms
[184,179s][info][gc] GC(3622) Pause Remark 839M->839M(1024M) 0,970ms
[184,211s][info][gc] GC(3626) Pause Young (Normal) (G1 Evacuation Pause) 901M->798M(1024M) 4,992ms
[184,260s][info][gc] GC(3627) Pause Young (Normal) (G1 Evacuation Pause) 902M->807M(1024M) 4,864ms
[184,305s][info][gc] GC(3628) Pause Young (Normal) (G1 Evacuation Pause) 903M->815M(1024M) 4,819ms
[184,334s][info][gc] GC(3622) Pause Cleanup 883M->883M(1024M) 0,345ms
[184,336s][info][gc] GC(3622) Concurrent Mark Cycle 368,948ms
[184,348s][info][gc] GC(3629) Pause Young (Prepare Mixed) (G1 Evacuation Pause) 904M->822M(1024M) 4,384ms
[184,380s][info][gc] GC(3630) Pause Young (Mixed) (G1 Evacuation Pause) 865M->777M(1024M) 14,641ms
[184,413s][info][gc] GC(3631) Pause Young (Mixed) (G1 Evacuation Pause) 823M->740M(1024M) 14,305ms
[184,442s][info][gc] GC(3632) Pause Young (Mixed) (G1 Evacuation Pause) 784M->719M(1024M) 10,824ms
[184,516s][info][gc] GC(3633) Pause Young (Normal) (G1 Evacuation Pause) 891M->732M(1024M) 5,251ms
[184,588s][info][gc] GC(3634) Pause Young (Normal) (G1 Evacuation Pause) 893M->745M(1024M) 7,165ms
[184,655s][info][gc] GC(3635) Pause Young (Concurrent Start) (G1 Evacuation Pause) 894M->757M(1024M) 5,711ms
[184,655s][info][gc] GC(3636) Concurrent Mark Cycle
[184,723s][info][gc] GC(3637) Pause Young (Normal) (G1 Evacuation Pause) 895M->768M(1024M) 5,461ms
[184,786s][info][gc] GC(3638) Pause Young (Normal) (G1 Evacuation Pause) 897M->779M(1024M) 5,082ms
[184,857s][info][gc] GC(3639) Pause Young (Normal) (G1 Evacuation Pause) 899M->789M(1024M) 5,608ms
[184,883s][info][gc] GC(3636) Pause Remark 836M->836M(1024M) 0,603ms
[184,917s][info][gc] GC(3640) Pause Young (Normal) (G1 Evacuation Pause) 900M->797M(1024M) 5,006ms
[184,966s][info][gc] GC(3641) Pause Young (Normal) (G1 Evacuation Pause) 901M->806M(1024M) 4,910ms
[185,013s][info][gc] GC(3642) Pause Young (Normal) (G1 Evacuation Pause) 903M->814M(1024M) 4,757ms
[185,039s][info][gc] GC(3636) Pause Cleanup 877M->877M(1024M) 0,370ms
[185,041s][info][gc] GC(3636) Concurrent Mark Cycle 385,576ms
[185,056s][info][gc] GC(3643) Pause Young (Prepare Mixed) (G1 Evacuation Pause) 904M->822M(1024M) 4,442ms
[185,089s][info][gc] GC(3644) Pause Young (Mixed) (G1 Evacuation Pause) 865M->777M(1024M) 14,899ms
[185,123s][info][gc] GC(3645) Pause Young (Mixed) (G1 Evacuation Pause) 824M->741M(1024M) 14,035ms
[185,152s][info][gc] GC(3646) Pause Young (Mixed) (G1 Evacuation Pause) 785M->723M(1024M) 10,882ms
[185,227s][info][gc] GC(3647) Pause Young (Normal) (G1 Evacuation Pause) 891M->735M(1024M) 5,107ms
[185,297s][info][gc] GC(3648) Pause Young (Normal) (G1 Evacuation Pause) 892M->748M(1024M) 7,000ms
[185,361s][info][gc] GC(3649) Pause Young (Concurrent Start) (G1 Evacuation Pause) 895M->759M(1024M) 5,837ms
[185,361s][info][gc] GC(3650) Concurrent Mark Cycle
[185,428s][info][gc] GC(3651) Pause Young (Normal) (G1 Evacuation Pause) 896M->771M(1024M) 5,405ms
[185,491s][info][gc] GC(3652) Pause Young (Normal) (G1 Evacuation Pause) 898M->781M(1024M) 5,103ms
[185,549s][info][gc] GC(3653) Pause Young (Normal) (G1 Evacuation Pause) 899M->790M(1024M) 4,802ms
[185,573s][info][gc] GC(3650) Pause Remark 843M->843M(1024M) 0,796ms
[185,603s][info][gc] GC(3654) Pause Young (Normal) (G1 Evacuation Pause) 900M->800M(1024M) 4,870ms
[185,651s][info][gc] GC(3655) Pause Young (Normal) (G1 Evacuation Pause) 902M->808M(1024M) 4,804ms
[185,696s][info][gc] GC(3656) Pause Young (Normal) (G1 Evacuation Pause) 903M->815M(1024M) 4,824ms
[185,727s][info][gc] GC(3650) Pause Cleanup 888M->888M(1024M) 0,363ms
[185,728s][info][gc] GC(3650) Concurrent Mark Cycle 366,953ms
[185,738s][info][gc] GC(3657) Pause Young (Prepare Mixed) (G1 Evacuation Pause) 903M->822M(1024M) 4,333ms
[185,769s][info][gc] GC(3658) Pause Young (Mixed) (G1 Evacuation Pause) 866M->776M(1024M) 14,193ms
[185,802s][info][gc] GC(3659) Pause Young (Mixed) (G1 Evacuation Pause) 823M->741M(1024M) 14,131ms
[185,831s][info][gc] GC(3660) Pause Young (Mixed) (G1 Evacuation Pause) 785M->721M(1024M) 10,704ms
[185,906s][info][gc] GC(3661) Pause Young (Normal) (G1 Evacuation Pause) 891M->734M(1024M) 5,147ms
[185,977s][info][gc] GC(3662) Pause Young (Normal) (G1 Evacuation Pause) 893M->747M(1024M) 6,971ms
[186,042s][info][gc] GC(3663) Pause Young (Concurrent Start) (G1 Evacuation Pause) 894M->758M(1024M) 5,797ms
[186,042s][info][gc] GC(3664) Concurrent Mark Cycle
[186,110s][info][gc] GC(3665) Pause Young (Normal) (G1 Evacuation Pause) 896M->770M(1024M) 5,459ms
[186,173s][info][gc] GC(3666) Pause Young (Normal) (G1 Evacuation Pause) 898M->780M(1024M) 5,062ms
[186,232s][info][gc] GC(3667) Pause Young (Normal) (G1 Evacuation Pause) 899M->790M(1024M) 4,899ms
[186,254s][info][gc] GC(3664) Pause Remark 839M->839M(1024M) 0,859ms
[186,286s][info][gc] GC(3668) Pause Young (Normal) (G1 Evacuation Pause) 901M->799M(1024M) 5,011ms
[186,335s][info][gc] GC(3669) Pause Young (Normal) (G1 Evacuation Pause) 902M->807M(1024M) 4,833ms
[186,381s][info][gc] GC(3670) Pause Young (Normal) (G1 Evacuation Pause) 903M->814M(1024M) 4,775ms
[186,409s][info][gc] GC(3664) Pause Cleanup 880M->880M(1024M) 0,354ms
[186,410s][info][gc] GC(3664) Concurrent Mark Cycle 368,750ms
[186,424s][info][gc] GC(3671) Pause Young (Prepare Mixed) (G1 Evacuation Pause) 904M->822M(1024M) 4,392ms
[186,456s][info][gc] GC(3672) Pause Young (Mixed) (G1 Evacuation Pause) 865M->776M(1024M) 14,265ms
[186,490s][info][gc] GC(3673) Pause Young (Mixed) (G1 Evacuation Pause) 823M->740M(1024M) 14,356ms
[186,520s][info][gc] GC(3674) Pause Young (Mixed) (G1 Evacuation Pause) 784M->720M(1024M) 10,770ms
[186,595s][info][gc] GC(3675) Pause Young (Normal) (G1 Evacuation Pause) 891M->733M(1024M) 5,297ms
[186,667s][info][gc] GC(3676) Pause Young (Normal) (G1 Evacuation Pause) 893M->746M(1024M) 7,049ms
[186,732s][info][gc] GC(3677) Pause Young (Concurrent Start) (G1 Evacuation Pause) 894M->758M(1024M) 5,731ms
[186,732s][info][gc] GC(3678) Concurrent Mark Cycle
[186,800s][info][gc] GC(3679) Pause Young (Normal) (G1 Evacuation Pause) 896M->768M(1024M) 5,481ms
[186,863s][info][gc] GC(3680) Pause Young (Normal) (G1 Evacuation Pause) 897M->779M(1024M) 5,080ms
[186,922s][info][gc] GC(3681) Pause Young (Normal) (G1 Evacuation Pause) 899M->788M(1024M) 4,910ms
[186,945s][info][gc] GC(3678) Pause Remark 836M->836M(1024M) 0,889ms
[186,978s][info][gc] GC(3682) Pause Young (Normal) (G1 Evacuation Pause) 900M->796M(1024M) 5,048ms
[187,027s][info][gc] GC(3683) Pause Young (Normal) (G1 Evacuation Pause) 901M->805M(1024M) 4,899ms
[187,073s][info][gc] GC(3684) Pause Young (Normal) (G1 Evacuation Pause) 903M->813M(1024M) 4,791ms
[187,099s][info][gc] GC(3678) Pause Cleanup 873M->873M(1024M) 0,342ms
[187,100s][info][gc] GC(3678) Concurrent Mark Cycle 368,670ms
[187,117s][info][gc] GC(3685) Pause Young (Prepare Mixed) (G1 Evacuation Pause) 904M->821M(1024M) 4,403ms
[187,150s][info][gc] GC(3686) Pause Young (Mixed) (G1 Evacuation Pause) 864M->775M(1024M) 14,396ms
[187,184s][info][gc] GC(3687) Pause Young (Mixed) (G1 Evacuation Pause) 822M->738M(1024M) 14,445ms
[187,213s][info][gc] GC(3688) Pause Young (Mixed) (G1 Evacuation Pause) 782M->720M(1024M) 10,854ms
[187,289s][info][gc] GC(3689) Pause Young (Normal) (G1 Evacuation Pause) 891M->733M(1024M) 5,265ms
[187,360s][info][gc] GC(3690) Pause Young (Normal) (G1 Evacuation Pause) 893M->747M(1024M) 7,055ms
[187,426s][info][gc] GC(3691) Pause Young (Concurrent Start) (G1 Evacuation Pause) 895M->758M(1024M) 5,824ms
[187,426s][info][gc] GC(3692) Concurrent Mark Cycle
[187,493s][info][gc] GC(3693) Pause Young (Normal) (G1 Evacuation Pause) 895M->769M(1024M) 5,413ms
[187,557s][info][gc] GC(3694) Pause Young (Normal) (G1 Evacuation Pause) 897M->779M(1024M) 5,032ms
[187,616s][info][gc] GC(3695) Pause Young (Normal) (G1 Evacuation Pause) 898M->789M(1024M) 4,822ms
[187,640s][info][gc] GC(3692) Pause Remark 841M->841M(1024M) 0,636ms
[187,670s][info][gc] GC(3696) Pause Young (Normal) (G1 Evacuation Pause) 900M->798M(1024M) 5,039ms
[187,719s][info][gc] GC(3697) Pause Young (Normal) (G1 Evacuation Pause) 902M->806M(1024M) 4,922ms
[187,765s][info][gc] GC(3698) Pause Young (Normal) (G1 Evacuation Pause) 902M->814M(1024M) 4,712ms
[187,793s][info][gc] GC(3692) Pause Cleanup 881M->881M(1024M) 0,378ms
[187,795s][info][gc] GC(3692) Concurrent Mark Cycle 368,936ms
[187,808s][info][gc] GC(3699) Pause Young (Prepare Mixed) (G1 Evacuation Pause) 904M->821M(1024M) 4,470ms
[187,841s][info][gc] GC(3700) Pause Young (Mixed) (G1 Evacuation Pause) 864M->776M(1024M) 14,630ms
[187,875s][info][gc] GC(3701) Pause Young (Mixed) (G1 Evacuation Pause) 823M->739M(1024M) 14,004ms
[187,904s][info][gc] GC(3702) Pause Young (Mixed) (G1 Evacuation Pause) 783M->722M(1024M) 11,108ms
[187,979s][info][gc] GC(3703) Pause Young (Normal) (G1 Evacuation Pause) 891M->734M(1024M) 5,148ms
[188,049s][info][gc] GC(3704) Pause Young (Normal) (G1 Evacuation Pause) 892M->748M(1024M) 7,011ms
[188,113s][info][gc] GC(3705) Pause Young (Concurrent Start) (G1 Evacuation Pause) 895M->759M(1024M) 5,732ms
[188,113s][info][gc] GC(3706) Concurrent Mark Cycle
[188,180s][info][gc] GC(3707) Pause Young (Normal) (G1 Evacuation Pause) 895M->770M(1024M) 5,277ms
[188,244s][info][gc] GC(3708) Pause Young (Normal) (G1 Evacuation Pause) 898M->781M(1024M) 5,070ms
[188,301s][info][gc] GC(3709) Pause Young (Normal) (G1 Evacuation Pause) 899M->790M(1024M) 4,845ms
[188,326s][info][gc] GC(3706) Pause Remark 842M->842M(1024M) 0,718ms
[188,356s][info][gc] GC(3710) Pause Young (Normal) (G1 Evacuation Pause) 901M->798M(1024M) 4,973ms
[188,405s][info][gc] GC(3711) Pause Young (Normal) (G1 Evacuation Pause) 902M->807M(1024M) 4,968ms
[188,451s][info][gc] GC(3712) Pause Young (Normal) (G1 Evacuation Pause) 903M->815M(1024M) 4,852ms
[188,480s][info][gc] GC(3706) Pause Cleanup 882M->882M(1024M) 0,376ms
[188,481s][info][gc] GC(3706) Concurrent Mark Cycle 368,029ms
[188,493s][info][gc] GC(3713) Pause Young (Prepare Mixed) (G1 Evacuation Pause) 904M->822M(1024M) 4,304ms
[188,525s][info][gc] GC(3714) Pause Young (Mixed) (G1 Evacuation Pause) 865M->776M(1024M) 13,828ms
[188,559s][info][gc] GC(3715) Pause Young (Mixed) (G1 Evacuation Pause) 823M->739M(1024M) 14,113ms
[188,588s][info][gc] GC(3716) Pause Young (Mixed) (G1 Evacuation Pause) 783M->721M(1024M) 10,818ms
[188,663s][info][gc] GC(3717) Pause Young (Normal) (G1 Evacuation Pause) 891M->733M(1024M) 5,145ms
[188,734s][info][gc] GC(3718) Pause Young (Normal) (G1 Evacuation Pause) 892M->747M(1024M) 7,024ms
[188,798s][info][gc] GC(3719) Pause Young (Concurrent Start) (G1 Evacuation Pause) 895M->758M(1024M) 5,627ms
[188,798s][info][gc] GC(3720) Concurrent Mark Cycle
[188,866s][info][gc] GC(3721) Pause Young (Normal) (G1 Evacuation Pause) 895M->769M(1024M) 5,511ms
[188,929s][info][gc] GC(3722) Pause Young (Normal) (G1 Evacuation Pause) 898M->780M(1024M) 5,036ms
[188,988s][info][gc] GC(3723) Pause Young (Normal) (G1 Evacuation Pause) 899M->789M(1024M) 4,896ms
[189,011s][info][gc] GC(3720) Pause Remark 839M->839M(1024M) 0,815ms
[189,043s][info][gc] GC(3724) Pause Young (Normal) (G1 Evacuation Pause) 900M->798M(1024M) 5,159ms
[189,092s][info][gc] GC(3725) Pause Young (Normal) (G1 Evacuation Pause) 902M->807M(1024M) 4,835ms
[189,137s][info][gc] GC(3726) Pause Young (Normal) (G1 Evacuation Pause) 903M->814M(1024M) 4,719ms
[189,167s][info][gc] GC(3720) Pause Cleanup 882M->882M(1024M) 0,374ms
[189,168s][info][gc] GC(3720) Concurrent Mark Cycle 369,541ms
[189,181s][info][gc] GC(3727) Pause Young (Prepare Mixed) (G1 Evacuation Pause) 904M->822M(1024M) 4,312ms
[189,213s][info][gc] GC(3728) Pause Young (Mixed) (G1 Evacuation Pause) 865M->776M(1024M) 14,306ms
[189,247s][info][gc] GC(3729) Pause Young (Mixed) (G1 Evacuation Pause) 823M->740M(1024M) 14,273ms
[189,277s][info][gc] GC(3730) Pause Young (Mixed) (G1 Evacuation Pause) 784M->722M(1024M) 11,071ms
[189,351s][info][gc] GC(3731) Pause Young (Normal) (G1 Evacuation Pause) 891M->735M(1024M) 5,059ms
[189,421s][info][gc] GC(3732) Pause Young (Normal) (G1 Evacuation Pause) 893M->748M(1024M) 7,041ms
[189,485s][info][gc] GC(3733) Pause Young (Concurrent Start) (G1 Evacuation Pause) 895M->759M(1024M) 5,619ms
[189,485s][info][gc] GC(3734) Concurrent Mark Cycle
[189,552s][info][gc] GC(3735) Pause Young (Normal) (G1 Evacuation Pause) 895M->770M(1024M) 5,352ms
[189,615s][info][gc] GC(3736) Pause Young (Normal) (G1 Evacuation Pause) 898M->781M(1024M) 5,101ms
[189,673s][info][gc] GC(3737) Pause Young (Normal) (G1 Evacuation Pause) 899M->790M(1024M) 4,973ms
[189,698s][info][gc] GC(3734) Pause Remark 842M->842M(1024M) 0,770ms
[189,728s][info][gc] GC(3738) Pause Young (Normal) (G1 Evacuation Pause) 901M->799M(1024M) 5,145ms
[189,776s][info][gc] GC(3739) Pause Young (Normal) (G1 Evacuation Pause) 902M->808M(1024M) 4,829ms
[189,822s][info][gc] GC(3740) Pause Young (Normal) (G1 Evacuation Pause) 903M->814M(1024M) 4,641ms
[189,852s][info][gc] GC(3734) Pause Cleanup 885M->885M(1024M) 0,384ms
[189,853s][info][gc] GC(3734) Concurrent Mark Cycle 367,796ms
[189,864s][info][gc] GC(3741) Pause Young (Prepare Mixed) (G1 Evacuation Pause) 903M->822M(1024M) 4,367ms
[189,897s][info][gc] GC(3742) Pause Young (Mixed) (G1 Evacuation Pause) 865M->776M(1024M) 14,266ms
[189,931s][info][gc] GC(3743) Pause Young (Mixed) (G1 Evacuation Pause) 823M->740M(1024M) 14,265ms
[189,961s][info][gc] GC(3744) Pause Young (Mixed) (G1 Evacuation Pause) 784M->720M(1024M) 11,355ms
[190,037s][info][gc] GC(3745) Pause Young (Normal) (G1 Evacuation Pause) 891M->732M(1024M) 5,236ms
[190,108s][info][gc] GC(3746) Pause Young (Normal) (G1 Evacuation Pause) 892M->746M(1024M) 7,126ms
[190,173s][info][gc] GC(3747) Pause Young (Concurrent Start) (G1 Evacuation Pause) 894M->758M(1024M) 5,702ms
[190,173s][info][gc] GC(3748) Concurrent Mark Cycle
[190,241s][info][gc] GC(3749) Pause Young (Normal) (G1 Evacuation Pause) 896M->769M(1024M) 5,421ms
[190,304s][info][gc] GC(3750) Pause Young (Normal) (G1 Evacuation Pause) 897M->779M(1024M) 4,983ms
[190,364s][info][gc] GC(3751) Pause Young (Normal) (G1 Evacuation Pause) 899M->789M(1024M) 4,925ms
[190,386s][info][gc] GC(3748) Pause Remark 838M->838M(1024M) 0,873ms
[190,418s][info][gc] GC(3752) Pause Young (Normal) (G1 Evacuation Pause) 900M->798M(1024M) 5,034ms
[190,467s][info][gc] GC(3753) Pause Young (Normal) (G1 Evacuation Pause) 902M->806M(1024M) 4,927ms
[190,513s][info][gc] GC(3754) Pause Young (Normal) (G1 Evacuation Pause) 903M->814M(1024M) 4,735ms
[190,540s][info][gc] GC(3748) Pause Cleanup 876M->876M(1024M) 0,367ms
[190,541s][info][gc] GC(3748) Concurrent Mark Cycle 367,881ms
[190,556s][info][gc] GC(3755) Pause Young (Prepare Mixed) (G1 Evacuation Pause) 904M->821M(1024M) 4,524ms
[190,588s][info][gc] GC(3756) Pause Young (Mixed) (G1 Evacuation Pause) 864M->776M(1024M) 14,570ms
[190,622s][info][gc] GC(3757) Pause Young (Mixed) (G1 Evacuation Pause) 823M->740M(1024M) 14,327ms
[190,651s][info][gc] GC(3758) Pause Young (Mixed) (G1 Evacuation Pause) 784M->723M(1024M) 10,796ms
[190,725s][info][gc] GC(3759) Pause Young (Normal) (G1 Evacuation Pause) 891M->735M(1024M) 5,275ms
[190,795s][info][gc] GC(3760) Pause Young (Normal) (G1 Evacuation Pause) 892M->749M(1024M) 7,044ms
[190,860s][info][gc] GC(3761) Pause Young (Concurrent Start) (G1 Evacuation Pause) 895M->760M(1024M) 5,712ms
[190,860s][info][gc] GC(3762) Concurrent Mark Cycle
[190,927s][info][gc] GC(3763) Pause Young (Normal) (G1 Evacuation Pause) 896M->771M(1024M) 5,318ms
[190,989s][info][gc] GC(3764) Pause Young (Normal) (G1 Evacuation Pause) 897M->781M(1024M) 5,039ms
[191,047s][info][gc] GC(3765) Pause Young (Normal) (G1 Evacuation Pause) 898M->791M(1024M) 4,831ms
[191,073s][info][gc] GC(3762) Pause Remark 846M->846M(1024M) 0,826ms
[191,101s][info][gc] GC(3766) Pause Young (Normal) (G1 Evacuation Pause) 901M->799M(1024M) 5,031ms
[191,150s][info][gc] GC(3767) Pause Young (Normal) (G1 Evacuation Pause) 902M->808M(1024M) 4,910ms
[191,195s][info][gc] GC(3768) Pause Young (Normal) (G1 Evacuation Pause) 903M->815M(1024M) 4,742ms
[191,227s][info][gc] GC(3762) Pause Cleanup 888M->888M(1024M) 0,377ms
[191,228s][info][gc] GC(3762) Concurrent Mark Cycle 368,194ms
[191,238s][info][gc] GC(3769) Pause Young (Prepare Mixed) (G1 Evacuation Pause) 903M->822M(1024M) 4,307ms
[191,270s][info][gc] GC(3770) Pause Young (Mixed) (G1 Evacuation Pause) 866M->776M(1024M) 13,996ms
[191,304s][info][gc] GC(3771) Pause Young (Mixed) (G1 Evacuation Pause) 823M->740M(1024M) 14,343ms
[191,334s][info][gc] GC(3772) Pause Young (Mixed) (G1 Evacuation Pause) 784M->720M(1024M) 11,386ms
[191,410s][info][gc] GC(3773) Pause Young (Normal) (G1 Evacuation Pause) 891M->732M(1024M) 5,347ms
[191,480s][info][gc] GC(3774) Pause Young (Normal) (G1 Evacuation Pause) 892M->745M(1024M) 7,136ms
[191,545s][info][gc] GC(3775) Pause Young (Concurrent Start) (G1 Evacuation Pause) 894M->758M(1024M) 5,770ms
[191,545s][info][gc] GC(3776) Concurrent Mark Cycle
[191,613s][info][gc] GC(3777) Pause Young (Normal) (G1 Evacuation Pause) 896M->769M(1024M) 5,467ms
[191,676s][info][gc] GC(3778) Pause Young (Normal) (G1 Evacuation Pause) 897M->779M(1024M) 5,009ms
[191,735s][info][gc] GC(3779) Pause Young (Normal) (G1 Evacuation Pause) 899M->789M(1024M) 4,851ms
[191,758s][info][gc] GC(3776) Pause Remark 837M->837M(1024M) 0,710ms
[191,790s][info][gc] GC(3780) Pause Young (Normal) (G1 Evacuation Pause) 900M->797M(1024M) 5,089ms
[191,839s][info][gc] GC(3781) Pause Young (Normal) (G1 Evacuation Pause) 901M->806M(1024M) 4,949ms
[191,885s][info][gc] GC(3782) Pause Young (Normal) (G1 Evacuation Pause) 903M->814M(1024M) 4,703ms
[191,911s][info][gc] GC(3776) Pause Cleanup 875M->875M(1024M) 0,358ms
[191,912s][info][gc] GC(3776) Concurrent Mark Cycle 367,461ms
[191,928s][info][gc] GC(3783) Pause Young (Prepare Mixed) (G1 Evacuation Pause) 904M->821M(1024M) 4,434ms
[191,960s][info][gc] GC(3784) Pause Young (Mixed) (G1 Evacuation Pause) 864M->776M(1024M) 14,602ms
[191,994s][info][gc] GC(3785) Pause Young (Mixed) (G1 Evacuation Pause) 823M->740M(1024M) 14,358ms
[192,023s][info][gc] GC(3786) Pause Young (Mixed) (G1 Evacuation Pause) 784M->722M(1024M) 10,418ms
[192,097s][info][gc] GC(3787) Pause Young (Normal) (G1 Evacuation Pause) 891M->735M(1024M) 5,167ms
[192,168s][info][gc] GC(3788) Pause Young (Normal) (G1 Evacuation Pause) 893M->748M(1024M) 7,055ms
[192,232s][info][gc] GC(3789) Pause Young (Concurrent Start) (G1 Evacuation Pause) 895M->759M(1024M) 5,779ms
[192,233s][info][gc] GC(3790) Concurrent Mark Cycle
[192,300s][info][gc] GC(3791) Pause Young (Normal) (G1 Evacuation Pause) 895M->770M(1024M) 5,360ms
[192,363s][info][gc] GC(3792) Pause Young (Normal) (G1 Evacuation Pause) 898M->781M(1024M) 5,020ms
[192,421s][info][gc] GC(3793) Pause Young (Normal) (G1 Evacuation Pause) 899M->790M(1024M) 4,835ms
[192,446s][info][gc] GC(3790) Pause Remark 842M->842M(1024M) 0,869ms
[192,476s][info][gc] GC(3794) Pause Young (Normal) (G1 Evacuation Pause) 901M->799M(1024M) 5,172ms
[192,525s][info][gc] GC(3795) Pause Young (Normal) (G1 Evacuation Pause) 902M->808M(1024M) 4,952ms
[192,570s][info][gc] GC(3796) Pause Young (Normal) (G1 Evacuation Pause) 903M->815M(1024M) 4,716ms
[192,600s][info][gc] GC(3790) Pause Cleanup 885M->885M(1024M) 0,370ms
[192,601s][info][gc] GC(3790) Concurrent Mark Cycle 368,829ms
[192,613s][info][gc] GC(3797) Pause Young (Prepare Mixed) (G1 Evacuation Pause) 904M->822M(1024M) 4,411ms
[192,645s][info][gc] GC(3798) Pause Young (Mixed) (G1 Evacuation Pause) 865M->776M(1024M) 14,185ms
[192,679s][info][gc] GC(3799) Pause Young (Mixed) (G1 Evacuation Pause) 823M->741M(1024M) 14,343ms
[192,711s][info][gc] GC(3800) Pause Young (Mixed) (G1 Evacuation Pause) 785M->721M(1024M) 12,475ms
[192,786s][info][gc] GC(3801) Pause Young (Normal) (G1 Evacuation Pause) 891M->733M(1024M) 5,169ms
[192,856s][info][gc] GC(3802) Pause Young (Normal) (G1 Evacuation Pause) 892M->747M(1024M) 7,076ms
[192,920s][info][gc] GC(3803) Pause Young (Concurrent Start) (G1 Evacuation Pause) 895M->758M(1024M) 5,704ms
[192,920s][info][gc] GC(3804) Concurrent Mark Cycle
[192,989s][info][gc] GC(3805) Pause Young (Normal) (G1 Evacuation Pause) 896M->769M(1024M) 5,402ms
[193,052s][info][gc] GC(3806) Pause Young (Normal) (G1 Evacuation Pause) 898M->780M(1024M) 5,070ms
[193,111s][info][gc] GC(3807) Pause Young (Normal) (G1 Evacuation Pause) 899M->789M(1024M) 4,893ms
[193,132s][info][gc] GC(3804) Pause Remark 836M->836M(1024M) 0,681ms
[193,165s][info][gc] GC(3808) Pause Young (Normal) (G1 Evacuation Pause) 900M->798M(1024M) 4,971ms
[193,214s][info][gc] GC(3809) Pause Young (Normal) (G1 Evacuation Pause) 902M->807M(1024M) 4,840ms
[193,260s][info][gc] GC(3810) Pause Young (Normal) (G1 Evacuation Pause) 903M->815M(1024M) 4,706ms
[193,285s][info][gc] GC(3804) Pause Cleanup 875M->875M(1024M) 0,376ms
[193,286s][info][gc] GC(3804) Concurrent Mark Cycle 366,015ms
[193,302s][info][gc] GC(3811) Pause Young (Prepare Mixed) (G1 Evacuation Pause) 904M->822M(1024M) 4,456ms
[193,335s][info][gc] GC(3812) Pause Young (Mixed) (G1 Evacuation Pause) 865M->776M(1024M) 14,233ms
[193,369s][info][gc] GC(3813) Pause Young (Mixed) (G1 Evacuation Pause) 823M->740M(1024M) 14,389ms
[193,398s][info][gc] GC(3814) Pause Young (Mixed) (G1 Evacuation Pause) 784M->723M(1024M) 10,519ms
[193,472s][info][gc] GC(3815) Pause Young (Normal) (G1 Evacuation Pause) 891M->735M(1024M) 5,107ms
[193,543s][info][gc] GC(3816) Pause Young (Normal) (G1 Evacuation Pause) 892M->749M(1024M) 7,128ms
[193,606s][info][gc] GC(3817) Pause Young (Concurrent Start) (G1 Evacuation Pause) 895M->760M(1024M) 5,719ms
[193,606s][info][gc] GC(3818) Concurrent Mark Cycle
[193,673s][info][gc] GC(3819) Pause Young (Normal) (G1 Evacuation Pause) 896M->771M(1024M) 5,269ms
[193,736s][info][gc] GC(3820) Pause Young (Normal) (G1 Evacuation Pause) 898M->782M(1024M) 5,109ms
[193,794s][info][gc] GC(3821) Pause Young (Normal) (G1 Evacuation Pause) 899M->791M(1024M) 4,900ms
[193,819s][info][gc] GC(3818) Pause Remark 846M->846M(1024M) 0,737ms
[193,848s][info][gc] GC(3822) Pause Young (Normal) (G1 Evacuation Pause) 901M->799M(1024M) 4,930ms
[193,896s][info][gc] GC(3823) Pause Young (Normal) (G1 Evacuation Pause) 902M->808M(1024M) 4,827ms
[193,941s][info][gc] GC(3824) Pause Young (Normal) (G1 Evacuation Pause) 903M->815M(1024M) 4,611ms
[193,973s][info][gc] GC(3818) Pause Cleanup 889M->889M(1024M) 0,391ms
[193,974s][info][gc] GC(3818) Concurrent Mark Cycle 367,942ms
[193,984s][info][gc] GC(3825) Pause Young (Prepare Mixed) (G1 Evacuation Pause) 904M->822M(1024M) 4,339ms
[194,017s][info][gc] GC(3826) Pause Young (Mixed) (G1 Evacuation Pause) 865M->776M(1024M) 14,463ms
[194,050s][info][gc] GC(3827) Pause Young (Mixed) (G1 Evacuation Pause) 823M->740M(1024M) 14,157ms
[194,080s][info][gc] GC(3828) Pause Young (Mixed) (G1 Evacuation Pause) 784M->721M(1024M) 11,218ms
[194,154s][info][gc] GC(3829) Pause Young (Normal) (G1 Evacuation Pause) 891M->733M(1024M) 5,291ms
[194,225s][info][gc] GC(3830) Pause Young (Normal) (G1 Evacuation Pause) 892M->746M(1024M) 7,065ms
[194,289s][info][gc] GC(3831) Pause Young (Concurrent Start) (G1 Evacuation Pause) 894M->758M(1024M) 5,904ms
[194,289s][info][gc] GC(3832) Concurrent Mark Cycle
[194,357s][info][gc] GC(3833) Pause Young (Normal) (G1 Evacuation Pause) 896M->769M(1024M) 5,382ms
[194,421s][info][gc] GC(3834) Pause Young (Normal) (G1 Evacuation Pause) 898M->779M(1024M) 5,110ms
[194,480s][info][gc] GC(3835) Pause Young (Normal) (G1 Evacuation Pause) 899M->788M(1024M) 4,885ms
[194,502s][info][gc] GC(3832) Pause Remark 836M->836M(1024M) 0,834ms
[194,535s][info][gc] GC(3836) Pause Young (Normal) (G1 Evacuation Pause) 899M->797M(1024M) 5,039ms
[194,584s][info][gc] GC(3837) Pause Young (Normal) (G1 Evacuation Pause) 901M->806M(1024M) 4,885ms
[194,629s][info][gc] GC(3838) Pause Young (Normal) (G1 Evacuation Pause) 903M->814M(1024M) 4,768ms
[194,656s][info][gc] GC(3832) Pause Cleanup 875M->875M(1024M) 0,352ms
[194,657s][info][gc] GC(3832) Concurrent Mark Cycle 368,138ms
[194,673s][info][gc] GC(3839) Pause Young (Prepare Mixed) (G1 Evacuation Pause) 904M->821M(1024M) 4,531ms
[194,704s][info][gc] GC(3840) Pause Young (Mixed) (G1 Evacuation Pause) 864M->775M(1024M) 14,274ms
[194,738s][info][gc] GC(3841) Pause Young (Mixed) (G1 Evacuation Pause) 822M->739M(1024M) 14,589ms
[194,768s][info][gc] GC(3842) Pause Young (Mixed) (G1 Evacuation Pause) 783M->722M(1024M) 11,142ms
[194,844s][info][gc] GC(3843) Pause Young (Normal) (G1 Evacuation Pause) 891M->735M(1024M) 5,223ms
[194,915s][info][gc] GC(3844) Pause Young (Normal) (G1 Evacuation Pause) 893M->748M(1024M) 6,970ms
[194,981s][info][gc] GC(3845) Pause Young (Concurrent Start) (G1 Evacuation Pause) 894M->759M(1024M) 5,713ms
[194,981s][info][gc] GC(3846) Concurrent Mark Cycle
[195,048s][info][gc] GC(3847) Pause Young (Normal) (G1 Evacuation Pause) 896M->770M(1024M) 5,365ms
[195,110s][info][gc] GC(3848) Pause Young (Normal) (G1 Evacuation Pause) 897M->780M(1024M) 5,125ms
[195,169s][info][gc] GC(3849) Pause Young (Normal) (G1 Evacuation Pause) 899M->790M(1024M) 4,789ms
[195,194s][info][gc] GC(3846) Pause Remark 844M->844M(1024M) 0,827ms
[195,224s][info][gc] GC(3850) Pause Young (Normal) (G1 Evacuation Pause) 901M->798M(1024M) 4,957ms
[195,273s][info][gc] GC(3851) Pause Young (Normal) (G1 Evacuation Pause) 902M->807M(1024M) 4,905ms
[195,319s][info][gc] GC(3852) Pause Young (Normal) (G1 Evacuation Pause) 903M->815M(1024M) 4,790ms
[195,349s][info][gc] GC(3846) Pause Cleanup 884M->884M(1024M) 0,336ms
[195,350s][info][gc] GC(3846) Concurrent Mark Cycle 369,218ms
[195,362s][info][gc] GC(3853) Pause Young (Prepare Mixed) (G1 Evacuation Pause) 904M->822M(1024M) 4,425ms
[195,394s][info][gc] GC(3854) Pause Young (Mixed) (G1 Evacuation Pause) 865M->776M(1024M) 14,161ms
[195,428s][info][gc] GC(3855) Pause Young (Mixed) (G1 Evacuation Pause) 823M->740M(1024M) 14,203ms
[195,457s][info][gc] GC(3856) Pause Young (Mixed) (G1 Evacuation Pause) 784M->721M(1024M) 10,954ms
[195,533s][info][gc] GC(3857) Pause Young (Normal) (G1 Evacuation Pause) 891M->733M(1024M) 5,164ms
[195,605s][info][gc] GC(3858) Pause Young (Normal) (G1 Evacuation Pause) 892M->747M(1024M) 7,035ms
[195,670s][info][gc] GC(3859) Pause Young (Concurrent Start) (G1 Evacuation Pause) 894M->759M(1024M) 5,757ms
[195,670s][info][gc] GC(3860) Concurrent Mark Cycle
[195,738s][info][gc] GC(3861) Pause Young (Normal) (G1 Evacuation Pause) 896M->770M(1024M) 5,491ms
[195,800s][info][gc] GC(3862) Pause Young (Normal) (G1 Evacuation Pause) 897M->780M(1024M) 5,063ms
[195,859s][info][gc] GC(3863) Pause Young (Normal) (G1 Evacuation Pause) 898M->789M(1024M) 4,976ms
[195,884s][info][gc] GC(3860) Pause Remark 843M->843M(1024M) 0,731ms
[195,913s][info][gc] GC(3864) Pause Young (Normal) (G1 Evacuation Pause) 900M->798M(1024M) 4,974ms
[195,963s][info][gc] GC(3865) Pause Young (Normal) (G1 Evacuation Pause) 902M->807M(1024M) 4,844ms
[196,008s][info][gc] GC(3866) Pause Young (Normal) (G1 Evacuation Pause) 903M->814M(1024M) 4,767ms
[196,038s][info][gc] GC(3860) Pause Cleanup 883M->883M(1024M) 0,373ms
[196,039s][info][gc] GC(3860) Concurrent Mark Cycle 369,047ms
[196,051s][info][gc] GC(3867) Pause Young (Prepare Mixed) (G1 Evacuation Pause) 904M->822M(1024M) 4,478ms
[196,084s][info][gc] GC(3868) Pause Young (Mixed) (G1 Evacuation Pause) 865M->777M(1024M) 14,318ms
[196,118s][info][gc] GC(3869) Pause Young (Mixed) (G1 Evacuation Pause) 824M->740M(1024M) 14,678ms
[196,148s][info][gc] GC(3870) Pause Young (Mixed) (G1 Evacuation Pause) 784M->722M(1024M) 11,156ms
[196,222s][info][gc] GC(3871) Pause Young (Normal) (G1 Evacuation Pause) 891M->734M(1024M) 5,213ms
[196,292s][info][gc] GC(3872) Pause Young (Normal) (G1 Evacuation Pause) 892M->748M(1024M) 7,074ms
[196,356s][info][gc] GC(3873) Pause Young (Concurrent Start) (G1 Evacuation Pause) 895M->759M(1024M) 5,690ms
[196,356s][info][gc] GC(3874) Concurrent Mark Cycle
[196,424s][info][gc] GC(3875) Pause Young (Normal) (G1 Evacuation Pause) 896M->769M(1024M) 5,363ms
[196,487s][info][gc] GC(3876) Pause Young (Normal) (G1 Evacuation Pause) 898M->780M(1024M) 5,052ms
[196,546s][info][gc] GC(3877) Pause Young (Normal) (G1 Evacuation Pause) 899M->789M(1024M) 4,944ms
[196,570s][info][gc] GC(3874) Pause Remark 840M->840M(1024M) 0,809ms
[196,601s][info][gc] GC(3878) Pause Young (Normal) (G1 Evacuation Pause) 900M->798M(1024M) 5,075ms
[196,650s][info][gc] GC(3879) Pause Young (Normal) (G1 Evacuation Pause) 902M->807M(1024M) 4,925ms
[196,695s][info][gc] GC(3880) Pause Young (Normal) (G1 Evacuation Pause) 903M->814M(1024M) 4,817ms
[196,724s][info][gc] GC(3874) Pause Cleanup 880M->880M(1024M) 0,327ms
[196,725s][info][gc] GC(3874) Concurrent Mark Cycle 368,868ms
[196,739s][info][gc] GC(3881) Pause Young (Prepare Mixed) (G1 Evacuation Pause) 904M->821M(1024M) 4,472ms
[196,771s][info][gc] GC(3882) Pause Young (Mixed) (G1 Evacuation Pause) 864M->775M(1024M) 13,979ms
[196,805s][info][gc] GC(3883) Pause Young (Mixed) (G1 Evacuation Pause) 822M->739M(1024M) 14,108ms
[196,835s][info][gc] GC(3884) Pause Young (Mixed) (G1 Evacuation Pause) 783M->720M(1024M) 11,567ms
[196,910s][info][gc] GC(3885) Pause Young (Normal) (G1 Evacuation Pause) 891M->733M(1024M) 5,200ms
[196,980s][info][gc] GC(3886) Pause Young (Normal) (G1 Evacuation Pause) 893M->746M(1024M) 7,207ms
[197,045s][info][gc] GC(3887) Pause Young (Concurrent Start) (G1 Evacuation Pause) 894M->758M(1024M) 5,709ms
[197,045s][info][gc] GC(3888) Concurrent Mark Cycle
[197,112s][info][gc] GC(3889) Pause Young (Normal) (G1 Evacuation Pause) 896M->769M(1024M) 5,368ms
[197,175s][info][gc] GC(3890) Pause Young (Normal) (G1 Evacuation Pause) 897M->779M(1024M) 5,140ms
[197,234s][info][gc] GC(3891) Pause Young (Normal) (G1 Evacuation Pause) 898M->788M(1024M) 4,880ms
[197,257s][info][gc] GC(3888) Pause Remark 838M->838M(1024M) 0,715ms
[197,289s][info][gc] GC(3892) Pause Young (Normal) (G1 Evacuation Pause) 899M->797M(1024M) 5,088ms
[197,338s][info][gc] GC(3893) Pause Young (Normal) (G1 Evacuation Pause) 901M->806M(1024M) 4,912ms
[197,384s][info][gc] GC(3894) Pause Young (Normal) (G1 Evacuation Pause) 903M->814M(1024M) 4,733ms
[197,411s][info][gc] GC(3888) Pause Cleanup 875M->875M(1024M) 0,363ms
[197,412s][info][gc] GC(3888) Concurrent Mark Cycle 367,271ms
[197,427s][info][gc] GC(3895) Pause Young (Prepare Mixed) (G1 Evacuation Pause) 903M->821M(1024M) 4,423ms
[197,460s][info][gc] GC(3896) Pause Young (Mixed) (G1 Evacuation Pause) 864M->776M(1024M) 14,759ms
[197,495s][info][gc] GC(3897) Pause Young (Mixed) (G1 Evacuation Pause) 823M->740M(1024M) 14,123ms
[197,524s][info][gc] GC(3898) Pause Young (Mixed) (G1 Evacuation Pause) 784M->722M(1024M) 10,935ms
[197,599s][info][gc] GC(3899) Pause Young (Normal) (G1 Evacuation Pause) 891M->735M(1024M) 5,184ms
[197,669s][info][gc] GC(3900) Pause Young (Normal) (G1 Evacuation Pause) 893M->748M(1024M) 7,089ms
[197,734s][info][gc] GC(3901) Pause Young (Concurrent Start) (G1 Evacuation Pause) 894M->759M(1024M) 5,756ms
[197,734s][info][gc] GC(3902) Concurrent Mark Cycle
[197,801s][info][gc] GC(3903) Pause Young (Normal) (G1 Evacuation Pause) 896M->770M(1024M) 5,406ms
[197,866s][info][gc] GC(3904) Pause Young (Normal) (G1 Evacuation Pause) 897M->781M(1024M) 5,345ms
[197,928s][info][gc] GC(3905) Pause Young (Normal) (G1 Evacuation Pause) 899M->790M(1024M) 4,859ms
[197,954s][info][gc] GC(3902) Pause Remark 843M->843M(1024M) 0,735ms
[197,983s][info][gc] GC(3906) Pause Young (Normal) (G1 Evacuation Pause) 900M->799M(1024M) 5,120ms
[198,033s][info][gc] GC(3907) Pause Young (Normal) (G1 Evacuation Pause) 902M->807M(1024M) 4,841ms
[198,078s][info][gc] GC(3908) Pause Young (Normal) (G1 Evacuation Pause) 902M->815M(1024M) 4,566ms
[198,108s][info][gc] GC(3902) Pause Cleanup 884M->884M(1024M) 0,304ms
[198,110s][info][gc] GC(3902) Concurrent Mark Cycle 375,757ms
[198,121s][info][gc] GC(3909) Pause Young (Prepare Mixed) (G1 Evacuation Pause) 904M->822M(1024M) 4,384ms
[198,154s][info][gc] GC(3910) Pause Young (Mixed) (G1 Evacuation Pause) 865M->776M(1024M) 14,153ms
[198,188s][info][gc] GC(3911) Pause Young (Mixed) (G1 Evacuation Pause) 823M->739M(1024M) 14,169ms
[198,217s][info][gc] GC(3912) Pause Young (Mixed) (G1 Evacuation Pause) 783M->721M(1024M) 10,798ms
[198,292s][info][gc] GC(3913) Pause Young (Normal) (G1 Evacuation Pause) 891M->733M(1024M) 5,156ms
[198,364s][info][gc] GC(3914) Pause Young (Normal) (G1 Evacuation Pause) 892M->746M(1024M) 7,305ms
[198,430s][info][gc] GC(3915) Pause Young (Concurrent Start) (G1 Evacuation Pause) 894M->758M(1024M) 5,670ms
[198,430s][info][gc] GC(3916) Concurrent Mark Cycle
[198,497s][info][gc] GC(3917) Pause Young (Normal) (G1 Evacuation Pause) 895M->769M(1024M) 5,414ms
[198,560s][info][gc] GC(3918) Pause Young (Normal) (G1 Evacuation Pause) 897M->779M(1024M) 5,094ms
[198,619s][info][gc] GC(3919) Pause Young (Normal) (G1 Evacuation Pause) 898M->789M(1024M) 4,880ms
[198,643s][info][gc] GC(3916) Pause Remark 839M->839M(1024M) 0,740ms
[198,674s][info][gc] GC(3920) Pause Young (Normal) (G1 Evacuation Pause) 900M->798M(1024M) 5,044ms
[198,723s][info][gc] GC(3921) Pause Young (Normal) (G1 Evacuation Pause) 902M->806M(1024M) 4,822ms
[198,770s][info][gc] GC(3922) Pause Young (Normal) (G1 Evacuation Pause) 902M->814M(1024M) 4,639ms
[198,799s][info][gc] GC(3916) Pause Cleanup 881M->881M(1024M) 0,319ms
[198,800s][info][gc] GC(3916) Concurrent Mark Cycle 369,973ms
[198,814s][info][gc] GC(3923) Pause Young (Prepare Mixed) (G1 Evacuation Pause) 904M->821M(1024M) 4,500ms
[198,845s][info][gc] GC(3924) Pause Young (Mixed) (G1 Evacuation Pause) 864M->776M(1024M) 14,329ms
[198,879s][info][gc] GC(3925) Pause Young (Mixed) (G1 Evacuation Pause) 823M->740M(1024M) 14,551ms
[198,908s][info][gc] GC(3926) Pause Young (Mixed) (G1 Evacuation Pause) 784M->720M(1024M) 11,303ms
[198,983s][info][gc] GC(3927) Pause Young (Normal) (G1 Evacuation Pause) 891M->733M(1024M) 5,270ms
[199,054s][info][gc] GC(3928) Pause Young (Normal) (G1 Evacuation Pause) 893M->746M(1024M) 7,083ms
[199,118s][info][gc] GC(3929) Pause Young (Concurrent Start) (G1 Evacuation Pause) 894M->758M(1024M) 5,829ms
[199,118s][info][gc] GC(3930) Concurrent Mark Cycle
[199,186s][info][gc] GC(3931) Pause Young (Normal) (G1 Evacuation Pause) 896M->769M(1024M) 5,402ms
[199,249s][info][gc] GC(3932) Pause Young (Normal) (G1 Evacuation Pause) 897M->779M(1024M) 5,091ms
[199,308s][info][gc] GC(3933) Pause Young (Normal) (G1 Evacuation Pause) 899M->789M(1024M) 4,753ms
[199,331s][info][gc] GC(3930) Pause Remark 837M->837M(1024M) 0,865ms
[199,364s][info][gc] GC(3934) Pause Young (Normal) (G1 Evacuation Pause) 900M->797M(1024M) 5,615ms
[199,414s][info][gc] GC(3935) Pause Young (Normal) (G1 Evacuation Pause) 901M->806M(1024M) 4,891ms
[199,461s][info][gc] GC(3936) Pause Young (Normal) (G1 Evacuation Pause) 903M->814M(1024M) 4,878ms
[199,487s][info][gc] GC(3930) Pause Cleanup 876M->876M(1024M) 0,375ms
[199,488s][info][gc] GC(3930) Concurrent Mark Cycle 369,852ms
[199,504s][info][gc] GC(3937) Pause Young (Prepare Mixed) (G1 Evacuation Pause) 904M->821M(1024M) 4,362ms
[199,536s][info][gc] GC(3938) Pause Young (Mixed) (G1 Evacuation Pause) 864M->776M(1024M) 14,280ms
[199,570s][info][gc] GC(3939) Pause Young (Mixed) (G1 Evacuation Pause) 823M->740M(1024M) 14,172ms
[199,599s][info][gc] GC(3940) Pause Young (Mixed) (G1 Evacuation Pause) 784M->723M(1024M) 10,499ms
[199,673s][info][gc] GC(3941) Pause Young (Normal) (G1 Evacuation Pause) 891M->735M(1024M) 5,189ms
[199,744s][info][gc] GC(3942) Pause Young (Normal) (G1 Evacuation Pause) 892M->748M(1024M) 7,070ms
[199,807s][info][gc] GC(3943) Pause Young (Concurrent Start) (G1 Evacuation Pause) 894M->759M(1024M) 5,876ms
[199,807s][info][gc] GC(3944) Concurrent Mark Cycle
[199,875s][info][gc] GC(3945) Pause Young (Normal) (G1 Evacuation Pause) 896M->770M(1024M) 5,442ms
[199,938s][info][gc] GC(3946) Pause Young (Normal) (G1 Evacuation Pause) 898M->781M(1024M) 5,193ms
[199,996s][info][gc] GC(3947) Pause Young (Normal) (G1 Evacuation Pause) 899M->790M(1024M) 4,903ms
[200,021s][info][gc] GC(3944) Pause Remark 843M->843M(1024M) 0,782ms
[200,051s][info][gc] GC(3948) Pause Young (Normal) (G1 Evacuation Pause) 900M->799M(1024M) 5,279ms
[200,100s][info][gc] GC(3949) Pause Young (Normal) (G1 Evacuation Pause) 902M->808M(1024M) 5,008ms
[200,144s][info][gc] GC(3950) Pause Young (Normal) (G1 Evacuation Pause) 903M->815M(1024M) 4,666ms
[200,176s][info][gc] GC(3944) Pause Cleanup 889M->889M(1024M) 0,375ms
[200,177s][info][gc] GC(3944) Concurrent Mark Cycle 369,816ms
[200,187s][info][gc] GC(3951) Pause Young (Prepare Mixed) (G1 Evacuation Pause) 904M->822M(1024M) 4,370ms
[200,220s][info][gc] GC(3952) Pause Young (Mixed) (G1 Evacuation Pause) 865M->776M(1024M) 14,375ms
[200,254s][info][gc] GC(3953) Pause Young (Mixed) (G1 Evacuation Pause) 823M->740M(1024M) 14,615ms
[200,284s][info][gc] GC(3954) Pause Young (Mixed) (G1 Evacuation Pause) 784M->722M(1024M) 11,129ms
[200,362s][info][gc] GC(3955) Pause Young (Normal) (G1 Evacuation Pause) 891M->734M(1024M) 4,984ms
[200,436s][info][gc] GC(3956) Pause Young (Normal) (G1 Evacuation Pause) 892M->747M(1024M) 7,141ms
[200,502s][info][gc] GC(3957) Pause Young (Concurrent Start) (G1 Evacuation Pause) 895M->758M(1024M) 5,758ms
[200,502s][info][gc] GC(3958) Concurrent Mark Cycle
[200,569s][info][gc] GC(3959) Pause Young (Normal) (G1 Evacuation Pause) 896M->770M(1024M) 5,387ms
[200,632s][info][gc] GC(3960) Pause Young (Normal) (G1 Evacuation Pause) 897M->780M(1024M) 5,027ms
[200,691s][info][gc] GC(3961) Pause Young (Normal) (G1 Evacuation Pause) 898M->790M(1024M) 4,835ms
[200,715s][info][gc] GC(3958) Pause Remark 841M->841M(1024M) 0,643ms
[200,745s][info][gc] GC(3962) Pause Young (Normal) (G1 Evacuation Pause) 901M->799M(1024M) 5,053ms
[200,794s][info][gc] GC(3963) Pause Young (Normal) (G1 Evacuation Pause) 902M->807M(1024M) 4,916ms
[200,839s][info][gc] GC(3964) Pause Young (Normal) (G1 Evacuation Pause) 902M->814M(1024M) 4,707ms
[200,870s][info][gc] GC(3958) Pause Cleanup 885M->885M(1024M) 0,347ms
[200,871s][info][gc] GC(3958) Concurrent Mark Cycle 368,879ms
[200,883s][info][gc] GC(3965) Pause Young (Prepare Mixed) (G1 Evacuation Pause) 903M->822M(1024M) 4,421ms
[200,915s][info][gc] GC(3966) Pause Young (Mixed) (G1 Evacuation Pause) 865M->776M(1024M) 14,360ms
[200,949s][info][gc] GC(3967) Pause Young (Mixed) (G1 Evacuation Pause) 823M->740M(1024M) 14,267ms
[200,978s][info][gc] GC(3968) Pause Young (Mixed) (G1 Evacuation Pause) 784M->721M(1024M) 10,707ms
[201,054s][info][gc] GC(3969) Pause Young (Normal) (G1 Evacuation Pause) 891M->733M(1024M) 5,387ms
[201,126s][info][gc] GC(3970) Pause Young (Normal) (G1 Evacuation Pause) 892M->747M(1024M) 7,035ms
[201,190s][info][gc] GC(3971) Pause Young (Concurrent Start) (G1 Evacuation Pause) 894M->759M(1024M) 5,636ms
[201,190s][info][gc] GC(3972) Concurrent Mark Cycle
[201,257s][info][gc] GC(3973) Pause Young (Normal) (G1 Evacuation Pause) 896M->770M(1024M) 5,325ms
[201,320s][info][gc] GC(3974) Pause Young (Normal) (G1 Evacuation Pause) 898M->780M(1024M) 5,120ms
[201,379s][info][gc] GC(3975) Pause Young (Normal) (G1 Evacuation Pause) 898M->790M(1024M) 4,826ms
[201,403s][info][gc] GC(3972) Pause Remark 842M->842M(1024M) 0,693ms
[201,434s][info][gc] GC(3976) Pause Young (Normal) (G1 Evacuation Pause) 901M->799M(1024M) 4,907ms
[201,483s][info][gc] GC(3977) Pause Young (Normal) (G1 Evacuation Pause) 902M->807M(1024M) 4,795ms
[201,529s][info][gc] GC(3978) Pause Young (Normal) (G1 Evacuation Pause) 903M->815M(1024M) 4,760ms
[201,558s][info][gc] GC(3972) Pause Cleanup 883M->883M(1024M) 0,337ms
[201,560s][info][gc] GC(3972) Concurrent Mark Cycle 370,005ms
[201,572s][info][gc] GC(3979) Pause Young (Prepare Mixed) (G1 Evacuation Pause) 904M->821M(1024M) 4,399ms
[201,605s][info][gc] GC(3980) Pause Young (Mixed) (G1 Evacuation Pause) 864M->776M(1024M) 15,495ms
[201,639s][info][gc] GC(3981) Pause Young (Mixed) (G1 Evacuation Pause) 823M->741M(1024M) 14,239ms
[201,670s][info][gc] GC(3982) Pause Young (Mixed) (G1 Evacuation Pause) 785M->722M(1024M) 11,176ms
[201,746s][info][gc] GC(3983) Pause Young (Normal) (G1 Evacuation Pause) 891M->735M(1024M) 5,081ms
[201,819s][info][gc] GC(3984) Pause Young (Normal) (G1 Evacuation Pause) 893M->748M(1024M) 7,111ms
[201,882s][info][gc] GC(3985) Pause Young (Concurrent Start) (G1 Evacuation Pause) 894M->759M(1024M) 5,666ms
[201,882s][info][gc] GC(3986) Concurrent Mark Cycle
[201,950s][info][gc] GC(3987) Pause Young (Normal) (G1 Evacuation Pause) 896M->770M(1024M) 5,417ms
[202,013s][info][gc] GC(3988) Pause Young (Normal) (G1 Evacuation Pause) 897M->781M(1024M) 4,982ms
[202,071s][info][gc] GC(3989) Pause Young (Normal) (G1 Evacuation Pause) 899M->790M(1024M) 4,715ms
[202,096s][info][gc] GC(3986) Pause Remark 843M->843M(1024M) 0,704ms
[202,125s][info][gc] GC(3990) Pause Young (Normal) (G1 Evacuation Pause) 900M->799M(1024M) 4,882ms
[202,174s][info][gc] GC(3991) Pause Young (Normal) (G1 Evacuation Pause) 902M->808M(1024M) 4,934ms
[202,219s][info][gc] GC(3992) Pause Young (Normal) (G1 Evacuation Pause) 903M->815M(1024M) 4,749ms
[202,251s][info][gc] GC(3986) Pause Cleanup 889M->889M(1024M) 0,340ms
[202,252s][info][gc] GC(3986) Concurrent Mark Cycle 369,585ms
[202,262s][info][gc] GC(3993) Pause Young (Prepare Mixed) (G1 Evacuation Pause) 904M->822M(1024M) 4,391ms
[202,294s][info][gc] GC(3994) Pause Young (Mixed) (G1 Evacuation Pause) 865M->776M(1024M) 14,326ms
[202,328s][info][gc] GC(3995) Pause Young (Mixed) (G1 Evacuation Pause) 823M->741M(1024M) 14,327ms
[202,358s][info][gc] GC(3996) Pause Young (Mixed) (G1 Evacuation Pause) 785M->721M(1024M) 11,318ms
[202,432s][info][gc] GC(3997) Pause Young (Normal) (G1 Evacuation Pause) 891M->734M(1024M) 5,191ms
[202,503s][info][gc] GC(3998) Pause Young (Normal) (G1 Evacuation Pause) 893M->747M(1024M) 7,058ms
[202,568s][info][gc] GC(3999) Pause Young (Concurrent Start) (G1 Evacuation Pause) 895M->760M(1024M) 5,684ms
[202,568s][info][gc] GC(4000) Concurrent Mark Cycle
[202,635s][info][gc] GC(4001) Pause Young (Normal) (G1 Evacuation Pause) 896M->770M(1024M) 5,462ms
[202,698s][info][gc] GC(4002) Pause Young (Normal) (G1 Evacuation Pause) 898M->780M(1024M) 5,105ms
[202,756s][info][gc] GC(4003) Pause Young (Normal) (G1 Evacuation Pause) 898M->790M(1024M) 4,849ms
[202,781s][info][gc] GC(4000) Pause Remark 842M->842M(1024M) 0,748ms
[202,811s][info][gc] GC(4004) Pause Young (Normal) (G1 Evacuation Pause) 901M->799M(1024M) 4,973ms
[202,860s][info][gc] GC(4005) Pause Young (Normal) (G1 Evacuation Pause) 902M->807M(1024M) 4,771ms
[202,905s][info][gc] GC(4006) Pause Young (Normal) (G1 Evacuation Pause) 903M->814M(1024M) 4,785ms
[202,935s][info][gc] GC(4000) Pause Cleanup 883M->883M(1024M) 0,330ms
[202,936s][info][gc] GC(4000) Concurrent Mark Cycle 368,350ms
[202,949s][info][gc] GC(4007) Pause Young (Prepare Mixed) (G1 Evacuation Pause) 904M->822M(1024M) 4,271ms
[202,981s][info][gc] GC(4008) Pause Young (Mixed) (G1 Evacuation Pause) 865M->775M(1024M) 14,248ms
[203,015s][info][gc] GC(4009) Pause Young (Mixed) (G1 Evacuation Pause) 822M->738M(1024M) 14,073ms
[203,045s][info][gc] GC(4010) Pause Young (Mixed) (G1 Evacuation Pause) 782M->721M(1024M) 10,752ms
[203,120s][info][gc] GC(4011) Pause Young (Normal) (G1 Evacuation Pause) 891M->733M(1024M) 5,238ms
[203,192s][info][gc] GC(4012) Pause Young (Normal) (G1 Evacuation Pause) 892M->747M(1024M) 7,093ms
[203,257s][info][gc] GC(4013) Pause Young (Concurrent Start) (G1 Evacuation Pause) 895M->759M(1024M) 5,738ms
[203,257s][info][gc] GC(4014) Concurrent Mark Cycle
[203,325s][info][gc] GC(4015) Pause Young (Normal) (G1 Evacuation Pause) 896M->769M(1024M) 5,395ms
[203,389s][info][gc] GC(4016) Pause Young (Normal) (G1 Evacuation Pause) 898M->780M(1024M) 5,084ms
[203,448s][info][gc] GC(4017) Pause Young (Normal) (G1 Evacuation Pause) 899M->789M(1024M) 4,786ms
[203,471s][info][gc] GC(4014) Pause Remark 837M->837M(1024M) 0,799ms
[203,503s][info][gc] GC(4018) Pause Young (Normal) (G1 Evacuation Pause) 900M->798M(1024M) 5,040ms
[203,551s][info][gc] GC(4019) Pause Young (Normal) (G1 Evacuation Pause) 901M->806M(1024M) 4,820ms
[203,597s][info][gc] GC(4020) Pause Young (Normal) (G1 Evacuation Pause) 903M->814M(1024M) 4,848ms
[203,626s][info][gc] GC(4014) Pause Cleanup 881M->881M(1024M) 0,422ms
[203,627s][info][gc] GC(4014) Concurrent Mark Cycle 369,977ms
[203,641s][info][gc] GC(4021) Pause Young (Prepare Mixed) (G1 Evacuation Pause) 904M->821M(1024M) 4,493ms
[203,673s][info][gc] GC(4022) Pause Young (Mixed) (G1 Evacuation Pause) 864M->775M(1024M) 14,630ms
[203,707s][info][gc] GC(4023) Pause Young (Mixed) (G1 Evacuation Pause) 822M->739M(1024M) 14,387ms
[203,736s][info][gc] GC(4024) Pause Young (Mixed) (G1 Evacuation Pause) 783M->722M(1024M) 10,569ms
[203,812s][info][gc] GC(4025) Pause Young (Normal) (G1 Evacuation Pause) 891M->734M(1024M) 5,139ms
[203,884s][info][gc] GC(4026) Pause Young (Normal) (G1 Evacuation Pause) 892M->747M(1024M) 6,992ms
[203,950s][info][gc] GC(4027) Pause Young (Concurrent Start) (G1 Evacuation Pause) 895M->759M(1024M) 5,677ms
[203,950s][info][gc] GC(4028) Concurrent Mark Cycle
[204,018s][info][gc] GC(4029) Pause Young (Normal) (G1 Evacuation Pause) 895M->770M(1024M) 5,296ms
[204,081s][info][gc] GC(4030) Pause Young (Normal) (G1 Evacuation Pause) 898M->781M(1024M) 5,148ms
[204,140s][info][gc] GC(4031) Pause Young (Normal) (G1 Evacuation Pause) 899M->790M(1024M) 4,793ms
[204,164s][info][gc] GC(4028) Pause Remark 842M->842M(1024M) 0,710ms
[204,194s][info][gc] GC(4032) Pause Young (Normal) (G1 Evacuation Pause) 900M->799M(1024M) 5,165ms
[204,243s][info][gc] GC(4033) Pause Young (Normal) (G1 Evacuation Pause) 902M->807M(1024M) 4,943ms
[204,289s][info][gc] GC(4034) Pause Young (Normal) (G1 Evacuation Pause) 903M->815M(1024M) 4,861ms
[204,319s][info][gc] GC(4028) Pause Cleanup 885M->885M(1024M) 0,345ms
[204,320s][info][gc] GC(4028) Concurrent Mark Cycle 369,661ms
[204,332s][info][gc] GC(4035) Pause Young (Prepare Mixed) (G1 Evacuation Pause) 904M->822M(1024M) 4,503ms
[204,364s][info][gc] GC(4036) Pause Young (Mixed) (G1 Evacuation Pause) 865M->776M(1024M) 13,851ms
[204,398s][info][gc] GC(4037) Pause Young (Mixed) (G1 Evacuation Pause) 823M->739M(1024M) 14,551ms
[204,428s][info][gc] GC(4038) Pause Young (Mixed) (G1 Evacuation Pause) 783M->721M(1024M) 11,166ms
[204,502s][info][gc] GC(4039) Pause Young (Normal) (G1 Evacuation Pause) 891M->733M(1024M) 4,985ms
[204,572s][info][gc] GC(4040) Pause Young (Normal) (G1 Evacuation Pause) 892M->746M(1024M) 7,054ms
[204,636s][info][gc] GC(4041) Pause Young (Concurrent Start) (G1 Evacuation Pause) 894M->758M(1024M) 5,699ms
[204,636s][info][gc] GC(4042) Concurrent Mark Cycle
[204,705s][info][gc] GC(4043) Pause Young (Normal) (G1 Evacuation Pause) 896M->769M(1024M) 5,456ms
[204,768s][info][gc] GC(4044) Pause Young (Normal) (G1 Evacuation Pause) 898M->779M(1024M) 5,036ms
[204,830s][info][gc] GC(4045) Pause Young (Normal) (G1 Evacuation Pause) 899M->788M(1024M) 4,857ms
[204,849s][info][gc] GC(4042) Pause Remark 829M->829M(1024M) 0,897ms
[204,885s][info][gc] GC(4046) Pause Young (Normal) (G1 Evacuation Pause) 900M->797M(1024M) 5,042ms
[204,934s][info][gc] GC(4047) Pause Young (Normal) (G1 Evacuation Pause) 901M->806M(1024M) 4,854ms
[204,980s][info][gc] GC(4048) Pause Young (Normal) (G1 Evacuation Pause) 903M->813M(1024M) 4,696ms
[205,004s][info][gc] GC(4042) Pause Cleanup 868M->868M(1024M) 0,344ms
[205,005s][info][gc] GC(4042) Concurrent Mark Cycle 368,679ms
[205,024s][info][gc] GC(4049) Pause Young (Prepare Mixed) (G1 Evacuation Pause) 904M->821M(1024M) 4,446ms
[205,057s][info][gc] GC(4050) Pause Young (Mixed) (G1 Evacuation Pause) 864M->776M(1024M) 14,574ms
[205,091s][info][gc] GC(4051) Pause Young (Mixed) (G1 Evacuation Pause) 823M->740M(1024M) 14,098ms
[205,120s][info][gc] GC(4052) Pause Young (Mixed) (G1 Evacuation Pause) 784M->720M(1024M) 11,248ms
[205,195s][info][gc] GC(4053) Pause Young (Normal) (G1 Evacuation Pause) 891M->732M(1024M) 5,121ms
[205,267s][info][gc] GC(4054) Pause Young (Normal) (G1 Evacuation Pause) 892M->746M(1024M) 7,073ms
[205,332s][info][gc] GC(4055) Pause Young (Concurrent Start) (G1 Evacuation Pause) 894M->758M(1024M) 5,840ms
[205,332s][info][gc] GC(4056) Concurrent Mark Cycle
[205,400s][info][gc] GC(4057) Pause Young (Normal) (G1 Evacuation Pause) 896M->769M(1024M) 5,536ms
[205,463s][info][gc] GC(4058) Pause Young (Normal) (G1 Evacuation Pause) 898M->779M(1024M) 5,131ms
[205,522s][info][gc] GC(4059) Pause Young (Normal) (G1 Evacuation Pause) 899M->788M(1024M) 4,874ms
[205,545s][info][gc] GC(4056) Pause Remark 836M->836M(1024M) 1,004ms
[205,577s][info][gc] GC(4060) Pause Young (Normal) (G1 Evacuation Pause) 899M->798M(1024M) 5,046ms
[205,626s][info][gc] GC(4061) Pause Young (Normal) (G1 Evacuation Pause) 902M->806M(1024M) 4,932ms
[205,672s][info][gc] GC(4062) Pause Young (Normal) (G1 Evacuation Pause) 903M->814M(1024M) 4,754ms
[205,699s][info][gc] GC(4056) Pause Cleanup 878M->878M(1024M) 0,341ms
[205,701s][info][gc] GC(4056) Concurrent Mark Cycle 368,714ms
[205,715s][info][gc] GC(4063) Pause Young (Prepare Mixed) (G1 Evacuation Pause) 904M->821M(1024M) 4,469ms
[205,748s][info][gc] GC(4064) Pause Young (Mixed) (G1 Evacuation Pause) 864M->776M(1024M) 14,501ms
[205,781s][info][gc] GC(4065) Pause Young (Mixed) (G1 Evacuation Pause) 823M->740M(1024M) 14,116ms
[205,811s][info][gc] GC(4066) Pause Young (Mixed) (G1 Evacuation Pause) 784M->721M(1024M) 10,841ms
[205,886s][info][gc] GC(4067) Pause Young (Normal) (G1 Evacuation Pause) 891M->734M(1024M) 5,225ms
[205,959s][info][gc] GC(4068) Pause Young (Normal) (G1 Evacuation Pause) 893M->747M(1024M) 7,084ms
[206,025s][info][gc] GC(4069) Pause Young (Concurrent Start) (G1 Evacuation Pause) 895M->759M(1024M) 5,750ms
[206,025s][info][gc] GC(4070) Concurrent Mark Cycle
[206,092s][info][gc] GC(4071) Pause Young (Normal) (G1 Evacuation Pause) 896M->770M(1024M) 5,328ms
[206,155s][info][gc] GC(4072) Pause Young (Normal) (G1 Evacuation Pause) 898M->780M(1024M) 4,985ms
[206,214s][info][gc] GC(4073) Pause Young (Normal) (G1 Evacuation Pause) 899M->789M(1024M) 4,898ms
[206,238s][info][gc] GC(4070) Pause Remark 841M->841M(1024M) 0,805ms
[206,268s][info][gc] GC(4074) Pause Young (Normal) (G1 Evacuation Pause) 900M->799M(1024M) 5,032ms
[206,317s][info][gc] GC(4075) Pause Young (Normal) (G1 Evacuation Pause) 902M->807M(1024M) 4,915ms
[206,363s][info][gc] GC(4076) Pause Young (Normal) (G1 Evacuation Pause) 903M->814M(1024M) 4,824ms
[206,391s][info][gc] GC(4070) Pause Cleanup 881M->881M(1024M) 0,373ms
[206,392s][info][gc] GC(4070) Concurrent Mark Cycle 367,600ms
[206,405s][info][gc] GC(4077) Pause Young (Prepare Mixed) (G1 Evacuation Pause) 904M->822M(1024M) 4,410ms
[206,438s][info][gc] GC(4078) Pause Young (Mixed) (G1 Evacuation Pause) 865M->776M(1024M) 14,247ms
[206,472s][info][gc] GC(4079) Pause Young (Mixed) (G1 Evacuation Pause) 823M->739M(1024M) 14,308ms
[206,502s][info][gc] GC(4080) Pause Young (Mixed) (G1 Evacuation Pause) 783M->720M(1024M) 11,183ms
[206,576s][info][gc] GC(4081) Pause Young (Normal) (G1 Evacuation Pause) 891M->733M(1024M) 5,311ms
[206,646s][info][gc] GC(4082) Pause Young (Normal) (G1 Evacuation Pause) 893M->746M(1024M) 7,210ms
[206,711s][info][gc] GC(4083) Pause Young (Concurrent Start) (G1 Evacuation Pause) 894M->757M(1024M) 5,786ms
[206,711s][info][gc] GC(4084) Concurrent Mark Cycle
[206,779s][info][gc] GC(4085) Pause Young (Normal) (G1 Evacuation Pause) 896M->769M(1024M) 5,336ms
[206,842s][info][gc] GC(4086) Pause Young (Normal) (G1 Evacuation Pause) 897M->779M(1024M) 5,153ms
[206,901s][info][gc] GC(4087) Pause Young (Normal) (G1 Evacuation Pause) 898M->789M(1024M) 4,878ms
[206,924s][info][gc] GC(4084) Pause Remark 838M->838M(1024M) 0,712ms
[206,956s][info][gc] GC(4088) Pause Young (Normal) (G1 Evacuation Pause) 900M->798M(1024M) 5,056ms
[207,005s][info][gc] GC(4089) Pause Young (Normal) (G1 Evacuation Pause) 902M->806M(1024M) 4,969ms
[207,050s][info][gc] GC(4090) Pause Young (Normal) (G1 Evacuation Pause) 902M->814M(1024M) 4,705ms
[207,077s][info][gc] GC(4084) Pause Cleanup 877M->877M(1024M) 0,375ms
[207,078s][info][gc] GC(4084) Concurrent Mark Cycle 367,266ms
[207,093s][info][gc] GC(4091) Pause Young (Prepare Mixed) (G1 Evacuation Pause) 904M->821M(1024M) 4,473ms
[207,126s][info][gc] GC(4092) Pause Young (Mixed) (G1 Evacuation Pause) 864M->776M(1024M) 14,591ms
[207,159s][info][gc] GC(4093) Pause Young (Mixed) (G1 Evacuation Pause) 823M->739M(1024M) 14,081ms
[207,189s][info][gc] GC(4094) Pause Young (Mixed) (G1 Evacuation Pause) 783M->720M(1024M) 11,186ms
[207,264s][info][gc] GC(4095) Pause Young (Normal) (G1 Evacuation Pause) 891M->733M(1024M) 5,241ms
[207,336s][info][gc] GC(4096) Pause Young (Normal) (G1 Evacuation Pause) 893M->746M(1024M) 7,151ms
[207,400s][info][gc] GC(4097) Pause Young (Concurrent Start) (G1 Evacuation Pause) 894M->758M(1024M) 5,699ms
[207,400s][info][gc] GC(4098) Concurrent Mark Cycle
[207,468s][info][gc] GC(4099) Pause Young (Normal) (G1 Evacuation Pause) 896M->769M(1024M) 5,411ms
[207,532s][info][gc] GC(4100) Pause Young (Normal) (G1 Evacuation Pause) 898M->779M(1024M) 5,128ms
[207,591s][info][gc] GC(4101) Pause Young (Normal) (G1 Evacuation Pause) 899M->789M(1024M) 4,863ms
[207,613s][info][gc] GC(4098) Pause Remark 837M->837M(1024M) 0,823ms
[207,645s][info][gc] GC(4102) Pause Young (Normal) (G1 Evacuation Pause) 900M->798M(1024M) 5,062ms
[207,694s][info][gc] GC(4103) Pause Young (Normal) (G1 Evacuation Pause) 902M->806M(1024M) 5,016ms
[207,741s][info][gc] GC(4104) Pause Young (Normal) (G1 Evacuation Pause) 903M->814M(1024M) 4,741ms
[207,768s][info][gc] GC(4098) Pause Cleanup 877M->877M(1024M) 0,382ms
[207,769s][info][gc] GC(4098) Concurrent Mark Cycle 369,061ms
[207,784s][info][gc] GC(4105) Pause Young (Prepare Mixed) (G1 Evacuation Pause) 904M->821M(1024M) 4,459ms
[207,816s][info][gc] GC(4106) Pause Young (Mixed) (G1 Evacuation Pause) 864M->776M(1024M) 14,372ms
[207,851s][info][gc] GC(4107) Pause Young (Mixed) (G1 Evacuation Pause) 823M->740M(1024M) 14,216ms
[207,880s][info][gc] GC(4108) Pause Young (Mixed) (G1 Evacuation Pause) 784M->722M(1024M) 10,809ms
[207,955s][info][gc] GC(4109) Pause Young (Normal) (G1 Evacuation Pause) 891M->735M(1024M) 5,239ms
[208,027s][info][gc] GC(4110) Pause Young (Normal) (G1 Evacuation Pause) 893M->748M(1024M) 7,116ms
[208,090s][info][gc] GC(4111) Pause Young (Concurrent Start) (G1 Evacuation Pause) 895M->759M(1024M) 5,653ms
[208,090s][info][gc] GC(4112) Concurrent Mark Cycle
[208,158s][info][gc] GC(4113) Pause Young (Normal) (G1 Evacuation Pause) 896M->771M(1024M) 5,404ms
[208,221s][info][gc] GC(4114) Pause Young (Normal) (G1 Evacuation Pause) 898M->781M(1024M) 5,185ms
[208,279s][info][gc] GC(4115) Pause Young (Normal) (G1 Evacuation Pause) 899M->790M(1024M) 4,905ms
[208,304s][info][gc] GC(4112) Pause Remark 843M->843M(1024M) 0,807ms
[208,335s][info][gc] GC(4116) Pause Young (Normal) (G1 Evacuation Pause) 900M->799M(1024M) 5,328ms
[208,384s][info][gc] GC(4117) Pause Young (Normal) (G1 Evacuation Pause) 902M->808M(1024M) 4,990ms
[208,430s][info][gc] GC(4118) Pause Young (Normal) (G1 Evacuation Pause) 903M->815M(1024M) 4,658ms
[208,461s][info][gc] GC(4112) Pause Cleanup 887M->887M(1024M) 0,317ms
[208,462s][info][gc] GC(4112) Concurrent Mark Cycle 372,054ms
[208,473s][info][gc] GC(4119) Pause Young (Prepare Mixed) (G1 Evacuation Pause) 904M->822M(1024M) 4,274ms
[208,506s][info][gc] GC(4120) Pause Young (Mixed) (G1 Evacuation Pause) 865M->776M(1024M) 13,825ms
[208,540s][info][gc] GC(4121) Pause Young (Mixed) (G1 Evacuation Pause) 823M->740M(1024M) 14,483ms
[208,570s][info][gc] GC(4122) Pause Young (Mixed) (G1 Evacuation Pause) 784M->722M(1024M) 11,206ms
[208,645s][info][gc] GC(4123) Pause Young (Normal) (G1 Evacuation Pause) 891M->734M(1024M) 5,186ms
[208,715s][info][gc] GC(4124) Pause Young (Normal) (G1 Evacuation Pause) 892M->747M(1024M) 7,012ms
[208,780s][info][gc] GC(4125) Pause Young (Concurrent Start) (G1 Evacuation Pause) 895M->758M(1024M) 5,701ms
[208,780s][info][gc] GC(4126) Concurrent Mark Cycle
[208,848s][info][gc] GC(4127) Pause Young (Normal) (G1 Evacuation Pause) 896M->770M(1024M) 5,413ms
[208,911s][info][gc] GC(4128) Pause Young (Normal) (G1 Evacuation Pause) 898M->779M(1024M) 5,131ms
[208,970s][info][gc] GC(4129) Pause Young (Normal) (G1 Evacuation Pause) 898M->789M(1024M) 4,980ms
[208,994s][info][gc] GC(4126) Pause Remark 839M->839M(1024M) 0,793ms
[209,025s][info][gc] GC(4130) Pause Young (Normal) (G1 Evacuation Pause) 900M->798M(1024M) 4,971ms
[209,074s][info][gc] GC(4131) Pause Young (Normal) (G1 Evacuation Pause) 902M->806M(1024M) 4,818ms
[209,120s][info][gc] GC(4132) Pause Young (Normal) (G1 Evacuation Pause) 903M->814M(1024M) 4,669ms
[209,148s][info][gc] GC(4126) Pause Cleanup 880M->880M(1024M) 0,343ms
[209,150s][info][gc] GC(4126) Concurrent Mark Cycle 369,309ms
[209,163s][info][gc] GC(4133) Pause Young (Prepare Mixed) (G1 Evacuation Pause) 904M->821M(1024M) 4,501ms
[209,195s][info][gc] GC(4134) Pause Young (Mixed) (G1 Evacuation Pause) 864M->775M(1024M) 14,216ms
[209,229s][info][gc] GC(4135) Pause Young (Mixed) (G1 Evacuation Pause) 822M->739M(1024M) 14,148ms
[209,259s][info][gc] GC(4136) Pause Young (Mixed) (G1 Evacuation Pause) 783M->720M(1024M) 11,439ms
[209,335s][info][gc] GC(4137) Pause Young (Normal) (G1 Evacuation Pause) 891M->732M(1024M) 5,316ms
[209,407s][info][gc] GC(4138) Pause Young (Normal) (G1 Evacuation Pause) 892M->746M(1024M) 7,129ms
[209,473s][info][gc] GC(4139) Pause Young (Concurrent Start) (G1 Evacuation Pause) 894M->758M(1024M) 5,759ms
[209,473s][info][gc] GC(4140) Concurrent Mark Cycle
[209,541s][info][gc] GC(4141) Pause Young (Normal) (G1 Evacuation Pause) 896M->768M(1024M) 5,494ms
[209,604s][info][gc] GC(4142) Pause Young (Normal) (G1 Evacuation Pause) 897M->779M(1024M) 5,117ms
[209,664s][info][gc] GC(4143) Pause Young (Normal) (G1 Evacuation Pause) 899M->789M(1024M) 4,882ms
[209,685s][info][gc] GC(4140) Pause Remark 835M->835M(1024M) 0,940ms
[209,719s][info][gc] GC(4144) Pause Young (Normal) (G1 Evacuation Pause) 900M->798M(1024M) 5,048ms
[209,768s][info][gc] GC(4145) Pause Young (Normal) (G1 Evacuation Pause) 902M->807M(1024M) 5,002ms
[209,814s][info][gc] GC(4146) Pause Young (Normal) (G1 Evacuation Pause) 903M->814M(1024M) 4,743ms
[209,840s][info][gc] GC(4140) Pause Cleanup 875M->875M(1024M) 0,345ms
[209,841s][info][gc] GC(4140) Concurrent Mark Cycle 367,680ms
[209,857s][info][gc] GC(4147) Pause Young (Prepare Mixed) (G1 Evacuation Pause) 904M->821M(1024M) 4,325ms
[209,889s][info][gc] GC(4148) Pause Young (Mixed) (G1 Evacuation Pause) 864M->776M(1024M) 14,466ms
[209,923s][info][gc] GC(4149) Pause Young (Mixed) (G1 Evacuation Pause) 823M->740M(1024M) 14,277ms
[209,952s][info][gc] GC(4150) Pause Young (Mixed) (G1 Evacuation Pause) 784M->723M(1024M) 10,147ms
[210,028s][info][gc] GC(4151) Pause Young (Normal) (G1 Evacuation Pause) 891M->735M(1024M) 5,166ms
[210,099s][info][gc] GC(4152) Pause Young (Normal) (G1 Evacuation Pause) 892M->748M(1024M) 6,957ms
[210,164s][info][gc] GC(4153) Pause Young (Concurrent Start) (G1 Evacuation Pause) 895M->759M(1024M) 5,667ms
[210,164s][info][gc] GC(4154) Concurrent Mark Cycle
[210,232s][info][gc] GC(4155) Pause Young (Normal) (G1 Evacuation Pause) 896M->771M(1024M) 5,380ms
[210,294s][info][gc] GC(4156) Pause Young (Normal) (G1 Evacuation Pause) 898M->781M(1024M) 5,042ms
[210,352s][info][gc] GC(4157) Pause Young (Normal) (G1 Evacuation Pause) 899M->790M(1024M) 4,822ms
[210,377s][info][gc] GC(4154) Pause Remark 844M->844M(1024M) 0,890ms
[210,407s][info][gc] GC(4158) Pause Young (Normal) (G1 Evacuation Pause) 900M->799M(1024M) 4,952ms
[210,455s][info][gc] GC(4159) Pause Young (Normal) (G1 Evacuation Pause) 902M->808M(1024M) 4,833ms
[210,500s][info][gc] GC(4160) Pause Young (Normal) (G1 Evacuation Pause) 903M->815M(1024M) 4,611ms
[210,532s][info][gc] GC(4154) Pause Cleanup 888M->888M(1024M) 0,354ms
[210,533s][info][gc] GC(4154) Concurrent Mark Cycle 368,569ms
[210,543s][info][gc] GC(4161) Pause Young (Prepare Mixed) (G1 Evacuation Pause) 904M->822M(1024M) 4,298ms
[210,575s][info][gc] GC(4162) Pause Young (Mixed) (G1 Evacuation Pause) 865M->776M(1024M) 13,943ms
[210,609s][info][gc] GC(4163) Pause Young (Mixed) (G1 Evacuation Pause) 823M->740M(1024M) 14,351ms
[210,639s][info][gc] GC(4164) Pause Young (Mixed) (G1 Evacuation Pause) 784M->721M(1024M) 11,591ms
[210,714s][info][gc] GC(4165) Pause Young (Normal) (G1 Evacuation Pause) 891M->734M(1024M) 5,198ms
[210,784s][info][gc] GC(4166) Pause Young (Normal) (G1 Evacuation Pause) 893M->747M(1024M) 6,921ms
[210,849s][info][gc] GC(4167) Pause Young (Concurrent Start) (G1 Evacuation Pause) 895M->759M(1024M) 5,577ms
[210,849s][info][gc] GC(4168) Concurrent Mark Cycle
[210,917s][info][gc] GC(4169) Pause Young (Normal) (G1 Evacuation Pause) 896M->770M(1024M) 5,449ms
[210,980s][info][gc] GC(4170) Pause Young (Normal) (G1 Evacuation Pause) 898M->780M(1024M) 5,080ms
[211,039s][info][gc] GC(4171) Pause Young (Normal) (G1 Evacuation Pause) 899M->790M(1024M) 4,772ms
[211,063s][info][gc] GC(4168) Pause Remark 840M->840M(1024M) 0,729ms
[211,094s][info][gc] GC(4172) Pause Young (Normal) (G1 Evacuation Pause) 901M->799M(1024M) 4,988ms
[211,142s][info][gc] GC(4173) Pause Young (Normal) (G1 Evacuation Pause) 902M->807M(1024M) 4,926ms
[211,188s][info][gc] GC(4174) Pause Young (Normal) (G1 Evacuation Pause) 903M->814M(1024M) 4,784ms
[211,216s][info][gc] GC(4168) Pause Cleanup 881M->881M(1024M) 0,363ms
[211,218s][info][gc] GC(4168) Concurrent Mark Cycle 368,536ms
[211,231s][info][gc] GC(4175) Pause Young (Prepare Mixed) (G1 Evacuation Pause) 904M->822M(1024M) 4,446ms
[211,263s][info][gc] GC(4176) Pause Young (Mixed) (G1 Evacuation Pause) 865M->775M(1024M) 14,261ms
[211,296s][info][gc] GC(4177) Pause Young (Mixed) (G1 Evacuation Pause) 822M->738M(1024M) 14,262ms
[211,325s][info][gc] GC(4178) Pause Young (Mixed) (G1 Evacuation Pause) 782M->722M(1024M) 10,724ms
[211,400s][info][gc] GC(4179) Pause Young (Normal) (G1 Evacuation Pause) 891M->734M(1024M) 5,226ms
[211,472s][info][gc] GC(4180) Pause Young (Normal) (G1 Evacuation Pause) 892M->747M(1024M) 7,180ms
[211,537s][info][gc] GC(4181) Pause Young (Concurrent Start) (G1 Evacuation Pause) 895M->758M(1024M) 5,764ms
[211,538s][info][gc] GC(4182) Concurrent Mark Cycle
[211,605s][info][gc] GC(4183) Pause Young (Normal) (G1 Evacuation Pause) 896M->770M(1024M) 5,357ms
[211,668s][info][gc] GC(4184) Pause Young (Normal) (G1 Evacuation Pause) 898M->780M(1024M) 5,120ms
[211,727s][info][gc] GC(4185) Pause Young (Normal) (G1 Evacuation Pause) 899M->790M(1024M) 4,795ms
[211,751s][info][gc] GC(4182) Pause Remark 840M->840M(1024M) 0,875ms
[211,782s][info][gc] GC(4186) Pause Young (Normal) (G1 Evacuation Pause) 901M->799M(1024M) 4,958ms
[211,831s][info][gc] GC(4187) Pause Young (Normal) (G1 Evacuation Pause) 902M->807M(1024M) 4,836ms
[211,876s][info][gc] GC(4188) Pause Young (Normal) (G1 Evacuation Pause) 903M->814M(1024M) 4,777ms
[211,905s][info][gc] GC(4182) Pause Cleanup 880M->880M(1024M) 0,300ms
[211,906s][info][gc] GC(4182) Concurrent Mark Cycle 368,358ms
[211,920s][info][gc] GC(4189) Pause Young (Prepare Mixed) (G1 Evacuation Pause) 904M->821M(1024M) 4,444ms
[211,952s][info][gc] GC(4190) Pause Young (Mixed) (G1 Evacuation Pause) 864M->775M(1024M) 14,706ms
[211,986s][info][gc] GC(4191) Pause Young (Mixed) (G1 Evacuation Pause) 822M->739M(1024M) 14,222ms
[212,016s][info][gc] GC(4192) Pause Young (Mixed) (G1 Evacuation Pause) 783M->719M(1024M) 10,823ms
[212,092s][info][gc] GC(4193) Pause Young (Normal) (G1 Evacuation Pause) 891M->732M(1024M) 5,280ms
[212,164s][info][gc] GC(4194) Pause Young (Normal) (G1 Evacuation Pause) 893M->746M(1024M) 7,216ms
[212,230s][info][gc] GC(4195) Pause Young (Concurrent Start) (G1 Evacuation Pause) 894M->757M(1024M) 5,741ms
[212,230s][info][gc] GC(4196) Concurrent Mark Cycle
[212,298s][info][gc] GC(4197) Pause Young (Normal) (G1 Evacuation Pause) 895M->768M(1024M) 5,425ms
[212,361s][info][gc] GC(4198) Pause Young (Normal) (G1 Evacuation Pause) 897M->779M(1024M) 5,078ms
[212,420s][info][gc] GC(4199) Pause Young (Normal) (G1 Evacuation Pause) 899M->788M(1024M) 4,862ms
[212,443s][info][gc] GC(4196) Pause Remark 836M->836M(1024M) 0,906ms
[212,475s][info][gc] GC(4200) Pause Young (Normal) (G1 Evacuation Pause) 899M->797M(1024M) 5,007ms
[212,524s][info][gc] GC(4201) Pause Young (Normal) (G1 Evacuation Pause) 901M->806M(1024M) 4,834ms
[212,570s][info][gc] GC(4202) Pause Young (Normal) (G1 Evacuation Pause) 903M->813M(1024M) 4,763ms
[212,596s][info][gc] GC(4196) Pause Cleanup 874M->874M(1024M) 0,369ms
[212,598s][info][gc] GC(4196) Concurrent Mark Cycle 367,986ms
[212,614s][info][gc] GC(4203) Pause Young (Prepare Mixed) (G1 Evacuation Pause) 904M->821M(1024M) 4,454ms
[212,646s][info][gc] GC(4204) Pause Young (Mixed) (G1 Evacuation Pause) 864M->775M(1024M) 14,578ms
[212,680s][info][gc] GC(4205) Pause Young (Mixed) (G1 Evacuation Pause) 822M->739M(1024M) 14,106ms
[212,708s][info][gc] GC(4206) Pause Young (Mixed) (G1 Evacuation Pause) 783M->723M(1024M) 10,381ms
[212,784s][info][gc] GC(4207) Pause Young (Normal) (G1 Evacuation Pause) 891M->736M(1024M) 5,101ms
[212,854s][info][gc] GC(4208) Pause Young (Normal) (G1 Evacuation Pause) 893M->749M(1024M) 7,129ms
[212,923s][info][gc] GC(4209) Pause Young (Concurrent Start) (G1 Evacuation Pause) 895M->760M(1024M) 5,802ms
[212,923s][info][gc] GC(4210) Concurrent Mark Cycle
[212,991s][info][gc] GC(4211) Pause Young (Normal) (G1 Evacuation Pause) 896M->770M(1024M) 5,203ms
[213,057s][info][gc] GC(4212) Pause Young (Normal) (G1 Evacuation Pause) 898M->781M(1024M) 5,036ms
[213,116s][info][gc] GC(4213) Pause Young (Normal) (G1 Evacuation Pause) 899M->790M(1024M) 4,783ms
[213,140s][info][gc] GC(4210) Pause Remark 843M->843M(1024M) 0,747ms
[213,170s][info][gc] GC(4214) Pause Young (Normal) (G1 Evacuation Pause) 900M->799M(1024M) 4,988ms
[213,219s][info][gc] GC(4215) Pause Young (Normal) (G1 Evacuation Pause) 902M->808M(1024M) 4,836ms
[213,265s][info][gc] GC(4216) Pause Young (Normal) (G1 Evacuation Pause) 903M->815M(1024M) 4,788ms
[213,295s][info][gc] GC(4210) Pause Cleanup 886M->886M(1024M) 0,353ms
[213,296s][info][gc] GC(4210) Concurrent Mark Cycle 373,443ms
[213,308s][info][gc] GC(4217) Pause Young (Prepare Mixed) (G1 Evacuation Pause) 904M->822M(1024M) 4,413ms
[213,340s][info][gc] GC(4218) Pause Young (Mixed) (G1 Evacuation Pause) 865M->775M(1024M) 13,895ms
[213,374s][info][gc] GC(4219) Pause Young (Mixed) (G1 Evacuation Pause) 822M->740M(1024M) 14,298ms
[213,404s][info][gc] GC(4220) Pause Young (Mixed) (G1 Evacuation Pause) 784M->719M(1024M) 11,809ms
[213,480s][info][gc] GC(4221) Pause Young (Normal) (G1 Evacuation Pause) 891M->732M(1024M) 5,210ms
[213,553s][info][gc] GC(4222) Pause Young (Normal) (G1 Evacuation Pause) 893M->745M(1024M) 7,056ms
[213,618s][info][gc] GC(4223) Pause Young (Concurrent Start) (G1 Evacuation Pause) 894M->757M(1024M) 5,786ms
[213,618s][info][gc] GC(4224) Concurrent Mark Cycle
[213,687s][info][gc] GC(4225) Pause Young (Normal) (G1 Evacuation Pause) 896M->768M(1024M) 5,425ms
[213,752s][info][gc] GC(4226) Pause Young (Normal) (G1 Evacuation Pause) 898M->779M(1024M) 5,031ms
[213,812s][info][gc] GC(4227) Pause Young (Normal) (G1 Evacuation Pause) 899M->788M(1024M) 4,959ms
[213,833s][info][gc] GC(4224) Pause Remark 832M->832M(1024M) 0,743ms
[213,867s][info][gc] GC(4228) Pause Young (Normal) (G1 Evacuation Pause) 899M->798M(1024M) 5,027ms
[213,916s][info][gc] GC(4229) Pause Young (Normal) (G1 Evacuation Pause) 902M->806M(1024M) 4,899ms
[213,962s][info][gc] GC(4230) Pause Young (Normal) (G1 Evacuation Pause) 903M->813M(1024M) 4,904ms
[213,987s][info][gc] GC(4224) Pause Cleanup 871M->871M(1024M) 0,352ms
[213,988s][info][gc] GC(4224) Concurrent Mark Cycle 370,030ms
[214,006s][info][gc] GC(4231) Pause Young (Prepare Mixed) (G1 Evacuation Pause) 904M->821M(1024M) 4,380ms
[214,038s][info][gc] GC(4232) Pause Young (Mixed) (G1 Evacuation Pause) 864M->776M(1024M) 14,420ms
[214,072s][info][gc] GC(4233) Pause Young (Mixed) (G1 Evacuation Pause) 823M->740M(1024M) 13,979ms
[214,101s][info][gc] GC(4234) Pause Young (Mixed) (G1 Evacuation Pause) 784M->723M(1024M) 10,821ms
[214,176s][info][gc] GC(4235) Pause Young (Normal) (G1 Evacuation Pause) 891M->736M(1024M) 5,247ms
[214,246s][info][gc] GC(4236) Pause Young (Normal) (G1 Evacuation Pause) 893M->749M(1024M) 7,072ms
[214,310s][info][gc] GC(4237) Pause Young (Concurrent Start) (G1 Evacuation Pause) 895M->759M(1024M) 5,670ms
[214,310s][info][gc] GC(4238) Concurrent Mark Cycle
[214,377s][info][gc] GC(4239) Pause Young (Normal) (G1 Evacuation Pause) 896M->771M(1024M) 5,325ms
[214,444s][info][gc] GC(4240) Pause Young (Normal) (G1 Evacuation Pause) 898M->782M(1024M) 5,074ms
[214,502s][info][gc] GC(4241) Pause Young (Normal) (G1 Evacuation Pause) 899M->791M(1024M) 4,775ms
[214,523s][info][gc] GC(4238) Pause Remark 835M->835M(1024M) 0,780ms
[214,556s][info][gc] GC(4242) Pause Young (Normal) (G1 Evacuation Pause) 900M->800M(1024M) 4,969ms
[214,604s][info][gc] GC(4243) Pause Young (Normal) (G1 Evacuation Pause) 902M->808M(1024M) 4,834ms
[214,649s][info][gc] GC(4244) Pause Young (Normal) (G1 Evacuation Pause) 902M->816M(1024M) 4,527ms
[214,675s][info][gc] GC(4238) Pause Cleanup 877M->877M(1024M) 0,351ms
[214,676s][info][gc] GC(4238) Concurrent Mark Cycle 366,275ms
[214,691s][info][gc] GC(4245) Pause Young (Prepare Mixed) (G1 Evacuation Pause) 904M->823M(1024M) 4,339ms
[214,723s][info][gc] GC(4246) Pause Young (Mixed) (G1 Evacuation Pause) 866M->776M(1024M) 14,160ms
[214,757s][info][gc] GC(4247) Pause Young (Mixed) (G1 Evacuation Pause) 823M->740M(1024M) 14,584ms
[214,787s][info][gc] GC(4248) Pause Young (Mixed) (G1 Evacuation Pause) 784M->719M(1024M) 11,414ms
[214,884s][info][gc] GC(4249) Pause Young (Normal) (G1 Evacuation Pause) 891M->732M(1024M) 5,471ms
[214,958s][info][gc] GC(4250) Pause Young (Normal) (G1 Evacuation Pause) 893M->746M(1024M) 7,137ms
[215,023s][info][gc] GC(4251) Pause Young (Concurrent Start) (G1 Evacuation Pause) 894M->758M(1024M) 5,934ms
[215,023s][info][gc] GC(4252) Concurrent Mark Cycle
[215,091s][info][gc] GC(4253) Pause Young (Normal) (G1 Evacuation Pause) 896M->769M(1024M) 5,439ms
[215,154s][info][gc] GC(4254) Pause Young (Normal) (G1 Evacuation Pause) 897M->779M(1024M) 5,199ms
[215,213s][info][gc] GC(4255) Pause Young (Normal) (G1 Evacuation Pause) 898M->789M(1024M) 4,959ms
[215,236s][info][gc] GC(4252) Pause Remark 838M->838M(1024M) 0,733ms
[215,268s][info][gc] GC(4256) Pause Young (Normal) (G1 Evacuation Pause) 900M->798M(1024M) 5,080ms
[215,317s][info][gc] GC(4257) Pause Young (Normal) (G1 Evacuation Pause) 902M->806M(1024M) 4,877ms
[215,363s][info][gc] GC(4258) Pause Young (Normal) (G1 Evacuation Pause) 902M->814M(1024M) 4,689ms
[215,390s][info][gc] GC(4252) Pause Cleanup 878M->878M(1024M) 0,388ms
[215,391s][info][gc] GC(4252) Concurrent Mark Cycle 368,005ms
[215,406s][info][gc] GC(4259) Pause Young (Prepare Mixed) (G1 Evacuation Pause) 904M->821M(1024M) 4,475ms
[215,438s][info][gc] GC(4260) Pause Young (Mixed) (G1 Evacuation Pause) 864M->776M(1024M) 14,169ms
[215,472s][info][gc] GC(4261) Pause Young (Mixed) (G1 Evacuation Pause) 823M->740M(1024M) 14,482ms
[215,502s][info][gc] GC(4262) Pause Young (Mixed) (G1 Evacuation Pause) 784M->723M(1024M) 10,762ms
[215,576s][info][gc] GC(4263) Pause Young (Normal) (G1 Evacuation Pause) 891M->735M(1024M) 5,193ms
[215,646s][info][gc] GC(4264) Pause Young (Normal) (G1 Evacuation Pause) 892M->748M(1024M) 7,027ms
[215,711s][info][gc] GC(4265) Pause Young (Concurrent Start) (G1 Evacuation Pause) 895M->759M(1024M) 5,712ms
[215,711s][info][gc] GC(4266) Concurrent Mark Cycle
[215,778s][info][gc] GC(4267) Pause Young (Normal) (G1 Evacuation Pause) 895M->770M(1024M) 5,448ms
[215,841s][info][gc] GC(4268) Pause Young (Normal) (G1 Evacuation Pause) 897M->781M(1024M) 5,078ms
[215,899s][info][gc] GC(4269) Pause Young (Normal) (G1 Evacuation Pause) 899M->790M(1024M) 4,795ms
[215,924s][info][gc] GC(4266) Pause Remark 845M->845M(1024M) 0,867ms
[215,953s][info][gc] GC(4270) Pause Young (Normal) (G1 Evacuation Pause) 900M->799M(1024M) 4,995ms
[216,002s][info][gc] GC(4271) Pause Young (Normal) (G1 Evacuation Pause) 902M->808M(1024M) 4,952ms
[216,047s][info][gc] GC(4272) Pause Young (Normal) (G1 Evacuation Pause) 902M->815M(1024M) 4,674ms
[216,077s][info][gc] GC(4266) Pause Cleanup 886M->886M(1024M) 0,380ms
[216,078s][info][gc] GC(4266) Concurrent Mark Cycle 367,129ms
[216,089s][info][gc] GC(4273) Pause Young (Prepare Mixed) (G1 Evacuation Pause) 903M->823M(1024M) 4,358ms
[216,121s][info][gc] GC(4274) Pause Young (Mixed) (G1 Evacuation Pause) 866M->776M(1024M) 14,297ms
[216,155s][info][gc] GC(4275) Pause Young (Mixed) (G1 Evacuation Pause) 823M->740M(1024M) 14,261ms
[216,185s][info][gc] GC(4276) Pause Young (Mixed) (G1 Evacuation Pause) 784M->720M(1024M) 11,507ms
[216,260s][info][gc] GC(4277) Pause Young (Normal) (G1 Evacuation Pause) 891M->733M(1024M) 5,229ms
[216,331s][info][gc] GC(4278) Pause Young (Normal) (G1 Evacuation Pause) 893M->747M(1024M) 7,250ms
[216,395s][info][gc] GC(4279) Pause Young (Concurrent Start) (G1 Evacuation Pause) 895M->758M(1024M) 5,786ms
[216,395s][info][gc] GC(4280) Concurrent Mark Cycle
[216,463s][info][gc] GC(4281) Pause Young (Normal) (G1 Evacuation Pause) 896M->769M(1024M) 5,518ms
[216,526s][info][gc] GC(4282) Pause Young (Normal) (G1 Evacuation Pause) 897M->779M(1024M) 5,127ms
[216,585s][info][gc] GC(4283) Pause Young (Normal) (G1 Evacuation Pause) 898M->789M(1024M) 4,940ms
[216,608s][info][gc] GC(4280) Pause Remark 840M->840M(1024M) 0,848ms
[216,639s][info][gc] GC(4284) Pause Young (Normal) (G1 Evacuation Pause) 900M->797M(1024M) 5,005ms
[216,688s][info][gc] GC(4285) Pause Young (Normal) (G1 Evacuation Pause) 901M->806M(1024M) 4,910ms
[216,734s][info][gc] GC(4286) Pause Young (Normal) (G1 Evacuation Pause) 903M->814M(1024M) 4,782ms
[216,763s][info][gc] GC(4280) Pause Cleanup 881M->881M(1024M) 0,358ms
[216,764s][info][gc] GC(4280) Concurrent Mark Cycle 369,558ms
[216,778s][info][gc] GC(4287) Pause Young (Prepare Mixed) (G1 Evacuation Pause) 904M->821M(1024M) 4,436ms
[216,810s][info][gc] GC(4288) Pause Young (Mixed) (G1 Evacuation Pause) 864M->775M(1024M) 14,392ms
[216,843s][info][gc] GC(4289) Pause Young (Mixed) (G1 Evacuation Pause) 822M->739M(1024M) 14,134ms
[216,872s][info][gc] GC(4290) Pause Young (Mixed) (G1 Evacuation Pause) 783M->721M(1024M) 10,213ms
[216,946s][info][gc] GC(4291) Pause Young (Normal) (G1 Evacuation Pause) 891M->734M(1024M) 5,323ms
[217,017s][info][gc] GC(4292) Pause Young (Normal) (G1 Evacuation Pause) 893M->747M(1024M) 7,203ms
[217,081s][info][gc] GC(4293) Pause Young (Concurrent Start) (G1 Evacuation Pause) 895M->759M(1024M) 5,849ms
[217,081s][info][gc] GC(4294) Concurrent Mark Cycle
[217,148s][info][gc] GC(4295) Pause Young (Normal) (G1 Evacuation Pause) 895M->770M(1024M) 5,412ms
[217,211s][info][gc] GC(4296) Pause Young (Normal) (G1 Evacuation Pause) 898M->780M(1024M) 5,123ms
[217,269s][info][gc] GC(4297) Pause Young (Normal) (G1 Evacuation Pause) 898M->790M(1024M) 4,775ms
[217,295s][info][gc] GC(4294) Pause Remark 844M->844M(1024M) 0,734ms
[217,324s][info][gc] GC(4298) Pause Young (Normal) (G1 Evacuation Pause) 901M->799M(1024M) 5,010ms
[217,373s][info][gc] GC(4299) Pause Young (Normal) (G1 Evacuation Pause) 902M->807M(1024M) 4,833ms
[217,418s][info][gc] GC(4300) Pause Young (Normal) (G1 Evacuation Pause) 903M->815M(1024M) 4,645ms
[217,450s][info][gc] GC(4294) Pause Cleanup 887M->887M(1024M) 0,363ms
[217,451s][info][gc] GC(4294) Concurrent Mark Cycle 369,390ms
[217,461s][info][gc] GC(4301) Pause Young (Prepare Mixed) (G1 Evacuation Pause) 904M->821M(1024M) 4,396ms
[217,493s][info][gc] GC(4302) Pause Young (Mixed) (G1 Evacuation Pause) 864M->775M(1024M) 14,207ms
[217,527s][info][gc] GC(4303) Pause Young (Mixed) (G1 Evacuation Pause) 822M->739M(1024M) 14,256ms
[217,557s][info][gc] GC(4304) Pause Young (Mixed) (G1 Evacuation Pause) 783M->719M(1024M) 11,581ms
[217,634s][info][gc] GC(4305) Pause Young (Normal) (G1 Evacuation Pause) 891M->732M(1024M) 5,305ms
[217,706s][info][gc] GC(4306) Pause Young (Normal) (G1 Evacuation Pause) 893M->745M(1024M) 7,162ms
[217,771s][info][gc] GC(4307) Pause Young (Concurrent Start) (G1 Evacuation Pause) 893M->757M(1024M) 5,876ms
[217,771s][info][gc] GC(4308) Concurrent Mark Cycle
[217,840s][info][gc] GC(4309) Pause Young (Normal) (G1 Evacuation Pause) 896M->768M(1024M) 5,412ms
[217,903s][info][gc] GC(4310) Pause Young (Normal) (G1 Evacuation Pause) 897M->779M(1024M) 4,999ms
[217,962s][info][gc] GC(4311) Pause Young (Normal) (G1 Evacuation Pause) 899M->788M(1024M) 4,900ms
[217,985s][info][gc] GC(4308) Pause Remark 836M->836M(1024M) 0,837ms
[218,018s][info][gc] GC(4312) Pause Young (Normal) (G1 Evacuation Pause) 900M->797M(1024M) 5,037ms
[218,067s][info][gc] GC(4313) Pause Young (Normal) (G1 Evacuation Pause) 901M->806M(1024M) 4,849ms
[218,113s][info][gc] GC(4314) Pause Young (Normal) (G1 Evacuation Pause) 903M->814M(1024M) 4,920ms
[218,139s][info][gc] GC(4308) Pause Cleanup 875M->875M(1024M) 0,351ms
[218,140s][info][gc] GC(4308) Concurrent Mark Cycle 369,121ms
[218,156s][info][gc] GC(4315) Pause Young (Prepare Mixed) (G1 Evacuation Pause) 904M->821M(1024M) 4,295ms
[218,189s][info][gc] GC(4316) Pause Young (Mixed) (G1 Evacuation Pause) 864M->776M(1024M) 14,429ms
[218,223s][info][gc] GC(4317) Pause Young (Mixed) (G1 Evacuation Pause) 823M->740M(1024M) 14,219ms
[218,252s][info][gc] GC(4318) Pause Young (Mixed) (G1 Evacuation Pause) 784M->722M(1024M) 10,835ms
[218,328s][info][gc] GC(4319) Pause Young (Normal) (G1 Evacuation Pause) 891M->734M(1024M) 5,236ms
[218,398s][info][gc] GC(4320) Pause Young (Normal) (G1 Evacuation Pause) 892M->748M(1024M) 7,199ms
[218,464s][info][gc] GC(4321) Pause Young (Concurrent Start) (G1 Evacuation Pause) 895M->759M(1024M) 5,759ms
[218,464s][info][gc] GC(4322) Concurrent Mark Cycle
[218,531s][info][gc] GC(4323) Pause Young (Normal) (G1 Evacuation Pause) 896M->770M(1024M) 5,526ms
[218,594s][info][gc] GC(4324) Pause Young (Normal) (G1 Evacuation Pause) 898M->781M(1024M) 5,184ms
[218,652s][info][gc] GC(4325) Pause Young (Normal) (G1 Evacuation Pause) 899M->790M(1024M) 4,799ms
[218,676s][info][gc] GC(4322) Pause Remark 841M->841M(1024M) 0,698ms
[218,706s][info][gc] GC(4326) Pause Young (Normal) (G1 Evacuation Pause) 900M->799M(1024M) 4,923ms
[218,755s][info][gc] GC(4327) Pause Young (Normal) (G1 Evacuation Pause) 902M->807M(1024M) 4,907ms
[218,800s][info][gc] GC(4328) Pause Young (Normal) (G1 Evacuation Pause) 902M->815M(1024M) 4,672ms
[218,831s][info][gc] GC(4322) Pause Cleanup 887M->887M(1024M) 0,361ms
[218,832s][info][gc] GC(4322) Concurrent Mark Cycle 368,786ms
[218,843s][info][gc] GC(4329) Pause Young (Prepare Mixed) (G1 Evacuation Pause) 904M->822M(1024M) 4,441ms
[218,875s][info][gc] GC(4330) Pause Young (Mixed) (G1 Evacuation Pause) 865M->776M(1024M) 14,242ms
[218,908s][info][gc] GC(4331) Pause Young (Mixed) (G1 Evacuation Pause) 823M->740M(1024M) 14,148ms
[218,937s][info][gc] GC(4332) Pause Young (Mixed) (G1 Evacuation Pause) 784M->720M(1024M) 10,936ms
[219,013s][info][gc] GC(4333) Pause Young (Normal) (G1 Evacuation Pause) 891M->733M(1024M) 5,248ms
[219,084s][info][gc] GC(4334) Pause Young (Normal) (G1 Evacuation Pause) 893M->746M(1024M) 7,036ms
[219,149s][info][gc] GC(4335) Pause Young (Concurrent Start) (G1 Evacuation Pause) 894M->758M(1024M) 5,761ms
[219,149s][info][gc] GC(4336) Concurrent Mark Cycle
[219,216s][info][gc] GC(4337) Pause Young (Normal) (G1 Evacuation Pause) 895M->769M(1024M) 5,357ms
[219,279s][info][gc] GC(4338) Pause Young (Normal) (G1 Evacuation Pause) 897M->780M(1024M) 5,209ms
[219,338s][info][gc] GC(4339) Pause Young (Normal) (G1 Evacuation Pause) 899M->789M(1024M) 4,644ms
[219,362s][info][gc] GC(4336) Pause Remark 840M->840M(1024M) 0,805ms
[219,392s][info][gc] GC(4340) Pause Young (Normal) (G1 Evacuation Pause) 900M->798M(1024M) 5,021ms
[219,441s][info][gc] GC(4341) Pause Young (Normal) (G1 Evacuation Pause) 902M->806M(1024M) 4,908ms
[219,487s][info][gc] GC(4342) Pause Young (Normal) (G1 Evacuation Pause) 902M->814M(1024M) 4,644ms
[219,516s][info][gc] GC(4336) Pause Cleanup 882M->882M(1024M) 0,352ms
[219,517s][info][gc] GC(4336) Concurrent Mark Cycle 368,218ms
[219,530s][info][gc] GC(4343) Pause Young (Prepare Mixed) (G1 Evacuation Pause) 904M->821M(1024M) 4,498ms
[219,562s][info][gc] GC(4344) Pause Young (Mixed) (G1 Evacuation Pause) 864M->777M(1024M) 14,419ms
[219,596s][info][gc] GC(4345) Pause Young (Mixed) (G1 Evacuation Pause) 824M->739M(1024M) 14,224ms
[219,625s][info][gc] GC(4346) Pause Young (Mixed) (G1 Evacuation Pause) 783M->721M(1024M) 11,185ms
[219,702s][info][gc] GC(4347) Pause Young (Normal) (G1 Evacuation Pause) 891M->734M(1024M) 5,147ms
[219,772s][info][gc] GC(4348) Pause Young (Normal) (G1 Evacuation Pause) 893M->746M(1024M) 7,042ms
[219,836s][info][gc] GC(4349) Pause Young (Concurrent Start) (G1 Evacuation Pause) 894M->758M(1024M) 5,720ms
[219,836s][info][gc] GC(4350) Concurrent Mark Cycle
[219,903s][info][gc] GC(4351) Pause Young (Normal) (G1 Evacuation Pause) 895M->769M(1024M) 5,258ms
[219,967s][info][gc] GC(4352) Pause Young (Normal) (G1 Evacuation Pause) 898M->779M(1024M) 5,118ms
[220,025s][info][gc] GC(4353) Pause Young (Normal) (G1 Evacuation Pause) 899M->789M(1024M) 4,738ms
[220,049s][info][gc] GC(4350) Pause Remark 839M->839M(1024M) 0,825ms
[220,080s][info][gc] GC(4354) Pause Young (Normal) (G1 Evacuation Pause) 900M->798M(1024M) 5,017ms
[220,130s][info][gc] GC(4355) Pause Young (Normal) (G1 Evacuation Pause) 902M->806M(1024M) 4,990ms
[220,176s][info][gc] GC(4356) Pause Young (Normal) (G1 Evacuation Pause) 903M->814M(1024M) 4,719ms
[220,203s][info][gc] GC(4350) Pause Cleanup 877M->877M(1024M) 0,376ms
[220,204s][info][gc] GC(4350) Concurrent Mark Cycle 368,201ms
[220,219s][info][gc] GC(4357) Pause Young (Prepare Mixed) (G1 Evacuation Pause) 904M->821M(1024M) 4,511ms
[220,252s][info][gc] GC(4358) Pause Young (Mixed) (G1 Evacuation Pause) 864M->776M(1024M) 14,601ms
[220,286s][info][gc] GC(4359) Pause Young (Mixed) (G1 Evacuation Pause) 823M->740M(1024M) 14,162ms
[220,315s][info][gc] GC(4360) Pause Young (Mixed) (G1 Evacuation Pause) 784M->721M(1024M) 10,848ms
[220,392s][info][gc] GC(4361) Pause Young (Normal) (G1 Evacuation Pause) 891M->734M(1024M) 5,169ms
[220,463s][info][gc] GC(4362) Pause Young (Normal) (G1 Evacuation Pause) 893M->747M(1024M) 7,140ms
[220,529s][info][gc] GC(4363) Pause Young (Concurrent Start) (G1 Evacuation Pause) 895M->759M(1024M) 5,871ms
[220,529s][info][gc] GC(4364) Concurrent Mark Cycle
[220,595s][info][gc] GC(4365) Pause Young (Normal) (G1 Evacuation Pause) 895M->770M(1024M) 5,233ms
[220,659s][info][gc] GC(4366) Pause Young (Normal) (G1 Evacuation Pause) 897M->780M(1024M) 5,033ms
[220,718s][info][gc] GC(4367) Pause Young (Normal) (G1 Evacuation Pause) 899M->789M(1024M) 4,845ms
[220,742s][info][gc] GC(4364) Pause Remark 842M->842M(1024M) 0,738ms
[220,772s][info][gc] GC(4368) Pause Young (Normal) (G1 Evacuation Pause) 900M->799M(1024M) 4,996ms
[220,821s][info][gc] GC(4369) Pause Young (Normal) (G1 Evacuation Pause) 902M->807M(1024M) 4,820ms
[220,866s][info][gc] GC(4370) Pause Young (Normal) (G1 Evacuation Pause) 903M->814M(1024M) 4,789ms
[220,897s][info][gc] GC(4364) Pause Cleanup 883M->883M(1024M) 0,334ms
[220,898s][info][gc] GC(4364) Concurrent Mark Cycle 369,233ms
[220,910s][info][gc] GC(4371) Pause Young (Prepare Mixed) (G1 Evacuation Pause) 904M->821M(1024M) 4,406ms
[220,943s][info][gc] GC(4372) Pause Young (Mixed) (G1 Evacuation Pause) 864M->775M(1024M) 14,189ms
[220,978s][info][gc] GC(4373) Pause Young (Mixed) (G1 Evacuation Pause) 822M->740M(1024M) 14,161ms
[221,007s][info][gc] GC(4374) Pause Young (Mixed) (G1 Evacuation Pause) 784M->722M(1024M) 10,419ms
[221,081s][info][gc] GC(4375) Pause Young (Normal) (G1 Evacuation Pause) 891M->735M(1024M) 5,147ms
[221,152s][info][gc] GC(4376) Pause Young (Normal) (G1 Evacuation Pause) 893M->748M(1024M) 7,056ms
[221,215s][info][gc] GC(4377) Pause Young (Concurrent Start) (G1 Evacuation Pause) 894M->760M(1024M) 5,758ms
[221,215s][info][gc] GC(4378) Concurrent Mark Cycle
[221,282s][info][gc] GC(4379) Pause Young (Normal) (G1 Evacuation Pause) 896M->771M(1024M) 5,249ms
[221,345s][info][gc] GC(4380) Pause Young (Normal) (G1 Evacuation Pause) 898M->781M(1024M) 5,097ms
[221,403s][info][gc] GC(4381) Pause Young (Normal) (G1 Evacuation Pause) 899M->790M(1024M) 4,734ms
[221,429s][info][gc] GC(4378) Pause Remark 846M->846M(1024M) 0,944ms
[221,457s][info][gc] GC(4382) Pause Young (Normal) (G1 Evacuation Pause) 900M->799M(1024M) 5,052ms
[221,506s][info][gc] GC(4383) Pause Young (Normal) (G1 Evacuation Pause) 902M->807M(1024M) 4,857ms
[221,551s][info][gc] GC(4384) Pause Young (Normal) (G1 Evacuation Pause) 902M->815M(1024M) 4,694ms
[221,583s][info][gc] GC(4378) Pause Cleanup 890M->890M(1024M) 0,361ms
[221,584s][info][gc] GC(4378) Concurrent Mark Cycle 368,567ms
[221,594s][info][gc] GC(4385) Pause Young (Prepare Mixed) (G1 Evacuation Pause) 904M->822M(1024M) 4,406ms
[221,625s][info][gc] GC(4386) Pause Young (Mixed) (G1 Evacuation Pause) 865M->776M(1024M) 14,005ms
[221,659s][info][gc] GC(4387) Pause Young (Mixed) (G1 Evacuation Pause) 823M->740M(1024M) 13,910ms
[221,688s][info][gc] GC(4388) Pause Young (Mixed) (G1 Evacuation Pause) 784M->722M(1024M) 11,226ms
[221,763s][info][gc] GC(4389) Pause Young (Normal) (G1 Evacuation Pause) 891M->734M(1024M) 5,215ms
[221,834s][info][gc] GC(4390) Pause Young (Normal) (G1 Evacuation Pause) 892M->748M(1024M) 7,048ms
[221,898s][info][gc] GC(4391) Pause Young (Concurrent Start) (G1 Evacuation Pause) 894M->760M(1024M) 5,835ms
[221,898s][info][gc] GC(4392) Concurrent Mark Cycle
[221,965s][info][gc] GC(4393) Pause Young (Normal) (G1 Evacuation Pause) 896M->770M(1024M) 5,263ms
[222,028s][info][gc] GC(4394) Pause Young (Normal) (G1 Evacuation Pause) 898M->780M(1024M) 5,101ms
[222,086s][info][gc] GC(4395) Pause Young (Normal) (G1 Evacuation Pause) 899M->789M(1024M) 4,798ms
[222,111s][info][gc] GC(4392) Pause Remark 842M->842M(1024M) 0,684ms
[222,141s][info][gc] GC(4396) Pause Young (Normal) (G1 Evacuation Pause) 900M->798M(1024M) 5,032ms
[222,190s][info][gc] GC(4397) Pause Young (Normal) (G1 Evacuation Pause) 902M->807M(1024M) 4,792ms
[222,235s][info][gc] GC(4398) Pause Young (Normal) (G1 Evacuation Pause) 903M->814M(1024M) 4,705ms
[222,265s][info][gc] GC(4392) Pause Cleanup 882M->882M(1024M) 0,346ms
[222,266s][info][gc] GC(4392) Concurrent Mark Cycle 368,264ms
[222,278s][info][gc] GC(4399) Pause Young (Prepare Mixed) (G1 Evacuation Pause) 903M->822M(1024M) 4,360ms
[222,311s][info][gc] GC(4400) Pause Young (Mixed) (G1 Evacuation Pause) 865M->776M(1024M) 14,501ms
[222,345s][info][gc] GC(4401) Pause Young (Mixed) (G1 Evacuation Pause) 823M->738M(1024M) 14,296ms
[222,374s][info][gc] GC(4402) Pause Young (Mixed) (G1 Evacuation Pause) 782M->718M(1024M) 11,418ms
[222,450s][info][gc] GC(4403) Pause Young (Normal) (G1 Evacuation Pause) 891M->731M(1024M) 5,268ms
[222,523s][info][gc] GC(4404) Pause Young (Normal) (G1 Evacuation Pause) 892M->744M(1024M) 7,180ms
[222,588s][info][gc] GC(4405) Pause Young (Concurrent Start) (G1 Evacuation Pause) 894M->755M(1024M) 5,784ms
[222,588s][info][gc] GC(4406) Concurrent Mark Cycle
[222,657s][info][gc] GC(4407) Pause Young (Normal) (G1 Evacuation Pause) 895M->766M(1024M) 5,522ms
[222,722s][info][gc] GC(4408) Pause Young (Normal) (G1 Evacuation Pause) 897M->777M(1024M) 5,210ms
[222,782s][info][gc] GC(4409) Pause Young (Normal) (G1 Evacuation Pause) 899M->787M(1024M) 5,053ms
[222,802s][info][gc] GC(4406) Pause Remark 830M->830M(1024M) 0,707ms
[222,837s][info][gc] GC(4410) Pause Young (Normal) (G1 Evacuation Pause) 900M->796M(1024M) 5,000ms
[222,886s][info][gc] GC(4411) Pause Young (Normal) (G1 Evacuation Pause) 900M->805M(1024M) 4,924ms
[222,932s][info][gc] GC(4412) Pause Young (Normal) (G1 Evacuation Pause) 903M->812M(1024M) 4,780ms
[222,956s][info][gc] GC(4406) Pause Cleanup 866M->866M(1024M) 0,371ms
[222,957s][info][gc] GC(4406) Concurrent Mark Cycle 368,582ms
[222,976s][info][gc] GC(4413) Pause Young (Prepare Mixed) (G1 Evacuation Pause) 904M->820M(1024M) 4,455ms
[223,009s][info][gc] GC(4414) Pause Young (Mixed) (G1 Evacuation Pause) 863M->776M(1024M) 14,298ms
[223,043s][info][gc] GC(4415) Pause Young (Mixed) (G1 Evacuation Pause) 823M->740M(1024M) 14,355ms
[223,072s][info][gc] GC(4416) Pause Young (Mixed) (G1 Evacuation Pause) 784M->723M(1024M) 10,147ms
[223,146s][info][gc] GC(4417) Pause Young (Normal) (G1 Evacuation Pause) 891M->735M(1024M) 5,132ms
[223,216s][info][gc] GC(4418) Pause Young (Normal) (G1 Evacuation Pause) 892M->748M(1024M) 7,105ms
[223,280s][info][gc] GC(4419) Pause Young (Concurrent Start) (G1 Evacuation Pause) 895M->758M(1024M) 5,757ms
[223,280s][info][gc] GC(4420) Concurrent Mark Cycle
[223,348s][info][gc] GC(4421) Pause Young (Normal) (G1 Evacuation Pause) 896M->770M(1024M) 5,481ms
[223,412s][info][gc] GC(4422) Pause Young (Normal) (G1 Evacuation Pause) 898M->780M(1024M) 5,242ms
[223,470s][info][gc] GC(4423) Pause Young (Normal) (G1 Evacuation Pause) 899M->789M(1024M) 4,811ms
[223,493s][info][gc] GC(4420) Pause Remark 839M->839M(1024M) 0,761ms
[223,525s][info][gc] GC(4424) Pause Young (Normal) (G1 Evacuation Pause) 900M->798M(1024M) 5,009ms
[223,574s][info][gc] GC(4425) Pause Young (Normal) (G1 Evacuation Pause) 902M->807M(1024M) 4,843ms
[223,620s][info][gc] GC(4426) Pause Young (Normal) (G1 Evacuation Pause) 903M->814M(1024M) 4,810ms
[223,647s][info][gc] GC(4420) Pause Cleanup 878M->878M(1024M) 0,360ms
[223,648s][info][gc] GC(4420) Concurrent Mark Cycle 368,130ms
[223,663s][info][gc] GC(4427) Pause Young (Prepare Mixed) (G1 Evacuation Pause) 903M->822M(1024M) 4,514ms
[223,695s][info][gc] GC(4428) Pause Young (Mixed) (G1 Evacuation Pause) 865M->776M(1024M) 14,569ms
[223,729s][info][gc] GC(4429) Pause Young (Mixed) (G1 Evacuation Pause) 823M->740M(1024M) 14,188ms
[223,758s][info][gc] GC(4430) Pause Young (Mixed) (G1 Evacuation Pause) 784M->721M(1024M) 10,994ms
[223,834s][info][gc] GC(4431) Pause Young (Normal) (G1 Evacuation Pause) 891M->733M(1024M) 5,148ms
[223,905s][info][gc] GC(4432) Pause Young (Normal) (G1 Evacuation Pause) 892M->747M(1024M) 7,068ms
[223,969s][info][gc] GC(4433) Pause Young (Concurrent Start) (G1 Evacuation Pause) 895M->758M(1024M) 5,716ms
[223,969s][info][gc] GC(4434) Concurrent Mark Cycle
[224,037s][info][gc] GC(4435) Pause Young (Normal) (G1 Evacuation Pause) 896M->769M(1024M) 5,342ms
[224,100s][info][gc] GC(4436) Pause Young (Normal) (G1 Evacuation Pause) 897M->779M(1024M) 5,112ms
[224,159s][info][gc] GC(4437) Pause Young (Normal) (G1 Evacuation Pause) 898M->789M(1024M) 4,792ms
[224,182s][info][gc] GC(4434) Pause Remark 838M->838M(1024M) 0,822ms
[224,214s][info][gc] GC(4438) Pause Young (Normal) (G1 Evacuation Pause) 900M->798M(1024M) 5,043ms
[224,263s][info][gc] GC(4439) Pause Young (Normal) (G1 Evacuation Pause) 902M->807M(1024M) 4,891ms
[224,309s][info][gc] GC(4440) Pause Young (Normal) (G1 Evacuation Pause) 903M->814M(1024M) 4,684ms
[224,337s][info][gc] GC(4434) Pause Cleanup 878M->878M(1024M) 0,362ms
[224,338s][info][gc] GC(4434) Concurrent Mark Cycle 368,819ms
[224,352s][info][gc] GC(4441) Pause Young (Prepare Mixed) (G1 Evacuation Pause) 904M->821M(1024M) 4,463ms
[224,385s][info][gc] GC(4442) Pause Young (Mixed) (G1 Evacuation Pause) 864M->775M(1024M) 15,160ms
[224,420s][info][gc] GC(4443) Pause Young (Mixed) (G1 Evacuation Pause) 822M->738M(1024M) 14,508ms
[224,450s][info][gc] GC(4444) Pause Young (Mixed) (G1 Evacuation Pause) 782M->720M(1024M) 10,850ms
[224,526s][info][gc] GC(4445) Pause Young (Normal) (G1 Evacuation Pause) 891M->733M(1024M) 5,270ms
[224,598s][info][gc] GC(4446) Pause Young (Normal) (G1 Evacuation Pause) 893M->747M(1024M) 7,218ms
[224,663s][info][gc] GC(4447) Pause Young (Concurrent Start) (G1 Evacuation Pause) 895M->758M(1024M) 5,656ms
[224,663s][info][gc] GC(4448) Concurrent Mark Cycle
[224,731s][info][gc] GC(4449) Pause Young (Normal) (G1 Evacuation Pause) 895M->769M(1024M) 5,443ms
[224,794s][info][gc] GC(4450) Pause Young (Normal) (G1 Evacuation Pause) 897M->780M(1024M) 5,121ms
[224,853s][info][gc] GC(4451) Pause Young (Normal) (G1 Evacuation Pause) 899M->789M(1024M) 4,820ms
[224,876s][info][gc] GC(4448) Pause Remark 838M->838M(1024M) 0,850ms
[224,908s][info][gc] GC(4452) Pause Young (Normal) (G1 Evacuation Pause) 900M->798M(1024M) 5,204ms
[224,957s][info][gc] GC(4453) Pause Young (Normal) (G1 Evacuation Pause) 902M->806M(1024M) 4,959ms
[225,002s][info][gc] GC(4454) Pause Young (Normal) (G1 Evacuation Pause) 902M->814M(1024M) 4,695ms
[225,030s][info][gc] GC(4448) Pause Cleanup 879M->879M(1024M) 0,340ms
[225,031s][info][gc] GC(4448) Concurrent Mark Cycle 367,946ms
[225,045s][info][gc] GC(4455) Pause Young (Prepare Mixed) (G1 Evacuation Pause) 904M->821M(1024M) 4,351ms
[225,077s][info][gc] GC(4456) Pause Young (Mixed) (G1 Evacuation Pause) 864M->776M(1024M) 14,668ms
[225,111s][info][gc] GC(4457) Pause Young (Mixed) (G1 Evacuation Pause) 823M->740M(1024M) 14,079ms
[225,140s][info][gc] GC(4458) Pause Young (Mixed) (G1 Evacuation Pause) 784M->720M(1024M) 11,284ms
[225,215s][info][gc] GC(4459) Pause Young (Normal) (G1 Evacuation Pause) 891M->732M(1024M) 5,151ms
[225,287s][info][gc] GC(4460) Pause Young (Normal) (G1 Evacuation Pause) 892M->746M(1024M) 7,142ms
[225,352s][info][gc] GC(4461) Pause Young (Concurrent Start) (G1 Evacuation Pause) 894M->758M(1024M) 5,808ms
[225,352s][info][gc] GC(4462) Concurrent Mark Cycle
[225,420s][info][gc] GC(4463) Pause Young (Normal) (G1 Evacuation Pause) 896M->769M(1024M) 5,297ms
[225,483s][info][gc] GC(4464) Pause Young (Normal) (G1 Evacuation Pause) 897M->780M(1024M) 5,274ms
[225,542s][info][gc] GC(4465) Pause Young (Normal) (G1 Evacuation Pause) 899M->789M(1024M) 4,741ms
[225,564s][info][gc] GC(4462) Pause Remark 838M->838M(1024M) 0,759ms
[225,596s][info][gc] GC(4466) Pause Young (Normal) (G1 Evacuation Pause) 900M->798M(1024M) 5,022ms
[225,645s][info][gc] GC(4467) Pause Young (Normal) (G1 Evacuation Pause) 902M->807M(1024M) 4,780ms
[225,691s][info][gc] GC(4468) Pause Young (Normal) (G1 Evacuation Pause) 903M->814M(1024M) 4,735ms
[225,719s][info][gc] GC(4462) Pause Cleanup 880M->880M(1024M) 0,344ms
[225,720s][info][gc] GC(4462) Concurrent Mark Cycle 368,346ms
[225,734s][info][gc] GC(4469) Pause Young (Prepare Mixed) (G1 Evacuation Pause) 904M->821M(1024M) 4,449ms
[225,766s][info][gc] GC(4470) Pause Young (Mixed) (G1 Evacuation Pause) 864M->776M(1024M) 14,472ms
[225,800s][info][gc] GC(4471) Pause Young (Mixed) (G1 Evacuation Pause) 823M->740M(1024M) 14,315ms
[225,829s][info][gc] GC(4472) Pause Young (Mixed) (G1 Evacuation Pause) 784M->722M(1024M) 10,968ms
[225,903s][info][gc] GC(4473) Pause Young (Normal) (G1 Evacuation Pause) 891M->734M(1024M) 5,102ms
[225,974s][info][gc] GC(4474) Pause Young (Normal) (G1 Evacuation Pause) 892M->748M(1024M) 7,123ms
[226,039s][info][gc] GC(4475) Pause Young (Concurrent Start) (G1 Evacuation Pause) 895M->758M(1024M) 5,773ms
[226,039s][info][gc] GC(4476) Concurrent Mark Cycle
[226,107s][info][gc] GC(4477) Pause Young (Normal) (G1 Evacuation Pause) 896M->770M(1024M) 5,367ms
[226,170s][info][gc] GC(4478) Pause Young (Normal) (G1 Evacuation Pause) 898M->780M(1024M) 5,066ms
[226,229s][info][gc] GC(4479) Pause Young (Normal) (G1 Evacuation Pause) 899M->789M(1024M) 4,845ms
[226,253s][info][gc] GC(4476) Pause Remark 839M->839M(1024M) 0,776ms
[226,284s][info][gc] GC(4480) Pause Young (Normal) (G1 Evacuation Pause) 900M->798M(1024M) 5,086ms
[226,333s][info][gc] GC(4481) Pause Young (Normal) (G1 Evacuation Pause) 902M->806M(1024M) 4,897ms
[226,378s][info][gc] GC(4482) Pause Young (Normal) (G1 Evacuation Pause) 902M->814M(1024M) 4,732ms
[226,407s][info][gc] GC(4476) Pause Cleanup 881M->881M(1024M) 0,344ms
[226,408s][info][gc] GC(4476) Concurrent Mark Cycle 369,293ms
[226,421s][info][gc] GC(4483) Pause Young (Prepare Mixed) (G1 Evacuation Pause) 904M->821M(1024M) 4,404ms
[226,453s][info][gc] GC(4484) Pause Young (Mixed) (G1 Evacuation Pause) 864M->775M(1024M) 14,169ms
[226,487s][info][gc] GC(4485) Pause Young (Mixed) (G1 Evacuation Pause) 822M->738M(1024M) 14,364ms
[226,516s][info][gc] GC(4486) Pause Young (Mixed) (G1 Evacuation Pause) 782M->721M(1024M) 10,763ms
[226,589s][info][gc] GC(4487) Pause Young (Normal) (G1 Evacuation Pause) 891M->733M(1024M) 5,186ms
[226,660s][info][gc] GC(4488) Pause Young (Normal) (G1 Evacuation Pause) 892M->747M(1024M) 7,060ms
[226,725s][info][gc] GC(4489) Pause Young (Concurrent Start) (G1 Evacuation Pause) 895M->759M(1024M) 5,750ms
[226,725s][info][gc] GC(4490) Concurrent Mark Cycle
[226,793s][info][gc] GC(4491) Pause Young (Normal) (G1 Evacuation Pause) 896M->769M(1024M) 5,351ms
[226,856s][info][gc] GC(4492) Pause Young (Normal) (G1 Evacuation Pause) 898M->780M(1024M) 5,140ms
[226,915s][info][gc] GC(4493) Pause Young (Normal) (G1 Evacuation Pause) 899M->789M(1024M) 4,897ms
[226,938s][info][gc] GC(4490) Pause Remark 838M->838M(1024M) 0,817ms
[226,970s][info][gc] GC(4494) Pause Young (Normal) (G1 Evacuation Pause) 900M->798M(1024M) 5,088ms
[227,019s][info][gc] GC(4495) Pause Young (Normal) (G1 Evacuation Pause) 902M->807M(1024M) 4,813ms
[227,064s][info][gc] GC(4496) Pause Young (Normal) (G1 Evacuation Pause) 903M->814M(1024M) 4,736ms
[227,093s][info][gc] GC(4490) Pause Cleanup 880M->880M(1024M) 0,326ms
[227,094s][info][gc] GC(4490) Concurrent Mark Cycle 368,605ms
[227,108s][info][gc] GC(4497) Pause Young (Prepare Mixed) (G1 Evacuation Pause) 904M->822M(1024M) 4,431ms
[227,140s][info][gc] GC(4498) Pause Young (Mixed) (G1 Evacuation Pause) 865M->777M(1024M) 14,478ms
[227,175s][info][gc] GC(4499) Pause Young (Mixed) (G1 Evacuation Pause) 824M->741M(1024M) 14,401ms
[227,205s][info][gc] GC(4500) Pause Young (Mixed) (G1 Evacuation Pause) 785M->721M(1024M) 11,678ms
[227,281s][info][gc] GC(4501) Pause Young (Normal) (G1 Evacuation Pause) 891M->734M(1024M) 5,288ms
[227,353s][info][gc] GC(4502) Pause Young (Normal) (G1 Evacuation Pause) 893M->747M(1024M) 7,079ms
[227,419s][info][gc] GC(4503) Pause Young (Concurrent Start) (G1 Evacuation Pause) 894M->758M(1024M) 5,640ms
[227,419s][info][gc] GC(4504) Concurrent Mark Cycle
[227,487s][info][gc] GC(4505) Pause Young (Normal) (G1 Evacuation Pause) 896M->770M(1024M) 5,389ms
[227,551s][info][gc] GC(4506) Pause Young (Normal) (G1 Evacuation Pause) 898M->780M(1024M) 5,017ms
[227,609s][info][gc] GC(4507) Pause Young (Normal) (G1 Evacuation Pause) 899M->789M(1024M) 4,843ms
[227,633s][info][gc] GC(4504) Pause Remark 839M->839M(1024M) 0,823ms
[227,664s][info][gc] GC(4508) Pause Young (Normal) (G1 Evacuation Pause) 900M->799M(1024M) 4,980ms
[227,713s][info][gc] GC(4509) Pause Young (Normal) (G1 Evacuation Pause) 902M->807M(1024M) 4,887ms
[227,759s][info][gc] GC(4510) Pause Young (Normal) (G1 Evacuation Pause) 903M->814M(1024M) 4,771ms
[227,787s][info][gc] GC(4504) Pause Cleanup 881M->881M(1024M) 0,336ms
[227,789s][info][gc] GC(4504) Concurrent Mark Cycle 369,311ms
[227,802s][info][gc] GC(4511) Pause Young (Prepare Mixed) (G1 Evacuation Pause) 904M->821M(1024M) 4,445ms
[227,835s][info][gc] GC(4512) Pause Young (Mixed) (G1 Evacuation Pause) 864M->775M(1024M) 14,365ms
[227,869s][info][gc] GC(4513) Pause Young (Mixed) (G1 Evacuation Pause) 822M->739M(1024M) 14,207ms
[227,898s][info][gc] GC(4514) Pause Young (Mixed) (G1 Evacuation Pause) 783M->721M(1024M) 10,761ms
[227,973s][info][gc] GC(4515) Pause Young (Normal) (G1 Evacuation Pause) 891M->734M(1024M) 5,242ms
[228,045s][info][gc] GC(4516) Pause Young (Normal) (G1 Evacuation Pause) 893M->747M(1024M) 7,200ms
[228,109s][info][gc] GC(4517) Pause Young (Concurrent Start) (G1 Evacuation Pause) 895M->758M(1024M) 5,705ms
[228,109s][info][gc] GC(4518) Concurrent Mark Cycle
[228,176s][info][gc] GC(4519) Pause Young (Normal) (G1 Evacuation Pause) 895M->770M(1024M) 5,317ms
[228,240s][info][gc] GC(4520) Pause Young (Normal) (G1 Evacuation Pause) 898M->780M(1024M) 5,109ms
[228,299s][info][gc] GC(4521) Pause Young (Normal) (G1 Evacuation Pause) 899M->789M(1024M) 4,973ms
[228,322s][info][gc] GC(4518) Pause Remark 839M->839M(1024M) 0,758ms
[228,353s][info][gc] GC(4522) Pause Young (Normal) (G1 Evacuation Pause) 900M->798M(1024M) 5,054ms
[228,402s][info][gc] GC(4523) Pause Young (Normal) (G1 Evacuation Pause) 901M->807M(1024M) 4,929ms
[228,448s][info][gc] GC(4524) Pause Young (Normal) (G1 Evacuation Pause) 903M->814M(1024M) 4,798ms
[228,477s][info][gc] GC(4518) Pause Cleanup 881M->881M(1024M) 0,358ms
[228,478s][info][gc] GC(4518) Concurrent Mark Cycle 368,802ms
[228,491s][info][gc] GC(4525) Pause Young (Prepare Mixed) (G1 Evacuation Pause) 904M->822M(1024M) 4,422ms
[228,524s][info][gc] GC(4526) Pause Young (Mixed) (G1 Evacuation Pause) 865M->775M(1024M) 14,118ms
[228,557s][info][gc] GC(4527) Pause Young (Mixed) (G1 Evacuation Pause) 822M->739M(1024M) 14,415ms
[228,587s][info][gc] GC(4528) Pause Young (Mixed) (G1 Evacuation Pause) 783M->720M(1024M) 11,058ms
[228,662s][info][gc] GC(4529) Pause Young (Normal) (G1 Evacuation Pause) 891M->733M(1024M) 5,215ms
[228,738s][info][gc] GC(4530) Pause Young (Normal) (G1 Evacuation Pause) 893M->746M(1024M) 7,153ms
[228,806s][info][gc] GC(4531) Pause Young (Concurrent Start) (G1 Evacuation Pause) 894M->758M(1024M) 5,722ms
[228,806s][info][gc] GC(4532) Concurrent Mark Cycle
[228,873s][info][gc] GC(4533) Pause Young (Normal) (G1 Evacuation Pause) 895M->770M(1024M) 5,411ms
[228,937s][info][gc] GC(4534) Pause Young (Normal) (G1 Evacuation Pause) 898M->781M(1024M) 5,135ms
[228,995s][info][gc] GC(4535) Pause Young (Normal) (G1 Evacuation Pause) 899M->790M(1024M) 4,785ms
[229,019s][info][gc] GC(4532) Pause Remark 841M->841M(1024M) 0,744ms
[229,050s][info][gc] GC(4536) Pause Young (Normal) (G1 Evacuation Pause) 901M->798M(1024M) 4,909ms
[229,099s][info][gc] GC(4537) Pause Young (Normal) (G1 Evacuation Pause) 902M->807M(1024M) 4,819ms
[229,144s][info][gc] GC(4538) Pause Young (Normal) (G1 Evacuation Pause) 903M->815M(1024M) 4,686ms
[229,173s][info][gc] GC(4532) Pause Cleanup 882M->882M(1024M) 0,351ms
[229,174s][info][gc] GC(4532) Concurrent Mark Cycle 368,549ms
[229,187s][info][gc] GC(4539) Pause Young (Prepare Mixed) (G1 Evacuation Pause) 904M->822M(1024M) 4,336ms
[229,220s][info][gc] GC(4540) Pause Young (Mixed) (G1 Evacuation Pause) 865M->776M(1024M) 14,892ms
[229,255s][info][gc] GC(4541) Pause Young (Mixed) (G1 Evacuation Pause) 823M->740M(1024M) 14,392ms
[229,284s][info][gc] GC(4542) Pause Young (Mixed) (G1 Evacuation Pause) 784M->722M(1024M) 10,906ms
[229,359s][info][gc] GC(4543) Pause Young (Normal) (G1 Evacuation Pause) 891M->735M(1024M) 5,304ms
[229,429s][info][gc] GC(4544) Pause Young (Normal) (G1 Evacuation Pause) 893M->748M(1024M) 6,992ms
[229,493s][info][gc] GC(4545) Pause Young (Concurrent Start) (G1 Evacuation Pause) 895M->760M(1024M) 5,725ms
[229,493s][info][gc] GC(4546) Concurrent Mark Cycle
[229,560s][info][gc] GC(4547) Pause Young (Normal) (G1 Evacuation Pause) 896M->770M(1024M) 5,328ms
[229,623s][info][gc] GC(4548) Pause Young (Normal) (G1 Evacuation Pause) 898M->781M(1024M) 5,142ms
[229,681s][info][gc] GC(4549) Pause Young (Normal) (G1 Evacuation Pause) 899M->791M(1024M) 4,870ms
[229,706s][info][gc] GC(4546) Pause Remark 842M->842M(1024M) 0,872ms
[229,736s][info][gc] GC(4550) Pause Young (Normal) (G1 Evacuation Pause) 901M->799M(1024M) 5,020ms
[229,785s][info][gc] GC(4551) Pause Young (Normal) (G1 Evacuation Pause) 902M->808M(1024M) 4,895ms
[229,830s][info][gc] GC(4552) Pause Young (Normal) (G1 Evacuation Pause) 903M->815M(1024M) 4,728ms
[229,860s][info][gc] GC(4546) Pause Cleanup 883M->883M(1024M) 0,339ms
[229,861s][info][gc] GC(4546) Concurrent Mark Cycle 368,443ms
[229,873s][info][gc] GC(4553) Pause Young (Prepare Mixed) (G1 Evacuation Pause) 904M->822M(1024M) 4,335ms
[229,905s][info][gc] GC(4554) Pause Young (Mixed) (G1 Evacuation Pause) 865M->776M(1024M) 13,953ms
[229,939s][info][gc] GC(4555) Pause Young (Mixed) (G1 Evacuation Pause) 823M->740M(1024M) 13,936ms
[229,968s][info][gc] GC(4556) Pause Young (Mixed) (G1 Evacuation Pause) 784M->722M(1024M) 10,587ms
[230,043s][info][gc] GC(4557) Pause Young (Normal) (G1 Evacuation Pause) 891M->735M(1024M) 5,354ms
[230,114s][info][gc] GC(4558) Pause Young (Normal) (G1 Evacuation Pause) 893M->748M(1024M) 7,158ms
[230,178s][info][gc] GC(4559) Pause Young (Concurrent Start) (G1 Evacuation Pause) 895M->760M(1024M) 5,843ms
[230,178s][info][gc] GC(4560) Concurrent Mark Cycle
[230,245s][info][gc] GC(4561) Pause Young (Normal) (G1 Evacuation Pause) 896M->770M(1024M) 5,505ms
[230,308s][info][gc] GC(4562) Pause Young (Normal) (G1 Evacuation Pause) 898M->781M(1024M) 5,053ms
[230,367s][info][gc] GC(4563) Pause Young (Normal) (G1 Evacuation Pause) 899M->789M(1024M) 4,743ms
[230,391s][info][gc] GC(4560) Pause Remark 842M->842M(1024M) 0,799ms
[230,421s][info][gc] GC(4564) Pause Young (Normal) (G1 Evacuation Pause) 900M->799M(1024M) 4,953ms
[230,470s][info][gc] GC(4565) Pause Young (Normal) (G1 Evacuation Pause) 901M->807M(1024M) 5,280ms
[230,516s][info][gc] GC(4566) Pause Young (Normal) (G1 Evacuation Pause) 903M->814M(1024M) 4,682ms
[230,547s][info][gc] GC(4560) Pause Cleanup 887M->887M(1024M) 0,349ms
[230,548s][info][gc] GC(4560) Concurrent Mark Cycle 370,094ms
[230,559s][info][gc] GC(4567) Pause Young (Prepare Mixed) (G1 Evacuation Pause) 904M->822M(1024M) 4,379ms
[230,592s][info][gc] GC(4568) Pause Young (Mixed) (G1 Evacuation Pause) 865M->775M(1024M) 14,304ms
[230,626s][info][gc] GC(4569) Pause Young (Mixed) (G1 Evacuation Pause) 822M->738M(1024M) 14,319ms
[230,655s][info][gc] GC(4570) Pause Young (Mixed) (G1 Evacuation Pause) 782M->720M(1024M) 10,926ms
[230,731s][info][gc] GC(4571) Pause Young (Normal) (G1 Evacuation Pause) 891M->732M(1024M) 5,217ms
[230,804s][info][gc] GC(4572) Pause Young (Normal) (G1 Evacuation Pause) 892M->746M(1024M) 7,262ms
[230,870s][info][gc] GC(4573) Pause Young (Concurrent Start) (G1 Evacuation Pause) 894M->758M(1024M) 5,817ms
[230,870s][info][gc] GC(4574) Concurrent Mark Cycle
[230,939s][info][gc] GC(4575) Pause Young (Normal) (G1 Evacuation Pause) 895M->769M(1024M) 5,391ms
[231,002s][info][gc] GC(4576) Pause Young (Normal) (G1 Evacuation Pause) 898M->780M(1024M) 5,015ms
[231,062s][info][gc] GC(4577) Pause Young (Normal) (G1 Evacuation Pause) 899M->789M(1024M) 4,868ms
[231,084s][info][gc] GC(4574) Pause Remark 836M->836M(1024M) 0,908ms
[231,116s][info][gc] GC(4578) Pause Young (Normal) (G1 Evacuation Pause) 900M->798M(1024M) 4,948ms
[231,166s][info][gc] GC(4579) Pause Young (Normal) (G1 Evacuation Pause) 902M->806M(1024M) 4,802ms
[231,212s][info][gc] GC(4580) Pause Young (Normal) (G1 Evacuation Pause) 903M->814M(1024M) 4,760ms
[231,238s][info][gc] GC(4574) Pause Cleanup 875M->875M(1024M) 0,366ms
[231,239s][info][gc] GC(4574) Concurrent Mark Cycle 368,546ms
[231,255s][info][gc] GC(4581) Pause Young (Prepare Mixed) (G1 Evacuation Pause) 904M->821M(1024M) 4,382ms
[231,288s][info][gc] GC(4582) Pause Young (Mixed) (G1 Evacuation Pause) 864M->776M(1024M) 14,918ms
[231,322s][info][gc] GC(4583) Pause Young (Mixed) (G1 Evacuation Pause) 823M->741M(1024M) 14,493ms
[231,353s][info][gc] GC(4584) Pause Young (Mixed) (G1 Evacuation Pause) 785M->722M(1024M) 11,860ms
[231,428s][info][gc] GC(4585) Pause Young (Normal) (G1 Evacuation Pause) 891M->735M(1024M) 5,184ms
[231,499s][info][gc] GC(4586) Pause Young (Normal) (G1 Evacuation Pause) 893M->748M(1024M) 7,006ms
[231,563s][info][gc] GC(4587) Pause Young (Concurrent Start) (G1 Evacuation Pause) 894M->759M(1024M) 5,880ms
[231,563s][info][gc] GC(4588) Concurrent Mark Cycle
[231,631s][info][gc] GC(4589) Pause Young (Normal) (G1 Evacuation Pause) 896M->771M(1024M) 5,433ms
[231,694s][info][gc] GC(4590) Pause Young (Normal) (G1 Evacuation Pause) 898M->781M(1024M) 5,152ms
[231,752s][info][gc] GC(4591) Pause Young (Normal) (G1 Evacuation Pause) 899M->790M(1024M) 4,829ms
[231,776s][info][gc] GC(4588) Pause Remark 842M->842M(1024M) 0,764ms
[231,806s][info][gc] GC(4592) Pause Young (Normal) (G1 Evacuation Pause) 900M->799M(1024M) 4,983ms
[231,855s][info][gc] GC(4593) Pause Young (Normal) (G1 Evacuation Pause) 902M->808M(1024M) 4,863ms
[231,900s][info][gc] GC(4594) Pause Young (Normal) (G1 Evacuation Pause) 903M->815M(1024M) 4,753ms
[231,930s][info][gc] GC(4588) Pause Cleanup 884M->884M(1024M) 0,379ms
[231,931s][info][gc] GC(4588) Concurrent Mark Cycle 367,693ms
[231,943s][info][gc] GC(4595) Pause Young (Prepare Mixed) (G1 Evacuation Pause) 904M->822M(1024M) 4,402ms
[231,976s][info][gc] GC(4596) Pause Young (Mixed) (G1 Evacuation Pause) 866M->776M(1024M) 14,574ms
[232,011s][info][gc] GC(4597) Pause Young (Mixed) (G1 Evacuation Pause) 823M->740M(1024M) 14,314ms
[232,040s][info][gc] GC(4598) Pause Young (Mixed) (G1 Evacuation Pause) 784M->720M(1024M) 11,286ms
[232,116s][info][gc] GC(4599) Pause Young (Normal) (G1 Evacuation Pause) 891M->733M(1024M) 5,336ms
[232,187s][info][gc] GC(4600) Pause Young (Normal) (G1 Evacuation Pause) 893M->746M(1024M) 7,237ms
[232,252s][info][gc] GC(4601) Pause Young (Concurrent Start) (G1 Evacuation Pause) 894M->758M(1024M) 5,818ms
[232,252s][info][gc] GC(4602) Concurrent Mark Cycle
[232,321s][info][gc] GC(4603) Pause Young (Normal) (G1 Evacuation Pause) 896M->769M(1024M) 5,531ms
[232,384s][info][gc] GC(4604) Pause Young (Normal) (G1 Evacuation Pause) 898M->779M(1024M) 5,135ms
[232,443s][info][gc] GC(4605) Pause Young (Normal) (G1 Evacuation Pause) 899M->789M(1024M) 4,933ms
[232,466s][info][gc] GC(4602) Pause Remark 836M->836M(1024M) 0,946ms
[232,498s][info][gc] GC(4606) Pause Young (Normal) (G1 Evacuation Pause) 900M->797M(1024M) 5,169ms
[232,548s][info][gc] GC(4607) Pause Young (Normal) (G1 Evacuation Pause) 901M->806M(1024M) 4,809ms
[232,593s][info][gc] GC(4608) Pause Young (Normal) (G1 Evacuation Pause) 903M->814M(1024M) 4,649ms
[232,620s][info][gc] GC(4602) Pause Cleanup 875M->875M(1024M) 0,355ms
[232,621s][info][gc] GC(4602) Concurrent Mark Cycle 368,335ms
[232,636s][info][gc] GC(4609) Pause Young (Prepare Mixed) (G1 Evacuation Pause) 904M->821M(1024M) 4,514ms
[232,669s][info][gc] GC(4610) Pause Young (Mixed) (G1 Evacuation Pause) 864M->776M(1024M) 14,456ms
[232,702s][info][gc] GC(4611) Pause Young (Mixed) (G1 Evacuation Pause) 823M->740M(1024M) 14,351ms
[232,732s][info][gc] GC(4612) Pause Young (Mixed) (G1 Evacuation Pause) 784M->722M(1024M) 11,306ms
[232,806s][info][gc] GC(4613) Pause Young (Normal) (G1 Evacuation Pause) 891M->735M(1024M) 5,153ms
[232,877s][info][gc] GC(4614) Pause Young (Normal) (G1 Evacuation Pause) 893M->748M(1024M) 7,019ms
[232,941s][info][gc] GC(4615) Pause Young (Concurrent Start) (G1 Evacuation Pause) 894M->759M(1024M) 5,710ms
[232,941s][info][gc] GC(4616) Concurrent Mark Cycle
[233,008s][info][gc] GC(4617) Pause Young (Normal) (G1 Evacuation Pause) 896M->771M(1024M) 5,388ms
[233,074s][info][gc] GC(4618) Pause Young (Normal) (G1 Evacuation Pause) 898M->781M(1024M) 5,044ms
[233,132s][info][gc] GC(4619) Pause Young (Normal) (G1 Evacuation Pause) 899M->790M(1024M) 4,771ms
[233,157s][info][gc] GC(4616) Pause Remark 843M->843M(1024M) 0,747ms
[233,186s][info][gc] GC(4620) Pause Young (Normal) (G1 Evacuation Pause) 900M->799M(1024M) 5,022ms
[233,235s][info][gc] GC(4621) Pause Young (Normal) (G1 Evacuation Pause) 902M->808M(1024M) 4,912ms
[233,280s][info][gc] GC(4622) Pause Young (Normal) (G1 Evacuation Pause) 903M->815M(1024M) 4,649ms
[233,312s][info][gc] GC(4616) Pause Cleanup 891M->891M(1024M) 0,374ms
[233,314s][info][gc] GC(4616) Concurrent Mark Cycle 372,806ms
[233,322s][info][gc] GC(4623) Pause Young (Prepare Mixed) (G1 Evacuation Pause) 903M->822M(1024M) 4,415ms
[233,354s][info][gc] GC(4624) Pause Young (Mixed) (G1 Evacuation Pause) 865M->776M(1024M) 14,285ms
[233,388s][info][gc] GC(4625) Pause Young (Mixed) (G1 Evacuation Pause) 823M->740M(1024M) 14,341ms
[233,418s][info][gc] GC(4626) Pause Young (Mixed) (G1 Evacuation Pause) 784M->720M(1024M) 11,627ms
[233,493s][info][gc] GC(4627) Pause Young (Normal) (G1 Evacuation Pause) 891M->733M(1024M) 5,172ms
[233,565s][info][gc] GC(4628) Pause Young (Normal) (G1 Evacuation Pause) 893M->747M(1024M) 7,049ms
[233,630s][info][gc] GC(4629) Pause Young (Concurrent Start) (G1 Evacuation Pause) 895M->758M(1024M) 5,770ms
[233,630s][info][gc] GC(4630) Concurrent Mark Cycle
[233,697s][info][gc] GC(4631) Pause Young (Normal) (G1 Evacuation Pause) 896M->770M(1024M) 5,407ms
[233,761s][info][gc] GC(4632) Pause Young (Normal) (G1 Evacuation Pause) 898M->780M(1024M) 5,102ms
[233,819s][info][gc] GC(4633) Pause Young (Normal) (G1 Evacuation Pause) 899M->789M(1024M) 4,762ms
[233,843s][info][gc] GC(4630) Pause Remark 838M->838M(1024M) 0,898ms
[233,875s][info][gc] GC(4634) Pause Young (Normal) (G1 Evacuation Pause) 900M->798M(1024M) 5,070ms
[233,924s][info][gc] GC(4635) Pause Young (Normal) (G1 Evacuation Pause) 902M->807M(1024M) 4,766ms
[233,970s][info][gc] GC(4636) Pause Young (Normal) (G1 Evacuation Pause) 903M->814M(1024M) 4,622ms
[233,998s][info][gc] GC(4630) Pause Cleanup 878M->878M(1024M) 0,310ms
[233,999s][info][gc] GC(4630) Concurrent Mark Cycle 369,560ms
[234,014s][info][gc] GC(4637) Pause Young (Prepare Mixed) (G1 Evacuation Pause) 904M->822M(1024M) 4,501ms
[234,047s][info][gc] GC(4638) Pause Young (Mixed) (G1 Evacuation Pause) 865M->776M(1024M) 14,399ms
[234,081s][info][gc] GC(4639) Pause Young (Mixed) (G1 Evacuation Pause) 823M->739M(1024M) 14,399ms
[234,110s][info][gc] GC(4640) Pause Young (Mixed) (G1 Evacuation Pause) 783M->721M(1024M) 10,915ms
[234,185s][info][gc] GC(4641) Pause Young (Normal) (G1 Evacuation Pause) 891M->733M(1024M) 5,142ms
[234,256s][info][gc] GC(4642) Pause Young (Normal) (G1 Evacuation Pause) 892M->747M(1024M) 7,032ms
[234,322s][info][gc] GC(4643) Pause Young (Concurrent Start) (G1 Evacuation Pause) 895M->758M(1024M) 5,673ms
[234,322s][info][gc] GC(4644) Concurrent Mark Cycle
[234,389s][info][gc] GC(4645) Pause Young (Normal) (G1 Evacuation Pause) 895M->769M(1024M) 5,470ms
[234,452s][info][gc] GC(4646) Pause Young (Normal) (G1 Evacuation Pause) 897M->780M(1024M) 5,094ms
[234,511s][info][gc] GC(4647) Pause Young (Normal) (G1 Evacuation Pause) 899M->789M(1024M) 4,866ms
[234,535s][info][gc] GC(4644) Pause Remark 839M->839M(1024M) 0,757ms
[234,566s][info][gc] GC(4648) Pause Young (Normal) (G1 Evacuation Pause) 900M->798M(1024M) 5,072ms
[234,615s][info][gc] GC(4649) Pause Young (Normal) (G1 Evacuation Pause) 901M->806M(1024M) 4,956ms
[234,661s][info][gc] GC(4650) Pause Young (Normal) (G1 Evacuation Pause) 902M->814M(1024M) 4,659ms
[234,689s][info][gc] GC(4644) Pause Cleanup 881M->881M(1024M) 0,318ms
[234,691s][info][gc] GC(4644) Concurrent Mark Cycle 368,997ms
[234,704s][info][gc] GC(4651) Pause Young (Prepare Mixed) (G1 Evacuation Pause) 904M->821M(1024M) 4,339ms
[234,736s][info][gc] GC(4652) Pause Young (Mixed) (G1 Evacuation Pause) 864M->776M(1024M) 14,172ms
[234,770s][info][gc] GC(4653) Pause Young (Mixed) (G1 Evacuation Pause) 823M->739M(1024M) 14,421ms
[234,800s][info][gc] GC(4654) Pause Young (Mixed) (G1 Evacuation Pause) 783M->720M(1024M) 11,149ms
[234,875s][info][gc] GC(4655) Pause Young (Normal) (G1 Evacuation Pause) 891M->733M(1024M) 5,193ms
[234,947s][info][gc] GC(4656) Pause Young (Normal) (G1 Evacuation Pause) 893M->746M(1024M) 7,273ms
[235,012s][info][gc] GC(4657) Pause Young (Concurrent Start) (G1 Evacuation Pause) 894M->757M(1024M) 5,737ms
[235,012s][info][gc] GC(4658) Concurrent Mark Cycle
[235,080s][info][gc] GC(4659) Pause Young (Normal) (G1 Evacuation Pause) 896M->769M(1024M) 5,443ms
[235,143s][info][gc] GC(4660) Pause Young (Normal) (G1 Evacuation Pause) 897M->779M(1024M) 5,169ms
[235,202s][info][gc] GC(4661) Pause Young (Normal) (G1 Evacuation Pause) 898M->789M(1024M) 4,907ms
[235,225s][info][gc] GC(4658) Pause Remark 837M->837M(1024M) 0,952ms
[235,257s][info][gc] GC(4662) Pause Young (Normal) (G1 Evacuation Pause) 900M->798M(1024M) 4,969ms
[235,306s][info][gc] GC(4663) Pause Young (Normal) (G1 Evacuation Pause) 901M->806M(1024M) 4,889ms
[235,351s][info][gc] GC(4664) Pause Young (Normal) (G1 Evacuation Pause) 902M->814M(1024M) 4,659ms
[235,379s][info][gc] GC(4658) Pause Cleanup 879M->879M(1024M) 0,372ms
[235,380s][info][gc] GC(4658) Concurrent Mark Cycle 368,576ms
[235,394s][info][gc] GC(4665) Pause Young (Prepare Mixed) (G1 Evacuation Pause) 904M->821M(1024M) 4,367ms
[235,427s][info][gc] GC(4666) Pause Young (Mixed) (G1 Evacuation Pause) 864M->776M(1024M) 14,248ms
[235,461s][info][gc] GC(4667) Pause Young (Mixed) (G1 Evacuation Pause) 823M->738M(1024M) 14,589ms
[235,490s][info][gc] GC(4668) Pause Young (Mixed) (G1 Evacuation Pause) 782M->720M(1024M) 11,048ms
[235,564s][info][gc] GC(4669) Pause Young (Normal) (G1 Evacuation Pause) 891M->733M(1024M) 5,351ms
[235,635s][info][gc] GC(4670) Pause Young (Normal) (G1 Evacuation Pause) 893M->746M(1024M) 7,150ms
[235,699s][info][gc] GC(4671) Pause Young (Concurrent Start) (G1 Evacuation Pause) 894M->758M(1024M) 5,668ms
[235,699s][info][gc] GC(4672) Concurrent Mark Cycle
[235,767s][info][gc] GC(4673) Pause Young (Normal) (G1 Evacuation Pause) 896M->769M(1024M) 5,348ms
[235,830s][info][gc] GC(4674) Pause Young (Normal) (G1 Evacuation Pause) 898M->780M(1024M) 5,196ms
[235,889s][info][gc] GC(4675) Pause Young (Normal) (G1 Evacuation Pause) 899M->789M(1024M) 4,858ms
[235,912s][info][gc] GC(4672) Pause Remark 836M->836M(1024M) 1,013ms
[235,944s][info][gc] GC(4676) Pause Young (Normal) (G1 Evacuation Pause) 900M->798M(1024M) 5,049ms
[235,993s][info][gc] GC(4677) Pause Young (Normal) (G1 Evacuation Pause) 901M->806M(1024M) 4,989ms
[236,039s][info][gc] GC(4678) Pause Young (Normal) (G1 Evacuation Pause) 902M->814M(1024M) 4,807ms
[236,066s][info][gc] GC(4672) Pause Cleanup 877M->877M(1024M) 0,365ms
[236,067s][info][gc] GC(4672) Concurrent Mark Cycle 367,988ms
[236,082s][info][gc] GC(4679) Pause Young (Prepare Mixed) (G1 Evacuation Pause) 904M->821M(1024M) 4,447ms
[236,115s][info][gc] GC(4680) Pause Young (Mixed) (G1 Evacuation Pause) 864M->777M(1024M) 14,647ms
[236,149s][info][gc] GC(4681) Pause Young (Mixed) (G1 Evacuation Pause) 824M->740M(1024M) 14,373ms
[236,179s][info][gc] GC(4682) Pause Young (Mixed) (G1 Evacuation Pause) 784M->721M(1024M) 11,557ms
[236,253s][info][gc] GC(4683) Pause Young (Normal) (G1 Evacuation Pause) 891M->734M(1024M) 5,213ms
[236,324s][info][gc] GC(4684) Pause Young (Normal) (G1 Evacuation Pause) 893M->747M(1024M) 7,107ms
[236,388s][info][gc] GC(4685) Pause Young (Concurrent Start) (G1 Evacuation Pause) 894M->759M(1024M) 5,676ms
[236,388s][info][gc] GC(4686) Concurrent Mark Cycle
[236,455s][info][gc] GC(4687) Pause Young (Normal) (G1 Evacuation Pause) 895M->770M(1024M) 5,366ms
[236,518s][info][gc] GC(4688) Pause Young (Normal) (G1 Evacuation Pause) 898M->781M(1024M) 5,056ms
[236,576s][info][gc] GC(4689) Pause Young (Normal) (G1 Evacuation Pause) 899M->790M(1024M) 4,825ms
[236,601s][info][gc] GC(4686) Pause Remark 844M->844M(1024M) 0,966ms
[236,630s][info][gc] GC(4690) Pause Young (Normal) (G1 Evacuation Pause) 900M->799M(1024M) 4,892ms
[236,679s][info][gc] GC(4691) Pause Young (Normal) (G1 Evacuation Pause) 902M->807M(1024M) 4,833ms
[236,724s][info][gc] GC(4692) Pause Young (Normal) (G1 Evacuation Pause) 902M->816M(1024M) 4,833ms
[236,755s][info][gc] GC(4686) Pause Cleanup 888M->888M(1024M) 0,356ms
[236,756s][info][gc] GC(4686) Concurrent Mark Cycle 367,926ms
[236,766s][info][gc] GC(4693) Pause Young (Prepare Mixed) (G1 Evacuation Pause) 904M->822M(1024M) 4,459ms
[236,798s][info][gc] GC(4694) Pause Young (Mixed) (G1 Evacuation Pause) 866M->777M(1024M) 13,977ms
[236,832s][info][gc] GC(4695) Pause Young (Mixed) (G1 Evacuation Pause) 824M->741M(1024M) 14,089ms
[236,861s][info][gc] GC(4696) Pause Young (Mixed) (G1 Evacuation Pause) 785M->723M(1024M) 10,833ms
[236,935s][info][gc] GC(4697) Pause Young (Normal) (G1 Evacuation Pause) 891M->736M(1024M) 5,021ms
[237,004s][info][gc] GC(4698) Pause Young (Normal) (G1 Evacuation Pause) 893M->749M(1024M) 7,071ms
[237,069s][info][gc] GC(4699) Pause Young (Concurrent Start) (G1 Evacuation Pause) 895M->761M(1024M) 5,669ms
[237,069s][info][gc] GC(4700) Concurrent Mark Cycle
[237,136s][info][gc] GC(4701) Pause Young (Normal) (G1 Evacuation Pause) 897M->771M(1024M) 5,276ms
[237,199s][info][gc] GC(4702) Pause Young (Normal) (G1 Evacuation Pause) 898M->782M(1024M) 5,037ms
[237,257s][info][gc] GC(4703) Pause Young (Normal) (G1 Evacuation Pause) 899M->791M(1024M) 4,894ms
[237,282s][info][gc] GC(4700) Pause Remark 844M->844M(1024M) 0,668ms
[237,311s][info][gc] GC(4704) Pause Young (Normal) (G1 Evacuation Pause) 900M->800M(1024M) 5,023ms
[237,359s][info][gc] GC(4705) Pause Young (Normal) (G1 Evacuation Pause) 902M->808M(1024M) 4,771ms
[237,405s][info][gc] GC(4706) Pause Young (Normal) (G1 Evacuation Pause) 902M->816M(1024M) 4,678ms
[237,436s][info][gc] GC(4700) Pause Cleanup 888M->888M(1024M) 0,354ms
[237,438s][info][gc] GC(4700) Concurrent Mark Cycle 368,956ms
[237,448s][info][gc] GC(4707) Pause Young (Prepare Mixed) (G1 Evacuation Pause) 904M->823M(1024M) 4,534ms
[237,484s][info][gc] GC(4708) Pause Young (Mixed) (G1 Evacuation Pause) 866M->775M(1024M) 17,312ms
[237,518s][info][gc] GC(4709) Pause Young (Mixed) (G1 Evacuation Pause) 822M->739M(1024M) 14,270ms
[237,548s][info][gc] GC(4710) Pause Young (Mixed) (G1 Evacuation Pause) 783M->719M(1024M) 10,998ms
[237,625s][info][gc] GC(4711) Pause Young (Normal) (G1 Evacuation Pause) 891M->732M(1024M) 5,214ms
[237,696s][info][gc] GC(4712) Pause Young (Normal) (G1 Evacuation Pause) 893M->745M(1024M) 7,200ms
[237,762s][info][gc] GC(4713) Pause Young (Concurrent Start) (G1 Evacuation Pause) 894M->756M(1024M) 5,706ms
[237,762s][info][gc] GC(4714) Concurrent Mark Cycle
[237,831s][info][gc] GC(4715) Pause Young (Normal) (G1 Evacuation Pause) 895M->768M(1024M) 5,455ms
[237,895s][info][gc] GC(4716) Pause Young (Normal) (G1 Evacuation Pause) 898M->779M(1024M) 5,361ms
[237,959s][info][gc] GC(4717) Pause Young (Normal) (G1 Evacuation Pause) 899M->788M(1024M) 4,810ms
[237,981s][info][gc] GC(4714) Pause Remark 833M->833M(1024M) 0,564ms
[238,015s][info][gc] GC(4718) Pause Young (Normal) (G1 Evacuation Pause) 900M->797M(1024M) 5,036ms
[238,064s][info][gc] GC(4719) Pause Young (Normal) (G1 Evacuation Pause) 901M->805M(1024M) 4,973ms
[238,110s][info][gc] GC(4720) Pause Young (Normal) (G1 Evacuation Pause) 902M->813M(1024M) 4,821ms
[238,136s][info][gc] GC(4714) Pause Cleanup 872M->872M(1024M) 0,408ms
[238,137s][info][gc] GC(4714) Concurrent Mark Cycle 374,804ms
[238,154s][info][gc] GC(4721) Pause Young (Prepare Mixed) (G1 Evacuation Pause) 904M->821M(1024M) 4,378ms
[238,186s][info][gc] GC(4722) Pause Young (Mixed) (G1 Evacuation Pause) 864M->776M(1024M) 14,372ms
[238,221s][info][gc] GC(4723) Pause Young (Mixed) (G1 Evacuation Pause) 823M->740M(1024M) 14,445ms
[238,250s][info][gc] GC(4724) Pause Young (Mixed) (G1 Evacuation Pause) 784M->723M(1024M) 10,524ms
[238,325s][info][gc] GC(4725) Pause Young (Normal) (G1 Evacuation Pause) 891M->735M(1024M) 5,164ms
[238,395s][info][gc] GC(4726) Pause Young (Normal) (G1 Evacuation Pause) 892M->748M(1024M) 6,981ms
[238,459s][info][gc] GC(4727) Pause Young (Concurrent Start) (G1 Evacuation Pause) 895M->759M(1024M) 5,740ms
[238,459s][info][gc] GC(4728) Concurrent Mark Cycle
[238,527s][info][gc] GC(4729) Pause Young (Normal) (G1 Evacuation Pause) 896M->769M(1024M) 5,387ms
[238,590s][info][gc] GC(4730) Pause Young (Normal) (G1 Evacuation Pause) 898M->780M(1024M) 5,064ms
[238,649s][info][gc] GC(4731) Pause Young (Normal) (G1 Evacuation Pause) 899M->789M(1024M) 4,795ms
[238,672s][info][gc] GC(4728) Pause Remark 837M->837M(1024M) 0,873ms
[238,704s][info][gc] GC(4732) Pause Young (Normal) (G1 Evacuation Pause) 900M->798M(1024M) 5,041ms
[238,754s][info][gc] GC(4733) Pause Young (Normal) (G1 Evacuation Pause) 902M->807M(1024M) 4,935ms
[238,799s][info][gc] GC(4734) Pause Young (Normal) (G1 Evacuation Pause) 903M->814M(1024M) 4,716ms
[238,827s][info][gc] GC(4728) Pause Cleanup 879M->879M(1024M) 0,382ms
[238,829s][info][gc] GC(4728) Concurrent Mark Cycle 369,616ms
[238,843s][info][gc] GC(4735) Pause Young (Prepare Mixed) (G1 Evacuation Pause) 904M->822M(1024M) 4,410ms
[238,875s][info][gc] GC(4736) Pause Young (Mixed) (G1 Evacuation Pause) 865M->775M(1024M) 14,072ms
[238,909s][info][gc] GC(4737) Pause Young (Mixed) (G1 Evacuation Pause) 822M->739M(1024M) 14,558ms
[238,942s][info][gc] GC(4738) Pause Young (Mixed) (G1 Evacuation Pause) 783M->719M(1024M) 14,425ms
[239,018s][info][gc] GC(4739) Pause Young (Normal) (G1 Evacuation Pause) 891M->732M(1024M) 5,266ms
[239,090s][info][gc] GC(4740) Pause Young (Normal) (G1 Evacuation Pause) 893M->745M(1024M) 7,096ms
[239,156s][info][gc] GC(4741) Pause Young (Concurrent Start) (G1 Evacuation Pause) 893M->756M(1024M) 5,754ms
[239,156s][info][gc] GC(4742) Concurrent Mark Cycle
[239,225s][info][gc] GC(4743) Pause Young (Normal) (G1 Evacuation Pause) 895M->767M(1024M) 5,420ms
[239,289s][info][gc] GC(4744) Pause Young (Normal) (G1 Evacuation Pause) 897M->778M(1024M) 5,163ms
[239,349s][info][gc] GC(4745) Pause Young (Normal) (G1 Evacuation Pause) 899M->788M(1024M) 4,915ms
[239,369s][info][gc] GC(4742) Pause Remark 830M->830M(1024M) 0,667ms
[239,404s][info][gc] GC(4746) Pause Young (Normal) (G1 Evacuation Pause) 900M->797M(1024M) 5,153ms
[239,453s][info][gc] GC(4747) Pause Young (Normal) (G1 Evacuation Pause) 901M->805M(1024M) 4,891ms
[239,499s][info][gc] GC(4748) Pause Young (Normal) (G1 Evacuation Pause) 903M->813M(1024M) 4,754ms
[239,522s][info][gc] GC(4742) Pause Cleanup 867M->867M(1024M) 0,363ms
[239,524s][info][gc] GC(4742) Concurrent Mark Cycle 368,004ms
[239,542s][info][gc] GC(4749) Pause Young (Prepare Mixed) (G1 Evacuation Pause) 904M->820M(1024M) 4,415ms
[239,575s][info][gc] GC(4750) Pause Young (Mixed) (G1 Evacuation Pause) 863M->776M(1024M) 14,653ms
[239,609s][info][gc] GC(4751) Pause Young (Mixed) (G1 Evacuation Pause) 823M->739M(1024M) 14,362ms
[239,638s][info][gc] GC(4752) Pause Young (Mixed) (G1 Evacuation Pause) 783M->721M(1024M) 10,816ms
[239,715s][info][gc] GC(4753) Pause Young (Normal) (G1 Evacuation Pause) 891M->734M(1024M) 5,208ms
[239,785s][info][gc] GC(4754) Pause Young (Normal) (G1 Evacuation Pause) 893M->747M(1024M) 7,040ms
[239,848s][info][gc] GC(4755) Pause Young (Concurrent Start) (G1 Evacuation Pause) 894M->758M(1024M) 5,773ms
[239,848s][info][gc] GC(4756) Concurrent Mark Cycle
[239,917s][info][gc] GC(4757) Pause Young (Normal) (G1 Evacuation Pause) 896M->769M(1024M) 5,480ms
[239,981s][info][gc] GC(4758) Pause Young (Normal) (G1 Evacuation Pause) 898M->780M(1024M) 5,077ms
[240,040s][info][gc] GC(4759) Pause Young (Normal) (G1 Evacuation Pause) 899M->789M(1024M) 4,804ms
[240,062s][info][gc] GC(4756) Pause Remark 838M->838M(1024M) 0,813ms
[240,094s][info][gc] GC(4760) Pause Young (Normal) (G1 Evacuation Pause) 900M->799M(1024M) 4,974ms
[240,143s][info][gc] GC(4761) Pause Young (Normal) (G1 Evacuation Pause) 902M->807M(1024M) 4,962ms
[240,189s][info][gc] GC(4762) Pause Young (Normal) (G1 Evacuation Pause) 903M->815M(1024M) 4,790ms
[240,218s][info][gc] GC(4756) Pause Cleanup 883M->883M(1024M) 0,359ms
[240,219s][info][gc] GC(4756) Concurrent Mark Cycle 370,908ms
[240,232s][info][gc] GC(4763) Pause Young (Prepare Mixed) (G1 Evacuation Pause) 904M->822M(1024M) 4,348ms
[240,264s][info][gc] GC(4764) Pause Young (Mixed) (G1 Evacuation Pause) 865M->776M(1024M) 14,094ms
[240,298s][info][gc] GC(4765) Pause Young (Mixed) (G1 Evacuation Pause) 823M->739M(1024M) 14,164ms
[240,327s][info][gc] GC(4766) Pause Young (Mixed) (G1 Evacuation Pause) 783M->720M(1024M) 10,711ms
[240,403s][info][gc] GC(4767) Pause Young (Normal) (G1 Evacuation Pause) 891M->732M(1024M) 5,320ms
[240,474s][info][gc] GC(4768) Pause Young (Normal) (G1 Evacuation Pause) 892M->745M(1024M) 7,183ms
[240,538s][info][gc] GC(4769) Pause Young (Concurrent Start) (G1 Evacuation Pause) 894M->758M(1024M) 5,732ms
[240,538s][info][gc] GC(4770) Concurrent Mark Cycle
[240,607s][info][gc] GC(4771) Pause Young (Normal) (G1 Evacuation Pause) 896M->768M(1024M) 5,429ms
[240,671s][info][gc] GC(4772) Pause Young (Normal) (G1 Evacuation Pause) 897M->779M(1024M) 5,222ms
[240,731s][info][gc] GC(4773) Pause Young (Normal) (G1 Evacuation Pause) 899M->788M(1024M) 4,849ms
[240,753s][info][gc] GC(4770) Pause Remark 836M->836M(1024M) 0,786ms
[240,785s][info][gc] GC(4774) Pause Young (Normal) (G1 Evacuation Pause) 899M->798M(1024M) 4,992ms
[240,834s][info][gc] GC(4775) Pause Young (Normal) (G1 Evacuation Pause) 902M->806M(1024M) 4,931ms
[240,881s][info][gc] GC(4776) Pause Young (Normal) (G1 Evacuation Pause) 903M->814M(1024M) 4,736ms
[240,908s][info][gc] GC(4770) Pause Cleanup 876M->876M(1024M) 0,381ms
[240,909s][info][gc] GC(4770) Concurrent Mark Cycle 370,737ms
[240,924s][info][gc] GC(4777) Pause Young (Prepare Mixed) (G1 Evacuation Pause) 904M->821M(1024M) 4,481ms
[240,957s][info][gc] GC(4778) Pause Young (Mixed) (G1 Evacuation Pause) 864M->775M(1024M) 14,259ms
[240,991s][info][gc] GC(4779) Pause Young (Mixed) (G1 Evacuation Pause) 822M->739M(1024M) 14,224ms
[241,020s][info][gc] GC(4780) Pause Young (Mixed) (G1 Evacuation Pause) 783M->722M(1024M) 10,907ms
[241,095s][info][gc] GC(4781) Pause Young (Normal) (G1 Evacuation Pause) 891M->735M(1024M) 5,280ms
[241,166s][info][gc] GC(4782) Pause Young (Normal) (G1 Evacuation Pause) 893M->747M(1024M) 7,185ms
[241,231s][info][gc] GC(4783) Pause Young (Concurrent Start) (G1 Evacuation Pause) 895M->759M(1024M) 5,648ms
[241,231s][info][gc] GC(4784) Concurrent Mark Cycle
[241,299s][info][gc] GC(4785) Pause Young (Normal) (G1 Evacuation Pause) 896M->770M(1024M) 5,408ms
[241,362s][info][gc] GC(4786) Pause Young (Normal) (G1 Evacuation Pause) 898M->781M(1024M) 5,066ms
[241,420s][info][gc] GC(4787) Pause Young (Normal) (G1 Evacuation Pause) 899M->790M(1024M) 4,855ms
[241,445s][info][gc] GC(4784) Pause Remark 842M->842M(1024M) 0,804ms
[241,475s][info][gc] GC(4788) Pause Young (Normal) (G1 Evacuation Pause) 901M->799M(1024M) 5,062ms
[241,523s][info][gc] GC(4789) Pause Young (Normal) (G1 Evacuation Pause) 901M->807M(1024M) 4,723ms
[241,568s][info][gc] GC(4790) Pause Young (Normal) (G1 Evacuation Pause) 902M->815M(1024M) 4,770ms
[241,598s][info][gc] GC(4784) Pause Cleanup 885M->885M(1024M) 0,368ms
[241,599s][info][gc] GC(4784) Concurrent Mark Cycle 368,112ms
[241,611s][info][gc] GC(4791) Pause Young (Prepare Mixed) (G1 Evacuation Pause) 904M->822M(1024M) 4,409ms
[241,643s][info][gc] GC(4792) Pause Young (Mixed) (G1 Evacuation Pause) 865M->776M(1024M) 14,087ms
[241,677s][info][gc] GC(4793) Pause Young (Mixed) (G1 Evacuation Pause) 823M->740M(1024M) 14,380ms
[241,707s][info][gc] GC(4794) Pause Young (Mixed) (G1 Evacuation Pause) 784M->721M(1024M) 11,113ms
[241,782s][info][gc] GC(4795) Pause Young (Normal) (G1 Evacuation Pause) 891M->734M(1024M) 5,119ms
[241,853s][info][gc] GC(4796) Pause Young (Normal) (G1 Evacuation Pause) 893M->747M(1024M) 7,093ms
[241,917s][info][gc] GC(4797) Pause Young (Concurrent Start) (G1 Evacuation Pause) 894M->759M(1024M) 5,646ms
[241,917s][info][gc] GC(4798) Concurrent Mark Cycle
[241,984s][info][gc] GC(4799) Pause Young (Normal) (G1 Evacuation Pause) 896M->770M(1024M) 5,336ms
[242,047s][info][gc] GC(4800) Pause Young (Normal) (G1 Evacuation Pause) 898M->780M(1024M) 5,076ms
[242,106s][info][gc] GC(4801) Pause Young (Normal) (G1 Evacuation Pause) 899M->789M(1024M) 4,775ms
[242,130s][info][gc] GC(4798) Pause Remark 839M->839M(1024M) 0,892ms
[242,162s][info][gc] GC(4802) Pause Young (Normal) (G1 Evacuation Pause) 900M->798M(1024M) 5,066ms
[242,211s][info][gc] GC(4803) Pause Young (Normal) (G1 Evacuation Pause) 902M->806M(1024M) 4,804ms
[242,257s][info][gc] GC(4804) Pause Young (Normal) (G1 Evacuation Pause) 902M->814M(1024M) 4,728ms
[242,285s][info][gc] GC(4798) Pause Cleanup 880M->880M(1024M) 0,356ms
[242,286s][info][gc] GC(4798) Concurrent Mark Cycle 368,969ms
[242,300s][info][gc] GC(4805) Pause Young (Prepare Mixed) (G1 Evacuation Pause) 904M->821M(1024M) 4,463ms
[242,332s][info][gc] GC(4806) Pause Young (Mixed) (G1 Evacuation Pause) 864M->776M(1024M) 14,276ms
[242,366s][info][gc] GC(4807) Pause Young (Mixed) (G1 Evacuation Pause) 823M->740M(1024M) 14,148ms
[242,395s][info][gc] GC(4808) Pause Young (Mixed) (G1 Evacuation Pause) 784M->720M(1024M) 11,628ms
[242,471s][info][gc] GC(4809) Pause Young (Normal) (G1 Evacuation Pause) 891M->732M(1024M) 5,328ms
[242,543s][info][gc] GC(4810) Pause Young (Normal) (G1 Evacuation Pause) 892M->746M(1024M) 7,188ms
[242,608s][info][gc] GC(4811) Pause Young (Concurrent Start) (G1 Evacuation Pause) 894M->757M(1024M) 5,917ms
[242,608s][info][gc] GC(4812) Concurrent Mark Cycle
[242,676s][info][gc] GC(4813) Pause Young (Normal) (G1 Evacuation Pause) 896M->768M(1024M) 5,481ms
[242,740s][info][gc] GC(4814) Pause Young (Normal) (G1 Evacuation Pause) 897M->778M(1024M) 5,123ms
[242,799s][info][gc] GC(4815) Pause Young (Normal) (G1 Evacuation Pause) 899M->788M(1024M) 4,919ms
[242,821s][info][gc] GC(4812) Pause Remark 834M->834M(1024M) 0,795ms
[242,854s][info][gc] GC(4816) Pause Young (Normal) (G1 Evacuation Pause) 900M->797M(1024M) 5,059ms
[242,904s][info][gc] GC(4817) Pause Young (Normal) (G1 Evacuation Pause) 901M->806M(1024M) 4,840ms
[242,950s][info][gc] GC(4818) Pause Young (Normal) (G1 Evacuation Pause) 903M->813M(1024M) 4,838ms
[242,976s][info][gc] GC(4812) Pause Cleanup 874M->874M(1024M) 0,359ms
[242,977s][info][gc] GC(4812) Concurrent Mark Cycle 369,455ms
[242,993s][info][gc] GC(4819) Pause Young (Prepare Mixed) (G1 Evacuation Pause) 904M->820M(1024M) 4,369ms
[243,026s][info][gc] GC(4820) Pause Young (Mixed) (G1 Evacuation Pause) 863M->775M(1024M) 14,294ms
[243,060s][info][gc] GC(4821) Pause Young (Mixed) (G1 Evacuation Pause) 822M->738M(1024M) 14,437ms
[243,089s][info][gc] GC(4822) Pause Young (Mixed) (G1 Evacuation Pause) 782M->720M(1024M) 10,756ms
[243,164s][info][gc] GC(4823) Pause Young (Normal) (G1 Evacuation Pause) 891M->733M(1024M) 5,253ms
[243,237s][info][gc] GC(4824) Pause Young (Normal) (G1 Evacuation Pause) 893M->746M(1024M) 7,145ms
[243,301s][info][gc] GC(4825) Pause Young (Concurrent Start) (G1 Evacuation Pause) 894M->757M(1024M) 5,681ms
[243,301s][info][gc] GC(4826) Concurrent Mark Cycle
[243,369s][info][gc] GC(4827) Pause Young (Normal) (G1 Evacuation Pause) 896M->768M(1024M) 5,447ms
[243,432s][info][gc] GC(4828) Pause Young (Normal) (G1 Evacuation Pause) 897M->779M(1024M) 5,155ms
[243,491s][info][gc] GC(4829) Pause Young (Normal) (G1 Evacuation Pause) 899M->789M(1024M) 4,917ms
[243,513s][info][gc] GC(4826) Pause Remark 836M->836M(1024M) 0,855ms
[243,546s][info][gc] GC(4830) Pause Young (Normal) (G1 Evacuation Pause) 900M->798M(1024M) 4,973ms
[243,595s][info][gc] GC(4831) Pause Young (Normal) (G1 Evacuation Pause) 901M->807M(1024M) 4,903ms
[243,640s][info][gc] GC(4832) Pause Young (Normal) (G1 Evacuation Pause) 903M->814M(1024M) 4,762ms
[243,667s][info][gc] GC(4826) Pause Cleanup 876M->876M(1024M) 0,360ms
[243,668s][info][gc] GC(4826) Concurrent Mark Cycle 367,129ms
[243,683s][info][gc] GC(4833) Pause Young (Prepare Mixed) (G1 Evacuation Pause) 904M->821M(1024M) 4,427ms
[243,716s][info][gc] GC(4834) Pause Young (Mixed) (G1 Evacuation Pause) 864M->776M(1024M) 14,490ms
[243,749s][info][gc] GC(4835) Pause Young (Mixed) (G1 Evacuation Pause) 823M->740M(1024M) 14,040ms
[243,779s][info][gc] GC(4836) Pause Young (Mixed) (G1 Evacuation Pause) 784M->722M(1024M) 11,408ms
[243,853s][info][gc] GC(4837) Pause Young (Normal) (G1 Evacuation Pause) 891M->734M(1024M) 5,129ms
[243,923s][info][gc] GC(4838) Pause Young (Normal) (G1 Evacuation Pause) 892M->747M(1024M) 6,966ms
[243,987s][info][gc] GC(4839) Pause Young (Concurrent Start) (G1 Evacuation Pause) 895M->760M(1024M) 5,691ms
[243,987s][info][gc] GC(4840) Concurrent Mark Cycle
[244,054s][info][gc] GC(4841) Pause Young (Normal) (G1 Evacuation Pause) 896M->770M(1024M) 5,422ms
[244,117s][info][gc] GC(4842) Pause Young (Normal) (G1 Evacuation Pause) 898M->781M(1024M) 5,064ms
[244,176s][info][gc] GC(4843) Pause Young (Normal) (G1 Evacuation Pause) 899M->790M(1024M) 4,797ms
[244,201s][info][gc] GC(4840) Pause Remark 843M->843M(1024M) 1,029ms
[244,231s][info][gc] GC(4844) Pause Young (Normal) (G1 Evacuation Pause) 900M->799M(1024M) 5,068ms
[244,279s][info][gc] GC(4845) Pause Young (Normal) (G1 Evacuation Pause) 902M->807M(1024M) 4,924ms
[244,325s][info][gc] GC(4846) Pause Young (Normal) (G1 Evacuation Pause) 903M->814M(1024M) 4,747ms
[244,355s][info][gc] GC(4840) Pause Cleanup 883M->883M(1024M) 0,355ms
[244,356s][info][gc] GC(4840) Concurrent Mark Cycle 368,937ms
[244,368s][info][gc] GC(4847) Pause Young (Prepare Mixed) (G1 Evacuation Pause) 904M->822M(1024M) 4,448ms
[244,401s][info][gc] GC(4848) Pause Young (Mixed) (G1 Evacuation Pause) 865M->775M(1024M) 14,457ms
[244,434s][info][gc] GC(4849) Pause Young (Mixed) (G1 Evacuation Pause) 822M->739M(1024M) 14,003ms
[244,464s][info][gc] GC(4850) Pause Young (Mixed) (G1 Evacuation Pause) 783M->721M(1024M) 10,705ms
[244,539s][info][gc] GC(4851) Pause Young (Normal) (G1 Evacuation Pause) 891M->734M(1024M) 5,268ms
[244,611s][info][gc] GC(4852) Pause Young (Normal) (G1 Evacuation Pause) 893M->747M(1024M) 7,141ms
[244,675s][info][gc] GC(4853) Pause Young (Concurrent Start) (G1 Evacuation Pause) 894M->759M(1024M) 5,748ms
[244,675s][info][gc] GC(4854) Concurrent Mark Cycle
[244,743s][info][gc] GC(4855) Pause Young (Normal) (G1 Evacuation Pause) 896M->770M(1024M) 5,458ms
[244,812s][info][gc] GC(4856) Pause Young (Normal) (G1 Evacuation Pause) 898M->780M(1024M) 5,449ms
[244,888s][info][gc] GC(4857) Pause Young (Normal) (G1 Evacuation Pause) 899M->789M(1024M) 4,939ms
[244,908s][info][gc] GC(4854) Pause Remark 826M->826M(1024M) 0,848ms
[244,944s][info][gc] GC(4858) Pause Young (Normal) (G1 Evacuation Pause) 900M->798M(1024M) 4,927ms
[244,994s][info][gc] GC(4859) Pause Young (Normal) (G1 Evacuation Pause) 902M->807M(1024M) 4,989ms
[245,039s][info][gc] GC(4860) Pause Young (Normal) (G1 Evacuation Pause) 903M->814M(1024M) 4,801ms
[245,061s][info][gc] GC(4854) Pause Cleanup 865M->865M(1024M) 0,340ms
[245,062s][info][gc] GC(4854) Concurrent Mark Cycle 387,207ms
[245,082s][info][gc] GC(4861) Pause Young (Prepare Mixed) (G1 Evacuation Pause) 904M->822M(1024M) 4,423ms
[245,115s][info][gc] GC(4862) Pause Young (Mixed) (G1 Evacuation Pause) 865M->776M(1024M) 14,561ms
[245,149s][info][gc] GC(4863) Pause Young (Mixed) (G1 Evacuation Pause) 823M->739M(1024M) 14,247ms
[245,179s][info][gc] GC(4864) Pause Young (Mixed) (G1 Evacuation Pause) 783M->719M(1024M) 11,357ms
[245,255s][info][gc] GC(4865) Pause Young (Normal) (G1 Evacuation Pause) 891M->732M(1024M) 5,161ms
[245,328s][info][gc] GC(4866) Pause Young (Normal) (G1 Evacuation Pause) 893M->746M(1024M) 7,079ms
[245,392s][info][gc] GC(4867) Pause Young (Concurrent Start) (G1 Evacuation Pause) 894M->757M(1024M) 5,656ms
[245,392s][info][gc] GC(4868) Concurrent Mark Cycle
[245,460s][info][gc] GC(4869) Pause Young (Normal) (G1 Evacuation Pause) 895M->768M(1024M) 5,406ms
[245,523s][info][gc] GC(4870) Pause Young (Normal) (G1 Evacuation Pause) 897M->779M(1024M) 5,157ms
[245,583s][info][gc] GC(4871) Pause Young (Normal) (G1 Evacuation Pause) 899M->788M(1024M) 5,089ms
[245,605s][info][gc] GC(4868) Pause Remark 836M->836M(1024M) 0,991ms
[245,639s][info][gc] GC(4872) Pause Young (Normal) (G1 Evacuation Pause) 900M->797M(1024M) 4,973ms
[245,688s][info][gc] GC(4873) Pause Young (Normal) (G1 Evacuation Pause) 901M->805M(1024M) 4,970ms
[245,734s][info][gc] GC(4874) Pause Young (Normal) (G1 Evacuation Pause) 902M->814M(1024M) 4,676ms
[245,760s][info][gc] GC(4868) Pause Cleanup 874M->874M(1024M) 0,374ms
[245,761s][info][gc] GC(4868) Concurrent Mark Cycle 369,029ms
[245,777s][info][gc] GC(4875) Pause Young (Prepare Mixed) (G1 Evacuation Pause) 904M->821M(1024M) 4,349ms
[245,809s][info][gc] GC(4876) Pause Young (Mixed) (G1 Evacuation Pause) 864M->775M(1024M) 14,379ms
[245,844s][info][gc] GC(4877) Pause Young (Mixed) (G1 Evacuation Pause) 822M->739M(1024M) 14,666ms
[245,872s][info][gc] GC(4878) Pause Young (Mixed) (G1 Evacuation Pause) 783M->723M(1024M) 10,764ms
[245,946s][info][gc] GC(4879) Pause Young (Normal) (G1 Evacuation Pause) 891M->735M(1024M) 5,121ms
[246,018s][info][gc] GC(4880) Pause Young (Normal) (G1 Evacuation Pause) 892M->749M(1024M) 6,980ms
[246,084s][info][gc] GC(4881) Pause Young (Concurrent Start) (G1 Evacuation Pause) 895M->760M(1024M) 5,709ms
[246,084s][info][gc] GC(4882) Concurrent Mark Cycle
[246,151s][info][gc] GC(4883) Pause Young (Normal) (G1 Evacuation Pause) 896M->770M(1024M) 5,369ms
[246,214s][info][gc] GC(4884) Pause Young (Normal) (G1 Evacuation Pause) 898M->781M(1024M) 5,122ms
[246,273s][info][gc] GC(4885) Pause Young (Normal) (G1 Evacuation Pause) 899M->790M(1024M) 4,889ms
[246,298s][info][gc] GC(4882) Pause Remark 844M->844M(1024M) 0,891ms
[246,328s][info][gc] GC(4886) Pause Young (Normal) (G1 Evacuation Pause) 901M->799M(1024M) 5,062ms
[246,376s][info][gc] GC(4887) Pause Young (Normal) (G1 Evacuation Pause) 902M->807M(1024M) 4,873ms
[246,421s][info][gc] GC(4888) Pause Young (Normal) (G1 Evacuation Pause) 902M->814M(1024M) 4,715ms
[246,452s][info][gc] GC(4882) Pause Cleanup 885M->885M(1024M) 0,321ms
[246,453s][info][gc] GC(4882) Concurrent Mark Cycle 368,723ms
[246,464s][info][gc] GC(4889) Pause Young (Prepare Mixed) (G1 Evacuation Pause) 903M->822M(1024M) 4,391ms
[246,496s][info][gc] GC(4890) Pause Young (Mixed) (G1 Evacuation Pause) 865M->775M(1024M) 14,095ms
[246,529s][info][gc] GC(4891) Pause Young (Mixed) (G1 Evacuation Pause) 822M->739M(1024M) 14,325ms
[246,559s][info][gc] GC(4892) Pause Young (Mixed) (G1 Evacuation Pause) 783M->720M(1024M) 11,172ms
[246,634s][info][gc] GC(4893) Pause Young (Normal) (G1 Evacuation Pause) 891M->733M(1024M) 5,323ms
[246,705s][info][gc] GC(4894) Pause Young (Normal) (G1 Evacuation Pause) 893M->746M(1024M) 7,093ms
[246,770s][info][gc] GC(4895) Pause Young (Concurrent Start) (G1 Evacuation Pause) 894M->758M(1024M) 5,676ms
[246,770s][info][gc] GC(4896) Concurrent Mark Cycle
[246,839s][info][gc] GC(4897) Pause Young (Normal) (G1 Evacuation Pause) 896M->769M(1024M) 5,450ms
[246,902s][info][gc] GC(4898) Pause Young (Normal) (G1 Evacuation Pause) 897M->780M(1024M) 5,183ms
[246,961s][info][gc] GC(4899) Pause Young (Normal) (G1 Evacuation Pause) 899M->789M(1024M) 4,782ms
[246,984s][info][gc] GC(4896) Pause Remark 839M->839M(1024M) 0,609ms
[247,015s][info][gc] GC(4900) Pause Young (Normal) (G1 Evacuation Pause) 900M->798M(1024M) 4,928ms
[247,064s][info][gc] GC(4901) Pause Young (Normal) (G1 Evacuation Pause) 901M->806M(1024M) 4,882ms
[247,110s][info][gc] GC(4902) Pause Young (Normal) (G1 Evacuation Pause) 902M->814M(1024M) 4,593ms
[247,139s][info][gc] GC(4896) Pause Cleanup 883M->883M(1024M) 0,340ms
[247,140s][info][gc] GC(4896) Concurrent Mark Cycle 370,324ms
[247,153s][info][gc] GC(4903) Pause Young (Prepare Mixed) (G1 Evacuation Pause) 904M->821M(1024M) 4,373ms
[247,185s][info][gc] GC(4904) Pause Young (Mixed) (G1 Evacuation Pause) 864M->776M(1024M) 14,169ms
[247,219s][info][gc] GC(4905) Pause Young (Mixed) (G1 Evacuation Pause) 823M->740M(1024M) 14,241ms
[247,248s][info][gc] GC(4906) Pause Young (Mixed) (G1 Evacuation Pause) 784M->721M(1024M) 11,335ms
[247,323s][info][gc] GC(4907) Pause Young (Normal) (G1 Evacuation Pause) 891M->734M(1024M) 5,231ms
[247,394s][info][gc] GC(4908) Pause Young (Normal) (G1 Evacuation Pause) 893M->748M(1024M) 7,082ms
[247,458s][info][gc] GC(4909) Pause Young (Concurrent Start) (G1 Evacuation Pause) 895M->759M(1024M) 5,785ms
[247,458s][info][gc] GC(4910) Concurrent Mark Cycle
[247,525s][info][gc] GC(4911) Pause Young (Normal) (G1 Evacuation Pause) 896M->770M(1024M) 5,305ms
[247,588s][info][gc] GC(4912) Pause Young (Normal) (G1 Evacuation Pause) 898M->781M(1024M) 5,045ms
[247,646s][info][gc] GC(4913) Pause Young (Normal) (G1 Evacuation Pause) 899M->790M(1024M) 4,790ms
[247,671s][info][gc] GC(4910) Pause Remark 843M->843M(1024M) 0,859ms
[247,701s][info][gc] GC(4914) Pause Young (Normal) (G1 Evacuation Pause) 901M->799M(1024M) 5,023ms
[247,749s][info][gc] GC(4915) Pause Young (Normal) (G1 Evacuation Pause) 902M->807M(1024M) 4,892ms
[247,795s][info][gc] GC(4916) Pause Young (Normal) (G1 Evacuation Pause) 903M->815M(1024M) 4,651ms
[247,826s][info][gc] GC(4910) Pause Cleanup 887M->887M(1024M) 0,538ms
[247,827s][info][gc] GC(4910) Concurrent Mark Cycle 368,983ms
[247,838s][info][gc] GC(4917) Pause Young (Prepare Mixed) (G1 Evacuation Pause) 904M->822M(1024M) 4,430ms
[247,869s][info][gc] GC(4918) Pause Young (Mixed) (G1 Evacuation Pause) 865M->776M(1024M) 14,217ms
[247,904s][info][gc] GC(4919) Pause Young (Mixed) (G1 Evacuation Pause) 823M->740M(1024M) 15,810ms
[247,934s][info][gc] GC(4920) Pause Young (Mixed) (G1 Evacuation Pause) 784M->721M(1024M) 11,364ms
[248,011s][info][gc] GC(4921) Pause Young (Normal) (G1 Evacuation Pause) 891M->734M(1024M) 5,307ms
[248,084s][info][gc] GC(4922) Pause Young (Normal) (G1 Evacuation Pause) 893M->747M(1024M) 7,169ms
[248,148s][info][gc] GC(4923) Pause Young (Concurrent Start) (G1 Evacuation Pause) 894M->759M(1024M) 5,802ms
[248,148s][info][gc] GC(4924) Concurrent Mark Cycle
[248,216s][info][gc] GC(4925) Pause Young (Normal) (G1 Evacuation Pause) 896M->770M(1024M) 5,340ms
[248,279s][info][gc] GC(4926) Pause Young (Normal) (G1 Evacuation Pause) 898M->780M(1024M) 5,064ms
[248,337s][info][gc] GC(4927) Pause Young (Normal) (G1 Evacuation Pause) 899M->790M(1024M) 4,895ms
[248,361s][info][gc] GC(4924) Pause Remark 840M->840M(1024M) 0,763ms
[248,392s][info][gc] GC(4928) Pause Young (Normal) (G1 Evacuation Pause) 901M->798M(1024M) 4,922ms
[248,441s][info][gc] GC(4929) Pause Young (Normal) (G1 Evacuation Pause) 902M->807M(1024M) 4,882ms
[248,487s][info][gc] GC(4930) Pause Young (Normal) (G1 Evacuation Pause) 903M->814M(1024M) 4,753ms
[248,515s][info][gc] GC(4924) Pause Cleanup 879M->879M(1024M) 0,341ms
[248,516s][info][gc] GC(4924) Concurrent Mark Cycle 367,591ms
[248,530s][info][gc] GC(4931) Pause Young (Prepare Mixed) (G1 Evacuation Pause) 904M->821M(1024M) 4,361ms
[248,561s][info][gc] GC(4932) Pause Young (Mixed) (G1 Evacuation Pause) 864M->776M(1024M) 14,086ms
[248,595s][info][gc] GC(4933) Pause Young (Mixed) (G1 Evacuation Pause) 823M->739M(1024M) 14,415ms
[248,624s][info][gc] GC(4934) Pause Young (Mixed) (G1 Evacuation Pause) 783M->719M(1024M) 11,189ms
[248,700s][info][gc] GC(4935) Pause Young (Normal) (G1 Evacuation Pause) 891M->732M(1024M) 5,283ms
[248,772s][info][gc] GC(4936) Pause Young (Normal) (G1 Evacuation Pause) 893M->745M(1024M) 7,152ms
[248,837s][info][gc] GC(4937) Pause Young (Concurrent Start) (G1 Evacuation Pause) 893M->757M(1024M) 5,729ms
[248,837s][info][gc] GC(4938) Concurrent Mark Cycle
[248,906s][info][gc] GC(4939) Pause Young (Normal) (G1 Evacuation Pause) 896M->769M(1024M) 5,342ms
[248,969s][info][gc] GC(4940) Pause Young (Normal) (G1 Evacuation Pause) 897M->779M(1024M) 5,112ms
[249,028s][info][gc] GC(4941) Pause Young (Normal) (G1 Evacuation Pause) 899M->789M(1024M) 4,869ms
[249,051s][info][gc] GC(4938) Pause Remark 837M->837M(1024M) 0,922ms
[249,083s][info][gc] GC(4942) Pause Young (Normal) (G1 Evacuation Pause) 900M->797M(1024M) 4,974ms
[249,132s][info][gc] GC(4943) Pause Young (Normal) (G1 Evacuation Pause) 901M->806M(1024M) 4,896ms
[249,178s][info][gc] GC(4944) Pause Young (Normal) (G1 Evacuation Pause) 903M->813M(1024M) 4,873ms
[249,206s][info][gc] GC(4938) Pause Cleanup 877M->877M(1024M) 0,322ms
[249,207s][info][gc] GC(4938) Concurrent Mark Cycle 370,347ms
[249,222s][info][gc] GC(4945) Pause Young (Prepare Mixed) (G1 Evacuation Pause) 904M->821M(1024M) 4,328ms
[249,255s][info][gc] GC(4946) Pause Young (Mixed) (G1 Evacuation Pause) 864M->776M(1024M) 14,528ms
[249,289s][info][gc] GC(4947) Pause Young (Mixed) (G1 Evacuation Pause) 823M->740M(1024M) 14,333ms
[249,318s][info][gc] GC(4948) Pause Young (Mixed) (G1 Evacuation Pause) 784M->723M(1024M) 10,354ms
[249,391s][info][gc] GC(4949) Pause Young (Normal) (G1 Evacuation Pause) 891M->735M(1024M) 5,309ms
[249,461s][info][gc] GC(4950) Pause Young (Normal) (G1 Evacuation Pause) 892M->748M(1024M) 7,051ms
[249,526s][info][gc] GC(4951) Pause Young (Concurrent Start) (G1 Evacuation Pause) 895M->760M(1024M) 5,686ms
[249,526s][info][gc] GC(4952) Concurrent Mark Cycle
[249,593s][info][gc] GC(4953) Pause Young (Normal) (G1 Evacuation Pause) 896M->770M(1024M) 5,428ms
[249,656s][info][gc] GC(4954) Pause Young (Normal) (G1 Evacuation Pause) 898M->781M(1024M) 5,071ms
[249,714s][info][gc] GC(4955) Pause Young (Normal) (G1 Evacuation Pause) 899M->790M(1024M) 4,853ms
[249,739s][info][gc] GC(4952) Pause Remark 842M->842M(1024M) 0,770ms
[249,769s][info][gc] GC(4956) Pause Young (Normal) (G1 Evacuation Pause) 900M->799M(1024M) 5,077ms
[249,818s][info][gc] GC(4957) Pause Young (Normal) (G1 Evacuation Pause) 902M->808M(1024M) 4,834ms
[249,864s][info][gc] GC(4958) Pause Young (Normal) (G1 Evacuation Pause) 903M->814M(1024M) 4,617ms
[249,893s][info][gc] GC(4952) Pause Cleanup 882M->882M(1024M) 0,308ms
[249,895s][info][gc] GC(4952) Concurrent Mark Cycle 368,851ms
[249,907s][info][gc] GC(4959) Pause Young (Prepare Mixed) (G1 Evacuation Pause) 903M->822M(1024M) 4,224ms
[249,939s][info][gc] GC(4960) Pause Young (Mixed) (G1 Evacuation Pause) 865M->776M(1024M) 14,065ms
[249,974s][info][gc] GC(4961) Pause Young (Mixed) (G1 Evacuation Pause) 823M->739M(1024M) 14,447ms
[250,004s][info][gc] GC(4962) Pause Young (Mixed) (G1 Evacuation Pause) 783M->720M(1024M) 11,640ms
[250,079s][info][gc] GC(4963) Pause Young (Normal) (G1 Evacuation Pause) 891M->732M(1024M) 5,277ms
[250,150s][info][gc] GC(4964) Pause Young (Normal) (G1 Evacuation Pause) 892M->746M(1024M) 7,257ms
[250,215s][info][gc] GC(4965) Pause Young (Concurrent Start) (G1 Evacuation Pause) 894M->758M(1024M) 5,766ms
[250,215s][info][gc] GC(4966) Concurrent Mark Cycle
[250,283s][info][gc] GC(4967) Pause Young (Normal) (G1 Evacuation Pause) 896M->769M(1024M) 5,429ms
[250,346s][info][gc] GC(4968) Pause Young (Normal) (G1 Evacuation Pause) 898M->779M(1024M) 5,172ms
[250,405s][info][gc] GC(4969) Pause Young (Normal) (G1 Evacuation Pause) 899M->789M(1024M) 4,871ms
[250,428s][info][gc] GC(4966) Pause Remark 837M->837M(1024M) 0,722ms
[250,460s][info][gc] GC(4970) Pause Young (Normal) (G1 Evacuation Pause) 900M->798M(1024M) 4,942ms
[250,509s][info][gc] GC(4971) Pause Young (Normal) (G1 Evacuation Pause) 902M->806M(1024M) 4,991ms
[250,555s][info][gc] GC(4972) Pause Young (Normal) (G1 Evacuation Pause) 903M->814M(1024M) 4,696ms
[250,582s][info][gc] GC(4966) Pause Cleanup 877M->877M(1024M) 0,323ms
[250,583s][info][gc] GC(4966) Concurrent Mark Cycle 368,235ms
[250,598s][info][gc] GC(4973) Pause Young (Prepare Mixed) (G1 Evacuation Pause) 904M->821M(1024M) 4,385ms
[250,631s][info][gc] GC(4974) Pause Young (Mixed) (G1 Evacuation Pause) 864M->777M(1024M) 14,553ms
[250,664s][info][gc] GC(4975) Pause Young (Mixed) (G1 Evacuation Pause) 824M->739M(1024M) 14,425ms
[250,694s][info][gc] GC(4976) Pause Young (Mixed) (G1 Evacuation Pause) 783M->720M(1024M) 11,326ms
[250,769s][info][gc] GC(4977) Pause Young (Normal) (G1 Evacuation Pause) 891M->733M(1024M) 5,159ms
[250,841s][info][gc] GC(4978) Pause Young (Normal) (G1 Evacuation Pause) 893M->746M(1024M) 7,080ms
[250,906s][info][gc] GC(4979) Pause Young (Concurrent Start) (G1 Evacuation Pause) 894M->758M(1024M) 5,759ms
[250,906s][info][gc] GC(4980) Concurrent Mark Cycle
[250,974s][info][gc] GC(4981) Pause Young (Normal) (G1 Evacuation Pause) 896M->769M(1024M) 5,477ms
[251,037s][info][gc] GC(4982) Pause Young (Normal) (G1 Evacuation Pause) 897M->779M(1024M) 5,159ms
[251,097s][info][gc] GC(4983) Pause Young (Normal) (G1 Evacuation Pause) 899M->788M(1024M) 4,834ms
[251,119s][info][gc] GC(4980) Pause Remark 836M->836M(1024M) 0,692ms
[251,151s][info][gc] GC(4984) Pause Young (Normal) (G1 Evacuation Pause) 899M->797M(1024M) 5,001ms
[251,201s][info][gc] GC(4985) Pause Young (Normal) (G1 Evacuation Pause) 901M->806M(1024M) 4,999ms
[251,247s][info][gc] GC(4986) Pause Young (Normal) (G1 Evacuation Pause) 903M->813M(1024M) 4,685ms
[251,273s][info][gc] GC(4980) Pause Cleanup 875M->875M(1024M) 0,320ms
[251,275s][info][gc] GC(4980) Concurrent Mark Cycle 368,180ms
[251,290s][info][gc] GC(4987) Pause Young (Prepare Mixed) (G1 Evacuation Pause) 904M->821M(1024M) 4,375ms
[251,323s][info][gc] GC(4988) Pause Young (Mixed) (G1 Evacuation Pause) 864M->775M(1024M) 14,335ms
[251,357s][info][gc] GC(4989) Pause Young (Mixed) (G1 Evacuation Pause) 822M->739M(1024M) 14,593ms
[251,386s][info][gc] GC(4990) Pause Young (Mixed) (G1 Evacuation Pause) 783M->722M(1024M) 10,283ms
[251,461s][info][gc] GC(4991) Pause Young (Normal) (G1 Evacuation Pause) 891M->735M(1024M) 5,226ms
[251,532s][info][gc] GC(4992) Pause Young (Normal) (G1 Evacuation Pause) 893M->748M(1024M) 6,935ms
[251,596s][info][gc] GC(4993) Pause Young (Concurrent Start) (G1 Evacuation Pause) 894M->760M(1024M) 5,709ms
[251,596s][info][gc] GC(4994) Concurrent Mark Cycle
[251,663s][info][gc] GC(4995) Pause Young (Normal) (G1 Evacuation Pause) 896M->770M(1024M) 5,252ms
[251,726s][info][gc] GC(4996) Pause Young (Normal) (G1 Evacuation Pause) 898M->781M(1024M) 5,199ms
[251,784s][info][gc] GC(4997) Pause Young (Normal) (G1 Evacuation Pause) 899M->790M(1024M) 4,948ms
[251,809s][info][gc] GC(4994) Pause Remark 842M->842M(1024M) 0,802ms
[251,839s][info][gc] GC(4998) Pause Young (Normal) (G1 Evacuation Pause) 900M->799M(1024M) 5,038ms
[251,888s][info][gc] GC(4999) Pause Young (Normal) (G1 Evacuation Pause) 902M->808M(1024M) 4,867ms
[251,934s][info][gc] GC(5000) Pause Young (Normal) (G1 Evacuation Pause) 903M->815M(1024M) 4,503ms
[251,965s][info][gc] GC(4994) Pause Cleanup 885M->885M(1024M) 0,314ms
[251,966s][info][gc] GC(4994) Concurrent Mark Cycle 369,987ms
[251,977s][info][gc] GC(5001) Pause Young (Prepare Mixed) (G1 Evacuation Pause) 904M->822M(1024M) 4,178ms
[252,010s][info][gc] GC(5002) Pause Young (Mixed) (G1 Evacuation Pause) 865M->777M(1024M) 14,606ms
[252,044s][info][gc] GC(5003) Pause Young (Mixed) (G1 Evacuation Pause) 824M->740M(1024M) 14,344ms
[252,074s][info][gc] GC(5004) Pause Young (Mixed) (G1 Evacuation Pause) 784M->720M(1024M) 11,945ms
[252,149s][info][gc] GC(5005) Pause Young (Normal) (G1 Evacuation Pause) 891M->732M(1024M) 5,225ms
[252,222s][info][gc] GC(5006) Pause Young (Normal) (G1 Evacuation Pause) 892M->746M(1024M) 7,057ms
[252,286s][info][gc] GC(5007) Pause Young (Concurrent Start) (G1 Evacuation Pause) 894M->757M(1024M) 5,790ms
[252,286s][info][gc] GC(5008) Concurrent Mark Cycle
[252,354s][info][gc] GC(5009) Pause Young (Normal) (G1 Evacuation Pause) 895M->768M(1024M) 5,392ms
[252,418s][info][gc] GC(5010) Pause Young (Normal) (G1 Evacuation Pause) 897M->779M(1024M) 5,074ms
[252,477s][info][gc] GC(5011) Pause Young (Normal) (G1 Evacuation Pause) 899M->787M(1024M) 4,947ms
[252,499s][info][gc] GC(5008) Pause Remark 834M->834M(1024M) 0,957ms
[252,532s][info][gc] GC(5012) Pause Young (Normal) (G1 Evacuation Pause) 899M->797M(1024M) 5,024ms
[252,581s][info][gc] GC(5013) Pause Young (Normal) (G1 Evacuation Pause) 901M->805M(1024M) 4,960ms
[252,627s][info][gc] GC(5014) Pause Young (Normal) (G1 Evacuation Pause) 902M->813M(1024M) 4,632ms
[252,652s][info][gc] GC(5008) Pause Cleanup 871M->871M(1024M) 0,357ms
[252,653s][info][gc] GC(5008) Concurrent Mark Cycle 367,203ms
[252,671s][info][gc] GC(5015) Pause Young (Prepare Mixed) (G1 Evacuation Pause) 904M->821M(1024M) 4,460ms
[252,703s][info][gc] GC(5016) Pause Young (Mixed) (G1 Evacuation Pause) 864M->776M(1024M) 14,332ms
[252,737s][info][gc] GC(5017) Pause Young (Mixed) (G1 Evacuation Pause) 823M->739M(1024M) 14,279ms
[252,766s][info][gc] GC(5018) Pause Young (Mixed) (G1 Evacuation Pause) 783M->720M(1024M) 10,970ms
[252,841s][info][gc] GC(5019) Pause Young (Normal) (G1 Evacuation Pause) 891M->733M(1024M) 5,154ms
[252,912s][info][gc] GC(5020) Pause Young (Normal) (G1 Evacuation Pause) 893M->746M(1024M) 7,239ms
[252,977s][info][gc] GC(5021) Pause Young (Concurrent Start) (G1 Evacuation Pause) 894M->758M(1024M) 5,717ms
[252,977s][info][gc] GC(5022) Concurrent Mark Cycle
[253,045s][info][gc] GC(5023) Pause Young (Normal) (G1 Evacuation Pause) 896M->769M(1024M) 5,316ms
[253,108s][info][gc] GC(5024) Pause Young (Normal) (G1 Evacuation Pause) 897M->780M(1024M) 5,108ms
[253,166s][info][gc] GC(5025) Pause Young (Normal) (G1 Evacuation Pause) 899M->788M(1024M) 4,830ms
[253,189s][info][gc] GC(5022) Pause Remark 838M->838M(1024M) 0,813ms
[253,221s][info][gc] GC(5026) Pause Young (Normal) (G1 Evacuation Pause) 899M->797M(1024M) 4,973ms
[253,270s][info][gc] GC(5027) Pause Young (Normal) (G1 Evacuation Pause) 901M->806M(1024M) 4,974ms
[253,316s][info][gc] GC(5028) Pause Young (Normal) (G1 Evacuation Pause) 903M->814M(1024M) 4,846ms
[253,343s][info][gc] GC(5022) Pause Cleanup 877M->877M(1024M) 0,340ms
[253,345s][info][gc] GC(5022) Concurrent Mark Cycle 367,654ms
[253,359s][info][gc] GC(5029) Pause Young (Prepare Mixed) (G1 Evacuation Pause) 904M->821M(1024M) 4,430ms
[253,391s][info][gc] GC(5030) Pause Young (Mixed) (G1 Evacuation Pause) 864M->776M(1024M) 14,574ms
[253,424s][info][gc] GC(5031) Pause Young (Mixed) (G1 Evacuation Pause) 823M->740M(1024M) 14,179ms
[253,454s][info][gc] GC(5032) Pause Young (Mixed) (G1 Evacuation Pause) 784M->721M(1024M) 10,754ms
[253,529s][info][gc] GC(5033) Pause Young (Normal) (G1 Evacuation Pause) 891M->733M(1024M) 5,201ms
[253,600s][info][gc] GC(5034) Pause Young (Normal) (G1 Evacuation Pause) 892M->747M(1024M) 7,073ms
[253,666s][info][gc] GC(5035) Pause Young (Concurrent Start) (G1 Evacuation Pause) 895M->758M(1024M) 5,867ms
[253,666s][info][gc] GC(5036) Concurrent Mark Cycle
[253,733s][info][gc] GC(5037) Pause Young (Normal) (G1 Evacuation Pause) 895M->769M(1024M) 5,374ms
[253,797s][info][gc] GC(5038) Pause Young (Normal) (G1 Evacuation Pause) 898M->780M(1024M) 5,053ms
[253,856s][info][gc] GC(5039) Pause Young (Normal) (G1 Evacuation Pause) 899M->789M(1024M) 4,803ms
[253,879s][info][gc] GC(5036) Pause Remark 839M->839M(1024M) 0,827ms
[253,910s][info][gc] GC(5040) Pause Young (Normal) (G1 Evacuation Pause) 900M->798M(1024M) 5,013ms
[253,960s][info][gc] GC(5041) Pause Young (Normal) (G1 Evacuation Pause) 902M->806M(1024M) 4,910ms
[254,006s][info][gc] GC(5042) Pause Young (Normal) (G1 Evacuation Pause) 903M->814M(1024M) 4,814ms
[254,034s][info][gc] GC(5036) Pause Cleanup 880M->880M(1024M) 0,322ms
[254,035s][info][gc] GC(5036) Concurrent Mark Cycle 369,539ms
[254,049s][info][gc] GC(5043) Pause Young (Prepare Mixed) (G1 Evacuation Pause) 904M->821M(1024M) 4,464ms
[254,081s][info][gc] GC(5044) Pause Young (Mixed) (G1 Evacuation Pause) 864M->776M(1024M) 13,995ms
[254,115s][info][gc] GC(5045) Pause Young (Mixed) (G1 Evacuation Pause) 823M->739M(1024M) 14,714ms
[254,145s][info][gc] GC(5046) Pause Young (Mixed) (G1 Evacuation Pause) 783M->721M(1024M) 11,052ms
[254,220s][info][gc] GC(5047) Pause Young (Normal) (G1 Evacuation Pause) 891M->734M(1024M) 5,276ms
[254,290s][info][gc] GC(5048) Pause Young (Normal) (G1 Evacuation Pause) 893M->747M(1024M) 7,035ms
[254,355s][info][gc] GC(5049) Pause Young (Concurrent Start) (G1 Evacuation Pause) 894M->759M(1024M) 5,643ms
[254,355s][info][gc] GC(5050) Concurrent Mark Cycle
[254,421s][info][gc] GC(5051) Pause Young (Normal) (G1 Evacuation Pause) 895M->770M(1024M) 5,337ms
[254,484s][info][gc] GC(5052) Pause Young (Normal) (G1 Evacuation Pause) 897M->781M(1024M) 5,014ms
[254,542s][info][gc] GC(5053) Pause Young (Normal) (G1 Evacuation Pause) 899M->790M(1024M) 4,814ms
[254,567s][info][gc] GC(5050) Pause Remark 845M->845M(1024M) 0,829ms
[254,597s][info][gc] GC(5054) Pause Young (Normal) (G1 Evacuation Pause) 901M->799M(1024M) 4,912ms
[254,645s][info][gc] GC(5055) Pause Young (Normal) (G1 Evacuation Pause) 902M->807M(1024M) 4,780ms
[254,690s][info][gc] GC(5056) Pause Young (Normal) (G1 Evacuation Pause) 902M->815M(1024M) 4,728ms
[254,720s][info][gc] GC(5050) Pause Cleanup 885M->885M(1024M) 0,356ms
[254,722s][info][gc] GC(5050) Concurrent Mark Cycle 366,903ms
[254,733s][info][gc] GC(5057) Pause Young (Prepare Mixed) (G1 Evacuation Pause) 904M->822M(1024M) 4,499ms
[254,765s][info][gc] GC(5058) Pause Young (Mixed) (G1 Evacuation Pause) 865M->776M(1024M) 14,455ms
[254,799s][info][gc] GC(5059) Pause Young (Mixed) (G1 Evacuation Pause) 823M->741M(1024M) 14,378ms
[254,828s][info][gc] GC(5060) Pause Young (Mixed) (G1 Evacuation Pause) 785M->722M(1024M) 11,175ms
[254,903s][info][gc] GC(5061) Pause Young (Normal) (G1 Evacuation Pause) 891M->735M(1024M) 5,218ms
[254,973s][info][gc] GC(5062) Pause Young (Normal) (G1 Evacuation Pause) 893M->748M(1024M) 7,042ms
[255,037s][info][gc] GC(5063) Pause Young (Concurrent Start) (G1 Evacuation Pause) 895M->759M(1024M) 5,659ms
[255,038s][info][gc] GC(5064) Concurrent Mark Cycle
[255,104s][info][gc] GC(5065) Pause Young (Normal) (G1 Evacuation Pause) 895M->770M(1024M) 5,407ms
[255,167s][info][gc] GC(5066) Pause Young (Normal) (G1 Evacuation Pause) 898M->781M(1024M) 4,985ms
[255,225s][info][gc] GC(5067) Pause Young (Normal) (G1 Evacuation Pause) 899M->790M(1024M) 4,904ms
[255,251s][info][gc] GC(5064) Pause Remark 845M->845M(1024M) 0,822ms
[255,280s][info][gc] GC(5068) Pause Young (Normal) (G1 Evacuation Pause) 900M->799M(1024M) 5,015ms
[255,328s][info][gc] GC(5069) Pause Young (Normal) (G1 Evacuation Pause) 902M->807M(1024M) 4,821ms
[255,374s][info][gc] GC(5070) Pause Young (Normal) (G1 Evacuation Pause) 903M->815M(1024M) 4,716ms
[255,405s][info][gc] GC(5064) Pause Cleanup 889M->889M(1024M) 0,383ms
[255,406s][info][gc] GC(5064) Concurrent Mark Cycle 368,793ms
[255,416s][info][gc] GC(5071) Pause Young (Prepare Mixed) (G1 Evacuation Pause) 904M->822M(1024M) 4,360ms
[255,449s][info][gc] GC(5072) Pause Young (Mixed) (G1 Evacuation Pause) 865M->776M(1024M) 14,170ms
[255,483s][info][gc] GC(5073) Pause Young (Mixed) (G1 Evacuation Pause) 823M->740M(1024M) 14,646ms
[255,513s][info][gc] GC(5074) Pause Young (Mixed) (G1 Evacuation Pause) 784M->720M(1024M) 10,861ms
[255,588s][info][gc] GC(5075) Pause Young (Normal) (G1 Evacuation Pause) 891M->733M(1024M) 5,116ms
[255,660s][info][gc] GC(5076) Pause Young (Normal) (G1 Evacuation Pause) 893M->746M(1024M) 7,192ms
[255,726s][info][gc] GC(5077) Pause Young (Concurrent Start) (G1 Evacuation Pause) 894M->758M(1024M) 5,739ms
[255,726s][info][gc] GC(5078) Concurrent Mark Cycle
[255,793s][info][gc] GC(5079) Pause Young (Normal) (G1 Evacuation Pause) 895M->769M(1024M) 5,423ms
[255,857s][info][gc] GC(5080) Pause Young (Normal) (G1 Evacuation Pause) 898M->780M(1024M) 5,076ms
[255,916s][info][gc] GC(5081) Pause Young (Normal) (G1 Evacuation Pause) 899M->789M(1024M) 4,793ms
[255,940s][info][gc] GC(5078) Pause Remark 839M->839M(1024M) 0,756ms
[255,971s][info][gc] GC(5082) Pause Young (Normal) (G1 Evacuation Pause) 900M->799M(1024M) 5,028ms
[256,020s][info][gc] GC(5083) Pause Young (Normal) (G1 Evacuation Pause) 902M->807M(1024M) 4,641ms
[256,066s][info][gc] GC(5084) Pause Young (Normal) (G1 Evacuation Pause) 903M->814M(1024M) 4,590ms
[256,094s][info][gc] GC(5078) Pause Cleanup 879M->879M(1024M) 0,327ms
[256,096s][info][gc] GC(5078) Concurrent Mark Cycle 369,674ms
[256,110s][info][gc] GC(5085) Pause Young (Prepare Mixed) (G1 Evacuation Pause) 904M->821M(1024M) 4,433ms
[256,143s][info][gc] GC(5086) Pause Young (Mixed) (G1 Evacuation Pause) 864M->776M(1024M) 14,425ms
[256,177s][info][gc] GC(5087) Pause Young (Mixed) (G1 Evacuation Pause) 823M->739M(1024M) 14,670ms
[256,207s][info][gc] GC(5088) Pause Young (Mixed) (G1 Evacuation Pause) 783M->720M(1024M) 10,883ms
[256,284s][info][gc] GC(5089) Pause Young (Normal) (G1 Evacuation Pause) 891M->733M(1024M) 5,145ms
[256,355s][info][gc] GC(5090) Pause Young (Normal) (G1 Evacuation Pause) 893M->746M(1024M) 6,949ms
[256,419s][info][gc] GC(5091) Pause Young (Concurrent Start) (G1 Evacuation Pause) 894M->758M(1024M) 5,671ms
[256,419s][info][gc] GC(5092) Concurrent Mark Cycle
[256,487s][info][gc] GC(5093) Pause Young (Normal) (G1 Evacuation Pause) 896M->769M(1024M) 5,486ms
[256,551s][info][gc] GC(5094) Pause Young (Normal) (G1 Evacuation Pause) 898M->779M(1024M) 5,068ms
[256,610s][info][gc] GC(5095) Pause Young (Normal) (G1 Evacuation Pause) 899M->788M(1024M) 4,856ms
[256,633s][info][gc] GC(5092) Pause Remark 836M->836M(1024M) 0,776ms
[256,666s][info][gc] GC(5096) Pause Young (Normal) (G1 Evacuation Pause) 899M->797M(1024M) 5,150ms
[256,715s][info][gc] GC(5097) Pause Young (Normal) (G1 Evacuation Pause) 901M->806M(1024M) 4,778ms
[256,762s][info][gc] GC(5098) Pause Young (Normal) (G1 Evacuation Pause) 903M->813M(1024M) 4,747ms
[256,788s][info][gc] GC(5092) Pause Cleanup 874M->874M(1024M) 0,327ms
[256,789s][info][gc] GC(5092) Concurrent Mark Cycle 370,094ms
[256,806s][info][gc] GC(5099) Pause Young (Prepare Mixed) (G1 Evacuation Pause) 904M->821M(1024M) 4,400ms
[256,839s][info][gc] GC(5100) Pause Young (Mixed) (G1 Evacuation Pause) 864M->775M(1024M) 14,634ms
[256,873s][info][gc] GC(5101) Pause Young (Mixed) (G1 Evacuation Pause) 822M->739M(1024M) 14,105ms
[256,902s][info][gc] GC(5102) Pause Young (Mixed) (G1 Evacuation Pause) 783M->722M(1024M) 11,002ms
[256,982s][info][gc] GC(5103) Pause Young (Normal) (G1 Evacuation Pause) 891M->734M(1024M) 5,316ms
[257,062s][info][gc] GC(5104) Pause Young (Normal) (G1 Evacuation Pause) 892M->747M(1024M) 7,025ms
[257,134s][info][gc] GC(5105) Pause Young (Concurrent Start) (G1 Evacuation Pause) 895M->760M(1024M) 5,844ms
[257,134s][info][gc] GC(5106) Concurrent Mark Cycle
[257,210s][info][gc] GC(5107) Pause Young (Normal) (G1 Evacuation Pause) 896M->770M(1024M) 5,702ms
[257,283s][info][gc] GC(5108) Pause Young (Normal) (G1 Evacuation Pause) 898M->781M(1024M) 5,330ms
[257,348s][info][gc] GC(5109) Pause Young (Normal) (G1 Evacuation Pause) 899M->790M(1024M) 4,710ms
[257,373s][info][gc] GC(5106) Pause Remark 841M->841M(1024M) 0,462ms
[257,404s][info][gc] GC(5110) Pause Young (Normal) (G1 Evacuation Pause) 900M->799M(1024M) 4,715ms
[257,455s][info][gc] GC(5111) Pause Young (Normal) (G1 Evacuation Pause) 902M->807M(1024M) 4,568ms
[257,502s][info][gc] GC(5112) Pause Young (Normal) (G1 Evacuation Pause) 902M->815M(1024M) 4,332ms
[257,531s][info][gc] GC(5106) Pause Cleanup 875M->875M(1024M) 0,300ms
[257,533s][info][gc] GC(5106) Concurrent Mark Cycle 398,757ms
[257,549s][info][gc] GC(5113) Pause Young (Prepare Mixed) (G1 Evacuation Pause) 904M->822M(1024M) 4,018ms
[257,582s][info][gc] GC(5114) Pause Young (Mixed) (G1 Evacuation Pause) 865M->776M(1024M) 14,386ms
[257,617s][info][gc] GC(5115) Pause Young (Mixed) (G1 Evacuation Pause) 823M->740M(1024M) 14,345ms
[257,648s][info][gc] GC(5116) Pause Young (Mixed) (G1 Evacuation Pause) 784M->721M(1024M) 11,121ms
[257,728s][info][gc] GC(5117) Pause Young (Normal) (G1 Evacuation Pause) 891M->733M(1024M) 5,107ms
[257,803s][info][gc] GC(5118) Pause Young (Normal) (G1 Evacuation Pause) 892M->746M(1024M) 6,872ms
[257,869s][info][gc] GC(5119) Pause Young (Concurrent Start) (G1 Evacuation Pause) 894M->758M(1024M) 5,679ms
[257,869s][info][gc] GC(5120) Concurrent Mark Cycle
[257,940s][info][gc] GC(5121) Pause Young (Normal) (G1 Evacuation Pause) 895M->769M(1024M) 7,095ms
[258,012s][info][gc] GC(5122) Pause Young (Normal) (G1 Evacuation Pause) 898M->779M(1024M) 4,964ms
[258,073s][info][gc] GC(5123) Pause Young (Normal) (G1 Evacuation Pause) 898M->789M(1024M) 4,505ms
[258,096s][info][gc] GC(5120) Pause Remark 837M->837M(1024M) 0,641ms
[258,129s][info][gc] GC(5124) Pause Young (Normal) (G1 Evacuation Pause) 900M->798M(1024M) 4,986ms
[258,178s][info][gc] GC(5125) Pause Young (Normal) (G1 Evacuation Pause) 901M->807M(1024M) 4,804ms
[258,224s][info][gc] GC(5126) Pause Young (Normal) (G1 Evacuation Pause) 903M->814M(1024M) 4,791ms
[258,251s][info][gc] GC(5120) Pause Cleanup 876M->876M(1024M) 0,354ms
[258,252s][info][gc] GC(5120) Concurrent Mark Cycle 383,682ms
[258,267s][info][gc] GC(5127) Pause Young (Prepare Mixed) (G1 Evacuation Pause) 904M->821M(1024M) 4,398ms
[258,299s][info][gc] GC(5128) Pause Young (Mixed) (G1 Evacuation Pause) 864M->776M(1024M) 14,478ms
[258,333s][info][gc] GC(5129) Pause Young (Mixed) (G1 Evacuation Pause) 822M->739M(1024M) 14,249ms
[258,362s][info][gc] GC(5130) Pause Young (Mixed) (G1 Evacuation Pause) 783M->721M(1024M) 10,849ms
[258,438s][info][gc] GC(5131) Pause Young (Normal) (G1 Evacuation Pause) 891M->734M(1024M) 5,164ms
[258,510s][info][gc] GC(5132) Pause Young (Normal) (G1 Evacuation Pause) 893M->747M(1024M) 7,148ms
[258,575s][info][gc] GC(5133) Pause Young (Concurrent Start) (G1 Evacuation Pause) 894M->758M(1024M) 5,777ms
[258,575s][info][gc] GC(5134) Concurrent Mark Cycle
[258,644s][info][gc] GC(5135) Pause Young (Normal) (G1 Evacuation Pause) 896M->770M(1024M) 5,335ms
[258,707s][info][gc] GC(5136) Pause Young (Normal) (G1 Evacuation Pause) 898M->780M(1024M) 5,130ms
[258,765s][info][gc] GC(5137) Pause Young (Normal) (G1 Evacuation Pause) 899M->789M(1024M) 4,874ms
[258,788s][info][gc] GC(5134) Pause Remark 840M->840M(1024M) 0,796ms
[258,819s][info][gc] GC(5138) Pause Young (Normal) (G1 Evacuation Pause) 900M->798M(1024M) 5,041ms
[258,869s][info][gc] GC(5139) Pause Young (Normal) (G1 Evacuation Pause) 902M->807M(1024M) 4,999ms
[258,914s][info][gc] GC(5140) Pause Young (Normal) (G1 Evacuation Pause) 903M->814M(1024M) 4,666ms
[258,943s][info][gc] GC(5134) Pause Cleanup 882M->882M(1024M) 0,369ms
[258,944s][info][gc] GC(5134) Concurrent Mark Cycle 369,008ms
[258,958s][info][gc] GC(5141) Pause Young (Prepare Mixed) (G1 Evacuation Pause) 904M->822M(1024M) 4,482ms
[258,990s][info][gc] GC(5142) Pause Young (Mixed) (G1 Evacuation Pause) 865M->776M(1024M) 14,319ms
[259,024s][info][gc] GC(5143) Pause Young (Mixed) (G1 Evacuation Pause) 823M->740M(1024M) 14,302ms
[259,054s][info][gc] GC(5144) Pause Young (Mixed) (G1 Evacuation Pause) 784M->721M(1024M) 11,468ms
[259,131s][info][gc] GC(5145) Pause Young (Normal) (G1 Evacuation Pause) 891M->734M(1024M) 5,125ms
[259,203s][info][gc] GC(5146) Pause Young (Normal) (G1 Evacuation Pause) 893M->747M(1024M) 7,279ms
[259,269s][info][gc] GC(5147) Pause Young (Concurrent Start) (G1 Evacuation Pause) 895M->760M(1024M) 5,666ms
[259,269s][info][gc] GC(5148) Concurrent Mark Cycle
[259,336s][info][gc] GC(5149) Pause Young (Normal) (G1 Evacuation Pause) 896M->770M(1024M) 5,383ms
[259,399s][info][gc] GC(5150) Pause Young (Normal) (G1 Evacuation Pause) 898M->781M(1024M) 5,109ms
[259,457s][info][gc] GC(5151) Pause Young (Normal) (G1 Evacuation Pause) 899M->790M(1024M) 4,818ms
[259,481s][info][gc] GC(5148) Pause Remark 841M->841M(1024M) 0,927ms
[259,512s][info][gc] GC(5152) Pause Young (Normal) (G1 Evacuation Pause) 901M->799M(1024M) 5,048ms
[259,561s][info][gc] GC(5153) Pause Young (Normal) (G1 Evacuation Pause) 901M->807M(1024M) 4,839ms
[259,606s][info][gc] GC(5154) Pause Young (Normal) (G1 Evacuation Pause) 902M->814M(1024M) 4,745ms
[259,635s][info][gc] GC(5148) Pause Cleanup 882M->882M(1024M) 0,355ms
[259,636s][info][gc] GC(5148) Concurrent Mark Cycle 367,474ms
[259,649s][info][gc] GC(5155) Pause Young (Prepare Mixed) (G1 Evacuation Pause) 904M->822M(1024M) 4,347ms
[259,681s][info][gc] GC(5156) Pause Young (Mixed) (G1 Evacuation Pause) 865M->775M(1024M) 14,098ms
[259,716s][info][gc] GC(5157) Pause Young (Mixed) (G1 Evacuation Pause) 822M->739M(1024M) 14,438ms
[259,744s][info][gc] GC(5158) Pause Young (Mixed) (G1 Evacuation Pause) 783M->722M(1024M) 10,772ms
[259,819s][info][gc] GC(5159) Pause Young (Normal) (G1 Evacuation Pause) 891M->734M(1024M) 5,357ms
[259,889s][info][gc] GC(5160) Pause Young (Normal) (G1 Evacuation Pause) 892M->748M(1024M) 7,065ms
[259,953s][info][gc] GC(5161) Pause Young (Concurrent Start) (G1 Evacuation Pause) 895M->760M(1024M) 5,724ms
[259,953s][info][gc] GC(5162) Concurrent Mark Cycle
[260,020s][info][gc] GC(5163) Pause Young (Normal) (G1 Evacuation Pause) 896M->770M(1024M) 5,337ms
[260,083s][info][gc] GC(5164) Pause Young (Normal) (G1 Evacuation Pause) 897M->781M(1024M) 5,070ms
[260,141s][info][gc] GC(5165) Pause Young (Normal) (G1 Evacuation Pause) 899M->790M(1024M) 4,778ms
[260,166s][info][gc] GC(5162) Pause Remark 842M->842M(1024M) 0,924ms
[260,196s][info][gc] GC(5166) Pause Young (Normal) (G1 Evacuation Pause) 901M->799M(1024M) 5,125ms
[260,245s][info][gc] GC(5167) Pause Young (Normal) (G1 Evacuation Pause) 902M->808M(1024M) 4,893ms
[260,290s][info][gc] GC(5168) Pause Young (Normal) (G1 Evacuation Pause) 903M->815M(1024M) 4,705ms
[260,320s][info][gc] GC(5162) Pause Cleanup 884M->884M(1024M) 0,343ms
[260,321s][info][gc] GC(5162) Concurrent Mark Cycle 368,199ms
[260,333s][info][gc] GC(5169) Pause Young (Prepare Mixed) (G1 Evacuation Pause) 904M->822M(1024M) 4,458ms
[260,365s][info][gc] GC(5170) Pause Young (Mixed) (G1 Evacuation Pause) 865M->776M(1024M) 14,351ms
[260,399s][info][gc] GC(5171) Pause Young (Mixed) (G1 Evacuation Pause) 823M->739M(1024M) 14,408ms
[260,428s][info][gc] GC(5172) Pause Young (Mixed) (G1 Evacuation Pause) 783M->721M(1024M) 10,716ms
[260,503s][info][gc] GC(5173) Pause Young (Normal) (G1 Evacuation Pause) 891M->733M(1024M) 5,072ms
[260,574s][info][gc] GC(5174) Pause Young (Normal) (G1 Evacuation Pause) 892M->747M(1024M) 7,178ms
[260,639s][info][gc] GC(5175) Pause Young (Concurrent Start) (G1 Evacuation Pause) 895M->758M(1024M) 5,651ms
[260,639s][info][gc] GC(5176) Concurrent Mark Cycle
[260,706s][info][gc] GC(5177) Pause Young (Normal) (G1 Evacuation Pause) 895M->769M(1024M) 5,471ms
[260,770s][info][gc] GC(5178) Pause Young (Normal) (G1 Evacuation Pause) 898M->779M(1024M) 5,054ms
[260,829s][info][gc] GC(5179) Pause Young (Normal) (G1 Evacuation Pause) 898M->789M(1024M) 4,885ms
[260,852s][info][gc] GC(5176) Pause Remark 839M->839M(1024M) 0,811ms
[260,885s][info][gc] GC(5180) Pause Young (Normal) (G1 Evacuation Pause) 900M->798M(1024M) 5,078ms
[260,934s][info][gc] GC(5181) Pause Young (Normal) (G1 Evacuation Pause) 902M->806M(1024M) 4,695ms
[260,981s][info][gc] GC(5182) Pause Young (Normal) (G1 Evacuation Pause) 903M->813M(1024M) 4,643ms
[261,009s][info][gc] GC(5176) Pause Cleanup 877M->877M(1024M) 0,289ms
[261,010s][info][gc] GC(5176) Concurrent Mark Cycle 370,890ms
[261,025s][info][gc] GC(5183) Pause Young (Prepare Mixed) (G1 Evacuation Pause) 904M->821M(1024M) 4,371ms
[261,057s][info][gc] GC(5184) Pause Young (Mixed) (G1 Evacuation Pause) 864M->775M(1024M) 14,398ms
[261,092s][info][gc] GC(5185) Pause Young (Mixed) (G1 Evacuation Pause) 822M->738M(1024M) 14,300ms
[261,121s][info][gc] GC(5186) Pause Young (Mixed) (G1 Evacuation Pause) 782M->720M(1024M) 10,779ms
[261,196s][info][gc] GC(5187) Pause Young (Normal) (G1 Evacuation Pause) 891M->733M(1024M) 5,213ms
[261,268s][info][gc] GC(5188) Pause Young (Normal) (G1 Evacuation Pause) 893M->746M(1024M) 7,084ms
[261,333s][info][gc] GC(5189) Pause Young (Concurrent Start) (G1 Evacuation Pause) 894M->758M(1024M) 5,893ms
[261,334s][info][gc] GC(5190) Concurrent Mark Cycle
[261,401s][info][gc] GC(5191) Pause Young (Normal) (G1 Evacuation Pause) 896M->769M(1024M) 5,445ms
[261,466s][info][gc] GC(5192) Pause Young (Normal) (G1 Evacuation Pause) 898M->779M(1024M) 5,179ms
[261,525s][info][gc] GC(5193) Pause Young (Normal) (G1 Evacuation Pause) 899M->788M(1024M) 4,778ms
[261,547s][info][gc] GC(5190) Pause Remark 836M->836M(1024M) 0,756ms
[261,579s][info][gc] GC(5194) Pause Young (Normal) (G1 Evacuation Pause) 899M->798M(1024M) 5,076ms
[261,629s][info][gc] GC(5195) Pause Young (Normal) (G1 Evacuation Pause) 902M->806M(1024M) 4,890ms
[261,675s][info][gc] GC(5196) Pause Young (Normal) (G1 Evacuation Pause) 903M->814M(1024M) 4,815ms
[261,701s][info][gc] GC(5190) Pause Cleanup 875M->875M(1024M) 0,330ms
[261,702s][info][gc] GC(5190) Concurrent Mark Cycle 368,634ms
[261,718s][info][gc] GC(5197) Pause Young (Prepare Mixed) (G1 Evacuation Pause) 904M->821M(1024M) 4,421ms
[261,750s][info][gc] GC(5198) Pause Young (Mixed) (G1 Evacuation Pause) 864M->776M(1024M) 14,588ms
[261,785s][info][gc] GC(5199) Pause Young (Mixed) (G1 Evacuation Pause) 823M->739M(1024M) 14,339ms
[261,814s][info][gc] GC(5200) Pause Young (Mixed) (G1 Evacuation Pause) 783M->721M(1024M) 10,957ms
[261,889s][info][gc] GC(5201) Pause Young (Normal) (G1 Evacuation Pause) 891M->734M(1024M) 5,197ms
[261,961s][info][gc] GC(5202) Pause Young (Normal) (G1 Evacuation Pause) 893M->747M(1024M) 7,089ms
[262,027s][info][gc] GC(5203) Pause Young (Concurrent Start) (G1 Evacuation Pause) 895M->759M(1024M) 5,665ms
[262,027s][info][gc] GC(5204) Concurrent Mark Cycle
[262,094s][info][gc] GC(5205) Pause Young (Normal) (G1 Evacuation Pause) 895M->770M(1024M) 5,386ms
[262,158s][info][gc] GC(5206) Pause Young (Normal) (G1 Evacuation Pause) 898M->780M(1024M) 5,059ms
[262,216s][info][gc] GC(5207) Pause Young (Normal) (G1 Evacuation Pause) 898M->790M(1024M) 4,888ms
[262,242s][info][gc] GC(5204) Pause Remark 846M->846M(1024M) 0,940ms
[262,271s][info][gc] GC(5208) Pause Young (Normal) (G1 Evacuation Pause) 901M->799M(1024M) 4,981ms
[262,319s][info][gc] GC(5209) Pause Young (Normal) (G1 Evacuation Pause) 902M->807M(1024M) 4,894ms
[262,365s][info][gc] GC(5210) Pause Young (Normal) (G1 Evacuation Pause) 902M->815M(1024M) 4,665ms
[262,397s][info][gc] GC(5204) Pause Cleanup 889M->889M(1024M) 0,374ms
[262,398s][info][gc] GC(5204) Concurrent Mark Cycle 370,358ms
[262,407s][info][gc] GC(5211) Pause Young (Prepare Mixed) (G1 Evacuation Pause) 904M->822M(1024M) 4,346ms
[262,440s][info][gc] GC(5212) Pause Young (Mixed) (G1 Evacuation Pause) 865M->776M(1024M) 14,298ms
[262,474s][info][gc] GC(5213) Pause Young (Mixed) (G1 Evacuation Pause) 823M->741M(1024M) 14,191ms
[262,504s][info][gc] GC(5214) Pause Young (Mixed) (G1 Evacuation Pause) 785M->721M(1024M) 11,272ms
[262,579s][info][gc] GC(5215) Pause Young (Normal) (G1 Evacuation Pause) 891M->734M(1024M) 5,270ms
[262,650s][info][gc] GC(5216) Pause Young (Normal) (G1 Evacuation Pause) 893M->747M(1024M) 7,032ms
[262,715s][info][gc] GC(5217) Pause Young (Concurrent Start) (G1 Evacuation Pause) 895M->759M(1024M) 5,890ms
[262,715s][info][gc] GC(5218) Concurrent Mark Cycle
[262,782s][info][gc] GC(5219) Pause Young (Normal) (G1 Evacuation Pause) 895M->770M(1024M) 5,305ms
[262,846s][info][gc] GC(5220) Pause Young (Normal) (G1 Evacuation Pause) 898M->780M(1024M) 5,037ms
[262,904s][info][gc] GC(5221) Pause Young (Normal) (G1 Evacuation Pause) 898M->789M(1024M) 4,795ms
[262,929s][info][gc] GC(5218) Pause Remark 842M->842M(1024M) 0,791ms
[262,959s][info][gc] GC(5222) Pause Young (Normal) (G1 Evacuation Pause) 900M->798M(1024M) 5,015ms
[263,009s][info][gc] GC(5223) Pause Young (Normal) (G1 Evacuation Pause) 902M->807M(1024M) 4,938ms
[263,054s][info][gc] GC(5224) Pause Young (Normal) (G1 Evacuation Pause) 903M->814M(1024M) 4,803ms
[263,084s][info][gc] GC(5218) Pause Cleanup 883M->883M(1024M) 0,361ms
[263,085s][info][gc] GC(5218) Concurrent Mark Cycle 370,540ms
[263,098s][info][gc] GC(5225) Pause Young (Prepare Mixed) (G1 Evacuation Pause) 904M->822M(1024M) 4,360ms
[263,130s][info][gc] GC(5226) Pause Young (Mixed) (G1 Evacuation Pause) 865M->775M(1024M) 14,339ms
[263,164s][info][gc] GC(5227) Pause Young (Mixed) (G1 Evacuation Pause) 822M->740M(1024M) 14,516ms
[263,194s][info][gc] GC(5228) Pause Young (Mixed) (G1 Evacuation Pause) 784M->721M(1024M) 11,044ms
[263,268s][info][gc] GC(5229) Pause Young (Normal) (G1 Evacuation Pause) 891M->733M(1024M) 5,205ms
[263,339s][info][gc] GC(5230) Pause Young (Normal) (G1 Evacuation Pause) 892M->746M(1024M) 7,194ms
[263,403s][info][gc] GC(5231) Pause Young (Concurrent Start) (G1 Evacuation Pause) 894M->758M(1024M) 5,594ms
[263,403s][info][gc] GC(5232) Concurrent Mark Cycle
[263,471s][info][gc] GC(5233) Pause Young (Normal) (G1 Evacuation Pause) 895M->769M(1024M) 5,514ms
[263,534s][info][gc] GC(5234) Pause Young (Normal) (G1 Evacuation Pause) 898M->779M(1024M) 5,074ms
[263,592s][info][gc] GC(5235) Pause Young (Normal) (G1 Evacuation Pause) 898M->789M(1024M) 4,774ms
[263,616s][info][gc] GC(5232) Pause Remark 839M->839M(1024M) 0,804ms
[263,647s][info][gc] GC(5236) Pause Young (Normal) (G1 Evacuation Pause) 900M->798M(1024M) 5,064ms
[263,696s][info][gc] GC(5237) Pause Young (Normal) (G1 Evacuation Pause) 902M->806M(1024M) 5,170ms
[263,742s][info][gc] GC(5238) Pause Young (Normal) (G1 Evacuation Pause) 902M->814M(1024M) 4,683ms
[263,770s][info][gc] GC(5232) Pause Cleanup 881M->881M(1024M) 0,384ms
[263,772s][info][gc] GC(5232) Concurrent Mark Cycle 368,584ms
[263,785s][info][gc] GC(5239) Pause Young (Prepare Mixed) (G1 Evacuation Pause) 904M->821M(1024M) 4,421ms
[263,818s][info][gc] GC(5240) Pause Young (Mixed) (G1 Evacuation Pause) 864M->776M(1024M) 14,493ms
[263,852s][info][gc] GC(5241) Pause Young (Mixed) (G1 Evacuation Pause) 823M->739M(1024M) 14,242ms
[263,881s][info][gc] GC(5242) Pause Young (Mixed) (G1 Evacuation Pause) 783M->720M(1024M) 10,814ms
[263,956s][info][gc] GC(5243) Pause Young (Normal) (G1 Evacuation Pause) 891M->732M(1024M) 5,103ms
[264,028s][info][gc] GC(5244) Pause Young (Normal) (G1 Evacuation Pause) 892M->746M(1024M) 7,093ms
[264,092s][info][gc] GC(5245) Pause Young (Concurrent Start) (G1 Evacuation Pause) 894M->757M(1024M) 5,673ms
[264,092s][info][gc] GC(5246) Concurrent Mark Cycle
[264,160s][info][gc] GC(5247) Pause Young (Normal) (G1 Evacuation Pause) 896M->768M(1024M) 5,475ms
[264,224s][info][gc] GC(5248) Pause Young (Normal) (G1 Evacuation Pause) 897M->779M(1024M) 5,048ms
[264,283s][info][gc] GC(5249) Pause Young (Normal) (G1 Evacuation Pause) 899M->789M(1024M) 4,955ms
[264,305s][info][gc] GC(5246) Pause Remark 836M->836M(1024M) 0,945ms
[264,338s][info][gc] GC(5250) Pause Young (Normal) (G1 Evacuation Pause) 900M->798M(1024M) 5,007ms
[264,387s][info][gc] GC(5251) Pause Young (Normal) (G1 Evacuation Pause) 902M->806M(1024M) 4,879ms
[264,433s][info][gc] GC(5252) Pause Young (Normal) (G1 Evacuation Pause) 902M->814M(1024M) 4,868ms
[264,460s][info][gc] GC(5246) Pause Cleanup 878M->878M(1024M) 0,349ms
[264,461s][info][gc] GC(5246) Concurrent Mark Cycle 369,276ms
[264,476s][info][gc] GC(5253) Pause Young (Prepare Mixed) (G1 Evacuation Pause) 904M->822M(1024M) 4,497ms
[264,508s][info][gc] GC(5254) Pause Young (Mixed) (G1 Evacuation Pause) 865M->777M(1024M) 14,371ms
[264,542s][info][gc] GC(5255) Pause Young (Mixed) (G1 Evacuation Pause) 824M->740M(1024M) 14,419ms
[264,572s][info][gc] GC(5256) Pause Young (Mixed) (G1 Evacuation Pause) 784M->721M(1024M) 11,502ms
[264,648s][info][gc] GC(5257) Pause Young (Normal) (G1 Evacuation Pause) 891M->734M(1024M) 5,381ms
[264,719s][info][gc] GC(5258) Pause Young (Normal) (G1 Evacuation Pause) 893M->747M(1024M) 7,149ms
[264,783s][info][gc] GC(5259) Pause Young (Concurrent Start) (G1 Evacuation Pause) 894M->758M(1024M) 5,660ms
[264,783s][info][gc] GC(5260) Concurrent Mark Cycle
[264,851s][info][gc] GC(5261) Pause Young (Normal) (G1 Evacuation Pause) 895M->769M(1024M) 5,386ms
[264,915s][info][gc] GC(5262) Pause Young (Normal) (G1 Evacuation Pause) 898M->780M(1024M) 5,135ms
[264,974s][info][gc] GC(5263) Pause Young (Normal) (G1 Evacuation Pause) 899M->789M(1024M) 5,000ms
[264,997s][info][gc] GC(5260) Pause Remark 839M->839M(1024M) 0,679ms
[265,028s][info][gc] GC(5264) Pause Young (Normal) (G1 Evacuation Pause) 900M->798M(1024M) 5,049ms
[265,077s][info][gc] GC(5265) Pause Young (Normal) (G1 Evacuation Pause) 902M->807M(1024M) 4,928ms
[265,123s][info][gc] GC(5266) Pause Young (Normal) (G1 Evacuation Pause) 903M->815M(1024M) 4,773ms
[265,152s][info][gc] GC(5260) Pause Cleanup 881M->881M(1024M) 0,388ms
[265,153s][info][gc] GC(5260) Concurrent Mark Cycle 369,258ms
[265,166s][info][gc] GC(5267) Pause Young (Prepare Mixed) (G1 Evacuation Pause) 904M->822M(1024M) 4,409ms
[265,197s][info][gc] GC(5268) Pause Young (Mixed) (G1 Evacuation Pause) 865M->776M(1024M) 14,015ms
[265,231s][info][gc] GC(5269) Pause Young (Mixed) (G1 Evacuation Pause) 823M->739M(1024M) 14,126ms
[265,261s][info][gc] GC(5270) Pause Young (Mixed) (G1 Evacuation Pause) 783M->721M(1024M) 11,087ms
[265,337s][info][gc] GC(5271) Pause Young (Normal) (G1 Evacuation Pause) 891M->734M(1024M) 5,222ms
[265,408s][info][gc] GC(5272) Pause Young (Normal) (G1 Evacuation Pause) 893M->747M(1024M) 7,049ms
[265,473s][info][gc] GC(5273) Pause Young (Concurrent Start) (G1 Evacuation Pause) 895M->759M(1024M) 5,719ms
[265,473s][info][gc] GC(5274) Concurrent Mark Cycle
[265,540s][info][gc] GC(5275) Pause Young (Normal) (G1 Evacuation Pause) 896M->770M(1024M) 5,488ms
[265,603s][info][gc] GC(5276) Pause Young (Normal) (G1 Evacuation Pause) 898M->780M(1024M) 5,180ms
[265,662s][info][gc] GC(5277) Pause Young (Normal) (G1 Evacuation Pause) 899M->790M(1024M) 4,818ms
[265,686s][info][gc] GC(5274) Pause Remark 839M->839M(1024M) 1,468ms
[265,718s][info][gc] GC(5278) Pause Young (Normal) (G1 Evacuation Pause) 901M->798M(1024M) 5,024ms
[265,767s][info][gc] GC(5279) Pause Young (Normal) (G1 Evacuation Pause) 902M->807M(1024M) 4,875ms
[265,813s][info][gc] GC(5280) Pause Young (Normal) (G1 Evacuation Pause) 903M->815M(1024M) 4,695ms
[265,841s][info][gc] GC(5274) Pause Cleanup 879M->879M(1024M) 0,395ms
[265,842s][info][gc] GC(5274) Concurrent Mark Cycle 369,420ms
[265,856s][info][gc] GC(5281) Pause Young (Prepare Mixed) (G1 Evacuation Pause) 904M->822M(1024M) 4,459ms
[265,889s][info][gc] GC(5282) Pause Young (Mixed) (G1 Evacuation Pause) 865M->777M(1024M) 14,396ms
[265,923s][info][gc] GC(5283) Pause Young (Mixed) (G1 Evacuation Pause) 824M->741M(1024M) 14,125ms
[265,953s][info][gc] GC(5284) Pause Young (Mixed) (G1 Evacuation Pause) 785M->721M(1024M) 10,839ms
[266,030s][info][gc] GC(5285) Pause Young (Normal) (G1 Evacuation Pause) 891M->734M(1024M) 5,282ms
[266,101s][info][gc] GC(5286) Pause Young (Normal) (G1 Evacuation Pause) 893M->747M(1024M) 7,100ms
[266,166s][info][gc] GC(5287) Pause Young (Concurrent Start) (G1 Evacuation Pause) 895M->759M(1024M) 5,924ms
[266,166s][info][gc] GC(5288) Concurrent Mark Cycle
[266,233s][info][gc] GC(5289) Pause Young (Normal) (G1 Evacuation Pause) 896M->769M(1024M) 5,344ms
[266,297s][info][gc] GC(5290) Pause Young (Normal) (G1 Evacuation Pause) 898M->780M(1024M) 5,179ms
[266,356s][info][gc] GC(5291) Pause Young (Normal) (G1 Evacuation Pause) 899M->790M(1024M) 4,846ms
[266,379s][info][gc] GC(5288) Pause Remark 840M->840M(1024M) 0,879ms
[266,410s][info][gc] GC(5292) Pause Young (Normal) (G1 Evacuation Pause) 901M->799M(1024M) 5,054ms
[266,459s][info][gc] GC(5293) Pause Young (Normal) (G1 Evacuation Pause) 902M->807M(1024M) 4,927ms
[266,505s][info][gc] GC(5294) Pause Young (Normal) (G1 Evacuation Pause) 903M->814M(1024M) 4,709ms
[266,533s][info][gc] GC(5288) Pause Cleanup 881M->881M(1024M) 0,364ms
[266,534s][info][gc] GC(5288) Concurrent Mark Cycle 368,404ms
[266,548s][info][gc] GC(5295) Pause Young (Prepare Mixed) (G1 Evacuation Pause) 904M->822M(1024M) 4,407ms
[266,580s][info][gc] GC(5296) Pause Young (Mixed) (G1 Evacuation Pause) 865M->775M(1024M) 14,066ms
[266,614s][info][gc] GC(5297) Pause Young (Mixed) (G1 Evacuation Pause) 822M->739M(1024M) 14,324ms
[266,642s][info][gc] GC(5298) Pause Young (Mixed) (G1 Evacuation Pause) 783M->721M(1024M) 10,835ms
[266,716s][info][gc] GC(5299) Pause Young (Normal) (G1 Evacuation Pause) 891M->734M(1024M) 5,199ms
[266,787s][info][gc] GC(5300) Pause Young (Normal) (G1 Evacuation Pause) 893M->747M(1024M) 7,129ms
[266,852s][info][gc] GC(5301) Pause Young (Concurrent Start) (G1 Evacuation Pause) 895M->759M(1024M) 5,826ms
[266,852s][info][gc] GC(5302) Concurrent Mark Cycle
[266,920s][info][gc] GC(5303) Pause Young (Normal) (G1 Evacuation Pause) 896M->770M(1024M) 5,472ms
[266,983s][info][gc] GC(5304) Pause Young (Normal) (G1 Evacuation Pause) 898M->780M(1024M) 5,114ms
[267,042s][info][gc] GC(5305) Pause Young (Normal) (G1 Evacuation Pause) 899M->790M(1024M) 4,862ms
[267,066s][info][gc] GC(5302) Pause Remark 841M->841M(1024M) 0,816ms
[267,096s][info][gc] GC(5306) Pause Young (Normal) (G1 Evacuation Pause) 901M->799M(1024M) 5,062ms
[267,145s][info][gc] GC(5307) Pause Young (Normal) (G1 Evacuation Pause) 902M->807M(1024M) 4,813ms
[267,190s][info][gc] GC(5308) Pause Young (Normal) (G1 Evacuation Pause) 902M->814M(1024M) 4,663ms
[267,220s][info][gc] GC(5302) Pause Cleanup 884M->884M(1024M) 0,356ms
[267,221s][info][gc] GC(5302) Concurrent Mark Cycle 369,170ms
[267,233s][info][gc] GC(5309) Pause Young (Prepare Mixed) (G1 Evacuation Pause) 903M->822M(1024M) 4,355ms
[267,265s][info][gc] GC(5310) Pause Young (Mixed) (G1 Evacuation Pause) 865M->776M(1024M) 14,291ms
[267,298s][info][gc] GC(5311) Pause Young (Mixed) (G1 Evacuation Pause) 823M->740M(1024M) 14,352ms
[267,328s][info][gc] GC(5312) Pause Young (Mixed) (G1 Evacuation Pause) 784M->722M(1024M) 11,112ms
[267,402s][info][gc] GC(5313) Pause Young (Normal) (G1 Evacuation Pause) 891M->735M(1024M) 5,157ms
[267,473s][info][gc] GC(5314) Pause Young (Normal) (G1 Evacuation Pause) 893M->748M(1024M) 7,218ms
[267,538s][info][gc] GC(5315) Pause Young (Concurrent Start) (G1 Evacuation Pause) 894M->758M(1024M) 5,616ms
[267,538s][info][gc] GC(5316) Concurrent Mark Cycle
[267,606s][info][gc] GC(5317) Pause Young (Normal) (G1 Evacuation Pause) 896M->769M(1024M) 5,376ms
[267,669s][info][gc] GC(5318) Pause Young (Normal) (G1 Evacuation Pause) 898M->780M(1024M) 5,223ms
[267,728s][info][gc] GC(5319) Pause Young (Normal) (G1 Evacuation Pause) 899M->789M(1024M) 4,787ms
[267,751s][info][gc] GC(5316) Pause Remark 839M->839M(1024M) 0,841ms
[267,783s][info][gc] GC(5320) Pause Young (Normal) (G1 Evacuation Pause) 900M->798M(1024M) 5,026ms
[267,832s][info][gc] GC(5321) Pause Young (Normal) (G1 Evacuation Pause) 902M->807M(1024M) 4,950ms
[267,878s][info][gc] GC(5322) Pause Young (Normal) (G1 Evacuation Pause) 903M->814M(1024M) 4,717ms
[267,906s][info][gc] GC(5316) Pause Cleanup 882M->882M(1024M) 0,370ms
[267,908s][info][gc] GC(5316) Concurrent Mark Cycle 370,099ms
[267,921s][info][gc] GC(5323) Pause Young (Prepare Mixed) (G1 Evacuation Pause) 904M->822M(1024M) 4,436ms
[267,953s][info][gc] GC(5324) Pause Young (Mixed) (G1 Evacuation Pause) 865M->775M(1024M) 14,488ms
[267,987s][info][gc] GC(5325) Pause Young (Mixed) (G1 Evacuation Pause) 822M->738M(1024M) 14,254ms
[268,017s][info][gc] GC(5326) Pause Young (Mixed) (G1 Evacuation Pause) 782M->720M(1024M) 10,921ms
[268,092s][info][gc] GC(5327) Pause Young (Normal) (G1 Evacuation Pause) 891M->732M(1024M) 5,211ms
[268,164s][info][gc] GC(5328) Pause Young (Normal) (G1 Evacuation Pause) 892M->746M(1024M) 7,103ms
[268,229s][info][gc] GC(5329) Pause Young (Concurrent Start) (G1 Evacuation Pause) 894M->757M(1024M) 5,757ms
[268,230s][info][gc] GC(5330) Concurrent Mark Cycle
[268,297s][info][gc] GC(5331) Pause Young (Normal) (G1 Evacuation Pause) 895M->768M(1024M) 5,487ms
[268,362s][info][gc] GC(5332) Pause Young (Normal) (G1 Evacuation Pause) 897M->779M(1024M) 5,222ms
[268,421s][info][gc] GC(5333) Pause Young (Normal) (G1 Evacuation Pause) 899M->788M(1024M) 4,865ms
[268,443s][info][gc] GC(5330) Pause Remark 836M->836M(1024M) 0,729ms
[268,475s][info][gc] GC(5334) Pause Young (Normal) (G1 Evacuation Pause) 899M->798M(1024M) 4,952ms
[268,524s][info][gc] GC(5335) Pause Young (Normal) (G1 Evacuation Pause) 902M->806M(1024M) 4,874ms
[268,570s][info][gc] GC(5336) Pause Young (Normal) (G1 Evacuation Pause) 903M->813M(1024M) 4,845ms
[268,598s][info][gc] GC(5330) Pause Cleanup 878M->878M(1024M) 0,314ms
[268,599s][info][gc] GC(5330) Concurrent Mark Cycle 369,905ms
[268,614s][info][gc] GC(5337) Pause Young (Prepare Mixed) (G1 Evacuation Pause) 904M->821M(1024M) 4,477ms
[268,647s][info][gc] GC(5338) Pause Young (Mixed) (G1 Evacuation Pause) 864M->776M(1024M) 14,349ms
[268,681s][info][gc] GC(5339) Pause Young (Mixed) (G1 Evacuation Pause) 823M->739M(1024M) 14,279ms
[268,711s][info][gc] GC(5340) Pause Young (Mixed) (G1 Evacuation Pause) 783M->720M(1024M) 11,387ms
[268,786s][info][gc] GC(5341) Pause Young (Normal) (G1 Evacuation Pause) 891M->733M(1024M) 5,202ms
[268,857s][info][gc] GC(5342) Pause Young (Normal) (G1 Evacuation Pause) 893M->746M(1024M) 6,974ms
[268,922s][info][gc] GC(5343) Pause Young (Concurrent Start) (G1 Evacuation Pause) 894M->757M(1024M) 5,762ms
[268,922s][info][gc] GC(5344) Concurrent Mark Cycle
[268,990s][info][gc] GC(5345) Pause Young (Normal) (G1 Evacuation Pause) 895M->769M(1024M) 5,509ms
[269,053s][info][gc] GC(5346) Pause Young (Normal) (G1 Evacuation Pause) 898M->779M(1024M) 5,135ms
[269,113s][info][gc] GC(5347) Pause Young (Normal) (G1 Evacuation Pause) 899M->789M(1024M) 4,898ms
[269,135s][info][gc] GC(5344) Pause Remark 836M->836M(1024M) 0,786ms
[269,167s][info][gc] GC(5348) Pause Young (Normal) (G1 Evacuation Pause) 900M->798M(1024M) 5,076ms
[269,216s][info][gc] GC(5349) Pause Young (Normal) (G1 Evacuation Pause) 902M->806M(1024M) 4,874ms
[269,262s][info][gc] GC(5350) Pause Young (Normal) (G1 Evacuation Pause) 902M->814M(1024M) 4,836ms
[269,290s][info][gc] GC(5344) Pause Cleanup 879M->879M(1024M) 0,362ms
[269,291s][info][gc] GC(5344) Concurrent Mark Cycle 369,822ms
[269,305s][info][gc] GC(5351) Pause Young (Prepare Mixed) (G1 Evacuation Pause) 904M->821M(1024M) 4,483ms
[269,338s][info][gc] GC(5352) Pause Young (Mixed) (G1 Evacuation Pause) 864M->776M(1024M) 14,452ms
[269,372s][info][gc] GC(5353) Pause Young (Mixed) (G1 Evacuation Pause) 823M->739M(1024M) 14,180ms
[269,402s][info][gc] GC(5354) Pause Young (Mixed) (G1 Evacuation Pause) 783M->721M(1024M) 11,091ms
[269,477s][info][gc] GC(5355) Pause Young (Normal) (G1 Evacuation Pause) 891M->733M(1024M) 5,247ms
[269,548s][info][gc] GC(5356) Pause Young (Normal) (G1 Evacuation Pause) 892M->746M(1024M) 7,095ms
[269,613s][info][gc] GC(5357) Pause Young (Concurrent Start) (G1 Evacuation Pause) 894M->758M(1024M) 5,753ms
[269,613s][info][gc] GC(5358) Concurrent Mark Cycle
[269,680s][info][gc] GC(5359) Pause Young (Normal) (G1 Evacuation Pause) 895M->770M(1024M) 5,443ms
[269,743s][info][gc] GC(5360) Pause Young (Normal) (G1 Evacuation Pause) 898M->780M(1024M) 5,218ms
[269,802s][info][gc] GC(5361) Pause Young (Normal) (G1 Evacuation Pause) 899M->789M(1024M) 4,755ms
[269,825s][info][gc] GC(5358) Pause Remark 840M->840M(1024M) 0,746ms
[269,857s][info][gc] GC(5362) Pause Young (Normal) (G1 Evacuation Pause) 900M->798M(1024M) 5,062ms
[269,906s][info][gc] GC(5363) Pause Young (Normal) (G1 Evacuation Pause) 902M->807M(1024M) 4,903ms
[269,952s][info][gc] GC(5364) Pause Young (Normal) (G1 Evacuation Pause) 903M->814M(1024M) 4,891ms
[269,980s][info][gc] GC(5358) Pause Cleanup 879M->879M(1024M) 0,346ms
[269,981s][info][gc] GC(5358) Concurrent Mark Cycle 368,129ms
[269,995s][info][gc] GC(5365) Pause Young (Prepare Mixed) (G1 Evacuation Pause) 904M->822M(1024M) 4,413ms
[270,028s][info][gc] GC(5366) Pause Young (Mixed) (G1 Evacuation Pause) 865M->776M(1024M) 14,370ms
[270,062s][info][gc] GC(5367) Pause Young (Mixed) (G1 Evacuation Pause) 823M->740M(1024M) 14,356ms
[270,092s][info][gc] GC(5368) Pause Young (Mixed) (G1 Evacuation Pause) 784M->721M(1024M) 11,641ms
[270,168s][info][gc] GC(5369) Pause Young (Normal) (G1 Evacuation Pause) 891M->733M(1024M) 5,231ms
[270,239s][info][gc] GC(5370) Pause Young (Normal) (G1 Evacuation Pause) 892M->747M(1024M) 7,025ms
[270,304s][info][gc] GC(5371) Pause Young (Concurrent Start) (G1 Evacuation Pause) 895M->758M(1024M) 5,771ms
[270,304s][info][gc] GC(5372) Concurrent Mark Cycle
[270,371s][info][gc] GC(5373) Pause Young (Normal) (G1 Evacuation Pause) 895M->769M(1024M) 5,434ms
[270,435s][info][gc] GC(5374) Pause Young (Normal) (G1 Evacuation Pause) 898M->779M(1024M) 5,162ms
[270,494s][info][gc] GC(5375) Pause Young (Normal) (G1 Evacuation Pause) 898M->789M(1024M) 4,794ms
[270,517s][info][gc] GC(5372) Pause Remark 839M->839M(1024M) 0,760ms
[270,549s][info][gc] GC(5376) Pause Young (Normal) (G1 Evacuation Pause) 900M->798M(1024M) 5,111ms
[270,598s][info][gc] GC(5377) Pause Young (Normal) (G1 Evacuation Pause) 902M->806M(1024M) 4,862ms
[270,643s][info][gc] GC(5378) Pause Young (Normal) (G1 Evacuation Pause) 902M->814M(1024M) 4,719ms
[270,671s][info][gc] GC(5372) Pause Cleanup 878M->878M(1024M) 0,373ms
[270,672s][info][gc] GC(5372) Concurrent Mark Cycle 368,063ms
[270,686s][info][gc] GC(5379) Pause Young (Prepare Mixed) (G1 Evacuation Pause) 904M->821M(1024M) 4,387ms
[270,719s][info][gc] GC(5380) Pause Young (Mixed) (G1 Evacuation Pause) 864M->775M(1024M) 14,154ms
[270,752s][info][gc] GC(5381) Pause Young (Mixed) (G1 Evacuation Pause) 822M->739M(1024M) 14,179ms
[270,782s][info][gc] GC(5382) Pause Young (Mixed) (G1 Evacuation Pause) 783M->721M(1024M) 11,331ms
[270,856s][info][gc] GC(5383) Pause Young (Normal) (G1 Evacuation Pause) 891M->733M(1024M) 5,150ms
[270,927s][info][gc] GC(5384) Pause Young (Normal) (G1 Evacuation Pause) 892M->747M(1024M) 7,095ms
[270,992s][info][gc] GC(5385) Pause Young (Concurrent Start) (G1 Evacuation Pause) 894M->758M(1024M) 5,666ms
[270,992s][info][gc] GC(5386) Concurrent Mark Cycle
[271,060s][info][gc] GC(5387) Pause Young (Normal) (G1 Evacuation Pause) 896M->770M(1024M) 5,523ms
[271,123s][info][gc] GC(5388) Pause Young (Normal) (G1 Evacuation Pause) 897M->781M(1024M) 5,166ms
[271,181s][info][gc] GC(5389) Pause Young (Normal) (G1 Evacuation Pause) 899M->790M(1024M) 4,812ms
[271,206s][info][gc] GC(5386) Pause Remark 842M->842M(1024M) 0,752ms
[271,236s][info][gc] GC(5390) Pause Young (Normal) (G1 Evacuation Pause) 901M->799M(1024M) 5,024ms
[271,285s][info][gc] GC(5391) Pause Young (Normal) (G1 Evacuation Pause) 902M->807M(1024M) 4,870ms
[271,330s][info][gc] GC(5392) Pause Young (Normal) (G1 Evacuation Pause) 902M->814M(1024M) 4,702ms
[271,358s][info][gc] GC(5386) Pause Cleanup 881M->881M(1024M) 0,362ms
[271,360s][info][gc] GC(5386) Concurrent Mark Cycle 367,136ms
[271,372s][info][gc] GC(5393) Pause Young (Prepare Mixed) (G1 Evacuation Pause) 903M->821M(1024M) 4,439ms
[271,404s][info][gc] GC(5394) Pause Young (Mixed) (G1 Evacuation Pause) 864M->776M(1024M) 14,315ms
[271,438s][info][gc] GC(5395) Pause Young (Mixed) (G1 Evacuation Pause) 823M->740M(1024M) 14,426ms
[271,468s][info][gc] GC(5396) Pause Young (Mixed) (G1 Evacuation Pause) 784M->721M(1024M) 11,597ms
[271,542s][info][gc] GC(5397) Pause Young (Normal) (G1 Evacuation Pause) 891M->733M(1024M) 5,129ms
[271,613s][info][gc] GC(5398) Pause Young (Normal) (G1 Evacuation Pause) 892M->747M(1024M) 7,064ms
[271,678s][info][gc] GC(5399) Pause Young (Concurrent Start) (G1 Evacuation Pause) 895M->758M(1024M) 5,759ms
[271,678s][info][gc] GC(5400) Concurrent Mark Cycle
[271,745s][info][gc] GC(5401) Pause Young (Normal) (G1 Evacuation Pause) 896M->770M(1024M) 5,509ms
[271,808s][info][gc] GC(5402) Pause Young (Normal) (G1 Evacuation Pause) 897M->780M(1024M) 5,055ms
[271,867s][info][gc] GC(5403) Pause Young (Normal) (G1 Evacuation Pause) 899M->789M(1024M) 4,821ms
[271,891s][info][gc] GC(5400) Pause Remark 840M->840M(1024M) 0,836ms
[271,922s][info][gc] GC(5404) Pause Young (Normal) (G1 Evacuation Pause) 900M->798M(1024M) 5,154ms
[271,971s][info][gc] GC(5405) Pause Young (Normal) (G1 Evacuation Pause) 902M->807M(1024M) 4,881ms
[272,017s][info][gc] GC(5406) Pause Young (Normal) (G1 Evacuation Pause) 903M->814M(1024M) 4,773ms
[272,046s][info][gc] GC(5400) Pause Cleanup 881M->881M(1024M) 0,400ms
[272,047s][info][gc] GC(5400) Concurrent Mark Cycle 369,058ms
[272,060s][info][gc] GC(5407) Pause Young (Prepare Mixed) (G1 Evacuation Pause) 903M->822M(1024M) 4,386ms
[272,092s][info][gc] GC(5408) Pause Young (Mixed) (G1 Evacuation Pause) 865M->776M(1024M) 14,388ms
[272,126s][info][gc] GC(5409) Pause Young (Mixed) (G1 Evacuation Pause) 823M->740M(1024M) 14,237ms
[272,156s][info][gc] GC(5410) Pause Young (Mixed) (G1 Evacuation Pause) 784M->723M(1024M) 11,131ms
[272,231s][info][gc] GC(5411) Pause Young (Normal) (G1 Evacuation Pause) 891M->735M(1024M) 5,216ms
[272,301s][info][gc] GC(5412) Pause Young (Normal) (G1 Evacuation Pause) 892M->748M(1024M) 6,995ms
[272,366s][info][gc] GC(5413) Pause Young (Concurrent Start) (G1 Evacuation Pause) 895M->759M(1024M) 5,705ms
[272,366s][info][gc] GC(5414) Concurrent Mark Cycle
[272,433s][info][gc] GC(5415) Pause Young (Normal) (G1 Evacuation Pause) 896M->770M(1024M) 5,258ms
[272,496s][info][gc] GC(5416) Pause Young (Normal) (G1 Evacuation Pause) 897M->781M(1024M) 5,149ms
[272,554s][info][gc] GC(5417) Pause Young (Normal) (G1 Evacuation Pause) 899M->790M(1024M) 4,826ms
[272,578s][info][gc] GC(5414) Pause Remark 841M->841M(1024M) 0,993ms
[272,609s][info][gc] GC(5418) Pause Young (Normal) (G1 Evacuation Pause) 900M->799M(1024M) 4,899ms
[272,658s][info][gc] GC(5419) Pause Young (Normal) (G1 Evacuation Pause) 902M->807M(1024M) 4,914ms
[272,703s][info][gc] GC(5420) Pause Young (Normal) (G1 Evacuation Pause) 902M->814M(1024M) 4,754ms
[272,733s][info][gc] GC(5414) Pause Cleanup 884M->884M(1024M) 0,355ms
[272,734s][info][gc] GC(5414) Concurrent Mark Cycle 368,416ms
[272,746s][info][gc] GC(5421) Pause Young (Prepare Mixed) (G1 Evacuation Pause) 903M->821M(1024M) 4,383ms
[272,778s][info][gc] GC(5422) Pause Young (Mixed) (G1 Evacuation Pause) 864M->775M(1024M) 13,991ms
[272,812s][info][gc] GC(5423) Pause Young (Mixed) (G1 Evacuation Pause) 822M->738M(1024M) 14,417ms
[272,841s][info][gc] GC(5424) Pause Young (Mixed) (G1 Evacuation Pause) 782M->720M(1024M) 11,180ms
[272,915s][info][gc] GC(5425) Pause Young (Normal) (G1 Evacuation Pause) 891M->732M(1024M) 5,174ms
[272,987s][info][gc] GC(5426) Pause Young (Normal) (G1 Evacuation Pause) 892M->746M(1024M) 7,148ms
[273,052s][info][gc] GC(5427) Pause Young (Concurrent Start) (G1 Evacuation Pause) 894M->757M(1024M) 5,712ms
[273,052s][info][gc] GC(5428) Concurrent Mark Cycle
[273,120s][info][gc] GC(5429) Pause Young (Normal) (G1 Evacuation Pause) 895M->769M(1024M) 5,559ms
[273,184s][info][gc] GC(5430) Pause Young (Normal) (G1 Evacuation Pause) 897M->780M(1024M) 5,071ms
[273,242s][info][gc] GC(5431) Pause Young (Normal) (G1 Evacuation Pause) 899M->789M(1024M) 4,882ms
[273,265s][info][gc] GC(5428) Pause Remark 837M->837M(1024M) 0,715ms
[273,297s][info][gc] GC(5432) Pause Young (Normal) (G1 Evacuation Pause) 900M->798M(1024M) 4,999ms
[273,346s][info][gc] GC(5433) Pause Young (Normal) (G1 Evacuation Pause) 902M->807M(1024M) 4,959ms
[273,392s][info][gc] GC(5434) Pause Young (Normal) (G1 Evacuation Pause) 903M->815M(1024M) 4,800ms
[273,419s][info][gc] GC(5428) Pause Cleanup 877M->877M(1024M) 0,346ms
[273,420s][info][gc] GC(5428) Concurrent Mark Cycle 367,804ms
[273,435s][info][gc] GC(5435) Pause Young (Prepare Mixed) (G1 Evacuation Pause) 904M->822M(1024M) 4,428ms
[273,467s][info][gc] GC(5436) Pause Young (Mixed) (G1 Evacuation Pause) 865M->777M(1024M) 14,438ms
[273,501s][info][gc] GC(5437) Pause Young (Mixed) (G1 Evacuation Pause) 824M->742M(1024M) 14,226ms
[273,531s][info][gc] GC(5438) Pause Young (Mixed) (G1 Evacuation Pause) 786M->724M(1024M) 10,729ms
[273,606s][info][gc] GC(5439) Pause Young (Normal) (G1 Evacuation Pause) 891M->736M(1024M) 5,183ms
[273,676s][info][gc] GC(5440) Pause Young (Normal) (G1 Evacuation Pause) 892M->749M(1024M) 7,012ms
[273,740s][info][gc] GC(5441) Pause Young (Concurrent Start) (G1 Evacuation Pause) 895M->760M(1024M) 5,624ms
[273,740s][info][gc] GC(5442) Concurrent Mark Cycle
[273,807s][info][gc] GC(5443) Pause Young (Normal) (G1 Evacuation Pause) 896M->771M(1024M) 5,378ms
[273,869s][info][gc] GC(5444) Pause Young (Normal) (G1 Evacuation Pause) 898M->782M(1024M) 5,130ms
[273,927s][info][gc] GC(5445) Pause Young (Normal) (G1 Evacuation Pause) 899M->791M(1024M) 4,811ms
[273,953s][info][gc] GC(5442) Pause Remark 845M->845M(1024M) 0,819ms
[273,981s][info][gc] GC(5446) Pause Young (Normal) (G1 Evacuation Pause) 900M->800M(1024M) 5,076ms
[274,030s][info][gc] GC(5447) Pause Young (Normal) (G1 Evacuation Pause) 902M->808M(1024M) 4,850ms
[274,074s][info][gc] GC(5448) Pause Young (Normal) (G1 Evacuation Pause) 902M->816M(1024M) 4,635ms
[274,105s][info][gc] GC(5442) Pause Cleanup 888M->888M(1024M) 0,369ms
[274,107s][info][gc] GC(5442) Concurrent Mark Cycle 366,631ms
[274,117s][info][gc] GC(5449) Pause Young (Prepare Mixed) (G1 Evacuation Pause) 904M->823M(1024M) 4,309ms
[274,149s][info][gc] GC(5450) Pause Young (Mixed) (G1 Evacuation Pause) 866M->776M(1024M) 14,298ms
[274,183s][info][gc] GC(5451) Pause Young (Mixed) (G1 Evacuation Pause) 823M->739M(1024M) 14,234ms
[274,213s][info][gc] GC(5452) Pause Young (Mixed) (G1 Evacuation Pause) 783M->719M(1024M) 11,361ms
[274,289s][info][gc] GC(5453) Pause Young (Normal) (G1 Evacuation Pause) 891M->732M(1024M) 5,283ms
[274,362s][info][gc] GC(5454) Pause Young (Normal) (G1 Evacuation Pause) 893M->746M(1024M) 7,254ms
[274,427s][info][gc] GC(5455) Pause Young (Concurrent Start) (G1 Evacuation Pause) 894M->758M(1024M) 5,950ms
[274,427s][info][gc] GC(5456) Concurrent Mark Cycle
[274,495s][info][gc] GC(5457) Pause Young (Normal) (G1 Evacuation Pause) 896M->769M(1024M) 5,407ms
[274,558s][info][gc] GC(5458) Pause Young (Normal) (G1 Evacuation Pause) 898M->780M(1024M) 5,071ms
[274,617s][info][gc] GC(5459) Pause Young (Normal) (G1 Evacuation Pause) 899M->789M(1024M) 4,920ms
[274,640s][info][gc] GC(5456) Pause Remark 838M->838M(1024M) 0,882ms
[274,672s][info][gc] GC(5460) Pause Young (Normal) (G1 Evacuation Pause) 900M->798M(1024M) 5,230ms
[274,721s][info][gc] GC(5461) Pause Young (Normal) (G1 Evacuation Pause) 902M->807M(1024M) 4,929ms
[274,767s][info][gc] GC(5462) Pause Young (Normal) (G1 Evacuation Pause) 903M->814M(1024M) 4,691ms
[274,794s][info][gc] GC(5456) Pause Cleanup 877M->877M(1024M) 0,363ms
[274,795s][info][gc] GC(5456) Concurrent Mark Cycle 368,077ms
[274,811s][info][gc] GC(5463) Pause Young (Prepare Mixed) (G1 Evacuation Pause) 904M->821M(1024M) 4,769ms
[274,853s][info][gc] GC(5464) Pause Young (Mixed) (G1 Evacuation Pause) 864M->775M(1024M) 17,905ms
[274,894s][info][gc] GC(5465) Pause Young (Mixed) (G1 Evacuation Pause) 822M->740M(1024M) 14,481ms
[274,924s][info][gc] GC(5466) Pause Young (Mixed) (G1 Evacuation Pause) 784M->723M(1024M) 10,770ms
[274,998s][info][gc] GC(5467) Pause Young (Normal) (G1 Evacuation Pause) 891M->736M(1024M) 5,123ms
[275,068s][info][gc] GC(5468) Pause Young (Normal) (G1 Evacuation Pause) 893M->749M(1024M) 7,076ms
[275,132s][info][gc] GC(5469) Pause Young (Concurrent Start) (G1 Evacuation Pause) 895M->761M(1024M) 5,620ms
[275,132s][info][gc] GC(5470) Concurrent Mark Cycle
[275,199s][info][gc] GC(5471) Pause Young (Normal) (G1 Evacuation Pause) 897M->771M(1024M) 5,364ms
[275,262s][info][gc] GC(5472) Pause Young (Normal) (G1 Evacuation Pause) 898M->782M(1024M) 5,040ms
[275,320s][info][gc] GC(5473) Pause Young (Normal) (G1 Evacuation Pause) 899M->792M(1024M) 4,814ms
[275,345s][info][gc] GC(5470) Pause Remark 846M->846M(1024M) 0,723ms
[275,374s][info][gc] GC(5474) Pause Young (Normal) (G1 Evacuation Pause) 901M->801M(1024M) 4,979ms
[275,422s][info][gc] GC(5475) Pause Young (Normal) (G1 Evacuation Pause) 902M->809M(1024M) 4,819ms
[275,466s][info][gc] GC(5476) Pause Young (Normal) (G1 Evacuation Pause) 903M->816M(1024M) 4,607ms
[275,499s][info][gc] GC(5470) Pause Cleanup 892M->892M(1024M) 0,319ms
[275,501s][info][gc] GC(5470) Concurrent Mark Cycle 368,425ms
[275,509s][info][gc] GC(5477) Pause Young (Prepare Mixed) (G1 Evacuation Pause) 904M->823M(1024M) 4,272ms
[275,541s][info][gc] GC(5478) Pause Young (Mixed) (G1 Evacuation Pause) 867M->776M(1024M) 14,101ms
[275,576s][info][gc] GC(5479) Pause Young (Mixed) (G1 Evacuation Pause) 823M->740M(1024M) 14,143ms
[275,605s][info][gc] GC(5480) Pause Young (Mixed) (G1 Evacuation Pause) 784M->720M(1024M) 11,245ms
[275,681s][info][gc] GC(5481) Pause Young (Normal) (G1 Evacuation Pause) 891M->733M(1024M) 5,221ms
[275,752s][info][gc] GC(5482) Pause Young (Normal) (G1 Evacuation Pause) 893M->746M(1024M) 7,105ms
[275,816s][info][gc] GC(5483) Pause Young (Concurrent Start) (G1 Evacuation Pause) 894M->758M(1024M) 5,752ms
[275,816s][info][gc] GC(5484) Concurrent Mark Cycle
[275,884s][info][gc] GC(5485) Pause Young (Normal) (G1 Evacuation Pause) 896M->769M(1024M) 5,411ms
[275,948s][info][gc] GC(5486) Pause Young (Normal) (G1 Evacuation Pause) 898M->779M(1024M) 5,044ms
[276,008s][info][gc] GC(5487) Pause Young (Normal) (G1 Evacuation Pause) 899M->789M(1024M) 4,902ms
[276,030s][info][gc] GC(5484) Pause Remark 835M->835M(1024M) 0,797ms
[276,062s][info][gc] GC(5488) Pause Young (Normal) (G1 Evacuation Pause) 900M->798M(1024M) 4,943ms
[276,112s][info][gc] GC(5489) Pause Young (Normal) (G1 Evacuation Pause) 902M->806M(1024M) 4,848ms
[276,157s][info][gc] GC(5490) Pause Young (Normal) (G1 Evacuation Pause) 902M->814M(1024M) 4,693ms
[276,184s][info][gc] GC(5484) Pause Cleanup 876M->876M(1024M) 0,357ms
[276,186s][info][gc] GC(5484) Concurrent Mark Cycle 369,369ms
[276,201s][info][gc] GC(5491) Pause Young (Prepare Mixed) (G1 Evacuation Pause) 904M->821M(1024M) 4,412ms
[276,233s][info][gc] GC(5492) Pause Young (Mixed) (G1 Evacuation Pause) 864M->775M(1024M) 14,153ms
[276,268s][info][gc] GC(5493) Pause Young (Mixed) (G1 Evacuation Pause) 822M->740M(1024M) 14,774ms
[276,297s][info][gc] GC(5494) Pause Young (Mixed) (G1 Evacuation Pause) 784M->721M(1024M) 10,854ms
[276,371s][info][gc] GC(5495) Pause Young (Normal) (G1 Evacuation Pause) 891M->733M(1024M) 5,182ms
[276,442s][info][gc] GC(5496) Pause Young (Normal) (G1 Evacuation Pause) 892M->746M(1024M) 7,168ms
[276,506s][info][gc] GC(5497) Pause Young (Concurrent Start) (G1 Evacuation Pause) 894M->758M(1024M) 5,714ms
[276,506s][info][gc] GC(5498) Concurrent Mark Cycle
[276,573s][info][gc] GC(5499) Pause Young (Normal) (G1 Evacuation Pause) 895M->769M(1024M) 5,400ms
[276,637s][info][gc] GC(5500) Pause Young (Normal) (G1 Evacuation Pause) 898M->779M(1024M) 5,178ms
[276,696s][info][gc] GC(5501) Pause Young (Normal) (G1 Evacuation Pause) 898M->788M(1024M) 4,897ms
[276,719s][info][gc] GC(5498) Pause Remark 838M->838M(1024M) 0,798ms
[276,750s][info][gc] GC(5502) Pause Young (Normal) (G1 Evacuation Pause) 899M->798M(1024M) 5,064ms
[276,799s][info][gc] GC(5503) Pause Young (Normal) (G1 Evacuation Pause) 902M->806M(1024M) 4,877ms
[276,845s][info][gc] GC(5504) Pause Young (Normal) (G1 Evacuation Pause) 902M->814M(1024M) 4,727ms
[276,874s][info][gc] GC(5498) Pause Cleanup 883M->883M(1024M) 0,369ms
[276,876s][info][gc] GC(5498) Concurrent Mark Cycle 369,462ms
[276,888s][info][gc] GC(5505) Pause Young (Prepare Mixed) (G1 Evacuation Pause) 904M->822M(1024M) 4,425ms
[276,921s][info][gc] GC(5506) Pause Young (Mixed) (G1 Evacuation Pause) 865M->776M(1024M) 14,651ms
[276,955s][info][gc] GC(5507) Pause Young (Mixed) (G1 Evacuation Pause) 823M->739M(1024M) 14,210ms
[276,984s][info][gc] GC(5508) Pause Young (Mixed) (G1 Evacuation Pause) 783M->720M(1024M) 10,936ms
[277,059s][info][gc] GC(5509) Pause Young (Normal) (G1 Evacuation Pause) 891M->732M(1024M) 5,400ms
[277,135s][info][gc] GC(5510) Pause Young (Normal) (G1 Evacuation Pause) 892M->746M(1024M) 9,441ms
[277,203s][info][gc] GC(5511) Pause Young (Concurrent Start) (G1 Evacuation Pause) 894M->758M(1024M) 7,018ms
[277,203s][info][gc] GC(5512) Concurrent Mark Cycle
[277,272s][info][gc] GC(5513) Pause Young (Normal) (G1 Evacuation Pause) 896M->768M(1024M) 5,399ms
[277,335s][info][gc] GC(5514) Pause Young (Normal) (G1 Evacuation Pause) 897M->779M(1024M) 5,117ms
[277,394s][info][gc] GC(5515) Pause Young (Normal) (G1 Evacuation Pause) 899M->788M(1024M) 4,865ms
[277,416s][info][gc] GC(5512) Pause Remark 836M->836M(1024M) 0,824ms
[277,449s][info][gc] GC(5516) Pause Young (Normal) (G1 Evacuation Pause) 899M->797M(1024M) 5,048ms
[277,498s][info][gc] GC(5517) Pause Young (Normal) (G1 Evacuation Pause) 901M->806M(1024M) 4,858ms
[277,544s][info][gc] GC(5518) Pause Young (Normal) (G1 Evacuation Pause) 903M->813M(1024M) 4,701ms
[277,572s][info][gc] GC(5512) Pause Cleanup 877M->877M(1024M) 0,441ms
[277,574s][info][gc] GC(5512) Concurrent Mark Cycle 370,837ms
[277,589s][info][gc] GC(5519) Pause Young (Prepare Mixed) (G1 Evacuation Pause) 904M->821M(1024M) 4,444ms
[277,623s][info][gc] GC(5520) Pause Young (Mixed) (G1 Evacuation Pause) 864M->776M(1024M) 15,101ms
[277,657s][info][gc] GC(5521) Pause Young (Mixed) (G1 Evacuation Pause) 823M->740M(1024M) 14,340ms
[277,687s][info][gc] GC(5522) Pause Young (Mixed) (G1 Evacuation Pause) 784M->720M(1024M) 11,305ms
[277,763s][info][gc] GC(5523) Pause Young (Normal) (G1 Evacuation Pause) 891M->733M(1024M) 5,294ms
[277,835s][info][gc] GC(5524) Pause Young (Normal) (G1 Evacuation Pause) 893M->746M(1024M) 7,196ms
[277,900s][info][gc] GC(5525) Pause Young (Concurrent Start) (G1 Evacuation Pause) 894M->758M(1024M) 5,755ms
[277,900s][info][gc] GC(5526) Concurrent Mark Cycle
[277,967s][info][gc] GC(5527) Pause Young (Normal) (G1 Evacuation Pause) 895M->769M(1024M) 5,478ms
[278,031s][info][gc] GC(5528) Pause Young (Normal) (G1 Evacuation Pause) 898M->780M(1024M) 5,109ms
[278,089s][info][gc] GC(5529) Pause Young (Normal) (G1 Evacuation Pause) 899M->789M(1024M) 4,947ms
[278,112s][info][gc] GC(5526) Pause Remark 838M->838M(1024M) 0,742ms
[278,145s][info][gc] GC(5530) Pause Young (Normal) (G1 Evacuation Pause) 900M->799M(1024M) 5,067ms
[278,193s][info][gc] GC(5531) Pause Young (Normal) (G1 Evacuation Pause) 902M->807M(1024M) 4,909ms
[278,239s][info][gc] GC(5532) Pause Young (Normal) (G1 Evacuation Pause) 902M->815M(1024M) 4,719ms
[278,266s][info][gc] GC(5526) Pause Cleanup 879M->879M(1024M) 0,338ms
[278,267s][info][gc] GC(5526) Concurrent Mark Cycle 367,651ms
[278,281s][info][gc] GC(5533) Pause Young (Prepare Mixed) (G1 Evacuation Pause) 904M->822M(1024M) 4,391ms
[278,314s][info][gc] GC(5534) Pause Young (Mixed) (G1 Evacuation Pause) 865M->776M(1024M) 14,603ms
[278,347s][info][gc] GC(5535) Pause Young (Mixed) (G1 Evacuation Pause) 823M->740M(1024M) 13,888ms
[278,376s][info][gc] GC(5536) Pause Young (Mixed) (G1 Evacuation Pause) 784M->723M(1024M) 10,655ms
[278,452s][info][gc] GC(5537) Pause Young (Normal) (G1 Evacuation Pause) 891M->735M(1024M) 5,174ms
[278,524s][info][gc] GC(5538) Pause Young (Normal) (G1 Evacuation Pause) 892M->749M(1024M) 7,028ms
[278,588s][info][gc] GC(5539) Pause Young (Concurrent Start) (G1 Evacuation Pause) 895M->759M(1024M) 5,845ms
[278,588s][info][gc] GC(5540) Concurrent Mark Cycle
[278,655s][info][gc] GC(5541) Pause Young (Normal) (G1 Evacuation Pause) 895M->770M(1024M) 5,305ms
[278,718s][info][gc] GC(5542) Pause Young (Normal) (G1 Evacuation Pause) 897M->780M(1024M) 5,164ms
[278,776s][info][gc] GC(5543) Pause Young (Normal) (G1 Evacuation Pause) 898M->790M(1024M) 4,951ms
[278,801s][info][gc] GC(5540) Pause Remark 843M->843M(1024M) 0,919ms
[278,831s][info][gc] GC(5544) Pause Young (Normal) (G1 Evacuation Pause) 900M->799M(1024M) 5,003ms
[278,880s][info][gc] GC(5545) Pause Young (Normal) (G1 Evacuation Pause) 902M->807M(1024M) 4,841ms
[278,925s][info][gc] GC(5546) Pause Young (Normal) (G1 Evacuation Pause) 902M->815M(1024M) 4,695ms
[278,957s][info][gc] GC(5540) Pause Cleanup 888M->888M(1024M) 0,352ms
[278,958s][info][gc] GC(5540) Concurrent Mark Cycle 369,954ms
[278,968s][info][gc] GC(5547) Pause Young (Prepare Mixed) (G1 Evacuation Pause) 904M->822M(1024M) 4,438ms
[279,000s][info][gc] GC(5548) Pause Young (Mixed) (G1 Evacuation Pause) 865M->775M(1024M) 14,250ms
[279,033s][info][gc] GC(5549) Pause Young (Mixed) (G1 Evacuation Pause) 822M->739M(1024M) 14,003ms
[279,063s][info][gc] GC(5550) Pause Young (Mixed) (G1 Evacuation Pause) 783M->721M(1024M) 10,848ms
[279,138s][info][gc] GC(5551) Pause Young (Normal) (G1 Evacuation Pause) 891M->734M(1024M) 5,210ms
[279,210s][info][gc] GC(5552) Pause Young (Normal) (G1 Evacuation Pause) 893M->747M(1024M) 7,128ms
[279,274s][info][gc] GC(5553) Pause Young (Concurrent Start) (G1 Evacuation Pause) 894M->759M(1024M) 5,734ms
[279,274s][info][gc] GC(5554) Concurrent Mark Cycle
[279,342s][info][gc] GC(5555) Pause Young (Normal) (G1 Evacuation Pause) 896M->770M(1024M) 5,415ms
[279,406s][info][gc] GC(5556) Pause Young (Normal) (G1 Evacuation Pause) 898M->781M(1024M) 5,193ms
[279,465s][info][gc] GC(5557) Pause Young (Normal) (G1 Evacuation Pause) 899M->790M(1024M) 4,776ms
[279,490s][info][gc] GC(5554) Pause Remark 842M->842M(1024M) 0,763ms
[279,520s][info][gc] GC(5558) Pause Young (Normal) (G1 Evacuation Pause) 900M->799M(1024M) 4,943ms
[279,569s][info][gc] GC(5559) Pause Young (Normal) (G1 Evacuation Pause) 902M->807M(1024M) 4,930ms
[279,614s][info][gc] GC(5560) Pause Young (Normal) (G1 Evacuation Pause) 902M->815M(1024M) 4,654ms
[279,645s][info][gc] GC(5554) Pause Cleanup 887M->887M(1024M) 0,339ms
[279,646s][info][gc] GC(5554) Concurrent Mark Cycle 371,611ms
[279,657s][info][gc] GC(5561) Pause Young (Prepare Mixed) (G1 Evacuation Pause) 904M->822M(1024M) 4,429ms
[279,689s][info][gc] GC(5562) Pause Young (Mixed) (G1 Evacuation Pause) 865M->777M(1024M) 14,742ms
[279,723s][info][gc] GC(5563) Pause Young (Mixed) (G1 Evacuation Pause) 824M->741M(1024M) 14,367ms
[279,753s][info][gc] GC(5564) Pause Young (Mixed) (G1 Evacuation Pause) 785M->722M(1024M) 11,136ms
[279,828s][info][gc] GC(5565) Pause Young (Normal) (G1 Evacuation Pause) 891M->734M(1024M) 5,160ms
[279,897s][info][gc] GC(5566) Pause Young (Normal) (G1 Evacuation Pause) 892M->748M(1024M) 7,106ms
[279,962s][info][gc] GC(5567) Pause Young (Concurrent Start) (G1 Evacuation Pause) 895M->759M(1024M) 5,880ms
[279,962s][info][gc] GC(5568) Concurrent Mark Cycle
[280,029s][info][gc] GC(5569) Pause Young (Normal) (G1 Evacuation Pause) 896M->770M(1024M) 5,386ms
[280,093s][info][gc] GC(5570) Pause Young (Normal) (G1 Evacuation Pause) 898M->781M(1024M) 5,163ms
[280,151s][info][gc] GC(5571) Pause Young (Normal) (G1 Evacuation Pause) 899M->790M(1024M) 4,794ms
[280,175s][info][gc] GC(5568) Pause Remark 841M->841M(1024M) 0,866ms
[280,205s][info][gc] GC(5572) Pause Young (Normal) (G1 Evacuation Pause) 900M->799M(1024M) 4,935ms
[280,254s][info][gc] GC(5573) Pause Young (Normal) (G1 Evacuation Pause) 902M->807M(1024M) 4,964ms
[280,299s][info][gc] GC(5574) Pause Young (Normal) (G1 Evacuation Pause) 902M->815M(1024M) 4,722ms
[280,329s][info][gc] GC(5568) Pause Cleanup 885M->885M(1024M) 0,364ms
[280,330s][info][gc] GC(5568) Concurrent Mark Cycle 367,643ms
[280,341s][info][gc] GC(5575) Pause Young (Prepare Mixed) (G1 Evacuation Pause) 904M->822M(1024M) 4,462ms
[280,373s][info][gc] GC(5576) Pause Young (Mixed) (G1 Evacuation Pause) 865M->776M(1024M) 14,244ms
[280,407s][info][gc] GC(5577) Pause Young (Mixed) (G1 Evacuation Pause) 823M->739M(1024M) 14,534ms
[280,436s][info][gc] GC(5578) Pause Young (Mixed) (G1 Evacuation Pause) 783M->721M(1024M) 10,709ms
[280,511s][info][gc] GC(5579) Pause Young (Normal) (G1 Evacuation Pause) 891M->733M(1024M) 5,193ms
[280,582s][info][gc] GC(5580) Pause Young (Normal) (G1 Evacuation Pause) 892M->746M(1024M) 7,016ms
[280,646s][info][gc] GC(5581) Pause Young (Concurrent Start) (G1 Evacuation Pause) 894M->757M(1024M) 5,679ms
[280,647s][info][gc] GC(5582) Concurrent Mark Cycle
[280,715s][info][gc] GC(5583) Pause Young (Normal) (G1 Evacuation Pause) 896M->769M(1024M) 5,399ms
[280,778s][info][gc] GC(5584) Pause Young (Normal) (G1 Evacuation Pause) 898M->780M(1024M) 5,118ms
[280,837s][info][gc] GC(5585) Pause Young (Normal) (G1 Evacuation Pause) 899M->789M(1024M) 4,852ms
[280,860s][info][gc] GC(5582) Pause Remark 837M->837M(1024M) 0,901ms
[280,892s][info][gc] GC(5586) Pause Young (Normal) (G1 Evacuation Pause) 900M->798M(1024M) 5,034ms
[280,941s][info][gc] GC(5587) Pause Young (Normal) (G1 Evacuation Pause) 901M->806M(1024M) 4,804ms
[280,987s][info][gc] GC(5588) Pause Young (Normal) (G1 Evacuation Pause) 902M->814M(1024M) 4,558ms
[281,016s][info][gc] GC(5582) Pause Cleanup 879M->879M(1024M) 0,372ms
[281,017s][info][gc] GC(5582) Concurrent Mark Cycle 370,470ms
[281,031s][info][gc] GC(5589) Pause Young (Prepare Mixed) (G1 Evacuation Pause) 904M->821M(1024M) 4,381ms
[281,062s][info][gc] GC(5590) Pause Young (Mixed) (G1 Evacuation Pause) 864M->776M(1024M) 14,494ms
[281,096s][info][gc] GC(5591) Pause Young (Mixed) (G1 Evacuation Pause) 823M->739M(1024M) 14,411ms
[281,125s][info][gc] GC(5592) Pause Young (Mixed) (G1 Evacuation Pause) 783M->720M(1024M) 11,120ms
[281,200s][info][gc] GC(5593) Pause Young (Normal) (G1 Evacuation Pause) 891M->732M(1024M) 5,263ms
[281,272s][info][gc] GC(5594) Pause Young (Normal) (G1 Evacuation Pause) 892M->747M(1024M) 7,162ms
[281,337s][info][gc] GC(5595) Pause Young (Concurrent Start) (G1 Evacuation Pause) 895M->758M(1024M) 5,780ms
[281,337s][info][gc] GC(5596) Concurrent Mark Cycle
[281,405s][info][gc] GC(5597) Pause Young (Normal) (G1 Evacuation Pause) 896M->768M(1024M) 5,437ms
[281,469s][info][gc] GC(5598) Pause Young (Normal) (G1 Evacuation Pause) 898M->779M(1024M) 5,057ms
[281,528s][info][gc] GC(5599) Pause Young (Normal) (G1 Evacuation Pause) 899M->789M(1024M) 4,851ms
[281,550s][info][gc] GC(5596) Pause Remark 835M->835M(1024M) 0,973ms
[281,583s][info][gc] GC(5600) Pause Young (Normal) (G1 Evacuation Pause) 900M->798M(1024M) 5,110ms
[281,632s][info][gc] GC(5601) Pause Young (Normal) (G1 Evacuation Pause) 902M->806M(1024M) 4,931ms
[281,678s][info][gc] GC(5602) Pause Young (Normal) (G1 Evacuation Pause) 902M->814M(1024M) 4,796ms
[281,705s][info][gc] GC(5596) Pause Cleanup 876M->876M(1024M) 0,361ms
[281,706s][info][gc] GC(5596) Concurrent Mark Cycle 368,982ms
[281,721s][info][gc] GC(5603) Pause Young (Prepare Mixed) (G1 Evacuation Pause) 904M->822M(1024M) 4,351ms
[281,754s][info][gc] GC(5604) Pause Young (Mixed) (G1 Evacuation Pause) 865M->776M(1024M) 14,041ms
[281,788s][info][gc] GC(5605) Pause Young (Mixed) (G1 Evacuation Pause) 823M->740M(1024M) 14,162ms
[281,818s][info][gc] GC(5606) Pause Young (Mixed) (G1 Evacuation Pause) 784M->721M(1024M) 11,874ms
[281,893s][info][gc] GC(5607) Pause Young (Normal) (G1 Evacuation Pause) 891M->733M(1024M) 5,221ms
[281,965s][info][gc] GC(5608) Pause Young (Normal) (G1 Evacuation Pause) 892M->746M(1024M) 7,123ms
[282,030s][info][gc] GC(5609) Pause Young (Concurrent Start) (G1 Evacuation Pause) 894M->759M(1024M) 5,898ms
[282,030s][info][gc] GC(5610) Concurrent Mark Cycle
[282,098s][info][gc] GC(5611) Pause Young (Normal) (G1 Evacuation Pause) 896M->769M(1024M) 5,403ms
[282,161s][info][gc] GC(5612) Pause Young (Normal) (G1 Evacuation Pause) 898M->780M(1024M) 5,068ms
[282,220s][info][gc] GC(5613) Pause Young (Normal) (G1 Evacuation Pause) 899M->789M(1024M) 4,881ms
[282,243s][info][gc] GC(5610) Pause Remark 839M->839M(1024M) 0,765ms
[282,275s][info][gc] GC(5614) Pause Young (Normal) (G1 Evacuation Pause) 900M->798M(1024M) 5,085ms
[282,324s][info][gc] GC(5615) Pause Young (Normal) (G1 Evacuation Pause) 902M->807M(1024M) 4,878ms
[282,370s][info][gc] GC(5616) Pause Young (Normal) (G1 Evacuation Pause) 903M->815M(1024M) 4,748ms
[282,398s][info][gc] GC(5610) Pause Cleanup 878M->878M(1024M) 0,323ms
[282,399s][info][gc] GC(5610) Concurrent Mark Cycle 368,570ms
[282,413s][info][gc] GC(5617) Pause Young (Prepare Mixed) (G1 Evacuation Pause) 904M->822M(1024M) 4,294ms
[282,445s][info][gc] GC(5618) Pause Young (Mixed) (G1 Evacuation Pause) 865M->776M(1024M) 14,234ms
[282,479s][info][gc] GC(5619) Pause Young (Mixed) (G1 Evacuation Pause) 823M->739M(1024M) 14,165ms
[282,508s][info][gc] GC(5620) Pause Young (Mixed) (G1 Evacuation Pause) 783M->722M(1024M) 10,426ms
[282,583s][info][gc] GC(5621) Pause Young (Normal) (G1 Evacuation Pause) 891M->734M(1024M) 5,349ms
[282,655s][info][gc] GC(5622) Pause Young (Normal) (G1 Evacuation Pause) 892M->748M(1024M) 7,148ms
[282,719s][info][gc] GC(5623) Pause Young (Concurrent Start) (G1 Evacuation Pause) 895M->758M(1024M) 5,765ms
[282,719s][info][gc] GC(5624) Concurrent Mark Cycle
[282,787s][info][gc] GC(5625) Pause Young (Normal) (G1 Evacuation Pause) 896M->770M(1024M) 5,531ms
[282,850s][info][gc] GC(5626) Pause Young (Normal) (G1 Evacuation Pause) 897M->781M(1024M) 5,035ms
[282,908s][info][gc] GC(5627) Pause Young (Normal) (G1 Evacuation Pause) 899M->789M(1024M) 4,803ms
[282,932s][info][gc] GC(5624) Pause Remark 841M->841M(1024M) 0,993ms
[282,962s][info][gc] GC(5628) Pause Young (Normal) (G1 Evacuation Pause) 900M->798M(1024M) 5,019ms
[283,012s][info][gc] GC(5629) Pause Young (Normal) (G1 Evacuation Pause) 902M->807M(1024M) 4,947ms
[283,058s][info][gc] GC(5630) Pause Young (Normal) (G1 Evacuation Pause) 903M->814M(1024M) 4,762ms
[283,087s][info][gc] GC(5624) Pause Cleanup 883M->883M(1024M) 0,320ms
[283,088s][info][gc] GC(5624) Concurrent Mark Cycle 368,727ms
[283,100s][info][gc] GC(5631) Pause Young (Prepare Mixed) (G1 Evacuation Pause) 903M->822M(1024M) 4,445ms
[283,133s][info][gc] GC(5632) Pause Young (Mixed) (G1 Evacuation Pause) 865M->776M(1024M) 14,086ms
[283,167s][info][gc] GC(5633) Pause Young (Mixed) (G1 Evacuation Pause) 823M->741M(1024M) 14,414ms
[283,196s][info][gc] GC(5634) Pause Young (Mixed) (G1 Evacuation Pause) 785M->723M(1024M) 11,194ms
[283,270s][info][gc] GC(5635) Pause Young (Normal) (G1 Evacuation Pause) 891M->735M(1024M) 5,291ms
[283,339s][info][gc] GC(5636) Pause Young (Normal) (G1 Evacuation Pause) 892M->748M(1024M) 7,026ms
[283,404s][info][gc] GC(5637) Pause Young (Concurrent Start) (G1 Evacuation Pause) 895M->760M(1024M) 5,705ms
[283,404s][info][gc] GC(5638) Concurrent Mark Cycle
[283,471s][info][gc] GC(5639) Pause Young (Normal) (G1 Evacuation Pause) 896M->770M(1024M) 5,493ms
[283,534s][info][gc] GC(5640) Pause Young (Normal) (G1 Evacuation Pause) 898M->781M(1024M) 5,151ms
[283,592s][info][gc] GC(5641) Pause Young (Normal) (G1 Evacuation Pause) 899M->790M(1024M) 4,961ms
[283,617s][info][gc] GC(5638) Pause Remark 842M->842M(1024M) 0,928ms
[283,647s][info][gc] GC(5642) Pause Young (Normal) (G1 Evacuation Pause) 901M->799M(1024M) 5,014ms
[283,695s][info][gc] GC(5643) Pause Young (Normal) (G1 Evacuation Pause) 901M->807M(1024M) 5,006ms
[283,741s][info][gc] GC(5644) Pause Young (Normal) (G1 Evacuation Pause) 902M->814M(1024M) 4,760ms
[283,771s][info][gc] GC(5638) Pause Cleanup 883M->883M(1024M) 0,363ms
[283,772s][info][gc] GC(5638) Concurrent Mark Cycle 368,297ms
[283,784s][info][gc] GC(5645) Pause Young (Prepare Mixed) (G1 Evacuation Pause) 903M->822M(1024M) 4,339ms
[283,816s][info][gc] GC(5646) Pause Young (Mixed) (G1 Evacuation Pause) 865M->775M(1024M) 13,914ms
[283,851s][info][gc] GC(5647) Pause Young (Mixed) (G1 Evacuation Pause) 822M->739M(1024M) 14,630ms
[283,881s][info][gc] GC(5648) Pause Young (Mixed) (G1 Evacuation Pause) 783M->718M(1024M) 11,159ms
[283,958s][info][gc] GC(5649) Pause Young (Normal) (G1 Evacuation Pause) 891M->731M(1024M) 5,291ms
[284,030s][info][gc] GC(5650) Pause Young (Normal) (G1 Evacuation Pause) 892M->745M(1024M) 7,269ms
[284,096s][info][gc] GC(5651) Pause Young (Concurrent Start) (G1 Evacuation Pause) 894M->757M(1024M) 5,861ms
[284,096s][info][gc] GC(5652) Concurrent Mark Cycle
[284,164s][info][gc] GC(5653) Pause Young (Normal) (G1 Evacuation Pause) 896M->767M(1024M) 5,366ms
[284,228s][info][gc] GC(5654) Pause Young (Normal) (G1 Evacuation Pause) 897M->778M(1024M) 5,230ms
[284,288s][info][gc] GC(5655) Pause Young (Normal) (G1 Evacuation Pause) 899M->787M(1024M) 4,922ms
[284,309s][info][gc] GC(5652) Pause Remark 831M->831M(1024M) 0,906ms
[284,343s][info][gc] GC(5656) Pause Young (Normal) (G1 Evacuation Pause) 899M->797M(1024M) 4,988ms
[284,397s][info][gc] GC(5657) Pause Young (Normal) (G1 Evacuation Pause) 901M->805M(1024M) 5,643ms
[284,449s][info][gc] GC(5658) Pause Young (Normal) (G1 Evacuation Pause) 903M->813M(1024M) 4,756ms
[284,473s][info][gc] GC(5652) Pause Cleanup 867M->867M(1024M) 0,308ms
[284,475s][info][gc] GC(5652) Concurrent Mark Cycle 378,812ms
[284,494s][info][gc] GC(5659) Pause Young (Prepare Mixed) (G1 Evacuation Pause) 904M->820M(1024M) 4,250ms
[284,527s][info][gc] GC(5660) Pause Young (Mixed) (G1 Evacuation Pause) 863M->775M(1024M) 14,436ms
[284,562s][info][gc] GC(5661) Pause Young (Mixed) (G1 Evacuation Pause) 822M->740M(1024M) 14,138ms
[284,591s][info][gc] GC(5662) Pause Young (Mixed) (G1 Evacuation Pause) 784M->723M(1024M) 10,208ms
[284,665s][info][gc] GC(5663) Pause Young (Normal) (G1 Evacuation Pause) 891M->735M(1024M) 5,158ms
[284,735s][info][gc] GC(5664) Pause Young (Normal) (G1 Evacuation Pause) 892M->748M(1024M) 6,920ms
[284,800s][info][gc] GC(5665) Pause Young (Concurrent Start) (G1 Evacuation Pause) 895M->760M(1024M) 5,706ms
[284,800s][info][gc] GC(5666) Concurrent Mark Cycle
[284,867s][info][gc] GC(5667) Pause Young (Normal) (G1 Evacuation Pause) 896M->770M(1024M) 5,296ms
[284,932s][info][gc] GC(5668) Pause Young (Normal) (G1 Evacuation Pause) 898M->781M(1024M) 4,977ms
[284,991s][info][gc] GC(5669) Pause Young (Normal) (G1 Evacuation Pause) 899M->790M(1024M) 4,880ms
[285,014s][info][gc] GC(5666) Pause Remark 841M->841M(1024M) 0,739ms
[285,045s][info][gc] GC(5670) Pause Young (Normal) (G1 Evacuation Pause) 900M->799M(1024M) 4,860ms
[285,094s][info][gc] GC(5671) Pause Young (Normal) (G1 Evacuation Pause) 902M->808M(1024M) 4,851ms
[285,139s][info][gc] GC(5672) Pause Young (Normal) (G1 Evacuation Pause) 903M->815M(1024M) 4,680ms
[285,168s][info][gc] GC(5666) Pause Cleanup 883M->883M(1024M) 0,351ms
[285,169s][info][gc] GC(5666) Concurrent Mark Cycle 369,427ms
[285,182s][info][gc] GC(5673) Pause Young (Prepare Mixed) (G1 Evacuation Pause) 904M->822M(1024M) 4,280ms
[285,214s][info][gc] GC(5674) Pause Young (Mixed) (G1 Evacuation Pause) 865M->776M(1024M) 14,086ms
[285,248s][info][gc] GC(5675) Pause Young (Mixed) (G1 Evacuation Pause) 823M->739M(1024M) 14,230ms
[285,278s][info][gc] GC(5676) Pause Young (Mixed) (G1 Evacuation Pause) 783M->719M(1024M) 11,573ms
[285,354s][info][gc] GC(5677) Pause Young (Normal) (G1 Evacuation Pause) 891M->732M(1024M) 5,251ms
[285,426s][info][gc] GC(5678) Pause Young (Normal) (G1 Evacuation Pause) 893M->745M(1024M) 7,089ms
[285,491s][info][gc] GC(5679) Pause Young (Concurrent Start) (G1 Evacuation Pause) 894M->757M(1024M) 5,854ms
[285,491s][info][gc] GC(5680) Concurrent Mark Cycle
[285,559s][info][gc] GC(5681) Pause Young (Normal) (G1 Evacuation Pause) 896M->767M(1024M) 5,424ms
[285,623s][info][gc] GC(5682) Pause Young (Normal) (G1 Evacuation Pause) 897M->778M(1024M) 5,055ms
[285,683s][info][gc] GC(5683) Pause Young (Normal) (G1 Evacuation Pause) 899M->788M(1024M) 5,014ms
[285,704s][info][gc] GC(5680) Pause Remark 831M->831M(1024M) 0,867ms
[285,739s][info][gc] GC(5684) Pause Young (Normal) (G1 Evacuation Pause) 900M->796M(1024M) 5,140ms
[285,788s][info][gc] GC(5685) Pause Young (Normal) (G1 Evacuation Pause) 901M->805M(1024M) 4,969ms
[285,835s][info][gc] GC(5686) Pause Young (Normal) (G1 Evacuation Pause) 903M->813M(1024M) 4,854ms
[285,858s][info][gc] GC(5680) Pause Cleanup 865M->865M(1024M) 0,362ms
[285,859s][info][gc] GC(5680) Concurrent Mark Cycle 367,874ms
[285,879s][info][gc] GC(5687) Pause Young (Prepare Mixed) (G1 Evacuation Pause) 904M->820M(1024M) 4,561ms
[285,911s][info][gc] GC(5688) Pause Young (Mixed) (G1 Evacuation Pause) 863M->775M(1024M) 14,654ms
[285,945s][info][gc] GC(5689) Pause Young (Mixed) (G1 Evacuation Pause) 822M->738M(1024M) 14,443ms
[285,974s][info][gc] GC(5690) Pause Young (Mixed) (G1 Evacuation Pause) 782M->722M(1024M) 10,299ms
[286,050s][info][gc] GC(5691) Pause Young (Normal) (G1 Evacuation Pause) 891M->735M(1024M) 5,246ms
[286,122s][info][gc] GC(5692) Pause Young (Normal) (G1 Evacuation Pause) 893M->748M(1024M) 7,091ms
[286,186s][info][gc] GC(5693) Pause Young (Concurrent Start) (G1 Evacuation Pause) 895M->760M(1024M) 5,668ms
[286,186s][info][gc] GC(5694) Concurrent Mark Cycle
[286,253s][info][gc] GC(5695) Pause Young (Normal) (G1 Evacuation Pause) 896M->770M(1024M) 5,372ms
[286,316s][info][gc] GC(5696) Pause Young (Normal) (G1 Evacuation Pause) 898M->781M(1024M) 5,051ms
[286,374s][info][gc] GC(5697) Pause Young (Normal) (G1 Evacuation Pause) 899M->791M(1024M) 4,866ms
[286,398s][info][gc] GC(5694) Pause Remark 843M->843M(1024M) 0,783ms
[286,428s][info][gc] GC(5698) Pause Young (Normal) (G1 Evacuation Pause) 901M->800M(1024M) 5,061ms
[286,477s][info][gc] GC(5699) Pause Young (Normal) (G1 Evacuation Pause) 902M->808M(1024M) 4,851ms
[286,522s][info][gc] GC(5700) Pause Young (Normal) (G1 Evacuation Pause) 902M->816M(1024M) 4,728ms
[286,552s][info][gc] GC(5694) Pause Cleanup 887M->887M(1024M) 0,386ms
[286,553s][info][gc] GC(5694) Concurrent Mark Cycle 367,568ms
[286,564s][info][gc] GC(5701) Pause Young (Prepare Mixed) (G1 Evacuation Pause) 904M->823M(1024M) 4,485ms
[286,596s][info][gc] GC(5702) Pause Young (Mixed) (G1 Evacuation Pause) 866M->777M(1024M) 14,226ms
[286,630s][info][gc] GC(5703) Pause Young (Mixed) (G1 Evacuation Pause) 824M->740M(1024M) 14,438ms
[286,660s][info][gc] GC(5704) Pause Young (Mixed) (G1 Evacuation Pause) 784M->721M(1024M) 11,387ms
[286,736s][info][gc] GC(5705) Pause Young (Normal) (G1 Evacuation Pause) 891M->734M(1024M) 5,216ms
[286,807s][info][gc] GC(5706) Pause Young (Normal) (G1 Evacuation Pause) 893M->747M(1024M) 7,178ms
[286,873s][info][gc] GC(5707) Pause Young (Concurrent Start) (G1 Evacuation Pause) 895M->759M(1024M) 5,790ms
[286,873s][info][gc] GC(5708) Concurrent Mark Cycle
[286,941s][info][gc] GC(5709) Pause Young (Normal) (G1 Evacuation Pause) 896M->769M(1024M) 5,396ms
[287,004s][info][gc] GC(5710) Pause Young (Normal) (G1 Evacuation Pause) 898M->779M(1024M) 5,152ms
[287,063s][info][gc] GC(5711) Pause Young (Normal) (G1 Evacuation Pause) 898M->789M(1024M) 4,778ms
[287,086s][info][gc] GC(5708) Pause Remark 837M->837M(1024M) 0,954ms
[287,118s][info][gc] GC(5712) Pause Young (Normal) (G1 Evacuation Pause) 900M->798M(1024M) 5,031ms
[287,167s][info][gc] GC(5713) Pause Young (Normal) (G1 Evacuation Pause) 901M->806M(1024M) 4,858ms
[287,213s][info][gc] GC(5714) Pause Young (Normal) (G1 Evacuation Pause) 902M->814M(1024M) 4,755ms
[287,240s][info][gc] GC(5708) Pause Cleanup 877M->877M(1024M) 0,369ms
[287,241s][info][gc] GC(5708) Concurrent Mark Cycle 368,330ms
[287,256s][info][gc] GC(5715) Pause Young (Prepare Mixed) (G1 Evacuation Pause) 904M->821M(1024M) 4,549ms
[287,288s][info][gc] GC(5716) Pause Young (Mixed) (G1 Evacuation Pause) 864M->774M(1024M) 13,826ms
[287,321s][info][gc] GC(5717) Pause Young (Mixed) (G1 Evacuation Pause) 821M->739M(1024M) 14,344ms
[287,351s][info][gc] GC(5718) Pause Young (Mixed) (G1 Evacuation Pause) 783M->722M(1024M) 10,956ms
[287,426s][info][gc] GC(5719) Pause Young (Normal) (G1 Evacuation Pause) 891M->734M(1024M) 5,160ms
[287,496s][info][gc] GC(5720) Pause Young (Normal) (G1 Evacuation Pause) 892M->747M(1024M) 7,245ms
[287,563s][info][gc] GC(5721) Pause Young (Concurrent Start) (G1 Evacuation Pause) 895M->760M(1024M) 6,449ms
[287,563s][info][gc] GC(5722) Concurrent Mark Cycle
[287,631s][info][gc] GC(5723) Pause Young (Normal) (G1 Evacuation Pause) 896M->770M(1024M) 5,323ms
[287,701s][info][gc] GC(5724) Pause Young (Normal) (G1 Evacuation Pause) 898M->780M(1024M) 5,096ms
[287,759s][info][gc] GC(5725) Pause Young (Normal) (G1 Evacuation Pause) 898M->790M(1024M) 4,874ms
[287,784s][info][gc] GC(5722) Pause Remark 843M->843M(1024M) 0,752ms
[287,814s][info][gc] GC(5726) Pause Young (Normal) (G1 Evacuation Pause) 901M->799M(1024M) 5,043ms
[287,863s][info][gc] GC(5727) Pause Young (Normal) (G1 Evacuation Pause) 902M->807M(1024M) 4,907ms
[287,908s][info][gc] GC(5728) Pause Young (Normal) (G1 Evacuation Pause) 902M->815M(1024M) 4,733ms
[287,939s][info][gc] GC(5722) Pause Cleanup 884M->884M(1024M) 0,305ms
[287,940s][info][gc] GC(5722) Concurrent Mark Cycle 377,111ms
[287,952s][info][gc] GC(5729) Pause Young (Prepare Mixed) (G1 Evacuation Pause) 904M->822M(1024M) 4,384ms
[287,985s][info][gc] GC(5730) Pause Young (Mixed) (G1 Evacuation Pause) 865M->776M(1024M) 14,058ms
[288,019s][info][gc] GC(5731) Pause Young (Mixed) (G1 Evacuation Pause) 823M->740M(1024M) 14,256ms
[288,049s][info][gc] GC(5732) Pause Young (Mixed) (G1 Evacuation Pause) 784M->721M(1024M) 11,213ms
[288,123s][info][gc] GC(5733) Pause Young (Normal) (G1 Evacuation Pause) 891M->733M(1024M) 5,203ms
[288,194s][info][gc] GC(5734) Pause Young (Normal) (G1 Evacuation Pause) 892M->747M(1024M) 7,062ms
[288,259s][info][gc] GC(5735) Pause Young (Concurrent Start) (G1 Evacuation Pause) 895M->758M(1024M) 5,832ms
[288,259s][info][gc] GC(5736) Concurrent Mark Cycle
[288,326s][info][gc] GC(5737) Pause Young (Normal) (G1 Evacuation Pause) 895M->769M(1024M) 5,456ms
[288,389s][info][gc] GC(5738) Pause Young (Normal) (G1 Evacuation Pause) 897M->780M(1024M) 5,039ms
[288,448s][info][gc] GC(5739) Pause Young (Normal) (G1 Evacuation Pause) 899M->789M(1024M) 4,897ms
[288,472s][info][gc] GC(5736) Pause Remark 840M->840M(1024M) 0,755ms
[288,503s][info][gc] GC(5740) Pause Young (Normal) (G1 Evacuation Pause) 900M->798M(1024M) 5,151ms
[288,551s][info][gc] GC(5741) Pause Young (Normal) (G1 Evacuation Pause) 901M->807M(1024M) 4,958ms
[288,597s][info][gc] GC(5742) Pause Young (Normal) (G1 Evacuation Pause) 903M->814M(1024M) 4,769ms
[288,627s][info][gc] GC(5736) Pause Cleanup 883M->883M(1024M) 0,356ms
[288,628s][info][gc] GC(5736) Concurrent Mark Cycle 369,274ms
[288,640s][info][gc] GC(5743) Pause Young (Prepare Mixed) (G1 Evacuation Pause) 904M->822M(1024M) 4,416ms
[288,672s][info][gc] GC(5744) Pause Young (Mixed) (G1 Evacuation Pause) 865M->776M(1024M) 13,967ms
[288,706s][info][gc] GC(5745) Pause Young (Mixed) (G1 Evacuation Pause) 823M->739M(1024M) 14,223ms
[288,735s][info][gc] GC(5746) Pause Young (Mixed) (G1 Evacuation Pause) 783M->721M(1024M) 10,918ms
[288,810s][info][gc] GC(5747) Pause Young (Normal) (G1 Evacuation Pause) 891M->734M(1024M) 5,246ms
[288,880s][info][gc] GC(5748) Pause Young (Normal) (G1 Evacuation Pause) 893M->747M(1024M) 7,139ms
[288,945s][info][gc] GC(5749) Pause Young (Concurrent Start) (G1 Evacuation Pause) 895M->759M(1024M) 5,850ms
[288,945s][info][gc] GC(5750) Concurrent Mark Cycle
[289,012s][info][gc] GC(5751) Pause Young (Normal) (G1 Evacuation Pause) 896M->770M(1024M) 5,383ms
[289,076s][info][gc] GC(5752) Pause Young (Normal) (G1 Evacuation Pause) 898M->780M(1024M) 5,078ms
[289,134s][info][gc] GC(5753) Pause Young (Normal) (G1 Evacuation Pause) 899M->789M(1024M) 4,838ms
[289,158s][info][gc] GC(5750) Pause Remark 839M->839M(1024M) 0,798ms
[289,189s][info][gc] GC(5754) Pause Young (Normal) (G1 Evacuation Pause) 900M->798M(1024M) 4,967ms
[289,238s][info][gc] GC(5755) Pause Young (Normal) (G1 Evacuation Pause) 901M->807M(1024M) 4,945ms
[289,283s][info][gc] GC(5756) Pause Young (Normal) (G1 Evacuation Pause) 903M->814M(1024M) 4,734ms
[289,312s][info][gc] GC(5750) Pause Cleanup 881M->881M(1024M) 0,332ms
[289,313s][info][gc] GC(5750) Concurrent Mark Cycle 368,361ms
[289,326s][info][gc] GC(5757) Pause Young (Prepare Mixed) (G1 Evacuation Pause) 904M->821M(1024M) 4,414ms
[289,358s][info][gc] GC(5758) Pause Young (Mixed) (G1 Evacuation Pause) 864M->775M(1024M) 14,074ms
[289,392s][info][gc] GC(5759) Pause Young (Mixed) (G1 Evacuation Pause) 822M->739M(1024M) 14,547ms
[289,421s][info][gc] GC(5760) Pause Young (Mixed) (G1 Evacuation Pause) 783M->722M(1024M) 10,985ms
[289,496s][info][gc] GC(5761) Pause Young (Normal) (G1 Evacuation Pause) 891M->735M(1024M) 5,129ms
[289,566s][info][gc] GC(5762) Pause Young (Normal) (G1 Evacuation Pause) 893M->748M(1024M) 7,060ms
[289,631s][info][gc] GC(5763) Pause Young (Concurrent Start) (G1 Evacuation Pause) 895M->759M(1024M) 5,827ms
[289,631s][info][gc] GC(5764) Concurrent Mark Cycle
[289,698s][info][gc] GC(5765) Pause Young (Normal) (G1 Evacuation Pause) 895M->770M(1024M) 5,405ms
[289,761s][info][gc] GC(5766) Pause Young (Normal) (G1 Evacuation Pause) 898M->781M(1024M) 5,086ms
[289,819s][info][gc] GC(5767) Pause Young (Normal) (G1 Evacuation Pause) 899M->789M(1024M) 4,829ms
[289,843s][info][gc] GC(5764) Pause Remark 841M->841M(1024M) 0,732ms
[289,874s][info][gc] GC(5768) Pause Young (Normal) (G1 Evacuation Pause) 900M->799M(1024M) 5,177ms
[289,923s][info][gc] GC(5769) Pause Young (Normal) (G1 Evacuation Pause) 902M->807M(1024M) 4,880ms
[289,968s][info][gc] GC(5770) Pause Young (Normal) (G1 Evacuation Pause) 902M->814M(1024M) 4,723ms
[289,998s][info][gc] GC(5764) Pause Cleanup 884M->884M(1024M) 0,349ms
[289,999s][info][gc] GC(5764) Concurrent Mark Cycle 368,045ms
[290,010s][info][gc] GC(5771) Pause Young (Prepare Mixed) (G1 Evacuation Pause) 903M->822M(1024M) 4,383ms
[290,042s][info][gc] GC(5772) Pause Young (Mixed) (G1 Evacuation Pause) 865M->776M(1024M) 13,991ms
[290,076s][info][gc] GC(5773) Pause Young (Mixed) (G1 Evacuation Pause) 823M->739M(1024M) 14,249ms
[290,107s][info][gc] GC(5774) Pause Young (Mixed) (G1 Evacuation Pause) 783M->720M(1024M) 11,544ms
[290,183s][info][gc] GC(5775) Pause Young (Normal) (G1 Evacuation Pause) 891M->732M(1024M) 5,488ms
[290,254s][info][gc] GC(5776) Pause Young (Normal) (G1 Evacuation Pause) 892M->745M(1024M) 7,113ms
[290,321s][info][gc] GC(5777) Pause Young (Concurrent Start) (G1 Evacuation Pause) 894M->758M(1024M) 5,784ms
[290,322s][info][gc] GC(5778) Concurrent Mark Cycle
[290,390s][info][gc] GC(5779) Pause Young (Normal) (G1 Evacuation Pause) 896M->769M(1024M) 5,515ms
[290,454s][info][gc] GC(5780) Pause Young (Normal) (G1 Evacuation Pause) 898M->778M(1024M) 5,182ms
[290,513s][info][gc] GC(5781) Pause Young (Normal) (G1 Evacuation Pause) 898M->788M(1024M) 4,787ms
[290,536s][info][gc] GC(5778) Pause Remark 836M->836M(1024M) 0,677ms
[290,569s][info][gc] GC(5782) Pause Young (Normal) (G1 Evacuation Pause) 900M->797M(1024M) 4,981ms
[290,619s][info][gc] GC(5783) Pause Young (Normal) (G1 Evacuation Pause) 901M->805M(1024M) 4,922ms
[290,665s][info][gc] GC(5784) Pause Young (Normal) (G1 Evacuation Pause) 903M->813M(1024M) 4,876ms
[290,691s][info][gc] GC(5778) Pause Cleanup 873M->873M(1024M) 0,346ms
[290,692s][info][gc] GC(5778) Concurrent Mark Cycle 370,490ms
[290,709s][info][gc] GC(5785) Pause Young (Prepare Mixed) (G1 Evacuation Pause) 904M->820M(1024M) 4,479ms
[290,741s][info][gc] GC(5786) Pause Young (Mixed) (G1 Evacuation Pause) 863M->775M(1024M) 14,123ms
[290,775s][info][gc] GC(5787) Pause Young (Mixed) (G1 Evacuation Pause) 822M->738M(1024M) 14,225ms
[290,804s][info][gc] GC(5788) Pause Young (Mixed) (G1 Evacuation Pause) 782M->719M(1024M) 10,744ms
[290,881s][info][gc] GC(5789) Pause Young (Normal) (G1 Evacuation Pause) 891M->732M(1024M) 5,235ms
[290,955s][info][gc] GC(5790) Pause Young (Normal) (G1 Evacuation Pause) 893M->745M(1024M) 7,125ms
[291,021s][info][gc] GC(5791) Pause Young (Concurrent Start) (G1 Evacuation Pause) 893M->757M(1024M) 5,795ms
[291,021s][info][gc] GC(5792) Concurrent Mark Cycle
[291,090s][info][gc] GC(5793) Pause Young (Normal) (G1 Evacuation Pause) 896M->768M(1024M) 5,442ms
[291,153s][info][gc] GC(5794) Pause Young (Normal) (G1 Evacuation Pause) 897M->779M(1024M) 5,140ms
[291,212s][info][gc] GC(5795) Pause Young (Normal) (G1 Evacuation Pause) 899M->789M(1024M) 4,794ms
[291,234s][info][gc] GC(5792) Pause Remark 835M->835M(1024M) 0,755ms
[291,267s][info][gc] GC(5796) Pause Young (Normal) (G1 Evacuation Pause) 900M->798M(1024M) 5,011ms
[291,316s][info][gc] GC(5797) Pause Young (Normal) (G1 Evacuation Pause) 902M->806M(1024M) 4,940ms
[291,362s][info][gc] GC(5798) Pause Young (Normal) (G1 Evacuation Pause) 903M->813M(1024M) 4,682ms
[291,388s][info][gc] GC(5792) Pause Cleanup 875M->875M(1024M) 0,349ms
[291,390s][info][gc] GC(5792) Concurrent Mark Cycle 368,610ms
[291,405s][info][gc] GC(5799) Pause Young (Prepare Mixed) (G1 Evacuation Pause) 904M->821M(1024M) 4,404ms
[291,438s][info][gc] GC(5800) Pause Young (Mixed) (G1 Evacuation Pause) 864M->776M(1024M) 14,602ms
[291,472s][info][gc] GC(5801) Pause Young (Mixed) (G1 Evacuation Pause) 823M->740M(1024M) 14,265ms
[291,502s][info][gc] GC(5802) Pause Young (Mixed) (G1 Evacuation Pause) 784M->722M(1024M) 11,099ms
[291,577s][info][gc] GC(5803) Pause Young (Normal) (G1 Evacuation Pause) 891M->735M(1024M) 5,171ms
[291,647s][info][gc] GC(5804) Pause Young (Normal) (G1 Evacuation Pause) 893M->748M(1024M) 7,113ms
[291,711s][info][gc] GC(5805) Pause Young (Concurrent Start) (G1 Evacuation Pause) 894M->759M(1024M) 5,818ms
[291,711s][info][gc] GC(5806) Concurrent Mark Cycle
[291,778s][info][gc] GC(5807) Pause Young (Normal) (G1 Evacuation Pause) 895M->770M(1024M) 5,381ms
[291,841s][info][gc] GC(5808) Pause Young (Normal) (G1 Evacuation Pause) 898M->781M(1024M) 4,974ms
[291,899s][info][gc] GC(5809) Pause Young (Normal) (G1 Evacuation Pause) 899M->790M(1024M) 4,865ms
[291,924s][info][gc] GC(5806) Pause Remark 842M->842M(1024M) 0,858ms
[291,954s][info][gc] GC(5810) Pause Young (Normal) (G1 Evacuation Pause) 901M->799M(1024M) 4,977ms
[292,003s][info][gc] GC(5811) Pause Young (Normal) (G1 Evacuation Pause) 902M->807M(1024M) 4,810ms
[292,048s][info][gc] GC(5812) Pause Young (Normal) (G1 Evacuation Pause) 902M->815M(1024M) 4,672ms
[292,078s][info][gc] GC(5806) Pause Cleanup 884M->884M(1024M) 0,367ms
[292,079s][info][gc] GC(5806) Concurrent Mark Cycle 368,665ms
[292,092s][info][gc] GC(5813) Pause Young (Prepare Mixed) (G1 Evacuation Pause) 904M->822M(1024M) 4,353ms
[292,124s][info][gc] GC(5814) Pause Young (Mixed) (G1 Evacuation Pause) 865M->775M(1024M) 13,758ms
[292,160s][info][gc] GC(5815) Pause Young (Mixed) (G1 Evacuation Pause) 822M->738M(1024M) 14,990ms
[292,189s][info][gc] GC(5816) Pause Young (Mixed) (G1 Evacuation Pause) 782M->721M(1024M) 10,324ms
[292,265s][info][gc] GC(5817) Pause Young (Normal) (G1 Evacuation Pause) 891M->733M(1024M) 5,256ms
[292,337s][info][gc] GC(5818) Pause Young (Normal) (G1 Evacuation Pause) 892M->746M(1024M) 7,181ms
[292,401s][info][gc] GC(5819) Pause Young (Concurrent Start) (G1 Evacuation Pause) 894M->759M(1024M) 6,110ms
[292,401s][info][gc] GC(5820) Concurrent Mark Cycle
[292,468s][info][gc] GC(5821) Pause Young (Normal) (G1 Evacuation Pause) 895M->769M(1024M) 5,446ms
[292,532s][info][gc] GC(5822) Pause Young (Normal) (G1 Evacuation Pause) 897M->779M(1024M) 5,066ms
[292,592s][info][gc] GC(5823) Pause Young (Normal) (G1 Evacuation Pause) 899M->789M(1024M) 4,865ms
[292,615s][info][gc] GC(5820) Pause Remark 838M->838M(1024M) 0,813ms
[292,647s][info][gc] GC(5824) Pause Young (Normal) (G1 Evacuation Pause) 900M->798M(1024M) 5,046ms
[292,696s][info][gc] GC(5825) Pause Young (Normal) (G1 Evacuation Pause) 902M->806M(1024M) 4,924ms
[292,742s][info][gc] GC(5826) Pause Young (Normal) (G1 Evacuation Pause) 903M->814M(1024M) 4,755ms
[292,770s][info][gc] GC(5820) Pause Cleanup 878M->878M(1024M) 0,311ms
[292,771s][info][gc] GC(5820) Concurrent Mark Cycle 369,627ms
[292,785s][info][gc] GC(5827) Pause Young (Prepare Mixed) (G1 Evacuation Pause) 904M->821M(1024M) 4,328ms
[292,818s][info][gc] GC(5828) Pause Young (Mixed) (G1 Evacuation Pause) 864M->776M(1024M) 14,400ms
[292,852s][info][gc] GC(5829) Pause Young (Mixed) (G1 Evacuation Pause) 823M->739M(1024M) 14,186ms
[292,880s][info][gc] GC(5830) Pause Young (Mixed) (G1 Evacuation Pause) 783M->720M(1024M) 10,874ms
[292,956s][info][gc] GC(5831) Pause Young (Normal) (G1 Evacuation Pause) 891M->732M(1024M) 5,238ms
[293,028s][info][gc] GC(5832) Pause Young (Normal) (G1 Evacuation Pause) 892M->746M(1024M) 7,208ms
[293,092s][info][gc] GC(5833) Pause Young (Concurrent Start) (G1 Evacuation Pause) 894M->758M(1024M) 5,791ms
[293,092s][info][gc] GC(5834) Concurrent Mark Cycle
[293,160s][info][gc] GC(5835) Pause Young (Normal) (G1 Evacuation Pause) 896M->769M(1024M) 5,426ms
[293,224s][info][gc] GC(5836) Pause Young (Normal) (G1 Evacuation Pause) 898M->779M(1024M) 5,183ms
[293,283s][info][gc] GC(5837) Pause Young (Normal) (G1 Evacuation Pause) 899M->789M(1024M) 4,919ms
[293,306s][info][gc] GC(5834) Pause Remark 837M->837M(1024M) 0,746ms
[293,338s][info][gc] GC(5838) Pause Young (Normal) (G1 Evacuation Pause) 900M->798M(1024M) 4,973ms
[293,387s][info][gc] GC(5839) Pause Young (Normal) (G1 Evacuation Pause) 902M->806M(1024M) 4,870ms
[293,432s][info][gc] GC(5840) Pause Young (Normal) (G1 Evacuation Pause) 902M->814M(1024M) 4,702ms
[293,461s][info][gc] GC(5834) Pause Cleanup 881M->881M(1024M) 0,365ms
[293,462s][info][gc] GC(5834) Concurrent Mark Cycle 369,617ms
[293,475s][info][gc] GC(5841) Pause Young (Prepare Mixed) (G1 Evacuation Pause) 904M->822M(1024M) 4,363ms
[293,508s][info][gc] GC(5842) Pause Young (Mixed) (G1 Evacuation Pause) 865M->776M(1024M) 14,443ms
[293,542s][info][gc] GC(5843) Pause Young (Mixed) (G1 Evacuation Pause) 823M->740M(1024M) 14,533ms
[293,571s][info][gc] GC(5844) Pause Young (Mixed) (G1 Evacuation Pause) 784M->723M(1024M) 10,338ms
[293,646s][info][gc] GC(5845) Pause Young (Normal) (G1 Evacuation Pause) 891M->735M(1024M) 5,215ms
[293,716s][info][gc] GC(5846) Pause Young (Normal) (G1 Evacuation Pause) 893M->749M(1024M) 7,075ms
[293,779s][info][gc] GC(5847) Pause Young (Concurrent Start) (G1 Evacuation Pause) 894M->760M(1024M) 5,637ms
[293,780s][info][gc] GC(5848) Concurrent Mark Cycle
[293,846s][info][gc] GC(5849) Pause Young (Normal) (G1 Evacuation Pause) 896M->771M(1024M) 5,392ms
[293,910s][info][gc] GC(5850) Pause Young (Normal) (G1 Evacuation Pause) 898M->782M(1024M) 5,007ms
[293,968s][info][gc] GC(5851) Pause Young (Normal) (G1 Evacuation Pause) 899M->791M(1024M) 4,720ms
[293,994s][info][gc] GC(5848) Pause Remark 846M->846M(1024M) 0,685ms
[294,022s][info][gc] GC(5852) Pause Young (Normal) (G1 Evacuation Pause) 900M->800M(1024M) 4,867ms
[294,070s][info][gc] GC(5853) Pause Young (Normal) (G1 Evacuation Pause) 902M->808M(1024M) 4,897ms
[294,115s][info][gc] GC(5854) Pause Young (Normal) (G1 Evacuation Pause) 902M->816M(1024M) 4,662ms
[294,148s][info][gc] GC(5848) Pause Cleanup 892M->892M(1024M) 0,383ms
[294,149s][info][gc] GC(5848) Concurrent Mark Cycle 369,375ms
[294,157s][info][gc] GC(5855) Pause Young (Prepare Mixed) (G1 Evacuation Pause) 904M->823M(1024M) 4,272ms
[294,189s][info][gc] GC(5856) Pause Young (Mixed) (G1 Evacuation Pause) 867M->776M(1024M) 14,050ms
[294,223s][info][gc] GC(5857) Pause Young (Mixed) (G1 Evacuation Pause) 823M->740M(1024M) 14,265ms
[294,253s][info][gc] GC(5858) Pause Young (Mixed) (G1 Evacuation Pause) 784M->720M(1024M) 11,709ms
[294,328s][info][gc] GC(5859) Pause Young (Normal) (G1 Evacuation Pause) 891M->733M(1024M) 5,318ms
[294,398s][info][gc] GC(5860) Pause Young (Normal) (G1 Evacuation Pause) 893M->747M(1024M) 7,255ms
[294,463s][info][gc] GC(5861) Pause Young (Concurrent Start) (G1 Evacuation Pause) 895M->758M(1024M) 5,765ms
[294,463s][info][gc] GC(5862) Concurrent Mark Cycle
[294,531s][info][gc] GC(5863) Pause Young (Normal) (G1 Evacuation Pause) 896M->769M(1024M) 5,457ms
[294,594s][info][gc] GC(5864) Pause Young (Normal) (G1 Evacuation Pause) 897M->779M(1024M) 5,252ms
[294,654s][info][gc] GC(5865) Pause Young (Normal) (G1 Evacuation Pause) 899M->789M(1024M) 4,810ms
[294,677s][info][gc] GC(5862) Pause Remark 838M->838M(1024M) 0,799ms
[294,708s][info][gc] GC(5866) Pause Young (Normal) (G1 Evacuation Pause) 900M->798M(1024M) 5,002ms
[294,758s][info][gc] GC(5867) Pause Young (Normal) (G1 Evacuation Pause) 902M->806M(1024M) 4,945ms
[294,803s][info][gc] GC(5868) Pause Young (Normal) (G1 Evacuation Pause) 902M->814M(1024M) 4,803ms
[294,831s][info][gc] GC(5862) Pause Cleanup 877M->877M(1024M) 0,398ms
[294,832s][info][gc] GC(5862) Concurrent Mark Cycle 368,553ms
[294,847s][info][gc] GC(5869) Pause Young (Prepare Mixed) (G1 Evacuation Pause) 904M->821M(1024M) 4,434ms
[294,879s][info][gc] GC(5870) Pause Young (Mixed) (G1 Evacuation Pause) 864M->775M(1024M) 14,149ms
[294,913s][info][gc] GC(5871) Pause Young (Mixed) (G1 Evacuation Pause) 822M->739M(1024M) 14,410ms
[294,941s][info][gc] GC(5872) Pause Young (Mixed) (G1 Evacuation Pause) 783M->723M(1024M) 9,878ms
[295,015s][info][gc] GC(5873) Pause Young (Normal) (G1 Evacuation Pause) 891M->736M(1024M) 5,187ms
[295,085s][info][gc] GC(5874) Pause Young (Normal) (G1 Evacuation Pause) 893M->749M(1024M) 7,135ms
[295,149s][info][gc] GC(5875) Pause Young (Concurrent Start) (G1 Evacuation Pause) 895M->759M(1024M) 5,716ms
[295,150s][info][gc] GC(5876) Concurrent Mark Cycle
[295,217s][info][gc] GC(5877) Pause Young (Normal) (G1 Evacuation Pause) 896M->770M(1024M) 5,406ms
[295,280s][info][gc] GC(5878) Pause Young (Normal) (G1 Evacuation Pause) 898M->781M(1024M) 5,121ms
[295,339s][info][gc] GC(5879) Pause Young (Normal) (G1 Evacuation Pause) 899M->790M(1024M) 4,805ms
[295,362s][info][gc] GC(5876) Pause Remark 841M->841M(1024M) 0,655ms
[295,393s][info][gc] GC(5880) Pause Young (Normal) (G1 Evacuation Pause) 901M->799M(1024M) 4,940ms
[295,442s][info][gc] GC(5881) Pause Young (Normal) (G1 Evacuation Pause) 902M->808M(1024M) 4,864ms
[295,487s][info][gc] GC(5882) Pause Young (Normal) (G1 Evacuation Pause) 903M->815M(1024M) 4,651ms
[295,515s][info][gc] GC(5876) Pause Cleanup 882M->882M(1024M) 0,354ms
[295,517s][info][gc] GC(5876) Concurrent Mark Cycle 367,158ms
[295,529s][info][gc] GC(5883) Pause Young (Prepare Mixed) (G1 Evacuation Pause) 904M->822M(1024M) 4,519ms
[295,561s][info][gc] GC(5884) Pause Young (Mixed) (G1 Evacuation Pause) 865M->776M(1024M) 14,331ms
[295,594s][info][gc] GC(5885) Pause Young (Mixed) (G1 Evacuation Pause) 823M->740M(1024M) 14,328ms
[295,624s][info][gc] GC(5886) Pause Young (Mixed) (G1 Evacuation Pause) 784M->719M(1024M) 11,608ms
[295,699s][info][gc] GC(5887) Pause Young (Normal) (G1 Evacuation Pause) 891M->732M(1024M) 5,169ms
[295,771s][info][gc] GC(5888) Pause Young (Normal) (G1 Evacuation Pause) 893M->746M(1024M) 7,054ms
[295,836s][info][gc] GC(5889) Pause Young (Concurrent Start) (G1 Evacuation Pause) 894M->757M(1024M) 5,839ms
[295,836s][info][gc] GC(5890) Concurrent Mark Cycle
[295,904s][info][gc] GC(5891) Pause Young (Normal) (G1 Evacuation Pause) 896M->769M(1024M) 5,385ms
[295,968s][info][gc] GC(5892) Pause Young (Normal) (G1 Evacuation Pause) 898M->779M(1024M) 5,128ms
[296,028s][info][gc] GC(5893) Pause Young (Normal) (G1 Evacuation Pause) 899M->789M(1024M) 4,855ms
[296,049s][info][gc] GC(5890) Pause Remark 835M->835M(1024M) 0,621ms
[296,082s][info][gc] GC(5894) Pause Young (Normal) (G1 Evacuation Pause) 900M->798M(1024M) 5,067ms
[296,131s][info][gc] GC(5895) Pause Young (Normal) (G1 Evacuation Pause) 902M->806M(1024M) 4,801ms
[296,177s][info][gc] GC(5896) Pause Young (Normal) (G1 Evacuation Pause) 902M->814M(1024M) 4,814ms
[296,206s][info][gc] GC(5890) Pause Cleanup 878M->878M(1024M) 0,367ms
[296,207s][info][gc] GC(5890) Concurrent Mark Cycle 370,832ms
[296,221s][info][gc] GC(5897) Pause Young (Prepare Mixed) (G1 Evacuation Pause) 904M->821M(1024M) 4,291ms
[296,254s][info][gc] GC(5898) Pause Young (Mixed) (G1 Evacuation Pause) 864M->776M(1024M) 14,194ms
[296,289s][info][gc] GC(5899) Pause Young (Mixed) (G1 Evacuation Pause) 823M->740M(1024M) 14,367ms
[296,318s][info][gc] GC(5900) Pause Young (Mixed) (G1 Evacuation Pause) 784M->723M(1024M) 10,453ms
[296,391s][info][gc] GC(5901) Pause Young (Normal) (G1 Evacuation Pause) 891M->735M(1024M) 5,142ms
[296,463s][info][gc] GC(5902) Pause Young (Normal) (G1 Evacuation Pause) 892M->748M(1024M) 7,100ms
[296,529s][info][gc] GC(5903) Pause Young (Concurrent Start) (G1 Evacuation Pause) 895M->759M(1024M) 5,780ms
[296,529s][info][gc] GC(5904) Concurrent Mark Cycle
[296,596s][info][gc] GC(5905) Pause Young (Normal) (G1 Evacuation Pause) 896M->771M(1024M) 5,487ms
[296,658s][info][gc] GC(5906) Pause Young (Normal) (G1 Evacuation Pause) 897M->781M(1024M) 5,021ms
[296,716s][info][gc] GC(5907) Pause Young (Normal) (G1 Evacuation Pause) 899M->791M(1024M) 4,830ms
[296,741s][info][gc] GC(5904) Pause Remark 845M->845M(1024M) 0,973ms
[296,770s][info][gc] GC(5908) Pause Young (Normal) (G1 Evacuation Pause) 901M->799M(1024M) 4,977ms
[296,819s][info][gc] GC(5909) Pause Young (Normal) (G1 Evacuation Pause) 902M->807M(1024M) 4,788ms
[296,864s][info][gc] GC(5910) Pause Young (Normal) (G1 Evacuation Pause) 902M->815M(1024M) 4,701ms
[296,895s][info][gc] GC(5904) Pause Cleanup 887M->887M(1024M) 0,366ms
[296,896s][info][gc] GC(5904) Concurrent Mark Cycle 367,535ms
[296,907s][info][gc] GC(5911) Pause Young (Prepare Mixed) (G1 Evacuation Pause) 904M->822M(1024M) 4,386ms
[296,940s][info][gc] GC(5912) Pause Young (Mixed) (G1 Evacuation Pause) 866M->776M(1024M) 14,203ms
[296,974s][info][gc] GC(5913) Pause Young (Mixed) (G1 Evacuation Pause) 823M->739M(1024M) 14,249ms
[297,004s][info][gc] GC(5914) Pause Young (Mixed) (G1 Evacuation Pause) 783M->719M(1024M) 11,813ms
[297,080s][info][gc] GC(5915) Pause Young (Normal) (G1 Evacuation Pause) 891M->732M(1024M) 5,274ms
[297,151s][info][gc] GC(5916) Pause Young (Normal) (G1 Evacuation Pause) 893M->746M(1024M) 7,329ms
[297,216s][info][gc] GC(5917) Pause Young (Concurrent Start) (G1 Evacuation Pause) 894M->756M(1024M) 5,611ms
[297,216s][info][gc] GC(5918) Concurrent Mark Cycle
[297,285s][info][gc] GC(5919) Pause Young (Normal) (G1 Evacuation Pause) 896M->768M(1024M) 5,428ms
[297,348s][info][gc] GC(5920) Pause Young (Normal) (G1 Evacuation Pause) 897M->778M(1024M) 5,133ms
[297,407s][info][gc] GC(5921) Pause Young (Normal) (G1 Evacuation Pause) 898M->788M(1024M) 4,814ms
[297,428s][info][gc] GC(5918) Pause Remark 833M->833M(1024M) 0,889ms
[297,462s][info][gc] GC(5922) Pause Young (Normal) (G1 Evacuation Pause) 900M->798M(1024M) 5,119ms
[297,512s][info][gc] GC(5923) Pause Young (Normal) (G1 Evacuation Pause) 902M->806M(1024M) 4,906ms
[297,558s][info][gc] GC(5924) Pause Young (Normal) (G1 Evacuation Pause) 903M->813M(1024M) 4,762ms
[297,583s][info][gc] GC(5918) Pause Cleanup 871M->871M(1024M) 0,352ms
[297,584s][info][gc] GC(5918) Concurrent Mark Cycle 368,476ms
[297,602s][info][gc] GC(5925) Pause Young (Prepare Mixed) (G1 Evacuation Pause) 903M->820M(1024M) 4,496ms
[297,634s][info][gc] GC(5926) Pause Young (Mixed) (G1 Evacuation Pause) 863M->775M(1024M) 14,922ms
[297,669s][info][gc] GC(5927) Pause Young (Mixed) (G1 Evacuation Pause) 822M->738M(1024M) 14,558ms
[297,698s][info][gc] GC(5928) Pause Young (Mixed) (G1 Evacuation Pause) 782M->722M(1024M) 10,406ms
[297,773s][info][gc] GC(5929) Pause Young (Normal) (G1 Evacuation Pause) 891M->735M(1024M) 5,210ms
[297,844s][info][gc] GC(5930) Pause Young (Normal) (G1 Evacuation Pause) 893M->748M(1024M) 7,149ms
[297,907s][info][gc] GC(5931) Pause Young (Concurrent Start) (G1 Evacuation Pause) 895M->759M(1024M) 5,688ms
[297,907s][info][gc] GC(5932) Concurrent Mark Cycle
[297,974s][info][gc] GC(5933) Pause Young (Normal) (G1 Evacuation Pause) 895M->770M(1024M) 5,408ms
[298,041s][info][gc] GC(5934) Pause Young (Normal) (G1 Evacuation Pause) 898M->780M(1024M) 5,073ms
[298,099s][info][gc] GC(5935) Pause Young (Normal) (G1 Evacuation Pause) 898M->789M(1024M) 4,790ms
[298,124s][info][gc] GC(5932) Pause Remark 842M->842M(1024M) 0,719ms
[298,154s][info][gc] GC(5936) Pause Young (Normal) (G1 Evacuation Pause) 900M->799M(1024M) 5,056ms
[298,203s][info][gc] GC(5937) Pause Young (Normal) (G1 Evacuation Pause) 902M->807M(1024M) 4,838ms
[298,248s][info][gc] GC(5938) Pause Young (Normal) (G1 Evacuation Pause) 902M->814M(1024M) 4,851ms
[298,277s][info][gc] GC(5932) Pause Cleanup 883M->883M(1024M) 0,348ms
[298,278s][info][gc] GC(5932) Concurrent Mark Cycle 370,836ms
[298,290s][info][gc] GC(5939) Pause Young (Prepare Mixed) (G1 Evacuation Pause) 903M->822M(1024M) 4,377ms
[298,323s][info][gc] GC(5940) Pause Young (Mixed) (G1 Evacuation Pause) 865M->777M(1024M) 14,710ms
[298,357s][info][gc] GC(5941) Pause Young (Mixed) (G1 Evacuation Pause) 824M->740M(1024M) 14,109ms
[298,387s][info][gc] GC(5942) Pause Young (Mixed) (G1 Evacuation Pause) 784M->720M(1024M) 11,835ms
[298,462s][info][gc] GC(5943) Pause Young (Normal) (G1 Evacuation Pause) 891M->732M(1024M) 5,208ms
[298,534s][info][gc] GC(5944) Pause Young (Normal) (G1 Evacuation Pause) 892M->745M(1024M) 7,026ms
[298,599s][info][gc] GC(5945) Pause Young (Concurrent Start) (G1 Evacuation Pause) 894M->758M(1024M) 5,760ms
[298,599s][info][gc] GC(5946) Concurrent Mark Cycle
[298,666s][info][gc] GC(5947) Pause Young (Normal) (G1 Evacuation Pause) 896M->769M(1024M) 5,409ms
[298,729s][info][gc] GC(5948) Pause Young (Normal) (G1 Evacuation Pause) 897M->779M(1024M) 5,051ms
[298,788s][info][gc] GC(5949) Pause Young (Normal) (G1 Evacuation Pause) 898M->789M(1024M) 4,899ms
[298,811s][info][gc] GC(5946) Pause Remark 838M->838M(1024M) 0,757ms
[298,843s][info][gc] GC(5950) Pause Young (Normal) (G1 Evacuation Pause) 900M->798M(1024M) 5,076ms
[298,892s][info][gc] GC(5951) Pause Young (Normal) (G1 Evacuation Pause) 902M->806M(1024M) 4,858ms
[298,937s][info][gc] GC(5952) Pause Young (Normal) (G1 Evacuation Pause) 902M->814M(1024M) 4,735ms
[298,965s][info][gc] GC(5946) Pause Cleanup 879M->879M(1024M) 0,388ms
[298,966s][info][gc] GC(5946) Concurrent Mark Cycle 367,524ms
[298,981s][info][gc] GC(5953) Pause Young (Prepare Mixed) (G1 Evacuation Pause) 904M->821M(1024M) 4,371ms
[299,013s][info][gc] GC(5954) Pause Young (Mixed) (G1 Evacuation Pause) 864M->776M(1024M) 14,409ms
[299,047s][info][gc] GC(5955) Pause Young (Mixed) (G1 Evacuation Pause) 823M->739M(1024M) 14,352ms
[299,076s][info][gc] GC(5956) Pause Young (Mixed) (G1 Evacuation Pause) 783M->722M(1024M) 10,818ms
[299,150s][info][gc] GC(5957) Pause Young (Normal) (G1 Evacuation Pause) 891M->734M(1024M) 5,159ms
[299,222s][info][gc] GC(5958) Pause Young (Normal) (G1 Evacuation Pause) 892M->748M(1024M) 7,279ms
[299,286s][info][gc] GC(5959) Pause Young (Concurrent Start) (G1 Evacuation Pause) 894M->759M(1024M) 5,737ms
[299,286s][info][gc] GC(5960) Concurrent Mark Cycle
[299,353s][info][gc] GC(5961) Pause Young (Normal) (G1 Evacuation Pause) 896M->770M(1024M) 5,409ms
[299,416s][info][gc] GC(5962) Pause Young (Normal) (G1 Evacuation Pause) 898M->781M(1024M) 5,145ms
[299,475s][info][gc] GC(5963) Pause Young (Normal) (G1 Evacuation Pause) 899M->790M(1024M) 4,816ms
[299,499s][info][gc] GC(5960) Pause Remark 843M->843M(1024M) 0,807ms
[299,529s][info][gc] GC(5964) Pause Young (Normal) (G1 Evacuation Pause) 900M->799M(1024M) 5,022ms
[299,578s][info][gc] GC(5965) Pause Young (Normal) (G1 Evacuation Pause) 902M->808M(1024M) 4,947ms
[299,623s][info][gc] GC(5966) Pause Young (Normal) (G1 Evacuation Pause) 903M->815M(1024M) 4,747ms
[299,654s][info][gc] GC(5960) Pause Cleanup 886M->886M(1024M) 0,385ms
[299,655s][info][gc] GC(5960) Concurrent Mark Cycle 369,251ms
[299,666s][info][gc] GC(5967) Pause Young (Prepare Mixed) (G1 Evacuation Pause) 904M->822M(1024M) 4,366ms
[299,698s][info][gc] GC(5968) Pause Young (Mixed) (G1 Evacuation Pause) 865M->777M(1024M) 14,153ms
[299,733s][info][gc] GC(5969) Pause Young (Mixed) (G1 Evacuation Pause) 824M->740M(1024M) 14,525ms
[299,763s][info][gc] GC(5970) Pause Young (Mixed) (G1 Evacuation Pause) 784M->721M(1024M) 11,579ms
[299,838s][info][gc] GC(5971) Pause Young (Normal) (G1 Evacuation Pause) 891M->733M(1024M) 5,237ms
[299,909s][info][gc] GC(5972) Pause Young (Normal) (G1 Evacuation Pause) 892M->746M(1024M) 7,207ms
[299,974s][info][gc] GC(5973) Pause Young (Concurrent Start) (G1 Evacuation Pause) 894M->758M(1024M) 5,794ms
[299,974s][info][gc] GC(5974) Concurrent Mark Cycle
[300,042s][info][gc] GC(5975) Pause Young (Normal) (G1 Evacuation Pause) 896M->769M(1024M) 5,380ms
[300,106s][info][gc] GC(5976) Pause Young (Normal) (G1 Evacuation Pause) 898M->780M(1024M) 5,127ms
[300,164s][info][gc] GC(5977) Pause Young (Normal) (G1 Evacuation Pause) 899M->789M(1024M) 4,821ms
[300,187s][info][gc] GC(5974) Pause Remark 838M->838M(1024M) 0,764ms
[300,219s][info][gc] GC(5978) Pause Young (Normal) (G1 Evacuation Pause) 900M->798M(1024M) 5,073ms
[300,268s][info][gc] GC(5979) Pause Young (Normal) (G1 Evacuation Pause) 902M->806M(1024M) 4,882ms
[300,313s][info][gc] GC(5980) Pause Young (Normal) (G1 Evacuation Pause) 902M->814M(1024M) 4,742ms
[300,342s][info][gc] GC(5974) Pause Cleanup 880M->880M(1024M) 0,386ms
[300,343s][info][gc] GC(5974) Concurrent Mark Cycle 368,841ms
[300,357s][info][gc] GC(5981) Pause Young (Prepare Mixed) (G1 Evacuation Pause) 904M->821M(1024M) 4,432ms
[300,389s][info][gc] GC(5982) Pause Young (Mixed) (G1 Evacuation Pause) 864M->775M(1024M) 14,104ms
[300,422s][info][gc] GC(5983) Pause Young (Mixed) (G1 Evacuation Pause) 822M->739M(1024M) 14,208ms
[300,451s][info][gc] GC(5984) Pause Young (Mixed) (G1 Evacuation Pause) 783M->722M(1024M) 10,479ms
[300,527s][info][gc] GC(5985) Pause Young (Normal) (G1 Evacuation Pause) 891M->735M(1024M) 5,171ms
[300,597s][info][gc] GC(5986) Pause Young (Normal) (G1 Evacuation Pause) 893M->748M(1024M) 7,038ms
[300,662s][info][gc] GC(5987) Pause Young (Concurrent Start) (G1 Evacuation Pause) 895M->760M(1024M) 5,905ms
[300,662s][info][gc] GC(5988) Concurrent Mark Cycle
[300,729s][info][gc] GC(5989) Pause Young (Normal) (G1 Evacuation Pause) 896M->770M(1024M) 5,418ms
[300,791s][info][gc] GC(5990) Pause Young (Normal) (G1 Evacuation Pause) 897M->781M(1024M) 5,142ms
[300,850s][info][gc] GC(5991) Pause Young (Normal) (G1 Evacuation Pause) 899M->790M(1024M) 5,027ms
[300,875s][info][gc] GC(5988) Pause Remark 844M->844M(1024M) 0,851ms
[300,905s][info][gc] GC(5992) Pause Young (Normal) (G1 Evacuation Pause) 900M->799M(1024M) 5,057ms
[300,953s][info][gc] GC(5993) Pause Young (Normal) (G1 Evacuation Pause) 902M->807M(1024M) 4,925ms
[300,999s][info][gc] GC(5994) Pause Young (Normal) (G1 Evacuation Pause) 902M->814M(1024M) 4,679ms
[301,030s][info][gc] GC(5988) Pause Cleanup 887M->887M(1024M) 0,371ms
[301,031s][info][gc] GC(5988) Concurrent Mark Cycle 368,975ms
[301,041s][info][gc] GC(5995) Pause Young (Prepare Mixed) (G1 Evacuation Pause) 903M->822M(1024M) 4,413ms
[301,073s][info][gc] GC(5996) Pause Young (Mixed) (G1 Evacuation Pause) 865M->776M(1024M) 14,303ms
[301,108s][info][gc] GC(5997) Pause Young (Mixed) (G1 Evacuation Pause) 823M->739M(1024M) 14,464ms
[301,138s][info][gc] GC(5998) Pause Young (Mixed) (G1 Evacuation Pause) 783M->720M(1024M) 11,205ms
[301,215s][info][gc] GC(5999) Pause Young (Normal) (G1 Evacuation Pause) 891M->732M(1024M) 5,234ms
[301,288s][info][gc] GC(6000) Pause Young (Normal) (G1 Evacuation Pause) 892M->745M(1024M) 7,053ms
[301,354s][info][gc] GC(6001) Pause Young (Concurrent Start) (G1 Evacuation Pause) 894M->758M(1024M) 5,748ms
[301,354s][info][gc] GC(6002) Concurrent Mark Cycle
[301,422s][info][gc] GC(6003) Pause Young (Normal) (G1 Evacuation Pause) 896M->768M(1024M) 5,435ms
[301,485s][info][gc] GC(6004) Pause Young (Normal) (G1 Evacuation Pause) 897M->778M(1024M) 5,204ms
[301,545s][info][gc] GC(6005) Pause Young (Normal) (G1 Evacuation Pause) 898M->788M(1024M) 4,910ms
[301,566s][info][gc] GC(6002) Pause Remark 835M->835M(1024M) 0,783ms
[301,600s][info][gc] GC(6006) Pause Young (Normal) (G1 Evacuation Pause) 900M->797M(1024M) 5,072ms
[301,649s][info][gc] GC(6007) Pause Young (Normal) (G1 Evacuation Pause) 901M->806M(1024M) 4,953ms
[301,695s][info][gc] GC(6008) Pause Young (Normal) (G1 Evacuation Pause) 903M->813M(1024M) 4,814ms
[301,720s][info][gc] GC(6002) Pause Cleanup 870M->870M(1024M) 0,361ms
[301,721s][info][gc] GC(6002) Concurrent Mark Cycle 366,905ms
[301,738s][info][gc] GC(6009) Pause Young (Prepare Mixed) (G1 Evacuation Pause) 904M->820M(1024M) 4,590ms
[301,770s][info][gc] GC(6010) Pause Young (Mixed) (G1 Evacuation Pause) 863M->775M(1024M) 14,386ms
[301,803s][info][gc] GC(6011) Pause Young (Mixed) (G1 Evacuation Pause) 822M->739M(1024M) 14,231ms
[301,832s][info][gc] GC(6012) Pause Young (Mixed) (G1 Evacuation Pause) 783M->723M(1024M) 10,680ms
[301,906s][info][gc] GC(6013) Pause Young (Normal) (G1 Evacuation Pause) 891M->735M(1024M) 5,121ms
[301,976s][info][gc] GC(6014) Pause Young (Normal) (G1 Evacuation Pause) 892M->748M(1024M) 7,026ms
[302,041s][info][gc] GC(6015) Pause Young (Concurrent Start) (G1 Evacuation Pause) 895M->759M(1024M) 5,714ms
[302,041s][info][gc] GC(6016) Concurrent Mark Cycle
[302,108s][info][gc] GC(6017) Pause Young (Normal) (G1 Evacuation Pause) 896M->770M(1024M) 5,400ms
[302,172s][info][gc] GC(6018) Pause Young (Normal) (G1 Evacuation Pause) 898M->781M(1024M) 5,126ms
[302,230s][info][gc] GC(6019) Pause Young (Normal) (G1 Evacuation Pause) 899M->790M(1024M) 4,775ms
[302,254s][info][gc] GC(6016) Pause Remark 842M->842M(1024M) 0,918ms
[302,284s][info][gc] GC(6020) Pause Young (Normal) (G1 Evacuation Pause) 900M->799M(1024M) 5,006ms
[302,333s][info][gc] GC(6021) Pause Young (Normal) (G1 Evacuation Pause) 901M->807M(1024M) 4,742ms
[302,378s][info][gc] GC(6022) Pause Young (Normal) (G1 Evacuation Pause) 902M->815M(1024M) 4,718ms
[302,408s][info][gc] GC(6016) Pause Cleanup 886M->886M(1024M) 0,386ms
[302,409s][info][gc] GC(6016) Concurrent Mark Cycle 368,290ms
[302,420s][info][gc] GC(6023) Pause Young (Prepare Mixed) (G1 Evacuation Pause) 904M->822M(1024M) 4,346ms
[302,452s][info][gc] GC(6024) Pause Young (Mixed) (G1 Evacuation Pause) 865M->776M(1024M) 14,141ms
[302,486s][info][gc] GC(6025) Pause Young (Mixed) (G1 Evacuation Pause) 823M->740M(1024M) 14,210ms
[302,516s][info][gc] GC(6026) Pause Young (Mixed) (G1 Evacuation Pause) 784M->719M(1024M) 11,686ms
[302,592s][info][gc] GC(6027) Pause Young (Normal) (G1 Evacuation Pause) 891M->731M(1024M) 5,310ms
[302,664s][info][gc] GC(6028) Pause Young (Normal) (G1 Evacuation Pause) 892M->744M(1024M) 7,160ms
[302,730s][info][gc] GC(6029) Pause Young (Concurrent Start) (G1 Evacuation Pause) 894M->757M(1024M) 5,779ms
[302,730s][info][gc] GC(6030) Concurrent Mark Cycle
[302,798s][info][gc] GC(6031) Pause Young (Normal) (G1 Evacuation Pause) 896M->768M(1024M) 5,520ms
[302,862s][info][gc] GC(6032) Pause Young (Normal) (G1 Evacuation Pause) 898M->779M(1024M) 5,161ms
[302,922s][info][gc] GC(6033) Pause Young (Normal) (G1 Evacuation Pause) 899M->788M(1024M) 4,858ms
[302,942s][info][gc] GC(6030) Pause Remark 832M->832M(1024M) 0,804ms
[302,977s][info][gc] GC(6034) Pause Young (Normal) (G1 Evacuation Pause) 900M->797M(1024M) 5,127ms
[303,026s][info][gc] GC(6035) Pause Young (Normal) (G1 Evacuation Pause) 901M->805M(1024M) 4,868ms
[303,072s][info][gc] GC(6036) Pause Young (Normal) (G1 Evacuation Pause) 902M->813M(1024M) 4,676ms
[303,097s][info][gc] GC(6030) Pause Cleanup 870M->870M(1024M) 0,350ms
[303,098s][info][gc] GC(6030) Concurrent Mark Cycle 368,188ms
[303,116s][info][gc] GC(6037) Pause Young (Prepare Mixed) (G1 Evacuation Pause) 904M->821M(1024M) 4,498ms
[303,148s][info][gc] GC(6038) Pause Young (Mixed) (G1 Evacuation Pause) 864M->776M(1024M) 14,556ms
[303,182s][info][gc] GC(6039) Pause Young (Mixed) (G1 Evacuation Pause) 823M->739M(1024M) 14,053ms
[303,211s][info][gc] GC(6040) Pause Young (Mixed) (G1 Evacuation Pause) 783M->723M(1024M) 10,302ms
[303,284s][info][gc] GC(6041) Pause Young (Normal) (G1 Evacuation Pause) 891M->735M(1024M) 5,212ms
[303,354s][info][gc] GC(6042) Pause Young (Normal) (G1 Evacuation Pause) 892M->748M(1024M) 7,068ms
[303,419s][info][gc] GC(6043) Pause Young (Concurrent Start) (G1 Evacuation Pause) 895M->760M(1024M) 5,688ms
[303,419s][info][gc] GC(6044) Concurrent Mark Cycle
[303,486s][info][gc] GC(6045) Pause Young (Normal) (G1 Evacuation Pause) 896M->770M(1024M) 5,425ms
[303,550s][info][gc] GC(6046) Pause Young (Normal) (G1 Evacuation Pause) 898M->781M(1024M) 5,140ms
[303,608s][info][gc] GC(6047) Pause Young (Normal) (G1 Evacuation Pause) 899M->790M(1024M) 4,816ms
[303,632s][info][gc] GC(6044) Pause Remark 843M->843M(1024M) 0,730ms
[303,662s][info][gc] GC(6048) Pause Young (Normal) (G1 Evacuation Pause) 901M->799M(1024M) 4,923ms
[303,711s][info][gc] GC(6049) Pause Young (Normal) (G1 Evacuation Pause) 902M->807M(1024M) 4,932ms
[303,757s][info][gc] GC(6050) Pause Young (Normal) (G1 Evacuation Pause) 902M->815M(1024M) 4,799ms
[303,787s][info][gc] GC(6044) Pause Cleanup 886M->886M(1024M) 0,339ms
[303,788s][info][gc] GC(6044) Concurrent Mark Cycle 368,776ms
[303,799s][info][gc] GC(6051) Pause Young (Prepare Mixed) (G1 Evacuation Pause) 904M->822M(1024M) 4,396ms
[303,832s][info][gc] GC(6052) Pause Young (Mixed) (G1 Evacuation Pause) 866M->776M(1024M) 14,133ms
[303,866s][info][gc] GC(6053) Pause Young (Mixed) (G1 Evacuation Pause) 823M->740M(1024M) 14,440ms
[303,896s][info][gc] GC(6054) Pause Young (Mixed) (G1 Evacuation Pause) 784M->720M(1024M) 11,086ms
[303,972s][info][gc] GC(6055) Pause Young (Normal) (G1 Evacuation Pause) 891M->733M(1024M) 5,166ms
[304,043s][info][gc] GC(6056) Pause Young (Normal) (G1 Evacuation Pause) 893M->746M(1024M) 7,146ms
[304,108s][info][gc] GC(6057) Pause Young (Concurrent Start) (G1 Evacuation Pause) 894M->759M(1024M) 5,785ms
[304,108s][info][gc] GC(6058) Concurrent Mark Cycle
[304,175s][info][gc] GC(6059) Pause Young (Normal) (G1 Evacuation Pause) 896M->770M(1024M) 5,384ms
[304,238s][info][gc] GC(6060) Pause Young (Normal) (G1 Evacuation Pause) 897M->780M(1024M) 5,266ms
[304,296s][info][gc] GC(6061) Pause Young (Normal) (G1 Evacuation Pause) 898M->790M(1024M) 4,881ms
[304,321s][info][gc] GC(6058) Pause Remark 843M->843M(1024M) 0,807ms
[304,351s][info][gc] GC(6062) Pause Young (Normal) (G1 Evacuation Pause) 901M->798M(1024M) 4,974ms
[304,400s][info][gc] GC(6063) Pause Young (Normal) (G1 Evacuation Pause) 902M->807M(1024M) 4,973ms
[304,445s][info][gc] GC(6064) Pause Young (Normal) (G1 Evacuation Pause) 903M->815M(1024M) 4,711ms
[304,475s][info][gc] GC(6058) Pause Cleanup 883M->883M(1024M) 0,380ms
[304,476s][info][gc] GC(6058) Concurrent Mark Cycle 368,241ms
[304,488s][info][gc] GC(6065) Pause Young (Prepare Mixed) (G1 Evacuation Pause) 904M->822M(1024M) 4,417ms
[304,521s][info][gc] GC(6066) Pause Young (Mixed) (G1 Evacuation Pause) 865M->776M(1024M) 14,266ms
[304,555s][info][gc] GC(6067) Pause Young (Mixed) (G1 Evacuation Pause) 823M->740M(1024M) 14,277ms
[304,584s][info][gc] GC(6068) Pause Young (Mixed) (G1 Evacuation Pause) 784M->722M(1024M) 10,564ms
[304,658s][info][gc] GC(6069) Pause Young (Normal) (G1 Evacuation Pause) 891M->734M(1024M) 5,179ms
[304,728s][info][gc] GC(6070) Pause Young (Normal) (G1 Evacuation Pause) 892M->747M(1024M) 7,128ms
[304,792s][info][gc] GC(6071) Pause Young (Concurrent Start) (G1 Evacuation Pause) 895M->760M(1024M) 5,831ms
[304,792s][info][gc] GC(6072) Concurrent Mark Cycle
[304,869s][info][gc] GC(6073) Pause Young (Normal) (G1 Evacuation Pause) 896M->771M(1024M) 5,733ms
[304,938s][info][gc] GC(6074) Pause Young (Normal) (G1 Evacuation Pause) 898M->781M(1024M) 5,000ms
[304,996s][info][gc] GC(6075) Pause Young (Normal) (G1 Evacuation Pause) 899M->790M(1024M) 4,822ms
[305,023s][info][gc] GC(6072) Pause Remark 846M->846M(1024M) 1,075ms
[305,052s][info][gc] GC(6076) Pause Young (Normal) (G1 Evacuation Pause) 901M->798M(1024M) 5,047ms
[305,101s][info][gc] GC(6077) Pause Young (Normal) (G1 Evacuation Pause) 902M->807M(1024M) 4,945ms
[305,146s][info][gc] GC(6078) Pause Young (Normal) (G1 Evacuation Pause) 903M->814M(1024M) 4,743ms
[305,177s][info][gc] GC(6072) Pause Cleanup 885M->885M(1024M) 0,366ms
[305,178s][info][gc] GC(6072) Concurrent Mark Cycle 385,338ms
[305,189s][info][gc] GC(6079) Pause Young (Prepare Mixed) (G1 Evacuation Pause) 904M->821M(1024M) 4,305ms
[305,221s][info][gc] GC(6080) Pause Young (Mixed) (G1 Evacuation Pause) 864M->776M(1024M) 13,993ms
[305,255s][info][gc] GC(6081) Pause Young (Mixed) (G1 Evacuation Pause) 823M->739M(1024M) 14,364ms
[305,285s][info][gc] GC(6082) Pause Young (Mixed) (G1 Evacuation Pause) 783M->719M(1024M) 11,514ms
[305,360s][info][gc] GC(6083) Pause Young (Normal) (G1 Evacuation Pause) 891M->732M(1024M) 5,293ms
[305,431s][info][gc] GC(6084) Pause Young (Normal) (G1 Evacuation Pause) 893M->745M(1024M) 7,209ms
[305,495s][info][gc] GC(6085) Pause Young (Concurrent Start) (G1 Evacuation Pause) 893M->757M(1024M) 5,800ms
[305,495s][info][gc] GC(6086) Concurrent Mark Cycle
[305,563s][info][gc] GC(6087) Pause Young (Normal) (G1 Evacuation Pause) 895M->768M(1024M) 5,323ms
[305,627s][info][gc] GC(6088) Pause Young (Normal) (G1 Evacuation Pause) 897M->779M(1024M) 5,104ms
[305,686s][info][gc] GC(6089) Pause Young (Normal) (G1 Evacuation Pause) 899M->788M(1024M) 4,935ms
[305,708s][info][gc] GC(6086) Pause Remark 835M->835M(1024M) 0,839ms
[305,740s][info][gc] GC(6090) Pause Young (Normal) (G1 Evacuation Pause) 899M->797M(1024M) 4,953ms
[305,789s][info][gc] GC(6091) Pause Young (Normal) (G1 Evacuation Pause) 901M->806M(1024M) 4,889ms
[305,835s][info][gc] GC(6092) Pause Young (Normal) (G1 Evacuation Pause) 903M->814M(1024M) 4,759ms
[305,862s][info][gc] GC(6086) Pause Cleanup 875M->875M(1024M) 0,333ms
[305,863s][info][gc] GC(6086) Concurrent Mark Cycle 367,294ms
[305,878s][info][gc] GC(6093) Pause Young (Prepare Mixed) (G1 Evacuation Pause) 904M->821M(1024M) 4,486ms
[305,911s][info][gc] GC(6094) Pause Young (Mixed) (G1 Evacuation Pause) 864M->776M(1024M) 14,478ms
[305,946s][info][gc] GC(6095) Pause Young (Mixed) (G1 Evacuation Pause) 823M->739M(1024M) 14,358ms
[305,975s][info][gc] GC(6096) Pause Young (Mixed) (G1 Evacuation Pause) 783M->722M(1024M) 10,732ms
[306,050s][info][gc] GC(6097) Pause Young (Normal) (G1 Evacuation Pause) 891M->734M(1024M) 5,272ms
[306,122s][info][gc] GC(6098) Pause Young (Normal) (G1 Evacuation Pause) 892M->747M(1024M) 7,170ms
[306,186s][info][gc] GC(6099) Pause Young (Concurrent Start) (G1 Evacuation Pause) 895M->759M(1024M) 5,757ms
[306,186s][info][gc] GC(6100) Concurrent Mark Cycle
[306,253s][info][gc] GC(6101) Pause Young (Normal) (G1 Evacuation Pause) 895M->770M(1024M) 5,389ms
[306,316s][info][gc] GC(6102) Pause Young (Normal) (G1 Evacuation Pause) 898M->781M(1024M) 5,128ms
[306,374s][info][gc] GC(6103) Pause Young (Normal) (G1 Evacuation Pause) 899M->790M(1024M) 4,738ms
[306,399s][info][gc] GC(6100) Pause Remark 843M->843M(1024M) 0,878ms
[306,429s][info][gc] GC(6104) Pause Young (Normal) (G1 Evacuation Pause) 900M->799M(1024M) 4,970ms
[306,478s][info][gc] GC(6105) Pause Young (Normal) (G1 Evacuation Pause) 902M->808M(1024M) 4,824ms
[306,523s][info][gc] GC(6106) Pause Young (Normal) (G1 Evacuation Pause) 903M->815M(1024M) 4,699ms
[306,553s][info][gc] GC(6100) Pause Cleanup 886M->886M(1024M) 0,328ms
[306,554s][info][gc] GC(6100) Concurrent Mark Cycle 368,052ms
[306,565s][info][gc] GC(6107) Pause Young (Prepare Mixed) (G1 Evacuation Pause) 904M->822M(1024M) 4,467ms
[306,599s][info][gc] GC(6108) Pause Young (Mixed) (G1 Evacuation Pause) 865M->777M(1024M) 14,955ms
[306,632s][info][gc] GC(6109) Pause Young (Mixed) (G1 Evacuation Pause) 824M->740M(1024M) 14,314ms
[306,662s][info][gc] GC(6110) Pause Young (Mixed) (G1 Evacuation Pause) 784M->720M(1024M) 11,209ms
[306,737s][info][gc] GC(6111) Pause Young (Normal) (G1 Evacuation Pause) 891M->733M(1024M) 5,211ms
[306,808s][info][gc] GC(6112) Pause Young (Normal) (G1 Evacuation Pause) 893M->746M(1024M) 7,172ms
[306,873s][info][gc] GC(6113) Pause Young (Concurrent Start) (G1 Evacuation Pause) 894M->758M(1024M) 5,777ms
[306,873s][info][gc] GC(6114) Concurrent Mark Cycle
[306,941s][info][gc] GC(6115) Pause Young (Normal) (G1 Evacuation Pause) 896M->769M(1024M) 5,448ms
[307,004s][info][gc] GC(6116) Pause Young (Normal) (G1 Evacuation Pause) 897M->780M(1024M) 5,107ms
[307,062s][info][gc] GC(6117) Pause Young (Normal) (G1 Evacuation Pause) 899M->789M(1024M) 4,848ms
[307,086s][info][gc] GC(6114) Pause Remark 838M->838M(1024M) 0,857ms
[307,117s][info][gc] GC(6118) Pause Young (Normal) (G1 Evacuation Pause) 900M->798M(1024M) 5,068ms
[307,166s][info][gc] GC(6119) Pause Young (Normal) (G1 Evacuation Pause) 902M->806M(1024M) 4,891ms
[307,212s][info][gc] GC(6120) Pause Young (Normal) (G1 Evacuation Pause) 902M->814M(1024M) 4,787ms
[307,240s][info][gc] GC(6114) Pause Cleanup 879M->879M(1024M) 0,334ms
[307,241s][info][gc] GC(6114) Concurrent Mark Cycle 368,271ms
[307,255s][info][gc] GC(6121) Pause Young (Prepare Mixed) (G1 Evacuation Pause) 904M->821M(1024M) 4,391ms
[307,287s][info][gc] GC(6122) Pause Young (Mixed) (G1 Evacuation Pause) 864M->776M(1024M) 14,223ms
[307,321s][info][gc] GC(6123) Pause Young (Mixed) (G1 Evacuation Pause) 823M->739M(1024M) 14,275ms
[307,351s][info][gc] GC(6124) Pause Young (Mixed) (G1 Evacuation Pause) 783M->721M(1024M) 11,111ms
[307,425s][info][gc] GC(6125) Pause Young (Normal) (G1 Evacuation Pause) 891M->734M(1024M) 5,195ms
[307,496s][info][gc] GC(6126) Pause Young (Normal) (G1 Evacuation Pause) 893M->747M(1024M) 7,007ms
[307,561s][info][gc] GC(6127) Pause Young (Concurrent Start) (G1 Evacuation Pause) 895M->759M(1024M) 5,713ms
[307,561s][info][gc] GC(6128) Concurrent Mark Cycle
[307,629s][info][gc] GC(6129) Pause Young (Normal) (G1 Evacuation Pause) 895M->770M(1024M) 5,529ms
[307,692s][info][gc] GC(6130) Pause Young (Normal) (G1 Evacuation Pause) 898M->780M(1024M) 5,073ms
[307,750s][info][gc] GC(6131) Pause Young (Normal) (G1 Evacuation Pause) 898M->790M(1024M) 4,826ms
[307,774s][info][gc] GC(6128) Pause Remark 842M->842M(1024M) 0,788ms
[307,804s][info][gc] GC(6132) Pause Young (Normal) (G1 Evacuation Pause) 901M->799M(1024M) 5,052ms
[307,853s][info][gc] GC(6133) Pause Young (Normal) (G1 Evacuation Pause) 902M->808M(1024M) 4,855ms
[307,898s][info][gc] GC(6134) Pause Young (Normal) (G1 Evacuation Pause) 903M->815M(1024M) 4,828ms
[307,928s][info][gc] GC(6128) Pause Cleanup 884M->884M(1024M) 0,373ms
[307,929s][info][gc] GC(6128) Concurrent Mark Cycle 367,860ms
[307,941s][info][gc] GC(6135) Pause Young (Prepare Mixed) (G1 Evacuation Pause) 903M->823M(1024M) 4,494ms
[307,973s][info][gc] GC(6136) Pause Young (Mixed) (G1 Evacuation Pause) 866M->777M(1024M) 14,166ms
[308,007s][info][gc] GC(6137) Pause Young (Mixed) (G1 Evacuation Pause) 824M->740M(1024M) 14,026ms
[308,036s][info][gc] GC(6138) Pause Young (Mixed) (G1 Evacuation Pause) 784M->722M(1024M) 10,766ms
[308,112s][info][gc] GC(6139) Pause Young (Normal) (G1 Evacuation Pause) 891M->735M(1024M) 5,273ms
[308,182s][info][gc] GC(6140) Pause Young (Normal) (G1 Evacuation Pause) 893M->748M(1024M) 7,219ms
[308,250s][info][gc] GC(6141) Pause Young (Concurrent Start) (G1 Evacuation Pause) 894M->759M(1024M) 5,721ms
[308,250s][info][gc] GC(6142) Concurrent Mark Cycle
[308,317s][info][gc] GC(6143) Pause Young (Normal) (G1 Evacuation Pause) 896M->770M(1024M) 5,450ms
[308,380s][info][gc] GC(6144) Pause Young (Normal) (G1 Evacuation Pause) 897M->781M(1024M) 5,068ms
[308,438s][info][gc] GC(6145) Pause Young (Normal) (G1 Evacuation Pause) 899M->790M(1024M) 4,859ms
[308,462s][info][gc] GC(6142) Pause Remark 842M->842M(1024M) 0,650ms
[308,493s][info][gc] GC(6146) Pause Young (Normal) (G1 Evacuation Pause) 901M->798M(1024M) 4,951ms
[308,541s][info][gc] GC(6147) Pause Young (Normal) (G1 Evacuation Pause) 902M->807M(1024M) 4,960ms
[308,587s][info][gc] GC(6148) Pause Young (Normal) (G1 Evacuation Pause) 903M->815M(1024M) 4,773ms
[308,616s][info][gc] GC(6142) Pause Cleanup 883M->883M(1024M) 0,343ms
[308,617s][info][gc] GC(6142) Concurrent Mark Cycle 366,853ms
[308,629s][info][gc] GC(6149) Pause Young (Prepare Mixed) (G1 Evacuation Pause) 904M->822M(1024M) 4,394ms
[308,661s][info][gc] GC(6150) Pause Young (Mixed) (G1 Evacuation Pause) 865M->775M(1024M) 14,001ms
[308,694s][info][gc] GC(6151) Pause Young (Mixed) (G1 Evacuation Pause) 822M->739M(1024M) 14,410ms
[308,723s][info][gc] GC(6152) Pause Young (Mixed) (G1 Evacuation Pause) 783M->719M(1024M) 11,057ms
[308,801s][info][gc] GC(6153) Pause Young (Normal) (G1 Evacuation Pause) 891M->732M(1024M) 5,279ms
[308,873s][info][gc] GC(6154) Pause Young (Normal) (G1 Evacuation Pause) 893M->745M(1024M) 7,318ms
[308,938s][info][gc] GC(6155) Pause Young (Concurrent Start) (G1 Evacuation Pause) 893M->758M(1024M) 5,747ms
[308,938s][info][gc] GC(6156) Concurrent Mark Cycle
[309,006s][info][gc] GC(6157) Pause Young (Normal) (G1 Evacuation Pause) 896M->768M(1024M) 5,453ms
[309,069s][info][gc] GC(6158) Pause Young (Normal) (G1 Evacuation Pause) 897M->779M(1024M) 5,164ms
[309,129s][info][gc] GC(6159) Pause Young (Normal) (G1 Evacuation Pause) 899M->788M(1024M) 4,802ms
[309,152s][info][gc] GC(6156) Pause Remark 839M->839M(1024M) 0,846ms
[309,183s][info][gc] GC(6160) Pause Young (Normal) (G1 Evacuation Pause) 899M->798M(1024M) 5,024ms
[309,232s][info][gc] GC(6161) Pause Young (Normal) (G1 Evacuation Pause) 902M->806M(1024M) 4,858ms
[309,278s][info][gc] GC(6162) Pause Young (Normal) (G1 Evacuation Pause) 903M->813M(1024M) 4,697ms
[309,306s][info][gc] GC(6156) Pause Cleanup 878M->878M(1024M) 0,370ms
[309,307s][info][gc] GC(6156) Concurrent Mark Cycle 369,417ms
[309,322s][info][gc] GC(6163) Pause Young (Prepare Mixed) (G1 Evacuation Pause) 904M->821M(1024M) 4,525ms
[309,354s][info][gc] GC(6164) Pause Young (Mixed) (G1 Evacuation Pause) 864M->775M(1024M) 14,062ms
[309,387s][info][gc] GC(6165) Pause Young (Mixed) (G1 Evacuation Pause) 822M->739M(1024M) 14,536ms
[309,416s][info][gc] GC(6166) Pause Young (Mixed) (G1 Evacuation Pause) 783M->722M(1024M) 10,455ms
[309,490s][info][gc] GC(6167) Pause Young (Normal) (G1 Evacuation Pause) 891M->735M(1024M) 5,173ms
[309,561s][info][gc] GC(6168) Pause Young (Normal) (G1 Evacuation Pause) 893M->748M(1024M) 7,036ms
[309,625s][info][gc] GC(6169) Pause Young (Concurrent Start) (G1 Evacuation Pause) 894M->759M(1024M) 5,670ms
[309,626s][info][gc] GC(6170) Concurrent Mark Cycle
[309,693s][info][gc] GC(6171) Pause Young (Normal) (G1 Evacuation Pause) 896M->770M(1024M) 5,399ms
[309,756s][info][gc] GC(6172) Pause Young (Normal) (G1 Evacuation Pause) 898M->781M(1024M) 5,037ms
[309,814s][info][gc] GC(6173) Pause Young (Normal) (G1 Evacuation Pause) 899M->791M(1024M) 4,956ms
[309,839s][info][gc] GC(6170) Pause Remark 843M->843M(1024M) 0,906ms
[309,869s][info][gc] GC(6174) Pause Young (Normal) (G1 Evacuation Pause) 901M->799M(1024M) 4,941ms
[309,917s][info][gc] GC(6175) Pause Young (Normal) (G1 Evacuation Pause) 902M->808M(1024M) 4,854ms
[309,963s][info][gc] GC(6176) Pause Young (Normal) (G1 Evacuation Pause) 903M->815M(1024M) 4,759ms
[309,996s][info][gc] GC(6170) Pause Cleanup 893M->893M(1024M) 0,361ms
[309,997s][info][gc] GC(6170) Concurrent Mark Cycle 371,399ms
[310,005s][info][gc] GC(6177) Pause Young (Prepare Mixed) (G1 Evacuation Pause) 903M->822M(1024M) 4,456ms
[310,038s][info][gc] GC(6178) Pause Young (Mixed) (G1 Evacuation Pause) 866M->776M(1024M) 13,964ms
[310,072s][info][gc] GC(6179) Pause Young (Mixed) (G1 Evacuation Pause) 823M->739M(1024M) 14,413ms
[310,102s][info][gc] GC(6180) Pause Young (Mixed) (G1 Evacuation Pause) 783M->720M(1024M) 11,469ms
[310,177s][info][gc] GC(6181) Pause Young (Normal) (G1 Evacuation Pause) 891M->733M(1024M) 5,237ms
[310,249s][info][gc] GC(6182) Pause Young (Normal) (G1 Evacuation Pause) 893M->747M(1024M) 7,301ms
[310,313s][info][gc] GC(6183) Pause Young (Concurrent Start) (G1 Evacuation Pause) 895M->758M(1024M) 5,881ms
[310,313s][info][gc] GC(6184) Concurrent Mark Cycle
[310,381s][info][gc] GC(6185) Pause Young (Normal) (G1 Evacuation Pause) 895M->769M(1024M) 5,368ms
[310,444s][info][gc] GC(6186) Pause Young (Normal) (G1 Evacuation Pause) 898M->779M(1024M) 5,141ms
[310,504s][info][gc] GC(6187) Pause Young (Normal) (G1 Evacuation Pause) 899M->788M(1024M) 4,926ms
[310,526s][info][gc] GC(6184) Pause Remark 836M->836M(1024M) 0,955ms
[310,559s][info][gc] GC(6188) Pause Young (Normal) (G1 Evacuation Pause) 899M->797M(1024M) 5,200ms
[310,608s][info][gc] GC(6189) Pause Young (Normal) (G1 Evacuation Pause) 901M->806M(1024M) 4,899ms
[310,654s][info][gc] GC(6190) Pause Young (Normal) (G1 Evacuation Pause) 903M->813M(1024M) 4,743ms
[310,681s][info][gc] GC(6184) Pause Cleanup 876M->876M(1024M) 0,340ms
[310,682s][info][gc] GC(6184) Concurrent Mark Cycle 369,039ms
[310,697s][info][gc] GC(6191) Pause Young (Prepare Mixed) (G1 Evacuation Pause) 903M->821M(1024M) 4,509ms
[310,730s][info][gc] GC(6192) Pause Young (Mixed) (G1 Evacuation Pause) 864M->775M(1024M) 14,605ms
[310,764s][info][gc] GC(6193) Pause Young (Mixed) (G1 Evacuation Pause) 822M->739M(1024M) 14,556ms
[310,793s][info][gc] GC(6194) Pause Young (Mixed) (G1 Evacuation Pause) 783M->721M(1024M) 11,055ms
[310,868s][info][gc] GC(6195) Pause Young (Normal) (G1 Evacuation Pause) 891M->734M(1024M) 5,204ms
[310,940s][info][gc] GC(6196) Pause Young (Normal) (G1 Evacuation Pause) 893M->747M(1024M) 7,152ms
[311,005s][info][gc] GC(6197) Pause Young (Concurrent Start) (G1 Evacuation Pause) 894M->759M(1024M) 5,684ms
[311,005s][info][gc] GC(6198) Concurrent Mark Cycle
[311,072s][info][gc] GC(6199) Pause Young (Normal) (G1 Evacuation Pause) 895M->770M(1024M) 5,448ms
[311,136s][info][gc] GC(6200) Pause Young (Normal) (G1 Evacuation Pause) 898M->781M(1024M) 5,053ms
[311,194s][info][gc] GC(6201) Pause Young (Normal) (G1 Evacuation Pause) 899M->790M(1024M) 4,887ms
[311,218s][info][gc] GC(6198) Pause Remark 841M->841M(1024M) 0,697ms
[311,248s][info][gc] GC(6202) Pause Young (Normal) (G1 Evacuation Pause) 900M->799M(1024M) 4,923ms
[311,297s][info][gc] GC(6203) Pause Young (Normal) (G1 Evacuation Pause) 901M->807M(1024M) 4,904ms
[311,342s][info][gc] GC(6204) Pause Young (Normal) (G1 Evacuation Pause) 902M->815M(1024M) 4,683ms
[311,372s][info][gc] GC(6198) Pause Cleanup 885M->885M(1024M) 0,375ms
[311,373s][info][gc] GC(6198) Concurrent Mark Cycle 367,820ms
[311,385s][info][gc] GC(6205) Pause Young (Prepare Mixed) (G1 Evacuation Pause) 904M->822M(1024M) 4,512ms
[311,418s][info][gc] GC(6206) Pause Young (Mixed) (G1 Evacuation Pause) 866M->776M(1024M) 14,482ms
[311,452s][info][gc] GC(6207) Pause Young (Mixed) (G1 Evacuation Pause) 823M->739M(1024M) 14,280ms
[311,481s][info][gc] GC(6208) Pause Young (Mixed) (G1 Evacuation Pause) 783M->721M(1024M) 10,981ms
[311,556s][info][gc] GC(6209) Pause Young (Normal) (G1 Evacuation Pause) 891M->734M(1024M) 5,305ms
[311,627s][info][gc] GC(6210) Pause Young (Normal) (G1 Evacuation Pause) 893M->747M(1024M) 7,268ms
[311,691s][info][gc] GC(6211) Pause Young (Concurrent Start) (G1 Evacuation Pause) 894M->758M(1024M) 5,664ms
[311,691s][info][gc] GC(6212) Concurrent Mark Cycle
[311,759s][info][gc] GC(6213) Pause Young (Normal) (G1 Evacuation Pause) 896M->769M(1024M) 5,490ms
[311,823s][info][gc] GC(6214) Pause Young (Normal) (G1 Evacuation Pause) 898M->780M(1024M) 5,231ms
[311,882s][info][gc] GC(6215) Pause Young (Normal) (G1 Evacuation Pause) 899M->789M(1024M) 4,788ms
[311,905s][info][gc] GC(6212) Pause Remark 836M->836M(1024M) 0,783ms
[311,937s][info][gc] GC(6216) Pause Young (Normal) (G1 Evacuation Pause) 900M->798M(1024M) 4,894ms
[311,987s][info][gc] GC(6217) Pause Young (Normal) (G1 Evacuation Pause) 902M->806M(1024M) 4,722ms
[312,033s][info][gc] GC(6218) Pause Young (Normal) (G1 Evacuation Pause) 903M->814M(1024M) 4,773ms
[312,060s][info][gc] GC(6212) Pause Cleanup 873M->873M(1024M) 0,366ms
[312,061s][info][gc] GC(6212) Concurrent Mark Cycle 370,163ms
[312,078s][info][gc] GC(6219) Pause Young (Prepare Mixed) (G1 Evacuation Pause) 904M->821M(1024M) 4,462ms
[312,110s][info][gc] GC(6220) Pause Young (Mixed) (G1 Evacuation Pause) 864M->775M(1024M) 14,275ms
[312,144s][info][gc] GC(6221) Pause Young (Mixed) (G1 Evacuation Pause) 822M->739M(1024M) 14,652ms
[312,174s][info][gc] GC(6222) Pause Young (Mixed) (G1 Evacuation Pause) 783M->721M(1024M) 11,241ms
[312,249s][info][gc] GC(6223) Pause Young (Normal) (G1 Evacuation Pause) 891M->734M(1024M) 5,297ms
[312,320s][info][gc] GC(6224) Pause Young (Normal) (G1 Evacuation Pause) 893M->747M(1024M) 7,081ms
[312,384s][info][gc] GC(6225) Pause Young (Concurrent Start) (G1 Evacuation Pause) 895M->758M(1024M) 5,781ms
[312,384s][info][gc] GC(6226) Concurrent Mark Cycle
[312,452s][info][gc] GC(6227) Pause Young (Normal) (G1 Evacuation Pause) 896M->770M(1024M) 5,411ms
[312,516s][info][gc] GC(6228) Pause Young (Normal) (G1 Evacuation Pause) 898M->780M(1024M) 5,080ms
[312,575s][info][gc] GC(6229) Pause Young (Normal) (G1 Evacuation Pause) 899M->789M(1024M) 4,822ms
[312,598s][info][gc] GC(6226) Pause Remark 837M->837M(1024M) 0,717ms
[312,630s][info][gc] GC(6230) Pause Young (Normal) (G1 Evacuation Pause) 900M->798M(1024M) 5,030ms
[312,679s][info][gc] GC(6231) Pause Young (Normal) (G1 Evacuation Pause) 902M->806M(1024M) 4,970ms
[312,725s][info][gc] GC(6232) Pause Young (Normal) (G1 Evacuation Pause) 902M->814M(1024M) 4,705ms
[312,753s][info][gc] GC(6226) Pause Cleanup 879M->879M(1024M) 0,357ms
[312,754s][info][gc] GC(6226) Concurrent Mark Cycle 369,700ms
[312,768s][info][gc] GC(6233) Pause Young (Prepare Mixed) (G1 Evacuation Pause) 904M->821M(1024M) 4,415ms
[312,801s][info][gc] GC(6234) Pause Young (Mixed) (G1 Evacuation Pause) 864M->775M(1024M) 14,544ms
[312,835s][info][gc] GC(6235) Pause Young (Mixed) (G1 Evacuation Pause) 822M->740M(1024M) 14,187ms
[312,864s][info][gc] GC(6236) Pause Young (Mixed) (G1 Evacuation Pause) 784M->720M(1024M) 10,648ms
[312,940s][info][gc] GC(6237) Pause Young (Normal) (G1 Evacuation Pause) 891M->733M(1024M) 5,289ms
[313,011s][info][gc] GC(6238) Pause Young (Normal) (G1 Evacuation Pause) 893M->746M(1024M) 7,190ms
[313,076s][info][gc] GC(6239) Pause Young (Concurrent Start) (G1 Evacuation Pause) 894M->759M(1024M) 5,820ms
[313,076s][info][gc] GC(6240) Concurrent Mark Cycle
[313,143s][info][gc] GC(6241) Pause Young (Normal) (G1 Evacuation Pause) 896M->769M(1024M) 5,425ms
[313,207s][info][gc] GC(6242) Pause Young (Normal) (G1 Evacuation Pause) 898M->780M(1024M) 5,158ms
[313,266s][info][gc] GC(6243) Pause Young (Normal) (G1 Evacuation Pause) 899M->790M(1024M) 4,918ms
[313,288s][info][gc] GC(6240) Pause Remark 838M->838M(1024M) 0,675ms
[313,320s][info][gc] GC(6244) Pause Young (Normal) (G1 Evacuation Pause) 901M->799M(1024M) 5,017ms
[313,369s][info][gc] GC(6245) Pause Young (Normal) (G1 Evacuation Pause) 902M->807M(1024M) 4,905ms
[313,415s][info][gc] GC(6246) Pause Young (Normal) (G1 Evacuation Pause) 903M->814M(1024M) 4,855ms
[313,443s][info][gc] GC(6240) Pause Cleanup 881M->881M(1024M) 0,380ms
[313,444s][info][gc] GC(6240) Concurrent Mark Cycle 368,626ms
[313,458s][info][gc] GC(6247) Pause Young (Prepare Mixed) (G1 Evacuation Pause) 904M->822M(1024M) 4,521ms
[313,490s][info][gc] GC(6248) Pause Young (Mixed) (G1 Evacuation Pause) 865M->776M(1024M) 14,232ms
[313,524s][info][gc] GC(6249) Pause Young (Mixed) (G1 Evacuation Pause) 823M->739M(1024M) 14,260ms
[313,553s][info][gc] GC(6250) Pause Young (Mixed) (G1 Evacuation Pause) 783M->722M(1024M) 10,614ms
[313,628s][info][gc] GC(6251) Pause Young (Normal) (G1 Evacuation Pause) 891M->734M(1024M) 5,199ms
[313,698s][info][gc] GC(6252) Pause Young (Normal) (G1 Evacuation Pause) 892M->747M(1024M) 7,006ms
[313,762s][info][gc] GC(6253) Pause Young (Concurrent Start) (G1 Evacuation Pause) 894M->759M(1024M) 5,715ms
[313,762s][info][gc] GC(6254) Concurrent Mark Cycle
[313,830s][info][gc] GC(6255) Pause Young (Normal) (G1 Evacuation Pause) 896M->770M(1024M) 5,426ms
[313,892s][info][gc] GC(6256) Pause Young (Normal) (G1 Evacuation Pause) 897M->781M(1024M) 5,072ms
[313,951s][info][gc] GC(6257) Pause Young (Normal) (G1 Evacuation Pause) 899M->790M(1024M) 4,933ms
[313,975s][info][gc] GC(6254) Pause Remark 842M->842M(1024M) 0,763ms
[314,006s][info][gc] GC(6258) Pause Young (Normal) (G1 Evacuation Pause) 901M->798M(1024M) 5,094ms
[314,055s][info][gc] GC(6259) Pause Young (Normal) (G1 Evacuation Pause) 902M->807M(1024M) 4,948ms
[314,100s][info][gc] GC(6260) Pause Young (Normal) (G1 Evacuation Pause) 903M->814M(1024M) 4,781ms
[314,129s][info][gc] GC(6254) Pause Cleanup 882M->882M(1024M) 0,345ms
[314,131s][info][gc] GC(6254) Concurrent Mark Cycle 368,188ms
[314,143s][info][gc] GC(6261) Pause Young (Prepare Mixed) (G1 Evacuation Pause) 904M->822M(1024M) 4,519ms
[314,176s][info][gc] GC(6262) Pause Young (Mixed) (G1 Evacuation Pause) 865M->776M(1024M) 14,562ms
[314,209s][info][gc] GC(6263) Pause Young (Mixed) (G1 Evacuation Pause) 823M->740M(1024M) 14,293ms
[314,238s][info][gc] GC(6264) Pause Young (Mixed) (G1 Evacuation Pause) 784M->720M(1024M) 10,706ms
[314,314s][info][gc] GC(6265) Pause Young (Normal) (G1 Evacuation Pause) 891M->733M(1024M) 5,295ms
[314,385s][info][gc] GC(6266) Pause Young (Normal) (G1 Evacuation Pause) 893M->746M(1024M) 7,131ms
[314,450s][info][gc] GC(6267) Pause Young (Concurrent Start) (G1 Evacuation Pause) 894M->758M(1024M) 5,709ms
[314,450s][info][gc] GC(6268) Concurrent Mark Cycle
[314,517s][info][gc] GC(6269) Pause Young (Normal) (G1 Evacuation Pause) 896M->769M(1024M) 5,494ms
[314,581s][info][gc] GC(6270) Pause Young (Normal) (G1 Evacuation Pause) 898M->779M(1024M) 5,111ms
[314,640s][info][gc] GC(6271) Pause Young (Normal) (G1 Evacuation Pause) 899M->788M(1024M) 4,779ms
[314,662s][info][gc] GC(6268) Pause Remark 836M->836M(1024M) 0,788ms
[314,694s][info][gc] GC(6272) Pause Young (Normal) (G1 Evacuation Pause) 899M->797M(1024M) 4,967ms
[314,744s][info][gc] GC(6273) Pause Young (Normal) (G1 Evacuation Pause) 901M->806M(1024M) 4,926ms
[314,790s][info][gc] GC(6274) Pause Young (Normal) (G1 Evacuation Pause) 903M->813M(1024M) 4,843ms
[314,817s][info][gc] GC(6268) Pause Cleanup 876M->876M(1024M) 0,377ms
[314,818s][info][gc] GC(6268) Concurrent Mark Cycle 368,199ms
[314,833s][info][gc] GC(6275) Pause Young (Prepare Mixed) (G1 Evacuation Pause) 904M->820M(1024M) 4,537ms
[314,866s][info][gc] GC(6276) Pause Young (Mixed) (G1 Evacuation Pause) 863M->775M(1024M) 15,048ms
[314,900s][info][gc] GC(6277) Pause Young (Mixed) (G1 Evacuation Pause) 822M->739M(1024M) 14,208ms
[314,928s][info][gc] GC(6278) Pause Young (Mixed) (G1 Evacuation Pause) 783M->719M(1024M) 10,667ms
[315,005s][info][gc] GC(6279) Pause Young (Normal) (G1 Evacuation Pause) 891M->732M(1024M) 5,345ms
[315,078s][info][gc] GC(6280) Pause Young (Normal) (G1 Evacuation Pause) 893M->746M(1024M) 7,127ms
[315,143s][info][gc] GC(6281) Pause Young (Concurrent Start) (G1 Evacuation Pause) 894M->757M(1024M) 5,708ms
[315,143s][info][gc] GC(6282) Concurrent Mark Cycle
[315,211s][info][gc] GC(6283) Pause Young (Normal) (G1 Evacuation Pause) 896M->768M(1024M) 5,416ms
[315,275s][info][gc] GC(6284) Pause Young (Normal) (G1 Evacuation Pause) 897M->779M(1024M) 5,220ms
[315,334s][info][gc] GC(6285) Pause Young (Normal) (G1 Evacuation Pause) 899M->788M(1024M) 4,941ms
[315,356s][info][gc] GC(6282) Pause Remark 835M->835M(1024M) 0,821ms
[315,389s][info][gc] GC(6286) Pause Young (Normal) (G1 Evacuation Pause) 900M->797M(1024M) 5,026ms
[315,438s][info][gc] GC(6287) Pause Young (Normal) (G1 Evacuation Pause) 901M->806M(1024M) 4,971ms
[315,485s][info][gc] GC(6288) Pause Young (Normal) (G1 Evacuation Pause) 903M->813M(1024M) 4,776ms
[315,510s][info][gc] GC(6282) Pause Cleanup 873M->873M(1024M) 0,355ms
[315,511s][info][gc] GC(6282) Concurrent Mark Cycle 368,432ms
[315,528s][info][gc] GC(6289) Pause Young (Prepare Mixed) (G1 Evacuation Pause) 904M->821M(1024M) 4,434ms
[315,561s][info][gc] GC(6290) Pause Young (Mixed) (G1 Evacuation Pause) 864M->776M(1024M) 14,691ms
[315,596s][info][gc] GC(6291) Pause Young (Mixed) (G1 Evacuation Pause) 823M->739M(1024M) 14,390ms
[315,625s][info][gc] GC(6292) Pause Young (Mixed) (G1 Evacuation Pause) 783M->721M(1024M) 10,651ms
[315,701s][info][gc] GC(6293) Pause Young (Normal) (G1 Evacuation Pause) 891M->733M(1024M) 5,209ms
[315,772s][info][gc] GC(6294) Pause Young (Normal) (G1 Evacuation Pause) 892M->747M(1024M) 7,110ms
[315,837s][info][gc] GC(6295) Pause Young (Concurrent Start) (G1 Evacuation Pause) 894M->758M(1024M) 5,601ms
[315,837s][info][gc] GC(6296) Concurrent Mark Cycle
[315,905s][info][gc] GC(6297) Pause Young (Normal) (G1 Evacuation Pause) 896M->769M(1024M) 5,353ms
[315,968s][info][gc] GC(6298) Pause Young (Normal) (G1 Evacuation Pause) 897M->780M(1024M) 5,038ms
[316,027s][info][gc] GC(6299) Pause Young (Normal) (G1 Evacuation Pause) 899M->789M(1024M) 4,937ms
[316,050s][info][gc] GC(6296) Pause Remark 838M->838M(1024M) 0,693ms
[316,082s][info][gc] GC(6300) Pause Young (Normal) (G1 Evacuation Pause) 900M->798M(1024M) 5,049ms
[316,130s][info][gc] GC(6301) Pause Young (Normal) (G1 Evacuation Pause) 902M->807M(1024M) 4,910ms
[316,176s][info][gc] GC(6302) Pause Young (Normal) (G1 Evacuation Pause) 903M->814M(1024M) 4,745ms
[316,204s][info][gc] GC(6296) Pause Cleanup 879M->879M(1024M) 0,367ms
[316,205s][info][gc] GC(6296) Concurrent Mark Cycle 368,293ms
[316,219s][info][gc] GC(6303) Pause Young (Prepare Mixed) (G1 Evacuation Pause) 904M->822M(1024M) 4,405ms
[316,252s][info][gc] GC(6304) Pause Young (Mixed) (G1 Evacuation Pause) 865M->776M(1024M) 14,747ms
[316,285s][info][gc] GC(6305) Pause Young (Mixed) (G1 Evacuation Pause) 823M->741M(1024M) 14,150ms
[316,314s][info][gc] GC(6306) Pause Young (Mixed) (G1 Evacuation Pause) 785M->723M(1024M) 10,957ms
[316,389s][info][gc] GC(6307) Pause Young (Normal) (G1 Evacuation Pause) 891M->736M(1024M) 5,127ms
[316,458s][info][gc] GC(6308) Pause Young (Normal) (G1 Evacuation Pause) 893M->749M(1024M) 7,204ms
[316,522s][info][gc] GC(6309) Pause Young (Concurrent Start) (G1 Evacuation Pause) 895M->759M(1024M) 5,725ms
[316,522s][info][gc] GC(6310) Concurrent Mark Cycle
[316,591s][info][gc] GC(6311) Pause Young (Normal) (G1 Evacuation Pause) 896M->770M(1024M) 5,410ms
[316,656s][info][gc] GC(6312) Pause Young (Normal) (G1 Evacuation Pause) 898M->781M(1024M) 5,096ms
[316,722s][info][gc] GC(6313) Pause Young (Normal) (G1 Evacuation Pause) 899M->790M(1024M) 4,747ms
[316,745s][info][gc] GC(6310) Pause Remark 837M->837M(1024M) 0,751ms
[316,778s][info][gc] GC(6314) Pause Young (Normal) (G1 Evacuation Pause) 901M->799M(1024M) 4,931ms
[316,827s][info][gc] GC(6315) Pause Young (Normal) (G1 Evacuation Pause) 902M->807M(1024M) 5,005ms
[316,873s][info][gc] GC(6316) Pause Young (Normal) (G1 Evacuation Pause) 902M->814M(1024M) 4,698ms
[316,901s][info][gc] GC(6310) Pause Cleanup 880M->880M(1024M) 0,330ms
[316,902s][info][gc] GC(6310) Concurrent Mark Cycle 380,035ms
[316,915s][info][gc] GC(6317) Pause Young (Prepare Mixed) (G1 Evacuation Pause) 903M->822M(1024M) 4,402ms
[316,948s][info][gc] GC(6318) Pause Young (Mixed) (G1 Evacuation Pause) 865M->775M(1024M) 14,184ms
[316,982s][info][gc] GC(6319) Pause Young (Mixed) (G1 Evacuation Pause) 822M->739M(1024M) 14,305ms
[317,012s][info][gc] GC(6320) Pause Young (Mixed) (G1 Evacuation Pause) 783M->721M(1024M) 11,253ms
[317,087s][info][gc] GC(6321) Pause Young (Normal) (G1 Evacuation Pause) 891M->733M(1024M) 5,240ms
[317,160s][info][gc] GC(6322) Pause Young (Normal) (G1 Evacuation Pause) 892M->746M(1024M) 7,264ms
[317,226s][info][gc] GC(6323) Pause Young (Concurrent Start) (G1 Evacuation Pause) 894M->758M(1024M) 5,811ms
[317,226s][info][gc] GC(6324) Concurrent Mark Cycle
[317,293s][info][gc] GC(6325) Pause Young (Normal) (G1 Evacuation Pause) 896M->768M(1024M) 5,361ms
[317,358s][info][gc] GC(6326) Pause Young (Normal) (G1 Evacuation Pause) 897M->779M(1024M) 5,046ms
[317,417s][info][gc] GC(6327) Pause Young (Normal) (G1 Evacuation Pause) 899M->788M(1024M) 4,798ms
[317,439s][info][gc] GC(6324) Pause Remark 834M->834M(1024M) 0,674ms
[317,472s][info][gc] GC(6328) Pause Young (Normal) (G1 Evacuation Pause) 899M->797M(1024M) 5,029ms
[317,521s][info][gc] GC(6329) Pause Young (Normal) (G1 Evacuation Pause) 901M->806M(1024M) 4,972ms
[317,568s][info][gc] GC(6330) Pause Young (Normal) (G1 Evacuation Pause) 903M->814M(1024M) 4,822ms
[317,594s][info][gc] GC(6324) Pause Cleanup 874M->874M(1024M) 0,343ms
[317,595s][info][gc] GC(6324) Concurrent Mark Cycle 369,102ms
[317,611s][info][gc] GC(6331) Pause Young (Prepare Mixed) (G1 Evacuation Pause) 903M->821M(1024M) 4,444ms
[317,643s][info][gc] GC(6332) Pause Young (Mixed) (G1 Evacuation Pause) 864M->775M(1024M) 14,191ms
[317,677s][info][gc] GC(6333) Pause Young (Mixed) (G1 Evacuation Pause) 822M->739M(1024M) 14,160ms
[317,707s][info][gc] GC(6334) Pause Young (Mixed) (G1 Evacuation Pause) 783M->720M(1024M) 11,138ms
[317,784s][info][gc] GC(6335) Pause Young (Normal) (G1 Evacuation Pause) 891M->733M(1024M) 5,154ms
[317,857s][info][gc] GC(6336) Pause Young (Normal) (G1 Evacuation Pause) 893M->746M(1024M) 7,268ms
[317,923s][info][gc] GC(6337) Pause Young (Concurrent Start) (G1 Evacuation Pause) 894M->758M(1024M) 5,887ms
[317,923s][info][gc] GC(6338) Concurrent Mark Cycle
[317,991s][info][gc] GC(6339) Pause Young (Normal) (G1 Evacuation Pause) 896M->768M(1024M) 5,407ms
[318,055s][info][gc] GC(6340) Pause Young (Normal) (G1 Evacuation Pause) 897M->779M(1024M) 5,239ms
[318,114s][info][gc] GC(6341) Pause Young (Normal) (G1 Evacuation Pause) 899M->788M(1024M) 4,833ms
[318,137s][info][gc] GC(6338) Pause Remark 835M->835M(1024M) 0,526ms
[318,171s][info][gc] GC(6342) Pause Young (Normal) (G1 Evacuation Pause) 899M->797M(1024M) 4,991ms
[318,220s][info][gc] GC(6343) Pause Young (Normal) (G1 Evacuation Pause) 901M->806M(1024M) 4,675ms
[318,266s][info][gc] GC(6344) Pause Young (Normal) (G1 Evacuation Pause) 903M->814M(1024M) 4,634ms
[318,293s][info][gc] GC(6338) Pause Cleanup 875M->875M(1024M) 0,357ms
[318,294s][info][gc] GC(6338) Concurrent Mark Cycle 371,735ms
[318,310s][info][gc] GC(6345) Pause Young (Prepare Mixed) (G1 Evacuation Pause) 904M->821M(1024M) 4,441ms
[318,342s][info][gc] GC(6346) Pause Young (Mixed) (G1 Evacuation Pause) 864M->775M(1024M) 14,054ms
[318,376s][info][gc] GC(6347) Pause Young (Mixed) (G1 Evacuation Pause) 822M->738M(1024M) 14,541ms
[318,405s][info][gc] GC(6348) Pause Young (Mixed) (G1 Evacuation Pause) 782M->721M(1024M) 10,780ms
[318,480s][info][gc] GC(6349) Pause Young (Normal) (G1 Evacuation Pause) 891M->733M(1024M) 5,118ms
[318,551s][info][gc] GC(6350) Pause Young (Normal) (G1 Evacuation Pause) 892M->746M(1024M) 7,032ms
[318,615s][info][gc] GC(6351) Pause Young (Concurrent Start) (G1 Evacuation Pause) 894M->758M(1024M) 5,685ms
[318,615s][info][gc] GC(6352) Concurrent Mark Cycle
[318,683s][info][gc] GC(6353) Pause Young (Normal) (G1 Evacuation Pause) 896M->769M(1024M) 5,392ms
[318,747s][info][gc] GC(6354) Pause Young (Normal) (G1 Evacuation Pause) 898M->779M(1024M) 5,194ms
[318,806s][info][gc] GC(6355) Pause Young (Normal) (G1 Evacuation Pause) 899M->789M(1024M) 4,867ms
[318,828s][info][gc] GC(6352) Pause Remark 836M->836M(1024M) 0,743ms
[318,861s][info][gc] GC(6356) Pause Young (Normal) (G1 Evacuation Pause) 900M->797M(1024M) 5,141ms
[318,910s][info][gc] GC(6357) Pause Young (Normal) (G1 Evacuation Pause) 901M->806M(1024M) 4,898ms
[318,956s][info][gc] GC(6358) Pause Young (Normal) (G1 Evacuation Pause) 903M->814M(1024M) 4,850ms
[318,983s][info][gc] GC(6352) Pause Cleanup 875M->875M(1024M) 0,370ms
[318,984s][info][gc] GC(6352) Concurrent Mark Cycle 368,560ms
[319,000s][info][gc] GC(6359) Pause Young (Prepare Mixed) (G1 Evacuation Pause) 904M->821M(1024M) 4,460ms
[319,032s][info][gc] GC(6360) Pause Young (Mixed) (G1 Evacuation Pause) 864M->775M(1024M) 14,400ms
[319,066s][info][gc] GC(6361) Pause Young (Mixed) (G1 Evacuation Pause) 822M->738M(1024M) 14,189ms
[319,096s][info][gc] GC(6362) Pause Young (Mixed) (G1 Evacuation Pause) 782M->721M(1024M) 11,351ms
[319,172s][info][gc] GC(6363) Pause Young (Normal) (G1 Evacuation Pause) 891M->734M(1024M) 5,183ms
[319,243s][info][gc] GC(6364) Pause Young (Normal) (G1 Evacuation Pause) 893M->748M(1024M) 7,128ms
[319,308s][info][gc] GC(6365) Pause Young (Concurrent Start) (G1 Evacuation Pause) 895M->759M(1024M) 5,769ms
[319,308s][info][gc] GC(6366) Concurrent Mark Cycle
[319,375s][info][gc] GC(6367) Pause Young (Normal) (G1 Evacuation Pause) 896M->769M(1024M) 5,341ms
[319,439s][info][gc] GC(6368) Pause Young (Normal) (G1 Evacuation Pause) 898M->780M(1024M) 5,140ms
[319,498s][info][gc] GC(6369) Pause Young (Normal) (G1 Evacuation Pause) 899M->789M(1024M) 4,873ms
[319,521s][info][gc] GC(6366) Pause Remark 837M->837M(1024M) 0,861ms
[319,553s][info][gc] GC(6370) Pause Young (Normal) (G1 Evacuation Pause) 900M->799M(1024M) 5,091ms
[319,602s][info][gc] GC(6371) Pause Young (Normal) (G1 Evacuation Pause) 902M->807M(1024M) 5,002ms
[319,648s][info][gc] GC(6372) Pause Young (Normal) (G1 Evacuation Pause) 903M->814M(1024M) 4,767ms
[319,675s][info][gc] GC(6366) Pause Cleanup 877M->877M(1024M) 0,377ms
[319,676s][info][gc] GC(6366) Concurrent Mark Cycle 367,736ms
[319,691s][info][gc] GC(6373) Pause Young (Prepare Mixed) (G1 Evacuation Pause) 904M->821M(1024M) 4,412ms
[319,724s][info][gc] GC(6374) Pause Young (Mixed) (G1 Evacuation Pause) 864M->775M(1024M) 14,551ms
[319,757s][info][gc] GC(6375) Pause Young (Mixed) (G1 Evacuation Pause) 822M->740M(1024M) 14,292ms
[319,786s][info][gc] GC(6376) Pause Young (Mixed) (G1 Evacuation Pause) 784M->721M(1024M) 10,673ms
[319,861s][info][gc] GC(6377) Pause Young (Normal) (G1 Evacuation Pause) 891M->734M(1024M) 5,235ms
[319,933s][info][gc] GC(6378) Pause Young (Normal) (G1 Evacuation Pause) 893M->747M(1024M) 7,029ms
[319,999s][info][gc] GC(6379) Pause Young (Concurrent Start) (G1 Evacuation Pause) 895M->759M(1024M) 5,771ms
[319,999s][info][gc] GC(6380) Concurrent Mark Cycle
[320,066s][info][gc] GC(6381) Pause Young (Normal) (G1 Evacuation Pause) 895M->770M(1024M) 5,330ms
[320,129s][info][gc] GC(6382) Pause Young (Normal) (G1 Evacuation Pause) 897M->780M(1024M) 5,081ms
[320,187s][info][gc] GC(6383) Pause Young (Normal) (G1 Evacuation Pause) 898M->789M(1024M) 4,782ms
[320,213s][info][gc] GC(6380) Pause Remark 843M->843M(1024M) 0,810ms
[320,242s][info][gc] GC(6384) Pause Young (Normal) (G1 Evacuation Pause) 900M->799M(1024M) 5,054ms
[320,291s][info][gc] GC(6385) Pause Young (Normal) (G1 Evacuation Pause) 901M->807M(1024M) 4,898ms
[320,339s][info][gc] GC(6386) Pause Young (Normal) (G1 Evacuation Pause) 903M->815M(1024M) 4,832ms
[320,372s][info][gc] GC(6380) Pause Cleanup 885M->885M(1024M) 0,348ms
[320,373s][info][gc] GC(6380) Concurrent Mark Cycle 374,206ms
[320,384s][info][gc] GC(6387) Pause Young (Prepare Mixed) (G1 Evacuation Pause) 904M->822M(1024M) 4,246ms
[320,417s][info][gc] GC(6388) Pause Young (Mixed) (G1 Evacuation Pause) 865M->776M(1024M) 14,294ms
[320,454s][info][gc] GC(6389) Pause Young (Mixed) (G1 Evacuation Pause) 823M->741M(1024M) 15,142ms
[320,484s][info][gc] GC(6390) Pause Young (Mixed) (G1 Evacuation Pause) 785M->723M(1024M) 11,383ms
[320,566s][info][gc] GC(6391) Pause Young (Normal) (G1 Evacuation Pause) 891M->735M(1024M) 5,046ms
[320,645s][info][gc] GC(6392) Pause Young (Normal) (G1 Evacuation Pause) 892M->748M(1024M) 6,921ms
[320,715s][info][gc] GC(6393) Pause Young (Concurrent Start) (G1 Evacuation Pause) 895M->760M(1024M) 5,721ms
[320,715s][info][gc] GC(6394) Concurrent Mark Cycle
[320,784s][info][gc] GC(6395) Pause Young (Normal) (G1 Evacuation Pause) 896M->770M(1024M) 5,511ms
[320,848s][info][gc] GC(6396) Pause Young (Normal) (G1 Evacuation Pause) 898M->781M(1024M) 4,954ms
[320,908s][info][gc] GC(6397) Pause Young (Normal) (G1 Evacuation Pause) 899M->790M(1024M) 4,715ms
[320,932s][info][gc] GC(6394) Pause Remark 842M->842M(1024M) 0,815ms
[320,963s][info][gc] GC(6398) Pause Young (Normal) (G1 Evacuation Pause) 901M->799M(1024M) 4,874ms
[321,013s][info][gc] GC(6399) Pause Young (Normal) (G1 Evacuation Pause) 902M->808M(1024M) 4,917ms
[321,058s][info][gc] GC(6400) Pause Young (Normal) (G1 Evacuation Pause) 903M->815M(1024M) 4,650ms
[321,087s][info][gc] GC(6394) Pause Cleanup 882M->882M(1024M) 0,362ms
[321,088s][info][gc] GC(6394) Concurrent Mark Cycle 372,821ms
[321,101s][info][gc] GC(6401) Pause Young (Prepare Mixed) (G1 Evacuation Pause) 904M->822M(1024M) 4,345ms
[321,134s][info][gc] GC(6402) Pause Young (Mixed) (G1 Evacuation Pause) 865M->775M(1024M) 14,634ms
[321,168s][info][gc] GC(6403) Pause Young (Mixed) (G1 Evacuation Pause) 822M->740M(1024M) 14,150ms
[321,198s][info][gc] GC(6404) Pause Young (Mixed) (G1 Evacuation Pause) 784M->720M(1024M) 11,367ms
[321,273s][info][gc] GC(6405) Pause Young (Normal) (G1 Evacuation Pause) 891M->733M(1024M) 5,136ms
[321,345s][info][gc] GC(6406) Pause Young (Normal) (G1 Evacuation Pause) 893M->746M(1024M) 7,128ms
[321,410s][info][gc] GC(6407) Pause Young (Concurrent Start) (G1 Evacuation Pause) 894M->757M(1024M) 5,768ms
[321,410s][info][gc] GC(6408) Concurrent Mark Cycle
[321,478s][info][gc] GC(6409) Pause Young (Normal) (G1 Evacuation Pause) 896M->769M(1024M) 5,424ms
[321,541s][info][gc] GC(6410) Pause Young (Normal) (G1 Evacuation Pause) 897M->780M(1024M) 5,094ms
[321,600s][info][gc] GC(6411) Pause Young (Normal) (G1 Evacuation Pause) 899M->789M(1024M) 4,936ms
[321,623s][info][gc] GC(6408) Pause Remark 836M->836M(1024M) 0,854ms
[321,655s][info][gc] GC(6412) Pause Young (Normal) (G1 Evacuation Pause) 900M->798M(1024M) 4,966ms
[321,704s][info][gc] GC(6413) Pause Young (Normal) (G1 Evacuation Pause) 901M->805M(1024M) 4,933ms
[321,750s][info][gc] GC(6414) Pause Young (Normal) (G1 Evacuation Pause) 903M->814M(1024M) 4,672ms
[321,776s][info][gc] GC(6408) Pause Cleanup 874M->874M(1024M) 0,308ms
[321,778s][info][gc] GC(6408) Concurrent Mark Cycle 367,994ms
[321,793s][info][gc] GC(6415) Pause Young (Prepare Mixed) (G1 Evacuation Pause) 903M->821M(1024M) 4,334ms
[321,828s][info][gc] GC(6416) Pause Young (Mixed) (G1 Evacuation Pause) 864M->775M(1024M) 14,667ms
[321,862s][info][gc] GC(6417) Pause Young (Mixed) (G1 Evacuation Pause) 822M->739M(1024M) 14,297ms
[321,892s][info][gc] GC(6418) Pause Young (Mixed) (G1 Evacuation Pause) 783M->721M(1024M) 10,544ms
[321,969s][info][gc] GC(6419) Pause Young (Normal) (G1 Evacuation Pause) 891M->734M(1024M) 5,150ms
[322,042s][info][gc] GC(6420) Pause Young (Normal) (G1 Evacuation Pause) 893M->746M(1024M) 7,168ms
[322,107s][info][gc] GC(6421) Pause Young (Concurrent Start) (G1 Evacuation Pause) 894M->758M(1024M) 5,694ms
[322,107s][info][gc] GC(6422) Concurrent Mark Cycle
[322,176s][info][gc] GC(6423) Pause Young (Normal) (G1 Evacuation Pause) 896M->769M(1024M) 5,546ms
[322,239s][info][gc] GC(6424) Pause Young (Normal) (G1 Evacuation Pause) 897M->780M(1024M) 5,082ms
[322,298s][info][gc] GC(6425) Pause Young (Normal) (G1 Evacuation Pause) 899M->789M(1024M) 4,855ms
[322,321s][info][gc] GC(6422) Pause Remark 839M->839M(1024M) 0,808ms
[322,353s][info][gc] GC(6426) Pause Young (Normal) (G1 Evacuation Pause) 900M->798M(1024M) 5,064ms
[322,402s][info][gc] GC(6427) Pause Young (Normal) (G1 Evacuation Pause) 902M->807M(1024M) 4,927ms
[322,448s][info][gc] GC(6428) Pause Young (Normal) (G1 Evacuation Pause) 903M->814M(1024M) 4,773ms
[322,476s][info][gc] GC(6422) Pause Cleanup 880M->880M(1024M) 0,367ms
[322,477s][info][gc] GC(6422) Concurrent Mark Cycle 369,938ms
[322,491s][info][gc] GC(6429) Pause Young (Prepare Mixed) (G1 Evacuation Pause) 904M->821M(1024M) 4,398ms
[322,524s][info][gc] GC(6430) Pause Young (Mixed) (G1 Evacuation Pause) 864M->776M(1024M) 14,511ms
[322,558s][info][gc] GC(6431) Pause Young (Mixed) (G1 Evacuation Pause) 823M->740M(1024M) 14,805ms
[322,588s][info][gc] GC(6432) Pause Young (Mixed) (G1 Evacuation Pause) 784M->719M(1024M) 11,135ms
[322,664s][info][gc] GC(6433) Pause Young (Normal) (G1 Evacuation Pause) 891M->732M(1024M) 5,205ms
[322,737s][info][gc] GC(6434) Pause Young (Normal) (G1 Evacuation Pause) 893M->745M(1024M) 7,108ms
[322,801s][info][gc] GC(6435) Pause Young (Concurrent Start) (G1 Evacuation Pause) 893M->758M(1024M) 5,854ms
[322,801s][info][gc] GC(6436) Concurrent Mark Cycle
[322,869s][info][gc] GC(6437) Pause Young (Normal) (G1 Evacuation Pause) 896M->769M(1024M) 5,452ms
[322,933s][info][gc] GC(6438) Pause Young (Normal) (G1 Evacuation Pause) 898M->779M(1024M) 5,200ms
[322,992s][info][gc] GC(6439) Pause Young (Normal) (G1 Evacuation Pause) 898M->789M(1024M) 4,866ms
[323,014s][info][gc] GC(6436) Pause Remark 837M->837M(1024M) 0,617ms
[323,047s][info][gc] GC(6440) Pause Young (Normal) (G1 Evacuation Pause) 900M->798M(1024M) 5,173ms
[323,096s][info][gc] GC(6441) Pause Young (Normal) (G1 Evacuation Pause) 902M->806M(1024M) 4,857ms
[323,141s][info][gc] GC(6442) Pause Young (Normal) (G1 Evacuation Pause) 902M->814M(1024M) 4,838ms
[323,169s][info][gc] GC(6436) Pause Cleanup 879M->879M(1024M) 0,340ms
[323,170s][info][gc] GC(6436) Concurrent Mark Cycle 368,952ms
[323,184s][info][gc] GC(6443) Pause Young (Prepare Mixed) (G1 Evacuation Pause) 904M->821M(1024M) 4,363ms
[323,217s][info][gc] GC(6444) Pause Young (Mixed) (G1 Evacuation Pause) 864M->777M(1024M) 14,512ms
[323,251s][info][gc] GC(6445) Pause Young (Mixed) (G1 Evacuation Pause) 824M->740M(1024M) 14,267ms
[323,280s][info][gc] GC(6446) Pause Young (Mixed) (G1 Evacuation Pause) 784M->723M(1024M) 10,919ms
[323,353s][info][gc] GC(6447) Pause Young (Normal) (G1 Evacuation Pause) 891M->735M(1024M) 5,146ms
[323,423s][info][gc] GC(6448) Pause Young (Normal) (G1 Evacuation Pause) 892M->748M(1024M) 6,978ms
[323,487s][info][gc] GC(6449) Pause Young (Concurrent Start) (G1 Evacuation Pause) 895M->760M(1024M) 5,785ms
[323,487s][info][gc] GC(6450) Concurrent Mark Cycle
[323,554s][info][gc] GC(6451) Pause Young (Normal) (G1 Evacuation Pause) 896M->770M(1024M) 5,407ms
[323,617s][info][gc] GC(6452) Pause Young (Normal) (G1 Evacuation Pause) 898M->781M(1024M) 5,135ms
[323,679s][info][gc] GC(6453) Pause Young (Normal) (G1 Evacuation Pause) 899M->790M(1024M) 4,974ms
[323,706s][info][gc] GC(6450) Pause Remark 841M->841M(1024M) 0,688ms
[323,738s][info][gc] GC(6454) Pause Young (Normal) (G1 Evacuation Pause) 901M->799M(1024M) 5,029ms
[323,789s][info][gc] GC(6455) Pause Young (Normal) (G1 Evacuation Pause) 902M->807M(1024M) 4,666ms
[323,838s][info][gc] GC(6456) Pause Young (Normal) (G1 Evacuation Pause) 903M->815M(1024M) 4,494ms
[323,868s][info][gc] GC(6450) Pause Cleanup 882M->882M(1024M) 0,294ms
[323,869s][info][gc] GC(6450) Concurrent Mark Cycle 382,273ms
[323,882s][info][gc] GC(6457) Pause Young (Prepare Mixed) (G1 Evacuation Pause) 904M->822M(1024M) 4,158ms
[323,915s][info][gc] GC(6458) Pause Young (Mixed) (G1 Evacuation Pause) 865M->776M(1024M) 14,048ms
[323,951s][info][gc] GC(6459) Pause Young (Mixed) (G1 Evacuation Pause) 823M->739M(1024M) 15,006ms
[323,981s][info][gc] GC(6460) Pause Young (Mixed) (G1 Evacuation Pause) 783M->721M(1024M) 10,686ms
[324,060s][info][gc] GC(6461) Pause Young (Normal) (G1 Evacuation Pause) 891M->733M(1024M) 5,066ms
[324,134s][info][gc] GC(6462) Pause Young (Normal) (G1 Evacuation Pause) 892M->746M(1024M) 7,098ms
[324,201s][info][gc] GC(6463) Pause Young (Concurrent Start) (G1 Evacuation Pause) 894M->757M(1024M) 5,668ms
[324,201s][info][gc] GC(6464) Concurrent Mark Cycle
[324,269s][info][gc] GC(6465) Pause Young (Normal) (G1 Evacuation Pause) 895M->768M(1024M) 5,468ms
[324,333s][info][gc] GC(6466) Pause Young (Normal) (G1 Evacuation Pause) 897M->779M(1024M) 5,056ms
[324,392s][info][gc] GC(6467) Pause Young (Normal) (G1 Evacuation Pause) 899M->788M(1024M) 4,845ms
[324,414s][info][gc] GC(6464) Pause Remark 836M->836M(1024M) 0,769ms
[324,447s][info][gc] GC(6468) Pause Young (Normal) (G1 Evacuation Pause) 899M->797M(1024M) 4,982ms
[324,496s][info][gc] GC(6469) Pause Young (Normal) (G1 Evacuation Pause) 901M->806M(1024M) 4,958ms
[324,541s][info][gc] GC(6470) Pause Young (Normal) (G1 Evacuation Pause) 903M->813M(1024M) 4,762ms
[324,569s][info][gc] GC(6464) Pause Cleanup 877M->877M(1024M) 0,332ms
[324,570s][info][gc] GC(6464) Concurrent Mark Cycle 369,024ms
[324,585s][info][gc] GC(6471) Pause Young (Prepare Mixed) (G1 Evacuation Pause) 904M->820M(1024M) 4,350ms
[324,617s][info][gc] GC(6472) Pause Young (Mixed) (G1 Evacuation Pause) 863M->775M(1024M) 14,435ms
[324,652s][info][gc] GC(6473) Pause Young (Mixed) (G1 Evacuation Pause) 822M->739M(1024M) 14,754ms
[324,681s][info][gc] GC(6474) Pause Young (Mixed) (G1 Evacuation Pause) 783M->721M(1024M) 11,203ms
[324,756s][info][gc] GC(6475) Pause Young (Normal) (G1 Evacuation Pause) 891M->733M(1024M) 5,228ms
[324,828s][info][gc] GC(6476) Pause Young (Normal) (G1 Evacuation Pause) 892M->746M(1024M) 7,066ms
[324,892s][info][gc] GC(6477) Pause Young (Concurrent Start) (G1 Evacuation Pause) 894M->758M(1024M) 5,754ms
[324,892s][info][gc] GC(6478) Concurrent Mark Cycle
[324,960s][info][gc] GC(6479) Pause Young (Normal) (G1 Evacuation Pause) 895M->770M(1024M) 5,456ms
[325,025s][info][gc] GC(6480) Pause Young (Normal) (G1 Evacuation Pause) 898M->780M(1024M) 5,016ms
[325,084s][info][gc] GC(6481) Pause Young (Normal) (G1 Evacuation Pause) 899M->789M(1024M) 4,880ms
[325,107s][info][gc] GC(6478) Pause Remark 839M->839M(1024M) 0,798ms
[325,138s][info][gc] GC(6482) Pause Young (Normal) (G1 Evacuation Pause) 900M->798M(1024M) 4,975ms
[325,191s][info][gc] GC(6483) Pause Young (Normal) (G1 Evacuation Pause) 902M->807M(1024M) 5,010ms
[325,238s][info][gc] GC(6484) Pause Young (Normal) (G1 Evacuation Pause) 903M->815M(1024M) 4,381ms
[325,267s][info][gc] GC(6478) Pause Cleanup 881M->881M(1024M) 0,278ms
[325,268s][info][gc] GC(6478) Concurrent Mark Cycle 375,974ms
[325,282s][info][gc] GC(6485) Pause Young (Prepare Mixed) (G1 Evacuation Pause) 904M->822M(1024M) 3,957ms
[325,315s][info][gc] GC(6486) Pause Young (Mixed) (G1 Evacuation Pause) 865M->777M(1024M) 14,303ms
[325,349s][info][gc] GC(6487) Pause Young (Mixed) (G1 Evacuation Pause) 824M->741M(1024M) 14,342ms
[325,379s][info][gc] GC(6488) Pause Young (Mixed) (G1 Evacuation Pause) 785M->722M(1024M) 11,001ms
[325,453s][info][gc] GC(6489) Pause Young (Normal) (G1 Evacuation Pause) 891M->735M(1024M) 5,158ms
[325,524s][info][gc] GC(6490) Pause Young (Normal) (G1 Evacuation Pause) 893M->748M(1024M) 7,152ms
[325,587s][info][gc] GC(6491) Pause Young (Concurrent Start) (G1 Evacuation Pause) 894M->759M(1024M) 5,704ms
[325,587s][info][gc] GC(6492) Concurrent Mark Cycle
[325,654s][info][gc] GC(6493) Pause Young (Normal) (G1 Evacuation Pause) 896M->771M(1024M) 5,355ms
[325,717s][info][gc] GC(6494) Pause Young (Normal) (G1 Evacuation Pause) 898M->780M(1024M) 5,172ms
[325,776s][info][gc] GC(6495) Pause Young (Normal) (G1 Evacuation Pause) 898M->790M(1024M) 4,945ms
[325,800s][info][gc] GC(6492) Pause Remark 842M->842M(1024M) 0,791ms
[325,831s][info][gc] GC(6496) Pause Young (Normal) (G1 Evacuation Pause) 901M->799M(1024M) 5,058ms
[325,879s][info][gc] GC(6497) Pause Young (Normal) (G1 Evacuation Pause) 902M->807M(1024M) 4,834ms
[325,925s][info][gc] GC(6498) Pause Young (Normal) (G1 Evacuation Pause) 902M->814M(1024M) 4,715ms
[325,956s][info][gc] GC(6492) Pause Cleanup 887M->887M(1024M) 0,337ms
[325,957s][info][gc] GC(6492) Concurrent Mark Cycle 369,887ms
[325,967s][info][gc] GC(6499) Pause Young (Prepare Mixed) (G1 Evacuation Pause) 903M->822M(1024M) 4,298ms
[325,999s][info][gc] GC(6500) Pause Young (Mixed) (G1 Evacuation Pause) 865M->775M(1024M) 13,659ms
[326,033s][info][gc] GC(6501) Pause Young (Mixed) (G1 Evacuation Pause) 822M->738M(1024M) 14,733ms
[326,062s][info][gc] GC(6502) Pause Young (Mixed) (G1 Evacuation Pause) 782M->720M(1024M) 10,579ms
[326,137s][info][gc] GC(6503) Pause Young (Normal) (G1 Evacuation Pause) 891M->732M(1024M) 5,189ms
[326,209s][info][gc] GC(6504) Pause Young (Normal) (G1 Evacuation Pause) 892M->746M(1024M) 7,179ms
[326,274s][info][gc] GC(6505) Pause Young (Concurrent Start) (G1 Evacuation Pause) 894M->758M(1024M) 5,696ms
[326,274s][info][gc] GC(6506) Concurrent Mark Cycle
[326,342s][info][gc] GC(6507) Pause Young (Normal) (G1 Evacuation Pause) 896M->769M(1024M) 5,339ms
[326,405s][info][gc] GC(6508) Pause Young (Normal) (G1 Evacuation Pause) 897M->780M(1024M) 5,074ms
[326,464s][info][gc] GC(6509) Pause Young (Normal) (G1 Evacuation Pause) 899M->789M(1024M) 4,888ms
[326,486s][info][gc] GC(6506) Pause Remark 837M->837M(1024M) 0,717ms
[326,519s][info][gc] GC(6510) Pause Young (Normal) (G1 Evacuation Pause) 900M->798M(1024M) 5,042ms
[326,568s][info][gc] GC(6511) Pause Young (Normal) (G1 Evacuation Pause) 902M->806M(1024M) 4,941ms
[326,613s][info][gc] GC(6512) Pause Young (Normal) (G1 Evacuation Pause) 902M->814M(1024M) 4,751ms
[326,642s][info][gc] GC(6506) Pause Cleanup 880M->880M(1024M) 0,364ms
[326,643s][info][gc] GC(6506) Concurrent Mark Cycle 369,224ms
[326,657s][info][gc] GC(6513) Pause Young (Prepare Mixed) (G1 Evacuation Pause) 904M->821M(1024M) 4,412ms
[326,689s][info][gc] GC(6514) Pause Young (Mixed) (G1 Evacuation Pause) 864M->776M(1024M) 14,169ms
[326,724s][info][gc] GC(6515) Pause Young (Mixed) (G1 Evacuation Pause) 823M->739M(1024M) 14,594ms
[326,753s][info][gc] GC(6516) Pause Young (Mixed) (G1 Evacuation Pause) 783M->720M(1024M) 11,289ms
[326,829s][info][gc] GC(6517) Pause Young (Normal) (G1 Evacuation Pause) 891M->733M(1024M) 5,275ms
[326,900s][info][gc] GC(6518) Pause Young (Normal) (G1 Evacuation Pause) 893M->746M(1024M) 7,104ms
[326,965s][info][gc] GC(6519) Pause Young (Concurrent Start) (G1 Evacuation Pause) 894M->758M(1024M) 5,643ms
[326,965s][info][gc] GC(6520) Concurrent Mark Cycle
[327,033s][info][gc] GC(6521) Pause Young (Normal) (G1 Evacuation Pause) 896M->769M(1024M) 5,560ms
[327,098s][info][gc] GC(6522) Pause Young (Normal) (G1 Evacuation Pause) 898M->779M(1024M) 5,515ms
[327,161s][info][gc] GC(6523) Pause Young (Normal) (G1 Evacuation Pause) 898M->788M(1024M) 4,884ms
[327,183s][info][gc] GC(6520) Pause Remark 835M->835M(1024M) 0,655ms
[327,216s][info][gc] GC(6524) Pause Young (Normal) (G1 Evacuation Pause) 899M->798M(1024M) 5,025ms
[327,265s][info][gc] GC(6525) Pause Young (Normal) (G1 Evacuation Pause) 902M->806M(1024M) 4,895ms
[327,310s][info][gc] GC(6526) Pause Young (Normal) (G1 Evacuation Pause) 902M->814M(1024M) 4,742ms
[327,337s][info][gc] GC(6520) Pause Cleanup 876M->876M(1024M) 0,339ms
[327,338s][info][gc] GC(6520) Concurrent Mark Cycle 373,209ms
[327,354s][info][gc] GC(6527) Pause Young (Prepare Mixed) (G1 Evacuation Pause) 904M->821M(1024M) 4,434ms
[327,385s][info][gc] GC(6528) Pause Young (Mixed) (G1 Evacuation Pause) 864M->776M(1024M) 14,244ms
[327,419s][info][gc] GC(6529) Pause Young (Mixed) (G1 Evacuation Pause) 823M->740M(1024M) 14,446ms
[327,449s][info][gc] GC(6530) Pause Young (Mixed) (G1 Evacuation Pause) 784M->722M(1024M) 11,443ms
[327,523s][info][gc] GC(6531) Pause Young (Normal) (G1 Evacuation Pause) 891M->734M(1024M) 5,268ms
[327,594s][info][gc] GC(6532) Pause Young (Normal) (G1 Evacuation Pause) 892M->747M(1024M) 7,154ms
[327,660s][info][gc] GC(6533) Pause Young (Concurrent Start) (G1 Evacuation Pause) 894M->758M(1024M) 5,732ms
[327,660s][info][gc] GC(6534) Concurrent Mark Cycle
[327,728s][info][gc] GC(6535) Pause Young (Normal) (G1 Evacuation Pause) 895M->769M(1024M) 5,432ms
[327,791s][info][gc] GC(6536) Pause Young (Normal) (G1 Evacuation Pause) 897M->779M(1024M) 5,069ms
[327,850s][info][gc] GC(6537) Pause Young (Normal) (G1 Evacuation Pause) 898M->789M(1024M) 4,974ms
[327,873s][info][gc] GC(6534) Pause Remark 838M->838M(1024M) 0,645ms
[327,905s][info][gc] GC(6538) Pause Young (Normal) (G1 Evacuation Pause) 900M->798M(1024M) 5,008ms
[327,954s][info][gc] GC(6539) Pause Young (Normal) (G1 Evacuation Pause) 902M->806M(1024M) 4,930ms
[327,999s][info][gc] GC(6540) Pause Young (Normal) (G1 Evacuation Pause) 902M->814M(1024M) 4,722ms
[328,026s][info][gc] GC(6534) Pause Cleanup 876M->876M(1024M) 0,341ms
[328,027s][info][gc] GC(6534) Concurrent Mark Cycle 367,056ms
[328,042s][info][gc] GC(6541) Pause Young (Prepare Mixed) (G1 Evacuation Pause) 904M->821M(1024M) 4,505ms
[328,075s][info][gc] GC(6542) Pause Young (Mixed) (G1 Evacuation Pause) 864M->775M(1024M) 14,465ms
[328,109s][info][gc] GC(6543) Pause Young (Mixed) (G1 Evacuation Pause) 822M->739M(1024M) 14,083ms
[328,139s][info][gc] GC(6544) Pause Young (Mixed) (G1 Evacuation Pause) 783M->719M(1024M) 11,713ms
[328,217s][info][gc] GC(6545) Pause Young (Normal) (G1 Evacuation Pause) 891M->732M(1024M) 5,267ms
[328,289s][info][gc] GC(6546) Pause Young (Normal) (G1 Evacuation Pause) 893M->746M(1024M) 7,310ms
[328,354s][info][gc] GC(6547) Pause Young (Concurrent Start) (G1 Evacuation Pause) 894M->757M(1024M) 5,680ms
[328,354s][info][gc] GC(6548) Concurrent Mark Cycle
[328,422s][info][gc] GC(6549) Pause Young (Normal) (G1 Evacuation Pause) 895M->769M(1024M) 5,464ms
[328,486s][info][gc] GC(6550) Pause Young (Normal) (G1 Evacuation Pause) 898M->779M(1024M) 5,126ms
[328,545s][info][gc] GC(6551) Pause Young (Normal) (G1 Evacuation Pause) 899M->789M(1024M) 4,832ms
[328,567s][info][gc] GC(6548) Pause Remark 836M->836M(1024M) 0,783ms
[328,599s][info][gc] GC(6552) Pause Young (Normal) (G1 Evacuation Pause) 900M->797M(1024M) 5,024ms
[328,648s][info][gc] GC(6553) Pause Young (Normal) (G1 Evacuation Pause) 901M->806M(1024M) 4,863ms
[328,694s][info][gc] GC(6554) Pause Young (Normal) (G1 Evacuation Pause) 902M->814M(1024M) 4,732ms
[328,721s][info][gc] GC(6548) Pause Cleanup 878M->878M(1024M) 0,362ms
[328,722s][info][gc] GC(6548) Concurrent Mark Cycle 368,077ms
[328,737s][info][gc] GC(6555) Pause Young (Prepare Mixed) (G1 Evacuation Pause) 904M->821M(1024M) 4,495ms
[328,769s][info][gc] GC(6556) Pause Young (Mixed) (G1 Evacuation Pause) 864M->776M(1024M) 14,552ms
[328,802s][info][gc] GC(6557) Pause Young (Mixed) (G1 Evacuation Pause) 823M->740M(1024M) 14,331ms
[328,830s][info][gc] GC(6558) Pause Young (Mixed) (G1 Evacuation Pause) 784M->722M(1024M) 10,488ms
[328,905s][info][gc] GC(6559) Pause Young (Normal) (G1 Evacuation Pause) 891M->734M(1024M) 5,268ms
[328,976s][info][gc] GC(6560) Pause Young (Normal) (G1 Evacuation Pause) 892M->747M(1024M) 7,051ms
[329,041s][info][gc] GC(6561) Pause Young (Concurrent Start) (G1 Evacuation Pause) 895M->759M(1024M) 5,750ms
[329,041s][info][gc] GC(6562) Concurrent Mark Cycle
[329,108s][info][gc] GC(6563) Pause Young (Normal) (G1 Evacuation Pause) 896M->770M(1024M) 5,590ms
[329,173s][info][gc] GC(6564) Pause Young (Normal) (G1 Evacuation Pause) 898M->780M(1024M) 5,088ms
[329,233s][info][gc] GC(6565) Pause Young (Normal) (G1 Evacuation Pause) 898M->790M(1024M) 4,838ms
[329,258s][info][gc] GC(6562) Pause Remark 842M->842M(1024M) 0,677ms
[329,289s][info][gc] GC(6566) Pause Young (Normal) (G1 Evacuation Pause) 900M->799M(1024M) 4,857ms
[329,338s][info][gc] GC(6567) Pause Young (Normal) (G1 Evacuation Pause) 902M->808M(1024M) 4,796ms
[329,384s][info][gc] GC(6568) Pause Young (Normal) (G1 Evacuation Pause) 903M->815M(1024M) 4,608ms
[329,415s][info][gc] GC(6562) Pause Cleanup 886M->886M(1024M) 0,355ms
[329,416s][info][gc] GC(6562) Concurrent Mark Cycle 375,504ms
[329,428s][info][gc] GC(6569) Pause Young (Prepare Mixed) (G1 Evacuation Pause) 904M->822M(1024M) 4,559ms
[329,460s][info][gc] GC(6570) Pause Young (Mixed) (G1 Evacuation Pause) 866M->777M(1024M) 14,066ms
[329,495s][info][gc] GC(6571) Pause Young (Mixed) (G1 Evacuation Pause) 824M->740M(1024M) 14,981ms
[329,525s][info][gc] GC(6572) Pause Young (Mixed) (G1 Evacuation Pause) 784M->721M(1024M) 11,344ms
[329,600s][info][gc] GC(6573) Pause Young (Normal) (G1 Evacuation Pause) 891M->733M(1024M) 5,344ms
[329,671s][info][gc] GC(6574) Pause Young (Normal) (G1 Evacuation Pause) 892M->747M(1024M) 7,136ms
[329,736s][info][gc] GC(6575) Pause Young (Concurrent Start) (G1 Evacuation Pause) 895M->759M(1024M) 5,839ms
[329,737s][info][gc] GC(6576) Concurrent Mark Cycle
[329,804s][info][gc] GC(6577) Pause Young (Normal) (G1 Evacuation Pause) 896M->770M(1024M) 5,468ms
[329,868s][info][gc] GC(6578) Pause Young (Normal) (G1 Evacuation Pause) 898M->780M(1024M) 5,083ms
[329,927s][info][gc] GC(6579) Pause Young (Normal) (G1 Evacuation Pause) 899M->789M(1024M) 4,924ms
[329,950s][info][gc] GC(6576) Pause Remark 838M->838M(1024M) 0,783ms
[329,982s][info][gc] GC(6580) Pause Young (Normal) (G1 Evacuation Pause) 900M->798M(1024M) 5,127ms
[330,031s][info][gc] GC(6581) Pause Young (Normal) (G1 Evacuation Pause) 902M->807M(1024M) 4,684ms
[330,078s][info][gc] GC(6582) Pause Young (Normal) (G1 Evacuation Pause) 903M->815M(1024M) 4,706ms
[330,106s][info][gc] GC(6576) Pause Cleanup 877M->877M(1024M) 0,358ms
[330,107s][info][gc] GC(6576) Concurrent Mark Cycle 370,267ms
[330,122s][info][gc] GC(6583) Pause Young (Prepare Mixed) (G1 Evacuation Pause) 904M->822M(1024M) 4,311ms
[330,155s][info][gc] GC(6584) Pause Young (Mixed) (G1 Evacuation Pause) 865M->775M(1024M) 14,396ms
[330,189s][info][gc] GC(6585) Pause Young (Mixed) (G1 Evacuation Pause) 822M->739M(1024M) 14,045ms
[330,218s][info][gc] GC(6586) Pause Young (Mixed) (G1 Evacuation Pause) 783M->722M(1024M) 10,378ms
[330,293s][info][gc] GC(6587) Pause Young (Normal) (G1 Evacuation Pause) 891M->734M(1024M) 5,224ms
[330,365s][info][gc] GC(6588) Pause Young (Normal) (G1 Evacuation Pause) 892M->747M(1024M) 7,028ms
[330,430s][info][gc] GC(6589) Pause Young (Concurrent Start) (G1 Evacuation Pause) 895M->759M(1024M) 5,825ms
[330,430s][info][gc] GC(6590) Concurrent Mark Cycle
[330,498s][info][gc] GC(6591) Pause Young (Normal) (G1 Evacuation Pause) 896M->770M(1024M) 5,362ms
[330,562s][info][gc] GC(6592) Pause Young (Normal) (G1 Evacuation Pause) 897M->780M(1024M) 5,049ms
[330,621s][info][gc] GC(6593) Pause Young (Normal) (G1 Evacuation Pause) 899M->789M(1024M) 4,795ms
[330,645s][info][gc] GC(6590) Pause Remark 839M->839M(1024M) 0,625ms
[330,676s][info][gc] GC(6594) Pause Young (Normal) (G1 Evacuation Pause) 900M->798M(1024M) 4,995ms
[330,726s][info][gc] GC(6595) Pause Young (Normal) (G1 Evacuation Pause) 902M->807M(1024M) 4,847ms
[330,772s][info][gc] GC(6596) Pause Young (Normal) (G1 Evacuation Pause) 903M->814M(1024M) 4,695ms
[330,801s][info][gc] GC(6590) Pause Cleanup 880M->880M(1024M) 0,329ms
[330,802s][info][gc] GC(6590) Concurrent Mark Cycle 372,397ms
[330,816s][info][gc] GC(6597) Pause Young (Prepare Mixed) (G1 Evacuation Pause) 904M->821M(1024M) 4,458ms
[330,848s][info][gc] GC(6598) Pause Young (Mixed) (G1 Evacuation Pause) 864M->775M(1024M) 14,021ms
[330,884s][info][gc] GC(6599) Pause Young (Mixed) (G1 Evacuation Pause) 822M->739M(1024M) 14,676ms
[330,916s][info][gc] GC(6600) Pause Young (Mixed) (G1 Evacuation Pause) 783M->719M(1024M) 11,218ms
[330,996s][info][gc] GC(6601) Pause Young (Normal) (G1 Evacuation Pause) 891M->732M(1024M) 5,628ms
[331,075s][info][gc] GC(6602) Pause Young (Normal) (G1 Evacuation Pause) 893M->745M(1024M) 7,085ms
[331,146s][info][gc] GC(6603) Pause Young (Concurrent Start) (G1 Evacuation Pause) 894M->758M(1024M) 5,823ms
[331,146s][info][gc] GC(6604) Concurrent Mark Cycle
[331,214s][info][gc] GC(6605) Pause Young (Normal) (G1 Evacuation Pause) 895M->768M(1024M) 5,438ms
[331,278s][info][gc] GC(6606) Pause Young (Normal) (G1 Evacuation Pause) 897M->779M(1024M) 5,093ms
[331,339s][info][gc] GC(6607) Pause Young (Normal) (G1 Evacuation Pause) 899M->788M(1024M) 4,766ms
[331,361s][info][gc] GC(6604) Pause Remark 836M->836M(1024M) 0,684ms
[331,394s][info][gc] GC(6608) Pause Young (Normal) (G1 Evacuation Pause) 899M->798M(1024M) 4,982ms
[331,445s][info][gc] GC(6609) Pause Young (Normal) (G1 Evacuation Pause) 902M->806M(1024M) 4,808ms
[331,491s][info][gc] GC(6610) Pause Young (Normal) (G1 Evacuation Pause) 903M->814M(1024M) 4,621ms
[331,517s][info][gc] GC(6604) Pause Cleanup 874M->874M(1024M) 0,349ms
[331,518s][info][gc] GC(6604) Concurrent Mark Cycle 372,856ms
[331,534s][info][gc] GC(6611) Pause Young (Prepare Mixed) (G1 Evacuation Pause) 903M->821M(1024M) 4,488ms
[331,566s][info][gc] GC(6612) Pause Young (Mixed) (G1 Evacuation Pause) 864M->776M(1024M) 14,396ms
[331,601s][info][gc] GC(6613) Pause Young (Mixed) (G1 Evacuation Pause) 823M->739M(1024M) 14,859ms
[331,630s][info][gc] GC(6614) Pause Young (Mixed) (G1 Evacuation Pause) 783M->721M(1024M) 10,555ms
[331,706s][info][gc] GC(6615) Pause Young (Normal) (G1 Evacuation Pause) 891M->734M(1024M) 5,150ms
[331,777s][info][gc] GC(6616) Pause Young (Normal) (G1 Evacuation Pause) 893M->747M(1024M) 7,064ms
[331,842s][info][gc] GC(6617) Pause Young (Concurrent Start) (G1 Evacuation Pause) 895M->760M(1024M) 5,806ms
[331,842s][info][gc] GC(6618) Concurrent Mark Cycle
[331,910s][info][gc] GC(6619) Pause Young (Normal) (G1 Evacuation Pause) 896M->770M(1024M) 5,414ms
[331,973s][info][gc] GC(6620) Pause Young (Normal) (G1 Evacuation Pause) 898M->781M(1024M) 5,091ms
[332,031s][info][gc] GC(6621) Pause Young (Normal) (G1 Evacuation Pause) 899M->790M(1024M) 4,743ms
[332,056s][info][gc] GC(6618) Pause Remark 842M->842M(1024M) 0,743ms
[332,086s][info][gc] GC(6622) Pause Young (Normal) (G1 Evacuation Pause) 900M->799M(1024M) 4,942ms
[332,135s][info][gc] GC(6623) Pause Young (Normal) (G1 Evacuation Pause) 902M->807M(1024M) 4,774ms
[332,180s][info][gc] GC(6624) Pause Young (Normal) (G1 Evacuation Pause) 902M->815M(1024M) 4,736ms
[332,211s][info][gc] GC(6618) Pause Cleanup 887M->887M(1024M) 0,381ms
[332,212s][info][gc] GC(6618) Concurrent Mark Cycle 369,947ms
[332,223s][info][gc] GC(6625) Pause Young (Prepare Mixed) (G1 Evacuation Pause) 904M->822M(1024M) 4,322ms
[332,255s][info][gc] GC(6626) Pause Young (Mixed) (G1 Evacuation Pause) 865M->776M(1024M) 14,130ms
[332,289s][info][gc] GC(6627) Pause Young (Mixed) (G1 Evacuation Pause) 823M->739M(1024M) 14,231ms
[332,319s][info][gc] GC(6628) Pause Young (Mixed) (G1 Evacuation Pause) 783M->720M(1024M) 11,162ms
[332,394s][info][gc] GC(6629) Pause Young (Normal) (G1 Evacuation Pause) 891M->733M(1024M) 5,186ms
[332,466s][info][gc] GC(6630) Pause Young (Normal) (G1 Evacuation Pause) 893M->746M(1024M) 7,165ms
[332,531s][info][gc] GC(6631) Pause Young (Concurrent Start) (G1 Evacuation Pause) 894M->758M(1024M) 5,797ms
[332,531s][info][gc] GC(6632) Concurrent Mark Cycle
[332,599s][info][gc] GC(6633) Pause Young (Normal) (G1 Evacuation Pause) 895M->770M(1024M) 5,345ms
[332,662s][info][gc] GC(6634) Pause Young (Normal) (G1 Evacuation Pause) 898M->780M(1024M) 5,105ms
[332,724s][info][gc] GC(6635) Pause Young (Normal) (G1 Evacuation Pause) 899M->789M(1024M) 5,259ms
[332,749s][info][gc] GC(6632) Pause Remark 839M->839M(1024M) 0,849ms
[332,780s][info][gc] GC(6636) Pause Young (Normal) (G1 Evacuation Pause) 900M->797M(1024M) 5,106ms
[332,830s][info][gc] GC(6637) Pause Young (Normal) (G1 Evacuation Pause) 901M->806M(1024M) 4,746ms
[332,877s][info][gc] GC(6638) Pause Young (Normal) (G1 Evacuation Pause) 903M->814M(1024M) 4,666ms
[332,904s][info][gc] GC(6632) Pause Cleanup 876M->876M(1024M) 0,324ms
[332,905s][info][gc] GC(6632) Concurrent Mark Cycle 373,658ms
[332,920s][info][gc] GC(6639) Pause Young (Prepare Mixed) (G1 Evacuation Pause) 903M->821M(1024M) 4,301ms
[332,952s][info][gc] GC(6640) Pause Young (Mixed) (G1 Evacuation Pause) 864M->776M(1024M) 14,284ms
[332,987s][info][gc] GC(6641) Pause Young (Mixed) (G1 Evacuation Pause) 823M->739M(1024M) 14,199ms
[333,016s][info][gc] GC(6642) Pause Young (Mixed) (G1 Evacuation Pause) 783M->721M(1024M) 10,922ms
[333,091s][info][gc] GC(6643) Pause Young (Normal) (G1 Evacuation Pause) 891M->733M(1024M) 5,294ms
[333,163s][info][gc] GC(6644) Pause Young (Normal) (G1 Evacuation Pause) 892M->747M(1024M) 7,294ms
[333,228s][info][gc] GC(6645) Pause Young (Concurrent Start) (G1 Evacuation Pause) 894M->758M(1024M) 5,734ms
[333,228s][info][gc] GC(6646) Concurrent Mark Cycle
[333,296s][info][gc] GC(6647) Pause Young (Normal) (G1 Evacuation Pause) 896M->769M(1024M) 5,339ms
[333,359s][info][gc] GC(6648) Pause Young (Normal) (G1 Evacuation Pause) 897M->780M(1024M) 5,109ms
[333,418s][info][gc] GC(6649) Pause Young (Normal) (G1 Evacuation Pause) 899M->790M(1024M) 4,884ms
[333,441s][info][gc] GC(6646) Pause Remark 838M->838M(1024M) 0,900ms
[333,473s][info][gc] GC(6650) Pause Young (Normal) (G1 Evacuation Pause) 901M->798M(1024M) 5,031ms
[333,522s][info][gc] GC(6651) Pause Young (Normal) (G1 Evacuation Pause) 902M->807M(1024M) 4,988ms
[333,568s][info][gc] GC(6652) Pause Young (Normal) (G1 Evacuation Pause) 903M->814M(1024M) 4,773ms
[333,596s][info][gc] GC(6646) Pause Cleanup 879M->879M(1024M) 0,344ms
[333,597s][info][gc] GC(6646) Concurrent Mark Cycle 369,263ms
[333,611s][info][gc] GC(6653) Pause Young (Prepare Mixed) (G1 Evacuation Pause) 904M->821M(1024M) 4,389ms
[333,643s][info][gc] GC(6654) Pause Young (Mixed) (G1 Evacuation Pause) 864M->776M(1024M) 14,039ms
[333,677s][info][gc] GC(6655) Pause Young (Mixed) (G1 Evacuation Pause) 823M->740M(1024M) 14,440ms
[333,707s][info][gc] GC(6656) Pause Young (Mixed) (G1 Evacuation Pause) 784M->720M(1024M) 11,420ms
[333,783s][info][gc] GC(6657) Pause Young (Normal) (G1 Evacuation Pause) 891M->732M(1024M) 5,351ms
[333,855s][info][gc] GC(6658) Pause Young (Normal) (G1 Evacuation Pause) 892M->746M(1024M) 7,036ms
[333,921s][info][gc] GC(6659) Pause Young (Concurrent Start) (G1 Evacuation Pause) 894M->757M(1024M) 5,770ms
[333,921s][info][gc] GC(6660) Concurrent Mark Cycle
[333,990s][info][gc] GC(6661) Pause Young (Normal) (G1 Evacuation Pause) 896M->769M(1024M) 5,391ms
[334,053s][info][gc] GC(6662) Pause Young (Normal) (G1 Evacuation Pause) 897M->779M(1024M) 5,185ms
[334,111s][info][gc] GC(6663) Pause Young (Normal) (G1 Evacuation Pause) 898M->788M(1024M) 4,898ms
[334,134s][info][gc] GC(6660) Pause Remark 837M->837M(1024M) 0,728ms
[334,166s][info][gc] GC(6664) Pause Young (Normal) (G1 Evacuation Pause) 899M->797M(1024M) 5,078ms
[334,215s][info][gc] GC(6665) Pause Young (Normal) (G1 Evacuation Pause) 901M->806M(1024M) 4,949ms
[334,262s][info][gc] GC(6666) Pause Young (Normal) (G1 Evacuation Pause) 903M->814M(1024M) 4,750ms
[334,289s][info][gc] GC(6660) Pause Cleanup 877M->877M(1024M) 0,339ms
[334,290s][info][gc] GC(6660) Concurrent Mark Cycle 368,769ms
[334,305s][info][gc] GC(6667) Pause Young (Prepare Mixed) (G1 Evacuation Pause) 903M->821M(1024M) 4,505ms
[334,337s][info][gc] GC(6668) Pause Young (Mixed) (G1 Evacuation Pause) 864M->776M(1024M) 14,320ms
[334,371s][info][gc] GC(6669) Pause Young (Mixed) (G1 Evacuation Pause) 823M->740M(1024M) 14,488ms
[334,401s][info][gc] GC(6670) Pause Young (Mixed) (G1 Evacuation Pause) 784M->722M(1024M) 10,575ms
[334,476s][info][gc] GC(6671) Pause Young (Normal) (G1 Evacuation Pause) 891M->735M(1024M) 5,244ms
[334,547s][info][gc] GC(6672) Pause Young (Normal) (G1 Evacuation Pause) 893M->748M(1024M) 7,025ms
[334,612s][info][gc] GC(6673) Pause Young (Concurrent Start) (G1 Evacuation Pause) 895M->758M(1024M) 5,731ms
[334,612s][info][gc] GC(6674) Concurrent Mark Cycle
[334,680s][info][gc] GC(6675) Pause Young (Normal) (G1 Evacuation Pause) 896M->770M(1024M) 5,329ms
[334,743s][info][gc] GC(6676) Pause Young (Normal) (G1 Evacuation Pause) 898M->780M(1024M) 5,148ms
[334,803s][info][gc] GC(6677) Pause Young (Normal) (G1 Evacuation Pause) 899M->789M(1024M) 5,082ms
[334,830s][info][gc] GC(6674) Pause Remark 838M->838M(1024M) 0,509ms
[334,868s][info][gc] GC(6678) Pause Young (Normal) (G1 Evacuation Pause) 900M->799M(1024M) 5,266ms
[334,918s][info][gc] GC(6679) Pause Young (Normal) (G1 Evacuation Pause) 902M->807M(1024M) 4,768ms
[334,965s][info][gc] GC(6680) Pause Young (Normal) (G1 Evacuation Pause) 903M->815M(1024M) 4,655ms
[334,995s][info][gc] GC(6674) Pause Cleanup 883M->883M(1024M) 0,357ms
[334,996s][info][gc] GC(6674) Concurrent Mark Cycle 384,136ms
[335,008s][info][gc] GC(6681) Pause Young (Prepare Mixed) (G1 Evacuation Pause) 904M->822M(1024M) 4,316ms
[335,041s][info][gc] GC(6682) Pause Young (Mixed) (G1 Evacuation Pause) 865M->775M(1024M) 14,360ms
[335,075s][info][gc] GC(6683) Pause Young (Mixed) (G1 Evacuation Pause) 822M->739M(1024M) 14,188ms
[335,105s][info][gc] GC(6684) Pause Young (Mixed) (G1 Evacuation Pause) 783M->720M(1024M) 11,047ms
[335,180s][info][gc] GC(6685) Pause Young (Normal) (G1 Evacuation Pause) 891M->732M(1024M) 5,302ms
[335,252s][info][gc] GC(6686) Pause Young (Normal) (G1 Evacuation Pause) 892M->746M(1024M) 7,136ms
[335,317s][info][gc] GC(6687) Pause Young (Concurrent Start) (G1 Evacuation Pause) 894M->758M(1024M) 5,886ms
[335,317s][info][gc] GC(6688) Concurrent Mark Cycle
[335,385s][info][gc] GC(6689) Pause Young (Normal) (G1 Evacuation Pause) 896M->768M(1024M) 5,485ms
[335,448s][info][gc] GC(6690) Pause Young (Normal) (G1 Evacuation Pause) 897M->779M(1024M) 5,075ms
[335,509s][info][gc] GC(6691) Pause Young (Normal) (G1 Evacuation Pause) 899M->789M(1024M) 4,862ms
[335,531s][info][gc] GC(6688) Pause Remark 835M->835M(1024M) 0,679ms
[335,564s][info][gc] GC(6692) Pause Young (Normal) (G1 Evacuation Pause) 900M->797M(1024M) 5,038ms
[335,614s][info][gc] GC(6693) Pause Young (Normal) (G1 Evacuation Pause) 901M->806M(1024M) 4,991ms
[335,660s][info][gc] GC(6694) Pause Young (Normal) (G1 Evacuation Pause) 902M->814M(1024M) 4,717ms
[335,685s][info][gc] GC(6688) Pause Cleanup 873M->873M(1024M) 0,329ms
[335,687s][info][gc] GC(6688) Concurrent Mark Cycle 370,050ms
[335,703s][info][gc] GC(6695) Pause Young (Prepare Mixed) (G1 Evacuation Pause) 904M->821M(1024M) 4,482ms
[335,735s][info][gc] GC(6696) Pause Young (Mixed) (G1 Evacuation Pause) 864M->775M(1024M) 14,133ms
[335,770s][info][gc] GC(6697) Pause Young (Mixed) (G1 Evacuation Pause) 822M->739M(1024M) 14,279ms
[335,799s][info][gc] GC(6698) Pause Young (Mixed) (G1 Evacuation Pause) 783M->723M(1024M) 10,327ms
[335,873s][info][gc] GC(6699) Pause Young (Normal) (G1 Evacuation Pause) 891M->735M(1024M) 5,183ms
[335,944s][info][gc] GC(6700) Pause Young (Normal) (G1 Evacuation Pause) 892M->748M(1024M) 7,107ms
[336,010s][info][gc] GC(6701) Pause Young (Concurrent Start) (G1 Evacuation Pause) 895M->760M(1024M) 5,694ms
[336,010s][info][gc] GC(6702) Concurrent Mark Cycle
[336,077s][info][gc] GC(6703) Pause Young (Normal) (G1 Evacuation Pause) 896M->771M(1024M) 5,296ms
[336,140s][info][gc] GC(6704) Pause Young (Normal) (G1 Evacuation Pause) 898M->781M(1024M) 5,037ms
[336,198s][info][gc] GC(6705) Pause Young (Normal) (G1 Evacuation Pause) 899M->791M(1024M) 4,981ms
[336,223s][info][gc] GC(6702) Pause Remark 842M->842M(1024M) 0,717ms
[336,253s][info][gc] GC(6706) Pause Young (Normal) (G1 Evacuation Pause) 901M->799M(1024M) 4,912ms
[336,302s][info][gc] GC(6707) Pause Young (Normal) (G1 Evacuation Pause) 902M->808M(1024M) 4,810ms
[336,348s][info][gc] GC(6708) Pause Young (Normal) (G1 Evacuation Pause) 903M->815M(1024M) 4,553ms
[336,379s][info][gc] GC(6702) Pause Cleanup 885M->885M(1024M) 0,311ms
[336,380s][info][gc] GC(6702) Concurrent Mark Cycle 369,941ms
[336,391s][info][gc] GC(6709) Pause Young (Prepare Mixed) (G1 Evacuation Pause) 904M->823M(1024M) 4,277ms
[336,424s][info][gc] GC(6710) Pause Young (Mixed) (G1 Evacuation Pause) 866M->776M(1024M) 14,068ms
[336,458s][info][gc] GC(6711) Pause Young (Mixed) (G1 Evacuation Pause) 823M->740M(1024M) 14,458ms
[336,488s][info][gc] GC(6712) Pause Young (Mixed) (G1 Evacuation Pause) 784M->720M(1024M) 11,514ms
[336,564s][info][gc] GC(6713) Pause Young (Normal) (G1 Evacuation Pause) 891M->732M(1024M) 5,217ms
[336,637s][info][gc] GC(6714) Pause Young (Normal) (G1 Evacuation Pause) 892M->746M(1024M) 7,198ms
[336,703s][info][gc] GC(6715) Pause Young (Concurrent Start) (G1 Evacuation Pause) 894M->757M(1024M) 5,820ms
[336,703s][info][gc] GC(6716) Concurrent Mark Cycle
[336,771s][info][gc] GC(6717) Pause Young (Normal) (G1 Evacuation Pause) 895M->768M(1024M) 5,353ms
[336,835s][info][gc] GC(6718) Pause Young (Normal) (G1 Evacuation Pause) 897M->779M(1024M) 5,174ms
[336,895s][info][gc] GC(6719) Pause Young (Normal) (G1 Evacuation Pause) 899M->788M(1024M) 4,852ms
[336,917s][info][gc] GC(6716) Pause Remark 835M->835M(1024M) 0,744ms
[336,950s][info][gc] GC(6720) Pause Young (Normal) (G1 Evacuation Pause) 900M->797M(1024M) 5,079ms
[336,999s][info][gc] GC(6721) Pause Young (Normal) (G1 Evacuation Pause) 901M->805M(1024M) 4,902ms
[337,045s][info][gc] GC(6722) Pause Young (Normal) (G1 Evacuation Pause) 902M->813M(1024M) 4,756ms
[337,071s][info][gc] GC(6716) Pause Cleanup 872M->872M(1024M) 0,343ms
[337,072s][info][gc] GC(6716) Concurrent Mark Cycle 369,500ms
[337,090s][info][gc] GC(6723) Pause Young (Prepare Mixed) (G1 Evacuation Pause) 904M->821M(1024M) 4,455ms
[337,123s][info][gc] GC(6724) Pause Young (Mixed) (G1 Evacuation Pause) 864M->775M(1024M) 15,059ms
[337,157s][info][gc] GC(6725) Pause Young (Mixed) (G1 Evacuation Pause) 822M->740M(1024M) 14,542ms
[337,187s][info][gc] GC(6726) Pause Young (Mixed) (G1 Evacuation Pause) 784M->722M(1024M) 10,925ms
[337,261s][info][gc] GC(6727) Pause Young (Normal) (G1 Evacuation Pause) 891M->734M(1024M) 5,181ms
[337,331s][info][gc] GC(6728) Pause Young (Normal) (G1 Evacuation Pause) 892M->747M(1024M) 7,133ms
[337,396s][info][gc] GC(6729) Pause Young (Concurrent Start) (G1 Evacuation Pause) 895M->759M(1024M) 5,723ms
[337,396s][info][gc] GC(6730) Concurrent Mark Cycle
[337,463s][info][gc] GC(6731) Pause Young (Normal) (G1 Evacuation Pause) 895M->770M(1024M) 5,464ms
[337,526s][info][gc] GC(6732) Pause Young (Normal) (G1 Evacuation Pause) 898M->781M(1024M) 5,102ms
[337,584s][info][gc] GC(6733) Pause Young (Normal) (G1 Evacuation Pause) 899M->790M(1024M) 4,819ms
[337,609s][info][gc] GC(6730) Pause Remark 843M->843M(1024M) 0,701ms
[337,639s][info][gc] GC(6734) Pause Young (Normal) (G1 Evacuation Pause) 900M->799M(1024M) 4,951ms
[337,688s][info][gc] GC(6735) Pause Young (Normal) (G1 Evacuation Pause) 902M->807M(1024M) 4,975ms
[337,733s][info][gc] GC(6736) Pause Young (Normal) (G1 Evacuation Pause) 902M->815M(1024M) 4,772ms
[337,764s][info][gc] GC(6730) Pause Cleanup 886M->886M(1024M) 0,334ms
[337,765s][info][gc] GC(6730) Concurrent Mark Cycle 369,177ms
[337,776s][info][gc] GC(6737) Pause Young (Prepare Mixed) (G1 Evacuation Pause) 904M->822M(1024M) 4,278ms
[337,808s][info][gc] GC(6738) Pause Young (Mixed) (G1 Evacuation Pause) 865M->776M(1024M) 14,128ms
[337,843s][info][gc] GC(6739) Pause Young (Mixed) (G1 Evacuation Pause) 823M->740M(1024M) 14,381ms
[337,872s][info][gc] GC(6740) Pause Young (Mixed) (G1 Evacuation Pause) 784M->720M(1024M) 11,160ms
[337,948s][info][gc] GC(6741) Pause Young (Normal) (G1 Evacuation Pause) 891M->733M(1024M) 5,311ms
[338,020s][info][gc] GC(6742) Pause Young (Normal) (G1 Evacuation Pause) 893M->747M(1024M) 7,215ms
[338,086s][info][gc] GC(6743) Pause Young (Concurrent Start) (G1 Evacuation Pause) 895M->759M(1024M) 5,735ms
[338,086s][info][gc] GC(6744) Concurrent Mark Cycle
[338,154s][info][gc] GC(6745) Pause Young (Normal) (G1 Evacuation Pause) 896M->769M(1024M) 5,309ms
[338,217s][info][gc] GC(6746) Pause Young (Normal) (G1 Evacuation Pause) 898M->780M(1024M) 5,137ms
[338,276s][info][gc] GC(6747) Pause Young (Normal) (G1 Evacuation Pause) 899M->790M(1024M) 4,965ms
[338,300s][info][gc] GC(6744) Pause Remark 840M->840M(1024M) 0,708ms
[338,332s][info][gc] GC(6748) Pause Young (Normal) (G1 Evacuation Pause) 901M->799M(1024M) 4,999ms
[338,381s][info][gc] GC(6749) Pause Young (Normal) (G1 Evacuation Pause) 902M->807M(1024M) 4,710ms
[338,427s][info][gc] GC(6750) Pause Young (Normal) (G1 Evacuation Pause) 903M->815M(1024M) 4,709ms
[338,457s][info][gc] GC(6744) Pause Cleanup 883M->883M(1024M) 0,354ms
[338,458s][info][gc] GC(6744) Concurrent Mark Cycle 371,762ms
[338,471s][info][gc] GC(6751) Pause Young (Prepare Mixed) (G1 Evacuation Pause) 904M->822M(1024M) 4,433ms
[338,504s][info][gc] GC(6752) Pause Young (Mixed) (G1 Evacuation Pause) 865M->776M(1024M) 14,864ms
[338,538s][info][gc] GC(6753) Pause Young (Mixed) (G1 Evacuation Pause) 823M->740M(1024M) 14,197ms
[338,568s][info][gc] GC(6754) Pause Young (Mixed) (G1 Evacuation Pause) 784M->720M(1024M) 10,932ms
[338,644s][info][gc] GC(6755) Pause Young (Normal) (G1 Evacuation Pause) 891M->733M(1024M) 5,302ms
[338,717s][info][gc] GC(6756) Pause Young (Normal) (G1 Evacuation Pause) 893M->746M(1024M) 7,094ms
[338,782s][info][gc] GC(6757) Pause Young (Concurrent Start) (G1 Evacuation Pause) 894M->757M(1024M) 5,702ms
[338,782s][info][gc] GC(6758) Concurrent Mark Cycle
[338,851s][info][gc] GC(6759) Pause Young (Normal) (G1 Evacuation Pause) 896M->768M(1024M) 5,514ms
[338,914s][info][gc] GC(6760) Pause Young (Normal) (G1 Evacuation Pause) 897M->779M(1024M) 5,087ms
[338,974s][info][gc] GC(6761) Pause Young (Normal) (G1 Evacuation Pause) 899M->788M(1024M) 4,857ms
[338,995s][info][gc] GC(6758) Pause Remark 834M->834M(1024M) 0,881ms
[339,029s][info][gc] GC(6762) Pause Young (Normal) (G1 Evacuation Pause) 900M->797M(1024M) 5,048ms
[339,078s][info][gc] GC(6763) Pause Young (Normal) (G1 Evacuation Pause) 901M->805M(1024M) 4,968ms
[339,125s][info][gc] GC(6764) Pause Young (Normal) (G1 Evacuation Pause) 902M->813M(1024M) 4,809ms
[339,150s][info][gc] GC(6758) Pause Cleanup 871M->871M(1024M) 0,344ms
[339,151s][info][gc] GC(6758) Concurrent Mark Cycle 368,560ms
[339,168s][info][gc] GC(6765) Pause Young (Prepare Mixed) (G1 Evacuation Pause) 904M->820M(1024M) 4,502ms
[339,201s][info][gc] GC(6766) Pause Young (Mixed) (G1 Evacuation Pause) 863M->775M(1024M) 14,124ms
[339,235s][info][gc] GC(6767) Pause Young (Mixed) (G1 Evacuation Pause) 822M->738M(1024M) 14,308ms
[339,265s][info][gc] GC(6768) Pause Young (Mixed) (G1 Evacuation Pause) 782M->721M(1024M) 11,162ms
[339,340s][info][gc] GC(6769) Pause Young (Normal) (G1 Evacuation Pause) 891M->734M(1024M) 5,315ms
[339,411s][info][gc] GC(6770) Pause Young (Normal) (G1 Evacuation Pause) 893M->747M(1024M) 7,126ms
[339,476s][info][gc] GC(6771) Pause Young (Concurrent Start) (G1 Evacuation Pause) 895M->758M(1024M) 5,724ms
[339,477s][info][gc] GC(6772) Concurrent Mark Cycle
[339,544s][info][gc] GC(6773) Pause Young (Normal) (G1 Evacuation Pause) 895M->769M(1024M) 5,424ms
[339,607s][info][gc] GC(6774) Pause Young (Normal) (G1 Evacuation Pause) 897M->780M(1024M) 5,125ms
[339,668s][info][gc] GC(6775) Pause Young (Normal) (G1 Evacuation Pause) 899M->789M(1024M) 4,943ms
[339,692s][info][gc] GC(6772) Pause Remark 839M->839M(1024M) 0,771ms
[339,724s][info][gc] GC(6776) Pause Young (Normal) (G1 Evacuation Pause) 900M->799M(1024M) 4,896ms
[339,773s][info][gc] GC(6777) Pause Young (Normal) (G1 Evacuation Pause) 902M->806M(1024M) 4,835ms
[339,819s][info][gc] GC(6778) Pause Young (Normal) (G1 Evacuation Pause) 902M->814M(1024M) 4,757ms
[339,847s][info][gc] GC(6772) Pause Cleanup 878M->878M(1024M) 0,323ms
[339,848s][info][gc] GC(6772) Concurrent Mark Cycle 371,742ms
[339,863s][info][gc] GC(6779) Pause Young (Prepare Mixed) (G1 Evacuation Pause) 904M->822M(1024M) 4,478ms
[339,895s][info][gc] GC(6780) Pause Young (Mixed) (G1 Evacuation Pause) 865M->777M(1024M) 14,634ms
[339,929s][info][gc] GC(6781) Pause Young (Mixed) (G1 Evacuation Pause) 824M->740M(1024M) 14,267ms
[339,959s][info][gc] GC(6782) Pause Young (Mixed) (G1 Evacuation Pause) 784M->720M(1024M) 11,130ms
[340,034s][info][gc] GC(6783) Pause Young (Normal) (G1 Evacuation Pause) 891M->733M(1024M) 5,280ms
[340,106s][info][gc] GC(6784) Pause Young (Normal) (G1 Evacuation Pause) 893M->746M(1024M) 7,123ms
[340,171s][info][gc] GC(6785) Pause Young (Concurrent Start) (G1 Evacuation Pause) 894M->757M(1024M) 5,763ms
[340,171s][info][gc] GC(6786) Concurrent Mark Cycle
[340,239s][info][gc] GC(6787) Pause Young (Normal) (G1 Evacuation Pause) 895M->768M(1024M) 5,452ms
[340,303s][info][gc] GC(6788) Pause Young (Normal) (G1 Evacuation Pause) 897M->778M(1024M) 5,192ms
[340,362s][info][gc] GC(6789) Pause Young (Normal) (G1 Evacuation Pause) 898M->788M(1024M) 4,843ms
[340,384s][info][gc] GC(6786) Pause Remark 836M->836M(1024M) 0,743ms
[340,417s][info][gc] GC(6790) Pause Young (Normal) (G1 Evacuation Pause) 900M->797M(1024M) 5,030ms
[340,466s][info][gc] GC(6791) Pause Young (Normal) (G1 Evacuation Pause) 901M->805M(1024M) 5,065ms
[340,512s][info][gc] GC(6792) Pause Young (Normal) (G1 Evacuation Pause) 902M->813M(1024M) 4,801ms
[340,539s][info][gc] GC(6786) Pause Cleanup 874M->874M(1024M) 0,344ms
[340,540s][info][gc] GC(6786) Concurrent Mark Cycle 368,775ms
[340,556s][info][gc] GC(6793) Pause Young (Prepare Mixed) (G1 Evacuation Pause) 904M->820M(1024M) 4,441ms
[340,588s][info][gc] GC(6794) Pause Young (Mixed) (G1 Evacuation Pause) 863M->776M(1024M) 14,459ms
[340,622s][info][gc] GC(6795) Pause Young (Mixed) (G1 Evacuation Pause) 823M->739M(1024M) 14,265ms
[340,652s][info][gc] GC(6796) Pause Young (Mixed) (G1 Evacuation Pause) 783M->721M(1024M) 11,161ms
[340,728s][info][gc] GC(6797) Pause Young (Normal) (G1 Evacuation Pause) 891M->734M(1024M) 5,334ms
[340,799s][info][gc] GC(6798) Pause Young (Normal) (G1 Evacuation Pause) 893M->747M(1024M) 7,065ms
[340,864s][info][gc] GC(6799) Pause Young (Concurrent Start) (G1 Evacuation Pause) 894M->758M(1024M) 5,839ms
[340,864s][info][gc] GC(6800) Concurrent Mark Cycle
[340,932s][info][gc] GC(6801) Pause Young (Normal) (G1 Evacuation Pause) 896M->769M(1024M) 5,452ms
[340,996s][info][gc] GC(6802) Pause Young (Normal) (G1 Evacuation Pause) 898M->780M(1024M) 5,057ms
[341,054s][info][gc] GC(6803) Pause Young (Normal) (G1 Evacuation Pause) 899M->789M(1024M) 4,751ms
[341,077s][info][gc] GC(6800) Pause Remark 838M->838M(1024M) 0,820ms
[341,109s][info][gc] GC(6804) Pause Young (Normal) (G1 Evacuation Pause) 900M->798M(1024M) 5,045ms
[341,158s][info][gc] GC(6805) Pause Young (Normal) (G1 Evacuation Pause) 901M->806M(1024M) 4,936ms
[341,203s][info][gc] GC(6806) Pause Young (Normal) (G1 Evacuation Pause) 902M->814M(1024M) 4,741ms
[341,232s][info][gc] GC(6800) Pause Cleanup 880M->880M(1024M) 0,366ms
[341,233s][info][gc] GC(6800) Concurrent Mark Cycle 369,274ms
[341,247s][info][gc] GC(6807) Pause Young (Prepare Mixed) (G1 Evacuation Pause) 904M->821M(1024M) 4,360ms
[341,279s][info][gc] GC(6808) Pause Young (Mixed) (G1 Evacuation Pause) 864M->776M(1024M) 14,408ms
[341,313s][info][gc] GC(6809) Pause Young (Mixed) (G1 Evacuation Pause) 823M->739M(1024M) 14,226ms
[341,343s][info][gc] GC(6810) Pause Young (Mixed) (G1 Evacuation Pause) 783M->720M(1024M) 11,528ms
[341,419s][info][gc] GC(6811) Pause Young (Normal) (G1 Evacuation Pause) 891M->732M(1024M) 5,181ms
[341,490s][info][gc] GC(6812) Pause Young (Normal) (G1 Evacuation Pause) 892M->746M(1024M) 7,059ms
[341,557s][info][gc] GC(6813) Pause Young (Concurrent Start) (G1 Evacuation Pause) 894M->757M(1024M) 5,675ms
[341,557s][info][gc] GC(6814) Concurrent Mark Cycle
[341,625s][info][gc] GC(6815) Pause Young (Normal) (G1 Evacuation Pause) 895M->768M(1024M) 5,400ms
[341,688s][info][gc] GC(6816) Pause Young (Normal) (G1 Evacuation Pause) 897M->778M(1024M) 5,127ms
[341,748s][info][gc] GC(6817) Pause Young (Normal) (G1 Evacuation Pause) 899M->787M(1024M) 4,886ms
[341,770s][info][gc] GC(6814) Pause Remark 833M->833M(1024M) 0,741ms
[341,803s][info][gc] GC(6818) Pause Young (Normal) (G1 Evacuation Pause) 899M->797M(1024M) 5,098ms
[341,852s][info][gc] GC(6819) Pause Young (Normal) (G1 Evacuation Pause) 901M->805M(1024M) 4,912ms
[341,899s][info][gc] GC(6820) Pause Young (Normal) (G1 Evacuation Pause) 903M->812M(1024M) 4,847ms
[341,924s][info][gc] GC(6814) Pause Cleanup 869M->869M(1024M) 0,356ms
[341,925s][info][gc] GC(6814) Concurrent Mark Cycle 368,205ms
[341,943s][info][gc] GC(6821) Pause Young (Prepare Mixed) (G1 Evacuation Pause) 903M->820M(1024M) 4,427ms
[341,975s][info][gc] GC(6822) Pause Young (Mixed) (G1 Evacuation Pause) 863M->775M(1024M) 14,476ms
[342,009s][info][gc] GC(6823) Pause Young (Mixed) (G1 Evacuation Pause) 822M->738M(1024M) 14,353ms
[342,038s][info][gc] GC(6824) Pause Young (Mixed) (G1 Evacuation Pause) 782M->721M(1024M) 10,348ms
[342,113s][info][gc] GC(6825) Pause Young (Normal) (G1 Evacuation Pause) 891M->734M(1024M) 5,188ms
[342,184s][info][gc] GC(6826) Pause Young (Normal) (G1 Evacuation Pause) 893M->747M(1024M) 7,040ms
[342,249s][info][gc] GC(6827) Pause Young (Concurrent Start) (G1 Evacuation Pause) 894M->758M(1024M) 5,661ms
[342,249s][info][gc] GC(6828) Concurrent Mark Cycle
[342,317s][info][gc] GC(6829) Pause Young (Normal) (G1 Evacuation Pause) 896M->770M(1024M) 5,421ms
[342,380s][info][gc] GC(6830) Pause Young (Normal) (G1 Evacuation Pause) 898M->780M(1024M) 5,105ms
[342,439s][info][gc] GC(6831) Pause Young (Normal) (G1 Evacuation Pause) 899M->790M(1024M) 4,828ms
[342,462s][info][gc] GC(6828) Pause Remark 839M->839M(1024M) 0,797ms
[342,494s][info][gc] GC(6832) Pause Young (Normal) (G1 Evacuation Pause) 901M->799M(1024M) 5,035ms
[342,543s][info][gc] GC(6833) Pause Young (Normal) (G1 Evacuation Pause) 902M->807M(1024M) 4,851ms
[342,588s][info][gc] GC(6834) Pause Young (Normal) (G1 Evacuation Pause) 902M->815M(1024M) 4,696ms
[342,616s][info][gc] GC(6828) Pause Cleanup 880M->880M(1024M) 0,379ms
[342,618s][info][gc] GC(6828) Concurrent Mark Cycle 368,244ms
[342,631s][info][gc] GC(6835) Pause Young (Prepare Mixed) (G1 Evacuation Pause) 904M->822M(1024M) 4,444ms
[342,664s][info][gc] GC(6836) Pause Young (Mixed) (G1 Evacuation Pause) 865M->776M(1024M) 14,484ms
[342,698s][info][gc] GC(6837) Pause Young (Mixed) (G1 Evacuation Pause) 823M->740M(1024M) 14,070ms
[342,727s][info][gc] GC(6838) Pause Young (Mixed) (G1 Evacuation Pause) 784M->721M(1024M) 11,192ms
[342,802s][info][gc] GC(6839) Pause Young (Normal) (G1 Evacuation Pause) 891M->733M(1024M) 5,206ms
[342,872s][info][gc] GC(6840) Pause Young (Normal) (G1 Evacuation Pause) 892M->746M(1024M) 7,060ms
[342,937s][info][gc] GC(6841) Pause Young (Concurrent Start) (G1 Evacuation Pause) 894M->759M(1024M) 5,618ms
[342,937s][info][gc] GC(6842) Concurrent Mark Cycle
[343,004s][info][gc] GC(6843) Pause Young (Normal) (G1 Evacuation Pause) 896M->769M(1024M) 5,387ms
[343,068s][info][gc] GC(6844) Pause Young (Normal) (G1 Evacuation Pause) 898M->780M(1024M) 5,045ms
[343,126s][info][gc] GC(6845) Pause Young (Normal) (G1 Evacuation Pause) 899M->789M(1024M) 4,918ms
[343,150s][info][gc] GC(6842) Pause Remark 838M->838M(1024M) 0,891ms
[343,181s][info][gc] GC(6846) Pause Young (Normal) (G1 Evacuation Pause) 900M->798M(1024M) 5,090ms
[343,230s][info][gc] GC(6847) Pause Young (Normal) (G1 Evacuation Pause) 901M->806M(1024M) 4,952ms
[343,276s][info][gc] GC(6848) Pause Young (Normal) (G1 Evacuation Pause) 902M->814M(1024M) 4,705ms
[343,305s][info][gc] GC(6842) Pause Cleanup 880M->880M(1024M) 0,366ms
[343,306s][info][gc] GC(6842) Concurrent Mark Cycle 369,244ms
[343,320s][info][gc] GC(6849) Pause Young (Prepare Mixed) (G1 Evacuation Pause) 904M->821M(1024M) 4,421ms
[343,352s][info][gc] GC(6850) Pause Young (Mixed) (G1 Evacuation Pause) 864M->776M(1024M) 14,089ms
[343,386s][info][gc] GC(6851) Pause Young (Mixed) (G1 Evacuation Pause) 823M->739M(1024M) 14,457ms
[343,415s][info][gc] GC(6852) Pause Young (Mixed) (G1 Evacuation Pause) 783M->721M(1024M) 10,290ms
[343,490s][info][gc] GC(6853) Pause Young (Normal) (G1 Evacuation Pause) 891M->734M(1024M) 5,245ms
[343,562s][info][gc] GC(6854) Pause Young (Normal) (G1 Evacuation Pause) 893M->747M(1024M) 7,082ms
[343,627s][info][gc] GC(6855) Pause Young (Concurrent Start) (G1 Evacuation Pause) 895M->759M(1024M) 5,683ms
[343,627s][info][gc] GC(6856) Concurrent Mark Cycle
[343,694s][info][gc] GC(6857) Pause Young (Normal) (G1 Evacuation Pause) 896M->770M(1024M) 5,402ms
[343,757s][info][gc] GC(6858) Pause Young (Normal) (G1 Evacuation Pause) 898M->780M(1024M) 5,137ms
[343,816s][info][gc] GC(6859) Pause Young (Normal) (G1 Evacuation Pause) 899M->789M(1024M) 4,826ms
[343,840s][info][gc] GC(6856) Pause Remark 840M->840M(1024M) 0,818ms
[343,874s][info][gc] GC(6860) Pause Young (Normal) (G1 Evacuation Pause) 900M->798M(1024M) 5,277ms
[343,928s][info][gc] GC(6861) Pause Young (Normal) (G1 Evacuation Pause) 902M->806M(1024M) 4,585ms
[343,976s][info][gc] GC(6862) Pause Young (Normal) (G1 Evacuation Pause) 903M->814M(1024M) 4,461ms
[344,004s][info][gc] GC(6856) Pause Cleanup 873M->873M(1024M) 0,294ms
[344,005s][info][gc] GC(6856) Concurrent Mark Cycle 378,401ms
[344,022s][info][gc] GC(6863) Pause Young (Prepare Mixed) (G1 Evacuation Pause) 904M->821M(1024M) 4,509ms
[344,055s][info][gc] GC(6864) Pause Young (Mixed) (G1 Evacuation Pause) 864M->776M(1024M) 14,623ms
[344,090s][info][gc] GC(6865) Pause Young (Mixed) (G1 Evacuation Pause) 823M->739M(1024M) 14,233ms
[344,120s][info][gc] GC(6866) Pause Young (Mixed) (G1 Evacuation Pause) 783M->718M(1024M) 11,757ms
[344,198s][info][gc] GC(6867) Pause Young (Normal) (G1 Evacuation Pause) 891M->731M(1024M) 5,165ms
[344,269s][info][gc] GC(6868) Pause Young (Normal) (G1 Evacuation Pause) 892M->744M(1024M) 7,181ms
[344,336s][info][gc] GC(6869) Pause Young (Concurrent Start) (G1 Evacuation Pause) 893M->756M(1024M) 5,727ms
[344,336s][info][gc] GC(6870) Concurrent Mark Cycle
[344,413s][info][gc] GC(6871) Pause Young (Normal) (G1 Evacuation Pause) 896M->768M(1024M) 5,164ms
[344,478s][info][gc] GC(6872) Pause Young (Normal) (G1 Evacuation Pause) 897M->778M(1024M) 4,701ms
[344,539s][info][gc] GC(6873) Pause Young (Normal) (G1 Evacuation Pause) 899M->788M(1024M) 4,817ms
[344,559s][info][gc] GC(6870) Pause Remark 830M->830M(1024M) 0,893ms
[344,595s][info][gc] GC(6874) Pause Young (Normal) (G1 Evacuation Pause) 900M->796M(1024M) 5,023ms
[344,645s][info][gc] GC(6875) Pause Young (Normal) (G1 Evacuation Pause) 901M->805M(1024M) 4,737ms
[344,691s][info][gc] GC(6876) Pause Young (Normal) (G1 Evacuation Pause) 903M->813M(1024M) 4,619ms
[344,715s][info][gc] GC(6870) Pause Cleanup 866M->866M(1024M) 0,343ms
[344,716s][info][gc] GC(6870) Concurrent Mark Cycle 380,407ms
[344,735s][info][gc] GC(6877) Pause Young (Prepare Mixed) (G1 Evacuation Pause) 904M->821M(1024M) 4,504ms
[344,768s][info][gc] GC(6878) Pause Young (Mixed) (G1 Evacuation Pause) 864M->776M(1024M) 14,387ms
[344,801s][info][gc] GC(6879) Pause Young (Mixed) (G1 Evacuation Pause) 823M->740M(1024M) 14,244ms
[344,830s][info][gc] GC(6880) Pause Young (Mixed) (G1 Evacuation Pause) 784M->723M(1024M) 10,889ms
[344,904s][info][gc] GC(6881) Pause Young (Normal) (G1 Evacuation Pause) 891M->736M(1024M) 5,148ms
[344,976s][info][gc] GC(6882) Pause Young (Normal) (G1 Evacuation Pause) 893M->749M(1024M) 7,102ms
[345,041s][info][gc] GC(6883) Pause Young (Concurrent Start) (G1 Evacuation Pause) 895M->760M(1024M) 5,698ms
[345,041s][info][gc] GC(6884) Concurrent Mark Cycle
[345,108s][info][gc] GC(6885) Pause Young (Normal) (G1 Evacuation Pause) 896M->771M(1024M) 5,407ms
[345,170s][info][gc] GC(6886) Pause Young (Normal) (G1 Evacuation Pause) 898M->781M(1024M) 5,063ms
[345,228s][info][gc] GC(6887) Pause Young (Normal) (G1 Evacuation Pause) 898M->790M(1024M) 4,668ms
[345,254s][info][gc] GC(6884) Pause Remark 845M->845M(1024M) 0,797ms
[345,284s][info][gc] GC(6888) Pause Young (Normal) (G1 Evacuation Pause) 901M->800M(1024M) 5,135ms
[345,332s][info][gc] GC(6889) Pause Young (Normal) (G1 Evacuation Pause) 902M->808M(1024M) 4,855ms
[345,377s][info][gc] GC(6890) Pause Young (Normal) (G1 Evacuation Pause) 903M->815M(1024M) 4,751ms
[345,409s][info][gc] GC(6884) Pause Cleanup 891M->891M(1024M) 0,341ms
[345,411s][info][gc] GC(6884) Concurrent Mark Cycle 369,614ms
[345,420s][info][gc] GC(6891) Pause Young (Prepare Mixed) (G1 Evacuation Pause) 904M->822M(1024M) 4,268ms
[345,452s][info][gc] GC(6892) Pause Young (Mixed) (G1 Evacuation Pause) 865M->776M(1024M) 14,115ms
[345,486s][info][gc] GC(6893) Pause Young (Mixed) (G1 Evacuation Pause) 823M->739M(1024M) 14,407ms
[345,516s][info][gc] GC(6894) Pause Young (Mixed) (G1 Evacuation Pause) 783M->720M(1024M) 11,179ms
[345,593s][info][gc] GC(6895) Pause Young (Normal) (G1 Evacuation Pause) 891M->733M(1024M) 5,157ms
[345,665s][info][gc] GC(6896) Pause Young (Normal) (G1 Evacuation Pause) 893M->746M(1024M) 7,099ms
[345,730s][info][gc] GC(6897) Pause Young (Concurrent Start) (G1 Evacuation Pause) 894M->758M(1024M) 5,738ms
[345,730s][info][gc] GC(6898) Concurrent Mark Cycle
[345,797s][info][gc] GC(6899) Pause Young (Normal) (G1 Evacuation Pause) 895M->769M(1024M) 5,396ms
[345,860s][info][gc] GC(6900) Pause Young (Normal) (G1 Evacuation Pause) 897M->780M(1024M) 5,120ms
[345,919s][info][gc] GC(6901) Pause Young (Normal) (G1 Evacuation Pause) 899M->789M(1024M) 4,823ms
[345,943s][info][gc] GC(6898) Pause Remark 841M->841M(1024M) 0,859ms
[345,974s][info][gc] GC(6902) Pause Young (Normal) (G1 Evacuation Pause) 900M->798M(1024M) 5,053ms
[346,023s][info][gc] GC(6903) Pause Young (Normal) (G1 Evacuation Pause) 901M->807M(1024M) 4,872ms
[346,068s][info][gc] GC(6904) Pause Young (Normal) (G1 Evacuation Pause) 903M->814M(1024M) 4,628ms
[346,097s][info][gc] GC(6898) Pause Cleanup 882M->882M(1024M) 0,366ms
[346,098s][info][gc] GC(6898) Concurrent Mark Cycle 368,679ms
[346,111s][info][gc] GC(6905) Pause Young (Prepare Mixed) (G1 Evacuation Pause) 904M->822M(1024M) 4,324ms
[346,144s][info][gc] GC(6906) Pause Young (Mixed) (G1 Evacuation Pause) 865M->776M(1024M) 14,380ms
[346,178s][info][gc] GC(6907) Pause Young (Mixed) (G1 Evacuation Pause) 823M->740M(1024M) 13,961ms
[346,207s][info][gc] GC(6908) Pause Young (Mixed) (G1 Evacuation Pause) 784M->723M(1024M) 10,525ms
[346,281s][info][gc] GC(6909) Pause Young (Normal) (G1 Evacuation Pause) 891M->735M(1024M) 5,255ms
[346,351s][info][gc] GC(6910) Pause Young (Normal) (G1 Evacuation Pause) 892M->748M(1024M) 6,976ms
[346,414s][info][gc] GC(6911) Pause Young (Concurrent Start) (G1 Evacuation Pause) 895M->760M(1024M) 5,610ms
[346,414s][info][gc] GC(6912) Concurrent Mark Cycle
[346,482s][info][gc] GC(6913) Pause Young (Normal) (G1 Evacuation Pause) 896M->770M(1024M) 5,427ms
[346,545s][info][gc] GC(6914) Pause Young (Normal) (G1 Evacuation Pause) 898M->781M(1024M) 5,070ms
[346,603s][info][gc] GC(6915) Pause Young (Normal) (G1 Evacuation Pause) 899M->790M(1024M) 4,807ms
[346,627s][info][gc] GC(6912) Pause Remark 842M->842M(1024M) 0,718ms
[346,657s][info][gc] GC(6916) Pause Young (Normal) (G1 Evacuation Pause) 900M->799M(1024M) 5,088ms
[346,706s][info][gc] GC(6917) Pause Young (Normal) (G1 Evacuation Pause) 902M->807M(1024M) 4,950ms
[346,751s][info][gc] GC(6918) Pause Young (Normal) (G1 Evacuation Pause) 902M->815M(1024M) 4,665ms
[346,783s][info][gc] GC(6912) Pause Cleanup 890M->890M(1024M) 0,373ms
[346,784s][info][gc] GC(6912) Concurrent Mark Cycle 369,751ms
[346,794s][info][gc] GC(6919) Pause Young (Prepare Mixed) (G1 Evacuation Pause) 904M->822M(1024M) 4,411ms
[346,827s][info][gc] GC(6920) Pause Young (Mixed) (G1 Evacuation Pause) 866M->776M(1024M) 14,306ms
[346,860s][info][gc] GC(6921) Pause Young (Mixed) (G1 Evacuation Pause) 823M->739M(1024M) 14,220ms
[346,890s][info][gc] GC(6922) Pause Young (Mixed) (G1 Evacuation Pause) 783M->720M(1024M) 11,488ms
[346,966s][info][gc] GC(6923) Pause Young (Normal) (G1 Evacuation Pause) 891M->733M(1024M) 5,231ms
[347,038s][info][gc] GC(6924) Pause Young (Normal) (G1 Evacuation Pause) 893M->746M(1024M) 7,300ms
[347,102s][info][gc] GC(6925) Pause Young (Concurrent Start) (G1 Evacuation Pause) 894M->758M(1024M) 5,710ms
[347,102s][info][gc] GC(6926) Concurrent Mark Cycle
[347,171s][info][gc] GC(6927) Pause Young (Normal) (G1 Evacuation Pause) 896M->768M(1024M) 5,532ms
[347,234s][info][gc] GC(6928) Pause Young (Normal) (G1 Evacuation Pause) 897M->779M(1024M) 5,140ms
[347,294s][info][gc] GC(6929) Pause Young (Normal) (G1 Evacuation Pause) 899M->788M(1024M) 4,903ms
[347,316s][info][gc] GC(6926) Pause Remark 835M->835M(1024M) 0,720ms
[347,348s][info][gc] GC(6930) Pause Young (Normal) (G1 Evacuation Pause) 899M->797M(1024M) 5,105ms
[347,398s][info][gc] GC(6931) Pause Young (Normal) (G1 Evacuation Pause) 901M->806M(1024M) 4,896ms
[347,444s][info][gc] GC(6932) Pause Young (Normal) (G1 Evacuation Pause) 903M->813M(1024M) 4,711ms
[347,471s][info][gc] GC(6926) Pause Cleanup 876M->876M(1024M) 0,343ms
[347,472s][info][gc] GC(6926) Concurrent Mark Cycle 369,565ms
[347,488s][info][gc] GC(6933) Pause Young (Prepare Mixed) (G1 Evacuation Pause) 904M->821M(1024M) 4,463ms
[347,520s][info][gc] GC(6934) Pause Young (Mixed) (G1 Evacuation Pause) 864M->775M(1024M) 14,425ms
[347,555s][info][gc] GC(6935) Pause Young (Mixed) (G1 Evacuation Pause) 822M->738M(1024M) 14,286ms
[347,584s][info][gc] GC(6936) Pause Young (Mixed) (G1 Evacuation Pause) 782M->720M(1024M) 10,844ms
[347,660s][info][gc] GC(6937) Pause Young (Normal) (G1 Evacuation Pause) 891M->733M(1024M) 5,375ms
[347,732s][info][gc] GC(6938) Pause Young (Normal) (G1 Evacuation Pause) 893M->746M(1024M) 7,178ms
[347,797s][info][gc] GC(6939) Pause Young (Concurrent Start) (G1 Evacuation Pause) 894M->758M(1024M) 5,704ms
[347,797s][info][gc] GC(6940) Concurrent Mark Cycle
[347,865s][info][gc] GC(6941) Pause Young (Normal) (G1 Evacuation Pause) 896M->769M(1024M) 5,459ms
[347,929s][info][gc] GC(6942) Pause Young (Normal) (G1 Evacuation Pause) 898M->779M(1024M) 5,230ms
[347,988s][info][gc] GC(6943) Pause Young (Normal) (G1 Evacuation Pause) 899M->789M(1024M) 4,909ms
[348,010s][info][gc] GC(6940) Pause Remark 834M->834M(1024M) 0,793ms
[348,044s][info][gc] GC(6944) Pause Young (Normal) (G1 Evacuation Pause) 900M->798M(1024M) 4,945ms
[348,093s][info][gc] GC(6945) Pause Young (Normal) (G1 Evacuation Pause) 901M->806M(1024M) 4,849ms
[348,140s][info][gc] GC(6946) Pause Young (Normal) (G1 Evacuation Pause) 903M->813M(1024M) 4,804ms
[348,165s][info][gc] GC(6940) Pause Cleanup 873M->873M(1024M) 0,358ms
[348,167s][info][gc] GC(6940) Concurrent Mark Cycle 369,654ms
[348,183s][info][gc] GC(6947) Pause Young (Prepare Mixed) (G1 Evacuation Pause) 904M->821M(1024M) 4,479ms
[348,216s][info][gc] GC(6948) Pause Young (Mixed) (G1 Evacuation Pause) 864M->775M(1024M) 14,417ms
[348,250s][info][gc] GC(6949) Pause Young (Mixed) (G1 Evacuation Pause) 822M->739M(1024M) 14,345ms
[348,279s][info][gc] GC(6950) Pause Young (Mixed) (G1 Evacuation Pause) 783M->719M(1024M) 11,312ms
[348,355s][info][gc] GC(6951) Pause Young (Normal) (G1 Evacuation Pause) 891M->732M(1024M) 5,210ms
[348,428s][info][gc] GC(6952) Pause Young (Normal) (G1 Evacuation Pause) 893M->745M(1024M) 7,097ms
[348,492s][info][gc] GC(6953) Pause Young (Concurrent Start) (G1 Evacuation Pause) 894M->757M(1024M) 5,663ms
[348,492s][info][gc] GC(6954) Concurrent Mark Cycle
[348,561s][info][gc] GC(6955) Pause Young (Normal) (G1 Evacuation Pause) 896M->768M(1024M) 5,415ms
[348,625s][info][gc] GC(6956) Pause Young (Normal) (G1 Evacuation Pause) 897M->778M(1024M) 5,155ms
[348,685s][info][gc] GC(6957) Pause Young (Normal) (G1 Evacuation Pause) 899M->788M(1024M) 4,911ms
[348,706s][info][gc] GC(6954) Pause Remark 832M->832M(1024M) 0,719ms
[348,740s][info][gc] GC(6958) Pause Young (Normal) (G1 Evacuation Pause) 900M->797M(1024M) 5,094ms
[348,790s][info][gc] GC(6959) Pause Young (Normal) (G1 Evacuation Pause) 901M->805M(1024M) 4,892ms
[348,836s][info][gc] GC(6960) Pause Young (Normal) (G1 Evacuation Pause) 902M->813M(1024M) 4,677ms
[348,860s][info][gc] GC(6954) Pause Cleanup 869M->869M(1024M) 0,289ms
[348,862s][info][gc] GC(6954) Concurrent Mark Cycle 369,523ms
[348,880s][info][gc] GC(6961) Pause Young (Prepare Mixed) (G1 Evacuation Pause) 904M->820M(1024M) 4,350ms
[348,913s][info][gc] GC(6962) Pause Young (Mixed) (G1 Evacuation Pause) 863M->776M(1024M) 14,321ms
[348,947s][info][gc] GC(6963) Pause Young (Mixed) (G1 Evacuation Pause) 823M->739M(1024M) 14,197ms
[348,977s][info][gc] GC(6964) Pause Young (Mixed) (G1 Evacuation Pause) 783M->722M(1024M) 10,627ms
[349,053s][info][gc] GC(6965) Pause Young (Normal) (G1 Evacuation Pause) 891M->734M(1024M) 5,101ms
[349,126s][info][gc] GC(6966) Pause Young (Normal) (G1 Evacuation Pause) 892M->747M(1024M) 7,057ms
[349,190s][info][gc] GC(6967) Pause Young (Concurrent Start) (G1 Evacuation Pause) 895M->759M(1024M) 5,782ms
[349,190s][info][gc] GC(6968) Concurrent Mark Cycle
[349,258s][info][gc] GC(6969) Pause Young (Normal) (G1 Evacuation Pause) 895M->770M(1024M) 5,456ms
[349,321s][info][gc] GC(6970) Pause Young (Normal) (G1 Evacuation Pause) 898M->780M(1024M) 5,135ms
[349,380s][info][gc] GC(6971) Pause Young (Normal) (G1 Evacuation Pause) 898M->790M(1024M) 4,808ms
[349,404s][info][gc] GC(6968) Pause Remark 841M->841M(1024M) 0,778ms
[349,434s][info][gc] GC(6972) Pause Young (Normal) (G1 Evacuation Pause) 901M->799M(1024M) 4,888ms
[349,483s][info][gc] GC(6973) Pause Young (Normal) (G1 Evacuation Pause) 902M->807M(1024M) 4,972ms
[349,529s][info][gc] GC(6974) Pause Young (Normal) (G1 Evacuation Pause) 902M->815M(1024M) 4,712ms
[349,558s][info][gc] GC(6968) Pause Cleanup 884M->884M(1024M) 0,348ms
[349,560s][info][gc] GC(6968) Concurrent Mark Cycle 369,077ms
[349,571s][info][gc] GC(6975) Pause Young (Prepare Mixed) (G1 Evacuation Pause) 904M->822M(1024M) 4,426ms
[349,604s][info][gc] GC(6976) Pause Young (Mixed) (G1 Evacuation Pause) 865M->776M(1024M) 14,423ms
[349,638s][info][gc] GC(6977) Pause Young (Mixed) (G1 Evacuation Pause) 823M->740M(1024M) 14,307ms
[349,668s][info][gc] GC(6978) Pause Young (Mixed) (G1 Evacuation Pause) 784M->721M(1024M) 11,041ms
[349,743s][info][gc] GC(6979) Pause Young (Normal) (G1 Evacuation Pause) 891M->733M(1024M) 5,215ms
[349,814s][info][gc] GC(6980) Pause Young (Normal) (G1 Evacuation Pause) 892M->747M(1024M) 7,177ms
[349,879s][info][gc] GC(6981) Pause Young (Concurrent Start) (G1 Evacuation Pause) 895M->759M(1024M) 5,773ms
[349,879s][info][gc] GC(6982) Concurrent Mark Cycle
[349,946s][info][gc] GC(6983) Pause Young (Normal) (G1 Evacuation Pause) 896M->770M(1024M) 5,463ms
[350,009s][info][gc] GC(6984) Pause Young (Normal) (G1 Evacuation Pause) 897M->780M(1024M) 5,098ms
[350,068s][info][gc] GC(6985) Pause Young (Normal) (G1 Evacuation Pause) 898M->790M(1024M) 4,795ms
[350,093s][info][gc] GC(6982) Pause Remark 842M->842M(1024M) 0,722ms
[350,123s][info][gc] GC(6986) Pause Young (Normal) (G1 Evacuation Pause) 901M->799M(1024M) 4,857ms
[350,172s][info][gc] GC(6987) Pause Young (Normal) (G1 Evacuation Pause) 902M->807M(1024M) 4,720ms
[350,219s][info][gc] GC(6988) Pause Young (Normal) (G1 Evacuation Pause) 903M->814M(1024M) 4,613ms
[350,247s][info][gc] GC(6982) Pause Cleanup 881M->881M(1024M) 0,350ms
[350,248s][info][gc] GC(6982) Concurrent Mark Cycle 369,865ms
[350,261s][info][gc] GC(6989) Pause Young (Prepare Mixed) (G1 Evacuation Pause) 903M->822M(1024M) 4,476ms
[350,294s][info][gc] GC(6990) Pause Young (Mixed) (G1 Evacuation Pause) 865M->776M(1024M) 14,299ms
[350,329s][info][gc] GC(6991) Pause Young (Mixed) (G1 Evacuation Pause) 823M->740M(1024M) 14,214ms
[350,360s][info][gc] GC(6992) Pause Young (Mixed) (G1 Evacuation Pause) 784M->721M(1024M) 10,913ms
[350,436s][info][gc] GC(6993) Pause Young (Normal) (G1 Evacuation Pause) 891M->734M(1024M) 5,115ms
[350,520s][info][gc] GC(6994) Pause Young (Normal) (G1 Evacuation Pause) 893M->747M(1024M) 6,662ms
[350,590s][info][gc] GC(6995) Pause Young (Concurrent Start) (G1 Evacuation Pause) 894M->759M(1024M) 5,275ms
[350,590s][info][gc] GC(6996) Concurrent Mark Cycle
[350,658s][info][gc] GC(6997) Pause Young (Normal) (G1 Evacuation Pause) 896M->770M(1024M) 5,387ms
[350,722s][info][gc] GC(6998) Pause Young (Normal) (G1 Evacuation Pause) 898M->780M(1024M) 5,050ms
[350,783s][info][gc] GC(6999) Pause Young (Normal) (G1 Evacuation Pause) 899M->789M(1024M) 4,743ms
[350,808s][info][gc] GC(6996) Pause Remark 839M->839M(1024M) 0,699ms
[350,840s][info][gc] GC(7000) Pause Young (Normal) (G1 Evacuation Pause) 900M->798M(1024M) 4,983ms
[350,895s][info][gc] GC(7001) Pause Young (Normal) (G1 Evacuation Pause) 902M->807M(1024M) 4,810ms
[350,942s][info][gc] GC(7002) Pause Young (Normal) (G1 Evacuation Pause) 903M->815M(1024M) 4,576ms
[350,968s][info][gc] GC(6996) Pause Cleanup 873M->873M(1024M) 0,354ms
[350,969s][info][gc] GC(6996) Concurrent Mark Cycle 378,823ms
[350,985s][info][gc] GC(7003) Pause Young (Prepare Mixed) (G1 Evacuation Pause) 904M->822M(1024M) 4,277ms
[351,018s][info][gc] GC(7004) Pause Young (Mixed) (G1 Evacuation Pause) 865M->776M(1024M) 14,169ms
[351,053s][info][gc] GC(7005) Pause Young (Mixed) (G1 Evacuation Pause) 823M->739M(1024M) 14,297ms
[351,082s][info][gc] GC(7006) Pause Young (Mixed) (G1 Evacuation Pause) 783M->722M(1024M) 10,560ms
[351,158s][info][gc] GC(7007) Pause Young (Normal) (G1 Evacuation Pause) 891M->734M(1024M) 5,090ms
[351,231s][info][gc] GC(7008) Pause Young (Normal) (G1 Evacuation Pause) 892M->747M(1024M) 7,181ms
[351,296s][info][gc] GC(7009) Pause Young (Concurrent Start) (G1 Evacuation Pause) 895M->760M(1024M) 5,637ms
[351,296s][info][gc] GC(7010) Concurrent Mark Cycle
[351,363s][info][gc] GC(7011) Pause Young (Normal) (G1 Evacuation Pause) 896M->770M(1024M) 5,494ms
[351,426s][info][gc] GC(7012) Pause Young (Normal) (G1 Evacuation Pause) 898M->781M(1024M) 5,088ms
[351,485s][info][gc] GC(7013) Pause Young (Normal) (G1 Evacuation Pause) 899M->790M(1024M) 4,785ms
[351,510s][info][gc] GC(7010) Pause Remark 842M->842M(1024M) 0,797ms
[351,539s][info][gc] GC(7014) Pause Young (Normal) (G1 Evacuation Pause) 900M->799M(1024M) 4,860ms
[351,588s][info][gc] GC(7015) Pause Young (Normal) (G1 Evacuation Pause) 902M->808M(1024M) 4,865ms
[351,634s][info][gc] GC(7016) Pause Young (Normal) (G1 Evacuation Pause) 903M->815M(1024M) 4,706ms
[351,665s][info][gc] GC(7010) Pause Cleanup 887M->887M(1024M) 0,351ms
[351,666s][info][gc] GC(7010) Concurrent Mark Cycle 370,523ms
[351,677s][info][gc] GC(7017) Pause Young (Prepare Mixed) (G1 Evacuation Pause) 904M->822M(1024M) 4,385ms
[351,711s][info][gc] GC(7018) Pause Young (Mixed) (G1 Evacuation Pause) 865M->777M(1024M) 15,054ms
[351,747s][info][gc] GC(7019) Pause Young (Mixed) (G1 Evacuation Pause) 824M->740M(1024M) 15,061ms
[351,778s][info][gc] GC(7020) Pause Young (Mixed) (G1 Evacuation Pause) 784M->721M(1024M) 11,484ms
[351,856s][info][gc] GC(7021) Pause Young (Normal) (G1 Evacuation Pause) 891M->733M(1024M) 5,215ms
[351,931s][info][gc] GC(7022) Pause Young (Normal) (G1 Evacuation Pause) 892M->747M(1024M) 6,996ms
[352,001s][info][gc] GC(7023) Pause Young (Concurrent Start) (G1 Evacuation Pause) 895M->759M(1024M) 5,951ms
[352,001s][info][gc] GC(7024) Concurrent Mark Cycle
[352,070s][info][gc] GC(7025) Pause Young (Normal) (G1 Evacuation Pause) 895M->769M(1024M) 5,252ms
[352,135s][info][gc] GC(7026) Pause Young (Normal) (G1 Evacuation Pause) 898M->779M(1024M) 5,180ms
[352,195s][info][gc] GC(7027) Pause Young (Normal) (G1 Evacuation Pause) 898M->789M(1024M) 5,138ms
[352,219s][info][gc] GC(7024) Pause Remark 838M->838M(1024M) 0,776ms
[352,251s][info][gc] GC(7028) Pause Young (Normal) (G1 Evacuation Pause) 900M->797M(1024M) 5,232ms
[352,303s][info][gc] GC(7029) Pause Young (Normal) (G1 Evacuation Pause) 901M->805M(1024M) 5,100ms
[352,350s][info][gc] GC(7030) Pause Young (Normal) (G1 Evacuation Pause) 902M->813M(1024M) 4,912ms
[352,376s][info][gc] GC(7024) Pause Cleanup 873M->873M(1024M) 0,370ms
[352,377s][info][gc] GC(7024) Concurrent Mark Cycle 376,098ms
[352,395s][info][gc] GC(7031) Pause Young (Prepare Mixed) (G1 Evacuation Pause) 904M->821M(1024M) 4,688ms
[352,429s][info][gc] GC(7032) Pause Young (Mixed) (G1 Evacuation Pause) 864M->775M(1024M) 14,360ms
[352,465s][info][gc] GC(7033) Pause Young (Mixed) (G1 Evacuation Pause) 822M->739M(1024M) 14,197ms
[352,495s][info][gc] GC(7034) Pause Young (Mixed) (G1 Evacuation Pause) 783M->720M(1024M) 10,594ms
[352,576s][info][gc] GC(7035) Pause Young (Normal) (G1 Evacuation Pause) 891M->733M(1024M) 4,803ms
[352,652s][info][gc] GC(7036) Pause Young (Normal) (G1 Evacuation Pause) 893M->746M(1024M) 7,496ms
[352,720s][info][gc] GC(7037) Pause Young (Concurrent Start) (G1 Evacuation Pause) 894M->758M(1024M) 5,768ms
[352,720s][info][gc] GC(7038) Concurrent Mark Cycle
[352,789s][info][gc] GC(7039) Pause Young (Normal) (G1 Evacuation Pause) 896M->769M(1024M) 5,459ms
[352,857s][info][gc] GC(7040) Pause Young (Normal) (G1 Evacuation Pause) 898M->779M(1024M) 5,170ms
[352,917s][info][gc] GC(7041) Pause Young (Normal) (G1 Evacuation Pause) 898M->789M(1024M) 4,831ms
[352,940s][info][gc] GC(7038) Pause Remark 836M->836M(1024M) 0,662ms
[352,974s][info][gc] GC(7042) Pause Young (Normal) (G1 Evacuation Pause) 900M->798M(1024M) 4,800ms
[353,024s][info][gc] GC(7043) Pause Young (Normal) (G1 Evacuation Pause) 901M->806M(1024M) 4,757ms
[353,073s][info][gc] GC(7044) Pause Young (Normal) (G1 Evacuation Pause) 903M->814M(1024M) 4,540ms
[353,100s][info][gc] GC(7038) Pause Cleanup 875M->875M(1024M) 0,586ms
[353,102s][info][gc] GC(7038) Concurrent Mark Cycle 381,673ms
[353,118s][info][gc] GC(7045) Pause Young (Prepare Mixed) (G1 Evacuation Pause) 904M->821M(1024M) 4,403ms
[353,151s][info][gc] GC(7046) Pause Young (Mixed) (G1 Evacuation Pause) 864M->776M(1024M) 14,746ms
[353,185s][info][gc] GC(7047) Pause Young (Mixed) (G1 Evacuation Pause) 823M->740M(1024M) 13,986ms
[353,216s][info][gc] GC(7048) Pause Young (Mixed) (G1 Evacuation Pause) 784M->719M(1024M) 10,925ms
[353,293s][info][gc] GC(7049) Pause Young (Normal) (G1 Evacuation Pause) 891M->732M(1024M) 5,326ms
[353,367s][info][gc] GC(7050) Pause Young (Normal) (G1 Evacuation Pause) 893M->745M(1024M) 7,090ms
[353,433s][info][gc] GC(7051) Pause Young (Concurrent Start) (G1 Evacuation Pause) 893M->758M(1024M) 5,689ms
[353,433s][info][gc] GC(7052) Concurrent Mark Cycle
[353,504s][info][gc] GC(7053) Pause Young (Normal) (G1 Evacuation Pause) 896M->770M(1024M) 5,716ms
[353,569s][info][gc] GC(7054) Pause Young (Normal) (G1 Evacuation Pause) 897M->780M(1024M) 4,900ms
[353,629s][info][gc] GC(7055) Pause Young (Normal) (G1 Evacuation Pause) 898M->790M(1024M) 4,804ms
[353,653s][info][gc] GC(7052) Pause Remark 839M->839M(1024M) 0,680ms
[353,685s][info][gc] GC(7056) Pause Young (Normal) (G1 Evacuation Pause) 901M->799M(1024M) 4,863ms
[353,736s][info][gc] GC(7057) Pause Young (Normal) (G1 Evacuation Pause) 901M->807M(1024M) 4,705ms
[353,783s][info][gc] GC(7058) Pause Young (Normal) (G1 Evacuation Pause) 902M->815M(1024M) 4,682ms
[353,813s][info][gc] GC(7052) Pause Cleanup 881M->881M(1024M) 0,321ms
[353,814s][info][gc] GC(7052) Concurrent Mark Cycle 380,706ms
[353,827s][info][gc] GC(7059) Pause Young (Prepare Mixed) (G1 Evacuation Pause) 904M->822M(1024M) 4,320ms
[353,861s][info][gc] GC(7060) Pause Young (Mixed) (G1 Evacuation Pause) 865M->777M(1024M) 14,747ms
[353,896s][info][gc] GC(7061) Pause Young (Mixed) (G1 Evacuation Pause) 824M->741M(1024M) 14,694ms
[353,925s][info][gc] GC(7062) Pause Young (Mixed) (G1 Evacuation Pause) 785M->723M(1024M) 10,697ms
[354,002s][info][gc] GC(7063) Pause Young (Normal) (G1 Evacuation Pause) 891M->736M(1024M) 5,547ms
[354,074s][info][gc] GC(7064) Pause Young (Normal) (G1 Evacuation Pause) 893M->749M(1024M) 7,181ms
[354,140s][info][gc] GC(7065) Pause Young (Concurrent Start) (G1 Evacuation Pause) 895M->760M(1024M) 5,664ms
[354,140s][info][gc] GC(7066) Concurrent Mark Cycle
[354,208s][info][gc] GC(7067) Pause Young (Normal) (G1 Evacuation Pause) 896M->771M(1024M) 5,344ms
[354,271s][info][gc] GC(7068) Pause Young (Normal) (G1 Evacuation Pause) 898M->781M(1024M) 4,954ms
[354,330s][info][gc] GC(7069) Pause Young (Normal) (G1 Evacuation Pause) 898M->791M(1024M) 4,873ms
[354,355s][info][gc] GC(7066) Pause Remark 845M->845M(1024M) 0,824ms
[354,384s][info][gc] GC(7070) Pause Young (Normal) (G1 Evacuation Pause) 901M->800M(1024M) 4,951ms
[354,432s][info][gc] GC(7071) Pause Young (Normal) (G1 Evacuation Pause) 902M->808M(1024M) 4,772ms
[354,477s][info][gc] GC(7072) Pause Young (Normal) (G1 Evacuation Pause) 902M->815M(1024M) 4,622ms
[354,509s][info][gc] GC(7066) Pause Cleanup 888M->888M(1024M) 0,339ms
[354,510s][info][gc] GC(7066) Concurrent Mark Cycle 370,132ms
[354,519s][info][gc] GC(7073) Pause Young (Prepare Mixed) (G1 Evacuation Pause) 903M->822M(1024M) 4,311ms
[354,551s][info][gc] GC(7074) Pause Young (Mixed) (G1 Evacuation Pause) 865M->776M(1024M) 14,072ms
[354,585s][info][gc] GC(7075) Pause Young (Mixed) (G1 Evacuation Pause) 823M->740M(1024M) 14,458ms
[354,615s][info][gc] GC(7076) Pause Young (Mixed) (G1 Evacuation Pause) 784M->719M(1024M) 11,739ms
[354,691s][info][gc] GC(7077) Pause Young (Normal) (G1 Evacuation Pause) 891M->732M(1024M) 5,178ms
[354,763s][info][gc] GC(7078) Pause Young (Normal) (G1 Evacuation Pause) 893M->745M(1024M) 7,193ms
[354,829s][info][gc] GC(7079) Pause Young (Concurrent Start) (G1 Evacuation Pause) 894M->757M(1024M) 5,912ms
[354,829s][info][gc] GC(7080) Concurrent Mark Cycle
[354,897s][info][gc] GC(7081) Pause Young (Normal) (G1 Evacuation Pause) 896M->767M(1024M) 5,396ms
[354,962s][info][gc] GC(7082) Pause Young (Normal) (G1 Evacuation Pause) 897M->778M(1024M) 5,128ms
[355,021s][info][gc] GC(7083) Pause Young (Normal) (G1 Evacuation Pause) 899M->787M(1024M) 4,979ms
[355,042s][info][gc] GC(7080) Pause Remark 831M->831M(1024M) 0,740ms
[355,077s][info][gc] GC(7084) Pause Young (Normal) (G1 Evacuation Pause) 900M->796M(1024M) 5,148ms
[355,126s][info][gc] GC(7085) Pause Young (Normal) (G1 Evacuation Pause) 900M->805M(1024M) 5,055ms
[355,173s][info][gc] GC(7086) Pause Young (Normal) (G1 Evacuation Pause) 903M->813M(1024M) 4,782ms
[355,196s][info][gc] GC(7080) Pause Cleanup 866M->866M(1024M) 0,345ms
[355,197s][info][gc] GC(7080) Concurrent Mark Cycle 367,937ms
[355,216s][info][gc] GC(7087) Pause Young (Prepare Mixed) (G1 Evacuation Pause) 904M->820M(1024M) 4,449ms
[355,249s][info][gc] GC(7088) Pause Young (Mixed) (G1 Evacuation Pause) 863M->775M(1024M) 14,413ms
[355,283s][info][gc] GC(7089) Pause Young (Mixed) (G1 Evacuation Pause) 822M->738M(1024M) 14,382ms
[355,312s][info][gc] GC(7090) Pause Young (Mixed) (G1 Evacuation Pause) 782M->720M(1024M) 10,276ms
[355,389s][info][gc] GC(7091) Pause Young (Normal) (G1 Evacuation Pause) 891M->732M(1024M) 5,169ms
[355,462s][info][gc] GC(7092) Pause Young (Normal) (G1 Evacuation Pause) 892M->746M(1024M) 7,140ms
[355,526s][info][gc] GC(7093) Pause Young (Concurrent Start) (G1 Evacuation Pause) 894M->758M(1024M) 5,741ms
[355,526s][info][gc] GC(7094) Concurrent Mark Cycle
[355,594s][info][gc] GC(7095) Pause Young (Normal) (G1 Evacuation Pause) 896M->769M(1024M) 5,355ms
[355,657s][info][gc] GC(7096) Pause Young (Normal) (G1 Evacuation Pause) 897M->779M(1024M) 5,134ms
[355,716s][info][gc] GC(7097) Pause Young (Normal) (G1 Evacuation Pause) 899M->789M(1024M) 4,888ms
[355,739s][info][gc] GC(7094) Pause Remark 837M->837M(1024M) 0,700ms
[355,771s][info][gc] GC(7098) Pause Young (Normal) (G1 Evacuation Pause) 900M->797M(1024M) 5,135ms
[355,820s][info][gc] GC(7099) Pause Young (Normal) (G1 Evacuation Pause) 901M->806M(1024M) 4,957ms
[355,866s][info][gc] GC(7100) Pause Young (Normal) (G1 Evacuation Pause) 903M->813M(1024M) 4,739ms
[355,893s][info][gc] GC(7094) Pause Cleanup 877M->877M(1024M) 0,349ms
[355,895s][info][gc] GC(7094) Concurrent Mark Cycle 368,228ms
[355,910s][info][gc] GC(7101) Pause Young (Prepare Mixed) (G1 Evacuation Pause) 904M->821M(1024M) 4,402ms
[355,942s][info][gc] GC(7102) Pause Young (Mixed) (G1 Evacuation Pause) 864M->776M(1024M) 14,260ms
[355,976s][info][gc] GC(7103) Pause Young (Mixed) (G1 Evacuation Pause) 823M->738M(1024M) 14,314ms
[356,006s][info][gc] GC(7104) Pause Young (Mixed) (G1 Evacuation Pause) 782M->720M(1024M) 10,834ms
[356,081s][info][gc] GC(7105) Pause Young (Normal) (G1 Evacuation Pause) 891M->732M(1024M) 5,192ms
[356,152s][info][gc] GC(7106) Pause Young (Normal) (G1 Evacuation Pause) 892M->746M(1024M) 7,160ms
[356,217s][info][gc] GC(7107) Pause Young (Concurrent Start) (G1 Evacuation Pause) 894M->757M(1024M) 5,683ms
[356,217s][info][gc] GC(7108) Concurrent Mark Cycle
[356,285s][info][gc] GC(7109) Pause Young (Normal) (G1 Evacuation Pause) 896M->768M(1024M) 5,469ms
[356,349s][info][gc] GC(7110) Pause Young (Normal) (G1 Evacuation Pause) 897M->778M(1024M) 5,110ms
[356,409s][info][gc] GC(7111) Pause Young (Normal) (G1 Evacuation Pause) 899M->788M(1024M) 4,879ms
[356,430s][info][gc] GC(7108) Pause Remark 835M->835M(1024M) 0,837ms
[356,463s][info][gc] GC(7112) Pause Young (Normal) (G1 Evacuation Pause) 900M->797M(1024M) 4,992ms
[356,578s][info][gc] GC(7108) Pause Cleanup 803M->803M(1024M) 0,318ms
[356,579s][info][gc] GC(7108) Concurrent Mark Cycle 362,428ms
