[0,156s][info][gc] GC(0) Pause Young (Normal) (G1 Evacuation Pause) 29M->8M(516M) 2,065ms
[0,213s][info][gc] GC(1) Pause Young (Normal) (G1 Evacuation Pause) 62M->12M(516M) 2,761ms
[0,316s][info][gc] GC(2) Pause Young (Normal) (G1 Evacuation Pause) 156M->23M(516M) 5,831ms
[0,389s][info][gc] GC(3) Pause Young (Normal) (G1 Evacuation Pause) 161M->33M(516M) 11,650ms
[0,489s][info][gc] GC(4) Pause Young (Normal) (G1 Evacuation Pause) 223M->47M(516M) 7,709ms
[0,608s][info][gc] GC(5) Pause Young (Normal) (G1 Evacuation Pause) 279M->64M(954M) 12,820ms
[0,836s][info][gc] GC(6) Pause Young (Normal) (G1 Evacuation Pause) 358M->85M(954M) 14,317ms
[1,026s][info][gc] GC(7) Pause Young (Normal) (G1 Evacuation Pause) 455M->110M(954M) 16,226ms
[1,260s][info][gc] GC(8) Pause Young (Normal) (G1 Evacuation Pause) 604M->146M(954M) 21,191ms
[1,504s][info][gc] GC(9) Pause Young (Normal) (G1 Evacuation Pause) 654M->179M(1368M) 22,116ms
[1,970s][info][gc] GC(10) Pause Young (Normal) (G1 Evacuation Pause) 927M->227M(1368M) 25,785ms
[2,298s][info][gc] GC(11) Pause Young (Normal) (G1 Evacuation Pause) 959M->274M(1368M) 31,534ms
[2,626s][info][gc] GC(12) Pause Young (Normal) (G1 Evacuation Pause) 1038M->325M(1368M) 21,528ms
[2,944s][info][gc] GC(13) Pause Young (Normal) (G1 Evacuation Pause) 1041M->369M(1548M) 29,507ms
[3,367s][info][gc] GC(14) Pause Young (Normal) (G1 Evacuation Pause) 1231M->422M(1548M) 22,673ms
[3,725s][info][gc] GC(15) Pause Young (Normal) (G1 Evacuation Pause) 1242M->473M(1548M) 30,352ms
[4,063s][info][gc] GC(16) Pause Young (Normal) (G1 Evacuation Pause) 1261M->527M(1548M) 22,425ms
[4,386s][info][gc] GC(17) Pause Young (Normal) (G1 Evacuation Pause) 1271M->572M(1548M) 21,483ms
[4,690s][info][gc] GC(18) Pause Young (Normal) (G1 Evacuation Pause) 1278M->626M(1676M) 20,961ms
[5,055s][info][gc] GC(19) Pause Young (Normal) (G1 Evacuation Pause) 1386M->676M(1676M) 20,823ms
[5,369s][info][gc] GC(20) Pause Young (Normal) (G1 Evacuation Pause) 1392M->719M(1676M) 28,216ms
[5,660s][info][gc] GC(21) Pause Young (Normal) (G1 Evacuation Pause) 1399M->769M(1676M) 19,862ms
[5,933s][info][gc] GC(22) Pause Young (Normal) (G1 Evacuation Pause) 1405M->819M(1676M) 18,973ms
[6,187s][info][gc] GC(23) Pause Young (Concurrent Start) (G1 Evacuation Pause) 1409M->859M(1774M) 17,959ms
[6,187s][info][gc] GC(24) Concurrent Mark Cycle
[6,345s][info][gc] GC(24) Pause Remark 1103M->1103M(1844M) 0,784ms
[6,469s][info][gc] GC(24) Pause Cleanup 1332M->1332M(1844M) 0,310ms
[6,474s][info][gc] GC(24) Concurrent Mark Cycle 286,896ms
[6,550s][info][gc] GC(25) Pause Young (Prepare Mixed) (G1 Evacuation Pause) 1487M->899M(1844M) 18,251ms
[6,577s][info][gc] GC(26) Pause Young (Mixed) (G1 Evacuation Pause) 905M->763M(1844M) 24,174ms
[6,625s][info][gc] GC(27) Pause Young (Mixed) (G1 Evacuation Pause) 845M->645M(1844M) 15,519ms
[6,668s][info][gc] GC(28) Pause Young (Mixed) (G1 Evacuation Pause) 729M->627M(1844M) 8,188ms
[7,048s][info][gc] GC(29) Pause Young (Normal) (G1 Evacuation Pause) 1517M->689M(2746M) 18,997ms
[7,951s][info][gc] GC(30) Pause Young (Normal) (G1 Evacuation Pause) 2153M->776M(2746M) 34,080ms
[8,583s][info][gc] GC(31) Pause Young (Normal) (G1 Evacuation Pause) 2180M->848M(2746M) 46,352ms
[9,175s][info][gc] GC(32) Pause Young (Normal) (G1 Evacuation Pause) 2210M->914M(2746M) 48,250ms
[9,750s][info][gc] GC(33) Pause Young (Normal) (G1 Evacuation Pause) 2236M->985M(2746M) 46,488ms
[10,317s][info][gc] GC(34) Pause Young (Normal) (G1 Evacuation Pause) 2261M->1050M(2746M) 45,885ms
[10,856s][info][gc] GC(35) Pause Young (Normal) (G1 Evacuation Pause) 2280M->1119M(2746M) 44,297ms
[11,366s][info][gc] GC(36) Pause Young (Normal) (G1 Evacuation Pause) 2289M->1179M(2800M) 42,774ms
[11,888s][info][gc] GC(37) Pause Young (Normal) (G1 Evacuation Pause) 2339M->1242M(2800M) 41,902ms
[12,369s][info][gc] GC(38) Pause Young (Normal) (G1 Evacuation Pause) 2348M->1305M(2800M) 40,473ms
[12,827s][info][gc] GC(39) Pause Young (Normal) (G1 Evacuation Pause) 2355M->1363M(2800M) 39,206ms
[13,263s][info][gc] GC(40) Pause Young (Normal) (G1 Evacuation Pause) 2361M->1423M(2852M) 37,478ms
[13,714s][info][gc] GC(41) Pause Young (Concurrent Start) (G1 Evacuation Pause) 2411M->1478M(2852M) 36,624ms
[13,715s][info][gc] GC(42) Concurrent Mark Cycle
[13,892s][info][gc] GC(42) Pause Remark 1829M->1829M(3058M) 1,302ms
[14,031s][info][gc] GC(42) Pause Cleanup 2003M->2003M(3058M) 0,443ms
[14,037s][info][gc] GC(42) Concurrent Mark Cycle 322,946ms
[14,238s][info][gc] GC(43) Pause Young (Prepare Mixed) (G1 Evacuation Pause) 2400M->1534M(3058M) 35,823ms
[14,290s][info][gc] GC(44) Pause Young (Mixed) (G1 Evacuation Pause) 1618M->1259M(3058M) 18,434ms
[14,360s][info][gc] GC(45) Pause Young (Mixed) (G1 Evacuation Pause) 1401M->1004M(3058M) 12,533ms
[14,432s][info][gc] GC(46) Pause Young (Mixed) (G1 Evacuation Pause) 1136M->817M(3274M) 19,113ms
[15,274s][info][gc] GC(47) Pause Young (Normal) (G1 Evacuation Pause) 2669M->935M(3274M) 30,096ms
[16,007s][info][gc] GC(48) Pause Young (Normal) (G1 Evacuation Pause) 2657M->1030M(3274M) 45,429ms
[16,709s][info][gc] GC(49) Pause Young (Normal) (G1 Evacuation Pause) 2680M->1123M(3274M) 42,203ms
[17,379s][info][gc] GC(50) Pause Young (Normal) (G1 Evacuation Pause) 2699M->1210M(3274M) 40,481ms
[18,018s][info][gc] GC(51) Pause Young (Normal) (G1 Evacuation Pause) 2716M->1302M(3274M) 38,775ms
[18,625s][info][gc] GC(52) Pause Young (Normal) (G1 Evacuation Pause) 2728M->1382M(3274M) 37,416ms
[19,201s][info][gc] GC(53) Pause Young (Normal) (G1 Evacuation Pause) 2738M->1464M(3274M) 35,535ms
[19,751s][info][gc] GC(54) Pause Young (Normal) (G1 Evacuation Pause) 2748M->1545M(3274M) 34,311ms
[20,272s][info][gc] GC(55) Pause Young (Normal) (G1 Evacuation Pause) 2759M->1616M(3274M) 32,610ms
[20,765s][info][gc] GC(56) Pause Young (Concurrent Start) (G1 Evacuation Pause) 2768M->1689M(3274M) 30,977ms
[20,765s][info][gc] GC(57) Concurrent Mark Cycle
[20,961s][info][gc] GC(57) Pause Remark 2069M->2069M(3454M) 1,134ms
[21,123s][info][gc] GC(57) Pause Cleanup 2284M->2284M(3454M) 0,458ms
[21,128s][info][gc] GC(57) Concurrent Mark Cycle 362,897ms
[21,344s][info][gc] GC(58) Pause Young (Prepare Mixed) (G1 Evacuation Pause) 2761M->1755M(3454M) 30,051ms
[21,403s][info][gc] GC(59) Pause Young (Mixed) (G1 Evacuation Pause) 1851M->1440M(3454M) 19,843ms
[21,481s][info][gc] GC(60) Pause Young (Mixed) (G1 Evacuation Pause) 1602M->1147M(3454M) 13,393ms
[21,561s][info][gc] GC(61) Pause Young (Mixed) (G1 Evacuation Pause) 1297M->883M(3454M) 20,146ms
[21,633s][info][gc] GC(62) Pause Young (Mixed) (G1 Evacuation Pause) 1041M->874M(3610M) 8,187ms
[22,553s][info][gc] GC(63) Pause Young (Normal) (G1 Evacuation Pause) 2940M->1004M(3610M) 34,834ms
[23,385s][info][gc] GC(64) Pause Young (Normal) (G1 Evacuation Pause) 2948M->1102M(3610M) 50,801ms
[24,184s][info][gc] GC(65) Pause Young (Normal) (G1 Evacuation Pause) 2968M->1202M(3610M) 46,671ms
[24,942s][info][gc] GC(66) Pause Young (Normal) (G1 Evacuation Pause) 2982M->1301M(3610M) 44,740ms
[25,664s][info][gc] GC(67) Pause Young (Normal) (G1 Evacuation Pause) 2995M->1393M(3610M) 43,204ms
[26,351s][info][gc] GC(68) Pause Young (Normal) (G1 Evacuation Pause) 3007M->1485M(3610M) 41,091ms
[27,010s][info][gc] GC(69) Pause Young (Normal) (G1 Evacuation Pause) 3015M->1576M(3610M) 39,477ms
[27,636s][info][gc] GC(70) Pause Young (Normal) (G1 Evacuation Pause) 3028M->1658M(3610M) 37,835ms
[28,223s][info][gc] GC(71) Pause Young (Normal) (G1 Evacuation Pause) 3038M->1741M(3610M) 36,437ms
[28,780s][info][gc] GC(72) Pause Young (Normal) (G1 Evacuation Pause) 3047M->1826M(3610M) 34,624ms
[29,305s][info][gc] GC(73) Pause Young (Normal) (G1 Evacuation Pause) 3058M->1899M(3610M) 33,280ms
[29,802s][info][gc] GC(74) Pause Young (Normal) (G1 Evacuation Pause) 3065M->1973M(3610M) 31,546ms
[30,273s][info][gc] GC(75) Pause Young (Normal) (G1 Evacuation Pause) 3075M->2040M(3610M) 30,074ms
[30,718s][info][gc] GC(76) Pause Young (Normal) (G1 Evacuation Pause) 3084M->2112M(3610M) 28,536ms
[31,140s][info][gc] GC(77) Pause Young (Normal) (G1 Evacuation Pause) 3094M->2175M(3610M) 27,293ms
[31,541s][info][gc] GC(78) Pause Young (Normal) (G1 Evacuation Pause) 3103M->2238M(3610M) 26,141ms
[31,913s][info][gc] GC(79) Pause Young (Normal) (G1 Evacuation Pause) 3110M->2296M(3610M) 24,465ms
[32,266s][info][gc] GC(80) Pause Young (Normal) (G1 Evacuation Pause) 3116M->2357M(3610M) 23,370ms
[32,595s][info][gc] GC(81) Pause Young (Normal) (G1 Evacuation Pause) 3125M->2405M(3610M) 22,030ms
[32,905s][info][gc] GC(82) Pause Young (Normal) (G1 Evacuation Pause) 3131M->2456M(3610M) 20,999ms
[33,198s][info][gc] GC(83) Pause Young (Normal) (G1 Evacuation Pause) 3138M->2508M(3610M) 19,862ms
[33,470s][info][gc] GC(84) Pause Young (Normal) (G1 Evacuation Pause) 3144M->2554M(3610M) 18,821ms
[33,726s][info][gc] GC(85) Pause Young (Normal) (G1 Evacuation Pause) 3150M->2594M(3610M) 17,825ms
[33,968s][info][gc] GC(86) Pause Young (Normal) (G1 Evacuation Pause) 3156M->2635M(3610M) 16,881ms
[34,194s][info][gc] GC(87) Pause Young (Normal) (G1 Evacuation Pause) 3161M->2672M(3610M) 16,077ms
[34,411s][info][gc] GC(88) Pause Young (Normal) (G1 Evacuation Pause) 3166M->2709M(3610M) 15,004ms
[34,609s][info][gc] GC(89) Pause Young (Normal) (G1 Evacuation Pause) 3169M->2744M(3610M) 14,188ms
[34,794s][info][gc] GC(90) Pause Young (Normal) (G1 Evacuation Pause) 3174M->2775M(3610M) 13,592ms
[34,968s][info][gc] GC(91) Pause Young (Normal) (G1 Evacuation Pause) 3179M->2805M(3610M) 12,845ms
[35,131s][info][gc] GC(92) Pause Young (Normal) (G1 Evacuation Pause) 3183M->2833M(3610M) 12,033ms
[35,283s][info][gc] GC(93) Pause Young (Normal) (G1 Evacuation Pause) 3185M->2861M(3610M) 11,454ms
[35,426s][info][gc] GC(94) Pause Young (Normal) (G1 Evacuation Pause) 3191M->2886M(3610M) 10,832ms
[35,561s][info][gc] GC(95) Pause Young (Normal) (G1 Evacuation Pause) 3194M->2910M(3610M) 10,168ms
[35,687s][info][gc] GC(96) Pause Young (Normal) (G1 Evacuation Pause) 3198M->2931M(3610M) 9,670ms
[35,804s][info][gc] GC(97) Pause Young (Normal) (G1 Evacuation Pause) 3199M->2952M(3610M) 9,196ms
[35,913s][info][gc] GC(98) Pause Young (Normal) (G1 Evacuation Pause) 3202M->2971M(3610M) 8,743ms
[36,016s][info][gc] GC(99) Pause Young (Normal) (G1 Evacuation Pause) 3207M->2990M(3610M) 8,206ms
[36,115s][info][gc] GC(100) Pause Young (Normal) (G1 Evacuation Pause) 3208M->3006M(3610M) 8,021ms
[36,208s][info][gc] GC(101) Pause Young (Normal) (G1 Evacuation Pause) 3210M->3022M(3630M) 7,500ms
[36,306s][info][gc] GC(102) Pause Young (Normal) (G1 Evacuation Pause) 3226M->3038M(3630M) 7,299ms
[36,393s][info][gc] GC(103) Pause Young (Normal) (G1 Evacuation Pause) 3228M->3052M(3630M) 7,047ms
[36,474s][info][gc] GC(104) Pause Young (Normal) (G1 Evacuation Pause) 3232M->3067M(3630M) 6,762ms
[36,548s][info][gc] GC(105) Pause Young (Normal) (G1 Evacuation Pause) 3233M->3080M(3630M) 6,496ms
[36,623s][info][gc] GC(106) Pause Young (Normal) (G1 Evacuation Pause) 3246M->3093M(3650M) 6,456ms
[36,705s][info][gc] GC(107) Pause Young (Normal) (G1 Evacuation Pause) 3261M->3104M(3650M) 6,189ms
[36,778s][info][gc] GC(108) Pause Young (Normal) (G1 Evacuation Pause) 3262M->3116M(3650M) 8,245ms
[36,849s][info][gc] GC(109) Pause Young (Normal) (G1 Evacuation Pause) 3274M->3129M(3650M) 7,991ms
[36,921s][info][gc] GC(110) Pause Young (Normal) (G1 Evacuation Pause) 3287M->3141M(3650M) 7,948ms
[36,993s][info][gc] GC(111) Pause Young (Normal) (G1 Evacuation Pause) 3299M->3153M(3684M) 8,079ms
[37,077s][info][gc] GC(112) Pause Young (Normal) (G1 Evacuation Pause) 3313M->3165M(3684M) 7,961ms
[37,149s][info][gc] GC(113) Pause Young (Normal) (G1 Evacuation Pause) 3325M->3177M(3684M) 7,990ms
[37,221s][info][gc] GC(114) Pause Young (Normal) (G1 Evacuation Pause) 3337M->3189M(3684M) 8,152ms
[37,294s][info][gc] GC(115) Pause Young (Normal) (G1 Evacuation Pause) 3349M->3201M(3718M) 8,249ms
[37,378s][info][gc] GC(116) Pause Young (Normal) (G1 Evacuation Pause) 3361M->3213M(3718M) 8,162ms
[37,450s][info][gc] GC(117) Pause Young (Concurrent Start) (G1 Evacuation Pause) 3373M->3225M(3718M) 8,045ms
[37,450s][info][gc] GC(118) Concurrent Mark Cycle
[37,539s][info][gc] GC(119) Pause Young (Normal) (G1 Evacuation Pause) 3385M->3237M(3718M) 8,358ms
[37,636s][info][gc] GC(120) Pause Young (Normal) (G1 Evacuation Pause) 3397M->3250M(3744M) 8,665ms
[37,708s][info][gc] GC(118) Pause Remark 3360M->3358M(4096M) 1,717ms
[37,762s][info][gc] GC(121) Pause Young (Normal) (G1 Evacuation Pause) 3410M->3260M(4096M) 10,070ms
[37,902s][info][gc] GC(118) Pause Cleanup 3462M->3462M(4096M) 0,625ms
[37,908s][info][gc] GC(118) Concurrent Mark Cycle 457,110ms
[38,021s][info][gc] GC(122) Pause Young (Prepare Mixed) (G1 Evacuation Pause) 3622M->3286M(4096M) 11,508ms
[38,096s][info][gc] GC(123) Pause Young (Mixed) (G1 Evacuation Pause) 3440M->2890M(4096M) 12,848ms
[38,195s][info][gc] GC(124) Pause Young (Mixed) (G1 Evacuation Pause) 3078M->2497M(4096M) 9,582ms
[38,306s][info][gc] GC(125) Pause Young (Mixed) (G1 Evacuation Pause) 2675M->2109M(4096M) 10,593ms
[38,397s][info][gc] GC(126) Pause Young (Mixed) (G1 Evacuation Pause) 2297M->1728M(4096M) 10,473ms
[38,488s][info][gc] GC(127) Pause Young (Mixed) (G1 Evacuation Pause) 1906M->1367M(4096M) 15,602ms
[38,586s][info][gc] GC(128) Pause Young (Mixed) (G1 Evacuation Pause) 1555M->1039M(4096M) 20,140ms
[38,674s][info][gc] GC(129) Pause Young (Mixed) (G1 Evacuation Pause) 1217M->928M(4096M) 17,600ms
[39,660s][info][gc] GC(130) Pause Young (Normal) (G1 Evacuation Pause) 3306M->1074M(4096M) 38,056ms
[40,612s][info][gc] GC(131) Pause Young (Normal) (G1 Evacuation Pause) 3316M->1183M(4096M) 56,256ms
[41,543s][info][gc] GC(132) Pause Young (Normal) (G1 Evacuation Pause) 3345M->1262M(4096M) 68,223ms
[42,447s][info][gc] GC(133) Pause Young (Concurrent Start) (G1 Evacuation Pause) 3364M->1346M(4096M) 66,267ms
[42,447s][info][gc] GC(134) Concurrent Mark Cycle
[42,593s][info][gc] GC(134) Pause Remark 1643M->1643M(4096M) 0,578ms
[42,694s][info][gc] GC(134) Pause Cleanup 1861M->1861M(4096M) 0,394ms
[42,699s][info][gc] GC(134) Concurrent Mark Cycle 252,001ms
[43,364s][info][gc] GC(135) Pause Young (Prepare Mixed) (G1 Evacuation Pause) 3378M->1426M(4096M) 64,514ms
[43,417s][info][gc] GC(136) Pause Young (Mixed) (G1 Evacuation Pause) 1430M->1070M(4096M) 50,884ms
[43,508s][info][gc] GC(137) Pause Young (Mixed) (G1 Evacuation Pause) 1264M->889M(4096M) 13,914ms
[44,523s][info][gc] GC(138) Pause Young (Normal) (G1 Evacuation Pause) 3325M->1036M(4096M) 38,656ms
[45,496s][info][gc] GC(139) Pause Young (Normal) (G1 Evacuation Pause) 3324M->1146M(4096M) 57,402ms
[46,440s][info][gc] GC(140) Pause Young (Normal) (G1 Evacuation Pause) 3334M->1224M(4096M) 69,080ms
[47,368s][info][gc] GC(141) Pause Young (Concurrent Start) (G1 Evacuation Pause) 3372M->1304M(4096M) 66,329ms
[47,368s][info][gc] GC(142) Concurrent Mark Cycle
[47,511s][info][gc] GC(142) Pause Remark 1596M->1596M(4096M) 0,640ms
[47,612s][info][gc] GC(142) Pause Cleanup 1817M->1817M(4096M) 0,428ms
[47,617s][info][gc] GC(142) Concurrent Mark Cycle 248,896ms
[48,311s][info][gc] GC(143) Pause Young (Prepare Mixed) (G1 Evacuation Pause) 3380M->1386M(4096M) 65,490ms
[48,363s][info][gc] GC(144) Pause Young (Mixed) (G1 Evacuation Pause) 1390M->1022M(4096M) 49,533ms
[48,454s][info][gc] GC(145) Pause Young (Mixed) (G1 Evacuation Pause) 1216M->887M(4096M) 12,986ms
[49,467s][info][gc] GC(146) Pause Young (Normal) (G1 Evacuation Pause) 3323M->1034M(4096M) 38,806ms
[50,437s][info][gc] GC(147) Pause Young (Normal) (G1 Evacuation Pause) 3322M->1143M(4096M) 57,361ms
[51,386s][info][gc] GC(148) Pause Young (Normal) (G1 Evacuation Pause) 3333M->1222M(4096M) 68,432ms
[52,313s][info][gc] GC(149) Pause Young (Concurrent Start) (G1 Evacuation Pause) 3374M->1305M(4096M) 66,917ms
[52,313s][info][gc] GC(150) Concurrent Mark Cycle
[52,455s][info][gc] GC(150) Pause Remark 1595M->1595M(4096M) 0,715ms
[52,554s][info][gc] GC(150) Pause Cleanup 1818M->1818M(4096M) 0,390ms
[52,558s][info][gc] GC(150) Concurrent Mark Cycle 245,697ms
[53,245s][info][gc] GC(151) Pause Young (Prepare Mixed) (G1 Evacuation Pause) 3383M->1386M(4096M) 65,905ms
[53,296s][info][gc] GC(152) Pause Young (Mixed) (G1 Evacuation Pause) 1390M->1026M(4096M) 49,332ms
[53,387s][info][gc] GC(153) Pause Young (Mixed) (G1 Evacuation Pause) 1220M->892M(4096M) 13,199ms
[54,404s][info][gc] GC(154) Pause Young (Normal) (G1 Evacuation Pause) 3328M->1039M(4096M) 38,791ms
[55,379s][info][gc] GC(155) Pause Young (Normal) (G1 Evacuation Pause) 3327M->1147M(4096M) 57,525ms
[56,323s][info][gc] GC(156) Pause Young (Normal) (G1 Evacuation Pause) 3337M->1226M(4096M) 68,407ms
[57,249s][info][gc] GC(157) Pause Young (Concurrent Start) (G1 Evacuation Pause) 3374M->1309M(4096M) 66,550ms
[57,249s][info][gc] GC(158) Concurrent Mark Cycle
[57,393s][info][gc] GC(158) Pause Remark 1601M->1601M(4096M) 0,567ms
[57,493s][info][gc] GC(158) Pause Cleanup 1823M->1823M(4096M) 0,385ms
[57,498s][info][gc] GC(158) Concurrent Mark Cycle 248,742ms
[58,192s][info][gc] GC(159) Pause Young (Prepare Mixed) (G1 Evacuation Pause) 3383M->1393M(4096M) 65,926ms
[58,244s][info][gc] GC(160) Pause Young (Mixed) (G1 Evacuation Pause) 1397M->1027M(4096M) 49,542ms
[58,336s][info][gc] GC(161) Pause Young (Mixed) (G1 Evacuation Pause) 1221M->888M(4096M) 13,361ms
[59,364s][info][gc] GC(162) Pause Young (Normal) (G1 Evacuation Pause) 3324M->1035M(4096M) 38,710ms
[60,342s][info][gc] GC(163) Pause Young (Normal) (G1 Evacuation Pause) 3323M->1145M(4096M) 58,218ms
[61,285s][info][gc] GC(164) Pause Young (Normal) (G1 Evacuation Pause) 3333M->1224M(4096M) 68,748ms
[62,211s][info][gc] GC(165) Pause Young (Concurrent Start) (G1 Evacuation Pause) 3374M->1304M(4096M) 67,126ms
[62,211s][info][gc] GC(166) Concurrent Mark Cycle
[62,353s][info][gc] GC(166) Pause Remark 1596M->1596M(4096M) 0,610ms
[62,452s][info][gc] GC(166) Pause Cleanup 1818M->1818M(4096M) 0,447ms
[62,457s][info][gc] GC(166) Concurrent Mark Cycle 245,669ms
[63,146s][info][gc] GC(167) Pause Young (Prepare Mixed) (G1 Evacuation Pause) 3384M->1386M(4096M) 65,411ms
[63,198s][info][gc] GC(168) Pause Young (Mixed) (G1 Evacuation Pause) 1390M->1021M(4096M) 49,708ms
[63,288s][info][gc] GC(169) Pause Young (Mixed) (G1 Evacuation Pause) 1215M->886M(4096M) 12,921ms
[64,301s][info][gc] GC(170) Pause Young (Normal) (G1 Evacuation Pause) 3320M->1031M(4096M) 38,814ms
[65,272s][info][gc] GC(171) Pause Young (Normal) (G1 Evacuation Pause) 3321M->1141M(4096M) 57,299ms
[66,214s][info][gc] GC(172) Pause Young (Normal) (G1 Evacuation Pause) 3331M->1221M(4096M) 68,681ms
[67,141s][info][gc] GC(173) Pause Young (Concurrent Start) (G1 Evacuation Pause) 3373M->1306M(4096M) 67,004ms
[67,142s][info][gc] GC(174) Concurrent Mark Cycle
[67,286s][info][gc] GC(174) Pause Remark 1597M->1597M(4096M) 0,629ms
[67,386s][info][gc] GC(174) Pause Cleanup 1820M->1820M(4096M) 0,484ms
[67,391s][info][gc] GC(174) Concurrent Mark Cycle 249,288ms
[68,079s][info][gc] GC(175) Pause Young (Prepare Mixed) (G1 Evacuation Pause) 3384M->1386M(4096M) 65,676ms
[68,130s][info][gc] GC(176) Pause Young (Mixed) (G1 Evacuation Pause) 1390M->1025M(4096M) 49,837ms
[68,248s][info][gc] GC(177) Pause Young (Mixed) (G1 Evacuation Pause) 1219M->892M(4096M) 12,645ms
[69,257s][info][gc] GC(178) Pause Young (Normal) (G1 Evacuation Pause) 3326M->1037M(4096M) 38,846ms
[70,229s][info][gc] GC(179) Pause Young (Normal) (G1 Evacuation Pause) 3327M->1148M(4096M) 56,895ms
[71,172s][info][gc] GC(180) Pause Young (Normal) (G1 Evacuation Pause) 3336M->1226M(4096M) 68,487ms
[72,108s][info][gc] GC(181) Pause Young (Concurrent Start) (G1 Evacuation Pause) 3374M->1306M(4096M) 66,824ms
[72,108s][info][gc] GC(182) Concurrent Mark Cycle
[72,252s][info][gc] GC(182) Pause Remark 1597M->1597M(4096M) 0,679ms
[72,352s][info][gc] GC(182) Pause Cleanup 1822M->1822M(4096M) 0,360ms
[72,357s][info][gc] GC(182) Concurrent Mark Cycle 248,527ms
[73,044s][info][gc] GC(183) Pause Young (Prepare Mixed) (G1 Evacuation Pause) 3384M->1390M(4096M) 65,530ms
[73,095s][info][gc] GC(184) Pause Young (Mixed) (G1 Evacuation Pause) 1394M->1025M(4096M) 49,990ms
[73,187s][info][gc] GC(185) Pause Young (Mixed) (G1 Evacuation Pause) 1219M->888M(4096M) 13,771ms
[74,202s][info][gc] GC(186) Pause Young (Normal) (G1 Evacuation Pause) 3324M->1035M(4096M) 38,712ms
[75,180s][info][gc] GC(187) Pause Young (Normal) (G1 Evacuation Pause) 3323M->1143M(4096M) 57,531ms
[76,123s][info][gc] GC(188) Pause Young (Normal) (G1 Evacuation Pause) 3333M->1222M(4096M) 68,865ms
[77,049s][info][gc] GC(189) Pause Young (Concurrent Start) (G1 Evacuation Pause) 3374M->1304M(4096M) 66,487ms
[77,049s][info][gc] GC(190) Concurrent Mark Cycle
[77,192s][info][gc] GC(190) Pause Remark 1596M->1596M(4096M) 0,663ms
[77,295s][info][gc] GC(190) Pause Cleanup 1822M->1822M(4096M) 0,414ms
[77,299s][info][gc] GC(190) Concurrent Mark Cycle 250,390ms
[77,984s][info][gc] GC(191) Pause Young (Prepare Mixed) (G1 Evacuation Pause) 3384M->1389M(4096M) 65,513ms
[78,036s][info][gc] GC(192) Pause Young (Mixed) (G1 Evacuation Pause) 1393M->1025M(4096M) 49,792ms
[78,127s][info][gc] GC(193) Pause Young (Mixed) (G1 Evacuation Pause) 1219M->889M(4096M) 13,140ms
[79,138s][info][gc] GC(194) Pause Young (Normal) (G1 Evacuation Pause) 3323M->1035M(4096M) 39,184ms
[80,113s][info][gc] GC(195) Pause Young (Normal) (G1 Evacuation Pause) 3323M->1144M(4096M) 56,723ms
[81,058s][info][gc] GC(196) Pause Young (Normal) (G1 Evacuation Pause) 3334M->1222M(4096M) 68,195ms
[81,988s][info][gc] GC(197) Pause Young (Concurrent Start) (G1 Evacuation Pause) 3374M->1308M(4096M) 67,277ms
[81,988s][info][gc] GC(198) Concurrent Mark Cycle
[82,130s][info][gc] GC(198) Pause Remark 1598M->1598M(4096M) 0,611ms
[82,229s][info][gc] GC(198) Pause Cleanup 1822M->1822M(4096M) 0,544ms
[82,233s][info][gc] GC(198) Concurrent Mark Cycle 245,481ms
[82,919s][info][gc] GC(199) Pause Young (Prepare Mixed) (G1 Evacuation Pause) 3384M->1391M(4096M) 65,180ms
[82,970s][info][gc] GC(200) Pause Young (Mixed) (G1 Evacuation Pause) 1395M->1026M(4096M) 49,658ms
[83,061s][info][gc] GC(201) Pause Young (Mixed) (G1 Evacuation Pause) 1220M->888M(4096M) 13,053ms
[84,080s][info][gc] GC(202) Pause Young (Normal) (G1 Evacuation Pause) 3324M->1034M(4096M) 38,846ms
[85,060s][info][gc] GC(203) Pause Young (Normal) (G1 Evacuation Pause) 3324M->1144M(4096M) 57,533ms
[86,009s][info][gc] GC(204) Pause Young (Normal) (G1 Evacuation Pause) 3334M->1223M(4096M) 68,393ms
[86,936s][info][gc] GC(205) Pause Young (Concurrent Start) (G1 Evacuation Pause) 3375M->1306M(4096M) 67,132ms
[86,936s][info][gc] GC(206) Concurrent Mark Cycle
[87,080s][info][gc] GC(206) Pause Remark 1598M->1598M(4096M) 0,632ms
[87,191s][info][gc] GC(206) Pause Cleanup 1825M->1825M(4096M) 0,356ms
[87,196s][info][gc] GC(206) Concurrent Mark Cycle 260,039ms
[87,892s][info][gc] GC(207) Pause Young (Prepare Mixed) (G1 Evacuation Pause) 3384M->1391M(4096M) 65,597ms
[87,944s][info][gc] GC(208) Pause Young (Mixed) (G1 Evacuation Pause) 1395M->1025M(4096M) 49,486ms
[88,034s][info][gc] GC(209) Pause Young (Mixed) (G1 Evacuation Pause) 1219M->889M(4096M) 12,977ms
[89,056s][info][gc] GC(210) Pause Young (Normal) (G1 Evacuation Pause) 3325M->1035M(4096M) 38,772ms
[90,033s][info][gc] GC(211) Pause Young (Normal) (G1 Evacuation Pause) 3325M->1144M(4096M) 57,608ms
[90,987s][info][gc] GC(212) Pause Young (Normal) (G1 Evacuation Pause) 3334M->1224M(4096M) 68,469ms
[91,915s][info][gc] GC(213) Pause Young (Concurrent Start) (G1 Evacuation Pause) 3374M->1308M(4096M) 67,443ms
[91,915s][info][gc] GC(214) Concurrent Mark Cycle
[92,058s][info][gc] GC(214) Pause Remark 1599M->1599M(4096M) 0,656ms
[92,157s][info][gc] GC(214) Pause Cleanup 1822M->1822M(4096M) 0,409ms
[92,162s][info][gc] GC(214) Concurrent Mark Cycle 246,523ms
[92,855s][info][gc] GC(215) Pause Young (Prepare Mixed) (G1 Evacuation Pause) 3384M->1389M(4096M) 65,627ms
[92,907s][info][gc] GC(216) Pause Young (Mixed) (G1 Evacuation Pause) 1393M->1024M(4096M) 49,860ms
[92,998s][info][gc] GC(217) Pause Young (Mixed) (G1 Evacuation Pause) 1218M->888M(4096M) 12,741ms
[94,012s][info][gc] GC(218) Pause Young (Normal) (G1 Evacuation Pause) 3324M->1035M(4096M) 38,737ms
[94,990s][info][gc] GC(219) Pause Young (Normal) (G1 Evacuation Pause) 3323M->1144M(4096M) 56,503ms
[95,935s][info][gc] GC(220) Pause Young (Normal) (G1 Evacuation Pause) 3334M->1222M(4096M) 68,314ms
[96,863s][info][gc] GC(221) Pause Young (Concurrent Start) (G1 Evacuation Pause) 3374M->1305M(4096M) 66,795ms
[96,863s][info][gc] GC(222) Concurrent Mark Cycle
[97,006s][info][gc] GC(222) Pause Remark 1596M->1596M(4096M) 0,678ms
[97,106s][info][gc] GC(222) Pause Cleanup 1818M->1818M(4096M) 0,372ms
[97,111s][info][gc] GC(222) Concurrent Mark Cycle 248,205ms
[97,801s][info][gc] GC(223) Pause Young (Prepare Mixed) (G1 Evacuation Pause) 3383M->1389M(4096M) 65,501ms
[97,852s][info][gc] GC(224) Pause Young (Mixed) (G1 Evacuation Pause) 1393M->1025M(4096M) 49,764ms
[97,943s][info][gc] GC(225) Pause Young (Mixed) (G1 Evacuation Pause) 1219M->889M(4096M) 12,918ms
[98,983s][info][gc] GC(226) Pause Young (Normal) (G1 Evacuation Pause) 3325M->1036M(4096M) 38,689ms
[99,956s][info][gc] GC(227) Pause Young (Normal) (G1 Evacuation Pause) 3324M->1145M(4096M) 57,498ms
[100,901s][info][gc] GC(228) Pause Young (Normal) (G1 Evacuation Pause) 3335M->1223M(4096M) 68,358ms
[101,826s][info][gc] GC(229) Pause Young (Concurrent Start) (G1 Evacuation Pause) 3373M->1307M(4096M) 66,626ms
[101,826s][info][gc] GC(230) Concurrent Mark Cycle
[101,970s][info][gc] GC(230) Pause Remark 1598M->1598M(4096M) 0,624ms
[102,069s][info][gc] GC(230) Pause Cleanup 1822M->1822M(4096M) 0,428ms
[102,074s][info][gc] GC(230) Concurrent Mark Cycle 247,768ms
[102,760s][info][gc] GC(231) Pause Young (Prepare Mixed) (G1 Evacuation Pause) 3383M->1391M(4096M) 65,769ms
[102,811s][info][gc] GC(232) Pause Young (Mixed) (G1 Evacuation Pause) 1395M->1026M(4096M) 49,281ms
[102,902s][info][gc] GC(233) Pause Young (Mixed) (G1 Evacuation Pause) 1220M->888M(4096M) 12,650ms
[103,919s][info][gc] GC(234) Pause Young (Normal) (G1 Evacuation Pause) 3324M->1035M(4096M) 38,812ms
[104,896s][info][gc] GC(235) Pause Young (Normal) (G1 Evacuation Pause) 3323M->1145M(4096M) 57,601ms
[105,844s][info][gc] GC(236) Pause Young (Normal) (G1 Evacuation Pause) 3333M->1223M(4096M) 69,609ms
[106,779s][info][gc] GC(237) Pause Young (Concurrent Start) (G1 Evacuation Pause) 3373M->1305M(4096M) 66,824ms
[106,779s][info][gc] GC(238) Concurrent Mark Cycle
[106,926s][info][gc] GC(238) Pause Remark 1596M->1596M(4096M) 0,687ms
[107,026s][info][gc] GC(238) Pause Cleanup 1819M->1819M(4096M) 0,369ms
[107,031s][info][gc] GC(238) Concurrent Mark Cycle 251,739ms
[107,718s][info][gc] GC(239) Pause Young (Prepare Mixed) (G1 Evacuation Pause) 3385M->1385M(4096M) 65,360ms
[107,771s][info][gc] GC(240) Pause Young (Mixed) (G1 Evacuation Pause) 1389M->1023M(4096M) 51,827ms
[107,864s][info][gc] GC(241) Pause Young (Mixed) (G1 Evacuation Pause) 1217M->888M(4096M) 13,358ms
[108,881s][info][gc] GC(242) Pause Young (Normal) (G1 Evacuation Pause) 3322M->1034M(4096M) 38,544ms
[109,857s][info][gc] GC(243) Pause Young (Normal) (G1 Evacuation Pause) 3322M->1143M(4096M) 57,053ms
[110,802s][info][gc] GC(244) Pause Young (Normal) (G1 Evacuation Pause) 3333M->1223M(4096M) 68,342ms
[111,729s][info][gc] GC(245) Pause Young (Concurrent Start) (G1 Evacuation Pause) 3375M->1305M(4096M) 66,366ms
[111,730s][info][gc] GC(246) Concurrent Mark Cycle
[111,873s][info][gc] GC(246) Pause Remark 1596M->1596M(4096M) 0,631ms
[111,972s][info][gc] GC(246) Pause Cleanup 1818M->1818M(4096M) 0,406ms
[111,977s][info][gc] GC(246) Concurrent Mark Cycle 247,298ms
[112,665s][info][gc] GC(247) Pause Young (Prepare Mixed) (G1 Evacuation Pause) 3383M->1389M(4096M) 65,229ms
[112,717s][info][gc] GC(248) Pause Young (Mixed) (G1 Evacuation Pause) 1393M->1024M(4096M) 49,625ms
[112,809s][info][gc] GC(249) Pause Young (Mixed) (G1 Evacuation Pause) 1218M->887M(4096M) 13,037ms
[113,824s][info][gc] GC(250) Pause Young (Normal) (G1 Evacuation Pause) 3323M->1034M(4096M) 38,636ms
[114,797s][info][gc] GC(251) Pause Young (Normal) (G1 Evacuation Pause) 3322M->1144M(4096M) 56,719ms
[115,740s][info][gc] GC(252) Pause Young (Normal) (G1 Evacuation Pause) 3334M->1224M(4096M) 67,747ms
[116,666s][info][gc] GC(253) Pause Young (Concurrent Start) (G1 Evacuation Pause) 3374M->1304M(4096M) 66,089ms
[116,666s][info][gc] GC(254) Concurrent Mark Cycle
[116,811s][info][gc] GC(254) Pause Remark 1596M->1596M(4096M) 0,622ms
[116,912s][info][gc] GC(254) Pause Cleanup 1818M->1818M(4096M) 0,368ms
[116,917s][info][gc] GC(254) Concurrent Mark Cycle 250,670ms
[117,610s][info][gc] GC(255) Pause Young (Prepare Mixed) (G1 Evacuation Pause) 3384M->1389M(4096M) 65,480ms
[117,660s][info][gc] GC(256) Pause Young (Mixed) (G1 Evacuation Pause) 1393M->1023M(4096M) 49,055ms
[117,751s][info][gc] GC(257) Pause Young (Mixed) (G1 Evacuation Pause) 1217M->886M(4096M) 13,199ms
[118,765s][info][gc] GC(258) Pause Young (Normal) (G1 Evacuation Pause) 3322M->1033M(4096M) 39,499ms
[119,735s][info][gc] GC(259) Pause Young (Normal) (G1 Evacuation Pause) 3321M->1141M(4096M) 57,966ms
[120,677s][info][gc] GC(260) Pause Young (Normal) (G1 Evacuation Pause) 3331M->1222M(4096M) 69,750ms
[121,603s][info][gc] GC(261) Pause Young (Concurrent Start) (G1 Evacuation Pause) 3374M->1302M(4096M) 66,605ms
[121,603s][info][gc] GC(262) Concurrent Mark Cycle
[121,746s][info][gc] GC(262) Pause Remark 1594M->1594M(4096M) 0,589ms
[121,846s][info][gc] GC(262) Pause Cleanup 1819M->1819M(4096M) 0,367ms
[121,851s][info][gc] GC(262) Concurrent Mark Cycle 247,357ms
[122,537s][info][gc] GC(263) Pause Young (Prepare Mixed) (G1 Evacuation Pause) 3384M->1384M(4096M) 65,575ms
[122,589s][info][gc] GC(264) Pause Young (Mixed) (G1 Evacuation Pause) 1388M->1021M(4096M) 49,735ms
[122,679s][info][gc] GC(265) Pause Young (Mixed) (G1 Evacuation Pause) 1215M->889M(4096M) 12,789ms
[123,690s][info][gc] GC(266) Pause Young (Normal) (G1 Evacuation Pause) 3323M->1034M(4096M) 38,964ms
[124,664s][info][gc] GC(267) Pause Young (Normal) (G1 Evacuation Pause) 3324M->1142M(4096M) 57,088ms
[125,606s][info][gc] GC(268) Pause Young (Normal) (G1 Evacuation Pause) 3334M->1222M(4096M) 68,369ms
[126,529s][info][gc] GC(269) Pause Young (Concurrent Start) (G1 Evacuation Pause) 3374M->1308M(4096M) 66,941ms
[126,529s][info][gc] GC(270) Concurrent Mark Cycle
[126,672s][info][gc] GC(270) Pause Remark 1599M->1599M(4096M) 0,675ms
[126,772s][info][gc] GC(270) Pause Cleanup 1822M->1822M(4096M) 0,525ms
[126,777s][info][gc] GC(270) Concurrent Mark Cycle 247,451ms
[127,465s][info][gc] GC(271) Pause Young (Prepare Mixed) (G1 Evacuation Pause) 3384M->1388M(4096M) 65,749ms
[127,516s][info][gc] GC(272) Pause Young (Mixed) (G1 Evacuation Pause) 1392M->1023M(4096M) 49,243ms
[127,608s][info][gc] GC(273) Pause Young (Mixed) (G1 Evacuation Pause) 1217M->887M(4096M) 13,099ms
[128,647s][info][gc] GC(274) Pause Young (Normal) (G1 Evacuation Pause) 3323M->1034M(4096M) 38,693ms
[129,615s][info][gc] GC(275) Pause Young (Normal) (G1 Evacuation Pause) 3322M->1143M(4096M) 57,498ms
[130,555s][info][gc] GC(276) Pause Young (Normal) (G1 Evacuation Pause) 3333M->1222M(4096M) 68,368ms
[131,478s][info][gc] GC(277) Pause Young (Concurrent Start) (G1 Evacuation Pause) 3374M->1305M(4096M) 66,439ms
[131,478s][info][gc] GC(278) Concurrent Mark Cycle
[131,620s][info][gc] GC(278) Pause Remark 1596M->1596M(4096M) 0,589ms
[131,720s][info][gc] GC(278) Pause Cleanup 1821M->1821M(4096M) 0,420ms
[131,724s][info][gc] GC(278) Concurrent Mark Cycle 246,313ms
[132,408s][info][gc] GC(279) Pause Young (Prepare Mixed) (G1 Evacuation Pause) 3385M->1387M(4096M) 65,209ms
[132,459s][info][gc] GC(280) Pause Young (Mixed) (G1 Evacuation Pause) 1391M->1024M(4096M) 49,206ms
[132,551s][info][gc] GC(281) Pause Young (Mixed) (G1 Evacuation Pause) 1218M->888M(4096M) 12,692ms
[133,566s][info][gc] GC(282) Pause Young (Normal) (G1 Evacuation Pause) 3324M->1035M(4096M) 38,594ms
[134,538s][info][gc] GC(283) Pause Young (Normal) (G1 Evacuation Pause) 3323M->1144M(4096M) 57,500ms
[135,478s][info][gc] GC(284) Pause Young (Normal) (G1 Evacuation Pause) 3334M->1224M(4096M) 68,350ms
[136,497s][info][gc] GC(285) Pause Young (Concurrent Start) (G1 Evacuation Pause) 3374M->1307M(4096M) 66,694ms
[136,497s][info][gc] GC(286) Concurrent Mark Cycle
[136,640s][info][gc] GC(286) Pause Remark 1599M->1599M(4096M) 0,736ms
[136,741s][info][gc] GC(286) Pause Cleanup 1823M->1823M(4096M) 0,495ms
[136,745s][info][gc] GC(286) Concurrent Mark Cycle 247,899ms
[137,429s][info][gc] GC(287) Pause Young (Prepare Mixed) (G1 Evacuation Pause) 3385M->1388M(4096M) 65,290ms
[137,480s][info][gc] GC(288) Pause Young (Mixed) (G1 Evacuation Pause) 1392M->1024M(4096M) 49,685ms
[137,571s][info][gc] GC(289) Pause Young (Mixed) (G1 Evacuation Pause) 1218M->887M(4096M) 13,164ms
[138,586s][info][gc] GC(290) Pause Young (Normal) (G1 Evacuation Pause) 3323M->1034M(4096M) 38,643ms
[139,557s][info][gc] GC(291) Pause Young (Normal) (G1 Evacuation Pause) 3322M->1142M(4096M) 56,958ms
[140,499s][info][gc] GC(292) Pause Young (Normal) (G1 Evacuation Pause) 3332M->1220M(4096M) 68,263ms
[141,436s][info][gc] GC(293) Pause Young (Concurrent Start) (G1 Evacuation Pause) 3374M->1305M(4096M) 66,715ms
[141,436s][info][gc] GC(294) Concurrent Mark Cycle
[141,578s][info][gc] GC(294) Pause Remark 1595M->1595M(4096M) 0,656ms
[141,678s][info][gc] GC(294) Pause Cleanup 1820M->1820M(4096M) 0,415ms
[141,683s][info][gc] GC(294) Concurrent Mark Cycle 246,184ms
[142,375s][info][gc] GC(295) Pause Young (Prepare Mixed) (G1 Evacuation Pause) 3383M->1390M(4096M) 65,329ms
[142,426s][info][gc] GC(296) Pause Young (Mixed) (G1 Evacuation Pause) 1394M->1026M(4096M) 49,541ms
[142,518s][info][gc] GC(297) Pause Young (Mixed) (G1 Evacuation Pause) 1220M->889M(4096M) 13,168ms
[143,541s][info][gc] GC(298) Pause Young (Normal) (G1 Evacuation Pause) 3325M->1036M(4096M) 38,744ms
[144,530s][info][gc] GC(299) Pause Young (Normal) (G1 Evacuation Pause) 3324M->1146M(4096M) 57,886ms
[145,475s][info][gc] GC(300) Pause Young (Normal) (G1 Evacuation Pause) 3334M->1225M(4096M) 68,225ms
[146,402s][info][gc] GC(301) Pause Young (Concurrent Start) (G1 Evacuation Pause) 3375M->1306M(4096M) 66,404ms
[146,402s][info][gc] GC(302) Concurrent Mark Cycle
[146,546s][info][gc] GC(302) Pause Remark 1597M->1597M(4096M) 0,583ms
[146,646s][info][gc] GC(302) Pause Cleanup 1819M->1819M(4096M) 0,398ms
[146,650s][info][gc] GC(302) Concurrent Mark Cycle 248,305ms
[147,348s][info][gc] GC(303) Pause Young (Prepare Mixed) (G1 Evacuation Pause) 3384M->1388M(4096M) 65,525ms
[147,400s][info][gc] GC(304) Pause Young (Mixed) (G1 Evacuation Pause) 1392M->1023M(4096M) 49,774ms
[147,491s][info][gc] GC(305) Pause Young (Mixed) (G1 Evacuation Pause) 1217M->887M(4096M) 13,100ms
[148,507s][info][gc] GC(306) Pause Young (Normal) (G1 Evacuation Pause) 3323M->1033M(4096M) 38,757ms
[149,486s][info][gc] GC(307) Pause Young (Normal) (G1 Evacuation Pause) 3323M->1143M(4096M) 57,149ms
[150,432s][info][gc] GC(308) Pause Young (Normal) (G1 Evacuation Pause) 3333M->1224M(4096M) 68,642ms
[151,359s][info][gc] GC(309) Pause Young (Concurrent Start) (G1 Evacuation Pause) 3374M->1307M(4096M) 67,125ms
[151,359s][info][gc] GC(310) Concurrent Mark Cycle
[151,502s][info][gc] GC(310) Pause Remark 1597M->1597M(4096M) 0,657ms
[151,601s][info][gc] GC(310) Pause Cleanup 1821M->1821M(4096M) 0,371ms
[151,606s][info][gc] GC(310) Concurrent Mark Cycle 246,741ms
[152,296s][info][gc] GC(311) Pause Young (Prepare Mixed) (G1 Evacuation Pause) 3383M->1388M(4096M) 65,255ms
[152,347s][info][gc] GC(312) Pause Young (Mixed) (G1 Evacuation Pause) 1392M->1024M(4096M) 49,730ms
[152,438s][info][gc] GC(313) Pause Young (Mixed) (G1 Evacuation Pause) 1218M->889M(4096M) 12,818ms
[153,451s][info][gc] GC(314) Pause Young (Normal) (G1 Evacuation Pause) 3325M->1036M(4096M) 38,788ms
[154,429s][info][gc] GC(315) Pause Young (Normal) (G1 Evacuation Pause) 3324M->1144M(4096M) 56,449ms
[155,373s][info][gc] GC(316) Pause Young (Normal) (G1 Evacuation Pause) 3334M->1223M(4096M) 68,469ms
[156,307s][info][gc] GC(317) Pause Young (Concurrent Start) (G1 Evacuation Pause) 3373M->1307M(4096M) 74,431ms
[156,307s][info][gc] GC(318) Concurrent Mark Cycle
[156,456s][info][gc] GC(318) Pause Remark 1597M->1597M(4096M) 0,635ms
[156,557s][info][gc] GC(318) Pause Cleanup 1809M->1809M(4096M) 0,372ms
[156,561s][info][gc] GC(318) Concurrent Mark Cycle 253,990ms
[157,254s][info][gc] GC(319) Pause Young (Prepare Mixed) (G1 Evacuation Pause) 3383M->1389M(4096M) 65,270ms
[157,306s][info][gc] GC(320) Pause Young (Mixed) (G1 Evacuation Pause) 1393M->1027M(4096M) 50,059ms
[157,397s][info][gc] GC(321) Pause Young (Mixed) (G1 Evacuation Pause) 1221M->890M(4096M) 12,580ms
[158,435s][info][gc] GC(322) Pause Young (Normal) (G1 Evacuation Pause) 3326M->1037M(4096M) 38,995ms
[159,410s][info][gc] GC(323) Pause Young (Normal) (G1 Evacuation Pause) 3325M->1146M(4096M) 57,128ms
[160,355s][info][gc] GC(324) Pause Young (Normal) (G1 Evacuation Pause) 3336M->1225M(4096M) 68,355ms
[161,280s][info][gc] GC(325) Pause Young (Concurrent Start) (G1 Evacuation Pause) 3375M->1307M(4096M) 66,331ms
[161,280s][info][gc] GC(326) Concurrent Mark Cycle
[161,425s][info][gc] GC(326) Pause Remark 1599M->1599M(4096M) 0,654ms
[161,524s][info][gc] GC(326) Pause Cleanup 1824M->1824M(4096M) 0,455ms
[161,529s][info][gc] GC(326) Concurrent Mark Cycle 248,760ms
[162,214s][info][gc] GC(327) Pause Young (Prepare Mixed) (G1 Evacuation Pause) 3385M->1390M(4096M) 65,435ms
[162,266s][info][gc] GC(328) Pause Young (Mixed) (G1 Evacuation Pause) 1394M->1024M(4096M) 49,546ms
[162,357s][info][gc] GC(329) Pause Young (Mixed) (G1 Evacuation Pause) 1218M->889M(4096M) 13,318ms
[163,367s][info][gc] GC(330) Pause Young (Normal) (G1 Evacuation Pause) 3323M->1035M(4096M) 38,586ms
[164,339s][info][gc] GC(331) Pause Young (Normal) (G1 Evacuation Pause) 3323M->1143M(4096M) 56,707ms
[165,283s][info][gc] GC(332) Pause Young (Normal) (G1 Evacuation Pause) 3333M->1222M(4096M) 68,391ms
[166,209s][info][gc] GC(333) Pause Young (Concurrent Start) (G1 Evacuation Pause) 3374M->1304M(4096M) 66,455ms
[166,209s][info][gc] GC(334) Concurrent Mark Cycle
[166,351s][info][gc] GC(334) Pause Remark 1595M->1595M(4096M) 0,755ms
[166,451s][info][gc] GC(334) Pause Cleanup 1817M->1817M(4096M) 0,405ms
[166,455s][info][gc] GC(334) Concurrent Mark Cycle 246,506ms
[167,149s][info][gc] GC(335) Pause Young (Prepare Mixed) (G1 Evacuation Pause) 3384M->1385M(4096M) 65,711ms
[167,200s][info][gc] GC(336) Pause Young (Mixed) (G1 Evacuation Pause) 1389M->1022M(4096M) 49,512ms
[167,291s][info][gc] GC(337) Pause Young (Mixed) (G1 Evacuation Pause) 1216M->886M(4096M) 12,802ms
[168,308s][info][gc] GC(338) Pause Young (Normal) (G1 Evacuation Pause) 3322M->1033M(4096M) 38,778ms
[169,279s][info][gc] GC(339) Pause Young (Normal) (G1 Evacuation Pause) 3321M->1142M(4096M) 56,794ms
[170,224s][info][gc] GC(340) Pause Young (Normal) (G1 Evacuation Pause) 3332M->1221M(4096M) 68,518ms
[171,151s][info][gc] GC(341) Pause Young (Concurrent Start) (G1 Evacuation Pause) 3375M->1303M(4096M) 66,840ms
[171,151s][info][gc] GC(342) Concurrent Mark Cycle
[171,293s][info][gc] GC(342) Pause Remark 1595M->1595M(4096M) 0,606ms
[171,393s][info][gc] GC(342) Pause Cleanup 1820M->1820M(4096M) 0,455ms
[171,397s][info][gc] GC(342) Concurrent Mark Cycle 245,979ms
[172,085s][info][gc] GC(343) Pause Young (Prepare Mixed) (G1 Evacuation Pause) 3385M->1387M(4096M) 66,496ms
[172,136s][info][gc] GC(344) Pause Young (Mixed) (G1 Evacuation Pause) 1391M->1023M(4096M) 49,687ms
[172,227s][info][gc] GC(345) Pause Young (Mixed) (G1 Evacuation Pause) 1217M->890M(4096M) 12,845ms
[173,237s][info][gc] GC(346) Pause Young (Normal) (G1 Evacuation Pause) 3324M->1036M(4096M) 38,956ms
[174,213s][info][gc] GC(347) Pause Young (Normal) (G1 Evacuation Pause) 3324M->1146M(4096M) 57,376ms
[175,160s][info][gc] GC(348) Pause Young (Normal) (G1 Evacuation Pause) 3336M->1225M(4096M) 68,518ms
[176,086s][info][gc] GC(349) Pause Young (Concurrent Start) (G1 Evacuation Pause) 3375M->1308M(4096M) 66,879ms
[176,086s][info][gc] GC(350) Concurrent Mark Cycle
[176,229s][info][gc] GC(350) Pause Remark 1599M->1599M(4096M) 0,645ms
[176,330s][info][gc] GC(350) Pause Cleanup 1820M->1820M(4096M) 0,452ms
[176,335s][info][gc] GC(350) Concurrent Mark Cycle 249,285ms
[177,033s][info][gc] GC(351) Pause Young (Prepare Mixed) (G1 Evacuation Pause) 3384M->1390M(4096M) 65,997ms
[177,085s][info][gc] GC(352) Pause Young (Mixed) (G1 Evacuation Pause) 1394M->1025M(4096M) 49,990ms
[177,176s][info][gc] GC(353) Pause Young (Mixed) (G1 Evacuation Pause) 1219M->886M(4096M) 13,380ms
[178,188s][info][gc] GC(354) Pause Young (Normal) (G1 Evacuation Pause) 3322M->1033M(4096M) 38,913ms
[179,161s][info][gc] GC(355) Pause Young (Normal) (G1 Evacuation Pause) 3321M->1141M(4096M) 57,564ms
[180,107s][info][gc] GC(356) Pause Young (Normal) (G1 Evacuation Pause) 3331M->1221M(4096M) 68,326ms
[181,036s][info][gc] GC(357) Pause Young (Concurrent Start) (G1 Evacuation Pause) 3375M->1305M(4096M) 67,761ms
[181,036s][info][gc] GC(358) Concurrent Mark Cycle
[181,179s][info][gc] GC(358) Pause Remark 1597M->1597M(4096M) 0,781ms
[181,279s][info][gc] GC(358) Pause Cleanup 1822M->1822M(4096M) 0,440ms
[181,283s][info][gc] GC(358) Concurrent Mark Cycle 247,821ms
[181,976s][info][gc] GC(359) Pause Young (Prepare Mixed) (G1 Evacuation Pause) 3385M->1387M(4096M) 65,514ms
[182,027s][info][gc] GC(360) Pause Young (Mixed) (G1 Evacuation Pause) 1391M->1024M(4096M) 49,813ms
[182,119s][info][gc] GC(361) Pause Young (Mixed) (G1 Evacuation Pause) 1218M->890M(4096M) 12,934ms
[183,133s][info][gc] GC(362) Pause Young (Normal) (G1 Evacuation Pause) 3326M->1037M(4096M) 38,740ms
[184,106s][info][gc] GC(363) Pause Young (Normal) (G1 Evacuation Pause) 3325M->1148M(4096M) 56,990ms
[185,053s][info][gc] GC(364) Pause Young (Normal) (G1 Evacuation Pause) 3336M->1225M(4096M) 68,504ms
[185,980s][info][gc] GC(365) Pause Young (Concurrent Start) (G1 Evacuation Pause) 3375M->1306M(4096M) 66,431ms
[185,980s][info][gc] GC(366) Concurrent Mark Cycle
[186,123s][info][gc] GC(366) Pause Remark 1596M->1596M(4096M) 0,654ms
[186,223s][info][gc] GC(366) Pause Cleanup 1820M->1820M(4096M) 0,395ms
[186,227s][info][gc] GC(366) Concurrent Mark Cycle 247,442ms
[186,924s][info][gc] GC(367) Pause Young (Prepare Mixed) (G1 Evacuation Pause) 3384M->1390M(4096M) 74,628ms
[186,976s][info][gc] GC(368) Pause Young (Mixed) (G1 Evacuation Pause) 1394M->1024M(4096M) 50,119ms
[187,068s][info][gc] GC(369) Pause Young (Mixed) (G1 Evacuation Pause) 1218M->888M(4096M) 12,971ms
[188,081s][info][gc] GC(370) Pause Young (Normal) (G1 Evacuation Pause) 3324M->1035M(4096M) 38,788ms
[189,079s][info][gc] GC(371) Pause Young (Normal) (G1 Evacuation Pause) 3323M->1144M(4096M) 57,453ms
[190,023s][info][gc] GC(372) Pause Young (Normal) (G1 Evacuation Pause) 3334M->1222M(4096M) 68,193ms
[190,948s][info][gc] GC(373) Pause Young (Concurrent Start) (G1 Evacuation Pause) 3374M->1307M(4096M) 66,456ms
[190,948s][info][gc] GC(374) Concurrent Mark Cycle
[191,090s][info][gc] GC(374) Pause Remark 1597M->1597M(4096M) 0,667ms
[191,194s][info][gc] GC(374) Pause Cleanup 1828M->1828M(4096M) 0,356ms
[191,198s][info][gc] GC(374) Concurrent Mark Cycle 250,173ms
[191,897s][info][gc] GC(375) Pause Young (Prepare Mixed) (G1 Evacuation Pause) 3385M->1390M(4096M) 66,675ms
[191,949s][info][gc] GC(376) Pause Young (Mixed) (G1 Evacuation Pause) 1394M->1027M(4096M) 50,760ms
[192,040s][info][gc] GC(377) Pause Young (Mixed) (G1 Evacuation Pause) 1221M->892M(4096M) 12,983ms
[193,055s][info][gc] GC(378) Pause Young (Normal) (G1 Evacuation Pause) 3328M->1038M(4096M) 38,967ms
[194,027s][info][gc] GC(379) Pause Young (Normal) (G1 Evacuation Pause) 3328M->1149M(4096M) 57,297ms
[194,969s][info][gc] GC(380) Pause Young (Normal) (G1 Evacuation Pause) 3337M->1227M(4096M) 68,525ms
[195,893s][info][gc] GC(381) Pause Young (Concurrent Start) (G1 Evacuation Pause) 3375M->1312M(4096M) 66,547ms
[195,893s][info][gc] GC(382) Concurrent Mark Cycle
[196,035s][info][gc] GC(382) Pause Remark 1603M->1603M(4096M) 0,656ms
[196,136s][info][gc] GC(382) Pause Cleanup 1826M->1826M(4096M) 0,402ms
[196,140s][info][gc] GC(382) Concurrent Mark Cycle 247,244ms
[196,825s][info][gc] GC(383) Pause Young (Prepare Mixed) (G1 Evacuation Pause) 3384M->1394M(4096M) 65,855ms
[196,878s][info][gc] GC(384) Pause Young (Mixed) (G1 Evacuation Pause) 1398M->1029M(4096M) 50,810ms
[196,972s][info][gc] GC(385) Pause Young (Mixed) (G1 Evacuation Pause) 1223M->891M(4096M) 12,855ms
[198,080s][info][gc] GC(386) Pause Young (Normal) (G1 Evacuation Pause) 3327M->1037M(4096M) 38,869ms
[199,053s][info][gc] GC(387) Pause Young (Normal) (G1 Evacuation Pause) 3327M->1148M(4096M) 57,679ms
[199,995s][info][gc] GC(388) Pause Young (Normal) (G1 Evacuation Pause) 3338M->1227M(4096M) 68,175ms
[200,922s][info][gc] GC(389) Pause Young (Concurrent Start) (G1 Evacuation Pause) 3375M->1309M(4096M) 66,720ms
[200,923s][info][gc] GC(390) Concurrent Mark Cycle
[201,065s][info][gc] GC(390) Pause Remark 1600M->1600M(4096M) 0,688ms
[201,164s][info][gc] GC(390) Pause Cleanup 1822M->1822M(4096M) 0,490ms
[201,168s][info][gc] GC(390) Concurrent Mark Cycle 245,883ms
[201,855s][info][gc] GC(391) Pause Young (Prepare Mixed) (G1 Evacuation Pause) 3383M->1393M(4096M) 66,062ms
[201,906s][info][gc] GC(392) Pause Young (Mixed) (G1 Evacuation Pause) 1397M->1028M(4096M) 49,442ms
[201,997s][info][gc] GC(393) Pause Young (Mixed) (G1 Evacuation Pause) 1222M->888M(4096M) 12,884ms
[203,015s][info][gc] GC(394) Pause Young (Normal) (G1 Evacuation Pause) 3324M->1034M(4096M) 38,627ms
[203,997s][info][gc] GC(395) Pause Young (Normal) (G1 Evacuation Pause) 3324M->1145M(4096M) 57,022ms
[204,954s][info][gc] GC(396) Pause Young (Normal) (G1 Evacuation Pause) 3333M->1222M(4096M) 69,813ms
[205,885s][info][gc] GC(397) Pause Young (Concurrent Start) (G1 Evacuation Pause) 3374M->1305M(4096M) 66,490ms
[205,885s][info][gc] GC(398) Concurrent Mark Cycle
[206,028s][info][gc] GC(398) Pause Remark 1596M->1596M(4096M) 0,690ms
[206,127s][info][gc] GC(398) Pause Cleanup 1820M->1820M(4096M) 0,398ms
[206,132s][info][gc] GC(398) Concurrent Mark Cycle 246,164ms
[206,818s][info][gc] GC(399) Pause Young (Prepare Mixed) (G1 Evacuation Pause) 3385M->1388M(4096M) 65,814ms
[206,869s][info][gc] GC(400) Pause Young (Mixed) (G1 Evacuation Pause) 1392M->1022M(4096M) 49,530ms
[206,960s][info][gc] GC(401) Pause Young (Mixed) (G1 Evacuation Pause) 1216M->885M(4096M) 12,909ms
[207,977s][info][gc] GC(402) Pause Young (Normal) (G1 Evacuation Pause) 3321M->1032M(4096M) 38,773ms
[208,951s][info][gc] GC(403) Pause Young (Normal) (G1 Evacuation Pause) 3320M->1141M(4096M) 56,628ms
[209,896s][info][gc] GC(404) Pause Young (Normal) (G1 Evacuation Pause) 3331M->1219M(4096M) 68,111ms
[210,822s][info][gc] GC(405) Pause Young (Concurrent Start) (G1 Evacuation Pause) 3373M->1304M(4096M) 66,865ms
[210,822s][info][gc] GC(406) Concurrent Mark Cycle
[210,965s][info][gc] GC(406) Pause Remark 1595M->1595M(4096M) 0,666ms
[211,064s][info][gc] GC(406) Pause Cleanup 1818M->1818M(4096M) 0,429ms
[211,068s][info][gc] GC(406) Concurrent Mark Cycle 245,958ms
[211,765s][info][gc] GC(407) Pause Young (Prepare Mixed) (G1 Evacuation Pause) 3384M->1386M(4096M) 65,487ms
[211,816s][info][gc] GC(408) Pause Young (Mixed) (G1 Evacuation Pause) 1390M->1023M(4096M) 49,875ms
[211,910s][info][gc] GC(409) Pause Young (Mixed) (G1 Evacuation Pause) 1217M->889M(4096M) 12,620ms
[212,926s][info][gc] GC(410) Pause Young (Normal) (G1 Evacuation Pause) 3325M->1036M(4096M) 38,777ms
[213,903s][info][gc] GC(411) Pause Young (Normal) (G1 Evacuation Pause) 3324M->1145M(4096M) 58,106ms
[214,849s][info][gc] GC(412) Pause Young (Normal) (G1 Evacuation Pause) 3335M->1223M(4096M) 68,488ms
[215,774s][info][gc] GC(413) Pause Young (Concurrent Start) (G1 Evacuation Pause) 3375M->1306M(4096M) 66,604ms
[215,774s][info][gc] GC(414) Concurrent Mark Cycle
[215,916s][info][gc] GC(414) Pause Remark 1597M->1597M(4096M) 0,623ms
[216,017s][info][gc] GC(414) Pause Cleanup 1819M->1819M(4096M) 0,391ms
[216,021s][info][gc] GC(414) Concurrent Mark Cycle 247,046ms
[216,708s][info][gc] GC(415) Pause Young (Prepare Mixed) (G1 Evacuation Pause) 3384M->1388M(4096M) 65,403ms
[216,760s][info][gc] GC(416) Pause Young (Mixed) (G1 Evacuation Pause) 1392M->1023M(4096M) 49,700ms
[216,851s][info][gc] GC(417) Pause Young (Mixed) (G1 Evacuation Pause) 1217M->885M(4096M) 12,977ms
[217,862s][info][gc] GC(418) Pause Young (Normal) (G1 Evacuation Pause) 3321M->1032M(4096M) 38,860ms
[218,860s][info][gc] GC(419) Pause Young (Normal) (G1 Evacuation Pause) 3320M->1142M(4096M) 57,171ms
[219,802s][info][gc] GC(420) Pause Young (Normal) (G1 Evacuation Pause) 3330M->1219M(4096M) 68,328ms
[220,732s][info][gc] GC(421) Pause Young (Concurrent Start) (G1 Evacuation Pause) 3373M->1302M(4096M) 66,557ms
[220,732s][info][gc] GC(422) Concurrent Mark Cycle
[220,874s][info][gc] GC(422) Pause Remark 1593M->1593M(4096M) 0,635ms
[220,974s][info][gc] GC(422) Pause Cleanup 1817M->1817M(4096M) 0,441ms
[220,979s][info][gc] GC(422) Concurrent Mark Cycle 246,348ms
[221,667s][info][gc] GC(423) Pause Young (Prepare Mixed) (G1 Evacuation Pause) 3384M->1384M(4096M) 65,469ms
[221,718s][info][gc] GC(424) Pause Young (Mixed) (G1 Evacuation Pause) 1388M->1023M(4096M) 49,235ms
[221,808s][info][gc] GC(425) Pause Young (Mixed) (G1 Evacuation Pause) 1217M->890M(4096M) 12,746ms
[222,826s][info][gc] GC(426) Pause Young (Normal) (G1 Evacuation Pause) 3326M->1037M(4096M) 38,888ms
[223,797s][info][gc] GC(427) Pause Young (Normal) (G1 Evacuation Pause) 3325M->1145M(4096M) 57,138ms
[224,743s][info][gc] GC(428) Pause Young (Normal) (G1 Evacuation Pause) 3335M->1224M(4096M) 68,584ms
[225,668s][info][gc] GC(429) Pause Young (Concurrent Start) (G1 Evacuation Pause) 3374M->1306M(4096M) 66,930ms
[225,668s][info][gc] GC(430) Concurrent Mark Cycle
[225,810s][info][gc] GC(430) Pause Remark 1597M->1597M(4096M) 0,614ms
[225,912s][info][gc] GC(430) Pause Cleanup 1821M->1821M(4096M) 0,399ms
[225,917s][info][gc] GC(430) Concurrent Mark Cycle 248,525ms
[226,614s][info][gc] GC(431) Pause Young (Prepare Mixed) (G1 Evacuation Pause) 3384M->1389M(4096M) 65,615ms
[226,666s][info][gc] GC(432) Pause Young (Mixed) (G1 Evacuation Pause) 1393M->1024M(4096M) 50,054ms
[226,758s][info][gc] GC(433) Pause Young (Mixed) (G1 Evacuation Pause) 1218M->886M(4096M) 13,240ms
[227,773s][info][gc] GC(434) Pause Young (Normal) (G1 Evacuation Pause) 3322M->1033M(4096M) 39,514ms
[228,748s][info][gc] GC(435) Pause Young (Normal) (G1 Evacuation Pause) 3321M->1142M(4096M) 57,312ms
[229,692s][info][gc] GC(436) Pause Young (Normal) (G1 Evacuation Pause) 3332M->1222M(4096M) 68,800ms
[230,618s][info][gc] GC(437) Pause Young (Concurrent Start) (G1 Evacuation Pause) 3374M->1302M(4096M) 66,869ms
[230,618s][info][gc] GC(438) Concurrent Mark Cycle
[230,761s][info][gc] GC(438) Pause Remark 1593M->1593M(4096M) 0,711ms
[230,862s][info][gc] GC(438) Pause Cleanup 1821M->1821M(4096M) 0,372ms
[230,867s][info][gc] GC(438) Concurrent Mark Cycle 248,761ms
[231,556s][info][gc] GC(439) Pause Young (Prepare Mixed) (G1 Evacuation Pause) 3384M->1386M(4096M) 65,590ms
[231,608s][info][gc] GC(440) Pause Young (Mixed) (G1 Evacuation Pause) 1390M->1021M(4096M) 49,706ms
[231,698s][info][gc] GC(441) Pause Young (Mixed) (G1 Evacuation Pause) 1215M->886M(4096M) 13,082ms
[232,711s][info][gc] GC(442) Pause Young (Normal) (G1 Evacuation Pause) 3322M->1033M(4096M) 38,715ms
[233,689s][info][gc] GC(443) Pause Young (Normal) (G1 Evacuation Pause) 3321M->1141M(4096M) 57,250ms
[234,652s][info][gc] GC(444) Pause Young (Normal) (G1 Evacuation Pause) 3331M->1221M(4096M) 69,188ms
[235,589s][info][gc] GC(445) Pause Young (Concurrent Start) (G1 Evacuation Pause) 3375M->1303M(4096M) 67,294ms
[235,590s][info][gc] GC(446) Concurrent Mark Cycle
[235,732s][info][gc] GC(446) Pause Remark 1594M->1594M(4096M) 0,630ms
[235,831s][info][gc] GC(446) Pause Cleanup 1817M->1817M(4096M) 0,476ms
[235,836s][info][gc] GC(446) Concurrent Mark Cycle 246,240ms
[236,533s][info][gc] GC(447) Pause Young (Prepare Mixed) (G1 Evacuation Pause) 3385M->1384M(4096M) 65,696ms
[236,585s][info][gc] GC(448) Pause Young (Mixed) (G1 Evacuation Pause) 1388M->1021M(4096M) 50,684ms
[236,677s][info][gc] GC(449) Pause Young (Mixed) (G1 Evacuation Pause) 1215M->888M(4096M) 13,157ms
[237,706s][info][gc] GC(450) Pause Young (Normal) (G1 Evacuation Pause) 3324M->1035M(4096M) 38,797ms
[238,682s][info][gc] GC(451) Pause Young (Normal) (G1 Evacuation Pause) 3323M->1146M(4096M) 57,078ms
[239,628s][info][gc] GC(452) Pause Young (Normal) (G1 Evacuation Pause) 3334M->1223M(4096M) 68,760ms
[240,571s][info][gc] GC(453) Pause Young (Concurrent Start) (G1 Evacuation Pause) 3375M->1307M(4096M) 67,101ms
[240,571s][info][gc] GC(454) Concurrent Mark Cycle
[240,714s][info][gc] GC(454) Pause Remark 1598M->1598M(4096M) 0,661ms
[240,813s][info][gc] GC(454) Pause Cleanup 1821M->1821M(4096M) 0,483ms
[240,817s][info][gc] GC(454) Concurrent Mark Cycle 246,884ms
[241,514s][info][gc] GC(455) Pause Young (Prepare Mixed) (G1 Evacuation Pause) 3383M->1388M(4096M) 65,459ms
[241,567s][info][gc] GC(456) Pause Young (Mixed) (G1 Evacuation Pause) 1392M->1024M(4096M) 50,675ms
[241,658s][info][gc] GC(457) Pause Young (Mixed) (G1 Evacuation Pause) 1218M->887M(4096M) 13,041ms
[242,677s][info][gc] GC(458) Pause Young (Normal) (G1 Evacuation Pause) 3323M->1033M(4096M) 38,947ms
[243,661s][info][gc] GC(459) Pause Young (Normal) (G1 Evacuation Pause) 3323M->1144M(4096M) 57,119ms
[244,615s][info][gc] GC(460) Pause Young (Normal) (G1 Evacuation Pause) 3332M->1221M(4096M) 68,620ms
[245,548s][info][gc] GC(461) Pause Young (Concurrent Start) (G1 Evacuation Pause) 3373M->1306M(4096M) 67,063ms
[245,549s][info][gc] GC(462) Concurrent Mark Cycle
[245,691s][info][gc] GC(462) Pause Remark 1597M->1597M(4096M) 0,600ms
[245,792s][info][gc] GC(462) Pause Cleanup 1820M->1820M(4096M) 0,395ms
[245,797s][info][gc] GC(462) Concurrent Mark Cycle 248,043ms
[246,498s][info][gc] GC(463) Pause Young (Prepare Mixed) (G1 Evacuation Pause) 3384M->1392M(4096M) 75,082ms
[246,551s][info][gc] GC(464) Pause Young (Mixed) (G1 Evacuation Pause) 1396M->1027M(4096M) 50,350ms
[246,643s][info][gc] GC(465) Pause Young (Mixed) (G1 Evacuation Pause) 1221M->894M(4096M) 12,754ms
[247,680s][info][gc] GC(466) Pause Young (Normal) (G1 Evacuation Pause) 3328M->1040M(4096M) 39,050ms
[248,688s][info][gc] GC(467) Pause Young (Normal) (G1 Evacuation Pause) 3328M->1149M(4096M) 58,208ms
[249,634s][info][gc] GC(468) Pause Young (Normal) (G1 Evacuation Pause) 3339M->1227M(4096M) 68,722ms
[250,562s][info][gc] GC(469) Pause Young (Concurrent Start) (G1 Evacuation Pause) 3375M->1313M(4096M) 66,821ms
[250,562s][info][gc] GC(470) Concurrent Mark Cycle
[250,706s][info][gc] GC(470) Pause Remark 1599M->1599M(4096M) 0,581ms
[250,805s][info][gc] GC(470) Pause Cleanup 1823M->1823M(4096M) 0,364ms
[250,809s][info][gc] GC(470) Concurrent Mark Cycle 247,380ms
[251,500s][info][gc] GC(471) Pause Young (Prepare Mixed) (G1 Evacuation Pause) 3385M->1396M(4096M) 65,430ms
[251,552s][info][gc] GC(472) Pause Young (Mixed) (G1 Evacuation Pause) 1400M->1030M(4096M) 50,137ms
[251,643s][info][gc] GC(473) Pause Young (Mixed) (G1 Evacuation Pause) 1224M->891M(4096M) 13,605ms
[252,658s][info][gc] GC(474) Pause Young (Normal) (G1 Evacuation Pause) 3327M->1038M(4096M) 38,739ms
[253,634s][info][gc] GC(475) Pause Young (Normal) (G1 Evacuation Pause) 3326M->1146M(4096M) 57,154ms
[254,582s][info][gc] GC(476) Pause Young (Normal) (G1 Evacuation Pause) 3336M->1227M(4096M) 68,737ms
[255,510s][info][gc] GC(477) Pause Young (Concurrent Start) (G1 Evacuation Pause) 3375M->1310M(4096M) 66,701ms
[255,510s][info][gc] GC(478) Concurrent Mark Cycle
[255,654s][info][gc] GC(478) Pause Remark 1602M->1602M(4096M) 0,834ms
[255,754s][info][gc] GC(478) Pause Cleanup 1825M->1825M(4096M) 0,429ms
[255,758s][info][gc] GC(478) Concurrent Mark Cycle 248,063ms
[256,447s][info][gc] GC(479) Pause Young (Prepare Mixed) (G1 Evacuation Pause) 3384M->1393M(4096M) 65,734ms
[256,500s][info][gc] GC(480) Pause Young (Mixed) (G1 Evacuation Pause) 1397M->1029M(4096M) 50,613ms
[256,591s][info][gc] GC(481) Pause Young (Mixed) (G1 Evacuation Pause) 1223M->889M(4096M) 13,137ms
[257,613s][info][gc] GC(482) Pause Young (Normal) (G1 Evacuation Pause) 3325M->1036M(4096M) 38,765ms
[258,588s][info][gc] GC(483) Pause Young (Normal) (G1 Evacuation Pause) 3324M->1144M(4096M) 57,307ms
[259,538s][info][gc] GC(484) Pause Young (Normal) (G1 Evacuation Pause) 3334M->1226M(4096M) 68,997ms
[260,465s][info][gc] GC(485) Pause Young (Concurrent Start) (G1 Evacuation Pause) 3374M->1306M(4096M) 67,003ms
[260,465s][info][gc] GC(486) Concurrent Mark Cycle
[260,610s][info][gc] GC(486) Pause Remark 1600M->1600M(4096M) 0,753ms
[260,710s][info][gc] GC(486) Pause Cleanup 1825M->1825M(4096M) 0,522ms
[260,715s][info][gc] GC(486) Concurrent Mark Cycle 249,519ms
[261,403s][info][gc] GC(487) Pause Young (Prepare Mixed) (G1 Evacuation Pause) 3384M->1387M(4096M) 66,161ms
[261,455s][info][gc] GC(488) Pause Young (Mixed) (G1 Evacuation Pause) 1391M->1023M(4096M) 49,704ms
[261,546s][info][gc] GC(489) Pause Young (Mixed) (G1 Evacuation Pause) 1217M->887M(4096M) 12,927ms
[262,564s][info][gc] GC(490) Pause Young (Normal) (G1 Evacuation Pause) 3323M->1034M(4096M) 38,865ms
[263,537s][info][gc] GC(491) Pause Young (Normal) (G1 Evacuation Pause) 3322M->1143M(4096M) 57,041ms
[264,489s][info][gc] GC(492) Pause Young (Normal) (G1 Evacuation Pause) 3333M->1222M(4096M) 68,683ms
[265,416s][info][gc] GC(493) Pause Young (Concurrent Start) (G1 Evacuation Pause) 3374M->1305M(4096M) 66,538ms
[265,416s][info][gc] GC(494) Concurrent Mark Cycle
[265,560s][info][gc] GC(494) Pause Remark 1600M->1600M(4096M) 0,656ms
[265,659s][info][gc] GC(494) Pause Cleanup 1823M->1823M(4096M) 0,370ms
[265,664s][info][gc] GC(494) Concurrent Mark Cycle 248,036ms
[266,347s][info][gc] GC(495) Pause Young (Prepare Mixed) (G1 Evacuation Pause) 3385M->1386M(4096M) 65,400ms
[266,399s][info][gc] GC(496) Pause Young (Mixed) (G1 Evacuation Pause) 1390M->1023M(4096M) 49,686ms
[266,490s][info][gc] GC(497) Pause Young (Mixed) (G1 Evacuation Pause) 1217M->888M(4096M) 12,918ms
[267,511s][info][gc] GC(498) Pause Young (Normal) (G1 Evacuation Pause) 3324M->1035M(4096M) 38,556ms
[268,483s][info][gc] GC(499) Pause Young (Normal) (G1 Evacuation Pause) 3323M->1144M(4096M) 56,626ms
[269,428s][info][gc] GC(500) Pause Young (Normal) (G1 Evacuation Pause) 3334M->1222M(4096M) 68,241ms
[270,355s][info][gc] GC(501) Pause Young (Concurrent Start) (G1 Evacuation Pause) 3374M->1304M(4096M) 66,487ms
[270,356s][info][gc] GC(502) Concurrent Mark Cycle
[270,498s][info][gc] GC(502) Pause Remark 1595M->1595M(4096M) 0,653ms
[270,597s][info][gc] GC(502) Pause Cleanup 1817M->1817M(4096M) 0,386ms
[270,601s][info][gc] GC(502) Concurrent Mark Cycle 245,954ms
[271,289s][info][gc] GC(503) Pause Young (Prepare Mixed) (G1 Evacuation Pause) 3384M->1386M(4096M) 65,655ms
[271,342s][info][gc] GC(504) Pause Young (Mixed) (G1 Evacuation Pause) 1390M->1024M(4096M) 51,244ms
[271,433s][info][gc] GC(505) Pause Young (Mixed) (G1 Evacuation Pause) 1218M->888M(4096M) 12,998ms
[272,444s][info][gc] GC(506) Pause Young (Normal) (G1 Evacuation Pause) 3324M->1035M(4096M) 39,106ms
[273,431s][info][gc] GC(507) Pause Young (Normal) (G1 Evacuation Pause) 3323M->1143M(4096M) 57,890ms
[274,378s][info][gc] GC(508) Pause Young (Normal) (G1 Evacuation Pause) 3333M->1222M(4096M) 68,843ms
[275,305s][info][gc] GC(509) Pause Young (Concurrent Start) (G1 Evacuation Pause) 3374M->1305M(4096M) 66,645ms
[275,305s][info][gc] GC(510) Concurrent Mark Cycle
[275,448s][info][gc] GC(510) Pause Remark 1597M->1597M(4096M) 0,616ms
[275,549s][info][gc] GC(510) Pause Cleanup 1820M->1820M(4096M) 0,405ms
[275,553s][info][gc] GC(510) Concurrent Mark Cycle 248,882ms
[276,238s][info][gc] GC(511) Pause Young (Prepare Mixed) (G1 Evacuation Pause) 3385M->1389M(4096M) 65,432ms
[276,290s][info][gc] GC(512) Pause Young (Mixed) (G1 Evacuation Pause) 1393M->1022M(4096M) 49,620ms
[276,381s][info][gc] GC(513) Pause Young (Mixed) (G1 Evacuation Pause) 1216M->888M(4096M) 13,174ms
[277,396s][info][gc] GC(514) Pause Young (Normal) (G1 Evacuation Pause) 3322M->1033M(4096M) 38,262ms
[278,368s][info][gc] GC(515) Pause Young (Normal) (G1 Evacuation Pause) 3321M->1141M(4096M) 57,041ms
[279,312s][info][gc] GC(516) Pause Young (Normal) (G1 Evacuation Pause) 3331M->1219M(4096M) 69,150ms
[280,238s][info][gc] GC(517) Pause Young (Concurrent Start) (G1 Evacuation Pause) 3375M->1303M(4096M) 66,686ms
[280,238s][info][gc] GC(518) Concurrent Mark Cycle
[280,373s][info][gc] GC(518) Pause Remark 1598M->1598M(4096M) 1,036ms
[280,469s][info][gc] GC(518) Pause Cleanup 1821M->1821M(4096M) 0,373ms
[280,474s][info][gc] GC(518) Concurrent Mark Cycle 235,452ms
[281,159s][info][gc] GC(519) Pause Young (Prepare Mixed) (G1 Evacuation Pause) 3383M->1387M(4096M) 65,619ms
[281,211s][info][gc] GC(520) Pause Young (Mixed) (G1 Evacuation Pause) 1391M->1022M(4096M) 49,656ms
[281,301s][info][gc] GC(521) Pause Young (Mixed) (G1 Evacuation Pause) 1216M->887M(4096M) 13,145ms
[282,327s][info][gc] GC(522) Pause Young (Normal) (G1 Evacuation Pause) 3323M->1033M(4096M) 38,217ms
[283,302s][info][gc] GC(523) Pause Young (Normal) (G1 Evacuation Pause) 3323M->1143M(4096M) 56,460ms
[284,244s][info][gc] GC(524) Pause Young (Normal) (G1 Evacuation Pause) 3333M->1223M(4096M) 68,929ms
[285,171s][info][gc] GC(525) Pause Young (Concurrent Start) (G1 Evacuation Pause) 3375M->1306M(4096M) 67,177ms
[285,171s][info][gc] GC(526) Concurrent Mark Cycle
[285,305s][info][gc] GC(526) Pause Remark 1600M->1600M(4096M) 0,919ms
[285,402s][info][gc] GC(526) Pause Cleanup 1823M->1823M(4096M) 0,416ms
[285,406s][info][gc] GC(526) Concurrent Mark Cycle 235,528ms
[286,091s][info][gc] GC(527) Pause Young (Prepare Mixed) (G1 Evacuation Pause) 3384M->1386M(4096M) 65,442ms
[286,143s][info][gc] GC(528) Pause Young (Mixed) (G1 Evacuation Pause) 1390M->1024M(4096M) 49,706ms
[286,235s][info][gc] GC(529) Pause Young (Mixed) (G1 Evacuation Pause) 1218M->889M(4096M) 12,913ms
[287,250s][info][gc] GC(530) Pause Young (Normal) (G1 Evacuation Pause) 3325M->1036M(4096M) 38,206ms
[288,261s][info][gc] GC(531) Pause Young (Normal) (G1 Evacuation Pause) 3324M->1144M(4096M) 56,374ms
[289,211s][info][gc] GC(532) Pause Young (Normal) (G1 Evacuation Pause) 3336M->1224M(4096M) 68,103ms
[290,136s][info][gc] GC(533) Pause Young (Concurrent Start) (G1 Evacuation Pause) 3374M->1306M(4096M) 67,066ms
[290,137s][info][gc] GC(534) Concurrent Mark Cycle
[290,278s][info][gc] GC(534) Pause Remark 1597M->1597M(4096M) 0,660ms
[290,377s][info][gc] GC(534) Pause Cleanup 1820M->1820M(4096M) 0,429ms
[290,382s][info][gc] GC(534) Concurrent Mark Cycle 245,367ms
[291,108s][info][gc] GC(535) Pause Young (Prepare Mixed) (G1 Evacuation Pause) 3384M->1389M(4096M) 67,809ms
[291,159s][info][gc] GC(536) Pause Young (Mixed) (G1 Evacuation Pause) 1393M->1023M(4096M) 49,595ms
[291,250s][info][gc] GC(537) Pause Young (Mixed) (G1 Evacuation Pause) 1217M->885M(4096M) 12,859ms
[292,278s][info][gc] GC(538) Pause Young (Normal) (G1 Evacuation Pause) 3321M->1033M(4096M) 38,847ms
[293,251s][info][gc] GC(539) Pause Young (Normal) (G1 Evacuation Pause) 3321M->1141M(4096M) 56,546ms
[294,199s][info][gc] GC(540) Pause Young (Normal) (G1 Evacuation Pause) 3331M->1220M(4096M) 68,659ms
[295,129s][info][gc] GC(541) Pause Young (Concurrent Start) (G1 Evacuation Pause) 3374M->1303M(4096M) 66,543ms
[295,129s][info][gc] GC(542) Concurrent Mark Cycle
[295,272s][info][gc] GC(542) Pause Remark 1594M->1594M(4096M) 0,663ms
[295,371s][info][gc] GC(542) Pause Cleanup 1817M->1817M(4096M) 0,409ms
[295,376s][info][gc] GC(542) Concurrent Mark Cycle 246,607ms
[296,068s][info][gc] GC(543) Pause Young (Prepare Mixed) (G1 Evacuation Pause) 3385M->1384M(4096M) 65,677ms
[296,120s][info][gc] GC(544) Pause Young (Mixed) (G1 Evacuation Pause) 1388M->1021M(4096M) 49,541ms
[296,210s][info][gc] GC(545) Pause Young (Mixed) (G1 Evacuation Pause) 1215M->887M(4096M) 13,173ms
[297,222s][info][gc] GC(546) Pause Young (Normal) (G1 Evacuation Pause) 3323M->1034M(4096M) 38,986ms
[298,195s][info][gc] GC(547) Pause Young (Normal) (G1 Evacuation Pause) 3322M->1143M(4096M) 57,666ms
[299,140s][info][gc] GC(548) Pause Young (Normal) (G1 Evacuation Pause) 3333M->1223M(4096M) 68,720ms
[300,065s][info][gc] GC(549) Pause Young (Concurrent Start) (G1 Evacuation Pause) 3375M->1303M(4096M) 66,652ms
[300,065s][info][gc] GC(550) Concurrent Mark Cycle
[300,209s][info][gc] GC(550) Pause Remark 1595M->1595M(4096M) 0,694ms
[300,308s][info][gc] GC(550) Pause Cleanup 1818M->1818M(4096M) 0,415ms
[300,312s][info][gc] GC(550) Concurrent Mark Cycle 247,040ms
[301,000s][info][gc] GC(551) Pause Young (Prepare Mixed) (G1 Evacuation Pause) 3383M->1387M(4096M) 65,775ms
[301,051s][info][gc] GC(552) Pause Young (Mixed) (G1 Evacuation Pause) 1391M->1022M(4096M) 49,724ms
[301,142s][info][gc] GC(553) Pause Young (Mixed) (G1 Evacuation Pause) 1216M->889M(4096M) 13,107ms
[302,156s][info][gc] GC(554) Pause Young (Normal) (G1 Evacuation Pause) 3323M->1034M(4096M) 38,683ms
[303,133s][info][gc] GC(555) Pause Young (Normal) (G1 Evacuation Pause) 3324M->1143M(4096M) 57,057ms
[304,077s][info][gc] GC(556) Pause Young (Normal) (G1 Evacuation Pause) 3333M->1222M(4096M) 68,301ms
[305,006s][info][gc] GC(557) Pause Young (Concurrent Start) (G1 Evacuation Pause) 3374M->1305M(4096M) 66,454ms
[305,006s][info][gc] GC(558) Concurrent Mark Cycle
[305,148s][info][gc] GC(558) Pause Remark 1596M->1596M(4096M) 0,637ms
[305,247s][info][gc] GC(558) Pause Cleanup 1819M->1819M(4096M) 0,403ms
[305,251s][info][gc] GC(558) Concurrent Mark Cycle 245,695ms
[305,939s][info][gc] GC(559) Pause Young (Prepare Mixed) (G1 Evacuation Pause) 3385M->1386M(4096M) 65,343ms
[305,990s][info][gc] GC(560) Pause Young (Mixed) (G1 Evacuation Pause) 1390M->1022M(4096M) 49,333ms
[306,081s][info][gc] GC(561) Pause Young (Mixed) (G1 Evacuation Pause) 1216M->887M(4096M) 12,995ms
[307,092s][info][gc] GC(562) Pause Young (Normal) (G1 Evacuation Pause) 3323M->1034M(4096M) 38,637ms
[308,064s][info][gc] GC(563) Pause Young (Normal) (G1 Evacuation Pause) 3322M->1142M(4096M) 57,224ms
[309,032s][info][gc] GC(564) Pause Young (Normal) (G1 Evacuation Pause) 3332M->1224M(4096M) 68,600ms
[309,960s][info][gc] GC(565) Pause Young (Concurrent Start) (G1 Evacuation Pause) 3374M->1308M(4096M) 67,012ms
[309,960s][info][gc] GC(566) Concurrent Mark Cycle
[310,105s][info][gc] GC(566) Pause Remark 1600M->1600M(4096M) 0,629ms
[310,204s][info][gc] GC(566) Pause Cleanup 1822M->1822M(4096M) 0,424ms
[310,209s][info][gc] GC(566) Concurrent Mark Cycle 248,267ms
[310,895s][info][gc] GC(567) Pause Young (Prepare Mixed) (G1 Evacuation Pause) 3384M->1391M(4096M) 66,517ms
[310,947s][info][gc] GC(568) Pause Young (Mixed) (G1 Evacuation Pause) 1395M->1026M(4096M) 50,080ms
[311,037s][info][gc] GC(569) Pause Young (Mixed) (G1 Evacuation Pause) 1220M->892M(4096M) 12,923ms
[312,047s][info][gc] GC(570) Pause Young (Normal) (G1 Evacuation Pause) 3328M->1039M(4096M) 39,770ms
[313,023s][info][gc] GC(571) Pause Young (Normal) (G1 Evacuation Pause) 3327M->1148M(4096M) 57,226ms
[313,965s][info][gc] GC(572) Pause Young (Normal) (G1 Evacuation Pause) 3338M->1227M(4096M) 68,152ms
[314,894s][info][gc] GC(573) Pause Young (Concurrent Start) (G1 Evacuation Pause) 3375M->1310M(4096M) 66,303ms
[314,894s][info][gc] GC(574) Concurrent Mark Cycle
[315,036s][info][gc] GC(574) Pause Remark 1601M->1601M(4096M) 0,663ms
[315,135s][info][gc] GC(574) Pause Cleanup 1824M->1824M(4096M) 0,389ms
[315,140s][info][gc] GC(574) Concurrent Mark Cycle 245,174ms
[315,824s][info][gc] GC(575) Pause Young (Prepare Mixed) (G1 Evacuation Pause) 3384M->1391M(4096M) 65,433ms
[315,875s][info][gc] GC(576) Pause Young (Mixed) (G1 Evacuation Pause) 1395M->1029M(4096M) 49,397ms
[315,966s][info][gc] GC(577) Pause Young (Mixed) (G1 Evacuation Pause) 1223M->891M(4096M) 13,211ms
