[0.007s][info][gc] Using Parallel
[0,309s][info][gc] GC(0) Pause Young (Allocation Failure) 128M->14M(491M) 8,746ms
[0,388s][info][gc] GC(1) Pause Young (Allocation Failure) 142M->23M(619M) 10,637ms
[0,539s][info][gc] GC(2) Pause Young (Allocation Failure) 280M->41M(619M) 16,794ms
[0,649s][info][gc] GC(3) Pause Young (Allocation Failure) 298M->59M(661M) 16,585ms
[0,773s][info][gc] GC(4) Pause Young (Allocation Failure) 358M->80M(661M) 17,751ms
[0,894s][info][gc] GC(5) Pause Young (Allocation Failure) 379M->101M(588M) 15,048ms
[0,987s][info][gc] GC(6) Pause Young (Allocation Failure) 327M->117M(625M) 12,761ms
[1,080s][info][gc] GC(7) Pause Young (Allocation Failure) 343M->133M(622M) 13,086ms
[1,192s][info][gc] GC(8) Pause Young (Allocation Failure) 361M->148M(618M) 15,643ms
[1,300s][info][gc] GC(9) Pause Young (Allocation Failure) 377M->164M(626M) 19,959ms
[1,404s][info][gc] GC(10) Pause Young (Allocation Failure) 390M->179M(624M) 16,647ms
[1,502s][info][gc] GC(11) Pause Young (Allocation Failure) 405M->195M(624M) 10,474ms
[1,594s][info][gc] GC(12) Pause Young (Allocation Failure) 420M->211M(624M) 10,812ms
[1,685s][info][gc] GC(13) Pause Young (Allocation Failure) 436M->227M(623M) 10,715ms
[1,776s][info][gc] GC(14) Pause Young (Allocation Failure) 452M->243M(624M) 10,671ms
[1,866s][info][gc] GC(15) Pause Young (Allocation Failure) 468M->259M(623M) 10,746ms
[1,962s][info][gc] GC(16) Pause Young (Allocation Failure) 486M->275M(624M) 10,627ms
[2,055s][info][gc] GC(17) Pause Young (Allocation Failure) 502M->291M(626M) 10,943ms
[2,147s][info][gc] GC(18) Pause Young (Allocation Failure) 522M->307M(626M) 11,004ms
[2,240s][info][gc] GC(19) Pause Young (Allocation Failure) 539M->324M(627M) 11,247ms
[2,336s][info][gc] GC(20) Pause Young (Allocation Failure) 560M->340M(627M) 11,198ms
[2,520s][info][gc] GC(21) Pause Full (Ergonomics) 340M->268M(763M) 183,832ms
[2,612s][info][gc] GC(22) Pause Young (Allocation Failure) 511M->286M(763M) 5,696ms
[2,708s][info][gc] GC(23) Pause Young (Allocation Failure) 528M->303M(764M) 11,358ms
[2,807s][info][gc] GC(24) Pause Young (Allocation Failure) 549M->320M(763M) 11,163ms
[2,906s][info][gc] GC(25) Pause Young (Allocation Failure) 567M->338M(767M) 11,316ms
[3,007s][info][gc] GC(26) Pause Young (Allocation Failure) 591M->355M(767M) 12,044ms
[3,108s][info][gc] GC(27) Pause Young (Allocation Failure) 608M->373M(770M) 12,169ms
[3,212s][info][gc] GC(28) Pause Young (Allocation Failure) 632M->391M(769M) 12,308ms
[3,318s][info][gc] GC(29) Pause Young (Allocation Failure) 650M->410M(774M) 12,504ms
[3,429s][info][gc] GC(30) Pause Young (Allocation Failure) 675M->428M(773M) 12,638ms
[3,537s][info][gc] GC(31) Pause Young (Allocation Failure) 693M->447M(776M) 12,994ms
[3,646s][info][gc] GC(32) Pause Young (Allocation Failure) 717M->466M(775M) 13,156ms
[3,755s][info][gc] GC(33) Pause Young (Allocation Failure) 736M->485M(780M) 13,215ms
[4,003s][info][gc] GC(34) Pause Full (Ergonomics) 485M->371M(971M) 247,559ms
[4,111s][info][gc] GC(35) Pause Young (Allocation Failure) 647M->391M(974M) 6,513ms
[4,222s][info][gc] GC(36) Pause Young (Allocation Failure) 671M->411M(974M) 12,604ms
[4,337s][info][gc] GC(37) Pause Young (Allocation Failure) 691M->430M(968M) 16,329ms
[4,445s][info][gc] GC(38) Pause Young (Allocation Failure) 702M->449M(971M) 12,246ms
[4,558s][info][gc] GC(39) Pause Young (Allocation Failure) 721M->468M(962M) 17,775ms
[4,665s][info][gc] GC(40) Pause Young (Allocation Failure) 731M->486M(966M) 12,554ms
[4,771s][info][gc] GC(41) Pause Young (Allocation Failure) 749M->505M(963M) 12,840ms
[4,877s][info][gc] GC(42) Pause Young (Allocation Failure) 769M->523M(965M) 13,004ms
[4,984s][info][gc] GC(43) Pause Young (Allocation Failure) 787M->542M(965M) 12,992ms
[5,093s][info][gc] GC(44) Pause Young (Allocation Failure) 810M->561M(967M) 13,184ms
[5,202s][info][gc] GC(45) Pause Young (Allocation Failure) 829M->579M(968M) 13,140ms
[5,312s][info][gc] GC(46) Pause Young (Allocation Failure) 851M->598M(969M) 13,282ms
[5,422s][info][gc] GC(47) Pause Young (Allocation Failure) 870M->617M(969M) 13,400ms
[5,534s][info][gc] GC(48) Pause Young (Allocation Failure) 892M->637M(971M) 13,484ms
[5,647s][info][gc] GC(49) Pause Young (Allocation Failure) 912M->656M(971M) 13,655ms
[5,763s][info][gc] GC(50) Pause Young (Allocation Failure) 935M->676M(973M) 13,555ms
[6,058s][info][gc] GC(51) Pause Full (Ergonomics) 676M->463M(993M) 295,641ms
[6,172s][info][gc] GC(52) Pause Young (Allocation Failure) 745M->484M(994M) 6,700ms
[6,286s][info][gc] GC(53) Pause Young (Allocation Failure) 766M->503M(982M) 13,196ms
[6,397s][info][gc] GC(54) Pause Young (Allocation Failure) 774M->522M(989M) 15,913ms
[6,505s][info][gc] GC(55) Pause Young (Allocation Failure) 793M->541M(980M) 12,007ms
[6,615s][info][gc] GC(56) Pause Young (Allocation Failure) 804M->559M(985M) 17,753ms
[6,720s][info][gc] GC(57) Pause Young (Allocation Failure) 822M->577M(982M) 12,659ms
[6,826s][info][gc] GC(58) Pause Young (Allocation Failure) 841M->596M(984M) 12,536ms
[6,931s][info][gc] GC(59) Pause Young (Allocation Failure) 860M->615M(984M) 12,492ms
[7,037s][info][gc] GC(60) Pause Young (Allocation Failure) 881M->633M(985M) 12,395ms
[7,143s][info][gc] GC(61) Pause Young (Allocation Failure) 900M->652M(986M) 12,568ms
[7,250s][info][gc] GC(62) Pause Young (Allocation Failure) 922M->671M(987M) 12,673ms
[7,359s][info][gc] GC(63) Pause Young (Allocation Failure) 941M->690M(987M) 13,353ms
[7,675s][info][gc] GC(64) Pause Full (Ergonomics) 690M->505M(988M) 316,605ms
[7,779s][info][gc] GC(65) Pause Young (Allocation Failure) 778M->525M(990M) 6,385ms
[7,888s][info][gc] GC(66) Pause Young (Allocation Failure) 801M->544M(991M) 12,270ms
[8,002s][info][gc] GC(67) Pause Young (Allocation Failure) 820M->563M(984M) 17,114ms
[8,108s][info][gc] GC(68) Pause Young (Allocation Failure) 831M->582M(987M) 11,872ms
[8,221s][info][gc] GC(69) Pause Young (Allocation Failure) 850M->600M(980M) 18,546ms
[8,324s][info][gc] GC(70) Pause Young (Allocation Failure) 861M->619M(982M) 11,181ms
[8,434s][info][gc] GC(71) Pause Young (Allocation Failure) 880M->636M(960M) 17,485ms
[8,535s][info][gc] GC(72) Pause Young (Allocation Failure) 871M->652M(971M) 18,441ms
[8,632s][info][gc] GC(73) Pause Young (Allocation Failure) 887M->668M(968M) 14,671ms
[8,730s][info][gc] GC(74) Pause Young (Allocation Failure) 905M->685M(970M) 15,460ms
[9,067s][info][gc] GC(75) Pause Full (Ergonomics) 685M->529M(973M) 336,832ms
[9,160s][info][gc] GC(76) Pause Young (Allocation Failure) 768M->546M(973M) 5,908ms
[9,257s][info][gc] GC(77) Pause Young (Allocation Failure) 785M->563M(972M) 10,570ms
[9,357s][info][gc] GC(78) Pause Young (Allocation Failure) 802M->579M(972M) 14,942ms
[9,461s][info][gc] GC(79) Pause Young (Allocation Failure) 818M->595M(941M) 20,553ms
[9,553s][info][gc] GC(80) Pause Young (Allocation Failure) 802M->609M(943M) 19,043ms
[9,647s][info][gc] GC(81) Pause Young (Allocation Failure) 816M->623M(947M) 19,744ms
[9,740s][info][gc] GC(82) Pause Young (Allocation Failure) 816M->635M(932M) 19,912ms
[9,829s][info][gc] GC(83) Pause Young (Allocation Failure) 828M->648M(942M) 19,802ms
[9,916s][info][gc] GC(84) Pause Young (Allocation Failure) 830M->660M(905M) 21,408ms
[9,997s][info][gc] GC(85) Pause Young (Allocation Failure) 842M->673M(943M) 17,133ms
[10,078s][info][gc] GC(86) Pause Young (Allocation Failure) 858M->686M(943M) 13,856ms
[10,432s][info][gc] GC(87) Pause Full (Ergonomics) 686M->544M(948M) 354,084ms
[10,508s][info][gc] GC(88) Pause Young (Allocation Failure) 733M->558M(948M) 4,740ms
[10,585s][info][gc] GC(89) Pause Young (Allocation Failure) 747M->572M(943M) 8,661ms
[10,664s][info][gc] GC(90) Pause Young (Allocation Failure) 761M->585M(945M) 12,122ms
[10,747s][info][gc] GC(91) Pause Young (Allocation Failure) 774M->597M(945M) 15,580ms
[10,833s][info][gc] GC(92) Pause Young (Allocation Failure) 788M->610M(940M) 18,963ms
[10,923s][info][gc] GC(93) Pause Young (Allocation Failure) 801M->622M(922M) 22,331ms
[11,004s][info][gc] GC(94) Pause Young (Allocation Failure) 779M->632M(916M) 25,328ms
[11,085s][info][gc] GC(95) Pause Young (Allocation Failure) 789M->642M(924M) 25,255ms
[11,157s][info][gc] GC(96) Pause Young (Allocation Failure) 784M->652M(871M) 21,797ms
[11,224s][info][gc] GC(97) Pause Young (Allocation Failure) 794M->661M(921M) 17,512ms
[11,289s][info][gc] GC(98) Pause Young (Allocation Failure) 805M->671M(920M) 13,764ms
[11,640s][info][gc] GC(99) Pause Full (Ergonomics) 671M->554M(929M) 350,759ms
[11,700s][info][gc] GC(100) Pause Young (Allocation Failure) 707M->565M(929M) 4,222ms
[11,762s][info][gc] GC(101) Pause Young (Allocation Failure) 719M->576M(928M) 7,250ms
[11,828s][info][gc] GC(102) Pause Young (Allocation Failure) 732M->587M(929M) 10,332ms
[11,897s][info][gc] GC(103) Pause Young (Allocation Failure) 743M->598M(930M) 13,222ms
[11,972s][info][gc] GC(104) Pause Young (Allocation Failure) 761M->609M(930M) 16,018ms
[12,049s][info][gc] GC(105) Pause Young (Allocation Failure) 772M->619M(928M) 18,845ms
[12,127s][info][gc] GC(106) Pause Young (Allocation Failure) 779M->630M(909M) 21,777ms
[12,208s][info][gc] GC(107) Pause Young (Allocation Failure) 790M->640M(924M) 22,001ms
[12,284s][info][gc] GC(108) Pause Young (Allocation Failure) 787M->650M(896M) 21,948ms
[12,360s][info][gc] GC(109) Pause Young (Allocation Failure) 797M->659M(928M) 22,476ms
[12,431s][info][gc] GC(110) Pause Young (Allocation Failure) 805M->669M(872M) 19,568ms
[12,502s][info][gc] GC(111) Pause Young (Allocation Failure) 815M->679M(923M) 16,505ms
[12,570s][info][gc] GC(112) Pause Young (Allocation Failure) 827M->689M(921M) 13,786ms
[12,931s][info][gc] GC(113) Pause Full (Ergonomics) 689M->562M(931M) 360,781ms
[12,993s][info][gc] GC(114) Pause Young (Allocation Failure) 719M->574M(931M) 4,275ms
[13,056s][info][gc] GC(115) Pause Young (Allocation Failure) 731M->585M(931M) 7,364ms
[13,124s][info][gc] GC(116) Pause Young (Allocation Failure) 743M->596M(875M) 10,521ms
[13,196s][info][gc] GC(117) Pause Young (Allocation Failure) 754M->607M(932M) 13,264ms
[13,270s][info][gc] GC(118) Pause Young (Allocation Failure) 770M->618M(929M) 16,421ms
[13,349s][info][gc] GC(119) Pause Young (Allocation Failure) 781M->628M(929M) 19,173ms
[13,429s][info][gc] GC(120) Pause Young (Allocation Failure) 789M->639M(921M) 21,975ms
[13,512s][info][gc] GC(121) Pause Young (Allocation Failure) 800M->649M(914M) 25,184ms
[13,583s][info][gc] GC(122) Pause Young (Allocation Failure) 782M->658M(891M) 24,511ms
[13,655s][info][gc] GC(123) Pause Young (Allocation Failure) 791M->666M(917M) 24,663ms
[13,721s][info][gc] GC(124) Pause Young (Allocation Failure) 793M->674M(860M) 21,601ms
[13,784s][info][gc] GC(125) Pause Young (Allocation Failure) 801M->683M(913M) 18,291ms
[13,844s][info][gc] GC(126) Pause Young (Allocation Failure) 811M->692M(911M) 14,603ms
[14,196s][info][gc] GC(127) Pause Full (Ergonomics) 692M->568M(921M) 351,951ms
[14,251s][info][gc] GC(128) Pause Young (Allocation Failure) 707M->579M(921M) 3,963ms
[14,307s][info][gc] GC(129) Pause Young (Allocation Failure) 718M->588M(923M) 6,827ms
[14,366s][info][gc] GC(130) Pause Young (Allocation Failure) 729M->598M(854M) 9,544ms
[14,427s][info][gc] GC(131) Pause Young (Allocation Failure) 739M->608M(925M) 12,062ms
[14,494s][info][gc] GC(132) Pause Young (Allocation Failure) 755M->618M(920M) 14,825ms
[14,565s][info][gc] GC(133) Pause Young (Allocation Failure) 764M->628M(924M) 17,317ms
[14,639s][info][gc] GC(134) Pause Young (Allocation Failure) 780M->638M(926M) 19,797ms
[14,716s][info][gc] GC(135) Pause Young (Allocation Failure) 790M->647M(914M) 22,746ms
[14,789s][info][gc] GC(136) Pause Young (Allocation Failure) 783M->656M(907M) 25,026ms
[14,865s][info][gc] GC(137) Pause Young (Allocation Failure) 792M->664M(908M) 27,577ms
[14,933s][info][gc] GC(138) Pause Young (Allocation Failure) 778M->671M(910M) 26,963ms
[14,998s][info][gc] GC(139) Pause Young (Allocation Failure) 785M->679M(910M) 24,675ms
[15,060s][info][gc] GC(140) Pause Young (Allocation Failure) 793M->686M(851M) 21,983ms
[15,120s][info][gc] GC(141) Pause Young (Allocation Failure) 800M->694M(911M) 18,781ms
[15,488s][info][gc] GC(142) Pause Full (Ergonomics) 694M->573M(908M) 368,553ms
[15,550s][info][gc] GC(143) Pause Young (Allocation Failure) 689M->581M(909M) 4,197ms
[15,606s][info][gc] GC(144) Pause Young (Allocation Failure) 698M->590M(817M) 5,734ms
[15,657s][info][gc] GC(145) Pause Young (Allocation Failure) 707M->598M(914M) 8,024ms
[15,710s][info][gc] GC(146) Pause Young (Allocation Failure) 717M->606M(835M) 10,380ms
[15,766s][info][gc] GC(147) Pause Young (Allocation Failure) 725M->615M(913M) 12,565ms
[15,826s][info][gc] GC(148) Pause Young (Allocation Failure) 739M->623M(907M) 14,840ms
[15,888s][info][gc] GC(149) Pause Young (Allocation Failure) 747M->631M(915M) 16,985ms
[15,955s][info][gc] GC(150) Pause Young (Allocation Failure) 766M->640M(914M) 19,292ms
[16,024s][info][gc] GC(151) Pause Young (Allocation Failure) 775M->649M(915M) 21,791ms
[16,096s][info][gc] GC(152) Pause Young (Allocation Failure) 782M->657M(900M) 24,115ms
[16,170s][info][gc] GC(153) Pause Young (Allocation Failure) 790M->666M(908M) 26,552ms
[16,235s][info][gc] GC(154) Pause Young (Allocation Failure) 780M->673M(910M) 24,357ms
[16,299s][info][gc] GC(155) Pause Young (Allocation Failure) 787M->680M(901M) 23,037ms
[16,361s][info][gc] GC(156) Pause Young (Allocation Failure) 794M->688M(906M) 20,717ms
[16,421s][info][gc] GC(157) Pause Young (Allocation Failure) 802M->696M(912M) 18,380ms
[16,793s][info][gc] GC(158) Pause Full (Ergonomics) 696M->576M(913M) 372,521ms
[16,844s][info][gc] GC(159) Pause Young (Allocation Failure) 703M->586M(914M) 3,659ms
[16,895s][info][gc] GC(160) Pause Young (Allocation Failure) 714M->595M(830M) 6,198ms
[16,951s][info][gc] GC(161) Pause Young (Allocation Failure) 723M->604M(919M) 8,554ms
[17,009s][info][gc] GC(162) Pause Young (Allocation Failure) 734M->613M(849M) 11,120ms
[17,069s][info][gc] GC(163) Pause Young (Allocation Failure) 743M->622M(918M) 13,599ms
[17,134s][info][gc] GC(164) Pause Young (Allocation Failure) 757M->631M(913M) 16,011ms
[17,201s][info][gc] GC(165) Pause Young (Allocation Failure) 766M->640M(920M) 18,361ms
[17,274s][info][gc] GC(166) Pause Young (Allocation Failure) 784M->649M(922M) 20,896ms
[17,350s][info][gc] GC(167) Pause Young (Allocation Failure) 793M->658M(911M) 23,525ms
[17,421s][info][gc] GC(168) Pause Young (Allocation Failure) 787M->666M(902M) 25,519ms
[17,498s][info][gc] GC(169) Pause Young (Allocation Failure) 795M->674M(910M) 29,620ms
[17,565s][info][gc] GC(170) Pause Young (Allocation Failure) 788M->682M(910M) 25,929ms
[17,630s][info][gc] GC(171) Pause Young (Allocation Failure) 796M->689M(908M) 23,566ms
[17,691s][info][gc] GC(172) Pause Young (Allocation Failure) 803M->696M(849M) 21,237ms
[17,751s][info][gc] GC(173) Pause Young (Allocation Failure) 810M->704M(910M) 18,477ms
[18,122s][info][gc] GC(174) Pause Full (Ergonomics) 704M->579M(908M) 370,865ms
[18,170s][info][gc] GC(175) Pause Young (Allocation Failure) 698M->588M(910M) 3,614ms
[18,218s][info][gc] GC(176) Pause Young (Allocation Failure) 708M->597M(820M) 5,806ms
[18,268s][info][gc] GC(177) Pause Young (Allocation Failure) 717M->605M(915M) 8,111ms
[18,322s][info][gc] GC(178) Pause Young (Allocation Failure) 726M->614M(838M) 10,440ms
[18,378s][info][gc] GC(179) Pause Young (Allocation Failure) 735M->622M(914M) 12,415ms
[18,438s][info][gc] GC(180) Pause Young (Allocation Failure) 748M->631M(909M) 14,721ms
[18,500s][info][gc] GC(181) Pause Young (Allocation Failure) 757M->639M(915M) 16,913ms
[18,567s][info][gc] GC(182) Pause Young (Allocation Failure) 775M->648M(915M) 19,624ms
[18,638s][info][gc] GC(183) Pause Young (Allocation Failure) 784M->657M(914M) 22,115ms
[18,709s][info][gc] GC(184) Pause Young (Allocation Failure) 789M->665M(901M) 24,404ms
[18,783s][info][gc] GC(185) Pause Young (Allocation Failure) 797M->673M(908M) 25,880ms
[18,851s][info][gc] GC(186) Pause Young (Allocation Failure) 787M->680M(910M) 26,390ms
[18,917s][info][gc] GC(187) Pause Young (Allocation Failure) 794M->688M(910M) 24,377ms
[18,979s][info][gc] GC(188) Pause Young (Allocation Failure) 802M->695M(858M) 22,483ms
[19,040s][info][gc] GC(189) Pause Young (Allocation Failure) 809M->703M(911M) 20,314ms
[19,421s][info][gc] GC(190) Pause Full (Ergonomics) 703M->582M(908M) 381,439ms
[19,470s][info][gc] GC(191) Pause Young (Allocation Failure) 699M->590M(908M) 3,581ms
[19,517s][info][gc] GC(192) Pause Young (Allocation Failure) 707M->599M(817M) 5,767ms
[19,568s][info][gc] GC(193) Pause Young (Allocation Failure) 716M->607M(912M) 7,982ms
[19,621s][info][gc] GC(194) Pause Young (Allocation Failure) 724M->615M(833M) 10,346ms
[19,675s][info][gc] GC(195) Pause Young (Allocation Failure) 732M->623M(912M) 12,340ms
[19,733s][info][gc] GC(196) Pause Young (Allocation Failure) 745M->631M(907M) 14,687ms
[19,793s][info][gc] GC(197) Pause Young (Allocation Failure) 753M->639M(913M) 16,969ms
[19,859s][info][gc] GC(198) Pause Young (Allocation Failure) 771M->648M(911M) 19,424ms
[19,927s][info][gc] GC(199) Pause Young (Allocation Failure) 780M->657M(916M) 21,492ms
[19,998s][info][gc] GC(200) Pause Young (Allocation Failure) 791M->665M(900M) 23,816ms
[20,071s][info][gc] GC(201) Pause Young (Allocation Failure) 799M->673M(907M) 25,848ms
[20,144s][info][gc] GC(202) Pause Young (Allocation Failure) 787M->681M(910M) 31,794ms
[20,211s][info][gc] GC(203) Pause Young (Allocation Failure) 795M->688M(910M) 26,036ms
[20,278s][info][gc] GC(204) Pause Young (Allocation Failure) 802M->695M(910M) 24,429ms
[20,342s][info][gc] GC(205) Pause Young (Allocation Failure) 809M->703M(908M) 22,587ms
[20,403s][info][gc] GC(206) Pause Young (Allocation Failure) 817M->710M(909M) 20,271ms
[20,716s][info][gc] GC(207) Pause Full (Ergonomics) 710M->584M(910M) 312,799ms
[20,761s][info][gc] GC(208) Pause Young (Allocation Failure) 701M->593M(910M) 3,559ms
[20,808s][info][gc] GC(209) Pause Young (Allocation Failure) 710M->601M(910M) 5,785ms
[20,859s][info][gc] GC(210) Pause Young (Allocation Failure) 715M->609M(910M) 8,065ms
[20,912s][info][gc] GC(211) Pause Young (Allocation Failure) 723M->617M(909M) 11,095ms
[20,963s][info][gc] GC(212) Pause Young (Allocation Failure) 731M->625M(822M) 7,941ms
[21,015s][info][gc] GC(213) Pause Young (Allocation Failure) 739M->633M(912M) 9,953ms
[21,071s][info][gc] GC(214) Pause Young (Allocation Failure) 753M->641M(908M) 12,597ms
[21,128s][info][gc] GC(215) Pause Young (Allocation Failure) 761M->649M(910M) 14,601ms
[21,191s][info][gc] GC(216) Pause Young (Allocation Failure) 779M->658M(909M) 17,023ms
[21,256s][info][gc] GC(217) Pause Young (Allocation Failure) 788M->667M(919M) 19,397ms
[21,328s][info][gc] GC(218) Pause Young (Allocation Failure) 806M->676M(921M) 21,950ms
[21,399s][info][gc] GC(219) Pause Young (Allocation Failure) 815M->685M(917M) 22,183ms
[21,468s][info][gc] GC(220) Pause Young (Allocation Failure) 818M->693M(887M) 22,566ms
[21,538s][info][gc] GC(221) Pause Young (Allocation Failure) 826M->702M(915M) 22,805ms
[21,607s][info][gc] GC(222) Pause Young (Allocation Failure) 828M->710M(916M) 23,297ms
[21,674s][info][gc] GC(223) Pause Young (Allocation Failure) 836M->718M(906M) 21,534ms
[22,059s][info][gc] GC(224) Pause Full (Ergonomics) 718M->585M(911M) 384,648ms
[22,110s][info][gc] GC(225) Pause Young (Allocation Failure) 713M->595M(916M) 3,740ms
[22,163s][info][gc] GC(226) Pause Young (Allocation Failure) 727M->604M(919M) 6,384ms
[22,218s][info][gc] GC(227) Pause Young (Allocation Failure) 736M->613M(915M) 8,785ms
[22,277s][info][gc] GC(228) Pause Young (Allocation Failure) 745M->622M(917M) 11,236ms
[22,338s][info][gc] GC(229) Pause Young (Allocation Failure) 754M->631M(913M) 13,769ms
[22,405s][info][gc] GC(230) Pause Young (Allocation Failure) 771M->641M(916M) 16,498ms
[22,473s][info][gc] GC(231) Pause Young (Allocation Failure) 781M->650M(926M) 18,865ms
[22,548s][info][gc] GC(232) Pause Young (Allocation Failure) 801M->660M(908M) 21,635ms
[22,625s][info][gc] GC(233) Pause Young (Allocation Failure) 810M->669M(909M) 24,191ms
[22,696s][info][gc] GC(234) Pause Young (Allocation Failure) 795M->677M(901M) 25,977ms
[22,772s][info][gc] GC(235) Pause Young (Allocation Failure) 803M->685M(910M) 30,792ms
[22,856s][info][gc] GC(236) Pause Young (Allocation Failure) 799M->692M(910M) 43,134ms
[22,941s][info][gc] GC(237) Pause Young (Allocation Failure) 806M->699M(910M) 44,828ms
[23,015s][info][gc] GC(238) Pause Young (Allocation Failure) 813M->706M(910M) 29,616ms
[23,084s][info][gc] GC(239) Pause Young (Allocation Failure) 820M->713M(910M) 25,717ms
[23,149s][info][gc] GC(240) Pause Young (Allocation Failure) 827M->721M(910M) 22,771ms
[23,475s][info][gc] GC(241) Pause Full (Ergonomics) 721M->587M(910M) 326,053ms
[23,520s][info][gc] GC(242) Pause Young (Allocation Failure) 701M->595M(910M) 3,396ms
[23,568s][info][gc] GC(243) Pause Young (Allocation Failure) 709M->603M(910M) 5,541ms
[23,619s][info][gc] GC(244) Pause Young (Allocation Failure) 717M->611M(910M) 7,880ms
[23,671s][info][gc] GC(245) Pause Young (Allocation Failure) 725M->619M(910M) 10,175ms
[23,723s][info][gc] GC(246) Pause Young (Allocation Failure) 733M->627M(910M) 11,047ms
[23,773s][info][gc] GC(247) Pause Young (Allocation Failure) 741M->635M(910M) 9,138ms
[23,820s][info][gc] GC(248) Pause Young (Allocation Failure) 749M->644M(910M) 6,376ms
[23,867s][info][gc] GC(249) Pause Young (Allocation Failure) 758M->652M(910M) 6,235ms
[23,915s][info][gc] GC(250) Pause Young (Allocation Failure) 766M->660M(910M) 6,315ms
[23,961s][info][gc] GC(251) Pause Young (Allocation Failure) 774M->669M(906M) 6,457ms
[24,345s][info][gc] GC(252) Pause Full (Ergonomics) 669M->587M(908M) 383,238ms
[24,390s][info][gc] GC(253) Pause Young (Allocation Failure) 701M->595M(904M) 3,440ms
[24,438s][info][gc] GC(254) Pause Young (Allocation Failure) 713M->604M(908M) 5,705ms
[24,487s][info][gc] GC(255) Pause Young (Allocation Failure) 722M->612M(897M) 8,161ms
[24,542s][info][gc] GC(256) Pause Young (Allocation Failure) 738M->621M(903M) 10,445ms
[24,600s][info][gc] GC(257) Pause Young (Allocation Failure) 746M->630M(907M) 12,766ms
[24,663s][info][gc] GC(258) Pause Young (Allocation Failure) 764M->639M(907M) 15,219ms
[24,729s][info][gc] GC(259) Pause Young (Allocation Failure) 773M->647M(915M) 17,465ms
[24,798s][info][gc] GC(260) Pause Young (Allocation Failure) 788M->657M(920M) 20,040ms
[24,871s][info][gc] GC(261) Pause Young (Allocation Failure) 797M->666M(904M) 22,603ms
[24,937s][info][gc] GC(262) Pause Young (Allocation Failure) 784M->673M(887M) 24,411ms
[25,004s][info][gc] GC(263) Pause Young (Allocation Failure) 791M->680M(910M) 25,931ms
[25,071s][info][gc] GC(264) Pause Young (Allocation Failure) 794M->688M(910M) 26,446ms
[25,136s][info][gc] GC(265) Pause Young (Allocation Failure) 802M->695M(910M) 24,737ms
[25,200s][info][gc] GC(266) Pause Young (Allocation Failure) 809M->702M(910M) 22,817ms
[25,261s][info][gc] GC(267) Pause Young (Allocation Failure) 816M->710M(910M) 20,230ms
[25,581s][info][gc] GC(268) Pause Full (Ergonomics) 710M->588M(910M) 319,909ms
[25,626s][info][gc] GC(269) Pause Young (Allocation Failure) 702M->596M(910M) 3,388ms
[25,674s][info][gc] GC(270) Pause Young (Allocation Failure) 710M->604M(910M) 5,626ms
[25,725s][info][gc] GC(271) Pause Young (Allocation Failure) 718M->612M(910M) 7,918ms
[25,777s][info][gc] GC(272) Pause Young (Allocation Failure) 726M->621M(814M) 10,977ms
[25,826s][info][gc] GC(273) Pause Young (Allocation Failure) 735M->629M(914M) 7,980ms
[25,878s][info][gc] GC(274) Pause Young (Allocation Failure) 747M->637M(835M) 10,208ms
[25,933s][info][gc] GC(275) Pause Young (Allocation Failure) 755M->645M(909M) 12,360ms
[25,992s][info][gc] GC(276) Pause Young (Allocation Failure) 770M->654M(905M) 14,691ms
[26,053s][info][gc] GC(277) Pause Young (Allocation Failure) 779M->662M(913M) 16,974ms
[26,119s][info][gc] GC(278) Pause Young (Allocation Failure) 797M->671M(914M) 19,333ms
[26,190s][info][gc] GC(279) Pause Young (Allocation Failure) 806M->679M(912M) 21,710ms
[26,259s][info][gc] GC(280) Pause Young (Allocation Failure) 808M->688M(896M) 23,774ms
[26,331s][info][gc] GC(281) Pause Young (Allocation Failure) 817M->696M(910M) 25,524ms
[26,398s][info][gc] GC(282) Pause Young (Allocation Failure) 810M->703M(910M) 26,029ms
[26,462s][info][gc] GC(283) Pause Young (Allocation Failure) 817M->710M(910M) 24,328ms
[26,525s][info][gc] GC(284) Pause Young (Allocation Failure) 824M->717M(910M) 22,345ms
[26,838s][info][gc] GC(285) Pause Full (Ergonomics) 717M->588M(910M) 313,111ms
[26,884s][info][gc] GC(286) Pause Young (Allocation Failure) 702M->597M(910M) 3,480ms
[26,931s][info][gc] GC(287) Pause Young (Allocation Failure) 711M->605M(910M) 5,679ms
[26,981s][info][gc] GC(288) Pause Young (Allocation Failure) 719M->613M(910M) 7,780ms
[27,033s][info][gc] GC(289) Pause Young (Allocation Failure) 727M->621M(907M) 10,381ms
[27,084s][info][gc] GC(290) Pause Young (Allocation Failure) 735M->629M(830M) 10,290ms
[27,136s][info][gc] GC(291) Pause Young (Allocation Failure) 743M->637M(908M) 12,184ms
[27,195s][info][gc] GC(292) Pause Young (Allocation Failure) 761M->645M(908M) 14,504ms
[27,256s][info][gc] GC(293) Pause Young (Allocation Failure) 769M->654M(915M) 16,530ms
[27,323s][info][gc] GC(294) Pause Young (Allocation Failure) 789M->663M(915M) 19,237ms
[27,392s][info][gc] GC(295) Pause Young (Allocation Failure) 798M->671M(914M) 21,325ms
[27,462s][info][gc] GC(296) Pause Young (Allocation Failure) 803M->680M(891M) 23,655ms
[27,533s][info][gc] GC(297) Pause Young (Allocation Failure) 812M->688M(908M) 24,108ms
[27,598s][info][gc] GC(298) Pause Young (Allocation Failure) 804M->696M(876M) 24,207ms
[27,663s][info][gc] GC(299) Pause Young (Allocation Failure) 812M->703M(910M) 24,422ms
[27,726s][info][gc] GC(300) Pause Young (Allocation Failure) 817M->710M(858M) 22,602ms
[27,787s][info][gc] GC(301) Pause Young (Allocation Failure) 824M->718M(910M) 20,624ms
[28,170s][info][gc] GC(302) Pause Full (Ergonomics) 718M->589M(906M) 382,492ms
[28,217s][info][gc] GC(303) Pause Young (Allocation Failure) 707M->597M(910M) 3,472ms
[28,266s][info][gc] GC(304) Pause Young (Allocation Failure) 719M->606M(823M) 5,884ms
[28,317s][info][gc] GC(305) Pause Young (Allocation Failure) 728M->615M(916M) 8,113ms
[28,372s][info][gc] GC(306) Pause Young (Allocation Failure) 738M->623M(841M) 10,693ms
[28,429s][info][gc] GC(307) Pause Young (Allocation Failure) 746M->632M(915M) 12,988ms
[28,491s][info][gc] GC(308) Pause Young (Allocation Failure) 760M->641M(910M) 15,262ms
[28,554s][info][gc] GC(309) Pause Young (Allocation Failure) 769M->649M(916M) 17,852ms
[28,623s][info][gc] GC(310) Pause Young (Allocation Failure) 787M->658M(917M) 20,247ms
[28,695s][info][gc] GC(311) Pause Young (Allocation Failure) 796M->667M(914M) 22,702ms
[28,766s][info][gc] GC(312) Pause Young (Allocation Failure) 799M->675M(901M) 24,788ms
[28,839s][info][gc] GC(313) Pause Young (Allocation Failure) 807M->683M(909M) 26,769ms
[28,914s][info][gc] GC(314) Pause Young (Allocation Failure) 797M->690M(910M) 34,128ms
[29,001s][info][gc] GC(315) Pause Young (Allocation Failure) 804M->697M(910M) 47,176ms
[29,078s][info][gc] GC(316) Pause Young (Allocation Failure) 811M->704M(910M) 32,011ms
[29,148s][info][gc] GC(317) Pause Young (Allocation Failure) 818M->712M(910M) 26,506ms
[29,214s][info][gc] GC(318) Pause Young (Allocation Failure) 826M->719M(910M) 24,470ms
[29,546s][info][gc] GC(319) Pause Full (Ergonomics) 719M->589M(910M) 332,243ms
[29,591s][info][gc] GC(320) Pause Young (Allocation Failure) 703M->598M(910M) 3,473ms
[29,639s][info][gc] GC(321) Pause Young (Allocation Failure) 712M->606M(910M) 5,653ms
[29,689s][info][gc] GC(322) Pause Young (Allocation Failure) 720M->614M(910M) 7,888ms
[29,740s][info][gc] GC(323) Pause Young (Allocation Failure) 728M->622M(910M) 10,100ms
[29,793s][info][gc] GC(324) Pause Young (Allocation Failure) 736M->630M(910M) 13,135ms
[29,845s][info][gc] GC(325) Pause Young (Allocation Failure) 744M->638M(910M) 11,080ms
[29,895s][info][gc] GC(326) Pause Young (Allocation Failure) 752M->646M(910M) 9,235ms
[29,942s][info][gc] GC(327) Pause Young (Allocation Failure) 760M->654M(910M) 6,219ms
[29,989s][info][gc] GC(328) Pause Young (Allocation Failure) 768M->662M(910M) 6,289ms
[30,320s][info][gc] GC(329) Pause Full (Ergonomics) 662M->589M(910M) 330,869ms
[30,363s][info][gc] GC(330) Pause Young (Allocation Failure) 703M->598M(910M) 3,412ms
[30,410s][info][gc] GC(331) Pause Young (Allocation Failure) 712M->606M(900M) 5,979ms
[30,459s][info][gc] GC(332) Pause Young (Allocation Failure) 720M->614M(905M) 7,884ms
[30,511s][info][gc] GC(333) Pause Young (Allocation Failure) 728M->622M(894M) 10,503ms
[30,567s][info][gc] GC(334) Pause Young (Allocation Failure) 744M->630M(900M) 12,335ms
[30,625s][info][gc] GC(335) Pause Young (Allocation Failure) 752M->639M(907M) 14,664ms
[30,689s][info][gc] GC(336) Pause Young (Allocation Failure) 770M->647M(907M) 17,097ms
[30,755s][info][gc] GC(337) Pause Young (Allocation Failure) 778M->656M(915M) 19,348ms
[30,825s][info][gc] GC(338) Pause Young (Allocation Failure) 792M->665M(895M) 21,874ms
[30,897s][info][gc] GC(339) Pause Young (Allocation Failure) 801M->673M(905M) 24,228ms
[30,964s][info][gc] GC(340) Pause Young (Allocation Failure) 787M->681M(910M) 26,159ms
[31,030s][info][gc] GC(341) Pause Young (Allocation Failure) 795M->688M(910M) 24,493ms
[31,095s][info][gc] GC(342) Pause Young (Allocation Failure) 802M->695M(910M) 22,602ms
[31,157s][info][gc] GC(343) Pause Young (Allocation Failure) 809M->703M(906M) 20,601ms
[31,468s][info][gc] GC(344) Pause Full (Ergonomics) 703M->590M(908M) 311,466ms
[31,512s][info][gc] GC(345) Pause Young (Allocation Failure) 704M->598M(909M) 3,347ms
[31,560s][info][gc] GC(346) Pause Young (Allocation Failure) 713M->606M(911M) 5,768ms
[31,610s][info][gc] GC(347) Pause Young (Allocation Failure) 721M->614M(904M) 8,003ms
[31,663s][info][gc] GC(348) Pause Young (Allocation Failure) 730M->623M(908M) 10,041ms
[31,718s][info][gc] GC(349) Pause Young (Allocation Failure) 739M->631M(901M) 12,423ms
[31,778s][info][gc] GC(350) Pause Young (Allocation Failure) 757M->639M(907M) 14,595ms
[31,840s][info][gc] GC(351) Pause Young (Allocation Failure) 765M->647M(915M) 17,002ms
[31,908s][info][gc] GC(352) Pause Young (Allocation Failure) 784M->656M(915M) 19,412ms
[31,978s][info][gc] GC(353) Pause Young (Allocation Failure) 793M->665M(914M) 21,694ms
[32,049s][info][gc] GC(354) Pause Young (Allocation Failure) 797M->674M(899M) 23,968ms
[32,121s][info][gc] GC(355) Pause Young (Allocation Failure) 806M->682M(909M) 25,532ms
[32,193s][info][gc] GC(356) Pause Young (Allocation Failure) 796M->689M(910M) 31,754ms
[32,278s][info][gc] GC(357) Pause Young (Allocation Failure) 803M->696M(910M) 43,201ms
[32,374s][info][gc] GC(358) Pause Young (Allocation Failure) 810M->703M(910M) 53,338ms
[32,457s][info][gc] GC(359) Pause Young (Allocation Failure) 817M->710M(910M) 38,207ms
[32,533s][info][gc] GC(360) Pause Young (Allocation Failure) 824M->717M(910M) 32,159ms
[32,603s][info][gc] GC(361) Pause Young (Allocation Failure) 831M->724M(910M) 26,186ms
[32,669s][info][gc] GC(362) Pause Young (Allocation Failure) 838M->731M(910M) 24,010ms
[33,054s][info][gc] GC(363) Pause Full (Ergonomics) 731M->590M(910M) 385,203ms
[33,100s][info][gc] GC(364) Pause Young (Allocation Failure) 704M->598M(910M) 3,434ms
[33,146s][info][gc] GC(365) Pause Young (Allocation Failure) 712M->606M(910M) 5,686ms
[33,194s][info][gc] GC(366) Pause Young (Allocation Failure) 720M->614M(910M) 7,948ms
[33,244s][info][gc] GC(367) Pause Young (Allocation Failure) 728M->622M(910M) 10,081ms
[33,298s][info][gc] GC(368) Pause Young (Allocation Failure) 736M->630M(910M) 12,987ms
[33,349s][info][gc] GC(369) Pause Young (Allocation Failure) 744M->638M(910M) 10,999ms
[33,398s][info][gc] GC(370) Pause Young (Allocation Failure) 752M->646M(910M) 9,125ms
[33,445s][info][gc] GC(371) Pause Young (Allocation Failure) 760M->655M(910M) 6,273ms
[33,491s][info][gc] GC(372) Pause Young (Allocation Failure) 769M->663M(910M) 6,248ms
[33,820s][info][gc] GC(373) Pause Full (Ergonomics) 663M->590M(910M) 328,710ms
[33,864s][info][gc] GC(374) Pause Young (Allocation Failure) 704M->598M(910M) 3,485ms
[33,911s][info][gc] GC(375) Pause Young (Allocation Failure) 712M->607M(910M) 6,119ms
[33,959s][info][gc] GC(376) Pause Young (Allocation Failure) 721M->615M(805M) 6,341ms
[34,007s][info][gc] GC(377) Pause Young (Allocation Failure) 729M->623M(908M) 5,860ms
[34,058s][info][gc] GC(378) Pause Young (Allocation Failure) 742M->631M(907M) 8,581ms
[34,110s][info][gc] GC(379) Pause Young (Allocation Failure) 751M->640M(898M) 10,560ms
[34,168s][info][gc] GC(380) Pause Young (Allocation Failure) 767M->648M(903M) 12,768ms
[34,228s][info][gc] GC(381) Pause Young (Allocation Failure) 776M->657M(908M) 14,999ms
[34,293s][info][gc] GC(382) Pause Young (Allocation Failure) 792M->666M(910M) 17,539ms
[34,360s][info][gc] GC(383) Pause Young (Allocation Failure) 801M->675M(914M) 19,761ms
[34,430s][info][gc] GC(384) Pause Young (Allocation Failure) 809M->684M(894M) 22,143ms
[34,502s][info][gc] GC(385) Pause Young (Allocation Failure) 818M->692M(908M) 24,647ms
[34,569s][info][gc] GC(386) Pause Young (Allocation Failure) 806M->699M(910M) 26,320ms
[34,634s][info][gc] GC(387) Pause Young (Allocation Failure) 813M->706M(910M) 25,089ms
[34,698s][info][gc] GC(388) Pause Young (Allocation Failure) 820M->714M(910M) 22,744ms
[34,759s][info][gc] GC(389) Pause Young (Allocation Failure) 828M->721M(910M) 20,698ms
[35,086s][info][gc] GC(390) Pause Full (Ergonomics) 721M->590M(910M) 327,512ms
[35,132s][info][gc] GC(391) Pause Young (Allocation Failure) 704M->598M(910M) 3,411ms
[35,179s][info][gc] GC(392) Pause Young (Allocation Failure) 712M->607M(910M) 5,618ms
[35,228s][info][gc] GC(393) Pause Young (Allocation Failure) 721M->615M(905M) 7,930ms
[35,279s][info][gc] GC(394) Pause Young (Allocation Failure) 729M->623M(908M) 9,997ms
[35,332s][info][gc] GC(395) Pause Young (Allocation Failure) 737M->630M(902M) 12,242ms
[35,390s][info][gc] GC(396) Pause Young (Allocation Failure) 754M->639M(906M) 14,539ms
[35,451s][info][gc] GC(397) Pause Young (Allocation Failure) 762M->647M(914M) 16,725ms
[35,517s][info][gc] GC(398) Pause Young (Allocation Failure) 781M->656M(914M) 19,114ms
[35,586s][info][gc] GC(399) Pause Young (Allocation Failure) 790M->665M(913M) 21,550ms
[35,656s][info][gc] GC(400) Pause Young (Allocation Failure) 796M->673M(897M) 23,747ms
[35,729s][info][gc] GC(401) Pause Young (Allocation Failure) 804M->681M(909M) 25,816ms
[35,795s][info][gc] GC(402) Pause Young (Allocation Failure) 795M->688M(910M) 25,910ms
[35,860s][info][gc] GC(403) Pause Young (Allocation Failure) 802M->696M(910M) 24,361ms
[35,923s][info][gc] GC(404) Pause Young (Allocation Failure) 810M->703M(858M) 22,478ms
[35,984s][info][gc] GC(405) Pause Young (Allocation Failure) 817M->711M(913M) 20,672ms
[36,310s][info][gc] GC(406) Pause Full (Ergonomics) 711M->590M(909M) 325,797ms
[36,357s][info][gc] GC(407) Pause Young (Allocation Failure) 708M->599M(908M) 3,558ms
[36,405s][info][gc] GC(408) Pause Young (Allocation Failure) 715M->607M(911M) 5,830ms
[36,456s][info][gc] GC(409) Pause Young (Allocation Failure) 724M->615M(907M) 8,107ms
[36,509s][info][gc] GC(410) Pause Young (Allocation Failure) 732M->624M(909M) 10,348ms
[36,565s][info][gc] GC(411) Pause Young (Allocation Failure) 740M->632M(906M) 12,536ms
[36,624s][info][gc] GC(412) Pause Young (Allocation Failure) 757M->640M(909M) 14,487ms
[36,687s][info][gc] GC(413) Pause Young (Allocation Failure) 765M->648M(915M) 17,083ms
[36,755s][info][gc] GC(414) Pause Young (Allocation Failure) 784M->657M(915M) 19,604ms
[36,825s][info][gc] GC(415) Pause Young (Allocation Failure) 793M->666M(915M) 22,112ms
[36,896s][info][gc] GC(416) Pause Young (Allocation Failure) 799M->674M(900M) 23,934ms
[36,969s][info][gc] GC(417) Pause Young (Allocation Failure) 807M->683M(908M) 26,070ms
[37,040s][info][gc] GC(418) Pause Young (Allocation Failure) 797M->690M(910M) 30,632ms
[37,123s][info][gc] GC(419) Pause Young (Allocation Failure) 804M->697M(910M) 42,048ms
[37,204s][info][gc] GC(420) Pause Young (Allocation Failure) 811M->704M(910M) 40,929ms
[37,277s][info][gc] GC(421) Pause Young (Allocation Failure) 818M->711M(910M) 28,167ms
[37,347s][info][gc] GC(422) Pause Young (Allocation Failure) 825M->718M(910M) 26,398ms
[37,412s][info][gc] GC(423) Pause Young (Allocation Failure) 832M->725M(910M) 24,543ms
[37,737s][info][gc] GC(424) Pause Full (Ergonomics) 725M->590M(910M) 324,357ms
[37,780s][info][gc] GC(425) Pause Young (Allocation Failure) 704M->599M(910M) 3,407ms
[37,827s][info][gc] GC(426) Pause Young (Allocation Failure) 713M->607M(910M) 5,675ms
[37,878s][info][gc] GC(427) Pause Young (Allocation Failure) 721M->615M(910M) 7,853ms
[37,930s][info][gc] GC(428) Pause Young (Allocation Failure) 729M->623M(910M) 10,074ms
[37,983s][info][gc] GC(429) Pause Young (Allocation Failure) 737M->631M(910M) 13,015ms
[38,035s][info][gc] GC(430) Pause Young (Allocation Failure) 745M->639M(910M) 11,025ms
[38,085s][info][gc] GC(431) Pause Young (Allocation Failure) 753M->647M(910M) 9,304ms
[38,133s][info][gc] GC(432) Pause Young (Allocation Failure) 761M->655M(910M) 6,203ms
[38,181s][info][gc] GC(433) Pause Young (Allocation Failure) 769M->663M(910M) 6,224ms
[38,497s][info][gc] GC(434) Pause Full (Ergonomics) 663M->590M(910M) 316,637ms
[38,542s][info][gc] GC(435) Pause Young (Allocation Failure) 704M->599M(910M) 3,518ms
[38,590s][info][gc] GC(436) Pause Young (Allocation Failure) 713M->607M(805M) 6,172ms
[38,637s][info][gc] GC(437) Pause Young (Allocation Failure) 721M->615M(910M) 5,843ms
[38,688s][info][gc] GC(438) Pause Young (Allocation Failure) 735M->624M(908M) 8,070ms
[38,742s][info][gc] GC(439) Pause Young (Allocation Failure) 743M->632M(899M) 10,736ms
[38,800s][info][gc] GC(440) Pause Young (Allocation Failure) 759M->641M(904M) 12,823ms
[38,861s][info][gc] GC(441) Pause Young (Allocation Failure) 768M->649M(910M) 14,967ms
[38,926s][info][gc] GC(442) Pause Young (Allocation Failure) 785M->658M(911M) 17,176ms
[38,994s][info][gc] GC(443) Pause Young (Allocation Failure) 794M->667M(915M) 19,867ms
[39,064s][info][gc] GC(444) Pause Young (Allocation Failure) 802M->676M(895M) 22,205ms
[39,136s][info][gc] GC(445) Pause Young (Allocation Failure) 811M->684M(908M) 24,600ms
[39,203s][info][gc] GC(446) Pause Young (Allocation Failure) 798M->691M(910M) 26,126ms
[39,268s][info][gc] GC(447) Pause Young (Allocation Failure) 805M->699M(910M) 24,705ms
[39,331s][info][gc] GC(448) Pause Young (Allocation Failure) 813M->706M(910M) 22,973ms
[39,392s][info][gc] GC(449) Pause Young (Allocation Failure) 820M->714M(910M) 20,779ms
[39,715s][info][gc] GC(450) Pause Full (Ergonomics) 714M->590M(910M) 322,619ms
[39,759s][info][gc] GC(451) Pause Young (Allocation Failure) 704M->599M(910M) 3,549ms
[39,805s][info][gc] GC(452) Pause Young (Allocation Failure) 713M->607M(910M) 5,836ms
[39,854s][info][gc] GC(453) Pause Young (Allocation Failure) 721M->615M(905M) 7,855ms
[39,907s][info][gc] GC(454) Pause Young (Allocation Failure) 729M->623M(908M) 10,231ms
[39,960s][info][gc] GC(455) Pause Young (Allocation Failure) 737M->631M(902M) 12,279ms
[40,018s][info][gc] GC(456) Pause Young (Allocation Failure) 754M->639M(906M) 14,492ms
[40,079s][info][gc] GC(457) Pause Young (Allocation Failure) 763M->647M(914M) 16,705ms
[40,146s][info][gc] GC(458) Pause Young (Allocation Failure) 782M->656M(914M) 19,028ms
[40,215s][info][gc] GC(459) Pause Young (Allocation Failure) 791M->665M(913M) 21,293ms
[40,285s][info][gc] GC(460) Pause Young (Allocation Failure) 796M->673M(897M) 23,802ms
[40,357s][info][gc] GC(461) Pause Young (Allocation Failure) 804M->682M(909M) 25,451ms
[40,424s][info][gc] GC(462) Pause Young (Allocation Failure) 796M->689M(910M) 26,137ms
[40,488s][info][gc] GC(463) Pause Young (Allocation Failure) 803M->696M(910M) 24,426ms
[40,551s][info][gc] GC(464) Pause Young (Allocation Failure) 810M->703M(858M) 22,466ms
[40,612s][info][gc] GC(465) Pause Young (Allocation Failure) 817M->711M(913M) 20,368ms
[40,941s][info][gc] GC(466) Pause Full (Ergonomics) 711M->590M(909M) 328,760ms
[40,986s][info][gc] GC(467) Pause Young (Allocation Failure) 708M->599M(908M) 3,435ms
[41,034s][info][gc] GC(468) Pause Young (Allocation Failure) 716M->607M(911M) 5,760ms
[41,086s][info][gc] GC(469) Pause Young (Allocation Failure) 724M->616M(908M) 7,987ms
[41,138s][info][gc] GC(470) Pause Young (Allocation Failure) 733M->624M(910M) 10,183ms
[41,191s][info][gc] GC(471) Pause Young (Allocation Failure) 741M->632M(906M) 12,351ms
[41,250s][info][gc] GC(472) Pause Young (Allocation Failure) 757M->640M(909M) 14,744ms
[41,311s][info][gc] GC(473) Pause Young (Allocation Failure) 765M->649M(916M) 17,214ms
[41,379s][info][gc] GC(474) Pause Young (Allocation Failure) 785M->658M(916M) 19,462ms
[41,449s][info][gc] GC(475) Pause Young (Allocation Failure) 794M->667M(915M) 21,854ms
[41,521s][info][gc] GC(476) Pause Young (Allocation Failure) 800M->675M(901M) 24,036ms
[41,596s][info][gc] GC(477) Pause Young (Allocation Failure) 808M->683M(908M) 26,424ms
[41,670s][info][gc] GC(478) Pause Young (Allocation Failure) 797M->690M(910M) 32,065ms
[41,751s][info][gc] GC(479) Pause Young (Allocation Failure) 804M->697M(910M) 39,280ms
[41,838s][info][gc] GC(480) Pause Young (Allocation Failure) 811M->704M(910M) 43,875ms
[41,915s][info][gc] GC(481) Pause Young (Allocation Failure) 818M->711M(910M) 33,497ms
[41,984s][info][gc] GC(482) Pause Young (Allocation Failure) 825M->718M(910M) 25,729ms
[42,052s][info][gc] GC(483) Pause Young (Allocation Failure) 832M->726M(910M) 23,933ms
[42,389s][info][gc] GC(484) Pause Full (Ergonomics) 726M->590M(910M) 337,372ms
[42,434s][info][gc] GC(485) Pause Young (Allocation Failure) 704M->599M(910M) 3,423ms
[42,481s][info][gc] GC(486) Pause Young (Allocation Failure) 713M->607M(910M) 5,647ms
[42,530s][info][gc] GC(487) Pause Young (Allocation Failure) 721M->615M(910M) 7,961ms
[42,582s][info][gc] GC(488) Pause Young (Allocation Failure) 729M->623M(910M) 10,081ms
[42,642s][info][gc] GC(489) Pause Young (Allocation Failure) 737M->631M(910M) 12,799ms
[42,696s][info][gc] GC(490) Pause Young (Allocation Failure) 745M->639M(910M) 10,785ms
[42,748s][info][gc] GC(491) Pause Young (Allocation Failure) 753M->647M(910M) 9,040ms
[42,797s][info][gc] GC(492) Pause Young (Allocation Failure) 761M->655M(910M) 6,171ms
[42,843s][info][gc] GC(493) Pause Young (Allocation Failure) 769M->664M(910M) 6,231ms
[43,173s][info][gc] GC(494) Pause Full (Ergonomics) 664M->590M(910M) 329,471ms
[43,217s][info][gc] GC(495) Pause Young (Allocation Failure) 704M->599M(910M) 3,423ms
[43,266s][info][gc] GC(496) Pause Young (Allocation Failure) 713M->607M(805M) 6,148ms
[43,314s][info][gc] GC(497) Pause Young (Allocation Failure) 721M->615M(910M) 5,662ms
[43,366s][info][gc] GC(498) Pause Young (Allocation Failure) 735M->624M(908M) 8,076ms
[43,420s][info][gc] GC(499) Pause Young (Allocation Failure) 743M->632M(899M) 10,643ms
[43,478s][info][gc] GC(500) Pause Young (Allocation Failure) 760M->641M(904M) 12,794ms
[43,538s][info][gc] GC(501) Pause Young (Allocation Failure) 768M->649M(910M) 15,106ms
[43,603s][info][gc] GC(502) Pause Young (Allocation Failure) 784M->658M(911M) 17,460ms
[43,671s][info][gc] GC(503) Pause Young (Allocation Failure) 793M->667M(915M) 19,756ms
[43,741s][info][gc] GC(504) Pause Young (Allocation Failure) 802M->676M(895M) 22,314ms
[43,813s][info][gc] GC(505) Pause Young (Allocation Failure) 811M->684M(908M) 24,671ms
[43,880s][info][gc] GC(506) Pause Young (Allocation Failure) 798M->692M(910M) 26,370ms
[43,945s][info][gc] GC(507) Pause Young (Allocation Failure) 806M->699M(910M) 25,084ms
[44,009s][info][gc] GC(508) Pause Young (Allocation Failure) 813M->706M(910M) 22,611ms
[44,069s][info][gc] GC(509) Pause Young (Allocation Failure) 820M->714M(910M) 20,465ms
[44,394s][info][gc] GC(510) Pause Full (Ergonomics) 714M->590M(910M) 324,535ms
[44,439s][info][gc] GC(511) Pause Young (Allocation Failure) 704M->599M(910M) 3,444ms
[44,486s][info][gc] GC(512) Pause Young (Allocation Failure) 713M->607M(910M) 5,707ms
[44,535s][info][gc] GC(513) Pause Young (Allocation Failure) 721M->615M(905M) 7,806ms
[44,586s][info][gc] GC(514) Pause Young (Allocation Failure) 729M->623M(908M) 10,173ms
[44,638s][info][gc] GC(515) Pause Young (Allocation Failure) 737M->631M(902M) 12,235ms
[44,696s][info][gc] GC(516) Pause Young (Allocation Failure) 754M->639M(906M) 14,372ms
[44,756s][info][gc] GC(517) Pause Young (Allocation Failure) 763M->648M(914M) 16,939ms
[44,823s][info][gc] GC(518) Pause Young (Allocation Failure) 782M->656M(914M) 19,242ms
[44,893s][info][gc] GC(519) Pause Young (Allocation Failure) 791M->665M(913M) 21,527ms
[44,963s][info][gc] GC(520) Pause Young (Allocation Failure) 796M->673M(897M) 24,038ms
[45,036s][info][gc] GC(521) Pause Young (Allocation Failure) 804M->682M(909M) 25,708ms
[45,102s][info][gc] GC(522) Pause Young (Allocation Failure) 796M->689M(910M) 25,878ms
[45,166s][info][gc] GC(523) Pause Young (Allocation Failure) 803M->696M(910M) 24,437ms
[45,229s][info][gc] GC(524) Pause Young (Allocation Failure) 810M->704M(858M) 22,472ms
[45,290s][info][gc] GC(525) Pause Young (Allocation Failure) 818M->711M(913M) 20,411ms
[45,619s][info][gc] GC(526) Pause Full (Ergonomics) 711M->590M(909M) 329,151ms
[45,666s][info][gc] GC(527) Pause Young (Allocation Failure) 708M->599M(908M) 3,607ms
[45,713s][info][gc] GC(528) Pause Young (Allocation Failure) 716M->608M(911M) 5,766ms
[45,764s][info][gc] GC(529) Pause Young (Allocation Failure) 724M->616M(907M) 8,077ms
[45,817s][info][gc] GC(530) Pause Young (Allocation Failure) 732M->624M(909M) 10,356ms
[45,870s][info][gc] GC(531) Pause Young (Allocation Failure) 740M->632M(904M) 12,298ms
[45,929s][info][gc] GC(532) Pause Young (Allocation Failure) 756M->640M(908M) 14,913ms
[45,990s][info][gc] GC(533) Pause Young (Allocation Failure) 765M->649M(915M) 17,147ms
[46,057s][info][gc] GC(534) Pause Young (Allocation Failure) 785M->658M(915M) 19,222ms
[46,128s][info][gc] GC(535) Pause Young (Allocation Failure) 794M->666M(915M) 21,853ms
[46,200s][info][gc] GC(536) Pause Young (Allocation Failure) 799M->675M(900M) 24,034ms
[46,273s][info][gc] GC(537) Pause Young (Allocation Failure) 808M->683M(908M) 26,233ms
[46,345s][info][gc] GC(538) Pause Young (Allocation Failure) 797M->690M(910M) 31,573ms
[46,426s][info][gc] GC(539) Pause Young (Allocation Failure) 804M->697M(910M) 40,184ms
[46,509s][info][gc] GC(540) Pause Young (Allocation Failure) 811M->704M(910M) 41,227ms
[46,584s][info][gc] GC(541) Pause Young (Allocation Failure) 818M->711M(910M) 30,552ms
[46,654s][info][gc] GC(542) Pause Young (Allocation Failure) 825M->718M(910M) 26,047ms
[46,723s][info][gc] GC(543) Pause Young (Allocation Failure) 832M->726M(910M) 24,391ms
[47,054s][info][gc] GC(544) Pause Full (Ergonomics) 726M->590M(910M) 331,130ms
[47,098s][info][gc] GC(545) Pause Young (Allocation Failure) 704M->599M(910M) 3,419ms
[47,146s][info][gc] GC(546) Pause Young (Allocation Failure) 713M->607M(910M) 5,592ms
[47,197s][info][gc] GC(547) Pause Young (Allocation Failure) 721M->615M(910M) 7,801ms
[47,249s][info][gc] GC(548) Pause Young (Allocation Failure) 729M->623M(910M) 10,015ms
[47,304s][info][gc] GC(549) Pause Young (Allocation Failure) 737M->631M(910M) 12,895ms
[47,357s][info][gc] GC(550) Pause Young (Allocation Failure) 745M->639M(910M) 10,863ms
[47,408s][info][gc] GC(551) Pause Young (Allocation Failure) 753M->647M(910M) 9,184ms
[47,455s][info][gc] GC(552) Pause Young (Allocation Failure) 761M->655M(910M) 6,270ms
[47,502s][info][gc] GC(553) Pause Young (Allocation Failure) 769M->664M(910M) 6,240ms
[47,825s][info][gc] GC(554) Pause Full (Ergonomics) 664M->590M(910M) 322,831ms
[47,869s][info][gc] GC(555) Pause Young (Allocation Failure) 704M->599M(910M) 3,518ms
[47,916s][info][gc] GC(556) Pause Young (Allocation Failure) 713M->607M(805M) 6,068ms
[47,966s][info][gc] GC(557) Pause Young (Allocation Failure) 721M->615M(910M) 5,613ms
[48,019s][info][gc] GC(558) Pause Young (Allocation Failure) 735M->624M(908M) 8,053ms
[48,074s][info][gc] GC(559) Pause Young (Allocation Failure) 743M->632M(899M) 10,670ms
[48,134s][info][gc] GC(560) Pause Young (Allocation Failure) 760M->641M(904M) 12,761ms
[48,196s][info][gc] GC(561) Pause Young (Allocation Failure) 768M->649M(910M) 14,847ms
[48,263s][info][gc] GC(562) Pause Young (Allocation Failure) 785M->659M(911M) 17,458ms
[48,333s][info][gc] GC(563) Pause Young (Allocation Failure) 794M->667M(915M) 19,715ms
[48,405s][info][gc] GC(564) Pause Young (Allocation Failure) 802M->676M(895M) 22,167ms
[48,478s][info][gc] GC(565) Pause Young (Allocation Failure) 811M->685M(908M) 24,736ms
[48,545s][info][gc] GC(566) Pause Young (Allocation Failure) 799M->692M(910M) 26,445ms
[48,612s][info][gc] GC(567) Pause Young (Allocation Failure) 806M->699M(910M) 24,901ms
[48,676s][info][gc] GC(568) Pause Young (Allocation Failure) 813M->706M(910M) 22,664ms
[48,738s][info][gc] GC(569) Pause Young (Allocation Failure) 820M->714M(910M) 20,578ms
[49,063s][info][gc] GC(570) Pause Full (Ergonomics) 714M->590M(910M) 325,498ms
[49,110s][info][gc] GC(571) Pause Young (Allocation Failure) 704M->599M(910M) 3,463ms
[49,160s][info][gc] GC(572) Pause Young (Allocation Failure) 713M->607M(910M) 5,695ms
[49,210s][info][gc] GC(573) Pause Young (Allocation Failure) 721M->615M(906M) 7,834ms
[49,262s][info][gc] GC(574) Pause Young (Allocation Failure) 729M->623M(908M) 10,132ms
[49,316s][info][gc] GC(575) Pause Young (Allocation Failure) 737M->631M(902M) 12,613ms
[49,376s][info][gc] GC(576) Pause Young (Allocation Failure) 754M->639M(906M) 14,669ms
[49,437s][info][gc] GC(577) Pause Young (Allocation Failure) 762M->648M(913M) 16,670ms
[49,505s][info][gc] GC(578) Pause Young (Allocation Failure) 781M->656M(913M) 19,179ms
[49,575s][info][gc] GC(579) Pause Young (Allocation Failure) 790M->665M(914M) 21,428ms
[49,646s][info][gc] GC(580) Pause Young (Allocation Failure) 797M->673M(898M) 23,366ms
[49,720s][info][gc] GC(581) Pause Young (Allocation Failure) 805M->682M(908M) 25,679ms
[49,786s][info][gc] GC(582) Pause Young (Allocation Failure) 796M->689M(910M) 25,346ms
[49,851s][info][gc] GC(583) Pause Young (Allocation Failure) 803M->696M(910M) 25,033ms
[49,915s][info][gc] GC(584) Pause Young (Allocation Failure) 810M->704M(858M) 22,601ms
[49,976s][info][gc] GC(585) Pause Young (Allocation Failure) 818M->711M(912M) 20,467ms
[50,307s][info][gc] GC(586) Pause Full (Ergonomics) 711M->590M(909M) 330,881ms
[50,353s][info][gc] GC(587) Pause Young (Allocation Failure) 708M->599M(908M) 3,505ms
[50,402s][info][gc] GC(588) Pause Young (Allocation Failure) 716M->608M(912M) 5,753ms
[50,452s][info][gc] GC(589) Pause Young (Allocation Failure) 725M->616M(908M) 8,154ms
[50,504s][info][gc] GC(590) Pause Young (Allocation Failure) 733M->624M(910M) 10,418ms
[50,558s][info][gc] GC(591) Pause Young (Allocation Failure) 741M->632M(906M) 12,370ms
[50,618s][info][gc] GC(592) Pause Young (Allocation Failure) 757M->641M(909M) 14,928ms
[50,680s][info][gc] GC(593) Pause Young (Allocation Failure) 766M->649M(916M) 17,116ms
[50,748s][info][gc] GC(594) Pause Young (Allocation Failure) 785M->658M(916M) 19,385ms
[50,818s][info][gc] GC(595) Pause Young (Allocation Failure) 794M->667M(915M) 22,001ms
[50,888s][info][gc] GC(596) Pause Young (Allocation Failure) 800M->675M(900M) 23,938ms
[50,961s][info][gc] GC(597) Pause Young (Allocation Failure) 808M->683M(908M) 25,977ms
[51,034s][info][gc] GC(598) Pause Young (Allocation Failure) 797M->690M(910M) 32,321ms
[51,117s][info][gc] GC(599) Pause Young (Allocation Failure) 804M->697M(910M) 43,312ms
[51,204s][info][gc] GC(600) Pause Young (Allocation Failure) 811M->704M(910M) 41,739ms
[51,278s][info][gc] GC(601) Pause Young (Allocation Failure) 818M->711M(910M) 29,115ms
[51,348s][info][gc] GC(602) Pause Young (Allocation Failure) 825M->718M(910M) 26,379ms
[51,415s][info][gc] GC(603) Pause Young (Allocation Failure) 832M->726M(910M) 24,379ms
[51,743s][info][gc] GC(604) Pause Full (Ergonomics) 726M->590M(910M) 327,457ms
[51,787s][info][gc] GC(605) Pause Young (Allocation Failure) 704M->599M(910M) 3,546ms
[51,835s][info][gc] GC(606) Pause Young (Allocation Failure) 713M->607M(910M) 5,739ms
[51,886s][info][gc] GC(607) Pause Young (Allocation Failure) 721M->615M(910M) 7,920ms
[51,938s][info][gc] GC(608) Pause Young (Allocation Failure) 729M->623M(910M) 10,080ms
[51,993s][info][gc] GC(609) Pause Young (Allocation Failure) 737M->631M(910M) 12,877ms
[52,044s][info][gc] GC(610) Pause Young (Allocation Failure) 745M->639M(910M) 10,908ms
[52,094s][info][gc] GC(611) Pause Young (Allocation Failure) 753M->647M(910M) 9,073ms
[52,141s][info][gc] GC(612) Pause Young (Allocation Failure) 761M->656M(910M) 6,217ms
[52,187s][info][gc] GC(613) Pause Young (Allocation Failure) 770M->664M(910M) 6,270ms
[52,520s][info][gc] GC(614) Pause Full (Ergonomics) 664M->590M(910M) 333,089ms
[52,565s][info][gc] GC(615) Pause Young (Allocation Failure) 704M->599M(910M) 3,476ms
[52,612s][info][gc] GC(616) Pause Young (Allocation Failure) 713M->607M(805M) 6,073ms
[52,660s][info][gc] GC(617) Pause Young (Allocation Failure) 721M->615M(910M) 5,665ms
[52,714s][info][gc] GC(618) Pause Young (Allocation Failure) 735M->624M(908M) 7,968ms
[52,769s][info][gc] GC(619) Pause Young (Allocation Failure) 743M->632M(899M) 10,703ms
[52,828s][info][gc] GC(620) Pause Young (Allocation Failure) 760M->641M(904M) 12,636ms
[52,890s][info][gc] GC(621) Pause Young (Allocation Failure) 768M->650M(910M) 14,908ms
[52,957s][info][gc] GC(622) Pause Young (Allocation Failure) 785M->659M(911M) 17,526ms
[53,025s][info][gc] GC(623) Pause Young (Allocation Failure) 794M->667M(914M) 19,770ms
[53,095s][info][gc] GC(624) Pause Young (Allocation Failure) 801M->676M(894M) 22,213ms
[53,167s][info][gc] GC(625) Pause Young (Allocation Failure) 810M->684M(908M) 24,738ms
[53,234s][info][gc] GC(626) Pause Young (Allocation Failure) 798M->692M(910M) 26,590ms
[53,300s][info][gc] GC(627) Pause Young (Allocation Failure) 806M->699M(910M) 24,969ms
[53,363s][info][gc] GC(628) Pause Young (Allocation Failure) 813M->706M(910M) 22,890ms
[53,424s][info][gc] GC(629) Pause Young (Allocation Failure) 820M->714M(910M) 20,657ms
[53,749s][info][gc] GC(630) Pause Full (Ergonomics) 714M->590M(910M) 324,521ms
[53,795s][info][gc] GC(631) Pause Young (Allocation Failure) 704M->599M(910M) 3,458ms
[53,844s][info][gc] GC(632) Pause Young (Allocation Failure) 713M->607M(910M) 5,621ms
[53,895s][info][gc] GC(633) Pause Young (Allocation Failure) 721M->615M(905M) 7,808ms
[53,946s][info][gc] GC(634) Pause Young (Allocation Failure) 729M->623M(908M) 9,980ms
[53,999s][info][gc] GC(635) Pause Young (Allocation Failure) 737M->631M(902M) 12,387ms
[54,058s][info][gc] GC(636) Pause Young (Allocation Failure) 754M->639M(906M) 14,507ms
[54,119s][info][gc] GC(637) Pause Young (Allocation Failure) 763M->648M(914M) 16,824ms
[54,187s][info][gc] GC(638) Pause Young (Allocation Failure) 782M->656M(914M) 19,429ms
[54,256s][info][gc] GC(639) Pause Young (Allocation Failure) 790M->665M(913M) 21,365ms
[54,327s][info][gc] GC(640) Pause Young (Allocation Failure) 796M->673M(897M) 23,888ms
[54,399s][info][gc] GC(641) Pause Young (Allocation Failure) 804M->682M(908M) 25,761ms
[54,466s][info][gc] GC(642) Pause Young (Allocation Failure) 796M->689M(910M) 26,308ms
[54,531s][info][gc] GC(643) Pause Young (Allocation Failure) 803M->696M(910M) 24,423ms
[54,594s][info][gc] GC(644) Pause Young (Allocation Failure) 810M->704M(858M) 22,444ms
[54,655s][info][gc] GC(645) Pause Young (Allocation Failure) 818M->711M(912M) 20,477ms
[54,975s][info][gc] GC(646) Pause Full (Ergonomics) 711M->590M(909M) 319,507ms
[55,021s][info][gc] GC(647) Pause Young (Allocation Failure) 708M->599M(908M) 3,658ms
[55,071s][info][gc] GC(648) Pause Young (Allocation Failure) 716M->608M(912M) 6,153ms
[55,124s][info][gc] GC(649) Pause Young (Allocation Failure) 725M->616M(908M) 7,967ms
[55,179s][info][gc] GC(650) Pause Young (Allocation Failure) 733M->624M(910M) 10,248ms
[55,235s][info][gc] GC(651) Pause Young (Allocation Failure) 741M->632M(906M) 12,532ms
[55,295s][info][gc] GC(652) Pause Young (Allocation Failure) 757M->640M(909M) 14,816ms
[55,357s][info][gc] GC(653) Pause Young (Allocation Failure) 765M->649M(916M) 17,161ms
[55,425s][info][gc] GC(654) Pause Young (Allocation Failure) 785M->658M(916M) 19,109ms
[55,496s][info][gc] GC(655) Pause Young (Allocation Failure) 794M->667M(915M) 21,683ms
[55,567s][info][gc] GC(656) Pause Young (Allocation Failure) 800M->675M(900M) 24,131ms
[55,641s][info][gc] GC(657) Pause Young (Allocation Failure) 808M->683M(908M) 26,151ms
[55,713s][info][gc] GC(658) Pause Young (Allocation Failure) 797M->690M(910M) 31,617ms
[55,799s][info][gc] GC(659) Pause Young (Allocation Failure) 804M->697M(910M) 43,765ms
[55,883s][info][gc] GC(660) Pause Young (Allocation Failure) 811M->704M(910M) 39,610ms
[55,960s][info][gc] GC(661) Pause Young (Allocation Failure) 818M->711M(910M) 33,052ms
[56,030s][info][gc] GC(662) Pause Young (Allocation Failure) 825M->718M(910M) 26,138ms
[56,097s][info][gc] GC(663) Pause Young (Allocation Failure) 832M->726M(910M) 24,187ms
[56,413s][info][gc] GC(664) Pause Full (Ergonomics) 726M->590M(910M) 316,672ms
[56,458s][info][gc] GC(665) Pause Young (Allocation Failure) 704M->599M(910M) 3,443ms
[56,505s][info][gc] GC(666) Pause Young (Allocation Failure) 713M->607M(910M) 5,703ms
[56,554s][info][gc] GC(667) Pause Young (Allocation Failure) 721M->615M(910M) 7,835ms
[56,606s][info][gc] GC(668) Pause Young (Allocation Failure) 729M->623M(910M) 10,183ms
[56,661s][info][gc] GC(669) Pause Young (Allocation Failure) 737M->631M(910M) 12,842ms
[56,714s][info][gc] GC(670) Pause Young (Allocation Failure) 745M->639M(910M) 10,944ms
[56,764s][info][gc] GC(671) Pause Young (Allocation Failure) 753M->647M(910M) 9,040ms
[56,811s][info][gc] GC(672) Pause Young (Allocation Failure) 761M->656M(910M) 6,182ms
[56,858s][info][gc] GC(673) Pause Young (Allocation Failure) 770M->664M(910M) 6,291ms
[57,247s][info][gc] GC(674) Pause Full (Ergonomics) 664M->590M(910M) 388,769ms
[57,292s][info][gc] GC(675) Pause Young (Allocation Failure) 704M->599M(910M) 3,541ms
[57,341s][info][gc] GC(676) Pause Young (Allocation Failure) 713M->607M(805M) 6,175ms
[57,388s][info][gc] GC(677) Pause Young (Allocation Failure) 721M->615M(910M) 5,784ms
[57,439s][info][gc] GC(678) Pause Young (Allocation Failure) 735M->624M(908M) 8,153ms
[57,493s][info][gc] GC(679) Pause Young (Allocation Failure) 743M->632M(899M) 10,898ms
[57,552s][info][gc] GC(680) Pause Young (Allocation Failure) 760M->641M(904M) 12,641ms
[57,614s][info][gc] GC(681) Pause Young (Allocation Failure) 768M->649M(910M) 15,166ms
[57,680s][info][gc] GC(682) Pause Young (Allocation Failure) 785M->658M(911M) 17,578ms
[57,749s][info][gc] GC(683) Pause Young (Allocation Failure) 794M->667M(915M) 20,130ms
[57,819s][info][gc] GC(684) Pause Young (Allocation Failure) 802M->676M(895M) 22,435ms
[57,892s][info][gc] GC(685) Pause Young (Allocation Failure) 811M->685M(908M) 24,791ms
[57,960s][info][gc] GC(686) Pause Young (Allocation Failure) 799M->692M(910M) 26,522ms
[58,027s][info][gc] GC(687) Pause Young (Allocation Failure) 806M->699M(910M) 25,188ms
[58,092s][info][gc] GC(688) Pause Young (Allocation Failure) 813M->706M(910M) 23,153ms
[58,153s][info][gc] GC(689) Pause Young (Allocation Failure) 820M->714M(910M) 20,784ms
[58,480s][info][gc] GC(690) Pause Full (Ergonomics) 714M->590M(910M) 326,264ms
[58,525s][info][gc] GC(691) Pause Young (Allocation Failure) 704M->599M(910M) 3,410ms
[58,573s][info][gc] GC(692) Pause Young (Allocation Failure) 713M->607M(910M) 5,644ms
[58,624s][info][gc] GC(693) Pause Young (Allocation Failure) 721M->615M(906M) 7,957ms
[58,675s][info][gc] GC(694) Pause Young (Allocation Failure) 729M->623M(908M) 10,107ms
[58,730s][info][gc] GC(695) Pause Young (Allocation Failure) 737M->631M(903M) 12,248ms
[58,790s][info][gc] GC(696) Pause Young (Allocation Failure) 754M->639M(906M) 14,663ms
[58,851s][info][gc] GC(697) Pause Young (Allocation Failure) 762M->647M(913M) 16,719ms
[58,919s][info][gc] GC(698) Pause Young (Allocation Failure) 781M->656M(913M) 19,289ms
[58,989s][info][gc] GC(699) Pause Young (Allocation Failure) 790M->665M(914M) 21,643ms
[59,060s][info][gc] GC(700) Pause Young (Allocation Failure) 797M->673M(898M) 23,781ms
[59,133s][info][gc] GC(701) Pause Young (Allocation Failure) 805M->681M(908M) 25,932ms
[59,203s][info][gc] GC(702) Pause Young (Allocation Failure) 795M->688M(910M) 28,156ms
[59,271s][info][gc] GC(703) Pause Young (Allocation Failure) 802M->696M(910M) 26,517ms
[59,337s][info][gc] GC(704) Pause Young (Allocation Failure) 810M->703M(910M) 24,590ms
[59,401s][info][gc] GC(705) Pause Young (Allocation Failure) 817M->710M(910M) 22,665ms
[59,731s][info][gc] GC(706) Pause Full (Ergonomics) 710M->590M(910M) 330,347ms
[59,776s][info][gc] GC(707) Pause Young (Allocation Failure) 704M->599M(910M) 3,497ms
[59,823s][info][gc] GC(708) Pause Young (Allocation Failure) 713M->607M(910M) 5,680ms
[59,874s][info][gc] GC(709) Pause Young (Allocation Failure) 721M->615M(910M) 7,803ms
[59,926s][info][gc] GC(710) Pause Young (Allocation Failure) 729M->623M(910M) 10,402ms
[59,979s][info][gc] GC(711) Pause Young (Allocation Failure) 737M->631M(909M) 11,058ms
[60,029s][info][gc] GC(712) Pause Young (Allocation Failure) 745M->639M(822M) 8,172ms
[60,081s][info][gc] GC(713) Pause Young (Allocation Failure) 753M->647M(911M) 10,230ms
[60,137s][info][gc] GC(714) Pause Young (Allocation Failure) 768M->655M(908M) 12,370ms
[60,194s][info][gc] GC(715) Pause Young (Allocation Failure) 776M->664M(909M) 14,567ms
[60,259s][info][gc] GC(716) Pause Young (Allocation Failure) 795M->672M(909M) 17,080ms
[60,325s][info][gc] GC(717) Pause Young (Allocation Failure) 803M->681M(918M) 19,534ms
[60,398s][info][gc] GC(718) Pause Young (Allocation Failure) 821M->690M(898M) 22,029ms
[60,474s][info][gc] GC(719) Pause Young (Allocation Failure) 829M->699M(904M) 24,423ms
[60,542s][info][gc] GC(720) Pause Young (Allocation Failure) 815M->706M(883M) 26,282ms
[60,611s][info][gc] GC(721) Pause Young (Allocation Failure) 822M->713M(910M) 26,194ms
[60,677s][info][gc] GC(722) Pause Young (Allocation Failure) 827M->721M(910M) 24,829ms
[60,740s][info][gc] GC(723) Pause Young (Allocation Failure) 835M->728M(909M) 22,746ms
[61,073s][info][gc] GC(724) Pause Full (Ergonomics) 728M->590M(910M) 332,289ms
[61,117s][info][gc] GC(725) Pause Young (Allocation Failure) 704M->599M(910M) 3,439ms
[61,165s][info][gc] GC(726) Pause Young (Allocation Failure) 713M->607M(910M) 5,640ms
[61,216s][info][gc] GC(727) Pause Young (Allocation Failure) 721M->615M(910M) 7,979ms
[61,268s][info][gc] GC(728) Pause Young (Allocation Failure) 729M->623M(822M) 10,437ms
[61,319s][info][gc] GC(729) Pause Young (Allocation Failure) 737M->631M(913M) 10,155ms
[61,375s][info][gc] GC(730) Pause Young (Allocation Failure) 750M->639M(842M) 12,427ms
[61,433s][info][gc] GC(731) Pause Young (Allocation Failure) 758M->647M(909M) 14,793ms
[61,495s][info][gc] GC(732) Pause Young (Allocation Failure) 774M->656M(907M) 17,178ms
[61,559s][info][gc] GC(733) Pause Young (Allocation Failure) 782M->664M(915M) 19,112ms
[61,630s][info][gc] GC(734) Pause Young (Allocation Failure) 799M->673M(918M) 21,639ms
[61,703s][info][gc] GC(735) Pause Young (Allocation Failure) 808M->681M(912M) 24,124ms
[61,774s][info][gc] GC(736) Pause Young (Allocation Failure) 806M->689M(884M) 24,346ms
[61,845s][info][gc] GC(737) Pause Young (Allocation Failure) 814M->697M(908M) 24,603ms
[61,911s][info][gc] GC(738) Pause Young (Allocation Failure) 811M->705M(910M) 24,787ms
[61,975s][info][gc] GC(739) Pause Young (Allocation Failure) 819M->712M(901M) 22,909ms
[62,037s][info][gc] GC(740) Pause Young (Allocation Failure) 827M->720M(906M) 20,781ms
[62,356s][info][gc] GC(741) Pause Full (Ergonomics) 720M->590M(914M) 319,490ms
[62,406s][info][gc] GC(742) Pause Young (Allocation Failure) 717M->600M(914M) 3,591ms
[62,458s][info][gc] GC(743) Pause Young (Allocation Failure) 727M->609M(914M) 6,166ms
[62,512s][info][gc] GC(744) Pause Young (Allocation Failure) 732M->618M(833M) 8,617ms
[62,567s][info][gc] GC(745) Pause Young (Allocation Failure) 741M->626M(917M) 11,083ms
[62,626s][info][gc] GC(746) Pause Young (Allocation Failure) 754M->635M(855M) 13,384ms
[62,687s][info][gc] GC(747) Pause Young (Allocation Failure) 762M->643M(914M) 15,727ms
[62,753s][info][gc] GC(748) Pause Young (Allocation Failure) 777M->652M(911M) 18,208ms
[62,822s][info][gc] GC(749) Pause Young (Allocation Failure) 786M->661M(921M) 20,290ms
[62,898s][info][gc] GC(750) Pause Young (Allocation Failure) 803M->670M(905M) 23,135ms
[62,974s][info][gc] GC(751) Pause Young (Allocation Failure) 813M->679M(903M) 25,455ms
[63,042s][info][gc] GC(752) Pause Young (Allocation Failure) 794M->686M(894M) 26,878ms
[63,124s][info][gc] GC(753) Pause Young (Allocation Failure) 801M->693M(910M) 40,590ms
[63,202s][info][gc] GC(754) Pause Young (Allocation Failure) 807M->700M(910M) 37,407ms
[63,274s][info][gc] GC(755) Pause Young (Allocation Failure) 814M->707M(910M) 26,960ms
[63,342s][info][gc] GC(756) Pause Young (Allocation Failure) 821M->715M(910M) 25,332ms
[63,406s][info][gc] GC(757) Pause Young (Allocation Failure) 829M->722M(910M) 22,848ms
[63,735s][info][gc] GC(758) Pause Full (Ergonomics) 722M->590M(910M) 329,352ms
[63,779s][info][gc] GC(759) Pause Young (Allocation Failure) 704M->599M(910M) 3,558ms
[63,826s][info][gc] GC(760) Pause Young (Allocation Failure) 713M->607M(910M) 5,637ms
[63,877s][info][gc] GC(761) Pause Young (Allocation Failure) 721M->615M(910M) 7,845ms
[63,929s][info][gc] GC(762) Pause Young (Allocation Failure) 729M->623M(910M) 10,415ms
[63,981s][info][gc] GC(763) Pause Young (Allocation Failure) 737M->631M(910M) 11,066ms
[64,031s][info][gc] GC(764) Pause Young (Allocation Failure) 745M->639M(910M) 9,147ms
[64,078s][info][gc] GC(765) Pause Young (Allocation Failure) 753M->648M(910M) 6,272ms
[64,125s][info][gc] GC(766) Pause Young (Allocation Failure) 762M->656M(910M) 6,318ms
[64,174s][info][gc] GC(767) Pause Young (Allocation Failure) 770M->664M(907M) 6,424ms
[64,221s][info][gc] GC(768) Pause Young (Allocation Failure) 778M->672M(814M) 5,783ms
[64,270s][info][gc] GC(769) Pause Young (Allocation Failure) 786M->680M(904M) 7,971ms
[64,326s][info][gc] GC(770) Pause Young (Allocation Failure) 803M->689M(906M) 10,566ms
[64,382s][info][gc] GC(771) Pause Young (Allocation Failure) 811M->697M(905M) 12,726ms
[64,445s][info][gc] GC(772) Pause Young (Allocation Failure) 830M->706M(907M) 15,292ms
[64,511s][info][gc] GC(773) Pause Young (Allocation Failure) 839M->715M(916M) 17,701ms
[64,580s][info][gc] GC(774) Pause Young (Allocation Failure) 856M->724M(920M) 20,087ms
[64,654s][info][gc] GC(775) Pause Young (Allocation Failure) 865M->733M(906M) 22,581ms
[64,721s][info][gc] GC(776) Pause Young (Allocation Failure) 854M->741M(882M) 24,878ms
[65,048s][info][gc] GC(777) Pause Full (Ergonomics) 741M->590M(910M) 326,745ms
[65,092s][info][gc] GC(778) Pause Young (Allocation Failure) 704M->599M(910M) 3,471ms
[65,139s][info][gc] GC(779) Pause Young (Allocation Failure) 713M->607M(909M) 5,673ms
[65,189s][info][gc] GC(780) Pause Young (Allocation Failure) 721M->615M(822M) 8,092ms
[65,241s][info][gc] GC(781) Pause Young (Allocation Failure) 729M->623M(910M) 10,317ms
[65,296s][info][gc] GC(782) Pause Young (Allocation Failure) 744M->631M(907M) 12,302ms
[65,354s][info][gc] GC(783) Pause Young (Allocation Failure) 752M->640M(909M) 14,837ms
[65,418s][info][gc] GC(784) Pause Young (Allocation Failure) 772M->648M(910M) 17,057ms
[65,484s][info][gc] GC(785) Pause Young (Allocation Failure) 780M->657M(919M) 19,414ms
[65,556s][info][gc] GC(786) Pause Young (Allocation Failure) 797M->666M(899M) 21,851ms
[65,630s][info][gc] GC(787) Pause Young (Allocation Failure) 806M->675M(903M) 24,263ms
[65,697s][info][gc] GC(788) Pause Young (Allocation Failure) 789M->682M(910M) 26,103ms
[65,769s][info][gc] GC(789) Pause Young (Allocation Failure) 796M->689M(910M) 31,632ms
[65,838s][info][gc] GC(790) Pause Young (Allocation Failure) 803M->696M(910M) 27,843ms
[65,906s][info][gc] GC(791) Pause Young (Allocation Failure) 810M->703M(910M) 26,504ms
[65,972s][info][gc] GC(792) Pause Young (Allocation Failure) 817M->711M(910M) 24,831ms
[66,035s][info][gc] GC(793) Pause Young (Allocation Failure) 825M->718M(910M) 22,431ms
[66,362s][info][gc] GC(794) Pause Full (Ergonomics) 718M->590M(910M) 327,374ms
[66,407s][info][gc] GC(795) Pause Young (Allocation Failure) 704M->599M(910M) 3,416ms
[66,454s][info][gc] GC(796) Pause Young (Allocation Failure) 713M->607M(910M) 5,592ms
[66,504s][info][gc] GC(797) Pause Young (Allocation Failure) 721M->615M(910M) 7,760ms
[66,555s][info][gc] GC(798) Pause Young (Allocation Failure) 729M->623M(910M) 10,346ms
[66,607s][info][gc] GC(799) Pause Young (Allocation Failure) 737M->631M(910M) 10,984ms
[66,657s][info][gc] GC(800) Pause Young (Allocation Failure) 745M->639M(910M) 9,167ms
[66,704s][info][gc] GC(801) Pause Young (Allocation Failure) 753M->648M(910M) 6,197ms
[66,751s][info][gc] GC(802) Pause Young (Allocation Failure) 762M->656M(805M) 6,297ms
[66,798s][info][gc] GC(803) Pause Young (Allocation Failure) 770M->664M(913M) 5,776ms
[66,848s][info][gc] GC(804) Pause Young (Allocation Failure) 783M->672M(826M) 8,067ms
[66,901s][info][gc] GC(805) Pause Young (Allocation Failure) 791M->681M(906M) 10,395ms
[66,960s][info][gc] GC(806) Pause Young (Allocation Failure) 809M->689M(906M) 12,915ms
[67,021s][info][gc] GC(807) Pause Young (Allocation Failure) 817M->698M(913M) 15,186ms
[67,087s][info][gc] GC(808) Pause Young (Allocation Failure) 836M->707M(914M) 17,636ms
[67,156s][info][gc] GC(809) Pause Young (Allocation Failure) 845M->716M(916M) 20,086ms
[67,228s][info][gc] GC(810) Pause Young (Allocation Failure) 853M->725M(898M) 22,468ms
[67,302s][info][gc] GC(811) Pause Young (Allocation Failure) 862M->734M(906M) 24,881ms
[67,367s][info][gc] GC(812) Pause Young (Allocation Failure) 848M->741M(910M) 25,208ms
[67,699s][info][gc] GC(813) Pause Full (Ergonomics) 741M->590M(910M) 331,679ms
[67,745s][info][gc] GC(814) Pause Young (Allocation Failure) 704M->599M(910M) 3,439ms
[67,793s][info][gc] GC(815) Pause Young (Allocation Failure) 713M->607M(910M) 5,733ms
[67,842s][info][gc] GC(816) Pause Young (Allocation Failure) 721M->615M(822M) 8,017ms
[67,893s][info][gc] GC(817) Pause Young (Allocation Failure) 729M->623M(913M) 10,096ms
[67,948s][info][gc] GC(818) Pause Young (Allocation Failure) 743M->631M(843M) 12,305ms
[68,005s][info][gc] GC(819) Pause Young (Allocation Failure) 751M->639M(909M) 14,811ms
[68,068s][info][gc] GC(820) Pause Young (Allocation Failure) 766M->648M(906M) 16,876ms
[68,131s][info][gc] GC(821) Pause Young (Allocation Failure) 774M->656M(916M) 19,020ms
[68,202s][info][gc] GC(822) Pause Young (Allocation Failure) 792M->665M(894M) 21,793ms
[68,274s][info][gc] GC(823) Pause Young (Allocation Failure) 801M->674M(904M) 24,195ms
[68,341s][info][gc] GC(824) Pause Young (Allocation Failure) 789M->681M(881M) 25,779ms
[68,408s][info][gc] GC(825) Pause Young (Allocation Failure) 796M->688M(910M) 26,429ms
[68,473s][info][gc] GC(826) Pause Young (Allocation Failure) 802M->696M(910M) 24,497ms
[68,535s][info][gc] GC(827) Pause Young (Allocation Failure) 810M->703M(909M) 22,424ms
[68,596s][info][gc] GC(828) Pause Young (Allocation Failure) 817M->710M(847M) 20,432ms
[68,911s][info][gc] GC(829) Pause Full (Ergonomics) 710M->590M(907M) 314,688ms
[68,956s][info][gc] GC(830) Pause Young (Allocation Failure) 706M->599M(907M) 3,469ms
[69,003s][info][gc] GC(831) Pause Young (Allocation Failure) 714M->607M(912M) 5,752ms
[69,054s][info][gc] GC(832) Pause Young (Allocation Failure) 724M->616M(825M) 8,105ms
[69,108s][info][gc] GC(833) Pause Young (Allocation Failure) 733M->624M(914M) 10,467ms
[69,163s][info][gc] GC(834) Pause Young (Allocation Failure) 745M->632M(846M) 12,672ms
[69,221s][info][gc] GC(835) Pause Young (Allocation Failure) 753M->640M(912M) 14,648ms
[69,284s][info][gc] GC(836) Pause Young (Allocation Failure) 769M->649M(908M) 17,138ms
[69,350s][info][gc] GC(837) Pause Young (Allocation Failure) 777M->657M(918M) 19,577ms
[69,422s][info][gc] GC(838) Pause Young (Allocation Failure) 796M->666M(897M) 21,955ms
[69,495s][info][gc] GC(839) Pause Young (Allocation Failure) 805M->675M(906M) 24,324ms
[69,564s][info][gc] GC(840) Pause Young (Allocation Failure) 794M->682M(894M) 26,097ms
[69,635s][info][gc] GC(841) Pause Young (Allocation Failure) 801M->690M(910M) 29,051ms
[69,702s][info][gc] GC(842) Pause Young (Allocation Failure) 804M->697M(910M) 26,533ms
[69,768s][info][gc] GC(843) Pause Young (Allocation Failure) 811M->704M(910M) 24,824ms
[69,832s][info][gc] GC(844) Pause Young (Allocation Failure) 818M->712M(910M) 22,781ms
[70,157s][info][gc] GC(845) Pause Full (Ergonomics) 712M->590M(910M) 324,987ms
[70,202s][info][gc] GC(846) Pause Young (Allocation Failure) 704M->599M(910M) 3,444ms
[70,250s][info][gc] GC(847) Pause Young (Allocation Failure) 713M->607M(910M) 5,665ms
[70,301s][info][gc] GC(848) Pause Young (Allocation Failure) 721M->615M(910M) 7,901ms
[70,352s][info][gc] GC(849) Pause Young (Allocation Failure) 729M->623M(910M) 10,448ms
[70,403s][info][gc] GC(850) Pause Young (Allocation Failure) 737M->631M(910M) 11,073ms
[70,454s][info][gc] GC(851) Pause Young (Allocation Failure) 745M->639M(909M) 9,207ms
[70,501s][info][gc] GC(852) Pause Young (Allocation Failure) 753M->648M(814M) 5,956ms
[70,549s][info][gc] GC(853) Pause Young (Allocation Failure) 762M->656M(912M) 8,052ms
[70,603s][info][gc] GC(854) Pause Young (Allocation Failure) 776M->664M(908M) 10,427ms
[70,658s][info][gc] GC(855) Pause Young (Allocation Failure) 784M->672M(908M) 12,588ms
[70,719s][info][gc] GC(856) Pause Young (Allocation Failure) 803M->681M(908M) 15,066ms
[70,783s][info][gc] GC(857) Pause Young (Allocation Failure) 812M->690M(917M) 17,411ms
[70,852s][info][gc] GC(858) Pause Young (Allocation Failure) 830M->699M(919M) 19,840ms
[70,925s][info][gc] GC(859) Pause Young (Allocation Failure) 839M->708M(915M) 22,262ms
[70,995s][info][gc] GC(860) Pause Young (Allocation Failure) 840M->716M(886M) 23,028ms
[71,065s][info][gc] GC(861) Pause Young (Allocation Failure) 848M->725M(911M) 23,258ms
[71,131s][info][gc] GC(862) Pause Young (Allocation Failure) 845M->733M(913M) 23,614ms
[71,458s][info][gc] GC(863) Pause Full (Ergonomics) 733M->590M(912M) 326,683ms
[71,505s][info][gc] GC(864) Pause Young (Allocation Failure) 711M->599M(813M) 3,542ms
[71,556s][info][gc] GC(865) Pause Young (Allocation Failure) 720M->608M(914M) 5,960ms
[71,609s][info][gc] GC(866) Pause Young (Allocation Failure) 728M->616M(829M) 8,495ms
[71,663s][info][gc] GC(867) Pause Young (Allocation Failure) 736M->625M(914M) 10,695ms
[71,721s][info][gc] GC(868) Pause Young (Allocation Failure) 749M->633M(909M) 13,140ms
[71,781s][info][gc] GC(869) Pause Young (Allocation Failure) 758M->642M(913M) 15,241ms
[71,847s][info][gc] GC(870) Pause Young (Allocation Failure) 776M->651M(911M) 17,735ms
[71,915s][info][gc] GC(871) Pause Young (Allocation Failure) 785M->659M(920M) 20,243ms
[71,988s][info][gc] GC(872) Pause Young (Allocation Failure) 801M->669M(903M) 22,821ms
[72,063s][info][gc] GC(873) Pause Young (Allocation Failure) 811M->677M(902M) 25,054ms
[72,130s][info][gc] GC(874) Pause Young (Allocation Failure) 791M->685M(910M) 26,643ms
[72,207s][info][gc] GC(875) Pause Young (Allocation Failure) 799M->691M(910M) 35,626ms
[72,296s][info][gc] GC(876) Pause Young (Allocation Failure) 805M->698M(910M) 46,148ms
[72,371s][info][gc] GC(877) Pause Young (Allocation Failure) 812M->705M(910M) 31,147ms
[72,442s][info][gc] GC(878) Pause Young (Allocation Failure) 819M->713M(910M) 26,868ms
[72,507s][info][gc] GC(879) Pause Young (Allocation Failure) 827M->720M(910M) 24,671ms
[72,839s][info][gc] GC(880) Pause Full (Ergonomics) 720M->590M(910M) 331,675ms
[72,883s][info][gc] GC(881) Pause Young (Allocation Failure) 704M->599M(910M) 3,404ms
[72,931s][info][gc] GC(882) Pause Young (Allocation Failure) 713M->607M(910M) 5,704ms
[72,981s][info][gc] GC(883) Pause Young (Allocation Failure) 721M->615M(910M) 7,856ms
[73,033s][info][gc] GC(884) Pause Young (Allocation Failure) 729M->623M(910M) 10,151ms
[73,087s][info][gc] GC(885) Pause Young (Allocation Failure) 737M->631M(910M) 13,030ms
[73,139s][info][gc] GC(886) Pause Young (Allocation Failure) 745M->639M(910M) 11,090ms
[73,188s][info][gc] GC(887) Pause Young (Allocation Failure) 753M->647M(910M) 9,146ms
[73,235s][info][gc] GC(888) Pause Young (Allocation Failure) 761M->655M(910M) 6,366ms
[73,282s][info][gc] GC(889) Pause Young (Allocation Failure) 769M->664M(910M) 6,255ms
[73,620s][info][gc] GC(890) Pause Full (Ergonomics) 664M->590M(910M) 337,700ms
[73,665s][info][gc] GC(891) Pause Young (Allocation Failure) 704M->599M(909M) 3,472ms
[73,712s][info][gc] GC(892) Pause Young (Allocation Failure) 713M->607M(814M) 5,656ms
[73,762s][info][gc] GC(893) Pause Young (Allocation Failure) 721M->615M(905M) 8,050ms
[73,818s][info][gc] GC(894) Pause Young (Allocation Failure) 737M->624M(905M) 10,286ms
[73,875s][info][gc] GC(895) Pause Young (Allocation Failure) 745M->632M(904M) 12,907ms
[73,936s][info][gc] GC(896) Pause Young (Allocation Failure) 762M->641M(906M) 15,149ms
[74,000s][info][gc] GC(897) Pause Young (Allocation Failure) 771M->649M(914M) 17,401ms
[74,069s][info][gc] GC(898) Pause Young (Allocation Failure) 787M->658M(917M) 19,814ms
[74,141s][info][gc] GC(899) Pause Young (Allocation Failure) 796M->667M(906M) 22,468ms
[74,209s][info][gc] GC(900) Pause Young (Allocation Failure) 788M->675M(889M) 24,232ms
[74,279s][info][gc] GC(901) Pause Young (Allocation Failure) 796M->683M(910M) 26,675ms
[74,345s][info][gc] GC(902) Pause Young (Allocation Failure) 797M->690M(910M) 24,864ms
[74,409s][info][gc] GC(903) Pause Young (Allocation Failure) 804M->697M(910M) 22,830ms
[74,470s][info][gc] GC(904) Pause Young (Allocation Failure) 811M->705M(848M) 20,710ms
[74,795s][info][gc] GC(905) Pause Full (Ergonomics) 705M->590M(910M) 325,047ms
[74,839s][info][gc] GC(906) Pause Young (Allocation Failure) 704M->599M(910M) 3,403ms
[74,885s][info][gc] GC(907) Pause Young (Allocation Failure) 713M->607M(910M) 5,714ms
[74,934s][info][gc] GC(908) Pause Young (Allocation Failure) 721M->615M(822M) 8,200ms
[74,985s][info][gc] GC(909) Pause Young (Allocation Failure) 729M->623M(911M) 10,235ms
[75,039s][info][gc] GC(910) Pause Young (Allocation Failure) 742M->631M(907M) 12,265ms
[75,096s][info][gc] GC(911) Pause Young (Allocation Failure) 750M->639M(908M) 14,600ms
[75,159s][info][gc] GC(912) Pause Young (Allocation Failure) 769M->648M(908M) 17,048ms
[75,224s][info][gc] GC(913) Pause Young (Allocation Failure) 777M->657M(917M) 19,310ms
[75,295s][info][gc] GC(914) Pause Young (Allocation Failure) 795M->665M(897M) 21,824ms
[75,368s][info][gc] GC(915) Pause Young (Allocation Failure) 804M->674M(905M) 24,078ms
[75,436s][info][gc] GC(916) Pause Young (Allocation Failure) 792M->682M(892M) 25,952ms
[75,508s][info][gc] GC(917) Pause Young (Allocation Failure) 800M->689M(910M) 30,388ms
[75,598s][info][gc] GC(918) Pause Young (Allocation Failure) 803M->696M(910M) 34,140ms
[75,668s][info][gc] GC(919) Pause Young (Allocation Failure) 810M->703M(910M) 26,121ms
[75,736s][info][gc] GC(920) Pause Young (Allocation Failure) 817M->710M(910M) 24,625ms
[75,798s][info][gc] GC(921) Pause Young (Allocation Failure) 824M->718M(910M) 22,518ms
[76,121s][info][gc] GC(922) Pause Full (Ergonomics) 718M->590M(910M) 322,207ms
[76,166s][info][gc] GC(923) Pause Young (Allocation Failure) 704M->599M(910M) 3,425ms
[76,214s][info][gc] GC(924) Pause Young (Allocation Failure) 713M->607M(910M) 5,602ms
[76,266s][info][gc] GC(925) Pause Young (Allocation Failure) 721M->615M(910M) 7,882ms
[76,320s][info][gc] GC(926) Pause Young (Allocation Failure) 729M->623M(910M) 10,318ms
[76,372s][info][gc] GC(927) Pause Young (Allocation Failure) 737M->631M(910M) 11,070ms
[76,422s][info][gc] GC(928) Pause Young (Allocation Failure) 745M->639M(910M) 9,074ms
[76,469s][info][gc] GC(929) Pause Young (Allocation Failure) 753M->648M(910M) 6,255ms
[76,516s][info][gc] GC(930) Pause Young (Allocation Failure) 762M->656M(805M) 6,306ms
[76,563s][info][gc] GC(931) Pause Young (Allocation Failure) 770M->664M(912M) 5,868ms
[76,613s][info][gc] GC(932) Pause Young (Allocation Failure) 782M->672M(826M) 8,151ms
[76,665s][info][gc] GC(933) Pause Young (Allocation Failure) 790M->680M(904M) 10,427ms
[76,723s][info][gc] GC(934) Pause Young (Allocation Failure) 808M->689M(905M) 12,834ms
[76,783s][info][gc] GC(935) Pause Young (Allocation Failure) 817M->698M(912M) 15,085ms
[76,850s][info][gc] GC(936) Pause Young (Allocation Failure) 835M->707M(913M) 17,640ms
[76,920s][info][gc] GC(937) Pause Young (Allocation Failure) 844M->716M(917M) 20,296ms
[76,991s][info][gc] GC(938) Pause Young (Allocation Failure) 854M->725M(899M) 22,292ms
[77,066s][info][gc] GC(939) Pause Young (Allocation Failure) 863M->734M(906M) 24,841ms
[77,134s][info][gc] GC(940) Pause Young (Allocation Failure) 848M->741M(910M) 26,809ms
[77,469s][info][gc] GC(941) Pause Full (Ergonomics) 741M->590M(910M) 335,686ms
[77,514s][info][gc] GC(942) Pause Young (Allocation Failure) 704M->599M(910M) 3,441ms
[77,562s][info][gc] GC(943) Pause Young (Allocation Failure) 713M->607M(910M) 5,660ms
[77,613s][info][gc] GC(944) Pause Young (Allocation Failure) 721M->615M(910M) 8,045ms
[77,664s][info][gc] GC(945) Pause Young (Allocation Failure) 729M->623M(904M) 10,322ms
[77,717s][info][gc] GC(946) Pause Young (Allocation Failure) 737M->631M(907M) 12,212ms
[77,772s][info][gc] GC(947) Pause Young (Allocation Failure) 745M->639M(905M) 14,442ms
[77,835s][info][gc] GC(948) Pause Young (Allocation Failure) 763M->647M(907M) 16,997ms
[77,899s][info][gc] GC(949) Pause Young (Allocation Failure) 771M->655M(916M) 18,949ms
[77,968s][info][gc] GC(950) Pause Young (Allocation Failure) 789M->664M(890M) 21,312ms
[78,039s][info][gc] GC(951) Pause Young (Allocation Failure) 797M->672M(904M) 23,570ms
[78,106s][info][gc] GC(952) Pause Young (Allocation Failure) 787M->680M(880M) 25,515ms
[78,173s][info][gc] GC(953) Pause Young (Allocation Failure) 795M->687M(910M) 25,707ms
[78,238s][info][gc] GC(954) Pause Young (Allocation Failure) 801M->694M(910M) 23,887ms
[78,302s][info][gc] GC(955) Pause Young (Allocation Failure) 808M->702M(906M) 22,130ms
[78,364s][info][gc] GC(956) Pause Young (Allocation Failure) 816M->709M(908M) 20,388ms
[78,676s][info][gc] GC(957) Pause Full (Ergonomics) 709M->590M(910M) 311,789ms
[78,722s][info][gc] GC(958) Pause Young (Allocation Failure) 710M->599M(910M) 3,535ms
[78,771s][info][gc] GC(959) Pause Young (Allocation Failure) 719M->608M(913M) 6,018ms
[78,822s][info][gc] GC(960) Pause Young (Allocation Failure) 727M->616M(828M) 8,440ms
[78,876s][info][gc] GC(961) Pause Young (Allocation Failure) 735M->625M(914M) 10,391ms
[78,933s][info][gc] GC(962) Pause Young (Allocation Failure) 748M->633M(849M) 12,928ms
[78,998s][info][gc] GC(963) Pause Young (Allocation Failure) 756M->641M(913M) 15,771ms
[79,068s][info][gc] GC(964) Pause Young (Allocation Failure) 772M->650M(910M) 17,425ms
[79,141s][info][gc] GC(965) Pause Young (Allocation Failure) 781M->659M(919M) 19,962ms
[79,219s][info][gc] GC(966) Pause Young (Allocation Failure) 799M->668M(901M) 22,247ms
[79,300s][info][gc] GC(967) Pause Young (Allocation Failure) 808M->676M(904M) 24,749ms
[79,373s][info][gc] GC(968) Pause Young (Allocation Failure) 793M->684M(893M) 26,307ms
[79,450s][info][gc] GC(969) Pause Young (Allocation Failure) 801M->691M(910M) 31,867ms
[79,527s][info][gc] GC(970) Pause Young (Allocation Failure) 805M->698M(910M) 31,064ms
[79,599s][info][gc] GC(971) Pause Young (Allocation Failure) 812M->705M(910M) 26,778ms
[79,669s][info][gc] GC(972) Pause Young (Allocation Failure) 819M->713M(910M) 24,678ms
[79,735s][info][gc] GC(973) Pause Young (Allocation Failure) 827M->720M(910M) 22,239ms
[80,064s][info][gc] GC(974) Pause Full (Ergonomics) 720M->590M(910M) 329,382ms
[80,110s][info][gc] GC(975) Pause Young (Allocation Failure) 704M->599M(910M) 3,454ms
[80,157s][info][gc] GC(976) Pause Young (Allocation Failure) 713M->607M(910M) 5,613ms
[80,207s][info][gc] GC(977) Pause Young (Allocation Failure) 721M->615M(910M) 7,962ms
[80,258s][info][gc] GC(978) Pause Young (Allocation Failure) 729M->623M(910M) 10,404ms
[80,310s][info][gc] GC(979) Pause Young (Allocation Failure) 737M->631M(910M) 10,976ms
[80,361s][info][gc] GC(980) Pause Young (Allocation Failure) 745M->639M(910M) 9,011ms
[80,408s][info][gc] GC(981) Pause Young (Allocation Failure) 753M->648M(910M) 6,253ms
[80,455s][info][gc] GC(982) Pause Young (Allocation Failure) 762M->656M(910M) 6,268ms
[80,502s][info][gc] GC(983) Pause Young (Allocation Failure) 770M->664M(901M) 5,800ms
[80,552s][info][gc] GC(984) Pause Young (Allocation Failure) 778M->672M(906M) 8,095ms
[80,605s][info][gc] GC(985) Pause Young (Allocation Failure) 786M->680M(896M) 10,935ms
[80,662s][info][gc] GC(986) Pause Young (Allocation Failure) 804M->689M(902M) 12,732ms
[80,721s][info][gc] GC(987) Pause Young (Allocation Failure) 812M->697M(910M) 14,871ms
[80,785s][info][gc] GC(988) Pause Young (Allocation Failure) 831M->706M(910M) 17,364ms
[80,852s][info][gc] GC(989) Pause Young (Allocation Failure) 840M->715M(917M) 19,309ms
[80,924s][info][gc] GC(990) Pause Young (Allocation Failure) 854M->724M(898M) 22,070ms
[80,998s][info][gc] GC(991) Pause Young (Allocation Failure) 863M->733M(905M) 24,541ms
[81,064s][info][gc] GC(992) Pause Young (Allocation Failure) 847M->740M(910M) 25,109ms
[81,392s][info][gc] GC(993) Pause Full (Ergonomics) 740M->590M(910M) 328,693ms
[81,438s][info][gc] GC(994) Pause Young (Allocation Failure) 704M->599M(910M) 3,427ms
[81,487s][info][gc] GC(995) Pause Young (Allocation Failure) 713M->607M(910M) 5,676ms
[81,536s][info][gc] GC(996) Pause Young (Allocation Failure) 721M->615M(822M) 8,151ms
[81,588s][info][gc] GC(997) Pause Young (Allocation Failure) 729M->623M(912M) 9,949ms
[81,644s][info][gc] GC(998) Pause Young (Allocation Failure) 743M->631M(907M) 12,418ms
[81,703s][info][gc] GC(999) Pause Young (Allocation Failure) 751M->639M(909M) 14,694ms
[81,766s][info][gc] GC(1000) Pause Young (Allocation Failure) 768M->648M(908M) 16,840ms
[81,831s][info][gc] GC(1001) Pause Young (Allocation Failure) 777M->656M(917M) 19,108ms
[81,903s][info][gc] GC(1002) Pause Young (Allocation Failure) 794M->665M(896M) 21,739ms
[81,975s][info][gc] GC(1003) Pause Young (Allocation Failure) 803M->674M(903M) 24,206ms
[82,042s][info][gc] GC(1004) Pause Young (Allocation Failure) 789M->681M(882M) 26,183ms
[82,110s][info][gc] GC(1005) Pause Young (Allocation Failure) 796M->689M(910M) 26,576ms
[82,175s][info][gc] GC(1006) Pause Young (Allocation Failure) 803M->696M(910M) 24,338ms
[82,238s][info][gc] GC(1007) Pause Young (Allocation Failure) 810M->703M(909M) 22,728ms
[82,299s][info][gc] GC(1008) Pause Young (Allocation Failure) 817M->711M(847M) 20,612ms
[82,627s][info][gc] GC(1009) Pause Full (Ergonomics) 711M->590M(907M) 327,375ms
[82,671s][info][gc] GC(1010) Pause Young (Allocation Failure) 706M->599M(907M) 3,518ms
[82,718s][info][gc] GC(1011) Pause Young (Allocation Failure) 714M->607M(911M) 5,651ms
[82,770s][info][gc] GC(1012) Pause Young (Allocation Failure) 723M->615M(824M) 8,116ms
[82,823s][info][gc] GC(1013) Pause Young (Allocation Failure) 731M->624M(914M) 10,304ms
[82,879s][info][gc] GC(1014) Pause Young (Allocation Failure) 744M->632M(845M) 12,749ms
[82,937s][info][gc] GC(1015) Pause Young (Allocation Failure) 752M->640M(912M) 14,867ms
[83,002s][info][gc] GC(1016) Pause Young (Allocation Failure) 769M->649M(908M) 17,084ms
[83,068s][info][gc] GC(1017) Pause Young (Allocation Failure) 777M->657M(918M) 19,476ms
[83,141s][info][gc] GC(1018) Pause Young (Allocation Failure) 796M->666M(897M) 21,938ms
[83,215s][info][gc] GC(1019) Pause Young (Allocation Failure) 804M->675M(906M) 24,463ms
[83,283s][info][gc] GC(1020) Pause Young (Allocation Failure) 794M->682M(894M) 26,206ms
[83,358s][info][gc] GC(1021) Pause Young (Allocation Failure) 801M->690M(910M) 32,406ms
[83,425s][info][gc] GC(1022) Pause Young (Allocation Failure) 804M->697M(910M) 26,370ms
[83,492s][info][gc] GC(1023) Pause Young (Allocation Failure) 811M->704M(910M) 24,679ms
[83,556s][info][gc] GC(1024) Pause Young (Allocation Failure) 818M->712M(910M) 22,704ms
[83,944s][info][gc] GC(1025) Pause Full (Ergonomics) 712M->590M(910M) 388,367ms
[83,990s][info][gc] GC(1026) Pause Young (Allocation Failure) 704M->599M(910M) 3,385ms
[84,036s][info][gc] GC(1027) Pause Young (Allocation Failure) 713M->607M(910M) 5,680ms
[84,085s][info][gc] GC(1028) Pause Young (Allocation Failure) 721M->615M(910M) 8,015ms
[84,135s][info][gc] GC(1029) Pause Young (Allocation Failure) 729M->623M(910M) 10,361ms
[84,188s][info][gc] GC(1030) Pause Young (Allocation Failure) 737M->631M(910M) 11,087ms
[84,237s][info][gc] GC(1031) Pause Young (Allocation Failure) 745M->639M(909M) 9,260ms
[84,284s][info][gc] GC(1032) Pause Young (Allocation Failure) 753M->648M(814M) 5,903ms
[84,332s][info][gc] GC(1033) Pause Young (Allocation Failure) 762M->656M(912M) 8,052ms
[84,385s][info][gc] GC(1034) Pause Young (Allocation Failure) 776M->664M(908M) 10,451ms
[84,440s][info][gc] GC(1035) Pause Young (Allocation Failure) 784M->672M(908M) 12,712ms
[84,501s][info][gc] GC(1036) Pause Young (Allocation Failure) 803M->681M(908M) 15,079ms
[84,566s][info][gc] GC(1037) Pause Young (Allocation Failure) 812M->690M(917M) 17,509ms
[84,635s][info][gc] GC(1038) Pause Young (Allocation Failure) 830M->699M(919M) 19,875ms
[84,709s][info][gc] GC(1039) Pause Young (Allocation Failure) 839M->708M(909M) 22,481ms
[84,780s][info][gc] GC(1040) Pause Young (Allocation Failure) 834M->716M(887M) 24,772ms
[84,850s][info][gc] GC(1041) Pause Young (Allocation Failure) 842M->724M(909M) 24,854ms
[84,916s][info][gc] GC(1042) Pause Young (Allocation Failure) 838M->731M(910M) 25,309ms
[85,240s][info][gc] GC(1043) Pause Full (Ergonomics) 731M->590M(910M) 324,286ms
[85,284s][info][gc] GC(1044) Pause Young (Allocation Failure) 704M->599M(910M) 3,463ms
[85,332s][info][gc] GC(1045) Pause Young (Allocation Failure) 713M->607M(910M) 5,673ms
[85,382s][info][gc] GC(1046) Pause Young (Allocation Failure) 721M->615M(910M) 7,914ms
[85,435s][info][gc] GC(1047) Pause Young (Allocation Failure) 729M->623M(902M) 10,424ms
[85,488s][info][gc] GC(1048) Pause Young (Allocation Failure) 737M->631M(906M) 12,166ms
[85,543s][info][gc] GC(1049) Pause Young (Allocation Failure) 745M->639M(903M) 14,402ms
[85,605s][info][gc] GC(1050) Pause Young (Allocation Failure) 763M->647M(907M) 16,835ms
[85,668s][info][gc] GC(1051) Pause Young (Allocation Failure) 772M->655M(916M) 19,054ms
[85,737s][info][gc] GC(1052) Pause Young (Allocation Failure) 790M->664M(918M) 21,234ms
[85,806s][info][gc] GC(1053) Pause Young (Allocation Failure) 798M->673M(918M) 21,659ms
[85,875s][info][gc] GC(1054) Pause Young (Allocation Failure) 806M->681M(885M) 22,119ms
[85,946s][info][gc] GC(1055) Pause Young (Allocation Failure) 814M->690M(916M) 22,510ms
[86,014s][info][gc] GC(1056) Pause Young (Allocation Failure) 818M->698M(874M) 23,064ms
[86,081s][info][gc] GC(1057) Pause Young (Allocation Failure) 826M->707M(921M) 21,418ms
[86,148s][info][gc] GC(1058) Pause Young (Allocation Failure) 840M->715M(916M) 19,513ms
[86,482s][info][gc] GC(1059) Pause Full (Ergonomics) 715M->590M(916M) 333,944ms
[86,536s][info][gc] GC(1060) Pause Young (Allocation Failure) 727M->600M(916M) 4,006ms
[86,594s][info][gc] GC(1061) Pause Young (Allocation Failure) 737M->610M(923M) 6,620ms
[86,654s][info][gc] GC(1062) Pause Young (Allocation Failure) 750M->620M(853M) 9,308ms
[86,717s][info][gc] GC(1063) Pause Young (Allocation Failure) 760M->630M(926M) 11,995ms
[86,783s][info][gc] GC(1064) Pause Young (Allocation Failure) 775M->640M(921M) 14,785ms
[86,852s][info][gc] GC(1065) Pause Young (Allocation Failure) 785M->649M(922M) 17,484ms
[86,925s][info][gc] GC(1066) Pause Young (Allocation Failure) 798M->659M(923M) 20,105ms
[87,000s][info][gc] GC(1067) Pause Young (Allocation Failure) 808M->669M(917M) 22,513ms
[87,075s][info][gc] GC(1068) Pause Young (Allocation Failure) 808M->677M(909M) 24,945ms
[87,152s][info][gc] GC(1069) Pause Young (Allocation Failure) 816M->686M(906M) 26,998ms
[87,228s][info][gc] GC(1070) Pause Young (Allocation Failure) 800M->693M(910M) 34,662ms
[87,304s][info][gc] GC(1071) Pause Young (Allocation Failure) 807M->700M(910M) 35,221ms
[87,375s][info][gc] GC(1072) Pause Young (Allocation Failure) 814M->707M(910M) 26,613ms
[87,441s][info][gc] GC(1073) Pause Young (Allocation Failure) 821M->715M(910M) 23,902ms
[87,764s][info][gc] GC(1074) Pause Full (Ergonomics) 715M->590M(910M) 322,475ms
[87,809s][info][gc] GC(1075) Pause Young (Allocation Failure) 704M->599M(910M) 3,419ms
[87,857s][info][gc] GC(1076) Pause Young (Allocation Failure) 713M->607M(910M) 5,668ms
[87,906s][info][gc] GC(1077) Pause Young (Allocation Failure) 721M->615M(910M) 8,057ms
[87,958s][info][gc] GC(1078) Pause Young (Allocation Failure) 729M->623M(910M) 10,358ms
[88,010s][info][gc] GC(1079) Pause Young (Allocation Failure) 737M->631M(910M) 11,086ms
[88,060s][info][gc] GC(1080) Pause Young (Allocation Failure) 745M->639M(910M) 9,085ms
[88,107s][info][gc] GC(1081) Pause Young (Allocation Failure) 753M->648M(910M) 6,283ms
[88,154s][info][gc] GC(1082) Pause Young (Allocation Failure) 762M->656M(910M) 6,214ms
[88,201s][info][gc] GC(1083) Pause Young (Allocation Failure) 770M->664M(904M) 6,270ms
[88,249s][info][gc] GC(1084) Pause Young (Allocation Failure) 778M->672M(907M) 5,808ms
[88,298s][info][gc] GC(1085) Pause Young (Allocation Failure) 786M->680M(899M) 8,416ms
[88,353s][info][gc] GC(1086) Pause Young (Allocation Failure) 803M->689M(905M) 10,544ms
[88,410s][info][gc] GC(1087) Pause Young (Allocation Failure) 812M->697M(906M) 12,810ms
[88,473s][info][gc] GC(1088) Pause Young (Allocation Failure) 831M->706M(908M) 15,237ms
[88,538s][info][gc] GC(1089) Pause Young (Allocation Failure) 840M->715M(917M) 17,827ms
[88,608s][info][gc] GC(1090) Pause Young (Allocation Failure) 857M->725M(920M) 20,091ms
[88,681s][info][gc] GC(1091) Pause Young (Allocation Failure) 866M->734M(906M) 22,593ms
[88,750s][info][gc] GC(1092) Pause Young (Allocation Failure) 855M->741M(882M) 24,793ms
[89,079s][info][gc] GC(1093) Pause Full (Ergonomics) 741M->590M(910M) 329,359ms
[89,123s][info][gc] GC(1094) Pause Young (Allocation Failure) 704M->599M(910M) 3,454ms
[89,171s][info][gc] GC(1095) Pause Young (Allocation Failure) 713M->607M(909M) 5,849ms
[89,221s][info][gc] GC(1096) Pause Young (Allocation Failure) 721M->615M(822M) 8,190ms
[89,272s][info][gc] GC(1097) Pause Young (Allocation Failure) 729M->623M(910M) 10,203ms
[89,328s][info][gc] GC(1098) Pause Young (Allocation Failure) 744M->631M(907M) 12,451ms
[89,386s][info][gc] GC(1099) Pause Young (Allocation Failure) 752M->640M(909M) 14,683ms
[89,450s][info][gc] GC(1100) Pause Young (Allocation Failure) 772M->648M(910M) 17,202ms
[89,516s][info][gc] GC(1101) Pause Young (Allocation Failure) 780M->657M(919M) 19,463ms
[89,588s][info][gc] GC(1102) Pause Young (Allocation Failure) 797M->666M(899M) 21,866ms
[89,661s][info][gc] GC(1103) Pause Young (Allocation Failure) 806M->675M(903M) 24,474ms
[89,728s][info][gc] GC(1104) Pause Young (Allocation Failure) 789M->682M(910M) 26,180ms
[89,796s][info][gc] GC(1105) Pause Young (Allocation Failure) 796M->689M(910M) 27,790ms
[89,869s][info][gc] GC(1106) Pause Young (Allocation Failure) 803M->696M(910M) 31,892ms
[89,936s][info][gc] GC(1107) Pause Young (Allocation Failure) 810M->703M(910M) 26,042ms
[90,004s][info][gc] GC(1108) Pause Young (Allocation Failure) 817M->711M(910M) 24,698ms
[90,067s][info][gc] GC(1109) Pause Young (Allocation Failure) 825M->718M(910M) 22,388ms
[90,393s][info][gc] GC(1110) Pause Full (Ergonomics) 718M->590M(910M) 326,090ms
[90,438s][info][gc] GC(1111) Pause Young (Allocation Failure) 704M->599M(910M) 3,381ms
[90,485s][info][gc] GC(1112) Pause Young (Allocation Failure) 713M->607M(910M) 5,621ms
[90,534s][info][gc] GC(1113) Pause Young (Allocation Failure) 721M->615M(910M) 7,961ms
[90,585s][info][gc] GC(1114) Pause Young (Allocation Failure) 729M->623M(910M) 10,361ms
[90,637s][info][gc] GC(1115) Pause Young (Allocation Failure) 737M->631M(910M) 11,011ms
[90,686s][info][gc] GC(1116) Pause Young (Allocation Failure) 745M->639M(910M) 9,002ms
[90,733s][info][gc] GC(1117) Pause Young (Allocation Failure) 753M->648M(910M) 6,339ms
[90,780s][info][gc] GC(1118) Pause Young (Allocation Failure) 762M->656M(805M) 6,295ms
[90,829s][info][gc] GC(1119) Pause Young (Allocation Failure) 770M->664M(913M) 5,691ms
[90,882s][info][gc] GC(1120) Pause Young (Allocation Failure) 783M->672M(827M) 8,055ms
[90,936s][info][gc] GC(1121) Pause Young (Allocation Failure) 791M->681M(906M) 10,331ms
[90,994s][info][gc] GC(1122) Pause Young (Allocation Failure) 809M->690M(906M) 12,977ms
[91,058s][info][gc] GC(1123) Pause Young (Allocation Failure) 818M->698M(913M) 15,025ms
[91,127s][info][gc] GC(1124) Pause Young (Allocation Failure) 836M->707M(914M) 17,635ms
[91,196s][info][gc] GC(1125) Pause Young (Allocation Failure) 845M->716M(916M) 19,985ms
[91,268s][info][gc] GC(1126) Pause Young (Allocation Failure) 853M->725M(898M) 22,372ms
[91,343s][info][gc] GC(1127) Pause Young (Allocation Failure) 862M->734M(906M) 24,547ms
[91,410s][info][gc] GC(1128) Pause Young (Allocation Failure) 848M->741M(910M) 25,428ms
[91,741s][info][gc] GC(1129) Pause Full (Ergonomics) 741M->590M(910M) 331,478ms
[91,785s][info][gc] GC(1130) Pause Young (Allocation Failure) 704M->599M(910M) 3,463ms
[91,832s][info][gc] GC(1131) Pause Young (Allocation Failure) 713M->607M(910M) 5,619ms
[91,883s][info][gc] GC(1132) Pause Young (Allocation Failure) 721M->615M(822M) 7,938ms
[91,935s][info][gc] GC(1133) Pause Young (Allocation Failure) 729M->623M(913M) 10,079ms
[91,991s][info][gc] GC(1134) Pause Young (Allocation Failure) 743M->631M(843M) 12,639ms
[92,048s][info][gc] GC(1135) Pause Young (Allocation Failure) 751M->639M(909M) 14,577ms
[92,110s][info][gc] GC(1136) Pause Young (Allocation Failure) 766M->648M(906M) 17,179ms
[92,175s][info][gc] GC(1137) Pause Young (Allocation Failure) 774M->656M(916M) 19,436ms
[92,249s][info][gc] GC(1138) Pause Young (Allocation Failure) 792M->665M(894M) 21,622ms
[92,324s][info][gc] GC(1139) Pause Young (Allocation Failure) 801M->674M(904M) 23,907ms
[92,391s][info][gc] GC(1140) Pause Young (Allocation Failure) 789M->681M(881M) 26,099ms
[92,458s][info][gc] GC(1141) Pause Young (Allocation Failure) 796M->688M(910M) 26,040ms
[92,526s][info][gc] GC(1142) Pause Young (Allocation Failure) 802M->695M(910M) 24,372ms
[92,592s][info][gc] GC(1143) Pause Young (Allocation Failure) 809M->703M(908M) 22,380ms
[92,655s][info][gc] GC(1144) Pause Young (Allocation Failure) 817M->710M(847M) 20,228ms
[92,985s][info][gc] GC(1145) Pause Full (Ergonomics) 710M->590M(908M) 330,708ms
[93,031s][info][gc] GC(1146) Pause Young (Allocation Failure) 707M->599M(908M) 3,486ms
[93,080s][info][gc] GC(1147) Pause Young (Allocation Failure) 716M->607M(912M) 5,809ms
[93,132s][info][gc] GC(1148) Pause Young (Allocation Failure) 724M->616M(825M) 8,013ms
[93,185s][info][gc] GC(1149) Pause Young (Allocation Failure) 733M->624M(914M) 10,389ms
[93,242s][info][gc] GC(1150) Pause Young (Allocation Failure) 745M->632M(846M) 12,726ms
[93,301s][info][gc] GC(1151) Pause Young (Allocation Failure) 754M->641M(912M) 14,921ms
[93,363s][info][gc] GC(1152) Pause Young (Allocation Failure) 770M->649M(909M) 17,183ms
[93,430s][info][gc] GC(1153) Pause Young (Allocation Failure) 779M->658M(919M) 19,885ms
[93,501s][info][gc] GC(1154) Pause Young (Allocation Failure) 797M->667M(899M) 22,063ms
[93,575s][info][gc] GC(1155) Pause Young (Allocation Failure) 806M->675M(905M) 24,675ms
[93,643s][info][gc] GC(1156) Pause Young (Allocation Failure) 793M->683M(893M) 26,221ms
[93,718s][info][gc] GC(1157) Pause Young (Allocation Failure) 801M->690M(910M) 32,983ms
[93,785s][info][gc] GC(1158) Pause Young (Allocation Failure) 804M->697M(910M) 26,390ms
[93,851s][info][gc] GC(1159) Pause Young (Allocation Failure) 811M->705M(910M) 24,807ms
[93,917s][info][gc] GC(1160) Pause Young (Allocation Failure) 819M->712M(910M) 22,840ms
[94,247s][info][gc] GC(1161) Pause Full (Ergonomics) 712M->590M(910M) 330,325ms
[94,291s][info][gc] GC(1162) Pause Young (Allocation Failure) 704M->599M(910M) 3,404ms
[94,338s][info][gc] GC(1163) Pause Young (Allocation Failure) 713M->607M(910M) 5,629ms
[94,389s][info][gc] GC(1164) Pause Young (Allocation Failure) 721M->615M(910M) 7,942ms
[94,440s][info][gc] GC(1165) Pause Young (Allocation Failure) 729M->623M(910M) 10,328ms
[94,493s][info][gc] GC(1166) Pause Young (Allocation Failure) 737M->631M(910M) 11,412ms
[94,547s][info][gc] GC(1167) Pause Young (Allocation Failure) 745M->639M(910M) 9,263ms
[94,594s][info][gc] GC(1168) Pause Young (Allocation Failure) 753M->647M(814M) 5,941ms
[94,644s][info][gc] GC(1169) Pause Young (Allocation Failure) 761M->656M(912M) 8,152ms
[94,698s][info][gc] GC(1170) Pause Young (Allocation Failure) 774M->664M(907M) 10,487ms
[94,755s][info][gc] GC(1171) Pause Young (Allocation Failure) 782M->672M(906M) 12,743ms
[94,819s][info][gc] GC(1172) Pause Young (Allocation Failure) 801M->681M(907M) 14,705ms
[94,886s][info][gc] GC(1173) Pause Young (Allocation Failure) 810M->689M(915M) 17,151ms
[94,959s][info][gc] GC(1174) Pause Young (Allocation Failure) 828M->698M(917M) 19,877ms
[95,034s][info][gc] GC(1175) Pause Young (Allocation Failure) 837M->707M(910M) 22,239ms
[95,106s][info][gc] GC(1176) Pause Young (Allocation Failure) 834M->715M(887M) 24,518ms
[95,177s][info][gc] GC(1177) Pause Young (Allocation Failure) 842M->723M(909M) 24,497ms
[95,244s][info][gc] GC(1178) Pause Young (Allocation Failure) 837M->731M(910M) 24,915ms
[95,576s][info][gc] GC(1179) Pause Full (Ergonomics) 731M->590M(910M) 332,073ms
[95,621s][info][gc] GC(1180) Pause Young (Allocation Failure) 704M->599M(910M) 3,417ms
[95,668s][info][gc] GC(1181) Pause Young (Allocation Failure) 713M->607M(910M) 5,668ms
[95,718s][info][gc] GC(1182) Pause Young (Allocation Failure) 721M->615M(910M) 7,926ms
[95,770s][info][gc] GC(1183) Pause Young (Allocation Failure) 729M->623M(901M) 10,369ms
[95,824s][info][gc] GC(1184) Pause Young (Allocation Failure) 737M->631M(906M) 12,376ms
[95,880s][info][gc] GC(1185) Pause Young (Allocation Failure) 745M->639M(904M) 14,500ms
[95,943s][info][gc] GC(1186) Pause Young (Allocation Failure) 764M->647M(907M) 16,752ms
[96,007s][info][gc] GC(1187) Pause Young (Allocation Failure) 772M->655M(915M) 19,060ms
[96,077s][info][gc] GC(1188) Pause Young (Allocation Failure) 790M->664M(918M) 21,583ms
[96,147s][info][gc] GC(1189) Pause Young (Allocation Failure) 799M->673M(918M) 22,063ms
[96,216s][info][gc] GC(1190) Pause Young (Allocation Failure) 806M->681M(885M) 22,265ms
[96,288s][info][gc] GC(1191) Pause Young (Allocation Failure) 814M->690M(920M) 22,773ms
[96,358s][info][gc] GC(1192) Pause Young (Allocation Failure) 822M->699M(870M) 21,379ms
[96,426s][info][gc] GC(1193) Pause Young (Allocation Failure) 830M->708M(917M) 19,536ms
[96,751s][info][gc] GC(1194) Pause Full (Ergonomics) 708M->590M(914M) 324,382ms
[96,804s][info][gc] GC(1195) Pause Young (Allocation Failure) 725M->600M(921M) 3,944ms
[96,864s][info][gc] GC(1196) Pause Young (Allocation Failure) 743M->611M(924M) 6,687ms
[96,926s][info][gc] GC(1197) Pause Young (Allocation Failure) 753M->621M(920M) 9,505ms
[96,991s][info][gc] GC(1198) Pause Young (Allocation Failure) 764M->631M(922M) 12,187ms
[97,058s][info][gc] GC(1199) Pause Young (Allocation Failure) 774M->640M(924M) 14,921ms
[97,131s][info][gc] GC(1200) Pause Young (Allocation Failure) 793M->650M(925M) 17,566ms
[97,207s][info][gc] GC(1201) Pause Young (Allocation Failure) 803M->660M(924M) 20,491ms
[97,284s][info][gc] GC(1202) Pause Young (Allocation Failure) 811M->670M(914M) 23,337ms
[97,364s][info][gc] GC(1203) Pause Young (Allocation Failure) 821M->679M(905M) 25,845ms
[97,435s][info][gc] GC(1204) Pause Young (Allocation Failure) 799M->687M(899M) 27,063ms
[97,517s][info][gc] GC(1205) Pause Young (Allocation Failure) 807M->694M(910M) 38,743ms
[97,595s][info][gc] GC(1206) Pause Young (Allocation Failure) 808M->701M(910M) 36,767ms
[97,665s][info][gc] GC(1207) Pause Young (Allocation Failure) 815M->708M(910M) 26,921ms
[97,733s][info][gc] GC(1208) Pause Young (Allocation Failure) 822M->716M(910M) 24,107ms
[98,049s][info][gc] GC(1209) Pause Full (Ergonomics) 716M->590M(910M) 315,881ms
[98,092s][info][gc] GC(1210) Pause Young (Allocation Failure) 704M->599M(910M) 3,514ms
[98,141s][info][gc] GC(1211) Pause Young (Allocation Failure) 713M->607M(910M) 5,660ms
[98,191s][info][gc] GC(1212) Pause Young (Allocation Failure) 721M->615M(910M) 7,865ms
[98,243s][info][gc] GC(1213) Pause Young (Allocation Failure) 729M->623M(910M) 10,426ms
[98,295s][info][gc] GC(1214) Pause Young (Allocation Failure) 737M->631M(910M) 10,979ms
[98,346s][info][gc] GC(1215) Pause Young (Allocation Failure) 745M->639M(910M) 9,100ms
[98,393s][info][gc] GC(1216) Pause Young (Allocation Failure) 753M->648M(910M) 6,320ms
[98,441s][info][gc] GC(1217) Pause Young (Allocation Failure) 762M->656M(910M) 6,215ms
[98,488s][info][gc] GC(1218) Pause Young (Allocation Failure) 770M->664M(806M) 6,362ms
[98,535s][info][gc] GC(1219) Pause Young (Allocation Failure) 778M->672M(913M) 5,876ms
[98,586s][info][gc] GC(1220) Pause Young (Allocation Failure) 791M->681M(827M) 8,291ms
[98,642s][info][gc] GC(1221) Pause Young (Allocation Failure) 800M->689M(905M) 10,922ms
[98,702s][info][gc] GC(1222) Pause Young (Allocation Failure) 817M->698M(906M) 12,590ms
[98,763s][info][gc] GC(1223) Pause Young (Allocation Failure) 826M->707M(913M) 15,324ms
[98,831s][info][gc] GC(1224) Pause Young (Allocation Failure) 845M->716M(914M) 17,821ms
[98,900s][info][gc] GC(1225) Pause Young (Allocation Failure) 854M->725M(916M) 20,365ms
[98,971s][info][gc] GC(1226) Pause Young (Allocation Failure) 861M->733M(897M) 22,462ms
[99,045s][info][gc] GC(1227) Pause Young (Allocation Failure) 869M->742M(907M) 25,223ms
[99,380s][info][gc] GC(1228) Pause Full (Ergonomics) 742M->590M(910M) 335,372ms
[99,426s][info][gc] GC(1229) Pause Young (Allocation Failure) 704M->599M(910M) 3,352ms
[99,474s][info][gc] GC(1230) Pause Young (Allocation Failure) 713M->607M(910M) 5,695ms
[99,524s][info][gc] GC(1231) Pause Young (Allocation Failure) 721M->615M(902M) 7,937ms
[99,575s][info][gc] GC(1232) Pause Young (Allocation Failure) 729M->623M(906M) 10,302ms
[99,628s][info][gc] GC(1233) Pause Young (Allocation Failure) 737M->631M(898M) 12,269ms
[99,687s][info][gc] GC(1234) Pause Young (Allocation Failure) 755M->639M(904M) 14,579ms
[99,749s][info][gc] GC(1235) Pause Young (Allocation Failure) 763M->648M(913M) 16,964ms
[99,816s][info][gc] GC(1236) Pause Young (Allocation Failure) 782M->656M(914M) 19,356ms
[99,886s][info][gc] GC(1237) Pause Young (Allocation Failure) 791M->665M(912M) 21,455ms
[99,957s][info][gc] GC(1238) Pause Young (Allocation Failure) 794M->673M(895M) 23,917ms
[100,028s][info][gc] GC(1239) Pause Young (Allocation Failure) 802M->681M(910M) 25,922ms
[100,098s][info][gc] GC(1240) Pause Young (Allocation Failure) 795M->689M(910M) 29,413ms
[100,166s][info][gc] GC(1241) Pause Young (Allocation Failure) 803M->696M(910M) 26,311ms
[100,232s][info][gc] GC(1242) Pause Young (Allocation Failure) 810M->703M(910M) 24,395ms
[100,297s][info][gc] GC(1243) Pause Young (Allocation Failure) 817M->710M(910M) 22,652ms
[100,358s][info][gc] GC(1244) Pause Young (Allocation Failure) 824M->718M(910M) 20,093ms
[100,680s][info][gc] GC(1245) Pause Full (Ergonomics) 718M->590M(910M) 321,807ms
[100,725s][info][gc] GC(1246) Pause Young (Allocation Failure) 704M->599M(910M) 3,405ms
[100,772s][info][gc] GC(1247) Pause Young (Allocation Failure) 713M->607M(910M) 5,736ms
[100,822s][info][gc] GC(1248) Pause Young (Allocation Failure) 721M->615M(910M) 7,919ms
[100,873s][info][gc] GC(1249) Pause Young (Allocation Failure) 729M->623M(909M) 11,094ms
[100,923s][info][gc] GC(1250) Pause Young (Allocation Failure) 737M->631M(822M) 8,071ms
[100,973s][info][gc] GC(1251) Pause Young (Allocation Failure) 745M->639M(912M) 10,041ms
[101,029s][info][gc] GC(1252) Pause Young (Allocation Failure) 760M->647M(908M) 12,458ms
[101,087s][info][gc] GC(1253) Pause Young (Allocation Failure) 768M->656M(910M) 14,734ms
[101,151s][info][gc] GC(1254) Pause Young (Allocation Failure) 787M->664M(909M) 17,180ms
[101,217s][info][gc] GC(1255) Pause Young (Allocation Failure) 795M->673M(919M) 19,433ms
[101,289s][info][gc] GC(1256) Pause Young (Allocation Failure) 813M->682M(892M) 21,995ms
[101,362s][info][gc] GC(1257) Pause Young (Allocation Failure) 823M->691M(916M) 22,587ms
[101,431s][info][gc] GC(1258) Pause Young (Allocation Failure) 822M->700M(885M) 22,738ms
[101,502s][info][gc] GC(1259) Pause Young (Allocation Failure) 831M->708M(918M) 23,489ms
[101,570s][info][gc] GC(1260) Pause Young (Allocation Failure) 836M->716M(867M) 21,804ms
[101,896s][info][gc] GC(1261) Pause Full (Ergonomics) 716M->590M(912M) 326,140ms
[101,947s][info][gc] GC(1262) Pause Young (Allocation Failure) 718M->600M(912M) 3,655ms
[102,001s][info][gc] GC(1263) Pause Young (Allocation Failure) 728M->609M(920M) 6,144ms
[102,057s][info][gc] GC(1264) Pause Young (Allocation Failure) 741M->618M(843M) 8,924ms
[102,116s][info][gc] GC(1265) Pause Young (Allocation Failure) 751M->628M(921M) 11,436ms
[102,178s][info][gc] GC(1266) Pause Young (Allocation Failure) 765M->637M(917M) 13,970ms
[102,242s][info][gc] GC(1267) Pause Young (Allocation Failure) 774M->646M(919M) 16,571ms
[102,313s][info][gc] GC(1268) Pause Young (Allocation Failure) 789M->655M(918M) 19,090ms
[102,385s][info][gc] GC(1269) Pause Young (Allocation Failure) 798M->665M(919M) 21,617ms
[102,460s][info][gc] GC(1270) Pause Young (Allocation Failure) 806M->674M(907M) 24,136ms
[102,536s][info][gc] GC(1271) Pause Young (Allocation Failure) 815M->683M(904M) 25,914ms
[102,609s][info][gc] GC(1272) Pause Young (Allocation Failure) 797M->690M(910M) 31,094ms
[102,694s][info][gc] GC(1273) Pause Young (Allocation Failure) 804M->697M(910M) 44,187ms
[102,768s][info][gc] GC(1274) Pause Young (Allocation Failure) 811M->704M(910M) 29,571ms
[102,837s][info][gc] GC(1275) Pause Young (Allocation Failure) 818M->711M(910M) 25,554ms
[102,902s][info][gc] GC(1276) Pause Young (Allocation Failure) 825M->718M(910M) 23,345ms
[103,226s][info][gc] GC(1277) Pause Full (Ergonomics) 718M->590M(910M) 324,705ms
[103,270s][info][gc] GC(1278) Pause Young (Allocation Failure) 704M->599M(910M) 3,497ms
[103,317s][info][gc] GC(1279) Pause Young (Allocation Failure) 713M->607M(910M) 5,631ms
[103,367s][info][gc] GC(1280) Pause Young (Allocation Failure) 721M->615M(910M) 7,861ms
[103,420s][info][gc] GC(1281) Pause Young (Allocation Failure) 729M->623M(910M) 10,531ms
[103,471s][info][gc] GC(1282) Pause Young (Allocation Failure) 737M->631M(910M) 11,068ms
[103,521s][info][gc] GC(1283) Pause Young (Allocation Failure) 745M->639M(910M) 9,245ms
[103,567s][info][gc] GC(1284) Pause Young (Allocation Failure) 753M->648M(910M) 6,291ms
[103,613s][info][gc] GC(1285) Pause Young (Allocation Failure) 762M->656M(910M) 6,325ms
[103,660s][info][gc] GC(1286) Pause Young (Allocation Failure) 770M->664M(805M) 6,362ms
[103,707s][info][gc] GC(1287) Pause Young (Allocation Failure) 778M->672M(913M) 5,908ms
[103,758s][info][gc] GC(1288) Pause Young (Allocation Failure) 791M->681M(827M) 8,372ms
[103,812s][info][gc] GC(1289) Pause Young (Allocation Failure) 800M->689M(905M) 10,766ms
[103,871s][info][gc] GC(1290) Pause Young (Allocation Failure) 817M->698M(906M) 12,813ms
[103,932s][info][gc] GC(1291) Pause Young (Allocation Failure) 826M->706M(913M) 15,263ms
[104,000s][info][gc] GC(1292) Pause Young (Allocation Failure) 845M->716M(914M) 17,838ms
[104,069s][info][gc] GC(1293) Pause Young (Allocation Failure) 854M->725M(915M) 20,112ms
[104,140s][info][gc] GC(1294) Pause Young (Allocation Failure) 860M->734M(889M) 22,794ms
[104,474s][info][gc] GC(1295) Pause Full (Ergonomics) 734M->590M(916M) 333,298ms
[104,522s][info][gc] GC(1296) Pause Young (Allocation Failure) 715M->600M(817M) 3,784ms
[104,574s][info][gc] GC(1297) Pause Young (Allocation Failure) 725M->609M(918M) 6,115ms
[104,629s][info][gc] GC(1298) Pause Young (Allocation Failure) 737M->618M(838M) 8,754ms
[104,686s][info][gc] GC(1299) Pause Young (Allocation Failure) 746M->627M(915M) 11,205ms
[104,750s][info][gc] GC(1300) Pause Young (Allocation Failure) 763M->636M(912M) 13,750ms
[104,817s][info][gc] GC(1301) Pause Young (Allocation Failure) 772M->645M(920M) 17,178ms
[104,890s][info][gc] GC(1302) Pause Young (Allocation Failure) 791M->655M(921M) 18,726ms
[104,964s][info][gc] GC(1303) Pause Young (Allocation Failure) 801M->664M(915M) 21,262ms
[105,037s][info][gc] GC(1304) Pause Young (Allocation Failure) 801M->673M(902M) 23,611ms
[105,111s][info][gc] GC(1305) Pause Young (Allocation Failure) 810M->681M(907M) 26,167ms
[105,181s][info][gc] GC(1306) Pause Young (Allocation Failure) 795M->688M(910M) 29,949ms
[105,264s][info][gc] GC(1307) Pause Young (Allocation Failure) 802M->695M(910M) 41,085ms
[105,358s][info][gc] GC(1308) Pause Young (Allocation Failure) 809M->702M(910M) 51,506ms
[105,448s][info][gc] GC(1309) Pause Young (Allocation Failure) 816M->709M(910M) 46,919ms
[105,531s][info][gc] GC(1310) Pause Young (Allocation Failure) 823M->716M(910M) 37,465ms
[105,613s][info][gc] GC(1311) Pause Young (Allocation Failure) 830M->723M(910M) 27,474ms
[105,682s][info][gc] GC(1312) Pause Young (Allocation Failure) 837M->731M(910M) 24,680ms
[106,007s][info][gc] GC(1313) Pause Full (Ergonomics) 731M->590M(910M) 324,979ms
[106,052s][info][gc] GC(1314) Pause Young (Allocation Failure) 704M->599M(910M) 3,435ms
[106,099s][info][gc] GC(1315) Pause Young (Allocation Failure) 713M->607M(910M) 5,631ms
[106,148s][info][gc] GC(1316) Pause Young (Allocation Failure) 721M->615M(910M) 8,000ms
[106,199s][info][gc] GC(1317) Pause Young (Allocation Failure) 729M->623M(910M) 10,081ms
[106,253s][info][gc] GC(1318) Pause Young (Allocation Failure) 737M->631M(910M) 13,182ms
[106,306s][info][gc] GC(1319) Pause Young (Allocation Failure) 745M->639M(910M) 11,043ms
[106,356s][info][gc] GC(1320) Pause Young (Allocation Failure) 753M->647M(910M) 9,226ms
[106,403s][info][gc] GC(1321) Pause Young (Allocation Failure) 761M->656M(910M) 6,358ms
[106,451s][info][gc] GC(1322) Pause Young (Allocation Failure) 770M->664M(910M) 6,280ms
[106,779s][info][gc] GC(1323) Pause Full (Ergonomics) 664M->590M(910M) 328,214ms
[106,824s][info][gc] GC(1324) Pause Young (Allocation Failure) 704M->599M(910M) 3,405ms
[106,872s][info][gc] GC(1325) Pause Young (Allocation Failure) 713M->607M(910M) 6,187ms
[106,922s][info][gc] GC(1326) Pause Young (Allocation Failure) 721M->615M(805M) 6,359ms
[106,969s][info][gc] GC(1327) Pause Young (Allocation Failure) 729M->624M(909M) 6,011ms
[107,021s][info][gc] GC(1328) Pause Young (Allocation Failure) 744M->632M(907M) 8,515ms
[107,075s][info][gc] GC(1329) Pause Young (Allocation Failure) 752M->640M(899M) 10,917ms
[107,133s][info][gc] GC(1330) Pause Young (Allocation Failure) 769M->649M(904M) 12,897ms
[107,193s][info][gc] GC(1331) Pause Young (Allocation Failure) 778M->658M(911M) 15,196ms
[107,259s][info][gc] GC(1332) Pause Young (Allocation Failure) 795M->667M(913M) 17,844ms
[107,328s][info][gc] GC(1333) Pause Young (Allocation Failure) 804M->676M(913M) 20,070ms
[107,397s][info][gc] GC(1334) Pause Young (Allocation Failure) 809M->685M(894M) 22,604ms
[107,469s][info][gc] GC(1335) Pause Young (Allocation Failure) 818M->693M(909M) 25,004ms
[107,537s][info][gc] GC(1336) Pause Young (Allocation Failure) 807M->700M(910M) 26,883ms
[107,603s][info][gc] GC(1337) Pause Young (Allocation Failure) 814M->707M(910M) 25,280ms
[107,666s][info][gc] GC(1338) Pause Young (Allocation Failure) 821M->715M(910M) 23,276ms
[107,727s][info][gc] GC(1339) Pause Young (Allocation Failure) 829M->722M(910M) 20,935ms
[108,050s][info][gc] GC(1340) Pause Full (Ergonomics) 722M->590M(910M) 322,948ms
[108,094s][info][gc] GC(1341) Pause Young (Allocation Failure) 704M->599M(910M) 3,546ms
[108,141s][info][gc] GC(1342) Pause Young (Allocation Failure) 713M->607M(910M) 5,724ms
[108,191s][info][gc] GC(1343) Pause Young (Allocation Failure) 721M->615M(907M) 7,911ms
[108,242s][info][gc] GC(1344) Pause Young (Allocation Failure) 729M->623M(830M) 10,200ms
[108,294s][info][gc] GC(1345) Pause Young (Allocation Failure) 737M->631M(907M) 12,346ms
[108,353s][info][gc] GC(1346) Pause Young (Allocation Failure) 755M->639M(907M) 14,579ms
[108,414s][info][gc] GC(1347) Pause Young (Allocation Failure) 763M->648M(915M) 16,626ms
[108,482s][info][gc] GC(1348) Pause Young (Allocation Failure) 783M->656M(915M) 19,361ms
[108,554s][info][gc] GC(1349) Pause Young (Allocation Failure) 791M->665M(913M) 21,674ms
[108,625s][info][gc] GC(1350) Pause Young (Allocation Failure) 795M->673M(889M) 24,051ms
[108,696s][info][gc] GC(1351) Pause Young (Allocation Failure) 803M->682M(907M) 24,343ms
[108,762s][info][gc] GC(1352) Pause Young (Allocation Failure) 797M->689M(875M) 24,717ms
[108,827s][info][gc] GC(1353) Pause Young (Allocation Failure) 804M->696M(910M) 24,598ms
[108,891s][info][gc] GC(1354) Pause Young (Allocation Failure) 810M->704M(858M) 22,750ms
[108,952s][info][gc] GC(1355) Pause Young (Allocation Failure) 818M->711M(911M) 20,768ms
[109,258s][info][gc] GC(1356) Pause Full (Ergonomics) 711M->590M(907M) 306,322ms
[109,303s][info][gc] GC(1357) Pause Young (Allocation Failure) 708M->599M(910M) 3,521ms
[109,354s][info][gc] GC(1358) Pause Young (Allocation Failure) 721M->608M(914M) 5,915ms
[109,407s][info][gc] GC(1359) Pause Young (Allocation Failure) 729M->616M(910M) 8,305ms
[109,460s][info][gc] GC(1360) Pause Young (Allocation Failure) 738M->625M(912M) 10,794ms
[109,516s][info][gc] GC(1361) Pause Young (Allocation Failure) 746M->633M(908M) 12,884ms
[109,578s][info][gc] GC(1362) Pause Young (Allocation Failure) 763M->642M(911M) 15,411ms
[109,641s][info][gc] GC(1363) Pause Young (Allocation Failure) 772M->651M(920M) 17,582ms
[109,712s][info][gc] GC(1364) Pause Young (Allocation Failure) 792M->660M(920M) 20,331ms
[109,785s][info][gc] GC(1365) Pause Young (Allocation Failure) 801M->669M(913M) 22,765ms
[109,857s][info][gc] GC(1366) Pause Young (Allocation Failure) 800M->677M(901M) 24,879ms
[109,930s][info][gc] GC(1367) Pause Young (Allocation Failure) 808M->685M(909M) 26,892ms
[110,007s][info][gc] GC(1368) Pause Young (Allocation Failure) 799M->692M(910M) 36,408ms
[110,086s][info][gc] GC(1369) Pause Young (Allocation Failure) 806M->699M(910M) 35,953ms
[110,156s][info][gc] GC(1370) Pause Young (Allocation Failure) 813M->707M(910M) 26,735ms
[110,224s][info][gc] GC(1371) Pause Young (Allocation Failure) 821M->714M(910M) 24,948ms
[110,287s][info][gc] GC(1372) Pause Young (Allocation Failure) 828M->721M(910M) 22,728ms
[110,612s][info][gc] GC(1373) Pause Full (Ergonomics) 721M->590M(910M) 325,020ms
[110,657s][info][gc] GC(1374) Pause Young (Allocation Failure) 704M->599M(910M) 3,451ms
[110,703s][info][gc] GC(1375) Pause Young (Allocation Failure) 713M->607M(910M) 5,717ms
[110,752s][info][gc] GC(1376) Pause Young (Allocation Failure) 721M->615M(910M) 8,009ms
[110,804s][info][gc] GC(1377) Pause Young (Allocation Failure) 729M->623M(910M) 10,451ms
[110,856s][info][gc] GC(1378) Pause Young (Allocation Failure) 737M->631M(910M) 11,021ms
[110,906s][info][gc] GC(1379) Pause Young (Allocation Failure) 745M->639M(910M) 9,131ms
[110,952s][info][gc] GC(1380) Pause Young (Allocation Failure) 753M->648M(910M) 6,219ms
[110,999s][info][gc] GC(1381) Pause Young (Allocation Failure) 762M->656M(910M) 6,314ms
[111,046s][info][gc] GC(1382) Pause Young (Allocation Failure) 770M->664M(805M) 6,321ms
[111,093s][info][gc] GC(1383) Pause Young (Allocation Failure) 778M->672M(912M) 5,857ms
[111,143s][info][gc] GC(1384) Pause Young (Allocation Failure) 791M->681M(827M) 8,436ms
[111,195s][info][gc] GC(1385) Pause Young (Allocation Failure) 799M->689M(904M) 10,528ms
[111,253s][info][gc] GC(1386) Pause Young (Allocation Failure) 817M->698M(905M) 12,785ms
[111,313s][info][gc] GC(1387) Pause Young (Allocation Failure) 826M->706M(912M) 15,136ms
[111,380s][info][gc] GC(1388) Pause Young (Allocation Failure) 844M->716M(913M) 17,822ms
[111,449s][info][gc] GC(1389) Pause Young (Allocation Failure) 853M->725M(915M) 20,110ms
[111,519s][info][gc] GC(1390) Pause Young (Allocation Failure) 861M->733M(897M) 22,417ms
[111,594s][info][gc] GC(1391) Pause Young (Allocation Failure) 869M->742M(907M) 24,874ms
[111,917s][info][gc] GC(1392) Pause Full (Ergonomics) 742M->590M(910M) 322,935ms
[111,961s][info][gc] GC(1393) Pause Young (Allocation Failure) 704M->599M(910M) 3,434ms
[112,007s][info][gc] GC(1394) Pause Young (Allocation Failure) 713M->607M(910M) 5,732ms
[112,057s][info][gc] GC(1395) Pause Young (Allocation Failure) 721M->615M(901M) 7,990ms
[112,109s][info][gc] GC(1396) Pause Young (Allocation Failure) 729M->623M(906M) 10,080ms
[112,162s][info][gc] GC(1397) Pause Young (Allocation Failure) 737M->631M(899M) 12,360ms
[112,221s][info][gc] GC(1398) Pause Young (Allocation Failure) 755M->639M(904M) 14,682ms
[112,283s][info][gc] GC(1399) Pause Young (Allocation Failure) 763M->648M(913M) 16,930ms
[112,350s][info][gc] GC(1400) Pause Young (Allocation Failure) 783M->656M(914M) 19,315ms
[112,420s][info][gc] GC(1401) Pause Young (Allocation Failure) 791M->665M(913M) 21,130ms
[112,492s][info][gc] GC(1402) Pause Young (Allocation Failure) 795M->674M(896M) 24,004ms
[112,564s][info][gc] GC(1403) Pause Young (Allocation Failure) 804M->682M(910M) 25,952ms
[112,635s][info][gc] GC(1404) Pause Young (Allocation Failure) 796M->689M(910M) 30,076ms
[112,718s][info][gc] GC(1405) Pause Young (Allocation Failure) 803M->696M(910M) 42,188ms
[112,793s][info][gc] GC(1406) Pause Young (Allocation Failure) 810M->703M(910M) 32,364ms
[112,863s][info][gc] GC(1407) Pause Young (Allocation Failure) 817M->710M(910M) 25,866ms
[112,932s][info][gc] GC(1408) Pause Young (Allocation Failure) 824M->717M(910M) 24,688ms
[112,995s][info][gc] GC(1409) Pause Young (Allocation Failure) 831M->725M(910M) 22,137ms
[113,322s][info][gc] GC(1410) Pause Full (Ergonomics) 725M->590M(910M) 326,934ms
[113,367s][info][gc] GC(1411) Pause Young (Allocation Failure) 704M->599M(910M) 3,450ms
[113,413s][info][gc] GC(1412) Pause Young (Allocation Failure) 713M->607M(910M) 5,660ms
[113,463s][info][gc] GC(1413) Pause Young (Allocation Failure) 721M->615M(910M) 7,963ms
[113,515s][info][gc] GC(1414) Pause Young (Allocation Failure) 729M->623M(910M) 10,399ms
[113,567s][info][gc] GC(1415) Pause Young (Allocation Failure) 737M->631M(910M) 11,046ms
[113,617s][info][gc] GC(1416) Pause Young (Allocation Failure) 745M->639M(910M) 9,108ms
[113,664s][info][gc] GC(1417) Pause Young (Allocation Failure) 753M->648M(910M) 6,316ms
[113,711s][info][gc] GC(1418) Pause Young (Allocation Failure) 762M->656M(910M) 6,272ms
[113,758s][info][gc] GC(1419) Pause Young (Allocation Failure) 770M->664M(906M) 6,197ms
[113,804s][info][gc] GC(1420) Pause Young (Allocation Failure) 778M->672M(908M) 5,826ms
[113,853s][info][gc] GC(1421) Pause Young (Allocation Failure) 786M->680M(903M) 7,921ms
[113,909s][info][gc] GC(1422) Pause Young (Allocation Failure) 803M->689M(906M) 10,371ms
[113,967s][info][gc] GC(1423) Pause Young (Allocation Failure) 812M->697M(906M) 12,739ms
[114,030s][info][gc] GC(1424) Pause Young (Allocation Failure) 831M->706M(908M) 15,344ms
[114,095s][info][gc] GC(1425) Pause Young (Allocation Failure) 840M->715M(918M) 17,734ms
[114,165s][info][gc] GC(1426) Pause Young (Allocation Failure) 857M->725M(921M) 20,108ms
[114,238s][info][gc] GC(1427) Pause Young (Allocation Failure) 867M->734M(905M) 22,605ms
[114,305s][info][gc] GC(1428) Pause Young (Allocation Failure) 854M->741M(881M) 25,034ms
[114,641s][info][gc] GC(1429) Pause Full (Ergonomics) 741M->590M(910M) 335,648ms
[114,685s][info][gc] GC(1430) Pause Young (Allocation Failure) 704M->599M(910M) 3,491ms
[114,733s][info][gc] GC(1431) Pause Young (Allocation Failure) 713M->607M(910M) 5,670ms
[114,783s][info][gc] GC(1432) Pause Young (Allocation Failure) 721M->615M(822M) 8,013ms
[114,835s][info][gc] GC(1433) Pause Young (Allocation Failure) 729M->623M(910M) 10,322ms
[114,890s][info][gc] GC(1434) Pause Young (Allocation Failure) 743M->631M(906M) 12,442ms
[114,947s][info][gc] GC(1435) Pause Young (Allocation Failure) 751M->640M(908M) 14,641ms
[115,010s][info][gc] GC(1436) Pause Young (Allocation Failure) 771M->648M(909M) 17,158ms
[115,082s][info][gc] GC(1437) Pause Young (Allocation Failure) 779M->657M(920M) 19,481ms
[115,164s][info][gc] GC(1438) Pause Young (Allocation Failure) 797M->666M(898M) 27,451ms
[115,244s][info][gc] GC(1439) Pause Young (Allocation Failure) 806M->675M(903M) 25,167ms
[115,312s][info][gc] GC(1440) Pause Young (Allocation Failure) 789M->682M(910M) 25,968ms
[115,384s][info][gc] GC(1441) Pause Young (Allocation Failure) 796M->689M(910M) 30,957ms
[115,458s][info][gc] GC(1442) Pause Young (Allocation Failure) 803M->696M(910M) 31,424ms
[115,527s][info][gc] GC(1443) Pause Young (Allocation Failure) 810M->703M(910M) 26,367ms
[115,592s][info][gc] GC(1444) Pause Young (Allocation Failure) 817M->711M(910M) 24,604ms
[115,655s][info][gc] GC(1445) Pause Young (Allocation Failure) 825M->718M(910M) 22,339ms
[115,986s][info][gc] GC(1446) Pause Full (Ergonomics) 718M->590M(910M) 331,653ms
[116,032s][info][gc] GC(1447) Pause Young (Allocation Failure) 704M->599M(910M) 3,437ms
[116,080s][info][gc] GC(1448) Pause Young (Allocation Failure) 713M->607M(910M) 5,618ms
[116,129s][info][gc] GC(1449) Pause Young (Allocation Failure) 721M->615M(910M) 7,977ms
[116,180s][info][gc] GC(1450) Pause Young (Allocation Failure) 729M->623M(910M) 10,292ms
[116,232s][info][gc] GC(1451) Pause Young (Allocation Failure) 737M->631M(910M) 11,088ms
[116,282s][info][gc] GC(1452) Pause Young (Allocation Failure) 745M->639M(910M) 9,207ms
[116,329s][info][gc] GC(1453) Pause Young (Allocation Failure) 753M->648M(910M) 6,239ms
[116,376s][info][gc] GC(1454) Pause Young (Allocation Failure) 762M->656M(805M) 6,400ms
[116,423s][info][gc] GC(1455) Pause Young (Allocation Failure) 770M->664M(913M) 5,893ms
[116,473s][info][gc] GC(1456) Pause Young (Allocation Failure) 783M->672M(827M) 8,357ms
[116,525s][info][gc] GC(1457) Pause Young (Allocation Failure) 791M->681M(907M) 10,418ms
[116,583s][info][gc] GC(1458) Pause Young (Allocation Failure) 810M->690M(907M) 12,928ms
[116,644s][info][gc] GC(1459) Pause Young (Allocation Failure) 819M->698M(914M) 15,229ms
[116,711s][info][gc] GC(1460) Pause Young (Allocation Failure) 837M->708M(915M) 17,742ms
[116,780s][info][gc] GC(1461) Pause Young (Allocation Failure) 847M->717M(915M) 20,166ms
[116,852s][info][gc] GC(1462) Pause Young (Allocation Failure) 853M->725M(890M) 22,624ms
[116,925s][info][gc] GC(1463) Pause Young (Allocation Failure) 861M->734M(908M) 23,231ms
[117,233s][info][gc] GC(1464) Pause Full (Ergonomics) 734M->590M(912M) 308,227ms
[117,278s][info][gc] GC(1465) Pause Young (Allocation Failure) 708M->599M(912M) 3,466ms
[117,326s][info][gc] GC(1466) Pause Young (Allocation Failure) 717M->608M(818M) 5,862ms
[117,376s][info][gc] GC(1467) Pause Young (Allocation Failure) 726M->616M(914M) 8,165ms
[117,431s][info][gc] GC(1468) Pause Young (Allocation Failure) 738M->625M(840M) 10,602ms
[117,487s][info][gc] GC(1469) Pause Young (Allocation Failure) 747M->633M(911M) 12,871ms
[117,548s][info][gc] GC(1470) Pause Young (Allocation Failure) 765M->642M(909M) 15,156ms
[117,613s][info][gc] GC(1471) Pause Young (Allocation Failure) 774M->651M(918M) 17,816ms
[117,683s][info][gc] GC(1472) Pause Young (Allocation Failure) 793M->660M(920M) 20,319ms
[117,756s][info][gc] GC(1473) Pause Young (Allocation Failure) 802M->669M(909M) 22,560ms
[117,826s][info][gc] GC(1474) Pause Young (Allocation Failure) 795M->677M(896M) 24,788ms
[117,897s][info][gc] GC(1475) Pause Young (Allocation Failure) 803M->685M(910M) 26,930ms
[117,969s][info][gc] GC(1476) Pause Young (Allocation Failure) 799M->692M(910M) 30,249ms
[118,055s][info][gc] GC(1477) Pause Young (Allocation Failure) 806M->699M(910M) 45,110ms
[118,141s][info][gc] GC(1478) Pause Young (Allocation Failure) 813M->706M(910M) 44,548ms
[118,221s][info][gc] GC(1479) Pause Young (Allocation Failure) 820M->713M(910M) 35,509ms
[118,291s][info][gc] GC(1480) Pause Young (Allocation Failure) 827M->720M(910M) 26,756ms
[118,359s][info][gc] GC(1481) Pause Young (Allocation Failure) 834M->727M(910M) 24,413ms
[118,682s][info][gc] GC(1482) Pause Full (Ergonomics) 727M->590M(910M) 322,863ms
[118,727s][info][gc] GC(1483) Pause Young (Allocation Failure) 704M->599M(910M) 3,406ms
[118,775s][info][gc] GC(1484) Pause Young (Allocation Failure) 713M->607M(910M) 5,651ms
[118,824s][info][gc] GC(1485) Pause Young (Allocation Failure) 721M->615M(910M) 7,934ms
[118,874s][info][gc] GC(1486) Pause Young (Allocation Failure) 729M->623M(910M) 10,054ms
[118,928s][info][gc] GC(1487) Pause Young (Allocation Failure) 737M->631M(910M) 13,058ms
[118,980s][info][gc] GC(1488) Pause Young (Allocation Failure) 745M->639M(910M) 11,019ms
[119,029s][info][gc] GC(1489) Pause Young (Allocation Failure) 753M->647M(910M) 9,136ms
[119,076s][info][gc] GC(1490) Pause Young (Allocation Failure) 761M->655M(910M) 6,202ms
[119,123s][info][gc] GC(1491) Pause Young (Allocation Failure) 769M->664M(910M) 6,241ms
[119,454s][info][gc] GC(1492) Pause Full (Ergonomics) 664M->590M(910M) 331,600ms
[119,498s][info][gc] GC(1493) Pause Young (Allocation Failure) 704M->599M(910M) 3,422ms
[119,547s][info][gc] GC(1494) Pause Young (Allocation Failure) 713M->607M(805M) 6,130ms
[119,595s][info][gc] GC(1495) Pause Young (Allocation Failure) 721M->615M(911M) 5,755ms
[119,647s][info][gc] GC(1496) Pause Young (Allocation Failure) 735M->624M(909M) 8,115ms
[119,700s][info][gc] GC(1497) Pause Young (Allocation Failure) 744M->632M(902M) 10,863ms
[119,763s][info][gc] GC(1498) Pause Young (Allocation Failure) 761M->641M(906M) 15,009ms
[119,827s][info][gc] GC(1499) Pause Young (Allocation Failure) 770M->650M(912M) 15,147ms
[119,896s][info][gc] GC(1500) Pause Young (Allocation Failure) 787M->659M(914M) 17,814ms
[119,966s][info][gc] GC(1501) Pause Young (Allocation Failure) 796M->668M(914M) 20,175ms
[120,036s][info][gc] GC(1502) Pause Young (Allocation Failure) 801M->676M(894M) 22,488ms
[120,109s][info][gc] GC(1503) Pause Young (Allocation Failure) 809M->685M(909M) 24,828ms
[120,176s][info][gc] GC(1504) Pause Young (Allocation Failure) 799M->692M(910M) 26,814ms
[120,242s][info][gc] GC(1505) Pause Young (Allocation Failure) 806M->699M(910M) 25,236ms
[120,307s][info][gc] GC(1506) Pause Young (Allocation Failure) 813M->706M(910M) 23,100ms
[120,368s][info][gc] GC(1507) Pause Young (Allocation Failure) 820M->714M(910M) 20,703ms
[120,701s][info][gc] GC(1508) Pause Full (Ergonomics) 714M->590M(910M) 332,369ms
[120,746s][info][gc] GC(1509) Pause Young (Allocation Failure) 704M->599M(910M) 3,431ms
[120,794s][info][gc] GC(1510) Pause Young (Allocation Failure) 713M->607M(910M) 5,692ms
[120,843s][info][gc] GC(1511) Pause Young (Allocation Failure) 721M->615M(906M) 7,919ms
[120,894s][info][gc] GC(1512) Pause Young (Allocation Failure) 729M->623M(908M) 10,157ms
[120,946s][info][gc] GC(1513) Pause Young (Allocation Failure) 737M->631M(903M) 12,383ms
[121,006s][info][gc] GC(1514) Pause Young (Allocation Failure) 754M->639M(906M) 14,589ms
[121,069s][info][gc] GC(1515) Pause Young (Allocation Failure) 762M->647M(914M) 16,765ms
[121,138s][info][gc] GC(1516) Pause Young (Allocation Failure) 781M->656M(914M) 19,257ms
[121,209s][info][gc] GC(1517) Pause Young (Allocation Failure) 790M->665M(914M) 21,474ms
[121,279s][info][gc] GC(1518) Pause Young (Allocation Failure) 796M->673M(897M) 23,958ms
[121,352s][info][gc] GC(1519) Pause Young (Allocation Failure) 804M->681M(909M) 26,126ms
[121,419s][info][gc] GC(1520) Pause Young (Allocation Failure) 795M->689M(910M) 26,429ms
[121,484s][info][gc] GC(1521) Pause Young (Allocation Failure) 803M->696M(910M) 24,721ms
[121,547s][info][gc] GC(1522) Pause Young (Allocation Failure) 810M->703M(858M) 22,627ms
[121,610s][info][gc] GC(1523) Pause Young (Allocation Failure) 817M->711M(912M) 20,493ms
[121,930s][info][gc] GC(1524) Pause Full (Ergonomics) 711M->590M(909M) 319,989ms
[121,975s][info][gc] GC(1525) Pause Young (Allocation Failure) 708M->599M(909M) 3,581ms
[122,022s][info][gc] GC(1526) Pause Young (Allocation Failure) 717M->608M(912M) 5,724ms
[122,074s][info][gc] GC(1527) Pause Young (Allocation Failure) 725M->616M(909M) 8,186ms
[122,127s][info][gc] GC(1528) Pause Young (Allocation Failure) 733M->624M(910M) 10,354ms
[122,181s][info][gc] GC(1529) Pause Young (Allocation Failure) 742M->632M(906M) 12,645ms
[122,240s][info][gc] GC(1530) Pause Young (Allocation Failure) 757M->641M(909M) 14,952ms
[122,303s][info][gc] GC(1531) Pause Young (Allocation Failure) 766M->649M(915M) 17,199ms
[122,371s][info][gc] GC(1532) Pause Young (Allocation Failure) 785M->658M(916M) 20,066ms
[122,441s][info][gc] GC(1533) Pause Young (Allocation Failure) 794M->667M(915M) 22,102ms
[122,512s][info][gc] GC(1534) Pause Young (Allocation Failure) 800M->675M(901M) 24,316ms
[122,586s][info][gc] GC(1535) Pause Young (Allocation Failure) 808M->683M(908M) 26,487ms
[122,660s][info][gc] GC(1536) Pause Young (Allocation Failure) 797M->690M(910M) 33,518ms
[122,732s][info][gc] GC(1537) Pause Young (Allocation Failure) 804M->697M(910M) 31,012ms
[122,802s][info][gc] GC(1538) Pause Young (Allocation Failure) 811M->705M(910M) 26,509ms
[122,869s][info][gc] GC(1539) Pause Young (Allocation Failure) 819M->712M(910M) 24,829ms
[122,934s][info][gc] GC(1540) Pause Young (Allocation Failure) 826M->719M(910M) 23,006ms
[123,251s][info][gc] GC(1541) Pause Full (Ergonomics) 719M->590M(910M) 316,955ms
[123,295s][info][gc] GC(1542) Pause Young (Allocation Failure) 704M->599M(910M) 3,475ms
[123,340s][info][gc] GC(1543) Pause Young (Allocation Failure) 713M->607M(910M) 5,666ms
[123,389s][info][gc] GC(1544) Pause Young (Allocation Failure) 721M->615M(910M) 7,969ms
[123,440s][info][gc] GC(1545) Pause Young (Allocation Failure) 729M->623M(910M) 10,403ms
[123,491s][info][gc] GC(1546) Pause Young (Allocation Failure) 737M->631M(910M) 10,996ms
[123,541s][info][gc] GC(1547) Pause Young (Allocation Failure) 745M->639M(910M) 9,185ms
[123,589s][info][gc] GC(1548) Pause Young (Allocation Failure) 753M->648M(910M) 6,198ms
[123,636s][info][gc] GC(1549) Pause Young (Allocation Failure) 762M->656M(909M) 6,246ms
[123,684s][info][gc] GC(1550) Pause Young (Allocation Failure) 770M->664M(814M) 5,890ms
[123,733s][info][gc] GC(1551) Pause Young (Allocation Failure) 778M->672M(909M) 8,068ms
[123,787s][info][gc] GC(1552) Pause Young (Allocation Failure) 794M->681M(907M) 10,331ms
[123,843s][info][gc] GC(1553) Pause Young (Allocation Failure) 802M->689M(905M) 12,921ms
[123,905s][info][gc] GC(1554) Pause Young (Allocation Failure) 821M->698M(907M) 15,261ms
[123,969s][info][gc] GC(1555) Pause Young (Allocation Failure) 829M->707M(916M) 17,602ms
[124,039s][info][gc] GC(1556) Pause Young (Allocation Failure) 847M->716M(919M) 20,203ms
[124,111s][info][gc] GC(1557) Pause Young (Allocation Failure) 856M->725M(907M) 22,523ms
[124,179s][info][gc] GC(1558) Pause Young (Allocation Failure) 848M->733M(884M) 24,592ms
[124,247s][info][gc] GC(1559) Pause Young (Allocation Failure) 856M->741M(910M) 25,352ms
[124,574s][info][gc] GC(1560) Pause Full (Ergonomics) 741M->590M(910M) 326,413ms
[124,618s][info][gc] GC(1561) Pause Young (Allocation Failure) 704M->599M(910M) 3,473ms
[124,664s][info][gc] GC(1562) Pause Young (Allocation Failure) 713M->607M(910M) 5,701ms
[124,713s][info][gc] GC(1563) Pause Young (Allocation Failure) 721M->615M(906M) 8,073ms
[124,764s][info][gc] GC(1564) Pause Young (Allocation Failure) 729M->623M(908M) 10,148ms
[124,817s][info][gc] GC(1565) Pause Young (Allocation Failure) 737M->631M(903M) 12,284ms
[124,876s][info][gc] GC(1566) Pause Young (Allocation Failure) 754M->639M(906M) 14,645ms
[124,937s][info][gc] GC(1567) Pause Young (Allocation Failure) 763M->648M(914M) 16,874ms
[125,004s][info][gc] GC(1568) Pause Young (Allocation Failure) 782M->656M(914M) 19,403ms
[125,073s][info][gc] GC(1569) Pause Young (Allocation Failure) 791M->665M(913M) 21,591ms
[125,143s][info][gc] GC(1570) Pause Young (Allocation Failure) 795M->673M(896M) 23,993ms
[125,216s][info][gc] GC(1571) Pause Young (Allocation Failure) 803M->681M(909M) 25,997ms
[125,282s][info][gc] GC(1572) Pause Young (Allocation Failure) 795M->689M(910M) 25,956ms
[125,347s][info][gc] GC(1573) Pause Young (Allocation Failure) 803M->696M(910M) 24,441ms
[125,410s][info][gc] GC(1574) Pause Young (Allocation Failure) 810M->703M(910M) 22,724ms
[125,471s][info][gc] GC(1575) Pause Young (Allocation Failure) 817M->711M(902M) 20,476ms
[125,805s][info][gc] GC(1576) Pause Full (Ergonomics) 711M->590M(906M) 333,869ms
[125,851s][info][gc] GC(1577) Pause Young (Allocation Failure) 704M->599M(908M) 3,379ms
[125,900s][info][gc] GC(1578) Pause Young (Allocation Failure) 715M->607M(911M) 5,704ms
[125,949s][info][gc] GC(1579) Pause Young (Allocation Failure) 723M->615M(907M) 8,055ms
[126,000s][info][gc] GC(1580) Pause Young (Allocation Failure) 731M->623M(909M) 10,246ms
[126,054s][info][gc] GC(1581) Pause Young (Allocation Failure) 739M->631M(904M) 12,437ms
[126,112s][info][gc] GC(1582) Pause Young (Allocation Failure) 755M->640M(908M) 14,843ms
[126,173s][info][gc] GC(1583) Pause Young (Allocation Failure) 764M->648M(915M) 16,967ms
[126,242s][info][gc] GC(1584) Pause Young (Allocation Failure) 784M->657M(915M) 19,483ms
[126,314s][info][gc] GC(1585) Pause Young (Allocation Failure) 793M->666M(915M) 21,773ms
[126,386s][info][gc] GC(1586) Pause Young (Allocation Failure) 799M->674M(900M) 24,195ms
[126,459s][info][gc] GC(1587) Pause Young (Allocation Failure) 807M->683M(908M) 26,261ms
[126,532s][info][gc] GC(1588) Pause Young (Allocation Failure) 797M->690M(910M) 32,481ms
[126,599s][info][gc] GC(1589) Pause Young (Allocation Failure) 804M->697M(910M) 26,502ms
[126,667s][info][gc] GC(1590) Pause Young (Allocation Failure) 811M->704M(910M) 24,695ms
[126,733s][info][gc] GC(1591) Pause Young (Allocation Failure) 818M->712M(910M) 22,992ms
[127,062s][info][gc] GC(1592) Pause Full (Ergonomics) 712M->590M(910M) 328,316ms
[127,106s][info][gc] GC(1593) Pause Young (Allocation Failure) 704M->599M(910M) 3,397ms
[127,153s][info][gc] GC(1594) Pause Young (Allocation Failure) 713M->607M(910M) 5,676ms
[127,203s][info][gc] GC(1595) Pause Young (Allocation Failure) 721M->615M(910M) 7,946ms
[127,254s][info][gc] GC(1596) Pause Young (Allocation Failure) 729M->623M(910M) 10,326ms
[127,306s][info][gc] GC(1597) Pause Young (Allocation Failure) 737M->631M(910M) 11,105ms
[127,356s][info][gc] GC(1598) Pause Young (Allocation Failure) 745M->639M(910M) 9,201ms
[127,402s][info][gc] GC(1599) Pause Young (Allocation Failure) 753M->647M(904M) 5,790ms
[127,451s][info][gc] GC(1600) Pause Young (Allocation Failure) 761M->656M(907M) 8,118ms
[127,501s][info][gc] GC(1601) Pause Young (Allocation Failure) 770M->664M(900M) 10,190ms
[127,558s][info][gc] GC(1602) Pause Young (Allocation Failure) 787M->672M(906M) 12,520ms
[127,616s][info][gc] GC(1603) Pause Young (Allocation Failure) 796M->680M(910M) 14,832ms
[127,682s][info][gc] GC(1604) Pause Young (Allocation Failure) 815M->689M(911M) 17,315ms
[127,751s][info][gc] GC(1605) Pause Young (Allocation Failure) 824M->698M(919M) 19,602ms
[127,825s][info][gc] GC(1606) Pause Young (Allocation Failure) 839M->707M(900M) 22,074ms
[127,899s][info][gc] GC(1607) Pause Young (Allocation Failure) 848M->716M(905M) 24,719ms
[127,965s][info][gc] GC(1608) Pause Young (Allocation Failure) 832M->724M(877M) 24,901ms
[128,031s][info][gc] GC(1609) Pause Young (Allocation Failure) 840M->731M(910M) 25,099ms
[128,332s][info][gc] GC(1610) Pause Full (Ergonomics) 731M->590M(910M) 300,839ms
[128,375s][info][gc] GC(1611) Pause Young (Allocation Failure) 704M->599M(910M) 3,455ms
[128,421s][info][gc] GC(1612) Pause Young (Allocation Failure) 713M->607M(910M) 5,747ms
[128,469s][info][gc] GC(1613) Pause Young (Allocation Failure) 721M->615M(910M) 7,944ms
[128,519s][info][gc] GC(1614) Pause Young (Allocation Failure) 729M->623M(830M) 10,224ms
[128,572s][info][gc] GC(1615) Pause Young (Allocation Failure) 737M->631M(910M) 12,254ms
[128,629s][info][gc] GC(1616) Pause Young (Allocation Failure) 751M->639M(906M) 14,581ms
[128,688s][info][gc] GC(1617) Pause Young (Allocation Failure) 759M->647M(913M) 16,586ms
[128,753s][info][gc] GC(1618) Pause Young (Allocation Failure) 778M->656M(912M) 19,393ms
[128,819s][info][gc] GC(1619) Pause Young (Allocation Failure) 787M->664M(925M) 19,578ms
[128,891s][info][gc] GC(1620) Pause Young (Allocation Failure) 808M->674M(924M) 19,976ms
[128,963s][info][gc] GC(1621) Pause Young (Allocation Failure) 818M->683M(925M) 20,513ms
[129,036s][info][gc] GC(1622) Pause Young (Allocation Failure) 828M->693M(893M) 21,274ms
[129,109s][info][gc] GC(1623) Pause Young (Allocation Failure) 838M->702M(923M) 21,367ms
[129,181s][info][gc] GC(1624) Pause Young (Allocation Failure) 844M->711M(893M) 22,156ms
[129,254s][info][gc] GC(1625) Pause Young (Allocation Failure) 853M->721M(926M) 22,888ms
[129,584s][info][gc] GC(1626) Pause Full (Ergonomics) 721M->590M(923M) 329,594ms
[129,640s][info][gc] GC(1627) Pause Young (Allocation Failure) 733M->601M(920M) 4,249ms
[129,699s][info][gc] GC(1628) Pause Young (Allocation Failure) 740M->611M(842M) 6,678ms
[129,758s][info][gc] GC(1629) Pause Young (Allocation Failure) 750M->621M(925M) 9,464ms
[129,819s][info][gc] GC(1630) Pause Young (Allocation Failure) 761M->630M(863M) 12,255ms
[129,884s][info][gc] GC(1631) Pause Young (Allocation Failure) 771M->640M(921M) 14,789ms
[129,953s][info][gc] GC(1632) Pause Young (Allocation Failure) 783M->649M(918M) 17,397ms
[130,024s][info][gc] GC(1633) Pause Young (Allocation Failure) 793M->659M(925M) 19,896ms
[130,100s][info][gc] GC(1634) Pause Young (Allocation Failure) 810M->669M(912M) 22,716ms
[130,179s][info][gc] GC(1635) Pause Young (Allocation Failure) 820M->678M(906M) 25,316ms
[130,249s][info][gc] GC(1636) Pause Young (Allocation Failure) 800M->686M(900M) 27,074ms
[130,329s][info][gc] GC(1637) Pause Young (Allocation Failure) 808M->693M(910M) 37,054ms
[130,416s][info][gc] GC(1638) Pause Young (Allocation Failure) 807M->700M(910M) 46,771ms
[130,493s][info][gc] GC(1639) Pause Young (Allocation Failure) 814M->707M(910M) 32,261ms
[130,563s][info][gc] GC(1640) Pause Young (Allocation Failure) 821M->714M(910M) 25,877ms
[130,629s][info][gc] GC(1641) Pause Young (Allocation Failure) 828M->722M(910M) 23,359ms
[130,950s][info][gc] GC(1642) Pause Full (Ergonomics) 722M->590M(910M) 320,205ms
[130,995s][info][gc] GC(1643) Pause Young (Allocation Failure) 704M->599M(910M) 3,431ms
[131,042s][info][gc] GC(1644) Pause Young (Allocation Failure) 713M->607M(910M) 5,678ms
[131,092s][info][gc] GC(1645) Pause Young (Allocation Failure) 721M->615M(910M) 7,979ms
[131,143s][info][gc] GC(1646) Pause Young (Allocation Failure) 729M->623M(910M) 10,440ms
[131,194s][info][gc] GC(1647) Pause Young (Allocation Failure) 737M->631M(910M) 11,189ms
[131,244s][info][gc] GC(1648) Pause Young (Allocation Failure) 745M->639M(910M) 9,046ms
[131,290s][info][gc] GC(1649) Pause Young (Allocation Failure) 753M->648M(910M) 6,215ms
[131,337s][info][gc] GC(1650) Pause Young (Allocation Failure) 762M->656M(910M) 6,315ms
[131,383s][info][gc] GC(1651) Pause Young (Allocation Failure) 770M->664M(910M) 6,286ms
[131,430s][info][gc] GC(1652) Pause Young (Allocation Failure) 778M->672M(805M) 6,317ms
[131,755s][info][gc] GC(1653) Pause Full (Ergonomics) 672M->590M(908M) 324,887ms
[131,799s][info][gc] GC(1654) Pause Young (Allocation Failure) 704M->599M(908M) 3,520ms
[131,848s][info][gc] GC(1655) Pause Young (Allocation Failure) 713M->607M(902M) 5,989ms
[131,901s][info][gc] GC(1656) Pause Young (Allocation Failure) 728M->616M(905M) 8,445ms
[131,955s][info][gc] GC(1657) Pause Young (Allocation Failure) 737M->624M(899M) 10,901ms
[132,014s][info][gc] GC(1658) Pause Young (Allocation Failure) 754M->633M(902M) 12,926ms
[132,075s][info][gc] GC(1659) Pause Young (Allocation Failure) 762M->642M(909M) 15,300ms
[132,141s][info][gc] GC(1660) Pause Young (Allocation Failure) 779M->651M(911M) 17,710ms
[132,210s][info][gc] GC(1661) Pause Young (Allocation Failure) 788M->660M(915M) 20,178ms
[132,280s][info][gc] GC(1662) Pause Young (Allocation Failure) 796M->668M(897M) 22,544ms
[132,353s][info][gc] GC(1663) Pause Young (Allocation Failure) 804M->677M(908M) 25,009ms
[132,421s][info][gc] GC(1664) Pause Young (Allocation Failure) 791M->684M(910M) 26,607ms
[132,488s][info][gc] GC(1665) Pause Young (Allocation Failure) 798M->691M(910M) 27,075ms
[132,554s][info][gc] GC(1666) Pause Young (Allocation Failure) 805M->699M(910M) 25,433ms
[132,617s][info][gc] GC(1667) Pause Young (Allocation Failure) 813M->706M(910M) 22,937ms
[132,678s][info][gc] GC(1668) Pause Young (Allocation Failure) 820M->714M(910M) 20,582ms
[132,990s][info][gc] GC(1669) Pause Full (Ergonomics) 714M->590M(910M) 312,223ms
[133,034s][info][gc] GC(1670) Pause Young (Allocation Failure) 704M->599M(910M) 3,437ms
[133,083s][info][gc] GC(1671) Pause Young (Allocation Failure) 713M->607M(910M) 5,711ms
[133,135s][info][gc] GC(1672) Pause Young (Allocation Failure) 721M->615M(910M) 8,030ms
[133,192s][info][gc] GC(1673) Pause Young (Allocation Failure) 729M->623M(909M) 11,052ms
[133,245s][info][gc] GC(1674) Pause Young (Allocation Failure) 737M->631M(822M) 8,035ms
[133,300s][info][gc] GC(1675) Pause Young (Allocation Failure) 745M->639M(909M) 10,264ms
[133,361s][info][gc] GC(1676) Pause Young (Allocation Failure) 761M->648M(907M) 12,408ms
[133,424s][info][gc] GC(1677) Pause Young (Allocation Failure) 769M->656M(908M) 14,920ms
[133,493s][info][gc] GC(1678) Pause Young (Allocation Failure) 788M->665M(910M) 17,036ms
[133,564s][info][gc] GC(1679) Pause Young (Allocation Failure) 797M->673M(918M) 19,769ms
[133,642s][info][gc] GC(1680) Pause Young (Allocation Failure) 813M->682M(898M) 22,098ms
[133,721s][info][gc] GC(1681) Pause Young (Allocation Failure) 822M->691M(903M) 24,555ms
[133,791s][info][gc] GC(1682) Pause Young (Allocation Failure) 805M->698M(910M) 26,122ms
[133,860s][info][gc] GC(1683) Pause Young (Allocation Failure) 812M->705M(910M) 26,480ms
[133,927s][info][gc] GC(1684) Pause Young (Allocation Failure) 819M->713M(910M) 24,934ms
[133,990s][info][gc] GC(1685) Pause Young (Allocation Failure) 827M->720M(910M) 22,996ms
[134,315s][info][gc] GC(1686) Pause Full (Ergonomics) 720M->590M(910M) 325,374ms
[134,360s][info][gc] GC(1687) Pause Young (Allocation Failure) 704M->599M(910M) 3,448ms
[134,406s][info][gc] GC(1688) Pause Young (Allocation Failure) 713M->607M(910M) 5,666ms
[134,456s][info][gc] GC(1689) Pause Young (Allocation Failure) 721M->615M(910M) 7,826ms
[134,508s][info][gc] GC(1690) Pause Young (Allocation Failure) 729M->623M(822M) 10,403ms
[134,559s][info][gc] GC(1691) Pause Young (Allocation Failure) 737M->631M(913M) 10,209ms
[134,613s][info][gc] GC(1692) Pause Young (Allocation Failure) 750M->639M(842M) 12,452ms
[134,670s][info][gc] GC(1693) Pause Young (Allocation Failure) 758M->647M(909M) 14,533ms
[134,731s][info][gc] GC(1694) Pause Young (Allocation Failure) 772M->656M(906M) 16,822ms
[134,795s][info][gc] GC(1695) Pause Young (Allocation Failure) 781M->664M(915M) 19,144ms
[134,864s][info][gc] GC(1696) Pause Young (Allocation Failure) 799M->673M(917M) 21,524ms
[134,934s][info][gc] GC(1697) Pause Young (Allocation Failure) 808M->681M(918M) 22,006ms
[135,004s][info][gc] GC(1698) Pause Young (Allocation Failure) 815M->690M(886M) 22,406ms
[135,074s][info][gc] GC(1699) Pause Young (Allocation Failure) 824M->699M(917M) 22,685ms
[135,143s][info][gc] GC(1700) Pause Young (Allocation Failure) 828M->707M(883M) 23,198ms
[135,212s][info][gc] GC(1701) Pause Young (Allocation Failure) 836M->715M(919M) 23,409ms
[135,279s][info][gc] GC(1702) Pause Young (Allocation Failure) 844M->724M(867M) 21,643ms
[135,607s][info][gc] GC(1703) Pause Full (Ergonomics) 724M->590M(912M) 327,079ms
[135,658s][info][gc] GC(1704) Pause Young (Allocation Failure) 719M->600M(912M) 3,752ms
[135,712s][info][gc] GC(1705) Pause Young (Allocation Failure) 729M->609M(918M) 6,453ms
[135,767s][info][gc] GC(1706) Pause Young (Allocation Failure) 740M->618M(842M) 8,895ms
[135,826s][info][gc] GC(1707) Pause Young (Allocation Failure) 749M->627M(921M) 11,310ms
[135,888s][info][gc] GC(1708) Pause Young (Allocation Failure) 763M->637M(865M) 14,119ms
[135,953s][info][gc] GC(1709) Pause Young (Allocation Failure) 772M->646M(916M) 16,416ms
[136,021s][info][gc] GC(1710) Pause Young (Allocation Failure) 786M->655M(915M) 18,889ms
[136,092s][info][gc] GC(1711) Pause Young (Allocation Failure) 795M->664M(920M) 21,328ms
[136,166s][info][gc] GC(1712) Pause Young (Allocation Failure) 807M->673M(909M) 23,862ms
[136,243s][info][gc] GC(1713) Pause Young (Allocation Failure) 816M->682M(903M) 26,444ms
[136,315s][info][gc] GC(1714) Pause Young (Allocation Failure) 796M->689M(910M) 31,290ms
[136,398s][info][gc] GC(1715) Pause Young (Allocation Failure) 803M->696M(910M) 43,220ms
[136,470s][info][gc] GC(1716) Pause Young (Allocation Failure) 810M->703M(910M) 27,744ms
[136,540s][info][gc] GC(1717) Pause Young (Allocation Failure) 817M->711M(910M) 25,618ms
[136,603s][info][gc] GC(1718) Pause Young (Allocation Failure) 825M->718M(910M) 23,205ms
[136,927s][info][gc] GC(1719) Pause Full (Ergonomics) 718M->590M(910M) 323,366ms
[136,970s][info][gc] GC(1720) Pause Young (Allocation Failure) 704M->599M(910M) 3,464ms
[137,017s][info][gc] GC(1721) Pause Young (Allocation Failure) 713M->607M(910M) 5,635ms
[137,067s][info][gc] GC(1722) Pause Young (Allocation Failure) 721M->615M(910M) 7,845ms
[137,120s][info][gc] GC(1723) Pause Young (Allocation Failure) 729M->623M(910M) 10,421ms
[137,171s][info][gc] GC(1724) Pause Young (Allocation Failure) 737M->631M(910M) 11,029ms
[137,221s][info][gc] GC(1725) Pause Young (Allocation Failure) 745M->639M(910M) 9,082ms
[137,268s][info][gc] GC(1726) Pause Young (Allocation Failure) 753M->648M(910M) 6,299ms
[137,314s][info][gc] GC(1727) Pause Young (Allocation Failure) 762M->656M(910M) 6,236ms
[137,362s][info][gc] GC(1728) Pause Young (Allocation Failure) 770M->664M(805M) 6,383ms
[137,409s][info][gc] GC(1729) Pause Young (Allocation Failure) 778M->672M(912M) 5,927ms
[137,460s][info][gc] GC(1730) Pause Young (Allocation Failure) 791M->681M(827M) 8,332ms
[137,513s][info][gc] GC(1731) Pause Young (Allocation Failure) 800M->689M(904M) 10,675ms
[137,572s][info][gc] GC(1732) Pause Young (Allocation Failure) 817M->698M(906M) 12,810ms
[137,632s][info][gc] GC(1733) Pause Young (Allocation Failure) 826M->707M(913M) 15,251ms
[137,699s][info][gc] GC(1734) Pause Young (Allocation Failure) 845M->716M(914M) 17,876ms
[137,768s][info][gc] GC(1735) Pause Young (Allocation Failure) 854M->725M(915M) 20,106ms
[137,838s][info][gc] GC(1736) Pause Young (Allocation Failure) 861M->733M(897M) 22,395ms
[137,911s][info][gc] GC(1737) Pause Young (Allocation Failure) 869M->742M(907M) 24,981ms
[138,240s][info][gc] GC(1738) Pause Full (Ergonomics) 742M->590M(910M) 328,742ms
[138,285s][info][gc] GC(1739) Pause Young (Allocation Failure) 704M->599M(910M) 3,344ms
[138,331s][info][gc] GC(1740) Pause Young (Allocation Failure) 713M->607M(910M) 5,724ms
[138,381s][info][gc] GC(1741) Pause Young (Allocation Failure) 721M->615M(902M) 7,939ms
[138,432s][info][gc] GC(1742) Pause Young (Allocation Failure) 729M->623M(906M) 10,246ms
[138,485s][info][gc] GC(1743) Pause Young (Allocation Failure) 737M->631M(898M) 12,336ms
[138,544s][info][gc] GC(1744) Pause Young (Allocation Failure) 755M->639M(904M) 14,680ms
[138,605s][info][gc] GC(1745) Pause Young (Allocation Failure) 763M->648M(913M) 17,009ms
[138,672s][info][gc] GC(1746) Pause Young (Allocation Failure) 782M->656M(914M) 19,186ms
[138,741s][info][gc] GC(1747) Pause Young (Allocation Failure) 791M->665M(912M) 21,619ms
[138,811s][info][gc] GC(1748) Pause Young (Allocation Failure) 794M->673M(895M) 24,064ms
[138,882s][info][gc] GC(1749) Pause Young (Allocation Failure) 802M->681M(910M) 25,596ms
[138,952s][info][gc] GC(1750) Pause Young (Allocation Failure) 795M->688M(910M) 30,396ms
[139,019s][info][gc] GC(1751) Pause Young (Allocation Failure) 802M->696M(910M) 26,428ms
[139,084s][info][gc] GC(1752) Pause Young (Allocation Failure) 810M->703M(910M) 24,345ms
[139,146s][info][gc] GC(1753) Pause Young (Allocation Failure) 817M->710M(910M) 22,537ms
[139,207s][info][gc] GC(1754) Pause Young (Allocation Failure) 824M->718M(846M) 19,984ms
[139,530s][info][gc] GC(1755) Pause Full (Ergonomics) 718M->590M(910M) 323,478ms
[139,574s][info][gc] GC(1756) Pause Young (Allocation Failure) 704M->599M(910M) 3,513ms
[139,621s][info][gc] GC(1757) Pause Young (Allocation Failure) 713M->607M(910M) 5,696ms
[139,670s][info][gc] GC(1758) Pause Young (Allocation Failure) 721M->615M(910M) 7,892ms
[139,723s][info][gc] GC(1759) Pause Young (Allocation Failure) 729M->623M(909M) 11,286ms
[139,771s][info][gc] GC(1760) Pause Young (Allocation Failure) 737M->631M(822M) 8,141ms
[139,822s][info][gc] GC(1761) Pause Young (Allocation Failure) 745M->639M(912M) 10,210ms
[139,877s][info][gc] GC(1762) Pause Young (Allocation Failure) 760M->647M(908M) 12,637ms
[139,934s][info][gc] GC(1763) Pause Young (Allocation Failure) 768M->656M(910M) 14,753ms
[139,998s][info][gc] GC(1764) Pause Young (Allocation Failure) 787M->664M(909M) 17,097ms
[140,063s][info][gc] GC(1765) Pause Young (Allocation Failure) 795M->673M(920M) 19,199ms
[140,135s][info][gc] GC(1766) Pause Young (Allocation Failure) 814M->682M(892M) 22,087ms
[140,207s][info][gc] GC(1767) Pause Young (Allocation Failure) 823M->691M(917M) 22,737ms
[140,277s][info][gc] GC(1768) Pause Young (Allocation Failure) 823M->700M(886M) 22,840ms
[140,347s][info][gc] GC(1769) Pause Young (Allocation Failure) 832M->708M(918M) 23,531ms
[140,414s][info][gc] GC(1770) Pause Young (Allocation Failure) 836M->717M(867M) 21,864ms
[140,745s][info][gc] GC(1771) Pause Full (Ergonomics) 717M->590M(912M) 331,508ms
[140,795s][info][gc] GC(1772) Pause Young (Allocation Failure) 718M->600M(912M) 3,709ms
[140,848s][info][gc] GC(1773) Pause Young (Allocation Failure) 728M->609M(919M) 6,185ms
[140,907s][info][gc] GC(1774) Pause Young (Allocation Failure) 741M->618M(843M) 8,964ms
[140,965s][info][gc] GC(1775) Pause Young (Allocation Failure) 750M->627M(920M) 11,285ms
[141,027s][info][gc] GC(1776) Pause Young (Allocation Failure) 763M->637M(916M) 14,053ms
[141,091s][info][gc] GC(1777) Pause Young (Allocation Failure) 773M->646M(918M) 16,376ms
[141,160s][info][gc] GC(1778) Pause Young (Allocation Failure) 788M->655M(918M) 19,066ms
[141,232s][info][gc] GC(1779) Pause Young (Allocation Failure) 798M->664M(919M) 21,600ms
[141,306s][info][gc] GC(1780) Pause Young (Allocation Failure) 805M->673M(907M) 24,008ms
[141,383s][info][gc] GC(1781) Pause Young (Allocation Failure) 814M->682M(904M) 26,050ms
[141,452s][info][gc] GC(1782) Pause Young (Allocation Failure) 796M->689M(910M) 28,530ms
[141,535s][info][gc] GC(1783) Pause Young (Allocation Failure) 803M->696M(910M) 43,316ms
[141,606s][info][gc] GC(1784) Pause Young (Allocation Failure) 810M->703M(910M) 28,916ms
[141,675s][info][gc] GC(1785) Pause Young (Allocation Failure) 817M->711M(910M) 25,552ms
[141,741s][info][gc] GC(1786) Pause Young (Allocation Failure) 825M->718M(910M) 23,194ms
[142,068s][info][gc] GC(1787) Pause Full (Ergonomics) 718M->590M(910M) 326,716ms
[142,112s][info][gc] GC(1788) Pause Young (Allocation Failure) 704M->599M(910M) 3,473ms
[142,159s][info][gc] GC(1789) Pause Young (Allocation Failure) 713M->607M(910M) 5,639ms
[142,209s][info][gc] GC(1790) Pause Young (Allocation Failure) 721M->615M(910M) 7,929ms
[142,259s][info][gc] GC(1791) Pause Young (Allocation Failure) 729M->623M(910M) 10,341ms
[142,311s][info][gc] GC(1792) Pause Young (Allocation Failure) 737M->631M(910M) 11,243ms
[142,361s][info][gc] GC(1793) Pause Young (Allocation Failure) 745M->639M(910M) 9,182ms
[142,407s][info][gc] GC(1794) Pause Young (Allocation Failure) 753M->648M(910M) 6,293ms
[142,454s][info][gc] GC(1795) Pause Young (Allocation Failure) 762M->656M(910M) 6,288ms
[142,500s][info][gc] GC(1796) Pause Young (Allocation Failure) 770M->664M(805M) 6,397ms
[142,547s][info][gc] GC(1797) Pause Young (Allocation Failure) 778M->672M(912M) 5,901ms
[142,597s][info][gc] GC(1798) Pause Young (Allocation Failure) 791M->681M(827M) 8,326ms
[142,651s][info][gc] GC(1799) Pause Young (Allocation Failure) 800M->689M(903M) 10,939ms
[142,710s][info][gc] GC(1800) Pause Young (Allocation Failure) 818M->698M(905M) 12,872ms
[142,770s][info][gc] GC(1801) Pause Young (Allocation Failure) 826M->707M(913M) 15,302ms
[142,837s][info][gc] GC(1802) Pause Young (Allocation Failure) 845M->716M(914M) 17,839ms
[142,906s][info][gc] GC(1803) Pause Young (Allocation Failure) 854M->725M(915M) 20,246ms
[142,977s][info][gc] GC(1804) Pause Young (Allocation Failure) 861M->734M(897M) 22,577ms
[143,050s][info][gc] GC(1805) Pause Young (Allocation Failure) 870M->742M(907M) 25,046ms
[143,360s][info][gc] GC(1806) Pause Full (Ergonomics) 742M->590M(910M) 309,531ms
[143,404s][info][gc] GC(1807) Pause Young (Allocation Failure) 704M->599M(910M) 3,493ms
[143,451s][info][gc] GC(1808) Pause Young (Allocation Failure) 713M->607M(910M) 5,734ms
[143,501s][info][gc] GC(1809) Pause Young (Allocation Failure) 721M->615M(902M) 7,932ms
[143,552s][info][gc] GC(1810) Pause Young (Allocation Failure) 729M->623M(906M) 10,068ms
[143,604s][info][gc] GC(1811) Pause Young (Allocation Failure) 737M->631M(899M) 12,304ms
[143,664s][info][gc] GC(1812) Pause Young (Allocation Failure) 755M->639M(905M) 14,687ms
[143,724s][info][gc] GC(1813) Pause Young (Allocation Failure) 764M->648M(913M) 16,903ms
[143,791s][info][gc] GC(1814) Pause Young (Allocation Failure) 783M->657M(914M) 19,503ms
[143,861s][info][gc] GC(1815) Pause Young (Allocation Failure) 792M->665M(912M) 21,528ms
[143,930s][info][gc] GC(1816) Pause Young (Allocation Failure) 794M->673M(895M) 24,153ms
[144,002s][info][gc] GC(1817) Pause Young (Allocation Failure) 802M->682M(910M) 25,995ms
[144,069s][info][gc] GC(1818) Pause Young (Allocation Failure) 796M->689M(910M) 26,186ms
[144,134s][info][gc] GC(1819) Pause Young (Allocation Failure) 803M->696M(910M) 24,506ms
[144,197s][info][gc] GC(1820) Pause Young (Allocation Failure) 810M->703M(910M) 22,690ms
[144,257s][info][gc] GC(1821) Pause Young (Allocation Failure) 817M->711M(904M) 20,494ms
[144,587s][info][gc] GC(1822) Pause Full (Ergonomics) 711M->590M(907M) 329,295ms
[144,632s][info][gc] GC(1823) Pause Young (Allocation Failure) 704M->599M(907M) 3,407ms
[144,679s][info][gc] GC(1824) Pause Young (Allocation Failure) 713M->607M(910M) 5,661ms
[144,729s][info][gc] GC(1825) Pause Young (Allocation Failure) 721M->615M(905M) 8,004ms
[144,779s][info][gc] GC(1826) Pause Young (Allocation Failure) 729M->623M(908M) 10,232ms
[144,832s][info][gc] GC(1827) Pause Young (Allocation Failure) 737M->631M(903M) 12,319ms
[144,890s][info][gc] GC(1828) Pause Young (Allocation Failure) 754M->639M(907M) 14,560ms
[144,951s][info][gc] GC(1829) Pause Young (Allocation Failure) 762M->647M(913M) 16,986ms
[145,018s][info][gc] GC(1830) Pause Young (Allocation Failure) 782M->656M(914M) 19,410ms
[145,088s][info][gc] GC(1831) Pause Young (Allocation Failure) 791M->665M(915M) 21,572ms
[145,158s][info][gc] GC(1832) Pause Young (Allocation Failure) 798M->674M(899M) 24,002ms
[145,232s][info][gc] GC(1833) Pause Young (Allocation Failure) 807M->682M(907M) 26,315ms
[145,297s][info][gc] GC(1834) Pause Young (Allocation Failure) 796M->689M(910M) 24,838ms
[145,360s][info][gc] GC(1835) Pause Young (Allocation Failure) 803M->697M(901M) 22,712ms
[145,421s][info][gc] GC(1836) Pause Young (Allocation Failure) 812M->704M(906M) 20,743ms
[145,748s][info][gc] GC(1837) Pause Full (Ergonomics) 704M->590M(915M) 326,387ms
[145,797s][info][gc] GC(1838) Pause Young (Allocation Failure) 718M->600M(915M) 3,743ms
[145,851s][info][gc] GC(1839) Pause Young (Allocation Failure) 728M->609M(915M) 6,137ms
[145,906s][info][gc] GC(1840) Pause Young (Allocation Failure) 733M->618M(834M) 8,764ms
[145,961s][info][gc] GC(1841) Pause Young (Allocation Failure) 742M->626M(918M) 11,141ms
[146,020s][info][gc] GC(1842) Pause Young (Allocation Failure) 755M->635M(856M) 13,707ms
[146,082s][info][gc] GC(1843) Pause Young (Allocation Failure) 764M->644M(914M) 15,771ms
[146,148s][info][gc] GC(1844) Pause Young (Allocation Failure) 778M->653M(912M) 18,298ms
[146,216s][info][gc] GC(1845) Pause Young (Allocation Failure) 787M->661M(920M) 20,680ms
[146,289s][info][gc] GC(1846) Pause Young (Allocation Failure) 803M->670M(905M) 23,175ms
[146,364s][info][gc] GC(1847) Pause Young (Allocation Failure) 812M->679M(902M) 25,657ms
[146,431s][info][gc] GC(1848) Pause Young (Allocation Failure) 793M->687M(910M) 26,814ms
[146,511s][info][gc] GC(1849) Pause Young (Allocation Failure) 801M->694M(910M) 38,940ms
[146,580s][info][gc] GC(1850) Pause Young (Allocation Failure) 808M->701M(910M) 27,167ms
[146,647s][info][gc] GC(1851) Pause Young (Allocation Failure) 815M->708M(910M) 24,952ms
[146,712s][info][gc] GC(1852) Pause Young (Allocation Failure) 822M->715M(910M) 22,868ms
[147,047s][info][gc] GC(1853) Pause Full (Ergonomics) 715M->590M(910M) 334,418ms
[147,092s][info][gc] GC(1854) Pause Young (Allocation Failure) 704M->599M(910M) 3,465ms
[147,139s][info][gc] GC(1855) Pause Young (Allocation Failure) 713M->607M(910M) 5,654ms
[147,190s][info][gc] GC(1856) Pause Young (Allocation Failure) 721M->615M(910M) 7,844ms
[147,241s][info][gc] GC(1857) Pause Young (Allocation Failure) 729M->623M(910M) 10,402ms
[147,292s][info][gc] GC(1858) Pause Young (Allocation Failure) 737M->631M(910M) 11,037ms
[147,341s][info][gc] GC(1859) Pause Young (Allocation Failure) 745M->639M(910M) 9,128ms
[147,387s][info][gc] GC(1860) Pause Young (Allocation Failure) 753M->648M(910M) 6,254ms
[147,434s][info][gc] GC(1861) Pause Young (Allocation Failure) 762M->656M(908M) 6,337ms
[147,480s][info][gc] GC(1862) Pause Young (Allocation Failure) 770M->664M(814M) 5,818ms
[147,528s][info][gc] GC(1863) Pause Young (Allocation Failure) 778M->672M(908M) 8,189ms
[147,583s][info][gc] GC(1864) Pause Young (Allocation Failure) 795M->681M(908M) 10,559ms
[147,639s][info][gc] GC(1865) Pause Young (Allocation Failure) 804M->689M(906M) 12,932ms
[147,701s][info][gc] GC(1866) Pause Young (Allocation Failure) 823M->698M(909M) 15,366ms
[147,765s][info][gc] GC(1867) Pause Young (Allocation Failure) 832M->707M(918M) 17,450ms
[147,835s][info][gc] GC(1868) Pause Young (Allocation Failure) 849M->716M(921M) 19,678ms
[147,908s][info][gc] GC(1869) Pause Young (Allocation Failure) 859M->725M(906M) 22,646ms
[147,977s][info][gc] GC(1870) Pause Young (Allocation Failure) 847M->733M(884M) 24,798ms
[148,046s][info][gc] GC(1871) Pause Young (Allocation Failure) 855M->741M(910M) 25,360ms
[148,379s][info][gc] GC(1872) Pause Full (Ergonomics) 741M->590M(910M) 332,865ms
[148,424s][info][gc] GC(1873) Pause Young (Allocation Failure) 704M->599M(910M) 3,447ms
[148,471s][info][gc] GC(1874) Pause Young (Allocation Failure) 713M->607M(910M) 5,755ms
[148,520s][info][gc] GC(1875) Pause Young (Allocation Failure) 721M->615M(907M) 8,005ms
[148,571s][info][gc] GC(1876) Pause Young (Allocation Failure) 729M->623M(830M) 10,100ms
[148,623s][info][gc] GC(1877) Pause Young (Allocation Failure) 737M->631M(907M) 12,574ms
[148,682s][info][gc] GC(1878) Pause Young (Allocation Failure) 755M->639M(907M) 14,613ms
[148,743s][info][gc] GC(1879) Pause Young (Allocation Failure) 764M->648M(915M) 16,998ms
[148,810s][info][gc] GC(1880) Pause Young (Allocation Failure) 783M->657M(916M) 19,239ms
[148,881s][info][gc] GC(1881) Pause Young (Allocation Failure) 792M->665M(912M) 21,549ms
[148,951s][info][gc] GC(1882) Pause Young (Allocation Failure) 794M->674M(895M) 23,951ms
[149,023s][info][gc] GC(1883) Pause Young (Allocation Failure) 803M->682M(910M) 26,088ms
[149,089s][info][gc] GC(1884) Pause Young (Allocation Failure) 796M->689M(910M) 26,141ms
[149,154s][info][gc] GC(1885) Pause Young (Allocation Failure) 803M->696M(910M) 24,576ms
[149,218s][info][gc] GC(1886) Pause Young (Allocation Failure) 810M->703M(910M) 22,846ms
[149,279s][info][gc] GC(1887) Pause Young (Allocation Failure) 817M->711M(902M) 20,596ms
[149,595s][info][gc] GC(1888) Pause Full (Ergonomics) 711M->590M(906M) 315,817ms
[149,638s][info][gc] GC(1889) Pause Young (Allocation Failure) 704M->599M(907M) 3,468ms
[149,685s][info][gc] GC(1890) Pause Young (Allocation Failure) 714M->607M(911M) 5,830ms
[149,734s][info][gc] GC(1891) Pause Young (Allocation Failure) 722M->615M(907M) 8,036ms
[149,785s][info][gc] GC(1892) Pause Young (Allocation Failure) 730M->623M(909M) 10,258ms
[149,838s][info][gc] GC(1893) Pause Young (Allocation Failure) 738M->631M(904M) 12,313ms
[149,896s][info][gc] GC(1894) Pause Young (Allocation Failure) 754M->640M(907M) 14,786ms
[149,958s][info][gc] GC(1895) Pause Young (Allocation Failure) 763M->648M(913M) 16,845ms
[150,025s][info][gc] GC(1896) Pause Young (Allocation Failure) 783M->657M(914M) 19,390ms
[150,095s][info][gc] GC(1897) Pause Young (Allocation Failure) 792M->665M(916M) 21,583ms
[150,167s][info][gc] GC(1898) Pause Young (Allocation Failure) 799M->674M(900M) 23,957ms
[150,241s][info][gc] GC(1899) Pause Young (Allocation Failure) 808M->682M(907M) 26,409ms
[150,314s][info][gc] GC(1900) Pause Young (Allocation Failure) 796M->689M(910M) 31,845ms
[150,381s][info][gc] GC(1901) Pause Young (Allocation Failure) 803M->696M(910M) 26,514ms
[150,447s][info][gc] GC(1902) Pause Young (Allocation Failure) 810M->704M(910M) 24,592ms
[150,512s][info][gc] GC(1903) Pause Young (Allocation Failure) 818M->711M(910M) 22,743ms
[150,840s][info][gc] GC(1904) Pause Full (Ergonomics) 711M->590M(910M) 327,879ms
[150,884s][info][gc] GC(1905) Pause Young (Allocation Failure) 704M->599M(910M) 3,424ms
[150,932s][info][gc] GC(1906) Pause Young (Allocation Failure) 713M->607M(910M) 5,659ms
[150,982s][info][gc] GC(1907) Pause Young (Allocation Failure) 721M->615M(910M) 7,888ms
[151,037s][info][gc] GC(1908) Pause Young (Allocation Failure) 729M->623M(910M) 10,367ms
[151,091s][info][gc] GC(1909) Pause Young (Allocation Failure) 737M->631M(910M) 11,030ms
[151,140s][info][gc] GC(1910) Pause Young (Allocation Failure) 745M->639M(822M) 8,082ms
[151,190s][info][gc] GC(1911) Pause Young (Allocation Failure) 753M->647M(912M) 10,235ms
[151,245s][info][gc] GC(1912) Pause Young (Allocation Failure) 766M->655M(907M) 12,602ms
[151,302s][info][gc] GC(1913) Pause Young (Allocation Failure) 774M->663M(909M) 14,597ms
[151,365s][info][gc] GC(1914) Pause Young (Allocation Failure) 792M->672M(908M) 17,001ms
[151,430s][info][gc] GC(1915) Pause Young (Allocation Failure) 801M->680M(917M) 19,319ms
[151,501s][info][gc] GC(1916) Pause Young (Allocation Failure) 819M->689M(920M) 21,828ms
[151,572s][info][gc] GC(1917) Pause Young (Allocation Failure) 828M->699M(918M) 22,311ms
[151,641s][info][gc] GC(1918) Pause Young (Allocation Failure) 832M->707M(886M) 22,729ms
[151,712s][info][gc] GC(1919) Pause Young (Allocation Failure) 840M->716M(919M) 23,337ms
[151,781s][info][gc] GC(1920) Pause Young (Allocation Failure) 845M->724M(869M) 21,811ms
[152,104s][info][gc] GC(1921) Pause Full (Ergonomics) 724M->590M(913M) 323,458ms
[152,156s][info][gc] GC(1922) Pause Young (Allocation Failure) 720M->600M(913M) 3,724ms
[152,209s][info][gc] GC(1923) Pause Young (Allocation Failure) 729M->609M(920M) 6,359ms
[152,265s][info][gc] GC(1924) Pause Young (Allocation Failure) 743M->619M(845M) 8,867ms
[152,324s][info][gc] GC(1925) Pause Young (Allocation Failure) 752M->628M(922M) 11,563ms
[152,387s][info][gc] GC(1926) Pause Young (Allocation Failure) 766M->637M(917M) 14,151ms
[152,452s][info][gc] GC(1927) Pause Young (Allocation Failure) 775M->647M(919M) 16,474ms
[152,522s][info][gc] GC(1928) Pause Young (Allocation Failure) 791M->656M(919M) 19,095ms
[152,594s][info][gc] GC(1929) Pause Young (Allocation Failure) 800M->665M(918M) 21,746ms
[152,668s][info][gc] GC(1930) Pause Young (Allocation Failure) 805M->674M(907M) 24,231ms
[152,744s][info][gc] GC(1931) Pause Young (Allocation Failure) 814M->683M(905M) 26,439ms
[152,817s][info][gc] GC(1932) Pause Young (Allocation Failure) 797M->690M(910M) 32,134ms
[152,901s][info][gc] GC(1933) Pause Young (Allocation Failure) 804M->697M(910M) 43,909ms
[152,977s][info][gc] GC(1934) Pause Young (Allocation Failure) 811M->704M(910M) 31,027ms
[153,046s][info][gc] GC(1935) Pause Young (Allocation Failure) 818M->711M(910M) 25,840ms
[153,111s][info][gc] GC(1936) Pause Young (Allocation Failure) 825M->719M(910M) 23,274ms
[153,438s][info][gc] GC(1937) Pause Full (Ergonomics) 719M->590M(910M) 326,795ms
[153,482s][info][gc] GC(1938) Pause Young (Allocation Failure) 704M->599M(910M) 3,441ms
[153,529s][info][gc] GC(1939) Pause Young (Allocation Failure) 713M->607M(910M) 5,610ms
[153,578s][info][gc] GC(1940) Pause Young (Allocation Failure) 721M->615M(910M) 7,855ms
[153,630s][info][gc] GC(1941) Pause Young (Allocation Failure) 729M->623M(910M) 10,508ms
[153,681s][info][gc] GC(1942) Pause Young (Allocation Failure) 737M->631M(910M) 11,082ms
[153,731s][info][gc] GC(1943) Pause Young (Allocation Failure) 745M->639M(910M) 9,148ms
[153,777s][info][gc] GC(1944) Pause Young (Allocation Failure) 753M->647M(910M) 6,321ms
[153,824s][info][gc] GC(1945) Pause Young (Allocation Failure) 761M->656M(910M) 6,265ms
[153,870s][info][gc] GC(1946) Pause Young (Allocation Failure) 770M->664M(805M) 6,410ms
[153,917s][info][gc] GC(1947) Pause Young (Allocation Failure) 778M->672M(913M) 5,841ms
[153,968s][info][gc] GC(1948) Pause Young (Allocation Failure) 791M->681M(827M) 8,349ms
[154,021s][info][gc] GC(1949) Pause Young (Allocation Failure) 800M->689M(905M) 10,794ms
[154,079s][info][gc] GC(1950) Pause Young (Allocation Failure) 817M->698M(906M) 12,866ms
[154,140s][info][gc] GC(1951) Pause Young (Allocation Failure) 826M->706M(914M) 15,185ms
[154,207s][info][gc] GC(1952) Pause Young (Allocation Failure) 845M->716M(915M) 17,783ms
[154,276s][info][gc] GC(1953) Pause Young (Allocation Failure) 855M->725M(915M) 20,250ms
[154,346s][info][gc] GC(1954) Pause Young (Allocation Failure) 860M->733M(889M) 22,789ms
[154,665s][info][gc] GC(1955) Pause Full (Ergonomics) 733M->590M(916M) 319,306ms
[154,715s][info][gc] GC(1956) Pause Young (Allocation Failure) 715M->600M(817M) 3,800ms
[154,766s][info][gc] GC(1957) Pause Young (Allocation Failure) 725M->609M(918M) 6,117ms
[154,821s][info][gc] GC(1958) Pause Young (Allocation Failure) 737M->618M(838M) 8,838ms
[154,877s][info][gc] GC(1959) Pause Young (Allocation Failure) 746M->627M(915M) 11,160ms
[154,938s][info][gc] GC(1960) Pause Young (Allocation Failure) 763M->636M(912M) 13,597ms
[155,003s][info][gc] GC(1961) Pause Young (Allocation Failure) 772M->645M(921M) 16,173ms
[155,074s][info][gc] GC(1962) Pause Young (Allocation Failure) 792M->655M(922M) 18,649ms
[155,148s][info][gc] GC(1963) Pause Young (Allocation Failure) 802M->664M(915M) 21,585ms
[155,220s][info][gc] GC(1964) Pause Young (Allocation Failure) 800M->673M(902M) 23,783ms
[155,294s][info][gc] GC(1965) Pause Young (Allocation Failure) 809M->681M(907M) 26,185ms
[155,362s][info][gc] GC(1966) Pause Young (Allocation Failure) 795M->688M(910M) 27,735ms
[155,445s][info][gc] GC(1967) Pause Young (Allocation Failure) 802M->695M(910M) 42,593ms
[155,537s][info][gc] GC(1968) Pause Young (Allocation Failure) 809M->702M(910M) 51,141ms
[155,634s][info][gc] GC(1969) Pause Young (Allocation Failure) 816M->709M(910M) 52,892ms
[155,714s][info][gc] GC(1970) Pause Young (Allocation Failure) 823M->716M(910M) 36,341ms
[155,785s][info][gc] GC(1971) Pause Young (Allocation Failure) 830M->723M(910M) 26,803ms
[155,854s][info][gc] GC(1972) Pause Young (Allocation Failure) 837M->731M(910M) 24,406ms
[156,183s][info][gc] GC(1973) Pause Full (Ergonomics) 731M->590M(910M) 328,575ms
[156,227s][info][gc] GC(1974) Pause Young (Allocation Failure) 704M->599M(910M) 3,428ms
[156,274s][info][gc] GC(1975) Pause Young (Allocation Failure) 713M->607M(910M) 5,718ms
[156,324s][info][gc] GC(1976) Pause Young (Allocation Failure) 721M->615M(910M) 7,987ms
[156,374s][info][gc] GC(1977) Pause Young (Allocation Failure) 729M->623M(910M) 10,125ms
[156,427s][info][gc] GC(1978) Pause Young (Allocation Failure) 737M->631M(910M) 13,027ms
[156,479s][info][gc] GC(1979) Pause Young (Allocation Failure) 745M->639M(910M) 11,124ms
[156,528s][info][gc] GC(1980) Pause Young (Allocation Failure) 753M->647M(910M) 9,198ms
[156,575s][info][gc] GC(1981) Pause Young (Allocation Failure) 761M->655M(910M) 6,314ms
[156,622s][info][gc] GC(1982) Pause Young (Allocation Failure) 769M->664M(910M) 6,336ms
[156,939s][info][gc] GC(1983) Pause Full (Ergonomics) 664M->590M(910M) 317,086ms
[156,984s][info][gc] GC(1984) Pause Young (Allocation Failure) 704M->599M(910M) 3,504ms
[157,031s][info][gc] GC(1985) Pause Young (Allocation Failure) 713M->607M(910M) 6,080ms
[157,078s][info][gc] GC(1986) Pause Young (Allocation Failure) 721M->615M(805M) 6,320ms
[157,125s][info][gc] GC(1987) Pause Young (Allocation Failure) 729M->624M(909M) 6,115ms
[157,177s][info][gc] GC(1988) Pause Young (Allocation Failure) 744M->632M(907M) 8,330ms
[157,231s][info][gc] GC(1989) Pause Young (Allocation Failure) 752M->640M(899M) 10,701ms
[157,289s][info][gc] GC(1990) Pause Young (Allocation Failure) 769M->649M(904M) 12,765ms
[157,351s][info][gc] GC(1991) Pause Young (Allocation Failure) 778M->658M(911M) 15,175ms
[157,416s][info][gc] GC(1992) Pause Young (Allocation Failure) 795M->667M(913M) 17,676ms
[157,485s][info][gc] GC(1993) Pause Young (Allocation Failure) 804M->676M(913M) 20,169ms
[157,555s][info][gc] GC(1994) Pause Young (Allocation Failure) 809M->685M(894M) 22,544ms
[157,629s][info][gc] GC(1995) Pause Young (Allocation Failure) 818M->693M(909M) 25,000ms
[157,699s][info][gc] GC(1996) Pause Young (Allocation Failure) 807M->700M(910M) 28,182ms
[157,766s][info][gc] GC(1997) Pause Young (Allocation Failure) 814M->707M(910M) 25,309ms
[157,831s][info][gc] GC(1998) Pause Young (Allocation Failure) 821M->715M(910M) 22,973ms
[157,892s][info][gc] GC(1999) Pause Young (Allocation Failure) 829M->722M(910M) 20,818ms
[158,220s][info][gc] GC(2000) Pause Full (Ergonomics) 722M->590M(910M) 327,868ms
[158,263s][info][gc] GC(2001) Pause Young (Allocation Failure) 704M->599M(910M) 3,462ms
[158,309s][info][gc] GC(2002) Pause Young (Allocation Failure) 713M->607M(910M) 5,594ms
[158,359s][info][gc] GC(2003) Pause Young (Allocation Failure) 721M->615M(907M) 7,813ms
[158,411s][info][gc] GC(2004) Pause Young (Allocation Failure) 729M->623M(830M) 10,271ms
[158,464s][info][gc] GC(2005) Pause Young (Allocation Failure) 737M->631M(907M) 12,233ms
[158,522s][info][gc] GC(2006) Pause Young (Allocation Failure) 755M->639M(907M) 14,466ms
[158,583s][info][gc] GC(2007) Pause Young (Allocation Failure) 763M->648M(915M) 17,046ms
[158,650s][info][gc] GC(2008) Pause Young (Allocation Failure) 783M->656M(915M) 19,230ms
[158,719s][info][gc] GC(2009) Pause Young (Allocation Failure) 791M->665M(913M) 21,688ms
[158,790s][info][gc] GC(2010) Pause Young (Allocation Failure) 795M->673M(889M) 24,043ms
[158,861s][info][gc] GC(2011) Pause Young (Allocation Failure) 803M->682M(907M) 24,384ms
[158,926s][info][gc] GC(2012) Pause Young (Allocation Failure) 797M->689M(875M) 24,685ms
[158,992s][info][gc] GC(2013) Pause Young (Allocation Failure) 804M->697M(910M) 24,669ms
[159,054s][info][gc] GC(2014) Pause Young (Allocation Failure) 811M->704M(858M) 22,845ms
[159,115s][info][gc] GC(2015) Pause Young (Allocation Failure) 818M->711M(910M) 20,481ms
[159,444s][info][gc] GC(2016) Pause Full (Ergonomics) 711M->590M(907M) 328,885ms
[159,489s][info][gc] GC(2017) Pause Young (Allocation Failure) 708M->599M(911M) 3,638ms
[159,540s][info][gc] GC(2018) Pause Young (Allocation Failure) 721M->608M(914M) 5,893ms
[159,593s][info][gc] GC(2019) Pause Young (Allocation Failure) 729M->616M(911M) 8,352ms
[159,648s][info][gc] GC(2020) Pause Young (Allocation Failure) 738M->625M(912M) 10,840ms
[159,703s][info][gc] GC(2021) Pause Young (Allocation Failure) 746M->633M(909M) 12,888ms
[159,764s][info][gc] GC(2022) Pause Young (Allocation Failure) 763M->642M(911M) 15,520ms
[159,828s][info][gc] GC(2023) Pause Young (Allocation Failure) 772M->651M(919M) 17,738ms
[159,898s][info][gc] GC(2024) Pause Young (Allocation Failure) 792M->660M(920M) 20,327ms
[159,971s][info][gc] GC(2025) Pause Young (Allocation Failure) 801M->669M(913M) 22,847ms
[160,042s][info][gc] GC(2026) Pause Young (Allocation Failure) 800M->677M(901M) 24,883ms
[160,115s][info][gc] GC(2027) Pause Young (Allocation Failure) 808M->685M(909M) 27,054ms
[160,190s][info][gc] GC(2028) Pause Young (Allocation Failure) 799M->692M(910M) 34,803ms
[160,266s][info][gc] GC(2029) Pause Young (Allocation Failure) 806M->699M(910M) 32,897ms
[160,336s][info][gc] GC(2030) Pause Young (Allocation Failure) 813M->706M(910M) 26,840ms
[160,402s][info][gc] GC(2031) Pause Young (Allocation Failure) 820M->714M(910M) 25,182ms
[160,465s][info][gc] GC(2032) Pause Young (Allocation Failure) 828M->721M(910M) 22,931ms
[160,795s][info][gc] GC(2033) Pause Full (Ergonomics) 721M->590M(910M) 329,025ms
[160,840s][info][gc] GC(2034) Pause Young (Allocation Failure) 704M->599M(910M) 3,417ms
[160,888s][info][gc] GC(2035) Pause Young (Allocation Failure) 713M->607M(910M) 5,647ms
[160,937s][info][gc] GC(2036) Pause Young (Allocation Failure) 721M->615M(910M) 7,998ms
[160,989s][info][gc] GC(2037) Pause Young (Allocation Failure) 729M->623M(910M) 10,428ms
[161,040s][info][gc] GC(2038) Pause Young (Allocation Failure) 737M->631M(910M) 10,874ms
[161,090s][info][gc] GC(2039) Pause Young (Allocation Failure) 745M->639M(910M) 9,078ms
[161,137s][info][gc] GC(2040) Pause Young (Allocation Failure) 753M->648M(910M) 6,335ms
[161,183s][info][gc] GC(2041) Pause Young (Allocation Failure) 762M->656M(910M) 6,298ms
[161,230s][info][gc] GC(2042) Pause Young (Allocation Failure) 770M->664M(805M) 6,303ms
[161,277s][info][gc] GC(2043) Pause Young (Allocation Failure) 778M->672M(912M) 6,013ms
[161,328s][info][gc] GC(2044) Pause Young (Allocation Failure) 791M->681M(827M) 8,331ms
[161,380s][info][gc] GC(2045) Pause Young (Allocation Failure) 800M->689M(904M) 10,667ms
[161,439s][info][gc] GC(2046) Pause Young (Allocation Failure) 818M->698M(906M) 12,823ms
[161,500s][info][gc] GC(2047) Pause Young (Allocation Failure) 826M->707M(913M) 15,210ms
[161,566s][info][gc] GC(2048) Pause Young (Allocation Failure) 845M->716M(914M) 17,882ms
[161,635s][info][gc] GC(2049) Pause Young (Allocation Failure) 854M->725M(915M) 20,146ms
[161,706s][info][gc] GC(2050) Pause Young (Allocation Failure) 861M->734M(897M) 22,804ms
[161,780s][info][gc] GC(2051) Pause Young (Allocation Failure) 870M->742M(907M) 25,081ms
[162,102s][info][gc] GC(2052) Pause Full (Ergonomics) 742M->590M(910M) 322,123ms
[162,147s][info][gc] GC(2053) Pause Young (Allocation Failure) 704M->599M(910M) 3,412ms
[162,194s][info][gc] GC(2054) Pause Young (Allocation Failure) 713M->607M(910M) 5,623ms
[162,243s][info][gc] GC(2055) Pause Young (Allocation Failure) 721M->615M(902M) 7,995ms
[162,295s][info][gc] GC(2056) Pause Young (Allocation Failure) 729M->623M(906M) 10,194ms
[162,347s][info][gc] GC(2057) Pause Young (Allocation Failure) 737M->631M(899M) 12,267ms
[162,405s][info][gc] GC(2058) Pause Young (Allocation Failure) 755M->639M(904M) 14,587ms
[162,466s][info][gc] GC(2059) Pause Young (Allocation Failure) 763M->648M(913M) 16,952ms
[162,533s][info][gc] GC(2060) Pause Young (Allocation Failure) 782M->656M(914M) 19,402ms
[162,602s][info][gc] GC(2061) Pause Young (Allocation Failure) 791M->665M(912M) 21,567ms
[162,672s][info][gc] GC(2062) Pause Young (Allocation Failure) 794M->673M(895M) 23,665ms
[162,744s][info][gc] GC(2063) Pause Young (Allocation Failure) 802M->681M(910M) 25,857ms
[162,815s][info][gc] GC(2064) Pause Young (Allocation Failure) 795M->688M(910M) 30,659ms
[162,882s][info][gc] GC(2065) Pause Young (Allocation Failure) 802M->696M(910M) 25,935ms
[162,948s][info][gc] GC(2066) Pause Young (Allocation Failure) 810M->703M(910M) 24,594ms
[163,011s][info][gc] GC(2067) Pause Young (Allocation Failure) 817M->710M(910M) 22,394ms
[163,072s][info][gc] GC(2068) Pause Young (Allocation Failure) 824M->718M(846M) 20,289ms
[163,403s][info][gc] GC(2069) Pause Full (Ergonomics) 718M->590M(910M) 331,353ms
[163,449s][info][gc] GC(2070) Pause Young (Allocation Failure) 704M->599M(910M) 3,447ms
[163,496s][info][gc] GC(2071) Pause Young (Allocation Failure) 713M->607M(910M) 5,746ms
[163,545s][info][gc] GC(2072) Pause Young (Allocation Failure) 721M->615M(910M) 7,969ms
[163,596s][info][gc] GC(2073) Pause Young (Allocation Failure) 729M->623M(909M) 11,125ms
[163,645s][info][gc] GC(2074) Pause Young (Allocation Failure) 737M->631M(822M) 8,136ms
[163,696s][info][gc] GC(2075) Pause Young (Allocation Failure) 745M->639M(911M) 10,126ms
[163,751s][info][gc] GC(2076) Pause Young (Allocation Failure) 760M->647M(908M) 12,625ms
[163,808s][info][gc] GC(2077) Pause Young (Allocation Failure) 768M->656M(910M) 14,650ms
[163,872s][info][gc] GC(2078) Pause Young (Allocation Failure) 787M->664M(910M) 17,166ms
[163,938s][info][gc] GC(2079) Pause Young (Allocation Failure) 796M->673M(920M) 19,512ms
[164,010s][info][gc] GC(2080) Pause Young (Allocation Failure) 814M->682M(892M) 21,833ms
[164,082s][info][gc] GC(2081) Pause Young (Allocation Failure) 823M->691M(917M) 22,438ms
[164,154s][info][gc] GC(2082) Pause Young (Allocation Failure) 823M->700M(886M) 23,116ms
[164,224s][info][gc] GC(2083) Pause Young (Allocation Failure) 832M->708M(913M) 23,021ms
[164,293s][info][gc] GC(2084) Pause Young (Allocation Failure) 831M->716M(915M) 23,726ms
[164,358s][info][gc] GC(2085) Pause Young (Allocation Failure) 839M->724M(905M) 21,583ms
[164,683s][info][gc] GC(2086) Pause Full (Ergonomics) 724M->590M(910M) 324,456ms
[164,732s][info][gc] GC(2087) Pause Young (Allocation Failure) 715M->600M(915M) 3,648ms
[164,786s][info][gc] GC(2088) Pause Young (Allocation Failure) 730M->609M(918M) 6,206ms
[164,841s][info][gc] GC(2089) Pause Young (Allocation Failure) 739M->618M(913M) 8,830ms
[164,899s][info][gc] GC(2090) Pause Young (Allocation Failure) 748M->627M(916M) 11,278ms
[164,959s][info][gc] GC(2091) Pause Young (Allocation Failure) 757M->636M(912M) 13,782ms
[165,024s][info][gc] GC(2092) Pause Young (Allocation Failure) 775M->645M(916M) 16,422ms
[165,092s][info][gc] GC(2093) Pause Young (Allocation Failure) 784M->655M(925M) 18,916ms
[165,166s][info][gc] GC(2094) Pause Young (Allocation Failure) 804M->664M(906M) 21,355ms
[165,243s][info][gc] GC(2095) Pause Young (Allocation Failure) 814M->674M(910M) 24,396ms
[165,315s][info][gc] GC(2096) Pause Young (Allocation Failure) 801M->682M(901M) 26,193ms
[165,391s][info][gc] GC(2097) Pause Young (Allocation Failure) 809M->690M(910M) 31,627ms
[165,463s][info][gc] GC(2098) Pause Young (Allocation Failure) 804M->697M(910M) 30,074ms
[165,537s][info][gc] GC(2099) Pause Young (Allocation Failure) 811M->704M(910M) 29,692ms
[165,614s][info][gc] GC(2100) Pause Young (Allocation Failure) 818M->711M(910M) 23,771ms
[165,676s][info][gc] GC(2101) Pause Young (Allocation Failure) 825M->719M(910M) 21,347ms
[166,011s][info][gc] GC(2102) Pause Full (Ergonomics) 719M->590M(910M) 334,898ms
[166,056s][info][gc] GC(2103) Pause Young (Allocation Failure) 704M->599M(910M) 3,381ms
[166,104s][info][gc] GC(2104) Pause Young (Allocation Failure) 713M->607M(910M) 5,798ms
[166,154s][info][gc] GC(2105) Pause Young (Allocation Failure) 721M->615M(910M) 7,999ms
[166,207s][info][gc] GC(2106) Pause Young (Allocation Failure) 729M->623M(910M) 11,129ms
[166,256s][info][gc] GC(2107) Pause Young (Allocation Failure) 737M->631M(910M) 9,152ms
[166,303s][info][gc] GC(2108) Pause Young (Allocation Failure) 745M->640M(910M) 6,257ms
[166,350s][info][gc] GC(2109) Pause Young (Allocation Failure) 754M->648M(907M) 6,440ms
[166,397s][info][gc] GC(2110) Pause Young (Allocation Failure) 762M->656M(909M) 5,918ms
[166,445s][info][gc] GC(2111) Pause Young (Allocation Failure) 770M->664M(902M) 8,144ms
[166,498s][info][gc] GC(2112) Pause Young (Allocation Failure) 785M->673M(906M) 10,324ms
[166,554s][info][gc] GC(2113) Pause Young (Allocation Failure) 794M->681M(903M) 12,938ms
[166,615s][info][gc] GC(2114) Pause Young (Allocation Failure) 812M->690M(906M) 15,244ms
[166,679s][info][gc] GC(2115) Pause Young (Allocation Failure) 821M->698M(916M) 17,540ms
[166,749s][info][gc] GC(2116) Pause Young (Allocation Failure) 839M->708M(919M) 20,127ms
[166,822s][info][gc] GC(2117) Pause Young (Allocation Failure) 848M->717M(914M) 22,496ms
[166,893s][info][gc] GC(2118) Pause Young (Allocation Failure) 847M->725M(884M) 22,940ms
[166,962s][info][gc] GC(2119) Pause Young (Allocation Failure) 855M->734M(908M) 23,301ms
[167,270s][info][gc] GC(2120) Pause Full (Ergonomics) 734M->590M(911M) 307,101ms
[167,315s][info][gc] GC(2121) Pause Young (Allocation Failure) 706M->599M(910M) 3,443ms
[167,363s][info][gc] GC(2122) Pause Young (Allocation Failure) 714M->607M(815M) 5,731ms
[167,413s][info][gc] GC(2123) Pause Young (Allocation Failure) 722M->615M(913M) 8,100ms
[167,467s][info][gc] GC(2124) Pause Young (Allocation Failure) 734M->624M(835M) 10,417ms
[167,521s][info][gc] GC(2125) Pause Young (Allocation Failure) 743M->632M(909M) 12,505ms
[167,581s][info][gc] GC(2126) Pause Young (Allocation Failure) 760M->641M(907M) 14,994ms
[167,644s][info][gc] GC(2127) Pause Young (Allocation Failure) 769M->649M(916M) 17,201ms
[167,713s][info][gc] GC(2128) Pause Young (Allocation Failure) 788M->658M(917M) 19,974ms
[167,784s][info][gc] GC(2129) Pause Young (Allocation Failure) 797M->667M(911M) 22,110ms
[167,854s][info][gc] GC(2130) Pause Young (Allocation Failure) 796M->675M(897M) 24,428ms
[167,925s][info][gc] GC(2131) Pause Young (Allocation Failure) 804M->683M(910M) 25,596ms
[167,997s][info][gc] GC(2132) Pause Young (Allocation Failure) 797M->690M(910M) 31,281ms
[168,084s][info][gc] GC(2133) Pause Young (Allocation Failure) 804M->697M(910M) 45,062ms
[168,162s][info][gc] GC(2134) Pause Young (Allocation Failure) 811M->704M(910M) 34,330ms
[168,233s][info][gc] GC(2135) Pause Young (Allocation Failure) 818M->711M(910M) 25,954ms
[168,301s][info][gc] GC(2136) Pause Young (Allocation Failure) 825M->719M(910M) 24,570ms
[168,364s][info][gc] GC(2137) Pause Young (Allocation Failure) 833M->726M(910M) 22,325ms
[168,675s][info][gc] GC(2138) Pause Full (Ergonomics) 726M->590M(910M) 311,158ms
[168,720s][info][gc] GC(2139) Pause Young (Allocation Failure) 704M->599M(910M) 3,515ms
[168,766s][info][gc] GC(2140) Pause Young (Allocation Failure) 713M->607M(910M) 5,673ms
[168,815s][info][gc] GC(2141) Pause Young (Allocation Failure) 721M->615M(910M) 8,025ms
[168,867s][info][gc] GC(2142) Pause Young (Allocation Failure) 729M->623M(910M) 10,437ms
[168,919s][info][gc] GC(2143) Pause Young (Allocation Failure) 737M->631M(910M) 11,071ms
[168,968s][info][gc] GC(2144) Pause Young (Allocation Failure) 745M->639M(910M) 9,196ms
[169,014s][info][gc] GC(2145) Pause Young (Allocation Failure) 753M->648M(910M) 6,206ms
[169,061s][info][gc] GC(2146) Pause Young (Allocation Failure) 762M->656M(910M) 6,216ms
[169,107s][info][gc] GC(2147) Pause Young (Allocation Failure) 770M->664M(909M) 6,237ms
[169,154s][info][gc] GC(2148) Pause Young (Allocation Failure) 778M->672M(814M) 5,750ms
[169,203s][info][gc] GC(2149) Pause Young (Allocation Failure) 786M->680M(907M) 8,007ms
[169,258s][info][gc] GC(2150) Pause Young (Allocation Failure) 802M->689M(906M) 10,457ms
[169,314s][info][gc] GC(2151) Pause Young (Allocation Failure) 811M->697M(906M) 12,771ms
[169,376s][info][gc] GC(2152) Pause Young (Allocation Failure) 830M->706M(908M) 15,008ms
[169,440s][info][gc] GC(2153) Pause Young (Allocation Failure) 839M->715M(917M) 17,481ms
[169,510s][info][gc] GC(2154) Pause Young (Allocation Failure) 856M->724M(921M) 20,055ms
[169,583s][info][gc] GC(2155) Pause Young (Allocation Failure) 865M->733M(911M) 22,741ms
[169,911s][info][gc] GC(2156) Pause Full (Ergonomics) 733M->590M(916M) 328,537ms
[169,960s][info][gc] GC(2157) Pause Young (Allocation Failure) 715M->600M(914M) 3,665ms
[170,011s][info][gc] GC(2158) Pause Young (Allocation Failure) 725M->609M(915M) 6,145ms
[170,065s][info][gc] GC(2159) Pause Young (Allocation Failure) 734M->617M(909M) 8,708ms
[170,122s][info][gc] GC(2160) Pause Young (Allocation Failure) 747M->626M(912M) 11,113ms
[170,181s][info][gc] GC(2161) Pause Young (Allocation Failure) 756M->635M(913M) 13,371ms
[170,247s][info][gc] GC(2162) Pause Young (Allocation Failure) 777M->645M(915M) 16,157ms
[170,316s][info][gc] GC(2163) Pause Young (Allocation Failure) 786M->654M(924M) 18,700ms
[170,390s][info][gc] GC(2164) Pause Young (Allocation Failure) 804M->664M(906M) 21,290ms
[170,468s][info][gc] GC(2165) Pause Young (Allocation Failure) 814M->673M(905M) 24,109ms
[170,537s][info][gc] GC(2166) Pause Young (Allocation Failure) 793M->681M(893M) 25,583ms
[170,606s][info][gc] GC(2167) Pause Young (Allocation Failure) 801M->688M(910M) 27,622ms
[170,688s][info][gc] GC(2168) Pause Young (Allocation Failure) 802M->695M(910M) 41,614ms
[170,785s][info][gc] GC(2169) Pause Young (Allocation Failure) 809M->702M(910M) 54,865ms
[170,880s][info][gc] GC(2170) Pause Young (Allocation Failure) 816M->709M(910M) 50,004ms
[170,963s][info][gc] GC(2171) Pause Young (Allocation Failure) 823M->716M(910M) 39,514ms
[171,034s][info][gc] GC(2172) Pause Young (Allocation Failure) 830M->723M(910M) 27,117ms
[171,103s][info][gc] GC(2173) Pause Young (Allocation Failure) 837M->731M(910M) 24,501ms
[171,425s][info][gc] GC(2174) Pause Full (Ergonomics) 731M->590M(910M) 321,905ms
[171,469s][info][gc] GC(2175) Pause Young (Allocation Failure) 704M->599M(910M) 3,523ms
[171,516s][info][gc] GC(2176) Pause Young (Allocation Failure) 713M->607M(910M) 5,670ms
[171,566s][info][gc] GC(2177) Pause Young (Allocation Failure) 721M->615M(910M) 7,836ms
[171,618s][info][gc] GC(2178) Pause Young (Allocation Failure) 729M->623M(910M) 10,237ms
[171,673s][info][gc] GC(2179) Pause Young (Allocation Failure) 737M->631M(910M) 12,936ms
[171,725s][info][gc] GC(2180) Pause Young (Allocation Failure) 745M->639M(910M) 11,104ms
[171,774s][info][gc] GC(2181) Pause Young (Allocation Failure) 753M->647M(910M) 9,218ms
[171,821s][info][gc] GC(2182) Pause Young (Allocation Failure) 761M->655M(910M) 6,305ms
[171,867s][info][gc] GC(2183) Pause Young (Allocation Failure) 769M->664M(910M) 6,264ms
[172,201s][info][gc] GC(2184) Pause Full (Ergonomics) 664M->590M(910M) 333,389ms
[172,246s][info][gc] GC(2185) Pause Young (Allocation Failure) 704M->599M(910M) 3,414ms
[172,296s][info][gc] GC(2186) Pause Young (Allocation Failure) 713M->607M(910M) 6,068ms
[172,344s][info][gc] GC(2187) Pause Young (Allocation Failure) 721M->615M(904M) 6,247ms
[172,391s][info][gc] GC(2188) Pause Young (Allocation Failure) 729M->624M(907M) 5,805ms
[172,440s][info][gc] GC(2189) Pause Young (Allocation Failure) 738M->632M(895M) 8,463ms
[172,494s][info][gc] GC(2190) Pause Young (Allocation Failure) 753M->640M(902M) 10,480ms
[172,549s][info][gc] GC(2191) Pause Young (Allocation Failure) 762M->648M(904M) 12,912ms
[172,611s][info][gc] GC(2192) Pause Young (Allocation Failure) 779M->657M(905M) 15,216ms
[172,679s][info][gc] GC(2193) Pause Young (Allocation Failure) 788M->666M(912M) 17,320ms
[172,750s][info][gc] GC(2194) Pause Young (Allocation Failure) 803M->675M(917M) 19,998ms
[172,823s][info][gc] GC(2195) Pause Young (Allocation Failure) 812M->684M(905M) 22,311ms
[172,890s][info][gc] GC(2196) Pause Young (Allocation Failure) 803M->691M(886M) 24,377ms
[172,959s][info][gc] GC(2197) Pause Young (Allocation Failure) 810M->699M(910M) 26,526ms
[173,025s][info][gc] GC(2198) Pause Young (Allocation Failure) 813M->706M(910M) 24,936ms
[173,089s][info][gc] GC(2199) Pause Young (Allocation Failure) 820M->714M(910M) 22,755ms
[173,150s][info][gc] GC(2200) Pause Young (Allocation Failure) 828M->721M(910M) 20,659ms
[173,463s][info][gc] GC(2201) Pause Full (Ergonomics) 721M->590M(910M) 312,914ms
[173,508s][info][gc] GC(2202) Pause Young (Allocation Failure) 704M->599M(910M) 3,319ms
[173,555s][info][gc] GC(2203) Pause Young (Allocation Failure) 713M->607M(910M) 5,638ms
[173,605s][info][gc] GC(2204) Pause Young (Allocation Failure) 721M->615M(822M) 8,116ms
[173,656s][info][gc] GC(2205) Pause Young (Allocation Failure) 729M->623M(912M) 10,145ms
[173,711s][info][gc] GC(2206) Pause Young (Allocation Failure) 742M->631M(907M) 12,376ms
[173,768s][info][gc] GC(2207) Pause Young (Allocation Failure) 750M->639M(909M) 14,687ms
[173,831s][info][gc] GC(2208) Pause Young (Allocation Failure) 768M->648M(908M) 17,049ms
[173,895s][info][gc] GC(2209) Pause Young (Allocation Failure) 777M->656M(917M) 19,265ms
[173,966s][info][gc] GC(2210) Pause Young (Allocation Failure) 794M->665M(896M) 21,680ms
[174,040s][info][gc] GC(2211) Pause Young (Allocation Failure) 803M->674M(909M) 24,191ms
[174,107s][info][gc] GC(2212) Pause Young (Allocation Failure) 796M->682M(882M) 24,430ms
[174,175s][info][gc] GC(2213) Pause Young (Allocation Failure) 804M->690M(910M) 24,476ms
[174,240s][info][gc] GC(2214) Pause Young (Allocation Failure) 804M->697M(910M) 24,712ms
[174,304s][info][gc] GC(2215) Pause Young (Allocation Failure) 811M->704M(904M) 22,879ms
[174,365s][info][gc] GC(2216) Pause Young (Allocation Failure) 818M->712M(907M) 20,601ms
[174,693s][info][gc] GC(2217) Pause Full (Ergonomics) 712M->590M(912M) 328,211ms
[174,742s][info][gc] GC(2218) Pause Young (Allocation Failure) 713M->599M(912M) 3,616ms
[174,793s][info][gc] GC(2219) Pause Young (Allocation Failure) 722M->608M(913M) 5,969ms
[174,844s][info][gc] GC(2220) Pause Young (Allocation Failure) 729M->617M(830M) 8,604ms
[174,897s][info][gc] GC(2221) Pause Young (Allocation Failure) 738M->625M(916M) 10,770ms
[174,955s][info][gc] GC(2222) Pause Young (Allocation Failure) 751M->634M(852M) 13,350ms
[175,015s][info][gc] GC(2223) Pause Young (Allocation Failure) 759M->642M(913M) 15,589ms
[175,084s][info][gc] GC(2224) Pause Young (Allocation Failure) 775M->651M(911M) 17,876ms
[175,154s][info][gc] GC(2225) Pause Young (Allocation Failure) 784M->660M(921M) 20,199ms
[175,230s][info][gc] GC(2226) Pause Young (Allocation Failure) 802M->669M(903M) 22,649ms
[175,305s][info][gc] GC(2227) Pause Young (Allocation Failure) 811M->678M(904M) 25,478ms
[175,373s][info][gc] GC(2228) Pause Young (Allocation Failure) 794M->685M(894M) 26,862ms
[175,450s][info][gc] GC(2229) Pause Young (Allocation Failure) 801M->692M(910M) 35,508ms
[175,527s][info][gc] GC(2230) Pause Young (Allocation Failure) 806M->699M(910M) 36,181ms
[175,596s][info][gc] GC(2231) Pause Young (Allocation Failure) 813M->706M(910M) 26,930ms
[175,664s][info][gc] GC(2232) Pause Young (Allocation Failure) 820M->714M(910M) 24,857ms
[175,731s][info][gc] GC(2233) Pause Young (Allocation Failure) 828M->721M(910M) 22,782ms
[176,052s][info][gc] GC(2234) Pause Full (Ergonomics) 721M->590M(910M) 321,065ms
[176,096s][info][gc] GC(2235) Pause Young (Allocation Failure) 704M->599M(910M) 3,621ms
[176,142s][info][gc] GC(2236) Pause Young (Allocation Failure) 713M->607M(910M) 5,811ms
[176,191s][info][gc] GC(2237) Pause Young (Allocation Failure) 721M->615M(910M) 7,988ms
[176,242s][info][gc] GC(2238) Pause Young (Allocation Failure) 729M->623M(910M) 10,609ms
[176,293s][info][gc] GC(2239) Pause Young (Allocation Failure) 737M->631M(910M) 11,049ms
[176,342s][info][gc] GC(2240) Pause Young (Allocation Failure) 745M->639M(910M) 8,982ms
[176,389s][info][gc] GC(2241) Pause Young (Allocation Failure) 753M->648M(910M) 6,226ms
[176,435s][info][gc] GC(2242) Pause Young (Allocation Failure) 762M->656M(910M) 6,251ms
[176,482s][info][gc] GC(2243) Pause Young (Allocation Failure) 770M->664M(906M) 6,351ms
[176,528s][info][gc] GC(2244) Pause Young (Allocation Failure) 778M->672M(908M) 5,814ms
[176,576s][info][gc] GC(2245) Pause Young (Allocation Failure) 786M->680M(903M) 7,941ms
[176,630s][info][gc] GC(2246) Pause Young (Allocation Failure) 803M->689M(906M) 10,524ms
[176,687s][info][gc] GC(2247) Pause Young (Allocation Failure) 812M->697M(906M) 12,821ms
[176,749s][info][gc] GC(2248) Pause Young (Allocation Failure) 831M->706M(908M) 15,234ms
[176,813s][info][gc] GC(2249) Pause Young (Allocation Failure) 840M->715M(917M) 17,589ms
[176,884s][info][gc] GC(2250) Pause Young (Allocation Failure) 857M->724M(920M) 20,323ms
[176,956s][info][gc] GC(2251) Pause Young (Allocation Failure) 866M->733M(906M) 22,719ms
[177,025s][info][gc] GC(2252) Pause Young (Allocation Failure) 854M->741M(882M) 24,920ms
[177,344s][info][gc] GC(2253) Pause Full (Ergonomics) 741M->590M(910M) 319,402ms
[177,388s][info][gc] GC(2254) Pause Young (Allocation Failure) 704M->599M(910M) 3,435ms
[177,434s][info][gc] GC(2255) Pause Young (Allocation Failure) 713M->607M(909M) 5,845ms
[177,482s][info][gc] GC(2256) Pause Young (Allocation Failure) 721M->615M(822M) 8,240ms
[177,533s][info][gc] GC(2257) Pause Young (Allocation Failure) 729M->623M(910M) 10,208ms
[177,588s][info][gc] GC(2258) Pause Young (Allocation Failure) 744M->631M(907M) 12,300ms
[177,645s][info][gc] GC(2259) Pause Young (Allocation Failure) 752M->640M(908M) 14,697ms
[177,709s][info][gc] GC(2260) Pause Young (Allocation Failure) 772M->648M(910M) 17,172ms
[177,775s][info][gc] GC(2261) Pause Young (Allocation Failure) 780M->657M(919M) 19,469ms
[177,848s][info][gc] GC(2262) Pause Young (Allocation Failure) 797M->666M(899M) 21,915ms
[177,922s][info][gc] GC(2263) Pause Young (Allocation Failure) 806M->675M(903M) 24,374ms
[177,988s][info][gc] GC(2264) Pause Young (Allocation Failure) 789M->682M(910M) 25,704ms
[178,059s][info][gc] GC(2265) Pause Young (Allocation Failure) 796M->689M(910M) 31,029ms
[178,132s][info][gc] GC(2266) Pause Young (Allocation Failure) 803M->696M(910M) 32,184ms
[178,200s][info][gc] GC(2267) Pause Young (Allocation Failure) 810M->703M(910M) 26,508ms
[178,267s][info][gc] GC(2268) Pause Young (Allocation Failure) 817M->711M(910M) 24,771ms
[178,332s][info][gc] GC(2269) Pause Young (Allocation Failure) 825M->718M(910M) 22,548ms
[178,661s][info][gc] GC(2270) Pause Full (Ergonomics) 718M->590M(910M) 328,109ms
[178,704s][info][gc] GC(2271) Pause Young (Allocation Failure) 704M->599M(910M) 3,442ms
[178,752s][info][gc] GC(2272) Pause Young (Allocation Failure) 713M->607M(910M) 5,671ms
[178,803s][info][gc] GC(2273) Pause Young (Allocation Failure) 721M->615M(910M) 7,886ms
[178,853s][info][gc] GC(2274) Pause Young (Allocation Failure) 729M->623M(910M) 10,401ms
[178,905s][info][gc] GC(2275) Pause Young (Allocation Failure) 737M->631M(910M) 11,047ms
[178,954s][info][gc] GC(2276) Pause Young (Allocation Failure) 745M->639M(910M) 9,226ms
[179,001s][info][gc] GC(2277) Pause Young (Allocation Failure) 753M->648M(910M) 6,286ms
[179,048s][info][gc] GC(2278) Pause Young (Allocation Failure) 762M->656M(805M) 6,280ms
[179,095s][info][gc] GC(2279) Pause Young (Allocation Failure) 770M->664M(913M) 5,812ms
[179,145s][info][gc] GC(2280) Pause Young (Allocation Failure) 783M->672M(827M) 8,115ms
[179,198s][info][gc] GC(2281) Pause Young (Allocation Failure) 791M->681M(906M) 10,622ms
[179,256s][info][gc] GC(2282) Pause Young (Allocation Failure) 809M->689M(905M) 12,735ms
[179,317s][info][gc] GC(2283) Pause Young (Allocation Failure) 817M->698M(913M) 15,269ms
[179,384s][info][gc] GC(2284) Pause Young (Allocation Failure) 837M->707M(914M) 17,717ms
[179,453s][info][gc] GC(2285) Pause Young (Allocation Failure) 846M->716M(916M) 20,179ms
[179,524s][info][gc] GC(2286) Pause Young (Allocation Failure) 853M->725M(890M) 22,586ms
[179,595s][info][gc] GC(2287) Pause Young (Allocation Failure) 862M->734M(909M) 23,058ms
[179,923s][info][gc] GC(2288) Pause Full (Ergonomics) 734M->590M(913M) 327,475ms
[179,969s][info][gc] GC(2289) Pause Young (Allocation Failure) 709M->599M(913M) 3,504ms
[180,017s][info][gc] GC(2290) Pause Young (Allocation Failure) 718M->608M(819M) 5,912ms
[180,069s][info][gc] GC(2291) Pause Young (Allocation Failure) 727M->616M(915M) 8,179ms
[180,125s][info][gc] GC(2292) Pause Young (Allocation Failure) 740M->625M(841M) 10,649ms
[180,182s][info][gc] GC(2293) Pause Young (Allocation Failure) 748M->633M(911M) 12,913ms
[180,245s][info][gc] GC(2294) Pause Young (Allocation Failure) 766M->642M(910M) 15,496ms
[180,309s][info][gc] GC(2295) Pause Young (Allocation Failure) 775M->651M(919M) 17,842ms
[180,380s][info][gc] GC(2296) Pause Young (Allocation Failure) 794M->660M(921M) 20,415ms
[180,454s][info][gc] GC(2297) Pause Young (Allocation Failure) 803M->669M(908M) 23,010ms
[180,523s][info][gc] GC(2298) Pause Young (Allocation Failure) 794M->677M(895M) 24,984ms
[180,594s][info][gc] GC(2299) Pause Young (Allocation Failure) 802M->685M(910M) 26,870ms
[180,670s][info][gc] GC(2300) Pause Young (Allocation Failure) 799M->692M(910M) 35,965ms
[180,759s][info][gc] GC(2301) Pause Young (Allocation Failure) 806M->699M(910M) 47,807ms
[180,852s][info][gc] GC(2302) Pause Young (Allocation Failure) 813M->706M(910M) 49,847ms
[180,930s][info][gc] GC(2303) Pause Young (Allocation Failure) 820M->713M(910M) 33,721ms
[181,001s][info][gc] GC(2304) Pause Young (Allocation Failure) 827M->720M(910M) 26,652ms
[181,069s][info][gc] GC(2305) Pause Young (Allocation Failure) 834M->728M(910M) 24,558ms
[181,401s][info][gc] GC(2306) Pause Full (Ergonomics) 728M->590M(910M) 332,650ms
[181,446s][info][gc] GC(2307) Pause Young (Allocation Failure) 704M->599M(910M) 3,341ms
[181,494s][info][gc] GC(2308) Pause Young (Allocation Failure) 713M->607M(910M) 5,669ms
[181,542s][info][gc] GC(2309) Pause Young (Allocation Failure) 721M->615M(910M) 7,993ms
[181,594s][info][gc] GC(2310) Pause Young (Allocation Failure) 729M->623M(910M) 10,120ms
[181,647s][info][gc] GC(2311) Pause Young (Allocation Failure) 737M->631M(910M) 12,991ms
[181,699s][info][gc] GC(2312) Pause Young (Allocation Failure) 745M->639M(910M) 11,074ms
[181,749s][info][gc] GC(2313) Pause Young (Allocation Failure) 753M->647M(910M) 9,247ms
[181,796s][info][gc] GC(2314) Pause Young (Allocation Failure) 761M->655M(910M) 6,283ms
[181,843s][info][gc] GC(2315) Pause Young (Allocation Failure) 769M->664M(910M) 6,277ms
[182,181s][info][gc] GC(2316) Pause Full (Ergonomics) 664M->590M(910M) 338,352ms
[182,226s][info][gc] GC(2317) Pause Young (Allocation Failure) 704M->599M(910M) 3,438ms
[182,275s][info][gc] GC(2318) Pause Young (Allocation Failure) 713M->607M(805M) 6,158ms
[182,323s][info][gc] GC(2319) Pause Young (Allocation Failure) 721M->615M(911M) 5,728ms
[182,374s][info][gc] GC(2320) Pause Young (Allocation Failure) 735M->624M(828M) 8,201ms
[182,428s][info][gc] GC(2321) Pause Young (Allocation Failure) 743M->632M(903M) 10,679ms
[182,486s][info][gc] GC(2322) Pause Young (Allocation Failure) 760M->641M(905M) 12,844ms
[182,548s][info][gc] GC(2323) Pause Young (Allocation Failure) 769M->650M(911M) 15,223ms
[182,613s][info][gc] GC(2324) Pause Young (Allocation Failure) 786M->659M(913M) 17,707ms
[182,681s][info][gc] GC(2325) Pause Young (Allocation Failure) 795M->667M(914M) 19,876ms
[182,751s][info][gc] GC(2326) Pause Young (Allocation Failure) 800M->676M(893M) 22,312ms
[182,822s][info][gc] GC(2327) Pause Young (Allocation Failure) 809M->684M(908M) 24,247ms
[182,889s][info][gc] GC(2328) Pause Young (Allocation Failure) 798M->691M(910M) 26,560ms
[182,954s][info][gc] GC(2329) Pause Young (Allocation Failure) 805M->699M(910M) 25,080ms
[183,017s][info][gc] GC(2330) Pause Young (Allocation Failure) 813M->706M(910M) 22,865ms
[183,078s][info][gc] GC(2331) Pause Young (Allocation Failure) 820M->714M(910M) 20,782ms
[183,411s][info][gc] GC(2332) Pause Full (Ergonomics) 714M->590M(910M) 332,008ms
[183,456s][info][gc] GC(2333) Pause Young (Allocation Failure) 704M->599M(910M) 3,443ms
[183,503s][info][gc] GC(2334) Pause Young (Allocation Failure) 713M->607M(910M) 5,686ms
[183,553s][info][gc] GC(2335) Pause Young (Allocation Failure) 721M->615M(906M) 7,959ms
[183,605s][info][gc] GC(2336) Pause Young (Allocation Failure) 729M->623M(908M) 10,154ms
[183,659s][info][gc] GC(2337) Pause Young (Allocation Failure) 737M->631M(902M) 12,289ms
[183,719s][info][gc] GC(2338) Pause Young (Allocation Failure) 754M->639M(906M) 14,851ms
[183,780s][info][gc] GC(2339) Pause Young (Allocation Failure) 762M->647M(914M) 16,821ms
[183,846s][info][gc] GC(2340) Pause Young (Allocation Failure) 781M->656M(914M) 19,367ms
[183,915s][info][gc] GC(2341) Pause Young (Allocation Failure) 790M->665M(913M) 22,024ms
[183,986s][info][gc] GC(2342) Pause Young (Allocation Failure) 796M->673M(890M) 24,001ms
[184,056s][info][gc] GC(2343) Pause Young (Allocation Failure) 804M->682M(908M) 24,537ms
[184,122s][info][gc] GC(2344) Pause Young (Allocation Failure) 798M->689M(876M) 24,478ms
[184,188s][info][gc] GC(2345) Pause Young (Allocation Failure) 805M->696M(910M) 24,794ms
[184,251s][info][gc] GC(2346) Pause Young (Allocation Failure) 810M->704M(858M) 22,964ms
[184,313s][info][gc] GC(2347) Pause Young (Allocation Failure) 818M->711M(910M) 20,469ms
[184,634s][info][gc] GC(2348) Pause Full (Ergonomics) 711M->590M(906M) 320,383ms
[184,680s][info][gc] GC(2349) Pause Young (Allocation Failure) 708M->599M(911M) 3,549ms
[184,730s][info][gc] GC(2350) Pause Young (Allocation Failure) 721M->608M(914M) 5,904ms
[184,783s][info][gc] GC(2351) Pause Young (Allocation Failure) 730M->617M(910M) 8,357ms
[184,837s][info][gc] GC(2352) Pause Young (Allocation Failure) 739M->625M(912M) 10,757ms
[184,893s][info][gc] GC(2353) Pause Young (Allocation Failure) 747M->633M(907M) 13,088ms
[184,954s][info][gc] GC(2354) Pause Young (Allocation Failure) 763M->642M(911M) 15,496ms
[185,018s][info][gc] GC(2355) Pause Young (Allocation Failure) 772M->651M(920M) 17,794ms
[185,088s][info][gc] GC(2356) Pause Young (Allocation Failure) 792M->660M(920M) 20,114ms
[185,161s][info][gc] GC(2357) Pause Young (Allocation Failure) 802M->669M(913M) 22,760ms
[185,232s][info][gc] GC(2358) Pause Young (Allocation Failure) 800M->677M(901M) 24,915ms
[185,304s][info][gc] GC(2359) Pause Young (Allocation Failure) 808M->686M(909M) 26,485ms
[185,381s][info][gc] GC(2360) Pause Young (Allocation Failure) 800M->693M(910M) 35,994ms
[185,469s][info][gc] GC(2361) Pause Young (Allocation Failure) 807M->699M(910M) 46,807ms
[185,547s][info][gc] GC(2362) Pause Young (Allocation Failure) 813M->707M(910M) 34,667ms
[185,618s][info][gc] GC(2363) Pause Young (Allocation Failure) 821M->714M(910M) 26,966ms
[185,686s][info][gc] GC(2364) Pause Young (Allocation Failure) 828M->721M(910M) 24,900ms
[186,011s][info][gc] GC(2365) Pause Full (Ergonomics) 721M->590M(910M) 324,594ms
[186,055s][info][gc] GC(2366) Pause Young (Allocation Failure) 704M->599M(910M) 3,386ms
[186,102s][info][gc] GC(2367) Pause Young (Allocation Failure) 713M->607M(910M) 5,747ms
[186,152s][info][gc] GC(2368) Pause Young (Allocation Failure) 721M->615M(910M) 7,911ms
[186,203s][info][gc] GC(2369) Pause Young (Allocation Failure) 729M->623M(910M) 10,225ms
[186,257s][info][gc] GC(2370) Pause Young (Allocation Failure) 737M->631M(910M) 13,213ms
[186,308s][info][gc] GC(2371) Pause Young (Allocation Failure) 745M->639M(910M) 11,126ms
[186,358s][info][gc] GC(2372) Pause Young (Allocation Failure) 753M->647M(910M) 9,247ms
[186,404s][info][gc] GC(2373) Pause Young (Allocation Failure) 761M->655M(910M) 6,355ms
[186,452s][info][gc] GC(2374) Pause Young (Allocation Failure) 769M->664M(910M) 6,209ms
[186,784s][info][gc] GC(2375) Pause Full (Ergonomics) 664M->590M(910M) 332,739ms
[186,829s][info][gc] GC(2376) Pause Young (Allocation Failure) 704M->599M(910M) 3,392ms
[186,877s][info][gc] GC(2377) Pause Young (Allocation Failure) 713M->607M(904M) 6,175ms
[186,924s][info][gc] GC(2378) Pause Young (Allocation Failure) 721M->615M(907M) 5,916ms
[186,972s][info][gc] GC(2379) Pause Young (Allocation Failure) 729M->623M(897M) 8,147ms
[187,026s][info][gc] GC(2380) Pause Young (Allocation Failure) 745M->632M(903M) 10,502ms
[187,082s][info][gc] GC(2381) Pause Young (Allocation Failure) 753M->640M(903M) 12,801ms
[187,143s][info][gc] GC(2382) Pause Young (Allocation Failure) 771M->649M(904M) 15,165ms
[187,208s][info][gc] GC(2383) Pause Young (Allocation Failure) 780M->658M(913M) 17,443ms
[187,276s][info][gc] GC(2384) Pause Young (Allocation Failure) 795M->667M(916M) 19,762ms
[187,346s][info][gc] GC(2385) Pause Young (Allocation Failure) 804M->676M(906M) 22,403ms
[187,414s][info][gc] GC(2386) Pause Young (Allocation Failure) 797M->683M(889M) 24,313ms
[187,483s][info][gc] GC(2387) Pause Young (Allocation Failure) 804M->691M(910M) 26,396ms
[187,549s][info][gc] GC(2388) Pause Young (Allocation Failure) 805M->698M(910M) 24,809ms
[187,612s][info][gc] GC(2389) Pause Young (Allocation Failure) 812M->706M(910M) 22,945ms
[187,673s][info][gc] GC(2390) Pause Young (Allocation Failure) 820M->713M(910M) 20,691ms
[188,001s][info][gc] GC(2391) Pause Full (Ergonomics) 713M->590M(910M) 327,598ms
[188,046s][info][gc] GC(2392) Pause Young (Allocation Failure) 704M->599M(910M) 3,420ms
[188,094s][info][gc] GC(2393) Pause Young (Allocation Failure) 713M->607M(910M) 5,621ms
[188,143s][info][gc] GC(2394) Pause Young (Allocation Failure) 721M->615M(822M) 8,100ms
[188,194s][info][gc] GC(2395) Pause Young (Allocation Failure) 729M->623M(911M) 10,270ms
[188,249s][info][gc] GC(2396) Pause Young (Allocation Failure) 742M->631M(907M) 12,367ms
[188,306s][info][gc] GC(2397) Pause Young (Allocation Failure) 750M->639M(908M) 14,637ms
[188,369s][info][gc] GC(2398) Pause Young (Allocation Failure) 769M->648M(908M) 17,018ms
[188,434s][info][gc] GC(2399) Pause Young (Allocation Failure) 778M->657M(917M) 19,446ms
[188,506s][info][gc] GC(2400) Pause Young (Allocation Failure) 795M->665M(896M) 21,806ms
[188,581s][info][gc] GC(2401) Pause Young (Allocation Failure) 803M->674M(904M) 24,275ms
[188,649s][info][gc] GC(2402) Pause Young (Allocation Failure) 791M->682M(891M) 25,587ms
[188,723s][info][gc] GC(2403) Pause Young (Allocation Failure) 799M->689M(910M) 30,946ms
[188,801s][info][gc] GC(2404) Pause Young (Allocation Failure) 803M->696M(910M) 37,770ms
[188,872s][info][gc] GC(2405) Pause Young (Allocation Failure) 810M->703M(910M) 27,738ms
[188,941s][info][gc] GC(2406) Pause Young (Allocation Failure) 817M->710M(910M) 26,332ms
[189,006s][info][gc] GC(2407) Pause Young (Allocation Failure) 824M->717M(910M) 24,601ms
[189,337s][info][gc] GC(2408) Pause Full (Ergonomics) 717M->590M(910M) 330,762ms
[189,381s][info][gc] GC(2409) Pause Young (Allocation Failure) 704M->599M(910M) 3,467ms
[189,428s][info][gc] GC(2410) Pause Young (Allocation Failure) 713M->607M(910M) 5,708ms
[189,478s][info][gc] GC(2411) Pause Young (Allocation Failure) 721M->615M(910M) 7,875ms
[189,530s][info][gc] GC(2412) Pause Young (Allocation Failure) 729M->623M(910M) 10,113ms
[189,584s][info][gc] GC(2413) Pause Young (Allocation Failure) 737M->631M(910M) 13,076ms
[189,636s][info][gc] GC(2414) Pause Young (Allocation Failure) 745M->639M(910M) 11,008ms
[189,686s][info][gc] GC(2415) Pause Young (Allocation Failure) 753M->647M(910M) 9,096ms
[189,732s][info][gc] GC(2416) Pause Young (Allocation Failure) 761M->655M(910M) 6,248ms
[189,779s][info][gc] GC(2417) Pause Young (Allocation Failure) 769M->664M(910M) 6,205ms
[190,099s][info][gc] GC(2418) Pause Full (Ergonomics) 664M->590M(910M) 320,217ms
[190,144s][info][gc] GC(2419) Pause Young (Allocation Failure) 704M->599M(904M) 3,401ms
[190,192s][info][gc] GC(2420) Pause Young (Allocation Failure) 713M->607M(907M) 5,722ms
[190,240s][info][gc] GC(2421) Pause Young (Allocation Failure) 721M->615M(896M) 8,190ms
[190,293s][info][gc] GC(2422) Pause Young (Allocation Failure) 736M->624M(903M) 10,440ms
[190,349s][info][gc] GC(2423) Pause Young (Allocation Failure) 745M->632M(902M) 12,782ms
[190,410s][info][gc] GC(2424) Pause Young (Allocation Failure) 762M->641M(904M) 15,291ms
[190,473s][info][gc] GC(2425) Pause Young (Allocation Failure) 771M->649M(911M) 17,279ms
[190,541s][info][gc] GC(2426) Pause Young (Allocation Failure) 786M->658M(915M) 19,785ms
[190,611s][info][gc] GC(2427) Pause Young (Allocation Failure) 795M->667M(907M) 22,314ms
[190,679s][info][gc] GC(2428) Pause Young (Allocation Failure) 790M->675M(890M) 24,314ms
[190,749s][info][gc] GC(2429) Pause Young (Allocation Failure) 798M->683M(910M) 26,517ms
[190,814s][info][gc] GC(2430) Pause Young (Allocation Failure) 797M->690M(910M) 25,042ms
[190,878s][info][gc] GC(2431) Pause Young (Allocation Failure) 804M->697M(910M) 23,105ms
[190,938s][info][gc] GC(2432) Pause Young (Allocation Failure) 811M->705M(848M) 20,569ms
[191,267s][info][gc] GC(2433) Pause Full (Ergonomics) 705M->590M(909M) 328,469ms
[191,312s][info][gc] GC(2434) Pause Young (Allocation Failure) 704M->599M(909M) 3,484ms
[191,359s][info][gc] GC(2435) Pause Young (Allocation Failure) 713M->607M(911M) 5,723ms
[191,409s][info][gc] GC(2436) Pause Young (Allocation Failure) 722M->615M(822M) 8,113ms
[191,460s][info][gc] GC(2437) Pause Young (Allocation Failure) 730M->623M(911M) 10,204ms
[191,514s][info][gc] GC(2438) Pause Young (Allocation Failure) 742M->631M(907M) 12,412ms
[191,572s][info][gc] GC(2439) Pause Young (Allocation Failure) 750M->639M(906M) 14,569ms
[191,636s][info][gc] GC(2440) Pause Young (Allocation Failure) 768M->648M(907M) 16,897ms
[191,702s][info][gc] GC(2441) Pause Young (Allocation Failure) 777M->656M(916M) 19,289ms
[191,773s][info][gc] GC(2442) Pause Young (Allocation Failure) 794M->665M(919M) 21,635ms
[191,845s][info][gc] GC(2443) Pause Young (Allocation Failure) 803M->674M(905M) 24,091ms
[191,913s][info][gc] GC(2444) Pause Young (Allocation Failure) 792M->681M(892M) 25,929ms
[191,985s][info][gc] GC(2445) Pause Young (Allocation Failure) 799M->689M(910M) 29,963ms
[192,065s][info][gc] GC(2446) Pause Young (Allocation Failure) 803M->696M(910M) 39,247ms
[192,147s][info][gc] GC(2447) Pause Young (Allocation Failure) 810M->703M(910M) 41,506ms
[192,222s][info][gc] GC(2448) Pause Young (Allocation Failure) 817M->710M(910M) 30,844ms
[192,291s][info][gc] GC(2449) Pause Young (Allocation Failure) 824M->717M(910M) 26,036ms
[192,357s][info][gc] GC(2450) Pause Young (Allocation Failure) 831M->724M(910M) 24,421ms
[192,688s][info][gc] GC(2451) Pause Full (Ergonomics) 724M->590M(910M) 330,710ms
[192,733s][info][gc] GC(2452) Pause Young (Allocation Failure) 704M->599M(910M) 3,397ms
[192,780s][info][gc] GC(2453) Pause Young (Allocation Failure) 713M->607M(910M) 5,689ms
[192,829s][info][gc] GC(2454) Pause Young (Allocation Failure) 721M->615M(910M) 7,901ms
[192,879s][info][gc] GC(2455) Pause Young (Allocation Failure) 729M->623M(910M) 10,245ms
[192,933s][info][gc] GC(2456) Pause Young (Allocation Failure) 737M->631M(910M) 12,906ms
[192,984s][info][gc] GC(2457) Pause Young (Allocation Failure) 745M->639M(910M) 11,034ms
[193,033s][info][gc] GC(2458) Pause Young (Allocation Failure) 753M->647M(910M) 9,088ms
[193,081s][info][gc] GC(2459) Pause Young (Allocation Failure) 761M->656M(910M) 6,309ms
[193,128s][info][gc] GC(2460) Pause Young (Allocation Failure) 770M->664M(910M) 6,185ms
[193,462s][info][gc] GC(2461) Pause Full (Ergonomics) 664M->590M(910M) 333,731ms
[193,505s][info][gc] GC(2462) Pause Young (Allocation Failure) 704M->599M(910M) 3,337ms
[193,553s][info][gc] GC(2463) Pause Young (Allocation Failure) 713M->607M(903M) 6,293ms
[193,601s][info][gc] GC(2464) Pause Young (Allocation Failure) 721M->615M(907M) 5,917ms
[193,650s][info][gc] GC(2465) Pause Young (Allocation Failure) 729M->623M(895M) 8,236ms
[193,704s][info][gc] GC(2466) Pause Young (Allocation Failure) 744M->632M(902M) 10,734ms
[193,760s][info][gc] GC(2467) Pause Young (Allocation Failure) 753M->640M(902M) 12,856ms
[193,821s][info][gc] GC(2468) Pause Young (Allocation Failure) 770M->649M(903M) 14,876ms
[193,884s][info][gc] GC(2469) Pause Young (Allocation Failure) 778M->658M(910M) 17,554ms
[193,952s][info][gc] GC(2470) Pause Young (Allocation Failure) 793M->666M(914M) 19,892ms
[194,022s][info][gc] GC(2471) Pause Young (Allocation Failure) 802M->675M(907M) 22,361ms
[194,089s][info][gc] GC(2472) Pause Young (Allocation Failure) 797M->683M(889M) 24,253ms
[194,160s][info][gc] GC(2473) Pause Young (Allocation Failure) 805M->691M(910M) 26,415ms
[194,225s][info][gc] GC(2474) Pause Young (Allocation Failure) 805M->698M(910M) 24,772ms
[194,288s][info][gc] GC(2475) Pause Young (Allocation Failure) 812M->705M(910M) 22,764ms
[194,349s][info][gc] GC(2476) Pause Young (Allocation Failure) 819M->713M(848M) 20,212ms
[194,662s][info][gc] GC(2477) Pause Full (Ergonomics) 713M->590M(910M) 312,455ms
[194,705s][info][gc] GC(2478) Pause Young (Allocation Failure) 704M->599M(910M) 3,435ms
[194,753s][info][gc] GC(2479) Pause Young (Allocation Failure) 713M->607M(910M) 5,666ms
[194,803s][info][gc] GC(2480) Pause Young (Allocation Failure) 722M->615M(822M) 8,100ms
[194,854s][info][gc] GC(2481) Pause Young (Allocation Failure) 730M->623M(911M) 10,138ms
[194,910s][info][gc] GC(2482) Pause Young (Allocation Failure) 743M->631M(907M) 12,730ms
[194,966s][info][gc] GC(2483) Pause Young (Allocation Failure) 751M->640M(907M) 14,620ms
[195,030s][info][gc] GC(2484) Pause Young (Allocation Failure) 770M->648M(908M) 17,195ms
[195,095s][info][gc] GC(2485) Pause Young (Allocation Failure) 778M->657M(917M) 19,248ms
[195,166s][info][gc] GC(2486) Pause Young (Allocation Failure) 795M->666M(897M) 21,802ms
[195,240s][info][gc] GC(2487) Pause Young (Allocation Failure) 804M->674M(904M) 24,441ms
[195,307s][info][gc] GC(2488) Pause Young (Allocation Failure) 791M->682M(891M) 26,035ms
[195,378s][info][gc] GC(2489) Pause Young (Allocation Failure) 799M->689M(910M) 29,867ms
[195,461s][info][gc] GC(2490) Pause Young (Allocation Failure) 803M->696M(910M) 42,262ms
[195,549s][info][gc] GC(2491) Pause Young (Allocation Failure) 810M->703M(910M) 44,579ms
[195,627s][info][gc] GC(2492) Pause Young (Allocation Failure) 817M->710M(910M) 28,029ms
[195,697s][info][gc] GC(2493) Pause Young (Allocation Failure) 824M->717M(910M) 26,152ms
[195,762s][info][gc] GC(2494) Pause Young (Allocation Failure) 831M->724M(910M) 24,586ms
[196,084s][info][gc] GC(2495) Pause Full (Ergonomics) 724M->590M(910M) 321,610ms
[196,128s][info][gc] GC(2496) Pause Young (Allocation Failure) 704M->599M(910M) 3,435ms
[196,176s][info][gc] GC(2497) Pause Young (Allocation Failure) 713M->607M(910M) 5,689ms
[196,225s][info][gc] GC(2498) Pause Young (Allocation Failure) 721M->615M(910M) 7,880ms
[196,276s][info][gc] GC(2499) Pause Young (Allocation Failure) 729M->623M(910M) 10,149ms
[196,330s][info][gc] GC(2500) Pause Young (Allocation Failure) 737M->631M(910M) 12,952ms
[196,381s][info][gc] GC(2501) Pause Young (Allocation Failure) 745M->639M(910M) 11,102ms
[196,431s][info][gc] GC(2502) Pause Young (Allocation Failure) 753M->647M(910M) 9,194ms
[196,477s][info][gc] GC(2503) Pause Young (Allocation Failure) 761M->655M(910M) 6,160ms
[196,524s][info][gc] GC(2504) Pause Young (Allocation Failure) 769M->664M(910M) 6,257ms
[196,849s][info][gc] GC(2505) Pause Full (Ergonomics) 664M->590M(910M) 325,609ms
[196,893s][info][gc] GC(2506) Pause Young (Allocation Failure) 704M->599M(910M) 3,517ms
[196,942s][info][gc] GC(2507) Pause Young (Allocation Failure) 713M->607M(904M) 6,285ms
[196,990s][info][gc] GC(2508) Pause Young (Allocation Failure) 721M->615M(907M) 5,886ms
[197,040s][info][gc] GC(2509) Pause Young (Allocation Failure) 729M->623M(895M) 8,199ms
[197,092s][info][gc] GC(2510) Pause Young (Allocation Failure) 744M->632M(902M) 10,377ms
[197,148s][info][gc] GC(2511) Pause Young (Allocation Failure) 753M->640M(902M) 12,927ms
[197,209s][info][gc] GC(2512) Pause Young (Allocation Failure) 770M->649M(903M) 14,940ms
[197,273s][info][gc] GC(2513) Pause Young (Allocation Failure) 778M->657M(910M) 17,178ms
[197,340s][info][gc] GC(2514) Pause Young (Allocation Failure) 793M->666M(914M) 19,952ms
[197,410s][info][gc] GC(2515) Pause Young (Allocation Failure) 802M->675M(907M) 22,135ms
[197,477s][info][gc] GC(2516) Pause Young (Allocation Failure) 797M->683M(889M) 24,014ms
[197,547s][info][gc] GC(2517) Pause Young (Allocation Failure) 805M->691M(910M) 26,637ms
[197,612s][info][gc] GC(2518) Pause Young (Allocation Failure) 805M->698M(910M) 24,693ms
[197,675s][info][gc] GC(2519) Pause Young (Allocation Failure) 812M->705M(910M) 22,792ms
[197,736s][info][gc] GC(2520) Pause Young (Allocation Failure) 819M->713M(848M) 20,646ms
[198,056s][info][gc] GC(2521) Pause Full (Ergonomics) 713M->590M(910M) 319,744ms
[198,099s][info][gc] GC(2522) Pause Young (Allocation Failure) 704M->599M(910M) 3,468ms
[198,147s][info][gc] GC(2523) Pause Young (Allocation Failure) 713M->607M(910M) 5,780ms
[198,197s][info][gc] GC(2524) Pause Young (Allocation Failure) 722M->615M(822M) 8,059ms
[198,248s][info][gc] GC(2525) Pause Young (Allocation Failure) 730M->623M(911M) 10,156ms
[198,302s][info][gc] GC(2526) Pause Young (Allocation Failure) 743M->631M(907M) 12,513ms
[198,359s][info][gc] GC(2527) Pause Young (Allocation Failure) 751M->640M(907M) 14,614ms
[198,422s][info][gc] GC(2528) Pause Young (Allocation Failure) 770M->648M(908M) 17,022ms
[198,488s][info][gc] GC(2529) Pause Young (Allocation Failure) 778M->657M(917M) 19,383ms
[198,559s][info][gc] GC(2530) Pause Young (Allocation Failure) 795M->666M(897M) 21,697ms
[198,632s][info][gc] GC(2531) Pause Young (Allocation Failure) 804M->675M(904M) 24,440ms
[198,699s][info][gc] GC(2532) Pause Young (Allocation Failure) 792M->682M(891M) 25,785ms
[198,772s][info][gc] GC(2533) Pause Young (Allocation Failure) 799M->689M(910M) 30,961ms
[198,854s][info][gc] GC(2534) Pause Young (Allocation Failure) 803M->696M(910M) 41,378ms
[198,933s][info][gc] GC(2535) Pause Young (Allocation Failure) 810M->703M(910M) 38,395ms
[199,009s][info][gc] GC(2536) Pause Young (Allocation Failure) 817M->710M(910M) 31,939ms
[199,078s][info][gc] GC(2537) Pause Young (Allocation Failure) 824M->717M(910M) 26,278ms
[199,146s][info][gc] GC(2538) Pause Young (Allocation Failure) 831M->725M(910M) 24,471ms
[199,474s][info][gc] GC(2539) Pause Full (Ergonomics) 725M->590M(910M) 327,528ms
[199,518s][info][gc] GC(2540) Pause Young (Allocation Failure) 704M->599M(910M) 3,423ms
[199,565s][info][gc] GC(2541) Pause Young (Allocation Failure) 713M->607M(910M) 5,682ms
[199,615s][info][gc] GC(2542) Pause Young (Allocation Failure) 721M->615M(910M) 7,955ms
[199,667s][info][gc] GC(2543) Pause Young (Allocation Failure) 729M->623M(910M) 10,270ms
[199,720s][info][gc] GC(2544) Pause Young (Allocation Failure) 737M->631M(910M) 13,032ms
[199,773s][info][gc] GC(2545) Pause Young (Allocation Failure) 745M->639M(910M) 10,968ms
[199,823s][info][gc] GC(2546) Pause Young (Allocation Failure) 753M->647M(910M) 9,147ms
[199,870s][info][gc] GC(2547) Pause Young (Allocation Failure) 761M->655M(910M) 6,232ms
[199,917s][info][gc] GC(2548) Pause Young (Allocation Failure) 769M->664M(910M) 6,295ms
[200,254s][info][gc] GC(2549) Pause Full (Ergonomics) 664M->590M(910M) 337,013ms
[200,297s][info][gc] GC(2550) Pause Young (Allocation Failure) 704M->599M(910M) 3,503ms
[200,345s][info][gc] GC(2551) Pause Young (Allocation Failure) 713M->607M(904M) 6,323ms
[200,393s][info][gc] GC(2552) Pause Young (Allocation Failure) 721M->615M(907M) 5,833ms
[200,441s][info][gc] GC(2553) Pause Young (Allocation Failure) 729M->623M(895M) 8,161ms
[200,494s][info][gc] GC(2554) Pause Young (Allocation Failure) 744M->632M(902M) 10,360ms
[200,550s][info][gc] GC(2555) Pause Young (Allocation Failure) 753M->640M(902M) 13,033ms
[200,610s][info][gc] GC(2556) Pause Young (Allocation Failure) 770M->649M(903M) 14,948ms
[200,673s][info][gc] GC(2557) Pause Young (Allocation Failure) 778M->657M(910M) 17,209ms
[200,741s][info][gc] GC(2558) Pause Young (Allocation Failure) 793M->666M(914M) 19,795ms
[200,812s][info][gc] GC(2559) Pause Young (Allocation Failure) 802M->675M(907M) 22,707ms
[200,879s][info][gc] GC(2560) Pause Young (Allocation Failure) 797M->683M(889M) 24,277ms
[200,948s][info][gc] GC(2561) Pause Young (Allocation Failure) 805M->691M(910M) 26,143ms
[201,013s][info][gc] GC(2562) Pause Young (Allocation Failure) 805M->698M(910M) 25,022ms
[201,076s][info][gc] GC(2563) Pause Young (Allocation Failure) 812M->705M(910M) 22,695ms
[201,138s][info][gc] GC(2564) Pause Young (Allocation Failure) 819M->713M(848M) 20,615ms
[201,468s][info][gc] GC(2565) Pause Full (Ergonomics) 713M->590M(910M) 330,536ms
[201,512s][info][gc] GC(2566) Pause Young (Allocation Failure) 704M->599M(910M) 3,450ms
[201,560s][info][gc] GC(2567) Pause Young (Allocation Failure) 713M->607M(910M) 5,728ms
[201,610s][info][gc] GC(2568) Pause Young (Allocation Failure) 722M->615M(822M) 8,005ms
[201,662s][info][gc] GC(2569) Pause Young (Allocation Failure) 730M->623M(911M) 10,113ms
[201,719s][info][gc] GC(2570) Pause Young (Allocation Failure) 743M->631M(907M) 12,556ms
[201,776s][info][gc] GC(2571) Pause Young (Allocation Failure) 751M->640M(907M) 14,840ms
[201,839s][info][gc] GC(2572) Pause Young (Allocation Failure) 770M->648M(908M) 17,320ms
[201,905s][info][gc] GC(2573) Pause Young (Allocation Failure) 778M->657M(917M) 19,580ms
[201,975s][info][gc] GC(2574) Pause Young (Allocation Failure) 795M->666M(897M) 22,070ms
[202,049s][info][gc] GC(2575) Pause Young (Allocation Failure) 804M->674M(904M) 24,465ms
[202,116s][info][gc] GC(2576) Pause Young (Allocation Failure) 791M->682M(891M) 26,023ms
[202,190s][info][gc] GC(2577) Pause Young (Allocation Failure) 799M->689M(910M) 31,434ms
[202,271s][info][gc] GC(2578) Pause Young (Allocation Failure) 803M->696M(910M) 39,704ms
[202,357s][info][gc] GC(2579) Pause Young (Allocation Failure) 810M->703M(910M) 42,864ms
[202,432s][info][gc] GC(2580) Pause Young (Allocation Failure) 817M->710M(910M) 31,454ms
[202,502s][info][gc] GC(2581) Pause Young (Allocation Failure) 824M->717M(910M) 26,553ms
[202,568s][info][gc] GC(2582) Pause Young (Allocation Failure) 831M->724M(910M) 24,154ms
[202,894s][info][gc] GC(2583) Pause Full (Ergonomics) 724M->590M(910M) 326,126ms
[202,939s][info][gc] GC(2584) Pause Young (Allocation Failure) 704M->599M(910M) 3,431ms
[202,986s][info][gc] GC(2585) Pause Young (Allocation Failure) 713M->607M(910M) 5,700ms
[203,035s][info][gc] GC(2586) Pause Young (Allocation Failure) 721M->615M(910M) 7,913ms
[203,086s][info][gc] GC(2587) Pause Young (Allocation Failure) 729M->623M(910M) 10,201ms
[203,140s][info][gc] GC(2588) Pause Young (Allocation Failure) 737M->631M(910M) 13,069ms
[203,192s][info][gc] GC(2589) Pause Young (Allocation Failure) 745M->639M(910M) 11,055ms
[203,241s][info][gc] GC(2590) Pause Young (Allocation Failure) 753M->647M(910M) 9,263ms
[203,288s][info][gc] GC(2591) Pause Young (Allocation Failure) 761M->655M(910M) 6,319ms
[203,334s][info][gc] GC(2592) Pause Young (Allocation Failure) 769M->664M(910M) 6,285ms
[203,653s][info][gc] GC(2593) Pause Full (Ergonomics) 664M->590M(910M) 318,112ms
[203,697s][info][gc] GC(2594) Pause Young (Allocation Failure) 704M->599M(910M) 3,462ms
[203,745s][info][gc] GC(2595) Pause Young (Allocation Failure) 713M->607M(904M) 6,291ms
[203,792s][info][gc] GC(2596) Pause Young (Allocation Failure) 721M->615M(907M) 5,953ms
[203,841s][info][gc] GC(2597) Pause Young (Allocation Failure) 729M->623M(895M) 8,331ms
[203,894s][info][gc] GC(2598) Pause Young (Allocation Failure) 744M->632M(902M) 10,499ms
[203,950s][info][gc] GC(2599) Pause Young (Allocation Failure) 753M->640M(902M) 12,847ms
[204,010s][info][gc] GC(2600) Pause Young (Allocation Failure) 770M->649M(903M) 14,964ms
[204,074s][info][gc] GC(2601) Pause Young (Allocation Failure) 778M->657M(910M) 17,375ms
[204,142s][info][gc] GC(2602) Pause Young (Allocation Failure) 793M->666M(914M) 19,818ms
[204,212s][info][gc] GC(2603) Pause Young (Allocation Failure) 802M->675M(907M) 22,276ms
[204,279s][info][gc] GC(2604) Pause Young (Allocation Failure) 797M->683M(889M) 24,012ms
[204,349s][info][gc] GC(2605) Pause Young (Allocation Failure) 805M->690M(910M) 26,582ms
[204,414s][info][gc] GC(2606) Pause Young (Allocation Failure) 804M->698M(910M) 24,613ms
[204,479s][info][gc] GC(2607) Pause Young (Allocation Failure) 812M->705M(910M) 22,930ms
[204,540s][info][gc] GC(2608) Pause Young (Allocation Failure) 819M->713M(848M) 20,594ms
[204,874s][info][gc] GC(2609) Pause Full (Ergonomics) 713M->590M(910M) 334,035ms
[204,918s][info][gc] GC(2610) Pause Young (Allocation Failure) 704M->599M(910M) 3,419ms
[204,967s][info][gc] GC(2611) Pause Young (Allocation Failure) 713M->607M(910M) 5,556ms
[205,017s][info][gc] GC(2612) Pause Young (Allocation Failure) 722M->615M(822M) 8,089ms
[205,068s][info][gc] GC(2613) Pause Young (Allocation Failure) 730M->623M(911M) 10,193ms
[205,123s][info][gc] GC(2614) Pause Young (Allocation Failure) 743M->631M(907M) 12,456ms
[205,180s][info][gc] GC(2615) Pause Young (Allocation Failure) 751M->640M(907M) 14,655ms
[205,244s][info][gc] GC(2616) Pause Young (Allocation Failure) 770M->648M(908M) 17,129ms
[205,309s][info][gc] GC(2617) Pause Young (Allocation Failure) 778M->657M(917M) 19,234ms
[205,380s][info][gc] GC(2618) Pause Young (Allocation Failure) 795M->666M(897M) 21,805ms
[205,453s][info][gc] GC(2619) Pause Young (Allocation Failure) 804M->674M(904M) 24,242ms
[205,522s][info][gc] GC(2620) Pause Young (Allocation Failure) 791M->682M(891M) 25,957ms
[205,593s][info][gc] GC(2621) Pause Young (Allocation Failure) 799M->689M(910M) 28,960ms
[205,675s][info][gc] GC(2622) Pause Young (Allocation Failure) 803M->696M(910M) 40,567ms
[205,759s][info][gc] GC(2623) Pause Young (Allocation Failure) 810M->703M(910M) 41,957ms
[205,833s][info][gc] GC(2624) Pause Young (Allocation Failure) 817M->710M(910M) 29,777ms
[205,903s][info][gc] GC(2625) Pause Young (Allocation Failure) 824M->717M(910M) 26,351ms
[205,973s][info][gc] GC(2626) Pause Young (Allocation Failure) 831M->725M(910M) 24,515ms
[206,305s][info][gc] GC(2627) Pause Full (Ergonomics) 725M->590M(910M) 331,996ms
[206,353s][info][gc] GC(2628) Pause Young (Allocation Failure) 704M->599M(910M) 3,475ms
[206,404s][info][gc] GC(2629) Pause Young (Allocation Failure) 713M->607M(910M) 5,556ms
[206,457s][info][gc] GC(2630) Pause Young (Allocation Failure) 721M->615M(910M) 7,720ms
[206,512s][info][gc] GC(2631) Pause Young (Allocation Failure) 729M->623M(910M) 10,081ms
[206,568s][info][gc] GC(2632) Pause Young (Allocation Failure) 737M->631M(910M) 12,810ms
[206,623s][info][gc] GC(2633) Pause Young (Allocation Failure) 745M->639M(910M) 11,200ms
[206,672s][info][gc] GC(2634) Pause Young (Allocation Failure) 753M->647M(910M) 9,242ms
[206,723s][info][gc] GC(2635) Pause Young (Allocation Failure) 761M->655M(910M) 6,166ms
[206,774s][info][gc] GC(2636) Pause Young (Allocation Failure) 769M->664M(910M) 6,288ms
[207,086s][info][gc] GC(2637) Pause Full (Ergonomics) 664M->590M(910M) 312,401ms
[207,130s][info][gc] GC(2638) Pause Young (Allocation Failure) 704M->599M(910M) 3,467ms
[207,177s][info][gc] GC(2639) Pause Young (Allocation Failure) 713M->607M(904M) 6,393ms
[207,224s][info][gc] GC(2640) Pause Young (Allocation Failure) 721M->615M(907M) 5,946ms
[207,273s][info][gc] GC(2641) Pause Young (Allocation Failure) 729M->623M(895M) 8,260ms
[207,326s][info][gc] GC(2642) Pause Young (Allocation Failure) 744M->632M(902M) 10,275ms
[207,381s][info][gc] GC(2643) Pause Young (Allocation Failure) 753M->640M(903M) 12,670ms
[207,442s][info][gc] GC(2644) Pause Young (Allocation Failure) 770M->649M(904M) 15,166ms
[207,505s][info][gc] GC(2645) Pause Young (Allocation Failure) 779M->658M(911M) 17,481ms
[207,573s][info][gc] GC(2646) Pause Young (Allocation Failure) 794M->667M(915M) 19,711ms
[207,644s][info][gc] GC(2647) Pause Young (Allocation Failure) 803M->675M(907M) 22,412ms
[207,711s][info][gc] GC(2648) Pause Young (Allocation Failure) 797M->683M(889M) 24,308ms
[207,781s][info][gc] GC(2649) Pause Young (Allocation Failure) 805M->691M(910M) 26,429ms
[207,846s][info][gc] GC(2650) Pause Young (Allocation Failure) 805M->698M(910M) 25,082ms
[207,909s][info][gc] GC(2651) Pause Young (Allocation Failure) 812M->705M(910M) 22,857ms
[207,970s][info][gc] GC(2652) Pause Young (Allocation Failure) 819M->713M(848M) 20,821ms
[208,288s][info][gc] GC(2653) Pause Full (Ergonomics) 713M->590M(910M) 317,726ms
[208,332s][info][gc] GC(2654) Pause Young (Allocation Failure) 704M->599M(910M) 3,471ms
[208,378s][info][gc] GC(2655) Pause Young (Allocation Failure) 713M->607M(910M) 5,766ms
[208,426s][info][gc] GC(2656) Pause Young (Allocation Failure) 722M->615M(822M) 8,126ms
[208,477s][info][gc] GC(2657) Pause Young (Allocation Failure) 730M->623M(912M) 10,141ms
[208,532s][info][gc] GC(2658) Pause Young (Allocation Failure) 743M->631M(907M) 12,512ms
[208,589s][info][gc] GC(2659) Pause Young (Allocation Failure) 751M->640M(908M) 14,759ms
[208,651s][info][gc] GC(2660) Pause Young (Allocation Failure) 769M->648M(908M) 17,018ms
[208,716s][info][gc] GC(2661) Pause Young (Allocation Failure) 778M->657M(917M) 19,336ms
[208,787s][info][gc] GC(2662) Pause Young (Allocation Failure) 795M->666M(896M) 21,719ms
[208,860s][info][gc] GC(2663) Pause Young (Allocation Failure) 804M->674M(904M) 24,379ms
[208,927s][info][gc] GC(2664) Pause Young (Allocation Failure) 791M->682M(891M) 25,973ms
[208,998s][info][gc] GC(2665) Pause Young (Allocation Failure) 799M->689M(910M) 29,790ms
[209,082s][info][gc] GC(2666) Pause Young (Allocation Failure) 803M->696M(910M) 43,613ms
[209,157s][info][gc] GC(2667) Pause Young (Allocation Failure) 810M->703M(910M) 31,840ms
[209,228s][info][gc] GC(2668) Pause Young (Allocation Failure) 817M->710M(910M) 26,315ms
[209,295s][info][gc] GC(2669) Pause Young (Allocation Failure) 824M->717M(910M) 24,631ms
[209,627s][info][gc] GC(2670) Pause Full (Ergonomics) 717M->590M(910M) 331,636ms
[209,671s][info][gc] GC(2671) Pause Young (Allocation Failure) 704M->599M(910M) 3,476ms
[209,718s][info][gc] GC(2672) Pause Young (Allocation Failure) 713M->607M(910M) 5,623ms
[209,768s][info][gc] GC(2673) Pause Young (Allocation Failure) 721M->615M(910M) 7,868ms
[209,820s][info][gc] GC(2674) Pause Young (Allocation Failure) 729M->623M(910M) 9,973ms
[209,874s][info][gc] GC(2675) Pause Young (Allocation Failure) 737M->631M(910M) 12,924ms
[209,926s][info][gc] GC(2676) Pause Young (Allocation Failure) 745M->639M(910M) 10,997ms
[209,977s][info][gc] GC(2677) Pause Young (Allocation Failure) 753M->647M(910M) 9,217ms
[210,023s][info][gc] GC(2678) Pause Young (Allocation Failure) 761M->655M(910M) 6,349ms
[210,070s][info][gc] GC(2679) Pause Young (Allocation Failure) 769M->664M(910M) 6,319ms
[210,392s][info][gc] GC(2680) Pause Full (Ergonomics) 664M->590M(910M) 321,769ms
[210,436s][info][gc] GC(2681) Pause Young (Allocation Failure) 704M->599M(904M) 3,497ms
[210,483s][info][gc] GC(2682) Pause Young (Allocation Failure) 713M->607M(907M) 5,699ms
[210,532s][info][gc] GC(2683) Pause Young (Allocation Failure) 721M->615M(897M) 8,160ms
[210,585s][info][gc] GC(2684) Pause Young (Allocation Failure) 736M->624M(903M) 10,404ms
[210,641s][info][gc] GC(2685) Pause Young (Allocation Failure) 745M->632M(901M) 13,026ms
[210,701s][info][gc] GC(2686) Pause Young (Allocation Failure) 761M->641M(903M) 15,125ms
[210,765s][info][gc] GC(2687) Pause Young (Allocation Failure) 770M->649M(911M) 17,326ms
[210,833s][info][gc] GC(2688) Pause Young (Allocation Failure) 785M->658M(914M) 19,745ms
[210,904s][info][gc] GC(2689) Pause Young (Allocation Failure) 794M->667M(907M) 22,165ms
[210,974s][info][gc] GC(2690) Pause Young (Allocation Failure) 790M->675M(890M) 24,159ms
[211,047s][info][gc] GC(2691) Pause Young (Allocation Failure) 798M->682M(910M) 26,420ms
[211,115s][info][gc] GC(2692) Pause Young (Allocation Failure) 796M->690M(910M) 24,982ms
[211,179s][info][gc] GC(2693) Pause Young (Allocation Failure) 804M->697M(910M) 22,807ms
[211,240s][info][gc] GC(2694) Pause Young (Allocation Failure) 811M->705M(848M) 20,734ms
[211,564s][info][gc] GC(2695) Pause Full (Ergonomics) 705M->590M(909M) 323,585ms
[211,608s][info][gc] GC(2696) Pause Young (Allocation Failure) 704M->599M(909M) 3,473ms
[211,656s][info][gc] GC(2697) Pause Young (Allocation Failure) 713M->607M(911M) 5,657ms
[211,708s][info][gc] GC(2698) Pause Young (Allocation Failure) 722M->615M(823M) 8,095ms
[211,759s][info][gc] GC(2699) Pause Young (Allocation Failure) 730M->623M(911M) 10,128ms
[211,815s][info][gc] GC(2700) Pause Young (Allocation Failure) 744M->632M(908M) 12,523ms
[211,873s][info][gc] GC(2701) Pause Young (Allocation Failure) 752M->640M(909M) 14,608ms
[211,937s][info][gc] GC(2702) Pause Young (Allocation Failure) 771M->648M(909M) 17,042ms
[212,002s][info][gc] GC(2703) Pause Young (Allocation Failure) 779M->657M(918M) 19,400ms
[212,075s][info][gc] GC(2704) Pause Young (Allocation Failure) 796M->666M(898M) 21,796ms
[212,152s][info][gc] GC(2705) Pause Young (Allocation Failure) 805M->675M(904M) 25,326ms
[212,223s][info][gc] GC(2706) Pause Young (Allocation Failure) 792M->682M(892M) 26,408ms
[212,298s][info][gc] GC(2707) Pause Young (Allocation Failure) 799M->689M(910M) 31,341ms
[212,384s][info][gc] GC(2708) Pause Young (Allocation Failure) 803M->696M(910M) 42,483ms
[212,466s][info][gc] GC(2709) Pause Young (Allocation Failure) 810M->703M(910M) 39,385ms
[212,541s][info][gc] GC(2710) Pause Young (Allocation Failure) 817M->710M(910M) 30,845ms
[212,611s][info][gc] GC(2711) Pause Young (Allocation Failure) 824M->718M(910M) 26,067ms
[212,678s][info][gc] GC(2712) Pause Young (Allocation Failure) 832M->725M(910M) 24,425ms
[213,004s][info][gc] GC(2713) Pause Full (Ergonomics) 725M->590M(910M) 325,746ms
[213,049s][info][gc] GC(2714) Pause Young (Allocation Failure) 704M->599M(910M) 3,468ms
[213,097s][info][gc] GC(2715) Pause Young (Allocation Failure) 713M->607M(910M) 5,605ms
[213,145s][info][gc] GC(2716) Pause Young (Allocation Failure) 721M->615M(910M) 7,874ms
[213,196s][info][gc] GC(2717) Pause Young (Allocation Failure) 729M->623M(910M) 10,210ms
[213,250s][info][gc] GC(2718) Pause Young (Allocation Failure) 737M->631M(910M) 12,956ms
[213,302s][info][gc] GC(2719) Pause Young (Allocation Failure) 745M->639M(910M) 11,030ms
[213,351s][info][gc] GC(2720) Pause Young (Allocation Failure) 753M->647M(910M) 9,201ms
[213,398s][info][gc] GC(2721) Pause Young (Allocation Failure) 761M->655M(910M) 6,359ms
[213,445s][info][gc] GC(2722) Pause Young (Allocation Failure) 769M->664M(910M) 6,289ms
[213,781s][info][gc] GC(2723) Pause Full (Ergonomics) 664M->590M(910M) 335,427ms
[213,825s][info][gc] GC(2724) Pause Young (Allocation Failure) 704M->599M(910M) 3,357ms
[213,874s][info][gc] GC(2725) Pause Young (Allocation Failure) 713M->607M(904M) 6,314ms
[213,922s][info][gc] GC(2726) Pause Young (Allocation Failure) 721M->615M(907M) 5,831ms
[213,971s][info][gc] GC(2727) Pause Young (Allocation Failure) 729M->623M(896M) 8,197ms
[214,025s][info][gc] GC(2728) Pause Young (Allocation Failure) 744M->632M(902M) 10,515ms
[214,081s][info][gc] GC(2729) Pause Young (Allocation Failure) 753M->640M(902M) 12,971ms
[214,142s][info][gc] GC(2730) Pause Young (Allocation Failure) 770M->649M(903M) 14,966ms
[214,205s][info][gc] GC(2731) Pause Young (Allocation Failure) 778M->658M(911M) 17,295ms
[214,272s][info][gc] GC(2732) Pause Young (Allocation Failure) 794M->666M(915M) 19,750ms
[214,343s][info][gc] GC(2733) Pause Young (Allocation Failure) 802M->675M(906M) 22,395ms
[214,410s][info][gc] GC(2734) Pause Young (Allocation Failure) 796M->683M(888M) 24,345ms
[214,478s][info][gc] GC(2735) Pause Young (Allocation Failure) 804M->690M(910M) 26,384ms
[214,547s][info][gc] GC(2736) Pause Young (Allocation Failure) 804M->698M(910M) 25,026ms
[214,611s][info][gc] GC(2737) Pause Young (Allocation Failure) 812M->705M(910M) 22,728ms
[214,672s][info][gc] GC(2738) Pause Young (Allocation Failure) 819M->713M(848M) 20,665ms
[214,982s][info][gc] GC(2739) Pause Full (Ergonomics) 713M->590M(910M) 310,398ms
[215,027s][info][gc] GC(2740) Pause Young (Allocation Failure) 704M->599M(910M) 3,349ms
[215,076s][info][gc] GC(2741) Pause Young (Allocation Failure) 713M->607M(910M) 5,707ms
[215,126s][info][gc] GC(2742) Pause Young (Allocation Failure) 722M->615M(822M) 8,127ms
[215,178s][info][gc] GC(2743) Pause Young (Allocation Failure) 730M->623M(911M) 10,207ms
[215,234s][info][gc] GC(2744) Pause Young (Allocation Failure) 743M->631M(907M) 12,533ms
[215,292s][info][gc] GC(2745) Pause Young (Allocation Failure) 751M->640M(907M) 14,648ms
[215,355s][info][gc] GC(2746) Pause Young (Allocation Failure) 770M->648M(908M) 16,995ms
[215,421s][info][gc] GC(2747) Pause Young (Allocation Failure) 778M->657M(917M) 19,456ms
[215,491s][info][gc] GC(2748) Pause Young (Allocation Failure) 795M->666M(897M) 21,924ms
[215,564s][info][gc] GC(2749) Pause Young (Allocation Failure) 804M->674M(904M) 24,289ms
[215,632s][info][gc] GC(2750) Pause Young (Allocation Failure) 791M->682M(891M) 25,754ms
[215,702s][info][gc] GC(2751) Pause Young (Allocation Failure) 799M->689M(910M) 29,006ms
[215,781s][info][gc] GC(2752) Pause Young (Allocation Failure) 803M->696M(910M) 37,265ms
[215,866s][info][gc] GC(2753) Pause Young (Allocation Failure) 810M->703M(910M) 42,658ms
[215,938s][info][gc] GC(2754) Pause Young (Allocation Failure) 817M->710M(910M) 28,199ms
[216,008s][info][gc] GC(2755) Pause Young (Allocation Failure) 824M->717M(910M) 26,421ms
[216,073s][info][gc] GC(2756) Pause Young (Allocation Failure) 831M->725M(910M) 24,316ms
[216,397s][info][gc] GC(2757) Pause Full (Ergonomics) 725M->590M(910M) 324,375ms
[216,442s][info][gc] GC(2758) Pause Young (Allocation Failure) 704M->599M(910M) 3,406ms
[216,490s][info][gc] GC(2759) Pause Young (Allocation Failure) 713M->607M(910M) 5,719ms
[216,539s][info][gc] GC(2760) Pause Young (Allocation Failure) 721M->615M(910M) 8,040ms
[216,589s][info][gc] GC(2761) Pause Young (Allocation Failure) 729M->623M(910M) 10,026ms
[216,642s][info][gc] GC(2762) Pause Young (Allocation Failure) 737M->631M(910M) 13,146ms
[216,694s][info][gc] GC(2763) Pause Young (Allocation Failure) 745M->639M(910M) 11,030ms
[216,743s][info][gc] GC(2764) Pause Young (Allocation Failure) 753M->647M(910M) 9,198ms
[216,790s][info][gc] GC(2765) Pause Young (Allocation Failure) 761M->656M(910M) 6,252ms
[216,837s][info][gc] GC(2766) Pause Young (Allocation Failure) 770M->664M(910M) 6,234ms
[217,159s][info][gc] GC(2767) Pause Full (Ergonomics) 664M->590M(910M) 322,351ms
[217,203s][info][gc] GC(2768) Pause Young (Allocation Failure) 704M->599M(910M) 3,501ms
[217,251s][info][gc] GC(2769) Pause Young (Allocation Failure) 713M->607M(904M) 6,287ms
[217,299s][info][gc] GC(2770) Pause Young (Allocation Failure) 721M->615M(907M) 5,891ms
[217,347s][info][gc] GC(2771) Pause Young (Allocation Failure) 729M->623M(895M) 8,263ms
[217,400s][info][gc] GC(2772) Pause Young (Allocation Failure) 744M->632M(902M) 10,328ms
[217,456s][info][gc] GC(2773) Pause Young (Allocation Failure) 753M->640M(902M) 12,767ms
[217,516s][info][gc] GC(2774) Pause Young (Allocation Failure) 770M->649M(903M) 14,896ms
[217,579s][info][gc] GC(2775) Pause Young (Allocation Failure) 778M->658M(910M) 17,538ms
[217,647s][info][gc] GC(2776) Pause Young (Allocation Failure) 793M->666M(914M) 19,810ms
[217,718s][info][gc] GC(2777) Pause Young (Allocation Failure) 802M->675M(907M) 22,352ms
[217,786s][info][gc] GC(2778) Pause Young (Allocation Failure) 797M->683M(889M) 24,677ms
[217,855s][info][gc] GC(2779) Pause Young (Allocation Failure) 805M->691M(910M) 26,255ms
[217,920s][info][gc] GC(2780) Pause Young (Allocation Failure) 805M->698M(910M) 24,588ms
[217,983s][info][gc] GC(2781) Pause Young (Allocation Failure) 812M->705M(910M) 22,600ms
[218,044s][info][gc] GC(2782) Pause Young (Allocation Failure) 819M->713M(848M) 20,491ms
[218,363s][info][gc] GC(2783) Pause Full (Ergonomics) 713M->590M(910M) 318,762ms
[218,407s][info][gc] GC(2784) Pause Young (Allocation Failure) 704M->599M(910M) 3,446ms
[218,454s][info][gc] GC(2785) Pause Young (Allocation Failure) 713M->607M(910M) 5,761ms
[218,506s][info][gc] GC(2786) Pause Young (Allocation Failure) 722M->615M(822M) 8,009ms
[218,559s][info][gc] GC(2787) Pause Young (Allocation Failure) 730M->623M(911M) 10,145ms
[218,617s][info][gc] GC(2788) Pause Young (Allocation Failure) 743M->631M(907M) 12,710ms
[218,675s][info][gc] GC(2789) Pause Young (Allocation Failure) 751M->640M(907M) 14,607ms
[218,739s][info][gc] GC(2790) Pause Young (Allocation Failure) 770M->648M(908M) 17,364ms
[218,805s][info][gc] GC(2791) Pause Young (Allocation Failure) 778M->657M(917M) 19,485ms
[218,876s][info][gc] GC(2792) Pause Young (Allocation Failure) 795M->666M(897M) 21,940ms
[218,949s][info][gc] GC(2793) Pause Young (Allocation Failure) 804M->674M(904M) 24,233ms
[219,017s][info][gc] GC(2794) Pause Young (Allocation Failure) 791M->682M(891M) 26,203ms
[219,090s][info][gc] GC(2795) Pause Young (Allocation Failure) 799M->689M(910M) 31,420ms
[219,173s][info][gc] GC(2796) Pause Young (Allocation Failure) 803M->696M(910M) 41,048ms
[219,259s][info][gc] GC(2797) Pause Young (Allocation Failure) 810M->703M(910M) 41,727ms
[219,333s][info][gc] GC(2798) Pause Young (Allocation Failure) 817M->710M(910M) 30,439ms
[219,403s][info][gc] GC(2799) Pause Young (Allocation Failure) 824M->717M(910M) 25,982ms
[219,468s][info][gc] GC(2800) Pause Young (Allocation Failure) 831M->725M(910M) 24,276ms
[219,803s][info][gc] GC(2801) Pause Full (Ergonomics) 725M->590M(910M) 335,301ms
[219,850s][info][gc] GC(2802) Pause Young (Allocation Failure) 704M->599M(910M) 3,376ms
[219,898s][info][gc] GC(2803) Pause Young (Allocation Failure) 713M->607M(910M) 5,747ms
[219,948s][info][gc] GC(2804) Pause Young (Allocation Failure) 721M->615M(910M) 7,943ms
[220,000s][info][gc] GC(2805) Pause Young (Allocation Failure) 729M->623M(910M) 10,160ms
[220,054s][info][gc] GC(2806) Pause Young (Allocation Failure) 737M->631M(910M) 12,943ms
[220,108s][info][gc] GC(2807) Pause Young (Allocation Failure) 745M->639M(910M) 11,072ms
[220,159s][info][gc] GC(2808) Pause Young (Allocation Failure) 753M->647M(910M) 9,207ms
[220,206s][info][gc] GC(2809) Pause Young (Allocation Failure) 761M->655M(910M) 6,255ms
[220,254s][info][gc] GC(2810) Pause Young (Allocation Failure) 769M->664M(910M) 6,160ms
[220,567s][info][gc] GC(2811) Pause Full (Ergonomics) 664M->590M(910M) 313,472ms
[220,614s][info][gc] GC(2812) Pause Young (Allocation Failure) 704M->599M(910M) 3,283ms
[220,664s][info][gc] GC(2813) Pause Young (Allocation Failure) 713M->607M(904M) 6,249ms
[220,713s][info][gc] GC(2814) Pause Young (Allocation Failure) 721M->615M(907M) 5,924ms
[220,762s][info][gc] GC(2815) Pause Young (Allocation Failure) 729M->623M(895M) 8,246ms
[220,816s][info][gc] GC(2816) Pause Young (Allocation Failure) 744M->632M(902M) 10,320ms
[220,873s][info][gc] GC(2817) Pause Young (Allocation Failure) 753M->640M(902M) 12,851ms
[220,934s][info][gc] GC(2818) Pause Young (Allocation Failure) 770M->649M(903M) 14,902ms
[220,997s][info][gc] GC(2819) Pause Young (Allocation Failure) 778M->658M(910M) 17,333ms
[221,065s][info][gc] GC(2820) Pause Young (Allocation Failure) 793M->666M(914M) 19,619ms
[221,135s][info][gc] GC(2821) Pause Young (Allocation Failure) 802M->675M(907M) 22,128ms
[221,202s][info][gc] GC(2822) Pause Young (Allocation Failure) 797M->683M(889M) 24,158ms
[221,272s][info][gc] GC(2823) Pause Young (Allocation Failure) 805M->690M(910M) 26,547ms
[221,341s][info][gc] GC(2824) Pause Young (Allocation Failure) 804M->698M(910M) 24,662ms
[221,406s][info][gc] GC(2825) Pause Young (Allocation Failure) 812M->705M(910M) 22,901ms
[221,467s][info][gc] GC(2826) Pause Young (Allocation Failure) 819M->713M(848M) 20,686ms
[221,789s][info][gc] GC(2827) Pause Full (Ergonomics) 713M->590M(910M) 321,992ms
[221,834s][info][gc] GC(2828) Pause Young (Allocation Failure) 704M->599M(910M) 3,392ms
[221,883s][info][gc] GC(2829) Pause Young (Allocation Failure) 713M->607M(910M) 5,632ms
[221,932s][info][gc] GC(2830) Pause Young (Allocation Failure) 721M->615M(822M) 7,953ms
[221,983s][info][gc] GC(2831) Pause Young (Allocation Failure) 730M->623M(911M) 10,170ms
[222,042s][info][gc] GC(2832) Pause Young (Allocation Failure) 743M->631M(907M) 12,468ms
[222,101s][info][gc] GC(2833) Pause Young (Allocation Failure) 751M->639M(907M) 14,504ms
[222,164s][info][gc] GC(2834) Pause Young (Allocation Failure) 769M->648M(908M) 17,101ms
[222,230s][info][gc] GC(2835) Pause Young (Allocation Failure) 778M->657M(917M) 19,262ms
[222,301s][info][gc] GC(2836) Pause Young (Allocation Failure) 795M->666M(897M) 21,839ms
[222,374s][info][gc] GC(2837) Pause Young (Allocation Failure) 804M->674M(904M) 24,311ms
[222,442s][info][gc] GC(2838) Pause Young (Allocation Failure) 791M->682M(891M) 26,100ms
[222,515s][info][gc] GC(2839) Pause Young (Allocation Failure) 799M->689M(910M) 31,431ms
[222,597s][info][gc] GC(2840) Pause Young (Allocation Failure) 803M->696M(910M) 40,254ms
[222,680s][info][gc] GC(2841) Pause Young (Allocation Failure) 810M->703M(910M) 39,351ms
[222,756s][info][gc] GC(2842) Pause Young (Allocation Failure) 817M->710M(910M) 31,888ms
[222,826s][info][gc] GC(2843) Pause Young (Allocation Failure) 824M->717M(910M) 26,166ms
[222,892s][info][gc] GC(2844) Pause Young (Allocation Failure) 831M->724M(910M) 24,454ms
[223,216s][info][gc] GC(2845) Pause Full (Ergonomics) 724M->590M(910M) 324,650ms
[223,260s][info][gc] GC(2846) Pause Young (Allocation Failure) 704M->599M(910M) 3,450ms
[223,306s][info][gc] GC(2847) Pause Young (Allocation Failure) 713M->607M(910M) 5,707ms
[223,356s][info][gc] GC(2848) Pause Young (Allocation Failure) 721M->615M(910M) 7,883ms
[223,408s][info][gc] GC(2849) Pause Young (Allocation Failure) 729M->623M(910M) 10,082ms
[223,461s][info][gc] GC(2850) Pause Young (Allocation Failure) 737M->631M(910M) 12,988ms
[223,512s][info][gc] GC(2851) Pause Young (Allocation Failure) 745M->639M(910M) 10,943ms
[223,562s][info][gc] GC(2852) Pause Young (Allocation Failure) 753M->647M(910M) 9,258ms
[223,609s][info][gc] GC(2853) Pause Young (Allocation Failure) 761M->656M(910M) 6,199ms
[223,655s][info][gc] GC(2854) Pause Young (Allocation Failure) 770M->664M(910M) 6,257ms
[223,987s][info][gc] GC(2855) Pause Full (Ergonomics) 664M->590M(910M) 331,956ms
[224,033s][info][gc] GC(2856) Pause Young (Allocation Failure) 704M->599M(910M) 3,354ms
[224,081s][info][gc] GC(2857) Pause Young (Allocation Failure) 713M->607M(904M) 6,241ms
[224,129s][info][gc] GC(2858) Pause Young (Allocation Failure) 721M->615M(907M) 5,983ms
[224,178s][info][gc] GC(2859) Pause Young (Allocation Failure) 729M->623M(895M) 8,370ms
[224,231s][info][gc] GC(2860) Pause Young (Allocation Failure) 744M->632M(902M) 10,342ms
[224,287s][info][gc] GC(2861) Pause Young (Allocation Failure) 753M->640M(902M) 12,868ms
[224,348s][info][gc] GC(2862) Pause Young (Allocation Failure) 770M->649M(903M) 14,670ms
[224,411s][info][gc] GC(2863) Pause Young (Allocation Failure) 778M->657M(910M) 17,327ms
[224,479s][info][gc] GC(2864) Pause Young (Allocation Failure) 793M->666M(914M) 19,888ms
[224,549s][info][gc] GC(2865) Pause Young (Allocation Failure) 802M->675M(907M) 22,257ms
[224,618s][info][gc] GC(2866) Pause Young (Allocation Failure) 797M->683M(889M) 24,488ms
[224,689s][info][gc] GC(2867) Pause Young (Allocation Failure) 805M->690M(910M) 26,778ms
[224,754s][info][gc] GC(2868) Pause Young (Allocation Failure) 804M->698M(910M) 24,893ms
[224,817s][info][gc] GC(2869) Pause Young (Allocation Failure) 812M->705M(910M) 22,704ms
[224,878s][info][gc] GC(2870) Pause Young (Allocation Failure) 819M->713M(848M) 20,561ms
[225,208s][info][gc] GC(2871) Pause Full (Ergonomics) 713M->590M(910M) 330,295ms
[225,253s][info][gc] GC(2872) Pause Young (Allocation Failure) 704M->599M(910M) 3,427ms
[225,301s][info][gc] GC(2873) Pause Young (Allocation Failure) 713M->607M(910M) 5,663ms
[225,350s][info][gc] GC(2874) Pause Young (Allocation Failure) 721M->615M(822M) 7,916ms
[225,401s][info][gc] GC(2875) Pause Young (Allocation Failure) 730M->623M(911M) 10,265ms
[225,456s][info][gc] GC(2876) Pause Young (Allocation Failure) 743M->631M(907M) 12,561ms
[225,515s][info][gc] GC(2877) Pause Young (Allocation Failure) 751M->640M(908M) 15,780ms
[225,597s][info][gc] GC(2878) Pause Young (Allocation Failure) 770M->648M(909M) 17,532ms
[225,664s][info][gc] GC(2879) Pause Young (Allocation Failure) 779M->657M(918M) 19,337ms
[225,737s][info][gc] GC(2880) Pause Young (Allocation Failure) 796M->666M(897M) 21,836ms
[225,810s][info][gc] GC(2881) Pause Young (Allocation Failure) 805M->675M(904M) 24,427ms
[225,878s][info][gc] GC(2882) Pause Young (Allocation Failure) 792M->682M(891M) 26,203ms
[225,951s][info][gc] GC(2883) Pause Young (Allocation Failure) 799M->689M(910M) 32,073ms
[226,029s][info][gc] GC(2884) Pause Young (Allocation Failure) 803M->696M(910M) 37,560ms
[226,112s][info][gc] GC(2885) Pause Young (Allocation Failure) 810M->703M(910M) 41,641ms
[226,188s][info][gc] GC(2886) Pause Young (Allocation Failure) 817M->710M(910M) 31,108ms
[226,259s][info][gc] GC(2887) Pause Young (Allocation Failure) 824M->717M(910M) 26,438ms
[226,327s][info][gc] GC(2888) Pause Young (Allocation Failure) 831M->725M(910M) 24,407ms
[226,648s][info][gc] GC(2889) Pause Full (Ergonomics) 725M->590M(910M) 320,725ms
[226,692s][info][gc] GC(2890) Pause Young (Allocation Failure) 704M->599M(910M) 3,421ms
[226,738s][info][gc] GC(2891) Pause Young (Allocation Failure) 713M->607M(910M) 5,633ms
[226,788s][info][gc] GC(2892) Pause Young (Allocation Failure) 721M->615M(910M) 7,946ms
[226,839s][info][gc] GC(2893) Pause Young (Allocation Failure) 729M->623M(910M) 10,190ms
[226,893s][info][gc] GC(2894) Pause Young (Allocation Failure) 737M->631M(910M) 13,065ms
[226,944s][info][gc] GC(2895) Pause Young (Allocation Failure) 745M->639M(910M) 11,134ms
[226,994s][info][gc] GC(2896) Pause Young (Allocation Failure) 753M->647M(910M) 9,195ms
[227,041s][info][gc] GC(2897) Pause Young (Allocation Failure) 761M->655M(910M) 6,252ms
[227,089s][info][gc] GC(2898) Pause Young (Allocation Failure) 769M->664M(910M) 6,345ms
[227,421s][info][gc] GC(2899) Pause Full (Ergonomics) 664M->590M(910M) 331,716ms
[227,465s][info][gc] GC(2900) Pause Young (Allocation Failure) 704M->599M(910M) 3,444ms
[227,512s][info][gc] GC(2901) Pause Young (Allocation Failure) 713M->607M(904M) 6,231ms
[227,560s][info][gc] GC(2902) Pause Young (Allocation Failure) 721M->615M(907M) 6,072ms
[227,611s][info][gc] GC(2903) Pause Young (Allocation Failure) 729M->623M(896M) 8,145ms
[227,666s][info][gc] GC(2904) Pause Young (Allocation Failure) 744M->632M(902M) 10,340ms
[227,723s][info][gc] GC(2905) Pause Young (Allocation Failure) 753M->640M(902M) 12,725ms
[227,784s][info][gc] GC(2906) Pause Young (Allocation Failure) 770M->649M(903M) 15,043ms
[227,848s][info][gc] GC(2907) Pause Young (Allocation Failure) 778M->658M(910M) 17,349ms
[227,916s][info][gc] GC(2908) Pause Young (Allocation Failure) 793M->666M(914M) 19,773ms
[227,987s][info][gc] GC(2909) Pause Young (Allocation Failure) 801M->675M(907M) 22,298ms
[228,056s][info][gc] GC(2910) Pause Young (Allocation Failure) 797M->683M(889M) 24,129ms
[228,128s][info][gc] GC(2911) Pause Young (Allocation Failure) 805M->690M(910M) 26,445ms
[228,193s][info][gc] GC(2912) Pause Young (Allocation Failure) 804M->698M(910M) 25,010ms
[228,256s][info][gc] GC(2913) Pause Young (Allocation Failure) 812M->705M(910M) 22,609ms
[228,317s][info][gc] GC(2914) Pause Young (Allocation Failure) 819M->713M(848M) 20,514ms
[228,639s][info][gc] GC(2915) Pause Full (Ergonomics) 713M->590M(910M) 321,685ms
[228,683s][info][gc] GC(2916) Pause Young (Allocation Failure) 704M->599M(910M) 3,535ms
[228,730s][info][gc] GC(2917) Pause Young (Allocation Failure) 713M->607M(910M) 5,718ms
[228,782s][info][gc] GC(2918) Pause Young (Allocation Failure) 722M->615M(822M) 8,024ms
[228,834s][info][gc] GC(2919) Pause Young (Allocation Failure) 730M->623M(911M) 10,286ms
[228,891s][info][gc] GC(2920) Pause Young (Allocation Failure) 743M->631M(907M) 12,464ms
[228,949s][info][gc] GC(2921) Pause Young (Allocation Failure) 751M->640M(907M) 14,865ms
[229,012s][info][gc] GC(2922) Pause Young (Allocation Failure) 770M->648M(908M) 17,209ms
[229,077s][info][gc] GC(2923) Pause Young (Allocation Failure) 778M->657M(917M) 19,472ms
[229,148s][info][gc] GC(2924) Pause Young (Allocation Failure) 795M->666M(897M) 21,863ms
[229,221s][info][gc] GC(2925) Pause Young (Allocation Failure) 804M->675M(904M) 24,397ms
[229,289s][info][gc] GC(2926) Pause Young (Allocation Failure) 792M->682M(891M) 25,668ms
[229,358s][info][gc] GC(2927) Pause Young (Allocation Failure) 799M->689M(910M) 27,869ms
[229,442s][info][gc] GC(2928) Pause Young (Allocation Failure) 803M->696M(910M) 42,001ms
[229,529s][info][gc] GC(2929) Pause Young (Allocation Failure) 810M->703M(910M) 46,636ms
[229,606s][info][gc] GC(2930) Pause Young (Allocation Failure) 817M->710M(910M) 33,048ms
[229,676s][info][gc] GC(2931) Pause Young (Allocation Failure) 824M->717M(910M) 26,158ms
[229,744s][info][gc] GC(2932) Pause Young (Allocation Failure) 831M->724M(910M) 24,567ms
[230,055s][info][gc] GC(2933) Pause Full (Ergonomics) 724M->590M(910M) 310,653ms
[230,099s][info][gc] GC(2934) Pause Young (Allocation Failure) 704M->599M(910M) 3,502ms
[230,147s][info][gc] GC(2935) Pause Young (Allocation Failure) 713M->607M(910M) 5,618ms
[230,197s][info][gc] GC(2936) Pause Young (Allocation Failure) 721M->615M(910M) 7,813ms
[230,248s][info][gc] GC(2937) Pause Young (Allocation Failure) 729M->623M(910M) 10,192ms
[230,301s][info][gc] GC(2938) Pause Young (Allocation Failure) 737M->631M(910M) 13,080ms
[230,353s][info][gc] GC(2939) Pause Young (Allocation Failure) 745M->639M(910M) 10,993ms
[230,402s][info][gc] GC(2940) Pause Young (Allocation Failure) 753M->647M(910M) 9,109ms
[230,449s][info][gc] GC(2941) Pause Young (Allocation Failure) 761M->655M(910M) 6,299ms
[230,495s][info][gc] GC(2942) Pause Young (Allocation Failure) 769M->664M(910M) 6,233ms
[230,822s][info][gc] GC(2943) Pause Full (Ergonomics) 664M->590M(910M) 326,488ms
[230,866s][info][gc] GC(2944) Pause Young (Allocation Failure) 704M->599M(910M) 3,435ms
[230,914s][info][gc] GC(2945) Pause Young (Allocation Failure) 713M->607M(904M) 6,226ms
[230,963s][info][gc] GC(2946) Pause Young (Allocation Failure) 721M->615M(907M) 5,862ms
[231,013s][info][gc] GC(2947) Pause Young (Allocation Failure) 729M->623M(895M) 8,144ms
[231,067s][info][gc] GC(2948) Pause Young (Allocation Failure) 744M->632M(902M) 10,302ms
[231,123s][info][gc] GC(2949) Pause Young (Allocation Failure) 753M->640M(902M) 12,954ms
[231,184s][info][gc] GC(2950) Pause Young (Allocation Failure) 770M->649M(903M) 14,917ms
[231,248s][info][gc] GC(2951) Pause Young (Allocation Failure) 778M->657M(910M) 17,189ms
[231,316s][info][gc] GC(2952) Pause Young (Allocation Failure) 793M->666M(914M) 19,710ms
[231,387s][info][gc] GC(2953) Pause Young (Allocation Failure) 802M->675M(907M) 22,376ms
[231,455s][info][gc] GC(2954) Pause Young (Allocation Failure) 797M->683M(889M) 24,430ms
[231,525s][info][gc] GC(2955) Pause Young (Allocation Failure) 805M->691M(910M) 26,292ms
[231,591s][info][gc] GC(2956) Pause Young (Allocation Failure) 805M->698M(910M) 24,582ms
[231,655s][info][gc] GC(2957) Pause Young (Allocation Failure) 812M->705M(910M) 22,923ms
[231,717s][info][gc] GC(2958) Pause Young (Allocation Failure) 819M->713M(848M) 20,704ms
[232,039s][info][gc] GC(2959) Pause Full (Ergonomics) 713M->590M(910M) 322,106ms
[232,083s][info][gc] GC(2960) Pause Young (Allocation Failure) 704M->599M(910M) 3,509ms
[232,130s][info][gc] GC(2961) Pause Young (Allocation Failure) 713M->607M(910M) 5,666ms
[232,180s][info][gc] GC(2962) Pause Young (Allocation Failure) 722M->615M(822M) 8,028ms
[232,231s][info][gc] GC(2963) Pause Young (Allocation Failure) 730M->623M(911M) 10,115ms
[232,287s][info][gc] GC(2964) Pause Young (Allocation Failure) 743M->631M(907M) 12,345ms
[232,345s][info][gc] GC(2965) Pause Young (Allocation Failure) 751M->639M(907M) 14,628ms
[232,409s][info][gc] GC(2966) Pause Young (Allocation Failure) 769M->648M(908M) 17,160ms
[232,474s][info][gc] GC(2967) Pause Young (Allocation Failure) 778M->657M(917M) 19,436ms
[232,545s][info][gc] GC(2968) Pause Young (Allocation Failure) 795M->666M(897M) 21,809ms
[232,620s][info][gc] GC(2969) Pause Young (Allocation Failure) 804M->674M(904M) 24,399ms
[232,687s][info][gc] GC(2970) Pause Young (Allocation Failure) 791M->682M(891M) 25,836ms
[232,759s][info][gc] GC(2971) Pause Young (Allocation Failure) 799M->689M(910M) 30,894ms
[232,841s][info][gc] GC(2972) Pause Young (Allocation Failure) 803M->696M(910M) 41,588ms
[232,925s][info][gc] GC(2973) Pause Young (Allocation Failure) 810M->703M(910M) 42,589ms
[233,001s][info][gc] GC(2974) Pause Young (Allocation Failure) 817M->710M(910M) 32,227ms
[233,071s][info][gc] GC(2975) Pause Young (Allocation Failure) 824M->717M(910M) 25,849ms
[233,139s][info][gc] GC(2976) Pause Young (Allocation Failure) 831M->724M(910M) 24,478ms
[233,469s][info][gc] GC(2977) Pause Full (Ergonomics) 724M->590M(910M) 329,982ms
[233,514s][info][gc] GC(2978) Pause Young (Allocation Failure) 704M->599M(910M) 3,400ms
[233,562s][info][gc] GC(2979) Pause Young (Allocation Failure) 713M->607M(910M) 5,708ms
[233,613s][info][gc] GC(2980) Pause Young (Allocation Failure) 721M->615M(910M) 7,939ms
[233,664s][info][gc] GC(2981) Pause Young (Allocation Failure) 729M->623M(910M) 10,124ms
[233,718s][info][gc] GC(2982) Pause Young (Allocation Failure) 737M->631M(910M) 12,935ms
[233,770s][info][gc] GC(2983) Pause Young (Allocation Failure) 745M->639M(910M) 10,966ms
[233,820s][info][gc] GC(2984) Pause Young (Allocation Failure) 753M->647M(910M) 9,070ms
[233,866s][info][gc] GC(2985) Pause Young (Allocation Failure) 761M->655M(910M) 6,340ms
[233,913s][info][gc] GC(2986) Pause Young (Allocation Failure) 769M->664M(910M) 6,305ms
[234,229s][info][gc] GC(2987) Pause Full (Ergonomics) 664M->590M(910M) 316,230ms
[234,274s][info][gc] GC(2988) Pause Young (Allocation Failure) 704M->599M(910M) 3,486ms
[234,321s][info][gc] GC(2989) Pause Young (Allocation Failure) 713M->607M(903M) 6,300ms
[234,369s][info][gc] GC(2990) Pause Young (Allocation Failure) 721M->615M(907M) 5,894ms
[234,420s][info][gc] GC(2991) Pause Young (Allocation Failure) 729M->623M(895M) 8,333ms
[234,474s][info][gc] GC(2992) Pause Young (Allocation Failure) 744M->632M(902M) 10,491ms
[234,531s][info][gc] GC(2993) Pause Young (Allocation Failure) 753M->640M(902M) 13,039ms
[234,592s][info][gc] GC(2994) Pause Young (Allocation Failure) 770M->649M(903M) 15,162ms
[234,656s][info][gc] GC(2995) Pause Young (Allocation Failure) 779M->658M(910M) 17,382ms
[234,724s][info][gc] GC(2996) Pause Young (Allocation Failure) 793M->666M(914M) 19,919ms
[234,794s][info][gc] GC(2997) Pause Young (Allocation Failure) 802M->675M(907M) 22,306ms
[234,861s][info][gc] GC(2998) Pause Young (Allocation Failure) 797M->683M(889M) 24,308ms
[234,931s][info][gc] GC(2999) Pause Young (Allocation Failure) 805M->691M(910M) 26,774ms
[234,996s][info][gc] GC(3000) Pause Young (Allocation Failure) 805M->698M(910M) 24,909ms
[235,060s][info][gc] GC(3001) Pause Young (Allocation Failure) 812M->705M(910M) 23,335ms
[235,121s][info][gc] GC(3002) Pause Young (Allocation Failure) 819M->713M(848M) 20,540ms
[235,447s][info][gc] GC(3003) Pause Full (Ergonomics) 713M->590M(910M) 325,305ms
[235,490s][info][gc] GC(3004) Pause Young (Allocation Failure) 704M->599M(910M) 3,452ms
[235,539s][info][gc] GC(3005) Pause Young (Allocation Failure) 713M->607M(910M) 5,631ms
[235,590s][info][gc] GC(3006) Pause Young (Allocation Failure) 722M->615M(822M) 8,103ms
[235,642s][info][gc] GC(3007) Pause Young (Allocation Failure) 730M->623M(911M) 10,233ms
[235,699s][info][gc] GC(3008) Pause Young (Allocation Failure) 743M->631M(907M) 12,563ms
[235,756s][info][gc] GC(3009) Pause Young (Allocation Failure) 751M->640M(907M) 14,624ms
[235,819s][info][gc] GC(3010) Pause Young (Allocation Failure) 770M->648M(908M) 17,083ms
[235,885s][info][gc] GC(3011) Pause Young (Allocation Failure) 778M->657M(917M) 19,350ms
[235,955s][info][gc] GC(3012) Pause Young (Allocation Failure) 795M->666M(897M) 21,869ms
[236,029s][info][gc] GC(3013) Pause Young (Allocation Failure) 804M->674M(904M) 24,348ms
[236,096s][info][gc] GC(3014) Pause Young (Allocation Failure) 791M->682M(891M) 25,720ms
[236,168s][info][gc] GC(3015) Pause Young (Allocation Failure) 799M->689M(910M) 30,459ms
[236,253s][info][gc] GC(3016) Pause Young (Allocation Failure) 803M->696M(910M) 44,797ms
[236,324s][info][gc] GC(3017) Pause Young (Allocation Failure) 810M->703M(910M) 29,107ms
[236,395s][info][gc] GC(3018) Pause Young (Allocation Failure) 817M->710M(910M) 26,044ms
[236,462s][info][gc] GC(3019) Pause Young (Allocation Failure) 824M->717M(910M) 24,659ms
[236,790s][info][gc] GC(3020) Pause Full (Ergonomics) 717M->590M(910M) 328,017ms
[236,835s][info][gc] GC(3021) Pause Young (Allocation Failure) 704M->599M(910M) 3,401ms
[236,882s][info][gc] GC(3022) Pause Young (Allocation Failure) 713M->607M(910M) 5,683ms
[236,931s][info][gc] GC(3023) Pause Young (Allocation Failure) 721M->615M(910M) 7,984ms
[236,981s][info][gc] GC(3024) Pause Young (Allocation Failure) 729M->623M(910M) 10,090ms
[237,035s][info][gc] GC(3025) Pause Young (Allocation Failure) 737M->631M(910M) 13,064ms
[237,086s][info][gc] GC(3026) Pause Young (Allocation Failure) 745M->639M(910M) 11,069ms
[237,136s][info][gc] GC(3027) Pause Young (Allocation Failure) 753M->647M(910M) 9,164ms
[237,182s][info][gc] GC(3028) Pause Young (Allocation Failure) 761M->655M(910M) 6,325ms
[237,229s][info][gc] GC(3029) Pause Young (Allocation Failure) 769M->664M(910M) 6,224ms
[237,559s][info][gc] GC(3030) Pause Full (Ergonomics) 664M->590M(910M) 329,616ms
[237,603s][info][gc] GC(3031) Pause Young (Allocation Failure) 704M->599M(904M) 3,545ms
[237,651s][info][gc] GC(3032) Pause Young (Allocation Failure) 713M->607M(907M) 5,661ms
[237,702s][info][gc] GC(3033) Pause Young (Allocation Failure) 721M->615M(897M) 8,137ms
[237,756s][info][gc] GC(3034) Pause Young (Allocation Failure) 736M->624M(903M) 10,410ms
[237,812s][info][gc] GC(3035) Pause Young (Allocation Failure) 745M->632M(901M) 12,745ms
[237,873s][info][gc] GC(3036) Pause Young (Allocation Failure) 761M->641M(903M) 14,993ms
[237,936s][info][gc] GC(3037) Pause Young (Allocation Failure) 770M->649M(910M) 17,366ms
[238,004s][info][gc] GC(3038) Pause Young (Allocation Failure) 785M->658M(914M) 19,816ms
[238,074s][info][gc] GC(3039) Pause Young (Allocation Failure) 794M->667M(907M) 22,288ms
[238,142s][info][gc] GC(3040) Pause Young (Allocation Failure) 790M->675M(890M) 24,301ms
[238,212s][info][gc] GC(3041) Pause Young (Allocation Failure) 798M->683M(910M) 26,719ms
[238,278s][info][gc] GC(3042) Pause Young (Allocation Failure) 797M->690M(910M) 25,100ms
[238,341s][info][gc] GC(3043) Pause Young (Allocation Failure) 804M->697M(910M) 22,885ms
[238,402s][info][gc] GC(3044) Pause Young (Allocation Failure) 811M->705M(848M) 20,686ms
[238,720s][info][gc] GC(3045) Pause Full (Ergonomics) 705M->590M(909M) 317,983ms
[238,764s][info][gc] GC(3046) Pause Young (Allocation Failure) 704M->599M(909M) 3,504ms
[238,810s][info][gc] GC(3047) Pause Young (Allocation Failure) 713M->607M(911M) 5,656ms
[238,860s][info][gc] GC(3048) Pause Young (Allocation Failure) 722M->615M(823M) 8,093ms
[238,912s][info][gc] GC(3049) Pause Young (Allocation Failure) 730M->623M(912M) 10,208ms
[238,968s][info][gc] GC(3050) Pause Young (Allocation Failure) 744M->632M(908M) 12,564ms
[239,026s][info][gc] GC(3051) Pause Young (Allocation Failure) 752M->640M(909M) 14,985ms
[239,090s][info][gc] GC(3052) Pause Young (Allocation Failure) 771M->648M(909M) 17,047ms
[239,155s][info][gc] GC(3053) Pause Young (Allocation Failure) 779M->657M(918M) 19,488ms
[239,227s][info][gc] GC(3054) Pause Young (Allocation Failure) 797M->666M(898M) 21,920ms
[239,301s][info][gc] GC(3055) Pause Young (Allocation Failure) 806M->675M(904M) 24,488ms
[239,368s][info][gc] GC(3056) Pause Young (Allocation Failure) 792M->682M(892M) 26,217ms
[239,441s][info][gc] GC(3057) Pause Young (Allocation Failure) 799M->689M(910M) 31,149ms
[239,525s][info][gc] GC(3058) Pause Young (Allocation Failure) 803M->696M(910M) 42,266ms
[239,609s][info][gc] GC(3059) Pause Young (Allocation Failure) 810M->703M(910M) 42,322ms
[239,682s][info][gc] GC(3060) Pause Young (Allocation Failure) 817M->710M(910M) 28,323ms
[239,752s][info][gc] GC(3061) Pause Young (Allocation Failure) 824M->718M(910M) 26,716ms
[239,818s][info][gc] GC(3062) Pause Young (Allocation Failure) 832M->725M(910M) 24,611ms
[240,151s][info][gc] GC(3063) Pause Full (Ergonomics) 725M->590M(910M) 333,008ms
[240,195s][info][gc] GC(3064) Pause Young (Allocation Failure) 704M->599M(910M) 3,460ms
[240,243s][info][gc] GC(3065) Pause Young (Allocation Failure) 713M->607M(910M) 5,613ms
[240,293s][info][gc] GC(3066) Pause Young (Allocation Failure) 721M->615M(910M) 8,040ms
[240,344s][info][gc] GC(3067) Pause Young (Allocation Failure) 729M->623M(910M) 10,131ms
[240,398s][info][gc] GC(3068) Pause Young (Allocation Failure) 737M->631M(910M) 13,078ms
[240,449s][info][gc] GC(3069) Pause Young (Allocation Failure) 745M->639M(910M) 11,111ms
[240,499s][info][gc] GC(3070) Pause Young (Allocation Failure) 753M->647M(910M) 9,147ms
[240,545s][info][gc] GC(3071) Pause Young (Allocation Failure) 761M->655M(910M) 6,206ms
[240,592s][info][gc] GC(3072) Pause Young (Allocation Failure) 769M->664M(910M) 6,302ms
[240,919s][info][gc] GC(3073) Pause Full (Ergonomics) 664M->590M(910M) 327,309ms
[240,963s][info][gc] GC(3074) Pause Young (Allocation Failure) 704M->599M(910M) 3,546ms
[241,011s][info][gc] GC(3075) Pause Young (Allocation Failure) 713M->607M(904M) 6,207ms
[241,060s][info][gc] GC(3076) Pause Young (Allocation Failure) 721M->615M(907M) 5,857ms
[241,112s][info][gc] GC(3077) Pause Young (Allocation Failure) 729M->623M(896M) 8,201ms
[241,167s][info][gc] GC(3078) Pause Young (Allocation Failure) 744M->632M(902M) 10,495ms
[241,224s][info][gc] GC(3079) Pause Young (Allocation Failure) 753M->640M(902M) 12,798ms
[241,286s][info][gc] GC(3080) Pause Young (Allocation Failure) 770M->649M(903M) 15,080ms
[241,349s][info][gc] GC(3081) Pause Young (Allocation Failure) 778M->658M(911M) 17,302ms
[241,416s][info][gc] GC(3082) Pause Young (Allocation Failure) 793M->666M(914M) 19,827ms
[241,487s][info][gc] GC(3083) Pause Young (Allocation Failure) 802M->675M(906M) 22,363ms
[241,554s][info][gc] GC(3084) Pause Young (Allocation Failure) 796M->683M(888M) 24,111ms
[241,624s][info][gc] GC(3085) Pause Young (Allocation Failure) 804M->690M(910M) 26,085ms
[241,690s][info][gc] GC(3086) Pause Young (Allocation Failure) 804M->698M(910M) 24,616ms
[241,753s][info][gc] GC(3087) Pause Young (Allocation Failure) 812M->705M(910M) 22,807ms
[241,814s][info][gc] GC(3088) Pause Young (Allocation Failure) 819M->713M(848M) 20,603ms
[242,140s][info][gc] GC(3089) Pause Full (Ergonomics) 713M->590M(910M) 325,562ms
[242,184s][info][gc] GC(3090) Pause Young (Allocation Failure) 704M->599M(910M) 3,477ms
[242,231s][info][gc] GC(3091) Pause Young (Allocation Failure) 713M->607M(910M) 5,608ms
[242,280s][info][gc] GC(3092) Pause Young (Allocation Failure) 722M->615M(822M) 8,059ms
[242,332s][info][gc] GC(3093) Pause Young (Allocation Failure) 730M->623M(911M) 10,199ms
[242,387s][info][gc] GC(3094) Pause Young (Allocation Failure) 743M->631M(907M) 12,661ms
[242,444s][info][gc] GC(3095) Pause Young (Allocation Failure) 751M->640M(907M) 14,711ms
[242,507s][info][gc] GC(3096) Pause Young (Allocation Failure) 770M->648M(908M) 16,952ms
[242,573s][info][gc] GC(3097) Pause Young (Allocation Failure) 778M->657M(917M) 19,430ms
[242,644s][info][gc] GC(3098) Pause Young (Allocation Failure) 795M->666M(897M) 21,804ms
[242,718s][info][gc] GC(3099) Pause Young (Allocation Failure) 804M->675M(904M) 24,326ms
[242,786s][info][gc] GC(3100) Pause Young (Allocation Failure) 792M->682M(891M) 26,165ms
[242,859s][info][gc] GC(3101) Pause Young (Allocation Failure) 799M->689M(910M) 31,068ms
[242,942s][info][gc] GC(3102) Pause Young (Allocation Failure) 803M->696M(910M) 42,599ms
[243,026s][info][gc] GC(3103) Pause Young (Allocation Failure) 810M->703M(910M) 42,839ms
[243,100s][info][gc] GC(3104) Pause Young (Allocation Failure) 817M->710M(910M) 30,363ms
[243,170s][info][gc] GC(3105) Pause Young (Allocation Failure) 824M->717M(910M) 26,488ms
[243,238s][info][gc] GC(3106) Pause Young (Allocation Failure) 831M->725M(910M) 24,453ms
[243,562s][info][gc] GC(3107) Pause Full (Ergonomics) 725M->590M(910M) 323,784ms
[243,605s][info][gc] GC(3108) Pause Young (Allocation Failure) 704M->599M(910M) 3,436ms
[243,653s][info][gc] GC(3109) Pause Young (Allocation Failure) 713M->607M(910M) 5,660ms
[243,703s][info][gc] GC(3110) Pause Young (Allocation Failure) 721M->615M(910M) 7,849ms
[243,754s][info][gc] GC(3111) Pause Young (Allocation Failure) 729M->623M(910M) 10,106ms
[243,808s][info][gc] GC(3112) Pause Young (Allocation Failure) 737M->631M(910M) 13,137ms
[243,859s][info][gc] GC(3113) Pause Young (Allocation Failure) 745M->639M(910M) 11,078ms
[243,909s][info][gc] GC(3114) Pause Young (Allocation Failure) 753M->647M(910M) 9,271ms
[243,956s][info][gc] GC(3115) Pause Young (Allocation Failure) 761M->656M(910M) 6,281ms
[244,003s][info][gc] GC(3116) Pause Young (Allocation Failure) 770M->664M(910M) 6,336ms
[244,331s][info][gc] GC(3117) Pause Full (Ergonomics) 664M->590M(910M) 327,643ms
[244,375s][info][gc] GC(3118) Pause Young (Allocation Failure) 704M->599M(910M) 3,462ms
[244,422s][info][gc] GC(3119) Pause Young (Allocation Failure) 713M->607M(904M) 6,280ms
[244,471s][info][gc] GC(3120) Pause Young (Allocation Failure) 721M->615M(907M) 5,917ms
[244,521s][info][gc] GC(3121) Pause Young (Allocation Failure) 729M->623M(895M) 8,363ms
[244,574s][info][gc] GC(3122) Pause Young (Allocation Failure) 744M->632M(902M) 10,410ms
[244,629s][info][gc] GC(3123) Pause Young (Allocation Failure) 753M->640M(902M) 12,770ms
[244,690s][info][gc] GC(3124) Pause Young (Allocation Failure) 770M->649M(903M) 15,042ms
[244,754s][info][gc] GC(3125) Pause Young (Allocation Failure) 778M->658M(910M) 17,779ms
[244,821s][info][gc] GC(3126) Pause Young (Allocation Failure) 793M->666M(914M) 19,844ms
[244,891s][info][gc] GC(3127) Pause Young (Allocation Failure) 802M->675M(907M) 22,161ms
[244,959s][info][gc] GC(3128) Pause Young (Allocation Failure) 797M->683M(889M) 24,384ms
[245,028s][info][gc] GC(3129) Pause Young (Allocation Failure) 805M->691M(910M) 26,490ms
[245,093s][info][gc] GC(3130) Pause Young (Allocation Failure) 805M->698M(910M) 24,800ms
[245,156s][info][gc] GC(3131) Pause Young (Allocation Failure) 812M->705M(910M) 22,822ms
[245,217s][info][gc] GC(3132) Pause Young (Allocation Failure) 819M->713M(848M) 20,420ms
[245,539s][info][gc] GC(3133) Pause Full (Ergonomics) 713M->590M(910M) 322,640ms
[245,583s][info][gc] GC(3134) Pause Young (Allocation Failure) 704M->599M(910M) 3,580ms
[245,630s][info][gc] GC(3135) Pause Young (Allocation Failure) 713M->607M(910M) 5,637ms
[245,680s][info][gc] GC(3136) Pause Young (Allocation Failure) 722M->615M(822M) 7,929ms
[245,731s][info][gc] GC(3137) Pause Young (Allocation Failure) 730M->623M(911M) 10,076ms
[245,787s][info][gc] GC(3138) Pause Young (Allocation Failure) 743M->631M(907M) 12,586ms
[245,844s][info][gc] GC(3139) Pause Young (Allocation Failure) 751M->640M(907M) 14,665ms
[245,908s][info][gc] GC(3140) Pause Young (Allocation Failure) 770M->648M(908M) 17,181ms
[245,973s][info][gc] GC(3141) Pause Young (Allocation Failure) 778M->657M(917M) 19,246ms
[246,044s][info][gc] GC(3142) Pause Young (Allocation Failure) 795M->666M(897M) 21,808ms
[246,117s][info][gc] GC(3143) Pause Young (Allocation Failure) 804M->674M(904M) 24,464ms
[246,185s][info][gc] GC(3144) Pause Young (Allocation Failure) 791M->682M(891M) 25,963ms
[246,257s][info][gc] GC(3145) Pause Young (Allocation Failure) 799M->689M(910M) 30,971ms
[246,340s][info][gc] GC(3146) Pause Young (Allocation Failure) 803M->696M(910M) 42,290ms
[246,421s][info][gc] GC(3147) Pause Young (Allocation Failure) 810M->703M(910M) 40,305ms
[246,496s][info][gc] GC(3148) Pause Young (Allocation Failure) 817M->710M(910M) 32,105ms
[246,567s][info][gc] GC(3149) Pause Young (Allocation Failure) 824M->717M(910M) 26,126ms
[246,636s][info][gc] GC(3150) Pause Young (Allocation Failure) 831M->725M(910M) 24,385ms
[246,967s][info][gc] GC(3151) Pause Full (Ergonomics) 725M->590M(910M) 330,710ms
[247,011s][info][gc] GC(3152) Pause Young (Allocation Failure) 704M->599M(910M) 3,413ms
[247,060s][info][gc] GC(3153) Pause Young (Allocation Failure) 713M->607M(910M) 5,659ms
[247,110s][info][gc] GC(3154) Pause Young (Allocation Failure) 721M->615M(910M) 7,970ms
[247,162s][info][gc] GC(3155) Pause Young (Allocation Failure) 729M->623M(910M) 10,118ms
[247,216s][info][gc] GC(3156) Pause Young (Allocation Failure) 737M->631M(910M) 13,094ms
[247,267s][info][gc] GC(3157) Pause Young (Allocation Failure) 745M->639M(910M) 11,111ms
[247,317s][info][gc] GC(3158) Pause Young (Allocation Failure) 753M->647M(910M) 9,155ms
[247,365s][info][gc] GC(3159) Pause Young (Allocation Failure) 761M->656M(910M) 6,227ms
[247,411s][info][gc] GC(3160) Pause Young (Allocation Failure) 770M->664M(910M) 6,314ms
[247,735s][info][gc] GC(3161) Pause Full (Ergonomics) 664M->590M(910M) 324,384ms
[247,779s][info][gc] GC(3162) Pause Young (Allocation Failure) 704M->599M(910M) 3,462ms
[247,827s][info][gc] GC(3163) Pause Young (Allocation Failure) 713M->607M(904M) 6,221ms
[247,876s][info][gc] GC(3164) Pause Young (Allocation Failure) 721M->615M(907M) 5,845ms
[247,926s][info][gc] GC(3165) Pause Young (Allocation Failure) 729M->623M(895M) 8,231ms
[247,981s][info][gc] GC(3166) Pause Young (Allocation Failure) 744M->632M(902M) 10,342ms
[248,037s][info][gc] GC(3167) Pause Young (Allocation Failure) 753M->640M(902M) 13,002ms
[248,098s][info][gc] GC(3168) Pause Young (Allocation Failure) 770M->649M(903M) 14,954ms
[248,161s][info][gc] GC(3169) Pause Young (Allocation Failure) 778M->658M(910M) 17,443ms
[248,228s][info][gc] GC(3170) Pause Young (Allocation Failure) 793M->666M(914M) 19,591ms
[248,298s][info][gc] GC(3171) Pause Young (Allocation Failure) 802M->675M(907M) 22,331ms
[248,366s][info][gc] GC(3172) Pause Young (Allocation Failure) 797M->683M(889M) 24,307ms
[248,435s][info][gc] GC(3173) Pause Young (Allocation Failure) 805M->691M(910M) 26,541ms
[248,500s][info][gc] GC(3174) Pause Young (Allocation Failure) 805M->698M(910M) 24,752ms
[248,564s][info][gc] GC(3175) Pause Young (Allocation Failure) 812M->705M(910M) 22,911ms
[248,624s][info][gc] GC(3176) Pause Young (Allocation Failure) 819M->713M(848M) 20,528ms
[248,934s][info][gc] GC(3177) Pause Full (Ergonomics) 713M->590M(910M) 309,821ms
[248,978s][info][gc] GC(3178) Pause Young (Allocation Failure) 704M->599M(910M) 3,480ms
[249,024s][info][gc] GC(3179) Pause Young (Allocation Failure) 713M->607M(910M) 5,698ms
[249,072s][info][gc] GC(3180) Pause Young (Allocation Failure) 722M->615M(822M) 8,039ms
[249,123s][info][gc] GC(3181) Pause Young (Allocation Failure) 730M->623M(911M) 10,290ms
[249,178s][info][gc] GC(3182) Pause Young (Allocation Failure) 743M->631M(907M) 12,570ms
[249,235s][info][gc] GC(3183) Pause Young (Allocation Failure) 751M->639M(908M) 14,692ms
[249,299s][info][gc] GC(3184) Pause Young (Allocation Failure) 770M->648M(909M) 17,142ms
[249,366s][info][gc] GC(3185) Pause Young (Allocation Failure) 779M->657M(918M) 19,458ms
[249,438s][info][gc] GC(3186) Pause Young (Allocation Failure) 796M->666M(897M) 21,822ms
[249,511s][info][gc] GC(3187) Pause Young (Allocation Failure) 805M->675M(904M) 24,386ms
[249,579s][info][gc] GC(3188) Pause Young (Allocation Failure) 792M->682M(891M) 26,099ms
[249,652s][info][gc] GC(3189) Pause Young (Allocation Failure) 799M->689M(910M) 31,504ms
[249,735s][info][gc] GC(3190) Pause Young (Allocation Failure) 803M->696M(910M) 42,246ms
[249,819s][info][gc] GC(3191) Pause Young (Allocation Failure) 810M->703M(910M) 42,146ms
[249,894s][info][gc] GC(3192) Pause Young (Allocation Failure) 817M->710M(910M) 31,693ms
[249,965s][info][gc] GC(3193) Pause Young (Allocation Failure) 824M->717M(910M) 26,212ms
[250,033s][info][gc] GC(3194) Pause Young (Allocation Failure) 831M->725M(910M) 24,375ms
[250,358s][info][gc] GC(3195) Pause Full (Ergonomics) 725M->590M(910M) 324,628ms
[250,402s][info][gc] GC(3196) Pause Young (Allocation Failure) 704M->599M(910M) 3,443ms
[250,449s][info][gc] GC(3197) Pause Young (Allocation Failure) 713M->607M(910M) 5,630ms
[250,499s][info][gc] GC(3198) Pause Young (Allocation Failure) 721M->615M(910M) 7,966ms
[250,549s][info][gc] GC(3199) Pause Young (Allocation Failure) 729M->623M(910M) 10,090ms
[250,603s][info][gc] GC(3200) Pause Young (Allocation Failure) 737M->631M(910M) 13,145ms
[250,654s][info][gc] GC(3201) Pause Young (Allocation Failure) 745M->639M(910M) 11,154ms
[250,703s][info][gc] GC(3202) Pause Young (Allocation Failure) 753M->647M(910M) 9,168ms
[250,750s][info][gc] GC(3203) Pause Young (Allocation Failure) 761M->656M(910M) 6,200ms
[250,796s][info][gc] GC(3204) Pause Young (Allocation Failure) 770M->664M(910M) 6,268ms
[251,125s][info][gc] GC(3205) Pause Full (Ergonomics) 664M->590M(910M) 328,808ms
[251,169s][info][gc] GC(3206) Pause Young (Allocation Failure) 704M->599M(910M) 3,539ms
[251,216s][info][gc] GC(3207) Pause Young (Allocation Failure) 713M->607M(904M) 6,258ms
[251,263s][info][gc] GC(3208) Pause Young (Allocation Failure) 721M->615M(907M) 5,880ms
[251,314s][info][gc] GC(3209) Pause Young (Allocation Failure) 729M->623M(896M) 8,274ms
[251,367s][info][gc] GC(3210) Pause Young (Allocation Failure) 744M->632M(902M) 10,437ms
[251,422s][info][gc] GC(3211) Pause Young (Allocation Failure) 753M->640M(902M) 12,935ms
[251,483s][info][gc] GC(3212) Pause Young (Allocation Failure) 770M->649M(903M) 15,067ms
[251,548s][info][gc] GC(3213) Pause Young (Allocation Failure) 778M->658M(911M) 17,589ms
[251,616s][info][gc] GC(3214) Pause Young (Allocation Failure) 794M->666M(915M) 19,742ms
[251,688s][info][gc] GC(3215) Pause Young (Allocation Failure) 802M->675M(906M) 22,263ms
[251,756s][info][gc] GC(3216) Pause Young (Allocation Failure) 796M->683M(888M) 24,403ms
[251,825s][info][gc] GC(3217) Pause Young (Allocation Failure) 804M->690M(910M) 26,406ms
[251,890s][info][gc] GC(3218) Pause Young (Allocation Failure) 804M->698M(910M) 24,644ms
[251,954s][info][gc] GC(3219) Pause Young (Allocation Failure) 812M->705M(910M) 22,924ms
[252,015s][info][gc] GC(3220) Pause Young (Allocation Failure) 819M->713M(848M) 20,745ms
[252,331s][info][gc] GC(3221) Pause Full (Ergonomics) 713M->590M(910M) 316,785ms
[252,375s][info][gc] GC(3222) Pause Young (Allocation Failure) 704M->599M(910M) 3,505ms
[252,421s][info][gc] GC(3223) Pause Young (Allocation Failure) 713M->607M(910M) 5,727ms
[252,471s][info][gc] GC(3224) Pause Young (Allocation Failure) 722M->615M(822M) 7,994ms
[252,523s][info][gc] GC(3225) Pause Young (Allocation Failure) 730M->623M(911M) 10,138ms
[252,578s][info][gc] GC(3226) Pause Young (Allocation Failure) 743M->631M(907M) 12,559ms
[252,635s][info][gc] GC(3227) Pause Young (Allocation Failure) 751M->640M(908M) 14,723ms
[252,698s][info][gc] GC(3228) Pause Young (Allocation Failure) 770M->648M(909M) 17,010ms
[252,764s][info][gc] GC(3229) Pause Young (Allocation Failure) 779M->657M(918M) 19,356ms
[252,835s][info][gc] GC(3230) Pause Young (Allocation Failure) 796M->666M(897M) 21,963ms
[252,908s][info][gc] GC(3231) Pause Young (Allocation Failure) 805M->675M(904M) 24,397ms
[252,975s][info][gc] GC(3232) Pause Young (Allocation Failure) 792M->682M(891M) 25,794ms
[253,045s][info][gc] GC(3233) Pause Young (Allocation Failure) 799M->689M(910M) 28,184ms
[253,127s][info][gc] GC(3234) Pause Young (Allocation Failure) 803M->696M(910M) 41,227ms
[253,199s][info][gc] GC(3235) Pause Young (Allocation Failure) 810M->703M(910M) 32,098ms
[253,270s][info][gc] GC(3236) Pause Young (Allocation Failure) 817M->710M(910M) 26,249ms
[253,338s][info][gc] GC(3237) Pause Young (Allocation Failure) 824M->718M(910M) 24,722ms
[253,666s][info][gc] GC(3238) Pause Full (Ergonomics) 718M->590M(910M) 327,190ms
[253,710s][info][gc] GC(3239) Pause Young (Allocation Failure) 704M->599M(910M) 3,392ms
[253,757s][info][gc] GC(3240) Pause Young (Allocation Failure) 713M->607M(910M) 5,673ms
[253,807s][info][gc] GC(3241) Pause Young (Allocation Failure) 721M->615M(910M) 7,987ms
[253,857s][info][gc] GC(3242) Pause Young (Allocation Failure) 729M->623M(910M) 10,022ms
[253,910s][info][gc] GC(3243) Pause Young (Allocation Failure) 737M->631M(910M) 12,920ms
[253,962s][info][gc] GC(3244) Pause Young (Allocation Failure) 745M->639M(910M) 11,125ms
[254,011s][info][gc] GC(3245) Pause Young (Allocation Failure) 753M->647M(910M) 9,193ms
[254,058s][info][gc] GC(3246) Pause Young (Allocation Failure) 761M->655M(910M) 6,285ms
[254,104s][info][gc] GC(3247) Pause Young (Allocation Failure) 769M->664M(910M) 6,272ms
[254,426s][info][gc] GC(3248) Pause Full (Ergonomics) 664M->590M(910M) 321,459ms
[254,470s][info][gc] GC(3249) Pause Young (Allocation Failure) 704M->599M(905M) 3,486ms
[254,516s][info][gc] GC(3250) Pause Young (Allocation Failure) 713M->607M(908M) 5,642ms
[254,567s][info][gc] GC(3251) Pause Young (Allocation Failure) 721M->615M(897M) 8,124ms
[254,623s][info][gc] GC(3252) Pause Young (Allocation Failure) 736M->624M(903M) 10,329ms
[254,678s][info][gc] GC(3253) Pause Young (Allocation Failure) 745M->632M(902M) 12,581ms
[254,739s][info][gc] GC(3254) Pause Young (Allocation Failure) 761M->641M(904M) 15,034ms
[254,802s][info][gc] GC(3255) Pause Young (Allocation Failure) 770M->649M(911M) 17,258ms
[254,870s][info][gc] GC(3256) Pause Young (Allocation Failure) 785M->658M(914M) 19,796ms
[254,940s][info][gc] GC(3257) Pause Young (Allocation Failure) 794M->667M(907M) 22,251ms
[255,008s][info][gc] GC(3258) Pause Young (Allocation Failure) 790M->675M(890M) 24,524ms
[255,079s][info][gc] GC(3259) Pause Young (Allocation Failure) 798M->683M(910M) 26,651ms
[255,144s][info][gc] GC(3260) Pause Young (Allocation Failure) 797M->690M(910M) 24,969ms
[255,208s][info][gc] GC(3261) Pause Young (Allocation Failure) 804M->697M(910M) 23,063ms
[255,269s][info][gc] GC(3262) Pause Young (Allocation Failure) 811M->705M(848M) 20,613ms
[255,591s][info][gc] GC(3263) Pause Full (Ergonomics) 705M->590M(909M) 321,868ms
[255,635s][info][gc] GC(3264) Pause Young (Allocation Failure) 704M->599M(909M) 3,387ms
[255,681s][info][gc] GC(3265) Pause Young (Allocation Failure) 713M->607M(911M) 5,656ms
[255,730s][info][gc] GC(3266) Pause Young (Allocation Failure) 721M->615M(822M) 8,178ms
[255,781s][info][gc] GC(3267) Pause Young (Allocation Failure) 730M->623M(911M) 10,119ms
[255,836s][info][gc] GC(3268) Pause Young (Allocation Failure) 743M->631M(907M) 12,525ms
[255,892s][info][gc] GC(3269) Pause Young (Allocation Failure) 751M->640M(907M) 14,725ms
[255,955s][info][gc] GC(3270) Pause Young (Allocation Failure) 769M->648M(908M) 17,148ms
[256,020s][info][gc] GC(3271) Pause Young (Allocation Failure) 778M->657M(917M) 19,350ms
[256,091s][info][gc] GC(3272) Pause Young (Allocation Failure) 795M->666M(896M) 21,737ms
[256,164s][info][gc] GC(3273) Pause Young (Allocation Failure) 804M->674M(905M) 24,261ms
[256,231s][info][gc] GC(3274) Pause Young (Allocation Failure) 792M->682M(892M) 25,972ms
[256,302s][info][gc] GC(3275) Pause Young (Allocation Failure) 800M->689M(910M) 28,787ms
[256,386s][info][gc] GC(3276) Pause Young (Allocation Failure) 803M->696M(910M) 42,869ms
[256,468s][info][gc] GC(3277) Pause Young (Allocation Failure) 810M->703M(910M) 38,604ms
[256,544s][info][gc] GC(3278) Pause Young (Allocation Failure) 817M->710M(910M) 32,299ms
[256,614s][info][gc] GC(3279) Pause Young (Allocation Failure) 824M->717M(910M) 26,592ms
[256,681s][info][gc] GC(3280) Pause Young (Allocation Failure) 831M->725M(910M) 24,480ms
[257,008s][info][gc] GC(3281) Pause Full (Ergonomics) 725M->590M(910M) 327,205ms
[257,054s][info][gc] GC(3282) Pause Young (Allocation Failure) 704M->599M(910M) 3,391ms
[257,101s][info][gc] GC(3283) Pause Young (Allocation Failure) 713M->607M(910M) 5,657ms
[257,150s][info][gc] GC(3284) Pause Young (Allocation Failure) 721M->615M(910M) 8,018ms
[257,201s][info][gc] GC(3285) Pause Young (Allocation Failure) 729M->623M(910M) 10,243ms
[257,254s][info][gc] GC(3286) Pause Young (Allocation Failure) 737M->631M(910M) 12,950ms
[257,306s][info][gc] GC(3287) Pause Young (Allocation Failure) 745M->639M(910M) 11,045ms
[257,357s][info][gc] GC(3288) Pause Young (Allocation Failure) 753M->647M(910M) 9,170ms
[257,403s][info][gc] GC(3289) Pause Young (Allocation Failure) 761M->655M(910M) 6,328ms
[257,451s][info][gc] GC(3290) Pause Young (Allocation Failure) 769M->664M(910M) 6,268ms
[257,783s][info][gc] GC(3291) Pause Full (Ergonomics) 664M->590M(910M) 331,336ms
[257,828s][info][gc] GC(3292) Pause Young (Allocation Failure) 704M->599M(910M) 3,413ms
[257,877s][info][gc] GC(3293) Pause Young (Allocation Failure) 713M->607M(904M) 6,241ms
[257,925s][info][gc] GC(3294) Pause Young (Allocation Failure) 721M->615M(907M) 5,938ms
[257,973s][info][gc] GC(3295) Pause Young (Allocation Failure) 729M->623M(895M) 8,206ms
[258,026s][info][gc] GC(3296) Pause Young (Allocation Failure) 744M->632M(902M) 10,409ms
[258,082s][info][gc] GC(3297) Pause Young (Allocation Failure) 753M->640M(902M) 13,154ms
[258,143s][info][gc] GC(3298) Pause Young (Allocation Failure) 770M->649M(903M) 15,239ms
[258,207s][info][gc] GC(3299) Pause Young (Allocation Failure) 779M->658M(911M) 17,389ms
[258,274s][info][gc] GC(3300) Pause Young (Allocation Failure) 794M->666M(915M) 19,687ms
[258,344s][info][gc] GC(3301) Pause Young (Allocation Failure) 802M->675M(906M) 22,461ms
[258,412s][info][gc] GC(3302) Pause Young (Allocation Failure) 796M->683M(888M) 24,186ms
[258,481s][info][gc] GC(3303) Pause Young (Allocation Failure) 804M->691M(910M) 26,611ms
[258,546s][info][gc] GC(3304) Pause Young (Allocation Failure) 805M->698M(910M) 24,821ms
[258,609s][info][gc] GC(3305) Pause Young (Allocation Failure) 812M->705M(910M) 22,663ms
[258,670s][info][gc] GC(3306) Pause Young (Allocation Failure) 819M->713M(848M) 20,609ms
[259,002s][info][gc] GC(3307) Pause Full (Ergonomics) 713M->590M(910M) 332,058ms
[259,048s][info][gc] GC(3308) Pause Young (Allocation Failure) 704M->599M(910M) 3,476ms
[259,095s][info][gc] GC(3309) Pause Young (Allocation Failure) 713M->607M(910M) 5,654ms
[259,144s][info][gc] GC(3310) Pause Young (Allocation Failure) 722M->615M(822M) 8,174ms
[259,194s][info][gc] GC(3311) Pause Young (Allocation Failure) 730M->623M(911M) 10,100ms
[259,249s][info][gc] GC(3312) Pause Young (Allocation Failure) 743M->631M(907M) 12,480ms
[259,306s][info][gc] GC(3313) Pause Young (Allocation Failure) 751M->640M(907M) 14,646ms
[259,369s][info][gc] GC(3314) Pause Young (Allocation Failure) 770M->648M(908M) 17,047ms
[259,435s][info][gc] GC(3315) Pause Young (Allocation Failure) 778M->657M(917M) 19,391ms
[259,505s][info][gc] GC(3316) Pause Young (Allocation Failure) 795M->666M(897M) 21,751ms
[259,579s][info][gc] GC(3317) Pause Young (Allocation Failure) 804M->674M(904M) 24,539ms
[259,647s][info][gc] GC(3318) Pause Young (Allocation Failure) 791M->682M(891M) 26,204ms
[259,720s][info][gc] GC(3319) Pause Young (Allocation Failure) 799M->689M(910M) 31,806ms
[259,799s][info][gc] GC(3320) Pause Young (Allocation Failure) 803M->696M(910M) 38,952ms
[259,886s][info][gc] GC(3321) Pause Young (Allocation Failure) 810M->703M(910M) 42,884ms
[259,961s][info][gc] GC(3322) Pause Young (Allocation Failure) 817M->710M(910M) 31,321ms
[260,031s][info][gc] GC(3323) Pause Young (Allocation Failure) 824M->717M(910M) 26,311ms
[260,096s][info][gc] GC(3324) Pause Young (Allocation Failure) 831M->725M(910M) 24,569ms
[260,415s][info][gc] GC(3325) Pause Full (Ergonomics) 725M->590M(910M) 318,229ms
[260,459s][info][gc] GC(3326) Pause Young (Allocation Failure) 704M->599M(910M) 3,466ms
[260,505s][info][gc] GC(3327) Pause Young (Allocation Failure) 713M->607M(910M) 5,680ms
[260,554s][info][gc] GC(3328) Pause Young (Allocation Failure) 721M->615M(910M) 7,931ms
[260,604s][info][gc] GC(3329) Pause Young (Allocation Failure) 729M->623M(910M) 10,158ms
[260,658s][info][gc] GC(3330) Pause Young (Allocation Failure) 737M->631M(910M) 13,108ms
[260,710s][info][gc] GC(3331) Pause Young (Allocation Failure) 745M->639M(910M) 11,141ms
[260,759s][info][gc] GC(3332) Pause Young (Allocation Failure) 753M->647M(910M) 9,285ms
[260,806s][info][gc] GC(3333) Pause Young (Allocation Failure) 761M->655M(910M) 6,335ms
[260,853s][info][gc] GC(3334) Pause Young (Allocation Failure) 769M->664M(910M) 6,297ms
[261,187s][info][gc] GC(3335) Pause Full (Ergonomics) 664M->590M(910M) 334,416ms
[261,232s][info][gc] GC(3336) Pause Young (Allocation Failure) 704M->599M(910M) 3,414ms
[261,281s][info][gc] GC(3337) Pause Young (Allocation Failure) 713M->607M(904M) 6,319ms
[261,329s][info][gc] GC(3338) Pause Young (Allocation Failure) 721M->615M(907M) 5,910ms
[261,377s][info][gc] GC(3339) Pause Young (Allocation Failure) 729M->623M(895M) 8,220ms
[261,431s][info][gc] GC(3340) Pause Young (Allocation Failure) 744M->632M(902M) 10,478ms
[261,486s][info][gc] GC(3341) Pause Young (Allocation Failure) 753M->640M(902M) 13,047ms
[261,547s][info][gc] GC(3342) Pause Young (Allocation Failure) 770M->649M(903M) 14,938ms
[261,611s][info][gc] GC(3343) Pause Young (Allocation Failure) 778M->658M(910M) 17,566ms
[261,680s][info][gc] GC(3344) Pause Young (Allocation Failure) 793M->666M(914M) 19,853ms
[261,751s][info][gc] GC(3345) Pause Young (Allocation Failure) 802M->675M(907M) 22,475ms
[261,818s][info][gc] GC(3346) Pause Young (Allocation Failure) 797M->683M(889M) 24,275ms
[261,888s][info][gc] GC(3347) Pause Young (Allocation Failure) 805M->691M(910M) 26,441ms
[261,953s][info][gc] GC(3348) Pause Young (Allocation Failure) 805M->698M(910M) 24,625ms
[262,016s][info][gc] GC(3349) Pause Young (Allocation Failure) 812M->705M(910M) 22,933ms
[262,077s][info][gc] GC(3350) Pause Young (Allocation Failure) 819M->713M(848M) 20,590ms
[262,398s][info][gc] GC(3351) Pause Full (Ergonomics) 713M->590M(910M) 321,463ms
[262,444s][info][gc] GC(3352) Pause Young (Allocation Failure) 704M->599M(910M) 3,381ms
[262,491s][info][gc] GC(3353) Pause Young (Allocation Failure) 713M->607M(910M) 5,664ms
[262,540s][info][gc] GC(3354) Pause Young (Allocation Failure) 722M->615M(822M) 8,034ms
[262,591s][info][gc] GC(3355) Pause Young (Allocation Failure) 730M->623M(911M) 10,258ms
[262,646s][info][gc] GC(3356) Pause Young (Allocation Failure) 743M->631M(907M) 12,753ms
[262,703s][info][gc] GC(3357) Pause Young (Allocation Failure) 751M->639M(907M) 14,683ms
[262,766s][info][gc] GC(3358) Pause Young (Allocation Failure) 769M->648M(908M) 17,126ms
[262,831s][info][gc] GC(3359) Pause Young (Allocation Failure) 778M->657M(917M) 19,587ms
[262,902s][info][gc] GC(3360) Pause Young (Allocation Failure) 795M->666M(897M) 21,893ms
[262,976s][info][gc] GC(3361) Pause Young (Allocation Failure) 804M->674M(904M) 24,345ms
[263,043s][info][gc] GC(3362) Pause Young (Allocation Failure) 791M->682M(891M) 25,846ms
[263,112s][info][gc] GC(3363) Pause Young (Allocation Failure) 799M->689M(910M) 27,905ms
[263,193s][info][gc] GC(3364) Pause Young (Allocation Failure) 803M->696M(910M) 40,813ms
[263,278s][info][gc] GC(3365) Pause Young (Allocation Failure) 810M->703M(910M) 42,123ms
[263,353s][info][gc] GC(3366) Pause Young (Allocation Failure) 817M->710M(910M) 30,842ms
[263,423s][info][gc] GC(3367) Pause Young (Allocation Failure) 824M->717M(910M) 26,087ms
[263,488s][info][gc] GC(3368) Pause Young (Allocation Failure) 831M->724M(910M) 24,575ms
[263,818s][info][gc] GC(3369) Pause Full (Ergonomics) 724M->590M(910M) 329,624ms
[263,861s][info][gc] GC(3370) Pause Young (Allocation Failure) 704M->599M(910M) 3,468ms
[263,908s][info][gc] GC(3371) Pause Young (Allocation Failure) 713M->607M(910M) 5,592ms
[263,957s][info][gc] GC(3372) Pause Young (Allocation Failure) 721M->615M(910M) 7,871ms
[264,010s][info][gc] GC(3373) Pause Young (Allocation Failure) 729M->623M(910M) 10,032ms
[264,064s][info][gc] GC(3374) Pause Young (Allocation Failure) 737M->631M(910M) 13,044ms
[264,116s][info][gc] GC(3375) Pause Young (Allocation Failure) 745M->639M(910M) 11,157ms
[264,165s][info][gc] GC(3376) Pause Young (Allocation Failure) 753M->647M(910M) 9,202ms
[264,214s][info][gc] GC(3377) Pause Young (Allocation Failure) 761M->655M(910M) 6,178ms
[264,262s][info][gc] GC(3378) Pause Young (Allocation Failure) 769M->664M(910M) 6,200ms
[264,597s][info][gc] GC(3379) Pause Full (Ergonomics) 664M->590M(910M) 334,944ms
[264,643s][info][gc] GC(3380) Pause Young (Allocation Failure) 704M->599M(910M) 3,405ms
[264,692s][info][gc] GC(3381) Pause Young (Allocation Failure) 713M->607M(904M) 6,238ms
[264,739s][info][gc] GC(3382) Pause Young (Allocation Failure) 721M->615M(907M) 5,939ms
[264,787s][info][gc] GC(3383) Pause Young (Allocation Failure) 729M->623M(895M) 8,334ms
[264,840s][info][gc] GC(3384) Pause Young (Allocation Failure) 744M->632M(902M) 10,277ms
[264,895s][info][gc] GC(3385) Pause Young (Allocation Failure) 753M->640M(902M) 12,911ms
[264,956s][info][gc] GC(3386) Pause Young (Allocation Failure) 770M->649M(903M) 15,136ms
[265,019s][info][gc] GC(3387) Pause Young (Allocation Failure) 778M->657M(910M) 17,418ms
[265,086s][info][gc] GC(3388) Pause Young (Allocation Failure) 793M->666M(914M) 19,473ms
[265,157s][info][gc] GC(3389) Pause Young (Allocation Failure) 802M->675M(907M) 22,482ms
[265,224s][info][gc] GC(3390) Pause Young (Allocation Failure) 797M->683M(889M) 24,218ms
[265,294s][info][gc] GC(3391) Pause Young (Allocation Failure) 805M->690M(910M) 26,436ms
[265,358s][info][gc] GC(3392) Pause Young (Allocation Failure) 804M->698M(910M) 24,826ms
[265,422s][info][gc] GC(3393) Pause Young (Allocation Failure) 812M->705M(910M) 22,812ms
[265,483s][info][gc] GC(3394) Pause Young (Allocation Failure) 819M->713M(848M) 20,663ms
[265,796s][info][gc] GC(3395) Pause Full (Ergonomics) 713M->590M(909M) 313,001ms
[265,839s][info][gc] GC(3396) Pause Young (Allocation Failure) 704M->599M(909M) 3,478ms
[265,885s][info][gc] GC(3397) Pause Young (Allocation Failure) 713M->607M(911M) 5,833ms
[265,934s][info][gc] GC(3398) Pause Young (Allocation Failure) 722M->615M(822M) 8,115ms
[265,984s][info][gc] GC(3399) Pause Young (Allocation Failure) 730M->623M(911M) 10,356ms
[266,039s][info][gc] GC(3400) Pause Young (Allocation Failure) 743M->631M(907M) 12,558ms
[266,096s][info][gc] GC(3401) Pause Young (Allocation Failure) 751M->639M(908M) 14,835ms
[266,159s][info][gc] GC(3402) Pause Young (Allocation Failure) 769M->648M(908M) 17,082ms
[266,224s][info][gc] GC(3403) Pause Young (Allocation Failure) 778M->657M(917M) 19,288ms
[266,294s][info][gc] GC(3404) Pause Young (Allocation Failure) 795M->665M(897M) 21,590ms
[266,367s][info][gc] GC(3405) Pause Young (Allocation Failure) 804M->674M(904M) 24,422ms
[266,435s][info][gc] GC(3406) Pause Young (Allocation Failure) 791M->682M(891M) 26,087ms
[266,506s][info][gc] GC(3407) Pause Young (Allocation Failure) 799M->689M(910M) 28,315ms
[266,586s][info][gc] GC(3408) Pause Young (Allocation Failure) 803M->696M(910M) 39,171ms
[266,671s][info][gc] GC(3409) Pause Young (Allocation Failure) 810M->703M(910M) 42,026ms
[266,742s][info][gc] GC(3410) Pause Young (Allocation Failure) 817M->710M(910M) 28,069ms
[266,812s][info][gc] GC(3411) Pause Young (Allocation Failure) 824M->717M(910M) 26,275ms
[266,877s][info][gc] GC(3412) Pause Young (Allocation Failure) 831M->724M(910M) 24,275ms
[267,187s][info][gc] GC(3413) Pause Full (Ergonomics) 724M->590M(910M) 309,879ms
[267,231s][info][gc] GC(3414) Pause Young (Allocation Failure) 704M->599M(910M) 3,492ms
[267,276s][info][gc] GC(3415) Pause Young (Allocation Failure) 713M->607M(910M) 5,676ms
[267,325s][info][gc] GC(3416) Pause Young (Allocation Failure) 721M->615M(910M) 7,972ms
[267,375s][info][gc] GC(3417) Pause Young (Allocation Failure) 729M->623M(910M) 10,040ms
[267,429s][info][gc] GC(3418) Pause Young (Allocation Failure) 737M->631M(910M) 13,144ms
[267,480s][info][gc] GC(3419) Pause Young (Allocation Failure) 745M->639M(910M) 11,054ms
[267,530s][info][gc] GC(3420) Pause Young (Allocation Failure) 753M->647M(910M) 9,144ms
[267,576s][info][gc] GC(3421) Pause Young (Allocation Failure) 761M->655M(910M) 6,258ms
[267,623s][info][gc] GC(3422) Pause Young (Allocation Failure) 769M->664M(910M) 6,348ms
[267,936s][info][gc] GC(3423) Pause Full (Ergonomics) 664M->590M(910M) 313,173ms
[267,980s][info][gc] GC(3424) Pause Young (Allocation Failure) 704M->599M(910M) 3,522ms
[268,027s][info][gc] GC(3425) Pause Young (Allocation Failure) 713M->607M(903M) 6,217ms
[268,077s][info][gc] GC(3426) Pause Young (Allocation Failure) 721M->615M(907M) 5,921ms
[268,129s][info][gc] GC(3427) Pause Young (Allocation Failure) 729M->623M(895M) 8,875ms
[268,186s][info][gc] GC(3428) Pause Young (Allocation Failure) 744M->632M(902M) 10,189ms
[268,244s][info][gc] GC(3429) Pause Young (Allocation Failure) 753M->640M(902M) 12,751ms
[268,308s][info][gc] GC(3430) Pause Young (Allocation Failure) 770M->649M(903M) 15,315ms
[268,371s][info][gc] GC(3431) Pause Young (Allocation Failure) 778M->658M(910M) 17,274ms
[268,438s][info][gc] GC(3432) Pause Young (Allocation Failure) 793M->666M(914M) 19,724ms
[268,508s][info][gc] GC(3433) Pause Young (Allocation Failure) 801M->675M(907M) 22,458ms
[268,577s][info][gc] GC(3434) Pause Young (Allocation Failure) 797M->683M(889M) 25,008ms
[268,647s][info][gc] GC(3435) Pause Young (Allocation Failure) 805M->691M(910M) 26,373ms
[268,714s][info][gc] GC(3436) Pause Young (Allocation Failure) 805M->698M(910M) 24,585ms
[268,777s][info][gc] GC(3437) Pause Young (Allocation Failure) 812M->705M(910M) 22,863ms
[268,838s][info][gc] GC(3438) Pause Young (Allocation Failure) 819M->713M(848M) 20,720ms
[269,160s][info][gc] GC(3439) Pause Full (Ergonomics) 713M->590M(910M) 322,685ms
[269,205s][info][gc] GC(3440) Pause Young (Allocation Failure) 704M->599M(910M) 3,481ms
[269,252s][info][gc] GC(3441) Pause Young (Allocation Failure) 713M->607M(910M) 5,789ms
[269,302s][info][gc] GC(3442) Pause Young (Allocation Failure) 722M->615M(822M) 8,193ms
[269,353s][info][gc] GC(3443) Pause Young (Allocation Failure) 730M->623M(911M) 10,182ms
[269,409s][info][gc] GC(3444) Pause Young (Allocation Failure) 743M->631M(907M) 12,669ms
[269,466s][info][gc] GC(3445) Pause Young (Allocation Failure) 751M->640M(908M) 14,627ms
[269,529s][info][gc] GC(3446) Pause Young (Allocation Failure) 770M->648M(909M) 17,110ms
[269,594s][info][gc] GC(3447) Pause Young (Allocation Failure) 779M->657M(918M) 19,466ms
[269,665s][info][gc] GC(3448) Pause Young (Allocation Failure) 796M->666M(897M) 21,709ms
[269,739s][info][gc] GC(3449) Pause Young (Allocation Failure) 805M->674M(904M) 24,579ms
[269,807s][info][gc] GC(3450) Pause Young (Allocation Failure) 791M->682M(891M) 26,043ms
[269,879s][info][gc] GC(3451) Pause Young (Allocation Failure) 799M->689M(910M) 30,483ms
[269,958s][info][gc] GC(3452) Pause Young (Allocation Failure) 803M->696M(910M) 37,031ms
[270,032s][info][gc] GC(3453) Pause Young (Allocation Failure) 810M->703M(910M) 32,112ms
[270,101s][info][gc] GC(3454) Pause Young (Allocation Failure) 817M->710M(910M) 26,577ms
[270,168s][info][gc] GC(3455) Pause Young (Allocation Failure) 824M->718M(910M) 24,676ms
[270,488s][info][gc] GC(3456) Pause Full (Ergonomics) 718M->590M(910M) 320,470ms
[270,533s][info][gc] GC(3457) Pause Young (Allocation Failure) 704M->599M(910M) 3,479ms
[270,580s][info][gc] GC(3458) Pause Young (Allocation Failure) 713M->607M(910M) 5,722ms
[270,629s][info][gc] GC(3459) Pause Young (Allocation Failure) 721M->615M(910M) 8,057ms
[270,680s][info][gc] GC(3460) Pause Young (Allocation Failure) 729M->623M(910M) 10,119ms
[270,733s][info][gc] GC(3461) Pause Young (Allocation Failure) 737M->631M(910M) 12,985ms
[270,786s][info][gc] GC(3462) Pause Young (Allocation Failure) 745M->639M(910M) 11,081ms
[270,836s][info][gc] GC(3463) Pause Young (Allocation Failure) 753M->647M(910M) 9,191ms
[270,883s][info][gc] GC(3464) Pause Young (Allocation Failure) 761M->656M(910M) 6,208ms
[270,930s][info][gc] GC(3465) Pause Young (Allocation Failure) 770M->664M(910M) 6,262ms
[271,260s][info][gc] GC(3466) Pause Full (Ergonomics) 664M->590M(910M) 329,840ms
[271,304s][info][gc] GC(3467) Pause Young (Allocation Failure) 704M->599M(905M) 3,402ms
[271,353s][info][gc] GC(3468) Pause Young (Allocation Failure) 713M->607M(908M) 5,500ms
[271,405s][info][gc] GC(3469) Pause Young (Allocation Failure) 721M->615M(897M) 8,183ms
[271,458s][info][gc] GC(3470) Pause Young (Allocation Failure) 736M->624M(903M) 10,309ms
[271,514s][info][gc] GC(3471) Pause Young (Allocation Failure) 745M->632M(902M) 12,657ms
[271,576s][info][gc] GC(3472) Pause Young (Allocation Failure) 761M->641M(904M) 15,106ms
[271,639s][info][gc] GC(3473) Pause Young (Allocation Failure) 770M->649M(910M) 17,243ms
[271,709s][info][gc] GC(3474) Pause Young (Allocation Failure) 785M->658M(914M) 19,611ms
[271,779s][info][gc] GC(3475) Pause Young (Allocation Failure) 794M->667M(907M) 22,302ms
[271,847s][info][gc] GC(3476) Pause Young (Allocation Failure) 790M->674M(890M) 24,377ms
[271,918s][info][gc] GC(3477) Pause Young (Allocation Failure) 797M->682M(910M) 26,343ms
[271,983s][info][gc] GC(3478) Pause Young (Allocation Failure) 796M->690M(910M) 25,006ms
[272,046s][info][gc] GC(3479) Pause Young (Allocation Failure) 804M->697M(910M) 22,344ms
[272,107s][info][gc] GC(3480) Pause Young (Allocation Failure) 811M->705M(848M) 20,709ms
[272,435s][info][gc] GC(3481) Pause Full (Ergonomics) 705M->590M(909M) 327,975ms
[272,479s][info][gc] GC(3482) Pause Young (Allocation Failure) 704M->599M(909M) 3,384ms
[272,526s][info][gc] GC(3483) Pause Young (Allocation Failure) 713M->607M(911M) 5,732ms
[272,577s][info][gc] GC(3484) Pause Young (Allocation Failure) 722M->615M(823M) 8,018ms
[272,629s][info][gc] GC(3485) Pause Young (Allocation Failure) 730M->623M(911M) 10,238ms
[272,684s][info][gc] GC(3486) Pause Young (Allocation Failure) 744M->632M(908M) 12,769ms
[272,741s][info][gc] GC(3487) Pause Young (Allocation Failure) 752M->640M(909M) 14,646ms
[272,805s][info][gc] GC(3488) Pause Young (Allocation Failure) 771M->648M(909M) 17,325ms
[272,871s][info][gc] GC(3489) Pause Young (Allocation Failure) 779M->657M(918M) 19,298ms
[272,942s][info][gc] GC(3490) Pause Young (Allocation Failure) 796M->666M(898M) 21,749ms
[273,016s][info][gc] GC(3491) Pause Young (Allocation Failure) 805M->675M(904M) 24,644ms
[273,084s][info][gc] GC(3492) Pause Young (Allocation Failure) 792M->682M(892M) 26,221ms
[273,158s][info][gc] GC(3493) Pause Young (Allocation Failure) 799M->689M(910M) 31,915ms
[273,241s][info][gc] GC(3494) Pause Young (Allocation Failure) 803M->696M(910M) 43,437ms
[273,337s][info][gc] GC(3495) Pause Young (Allocation Failure) 810M->703M(910M) 53,658ms
[273,423s][info][gc] GC(3496) Pause Young (Allocation Failure) 817M->710M(910M) 42,666ms
[273,498s][info][gc] GC(3497) Pause Young (Allocation Failure) 824M->717M(910M) 29,855ms
[273,569s][info][gc] GC(3498) Pause Young (Allocation Failure) 831M->724M(910M) 26,403ms
[273,900s][info][gc] GC(3499) Pause Full (Ergonomics) 724M->590M(910M) 330,643ms
[273,945s][info][gc] GC(3500) Pause Young (Allocation Failure) 704M->599M(910M) 3,345ms
[273,992s][info][gc] GC(3501) Pause Young (Allocation Failure) 713M->607M(910M) 5,600ms
[274,041s][info][gc] GC(3502) Pause Young (Allocation Failure) 721M->615M(910M) 8,004ms
[274,091s][info][gc] GC(3503) Pause Young (Allocation Failure) 729M->623M(910M) 10,204ms
[274,144s][info][gc] GC(3504) Pause Young (Allocation Failure) 737M->631M(910M) 12,622ms
[274,197s][info][gc] GC(3505) Pause Young (Allocation Failure) 745M->639M(910M) 13,121ms
[274,248s][info][gc] GC(3506) Pause Young (Allocation Failure) 753M->647M(910M) 11,106ms
[274,298s][info][gc] GC(3507) Pause Young (Allocation Failure) 761M->655M(910M) 9,185ms
[274,345s][info][gc] GC(3508) Pause Young (Allocation Failure) 769M->663M(910M) 6,267ms
[274,668s][info][gc] GC(3509) Pause Full (Ergonomics) 663M->590M(910M) 323,382ms
[274,712s][info][gc] GC(3510) Pause Young (Allocation Failure) 704M->599M(910M) 3,358ms
[274,759s][info][gc] GC(3511) Pause Young (Allocation Failure) 713M->607M(910M) 6,137ms
[274,806s][info][gc] GC(3512) Pause Young (Allocation Failure) 721M->615M(805M) 6,241ms
[274,853s][info][gc] GC(3513) Pause Young (Allocation Failure) 729M->624M(910M) 5,938ms
[274,904s][info][gc] GC(3514) Pause Young (Allocation Failure) 743M->632M(909M) 8,147ms
[274,958s][info][gc] GC(3515) Pause Young (Allocation Failure) 752M->640M(900M) 10,626ms
[275,015s][info][gc] GC(3516) Pause Young (Allocation Failure) 768M->649M(904M) 12,896ms
[275,077s][info][gc] GC(3517) Pause Young (Allocation Failure) 777M->658M(910M) 15,155ms
[275,142s][info][gc] GC(3518) Pause Young (Allocation Failure) 793M->667M(912M) 17,764ms
[275,210s][info][gc] GC(3519) Pause Young (Allocation Failure) 802M->676M(914M) 19,693ms
[275,279s][info][gc] GC(3520) Pause Young (Allocation Failure) 810M->684M(894M) 22,398ms
[275,351s][info][gc] GC(3521) Pause Young (Allocation Failure) 818M->693M(908M) 24,710ms
[275,418s][info][gc] GC(3522) Pause Young (Allocation Failure) 807M->700M(910M) 26,734ms
[275,484s][info][gc] GC(3523) Pause Young (Allocation Failure) 814M->707M(910M) 24,876ms
[275,547s][info][gc] GC(3524) Pause Young (Allocation Failure) 821M->714M(910M) 22,807ms
[275,608s][info][gc] GC(3525) Pause Young (Allocation Failure) 828M->722M(910M) 20,703ms
[275,933s][info][gc] GC(3526) Pause Full (Ergonomics) 722M->590M(910M) 324,830ms
[275,976s][info][gc] GC(3527) Pause Young (Allocation Failure) 704M->599M(910M) 3,395ms
[276,023s][info][gc] GC(3528) Pause Young (Allocation Failure) 713M->607M(910M) 5,685ms
[276,074s][info][gc] GC(3529) Pause Young (Allocation Failure) 721M->615M(906M) 7,998ms
[276,126s][info][gc] GC(3530) Pause Young (Allocation Failure) 729M->623M(908M) 10,239ms
[276,179s][info][gc] GC(3531) Pause Young (Allocation Failure) 737M->631M(902M) 12,326ms
[276,238s][info][gc] GC(3532) Pause Young (Allocation Failure) 754M->639M(906M) 14,609ms
[276,298s][info][gc] GC(3533) Pause Young (Allocation Failure) 762M->647M(913M) 16,753ms
[276,364s][info][gc] GC(3534) Pause Young (Allocation Failure) 781M->656M(913M) 19,317ms
[276,433s][info][gc] GC(3535) Pause Young (Allocation Failure) 790M->665M(914M) 21,723ms
[276,504s][info][gc] GC(3536) Pause Young (Allocation Failure) 797M->673M(898M) 24,131ms
[276,577s][info][gc] GC(3537) Pause Young (Allocation Failure) 805M->682M(908M) 25,823ms
[276,643s][info][gc] GC(3538) Pause Young (Allocation Failure) 796M->689M(910M) 26,233ms
[276,708s][info][gc] GC(3539) Pause Young (Allocation Failure) 803M->696M(910M) 24,448ms
[276,771s][info][gc] GC(3540) Pause Young (Allocation Failure) 810M->703M(858M) 22,627ms
[276,832s][info][gc] GC(3541) Pause Young (Allocation Failure) 817M->711M(912M) 20,698ms
[277,155s][info][gc] GC(3542) Pause Full (Ergonomics) 711M->590M(909M) 322,486ms
[277,200s][info][gc] GC(3543) Pause Young (Allocation Failure) 708M->599M(908M) 3,500ms
[277,249s][info][gc] GC(3544) Pause Young (Allocation Failure) 716M->608M(912M) 5,859ms
[277,301s][info][gc] GC(3545) Pause Young (Allocation Failure) 725M->616M(908M) 8,170ms
[277,353s][info][gc] GC(3546) Pause Young (Allocation Failure) 733M->624M(910M) 10,370ms
[277,407s][info][gc] GC(3547) Pause Young (Allocation Failure) 741M->632M(906M) 12,633ms
[277,466s][info][gc] GC(3548) Pause Young (Allocation Failure) 757M->640M(909M) 14,940ms
[277,528s][info][gc] GC(3549) Pause Young (Allocation Failure) 765M->649M(916M) 17,394ms
[277,595s][info][gc] GC(3550) Pause Young (Allocation Failure) 785M->658M(916M) 19,922ms
[277,666s][info][gc] GC(3551) Pause Young (Allocation Failure) 794M->667M(915M) 22,102ms
[277,738s][info][gc] GC(3552) Pause Young (Allocation Failure) 800M->675M(901M) 24,402ms
[277,812s][info][gc] GC(3553) Pause Young (Allocation Failure) 808M->683M(908M) 26,511ms
[277,886s][info][gc] GC(3554) Pause Young (Allocation Failure) 797M->690M(910M) 33,871ms
[277,972s][info][gc] GC(3555) Pause Young (Allocation Failure) 804M->697M(910M) 42,641ms
[278,059s][info][gc] GC(3556) Pause Young (Allocation Failure) 811M->704M(910M) 43,713ms
[278,135s][info][gc] GC(3557) Pause Young (Allocation Failure) 818M->711M(910M) 31,643ms
[278,206s][info][gc] GC(3558) Pause Young (Allocation Failure) 825M->719M(910M) 26,403ms
[278,272s][info][gc] GC(3559) Pause Young (Allocation Failure) 833M->726M(910M) 24,500ms
[278,599s][info][gc] GC(3560) Pause Full (Ergonomics) 726M->590M(910M) 326,608ms
[278,645s][info][gc] GC(3561) Pause Young (Allocation Failure) 704M->599M(910M) 4,015ms
[278,693s][info][gc] GC(3562) Pause Young (Allocation Failure) 713M->607M(910M) 5,656ms
[278,742s][info][gc] GC(3563) Pause Young (Allocation Failure) 721M->615M(910M) 7,886ms
[278,794s][info][gc] GC(3564) Pause Young (Allocation Failure) 729M->623M(910M) 10,134ms
[278,848s][info][gc] GC(3565) Pause Young (Allocation Failure) 737M->631M(910M) 12,948ms
[278,899s][info][gc] GC(3566) Pause Young (Allocation Failure) 745M->639M(910M) 11,079ms
[278,949s][info][gc] GC(3567) Pause Young (Allocation Failure) 753M->647M(910M) 9,182ms
[278,995s][info][gc] GC(3568) Pause Young (Allocation Failure) 761M->656M(910M) 6,329ms
[279,042s][info][gc] GC(3569) Pause Young (Allocation Failure) 770M->664M(910M) 6,347ms
[279,367s][info][gc] GC(3570) Pause Full (Ergonomics) 664M->590M(910M) 325,079ms
[279,411s][info][gc] GC(3571) Pause Young (Allocation Failure) 704M->599M(910M) 3,464ms
[279,459s][info][gc] GC(3572) Pause Young (Allocation Failure) 713M->607M(805M) 6,053ms
[279,507s][info][gc] GC(3573) Pause Young (Allocation Failure) 721M->615M(910M) 5,790ms
[279,557s][info][gc] GC(3574) Pause Young (Allocation Failure) 735M->624M(909M) 8,074ms
[279,610s][info][gc] GC(3575) Pause Young (Allocation Failure) 743M->632M(900M) 10,799ms
[279,668s][info][gc] GC(3576) Pause Young (Allocation Failure) 760M->641M(904M) 12,828ms
[279,728s][info][gc] GC(3577) Pause Young (Allocation Failure) 768M->649M(910M) 15,137ms
[279,793s][info][gc] GC(3578) Pause Young (Allocation Failure) 784M->658M(911M) 17,738ms
[279,861s][info][gc] GC(3579) Pause Young (Allocation Failure) 793M->667M(915M) 19,908ms
[279,931s][info][gc] GC(3580) Pause Young (Allocation Failure) 802M->676M(895M) 22,294ms
[280,003s][info][gc] GC(3581) Pause Young (Allocation Failure) 811M->684M(908M) 24,679ms
[280,070s][info][gc] GC(3582) Pause Young (Allocation Failure) 798M->692M(910M) 26,821ms
[280,135s][info][gc] GC(3583) Pause Young (Allocation Failure) 806M->699M(910M) 25,018ms
[280,199s][info][gc] GC(3584) Pause Young (Allocation Failure) 813M->706M(910M) 23,155ms
[280,260s][info][gc] GC(3585) Pause Young (Allocation Failure) 820M->714M(910M) 20,849ms
[280,587s][info][gc] GC(3586) Pause Full (Ergonomics) 714M->590M(910M) 326,990ms
[280,633s][info][gc] GC(3587) Pause Young (Allocation Failure) 704M->599M(910M) 3,327ms
[280,681s][info][gc] GC(3588) Pause Young (Allocation Failure) 713M->607M(910M) 5,647ms
[280,731s][info][gc] GC(3589) Pause Young (Allocation Failure) 721M->615M(905M) 8,045ms
[280,782s][info][gc] GC(3590) Pause Young (Allocation Failure) 729M->623M(908M) 10,050ms
[280,835s][info][gc] GC(3591) Pause Young (Allocation Failure) 737M->631M(902M) 12,340ms
[280,895s][info][gc] GC(3592) Pause Young (Allocation Failure) 754M->639M(906M) 14,522ms
[280,956s][info][gc] GC(3593) Pause Young (Allocation Failure) 763M->648M(914M) 16,920ms
[281,023s][info][gc] GC(3594) Pause Young (Allocation Failure) 782M->656M(914M) 19,210ms
[281,092s][info][gc] GC(3595) Pause Young (Allocation Failure) 790M->665M(913M) 21,672ms
[281,162s][info][gc] GC(3596) Pause Young (Allocation Failure) 796M->673M(897M) 23,849ms
[281,235s][info][gc] GC(3597) Pause Young (Allocation Failure) 804M->682M(908M) 26,050ms
[281,301s][info][gc] GC(3598) Pause Young (Allocation Failure) 796M->689M(910M) 26,299ms
[281,366s][info][gc] GC(3599) Pause Young (Allocation Failure) 803M->696M(910M) 24,563ms
[281,429s][info][gc] GC(3600) Pause Young (Allocation Failure) 810M->703M(858M) 22,819ms
[281,495s][info][gc] GC(3601) Pause Young (Allocation Failure) 817M->711M(912M) 21,847ms
[281,804s][info][gc] GC(3602) Pause Full (Ergonomics) 711M->590M(909M) 309,430ms
[281,850s][info][gc] GC(3603) Pause Young (Allocation Failure) 708M->599M(908M) 3,550ms
[281,898s][info][gc] GC(3604) Pause Young (Allocation Failure) 716M->607M(912M) 5,929ms
[281,948s][info][gc] GC(3605) Pause Young (Allocation Failure) 724M->616M(908M) 8,224ms
[282,000s][info][gc] GC(3606) Pause Young (Allocation Failure) 733M->624M(910M) 10,333ms
[282,054s][info][gc] GC(3607) Pause Young (Allocation Failure) 741M->632M(906M) 12,513ms
[282,114s][info][gc] GC(3608) Pause Young (Allocation Failure) 757M->640M(909M) 14,927ms
[282,176s][info][gc] GC(3609) Pause Young (Allocation Failure) 765M->649M(916M) 17,195ms
[282,243s][info][gc] GC(3610) Pause Young (Allocation Failure) 785M->658M(916M) 19,547ms
[282,313s][info][gc] GC(3611) Pause Young (Allocation Failure) 794M->667M(915M) 22,156ms
[282,385s][info][gc] GC(3612) Pause Young (Allocation Failure) 800M->675M(901M) 24,261ms
[282,458s][info][gc] GC(3613) Pause Young (Allocation Failure) 808M->683M(908M) 26,413ms
[282,534s][info][gc] GC(3614) Pause Young (Allocation Failure) 797M->690M(910M) 35,393ms
[282,620s][info][gc] GC(3615) Pause Young (Allocation Failure) 804M->697M(910M) 45,470ms
[282,698s][info][gc] GC(3616) Pause Young (Allocation Failure) 811M->704M(910M) 33,586ms
[282,769s][info][gc] GC(3617) Pause Young (Allocation Failure) 818M->712M(910M) 26,387ms
[282,837s][info][gc] GC(3618) Pause Young (Allocation Failure) 826M->719M(910M) 24,751ms
[283,152s][info][gc] GC(3619) Pause Full (Ergonomics) 719M->590M(910M) 315,050ms
[283,196s][info][gc] GC(3620) Pause Young (Allocation Failure) 704M->599M(910M) 3,419ms
[283,244s][info][gc] GC(3621) Pause Young (Allocation Failure) 713M->607M(910M) 5,712ms
[283,295s][info][gc] GC(3622) Pause Young (Allocation Failure) 721M->615M(910M) 7,880ms
[283,345s][info][gc] GC(3623) Pause Young (Allocation Failure) 729M->623M(910M) 10,150ms
[283,399s][info][gc] GC(3624) Pause Young (Allocation Failure) 737M->631M(910M) 13,038ms
[283,450s][info][gc] GC(3625) Pause Young (Allocation Failure) 745M->639M(910M) 11,189ms
[283,500s][info][gc] GC(3626) Pause Young (Allocation Failure) 753M->647M(910M) 9,273ms
[283,548s][info][gc] GC(3627) Pause Young (Allocation Failure) 761M->655M(910M) 6,304ms
[283,594s][info][gc] GC(3628) Pause Young (Allocation Failure) 769M->664M(910M) 6,302ms
[283,915s][info][gc] GC(3629) Pause Full (Ergonomics) 664M->590M(910M) 320,988ms
[283,961s][info][gc] GC(3630) Pause Young (Allocation Failure) 704M->599M(805M) 3,501ms
[284,008s][info][gc] GC(3631) Pause Young (Allocation Failure) 713M->607M(911M) 5,716ms
[284,060s][info][gc] GC(3632) Pause Young (Allocation Failure) 726M->615M(909M) 8,298ms
[284,114s][info][gc] GC(3633) Pause Young (Allocation Failure) 734M->624M(900M) 10,606ms
[284,172s][info][gc] GC(3634) Pause Young (Allocation Failure) 751M->633M(904M) 12,825ms
[284,232s][info][gc] GC(3635) Pause Young (Allocation Failure) 760M->641M(911M) 15,089ms
[284,297s][info][gc] GC(3636) Pause Young (Allocation Failure) 777M->650M(911M) 17,635ms
[284,365s][info][gc] GC(3637) Pause Young (Allocation Failure) 786M->659M(916M) 19,890ms
[284,435s][info][gc] GC(3638) Pause Young (Allocation Failure) 795M->668M(896M) 22,466ms
[284,508s][info][gc] GC(3639) Pause Young (Allocation Failure) 804M->676M(907M) 24,754ms
[284,575s][info][gc] GC(3640) Pause Young (Allocation Failure) 790M->684M(910M) 26,778ms
[284,641s][info][gc] GC(3641) Pause Young (Allocation Failure) 798M->691M(910M) 25,252ms
[284,705s][info][gc] GC(3642) Pause Young (Allocation Failure) 805M->698M(910M) 23,153ms
[284,766s][info][gc] GC(3643) Pause Young (Allocation Failure) 812M->706M(910M) 20,764ms
[285,088s][info][gc] GC(3644) Pause Full (Ergonomics) 706M->590M(910M) 322,310ms
[285,133s][info][gc] GC(3645) Pause Young (Allocation Failure) 704M->599M(910M) 3,450ms
[285,181s][info][gc] GC(3646) Pause Young (Allocation Failure) 713M->607M(910M) 5,689ms
[285,230s][info][gc] GC(3647) Pause Young (Allocation Failure) 721M->615M(905M) 7,955ms
[285,283s][info][gc] GC(3648) Pause Young (Allocation Failure) 729M->623M(908M) 10,233ms
[285,336s][info][gc] GC(3649) Pause Young (Allocation Failure) 737M->631M(902M) 12,299ms
[285,394s][info][gc] GC(3650) Pause Young (Allocation Failure) 754M->639M(906M) 14,665ms
[285,455s][info][gc] GC(3651) Pause Young (Allocation Failure) 763M->648M(914M) 16,970ms
[285,526s][info][gc] GC(3652) Pause Young (Allocation Failure) 782M->656M(914M) 21,730ms
[285,612s][info][gc] GC(3653) Pause Young (Allocation Failure) 791M->665M(914M) 21,650ms
[285,683s][info][gc] GC(3654) Pause Young (Allocation Failure) 797M->674M(898M) 23,962ms
[285,756s][info][gc] GC(3655) Pause Young (Allocation Failure) 806M->682M(908M) 26,296ms
[285,824s][info][gc] GC(3656) Pause Young (Allocation Failure) 796M->689M(910M) 27,851ms
[285,895s][info][gc] GC(3657) Pause Young (Allocation Failure) 803M->696M(910M) 30,560ms
[285,962s][info][gc] GC(3658) Pause Young (Allocation Failure) 810M->703M(910M) 26,529ms
[286,026s][info][gc] GC(3659) Pause Young (Allocation Failure) 817M->710M(910M) 24,775ms
[286,089s][info][gc] GC(3660) Pause Young (Allocation Failure) 824M->718M(910M) 22,564ms
[286,388s][info][gc] GC(3661) Pause Full (Ergonomics) 718M->590M(910M) 298,624ms
[286,432s][info][gc] GC(3662) Pause Young (Allocation Failure) 704M->599M(910M) 3,534ms
[286,478s][info][gc] GC(3663) Pause Young (Allocation Failure) 713M->607M(910M) 5,641ms
[286,526s][info][gc] GC(3664) Pause Young (Allocation Failure) 721M->615M(910M) 7,983ms
[286,577s][info][gc] GC(3665) Pause Young (Allocation Failure) 729M->623M(910M) 10,509ms
[286,628s][info][gc] GC(3666) Pause Young (Allocation Failure) 737M->631M(910M) 10,987ms
[286,678s][info][gc] GC(3667) Pause Young (Allocation Failure) 745M->639M(910M) 9,113ms
[286,725s][info][gc] GC(3668) Pause Young (Allocation Failure) 753M->648M(910M) 6,302ms
[286,772s][info][gc] GC(3669) Pause Young (Allocation Failure) 762M->656M(907M) 6,408ms
[286,818s][info][gc] GC(3670) Pause Young (Allocation Failure) 770M->664M(909M) 5,907ms
[286,867s][info][gc] GC(3671) Pause Young (Allocation Failure) 778M->672M(903M) 8,246ms
[286,920s][info][gc] GC(3672) Pause Young (Allocation Failure) 794M->681M(906M) 10,509ms
[286,976s][info][gc] GC(3673) Pause Young (Allocation Failure) 802M->689M(904M) 12,911ms
[287,038s][info][gc] GC(3674) Pause Young (Allocation Failure) 820M->698M(906M) 15,126ms
[287,101s][info][gc] GC(3675) Pause Young (Allocation Failure) 829M->707M(915M) 17,472ms
[287,170s][info][gc] GC(3676) Pause Young (Allocation Failure) 846M->716M(918M) 19,897ms
[287,243s][info][gc] GC(3677) Pause Young (Allocation Failure) 855M->725M(907M) 22,756ms
[287,311s][info][gc] GC(3678) Pause Young (Allocation Failure) 848M->733M(891M) 24,535ms
[287,382s][info][gc] GC(3679) Pause Young (Allocation Failure) 856M->740M(910M) 26,615ms
[287,710s][info][gc] GC(3680) Pause Full (Ergonomics) 740M->590M(910M) 327,945ms
[287,755s][info][gc] GC(3681) Pause Young (Allocation Failure) 704M->599M(910M) 3,343ms
[287,802s][info][gc] GC(3682) Pause Young (Allocation Failure) 713M->607M(910M) 5,530ms
[287,852s][info][gc] GC(3683) Pause Young (Allocation Failure) 721M->615M(910M) 7,812ms
[287,904s][info][gc] GC(3684) Pause Young (Allocation Failure) 729M->623M(830M) 10,160ms
[287,956s][info][gc] GC(3685) Pause Young (Allocation Failure) 737M->631M(910M) 12,194ms
[288,013s][info][gc] GC(3686) Pause Young (Allocation Failure) 752M->639M(907M) 14,544ms
[288,073s][info][gc] GC(3687) Pause Young (Allocation Failure) 760M->647M(914M) 16,989ms
[288,139s][info][gc] GC(3688) Pause Young (Allocation Failure) 779M->656M(914M) 18,942ms
[288,207s][info][gc] GC(3689) Pause Young (Allocation Failure) 788M->664M(912M) 21,592ms
[288,276s][info][gc] GC(3690) Pause Young (Allocation Failure) 791M->673M(892M) 23,828ms
[288,346s][info][gc] GC(3691) Pause Young (Allocation Failure) 800M->681M(910M) 25,932ms
[288,413s][info][gc] GC(3692) Pause Young (Allocation Failure) 795M->688M(910M) 26,074ms
[288,478s][info][gc] GC(3693) Pause Young (Allocation Failure) 802M->695M(910M) 24,158ms
[288,541s][info][gc] GC(3694) Pause Young (Allocation Failure) 809M->702M(857M) 22,591ms
[288,601s][info][gc] GC(3695) Pause Young (Allocation Failure) 816M->710M(914M) 20,220ms
[288,929s][info][gc] GC(3696) Pause Full (Ergonomics) 710M->590M(910M) 328,062ms
[288,975s][info][gc] GC(3697) Pause Young (Allocation Failure) 708M->599M(908M) 3,502ms
[289,022s][info][gc] GC(3698) Pause Young (Allocation Failure) 715M->607M(911M) 5,748ms
[289,074s][info][gc] GC(3699) Pause Young (Allocation Failure) 723M->616M(908M) 8,082ms
[289,127s][info][gc] GC(3700) Pause Young (Allocation Failure) 733M->624M(910M) 10,293ms
[289,181s][info][gc] GC(3701) Pause Young (Allocation Failure) 741M->632M(905M) 12,602ms
[289,240s][info][gc] GC(3702) Pause Young (Allocation Failure) 757M->640M(908M) 14,940ms
[289,301s][info][gc] GC(3703) Pause Young (Allocation Failure) 765M->649M(916M) 17,085ms
[289,369s][info][gc] GC(3704) Pause Young (Allocation Failure) 786M->658M(916M) 19,591ms
[289,440s][info][gc] GC(3705) Pause Young (Allocation Failure) 795M->666M(915M) 22,068ms
[289,511s][info][gc] GC(3706) Pause Young (Allocation Failure) 799M->675M(900M) 24,315ms
[289,584s][info][gc] GC(3707) Pause Young (Allocation Failure) 808M->683M(908M) 26,284ms
[289,657s][info][gc] GC(3708) Pause Young (Allocation Failure) 797M->690M(910M) 32,295ms
[289,729s][info][gc] GC(3709) Pause Young (Allocation Failure) 804M->697M(910M) 30,541ms
[289,796s][info][gc] GC(3710) Pause Young (Allocation Failure) 811M->704M(910M) 26,492ms
[289,861s][info][gc] GC(3711) Pause Young (Allocation Failure) 818M->712M(910M) 24,848ms
[289,924s][info][gc] GC(3712) Pause Young (Allocation Failure) 826M->719M(910M) 22,646ms
[290,254s][info][gc] GC(3713) Pause Full (Ergonomics) 719M->590M(910M) 329,580ms
[290,298s][info][gc] GC(3714) Pause Young (Allocation Failure) 704M->599M(910M) 3,491ms
[290,345s][info][gc] GC(3715) Pause Young (Allocation Failure) 713M->607M(910M) 5,646ms
[290,395s][info][gc] GC(3716) Pause Young (Allocation Failure) 721M->615M(910M) 8,065ms
[290,446s][info][gc] GC(3717) Pause Young (Allocation Failure) 729M->623M(910M) 10,527ms
[290,498s][info][gc] GC(3718) Pause Young (Allocation Failure) 737M->631M(910M) 11,071ms
[290,548s][info][gc] GC(3719) Pause Young (Allocation Failure) 745M->639M(910M) 9,129ms
[290,595s][info][gc] GC(3720) Pause Young (Allocation Failure) 753M->648M(910M) 6,212ms
[290,642s][info][gc] GC(3721) Pause Young (Allocation Failure) 762M->656M(909M) 6,350ms
[290,688s][info][gc] GC(3722) Pause Young (Allocation Failure) 770M->664M(814M) 5,856ms
[290,737s][info][gc] GC(3723) Pause Young (Allocation Failure) 778M->672M(909M) 8,201ms
[290,789s][info][gc] GC(3724) Pause Young (Allocation Failure) 793M->680M(907M) 10,290ms
[290,845s][info][gc] GC(3725) Pause Young (Allocation Failure) 801M->689M(903M) 12,787ms
[290,906s][info][gc] GC(3726) Pause Young (Allocation Failure) 820M->698M(906M) 15,231ms
[290,970s][info][gc] GC(3727) Pause Young (Allocation Failure) 829M->706M(915M) 17,470ms
[291,040s][info][gc] GC(3728) Pause Young (Allocation Failure) 846M->715M(918M) 20,024ms
[291,111s][info][gc] GC(3729) Pause Young (Allocation Failure) 855M->725M(908M) 22,285ms
[291,180s][info][gc] GC(3730) Pause Young (Allocation Failure) 849M->732M(885M) 24,610ms
[291,249s][info][gc] GC(3731) Pause Young (Allocation Failure) 856M->740M(910M) 25,189ms
[291,570s][info][gc] GC(3732) Pause Full (Ergonomics) 740M->590M(910M) 321,707ms
[291,615s][info][gc] GC(3733) Pause Young (Allocation Failure) 704M->599M(910M) 3,402ms
[291,663s][info][gc] GC(3734) Pause Young (Allocation Failure) 713M->607M(910M) 5,636ms
[291,713s][info][gc] GC(3735) Pause Young (Allocation Failure) 721M->615M(905M) 8,019ms
[291,765s][info][gc] GC(3736) Pause Young (Allocation Failure) 729M->623M(908M) 10,149ms
[291,818s][info][gc] GC(3737) Pause Young (Allocation Failure) 737M->631M(902M) 12,250ms
[291,877s][info][gc] GC(3738) Pause Young (Allocation Failure) 755M->639M(906M) 14,690ms
[291,938s][info][gc] GC(3739) Pause Young (Allocation Failure) 763M->648M(915M) 16,930ms
[292,006s][info][gc] GC(3740) Pause Young (Allocation Failure) 783M->656M(915M) 19,263ms
[292,075s][info][gc] GC(3741) Pause Young (Allocation Failure) 792M->665M(913M) 21,668ms
[292,145s][info][gc] GC(3742) Pause Young (Allocation Failure) 795M->674M(896M) 24,082ms
[292,217s][info][gc] GC(3743) Pause Young (Allocation Failure) 804M->682M(909M) 25,950ms
[292,284s][info][gc] GC(3744) Pause Young (Allocation Failure) 796M->689M(910M) 26,306ms
[292,348s][info][gc] GC(3745) Pause Young (Allocation Failure) 803M->696M(910M) 24,660ms
[292,412s][info][gc] GC(3746) Pause Young (Allocation Failure) 810M->704M(910M) 22,795ms
[292,473s][info][gc] GC(3747) Pause Young (Allocation Failure) 818M->711M(902M) 20,904ms
[292,798s][info][gc] GC(3748) Pause Full (Ergonomics) 711M->590M(906M) 325,637ms
[292,844s][info][gc] GC(3749) Pause Young (Allocation Failure) 704M->599M(907M) 3,413ms
[292,893s][info][gc] GC(3750) Pause Young (Allocation Failure) 714M->607M(911M) 5,705ms
[292,942s][info][gc] GC(3751) Pause Young (Allocation Failure) 722M->615M(907M) 7,965ms
[292,993s][info][gc] GC(3752) Pause Young (Allocation Failure) 730M->623M(909M) 10,171ms
[293,046s][info][gc] GC(3753) Pause Young (Allocation Failure) 738M->631M(905M) 12,354ms
[293,104s][info][gc] GC(3754) Pause Young (Allocation Failure) 755M->640M(908M) 14,762ms
[293,165s][info][gc] GC(3755) Pause Young (Allocation Failure) 763M->648M(914M) 17,029ms
[293,232s][info][gc] GC(3756) Pause Young (Allocation Failure) 783M->657M(915M) 19,586ms
[293,302s][info][gc] GC(3757) Pause Young (Allocation Failure) 792M->665M(915M) 21,724ms
[293,373s][info][gc] GC(3758) Pause Young (Allocation Failure) 798M->674M(900M) 24,131ms
[293,446s][info][gc] GC(3759) Pause Young (Allocation Failure) 807M->682M(907M) 26,385ms
[293,519s][info][gc] GC(3760) Pause Young (Allocation Failure) 796M->689M(910M) 31,908ms
[293,585s][info][gc] GC(3761) Pause Young (Allocation Failure) 803M->696M(910M) 26,463ms
[293,652s][info][gc] GC(3762) Pause Young (Allocation Failure) 810M->704M(910M) 24,754ms
[293,717s][info][gc] GC(3763) Pause Young (Allocation Failure) 818M->711M(910M) 22,656ms
[294,028s][info][gc] GC(3764) Pause Full (Ergonomics) 711M->590M(910M) 310,104ms
[294,072s][info][gc] GC(3765) Pause Young (Allocation Failure) 704M->599M(910M) 3,519ms
[294,118s][info][gc] GC(3766) Pause Young (Allocation Failure) 713M->607M(910M) 5,686ms
[294,168s][info][gc] GC(3767) Pause Young (Allocation Failure) 721M->615M(910M) 7,858ms
[294,220s][info][gc] GC(3768) Pause Young (Allocation Failure) 729M->623M(910M) 10,534ms
[294,271s][info][gc] GC(3769) Pause Young (Allocation Failure) 737M->631M(910M) 10,958ms
[294,319s][info][gc] GC(3770) Pause Young (Allocation Failure) 745M->639M(822M) 8,124ms
[294,370s][info][gc] GC(3771) Pause Young (Allocation Failure) 753M->647M(912M) 10,178ms
[294,425s][info][gc] GC(3772) Pause Young (Allocation Failure) 766M->655M(907M) 12,426ms
[294,482s][info][gc] GC(3773) Pause Young (Allocation Failure) 774M->664M(909M) 14,684ms
[294,545s][info][gc] GC(3774) Pause Young (Allocation Failure) 793M->672M(908M) 16,842ms
[294,609s][info][gc] GC(3775) Pause Young (Allocation Failure) 801M->681M(918M) 19,154ms
[294,680s][info][gc] GC(3776) Pause Young (Allocation Failure) 819M->690M(921M) 21,799ms
[294,752s][info][gc] GC(3777) Pause Young (Allocation Failure) 828M->699M(917M) 22,461ms
[294,821s][info][gc] GC(3778) Pause Young (Allocation Failure) 831M->707M(885M) 22,697ms
[294,891s][info][gc] GC(3779) Pause Young (Allocation Failure) 839M->716M(918M) 23,255ms
[294,959s][info][gc] GC(3780) Pause Young (Allocation Failure) 845M->724M(868M) 21,620ms
[295,278s][info][gc] GC(3781) Pause Full (Ergonomics) 724M->590M(913M) 319,493ms
[295,328s][info][gc] GC(3782) Pause Young (Allocation Failure) 719M->600M(913M) 3,658ms
[295,382s][info][gc] GC(3783) Pause Young (Allocation Failure) 729M->609M(920M) 6,296ms
[295,438s][info][gc] GC(3784) Pause Young (Allocation Failure) 743M->619M(845M) 8,938ms
[295,497s][info][gc] GC(3785) Pause Young (Allocation Failure) 752M->628M(922M) 11,524ms
[295,560s][info][gc] GC(3786) Pause Young (Allocation Failure) 766M->637M(917M) 14,189ms
[295,628s][info][gc] GC(3787) Pause Young (Allocation Failure) 775M->646M(919M) 16,609ms
[295,702s][info][gc] GC(3788) Pause Young (Allocation Failure) 790M->656M(919M) 18,977ms
[295,776s][info][gc] GC(3789) Pause Young (Allocation Failure) 800M->665M(918M) 21,658ms
[295,851s][info][gc] GC(3790) Pause Young (Allocation Failure) 805M->674M(907M) 24,282ms
[295,927s][info][gc] GC(3791) Pause Young (Allocation Failure) 814M->683M(905M) 26,406ms
[295,998s][info][gc] GC(3792) Pause Young (Allocation Failure) 797M->690M(910M) 29,667ms
[296,083s][info][gc] GC(3793) Pause Young (Allocation Failure) 804M->697M(910M) 43,814ms
[296,156s][info][gc] GC(3794) Pause Young (Allocation Failure) 811M->704M(910M) 30,155ms
[296,225s][info][gc] GC(3795) Pause Young (Allocation Failure) 818M->711M(910M) 25,801ms
[296,290s][info][gc] GC(3796) Pause Young (Allocation Failure) 825M->719M(910M) 23,081ms
[296,632s][info][gc] GC(3797) Pause Full (Ergonomics) 719M->590M(910M) 341,822ms
[296,684s][info][gc] GC(3798) Pause Young (Allocation Failure) 704M->599M(910M) 3,869ms
[296,737s][info][gc] GC(3799) Pause Young (Allocation Failure) 713M->607M(910M) 5,592ms
[296,790s][info][gc] GC(3800) Pause Young (Allocation Failure) 721M->615M(910M) 7,676ms
[296,846s][info][gc] GC(3801) Pause Young (Allocation Failure) 729M->623M(910M) 10,217ms
[296,902s][info][gc] GC(3802) Pause Young (Allocation Failure) 737M->631M(910M) 10,880ms
[296,957s][info][gc] GC(3803) Pause Young (Allocation Failure) 745M->639M(910M) 8,964ms
[297,008s][info][gc] GC(3804) Pause Young (Allocation Failure) 753M->648M(910M) 6,189ms
[297,059s][info][gc] GC(3805) Pause Young (Allocation Failure) 762M->656M(910M) 6,171ms
[297,111s][info][gc] GC(3806) Pause Young (Allocation Failure) 770M->664M(805M) 6,209ms
[297,163s][info][gc] GC(3807) Pause Young (Allocation Failure) 778M->672M(912M) 6,195ms
[297,218s][info][gc] GC(3808) Pause Young (Allocation Failure) 791M->681M(827M) 8,198ms
[297,276s][info][gc] GC(3809) Pause Young (Allocation Failure) 800M->689M(904M) 10,731ms
[297,339s][info][gc] GC(3810) Pause Young (Allocation Failure) 817M->698M(905M) 12,744ms
[297,403s][info][gc] GC(3811) Pause Young (Allocation Failure) 826M->706M(913M) 15,125ms
[297,477s][info][gc] GC(3812) Pause Young (Allocation Failure) 844M->716M(914M) 19,563ms
[297,551s][info][gc] GC(3813) Pause Young (Allocation Failure) 854M->725M(916M) 20,202ms
[297,628s][info][gc] GC(3814) Pause Young (Allocation Failure) 861M->734M(897M) 22,538ms
[297,707s][info][gc] GC(3815) Pause Young (Allocation Failure) 870M->742M(907M) 25,085ms
[298,040s][info][gc] GC(3816) Pause Full (Ergonomics) 742M->590M(910M) 332,664ms
[298,084s][info][gc] GC(3817) Pause Young (Allocation Failure) 704M->599M(910M) 3,448ms
[298,132s][info][gc] GC(3818) Pause Young (Allocation Failure) 713M->607M(910M) 5,672ms
[298,182s][info][gc] GC(3819) Pause Young (Allocation Failure) 721M->615M(902M) 7,969ms
[298,234s][info][gc] GC(3820) Pause Young (Allocation Failure) 729M->623M(906M) 10,310ms
[298,287s][info][gc] GC(3821) Pause Young (Allocation Failure) 737M->631M(898M) 12,387ms
[298,345s][info][gc] GC(3822) Pause Young (Allocation Failure) 755M->639M(904M) 14,785ms
[298,406s][info][gc] GC(3823) Pause Young (Allocation Failure) 763M->648M(913M) 17,017ms
[298,473s][info][gc] GC(3824) Pause Young (Allocation Failure) 782M->656M(914M) 19,280ms
[298,542s][info][gc] GC(3825) Pause Young (Allocation Failure) 791M->665M(912M) 21,579ms
[298,612s][info][gc] GC(3826) Pause Young (Allocation Failure) 794M->673M(895M) 24,031ms
[298,684s][info][gc] GC(3827) Pause Young (Allocation Failure) 802M->681M(910M) 26,186ms
[298,751s][info][gc] GC(3828) Pause Young (Allocation Failure) 795M->689M(910M) 26,181ms
[298,817s][info][gc] GC(3829) Pause Young (Allocation Failure) 803M->696M(910M) 24,593ms
[298,880s][info][gc] GC(3830) Pause Young (Allocation Failure) 810M->703M(910M) 22,790ms
[298,940s][info][gc] GC(3831) Pause Young (Allocation Failure) 817M->711M(904M) 20,420ms
[299,250s][info][gc] GC(3832) Pause Full (Ergonomics) 711M->590M(907M) 309,472ms
[299,295s][info][gc] GC(3833) Pause Young (Allocation Failure) 704M->599M(908M) 3,444ms
[299,342s][info][gc] GC(3834) Pause Young (Allocation Failure) 714M->607M(911M) 5,812ms
[299,391s][info][gc] GC(3835) Pause Young (Allocation Failure) 722M->615M(907M) 8,046ms
[299,443s][info][gc] GC(3836) Pause Young (Allocation Failure) 730M->623M(909M) 10,159ms
[299,496s][info][gc] GC(3837) Pause Young (Allocation Failure) 738M->631M(904M) 12,392ms
[299,555s][info][gc] GC(3838) Pause Young (Allocation Failure) 755M->640M(907M) 14,671ms
[299,616s][info][gc] GC(3839) Pause Young (Allocation Failure) 763M->648M(915M) 16,889ms
[299,683s][info][gc] GC(3840) Pause Young (Allocation Failure) 784M->657M(915M) 19,394ms
[299,755s][info][gc] GC(3841) Pause Young (Allocation Failure) 793M->665M(915M) 21,856ms
[299,828s][info][gc] GC(3842) Pause Young (Allocation Failure) 798M->674M(899M) 23,967ms
[299,901s][info][gc] GC(3843) Pause Young (Allocation Failure) 807M->682M(907M) 26,566ms
[299,967s][info][gc] GC(3844) Pause Young (Allocation Failure) 796M->690M(910M) 24,806ms
[300,030s][info][gc] GC(3845) Pause Young (Allocation Failure) 804M->697M(902M) 22,865ms
[300,091s][info][gc] GC(3846) Pause Young (Allocation Failure) 812M->705M(906M) 20,663ms
[300,419s][info][gc] GC(3847) Pause Full (Ergonomics) 705M->590M(914M) 327,369ms
[300,468s][info][gc] GC(3848) Pause Young (Allocation Failure) 717M->600M(915M) 3,796ms
[300,519s][info][gc] GC(3849) Pause Young (Allocation Failure) 727M->609M(914M) 6,165ms
[300,574s][info][gc] GC(3850) Pause Young (Allocation Failure) 732M->618M(833M) 8,596ms
[300,630s][info][gc] GC(3851) Pause Young (Allocation Failure) 741M->626M(917M) 11,002ms
[300,690s][info][gc] GC(3852) Pause Young (Allocation Failure) 754M->635M(855M) 13,458ms
[300,751s][info][gc] GC(3853) Pause Young (Allocation Failure) 762M->643M(915M) 15,732ms
[300,817s][info][gc] GC(3854) Pause Young (Allocation Failure) 778M->652M(912M) 18,232ms
[300,886s][info][gc] GC(3855) Pause Young (Allocation Failure) 787M->661M(920M) 20,788ms
[300,959s][info][gc] GC(3856) Pause Young (Allocation Failure) 803M->670M(905M) 22,923ms
[301,038s][info][gc] GC(3857) Pause Young (Allocation Failure) 812M->679M(903M) 25,693ms
[301,107s][info][gc] GC(3858) Pause Young (Allocation Failure) 794M->686M(894M) 26,884ms
[301,185s][info][gc] GC(3859) Pause Young (Allocation Failure) 801M->693M(910M) 36,880ms
[301,254s][info][gc] GC(3860) Pause Young (Allocation Failure) 807M->700M(910M) 26,992ms
[301,323s][info][gc] GC(3861) Pause Young (Allocation Failure) 814M->708M(910M) 25,242ms
[301,387s][info][gc] GC(3862) Pause Young (Allocation Failure) 822M->715M(910M) 22,890ms
[301,712s][info][gc] GC(3863) Pause Full (Ergonomics) 715M->590M(910M) 324,826ms
[301,757s][info][gc] GC(3864) Pause Young (Allocation Failure) 704M->599M(910M) 3,422ms
[301,804s][info][gc] GC(3865) Pause Young (Allocation Failure) 713M->607M(910M) 5,681ms
[301,855s][info][gc] GC(3866) Pause Young (Allocation Failure) 721M->615M(910M) 7,853ms
[301,908s][info][gc] GC(3867) Pause Young (Allocation Failure) 729M->623M(910M) 10,332ms
[301,961s][info][gc] GC(3868) Pause Young (Allocation Failure) 737M->631M(910M) 10,978ms
[302,011s][info][gc] GC(3869) Pause Young (Allocation Failure) 745M->639M(910M) 9,214ms
[302,059s][info][gc] GC(3870) Pause Young (Allocation Failure) 753M->648M(910M) 6,292ms
[302,107s][info][gc] GC(3871) Pause Young (Allocation Failure) 762M->656M(907M) 6,383ms
[302,155s][info][gc] GC(3872) Pause Young (Allocation Failure) 770M->664M(909M) 5,877ms
[302,204s][info][gc] GC(3873) Pause Young (Allocation Failure) 778M->672M(902M) 8,160ms
[302,260s][info][gc] GC(3874) Pause Young (Allocation Failure) 793M->681M(906M) 10,513ms
[302,317s][info][gc] GC(3875) Pause Young (Allocation Failure) 802M->689M(904M) 13,114ms
[302,381s][info][gc] GC(3876) Pause Young (Allocation Failure) 820M->698M(906M) 15,011ms
[302,446s][info][gc] GC(3877) Pause Young (Allocation Failure) 829M->707M(915M) 17,441ms
[302,518s][info][gc] GC(3878) Pause Young (Allocation Failure) 847M->716M(918M) 20,041ms
[302,591s][info][gc] GC(3879) Pause Young (Allocation Failure) 856M->725M(908M) 22,656ms
[302,660s][info][gc] GC(3880) Pause Young (Allocation Failure) 849M->733M(885M) 24,765ms
[302,730s][info][gc] GC(3881) Pause Young (Allocation Failure) 857M->741M(910M) 25,061ms
[303,053s][info][gc] GC(3882) Pause Full (Ergonomics) 741M->590M(910M) 322,968ms
[303,097s][info][gc] GC(3883) Pause Young (Allocation Failure) 704M->599M(910M) 3,462ms
[303,144s][info][gc] GC(3884) Pause Young (Allocation Failure) 713M->607M(910M) 5,684ms
[303,194s][info][gc] GC(3885) Pause Young (Allocation Failure) 721M->615M(905M) 7,986ms
[303,246s][info][gc] GC(3886) Pause Young (Allocation Failure) 729M->623M(908M) 10,104ms
[303,300s][info][gc] GC(3887) Pause Young (Allocation Failure) 737M->631M(903M) 12,276ms
[303,359s][info][gc] GC(3888) Pause Young (Allocation Failure) 755M->639M(906M) 14,632ms
[303,421s][info][gc] GC(3889) Pause Young (Allocation Failure) 764M->648M(915M) 16,763ms
[303,489s][info][gc] GC(3890) Pause Young (Allocation Failure) 783M->657M(915M) 19,315ms
[303,559s][info][gc] GC(3891) Pause Young (Allocation Failure) 792M->665M(913M) 21,611ms
[303,630s][info][gc] GC(3892) Pause Young (Allocation Failure) 795M->674M(896M) 24,089ms
[303,703s][info][gc] GC(3893) Pause Young (Allocation Failure) 804M->682M(910M) 26,157ms
[303,770s][info][gc] GC(3894) Pause Young (Allocation Failure) 796M->689M(910M) 26,158ms
[303,836s][info][gc] GC(3895) Pause Young (Allocation Failure) 803M->696M(910M) 24,767ms
[303,900s][info][gc] GC(3896) Pause Young (Allocation Failure) 810M->704M(910M) 23,117ms
[303,961s][info][gc] GC(3897) Pause Young (Allocation Failure) 818M->711M(903M) 20,647ms
[304,297s][info][gc] GC(3898) Pause Full (Ergonomics) 711M->590M(907M) 336,361ms
[304,344s][info][gc] GC(3899) Pause Young (Allocation Failure) 704M->599M(908M) 3,334ms
[304,392s][info][gc] GC(3900) Pause Young (Allocation Failure) 714M->607M(911M) 5,685ms
[304,442s][info][gc] GC(3901) Pause Young (Allocation Failure) 722M->615M(907M) 8,043ms
[304,494s][info][gc] GC(3902) Pause Young (Allocation Failure) 730M->623M(909M) 10,228ms
[304,548s][info][gc] GC(3903) Pause Young (Allocation Failure) 738M->631M(904M) 12,570ms
[304,607s][info][gc] GC(3904) Pause Young (Allocation Failure) 754M->640M(907M) 14,664ms
[304,668s][info][gc] GC(3905) Pause Young (Allocation Failure) 763M->648M(913M) 16,900ms
[304,735s][info][gc] GC(3906) Pause Young (Allocation Failure) 783M->657M(914M) 19,161ms
[304,806s][info][gc] GC(3907) Pause Young (Allocation Failure) 792M->665M(916M) 21,733ms
[304,878s][info][gc] GC(3908) Pause Young (Allocation Failure) 799M->674M(900M) 24,261ms
[304,952s][info][gc] GC(3909) Pause Young (Allocation Failure) 808M->682M(907M) 26,293ms
[305,024s][info][gc] GC(3910) Pause Young (Allocation Failure) 796M->689M(910M) 30,755ms
[305,091s][info][gc] GC(3911) Pause Young (Allocation Failure) 803M->696M(910M) 26,511ms
[305,157s][info][gc] GC(3912) Pause Young (Allocation Failure) 810M->704M(910M) 25,076ms
[305,221s][info][gc] GC(3913) Pause Young (Allocation Failure) 818M->711M(910M) 22,945ms
[305,547s][info][gc] GC(3914) Pause Full (Ergonomics) 711M->590M(910M) 326,232ms
[305,591s][info][gc] GC(3915) Pause Young (Allocation Failure) 704M->599M(910M) 3,556ms
[305,638s][info][gc] GC(3916) Pause Young (Allocation Failure) 713M->607M(910M) 5,707ms
[305,688s][info][gc] GC(3917) Pause Young (Allocation Failure) 721M->615M(910M) 7,916ms
[305,741s][info][gc] GC(3918) Pause Young (Allocation Failure) 729M->623M(910M) 10,322ms
[305,794s][info][gc] GC(3919) Pause Young (Allocation Failure) 737M->631M(910M) 11,011ms
[305,846s][info][gc] GC(3920) Pause Young (Allocation Failure) 745M->639M(822M) 8,026ms
[305,900s][info][gc] GC(3921) Pause Young (Allocation Failure) 753M->647M(912M) 10,155ms
[305,958s][info][gc] GC(3922) Pause Young (Allocation Failure) 766M->655M(907M) 12,263ms
[306,017s][info][gc] GC(3923) Pause Young (Allocation Failure) 774M->663M(909M) 14,629ms
[306,081s][info][gc] GC(3924) Pause Young (Allocation Failure) 792M->672M(908M) 17,044ms
[306,147s][info][gc] GC(3925) Pause Young (Allocation Failure) 801M->681M(918M) 19,280ms
[306,218s][info][gc] GC(3926) Pause Young (Allocation Failure) 819M->689M(921M) 21,834ms
[306,289s][info][gc] GC(3927) Pause Young (Allocation Failure) 828M->698M(917M) 22,415ms
[306,358s][info][gc] GC(3928) Pause Young (Allocation Failure) 830M->707M(885M) 22,545ms
[306,428s][info][gc] GC(3929) Pause Young (Allocation Failure) 839M->716M(919M) 23,261ms
[306,496s][info][gc] GC(3930) Pause Young (Allocation Failure) 845M->724M(869M) 21,646ms
[306,823s][info][gc] GC(3931) Pause Full (Ergonomics) 724M->590M(913M) 327,377ms
[306,873s][info][gc] GC(3932) Pause Young (Allocation Failure) 720M->600M(913M) 3,852ms
[306,925s][info][gc] GC(3933) Pause Young (Allocation Failure) 730M->609M(920M) 6,182ms
[306,983s][info][gc] GC(3934) Pause Young (Allocation Failure) 743M->619M(845M) 8,947ms
[307,043s][info][gc] GC(3935) Pause Young (Allocation Failure) 752M->628M(922M) 11,526ms
[307,106s][info][gc] GC(3936) Pause Young (Allocation Failure) 766M->637M(917M) 14,131ms
[307,172s][info][gc] GC(3937) Pause Young (Allocation Failure) 775M->647M(919M) 16,459ms
[307,242s][info][gc] GC(3938) Pause Young (Allocation Failure) 791M->656M(919M) 19,200ms
[307,314s][info][gc] GC(3939) Pause Young (Allocation Failure) 800M->665M(918M) 21,669ms
[307,388s][info][gc] GC(3940) Pause Young (Allocation Failure) 805M->674M(907M) 24,206ms
[307,464s][info][gc] GC(3941) Pause Young (Allocation Failure) 814M->683M(905M) 26,440ms
[307,533s][info][gc] GC(3942) Pause Young (Allocation Failure) 797M->690M(910M) 28,805ms
[307,616s][info][gc] GC(3943) Pause Young (Allocation Failure) 804M->697M(910M) 41,736ms
[307,686s][info][gc] GC(3944) Pause Young (Allocation Failure) 811M->704M(910M) 27,983ms
[307,754s][info][gc] GC(3945) Pause Young (Allocation Failure) 818M->711M(910M) 25,683ms
[307,821s][info][gc] GC(3946) Pause Young (Allocation Failure) 825M->719M(910M) 23,243ms
[308,146s][info][gc] GC(3947) Pause Full (Ergonomics) 719M->590M(910M) 324,438ms
[308,190s][info][gc] GC(3948) Pause Young (Allocation Failure) 704M->599M(910M) 3,411ms
[308,237s][info][gc] GC(3949) Pause Young (Allocation Failure) 713M->607M(910M) 5,890ms
[308,287s][info][gc] GC(3950) Pause Young (Allocation Failure) 721M->615M(910M) 7,923ms
[308,338s][info][gc] GC(3951) Pause Young (Allocation Failure) 729M->623M(910M) 10,445ms
[308,389s][info][gc] GC(3952) Pause Young (Allocation Failure) 737M->631M(910M) 11,118ms
[308,439s][info][gc] GC(3953) Pause Young (Allocation Failure) 745M->639M(910M) 9,188ms
[308,485s][info][gc] GC(3954) Pause Young (Allocation Failure) 753M->648M(910M) 6,252ms
[308,532s][info][gc] GC(3955) Pause Young (Allocation Failure) 762M->656M(910M) 6,325ms
[308,580s][info][gc] GC(3956) Pause Young (Allocation Failure) 770M->664M(805M) 6,356ms
[308,626s][info][gc] GC(3957) Pause Young (Allocation Failure) 778M->672M(913M) 5,786ms
[308,678s][info][gc] GC(3958) Pause Young (Allocation Failure) 791M->681M(827M) 8,340ms
[308,732s][info][gc] GC(3959) Pause Young (Allocation Failure) 800M->689M(905M) 10,762ms
[308,791s][info][gc] GC(3960) Pause Young (Allocation Failure) 817M->698M(906M) 13,057ms
[308,851s][info][gc] GC(3961) Pause Young (Allocation Failure) 826M->707M(914M) 15,186ms
[308,918s][info][gc] GC(3962) Pause Young (Allocation Failure) 846M->716M(915M) 17,850ms
[308,987s][info][gc] GC(3963) Pause Young (Allocation Failure) 855M->725M(915M) 20,286ms
[309,058s][info][gc] GC(3964) Pause Young (Allocation Failure) 860M->734M(889M) 22,729ms
[309,378s][info][gc] GC(3965) Pause Full (Ergonomics) 734M->590M(916M) 319,703ms
[309,426s][info][gc] GC(3966) Pause Young (Allocation Failure) 715M->600M(817M) 3,644ms
[309,478s][info][gc] GC(3967) Pause Young (Allocation Failure) 725M->609M(918M) 6,085ms
[309,532s][info][gc] GC(3968) Pause Young (Allocation Failure) 737M->618M(838M) 8,799ms
[309,589s][info][gc] GC(3969) Pause Young (Allocation Failure) 746M->627M(915M) 11,188ms
[309,651s][info][gc] GC(3970) Pause Young (Allocation Failure) 763M->636M(912M) 13,587ms
[309,716s][info][gc] GC(3971) Pause Young (Allocation Failure) 772M->645M(921M) 16,171ms
[309,787s][info][gc] GC(3972) Pause Young (Allocation Failure) 793M->655M(922M) 18,916ms
[309,861s][info][gc] GC(3973) Pause Young (Allocation Failure) 802M->664M(915M) 21,357ms
[309,933s][info][gc] GC(3974) Pause Young (Allocation Failure) 800M->673M(902M) 23,795ms
[310,008s][info][gc] GC(3975) Pause Young (Allocation Failure) 809M->681M(907M) 25,969ms
[310,077s][info][gc] GC(3976) Pause Young (Allocation Failure) 795M->688M(910M) 28,869ms
[310,161s][info][gc] GC(3977) Pause Young (Allocation Failure) 802M->695M(910M) 43,370ms
[310,254s][info][gc] GC(3978) Pause Young (Allocation Failure) 809M->702M(910M) 52,161ms
[310,347s][info][gc] GC(3979) Pause Young (Allocation Failure) 816M->709M(910M) 49,042ms
[310,428s][info][gc] GC(3980) Pause Young (Allocation Failure) 823M->716M(910M) 36,171ms
[310,500s][info][gc] GC(3981) Pause Young (Allocation Failure) 830M->723M(910M) 26,887ms
[310,568s][info][gc] GC(3982) Pause Young (Allocation Failure) 837M->731M(910M) 24,682ms
[310,901s][info][gc] GC(3983) Pause Full (Ergonomics) 731M->590M(910M) 332,917ms
[310,947s][info][gc] GC(3984) Pause Young (Allocation Failure) 704M->599M(910M) 3,441ms
[310,996s][info][gc] GC(3985) Pause Young (Allocation Failure) 713M->607M(910M) 5,625ms
[311,045s][info][gc] GC(3986) Pause Young (Allocation Failure) 721M->615M(910M) 8,001ms
[311,096s][info][gc] GC(3987) Pause Young (Allocation Failure) 729M->623M(910M) 10,111ms
[311,150s][info][gc] GC(3988) Pause Young (Allocation Failure) 737M->631M(910M) 13,015ms
[311,202s][info][gc] GC(3989) Pause Young (Allocation Failure) 745M->639M(910M) 10,981ms
[311,252s][info][gc] GC(3990) Pause Young (Allocation Failure) 753M->647M(910M) 9,006ms
[311,300s][info][gc] GC(3991) Pause Young (Allocation Failure) 761M->655M(910M) 6,310ms
[311,347s][info][gc] GC(3992) Pause Young (Allocation Failure) 769M->664M(910M) 6,234ms
[311,678s][info][gc] GC(3993) Pause Full (Ergonomics) 664M->590M(910M) 331,185ms
[311,723s][info][gc] GC(3994) Pause Young (Allocation Failure) 704M->599M(910M) 3,417ms
[311,772s][info][gc] GC(3995) Pause Young (Allocation Failure) 713M->607M(910M) 6,183ms
[311,820s][info][gc] GC(3996) Pause Young (Allocation Failure) 721M->615M(805M) 6,466ms
[311,866s][info][gc] GC(3997) Pause Young (Allocation Failure) 729M->624M(909M) 6,083ms
[311,917s][info][gc] GC(3998) Pause Young (Allocation Failure) 744M->632M(907M) 8,421ms
[311,971s][info][gc] GC(3999) Pause Young (Allocation Failure) 752M->640M(899M) 10,937ms
[312,029s][info][gc] GC(4000) Pause Young (Allocation Failure) 769M->649M(904M) 12,776ms
[312,090s][info][gc] GC(4001) Pause Young (Allocation Failure) 778M->658M(911M) 15,233ms
[312,156s][info][gc] GC(4002) Pause Young (Allocation Failure) 795M->667M(913M) 17,619ms
[312,226s][info][gc] GC(4003) Pause Young (Allocation Failure) 804M->676M(913M) 20,144ms
[312,295s][info][gc] GC(4004) Pause Young (Allocation Failure) 809M->684M(894M) 22,400ms
[312,368s][info][gc] GC(4005) Pause Young (Allocation Failure) 817M->693M(909M) 24,689ms
[312,435s][info][gc] GC(4006) Pause Young (Allocation Failure) 807M->700M(910M) 26,463ms
[312,501s][info][gc] GC(4007) Pause Young (Allocation Failure) 814M->707M(910M) 25,131ms
[312,564s][info][gc] GC(4008) Pause Young (Allocation Failure) 821M->715M(910M) 23,047ms
[312,626s][info][gc] GC(4009) Pause Young (Allocation Failure) 829M->722M(910M) 20,876ms
[312,945s][info][gc] GC(4010) Pause Full (Ergonomics) 722M->590M(910M) 318,787ms
[312,989s][info][gc] GC(4011) Pause Young (Allocation Failure) 704M->599M(910M) 3,497ms
[313,036s][info][gc] GC(4012) Pause Young (Allocation Failure) 713M->607M(910M) 5,662ms
[313,085s][info][gc] GC(4013) Pause Young (Allocation Failure) 721M->615M(906M) 7,908ms
[313,136s][info][gc] GC(4014) Pause Young (Allocation Failure) 729M->623M(908M) 10,202ms
[313,189s][info][gc] GC(4015) Pause Young (Allocation Failure) 737M->631M(903M) 12,302ms
[313,247s][info][gc] GC(4016) Pause Young (Allocation Failure) 754M->639M(906M) 14,697ms
[313,307s][info][gc] GC(4017) Pause Young (Allocation Failure) 762M->648M(914M) 16,831ms
[313,374s][info][gc] GC(4018) Pause Young (Allocation Failure) 782M->656M(914M) 19,284ms
[313,443s][info][gc] GC(4019) Pause Young (Allocation Failure) 790M->665M(914M) 21,671ms
[313,514s][info][gc] GC(4020) Pause Young (Allocation Failure) 796M->673M(890M) 24,136ms
[313,584s][info][gc] GC(4021) Pause Young (Allocation Failure) 804M->682M(907M) 24,366ms
[313,649s][info][gc] GC(4022) Pause Young (Allocation Failure) 797M->689M(875M) 24,158ms
[313,715s][info][gc] GC(4023) Pause Young (Allocation Failure) 804M->696M(910M) 24,698ms
[313,778s][info][gc] GC(4024) Pause Young (Allocation Failure) 810M->704M(858M) 22,821ms
[313,839s][info][gc] GC(4025) Pause Young (Allocation Failure) 818M->711M(911M) 20,682ms
[314,167s][info][gc] GC(4026) Pause Full (Ergonomics) 711M->590M(907M) 327,731ms
[314,212s][info][gc] GC(4027) Pause Young (Allocation Failure) 708M->599M(910M) 3,518ms
[314,262s][info][gc] GC(4028) Pause Young (Allocation Failure) 721M->608M(914M) 5,823ms
[314,315s][info][gc] GC(4029) Pause Young (Allocation Failure) 729M->616M(910M) 8,375ms
[314,369s][info][gc] GC(4030) Pause Young (Allocation Failure) 738M->625M(912M) 10,631ms
[314,425s][info][gc] GC(4031) Pause Young (Allocation Failure) 746M->633M(908M) 12,897ms
[314,486s][info][gc] GC(4032) Pause Young (Allocation Failure) 763M->642M(911M) 15,319ms
[314,551s][info][gc] GC(4033) Pause Young (Allocation Failure) 772M->651M(920M) 17,745ms
[314,622s][info][gc] GC(4034) Pause Young (Allocation Failure) 792M->660M(920M) 20,252ms
[314,695s][info][gc] GC(4035) Pause Young (Allocation Failure) 801M->669M(913M) 22,655ms
[314,766s][info][gc] GC(4036) Pause Young (Allocation Failure) 800M->677M(901M) 24,927ms
[314,840s][info][gc] GC(4037) Pause Young (Allocation Failure) 808M->685M(909M) 27,055ms
[314,916s][info][gc] GC(4038) Pause Young (Allocation Failure) 799M->692M(910M) 36,113ms
[314,993s][info][gc] GC(4039) Pause Young (Allocation Failure) 806M->699M(910M) 36,619ms
[315,063s][info][gc] GC(4040) Pause Young (Allocation Failure) 813M->706M(910M) 26,892ms
[315,132s][info][gc] GC(4041) Pause Young (Allocation Failure) 820M->714M(910M) 25,226ms
[315,195s][info][gc] GC(4042) Pause Young (Allocation Failure) 828M->721M(910M) 22,746ms
[315,524s][info][gc] GC(4043) Pause Full (Ergonomics) 721M->590M(910M) 328,718ms
[315,586s][info][gc] GC(4044) Pause Young (Allocation Failure) 704M->599M(910M) 3,493ms
[315,634s][info][gc] GC(4045) Pause Young (Allocation Failure) 713M->607M(910M) 5,644ms
[315,685s][info][gc] GC(4046) Pause Young (Allocation Failure) 721M->615M(910M) 7,917ms
[315,737s][info][gc] GC(4047) Pause Young (Allocation Failure) 729M->623M(910M) 10,438ms
[315,789s][info][gc] GC(4048) Pause Young (Allocation Failure) 737M->631M(910M) 11,073ms
[315,839s][info][gc] GC(4049) Pause Young (Allocation Failure) 745M->639M(910M) 8,973ms
[315,886s][info][gc] GC(4050) Pause Young (Allocation Failure) 753M->648M(910M) 6,319ms
[315,933s][info][gc] GC(4051) Pause Young (Allocation Failure) 762M->656M(910M) 6,315ms
[315,980s][info][gc] GC(4052) Pause Young (Allocation Failure) 770M->664M(805M) 6,510ms
[316,026s][info][gc] GC(4053) Pause Young (Allocation Failure) 778M->672M(912M) 5,923ms
[316,076s][info][gc] GC(4054) Pause Young (Allocation Failure) 791M->681M(827M) 8,472ms
[316,129s][info][gc] GC(4055) Pause Young (Allocation Failure) 799M->689M(904M) 10,594ms
[316,187s][info][gc] GC(4056) Pause Young (Allocation Failure) 817M->698M(905M) 12,846ms
[316,247s][info][gc] GC(4057) Pause Young (Allocation Failure) 826M->706M(912M) 15,362ms
[316,314s][info][gc] GC(4058) Pause Young (Allocation Failure) 844M->716M(913M) 17,814ms
[316,382s][info][gc] GC(4059) Pause Young (Allocation Failure) 853M->724M(915M) 19,947ms
[316,452s][info][gc] GC(4060) Pause Young (Allocation Failure) 860M->733M(897M) 22,378ms
[316,525s][info][gc] GC(4061) Pause Young (Allocation Failure) 869M->742M(907M) 24,905ms
[316,842s][info][gc] GC(4062) Pause Full (Ergonomics) 742M->590M(910M) 316,803ms
[316,886s][info][gc] GC(4063) Pause Young (Allocation Failure) 704M->599M(910M) 3,469ms
[316,933s][info][gc] GC(4064) Pause Young (Allocation Failure) 713M->607M(910M) 5,666ms
[316,983s][info][gc] GC(4065) Pause Young (Allocation Failure) 721M->615M(901M) 7,922ms
[317,035s][info][gc] GC(4066) Pause Young (Allocation Failure) 729M->623M(906M) 10,137ms
[317,088s][info][gc] GC(4067) Pause Young (Allocation Failure) 737M->631M(899M) 12,314ms
[317,147s][info][gc] GC(4068) Pause Young (Allocation Failure) 755M->639M(904M) 14,681ms
[317,208s][info][gc] GC(4069) Pause Young (Allocation Failure) 763M->648M(913M) 17,020ms
[317,275s][info][gc] GC(4070) Pause Young (Allocation Failure) 782M->657M(914M) 19,467ms
[317,344s][info][gc] GC(4071) Pause Young (Allocation Failure) 791M->665M(912M) 21,661ms
[317,414s][info][gc] GC(4072) Pause Young (Allocation Failure) 794M->674M(895M) 24,005ms
[317,487s][info][gc] GC(4073) Pause Young (Allocation Failure) 803M->682M(910M) 26,234ms
[317,555s][info][gc] GC(4074) Pause Young (Allocation Failure) 796M->689M(910M) 27,543ms
[317,635s][info][gc] GC(4075) Pause Young (Allocation Failure) 803M->696M(910M) 39,941ms
[317,708s][info][gc] GC(4076) Pause Young (Allocation Failure) 810M->703M(910M) 31,128ms
[317,778s][info][gc] GC(4077) Pause Young (Allocation Failure) 817M->710M(910M) 26,102ms
[317,845s][info][gc] GC(4078) Pause Young (Allocation Failure) 824M->717M(910M) 24,628ms
[317,908s][info][gc] GC(4079) Pause Young (Allocation Failure) 831M->725M(910M) 22,224ms
[318,229s][info][gc] GC(4080) Pause Full (Ergonomics) 725M->590M(910M) 321,107ms
[318,273s][info][gc] GC(4081) Pause Young (Allocation Failure) 704M->599M(910M) 3,529ms
[318,319s][info][gc] GC(4082) Pause Young (Allocation Failure) 713M->607M(910M) 5,627ms
[318,369s][info][gc] GC(4083) Pause Young (Allocation Failure) 721M->615M(910M) 7,943ms
[318,421s][info][gc] GC(4084) Pause Young (Allocation Failure) 729M->623M(910M) 10,420ms
[318,473s][info][gc] GC(4085) Pause Young (Allocation Failure) 737M->631M(910M) 10,919ms
[318,523s][info][gc] GC(4086) Pause Young (Allocation Failure) 745M->639M(910M) 9,162ms
[318,569s][info][gc] GC(4087) Pause Young (Allocation Failure) 753M->648M(910M) 6,185ms
[318,616s][info][gc] GC(4088) Pause Young (Allocation Failure) 762M->656M(910M) 6,249ms
[318,663s][info][gc] GC(4089) Pause Young (Allocation Failure) 770M->664M(906M) 6,299ms
[318,709s][info][gc] GC(4090) Pause Young (Allocation Failure) 778M->672M(908M) 5,821ms
[318,758s][info][gc] GC(4091) Pause Young (Allocation Failure) 786M->680M(903M) 7,983ms
[318,812s][info][gc] GC(4092) Pause Young (Allocation Failure) 803M->689M(906M) 10,487ms
[318,869s][info][gc] GC(4093) Pause Young (Allocation Failure) 812M->697M(906M) 12,764ms
[318,931s][info][gc] GC(4094) Pause Young (Allocation Failure) 831M->706M(908M) 15,321ms
[318,996s][info][gc] GC(4095) Pause Young (Allocation Failure) 840M->715M(918M) 17,796ms
[319,066s][info][gc] GC(4096) Pause Young (Allocation Failure) 857M->725M(921M) 20,246ms
[319,139s][info][gc] GC(4097) Pause Young (Allocation Failure) 867M->734M(910M) 22,799ms
[319,473s][info][gc] GC(4098) Pause Full (Ergonomics) 734M->590M(916M) 333,433ms
[319,521s][info][gc] GC(4099) Pause Young (Allocation Failure) 715M->600M(914M) 3,662ms
[319,573s][info][gc] GC(4100) Pause Young (Allocation Failure) 725M->609M(915M) 6,151ms
[319,627s][info][gc] GC(4101) Pause Young (Allocation Failure) 734M->617M(909M) 8,655ms
[319,684s][info][gc] GC(4102) Pause Young (Allocation Failure) 747M->626M(912M) 11,023ms
[319,743s][info][gc] GC(4103) Pause Young (Allocation Failure) 756M->635M(912M) 13,372ms
[319,810s][info][gc] GC(4104) Pause Young (Allocation Failure) 776M->645M(914M) 16,214ms
[319,879s][info][gc] GC(4105) Pause Young (Allocation Failure) 786M->654M(924M) 18,647ms
[319,953s][info][gc] GC(4106) Pause Young (Allocation Failure) 804M->664M(906M) 21,362ms
[320,030s][info][gc] GC(4107) Pause Young (Allocation Failure) 813M->673M(905M) 24,115ms
[320,098s][info][gc] GC(4108) Pause Young (Allocation Failure) 793M->681M(893M) 25,610ms
[320,170s][info][gc] GC(4109) Pause Young (Allocation Failure) 801M->688M(910M) 29,632ms
[320,256s][info][gc] GC(4110) Pause Young (Allocation Failure) 802M->695M(910M) 39,955ms
[320,353s][info][gc] GC(4111) Pause Young (Allocation Failure) 809M->702M(910M) 52,081ms
[320,444s][info][gc] GC(4112) Pause Young (Allocation Failure) 816M->709M(910M) 47,452ms
[320,529s][info][gc] GC(4113) Pause Young (Allocation Failure) 823M->716M(910M) 40,340ms
[320,600s][info][gc] GC(4114) Pause Young (Allocation Failure) 830M->723M(910M) 27,051ms
[320,668s][info][gc] GC(4115) Pause Young (Allocation Failure) 837M->730M(910M) 24,887ms
[320,997s][info][gc] GC(4116) Pause Full (Ergonomics) 730M->590M(910M) 328,013ms
[321,042s][info][gc] GC(4117) Pause Young (Allocation Failure) 704M->599M(910M) 3,392ms
[321,089s][info][gc] GC(4118) Pause Young (Allocation Failure) 713M->607M(910M) 5,655ms
[321,137s][info][gc] GC(4119) Pause Young (Allocation Failure) 721M->615M(910M) 8,041ms
[321,188s][info][gc] GC(4120) Pause Young (Allocation Failure) 729M->623M(910M) 10,203ms
[321,241s][info][gc] GC(4121) Pause Young (Allocation Failure) 737M->631M(910M) 12,824ms
[321,292s][info][gc] GC(4122) Pause Young (Allocation Failure) 745M->639M(910M) 11,174ms
[321,341s][info][gc] GC(4123) Pause Young (Allocation Failure) 753M->647M(910M) 9,171ms
[321,387s][info][gc] GC(4124) Pause Young (Allocation Failure) 761M->655M(910M) 6,237ms
[321,434s][info][gc] GC(4125) Pause Young (Allocation Failure) 769M->664M(910M) 6,268ms
[321,763s][info][gc] GC(4126) Pause Full (Ergonomics) 664M->590M(910M) 329,475ms
[321,807s][info][gc] GC(4127) Pause Young (Allocation Failure) 704M->599M(910M) 3,468ms
[321,856s][info][gc] GC(4128) Pause Young (Allocation Failure) 713M->607M(910M) 6,157ms
[321,906s][info][gc] GC(4129) Pause Young (Allocation Failure) 721M->615M(904M) 6,228ms
[321,954s][info][gc] GC(4130) Pause Young (Allocation Failure) 729M->623M(907M) 6,232ms
[322,005s][info][gc] GC(4131) Pause Young (Allocation Failure) 737M->632M(895M) 8,413ms
[322,060s][info][gc] GC(4132) Pause Young (Allocation Failure) 753M->640M(902M) 10,396ms
[322,118s][info][gc] GC(4133) Pause Young (Allocation Failure) 762M->648M(903M) 12,985ms
[322,180s][info][gc] GC(4134) Pause Young (Allocation Failure) 779M->657M(904M) 15,007ms
[322,250s][info][gc] GC(4135) Pause Young (Allocation Failure) 788M->666M(912M) 17,611ms
[322,325s][info][gc] GC(4136) Pause Young (Allocation Failure) 803M->675M(916M) 19,811ms
[322,401s][info][gc] GC(4137) Pause Young (Allocation Failure) 812M->684M(905M) 23,459ms
[322,469s][info][gc] GC(4138) Pause Young (Allocation Failure) 803M->691M(886M) 24,266ms
[322,540s][info][gc] GC(4139) Pause Young (Allocation Failure) 810M->699M(910M) 26,449ms
[322,606s][info][gc] GC(4140) Pause Young (Allocation Failure) 813M->706M(910M) 24,952ms
[322,671s][info][gc] GC(4141) Pause Young (Allocation Failure) 820M->713M(910M) 22,520ms
[322,733s][info][gc] GC(4142) Pause Young (Allocation Failure) 827M->721M(910M) 20,355ms
[323,060s][info][gc] GC(4143) Pause Full (Ergonomics) 721M->590M(910M) 327,080ms
[323,104s][info][gc] GC(4144) Pause Young (Allocation Failure) 704M->599M(910M) 3,484ms
[323,151s][info][gc] GC(4145) Pause Young (Allocation Failure) 713M->607M(910M) 5,729ms
[323,203s][info][gc] GC(4146) Pause Young (Allocation Failure) 721M->615M(822M) 8,223ms
[323,255s][info][gc] GC(4147) Pause Young (Allocation Failure) 729M->623M(911M) 10,133ms
[323,311s][info][gc] GC(4148) Pause Young (Allocation Failure) 742M->631M(907M) 12,470ms
[323,368s][info][gc] GC(4149) Pause Young (Allocation Failure) 750M->639M(908M) 14,542ms
[323,433s][info][gc] GC(4150) Pause Young (Allocation Failure) 769M->648M(908M) 18,546ms
[323,498s][info][gc] GC(4151) Pause Young (Allocation Failure) 777M->656M(918M) 18,911ms
[323,570s][info][gc] GC(4152) Pause Young (Allocation Failure) 795M->665M(896M) 21,466ms
[323,648s][info][gc] GC(4153) Pause Young (Allocation Failure) 804M->674M(904M) 24,418ms
[323,718s][info][gc] GC(4154) Pause Young (Allocation Failure) 791M->681M(891M) 25,854ms
[323,789s][info][gc] GC(4155) Pause Young (Allocation Failure) 798M->689M(910M) 30,362ms
[323,857s][info][gc] GC(4156) Pause Young (Allocation Failure) 803M->696M(910M) 26,475ms
[323,922s][info][gc] GC(4157) Pause Young (Allocation Failure) 810M->703M(910M) 24,614ms
[323,985s][info][gc] GC(4158) Pause Young (Allocation Failure) 817M->711M(910M) 22,685ms
[324,046s][info][gc] GC(4159) Pause Young (Allocation Failure) 825M->718M(908M) 20,223ms
[324,368s][info][gc] GC(4160) Pause Full (Ergonomics) 718M->590M(909M) 321,605ms
[324,412s][info][gc] GC(4161) Pause Young (Allocation Failure) 704M->599M(909M) 3,481ms
[324,459s][info][gc] GC(4162) Pause Young (Allocation Failure) 713M->607M(910M) 5,741ms
[324,509s][info][gc] GC(4163) Pause Young (Allocation Failure) 721M->615M(910M) 7,983ms
[324,561s][info][gc] GC(4164) Pause Young (Allocation Failure) 729M->623M(910M) 11,013ms
[324,610s][info][gc] GC(4165) Pause Young (Allocation Failure) 737M->631M(903M) 7,960ms
[324,661s][info][gc] GC(4166) Pause Young (Allocation Failure) 745M->639M(907M) 10,202ms
[324,714s][info][gc] GC(4167) Pause Young (Allocation Failure) 753M->647M(900M) 12,287ms
[324,773s][info][gc] GC(4168) Pause Young (Allocation Failure) 771M->655M(906M) 14,873ms
[324,833s][info][gc] GC(4169) Pause Young (Allocation Failure) 779M->664M(914M) 16,773ms
[324,901s][info][gc] GC(4170) Pause Young (Allocation Failure) 799M->673M(914M) 19,350ms
[324,970s][info][gc] GC(4171) Pause Young (Allocation Failure) 808M->681M(914M) 21,686ms
[325,041s][info][gc] GC(4172) Pause Young (Allocation Failure) 813M->690M(891M) 24,068ms
[325,113s][info][gc] GC(4173) Pause Young (Allocation Failure) 822M->698M(908M) 24,495ms
[325,178s][info][gc] GC(4174) Pause Young (Allocation Failure) 814M->706M(876M) 24,415ms
[325,244s][info][gc] GC(4175) Pause Young (Allocation Failure) 822M->713M(910M) 24,950ms
[325,307s][info][gc] GC(4176) Pause Young (Allocation Failure) 827M->720M(858M) 23,097ms
[325,633s][info][gc] GC(4177) Pause Full (Ergonomics) 720M->590M(907M) 326,118ms
[325,678s][info][gc] GC(4178) Pause Young (Allocation Failure) 704M->599M(907M) 3,471ms
[325,725s][info][gc] GC(4179) Pause Young (Allocation Failure) 713M->607M(910M) 5,609ms
[325,776s][info][gc] GC(4180) Pause Young (Allocation Failure) 721M->615M(822M) 7,814ms
[325,828s][info][gc] GC(4181) Pause Young (Allocation Failure) 729M->623M(912M) 10,394ms
[325,883s][info][gc] GC(4182) Pause Young (Allocation Failure) 741M->631M(842M) 12,534ms
[325,939s][info][gc] GC(4183) Pause Young (Allocation Failure) 749M->639M(910M) 14,531ms
[326,001s][info][gc] GC(4184) Pause Young (Allocation Failure) 765M->648M(907M) 16,734ms
[326,065s][info][gc] GC(4185) Pause Young (Allocation Failure) 774M->656M(916M) 19,258ms
[326,135s][info][gc] GC(4186) Pause Young (Allocation Failure) 792M->665M(918M) 21,817ms
[326,207s][info][gc] GC(4187) Pause Young (Allocation Failure) 801M->673M(907M) 23,916ms
[326,276s][info][gc] GC(4188) Pause Young (Allocation Failure) 794M->681M(894M) 25,720ms
[326,349s][info][gc] GC(4189) Pause Young (Allocation Failure) 802M->688M(910M) 30,101ms
[326,420s][info][gc] GC(4190) Pause Young (Allocation Failure) 802M->695M(910M) 30,039ms
[326,487s][info][gc] GC(4191) Pause Young (Allocation Failure) 809M->702M(910M) 26,332ms
[326,552s][info][gc] GC(4192) Pause Young (Allocation Failure) 816M->710M(910M) 24,522ms
[326,616s][info][gc] GC(4193) Pause Young (Allocation Failure) 824M->717M(910M) 22,452ms
[326,932s][info][gc] GC(4194) Pause Full (Ergonomics) 717M->590M(910M) 316,121ms
[326,976s][info][gc] GC(4195) Pause Young (Allocation Failure) 704M->599M(910M) 3,522ms
[327,022s][info][gc] GC(4196) Pause Young (Allocation Failure) 713M->607M(910M) 5,745ms
[327,071s][info][gc] GC(4197) Pause Young (Allocation Failure) 721M->615M(910M) 7,846ms
[327,122s][info][gc] GC(4198) Pause Young (Allocation Failure) 729M->623M(910M) 10,387ms
[327,174s][info][gc] GC(4199) Pause Young (Allocation Failure) 737M->631M(910M) 11,125ms
[327,224s][info][gc] GC(4200) Pause Young (Allocation Failure) 745M->639M(910M) 9,342ms
[327,271s][info][gc] GC(4201) Pause Young (Allocation Failure) 753M->648M(910M) 6,282ms
[327,316s][info][gc] GC(4202) Pause Young (Allocation Failure) 762M->656M(814M) 5,792ms
[327,365s][info][gc] GC(4203) Pause Young (Allocation Failure) 770M->664M(911M) 8,105ms
[327,417s][info][gc] GC(4204) Pause Young (Allocation Failure) 783M->672M(907M) 10,316ms
[327,473s][info][gc] GC(4205) Pause Young (Allocation Failure) 792M->680M(905M) 12,550ms
[327,534s][info][gc] GC(4206) Pause Young (Allocation Failure) 810M->689M(907M) 15,087ms
[327,598s][info][gc] GC(4207) Pause Young (Allocation Failure) 819M->698M(915M) 17,374ms
[327,666s][info][gc] GC(4208) Pause Young (Allocation Failure) 837M->707M(918M) 19,895ms
[327,738s][info][gc] GC(4209) Pause Young (Allocation Failure) 846M->716M(909M) 22,305ms
[327,807s][info][gc] GC(4210) Pause Young (Allocation Failure) 841M->724M(885M) 24,581ms
[327,875s][info][gc] GC(4211) Pause Young (Allocation Failure) 849M->732M(910M) 24,795ms
[327,941s][info][gc] GC(4212) Pause Young (Allocation Failure) 846M->739M(910M) 25,241ms
[328,272s][info][gc] GC(4213) Pause Full (Ergonomics) 739M->590M(910M) 331,074ms
[328,316s][info][gc] GC(4214) Pause Young (Allocation Failure) 704M->599M(910M) 3,401ms
[328,365s][info][gc] GC(4215) Pause Young (Allocation Failure) 713M->607M(910M) 5,642ms
[328,415s][info][gc] GC(4216) Pause Young (Allocation Failure) 721M->615M(910M) 7,957ms
[328,466s][info][gc] GC(4217) Pause Young (Allocation Failure) 729M->623M(901M) 10,485ms
[328,519s][info][gc] GC(4218) Pause Young (Allocation Failure) 737M->631M(906M) 12,354ms
[328,574s][info][gc] GC(4219) Pause Young (Allocation Failure) 745M->639M(903M) 14,311ms
[328,635s][info][gc] GC(4220) Pause Young (Allocation Failure) 764M->647M(907M) 16,772ms
[328,699s][info][gc] GC(4221) Pause Young (Allocation Failure) 772M->655M(916M) 18,973ms
[328,768s][info][gc] GC(4222) Pause Young (Allocation Failure) 790M->664M(918M) 21,509ms
[328,837s][info][gc] GC(4223) Pause Young (Allocation Failure) 799M->673M(917M) 21,936ms
[328,906s][info][gc] GC(4224) Pause Young (Allocation Failure) 805M->681M(884M) 22,242ms
[328,975s][info][gc] GC(4225) Pause Young (Allocation Failure) 813M->690M(920M) 22,637ms
[329,044s][info][gc] GC(4226) Pause Young (Allocation Failure) 821M->699M(870M) 21,409ms
[329,110s][info][gc] GC(4227) Pause Young (Allocation Failure) 830M->707M(918M) 19,476ms
[329,428s][info][gc] GC(4228) Pause Full (Ergonomics) 707M->590M(914M) 318,198ms
[329,481s][info][gc] GC(4229) Pause Young (Allocation Failure) 725M->600M(921M) 3,941ms
[329,538s][info][gc] GC(4230) Pause Young (Allocation Failure) 742M->610M(924M) 6,776ms
[329,598s][info][gc] GC(4231) Pause Young (Allocation Failure) 752M->620M(919M) 9,414ms
[329,661s][info][gc] GC(4232) Pause Young (Allocation Failure) 763M->630M(922M) 12,159ms
[329,726s][info][gc] GC(4233) Pause Young (Allocation Failure) 773M->640M(924M) 14,967ms
[329,798s][info][gc] GC(4234) Pause Young (Allocation Failure) 792M->650M(925M) 17,560ms
[329,872s][info][gc] GC(4235) Pause Young (Allocation Failure) 803M->660M(924M) 20,341ms
[329,948s][info][gc] GC(4236) Pause Young (Allocation Failure) 811M->670M(913M) 22,797ms
[330,027s][info][gc] GC(4237) Pause Young (Allocation Failure) 821M->679M(904M) 25,691ms
[330,097s][info][gc] GC(4238) Pause Young (Allocation Failure) 798M->687M(898M) 28,036ms
[330,178s][info][gc] GC(4239) Pause Young (Allocation Failure) 806M->694M(910M) 38,333ms
[330,257s][info][gc] GC(4240) Pause Young (Allocation Failure) 808M->701M(910M) 37,100ms
[330,327s][info][gc] GC(4241) Pause Young (Allocation Failure) 815M->708M(910M) 26,178ms
[330,395s][info][gc] GC(4242) Pause Young (Allocation Failure) 822M->716M(910M) 23,954ms
[330,719s][info][gc] GC(4243) Pause Full (Ergonomics) 716M->590M(910M) 324,697ms
[330,764s][info][gc] GC(4244) Pause Young (Allocation Failure) 704M->599M(910M) 3,514ms
[330,810s][info][gc] GC(4245) Pause Young (Allocation Failure) 713M->607M(910M) 5,801ms
[330,860s][info][gc] GC(4246) Pause Young (Allocation Failure) 721M->615M(910M) 7,909ms
[330,912s][info][gc] GC(4247) Pause Young (Allocation Failure) 729M->623M(910M) 10,364ms
[330,963s][info][gc] GC(4248) Pause Young (Allocation Failure) 737M->631M(910M) 11,088ms
[331,014s][info][gc] GC(4249) Pause Young (Allocation Failure) 745M->639M(910M) 9,071ms
[331,063s][info][gc] GC(4250) Pause Young (Allocation Failure) 753M->648M(910M) 6,238ms
[331,112s][info][gc] GC(4251) Pause Young (Allocation Failure) 762M->656M(910M) 6,238ms
[331,160s][info][gc] GC(4252) Pause Young (Allocation Failure) 770M->664M(805M) 6,377ms
[331,211s][info][gc] GC(4253) Pause Young (Allocation Failure) 778M->672M(912M) 5,874ms
[331,264s][info][gc] GC(4254) Pause Young (Allocation Failure) 791M->681M(827M) 8,304ms
[331,320s][info][gc] GC(4255) Pause Young (Allocation Failure) 800M->689M(903M) 10,727ms
[331,380s][info][gc] GC(4256) Pause Young (Allocation Failure) 818M->698M(905M) 12,787ms
[331,441s][info][gc] GC(4257) Pause Young (Allocation Failure) 826M->706M(913M) 15,110ms
[331,509s][info][gc] GC(4258) Pause Young (Allocation Failure) 844M->716M(914M) 17,871ms
[331,578s][info][gc] GC(4259) Pause Young (Allocation Failure) 854M->725M(915M) 20,210ms
[331,649s][info][gc] GC(4260) Pause Young (Allocation Failure) 861M->733M(897M) 22,426ms
[331,723s][info][gc] GC(4261) Pause Young (Allocation Failure) 869M->742M(907M) 24,810ms
[332,055s][info][gc] GC(4262) Pause Full (Ergonomics) 742M->590M(910M) 332,156ms
[332,105s][info][gc] GC(4263) Pause Young (Allocation Failure) 704M->599M(910M) 3,406ms
[332,154s][info][gc] GC(4264) Pause Young (Allocation Failure) 713M->607M(910M) 5,602ms
[332,206s][info][gc] GC(4265) Pause Young (Allocation Failure) 721M->615M(901M) 8,007ms
[332,257s][info][gc] GC(4266) Pause Young (Allocation Failure) 729M->623M(906M) 10,110ms
[332,310s][info][gc] GC(4267) Pause Young (Allocation Failure) 737M->631M(899M) 12,424ms
[332,369s][info][gc] GC(4268) Pause Young (Allocation Failure) 755M->639M(904M) 14,553ms
[332,433s][info][gc] GC(4269) Pause Young (Allocation Failure) 763M->648M(913M) 16,778ms
[332,503s][info][gc] GC(4270) Pause Young (Allocation Failure) 782M->656M(914M) 19,471ms
[332,574s][info][gc] GC(4271) Pause Young (Allocation Failure) 791M->665M(912M) 21,851ms
[332,644s][info][gc] GC(4272) Pause Young (Allocation Failure) 794M->673M(895M) 23,834ms
[332,716s][info][gc] GC(4273) Pause Young (Allocation Failure) 802M->681M(910M) 25,898ms
[332,786s][info][gc] GC(4274) Pause Young (Allocation Failure) 795M->688M(910M) 29,807ms
[332,868s][info][gc] GC(4275) Pause Young (Allocation Failure) 802M->695M(910M) 41,188ms
[332,941s][info][gc] GC(4276) Pause Young (Allocation Failure) 809M->702M(910M) 30,748ms
[333,011s][info][gc] GC(4277) Pause Young (Allocation Failure) 816M->710M(910M) 26,310ms
[333,077s][info][gc] GC(4278) Pause Young (Allocation Failure) 824M->717M(910M) 24,430ms
[333,140s][info][gc] GC(4279) Pause Young (Allocation Failure) 831M->724M(910M) 22,130ms
[333,455s][info][gc] GC(4280) Pause Full (Ergonomics) 724M->590M(910M) 314,688ms
[333,499s][info][gc] GC(4281) Pause Young (Allocation Failure) 704M->599M(910M) 3,377ms
[333,547s][info][gc] GC(4282) Pause Young (Allocation Failure) 713M->607M(910M) 5,476ms
[333,597s][info][gc] GC(4283) Pause Young (Allocation Failure) 721M->615M(910M) 7,955ms
[333,648s][info][gc] GC(4284) Pause Young (Allocation Failure) 729M->623M(910M) 10,384ms
[333,699s][info][gc] GC(4285) Pause Young (Allocation Failure) 737M->631M(910M) 10,991ms
[333,748s][info][gc] GC(4286) Pause Young (Allocation Failure) 745M->639M(910M) 9,073ms
[333,795s][info][gc] GC(4287) Pause Young (Allocation Failure) 753M->648M(910M) 6,297ms
[333,841s][info][gc] GC(4288) Pause Young (Allocation Failure) 762M->656M(910M) 6,293ms
[333,887s][info][gc] GC(4289) Pause Young (Allocation Failure) 770M->664M(906M) 6,311ms
[333,934s][info][gc] GC(4290) Pause Young (Allocation Failure) 778M->672M(908M) 5,987ms
[333,982s][info][gc] GC(4291) Pause Young (Allocation Failure) 786M->680M(902M) 8,095ms
[334,036s][info][gc] GC(4292) Pause Young (Allocation Failure) 803M->689M(906M) 10,413ms
[334,092s][info][gc] GC(4293) Pause Young (Allocation Failure) 812M->697M(907M) 12,798ms
[334,155s][info][gc] GC(4294) Pause Young (Allocation Failure) 831M->707M(909M) 15,269ms
[334,219s][info][gc] GC(4295) Pause Young (Allocation Failure) 841M->715M(918M) 17,625ms
[334,290s][info][gc] GC(4296) Pause Young (Allocation Failure) 858M->725M(895M) 20,346ms
[334,363s][info][gc] GC(4297) Pause Young (Allocation Failure) 867M->734M(910M) 22,869ms
[334,685s][info][gc] GC(4298) Pause Full (Ergonomics) 734M->590M(916M) 321,481ms
[334,734s][info][gc] GC(4299) Pause Young (Allocation Failure) 715M->600M(914M) 3,677ms
[334,786s][info][gc] GC(4300) Pause Young (Allocation Failure) 725M->609M(915M) 6,173ms
[334,839s][info][gc] GC(4301) Pause Young (Allocation Failure) 734M->617M(909M) 8,598ms
[334,896s][info][gc] GC(4302) Pause Young (Allocation Failure) 747M->627M(912M) 11,201ms
[334,955s][info][gc] GC(4303) Pause Young (Allocation Failure) 757M->635M(913M) 13,478ms
[335,021s][info][gc] GC(4304) Pause Young (Allocation Failure) 777M->645M(915M) 16,219ms
[335,090s][info][gc] GC(4305) Pause Young (Allocation Failure) 786M->654M(924M) 18,791ms
[335,164s][info][gc] GC(4306) Pause Young (Allocation Failure) 804M->664M(906M) 21,242ms
[335,241s][info][gc] GC(4307) Pause Young (Allocation Failure) 814M->674M(905M) 24,084ms
[335,309s][info][gc] GC(4308) Pause Young (Allocation Failure) 794M->681M(894M) 25,826ms
[335,380s][info][gc] GC(4309) Pause Young (Allocation Failure) 801M->688M(910M) 28,447ms
[335,459s][info][gc] GC(4310) Pause Young (Allocation Failure) 802M->695M(910M) 37,880ms
[335,550s][info][gc] GC(4311) Pause Young (Allocation Failure) 809M->702M(910M) 50,597ms
[335,641s][info][gc] GC(4312) Pause Young (Allocation Failure) 816M->709M(910M) 47,239ms
[335,725s][info][gc] GC(4313) Pause Young (Allocation Failure) 823M->716M(910M) 38,786ms
[335,797s][info][gc] GC(4314) Pause Young (Allocation Failure) 830M->723M(910M) 28,290ms
[335,865s][info][gc] GC(4315) Pause Young (Allocation Failure) 837M->731M(910M) 24,639ms
[336,193s][info][gc] GC(4316) Pause Full (Ergonomics) 731M->590M(910M) 327,694ms
[336,237s][info][gc] GC(4317) Pause Young (Allocation Failure) 704M->599M(910M) 3,516ms
[336,284s][info][gc] GC(4318) Pause Young (Allocation Failure) 713M->607M(910M) 5,588ms
[336,332s][info][gc] GC(4319) Pause Young (Allocation Failure) 721M->615M(910M) 7,947ms
[336,382s][info][gc] GC(4320) Pause Young (Allocation Failure) 729M->623M(910M) 10,162ms
[336,436s][info][gc] GC(4321) Pause Young (Allocation Failure) 737M->631M(910M) 12,978ms
[336,488s][info][gc] GC(4322) Pause Young (Allocation Failure) 745M->639M(910M) 11,090ms
[336,538s][info][gc] GC(4323) Pause Young (Allocation Failure) 753M->647M(910M) 9,085ms
[336,584s][info][gc] GC(4324) Pause Young (Allocation Failure) 761M->655M(910M) 6,295ms
[336,631s][info][gc] GC(4325) Pause Young (Allocation Failure) 769M->664M(910M) 6,255ms
[336,971s][info][gc] GC(4326) Pause Full (Ergonomics) 664M->590M(910M) 339,318ms
[337,015s][info][gc] GC(4327) Pause Young (Allocation Failure) 704M->599M(910M) 3,406ms
[337,064s][info][gc] GC(4328) Pause Young (Allocation Failure) 713M->607M(910M) 6,175ms
[337,114s][info][gc] GC(4329) Pause Young (Allocation Failure) 721M->615M(904M) 6,230ms
[337,163s][info][gc] GC(4330) Pause Young (Allocation Failure) 729M->624M(907M) 5,778ms
[337,213s][info][gc] GC(4331) Pause Young (Allocation Failure) 738M->632M(895M) 8,468ms
[337,269s][info][gc] GC(4332) Pause Young (Allocation Failure) 753M->640M(902M) 10,267ms
[337,327s][info][gc] GC(4333) Pause Young (Allocation Failure) 762M->648M(903M) 12,794ms
[337,389s][info][gc] GC(4334) Pause Young (Allocation Failure) 779M->657M(904M) 15,127ms
[337,454s][info][gc] GC(4335) Pause Young (Allocation Failure) 788M->666M(912M) 17,386ms
[337,523s][info][gc] GC(4336) Pause Young (Allocation Failure) 802M->675M(916M) 19,979ms
[337,593s][info][gc] GC(4337) Pause Young (Allocation Failure) 811M->684M(905M) 22,439ms
[337,660s][info][gc] GC(4338) Pause Young (Allocation Failure) 803M->691M(886M) 24,298ms
[337,728s][info][gc] GC(4339) Pause Young (Allocation Failure) 810M->699M(910M) 26,020ms
[337,793s][info][gc] GC(4340) Pause Young (Allocation Failure) 813M->706M(910M) 24,920ms
[337,856s][info][gc] GC(4341) Pause Young (Allocation Failure) 820M->713M(910M) 22,979ms
[337,917s][info][gc] GC(4342) Pause Young (Allocation Failure) 827M->721M(910M) 20,580ms
[338,241s][info][gc] GC(4343) Pause Full (Ergonomics) 721M->590M(910M) 323,633ms
[338,284s][info][gc] GC(4344) Pause Young (Allocation Failure) 704M->599M(910M) 3,421ms
[338,331s][info][gc] GC(4345) Pause Young (Allocation Failure) 713M->607M(910M) 5,672ms
[338,381s][info][gc] GC(4346) Pause Young (Allocation Failure) 721M->615M(822M) 8,123ms
[338,432s][info][gc] GC(4347) Pause Young (Allocation Failure) 729M->623M(912M) 10,120ms
[338,486s][info][gc] GC(4348) Pause Young (Allocation Failure) 742M->631M(907M) 12,342ms
[338,543s][info][gc] GC(4349) Pause Young (Allocation Failure) 750M->639M(909M) 14,573ms
[338,606s][info][gc] GC(4350) Pause Young (Allocation Failure) 768M->648M(908M) 17,158ms
[338,670s][info][gc] GC(4351) Pause Young (Allocation Failure) 777M->656M(917M) 19,125ms
[338,741s][info][gc] GC(4352) Pause Young (Allocation Failure) 794M->665M(896M) 21,777ms
[338,814s][info][gc] GC(4353) Pause Young (Allocation Failure) 803M->674M(904M) 23,963ms
[338,881s][info][gc] GC(4354) Pause Young (Allocation Failure) 791M->681M(891M) 25,790ms
[338,953s][info][gc] GC(4355) Pause Young (Allocation Failure) 798M->689M(910M) 30,959ms
[339,020s][info][gc] GC(4356) Pause Young (Allocation Failure) 803M->696M(910M) 26,453ms
[339,085s][info][gc] GC(4357) Pause Young (Allocation Failure) 810M->703M(910M) 24,668ms
[339,148s][info][gc] GC(4358) Pause Young (Allocation Failure) 817M->710M(910M) 22,689ms
[339,208s][info][gc] GC(4359) Pause Young (Allocation Failure) 824M->718M(907M) 20,282ms
[339,533s][info][gc] GC(4360) Pause Full (Ergonomics) 718M->590M(909M) 324,200ms
[339,577s][info][gc] GC(4361) Pause Young (Allocation Failure) 704M->599M(909M) 3,423ms
[339,623s][info][gc] GC(4362) Pause Young (Allocation Failure) 713M->607M(910M) 5,613ms
[339,673s][info][gc] GC(4363) Pause Young (Allocation Failure) 721M->615M(910M) 7,869ms
[339,725s][info][gc] GC(4364) Pause Young (Allocation Failure) 729M->623M(814M) 11,036ms
[339,773s][info][gc] GC(4365) Pause Young (Allocation Failure) 737M->631M(913M) 7,983ms
[339,825s][info][gc] GC(4366) Pause Young (Allocation Failure) 748M->639M(833M) 10,177ms
[339,879s][info][gc] GC(4367) Pause Young (Allocation Failure) 756M->647M(909M) 12,430ms
[339,937s][info][gc] GC(4368) Pause Young (Allocation Failure) 771M->656M(906M) 14,968ms
[339,998s][info][gc] GC(4369) Pause Young (Allocation Failure) 780M->664M(914M) 16,989ms
[340,065s][info][gc] GC(4370) Pause Young (Allocation Failure) 800M->673M(914M) 19,437ms
[340,135s][info][gc] GC(4371) Pause Young (Allocation Failure) 808M->682M(914M) 21,776ms
[340,206s][info][gc] GC(4372) Pause Young (Allocation Failure) 814M->690M(891M) 24,272ms
[340,277s][info][gc] GC(4373) Pause Young (Allocation Failure) 822M->699M(907M) 24,382ms
[340,342s][info][gc] GC(4374) Pause Young (Allocation Failure) 814M->706M(876M) 24,902ms
[340,408s][info][gc] GC(4375) Pause Young (Allocation Failure) 821M->713M(910M) 24,917ms
[340,471s][info][gc] GC(4376) Pause Young (Allocation Failure) 827M->721M(858M) 22,891ms
[340,782s][info][gc] GC(4377) Pause Full (Ergonomics) 721M->590M(907M) 311,137ms
[340,826s][info][gc] GC(4378) Pause Young (Allocation Failure) 704M->599M(907M) 3,529ms
[340,872s][info][gc] GC(4379) Pause Young (Allocation Failure) 713M->607M(910M) 5,704ms
[340,920s][info][gc] GC(4380) Pause Young (Allocation Failure) 721M->615M(822M) 7,868ms
[340,970s][info][gc] GC(4381) Pause Young (Allocation Failure) 729M->623M(912M) 10,182ms
[341,024s][info][gc] GC(4382) Pause Young (Allocation Failure) 741M->631M(842M) 12,599ms
[341,080s][info][gc] GC(4383) Pause Young (Allocation Failure) 749M->639M(910M) 14,667ms
[341,142s][info][gc] GC(4384) Pause Young (Allocation Failure) 766M->648M(907M) 16,857ms
[341,205s][info][gc] GC(4385) Pause Young (Allocation Failure) 774M->656M(916M) 19,185ms
[341,275s][info][gc] GC(4386) Pause Young (Allocation Failure) 792M->665M(918M) 21,631ms
[341,347s][info][gc] GC(4387) Pause Young (Allocation Failure) 801M->673M(907M) 24,010ms
[341,416s][info][gc] GC(4388) Pause Young (Allocation Failure) 794M->681M(895M) 26,053ms
[341,487s][info][gc] GC(4389) Pause Young (Allocation Failure) 802M->689M(910M) 28,641ms
[341,558s][info][gc] GC(4390) Pause Young (Allocation Failure) 803M->696M(910M) 30,566ms
[341,625s][info][gc] GC(4391) Pause Young (Allocation Failure) 810M->703M(910M) 26,348ms
[341,692s][info][gc] GC(4392) Pause Young (Allocation Failure) 817M->710M(910M) 24,640ms
[341,755s][info][gc] GC(4393) Pause Young (Allocation Failure) 824M->718M(910M) 22,446ms
[342,072s][info][gc] GC(4394) Pause Full (Ergonomics) 718M->590M(910M) 316,973ms
[342,116s][info][gc] GC(4395) Pause Young (Allocation Failure) 704M->599M(910M) 3,563ms
[342,162s][info][gc] GC(4396) Pause Young (Allocation Failure) 713M->607M(910M) 5,759ms
[342,210s][info][gc] GC(4397) Pause Young (Allocation Failure) 721M->615M(910M) 7,963ms
[342,261s][info][gc] GC(4398) Pause Young (Allocation Failure) 729M->623M(910M) 10,330ms
[342,313s][info][gc] GC(4399) Pause Young (Allocation Failure) 737M->631M(910M) 10,943ms
[342,362s][info][gc] GC(4400) Pause Young (Allocation Failure) 745M->639M(910M) 9,196ms
[342,409s][info][gc] GC(4401) Pause Young (Allocation Failure) 753M->648M(910M) 6,374ms
[342,456s][info][gc] GC(4402) Pause Young (Allocation Failure) 762M->656M(805M) 6,341ms
[342,501s][info][gc] GC(4403) Pause Young (Allocation Failure) 770M->664M(913M) 5,779ms
[342,552s][info][gc] GC(4404) Pause Young (Allocation Failure) 783M->672M(827M) 8,261ms
[342,604s][info][gc] GC(4405) Pause Young (Allocation Failure) 791M->681M(904M) 10,493ms
[342,662s][info][gc] GC(4406) Pause Young (Allocation Failure) 809M->690M(905M) 12,787ms
[342,723s][info][gc] GC(4407) Pause Young (Allocation Failure) 818M->698M(913M) 15,355ms
[342,790s][info][gc] GC(4408) Pause Young (Allocation Failure) 837M->707M(914M) 17,534ms
[342,859s][info][gc] GC(4409) Pause Young (Allocation Failure) 846M->716M(917M) 20,227ms
[342,930s][info][gc] GC(4410) Pause Young (Allocation Failure) 854M->725M(899M) 22,508ms
[343,004s][info][gc] GC(4411) Pause Young (Allocation Failure) 863M->734M(906M) 25,060ms
[343,070s][info][gc] GC(4412) Pause Young (Allocation Failure) 848M->741M(910M) 25,348ms
[343,395s][info][gc] GC(4413) Pause Full (Ergonomics) 741M->590M(910M) 324,642ms
[343,441s][info][gc] GC(4414) Pause Young (Allocation Failure) 704M->599M(910M) 3,459ms
[343,489s][info][gc] GC(4415) Pause Young (Allocation Failure) 713M->607M(910M) 5,595ms
[343,538s][info][gc] GC(4416) Pause Young (Allocation Failure) 721M->615M(822M) 8,030ms
[343,589s][info][gc] GC(4417) Pause Young (Allocation Failure) 729M->623M(913M) 10,345ms
[343,643s][info][gc] GC(4418) Pause Young (Allocation Failure) 743M->631M(843M) 12,576ms
[343,700s][info][gc] GC(4419) Pause Young (Allocation Failure) 751M->639M(909M) 14,674ms
[343,762s][info][gc] GC(4420) Pause Young (Allocation Failure) 766M->648M(906M) 16,853ms
[343,826s][info][gc] GC(4421) Pause Young (Allocation Failure) 774M->656M(916M) 19,236ms
[343,895s][info][gc] GC(4422) Pause Young (Allocation Failure) 792M->665M(894M) 21,632ms
[343,967s][info][gc] GC(4423) Pause Young (Allocation Failure) 801M->674M(903M) 23,915ms
[344,034s][info][gc] GC(4424) Pause Young (Allocation Failure) 789M->681M(881M) 25,437ms
[344,100s][info][gc] GC(4425) Pause Young (Allocation Failure) 796M->688M(910M) 26,142ms
[344,165s][info][gc] GC(4426) Pause Young (Allocation Failure) 802M->695M(910M) 24,429ms
[344,228s][info][gc] GC(4427) Pause Young (Allocation Failure) 809M->703M(908M) 22,488ms
[344,288s][info][gc] GC(4428) Pause Young (Allocation Failure) 817M->710M(847M) 20,484ms
[344,615s][info][gc] GC(4429) Pause Full (Ergonomics) 710M->590M(908M) 326,682ms
[344,661s][info][gc] GC(4430) Pause Young (Allocation Failure) 707M->599M(908M) 3,534ms
[344,709s][info][gc] GC(4431) Pause Young (Allocation Failure) 716M->608M(912M) 5,785ms
[344,760s][info][gc] GC(4432) Pause Young (Allocation Failure) 725M->616M(825M) 8,026ms
[344,813s][info][gc] GC(4433) Pause Young (Allocation Failure) 733M->624M(913M) 10,406ms
[344,869s][info][gc] GC(4434) Pause Young (Allocation Failure) 745M->632M(909M) 12,801ms
[344,926s][info][gc] GC(4435) Pause Young (Allocation Failure) 753M->640M(912M) 14,966ms
[344,990s][info][gc] GC(4436) Pause Young (Allocation Failure) 770M->649M(909M) 17,441ms
[345,055s][info][gc] GC(4437) Pause Young (Allocation Failure) 779M->658M(919M) 19,691ms
[345,127s][info][gc] GC(4438) Pause Young (Allocation Failure) 798M->667M(899M) 22,045ms
[345,201s][info][gc] GC(4439) Pause Young (Allocation Failure) 807M->675M(905M) 24,633ms
[345,269s][info][gc] GC(4440) Pause Young (Allocation Failure) 793M->683M(893M) 26,196ms
[345,343s][info][gc] GC(4441) Pause Young (Allocation Failure) 801M->690M(910M) 32,728ms
[345,410s][info][gc] GC(4442) Pause Young (Allocation Failure) 804M->697M(910M) 26,423ms
[345,478s][info][gc] GC(4443) Pause Young (Allocation Failure) 811M->705M(910M) 24,748ms
[345,555s][info][gc] GC(4444) Pause Young (Allocation Failure) 819M->712M(910M) 26,975ms
[345,896s][info][gc] GC(4445) Pause Full (Ergonomics) 712M->590M(910M) 340,469ms
[345,941s][info][gc] GC(4446) Pause Young (Allocation Failure) 704M->599M(910M) 3,402ms
[345,988s][info][gc] GC(4447) Pause Young (Allocation Failure) 713M->607M(910M) 5,656ms
[346,037s][info][gc] GC(4448) Pause Young (Allocation Failure) 721M->615M(910M) 7,923ms
[346,087s][info][gc] GC(4449) Pause Young (Allocation Failure) 729M->623M(910M) 10,498ms
[346,140s][info][gc] GC(4450) Pause Young (Allocation Failure) 737M->631M(910M) 11,050ms
[346,190s][info][gc] GC(4451) Pause Young (Allocation Failure) 745M->639M(910M) 9,112ms
[346,236s][info][gc] GC(4452) Pause Young (Allocation Failure) 753M->648M(814M) 6,120ms
[346,284s][info][gc] GC(4453) Pause Young (Allocation Failure) 762M->656M(912M) 7,997ms
[346,337s][info][gc] GC(4454) Pause Young (Allocation Failure) 774M->664M(907M) 10,414ms
[346,391s][info][gc] GC(4455) Pause Young (Allocation Failure) 782M->672M(906M) 12,573ms
[346,452s][info][gc] GC(4456) Pause Young (Allocation Failure) 801M->681M(907M) 14,999ms
[346,514s][info][gc] GC(4457) Pause Young (Allocation Failure) 810M->689M(915M) 17,550ms
[346,583s][info][gc] GC(4458) Pause Young (Allocation Failure) 828M->698M(917M) 19,794ms
[346,655s][info][gc] GC(4459) Pause Young (Allocation Failure) 837M->707M(916M) 22,346ms
[346,725s][info][gc] GC(4460) Pause Young (Allocation Failure) 840M->716M(886M) 22,981ms
[346,795s][info][gc] GC(4461) Pause Young (Allocation Failure) 849M->725M(911M) 23,020ms
[346,861s][info][gc] GC(4462) Pause Young (Allocation Failure) 846M->733M(914M) 23,359ms
[347,187s][info][gc] GC(4463) Pause Full (Ergonomics) 733M->590M(913M) 326,545ms
[347,236s][info][gc] GC(4464) Pause Young (Allocation Failure) 712M->599M(814M) 3,553ms
[347,287s][info][gc] GC(4465) Pause Young (Allocation Failure) 721M->608M(914M) 5,975ms
[347,339s][info][gc] GC(4466) Pause Young (Allocation Failure) 729M->617M(830M) 8,635ms
[347,392s][info][gc] GC(4467) Pause Young (Allocation Failure) 737M->625M(915M) 10,793ms
[347,450s][info][gc] GC(4468) Pause Young (Allocation Failure) 751M->634M(910M) 13,087ms
[347,510s][info][gc] GC(4469) Pause Young (Allocation Failure) 759M->642M(914M) 15,590ms
[347,575s][info][gc] GC(4470) Pause Young (Allocation Failure) 777M->651M(912M) 17,812ms
[347,643s][info][gc] GC(4471) Pause Young (Allocation Failure) 786M->660M(920M) 20,304ms
[347,716s][info][gc] GC(4472) Pause Young (Allocation Failure) 802M->669M(904M) 22,593ms
[347,791s][info][gc] GC(4473) Pause Young (Allocation Failure) 811M->678M(903M) 25,260ms
[347,858s][info][gc] GC(4474) Pause Young (Allocation Failure) 792M->685M(910M) 26,767ms
[347,936s][info][gc] GC(4475) Pause Young (Allocation Failure) 799M->692M(910M) 37,100ms
[348,008s][info][gc] GC(4476) Pause Young (Allocation Failure) 806M->699M(910M) 31,821ms
[348,078s][info][gc] GC(4477) Pause Young (Allocation Failure) 813M->706M(910M) 26,707ms
[348,146s][info][gc] GC(4478) Pause Young (Allocation Failure) 820M->714M(910M) 25,099ms
[348,209s][info][gc] GC(4479) Pause Young (Allocation Failure) 828M->721M(910M) 22,523ms
[348,537s][info][gc] GC(4480) Pause Full (Ergonomics) 721M->590M(910M) 327,816ms
[348,580s][info][gc] GC(4481) Pause Young (Allocation Failure) 704M->599M(910M) 3,499ms
[348,627s][info][gc] GC(4482) Pause Young (Allocation Failure) 713M->607M(910M) 5,710ms
[348,678s][info][gc] GC(4483) Pause Young (Allocation Failure) 721M->615M(910M) 7,921ms
[348,730s][info][gc] GC(4484) Pause Young (Allocation Failure) 729M->623M(910M) 10,404ms
[348,781s][info][gc] GC(4485) Pause Young (Allocation Failure) 737M->631M(910M) 10,981ms
[348,830s][info][gc] GC(4486) Pause Young (Allocation Failure) 745M->639M(910M) 9,187ms
[348,877s][info][gc] GC(4487) Pause Young (Allocation Failure) 753M->648M(910M) 6,358ms
[348,924s][info][gc] GC(4488) Pause Young (Allocation Failure) 762M->656M(910M) 6,354ms
[348,970s][info][gc] GC(4489) Pause Young (Allocation Failure) 770M->664M(905M) 6,442ms
[349,016s][info][gc] GC(4490) Pause Young (Allocation Failure) 778M->672M(908M) 5,839ms
[349,065s][info][gc] GC(4491) Pause Young (Allocation Failure) 786M->680M(900M) 8,134ms
[349,118s][info][gc] GC(4492) Pause Young (Allocation Failure) 803M->689M(905M) 10,374ms
[349,175s][info][gc] GC(4493) Pause Young (Allocation Failure) 812M->697M(906M) 12,958ms
[349,237s][info][gc] GC(4494) Pause Young (Allocation Failure) 831M->706M(908M) 15,149ms
[349,302s][info][gc] GC(4495) Pause Young (Allocation Failure) 840M->715M(917M) 17,697ms
[349,372s][info][gc] GC(4496) Pause Young (Allocation Failure) 857M->725M(921M) 20,217ms
[349,445s][info][gc] GC(4497) Pause Young (Allocation Failure) 867M->734M(911M) 22,847ms
[349,772s][info][gc] GC(4498) Pause Full (Ergonomics) 734M->590M(916M) 326,112ms
[349,820s][info][gc] GC(4499) Pause Young (Allocation Failure) 716M->600M(914M) 3,721ms
[349,873s][info][gc] GC(4500) Pause Young (Allocation Failure) 726M->609M(915M) 6,221ms
[349,927s][info][gc] GC(4501) Pause Young (Allocation Failure) 735M->618M(910M) 8,690ms
[349,984s][info][gc] GC(4502) Pause Young (Allocation Failure) 749M->627M(913M) 11,242ms
[350,044s][info][gc] GC(4503) Pause Young (Allocation Failure) 758M->636M(913M) 13,552ms
[350,111s][info][gc] GC(4504) Pause Young (Allocation Failure) 778M->645M(915M) 16,191ms
[350,181s][info][gc] GC(4505) Pause Young (Allocation Failure) 788M->655M(924M) 18,881ms
[350,256s][info][gc] GC(4506) Pause Young (Allocation Failure) 805M->664M(907M) 21,573ms
[350,333s][info][gc] GC(4507) Pause Young (Allocation Failure) 814M->674M(905M) 24,136ms
[350,401s][info][gc] GC(4508) Pause Young (Allocation Failure) 794M->681M(894M) 25,648ms
[350,475s][info][gc] GC(4509) Pause Young (Allocation Failure) 801M->689M(910M) 31,923ms
[350,557s][info][gc] GC(4510) Pause Young (Allocation Failure) 803M->696M(910M) 41,259ms
[350,650s][info][gc] GC(4511) Pause Young (Allocation Failure) 810M->703M(910M) 52,155ms
[350,742s][info][gc] GC(4512) Pause Young (Allocation Failure) 817M->709M(910M) 47,825ms
[350,824s][info][gc] GC(4513) Pause Young (Allocation Failure) 823M->717M(910M) 37,528ms
[350,895s][info][gc] GC(4514) Pause Young (Allocation Failure) 831M->724M(910M) 26,936ms
[350,963s][info][gc] GC(4515) Pause Young (Allocation Failure) 838M->731M(910M) 24,671ms
[351,294s][info][gc] GC(4516) Pause Full (Ergonomics) 731M->590M(910M) 331,105ms
[351,340s][info][gc] GC(4517) Pause Young (Allocation Failure) 704M->599M(910M) 3,362ms
[351,388s][info][gc] GC(4518) Pause Young (Allocation Failure) 713M->607M(910M) 5,616ms
[351,437s][info][gc] GC(4519) Pause Young (Allocation Failure) 721M->615M(910M) 7,826ms
[351,487s][info][gc] GC(4520) Pause Young (Allocation Failure) 729M->623M(910M) 10,336ms
[351,541s][info][gc] GC(4521) Pause Young (Allocation Failure) 737M->631M(910M) 12,974ms
[351,594s][info][gc] GC(4522) Pause Young (Allocation Failure) 745M->639M(910M) 11,067ms
[351,645s][info][gc] GC(4523) Pause Young (Allocation Failure) 753M->647M(910M) 9,169ms
[351,693s][info][gc] GC(4524) Pause Young (Allocation Failure) 761M->655M(910M) 6,206ms
[351,739s][info][gc] GC(4525) Pause Young (Allocation Failure) 769M->664M(910M) 6,324ms
[352,068s][info][gc] GC(4526) Pause Full (Ergonomics) 664M->590M(910M) 328,670ms
[352,112s][info][gc] GC(4527) Pause Young (Allocation Failure) 704M->599M(910M) 3,366ms
[352,161s][info][gc] GC(4528) Pause Young (Allocation Failure) 713M->607M(910M) 6,082ms
[352,210s][info][gc] GC(4529) Pause Young (Allocation Failure) 721M->615M(905M) 6,248ms
[352,256s][info][gc] GC(4530) Pause Young (Allocation Failure) 729M->624M(908M) 5,798ms
[352,305s][info][gc] GC(4531) Pause Young (Allocation Failure) 738M->632M(894M) 8,533ms
[352,358s][info][gc] GC(4532) Pause Young (Allocation Failure) 753M->640M(902M) 10,298ms
[352,414s][info][gc] GC(4533) Pause Young (Allocation Failure) 762M->648M(904M) 12,718ms
[352,475s][info][gc] GC(4534) Pause Young (Allocation Failure) 779M->657M(905M) 14,807ms
[352,538s][info][gc] GC(4535) Pause Young (Allocation Failure) 788M->666M(913M) 17,385ms
[352,607s][info][gc] GC(4536) Pause Young (Allocation Failure) 804M->675M(917M) 20,037ms
[352,678s][info][gc] GC(4537) Pause Young (Allocation Failure) 813M->684M(905M) 22,411ms
[352,746s][info][gc] GC(4538) Pause Young (Allocation Failure) 803M->691M(887M) 24,271ms
[352,816s][info][gc] GC(4539) Pause Young (Allocation Failure) 810M->699M(910M) 26,651ms
[352,882s][info][gc] GC(4540) Pause Young (Allocation Failure) 813M->706M(910M) 24,754ms
[352,945s][info][gc] GC(4541) Pause Young (Allocation Failure) 820M->714M(910M) 22,872ms
[353,006s][info][gc] GC(4542) Pause Young (Allocation Failure) 828M->721M(910M) 20,648ms
[353,330s][info][gc] GC(4543) Pause Full (Ergonomics) 721M->590M(910M) 324,669ms
[353,374s][info][gc] GC(4544) Pause Young (Allocation Failure) 704M->599M(910M) 3,430ms
[353,421s][info][gc] GC(4545) Pause Young (Allocation Failure) 713M->607M(910M) 5,670ms
[353,471s][info][gc] GC(4546) Pause Young (Allocation Failure) 721M->615M(822M) 8,189ms
[353,522s][info][gc] GC(4547) Pause Young (Allocation Failure) 729M->623M(912M) 10,171ms
[353,576s][info][gc] GC(4548) Pause Young (Allocation Failure) 742M->631M(843M) 12,387ms
[353,633s][info][gc] GC(4549) Pause Young (Allocation Failure) 750M->639M(908M) 14,516ms
[353,695s][info][gc] GC(4550) Pause Young (Allocation Failure) 767M->648M(907M) 17,126ms
[353,760s][info][gc] GC(4551) Pause Young (Allocation Failure) 776M->656M(916M) 19,323ms
[353,830s][info][gc] GC(4552) Pause Young (Allocation Failure) 793M->665M(919M) 21,466ms
[353,902s][info][gc] GC(4553) Pause Young (Allocation Failure) 802M->674M(910M) 24,207ms
[353,970s][info][gc] GC(4554) Pause Young (Allocation Failure) 797M->682M(883M) 24,306ms
[354,038s][info][gc] GC(4555) Pause Young (Allocation Failure) 805M->690M(910M) 24,560ms
[354,103s][info][gc] GC(4556) Pause Young (Allocation Failure) 804M->697M(910M) 24,802ms
[354,167s][info][gc] GC(4557) Pause Young (Allocation Failure) 811M->704M(903M) 22,954ms
[354,229s][info][gc] GC(4558) Pause Young (Allocation Failure) 818M->712M(907M) 20,619ms
[354,559s][info][gc] GC(4559) Pause Full (Ergonomics) 712M->590M(913M) 330,068ms
[354,613s][info][gc] GC(4560) Pause Young (Allocation Failure) 715M->600M(913M) 3,735ms
[354,669s][info][gc] GC(4561) Pause Young (Allocation Failure) 724M->609M(914M) 6,105ms
[354,725s][info][gc] GC(4562) Pause Young (Allocation Failure) 731M->617M(832M) 8,448ms
[354,783s][info][gc] GC(4563) Pause Young (Allocation Failure) 739M->626M(916M) 10,694ms
[354,846s][info][gc] GC(4564) Pause Young (Allocation Failure) 752M->634M(853M) 13,349ms
[354,911s][info][gc] GC(4565) Pause Young (Allocation Failure) 760M->643M(913M) 15,362ms
[354,981s][info][gc] GC(4566) Pause Young (Allocation Failure) 775M->652M(911M) 17,885ms
[355,052s][info][gc] GC(4567) Pause Young (Allocation Failure) 784M->660M(920M) 20,781ms
[355,128s][info][gc] GC(4568) Pause Young (Allocation Failure) 801M->669M(903M) 22,812ms
[355,206s][info][gc] GC(4569) Pause Young (Allocation Failure) 810M->678M(903M) 25,614ms
[355,277s][info][gc] GC(4570) Pause Young (Allocation Failure) 793M->685M(893M) 27,134ms
[355,358s][info][gc] GC(4571) Pause Young (Allocation Failure) 800M->692M(910M) 35,839ms
[355,448s][info][gc] GC(4572) Pause Young (Allocation Failure) 806M->699M(910M) 47,612ms
[355,527s][info][gc] GC(4573) Pause Young (Allocation Failure) 813M->706M(910M) 34,674ms
[355,597s][info][gc] GC(4574) Pause Young (Allocation Failure) 820M->714M(910M) 26,838ms
[355,666s][info][gc] GC(4575) Pause Young (Allocation Failure) 828M->721M(910M) 24,734ms
[355,984s][info][gc] GC(4576) Pause Full (Ergonomics) 721M->590M(910M) 317,770ms
[356,027s][info][gc] GC(4577) Pause Young (Allocation Failure) 704M->599M(910M) 3,490ms
[356,073s][info][gc] GC(4578) Pause Young (Allocation Failure) 713M->607M(910M) 5,768ms
[356,121s][info][gc] GC(4579) Pause Young (Allocation Failure) 721M->615M(910M) 7,916ms
[356,172s][info][gc] GC(4580) Pause Young (Allocation Failure) 729M->623M(910M) 10,168ms
[356,226s][info][gc] GC(4581) Pause Young (Allocation Failure) 737M->631M(910M) 13,058ms
[356,278s][info][gc] GC(4582) Pause Young (Allocation Failure) 745M->639M(910M) 11,046ms
[356,328s][info][gc] GC(4583) Pause Young (Allocation Failure) 753M->647M(910M) 9,248ms
[356,375s][info][gc] GC(4584) Pause Young (Allocation Failure) 761M->655M(910M) 6,302ms
[356,421s][info][gc] GC(4585) Pause Young (Allocation Failure) 769M->664M(910M) 6,262ms
[356,750s][info][gc] GC(4586) Pause Full (Ergonomics) 664M->590M(910M) 328,967ms
[356,794s][info][gc] GC(4587) Pause Young (Allocation Failure) 704M->599M(910M) 3,481ms
[356,842s][info][gc] GC(4588) Pause Young (Allocation Failure) 713M->607M(814M) 5,703ms
[356,892s][info][gc] GC(4589) Pause Young (Allocation Failure) 721M->615M(906M) 8,006ms
[356,946s][info][gc] GC(4590) Pause Young (Allocation Failure) 736M->623M(905M) 10,533ms
[357,001s][info][gc] GC(4591) Pause Young (Allocation Failure) 744M->632M(903M) 12,681ms
[357,062s][info][gc] GC(4592) Pause Young (Allocation Failure) 761M->641M(905M) 14,860ms
[357,125s][info][gc] GC(4593) Pause Young (Allocation Failure) 770M->649M(913M) 17,240ms
[357,193s][info][gc] GC(4594) Pause Young (Allocation Failure) 786M->658M(916M) 19,902ms
[357,264s][info][gc] GC(4595) Pause Young (Allocation Failure) 795M->667M(907M) 22,175ms
[357,331s][info][gc] GC(4596) Pause Young (Allocation Failure) 789M->675M(889M) 24,188ms
[357,402s][info][gc] GC(4597) Pause Young (Allocation Failure) 797M->682M(910M) 26,368ms
[357,468s][info][gc] GC(4598) Pause Young (Allocation Failure) 796M->689M(910M) 24,589ms
[357,532s][info][gc] GC(4599) Pause Young (Allocation Failure) 803M->697M(910M) 22,509ms
[357,593s][info][gc] GC(4600) Pause Young (Allocation Failure) 811M->704M(848M) 20,604ms
[357,916s][info][gc] GC(4601) Pause Full (Ergonomics) 704M->590M(909M) 323,013ms
[357,961s][info][gc] GC(4602) Pause Young (Allocation Failure) 704M->599M(909M) 3,447ms
[358,008s][info][gc] GC(4603) Pause Young (Allocation Failure) 713M->607M(911M) 5,638ms
[358,059s][info][gc] GC(4604) Pause Young (Allocation Failure) 722M->615M(822M) 8,062ms
[358,112s][info][gc] GC(4605) Pause Young (Allocation Failure) 730M->623M(911M) 10,076ms
[358,167s][info][gc] GC(4606) Pause Young (Allocation Failure) 742M->631M(907M) 12,416ms
[358,224s][info][gc] GC(4607) Pause Young (Allocation Failure) 750M->639M(907M) 14,635ms
[358,286s][info][gc] GC(4608) Pause Young (Allocation Failure) 769M->648M(908M) 16,984ms
[358,351s][info][gc] GC(4609) Pause Young (Allocation Failure) 778M->657M(917M) 19,418ms
[358,422s][info][gc] GC(4610) Pause Young (Allocation Failure) 795M->666M(920M) 21,782ms
[358,495s][info][gc] GC(4611) Pause Young (Allocation Failure) 804M->674M(905M) 24,304ms
[358,563s][info][gc] GC(4612) Pause Young (Allocation Failure) 792M->682M(892M) 25,975ms
[358,635s][info][gc] GC(4613) Pause Young (Allocation Failure) 800M->689M(910M) 30,441ms
[358,718s][info][gc] GC(4614) Pause Young (Allocation Failure) 803M->696M(910M) 42,211ms
[358,791s][info][gc] GC(4615) Pause Young (Allocation Failure) 810M->703M(910M) 30,125ms
[358,861s][info][gc] GC(4616) Pause Young (Allocation Failure) 817M->710M(910M) 26,275ms
[358,929s][info][gc] GC(4617) Pause Young (Allocation Failure) 824M->717M(910M) 24,656ms
[359,259s][info][gc] GC(4618) Pause Full (Ergonomics) 717M->590M(910M) 330,277ms
[359,304s][info][gc] GC(4619) Pause Young (Allocation Failure) 704M->599M(910M) 3,453ms
[359,352s][info][gc] GC(4620) Pause Young (Allocation Failure) 713M->607M(910M) 5,619ms
[359,402s][info][gc] GC(4621) Pause Young (Allocation Failure) 721M->615M(910M) 7,892ms
[359,453s][info][gc] GC(4622) Pause Young (Allocation Failure) 729M->623M(910M) 10,208ms
[359,506s][info][gc] GC(4623) Pause Young (Allocation Failure) 737M->631M(910M) 13,078ms
[359,557s][info][gc] GC(4624) Pause Young (Allocation Failure) 745M->639M(910M) 11,110ms
[359,607s][info][gc] GC(4625) Pause Young (Allocation Failure) 753M->647M(910M) 9,169ms
[359,654s][info][gc] GC(4626) Pause Young (Allocation Failure) 761M->655M(910M) 6,315ms
[359,701s][info][gc] GC(4627) Pause Young (Allocation Failure) 769M->664M(910M) 6,320ms
[360,030s][info][gc] GC(4628) Pause Full (Ergonomics) 664M->590M(910M) 328,492ms
[360,074s][info][gc] GC(4629) Pause Young (Allocation Failure) 704M->599M(904M) 3,414ms
[360,120s][info][gc] GC(4630) Pause Young (Allocation Failure) 713M->607M(907M) 5,638ms
[360,170s][info][gc] GC(4631) Pause Young (Allocation Failure) 721M->615M(897M) 8,167ms
[360,224s][info][gc] GC(4632) Pause Young (Allocation Failure) 736M->624M(903M) 10,413ms
[360,281s][info][gc] GC(4633) Pause Young (Allocation Failure) 745M->632M(901M) 13,467ms
[360,341s][info][gc] GC(4634) Pause Young (Allocation Failure) 761M->641M(903M) 15,104ms
[360,404s][info][gc] GC(4635) Pause Young (Allocation Failure) 770M->649M(911M) 17,333ms
[360,472s][info][gc] GC(4636) Pause Young (Allocation Failure) 785M->658M(914M) 19,930ms
[360,542s][info][gc] GC(4637) Pause Young (Allocation Failure) 794M->667M(907M) 22,275ms
[360,610s][info][gc] GC(4638) Pause Young (Allocation Failure) 790M->675M(890M) 24,185ms
[360,680s][info][gc] GC(4639) Pause Young (Allocation Failure) 798M->683M(910M) 26,287ms
[360,746s][info][gc] GC(4640) Pause Young (Allocation Failure) 797M->690M(910M) 24,950ms
[360,810s][info][gc] GC(4641) Pause Young (Allocation Failure) 804M->697M(910M) 23,011ms
[360,871s][info][gc] GC(4642) Pause Young (Allocation Failure) 811M->705M(848M) 20,755ms
[361,195s][info][gc] GC(4643) Pause Full (Ergonomics) 705M->590M(909M) 324,225ms
[361,241s][info][gc] GC(4644) Pause Young (Allocation Failure) 704M->599M(909M) 3,393ms
[361,289s][info][gc] GC(4645) Pause Young (Allocation Failure) 713M->607M(911M) 5,624ms
[361,338s][info][gc] GC(4646) Pause Young (Allocation Failure) 722M->615M(822M) 8,105ms
[361,388s][info][gc] GC(4647) Pause Young (Allocation Failure) 730M->623M(911M) 10,144ms
[361,443s][info][gc] GC(4648) Pause Young (Allocation Failure) 743M->631M(907M) 12,673ms
[361,500s][info][gc] GC(4649) Pause Young (Allocation Failure) 751M->639M(907M) 14,692ms
[361,563s][info][gc] GC(4650) Pause Young (Allocation Failure) 769M->648M(908M) 17,021ms
[361,628s][info][gc] GC(4651) Pause Young (Allocation Failure) 778M->657M(917M) 19,366ms
[361,699s][info][gc] GC(4652) Pause Young (Allocation Failure) 795M->665M(896M) 21,882ms
[361,772s][info][gc] GC(4653) Pause Young (Allocation Failure) 803M->674M(905M) 24,379ms
[361,839s][info][gc] GC(4654) Pause Young (Allocation Failure) 792M->682M(892M) 25,957ms
[361,911s][info][gc] GC(4655) Pause Young (Allocation Failure) 800M->689M(910M) 29,871ms
[361,993s][info][gc] GC(4656) Pause Young (Allocation Failure) 803M->696M(910M) 41,696ms
[362,079s][info][gc] GC(4657) Pause Young (Allocation Failure) 810M->703M(910M) 42,904ms
[362,155s][info][gc] GC(4658) Pause Young (Allocation Failure) 817M->710M(910M) 31,559ms
[362,225s][info][gc] GC(4659) Pause Young (Allocation Failure) 824M->717M(910M) 26,448ms
[362,290s][info][gc] GC(4660) Pause Young (Allocation Failure) 831M->725M(910M) 24,438ms
[362,623s][info][gc] GC(4661) Pause Full (Ergonomics) 725M->590M(910M) 332,969ms
[362,667s][info][gc] GC(4662) Pause Young (Allocation Failure) 704M->599M(910M) 3,453ms
[362,714s][info][gc] GC(4663) Pause Young (Allocation Failure) 713M->607M(910M) 5,608ms
[362,765s][info][gc] GC(4664) Pause Young (Allocation Failure) 721M->615M(910M) 7,903ms
[362,818s][info][gc] GC(4665) Pause Young (Allocation Failure) 729M->623M(910M) 10,067ms
[362,871s][info][gc] GC(4666) Pause Young (Allocation Failure) 737M->631M(910M) 13,086ms
[362,924s][info][gc] GC(4667) Pause Young (Allocation Failure) 745M->639M(910M) 11,148ms
[362,975s][info][gc] GC(4668) Pause Young (Allocation Failure) 753M->647M(910M) 9,190ms
[363,022s][info][gc] GC(4669) Pause Young (Allocation Failure) 761M->655M(910M) 6,285ms
[363,070s][info][gc] GC(4670) Pause Young (Allocation Failure) 769M->664M(910M) 6,180ms
[363,385s][info][gc] GC(4671) Pause Full (Ergonomics) 664M->590M(910M) 315,779ms
[363,430s][info][gc] GC(4672) Pause Young (Allocation Failure) 704M->599M(910M) 3,401ms
[363,477s][info][gc] GC(4673) Pause Young (Allocation Failure) 713M->607M(904M) 6,288ms
[363,524s][info][gc] GC(4674) Pause Young (Allocation Failure) 721M->615M(907M) 5,927ms
[363,572s][info][gc] GC(4675) Pause Young (Allocation Failure) 729M->623M(895M) 8,114ms
[363,625s][info][gc] GC(4676) Pause Young (Allocation Failure) 744M->632M(902M) 10,289ms
[363,681s][info][gc] GC(4677) Pause Young (Allocation Failure) 753M->640M(902M) 12,675ms
[363,742s][info][gc] GC(4678) Pause Young (Allocation Failure) 770M->649M(903M) 14,956ms
[363,806s][info][gc] GC(4679) Pause Young (Allocation Failure) 778M->657M(910M) 17,243ms
[363,873s][info][gc] GC(4680) Pause Young (Allocation Failure) 793M->666M(914M) 19,918ms
[363,943s][info][gc] GC(4681) Pause Young (Allocation Failure) 802M->675M(907M) 22,215ms
[364,010s][info][gc] GC(4682) Pause Young (Allocation Failure) 797M->683M(889M) 24,246ms
[364,080s][info][gc] GC(4683) Pause Young (Allocation Failure) 805M->690M(910M) 26,413ms
[364,145s][info][gc] GC(4684) Pause Young (Allocation Failure) 804M->698M(910M) 24,811ms
[364,208s][info][gc] GC(4685) Pause Young (Allocation Failure) 812M->705M(910M) 22,797ms
[364,269s][info][gc] GC(4686) Pause Young (Allocation Failure) 819M->713M(848M) 20,670ms
[364,589s][info][gc] GC(4687) Pause Full (Ergonomics) 713M->590M(910M) 319,965ms
[364,633s][info][gc] GC(4688) Pause Young (Allocation Failure) 704M->599M(910M) 3,500ms
[364,680s][info][gc] GC(4689) Pause Young (Allocation Failure) 713M->607M(910M) 5,688ms
[364,729s][info][gc] GC(4690) Pause Young (Allocation Failure) 722M->615M(822M) 8,026ms
[364,780s][info][gc] GC(4691) Pause Young (Allocation Failure) 730M->623M(911M) 10,173ms
[364,836s][info][gc] GC(4692) Pause Young (Allocation Failure) 743M->631M(907M) 12,478ms
[364,892s][info][gc] GC(4693) Pause Young (Allocation Failure) 751M->639M(908M) 14,581ms
[364,956s][info][gc] GC(4694) Pause Young (Allocation Failure) 770M->648M(909M) 17,047ms
[365,021s][info][gc] GC(4695) Pause Young (Allocation Failure) 779M->657M(918M) 19,169ms
[365,092s][info][gc] GC(4696) Pause Young (Allocation Failure) 796M->666M(897M) 21,884ms
[365,165s][info][gc] GC(4697) Pause Young (Allocation Failure) 805M->675M(904M) 24,539ms
[365,233s][info][gc] GC(4698) Pause Young (Allocation Failure) 792M->682M(892M) 26,011ms
[365,305s][info][gc] GC(4699) Pause Young (Allocation Failure) 799M->689M(910M) 31,245ms
[365,389s][info][gc] GC(4700) Pause Young (Allocation Failure) 803M->696M(910M) 43,305ms
[365,466s][info][gc] GC(4701) Pause Young (Allocation Failure) 810M->703M(910M) 33,656ms
[365,537s][info][gc] GC(4702) Pause Young (Allocation Failure) 817M->710M(910M) 26,373ms
[365,605s][info][gc] GC(4703) Pause Young (Allocation Failure) 824M->718M(910M) 24,858ms
[365,931s][info][gc] GC(4704) Pause Full (Ergonomics) 718M->590M(910M) 326,034ms
[365,975s][info][gc] GC(4705) Pause Young (Allocation Failure) 704M->599M(910M) 3,417ms
[366,021s][info][gc] GC(4706) Pause Young (Allocation Failure) 713M->607M(910M) 5,637ms
[366,071s][info][gc] GC(4707) Pause Young (Allocation Failure) 721M->615M(910M) 7,895ms
[366,123s][info][gc] GC(4708) Pause Young (Allocation Failure) 729M->623M(910M) 10,234ms
[366,176s][info][gc] GC(4709) Pause Young (Allocation Failure) 737M->631M(910M) 13,006ms
[366,228s][info][gc] GC(4710) Pause Young (Allocation Failure) 745M->639M(910M) 10,943ms
[366,277s][info][gc] GC(4711) Pause Young (Allocation Failure) 753M->647M(910M) 9,103ms
[366,324s][info][gc] GC(4712) Pause Young (Allocation Failure) 761M->655M(910M) 6,249ms
[366,371s][info][gc] GC(4713) Pause Young (Allocation Failure) 769M->664M(910M) 6,203ms
[366,700s][info][gc] GC(4714) Pause Full (Ergonomics) 664M->590M(910M) 329,560ms
[366,745s][info][gc] GC(4715) Pause Young (Allocation Failure) 704M->599M(905M) 3,482ms
[366,793s][info][gc] GC(4716) Pause Young (Allocation Failure) 713M->607M(908M) 5,656ms
[366,842s][info][gc] GC(4717) Pause Young (Allocation Failure) 721M->615M(897M) 8,216ms
[366,896s][info][gc] GC(4718) Pause Young (Allocation Failure) 736M->624M(903M) 10,552ms
[366,951s][info][gc] GC(4719) Pause Young (Allocation Failure) 745M->632M(902M) 12,734ms
[367,012s][info][gc] GC(4720) Pause Young (Allocation Failure) 761M->641M(904M) 14,844ms
[367,075s][info][gc] GC(4721) Pause Young (Allocation Failure) 770M->649M(911M) 17,266ms
[367,143s][info][gc] GC(4722) Pause Young (Allocation Failure) 785M->658M(914M) 19,846ms
[367,213s][info][gc] GC(4723) Pause Young (Allocation Failure) 794M->667M(907M) 22,011ms
[367,281s][info][gc] GC(4724) Pause Young (Allocation Failure) 790M->675M(890M) 24,395ms
[367,351s][info][gc] GC(4725) Pause Young (Allocation Failure) 798M->682M(910M) 26,523ms
[367,416s][info][gc] GC(4726) Pause Young (Allocation Failure) 796M->690M(910M) 24,888ms
[367,479s][info][gc] GC(4727) Pause Young (Allocation Failure) 804M->697M(910M) 23,113ms
[367,540s][info][gc] GC(4728) Pause Young (Allocation Failure) 811M->705M(848M) 20,720ms
[367,874s][info][gc] GC(4729) Pause Full (Ergonomics) 705M->590M(909M) 333,169ms
[367,918s][info][gc] GC(4730) Pause Young (Allocation Failure) 704M->599M(909M) 3,328ms
[367,966s][info][gc] GC(4731) Pause Young (Allocation Failure) 713M->607M(911M) 5,640ms
[368,017s][info][gc] GC(4732) Pause Young (Allocation Failure) 722M->615M(822M) 8,115ms
[368,067s][info][gc] GC(4733) Pause Young (Allocation Failure) 730M->623M(911M) 10,173ms
[368,122s][info][gc] GC(4734) Pause Young (Allocation Failure) 743M->631M(907M) 12,695ms
[368,179s][info][gc] GC(4735) Pause Young (Allocation Failure) 751M->640M(906M) 14,901ms
[368,242s][info][gc] GC(4736) Pause Young (Allocation Failure) 769M->648M(908M) 17,014ms
[368,308s][info][gc] GC(4737) Pause Young (Allocation Failure) 778M->657M(917M) 19,340ms
[368,379s][info][gc] GC(4738) Pause Young (Allocation Failure) 795M->666M(896M) 21,858ms
[368,452s][info][gc] GC(4739) Pause Young (Allocation Failure) 804M->674M(905M) 24,661ms
[368,520s][info][gc] GC(4740) Pause Young (Allocation Failure) 792M->682M(892M) 26,211ms
[368,591s][info][gc] GC(4741) Pause Young (Allocation Failure) 800M->689M(910M) 29,483ms
[368,674s][info][gc] GC(4742) Pause Young (Allocation Failure) 803M->696M(910M) 42,449ms
[368,758s][info][gc] GC(4743) Pause Young (Allocation Failure) 810M->703M(910M) 42,074ms
[368,831s][info][gc] GC(4744) Pause Young (Allocation Failure) 817M->710M(910M) 29,964ms
[368,901s][info][gc] GC(4745) Pause Young (Allocation Failure) 824M->717M(910M) 26,003ms
[368,967s][info][gc] GC(4746) Pause Young (Allocation Failure) 831M->724M(910M) 24,458ms
[369,283s][info][gc] GC(4747) Pause Full (Ergonomics) 724M->590M(910M) 315,925ms
[369,327s][info][gc] GC(4748) Pause Young (Allocation Failure) 704M->599M(910M) 3,459ms
[369,374s][info][gc] GC(4749) Pause Young (Allocation Failure) 713M->607M(910M) 5,717ms
[369,424s][info][gc] GC(4750) Pause Young (Allocation Failure) 721M->615M(910M) 8,047ms
[369,474s][info][gc] GC(4751) Pause Young (Allocation Failure) 729M->623M(910M) 10,073ms
[369,527s][info][gc] GC(4752) Pause Young (Allocation Failure) 737M->631M(910M) 12,972ms
[369,579s][info][gc] GC(4753) Pause Young (Allocation Failure) 745M->639M(910M) 11,134ms
[369,628s][info][gc] GC(4754) Pause Young (Allocation Failure) 753M->647M(910M) 9,180ms
[369,675s][info][gc] GC(4755) Pause Young (Allocation Failure) 761M->655M(910M) 6,299ms
[369,722s][info][gc] GC(4756) Pause Young (Allocation Failure) 769M->664M(910M) 6,286ms
[370,047s][info][gc] GC(4757) Pause Full (Ergonomics) 664M->590M(910M) 325,295ms
[370,090s][info][gc] GC(4758) Pause Young (Allocation Failure) 704M->599M(910M) 3,372ms
[370,139s][info][gc] GC(4759) Pause Young (Allocation Failure) 713M->607M(904M) 6,313ms
[370,187s][info][gc] GC(4760) Pause Young (Allocation Failure) 721M->615M(907M) 5,902ms
[370,237s][info][gc] GC(4761) Pause Young (Allocation Failure) 729M->623M(895M) 8,334ms
[370,291s][info][gc] GC(4762) Pause Young (Allocation Failure) 744M->632M(902M) 10,368ms
[370,347s][info][gc] GC(4763) Pause Young (Allocation Failure) 753M->640M(902M) 13,242ms
[370,408s][info][gc] GC(4764) Pause Young (Allocation Failure) 770M->649M(903M) 14,952ms
[370,471s][info][gc] GC(4765) Pause Young (Allocation Failure) 778M->658M(910M) 17,400ms
[370,539s][info][gc] GC(4766) Pause Young (Allocation Failure) 793M->666M(914M) 19,857ms
[370,610s][info][gc] GC(4767) Pause Young (Allocation Failure) 802M->675M(907M) 22,284ms
[370,678s][info][gc] GC(4768) Pause Young (Allocation Failure) 797M->683M(889M) 24,597ms
[370,748s][info][gc] GC(4769) Pause Young (Allocation Failure) 805M->691M(910M) 26,538ms
[370,814s][info][gc] GC(4770) Pause Young (Allocation Failure) 805M->698M(910M) 24,889ms
[370,878s][info][gc] GC(4771) Pause Young (Allocation Failure) 812M->705M(910M) 22,962ms
[370,941s][info][gc] GC(4772) Pause Young (Allocation Failure) 819M->713M(848M) 20,460ms
[371,270s][info][gc] GC(4773) Pause Full (Ergonomics) 713M->590M(910M) 329,373ms
[371,315s][info][gc] GC(4774) Pause Young (Allocation Failure) 704M->599M(910M) 3,334ms
[371,364s][info][gc] GC(4775) Pause Young (Allocation Failure) 713M->607M(910M) 5,644ms
[371,416s][info][gc] GC(4776) Pause Young (Allocation Failure) 722M->615M(822M) 8,082ms
[371,471s][info][gc] GC(4777) Pause Young (Allocation Failure) 730M->623M(911M) 11,767ms
[371,531s][info][gc] GC(4778) Pause Young (Allocation Failure) 743M->631M(907M) 14,641ms
[371,593s][info][gc] GC(4779) Pause Young (Allocation Failure) 751M->640M(907M) 14,431ms
[371,660s][info][gc] GC(4780) Pause Young (Allocation Failure) 770M->648M(908M) 16,938ms
[371,728s][info][gc] GC(4781) Pause Young (Allocation Failure) 778M->657M(917M) 19,341ms
[371,803s][info][gc] GC(4782) Pause Young (Allocation Failure) 795M->666M(896M) 21,869ms
[371,879s][info][gc] GC(4783) Pause Young (Allocation Failure) 804M->674M(904M) 24,399ms
[371,951s][info][gc] GC(4784) Pause Young (Allocation Failure) 791M->682M(891M) 27,893ms
[372,026s][info][gc] GC(4785) Pause Young (Allocation Failure) 799M->689M(910M) 31,649ms
[372,113s][info][gc] GC(4786) Pause Young (Allocation Failure) 803M->696M(910M) 41,386ms
[372,200s][info][gc] GC(4787) Pause Young (Allocation Failure) 810M->703M(910M) 43,952ms
[372,277s][info][gc] GC(4788) Pause Young (Allocation Failure) 817M->710M(910M) 31,983ms
[372,347s][info][gc] GC(4789) Pause Young (Allocation Failure) 824M->717M(910M) 25,980ms
[372,416s][info][gc] GC(4790) Pause Young (Allocation Failure) 831M->724M(910M) 24,450ms
[372,746s][info][gc] GC(4791) Pause Full (Ergonomics) 724M->590M(910M) 330,592ms
[372,791s][info][gc] GC(4792) Pause Young (Allocation Failure) 704M->599M(910M) 3,476ms
[372,840s][info][gc] GC(4793) Pause Young (Allocation Failure) 713M->607M(910M) 5,690ms
[372,891s][info][gc] GC(4794) Pause Young (Allocation Failure) 721M->615M(910M) 7,927ms
[372,945s][info][gc] GC(4795) Pause Young (Allocation Failure) 729M->623M(910M) 9,994ms
[373,000s][info][gc] GC(4796) Pause Young (Allocation Failure) 737M->631M(910M) 12,870ms
[373,054s][info][gc] GC(4797) Pause Young (Allocation Failure) 745M->639M(910M) 10,744ms
[373,108s][info][gc] GC(4798) Pause Young (Allocation Failure) 753M->647M(910M) 9,070ms
[373,159s][info][gc] GC(4799) Pause Young (Allocation Failure) 761M->655M(910M) 6,238ms
[373,211s][info][gc] GC(4800) Pause Young (Allocation Failure) 769M->664M(910M) 6,190ms
[373,538s][info][gc] GC(4801) Pause Full (Ergonomics) 664M->590M(910M) 327,024ms
[373,582s][info][gc] GC(4802) Pause Young (Allocation Failure) 704M->599M(910M) 3,438ms
[373,631s][info][gc] GC(4803) Pause Young (Allocation Failure) 713M->607M(904M) 6,386ms
[373,680s][info][gc] GC(4804) Pause Young (Allocation Failure) 721M->615M(907M) 5,793ms
[373,730s][info][gc] GC(4805) Pause Young (Allocation Failure) 729M->623M(895M) 8,548ms
[373,785s][info][gc] GC(4806) Pause Young (Allocation Failure) 744M->632M(902M) 10,310ms
[373,846s][info][gc] GC(4807) Pause Young (Allocation Failure) 753M->640M(902M) 12,868ms
[373,912s][info][gc] GC(4808) Pause Young (Allocation Failure) 770M->649M(903M) 15,051ms
[373,980s][info][gc] GC(4809) Pause Young (Allocation Failure) 778M->658M(910M) 17,407ms
[374,050s][info][gc] GC(4810) Pause Young (Allocation Failure) 793M->666M(914M) 19,920ms
[374,123s][info][gc] GC(4811) Pause Young (Allocation Failure) 801M->675M(907M) 22,191ms
[374,193s][info][gc] GC(4812) Pause Young (Allocation Failure) 797M->683M(889M) 24,217ms
[374,264s][info][gc] GC(4813) Pause Young (Allocation Failure) 805M->690M(910M) 26,044ms
[374,332s][info][gc] GC(4814) Pause Young (Allocation Failure) 804M->698M(910M) 24,657ms
[374,396s][info][gc] GC(4815) Pause Young (Allocation Failure) 812M->705M(910M) 22,984ms
[374,458s][info][gc] GC(4816) Pause Young (Allocation Failure) 819M->713M(848M) 20,555ms
[374,780s][info][gc] GC(4817) Pause Full (Ergonomics) 713M->590M(910M) 322,457ms
[374,824s][info][gc] GC(4818) Pause Young (Allocation Failure) 704M->599M(910M) 3,458ms
[374,872s][info][gc] GC(4819) Pause Young (Allocation Failure) 713M->607M(910M) 5,619ms
[374,922s][info][gc] GC(4820) Pause Young (Allocation Failure) 722M->615M(822M) 8,090ms
[374,973s][info][gc] GC(4821) Pause Young (Allocation Failure) 730M->623M(911M) 10,071ms
[375,029s][info][gc] GC(4822) Pause Young (Allocation Failure) 743M->631M(907M) 12,595ms
[375,086s][info][gc] GC(4823) Pause Young (Allocation Failure) 751M->639M(907M) 14,543ms
[375,150s][info][gc] GC(4824) Pause Young (Allocation Failure) 769M->648M(908M) 17,186ms
[375,215s][info][gc] GC(4825) Pause Young (Allocation Failure) 778M->657M(917M) 19,401ms
[375,285s][info][gc] GC(4826) Pause Young (Allocation Failure) 795M->666M(897M) 21,800ms
[375,359s][info][gc] GC(4827) Pause Young (Allocation Failure) 804M->674M(904M) 24,467ms
[375,426s][info][gc] GC(4828) Pause Young (Allocation Failure) 791M->682M(891M) 25,908ms
[375,499s][info][gc] GC(4829) Pause Young (Allocation Failure) 799M->689M(910M) 31,275ms
[375,599s][info][gc] GC(4830) Pause Young (Allocation Failure) 803M->696M(910M) 42,721ms
[375,672s][info][gc] GC(4831) Pause Young (Allocation Failure) 810M->703M(910M) 29,124ms
[375,741s][info][gc] GC(4832) Pause Young (Allocation Failure) 817M->710M(910M) 26,505ms
[375,806s][info][gc] GC(4833) Pause Young (Allocation Failure) 824M->718M(910M) 24,637ms
[376,131s][info][gc] GC(4834) Pause Full (Ergonomics) 718M->590M(910M) 324,416ms
[376,175s][info][gc] GC(4835) Pause Young (Allocation Failure) 704M->599M(910M) 3,481ms
[376,222s][info][gc] GC(4836) Pause Young (Allocation Failure) 713M->607M(910M) 5,986ms
[376,274s][info][gc] GC(4837) Pause Young (Allocation Failure) 721M->615M(910M) 8,021ms
[376,325s][info][gc] GC(4838) Pause Young (Allocation Failure) 729M->623M(910M) 10,121ms
[376,380s][info][gc] GC(4839) Pause Young (Allocation Failure) 737M->631M(910M) 13,069ms
[376,432s][info][gc] GC(4840) Pause Young (Allocation Failure) 745M->639M(910M) 10,967ms
[376,482s][info][gc] GC(4841) Pause Young (Allocation Failure) 753M->647M(910M) 9,131ms
[376,528s][info][gc] GC(4842) Pause Young (Allocation Failure) 761M->656M(910M) 6,283ms
[376,575s][info][gc] GC(4843) Pause Young (Allocation Failure) 770M->664M(910M) 6,306ms
[376,903s][info][gc] GC(4844) Pause Full (Ergonomics) 664M->590M(910M) 328,081ms
[376,948s][info][gc] GC(4845) Pause Young (Allocation Failure) 704M->599M(904M) 3,419ms
[376,996s][info][gc] GC(4846) Pause Young (Allocation Failure) 713M->607M(907M) 5,730ms
[377,045s][info][gc] GC(4847) Pause Young (Allocation Failure) 721M->615M(897M) 8,199ms
[377,099s][info][gc] GC(4848) Pause Young (Allocation Failure) 736M->624M(903M) 10,333ms
[377,154s][info][gc] GC(4849) Pause Young (Allocation Failure) 745M->632M(901M) 12,869ms
[377,215s][info][gc] GC(4850) Pause Young (Allocation Failure) 761M->641M(903M) 14,948ms
[377,278s][info][gc] GC(4851) Pause Young (Allocation Failure) 770M->649M(911M) 17,457ms
[377,345s][info][gc] GC(4852) Pause Young (Allocation Failure) 785M->658M(914M) 19,872ms
[377,416s][info][gc] GC(4853) Pause Young (Allocation Failure) 794M->667M(907M) 22,312ms
[377,483s][info][gc] GC(4854) Pause Young (Allocation Failure) 790M->675M(890M) 24,245ms
[377,553s][info][gc] GC(4855) Pause Young (Allocation Failure) 798M->683M(910M) 26,478ms
[377,619s][info][gc] GC(4856) Pause Young (Allocation Failure) 797M->690M(910M) 25,104ms
[377,683s][info][gc] GC(4857) Pause Young (Allocation Failure) 804M->697M(910M) 23,040ms
[377,745s][info][gc] GC(4858) Pause Young (Allocation Failure) 811M->705M(848M) 21,722ms
[378,069s][info][gc] GC(4859) Pause Full (Ergonomics) 705M->590M(909M) 323,842ms
[378,113s][info][gc] GC(4860) Pause Young (Allocation Failure) 704M->599M(909M) 3,394ms
[378,160s][info][gc] GC(4861) Pause Young (Allocation Failure) 713M->607M(911M) 5,659ms
[378,210s][info][gc] GC(4862) Pause Young (Allocation Failure) 721M->615M(822M) 8,086ms
[378,262s][info][gc] GC(4863) Pause Young (Allocation Failure) 730M->623M(911M) 10,183ms
[378,317s][info][gc] GC(4864) Pause Young (Allocation Failure) 743M->631M(907M) 12,598ms
[378,376s][info][gc] GC(4865) Pause Young (Allocation Failure) 751M->639M(907M) 14,715ms
[378,440s][info][gc] GC(4866) Pause Young (Allocation Failure) 769M->648M(908M) 17,066ms
[378,507s][info][gc] GC(4867) Pause Young (Allocation Failure) 778M->657M(917M) 19,365ms
[378,578s][info][gc] GC(4868) Pause Young (Allocation Failure) 795M->666M(896M) 21,610ms
[378,652s][info][gc] GC(4869) Pause Young (Allocation Failure) 804M->674M(905M) 24,273ms
[378,721s][info][gc] GC(4870) Pause Young (Allocation Failure) 792M->682M(892M) 25,562ms
[378,797s][info][gc] GC(4871) Pause Young (Allocation Failure) 800M->689M(910M) 33,682ms
[378,878s][info][gc] GC(4872) Pause Young (Allocation Failure) 803M->696M(910M) 36,616ms
[378,964s][info][gc] GC(4873) Pause Young (Allocation Failure) 810M->703M(910M) 42,608ms
[379,038s][info][gc] GC(4874) Pause Young (Allocation Failure) 817M->710M(910M) 29,521ms
[379,108s][info][gc] GC(4875) Pause Young (Allocation Failure) 824M->717M(910M) 26,374ms
[379,175s][info][gc] GC(4876) Pause Young (Allocation Failure) 831M->724M(910M) 24,457ms
[379,507s][info][gc] GC(4877) Pause Full (Ergonomics) 724M->590M(910M) 332,688ms
[379,553s][info][gc] GC(4878) Pause Young (Allocation Failure) 704M->599M(910M) 3,440ms
[379,601s][info][gc] GC(4879) Pause Young (Allocation Failure) 713M->607M(910M) 5,703ms
[379,650s][info][gc] GC(4880) Pause Young (Allocation Failure) 721M->615M(910M) 7,951ms
[379,702s][info][gc] GC(4881) Pause Young (Allocation Failure) 729M->623M(910M) 9,937ms
[379,755s][info][gc] GC(4882) Pause Young (Allocation Failure) 737M->631M(910M) 13,094ms
[379,807s][info][gc] GC(4883) Pause Young (Allocation Failure) 745M->639M(910M) 11,139ms
[379,857s][info][gc] GC(4884) Pause Young (Allocation Failure) 753M->647M(910M) 9,078ms
[379,905s][info][gc] GC(4885) Pause Young (Allocation Failure) 761M->655M(910M) 6,156ms
[379,954s][info][gc] GC(4886) Pause Young (Allocation Failure) 769M->664M(910M) 6,175ms
[380,286s][info][gc] GC(4887) Pause Full (Ergonomics) 664M->590M(910M) 331,808ms
[380,331s][info][gc] GC(4888) Pause Young (Allocation Failure) 704M->599M(910M) 3,432ms
[380,380s][info][gc] GC(4889) Pause Young (Allocation Failure) 713M->607M(904M) 6,309ms
[380,430s][info][gc] GC(4890) Pause Young (Allocation Failure) 721M->615M(907M) 5,818ms
[380,481s][info][gc] GC(4891) Pause Young (Allocation Failure) 729M->623M(895M) 8,737ms
[380,536s][info][gc] GC(4892) Pause Young (Allocation Failure) 744M->632M(902M) 10,203ms
[380,594s][info][gc] GC(4893) Pause Young (Allocation Failure) 753M->640M(902M) 12,843ms
[380,658s][info][gc] GC(4894) Pause Young (Allocation Failure) 770M->649M(903M) 15,053ms
[380,723s][info][gc] GC(4895) Pause Young (Allocation Failure) 778M->658M(910M) 17,328ms
[380,793s][info][gc] GC(4896) Pause Young (Allocation Failure) 793M->666M(914M) 19,833ms
[380,865s][info][gc] GC(4897) Pause Young (Allocation Failure) 801M->675M(907M) 22,320ms
[380,935s][info][gc] GC(4898) Pause Young (Allocation Failure) 797M->683M(889M) 24,160ms
[381,006s][info][gc] GC(4899) Pause Young (Allocation Failure) 805M->691M(910M) 26,760ms
[381,072s][info][gc] GC(4900) Pause Young (Allocation Failure) 805M->698M(910M) 24,786ms
[381,137s][info][gc] GC(4901) Pause Young (Allocation Failure) 812M->705M(910M) 22,867ms
[381,201s][info][gc] GC(4902) Pause Young (Allocation Failure) 819M->713M(848M) 20,672ms
[381,535s][info][gc] GC(4903) Pause Full (Ergonomics) 713M->590M(909M) 333,937ms
[381,580s][info][gc] GC(4904) Pause Young (Allocation Failure) 704M->599M(909M) 3,590ms
[381,627s][info][gc] GC(4905) Pause Young (Allocation Failure) 713M->607M(911M) 5,725ms
[381,678s][info][gc] GC(4906) Pause Young (Allocation Failure) 722M->615M(822M) 8,194ms
[381,731s][info][gc] GC(4907) Pause Young (Allocation Failure) 730M->623M(911M) 10,177ms
[381,787s][info][gc] GC(4908) Pause Young (Allocation Failure) 743M->631M(907M) 12,609ms
[381,845s][info][gc] GC(4909) Pause Young (Allocation Failure) 751M->639M(906M) 14,505ms
[381,908s][info][gc] GC(4910) Pause Young (Allocation Failure) 769M->648M(908M) 16,904ms
[381,975s][info][gc] GC(4911) Pause Young (Allocation Failure) 778M->657M(916M) 19,236ms
[382,047s][info][gc] GC(4912) Pause Young (Allocation Failure) 794M->665M(919M) 21,932ms
[382,120s][info][gc] GC(4913) Pause Young (Allocation Failure) 803M->674M(905M) 24,381ms
[382,188s][info][gc] GC(4914) Pause Young (Allocation Failure) 792M->682M(892M) 26,042ms
[382,260s][info][gc] GC(4915) Pause Young (Allocation Failure) 800M->689M(910M) 30,727ms
[382,344s][info][gc] GC(4916) Pause Young (Allocation Failure) 803M->696M(910M) 40,754ms
[382,428s][info][gc] GC(4917) Pause Young (Allocation Failure) 810M->703M(910M) 41,888ms
[382,500s][info][gc] GC(4918) Pause Young (Allocation Failure) 817M->710M(910M) 28,291ms
[382,570s][info][gc] GC(4919) Pause Young (Allocation Failure) 824M->717M(910M) 26,359ms
[382,638s][info][gc] GC(4920) Pause Young (Allocation Failure) 831M->724M(910M) 24,446ms
[382,961s][info][gc] GC(4921) Pause Full (Ergonomics) 724M->590M(910M) 322,853ms
[383,005s][info][gc] GC(4922) Pause Young (Allocation Failure) 704M->599M(910M) 3,429ms
[383,054s][info][gc] GC(4923) Pause Young (Allocation Failure) 713M->607M(910M) 5,785ms
[383,106s][info][gc] GC(4924) Pause Young (Allocation Failure) 721M->615M(910M) 7,966ms
[383,161s][info][gc] GC(4925) Pause Young (Allocation Failure) 729M->623M(910M) 10,026ms
[383,219s][info][gc] GC(4926) Pause Young (Allocation Failure) 737M->631M(910M) 13,055ms
[383,273s][info][gc] GC(4927) Pause Young (Allocation Failure) 745M->639M(910M) 10,908ms
[383,325s][info][gc] GC(4928) Pause Young (Allocation Failure) 753M->647M(910M) 9,142ms
[383,373s][info][gc] GC(4929) Pause Young (Allocation Failure) 761M->655M(910M) 6,226ms
[383,422s][info][gc] GC(4930) Pause Young (Allocation Failure) 769M->664M(910M) 6,270ms
[383,753s][info][gc] GC(4931) Pause Full (Ergonomics) 664M->590M(910M) 331,085ms
[383,798s][info][gc] GC(4932) Pause Young (Allocation Failure) 704M->599M(910M) 3,450ms
[383,846s][info][gc] GC(4933) Pause Young (Allocation Failure) 713M->607M(903M) 6,331ms
[383,895s][info][gc] GC(4934) Pause Young (Allocation Failure) 721M->615M(907M) 5,887ms
[383,946s][info][gc] GC(4935) Pause Young (Allocation Failure) 729M->623M(896M) 8,202ms
[384,001s][info][gc] GC(4936) Pause Young (Allocation Failure) 744M->632M(902M) 10,214ms
[384,059s][info][gc] GC(4937) Pause Young (Allocation Failure) 753M->640M(902M) 12,789ms
[384,125s][info][gc] GC(4938) Pause Young (Allocation Failure) 770M->649M(903M) 15,067ms
[384,192s][info][gc] GC(4939) Pause Young (Allocation Failure) 778M->658M(910M) 17,361ms
[384,264s][info][gc] GC(4940) Pause Young (Allocation Failure) 793M->666M(914M) 19,893ms
[384,336s][info][gc] GC(4941) Pause Young (Allocation Failure) 801M->675M(907M) 22,316ms
[384,405s][info][gc] GC(4942) Pause Young (Allocation Failure) 797M->683M(889M) 24,303ms
[384,474s][info][gc] GC(4943) Pause Young (Allocation Failure) 805M->690M(910M) 26,398ms
[384,540s][info][gc] GC(4944) Pause Young (Allocation Failure) 804M->698M(910M) 24,700ms
[384,605s][info][gc] GC(4945) Pause Young (Allocation Failure) 812M->705M(910M) 23,026ms
[384,665s][info][gc] GC(4946) Pause Young (Allocation Failure) 819M->713M(848M) 20,577ms
[384,984s][info][gc] GC(4947) Pause Full (Ergonomics) 713M->590M(909M) 318,975ms
[385,030s][info][gc] GC(4948) Pause Young (Allocation Failure) 704M->599M(909M) 3,478ms
[385,077s][info][gc] GC(4949) Pause Young (Allocation Failure) 713M->607M(911M) 5,640ms
[385,127s][info][gc] GC(4950) Pause Young (Allocation Failure) 722M->615M(822M) 7,958ms
[385,180s][info][gc] GC(4951) Pause Young (Allocation Failure) 730M->623M(911M) 10,246ms
[385,236s][info][gc] GC(4952) Pause Young (Allocation Failure) 743M->631M(907M) 12,743ms
[385,295s][info][gc] GC(4953) Pause Young (Allocation Failure) 751M->639M(907M) 14,675ms
[385,358s][info][gc] GC(4954) Pause Young (Allocation Failure) 769M->648M(908M) 16,951ms
[385,424s][info][gc] GC(4955) Pause Young (Allocation Failure) 778M->657M(917M) 19,549ms
[385,496s][info][gc] GC(4956) Pause Young (Allocation Failure) 795M->665M(896M) 21,603ms
[385,569s][info][gc] GC(4957) Pause Young (Allocation Failure) 803M->674M(904M) 24,320ms
[385,637s][info][gc] GC(4958) Pause Young (Allocation Failure) 791M->682M(891M) 25,917ms
[385,710s][info][gc] GC(4959) Pause Young (Allocation Failure) 799M->689M(910M) 30,115ms
[385,794s][info][gc] GC(4960) Pause Young (Allocation Failure) 803M->696M(910M) 42,234ms
[385,879s][info][gc] GC(4961) Pause Young (Allocation Failure) 810M->703M(910M) 42,042ms
[385,955s][info][gc] GC(4962) Pause Young (Allocation Failure) 817M->710M(910M) 31,315ms
[386,025s][info][gc] GC(4963) Pause Young (Allocation Failure) 824M->717M(910M) 26,192ms
[386,091s][info][gc] GC(4964) Pause Young (Allocation Failure) 831M->724M(910M) 24,218ms
[386,421s][info][gc] GC(4965) Pause Full (Ergonomics) 724M->590M(910M) 330,587ms
[386,465s][info][gc] GC(4966) Pause Young (Allocation Failure) 704M->599M(910M) 3,442ms
[386,512s][info][gc] GC(4967) Pause Young (Allocation Failure) 713M->607M(910M) 5,681ms
[386,561s][info][gc] GC(4968) Pause Young (Allocation Failure) 721M->615M(910M) 7,948ms
[386,613s][info][gc] GC(4969) Pause Young (Allocation Failure) 729M->623M(910M) 10,070ms
[386,667s][info][gc] GC(4970) Pause Young (Allocation Failure) 737M->631M(910M) 13,090ms
[386,721s][info][gc] GC(4971) Pause Young (Allocation Failure) 745M->639M(910M) 11,080ms
[386,772s][info][gc] GC(4972) Pause Young (Allocation Failure) 753M->647M(910M) 9,239ms
[386,820s][info][gc] GC(4973) Pause Young (Allocation Failure) 761M->655M(910M) 6,193ms
[386,867s][info][gc] GC(4974) Pause Young (Allocation Failure) 769M->664M(910M) 6,317ms
[387,197s][info][gc] GC(4975) Pause Full (Ergonomics) 664M->590M(910M) 329,973ms
[387,243s][info][gc] GC(4976) Pause Young (Allocation Failure) 704M->599M(910M) 3,344ms
[387,292s][info][gc] GC(4977) Pause Young (Allocation Failure) 713M->607M(903M) 6,240ms
[387,339s][info][gc] GC(4978) Pause Young (Allocation Failure) 721M->615M(907M) 5,973ms
[387,387s][info][gc] GC(4979) Pause Young (Allocation Failure) 729M->623M(895M) 8,275ms
[387,441s][info][gc] GC(4980) Pause Young (Allocation Failure) 744M->632M(902M) 10,304ms
[387,497s][info][gc] GC(4981) Pause Young (Allocation Failure) 753M->640M(902M) 12,815ms
[387,558s][info][gc] GC(4982) Pause Young (Allocation Failure) 770M->649M(903M) 14,994ms
[387,622s][info][gc] GC(4983) Pause Young (Allocation Failure) 778M->657M(910M) 17,323ms
[387,691s][info][gc] GC(4984) Pause Young (Allocation Failure) 793M->666M(914M) 19,723ms
[387,763s][info][gc] GC(4985) Pause Young (Allocation Failure) 802M->675M(907M) 22,159ms
[387,831s][info][gc] GC(4986) Pause Young (Allocation Failure) 797M->683M(889M) 24,185ms
[387,902s][info][gc] GC(4987) Pause Young (Allocation Failure) 805M->691M(910M) 26,592ms
[387,968s][info][gc] GC(4988) Pause Young (Allocation Failure) 805M->698M(910M) 24,906ms
[388,033s][info][gc] GC(4989) Pause Young (Allocation Failure) 812M->705M(910M) 22,853ms
[388,095s][info][gc] GC(4990) Pause Young (Allocation Failure) 819M->713M(848M) 20,748ms
[388,419s][info][gc] GC(4991) Pause Full (Ergonomics) 713M->590M(910M) 323,595ms
[388,462s][info][gc] GC(4992) Pause Young (Allocation Failure) 704M->599M(910M) 3,363ms
[388,508s][info][gc] GC(4993) Pause Young (Allocation Failure) 713M->607M(910M) 5,605ms
[388,558s][info][gc] GC(4994) Pause Young (Allocation Failure) 722M->615M(822M) 8,033ms
[388,610s][info][gc] GC(4995) Pause Young (Allocation Failure) 730M->623M(911M) 10,194ms
[388,665s][info][gc] GC(4996) Pause Young (Allocation Failure) 743M->631M(907M) 12,582ms
[388,722s][info][gc] GC(4997) Pause Young (Allocation Failure) 751M->640M(907M) 14,710ms
[388,786s][info][gc] GC(4998) Pause Young (Allocation Failure) 770M->648M(908M) 17,053ms
[388,852s][info][gc] GC(4999) Pause Young (Allocation Failure) 778M->657M(917M) 19,357ms
[388,924s][info][gc] GC(5000) Pause Young (Allocation Failure) 795M->666M(897M) 21,717ms
[388,999s][info][gc] GC(5001) Pause Young (Allocation Failure) 804M->674M(904M) 24,290ms
[389,066s][info][gc] GC(5002) Pause Young (Allocation Failure) 791M->682M(891M) 25,934ms
[389,137s][info][gc] GC(5003) Pause Young (Allocation Failure) 799M->689M(910M) 29,715ms
[389,220s][info][gc] GC(5004) Pause Young (Allocation Failure) 803M->696M(910M) 42,198ms
[389,307s][info][gc] GC(5005) Pause Young (Allocation Failure) 810M->703M(910M) 43,461ms
[389,382s][info][gc] GC(5006) Pause Young (Allocation Failure) 817M->710M(910M) 28,257ms
[389,452s][info][gc] GC(5007) Pause Young (Allocation Failure) 824M->717M(910M) 26,374ms
[389,519s][info][gc] GC(5008) Pause Young (Allocation Failure) 831M->725M(910M) 24,604ms
[389,844s][info][gc] GC(5009) Pause Full (Ergonomics) 725M->590M(910M) 324,675ms
[389,887s][info][gc] GC(5010) Pause Young (Allocation Failure) 704M->599M(910M) 3,456ms
[389,934s][info][gc] GC(5011) Pause Young (Allocation Failure) 713M->607M(910M) 5,660ms
[389,984s][info][gc] GC(5012) Pause Young (Allocation Failure) 721M->615M(910M) 7,828ms
[390,036s][info][gc] GC(5013) Pause Young (Allocation Failure) 729M->623M(910M) 10,264ms
[390,089s][info][gc] GC(5014) Pause Young (Allocation Failure) 737M->631M(910M) 12,975ms
[390,141s][info][gc] GC(5015) Pause Young (Allocation Failure) 745M->639M(910M) 11,009ms
[390,191s][info][gc] GC(5016) Pause Young (Allocation Failure) 753M->647M(910M) 9,295ms
[390,239s][info][gc] GC(5017) Pause Young (Allocation Failure) 761M->655M(910M) 6,209ms
[390,286s][info][gc] GC(5018) Pause Young (Allocation Failure) 769M->664M(910M) 6,371ms
[390,617s][info][gc] GC(5019) Pause Full (Ergonomics) 664M->590M(910M) 330,760ms
[390,663s][info][gc] GC(5020) Pause Young (Allocation Failure) 704M->599M(910M) 3,432ms
[390,711s][info][gc] GC(5021) Pause Young (Allocation Failure) 713M->607M(904M) 6,260ms
[390,760s][info][gc] GC(5022) Pause Young (Allocation Failure) 721M->615M(907M) 5,765ms
[390,811s][info][gc] GC(5023) Pause Young (Allocation Failure) 729M->623M(895M) 8,245ms
[390,866s][info][gc] GC(5024) Pause Young (Allocation Failure) 744M->632M(902M) 10,254ms
[390,923s][info][gc] GC(5025) Pause Young (Allocation Failure) 753M->640M(902M) 12,817ms
[390,986s][info][gc] GC(5026) Pause Young (Allocation Failure) 770M->649M(903M) 14,945ms
[391,052s][info][gc] GC(5027) Pause Young (Allocation Failure) 778M->657M(910M) 17,271ms
[391,121s][info][gc] GC(5028) Pause Young (Allocation Failure) 792M->666M(914M) 19,529ms
[391,192s][info][gc] GC(5029) Pause Young (Allocation Failure) 801M->675M(907M) 22,111ms
[391,262s][info][gc] GC(5030) Pause Young (Allocation Failure) 797M->683M(889M) 25,364ms
[391,334s][info][gc] GC(5031) Pause Young (Allocation Failure) 805M->690M(910M) 26,375ms
[391,401s][info][gc] GC(5032) Pause Young (Allocation Failure) 804M->698M(910M) 24,792ms
[391,464s][info][gc] GC(5033) Pause Young (Allocation Failure) 812M->705M(910M) 22,848ms
[391,526s][info][gc] GC(5034) Pause Young (Allocation Failure) 819M->713M(848M) 20,796ms
[391,851s][info][gc] GC(5035) Pause Full (Ergonomics) 713M->590M(910M) 325,329ms
[391,895s][info][gc] GC(5036) Pause Young (Allocation Failure) 704M->599M(910M) 3,346ms
[391,944s][info][gc] GC(5037) Pause Young (Allocation Failure) 713M->607M(910M) 5,472ms
[391,996s][info][gc] GC(5038) Pause Young (Allocation Failure) 722M->615M(822M) 8,055ms
[392,049s][info][gc] GC(5039) Pause Young (Allocation Failure) 730M->623M(911M) 10,254ms
[392,106s][info][gc] GC(5040) Pause Young (Allocation Failure) 743M->631M(907M) 12,286ms
[392,165s][info][gc] GC(5041) Pause Young (Allocation Failure) 751M->640M(907M) 14,717ms
[392,229s][info][gc] GC(5042) Pause Young (Allocation Failure) 770M->648M(908M) 17,189ms
[392,295s][info][gc] GC(5043) Pause Young (Allocation Failure) 778M->657M(917M) 19,500ms
[392,366s][info][gc] GC(5044) Pause Young (Allocation Failure) 795M->666M(897M) 21,973ms
[392,439s][info][gc] GC(5045) Pause Young (Allocation Failure) 804M->675M(904M) 24,415ms
[392,507s][info][gc] GC(5046) Pause Young (Allocation Failure) 792M->682M(891M) 26,069ms
[392,578s][info][gc] GC(5047) Pause Young (Allocation Failure) 799M->689M(910M) 29,730ms
[392,660s][info][gc] GC(5048) Pause Young (Allocation Failure) 803M->696M(910M) 41,948ms
[392,743s][info][gc] GC(5049) Pause Young (Allocation Failure) 810M->703M(910M) 42,650ms
[392,817s][info][gc] GC(5050) Pause Young (Allocation Failure) 817M->710M(910M) 29,248ms
[392,887s][info][gc] GC(5051) Pause Young (Allocation Failure) 824M->717M(910M) 26,407ms
[392,954s][info][gc] GC(5052) Pause Young (Allocation Failure) 831M->725M(910M) 24,266ms
[393,285s][info][gc] GC(5053) Pause Full (Ergonomics) 725M->590M(910M) 331,100ms
[393,331s][info][gc] GC(5054) Pause Young (Allocation Failure) 704M->599M(910M) 3,322ms
[393,379s][info][gc] GC(5055) Pause Young (Allocation Failure) 713M->607M(910M) 5,688ms
[393,429s][info][gc] GC(5056) Pause Young (Allocation Failure) 721M->615M(910M) 8,041ms
[393,480s][info][gc] GC(5057) Pause Young (Allocation Failure) 729M->623M(910M) 10,029ms
[393,534s][info][gc] GC(5058) Pause Young (Allocation Failure) 737M->631M(910M) 13,093ms
[393,586s][info][gc] GC(5059) Pause Young (Allocation Failure) 745M->639M(910M) 11,119ms
[393,636s][info][gc] GC(5060) Pause Young (Allocation Failure) 753M->647M(910M) 9,162ms
[393,683s][info][gc] GC(5061) Pause Young (Allocation Failure) 761M->655M(910M) 6,199ms
[393,730s][info][gc] GC(5062) Pause Young (Allocation Failure) 769M->664M(910M) 6,287ms
[394,072s][info][gc] GC(5063) Pause Full (Ergonomics) 664M->590M(910M) 341,460ms
[394,117s][info][gc] GC(5064) Pause Young (Allocation Failure) 704M->599M(910M) 3,365ms
[394,166s][info][gc] GC(5065) Pause Young (Allocation Failure) 713M->607M(904M) 6,292ms
[394,215s][info][gc] GC(5066) Pause Young (Allocation Failure) 721M->615M(907M) 5,906ms
[394,264s][info][gc] GC(5067) Pause Young (Allocation Failure) 729M->623M(895M) 8,252ms
[394,318s][info][gc] GC(5068) Pause Young (Allocation Failure) 744M->632M(902M) 10,297ms
[394,374s][info][gc] GC(5069) Pause Young (Allocation Failure) 753M->640M(902M) 12,872ms
[394,435s][info][gc] GC(5070) Pause Young (Allocation Failure) 770M->649M(903M) 15,010ms
[394,500s][info][gc] GC(5071) Pause Young (Allocation Failure) 778M->657M(910M) 17,425ms
[394,568s][info][gc] GC(5072) Pause Young (Allocation Failure) 792M->666M(914M) 19,531ms
[394,637s][info][gc] GC(5073) Pause Young (Allocation Failure) 801M->675M(907M) 22,202ms
[394,704s][info][gc] GC(5074) Pause Young (Allocation Failure) 797M->683M(889M) 24,078ms
[394,774s][info][gc] GC(5075) Pause Young (Allocation Failure) 805M->690M(910M) 26,299ms
[394,839s][info][gc] GC(5076) Pause Young (Allocation Failure) 804M->698M(910M) 24,683ms
[394,902s][info][gc] GC(5077) Pause Young (Allocation Failure) 812M->705M(910M) 22,791ms
[394,963s][info][gc] GC(5078) Pause Young (Allocation Failure) 819M->713M(848M) 20,478ms
[395,292s][info][gc] GC(5079) Pause Full (Ergonomics) 713M->590M(909M) 329,373ms
[395,338s][info][gc] GC(5080) Pause Young (Allocation Failure) 704M->599M(909M) 3,440ms
[395,386s][info][gc] GC(5081) Pause Young (Allocation Failure) 713M->607M(911M) 5,642ms
[395,436s][info][gc] GC(5082) Pause Young (Allocation Failure) 722M->615M(822M) 8,044ms
[395,486s][info][gc] GC(5083) Pause Young (Allocation Failure) 730M->623M(911M) 10,224ms
[395,541s][info][gc] GC(5084) Pause Young (Allocation Failure) 743M->631M(907M) 12,615ms
[395,598s][info][gc] GC(5085) Pause Young (Allocation Failure) 751M->639M(907M) 14,736ms
[395,661s][info][gc] GC(5086) Pause Young (Allocation Failure) 769M->648M(908M) 17,232ms
[395,726s][info][gc] GC(5087) Pause Young (Allocation Failure) 778M->657M(917M) 19,297ms
[395,797s][info][gc] GC(5088) Pause Young (Allocation Failure) 795M->666M(896M) 21,757ms
[395,872s][info][gc] GC(5089) Pause Young (Allocation Failure) 804M->674M(904M) 24,219ms
[395,940s][info][gc] GC(5090) Pause Young (Allocation Failure) 791M->682M(891M) 26,015ms
[396,012s][info][gc] GC(5091) Pause Young (Allocation Failure) 799M->689M(910M) 30,009ms
[396,094s][info][gc] GC(5092) Pause Young (Allocation Failure) 803M->696M(910M) 42,089ms
[396,178s][info][gc] GC(5093) Pause Young (Allocation Failure) 810M->703M(910M) 39,954ms
[396,251s][info][gc] GC(5094) Pause Young (Allocation Failure) 817M->710M(910M) 29,004ms
[396,322s][info][gc] GC(5095) Pause Young (Allocation Failure) 824M->717M(910M) 26,236ms
[396,387s][info][gc] GC(5096) Pause Young (Allocation Failure) 831M->724M(910M) 24,348ms
[396,710s][info][gc] GC(5097) Pause Full (Ergonomics) 724M->590M(910M) 323,221ms
[396,755s][info][gc] GC(5098) Pause Young (Allocation Failure) 704M->599M(910M) 3,427ms
[396,801s][info][gc] GC(5099) Pause Young (Allocation Failure) 713M->607M(910M) 5,597ms
[396,851s][info][gc] GC(5100) Pause Young (Allocation Failure) 721M->615M(910M) 7,923ms
[396,903s][info][gc] GC(5101) Pause Young (Allocation Failure) 729M->623M(910M) 10,035ms
[396,958s][info][gc] GC(5102) Pause Young (Allocation Failure) 737M->631M(910M) 13,011ms
[397,011s][info][gc] GC(5103) Pause Young (Allocation Failure) 745M->639M(910M) 11,052ms
[397,061s][info][gc] GC(5104) Pause Young (Allocation Failure) 753M->647M(910M) 9,254ms
[397,108s][info][gc] GC(5105) Pause Young (Allocation Failure) 761M->655M(910M) 6,241ms
[397,156s][info][gc] GC(5106) Pause Young (Allocation Failure) 769M->664M(910M) 6,174ms
[397,483s][info][gc] GC(5107) Pause Full (Ergonomics) 664M->590M(910M) 327,440ms
[397,528s][info][gc] GC(5108) Pause Young (Allocation Failure) 704M->599M(910M) 3,569ms
[397,576s][info][gc] GC(5109) Pause Young (Allocation Failure) 713M->607M(903M) 6,320ms
[397,624s][info][gc] GC(5110) Pause Young (Allocation Failure) 721M->615M(907M) 5,894ms
[397,673s][info][gc] GC(5111) Pause Young (Allocation Failure) 729M->623M(895M) 8,305ms
[397,727s][info][gc] GC(5112) Pause Young (Allocation Failure) 744M->632M(902M) 10,402ms
[397,783s][info][gc] GC(5113) Pause Young (Allocation Failure) 753M->640M(902M) 12,861ms
[397,845s][info][gc] GC(5114) Pause Young (Allocation Failure) 770M->649M(903M) 15,021ms
[397,908s][info][gc] GC(5115) Pause Young (Allocation Failure) 778M->657M(910M) 17,343ms
[397,976s][info][gc] GC(5116) Pause Young (Allocation Failure) 793M->666M(914M) 19,661ms
[398,046s][info][gc] GC(5117) Pause Young (Allocation Failure) 802M->675M(906M) 22,327ms
[398,113s][info][gc] GC(5118) Pause Young (Allocation Failure) 797M->683M(889M) 24,237ms
[398,183s][info][gc] GC(5119) Pause Young (Allocation Failure) 805M->690M(910M) 26,436ms
[398,249s][info][gc] GC(5120) Pause Young (Allocation Failure) 804M->698M(910M) 24,822ms
[398,313s][info][gc] GC(5121) Pause Young (Allocation Failure) 812M->705M(910M) 22,671ms
[398,375s][info][gc] GC(5122) Pause Young (Allocation Failure) 819M->713M(848M) 20,510ms
[398,701s][info][gc] GC(5123) Pause Full (Ergonomics) 713M->590M(909M) 325,790ms
[398,746s][info][gc] GC(5124) Pause Young (Allocation Failure) 704M->599M(909M) 3,392ms
[398,794s][info][gc] GC(5125) Pause Young (Allocation Failure) 713M->607M(911M) 5,702ms
[398,843s][info][gc] GC(5126) Pause Young (Allocation Failure) 722M->615M(822M) 8,070ms
[398,894s][info][gc] GC(5127) Pause Young (Allocation Failure) 730M->623M(911M) 10,205ms
[398,949s][info][gc] GC(5128) Pause Young (Allocation Failure) 743M->631M(907M) 12,521ms
[399,006s][info][gc] GC(5129) Pause Young (Allocation Failure) 751M->639M(907M) 14,616ms
[399,069s][info][gc] GC(5130) Pause Young (Allocation Failure) 769M->648M(908M) 17,118ms
[399,135s][info][gc] GC(5131) Pause Young (Allocation Failure) 778M->657M(917M) 19,384ms
[399,205s][info][gc] GC(5132) Pause Young (Allocation Failure) 795M->666M(896M) 22,049ms
[399,279s][info][gc] GC(5133) Pause Young (Allocation Failure) 804M->674M(905M) 24,376ms
[399,347s][info][gc] GC(5134) Pause Young (Allocation Failure) 792M->682M(892M) 25,944ms
[399,420s][info][gc] GC(5135) Pause Young (Allocation Failure) 800M->689M(910M) 30,769ms
[399,502s][info][gc] GC(5136) Pause Young (Allocation Failure) 803M->696M(910M) 40,528ms
[399,587s][info][gc] GC(5137) Pause Young (Allocation Failure) 810M->703M(910M) 41,805ms
[399,663s][info][gc] GC(5138) Pause Young (Allocation Failure) 817M->710M(910M) 31,821ms
[399,733s][info][gc] GC(5139) Pause Young (Allocation Failure) 824M->717M(910M) 26,342ms
[399,799s][info][gc] GC(5140) Pause Young (Allocation Failure) 831M->724M(910M) 24,425ms
[400,131s][info][gc] GC(5141) Pause Full (Ergonomics) 724M->590M(910M) 332,437ms
[400,176s][info][gc] GC(5142) Pause Young (Allocation Failure) 704M->599M(910M) 3,488ms
[400,223s][info][gc] GC(5143) Pause Young (Allocation Failure) 713M->607M(910M) 5,650ms
[400,273s][info][gc] GC(5144) Pause Young (Allocation Failure) 721M->615M(910M) 7,776ms
[400,326s][info][gc] GC(5145) Pause Young (Allocation Failure) 729M->623M(910M) 10,135ms
[400,379s][info][gc] GC(5146) Pause Young (Allocation Failure) 737M->631M(910M) 13,076ms
[400,431s][info][gc] GC(5147) Pause Young (Allocation Failure) 745M->639M(910M) 11,089ms
[400,480s][info][gc] GC(5148) Pause Young (Allocation Failure) 753M->647M(910M) 9,245ms
[400,526s][info][gc] GC(5149) Pause Young (Allocation Failure) 761M->656M(910M) 6,253ms
[400,573s][info][gc] GC(5150) Pause Young (Allocation Failure) 770M->664M(910M) 6,274ms
[400,903s][info][gc] GC(5151) Pause Full (Ergonomics) 664M->590M(910M) 329,555ms
[400,949s][info][gc] GC(5152) Pause Young (Allocation Failure) 704M->599M(910M) 3,418ms
[400,998s][info][gc] GC(5153) Pause Young (Allocation Failure) 713M->607M(903M) 6,332ms
[401,045s][info][gc] GC(5154) Pause Young (Allocation Failure) 721M->615M(907M) 5,953ms
[401,094s][info][gc] GC(5155) Pause Young (Allocation Failure) 729M->623M(895M) 8,215ms
[401,147s][info][gc] GC(5156) Pause Young (Allocation Failure) 744M->632M(902M) 10,372ms
[401,203s][info][gc] GC(5157) Pause Young (Allocation Failure) 753M->640M(902M) 12,955ms
[401,264s][info][gc] GC(5158) Pause Young (Allocation Failure) 770M->649M(903M) 15,115ms
[401,327s][info][gc] GC(5159) Pause Young (Allocation Failure) 778M->657M(910M) 17,253ms
[401,395s][info][gc] GC(5160) Pause Young (Allocation Failure) 793M->666M(914M) 19,942ms
[401,465s][info][gc] GC(5161) Pause Young (Allocation Failure) 802M->675M(907M) 22,397ms
[401,533s][info][gc] GC(5162) Pause Young (Allocation Failure) 797M->683M(889M) 24,298ms
[401,603s][info][gc] GC(5163) Pause Young (Allocation Failure) 805M->691M(910M) 26,428ms
[401,669s][info][gc] GC(5164) Pause Young (Allocation Failure) 805M->698M(910M) 24,714ms
[401,733s][info][gc] GC(5165) Pause Young (Allocation Failure) 812M->705M(910M) 22,951ms
[401,794s][info][gc] GC(5166) Pause Young (Allocation Failure) 819M->713M(848M) 20,597ms
[402,116s][info][gc] GC(5167) Pause Full (Ergonomics) 713M->590M(910M) 322,125ms
[402,160s][info][gc] GC(5168) Pause Young (Allocation Failure) 704M->599M(910M) 3,488ms
[402,206s][info][gc] GC(5169) Pause Young (Allocation Failure) 713M->607M(910M) 5,627ms
[402,256s][info][gc] GC(5170) Pause Young (Allocation Failure) 722M->615M(822M) 8,049ms
[402,308s][info][gc] GC(5171) Pause Young (Allocation Failure) 730M->623M(911M) 10,088ms
[402,364s][info][gc] GC(5172) Pause Young (Allocation Failure) 743M->631M(907M) 12,542ms
[402,422s][info][gc] GC(5173) Pause Young (Allocation Failure) 751M->640M(907M) 14,674ms
[402,485s][info][gc] GC(5174) Pause Young (Allocation Failure) 770M->648M(908M) 17,097ms
[402,550s][info][gc] GC(5175) Pause Young (Allocation Failure) 778M->657M(917M) 19,501ms
[402,621s][info][gc] GC(5176) Pause Young (Allocation Failure) 795M->666M(897M) 21,866ms
[402,695s][info][gc] GC(5177) Pause Young (Allocation Failure) 804M->675M(904M) 24,504ms
[402,763s][info][gc] GC(5178) Pause Young (Allocation Failure) 792M->682M(891M) 26,067ms
[402,836s][info][gc] GC(5179) Pause Young (Allocation Failure) 799M->689M(910M) 31,326ms
[402,920s][info][gc] GC(5180) Pause Young (Allocation Failure) 803M->696M(910M) 43,124ms
[403,004s][info][gc] GC(5181) Pause Young (Allocation Failure) 810M->703M(910M) 42,395ms
[403,078s][info][gc] GC(5182) Pause Young (Allocation Failure) 817M->710M(910M) 29,491ms
[403,148s][info][gc] GC(5183) Pause Young (Allocation Failure) 824M->717M(910M) 26,306ms
[403,213s][info][gc] GC(5184) Pause Young (Allocation Failure) 831M->724M(910M) 24,290ms
[403,547s][info][gc] GC(5185) Pause Full (Ergonomics) 724M->590M(910M) 333,828ms
[403,592s][info][gc] GC(5186) Pause Young (Allocation Failure) 704M->599M(910M) 3,470ms
[403,639s][info][gc] GC(5187) Pause Young (Allocation Failure) 713M->607M(910M) 5,617ms
[403,690s][info][gc] GC(5188) Pause Young (Allocation Failure) 721M->615M(910M) 7,868ms
[403,741s][info][gc] GC(5189) Pause Young (Allocation Failure) 729M->623M(910M) 10,177ms
[403,794s][info][gc] GC(5190) Pause Young (Allocation Failure) 737M->631M(910M) 13,021ms
[403,846s][info][gc] GC(5191) Pause Young (Allocation Failure) 745M->639M(910M) 11,075ms
[403,895s][info][gc] GC(5192) Pause Young (Allocation Failure) 753M->647M(910M) 9,135ms
[403,942s][info][gc] GC(5193) Pause Young (Allocation Failure) 761M->656M(910M) 6,237ms
[403,988s][info][gc] GC(5194) Pause Young (Allocation Failure) 770M->664M(910M) 6,238ms
[404,325s][info][gc] GC(5195) Pause Full (Ergonomics) 664M->590M(910M) 336,355ms
[404,369s][info][gc] GC(5196) Pause Young (Allocation Failure) 704M->599M(910M) 3,442ms
[404,419s][info][gc] GC(5197) Pause Young (Allocation Failure) 713M->607M(904M) 6,223ms
[404,467s][info][gc] GC(5198) Pause Young (Allocation Failure) 721M->615M(907M) 5,752ms
[404,518s][info][gc] GC(5199) Pause Young (Allocation Failure) 729M->623M(895M) 8,183ms
[404,572s][info][gc] GC(5200) Pause Young (Allocation Failure) 744M->632M(902M) 10,298ms
[404,628s][info][gc] GC(5201) Pause Young (Allocation Failure) 753M->640M(902M) 12,781ms
[404,688s][info][gc] GC(5202) Pause Young (Allocation Failure) 770M->649M(903M) 14,953ms
[404,751s][info][gc] GC(5203) Pause Young (Allocation Failure) 778M->657M(910M) 17,258ms
[404,819s][info][gc] GC(5204) Pause Young (Allocation Failure) 792M->666M(914M) 19,774ms
[404,889s][info][gc] GC(5205) Pause Young (Allocation Failure) 801M->675M(907M) 21,996ms
[404,956s][info][gc] GC(5206) Pause Young (Allocation Failure) 797M->683M(889M) 24,217ms
[405,026s][info][gc] GC(5207) Pause Young (Allocation Failure) 805M->690M(910M) 26,380ms
[405,091s][info][gc] GC(5208) Pause Young (Allocation Failure) 804M->698M(910M) 24,607ms
[405,154s][info][gc] GC(5209) Pause Young (Allocation Failure) 812M->705M(910M) 22,682ms
[405,215s][info][gc] GC(5210) Pause Young (Allocation Failure) 819M->713M(848M) 20,561ms
[405,539s][info][gc] GC(5211) Pause Full (Ergonomics) 713M->590M(909M) 324,758ms
[405,596s][info][gc] GC(5212) Pause Young (Allocation Failure) 704M->599M(909M) 3,334ms
[405,645s][info][gc] GC(5213) Pause Young (Allocation Failure) 713M->607M(911M) 5,643ms
[405,696s][info][gc] GC(5214) Pause Young (Allocation Failure) 722M->615M(822M) 8,104ms
[405,747s][info][gc] GC(5215) Pause Young (Allocation Failure) 730M->623M(911M) 10,178ms
[405,802s][info][gc] GC(5216) Pause Young (Allocation Failure) 743M->631M(907M) 12,654ms
[405,860s][info][gc] GC(5217) Pause Young (Allocation Failure) 751M->639M(907M) 14,646ms
[405,923s][info][gc] GC(5218) Pause Young (Allocation Failure) 769M->648M(908M) 17,100ms
[405,989s][info][gc] GC(5219) Pause Young (Allocation Failure) 778M->657M(917M) 19,303ms
[406,059s][info][gc] GC(5220) Pause Young (Allocation Failure) 795M->665M(896M) 21,626ms
[406,132s][info][gc] GC(5221) Pause Young (Allocation Failure) 803M->674M(905M) 24,603ms
[406,200s][info][gc] GC(5222) Pause Young (Allocation Failure) 792M->682M(892M) 25,810ms
[406,271s][info][gc] GC(5223) Pause Young (Allocation Failure) 800M->689M(910M) 29,769ms
[406,353s][info][gc] GC(5224) Pause Young (Allocation Failure) 803M->696M(910M) 41,427ms
[406,433s][info][gc] GC(5225) Pause Young (Allocation Failure) 810M->703M(910M) 39,990ms
[406,507s][info][gc] GC(5226) Pause Young (Allocation Failure) 817M->710M(910M) 30,015ms
[406,577s][info][gc] GC(5227) Pause Young (Allocation Failure) 824M->717M(910M) 26,135ms
[406,644s][info][gc] GC(5228) Pause Young (Allocation Failure) 831M->724M(910M) 24,387ms
[406,970s][info][gc] GC(5229) Pause Full (Ergonomics) 724M->590M(910M) 325,900ms
[407,014s][info][gc] GC(5230) Pause Young (Allocation Failure) 704M->599M(910M) 3,447ms
[407,062s][info][gc] GC(5231) Pause Young (Allocation Failure) 713M->607M(910M) 5,609ms
[407,111s][info][gc] GC(5232) Pause Young (Allocation Failure) 721M->615M(910M) 7,943ms
[407,162s][info][gc] GC(5233) Pause Young (Allocation Failure) 729M->623M(910M) 10,162ms
[407,215s][info][gc] GC(5234) Pause Young (Allocation Failure) 737M->631M(910M) 12,900ms
[407,266s][info][gc] GC(5235) Pause Young (Allocation Failure) 745M->639M(910M) 11,024ms
[407,316s][info][gc] GC(5236) Pause Young (Allocation Failure) 753M->647M(910M) 9,124ms
[407,362s][info][gc] GC(5237) Pause Young (Allocation Failure) 761M->655M(910M) 6,221ms
[407,409s][info][gc] GC(5238) Pause Young (Allocation Failure) 769M->664M(910M) 6,277ms
[407,735s][info][gc] GC(5239) Pause Full (Ergonomics) 664M->590M(910M) 326,355ms
[407,779s][info][gc] GC(5240) Pause Young (Allocation Failure) 704M->599M(910M) 3,502ms
[407,827s][info][gc] GC(5241) Pause Young (Allocation Failure) 713M->607M(903M) 6,267ms
[407,875s][info][gc] GC(5242) Pause Young (Allocation Failure) 721M->615M(907M) 5,841ms
[407,925s][info][gc] GC(5243) Pause Young (Allocation Failure) 729M->623M(895M) 8,298ms
[407,978s][info][gc] GC(5244) Pause Young (Allocation Failure) 744M->632M(902M) 10,406ms
[408,034s][info][gc] GC(5245) Pause Young (Allocation Failure) 753M->640M(902M) 12,920ms
[408,095s][info][gc] GC(5246) Pause Young (Allocation Failure) 770M->649M(903M) 15,014ms
[408,158s][info][gc] GC(5247) Pause Young (Allocation Failure) 778M->658M(910M) 17,451ms
[408,225s][info][gc] GC(5248) Pause Young (Allocation Failure) 793M->666M(914M) 19,666ms
[408,296s][info][gc] GC(5249) Pause Young (Allocation Failure) 802M->675M(907M) 22,266ms
[408,363s][info][gc] GC(5250) Pause Young (Allocation Failure) 797M->683M(889M) 24,182ms
[408,433s][info][gc] GC(5251) Pause Young (Allocation Failure) 805M->691M(910M) 26,362ms
[408,498s][info][gc] GC(5252) Pause Young (Allocation Failure) 805M->698M(910M) 24,822ms
[408,561s][info][gc] GC(5253) Pause Young (Allocation Failure) 812M->705M(910M) 22,940ms
[408,622s][info][gc] GC(5254) Pause Young (Allocation Failure) 819M->713M(848M) 20,557ms
[408,936s][info][gc] GC(5255) Pause Full (Ergonomics) 713M->590M(910M) 314,547ms
[408,980s][info][gc] GC(5256) Pause Young (Allocation Failure) 704M->599M(910M) 3,539ms
[409,027s][info][gc] GC(5257) Pause Young (Allocation Failure) 713M->607M(910M) 5,760ms
[409,077s][info][gc] GC(5258) Pause Young (Allocation Failure) 722M->615M(822M) 8,085ms
[409,128s][info][gc] GC(5259) Pause Young (Allocation Failure) 730M->623M(911M) 10,158ms
[409,183s][info][gc] GC(5260) Pause Young (Allocation Failure) 743M->631M(907M) 12,637ms
[409,240s][info][gc] GC(5261) Pause Young (Allocation Failure) 751M->640M(908M) 14,835ms
[409,304s][info][gc] GC(5262) Pause Young (Allocation Failure) 770M->648M(909M) 17,175ms
[409,369s][info][gc] GC(5263) Pause Young (Allocation Failure) 779M->657M(918M) 19,331ms
[409,440s][info][gc] GC(5264) Pause Young (Allocation Failure) 796M->666M(897M) 21,661ms
[409,513s][info][gc] GC(5265) Pause Young (Allocation Failure) 805M->675M(904M) 24,349ms
[409,581s][info][gc] GC(5266) Pause Young (Allocation Failure) 792M->682M(891M) 25,930ms
[409,652s][info][gc] GC(5267) Pause Young (Allocation Failure) 799M->689M(910M) 30,438ms
[409,735s][info][gc] GC(5268) Pause Young (Allocation Failure) 803M->696M(910M) 42,604ms
[409,820s][info][gc] GC(5269) Pause Young (Allocation Failure) 810M->703M(910M) 44,047ms
[409,896s][info][gc] GC(5270) Pause Young (Allocation Failure) 817M->710M(910M) 32,379ms
[409,967s][info][gc] GC(5271) Pause Young (Allocation Failure) 824M->717M(910M) 26,161ms
[410,035s][info][gc] GC(5272) Pause Young (Allocation Failure) 831M->725M(910M) 24,507ms
[410,366s][info][gc] GC(5273) Pause Full (Ergonomics) 725M->590M(910M) 330,653ms
[410,410s][info][gc] GC(5274) Pause Young (Allocation Failure) 704M->599M(910M) 3,393ms
[410,457s][info][gc] GC(5275) Pause Young (Allocation Failure) 713M->607M(910M) 5,677ms
[410,507s][info][gc] GC(5276) Pause Young (Allocation Failure) 721M->615M(910M) 7,996ms
[410,557s][info][gc] GC(5277) Pause Young (Allocation Failure) 729M->623M(910M) 10,081ms
[410,612s][info][gc] GC(5278) Pause Young (Allocation Failure) 737M->631M(910M) 13,011ms
[410,665s][info][gc] GC(5279) Pause Young (Allocation Failure) 745M->639M(910M) 11,042ms
[410,716s][info][gc] GC(5280) Pause Young (Allocation Failure) 753M->647M(910M) 9,192ms
[410,763s][info][gc] GC(5281) Pause Young (Allocation Failure) 761M->655M(910M) 6,336ms
[410,809s][info][gc] GC(5282) Pause Young (Allocation Failure) 769M->664M(910M) 6,215ms
[411,136s][info][gc] GC(5283) Pause Full (Ergonomics) 664M->590M(910M) 326,733ms
[411,180s][info][gc] GC(5284) Pause Young (Allocation Failure) 704M->599M(910M) 3,369ms
[411,228s][info][gc] GC(5285) Pause Young (Allocation Failure) 713M->607M(904M) 6,233ms
[411,276s][info][gc] GC(5286) Pause Young (Allocation Failure) 721M->615M(907M) 5,818ms
[411,326s][info][gc] GC(5287) Pause Young (Allocation Failure) 729M->623M(895M) 8,262ms
[411,380s][info][gc] GC(5288) Pause Young (Allocation Failure) 744M->632M(902M) 10,515ms
[411,435s][info][gc] GC(5289) Pause Young (Allocation Failure) 753M->640M(902M) 12,974ms
[411,496s][info][gc] GC(5290) Pause Young (Allocation Failure) 770M->649M(903M) 15,109ms
[411,559s][info][gc] GC(5291) Pause Young (Allocation Failure) 778M->658M(910M) 17,434ms
[411,627s][info][gc] GC(5292) Pause Young (Allocation Failure) 793M->666M(914M) 19,754ms
[411,697s][info][gc] GC(5293) Pause Young (Allocation Failure) 802M->675M(907M) 22,345ms
[411,764s][info][gc] GC(5294) Pause Young (Allocation Failure) 797M->683M(889M) 24,208ms
[411,834s][info][gc] GC(5295) Pause Young (Allocation Failure) 805M->691M(910M) 26,522ms
[411,899s][info][gc] GC(5296) Pause Young (Allocation Failure) 805M->698M(910M) 24,700ms
[411,963s][info][gc] GC(5297) Pause Young (Allocation Failure) 812M->705M(910M) 22,875ms
[412,024s][info][gc] GC(5298) Pause Young (Allocation Failure) 819M->713M(848M) 20,599ms
[412,349s][info][gc] GC(5299) Pause Full (Ergonomics) 713M->590M(910M) 325,749ms
[412,393s][info][gc] GC(5300) Pause Young (Allocation Failure) 704M->599M(910M) 3,469ms
[412,441s][info][gc] GC(5301) Pause Young (Allocation Failure) 713M->607M(910M) 5,719ms
[412,492s][info][gc] GC(5302) Pause Young (Allocation Failure) 722M->615M(822M) 8,022ms
[412,543s][info][gc] GC(5303) Pause Young (Allocation Failure) 730M->623M(912M) 10,179ms
[412,598s][info][gc] GC(5304) Pause Young (Allocation Failure) 743M->631M(907M) 12,740ms
[412,655s][info][gc] GC(5305) Pause Young (Allocation Failure) 751M->639M(908M) 14,761ms
[412,717s][info][gc] GC(5306) Pause Young (Allocation Failure) 769M->648M(908M) 16,688ms
[412,782s][info][gc] GC(5307) Pause Young (Allocation Failure) 778M->657M(917M) 19,520ms
[412,853s][info][gc] GC(5308) Pause Young (Allocation Failure) 795M->666M(896M) 21,710ms
[412,928s][info][gc] GC(5309) Pause Young (Allocation Failure) 804M->674M(904M) 24,410ms
[412,995s][info][gc] GC(5310) Pause Young (Allocation Failure) 791M->682M(891M) 25,767ms
[413,067s][info][gc] GC(5311) Pause Young (Allocation Failure) 799M->689M(910M) 30,651ms
[413,149s][info][gc] GC(5312) Pause Young (Allocation Failure) 803M->696M(910M) 41,953ms
[413,232s][info][gc] GC(5313) Pause Young (Allocation Failure) 810M->703M(910M) 41,725ms
[413,305s][info][gc] GC(5314) Pause Young (Allocation Failure) 817M->710M(910M) 29,000ms
[413,374s][info][gc] GC(5315) Pause Young (Allocation Failure) 824M->717M(910M) 26,139ms
[413,442s][info][gc] GC(5316) Pause Young (Allocation Failure) 831M->724M(910M) 24,447ms
[413,771s][info][gc] GC(5317) Pause Full (Ergonomics) 724M->590M(910M) 329,281ms
[413,815s][info][gc] GC(5318) Pause Young (Allocation Failure) 704M->599M(910M) 3,467ms
[413,862s][info][gc] GC(5319) Pause Young (Allocation Failure) 713M->607M(910M) 5,780ms
[413,912s][info][gc] GC(5320) Pause Young (Allocation Failure) 721M->615M(910M) 8,022ms
[413,963s][info][gc] GC(5321) Pause Young (Allocation Failure) 729M->623M(910M) 10,012ms
[414,017s][info][gc] GC(5322) Pause Young (Allocation Failure) 737M->631M(910M) 13,012ms
[414,069s][info][gc] GC(5323) Pause Young (Allocation Failure) 745M->639M(910M) 11,117ms
[414,118s][info][gc] GC(5324) Pause Young (Allocation Failure) 753M->647M(910M) 9,193ms
[414,165s][info][gc] GC(5325) Pause Young (Allocation Failure) 761M->655M(910M) 6,340ms
[414,211s][info][gc] GC(5326) Pause Young (Allocation Failure) 769M->664M(910M) 6,270ms
[414,538s][info][gc] GC(5327) Pause Full (Ergonomics) 664M->590M(910M) 326,150ms
[414,581s][info][gc] GC(5328) Pause Young (Allocation Failure) 704M->599M(910M) 3,529ms
[414,629s][info][gc] GC(5329) Pause Young (Allocation Failure) 713M->607M(903M) 6,242ms
[414,677s][info][gc] GC(5330) Pause Young (Allocation Failure) 721M->615M(907M) 5,888ms
[414,727s][info][gc] GC(5331) Pause Young (Allocation Failure) 729M->623M(895M) 8,279ms
[414,781s][info][gc] GC(5332) Pause Young (Allocation Failure) 744M->632M(902M) 10,662ms
[414,836s][info][gc] GC(5333) Pause Young (Allocation Failure) 753M->640M(902M) 13,027ms
[414,898s][info][gc] GC(5334) Pause Young (Allocation Failure) 770M->649M(903M) 14,982ms
[414,963s][info][gc] GC(5335) Pause Young (Allocation Failure) 778M->658M(910M) 17,353ms
[415,032s][info][gc] GC(5336) Pause Young (Allocation Failure) 793M->666M(914M) 19,850ms
[415,106s][info][gc] GC(5337) Pause Young (Allocation Failure) 802M->675M(907M) 23,180ms
[415,175s][info][gc] GC(5338) Pause Young (Allocation Failure) 797M->683M(889M) 24,047ms
[415,246s][info][gc] GC(5339) Pause Young (Allocation Failure) 805M->691M(910M) 26,475ms
[415,311s][info][gc] GC(5340) Pause Young (Allocation Failure) 805M->698M(910M) 24,986ms
[415,375s][info][gc] GC(5341) Pause Young (Allocation Failure) 812M->705M(910M) 23,054ms
[415,436s][info][gc] GC(5342) Pause Young (Allocation Failure) 819M->713M(848M) 20,539ms
[415,767s][info][gc] GC(5343) Pause Full (Ergonomics) 713M->590M(910M) 331,754ms
[415,811s][info][gc] GC(5344) Pause Young (Allocation Failure) 704M->599M(910M) 3,390ms
[415,860s][info][gc] GC(5345) Pause Young (Allocation Failure) 713M->607M(910M) 5,666ms
[415,910s][info][gc] GC(5346) Pause Young (Allocation Failure) 722M->615M(822M) 8,161ms
[415,961s][info][gc] GC(5347) Pause Young (Allocation Failure) 730M->623M(911M) 10,247ms
[416,016s][info][gc] GC(5348) Pause Young (Allocation Failure) 743M->631M(907M) 12,458ms
[416,073s][info][gc] GC(5349) Pause Young (Allocation Failure) 751M->640M(907M) 14,651ms
[416,136s][info][gc] GC(5350) Pause Young (Allocation Failure) 770M->648M(908M) 17,002ms
[416,201s][info][gc] GC(5351) Pause Young (Allocation Failure) 778M->657M(917M) 19,513ms
[416,273s][info][gc] GC(5352) Pause Young (Allocation Failure) 795M->666M(897M) 21,758ms
[416,346s][info][gc] GC(5353) Pause Young (Allocation Failure) 804M->674M(904M) 24,126ms
[416,413s][info][gc] GC(5354) Pause Young (Allocation Failure) 791M->682M(891M) 25,845ms
[416,486s][info][gc] GC(5355) Pause Young (Allocation Failure) 799M->689M(910M) 31,030ms
[416,564s][info][gc] GC(5356) Pause Young (Allocation Failure) 803M->696M(910M) 37,551ms
[416,646s][info][gc] GC(5357) Pause Young (Allocation Failure) 810M->703M(910M) 41,029ms
[416,722s][info][gc] GC(5358) Pause Young (Allocation Failure) 817M->710M(910M) 32,553ms
[416,792s][info][gc] GC(5359) Pause Young (Allocation Failure) 824M->717M(910M) 26,236ms
[416,859s][info][gc] GC(5360) Pause Young (Allocation Failure) 831M->725M(910M) 24,245ms
[417,185s][info][gc] GC(5361) Pause Full (Ergonomics) 725M->590M(910M) 326,722ms
[417,230s][info][gc] GC(5362) Pause Young (Allocation Failure) 704M->599M(910M) 3,400ms
[417,277s][info][gc] GC(5363) Pause Young (Allocation Failure) 713M->607M(910M) 5,741ms
[417,326s][info][gc] GC(5364) Pause Young (Allocation Failure) 721M->615M(910M) 7,902ms
[417,377s][info][gc] GC(5365) Pause Young (Allocation Failure) 729M->623M(910M) 10,068ms
[417,430s][info][gc] GC(5366) Pause Young (Allocation Failure) 737M->631M(910M) 13,010ms
[417,481s][info][gc] GC(5367) Pause Young (Allocation Failure) 745M->639M(910M) 11,038ms
[417,531s][info][gc] GC(5368) Pause Young (Allocation Failure) 753M->647M(910M) 9,230ms
[417,577s][info][gc] GC(5369) Pause Young (Allocation Failure) 761M->656M(910M) 6,288ms
[417,624s][info][gc] GC(5370) Pause Young (Allocation Failure) 770M->664M(910M) 6,269ms
[417,945s][info][gc] GC(5371) Pause Full (Ergonomics) 664M->590M(910M) 321,800ms
[417,989s][info][gc] GC(5372) Pause Young (Allocation Failure) 704M->599M(910M) 3,471ms
[418,037s][info][gc] GC(5373) Pause Young (Allocation Failure) 713M->607M(903M) 6,348ms
[418,084s][info][gc] GC(5374) Pause Young (Allocation Failure) 721M->615M(907M) 5,809ms
[418,133s][info][gc] GC(5375) Pause Young (Allocation Failure) 729M->623M(895M) 8,400ms
[418,186s][info][gc] GC(5376) Pause Young (Allocation Failure) 744M->632M(902M) 10,486ms
[418,241s][info][gc] GC(5377) Pause Young (Allocation Failure) 753M->640M(902M) 12,719ms
[418,302s][info][gc] GC(5378) Pause Young (Allocation Failure) 770M->649M(903M) 15,042ms
[418,366s][info][gc] GC(5379) Pause Young (Allocation Failure) 778M->657M(910M) 17,450ms
[418,433s][info][gc] GC(5380) Pause Young (Allocation Failure) 793M->666M(914M) 19,784ms
[418,504s][info][gc] GC(5381) Pause Young (Allocation Failure) 802M->675M(907M) 22,275ms
[418,572s][info][gc] GC(5382) Pause Young (Allocation Failure) 797M->683M(889M) 24,522ms
[418,641s][info][gc] GC(5383) Pause Young (Allocation Failure) 805M->691M(910M) 26,313ms
[418,706s][info][gc] GC(5384) Pause Young (Allocation Failure) 805M->698M(910M) 24,458ms
[418,769s][info][gc] GC(5385) Pause Young (Allocation Failure) 812M->705M(910M) 22,883ms
[418,831s][info][gc] GC(5386) Pause Young (Allocation Failure) 819M->713M(848M) 20,628ms
[419,164s][info][gc] GC(5387) Pause Full (Ergonomics) 713M->590M(910M) 333,668ms
[419,209s][info][gc] GC(5388) Pause Young (Allocation Failure) 704M->599M(910M) 3,446ms
[419,256s][info][gc] GC(5389) Pause Young (Allocation Failure) 713M->607M(910M) 5,767ms
[419,307s][info][gc] GC(5390) Pause Young (Allocation Failure) 722M->615M(822M) 8,078ms
[419,359s][info][gc] GC(5391) Pause Young (Allocation Failure) 730M->623M(911M) 10,134ms
[419,415s][info][gc] GC(5392) Pause Young (Allocation Failure) 743M->631M(907M) 12,607ms
[419,473s][info][gc] GC(5393) Pause Young (Allocation Failure) 751M->640M(907M) 14,646ms
[419,536s][info][gc] GC(5394) Pause Young (Allocation Failure) 770M->648M(908M) 17,056ms
[419,601s][info][gc] GC(5395) Pause Young (Allocation Failure) 778M->657M(917M) 19,412ms
[419,672s][info][gc] GC(5396) Pause Young (Allocation Failure) 795M->666M(897M) 21,801ms
[419,745s][info][gc] GC(5397) Pause Young (Allocation Failure) 804M->675M(904M) 24,250ms
[419,813s][info][gc] GC(5398) Pause Young (Allocation Failure) 792M->682M(891M) 25,856ms
[419,884s][info][gc] GC(5399) Pause Young (Allocation Failure) 799M->689M(910M) 30,498ms
[419,969s][info][gc] GC(5400) Pause Young (Allocation Failure) 803M->696M(910M) 42,892ms
[420,053s][info][gc] GC(5401) Pause Young (Allocation Failure) 810M->703M(910M) 42,131ms
[420,128s][info][gc] GC(5402) Pause Young (Allocation Failure) 817M->710M(910M) 31,881ms
[420,199s][info][gc] GC(5403) Pause Young (Allocation Failure) 824M->717M(910M) 26,329ms
[420,266s][info][gc] GC(5404) Pause Young (Allocation Failure) 831M->725M(910M) 24,263ms
[420,597s][info][gc] GC(5405) Pause Full (Ergonomics) 725M->590M(910M) 331,698ms
[420,643s][info][gc] GC(5406) Pause Young (Allocation Failure) 704M->599M(910M) 3,473ms
[420,692s][info][gc] GC(5407) Pause Young (Allocation Failure) 713M->607M(910M) 5,713ms
[420,740s][info][gc] GC(5408) Pause Young (Allocation Failure) 721M->615M(910M) 8,014ms
[420,791s][info][gc] GC(5409) Pause Young (Allocation Failure) 729M->623M(910M) 10,261ms
[420,844s][info][gc] GC(5410) Pause Young (Allocation Failure) 737M->631M(910M) 13,165ms
[420,896s][info][gc] GC(5411) Pause Young (Allocation Failure) 745M->639M(910M) 11,188ms
[420,945s][info][gc] GC(5412) Pause Young (Allocation Failure) 753M->647M(910M) 9,014ms
[420,991s][info][gc] GC(5413) Pause Young (Allocation Failure) 761M->655M(910M) 6,350ms
[421,038s][info][gc] GC(5414) Pause Young (Allocation Failure) 769M->664M(910M) 6,318ms
[421,365s][info][gc] GC(5415) Pause Full (Ergonomics) 664M->590M(910M) 327,035ms
[421,409s][info][gc] GC(5416) Pause Young (Allocation Failure) 704M->599M(910M) 3,408ms
[421,458s][info][gc] GC(5417) Pause Young (Allocation Failure) 713M->607M(904M) 6,305ms
[421,506s][info][gc] GC(5418) Pause Young (Allocation Failure) 721M->615M(907M) 5,872ms
[421,555s][info][gc] GC(5419) Pause Young (Allocation Failure) 729M->623M(896M) 8,238ms
[421,609s][info][gc] GC(5420) Pause Young (Allocation Failure) 744M->632M(902M) 10,306ms
[421,666s][info][gc] GC(5421) Pause Young (Allocation Failure) 753M->640M(902M) 12,812ms
[421,728s][info][gc] GC(5422) Pause Young (Allocation Failure) 770M->649M(903M) 15,083ms
[421,792s][info][gc] GC(5423) Pause Young (Allocation Failure) 778M->657M(910M) 17,378ms
[421,860s][info][gc] GC(5424) Pause Young (Allocation Failure) 792M->666M(914M) 20,011ms
[421,930s][info][gc] GC(5425) Pause Young (Allocation Failure) 801M->675M(907M) 22,177ms
[421,998s][info][gc] GC(5426) Pause Young (Allocation Failure) 797M->683M(889M) 24,019ms
[422,067s][info][gc] GC(5427) Pause Young (Allocation Failure) 805M->690M(910M) 26,352ms
[422,132s][info][gc] GC(5428) Pause Young (Allocation Failure) 804M->698M(910M) 24,779ms
[422,195s][info][gc] GC(5429) Pause Young (Allocation Failure) 812M->705M(910M) 22,596ms
[422,256s][info][gc] GC(5430) Pause Young (Allocation Failure) 819M->713M(848M) 20,674ms
[422,578s][info][gc] GC(5431) Pause Full (Ergonomics) 713M->590M(910M) 322,148ms
[422,623s][info][gc] GC(5432) Pause Young (Allocation Failure) 704M->599M(910M) 3,448ms
[422,670s][info][gc] GC(5433) Pause Young (Allocation Failure) 713M->607M(910M) 5,647ms
[422,720s][info][gc] GC(5434) Pause Young (Allocation Failure) 721M->615M(822M) 8,062ms
[422,771s][info][gc] GC(5435) Pause Young (Allocation Failure) 730M->623M(911M) 10,201ms
[422,826s][info][gc] GC(5436) Pause Young (Allocation Failure) 743M->631M(907M) 12,489ms
[422,885s][info][gc] GC(5437) Pause Young (Allocation Failure) 751M->639M(907M) 14,649ms
[422,949s][info][gc] GC(5438) Pause Young (Allocation Failure) 769M->648M(908M) 17,006ms
[423,016s][info][gc] GC(5439) Pause Young (Allocation Failure) 778M->657M(917M) 19,370ms
[423,086s][info][gc] GC(5440) Pause Young (Allocation Failure) 795M->666M(897M) 21,881ms
[423,159s][info][gc] GC(5441) Pause Young (Allocation Failure) 804M->674M(904M) 24,270ms
[423,226s][info][gc] GC(5442) Pause Young (Allocation Failure) 791M->682M(891M) 25,729ms
[423,299s][info][gc] GC(5443) Pause Young (Allocation Failure) 799M->689M(910M) 31,267ms
[423,382s][info][gc] GC(5444) Pause Young (Allocation Failure) 803M->696M(910M) 42,280ms
[423,466s][info][gc] GC(5445) Pause Young (Allocation Failure) 810M->703M(910M) 41,930ms
[423,542s][info][gc] GC(5446) Pause Young (Allocation Failure) 817M->710M(910M) 32,100ms
[423,612s][info][gc] GC(5447) Pause Young (Allocation Failure) 824M->717M(910M) 26,054ms
[423,678s][info][gc] GC(5448) Pause Young (Allocation Failure) 831M->725M(910M) 24,146ms
[424,010s][info][gc] GC(5449) Pause Full (Ergonomics) 725M->590M(910M) 331,958ms
[424,055s][info][gc] GC(5450) Pause Young (Allocation Failure) 704M->599M(910M) 3,344ms
[424,102s][info][gc] GC(5451) Pause Young (Allocation Failure) 713M->607M(910M) 5,682ms
[424,151s][info][gc] GC(5452) Pause Young (Allocation Failure) 721M->615M(910M) 7,978ms
[424,202s][info][gc] GC(5453) Pause Young (Allocation Failure) 729M->623M(910M) 10,140ms
[424,256s][info][gc] GC(5454) Pause Young (Allocation Failure) 737M->631M(910M) 13,113ms
[424,307s][info][gc] GC(5455) Pause Young (Allocation Failure) 745M->639M(910M) 11,014ms
[424,357s][info][gc] GC(5456) Pause Young (Allocation Failure) 753M->647M(910M) 9,170ms
[424,403s][info][gc] GC(5457) Pause Young (Allocation Failure) 761M->655M(910M) 6,280ms
[424,451s][info][gc] GC(5458) Pause Young (Allocation Failure) 769M->664M(910M) 6,232ms
[424,782s][info][gc] GC(5459) Pause Full (Ergonomics) 664M->590M(910M) 331,528ms
[424,827s][info][gc] GC(5460) Pause Young (Allocation Failure) 704M->599M(910M) 3,413ms
[424,876s][info][gc] GC(5461) Pause Young (Allocation Failure) 713M->607M(904M) 6,313ms
[424,925s][info][gc] GC(5462) Pause Young (Allocation Failure) 721M->615M(907M) 5,964ms
[424,975s][info][gc] GC(5463) Pause Young (Allocation Failure) 729M->623M(895M) 8,261ms
[425,029s][info][gc] GC(5464) Pause Young (Allocation Failure) 744M->632M(902M) 10,430ms
[425,085s][info][gc] GC(5465) Pause Young (Allocation Failure) 753M->640M(902M) 12,835ms
[425,145s][info][gc] GC(5466) Pause Young (Allocation Failure) 770M->649M(903M) 15,004ms
[425,208s][info][gc] GC(5467) Pause Young (Allocation Failure) 778M->658M(910M) 17,320ms
[425,276s][info][gc] GC(5468) Pause Young (Allocation Failure) 793M->666M(914M) 19,865ms
[425,347s][info][gc] GC(5469) Pause Young (Allocation Failure) 802M->675M(907M) 22,308ms
[425,415s][info][gc] GC(5470) Pause Young (Allocation Failure) 797M->683M(889M) 24,346ms
[425,485s][info][gc] GC(5471) Pause Young (Allocation Failure) 805M->690M(910M) 26,555ms
[425,551s][info][gc] GC(5472) Pause Young (Allocation Failure) 804M->698M(910M) 24,785ms
[425,614s][info][gc] GC(5473) Pause Young (Allocation Failure) 812M->705M(910M) 22,636ms
[425,675s][info][gc] GC(5474) Pause Young (Allocation Failure) 819M->713M(848M) 20,607ms
[425,998s][info][gc] GC(5475) Pause Full (Ergonomics) 713M->590M(910M) 322,708ms
[426,042s][info][gc] GC(5476) Pause Young (Allocation Failure) 704M->599M(910M) 3,436ms
[426,089s][info][gc] GC(5477) Pause Young (Allocation Failure) 713M->607M(910M) 5,634ms
[426,138s][info][gc] GC(5478) Pause Young (Allocation Failure) 722M->615M(822M) 8,062ms
[426,189s][info][gc] GC(5479) Pause Young (Allocation Failure) 730M->623M(911M) 10,113ms
[426,244s][info][gc] GC(5480) Pause Young (Allocation Failure) 743M->631M(907M) 12,567ms
[426,301s][info][gc] GC(5481) Pause Young (Allocation Failure) 751M->640M(907M) 15,001ms
[426,366s][info][gc] GC(5482) Pause Young (Allocation Failure) 770M->648M(908M) 17,090ms
[426,433s][info][gc] GC(5483) Pause Young (Allocation Failure) 778M->657M(917M) 19,227ms
[426,506s][info][gc] GC(5484) Pause Young (Allocation Failure) 795M->666M(897M) 21,997ms
[426,579s][info][gc] GC(5485) Pause Young (Allocation Failure) 804M->674M(904M) 24,519ms
[426,647s][info][gc] GC(5486) Pause Young (Allocation Failure) 791M->682M(891M) 26,131ms
[426,719s][info][gc] GC(5487) Pause Young (Allocation Failure) 799M->689M(910M) 30,345ms
[426,799s][info][gc] GC(5488) Pause Young (Allocation Failure) 803M->696M(910M) 39,334ms
[426,886s][info][gc] GC(5489) Pause Young (Allocation Failure) 810M->703M(910M) 42,887ms
[426,960s][info][gc] GC(5490) Pause Young (Allocation Failure) 817M->710M(910M) 30,292ms
[427,030s][info][gc] GC(5491) Pause Young (Allocation Failure) 824M->717M(910M) 26,261ms
[427,094s][info][gc] GC(5492) Pause Young (Allocation Failure) 831M->724M(910M) 24,414ms
[427,424s][info][gc] GC(5493) Pause Full (Ergonomics) 724M->590M(910M) 329,754ms
[427,468s][info][gc] GC(5494) Pause Young (Allocation Failure) 704M->599M(910M) 3,427ms
[427,514s][info][gc] GC(5495) Pause Young (Allocation Failure) 713M->607M(910M) 5,675ms
[427,565s][info][gc] GC(5496) Pause Young (Allocation Failure) 721M->615M(910M) 7,981ms
[427,617s][info][gc] GC(5497) Pause Young (Allocation Failure) 729M->623M(910M) 10,166ms
[427,671s][info][gc] GC(5498) Pause Young (Allocation Failure) 737M->631M(910M) 13,087ms
[427,722s][info][gc] GC(5499) Pause Young (Allocation Failure) 745M->639M(910M) 11,107ms
[427,772s][info][gc] GC(5500) Pause Young (Allocation Failure) 753M->647M(910M) 9,214ms
[427,818s][info][gc] GC(5501) Pause Young (Allocation Failure) 761M->655M(910M) 6,285ms
[427,865s][info][gc] GC(5502) Pause Young (Allocation Failure) 769M->664M(910M) 6,377ms
[428,185s][info][gc] GC(5503) Pause Full (Ergonomics) 664M->590M(910M) 319,590ms
[428,229s][info][gc] GC(5504) Pause Young (Allocation Failure) 704M->599M(910M) 3,397ms
[428,277s][info][gc] GC(5505) Pause Young (Allocation Failure) 713M->607M(904M) 6,256ms
[428,324s][info][gc] GC(5506) Pause Young (Allocation Failure) 721M->615M(907M) 5,885ms
[428,373s][info][gc] GC(5507) Pause Young (Allocation Failure) 729M->623M(895M) 8,316ms
[428,426s][info][gc] GC(5508) Pause Young (Allocation Failure) 744M->632M(902M) 10,443ms
[428,481s][info][gc] GC(5509) Pause Young (Allocation Failure) 753M->640M(902M) 12,806ms
[428,542s][info][gc] GC(5510) Pause Young (Allocation Failure) 770M->649M(903M) 14,984ms
[428,605s][info][gc] GC(5511) Pause Young (Allocation Failure) 778M->658M(910M) 17,297ms
[428,672s][info][gc] GC(5512) Pause Young (Allocation Failure) 793M->666M(914M) 19,759ms
[428,742s][info][gc] GC(5513) Pause Young (Allocation Failure) 802M->675M(907M) 22,270ms
[428,809s][info][gc] GC(5514) Pause Young (Allocation Failure) 797M->683M(889M) 24,168ms
[428,879s][info][gc] GC(5515) Pause Young (Allocation Failure) 805M->691M(910M) 26,490ms
[428,944s][info][gc] GC(5516) Pause Young (Allocation Failure) 805M->698M(910M) 24,877ms
[429,008s][info][gc] GC(5517) Pause Young (Allocation Failure) 812M->705M(910M) 23,083ms
[429,068s][info][gc] GC(5518) Pause Young (Allocation Failure) 819M->713M(848M) 20,619ms
[429,394s][info][gc] GC(5519) Pause Full (Ergonomics) 713M->590M(910M) 325,940ms
[429,439s][info][gc] GC(5520) Pause Young (Allocation Failure) 704M->599M(910M) 3,460ms
[429,487s][info][gc] GC(5521) Pause Young (Allocation Failure) 713M->607M(910M) 5,664ms
[429,536s][info][gc] GC(5522) Pause Young (Allocation Failure) 722M->615M(822M) 8,060ms
[429,586s][info][gc] GC(5523) Pause Young (Allocation Failure) 730M->623M(911M) 10,328ms
[429,641s][info][gc] GC(5524) Pause Young (Allocation Failure) 743M->631M(907M) 12,664ms
[429,698s][info][gc] GC(5525) Pause Young (Allocation Failure) 751M->640M(908M) 14,720ms
[429,761s][info][gc] GC(5526) Pause Young (Allocation Failure) 770M->648M(909M) 16,979ms
[429,827s][info][gc] GC(5527) Pause Young (Allocation Failure) 779M->657M(918M) 19,232ms
[429,898s][info][gc] GC(5528) Pause Young (Allocation Failure) 796M->666M(897M) 21,830ms
[429,975s][info][gc] GC(5529) Pause Young (Allocation Failure) 805M->675M(904M) 24,554ms
[430,043s][info][gc] GC(5530) Pause Young (Allocation Failure) 792M->682M(892M) 26,100ms
[430,116s][info][gc] GC(5531) Pause Young (Allocation Failure) 799M->689M(910M) 31,420ms
[430,199s][info][gc] GC(5532) Pause Young (Allocation Failure) 803M->696M(910M) 42,638ms
[430,284s][info][gc] GC(5533) Pause Young (Allocation Failure) 810M->703M(910M) 40,165ms
[430,362s][info][gc] GC(5534) Pause Young (Allocation Failure) 817M->710M(910M) 33,740ms
[430,432s][info][gc] GC(5535) Pause Young (Allocation Failure) 824M->717M(910M) 26,341ms
[430,500s][info][gc] GC(5536) Pause Young (Allocation Failure) 831M->725M(910M) 24,455ms
[430,830s][info][gc] GC(5537) Pause Full (Ergonomics) 725M->590M(910M) 329,654ms
[430,874s][info][gc] GC(5538) Pause Young (Allocation Failure) 704M->599M(910M) 3,482ms
[430,921s][info][gc] GC(5539) Pause Young (Allocation Failure) 713M->607M(910M) 5,701ms
[430,971s][info][gc] GC(5540) Pause Young (Allocation Failure) 721M->615M(910M) 7,927ms
[431,024s][info][gc] GC(5541) Pause Young (Allocation Failure) 729M->623M(910M) 10,243ms
[431,077s][info][gc] GC(5542) Pause Young (Allocation Failure) 737M->631M(910M) 13,079ms
[431,128s][info][gc] GC(5543) Pause Young (Allocation Failure) 745M->639M(910M) 10,979ms
[431,178s][info][gc] GC(5544) Pause Young (Allocation Failure) 753M->647M(910M) 9,200ms
[431,224s][info][gc] GC(5545) Pause Young (Allocation Failure) 761M->655M(910M) 6,308ms
[431,271s][info][gc] GC(5546) Pause Young (Allocation Failure) 769M->664M(910M) 6,254ms
[431,602s][info][gc] GC(5547) Pause Full (Ergonomics) 664M->590M(910M) 331,820ms
[431,649s][info][gc] GC(5548) Pause Young (Allocation Failure) 704M->599M(910M) 3,426ms
[431,697s][info][gc] GC(5549) Pause Young (Allocation Failure) 713M->607M(904M) 6,230ms
[431,744s][info][gc] GC(5550) Pause Young (Allocation Failure) 721M->615M(907M) 5,869ms
[431,792s][info][gc] GC(5551) Pause Young (Allocation Failure) 729M->623M(896M) 8,199ms
[431,846s][info][gc] GC(5552) Pause Young (Allocation Failure) 744M->632M(902M) 10,466ms
[431,901s][info][gc] GC(5553) Pause Young (Allocation Failure) 753M->640M(902M) 12,809ms
[431,962s][info][gc] GC(5554) Pause Young (Allocation Failure) 770M->649M(903M) 14,887ms
[432,025s][info][gc] GC(5555) Pause Young (Allocation Failure) 778M->658M(911M) 17,530ms
[432,094s][info][gc] GC(5556) Pause Young (Allocation Failure) 794M->666M(915M) 19,914ms
[432,166s][info][gc] GC(5557) Pause Young (Allocation Failure) 802M->675M(907M) 22,509ms
[432,235s][info][gc] GC(5558) Pause Young (Allocation Failure) 797M->683M(889M) 24,372ms
[432,305s][info][gc] GC(5559) Pause Young (Allocation Failure) 805M->691M(910M) 26,226ms
[432,370s][info][gc] GC(5560) Pause Young (Allocation Failure) 805M->698M(910M) 24,847ms
[432,433s][info][gc] GC(5561) Pause Young (Allocation Failure) 812M->705M(910M) 22,580ms
[432,494s][info][gc] GC(5562) Pause Young (Allocation Failure) 819M->713M(848M) 20,692ms
[432,815s][info][gc] GC(5563) Pause Full (Ergonomics) 713M->590M(910M) 320,828ms
[432,859s][info][gc] GC(5564) Pause Young (Allocation Failure) 704M->599M(910M) 3,389ms
[432,905s][info][gc] GC(5565) Pause Young (Allocation Failure) 713M->607M(910M) 5,771ms
[432,955s][info][gc] GC(5566) Pause Young (Allocation Failure) 722M->615M(822M) 8,063ms
[433,007s][info][gc] GC(5567) Pause Young (Allocation Failure) 730M->623M(912M) 10,205ms
[433,062s][info][gc] GC(5568) Pause Young (Allocation Failure) 743M->631M(908M) 12,498ms
[433,120s][info][gc] GC(5569) Pause Young (Allocation Failure) 751M->639M(908M) 14,655ms
[433,184s][info][gc] GC(5570) Pause Young (Allocation Failure) 769M->648M(908M) 17,138ms
[433,249s][info][gc] GC(5571) Pause Young (Allocation Failure) 778M->657M(917M) 19,428ms
[433,320s][info][gc] GC(5572) Pause Young (Allocation Failure) 795M->666M(897M) 21,960ms
[433,393s][info][gc] GC(5573) Pause Young (Allocation Failure) 804M->674M(904M) 24,523ms
[433,460s][info][gc] GC(5574) Pause Young (Allocation Failure) 791M->682M(891M) 25,945ms
[433,532s][info][gc] GC(5575) Pause Young (Allocation Failure) 799M->689M(910M) 30,808ms
[433,612s][info][gc] GC(5576) Pause Young (Allocation Failure) 803M->696M(910M) 39,337ms
[433,697s][info][gc] GC(5577) Pause Young (Allocation Failure) 810M->703M(910M) 42,196ms
[433,771s][info][gc] GC(5578) Pause Young (Allocation Failure) 817M->710M(910M) 30,130ms
[433,841s][info][gc] GC(5579) Pause Young (Allocation Failure) 824M->717M(910M) 26,090ms
[433,906s][info][gc] GC(5580) Pause Young (Allocation Failure) 831M->724M(910M) 24,275ms
[434,300s][info][gc] GC(5581) Pause Full (Ergonomics) 724M->590M(910M) 393,888ms
[434,346s][info][gc] GC(5582) Pause Young (Allocation Failure) 704M->599M(910M) 3,344ms
[434,392s][info][gc] GC(5583) Pause Young (Allocation Failure) 713M->607M(910M) 5,811ms
[434,440s][info][gc] GC(5584) Pause Young (Allocation Failure) 721M->615M(910M) 8,037ms
[434,491s][info][gc] GC(5585) Pause Young (Allocation Failure) 729M->623M(910M) 10,180ms
[434,544s][info][gc] GC(5586) Pause Young (Allocation Failure) 737M->631M(910M) 12,954ms
[434,595s][info][gc] GC(5587) Pause Young (Allocation Failure) 745M->639M(910M) 11,046ms
[434,644s][info][gc] GC(5588) Pause Young (Allocation Failure) 753M->647M(910M) 9,115ms
[434,691s][info][gc] GC(5589) Pause Young (Allocation Failure) 761M->655M(910M) 6,264ms
[434,737s][info][gc] GC(5590) Pause Young (Allocation Failure) 769M->664M(910M) 6,192ms
[435,064s][info][gc] GC(5591) Pause Full (Ergonomics) 664M->590M(910M) 327,009ms
[435,108s][info][gc] GC(5592) Pause Young (Allocation Failure) 704M->599M(910M) 3,465ms
[435,157s][info][gc] GC(5593) Pause Young (Allocation Failure) 713M->607M(904M) 6,237ms
[435,204s][info][gc] GC(5594) Pause Young (Allocation Failure) 721M->615M(907M) 5,898ms
[435,254s][info][gc] GC(5595) Pause Young (Allocation Failure) 729M->623M(895M) 8,200ms
[435,309s][info][gc] GC(5596) Pause Young (Allocation Failure) 744M->632M(902M) 10,408ms
[435,364s][info][gc] GC(5597) Pause Young (Allocation Failure) 753M->640M(902M) 12,714ms
[435,425s][info][gc] GC(5598) Pause Young (Allocation Failure) 770M->649M(903M) 14,825ms
[435,489s][info][gc] GC(5599) Pause Young (Allocation Failure) 778M->657M(910M) 17,281ms
[435,577s][info][gc] GC(5600) Pause Young (Allocation Failure) 792M->666M(914M) 22,664ms
[435,651s][info][gc] GC(5601) Pause Young (Allocation Failure) 801M->675M(907M) 22,009ms
[435,719s][info][gc] GC(5602) Pause Young (Allocation Failure) 797M->683M(889M) 24,145ms
[435,788s][info][gc] GC(5603) Pause Young (Allocation Failure) 805M->690M(910M) 26,160ms
[435,853s][info][gc] GC(5604) Pause Young (Allocation Failure) 804M->698M(910M) 24,723ms
[435,916s][info][gc] GC(5605) Pause Young (Allocation Failure) 812M->705M(910M) 22,774ms
[435,977s][info][gc] GC(5606) Pause Young (Allocation Failure) 819M->713M(848M) 20,501ms
[436,306s][info][gc] GC(5607) Pause Full (Ergonomics) 713M->590M(909M) 328,520ms
[436,351s][info][gc] GC(5608) Pause Young (Allocation Failure) 704M->599M(909M) 3,414ms
[436,398s][info][gc] GC(5609) Pause Young (Allocation Failure) 713M->607M(911M) 5,583ms
[436,447s][info][gc] GC(5610) Pause Young (Allocation Failure) 722M->615M(822M) 8,055ms
[436,498s][info][gc] GC(5611) Pause Young (Allocation Failure) 730M->623M(911M) 10,116ms
[436,554s][info][gc] GC(5612) Pause Young (Allocation Failure) 743M->631M(907M) 12,408ms
[436,613s][info][gc] GC(5613) Pause Young (Allocation Failure) 751M->639M(906M) 14,548ms
[436,676s][info][gc] GC(5614) Pause Young (Allocation Failure) 769M->648M(908M) 16,933ms
[436,741s][info][gc] GC(5615) Pause Young (Allocation Failure) 778M->657M(916M) 19,424ms
[436,811s][info][gc] GC(5616) Pause Young (Allocation Failure) 794M->665M(919M) 21,704ms
[436,883s][info][gc] GC(5617) Pause Young (Allocation Failure) 803M->674M(905M) 24,040ms
[436,951s][info][gc] GC(5618) Pause Young (Allocation Failure) 792M->682M(892M) 25,683ms
[437,024s][info][gc] GC(5619) Pause Young (Allocation Failure) 800M->689M(910M) 30,873ms
[437,106s][info][gc] GC(5620) Pause Young (Allocation Failure) 803M->696M(910M) 41,911ms
[437,192s][info][gc] GC(5621) Pause Young (Allocation Failure) 810M->703M(910M) 42,232ms
[437,267s][info][gc] GC(5622) Pause Young (Allocation Failure) 817M->710M(910M) 31,580ms
[437,337s][info][gc] GC(5623) Pause Young (Allocation Failure) 824M->717M(910M) 26,138ms
[437,403s][info][gc] GC(5624) Pause Young (Allocation Failure) 831M->724M(910M) 24,121ms
[437,729s][info][gc] GC(5625) Pause Full (Ergonomics) 724M->590M(910M) 326,684ms
[437,773s][info][gc] GC(5626) Pause Young (Allocation Failure) 704M->599M(910M) 3,415ms
[437,820s][info][gc] GC(5627) Pause Young (Allocation Failure) 713M->607M(910M) 5,637ms
[437,870s][info][gc] GC(5628) Pause Young (Allocation Failure) 721M->615M(910M) 7,909ms
[437,923s][info][gc] GC(5629) Pause Young (Allocation Failure) 729M->623M(910M) 10,128ms
[437,977s][info][gc] GC(5630) Pause Young (Allocation Failure) 737M->631M(910M) 12,858ms
[438,028s][info][gc] GC(5631) Pause Young (Allocation Failure) 745M->639M(910M) 10,955ms
[438,078s][info][gc] GC(5632) Pause Young (Allocation Failure) 753M->647M(910M) 9,106ms
[438,124s][info][gc] GC(5633) Pause Young (Allocation Failure) 761M->655M(910M) 6,281ms
[438,171s][info][gc] GC(5634) Pause Young (Allocation Failure) 769M->664M(910M) 6,241ms
[438,482s][info][gc] GC(5635) Pause Full (Ergonomics) 664M->590M(910M) 311,293ms
[438,526s][info][gc] GC(5636) Pause Young (Allocation Failure) 704M->599M(910M) 3,432ms
[438,573s][info][gc] GC(5637) Pause Young (Allocation Failure) 713M->607M(903M) 6,235ms
[438,620s][info][gc] GC(5638) Pause Young (Allocation Failure) 721M->615M(907M) 5,943ms
[438,669s][info][gc] GC(5639) Pause Young (Allocation Failure) 729M->623M(895M) 8,339ms
[438,722s][info][gc] GC(5640) Pause Young (Allocation Failure) 744M->632M(902M) 10,415ms
[438,778s][info][gc] GC(5641) Pause Young (Allocation Failure) 753M->640M(902M) 12,741ms
[438,839s][info][gc] GC(5642) Pause Young (Allocation Failure) 770M->649M(903M) 14,889ms
[438,902s][info][gc] GC(5643) Pause Young (Allocation Failure) 778M->657M(910M) 16,970ms
[438,969s][info][gc] GC(5644) Pause Young (Allocation Failure) 793M->666M(914M) 19,675ms
[439,039s][info][gc] GC(5645) Pause Young (Allocation Failure) 802M->675M(907M) 22,092ms
[439,106s][info][gc] GC(5646) Pause Young (Allocation Failure) 797M->683M(889M) 24,051ms
[439,176s][info][gc] GC(5647) Pause Young (Allocation Failure) 805M->690M(910M) 25,896ms
[439,240s][info][gc] GC(5648) Pause Young (Allocation Failure) 804M->698M(910M) 24,582ms
[439,303s][info][gc] GC(5649) Pause Young (Allocation Failure) 812M->705M(910M) 22,721ms
[439,364s][info][gc] GC(5650) Pause Young (Allocation Failure) 819M->713M(848M) 20,447ms
[439,687s][info][gc] GC(5651) Pause Full (Ergonomics) 713M->590M(910M) 322,940ms
[439,731s][info][gc] GC(5652) Pause Young (Allocation Failure) 704M->599M(910M) 3,383ms
[439,778s][info][gc] GC(5653) Pause Young (Allocation Failure) 713M->607M(910M) 5,730ms
[439,827s][info][gc] GC(5654) Pause Young (Allocation Failure) 722M->615M(822M) 8,115ms
[439,877s][info][gc] GC(5655) Pause Young (Allocation Failure) 730M->623M(911M) 10,070ms
[439,932s][info][gc] GC(5656) Pause Young (Allocation Failure) 743M->631M(907M) 12,486ms
[439,990s][info][gc] GC(5657) Pause Young (Allocation Failure) 751M->639M(907M) 14,550ms
[440,052s][info][gc] GC(5658) Pause Young (Allocation Failure) 769M->648M(908M) 16,817ms
[440,118s][info][gc] GC(5659) Pause Young (Allocation Failure) 778M->657M(917M) 19,312ms
[440,188s][info][gc] GC(5660) Pause Young (Allocation Failure) 795M->666M(897M) 21,646ms
[440,261s][info][gc] GC(5661) Pause Young (Allocation Failure) 804M->674M(904M) 24,223ms
[440,329s][info][gc] GC(5662) Pause Young (Allocation Failure) 791M->682M(891M) 25,773ms
[440,400s][info][gc] GC(5663) Pause Young (Allocation Failure) 799M->689M(910M) 29,318ms
[440,482s][info][gc] GC(5664) Pause Young (Allocation Failure) 803M->696M(910M) 41,705ms
[440,566s][info][gc] GC(5665) Pause Young (Allocation Failure) 810M->703M(910M) 41,256ms
[440,641s][info][gc] GC(5666) Pause Young (Allocation Failure) 817M->710M(910M) 31,522ms
[440,711s][info][gc] GC(5667) Pause Young (Allocation Failure) 824M->717M(910M) 25,895ms
[440,777s][info][gc] GC(5668) Pause Young (Allocation Failure) 831M->725M(910M) 24,229ms
[441,101s][info][gc] GC(5669) Pause Full (Ergonomics) 725M->590M(910M) 323,720ms
[441,146s][info][gc] GC(5670) Pause Young (Allocation Failure) 704M->599M(910M) 3,536ms
[441,194s][info][gc] GC(5671) Pause Young (Allocation Failure) 713M->607M(910M) 5,711ms
[441,242s][info][gc] GC(5672) Pause Young (Allocation Failure) 721M->615M(910M) 7,862ms
[441,292s][info][gc] GC(5673) Pause Young (Allocation Failure) 729M->623M(910M) 10,024ms
[441,345s][info][gc] GC(5674) Pause Young (Allocation Failure) 737M->631M(910M) 12,866ms
[441,397s][info][gc] GC(5675) Pause Young (Allocation Failure) 745M->639M(910M) 11,066ms
[441,446s][info][gc] GC(5676) Pause Young (Allocation Failure) 753M->647M(910M) 9,142ms
[441,492s][info][gc] GC(5677) Pause Young (Allocation Failure) 761M->655M(910M) 6,291ms
[441,539s][info][gc] GC(5678) Pause Young (Allocation Failure) 769M->664M(910M) 6,354ms
[441,862s][info][gc] GC(5679) Pause Full (Ergonomics) 664M->590M(910M) 322,806ms
[441,906s][info][gc] GC(5680) Pause Young (Allocation Failure) 704M->599M(910M) 3,425ms
[441,954s][info][gc] GC(5681) Pause Young (Allocation Failure) 713M->607M(904M) 6,272ms
[442,001s][info][gc] GC(5682) Pause Young (Allocation Failure) 721M->615M(907M) 5,925ms
[442,050s][info][gc] GC(5683) Pause Young (Allocation Failure) 729M->623M(895M) 8,154ms
[442,104s][info][gc] GC(5684) Pause Young (Allocation Failure) 744M->632M(902M) 10,239ms
[442,159s][info][gc] GC(5685) Pause Young (Allocation Failure) 753M->640M(902M) 12,579ms
[442,220s][info][gc] GC(5686) Pause Young (Allocation Failure) 770M->649M(903M) 15,106ms
[442,283s][info][gc] GC(5687) Pause Young (Allocation Failure) 778M->657M(910M) 17,297ms
[442,350s][info][gc] GC(5688) Pause Young (Allocation Failure) 793M->666M(914M) 19,591ms
[442,421s][info][gc] GC(5689) Pause Young (Allocation Failure) 802M->675M(907M) 22,054ms
[442,488s][info][gc] GC(5690) Pause Young (Allocation Failure) 797M->683M(889M) 24,197ms
[442,557s][info][gc] GC(5691) Pause Young (Allocation Failure) 805M->690M(910M) 26,036ms
[442,623s][info][gc] GC(5692) Pause Young (Allocation Failure) 804M->698M(910M) 24,115ms
[442,687s][info][gc] GC(5693) Pause Young (Allocation Failure) 812M->705M(910M) 22,804ms
[442,748s][info][gc] GC(5694) Pause Young (Allocation Failure) 819M->713M(848M) 20,589ms
[443,064s][info][gc] GC(5695) Pause Full (Ergonomics) 713M->590M(910M) 316,208ms
[443,108s][info][gc] GC(5696) Pause Young (Allocation Failure) 704M->599M(910M) 3,427ms
[443,155s][info][gc] GC(5697) Pause Young (Allocation Failure) 713M->607M(910M) 5,628ms
[443,204s][info][gc] GC(5698) Pause Young (Allocation Failure) 721M->615M(822M) 7,845ms
[443,255s][info][gc] GC(5699) Pause Young (Allocation Failure) 730M->623M(911M) 10,186ms
[443,311s][info][gc] GC(5700) Pause Young (Allocation Failure) 743M->631M(907M) 12,436ms
[443,368s][info][gc] GC(5701) Pause Young (Allocation Failure) 751M->639M(907M) 14,544ms
[443,430s][info][gc] GC(5702) Pause Young (Allocation Failure) 769M->648M(908M) 16,905ms
[443,496s][info][gc] GC(5703) Pause Young (Allocation Failure) 778M->657M(917M) 19,263ms
[443,566s][info][gc] GC(5704) Pause Young (Allocation Failure) 795M->665M(897M) 21,783ms
[443,640s][info][gc] GC(5705) Pause Young (Allocation Failure) 804M->674M(904M) 24,113ms
[443,707s][info][gc] GC(5706) Pause Young (Allocation Failure) 791M->682M(891M) 25,799ms
[443,778s][info][gc] GC(5707) Pause Young (Allocation Failure) 799M->689M(910M) 30,431ms
[443,861s][info][gc] GC(5708) Pause Young (Allocation Failure) 803M->696M(910M) 41,851ms
[443,945s][info][gc] GC(5709) Pause Young (Allocation Failure) 810M->703M(910M) 42,722ms
[444,020s][info][gc] GC(5710) Pause Young (Allocation Failure) 817M->710M(910M) 31,650ms
[444,090s][info][gc] GC(5711) Pause Young (Allocation Failure) 824M->717M(910M) 25,931ms
[444,157s][info][gc] GC(5712) Pause Young (Allocation Failure) 831M->724M(910M) 24,014ms
[444,491s][info][gc] GC(5713) Pause Full (Ergonomics) 724M->590M(910M) 334,277ms
[444,536s][info][gc] GC(5714) Pause Young (Allocation Failure) 704M->599M(910M) 3,328ms
[444,585s][info][gc] GC(5715) Pause Young (Allocation Failure) 713M->607M(910M) 5,672ms
[444,634s][info][gc] GC(5716) Pause Young (Allocation Failure) 721M->615M(910M) 7,928ms
[444,684s][info][gc] GC(5717) Pause Young (Allocation Failure) 729M->623M(910M) 9,985ms
[444,738s][info][gc] GC(5718) Pause Young (Allocation Failure) 737M->631M(910M) 12,820ms
[444,790s][info][gc] GC(5719) Pause Young (Allocation Failure) 745M->639M(910M) 11,037ms
[444,839s][info][gc] GC(5720) Pause Young (Allocation Failure) 753M->647M(910M) 9,061ms
[444,885s][info][gc] GC(5721) Pause Young (Allocation Failure) 761M->655M(910M) 6,207ms
[444,932s][info][gc] GC(5722) Pause Young (Allocation Failure) 769M->664M(910M) 6,266ms
[445,261s][info][gc] GC(5723) Pause Full (Ergonomics) 664M->590M(910M) 328,268ms
[445,310s][info][gc] GC(5724) Pause Young (Allocation Failure) 704M->599M(910M) 3,404ms
[445,363s][info][gc] GC(5725) Pause Young (Allocation Failure) 713M->607M(904M) 6,172ms
[445,414s][info][gc] GC(5726) Pause Young (Allocation Failure) 721M->615M(907M) 5,690ms
[445,467s][info][gc] GC(5727) Pause Young (Allocation Failure) 729M->623M(895M) 7,945ms
[445,525s][info][gc] GC(5728) Pause Young (Allocation Failure) 744M->632M(902M) 9,996ms
[445,586s][info][gc] GC(5729) Pause Young (Allocation Failure) 753M->640M(901M) 12,508ms
[445,652s][info][gc] GC(5730) Pause Young (Allocation Failure) 769M->649M(903M) 14,676ms
[445,720s][info][gc] GC(5731) Pause Young (Allocation Failure) 778M->657M(909M) 17,135ms
[445,792s][info][gc] GC(5732) Pause Young (Allocation Failure) 792M->666M(913M) 19,414ms
[445,867s][info][gc] GC(5733) Pause Young (Allocation Failure) 801M->675M(907M) 21,753ms
[445,939s][info][gc] GC(5734) Pause Young (Allocation Failure) 797M->682M(889M) 23,717ms
[446,013s][info][gc] GC(5735) Pause Young (Allocation Failure) 804M->690M(910M) 25,913ms
[446,083s][info][gc] GC(5736) Pause Young (Allocation Failure) 804M->697M(910M) 24,284ms
[446,151s][info][gc] GC(5737) Pause Young (Allocation Failure) 811M->705M(910M) 22,544ms
[446,215s][info][gc] GC(5738) Pause Young (Allocation Failure) 819M->712M(848M) 20,180ms
[446,546s][info][gc] GC(5739) Pause Full (Ergonomics) 712M->590M(909M) 330,839ms
[446,590s][info][gc] GC(5740) Pause Young (Allocation Failure) 704M->599M(909M) 3,477ms
[446,637s][info][gc] GC(5741) Pause Young (Allocation Failure) 713M->607M(910M) 5,580ms
[446,690s][info][gc] GC(5742) Pause Young (Allocation Failure) 722M->615M(823M) 8,170ms
[446,744s][info][gc] GC(5743) Pause Young (Allocation Failure) 730M->623M(911M) 10,034ms
[446,804s][info][gc] GC(5744) Pause Young (Allocation Failure) 744M->631M(908M) 12,435ms
[446,864s][info][gc] GC(5745) Pause Young (Allocation Failure) 752M->640M(909M) 14,259ms
[446,931s][info][gc] GC(5746) Pause Young (Allocation Failure) 771M->648M(909M) 17,050ms
[446,996s][info][gc] GC(5747) Pause Young (Allocation Failure) 779M->657M(918M) 19,365ms
[447,067s][info][gc] GC(5748) Pause Young (Allocation Failure) 796M->666M(898M) 21,639ms
[447,140s][info][gc] GC(5749) Pause Young (Allocation Failure) 805M->675M(904M) 24,129ms
[447,207s][info][gc] GC(5750) Pause Young (Allocation Failure) 791M->682M(891M) 25,927ms
[447,280s][info][gc] GC(5751) Pause Young (Allocation Failure) 798M->689M(910M) 31,648ms
[447,364s][info][gc] GC(5752) Pause Young (Allocation Failure) 803M->696M(910M) 42,865ms
[447,449s][info][gc] GC(5753) Pause Young (Allocation Failure) 810M->703M(910M) 42,761ms
[447,525s][info][gc] GC(5754) Pause Young (Allocation Failure) 817M->710M(910M) 32,369ms
[447,595s][info][gc] GC(5755) Pause Young (Allocation Failure) 824M->717M(910M) 26,037ms
[447,662s][info][gc] GC(5756) Pause Young (Allocation Failure) 831M->725M(910M) 24,217ms
[447,983s][info][gc] GC(5757) Pause Full (Ergonomics) 725M->590M(910M) 320,841ms
[448,027s][info][gc] GC(5758) Pause Young (Allocation Failure) 704M->599M(910M) 3,306ms
[448,076s][info][gc] GC(5759) Pause Young (Allocation Failure) 713M->607M(910M) 5,625ms
[448,125s][info][gc] GC(5760) Pause Young (Allocation Failure) 721M->615M(910M) 7,909ms
[448,177s][info][gc] GC(5761) Pause Young (Allocation Failure) 729M->623M(910M) 9,775ms
[448,232s][info][gc] GC(5762) Pause Young (Allocation Failure) 737M->631M(910M) 12,978ms
[448,284s][info][gc] GC(5763) Pause Young (Allocation Failure) 745M->639M(910M) 11,062ms
[448,334s][info][gc] GC(5764) Pause Young (Allocation Failure) 753M->647M(910M) 9,150ms
[448,380s][info][gc] GC(5765) Pause Young (Allocation Failure) 761M->655M(910M) 6,315ms
[448,427s][info][gc] GC(5766) Pause Young (Allocation Failure) 769M->664M(910M) 6,338ms
[448,753s][info][gc] GC(5767) Pause Full (Ergonomics) 664M->590M(910M) 326,179ms
[448,797s][info][gc] GC(5768) Pause Young (Allocation Failure) 704M->599M(910M) 3,432ms
[448,845s][info][gc] GC(5769) Pause Young (Allocation Failure) 713M->607M(904M) 6,253ms
[448,893s][info][gc] GC(5770) Pause Young (Allocation Failure) 721M->615M(907M) 5,997ms
[448,943s][info][gc] GC(5771) Pause Young (Allocation Failure) 729M->623M(896M) 8,266ms
[448,998s][info][gc] GC(5772) Pause Young (Allocation Failure) 744M->632M(902M) 10,329ms
[449,053s][info][gc] GC(5773) Pause Young (Allocation Failure) 753M->640M(902M) 12,540ms
[449,114s][info][gc] GC(5774) Pause Young (Allocation Failure) 770M->649M(903M) 14,963ms
[449,177s][info][gc] GC(5775) Pause Young (Allocation Failure) 778M->657M(911M) 17,305ms
[449,245s][info][gc] GC(5776) Pause Young (Allocation Failure) 793M->666M(915M) 19,641ms
[449,316s][info][gc] GC(5777) Pause Young (Allocation Failure) 802M->675M(906M) 22,241ms
[449,383s][info][gc] GC(5778) Pause Young (Allocation Failure) 796M->683M(888M) 24,130ms
[449,452s][info][gc] GC(5779) Pause Young (Allocation Failure) 804M->690M(910M) 26,002ms
[449,517s][info][gc] GC(5780) Pause Young (Allocation Failure) 804M->698M(910M) 24,664ms
[449,580s][info][gc] GC(5781) Pause Young (Allocation Failure) 812M->705M(910M) 22,778ms
[449,641s][info][gc] GC(5782) Pause Young (Allocation Failure) 819M->713M(848M) 20,321ms
[449,962s][info][gc] GC(5783) Pause Full (Ergonomics) 713M->590M(910M) 320,760ms
[450,005s][info][gc] GC(5784) Pause Young (Allocation Failure) 704M->599M(910M) 3,506ms
[450,053s][info][gc] GC(5785) Pause Young (Allocation Failure) 713M->607M(910M) 5,610ms
[450,103s][info][gc] GC(5786) Pause Young (Allocation Failure) 721M->615M(822M) 8,010ms
[450,154s][info][gc] GC(5787) Pause Young (Allocation Failure) 730M->623M(911M) 10,085ms
[450,210s][info][gc] GC(5788) Pause Young (Allocation Failure) 743M->631M(907M) 12,457ms
[450,268s][info][gc] GC(5789) Pause Young (Allocation Failure) 751M->639M(907M) 14,643ms
[450,332s][info][gc] GC(5790) Pause Young (Allocation Failure) 769M->648M(908M) 16,933ms
[450,398s][info][gc] GC(5791) Pause Young (Allocation Failure) 778M->657M(917M) 19,373ms
[450,468s][info][gc] GC(5792) Pause Young (Allocation Failure) 795M->666M(897M) 21,520ms
[450,541s][info][gc] GC(5793) Pause Young (Allocation Failure) 804M->674M(904M) 23,944ms
[450,608s][info][gc] GC(5794) Pause Young (Allocation Failure) 791M->682M(891M) 25,921ms
[450,683s][info][gc] GC(5795) Pause Young (Allocation Failure) 799M->689M(910M) 33,868ms
[450,767s][info][gc] GC(5796) Pause Young (Allocation Failure) 803M->696M(910M) 42,199ms
[450,848s][info][gc] GC(5797) Pause Young (Allocation Failure) 810M->703M(910M) 38,070ms
[450,924s][info][gc] GC(5798) Pause Young (Allocation Failure) 817M->710M(910M) 32,062ms
[450,994s][info][gc] GC(5799) Pause Young (Allocation Failure) 824M->717M(910M) 26,104ms
[451,062s][info][gc] GC(5800) Pause Young (Allocation Failure) 831M->725M(910M) 24,164ms
[451,392s][info][gc] GC(5801) Pause Full (Ergonomics) 725M->590M(910M) 330,464ms
[451,437s][info][gc] GC(5802) Pause Young (Allocation Failure) 704M->599M(910M) 3,440ms
[451,484s][info][gc] GC(5803) Pause Young (Allocation Failure) 713M->607M(910M) 5,662ms
[451,534s][info][gc] GC(5804) Pause Young (Allocation Failure) 721M->615M(910M) 7,918ms
[451,585s][info][gc] GC(5805) Pause Young (Allocation Failure) 729M->623M(910M) 10,052ms
[451,639s][info][gc] GC(5806) Pause Young (Allocation Failure) 737M->631M(910M) 12,952ms
[451,692s][info][gc] GC(5807) Pause Young (Allocation Failure) 745M->639M(910M) 10,886ms
[451,742s][info][gc] GC(5808) Pause Young (Allocation Failure) 753M->647M(910M) 9,056ms
[451,789s][info][gc] GC(5809) Pause Young (Allocation Failure) 761M->655M(910M) 6,273ms
[451,837s][info][gc] GC(5810) Pause Young (Allocation Failure) 769M->664M(910M) 6,329ms
[452,158s][info][gc] GC(5811) Pause Full (Ergonomics) 664M->590M(910M) 321,251ms
[452,202s][info][gc] GC(5812) Pause Young (Allocation Failure) 704M->599M(910M) 3,446ms
[452,250s][info][gc] GC(5813) Pause Young (Allocation Failure) 713M->607M(904M) 6,279ms
[452,298s][info][gc] GC(5814) Pause Young (Allocation Failure) 721M->615M(907M) 5,916ms
[452,348s][info][gc] GC(5815) Pause Young (Allocation Failure) 729M->623M(896M) 8,137ms
[452,402s][info][gc] GC(5816) Pause Young (Allocation Failure) 744M->632M(902M) 10,272ms
[452,458s][info][gc] GC(5817) Pause Young (Allocation Failure) 753M->640M(902M) 12,757ms
[452,518s][info][gc] GC(5818) Pause Young (Allocation Failure) 770M->649M(903M) 14,905ms
[452,581s][info][gc] GC(5819) Pause Young (Allocation Failure) 778M->657M(910M) 17,341ms
[452,649s][info][gc] GC(5820) Pause Young (Allocation Failure) 793M->666M(914M) 19,536ms
[452,720s][info][gc] GC(5821) Pause Young (Allocation Failure) 802M->675M(907M) 21,847ms
[452,788s][info][gc] GC(5822) Pause Young (Allocation Failure) 797M->683M(889M) 23,974ms
[452,857s][info][gc] GC(5823) Pause Young (Allocation Failure) 805M->690M(910M) 26,254ms
[452,922s][info][gc] GC(5824) Pause Young (Allocation Failure) 804M->698M(910M) 24,606ms
[452,985s][info][gc] GC(5825) Pause Young (Allocation Failure) 812M->705M(910M) 22,527ms
[453,046s][info][gc] GC(5826) Pause Young (Allocation Failure) 819M->713M(848M) 20,440ms
[453,362s][info][gc] GC(5827) Pause Full (Ergonomics) 713M->590M(910M) 315,852ms
[453,405s][info][gc] GC(5828) Pause Young (Allocation Failure) 704M->599M(910M) 3,413ms
[453,452s][info][gc] GC(5829) Pause Young (Allocation Failure) 713M->607M(910M) 5,671ms
[453,503s][info][gc] GC(5830) Pause Young (Allocation Failure) 722M->615M(822M) 8,007ms
[453,554s][info][gc] GC(5831) Pause Young (Allocation Failure) 730M->623M(911M) 10,125ms
[453,609s][info][gc] GC(5832) Pause Young (Allocation Failure) 743M->631M(907M) 12,475ms
[453,667s][info][gc] GC(5833) Pause Young (Allocation Failure) 751M->639M(907M) 14,733ms
[453,730s][info][gc] GC(5834) Pause Young (Allocation Failure) 769M->648M(908M) 16,831ms
[453,796s][info][gc] GC(5835) Pause Young (Allocation Failure) 778M->657M(917M) 19,269ms
[453,867s][info][gc] GC(5836) Pause Young (Allocation Failure) 795M->666M(897M) 21,776ms
[453,940s][info][gc] GC(5837) Pause Young (Allocation Failure) 804M->674M(904M) 24,165ms
[454,007s][info][gc] GC(5838) Pause Young (Allocation Failure) 791M->682M(891M) 25,612ms
[454,079s][info][gc] GC(5839) Pause Young (Allocation Failure) 799M->689M(910M) 30,260ms
[454,161s][info][gc] GC(5840) Pause Young (Allocation Failure) 803M->696M(910M) 41,214ms
[454,245s][info][gc] GC(5841) Pause Young (Allocation Failure) 810M->703M(910M) 41,964ms
[454,318s][info][gc] GC(5842) Pause Young (Allocation Failure) 817M->710M(910M) 29,640ms
[454,388s][info][gc] GC(5843) Pause Young (Allocation Failure) 824M->717M(910M) 26,075ms
[454,455s][info][gc] GC(5844) Pause Young (Allocation Failure) 831M->724M(910M) 24,195ms
[454,773s][info][gc] GC(5845) Pause Full (Ergonomics) 724M->590M(910M) 318,037ms
[454,817s][info][gc] GC(5846) Pause Young (Allocation Failure) 704M->599M(910M) 3,364ms
[454,863s][info][gc] GC(5847) Pause Young (Allocation Failure) 713M->607M(910M) 5,643ms
[454,911s][info][gc] GC(5848) Pause Young (Allocation Failure) 721M->615M(910M) 7,988ms
[454,961s][info][gc] GC(5849) Pause Young (Allocation Failure) 729M->623M(910M) 10,108ms
[455,015s][info][gc] GC(5850) Pause Young (Allocation Failure) 737M->631M(910M) 12,998ms
[455,066s][info][gc] GC(5851) Pause Young (Allocation Failure) 745M->639M(910M) 11,058ms
[455,116s][info][gc] GC(5852) Pause Young (Allocation Failure) 753M->647M(910M) 9,174ms
[455,162s][info][gc] GC(5853) Pause Young (Allocation Failure) 761M->655M(910M) 6,264ms
[455,209s][info][gc] GC(5854) Pause Young (Allocation Failure) 769M->664M(910M) 6,307ms
[455,537s][info][gc] GC(5855) Pause Full (Ergonomics) 664M->590M(910M) 328,401ms
[455,581s][info][gc] GC(5856) Pause Young (Allocation Failure) 704M->599M(910M) 3,458ms
[455,628s][info][gc] GC(5857) Pause Young (Allocation Failure) 713M->607M(904M) 6,258ms
[455,676s][info][gc] GC(5858) Pause Young (Allocation Failure) 721M->615M(907M) 5,817ms
[455,725s][info][gc] GC(5859) Pause Young (Allocation Failure) 729M->623M(895M) 8,136ms
[455,778s][info][gc] GC(5860) Pause Young (Allocation Failure) 744M->632M(902M) 10,312ms
[455,834s][info][gc] GC(5861) Pause Young (Allocation Failure) 753M->640M(902M) 12,736ms
[455,895s][info][gc] GC(5862) Pause Young (Allocation Failure) 769M->649M(903M) 14,721ms
[455,958s][info][gc] GC(5863) Pause Young (Allocation Failure) 778M->657M(910M) 17,205ms
[456,025s][info][gc] GC(5864) Pause Young (Allocation Failure) 793M->666M(914M) 19,664ms
[456,095s][info][gc] GC(5865) Pause Young (Allocation Failure) 802M->675M(906M) 22,133ms
[456,162s][info][gc] GC(5866) Pause Young (Allocation Failure) 797M->683M(889M) 23,744ms
[456,231s][info][gc] GC(5867) Pause Young (Allocation Failure) 805M->690M(910M) 25,865ms
[456,296s][info][gc] GC(5868) Pause Young (Allocation Failure) 804M->698M(910M) 24,266ms
[456,358s][info][gc] GC(5869) Pause Young (Allocation Failure) 812M->705M(910M) 22,618ms
[456,419s][info][gc] GC(5870) Pause Young (Allocation Failure) 819M->713M(848M) 20,411ms
[456,737s][info][gc] GC(5871) Pause Full (Ergonomics) 713M->590M(909M) 317,640ms
[456,781s][info][gc] GC(5872) Pause Young (Allocation Failure) 704M->599M(909M) 3,445ms
[456,827s][info][gc] GC(5873) Pause Young (Allocation Failure) 713M->607M(911M) 5,607ms
[456,877s][info][gc] GC(5874) Pause Young (Allocation Failure) 721M->615M(822M) 8,000ms
[456,929s][info][gc] GC(5875) Pause Young (Allocation Failure) 730M->623M(911M) 10,201ms
[456,985s][info][gc] GC(5876) Pause Young (Allocation Failure) 742M->631M(907M) 12,370ms
[457,041s][info][gc] GC(5877) Pause Young (Allocation Failure) 751M->639M(907M) 14,526ms
[457,104s][info][gc] GC(5878) Pause Young (Allocation Failure) 769M->648M(908M) 16,733ms
[457,169s][info][gc] GC(5879) Pause Young (Allocation Failure) 777M->657M(917M) 19,198ms
[457,240s][info][gc] GC(5880) Pause Young (Allocation Failure) 795M->665M(896M) 21,478ms
[457,314s][info][gc] GC(5881) Pause Young (Allocation Failure) 803M->674M(905M) 24,211ms
[457,381s][info][gc] GC(5882) Pause Young (Allocation Failure) 792M->682M(892M) 25,746ms
[457,454s][info][gc] GC(5883) Pause Young (Allocation Failure) 800M->689M(910M) 30,482ms
[457,535s][info][gc] GC(5884) Pause Young (Allocation Failure) 803M->696M(910M) 41,330ms
[457,616s][info][gc] GC(5885) Pause Young (Allocation Failure) 810M->703M(910M) 39,939ms
[457,690s][info][gc] GC(5886) Pause Young (Allocation Failure) 817M->710M(910M) 30,835ms
[457,760s][info][gc] GC(5887) Pause Young (Allocation Failure) 824M->717M(910M) 25,887ms
[457,828s][info][gc] GC(5888) Pause Young (Allocation Failure) 831M->724M(910M) 24,179ms
[458,162s][info][gc] GC(5889) Pause Full (Ergonomics) 724M->590M(910M) 334,228ms
[458,206s][info][gc] GC(5890) Pause Young (Allocation Failure) 704M->599M(910M) 3,390ms
[458,254s][info][gc] GC(5891) Pause Young (Allocation Failure) 713M->607M(910M) 5,622ms
[458,305s][info][gc] GC(5892) Pause Young (Allocation Failure) 721M->615M(910M) 7,914ms
[458,356s][info][gc] GC(5893) Pause Young (Allocation Failure) 729M->623M(910M) 10,080ms
[458,409s][info][gc] GC(5894) Pause Young (Allocation Failure) 737M->631M(910M) 13,004ms
[458,461s][info][gc] GC(5895) Pause Young (Allocation Failure) 745M->639M(910M) 11,082ms
[458,510s][info][gc] GC(5896) Pause Young (Allocation Failure) 753M->647M(910M) 9,096ms
[458,557s][info][gc] GC(5897) Pause Young (Allocation Failure) 761M->655M(910M) 6,258ms
[458,603s][info][gc] GC(5898) Pause Young (Allocation Failure) 769M->664M(910M) 6,413ms
[458,927s][info][gc] GC(5899) Pause Full (Ergonomics) 664M->590M(910M) 323,809ms
[458,971s][info][gc] GC(5900) Pause Young (Allocation Failure) 704M->599M(910M) 3,478ms
[459,017s][info][gc] GC(5901) Pause Young (Allocation Failure) 713M->607M(903M) 6,287ms
[459,065s][info][gc] GC(5902) Pause Young (Allocation Failure) 721M->615M(907M) 5,773ms
[459,115s][info][gc] GC(5903) Pause Young (Allocation Failure) 729M->623M(895M) 8,168ms
[459,168s][info][gc] GC(5904) Pause Young (Allocation Failure) 744M->632M(902M) 10,301ms
[459,223s][info][gc] GC(5905) Pause Young (Allocation Failure) 753M->640M(902M) 12,760ms
[459,284s][info][gc] GC(5906) Pause Young (Allocation Failure) 770M->649M(903M) 14,935ms
[459,347s][info][gc] GC(5907) Pause Young (Allocation Failure) 778M->657M(910M) 17,121ms
[459,414s][info][gc] GC(5908) Pause Young (Allocation Failure) 793M->666M(914M) 19,620ms
[459,484s][info][gc] GC(5909) Pause Young (Allocation Failure) 802M->675M(907M) 22,152ms
[459,551s][info][gc] GC(5910) Pause Young (Allocation Failure) 797M->683M(889M) 24,162ms
[459,620s][info][gc] GC(5911) Pause Young (Allocation Failure) 805M->691M(910M) 26,353ms
[459,685s][info][gc] GC(5912) Pause Young (Allocation Failure) 805M->698M(910M) 24,584ms
[459,749s][info][gc] GC(5913) Pause Young (Allocation Failure) 812M->705M(910M) 22,741ms
[459,811s][info][gc] GC(5914) Pause Young (Allocation Failure) 819M->713M(848M) 20,413ms
[460,140s][info][gc] GC(5915) Pause Full (Ergonomics) 713M->590M(910M) 328,281ms
[460,184s][info][gc] GC(5916) Pause Young (Allocation Failure) 704M->599M(910M) 3,495ms
[460,231s][info][gc] GC(5917) Pause Young (Allocation Failure) 713M->607M(910M) 5,629ms
[460,282s][info][gc] GC(5918) Pause Young (Allocation Failure) 721M->615M(822M) 8,044ms
[460,334s][info][gc] GC(5919) Pause Young (Allocation Failure) 730M->623M(911M) 9,915ms
[460,389s][info][gc] GC(5920) Pause Young (Allocation Failure) 743M->631M(907M) 12,599ms
[460,446s][info][gc] GC(5921) Pause Young (Allocation Failure) 751M->639M(907M) 14,609ms
[460,508s][info][gc] GC(5922) Pause Young (Allocation Failure) 769M->648M(908M) 16,951ms
[460,573s][info][gc] GC(5923) Pause Young (Allocation Failure) 778M->657M(917M) 18,876ms
[460,643s][info][gc] GC(5924) Pause Young (Allocation Failure) 795M->666M(897M) 21,789ms
[460,716s][info][gc] GC(5925) Pause Young (Allocation Failure) 804M->674M(904M) 23,994ms
[460,783s][info][gc] GC(5926) Pause Young (Allocation Failure) 791M->682M(891M) 25,782ms
[460,855s][info][gc] GC(5927) Pause Young (Allocation Failure) 799M->689M(910M) 30,385ms
[460,932s][info][gc] GC(5928) Pause Young (Allocation Failure) 803M->696M(910M) 36,183ms
[461,015s][info][gc] GC(5929) Pause Young (Allocation Failure) 810M->703M(910M) 42,237ms
[461,089s][info][gc] GC(5930) Pause Young (Allocation Failure) 817M->710M(910M) 30,192ms
[461,158s][info][gc] GC(5931) Pause Young (Allocation Failure) 824M->717M(910M) 25,900ms
[461,226s][info][gc] GC(5932) Pause Young (Allocation Failure) 831M->724M(910M) 24,234ms
[461,558s][info][gc] GC(5933) Pause Full (Ergonomics) 724M->590M(910M) 331,541ms
[461,602s][info][gc] GC(5934) Pause Young (Allocation Failure) 704M->599M(910M) 3,460ms
[461,650s][info][gc] GC(5935) Pause Young (Allocation Failure) 713M->607M(910M) 5,681ms
[461,701s][info][gc] GC(5936) Pause Young (Allocation Failure) 721M->615M(910M) 7,882ms
[461,752s][info][gc] GC(5937) Pause Young (Allocation Failure) 729M->623M(910M) 10,173ms
[461,805s][info][gc] GC(5938) Pause Young (Allocation Failure) 737M->631M(910M) 13,029ms
[461,856s][info][gc] GC(5939) Pause Young (Allocation Failure) 745M->639M(910M) 11,036ms
[461,906s][info][gc] GC(5940) Pause Young (Allocation Failure) 753M->647M(910M) 9,080ms
[461,952s][info][gc] GC(5941) Pause Young (Allocation Failure) 761M->655M(910M) 6,254ms
[461,999s][info][gc] GC(5942) Pause Young (Allocation Failure) 769M->664M(910M) 6,256ms
[462,316s][info][gc] GC(5943) Pause Full (Ergonomics) 664M->590M(910M) 317,287ms
[462,360s][info][gc] GC(5944) Pause Young (Allocation Failure) 704M->599M(910M) 3,405ms
[462,407s][info][gc] GC(5945) Pause Young (Allocation Failure) 713M->607M(904M) 6,389ms
[462,454s][info][gc] GC(5946) Pause Young (Allocation Failure) 721M->615M(907M) 5,822ms
[462,504s][info][gc] GC(5947) Pause Young (Allocation Failure) 729M->623M(895M) 8,183ms
[462,558s][info][gc] GC(5948) Pause Young (Allocation Failure) 744M->632M(902M) 10,371ms
[462,615s][info][gc] GC(5949) Pause Young (Allocation Failure) 753M->640M(902M) 12,833ms
[462,675s][info][gc] GC(5950) Pause Young (Allocation Failure) 770M->649M(903M) 14,964ms
[462,738s][info][gc] GC(5951) Pause Young (Allocation Failure) 778M->657M(910M) 17,243ms
[462,805s][info][gc] GC(5952) Pause Young (Allocation Failure) 793M->666M(914M) 19,586ms
[462,875s][info][gc] GC(5953) Pause Young (Allocation Failure) 802M->675M(907M) 22,081ms
[462,943s][info][gc] GC(5954) Pause Young (Allocation Failure) 797M->683M(889M) 24,073ms
[463,012s][info][gc] GC(5955) Pause Young (Allocation Failure) 805M->690M(910M) 26,018ms
[463,077s][info][gc] GC(5956) Pause Young (Allocation Failure) 804M->698M(910M) 24,627ms
[463,140s][info][gc] GC(5957) Pause Young (Allocation Failure) 812M->705M(910M) 22,615ms
[463,201s][info][gc] GC(5958) Pause Young (Allocation Failure) 819M->713M(848M) 20,404ms
[463,528s][info][gc] GC(5959) Pause Full (Ergonomics) 713M->590M(910M) 326,774ms
[463,573s][info][gc] GC(5960) Pause Young (Allocation Failure) 704M->599M(910M) 3,410ms
[463,620s][info][gc] GC(5961) Pause Young (Allocation Failure) 713M->607M(910M) 5,620ms
[463,671s][info][gc] GC(5962) Pause Young (Allocation Failure) 721M->615M(822M) 8,000ms
[463,723s][info][gc] GC(5963) Pause Young (Allocation Failure) 730M->623M(911M) 10,015ms
[463,778s][info][gc] GC(5964) Pause Young (Allocation Failure) 743M->631M(907M) 12,574ms
[463,836s][info][gc] GC(5965) Pause Young (Allocation Failure) 751M->640M(907M) 14,738ms
[463,899s][info][gc] GC(5966) Pause Young (Allocation Failure) 770M->648M(908M) 16,849ms
[463,964s][info][gc] GC(5967) Pause Young (Allocation Failure) 778M->657M(917M) 19,316ms
[464,035s][info][gc] GC(5968) Pause Young (Allocation Failure) 795M->666M(897M) 21,702ms
[464,108s][info][gc] GC(5969) Pause Young (Allocation Failure) 804M->674M(904M) 24,230ms
[464,175s][info][gc] GC(5970) Pause Young (Allocation Failure) 791M->682M(891M) 25,726ms
[464,247s][info][gc] GC(5971) Pause Young (Allocation Failure) 799M->689M(910M) 31,009ms
[464,331s][info][gc] GC(5972) Pause Young (Allocation Failure) 803M->696M(910M) 42,408ms
[464,413s][info][gc] GC(5973) Pause Young (Allocation Failure) 810M->703M(910M) 40,976ms
[464,485s][info][gc] GC(5974) Pause Young (Allocation Failure) 817M->710M(910M) 27,587ms
[464,555s][info][gc] GC(5975) Pause Young (Allocation Failure) 824M->717M(910M) 25,958ms
[464,622s][info][gc] GC(5976) Pause Young (Allocation Failure) 831M->724M(910M) 24,366ms
[464,949s][info][gc] GC(5977) Pause Full (Ergonomics) 724M->590M(910M) 327,491ms
[464,993s][info][gc] GC(5978) Pause Young (Allocation Failure) 704M->599M(910M) 3,382ms
[465,040s][info][gc] GC(5979) Pause Young (Allocation Failure) 713M->607M(910M) 5,656ms
[465,089s][info][gc] GC(5980) Pause Young (Allocation Failure) 721M->615M(910M) 7,927ms
[465,140s][info][gc] GC(5981) Pause Young (Allocation Failure) 729M->623M(910M) 10,082ms
[465,193s][info][gc] GC(5982) Pause Young (Allocation Failure) 737M->631M(910M) 12,823ms
[465,244s][info][gc] GC(5983) Pause Young (Allocation Failure) 745M->639M(910M) 11,102ms
[465,294s][info][gc] GC(5984) Pause Young (Allocation Failure) 753M->647M(910M) 9,253ms
[465,340s][info][gc] GC(5985) Pause Young (Allocation Failure) 761M->655M(910M) 6,269ms
[465,386s][info][gc] GC(5986) Pause Young (Allocation Failure) 769M->664M(910M) 6,334ms
[465,719s][info][gc] GC(5987) Pause Full (Ergonomics) 664M->590M(910M) 332,886ms
[465,763s][info][gc] GC(5988) Pause Young (Allocation Failure) 704M->599M(910M) 3,442ms
[465,810s][info][gc] GC(5989) Pause Young (Allocation Failure) 713M->607M(904M) 6,268ms
[465,857s][info][gc] GC(5990) Pause Young (Allocation Failure) 721M->615M(907M) 5,868ms
[465,907s][info][gc] GC(5991) Pause Young (Allocation Failure) 729M->623M(895M) 8,180ms
[465,961s][info][gc] GC(5992) Pause Young (Allocation Failure) 744M->632M(902M) 10,309ms
[466,016s][info][gc] GC(5993) Pause Young (Allocation Failure) 753M->640M(902M) 12,822ms
[466,077s][info][gc] GC(5994) Pause Young (Allocation Failure) 770M->649M(903M) 15,050ms
[466,140s][info][gc] GC(5995) Pause Young (Allocation Failure) 778M->657M(910M) 17,218ms
[466,208s][info][gc] GC(5996) Pause Young (Allocation Failure) 793M->666M(914M) 19,683ms
[466,277s][info][gc] GC(5997) Pause Young (Allocation Failure) 802M->675M(907M) 22,158ms
[466,344s][info][gc] GC(5998) Pause Young (Allocation Failure) 797M->683M(889M) 23,908ms
[466,414s][info][gc] GC(5999) Pause Young (Allocation Failure) 805M->691M(910M) 26,299ms
[466,479s][info][gc] GC(6000) Pause Young (Allocation Failure) 805M->698M(910M) 24,624ms
[466,542s][info][gc] GC(6001) Pause Young (Allocation Failure) 812M->705M(910M) 22,786ms
[466,603s][info][gc] GC(6002) Pause Young (Allocation Failure) 819M->713M(848M) 20,494ms
[466,924s][info][gc] GC(6003) Pause Full (Ergonomics) 713M->590M(910M) 320,912ms
[466,967s][info][gc] GC(6004) Pause Young (Allocation Failure) 704M->599M(910M) 3,447ms
[467,013s][info][gc] GC(6005) Pause Young (Allocation Failure) 713M->607M(910M) 5,635ms
[467,063s][info][gc] GC(6006) Pause Young (Allocation Failure) 721M->615M(822M) 8,042ms
[467,115s][info][gc] GC(6007) Pause Young (Allocation Failure) 730M->623M(912M) 10,171ms
[467,170s][info][gc] GC(6008) Pause Young (Allocation Failure) 743M->631M(908M) 12,484ms
[467,227s][info][gc] GC(6009) Pause Young (Allocation Failure) 751M->639M(908M) 14,496ms
[467,290s][info][gc] GC(6010) Pause Young (Allocation Failure) 769M->648M(908M) 16,949ms
[467,355s][info][gc] GC(6011) Pause Young (Allocation Failure) 778M->657M(917M) 19,146ms
[467,426s][info][gc] GC(6012) Pause Young (Allocation Failure) 795M->666M(897M) 21,698ms
[467,499s][info][gc] GC(6013) Pause Young (Allocation Failure) 804M->674M(904M) 24,139ms
[467,566s][info][gc] GC(6014) Pause Young (Allocation Failure) 791M->682M(891M) 25,744ms
[467,638s][info][gc] GC(6015) Pause Young (Allocation Failure) 799M->689M(910M) 30,929ms
[467,720s][info][gc] GC(6016) Pause Young (Allocation Failure) 803M->696M(910M) 42,093ms
[467,801s][info][gc] GC(6017) Pause Young (Allocation Failure) 810M->703M(910M) 39,611ms
[467,876s][info][gc] GC(6018) Pause Young (Allocation Failure) 817M->710M(910M) 30,289ms
[467,945s][info][gc] GC(6019) Pause Young (Allocation Failure) 824M->717M(910M) 26,267ms
[468,011s][info][gc] GC(6020) Pause Young (Allocation Failure) 831M->725M(910M) 23,834ms
[468,321s][info][gc] GC(6021) Pause Full (Ergonomics) 725M->590M(910M) 309,065ms
[468,365s][info][gc] GC(6022) Pause Young (Allocation Failure) 704M->599M(910M) 3,462ms
[468,410s][info][gc] GC(6023) Pause Young (Allocation Failure) 713M->607M(910M) 5,558ms
[468,458s][info][gc] GC(6024) Pause Young (Allocation Failure) 721M->615M(910M) 7,904ms
[468,509s][info][gc] GC(6025) Pause Young (Allocation Failure) 729M->623M(910M) 10,129ms
[468,562s][info][gc] GC(6026) Pause Young (Allocation Failure) 737M->631M(910M) 13,066ms
[468,613s][info][gc] GC(6027) Pause Young (Allocation Failure) 745M->639M(910M) 10,912ms
[468,663s][info][gc] GC(6028) Pause Young (Allocation Failure) 753M->647M(910M) 9,176ms
[468,709s][info][gc] GC(6029) Pause Young (Allocation Failure) 761M->655M(910M) 6,336ms
[468,756s][info][gc] GC(6030) Pause Young (Allocation Failure) 769M->664M(910M) 6,370ms
[469,087s][info][gc] GC(6031) Pause Full (Ergonomics) 664M->590M(910M) 331,073ms
[469,132s][info][gc] GC(6032) Pause Young (Allocation Failure) 704M->599M(910M) 3,429ms
[469,181s][info][gc] GC(6033) Pause Young (Allocation Failure) 713M->607M(904M) 6,264ms
[469,229s][info][gc] GC(6034) Pause Young (Allocation Failure) 721M->615M(907M) 5,907ms
[469,278s][info][gc] GC(6035) Pause Young (Allocation Failure) 729M->623M(895M) 8,213ms
[469,332s][info][gc] GC(6036) Pause Young (Allocation Failure) 744M->632M(902M) 10,302ms
[469,388s][info][gc] GC(6037) Pause Young (Allocation Failure) 753M->640M(902M) 12,744ms
[469,448s][info][gc] GC(6038) Pause Young (Allocation Failure) 770M->649M(903M) 14,785ms
[469,511s][info][gc] GC(6039) Pause Young (Allocation Failure) 778M->657M(910M) 17,347ms
[469,580s][info][gc] GC(6040) Pause Young (Allocation Failure) 793M->666M(914M) 19,652ms
[469,649s][info][gc] GC(6041) Pause Young (Allocation Failure) 802M->675M(907M) 21,879ms
[469,716s][info][gc] GC(6042) Pause Young (Allocation Failure) 797M->683M(889M) 23,789ms
[469,786s][info][gc] GC(6043) Pause Young (Allocation Failure) 805M->690M(910M) 26,066ms
[469,850s][info][gc] GC(6044) Pause Young (Allocation Failure) 804M->698M(910M) 24,502ms
[469,914s][info][gc] GC(6045) Pause Young (Allocation Failure) 812M->705M(910M) 22,775ms
[469,974s][info][gc] GC(6046) Pause Young (Allocation Failure) 819M->713M(848M) 20,549ms
[470,301s][info][gc] GC(6047) Pause Full (Ergonomics) 713M->590M(910M) 326,204ms
[470,346s][info][gc] GC(6048) Pause Young (Allocation Failure) 704M->599M(910M) 3,411ms
[470,393s][info][gc] GC(6049) Pause Young (Allocation Failure) 713M->607M(910M) 5,668ms
[470,442s][info][gc] GC(6050) Pause Young (Allocation Failure) 721M->615M(822M) 8,014ms
[470,493s][info][gc] GC(6051) Pause Young (Allocation Failure) 730M->623M(911M) 9,999ms
[470,548s][info][gc] GC(6052) Pause Young (Allocation Failure) 743M->631M(907M) 12,465ms
[470,605s][info][gc] GC(6053) Pause Young (Allocation Failure) 751M->639M(907M) 14,644ms
[470,668s][info][gc] GC(6054) Pause Young (Allocation Failure) 769M->648M(908M) 17,068ms
[470,733s][info][gc] GC(6055) Pause Young (Allocation Failure) 778M->657M(917M) 19,038ms
[470,803s][info][gc] GC(6056) Pause Young (Allocation Failure) 795M->666M(897M) 21,366ms
[470,876s][info][gc] GC(6057) Pause Young (Allocation Failure) 804M->674M(904M) 24,164ms
[470,944s][info][gc] GC(6058) Pause Young (Allocation Failure) 791M->682M(891M) 25,863ms
[471,016s][info][gc] GC(6059) Pause Young (Allocation Failure) 799M->689M(910M) 30,789ms
[471,097s][info][gc] GC(6060) Pause Young (Allocation Failure) 803M->696M(910M) 40,627ms
[471,182s][info][gc] GC(6061) Pause Young (Allocation Failure) 810M->703M(910M) 42,463ms
[471,257s][info][gc] GC(6062) Pause Young (Allocation Failure) 817M->710M(910M) 31,551ms
[471,327s][info][gc] GC(6063) Pause Young (Allocation Failure) 824M->717M(910M) 26,128ms
[471,393s][info][gc] GC(6064) Pause Young (Allocation Failure) 831M->725M(910M) 24,076ms
[471,721s][info][gc] GC(6065) Pause Full (Ergonomics) 725M->590M(910M) 327,811ms
[471,765s][info][gc] GC(6066) Pause Young (Allocation Failure) 704M->599M(910M) 3,581ms
[471,811s][info][gc] GC(6067) Pause Young (Allocation Failure) 713M->607M(910M) 5,676ms
[471,861s][info][gc] GC(6068) Pause Young (Allocation Failure) 721M->615M(910M) 7,868ms
[471,913s][info][gc] GC(6069) Pause Young (Allocation Failure) 729M->623M(910M) 10,132ms
[471,966s][info][gc] GC(6070) Pause Young (Allocation Failure) 737M->631M(910M) 12,909ms
[472,018s][info][gc] GC(6071) Pause Young (Allocation Failure) 745M->639M(910M) 11,029ms
[472,068s][info][gc] GC(6072) Pause Young (Allocation Failure) 753M->647M(910M) 9,074ms
[472,115s][info][gc] GC(6073) Pause Young (Allocation Failure) 761M->655M(910M) 6,149ms
[472,163s][info][gc] GC(6074) Pause Young (Allocation Failure) 769M->664M(910M) 6,154ms
[472,493s][info][gc] GC(6075) Pause Full (Ergonomics) 664M->590M(910M) 329,700ms
[472,538s][info][gc] GC(6076) Pause Young (Allocation Failure) 704M->599M(910M) 3,376ms
[472,586s][info][gc] GC(6077) Pause Young (Allocation Failure) 713M->607M(904M) 6,229ms
[472,633s][info][gc] GC(6078) Pause Young (Allocation Failure) 721M->615M(907M) 6,012ms
[472,681s][info][gc] GC(6079) Pause Young (Allocation Failure) 729M->623M(895M) 8,132ms
[472,735s][info][gc] GC(6080) Pause Young (Allocation Failure) 744M->632M(902M) 10,401ms
[472,791s][info][gc] GC(6081) Pause Young (Allocation Failure) 753M->640M(902M) 12,877ms
[472,852s][info][gc] GC(6082) Pause Young (Allocation Failure) 770M->649M(903M) 14,963ms
[472,915s][info][gc] GC(6083) Pause Young (Allocation Failure) 778M->657M(910M) 17,354ms
[472,982s][info][gc] GC(6084) Pause Young (Allocation Failure) 793M->666M(914M) 19,340ms
[473,052s][info][gc] GC(6085) Pause Young (Allocation Failure) 802M->675M(907M) 21,797ms
[473,119s][info][gc] GC(6086) Pause Young (Allocation Failure) 797M->683M(889M) 24,121ms
[473,188s][info][gc] GC(6087) Pause Young (Allocation Failure) 805M->690M(910M) 25,797ms
[473,253s][info][gc] GC(6088) Pause Young (Allocation Failure) 804M->698M(910M) 24,549ms
[473,316s][info][gc] GC(6089) Pause Young (Allocation Failure) 812M->705M(910M) 22,708ms
[473,376s][info][gc] GC(6090) Pause Young (Allocation Failure) 819M->713M(848M) 20,349ms
[473,693s][info][gc] GC(6091) Pause Full (Ergonomics) 713M->590M(910M) 316,827ms
[473,737s][info][gc] GC(6092) Pause Young (Allocation Failure) 704M->599M(910M) 3,430ms
[473,783s][info][gc] GC(6093) Pause Young (Allocation Failure) 713M->607M(910M) 5,766ms
[473,832s][info][gc] GC(6094) Pause Young (Allocation Failure) 721M->615M(822M) 8,106ms
[473,882s][info][gc] GC(6095) Pause Young (Allocation Failure) 730M->623M(911M) 10,161ms
[473,937s][info][gc] GC(6096) Pause Young (Allocation Failure) 743M->631M(907M) 12,603ms
[473,994s][info][gc] GC(6097) Pause Young (Allocation Failure) 751M->639M(907M) 14,649ms
[474,058s][info][gc] GC(6098) Pause Young (Allocation Failure) 769M->648M(908M) 17,005ms
[474,123s][info][gc] GC(6099) Pause Young (Allocation Failure) 778M->657M(917M) 19,250ms
[474,195s][info][gc] GC(6100) Pause Young (Allocation Failure) 795M->666M(897M) 21,543ms
[474,268s][info][gc] GC(6101) Pause Young (Allocation Failure) 804M->674M(904M) 24,130ms
[474,335s][info][gc] GC(6102) Pause Young (Allocation Failure) 791M->682M(891M) 25,687ms
[474,407s][info][gc] GC(6103) Pause Young (Allocation Failure) 799M->689M(910M) 30,675ms
[474,490s][info][gc] GC(6104) Pause Young (Allocation Failure) 803M->696M(910M) 42,293ms
[474,573s][info][gc] GC(6105) Pause Young (Allocation Failure) 810M->703M(910M) 40,636ms
[474,648s][info][gc] GC(6106) Pause Young (Allocation Failure) 817M->710M(910M) 31,365ms
[474,718s][info][gc] GC(6107) Pause Young (Allocation Failure) 824M->717M(910M) 26,212ms
[474,783s][info][gc] GC(6108) Pause Young (Allocation Failure) 831M->724M(910M) 24,339ms
[475,113s][info][gc] GC(6109) Pause Full (Ergonomics) 724M->590M(910M) 330,278ms
[475,164s][info][gc] GC(6110) Pause Young (Allocation Failure) 704M->599M(910M) 3,405ms
[475,216s][info][gc] GC(6111) Pause Young (Allocation Failure) 713M->607M(910M) 5,422ms
[475,268s][info][gc] GC(6112) Pause Young (Allocation Failure) 721M->615M(910M) 7,746ms
[475,323s][info][gc] GC(6113) Pause Young (Allocation Failure) 729M->623M(910M) 9,891ms
[475,379s][info][gc] GC(6114) Pause Young (Allocation Failure) 737M->631M(910M) 12,865ms
[475,433s][info][gc] GC(6115) Pause Young (Allocation Failure) 745M->639M(910M) 11,049ms
[475,483s][info][gc] GC(6116) Pause Young (Allocation Failure) 753M->647M(910M) 9,160ms
[475,533s][info][gc] GC(6117) Pause Young (Allocation Failure) 761M->655M(910M) 6,208ms
[475,581s][info][gc] GC(6118) Pause Young (Allocation Failure) 769M->664M(910M) 6,178ms
[475,913s][info][gc] GC(6119) Pause Full (Ergonomics) 664M->590M(910M) 331,696ms
[475,958s][info][gc] GC(6120) Pause Young (Allocation Failure) 704M->599M(910M) 3,397ms
[476,006s][info][gc] GC(6121) Pause Young (Allocation Failure) 713M->607M(904M) 6,213ms
[476,054s][info][gc] GC(6122) Pause Young (Allocation Failure) 721M->615M(907M) 5,863ms
[476,104s][info][gc] GC(6123) Pause Young (Allocation Failure) 729M->623M(895M) 8,162ms
[476,158s][info][gc] GC(6124) Pause Young (Allocation Failure) 744M->632M(902M) 10,300ms
[476,214s][info][gc] GC(6125) Pause Young (Allocation Failure) 753M->640M(902M) 12,719ms
[476,275s][info][gc] GC(6126) Pause Young (Allocation Failure) 770M->649M(903M) 14,946ms
[476,337s][info][gc] GC(6127) Pause Young (Allocation Failure) 778M->658M(910M) 17,243ms
[476,405s][info][gc] GC(6128) Pause Young (Allocation Failure) 793M->666M(914M) 19,548ms
[476,475s][info][gc] GC(6129) Pause Young (Allocation Failure) 802M->675M(907M) 22,220ms
[476,542s][info][gc] GC(6130) Pause Young (Allocation Failure) 797M->683M(889M) 24,099ms
[476,611s][info][gc] GC(6131) Pause Young (Allocation Failure) 805M->690M(910M) 25,772ms
[476,676s][info][gc] GC(6132) Pause Young (Allocation Failure) 804M->698M(910M) 24,281ms
[476,739s][info][gc] GC(6133) Pause Young (Allocation Failure) 812M->705M(910M) 22,630ms
[476,800s][info][gc] GC(6134) Pause Young (Allocation Failure) 819M->713M(848M) 20,423ms
[477,123s][info][gc] GC(6135) Pause Full (Ergonomics) 713M->590M(910M) 322,844ms
[477,167s][info][gc] GC(6136) Pause Young (Allocation Failure) 704M->599M(910M) 3,493ms
[477,213s][info][gc] GC(6137) Pause Young (Allocation Failure) 713M->607M(910M) 5,651ms
[477,264s][info][gc] GC(6138) Pause Young (Allocation Failure) 721M->615M(822M) 7,971ms
[477,316s][info][gc] GC(6139) Pause Young (Allocation Failure) 730M->623M(911M) 10,077ms
[477,373s][info][gc] GC(6140) Pause Young (Allocation Failure) 743M->631M(907M) 12,505ms
[477,431s][info][gc] GC(6141) Pause Young (Allocation Failure) 751M->640M(907M) 14,727ms
[477,494s][info][gc] GC(6142) Pause Young (Allocation Failure) 770M->648M(908M) 17,026ms
[477,559s][info][gc] GC(6143) Pause Young (Allocation Failure) 778M->657M(917M) 19,132ms
[477,629s][info][gc] GC(6144) Pause Young (Allocation Failure) 795M->666M(897M) 21,677ms
[477,702s][info][gc] GC(6145) Pause Young (Allocation Failure) 804M->675M(904M) 24,179ms
[477,769s][info][gc] GC(6146) Pause Young (Allocation Failure) 792M->682M(891M) 25,761ms
[477,837s][info][gc] GC(6147) Pause Young (Allocation Failure) 799M->689M(910M) 27,275ms
[477,917s][info][gc] GC(6148) Pause Young (Allocation Failure) 803M->696M(910M) 39,363ms
[477,996s][info][gc] GC(6149) Pause Young (Allocation Failure) 810M->703M(910M) 38,743ms
[478,071s][info][gc] GC(6150) Pause Young (Allocation Failure) 817M->710M(910M) 30,499ms
[478,141s][info][gc] GC(6151) Pause Young (Allocation Failure) 824M->717M(910M) 26,001ms
[478,208s][info][gc] GC(6152) Pause Young (Allocation Failure) 831M->724M(910M) 24,222ms
[478,533s][info][gc] GC(6153) Pause Full (Ergonomics) 724M->590M(910M) 324,859ms
[478,577s][info][gc] GC(6154) Pause Young (Allocation Failure) 704M->599M(910M) 3,538ms
[478,623s][info][gc] GC(6155) Pause Young (Allocation Failure) 713M->607M(910M) 5,654ms
[478,673s][info][gc] GC(6156) Pause Young (Allocation Failure) 721M->615M(910M) 7,948ms
[478,725s][info][gc] GC(6157) Pause Young (Allocation Failure) 729M->623M(910M) 10,118ms
[478,778s][info][gc] GC(6158) Pause Young (Allocation Failure) 737M->631M(910M) 12,958ms
[478,830s][info][gc] GC(6159) Pause Young (Allocation Failure) 745M->639M(910M) 11,149ms
[478,880s][info][gc] GC(6160) Pause Young (Allocation Failure) 753M->647M(910M) 9,135ms
[478,926s][info][gc] GC(6161) Pause Young (Allocation Failure) 761M->655M(910M) 6,246ms
[478,974s][info][gc] GC(6162) Pause Young (Allocation Failure) 769M->664M(910M) 6,237ms
[479,308s][info][gc] GC(6163) Pause Full (Ergonomics) 664M->590M(910M) 334,189ms
[479,353s][info][gc] GC(6164) Pause Young (Allocation Failure) 704M->599M(910M) 3,430ms
[479,401s][info][gc] GC(6165) Pause Young (Allocation Failure) 713M->607M(904M) 6,301ms
[479,448s][info][gc] GC(6166) Pause Young (Allocation Failure) 721M->615M(907M) 5,850ms
[479,496s][info][gc] GC(6167) Pause Young (Allocation Failure) 729M->623M(895M) 8,122ms
[479,550s][info][gc] GC(6168) Pause Young (Allocation Failure) 744M->632M(902M) 10,342ms
[479,605s][info][gc] GC(6169) Pause Young (Allocation Failure) 753M->640M(902M) 12,810ms
[479,667s][info][gc] GC(6170) Pause Young (Allocation Failure) 770M->649M(903M) 14,974ms
[479,731s][info][gc] GC(6171) Pause Young (Allocation Failure) 778M->657M(910M) 17,222ms
[479,800s][info][gc] GC(6172) Pause Young (Allocation Failure) 793M->666M(914M) 19,702ms
[479,870s][info][gc] GC(6173) Pause Young (Allocation Failure) 802M->675M(907M) 21,912ms
[479,937s][info][gc] GC(6174) Pause Young (Allocation Failure) 797M->683M(889M) 23,942ms
[480,006s][info][gc] GC(6175) Pause Young (Allocation Failure) 805M->690M(910M) 26,062ms
[480,072s][info][gc] GC(6176) Pause Young (Allocation Failure) 804M->698M(910M) 24,733ms
[480,134s][info][gc] GC(6177) Pause Young (Allocation Failure) 812M->705M(910M) 22,270ms
[480,196s][info][gc] GC(6178) Pause Young (Allocation Failure) 819M->713M(848M) 20,529ms
[480,521s][info][gc] GC(6179) Pause Full (Ergonomics) 713M->590M(910M) 324,765ms
[480,565s][info][gc] GC(6180) Pause Young (Allocation Failure) 704M->599M(910M) 3,480ms
[480,611s][info][gc] GC(6181) Pause Young (Allocation Failure) 713M->607M(910M) 5,672ms
[480,662s][info][gc] GC(6182) Pause Young (Allocation Failure) 721M->615M(822M) 8,007ms
[480,715s][info][gc] GC(6183) Pause Young (Allocation Failure) 730M->623M(911M) 10,215ms
[480,770s][info][gc] GC(6184) Pause Young (Allocation Failure) 743M->631M(907M) 12,582ms
[480,827s][info][gc] GC(6185) Pause Young (Allocation Failure) 751M->640M(907M) 14,523ms
[480,891s][info][gc] GC(6186) Pause Young (Allocation Failure) 770M->648M(908M) 17,022ms
[480,957s][info][gc] GC(6187) Pause Young (Allocation Failure) 778M->657M(917M) 19,182ms
[481,030s][info][gc] GC(6188) Pause Young (Allocation Failure) 795M->666M(897M) 21,475ms
[481,106s][info][gc] GC(6189) Pause Young (Allocation Failure) 804M->674M(904M) 24,084ms
[481,175s][info][gc] GC(6190) Pause Young (Allocation Failure) 791M->682M(891M) 25,041ms
[481,248s][info][gc] GC(6191) Pause Young (Allocation Failure) 799M->689M(910M) 29,790ms
[481,331s][info][gc] GC(6192) Pause Young (Allocation Failure) 803M->696M(910M) 42,468ms
[481,413s][info][gc] GC(6193) Pause Young (Allocation Failure) 810M->703M(910M) 41,005ms
[481,488s][info][gc] GC(6194) Pause Young (Allocation Failure) 817M->710M(910M) 30,401ms
[481,559s][info][gc] GC(6195) Pause Young (Allocation Failure) 824M->717M(910M) 25,936ms
[481,626s][info][gc] GC(6196) Pause Young (Allocation Failure) 831M->724M(910M) 24,070ms
[481,951s][info][gc] GC(6197) Pause Full (Ergonomics) 724M->590M(910M) 324,793ms
[481,995s][info][gc] GC(6198) Pause Young (Allocation Failure) 704M->599M(910M) 3,440ms
[482,042s][info][gc] GC(6199) Pause Young (Allocation Failure) 713M->607M(910M) 5,724ms
[482,092s][info][gc] GC(6200) Pause Young (Allocation Failure) 721M->615M(910M) 7,918ms
[482,143s][info][gc] GC(6201) Pause Young (Allocation Failure) 729M->623M(910M) 10,012ms
[482,196s][info][gc] GC(6202) Pause Young (Allocation Failure) 737M->631M(910M) 12,949ms
[482,247s][info][gc] GC(6203) Pause Young (Allocation Failure) 745M->639M(910M) 10,995ms
[482,297s][info][gc] GC(6204) Pause Young (Allocation Failure) 753M->647M(910M) 9,042ms
[482,344s][info][gc] GC(6205) Pause Young (Allocation Failure) 761M->655M(910M) 6,253ms
[482,391s][info][gc] GC(6206) Pause Young (Allocation Failure) 769M->664M(910M) 6,215ms
[482,714s][info][gc] GC(6207) Pause Full (Ergonomics) 664M->590M(910M) 323,155ms
[482,759s][info][gc] GC(6208) Pause Young (Allocation Failure) 704M->599M(910M) 3,538ms
[482,806s][info][gc] GC(6209) Pause Young (Allocation Failure) 713M->607M(904M) 6,271ms
[482,854s][info][gc] GC(6210) Pause Young (Allocation Failure) 721M->615M(907M) 5,840ms
[482,904s][info][gc] GC(6211) Pause Young (Allocation Failure) 729M->623M(895M) 8,162ms
[482,957s][info][gc] GC(6212) Pause Young (Allocation Failure) 744M->632M(902M) 10,266ms
[483,014s][info][gc] GC(6213) Pause Young (Allocation Failure) 753M->640M(902M) 12,843ms
[483,075s][info][gc] GC(6214) Pause Young (Allocation Failure) 770M->649M(903M) 14,860ms
[483,138s][info][gc] GC(6215) Pause Young (Allocation Failure) 778M->657M(910M) 17,325ms
[483,205s][info][gc] GC(6216) Pause Young (Allocation Failure) 793M->666M(914M) 19,450ms
[483,275s][info][gc] GC(6217) Pause Young (Allocation Failure) 802M->675M(907M) 22,099ms
[483,342s][info][gc] GC(6218) Pause Young (Allocation Failure) 797M->683M(889M) 24,211ms
[483,411s][info][gc] GC(6219) Pause Young (Allocation Failure) 805M->691M(910M) 26,024ms
[483,476s][info][gc] GC(6220) Pause Young (Allocation Failure) 805M->698M(910M) 24,664ms
[483,539s][info][gc] GC(6221) Pause Young (Allocation Failure) 812M->705M(910M) 22,645ms
[483,600s][info][gc] GC(6222) Pause Young (Allocation Failure) 819M->713M(848M) 20,431ms
[483,928s][info][gc] GC(6223) Pause Full (Ergonomics) 713M->590M(910M) 328,034ms
[483,971s][info][gc] GC(6224) Pause Young (Allocation Failure) 704M->599M(910M) 3,545ms
[484,018s][info][gc] GC(6225) Pause Young (Allocation Failure) 713M->607M(910M) 5,604ms
[484,069s][info][gc] GC(6226) Pause Young (Allocation Failure) 721M->615M(822M) 8,069ms
[484,121s][info][gc] GC(6227) Pause Young (Allocation Failure) 730M->623M(912M) 10,094ms
[484,176s][info][gc] GC(6228) Pause Young (Allocation Failure) 743M->631M(907M) 12,643ms
[484,235s][info][gc] GC(6229) Pause Young (Allocation Failure) 751M->639M(908M) 14,565ms
[484,299s][info][gc] GC(6230) Pause Young (Allocation Failure) 769M->648M(908M) 16,967ms
[484,364s][info][gc] GC(6231) Pause Young (Allocation Failure) 778M->656M(917M) 19,191ms
[484,436s][info][gc] GC(6232) Pause Young (Allocation Failure) 794M->665M(896M) 21,689ms
[484,512s][info][gc] GC(6233) Pause Young (Allocation Failure) 803M->674M(905M) 24,304ms
[484,579s][info][gc] GC(6234) Pause Young (Allocation Failure) 792M->681M(892M) 25,725ms
[484,652s][info][gc] GC(6235) Pause Young (Allocation Failure) 799M->689M(910M) 30,231ms
[484,734s][info][gc] GC(6236) Pause Young (Allocation Failure) 803M->696M(910M) 42,383ms
[484,817s][info][gc] GC(6237) Pause Young (Allocation Failure) 810M->703M(910M) 41,784ms
[484,891s][info][gc] GC(6238) Pause Young (Allocation Failure) 817M->710M(910M) 31,042ms
[484,961s][info][gc] GC(6239) Pause Young (Allocation Failure) 824M->717M(910M) 25,951ms
[485,029s][info][gc] GC(6240) Pause Young (Allocation Failure) 831M->724M(910M) 24,123ms
[485,355s][info][gc] GC(6241) Pause Full (Ergonomics) 724M->590M(910M) 325,826ms
[485,399s][info][gc] GC(6242) Pause Young (Allocation Failure) 704M->599M(910M) 3,448ms
[485,445s][info][gc] GC(6243) Pause Young (Allocation Failure) 713M->607M(910M) 5,642ms
[485,494s][info][gc] GC(6244) Pause Young (Allocation Failure) 721M->615M(910M) 7,866ms
[485,544s][info][gc] GC(6245) Pause Young (Allocation Failure) 729M->623M(910M) 10,110ms
[485,597s][info][gc] GC(6246) Pause Young (Allocation Failure) 737M->631M(910M) 12,883ms
[485,649s][info][gc] GC(6247) Pause Young (Allocation Failure) 745M->639M(910M) 11,037ms
[485,698s][info][gc] GC(6248) Pause Young (Allocation Failure) 753M->647M(910M) 9,214ms
[485,744s][info][gc] GC(6249) Pause Young (Allocation Failure) 761M->655M(910M) 6,176ms
[485,791s][info][gc] GC(6250) Pause Young (Allocation Failure) 769M->664M(910M) 6,305ms
[486,111s][info][gc] GC(6251) Pause Full (Ergonomics) 664M->590M(910M) 320,370ms
[486,155s][info][gc] GC(6252) Pause Young (Allocation Failure) 704M->599M(910M) 3,403ms
[486,202s][info][gc] GC(6253) Pause Young (Allocation Failure) 713M->607M(903M) 6,373ms
[486,249s][info][gc] GC(6254) Pause Young (Allocation Failure) 721M->615M(907M) 5,864ms
[486,299s][info][gc] GC(6255) Pause Young (Allocation Failure) 729M->623M(895M) 8,162ms
[486,352s][info][gc] GC(6256) Pause Young (Allocation Failure) 744M->632M(902M) 10,425ms
[486,409s][info][gc] GC(6257) Pause Young (Allocation Failure) 753M->640M(902M) 12,795ms
[486,470s][info][gc] GC(6258) Pause Young (Allocation Failure) 770M->649M(903M) 14,928ms
[486,534s][info][gc] GC(6259) Pause Young (Allocation Failure) 778M->657M(910M) 17,400ms
[486,602s][info][gc] GC(6260) Pause Young (Allocation Failure) 793M->666M(914M) 19,584ms
[486,672s][info][gc] GC(6261) Pause Young (Allocation Failure) 802M->675M(907M) 22,192ms
[486,739s][info][gc] GC(6262) Pause Young (Allocation Failure) 797M->683M(889M) 24,101ms
[486,809s][info][gc] GC(6263) Pause Young (Allocation Failure) 805M->690M(910M) 26,242ms
[486,873s][info][gc] GC(6264) Pause Young (Allocation Failure) 804M->698M(910M) 24,160ms
[486,936s][info][gc] GC(6265) Pause Young (Allocation Failure) 812M->705M(910M) 22,637ms
[486,997s][info][gc] GC(6266) Pause Young (Allocation Failure) 819M->713M(848M) 20,532ms
[487,309s][info][gc] GC(6267) Pause Full (Ergonomics) 713M->590M(910M) 312,454ms
[487,354s][info][gc] GC(6268) Pause Young (Allocation Failure) 704M->599M(910M) 3,451ms
[487,400s][info][gc] GC(6269) Pause Young (Allocation Failure) 713M->607M(910M) 5,666ms
[487,449s][info][gc] GC(6270) Pause Young (Allocation Failure) 721M->615M(822M) 8,038ms
[487,500s][info][gc] GC(6271) Pause Young (Allocation Failure) 730M->623M(911M) 10,096ms
[487,555s][info][gc] GC(6272) Pause Young (Allocation Failure) 743M->631M(907M) 12,639ms
[487,612s][info][gc] GC(6273) Pause Young (Allocation Failure) 751M->640M(908M) 14,589ms
[487,675s][info][gc] GC(6274) Pause Young (Allocation Failure) 770M->648M(909M) 17,111ms
[487,740s][info][gc] GC(6275) Pause Young (Allocation Failure) 779M->657M(918M) 18,811ms
