[0,270s][info][gc] GC(0) Pause Young (Allocation Failure) 128M->14M(491M) 8,502ms
[0,343s][info][gc] GC(1) Pause Young (Allocation Failure) 142M->23M(619M) 10,770ms
[0,506s][info][gc] GC(2) Pause Young (Allocation Failure) 280M->41M(619M) 16,937ms
[0,625s][info][gc] GC(3) Pause Young (Allocation Failure) 298M->59M(876M) 16,473ms
[0,913s][info][gc] GC(4) Pause Young (Allocation Failure) 573M->94M(876M) 23,425ms
[1,132s][info][gc] GC(5) Pause Young (Allocation Failure) 608M->130M(1427M) 19,486ms
[1,742s][info][gc] GC(6) Pause Young (Allocation Failure) 1150M->194M(1434M) 38,991ms
[2,214s][info][gc] GC(7) Pause Young (Allocation Failure) 1215M->256M(1538M) 79,134ms
[2,763s][info][gc] GC(8) Pause Young (Allocation Failure) 1343M->316M(1567M) 119,720ms
[3,351s][info][gc] GC(9) Pause Young (Allocation Failure) 1403M->373M(1469M) 160,279ms
[3,914s][info][gc] GC(10) Pause Young (Allocation Failure) 1362M->426M(1535M) 167,477ms
[4,195s][info][gc] GC(11) Pause Full (Ergonomics) 426M->346M(1772M) 281,335ms
[4,600s][info][gc] GC(12) Pause Young (Allocation Failure) 1344M->415M(1781M) 19,735ms
[5,060s][info][gc] GC(13) Pause Young (Allocation Failure) 1413M->476M(1774M) 70,999ms
[5,542s][info][gc] GC(14) Pause Young (Allocation Failure) 1492M->537M(1783M) 76,378ms
[6,027s][info][gc] GC(15) Pause Young (Allocation Failure) 1554M->599M(1792M) 83,508ms
[6,340s][info][gc] GC(16) Pause Full (Ergonomics) 599M->443M(1970M) 313,085ms
[6,765s][info][gc] GC(17) Pause Young (Allocation Failure) 1492M->515M(1979M) 20,763ms
[7,258s][info][gc] GC(18) Pause Young (Allocation Failure) 1586M->579M(1985M) 80,591ms
[7,783s][info][gc] GC(19) Pause Young (Allocation Failure) 1650M->644M(1986M) 92,757ms
[8,306s][info][gc] GC(20) Pause Young (Allocation Failure) 1734M->709M(1992M) 90,398ms
[8,831s][info][gc] GC(21) Pause Young (Allocation Failure) 1800M->774M(2000M) 90,439ms
[9,201s][info][gc] GC(22) Pause Full (Ergonomics) 774M->515M(2142M) 369,859ms
[9,652s][info][gc] GC(23) Pause Young (Allocation Failure) 1629M->591M(2150M) 21,978ms
[10,176s][info][gc] GC(24) Pause Young (Allocation Failure) 1720M->658M(2153M) 86,713ms
[10,717s][info][gc] GC(25) Pause Young (Allocation Failure) 1787M->726M(2155M) 84,574ms
[11,259s][info][gc] GC(26) Pause Young (Allocation Failure) 1865M->793M(2158M) 90,723ms
[11,806s][info][gc] GC(27) Pause Young (Allocation Failure) 1932M->861M(2161M) 97,444ms
[12,361s][info][gc] GC(28) Pause Young (Allocation Failure) 2010M->929M(2164M) 97,860ms
[12,756s][info][gc] GC(29) Pause Full (Ergonomics) 929M->558M(2287M) 394,916ms
[13,226s][info][gc] GC(30) Pause Young (Allocation Failure) 1716M->637M(2287M) 22,521ms
[13,773s][info][gc] GC(31) Pause Young (Allocation Failure) 1795M->706M(2287M) 101,394ms
[14,331s][info][gc] GC(32) Pause Young (Allocation Failure) 1867M->774M(2288M) 95,512ms
[14,885s][info][gc] GC(33) Pause Young (Allocation Failure) 1935M->843M(2290M) 96,674ms
[15,452s][info][gc] GC(34) Pause Young (Allocation Failure) 2009M->912M(2291M) 95,199ms
[16,012s][info][gc] GC(35) Pause Young (Allocation Failure) 2078M->981M(2293M) 98,931ms
[16,576s][info][gc] GC(36) Pause Young (Allocation Failure) 2152M->1050M(2293M) 99,284ms
[16,969s][info][gc] GC(37) Pause Full (Ergonomics) 1050M->579M(2369M) 393,296ms
[17,447s][info][gc] GC(38) Pause Young (Allocation Failure) 1753M->659M(2369M) 22,778ms
[17,997s][info][gc] GC(39) Pause Young (Allocation Failure) 1833M->728M(2370M) 94,705ms
[18,562s][info][gc] GC(40) Pause Young (Allocation Failure) 1904M->797M(2370M) 98,012ms
[19,125s][info][gc] GC(41) Pause Young (Allocation Failure) 1974M->866M(2371M) 97,947ms
[19,683s][info][gc] GC(42) Pause Young (Allocation Failure) 2046M->936M(2371M) 92,421ms
[20,245s][info][gc] GC(43) Pause Young (Allocation Failure) 2116M->1006M(2373M) 94,395ms
[20,811s][info][gc] GC(44) Pause Young (Allocation Failure) 2188M->1075M(2373M) 100,058ms
[21,168s][info][gc] GC(45) Pause Full (Ergonomics) 1075M->587M(2440M) 357,831ms
[21,647s][info][gc] GC(46) Pause Young (Allocation Failure) 1771M->668M(2440M) 23,059ms
[22,199s][info][gc] GC(47) Pause Young (Allocation Failure) 1852M->738M(2441M) 97,180ms
[22,770s][info][gc] GC(48) Pause Young (Allocation Failure) 1923M->808M(2441M) 99,064ms
[23,344s][info][gc] GC(49) Pause Young (Allocation Failure) 1993M->877M(2442M) 97,523ms
[23,911s][info][gc] GC(50) Pause Young (Allocation Failure) 2065M->947M(2442M) 97,205ms
[24,481s][info][gc] GC(51) Pause Young (Allocation Failure) 2135M->1017M(2442M) 98,973ms
[25,057s][info][gc] GC(52) Pause Young (Allocation Failure) 2206M->1087M(2443M) 101,222ms
[25,637s][info][gc] GC(53) Pause Young (Allocation Failure) 2276M->1157M(2444M) 111,705ms
[26,064s][info][gc] GC(54) Pause Full (Ergonomics) 1157M->589M(2492M) 427,393ms
[26,552s][info][gc] GC(55) Pause Young (Allocation Failure) 1780M->670M(2491M) 23,109ms
[27,115s][info][gc] GC(56) Pause Young (Allocation Failure) 1861M->740M(2492M) 100,968ms
[27,685s][info][gc] GC(57) Pause Young (Allocation Failure) 1931M->810M(2492M) 97,707ms
[28,260s][info][gc] GC(58) Pause Young (Allocation Failure) 2002M->880M(2492M) 98,746ms
[28,831s][info][gc] GC(59) Pause Young (Allocation Failure) 2072M->950M(2492M) 102,047ms
[29,414s][info][gc] GC(60) Pause Young (Allocation Failure) 2143M->1020M(2493M) 112,162ms
[29,983s][info][gc] GC(61) Pause Young (Allocation Failure) 2213M->1091M(2493M) 96,533ms
[30,563s][info][gc] GC(62) Pause Young (Allocation Failure) 2285M->1161M(2493M) 107,154ms
[31,139s][info][gc] GC(63) Pause Young (Allocation Failure) 2355M->1231M(2493M) 106,691ms
[31,504s][info][gc] GC(64) Pause Full (Ergonomics) 1231M->590M(2543M) 365,198ms
[31,988s][info][gc] GC(65) Pause Young (Allocation Failure) 1785M->672M(2544M) 22,913ms
[32,558s][info][gc] GC(66) Pause Young (Allocation Failure) 1868M->742M(2544M) 109,487ms
[33,128s][info][gc] GC(67) Pause Young (Allocation Failure) 1938M->812M(2544M) 99,864ms
[33,709s][info][gc] GC(68) Pause Young (Allocation Failure) 2008M->882M(2541M) 106,307ms
[34,282s][info][gc] GC(69) Pause Young (Allocation Failure) 2078M->953M(2543M) 98,720ms
[34,861s][info][gc] GC(70) Pause Young (Allocation Failure) 2149M->1023M(2543M) 103,139ms
[35,440s][info][gc] GC(71) Pause Young (Allocation Failure) 2219M->1093M(2544M) 106,266ms
[36,010s][info][gc] GC(72) Pause Young (Allocation Failure) 2290M->1163M(2542M) 100,281ms
[36,588s][info][gc] GC(73) Pause Young (Allocation Failure) 2360M->1234M(2544M) 101,933ms
[37,172s][info][gc] GC(74) Pause Young (Allocation Failure) 2431M->1304M(2544M) 109,018ms
[37,529s][info][gc] GC(75) Pause Full (Ergonomics) 1304M->590M(2587M) 356,849ms
[38,037s][info][gc] GC(76) Pause Young (Allocation Failure) 1788M->672M(2587M) 23,106ms
[38,607s][info][gc] GC(77) Pause Young (Allocation Failure) 1870M->742M(2587M) 100,130ms
[39,182s][info][gc] GC(78) Pause Young (Allocation Failure) 1940M->813M(2587M) 99,657ms
[39,758s][info][gc] GC(79) Pause Young (Allocation Failure) 2011M->883M(2586M) 100,171ms
[40,333s][info][gc] GC(80) Pause Young (Allocation Failure) 2081M->954M(2587M) 103,906ms
[40,904s][info][gc] GC(81) Pause Young (Allocation Failure) 2152M->1024M(2588M) 100,417ms
[41,481s][info][gc] GC(82) Pause Young (Allocation Failure) 2223M->1094M(2588M) 99,848ms
[42,062s][info][gc] GC(83) Pause Young (Allocation Failure) 2293M->1165M(2588M) 99,995ms
[42,633s][info][gc] GC(84) Pause Young (Allocation Failure) 2364M->1235M(2588M) 101,287ms
[43,210s][info][gc] GC(85) Pause Young (Allocation Failure) 2434M->1305M(2588M) 105,711ms
[43,563s][info][gc] GC(86) Pause Full (Ergonomics) 1305M->591M(2633M) 352,445ms
[44,050s][info][gc] GC(87) Pause Young (Allocation Failure) 1790M->672M(2633M) 22,874ms
[44,615s][info][gc] GC(88) Pause Young (Allocation Failure) 1871M->742M(2632M) 101,205ms
[45,186s][info][gc] GC(89) Pause Young (Allocation Failure) 1941M->813M(2632M) 96,019ms
[45,761s][info][gc] GC(90) Pause Young (Allocation Failure) 2012M->883M(2632M) 99,602ms
[46,335s][info][gc] GC(91) Pause Young (Allocation Failure) 2082M->954M(2633M) 103,450ms
[46,908s][info][gc] GC(92) Pause Young (Allocation Failure) 2154M->1024M(2633M) 99,692ms
[47,492s][info][gc] GC(93) Pause Young (Allocation Failure) 2224M->1094M(2633M) 99,576ms
[48,070s][info][gc] GC(94) Pause Young (Allocation Failure) 2294M->1165M(2633M) 102,173ms
[48,649s][info][gc] GC(95) Pause Young (Allocation Failure) 2365M->1235M(2633M) 104,874ms
[49,225s][info][gc] GC(96) Pause Young (Allocation Failure) 2435M->1306M(2633M) 104,282ms
[49,807s][info][gc] GC(97) Pause Young (Allocation Failure) 2506M->1376M(2633M) 106,540ms
[50,169s][info][gc] GC(98) Pause Full (Ergonomics) 1376M->591M(2674M) 361,767ms
[50,653s][info][gc] GC(99) Pause Young (Allocation Failure) 1791M->672M(2674M) 23,203ms
[51,215s][info][gc] GC(100) Pause Young (Allocation Failure) 1872M->743M(2674M) 100,922ms
[51,789s][info][gc] GC(101) Pause Young (Allocation Failure) 1943M->813M(2674M) 99,291ms
[52,369s][info][gc] GC(102) Pause Young (Allocation Failure) 2013M->884M(2674M) 101,309ms
[52,943s][info][gc] GC(103) Pause Young (Allocation Failure) 2084M->954M(2674M) 103,552ms
[53,524s][info][gc] GC(104) Pause Young (Allocation Failure) 2154M->1024M(2674M) 103,918ms
[54,103s][info][gc] GC(105) Pause Young (Allocation Failure) 2224M->1095M(2674M) 105,059ms
[54,680s][info][gc] GC(106) Pause Young (Allocation Failure) 2295M->1165M(2674M) 100,399ms
[55,258s][info][gc] GC(107) Pause Young (Allocation Failure) 2365M->1236M(2674M) 101,889ms
[55,828s][info][gc] GC(108) Pause Young (Allocation Failure) 2436M->1306M(2674M) 99,127ms
[56,400s][info][gc] GC(109) Pause Young (Allocation Failure) 2506M->1377M(2674M) 100,678ms
[56,986s][info][gc] GC(110) Pause Young (Allocation Failure) 2577M->1447M(2674M) 105,012ms
[57,346s][info][gc] GC(111) Pause Full (Ergonomics) 1447M->591M(2716M) 359,681ms
[57,830s][info][gc] GC(112) Pause Young (Allocation Failure) 1791M->672M(2716M) 23,075ms
[58,389s][info][gc] GC(113) Pause Young (Allocation Failure) 1872M->743M(2717M) 98,573ms
[58,963s][info][gc] GC(114) Pause Young (Allocation Failure) 1944M->813M(2717M) 99,327ms
[59,537s][info][gc] GC(115) Pause Young (Allocation Failure) 2014M->884M(2717M) 101,156ms
[60,113s][info][gc] GC(116) Pause Young (Allocation Failure) 2085M->954M(2717M) 104,311ms
[60,732s][info][gc] GC(117) Pause Young (Allocation Failure) 2155M->1025M(2717M) 98,988ms
[61,332s][info][gc] GC(118) Pause Young (Allocation Failure) 2226M->1095M(2717M) 104,265ms
[61,909s][info][gc] GC(119) Pause Young (Allocation Failure) 2296M->1166M(2717M) 102,191ms
[62,486s][info][gc] GC(120) Pause Young (Allocation Failure) 2367M->1236M(2717M) 100,958ms
[63,066s][info][gc] GC(121) Pause Young (Allocation Failure) 2437M->1307M(2717M) 102,533ms
[63,641s][info][gc] GC(122) Pause Young (Allocation Failure) 2508M->1377M(2717M) 104,230ms
[64,218s][info][gc] GC(123) Pause Young (Allocation Failure) 2578M->1447M(2717M) 105,010ms
[64,546s][info][gc] GC(124) Pause Full (Ergonomics) 1447M->591M(2757M) 328,485ms
[65,030s][info][gc] GC(125) Pause Young (Allocation Failure) 1792M->672M(2757M) 23,122ms
[65,593s][info][gc] GC(126) Pause Young (Allocation Failure) 1873M->743M(2757M) 100,803ms
[66,171s][info][gc] GC(127) Pause Young (Allocation Failure) 1944M->813M(2757M) 99,255ms
[66,741s][info][gc] GC(128) Pause Young (Allocation Failure) 2014M->884M(2757M) 99,200ms
[67,327s][info][gc] GC(129) Pause Young (Allocation Failure) 2085M->954M(2757M) 114,889ms
[67,929s][info][gc] GC(130) Pause Young (Allocation Failure) 2155M->1025M(2757M) 100,234ms
[68,504s][info][gc] GC(131) Pause Young (Allocation Failure) 2226M->1095M(2757M) 103,261ms
[69,082s][info][gc] GC(132) Pause Young (Allocation Failure) 2296M->1165M(2757M) 100,851ms
[69,662s][info][gc] GC(133) Pause Young (Allocation Failure) 2366M->1236M(2757M) 102,152ms
[70,237s][info][gc] GC(134) Pause Young (Allocation Failure) 2437M->1306M(2757M) 103,454ms
[70,810s][info][gc] GC(135) Pause Young (Allocation Failure) 2507M->1376M(2757M) 100,258ms
[71,398s][info][gc] GC(136) Pause Young (Allocation Failure) 2577M->1447M(2757M) 112,035ms
[71,984s][info][gc] GC(137) Pause Young (Allocation Failure) 2648M->1517M(2757M) 108,019ms
[72,318s][info][gc] GC(138) Pause Full (Ergonomics) 1517M->591M(2796M) 333,899ms
[72,802s][info][gc] GC(139) Pause Young (Allocation Failure) 1792M->672M(2796M) 23,373ms
[73,364s][info][gc] GC(140) Pause Young (Allocation Failure) 1873M->743M(2796M) 100,560ms
[73,941s][info][gc] GC(141) Pause Young (Allocation Failure) 1944M->814M(2796M) 104,821ms
[74,515s][info][gc] GC(142) Pause Young (Allocation Failure) 2015M->884M(2796M) 101,969ms
[75,091s][info][gc] GC(143) Pause Young (Allocation Failure) 2085M->954M(2796M) 97,581ms
[75,670s][info][gc] GC(144) Pause Young (Allocation Failure) 2155M->1025M(2796M) 102,554ms
[76,240s][info][gc] GC(145) Pause Young (Allocation Failure) 2226M->1095M(2796M) 99,235ms
[76,816s][info][gc] GC(146) Pause Young (Allocation Failure) 2296M->1166M(2796M) 104,808ms
[77,398s][info][gc] GC(147) Pause Young (Allocation Failure) 2367M->1236M(2796M) 106,165ms
[77,978s][info][gc] GC(148) Pause Young (Allocation Failure) 2437M->1307M(2796M) 102,130ms
[78,560s][info][gc] GC(149) Pause Young (Allocation Failure) 2508M->1377M(2796M) 103,902ms
[79,135s][info][gc] GC(150) Pause Young (Allocation Failure) 2578M->1448M(2796M) 103,587ms
[79,714s][info][gc] GC(151) Pause Young (Allocation Failure) 2649M->1518M(2796M) 103,137ms
[80,074s][info][gc] GC(152) Pause Full (Ergonomics) 1518M->591M(2835M) 360,079ms
[80,560s][info][gc] GC(153) Pause Young (Allocation Failure) 1792M->672M(2835M) 23,214ms
[81,123s][info][gc] GC(154) Pause Young (Allocation Failure) 1873M->743M(2835M) 103,003ms
[81,701s][info][gc] GC(155) Pause Young (Allocation Failure) 1944M->813M(2835M) 96,552ms
[82,288s][info][gc] GC(156) Pause Young (Allocation Failure) 2014M->884M(2835M) 106,102ms
[82,871s][info][gc] GC(157) Pause Young (Allocation Failure) 2085M->954M(2835M) 102,520ms
[83,454s][info][gc] GC(158) Pause Young (Allocation Failure) 2155M->1025M(2835M) 101,393ms
[84,031s][info][gc] GC(159) Pause Young (Allocation Failure) 2226M->1095M(2835M) 100,217ms
[84,615s][info][gc] GC(160) Pause Young (Allocation Failure) 2296M->1166M(2835M) 99,107ms
[85,195s][info][gc] GC(161) Pause Young (Allocation Failure) 2367M->1236M(2835M) 100,282ms
[85,780s][info][gc] GC(162) Pause Young (Allocation Failure) 2437M->1306M(2835M) 104,055ms
[86,367s][info][gc] GC(163) Pause Young (Allocation Failure) 2507M->1377M(2835M) 110,293ms
[86,950s][info][gc] GC(164) Pause Young (Allocation Failure) 2578M->1447M(2835M) 103,083ms
[87,527s][info][gc] GC(165) Pause Young (Allocation Failure) 2648M->1518M(2835M) 103,497ms
[88,105s][info][gc] GC(166) Pause Young (Allocation Failure) 2719M->1588M(2835M) 104,768ms
[88,451s][info][gc] GC(167) Pause Full (Ergonomics) 1588M->591M(2874M) 346,239ms
[88,935s][info][gc] GC(168) Pause Young (Allocation Failure) 1792M->672M(2874M) 23,198ms
[89,495s][info][gc] GC(169) Pause Young (Allocation Failure) 1873M->743M(2874M) 98,414ms
[90,073s][info][gc] GC(170) Pause Young (Allocation Failure) 1944M->813M(2874M) 98,702ms
[90,653s][info][gc] GC(171) Pause Young (Allocation Failure) 2014M->884M(2874M) 101,697ms
[91,228s][info][gc] GC(172) Pause Young (Allocation Failure) 2085M->954M(2874M) 103,137ms
[91,800s][info][gc] GC(173) Pause Young (Allocation Failure) 2155M->1025M(2874M) 99,776ms
[92,384s][info][gc] GC(174) Pause Young (Allocation Failure) 2226M->1095M(2874M) 99,493ms
[92,963s][info][gc] GC(175) Pause Young (Allocation Failure) 2296M->1166M(2874M) 101,757ms
[93,539s][info][gc] GC(176) Pause Young (Allocation Failure) 2367M->1236M(2874M) 105,100ms
[94,116s][info][gc] GC(177) Pause Young (Allocation Failure) 2437M->1307M(2874M) 103,480ms
[94,694s][info][gc] GC(178) Pause Young (Allocation Failure) 2508M->1377M(2874M) 102,374ms
[95,281s][info][gc] GC(179) Pause Young (Allocation Failure) 2578M->1447M(2874M) 108,855ms
[95,864s][info][gc] GC(180) Pause Young (Allocation Failure) 2648M->1518M(2874M) 105,223ms
[96,437s][info][gc] GC(181) Pause Young (Allocation Failure) 2719M->1588M(2874M) 101,498ms
[97,030s][info][gc] GC(182) Pause Young (Allocation Failure) 2789M->1659M(2874M) 110,270ms
[97,374s][info][gc] GC(183) Pause Full (Ergonomics) 1659M->591M(2912M) 344,134ms
[97,884s][info][gc] GC(184) Pause Young (Allocation Failure) 1792M->672M(2912M) 22,996ms
[98,446s][info][gc] GC(185) Pause Young (Allocation Failure) 1873M->743M(2912M) 99,785ms
[99,020s][info][gc] GC(186) Pause Young (Allocation Failure) 1944M->813M(2912M) 100,382ms
[99,594s][info][gc] GC(187) Pause Young (Allocation Failure) 2014M->884M(2912M) 100,896ms
[100,170s][info][gc] GC(188) Pause Young (Allocation Failure) 2085M->955M(2912M) 101,412ms
[100,746s][info][gc] GC(189) Pause Young (Allocation Failure) 2156M->1025M(2912M) 104,096ms
[101,318s][info][gc] GC(190) Pause Young (Allocation Failure) 2226M->1095M(2912M) 100,666ms
[101,893s][info][gc] GC(191) Pause Young (Allocation Failure) 2296M->1166M(2912M) 100,390ms
[102,469s][info][gc] GC(192) Pause Young (Allocation Failure) 2367M->1236M(2912M) 101,431ms
[103,045s][info][gc] GC(193) Pause Young (Allocation Failure) 2437M->1307M(2912M) 102,790ms
[103,620s][info][gc] GC(194) Pause Young (Allocation Failure) 2508M->1377M(2912M) 102,216ms
[104,198s][info][gc] GC(195) Pause Young (Allocation Failure) 2578M->1448M(2912M) 101,454ms
[104,776s][info][gc] GC(196) Pause Young (Allocation Failure) 2649M->1518M(2912M) 101,778ms
[105,355s][info][gc] GC(197) Pause Young (Allocation Failure) 2719M->1589M(2912M) 102,198ms
[105,932s][info][gc] GC(198) Pause Young (Allocation Failure) 2790M->1659M(2912M) 105,769ms
[106,292s][info][gc] GC(199) Pause Full (Ergonomics) 1659M->591M(2951M) 360,088ms
[106,777s][info][gc] GC(200) Pause Young (Allocation Failure) 1792M->672M(2951M) 23,257ms
[107,349s][info][gc] GC(201) Pause Young (Allocation Failure) 1873M->743M(2951M) 102,113ms
[107,923s][info][gc] GC(202) Pause Young (Allocation Failure) 1944M->813M(2951M) 101,679ms
[108,499s][info][gc] GC(203) Pause Young (Allocation Failure) 2014M->883M(2951M) 104,217ms
[109,089s][info][gc] GC(204) Pause Young (Allocation Failure) 2084M->954M(2951M) 93,894ms
[109,670s][info][gc] GC(205) Pause Young (Allocation Failure) 2155M->1025M(2951M) 101,333ms
[110,249s][info][gc] GC(206) Pause Young (Allocation Failure) 2226M->1095M(2951M) 102,134ms
[110,824s][info][gc] GC(207) Pause Young (Allocation Failure) 2296M->1166M(2951M) 103,048ms
[111,397s][info][gc] GC(208) Pause Young (Allocation Failure) 2367M->1236M(2951M) 99,758ms
[111,976s][info][gc] GC(209) Pause Young (Allocation Failure) 2437M->1307M(2951M) 102,471ms
[112,555s][info][gc] GC(210) Pause Young (Allocation Failure) 2508M->1377M(2951M) 102,793ms
[113,134s][info][gc] GC(211) Pause Young (Allocation Failure) 2578M->1447M(2951M) 103,983ms
[113,716s][info][gc] GC(212) Pause Young (Allocation Failure) 2648M->1518M(2951M) 106,761ms
[114,300s][info][gc] GC(213) Pause Young (Allocation Failure) 2719M->1588M(2951M) 105,976ms
[114,890s][info][gc] GC(214) Pause Young (Allocation Failure) 2789M->1659M(2951M) 114,768ms
[115,484s][info][gc] GC(215) Pause Young (Allocation Failure) 2860M->1729M(2951M) 116,865ms
[115,848s][info][gc] GC(216) Pause Full (Ergonomics) 1729M->591M(2989M) 363,734ms
[116,339s][info][gc] GC(217) Pause Young (Allocation Failure) 1792M->672M(2989M) 23,164ms
[116,901s][info][gc] GC(218) Pause Young (Allocation Failure) 1873M->743M(2989M) 100,759ms
[117,489s][info][gc] GC(219) Pause Young (Allocation Failure) 1944M->813M(2989M) 111,746ms
[118,068s][info][gc] GC(220) Pause Young (Allocation Failure) 2014M->883M(2989M) 100,090ms
[118,646s][info][gc] GC(221) Pause Young (Allocation Failure) 2084M->954M(2989M) 102,092ms
[119,226s][info][gc] GC(222) Pause Young (Allocation Failure) 2155M->1024M(2989M) 104,699ms
[119,799s][info][gc] GC(223) Pause Young (Allocation Failure) 2225M->1095M(2989M) 100,769ms
[120,377s][info][gc] GC(224) Pause Young (Allocation Failure) 2296M->1165M(2989M) 103,131ms
[120,961s][info][gc] GC(225) Pause Young (Allocation Failure) 2366M->1236M(2989M) 103,808ms
[121,554s][info][gc] GC(226) Pause Young (Allocation Failure) 2437M->1306M(2989M) 112,451ms
[122,143s][info][gc] GC(227) Pause Young (Allocation Failure) 2507M->1377M(2989M) 103,159ms
[122,724s][info][gc] GC(228) Pause Young (Allocation Failure) 2578M->1447M(2989M) 103,962ms
[123,299s][info][gc] GC(229) Pause Young (Allocation Failure) 2648M->1518M(2989M) 101,765ms
[123,882s][info][gc] GC(230) Pause Young (Allocation Failure) 2719M->1588M(2989M) 101,381ms
[124,465s][info][gc] GC(231) Pause Young (Allocation Failure) 2789M->1659M(2989M) 104,645ms
[125,048s][info][gc] GC(232) Pause Young (Allocation Failure) 2860M->1729M(2989M) 104,191ms
[125,407s][info][gc] GC(233) Pause Full (Ergonomics) 1729M->591M(3029M) 359,467ms
[125,892s][info][gc] GC(234) Pause Young (Allocation Failure) 1792M->672M(3029M) 23,289ms
[126,459s][info][gc] GC(235) Pause Young (Allocation Failure) 1873M->743M(3029M) 102,104ms
[127,033s][info][gc] GC(236) Pause Young (Allocation Failure) 1944M->813M(3029M) 101,078ms
[127,603s][info][gc] GC(237) Pause Young (Allocation Failure) 2014M->884M(3029M) 98,092ms
[128,195s][info][gc] GC(238) Pause Young (Allocation Failure) 2085M->954M(3029M) 98,181ms
[128,779s][info][gc] GC(239) Pause Young (Allocation Failure) 2155M->1025M(3029M) 107,890ms
[129,363s][info][gc] GC(240) Pause Young (Allocation Failure) 2226M->1095M(3029M) 102,950ms
[129,953s][info][gc] GC(241) Pause Young (Allocation Failure) 2296M->1166M(3029M) 109,434ms
[130,531s][info][gc] GC(242) Pause Young (Allocation Failure) 2367M->1236M(3029M) 102,509ms
[131,108s][info][gc] GC(243) Pause Young (Allocation Failure) 2437M->1307M(3029M) 103,551ms
[131,688s][info][gc] GC(244) Pause Young (Allocation Failure) 2508M->1377M(3029M) 99,953ms
[132,268s][info][gc] GC(245) Pause Young (Allocation Failure) 2578M->1448M(3029M) 102,312ms
[132,853s][info][gc] GC(246) Pause Young (Allocation Failure) 2649M->1518M(3029M) 104,298ms
[133,434s][info][gc] GC(247) Pause Young (Allocation Failure) 2719M->1589M(3029M) 108,341ms
[134,015s][info][gc] GC(248) Pause Young (Allocation Failure) 2790M->1659M(3029M) 104,323ms
[134,594s][info][gc] GC(249) Pause Young (Allocation Failure) 2860M->1730M(3029M) 102,590ms
[135,187s][info][gc] GC(250) Pause Young (Allocation Failure) 2931M->1800M(3029M) 108,468ms
[135,554s][info][gc] GC(251) Pause Full (Ergonomics) 1800M->591M(3069M) 366,657ms
[136,051s][info][gc] GC(252) Pause Young (Allocation Failure) 1792M->672M(3069M) 23,122ms
[136,621s][info][gc] GC(253) Pause Young (Allocation Failure) 1873M->743M(3069M) 101,444ms
[137,193s][info][gc] GC(254) Pause Young (Allocation Failure) 1944M->813M(3069M) 96,757ms
[137,769s][info][gc] GC(255) Pause Young (Allocation Failure) 2014M->884M(3069M) 96,239ms
[138,345s][info][gc] GC(256) Pause Young (Allocation Failure) 2085M->954M(3069M) 104,077ms
[138,915s][info][gc] GC(257) Pause Young (Allocation Failure) 2155M->1025M(3069M) 97,952ms
[139,491s][info][gc] GC(258) Pause Young (Allocation Failure) 2226M->1095M(3069M) 98,614ms
[140,070s][info][gc] GC(259) Pause Young (Allocation Failure) 2296M->1166M(3069M) 101,834ms
[140,645s][info][gc] GC(260) Pause Young (Allocation Failure) 2367M->1236M(3069M) 100,443ms
[141,224s][info][gc] GC(261) Pause Young (Allocation Failure) 2437M->1307M(3069M) 106,392ms
[141,814s][info][gc] GC(262) Pause Young (Allocation Failure) 2508M->1377M(3069M) 111,073ms
[142,393s][info][gc] GC(263) Pause Young (Allocation Failure) 2578M->1448M(3069M) 101,917ms
[142,975s][info][gc] GC(264) Pause Young (Allocation Failure) 2649M->1518M(3069M) 103,247ms
[143,567s][info][gc] GC(265) Pause Young (Allocation Failure) 2719M->1588M(3069M) 105,961ms
[144,160s][info][gc] GC(266) Pause Young (Allocation Failure) 2789M->1659M(3069M) 111,192ms
[144,747s][info][gc] GC(267) Pause Young (Allocation Failure) 2860M->1730M(3069M) 114,592ms
[145,325s][info][gc] GC(268) Pause Young (Allocation Failure) 2931M->1800M(3069M) 104,377ms
[145,658s][info][gc] GC(269) Pause Full (Ergonomics) 1800M->591M(3108M) 332,565ms
[146,144s][info][gc] GC(270) Pause Young (Allocation Failure) 1792M->672M(3108M) 23,083ms
[146,712s][info][gc] GC(271) Pause Young (Allocation Failure) 1873M->743M(3108M) 100,360ms
[147,287s][info][gc] GC(272) Pause Young (Allocation Failure) 1944M->813M(3108M) 97,913ms
[147,865s][info][gc] GC(273) Pause Young (Allocation Failure) 2014M->884M(3108M) 100,706ms
[148,440s][info][gc] GC(274) Pause Young (Allocation Failure) 2085M->954M(3108M) 101,912ms
[149,015s][info][gc] GC(275) Pause Young (Allocation Failure) 2155M->1025M(3108M) 102,388ms
[149,591s][info][gc] GC(276) Pause Young (Allocation Failure) 2226M->1095M(3108M) 100,306ms
[150,170s][info][gc] GC(277) Pause Young (Allocation Failure) 2296M->1166M(3108M) 101,718ms
[150,746s][info][gc] GC(278) Pause Young (Allocation Failure) 2367M->1236M(3108M) 103,117ms
[151,326s][info][gc] GC(279) Pause Young (Allocation Failure) 2437M->1307M(3108M) 104,564ms
[151,899s][info][gc] GC(280) Pause Young (Allocation Failure) 2508M->1377M(3108M) 99,442ms
[152,477s][info][gc] GC(281) Pause Young (Allocation Failure) 2578M->1448M(3108M) 102,371ms
[153,051s][info][gc] GC(282) Pause Young (Allocation Failure) 2649M->1518M(3108M) 104,364ms
[153,626s][info][gc] GC(283) Pause Young (Allocation Failure) 2719M->1589M(3108M) 103,744ms
[154,203s][info][gc] GC(284) Pause Young (Allocation Failure) 2790M->1659M(3108M) 102,793ms
[154,781s][info][gc] GC(285) Pause Young (Allocation Failure) 2860M->1729M(3108M) 102,178ms
[155,364s][info][gc] GC(286) Pause Young (Allocation Failure) 2930M->1800M(3108M) 107,188ms
[155,946s][info][gc] GC(287) Pause Young (Allocation Failure) 3001M->1870M(3108M) 111,339ms
[156,304s][info][gc] GC(288) Pause Full (Ergonomics) 1870M->591M(3147M) 358,418ms
[156,794s][info][gc] GC(289) Pause Young (Allocation Failure) 1792M->672M(3147M) 23,134ms
[157,358s][info][gc] GC(290) Pause Young (Allocation Failure) 1873M->743M(3147M) 100,011ms
[157,957s][info][gc] GC(291) Pause Young (Allocation Failure) 1944M->813M(3147M) 102,778ms
[158,560s][info][gc] GC(292) Pause Young (Allocation Failure) 2014M->884M(3147M) 101,490ms
[159,135s][info][gc] GC(293) Pause Young (Allocation Failure) 2085M->954M(3147M) 100,929ms
[159,733s][info][gc] GC(294) Pause Young (Allocation Failure) 2155M->1025M(3147M) 97,716ms
[160,346s][info][gc] GC(295) Pause Young (Allocation Failure) 2226M->1095M(3147M) 98,680ms
[160,941s][info][gc] GC(296) Pause Young (Allocation Failure) 2296M->1166M(3147M) 102,532ms
[161,551s][info][gc] GC(297) Pause Young (Allocation Failure) 2367M->1236M(3147M) 101,533ms
[162,173s][info][gc] GC(298) Pause Young (Allocation Failure) 2437M->1307M(3147M) 102,574ms
[162,778s][info][gc] GC(299) Pause Young (Allocation Failure) 2508M->1377M(3147M) 101,983ms
[163,368s][info][gc] GC(300) Pause Young (Allocation Failure) 2578M->1447M(3147M) 104,728ms
[163,945s][info][gc] GC(301) Pause Young (Allocation Failure) 2648M->1518M(3147M) 100,574ms
[164,524s][info][gc] GC(302) Pause Young (Allocation Failure) 2719M->1588M(3147M) 106,308ms
[165,098s][info][gc] GC(303) Pause Young (Allocation Failure) 2789M->1659M(3147M) 101,837ms
[165,679s][info][gc] GC(304) Pause Young (Allocation Failure) 2860M->1729M(3147M) 102,532ms
[166,263s][info][gc] GC(305) Pause Young (Allocation Failure) 2930M->1800M(3147M) 105,735ms
[166,843s][info][gc] GC(306) Pause Young (Allocation Failure) 3001M->1870M(3147M) 108,635ms
[167,272s][info][gc] GC(307) Pause Full (Ergonomics) 1870M->590M(3189M) 428,408ms
[167,766s][info][gc] GC(308) Pause Young (Allocation Failure) 1791M->672M(3189M) 23,227ms
[168,344s][info][gc] GC(309) Pause Young (Allocation Failure) 1873M->743M(3189M) 113,113ms
[168,919s][info][gc] GC(310) Pause Young (Allocation Failure) 1944M->813M(3189M) 102,384ms
[169,494s][info][gc] GC(311) Pause Young (Allocation Failure) 2014M->884M(3189M) 99,632ms
[170,075s][info][gc] GC(312) Pause Young (Allocation Failure) 2085M->954M(3189M) 104,091ms
[170,658s][info][gc] GC(313) Pause Young (Allocation Failure) 2155M->1024M(3189M) 104,999ms
[171,233s][info][gc] GC(314) Pause Young (Allocation Failure) 2225M->1095M(3189M) 103,233ms
[171,816s][info][gc] GC(315) Pause Young (Allocation Failure) 2296M->1165M(3189M) 104,990ms
[172,390s][info][gc] GC(316) Pause Young (Allocation Failure) 2366M->1236M(3189M) 98,930ms
[172,970s][info][gc] GC(317) Pause Young (Allocation Failure) 2437M->1306M(3189M) 102,969ms
[173,552s][info][gc] GC(318) Pause Young (Allocation Failure) 2507M->1377M(3189M) 105,175ms
[174,144s][info][gc] GC(319) Pause Young (Allocation Failure) 2578M->1447M(3189M) 116,490ms
[174,737s][info][gc] GC(320) Pause Young (Allocation Failure) 2648M->1518M(3189M) 113,921ms
[175,317s][info][gc] GC(321) Pause Young (Allocation Failure) 2719M->1588M(3189M) 105,555ms
[175,897s][info][gc] GC(322) Pause Young (Allocation Failure) 2789M->1659M(3189M) 102,581ms
[176,480s][info][gc] GC(323) Pause Young (Allocation Failure) 2860M->1729M(3189M) 102,985ms
[177,064s][info][gc] GC(324) Pause Young (Allocation Failure) 2930M->1800M(3189M) 104,321ms
[177,646s][info][gc] GC(325) Pause Young (Allocation Failure) 3001M->1870M(3189M) 105,965ms
[178,248s][info][gc] GC(326) Pause Young (Allocation Failure) 3071M->1941M(3189M) 123,541ms
[178,605s][info][gc] GC(327) Pause Full (Ergonomics) 1941M->591M(3229M) 356,565ms
[179,106s][info][gc] GC(328) Pause Young (Allocation Failure) 1792M->672M(3229M) 23,446ms
[179,670s][info][gc] GC(329) Pause Young (Allocation Failure) 1873M->743M(3229M) 98,669ms
[180,248s][info][gc] GC(330) Pause Young (Allocation Failure) 1944M->813M(3229M) 101,812ms
[180,825s][info][gc] GC(331) Pause Young (Allocation Failure) 2014M->884M(3229M) 102,510ms
[181,395s][info][gc] GC(332) Pause Young (Allocation Failure) 2085M->954M(3229M) 97,800ms
[181,975s][info][gc] GC(333) Pause Young (Allocation Failure) 2155M->1025M(3229M) 102,323ms
[182,553s][info][gc] GC(334) Pause Young (Allocation Failure) 2226M->1095M(3229M) 103,606ms
[183,125s][info][gc] GC(335) Pause Young (Allocation Failure) 2296M->1166M(3229M) 100,942ms
[183,702s][info][gc] GC(336) Pause Young (Allocation Failure) 2367M->1236M(3229M) 98,811ms
[184,286s][info][gc] GC(337) Pause Young (Allocation Failure) 2437M->1307M(3229M) 101,797ms
[184,873s][info][gc] GC(338) Pause Young (Allocation Failure) 2508M->1377M(3229M) 105,123ms
[185,455s][info][gc] GC(339) Pause Young (Allocation Failure) 2578M->1448M(3229M) 102,169ms
[186,035s][info][gc] GC(340) Pause Young (Allocation Failure) 2649M->1518M(3229M) 103,594ms
[186,616s][info][gc] GC(341) Pause Young (Allocation Failure) 2719M->1589M(3229M) 104,518ms
[187,194s][info][gc] GC(342) Pause Young (Allocation Failure) 2790M->1659M(3229M) 99,932ms
[187,789s][info][gc] GC(343) Pause Young (Allocation Failure) 2860M->1730M(3229M) 109,054ms
[188,373s][info][gc] GC(344) Pause Young (Allocation Failure) 2931M->1800M(3229M) 106,908ms
[188,962s][info][gc] GC(345) Pause Young (Allocation Failure) 3001M->1871M(3229M) 106,328ms
[189,549s][info][gc] GC(346) Pause Young (Allocation Failure) 3072M->1941M(3229M) 106,291ms
[190,134s][info][gc] GC(347) Pause Young (Allocation Failure) 3142M->2012M(3229M) 113,079ms
[190,498s][info][gc] GC(348) Pause Full (Ergonomics) 2012M->591M(3270M) 363,314ms
[190,983s][info][gc] GC(349) Pause Young (Allocation Failure) 1792M->672M(3270M) 23,354ms
[191,556s][info][gc] GC(350) Pause Young (Allocation Failure) 1873M->743M(3270M) 103,771ms
[192,138s][info][gc] GC(351) Pause Young (Allocation Failure) 1944M->813M(3270M) 104,994ms
[192,714s][info][gc] GC(352) Pause Young (Allocation Failure) 2014M->884M(3270M) 102,210ms
[193,291s][info][gc] GC(353) Pause Young (Allocation Failure) 2085M->954M(3270M) 100,641ms
[193,873s][info][gc] GC(354) Pause Young (Allocation Failure) 2155M->1025M(3270M) 101,980ms
[194,456s][info][gc] GC(355) Pause Young (Allocation Failure) 2226M->1095M(3270M) 103,149ms
[195,042s][info][gc] GC(356) Pause Young (Allocation Failure) 2296M->1166M(3270M) 104,057ms
[195,618s][info][gc] GC(357) Pause Young (Allocation Failure) 2367M->1236M(3270M) 103,442ms
[196,195s][info][gc] GC(358) Pause Young (Allocation Failure) 2437M->1307M(3270M) 101,306ms
[196,779s][info][gc] GC(359) Pause Young (Allocation Failure) 2508M->1377M(3270M) 103,510ms
[197,365s][info][gc] GC(360) Pause Young (Allocation Failure) 2578M->1448M(3270M) 106,993ms
[197,947s][info][gc] GC(361) Pause Young (Allocation Failure) 2649M->1518M(3270M) 108,369ms
[198,525s][info][gc] GC(362) Pause Young (Allocation Failure) 2719M->1589M(3270M) 105,967ms
[199,108s][info][gc] GC(363) Pause Young (Allocation Failure) 2790M->1659M(3270M) 101,897ms
[199,689s][info][gc] GC(364) Pause Young (Allocation Failure) 2860M->1730M(3270M) 103,517ms
[200,276s][info][gc] GC(365) Pause Young (Allocation Failure) 2931M->1800M(3270M) 110,027ms
[200,866s][info][gc] GC(366) Pause Young (Allocation Failure) 3001M->1871M(3270M) 105,614ms
[201,449s][info][gc] GC(367) Pause Young (Allocation Failure) 3072M->1941M(3270M) 105,449ms
[202,033s][info][gc] GC(368) Pause Young (Allocation Failure) 3142M->2012M(3270M) 106,645ms
[202,391s][info][gc] GC(369) Pause Full (Ergonomics) 2012M->591M(3311M) 357,663ms
[202,879s][info][gc] GC(370) Pause Young (Allocation Failure) 1792M->672M(3311M) 23,528ms
[203,466s][info][gc] GC(371) Pause Young (Allocation Failure) 1873M->743M(3311M) 105,626ms
[204,054s][info][gc] GC(372) Pause Young (Allocation Failure) 1944M->813M(3311M) 103,295ms
[204,641s][info][gc] GC(373) Pause Young (Allocation Failure) 2014M->884M(3311M) 101,436ms
[205,242s][info][gc] GC(374) Pause Young (Allocation Failure) 2085M->954M(3311M) 103,177ms
[205,818s][info][gc] GC(375) Pause Young (Allocation Failure) 2155M->1025M(3311M) 99,328ms
[206,395s][info][gc] GC(376) Pause Young (Allocation Failure) 2226M->1095M(3311M) 100,981ms
[206,982s][info][gc] GC(377) Pause Young (Allocation Failure) 2296M->1166M(3311M) 100,754ms
[207,563s][info][gc] GC(378) Pause Young (Allocation Failure) 2367M->1236M(3311M) 102,307ms
[208,140s][info][gc] GC(379) Pause Young (Allocation Failure) 2437M->1307M(3311M) 104,808ms
[208,725s][info][gc] GC(380) Pause Young (Allocation Failure) 2508M->1377M(3311M) 104,366ms
[209,326s][info][gc] GC(381) Pause Young (Allocation Failure) 2578M->1448M(3311M) 103,598ms
[209,915s][info][gc] GC(382) Pause Young (Allocation Failure) 2649M->1518M(3311M) 110,626ms
[210,509s][info][gc] GC(383) Pause Young (Allocation Failure) 2719M->1588M(3311M) 110,207ms
[211,092s][info][gc] GC(384) Pause Young (Allocation Failure) 2789M->1659M(3311M) 97,853ms
[211,679s][info][gc] GC(385) Pause Young (Allocation Failure) 2860M->1729M(3311M) 103,020ms
[212,268s][info][gc] GC(386) Pause Young (Allocation Failure) 2930M->1800M(3311M) 103,244ms
[212,852s][info][gc] GC(387) Pause Young (Allocation Failure) 3001M->1870M(3311M) 107,989ms
[213,434s][info][gc] GC(388) Pause Young (Allocation Failure) 3071M->1941M(3311M) 106,963ms
[214,031s][info][gc] GC(389) Pause Young (Allocation Failure) 3142M->2011M(3311M) 110,330ms
[214,622s][info][gc] GC(390) Pause Young (Allocation Failure) 3212M->2082M(3311M) 111,206ms
[214,981s][info][gc] GC(391) Pause Full (Ergonomics) 2082M->591M(3352M) 358,419ms
[215,476s][info][gc] GC(392) Pause Young (Allocation Failure) 1792M->672M(3352M) 23,482ms
[216,058s][info][gc] GC(393) Pause Young (Allocation Failure) 1873M->743M(3352M) 101,938ms
[216,639s][info][gc] GC(394) Pause Young (Allocation Failure) 1944M->813M(3352M) 102,823ms
[217,249s][info][gc] GC(395) Pause Young (Allocation Failure) 2014M->884M(3352M) 102,720ms
[217,883s][info][gc] GC(396) Pause Young (Allocation Failure) 2085M->954M(3352M) 99,725ms
[218,495s][info][gc] GC(397) Pause Young (Allocation Failure) 2155M->1025M(3352M) 98,757ms
[219,111s][info][gc] GC(398) Pause Young (Allocation Failure) 2226M->1095M(3352M) 105,262ms
[219,713s][info][gc] GC(399) Pause Young (Allocation Failure) 2296M->1166M(3352M) 100,389ms
[220,294s][info][gc] GC(400) Pause Young (Allocation Failure) 2367M->1236M(3352M) 98,726ms
[220,876s][info][gc] GC(401) Pause Young (Allocation Failure) 2437M->1307M(3352M) 101,703ms
[221,460s][info][gc] GC(402) Pause Young (Allocation Failure) 2508M->1377M(3352M) 106,013ms
[222,040s][info][gc] GC(403) Pause Young (Allocation Failure) 2578M->1448M(3352M) 105,043ms
[222,620s][info][gc] GC(404) Pause Young (Allocation Failure) 2649M->1518M(3352M) 107,143ms
[223,196s][info][gc] GC(405) Pause Young (Allocation Failure) 2719M->1589M(3352M) 101,443ms
[223,777s][info][gc] GC(406) Pause Young (Allocation Failure) 2790M->1659M(3352M) 103,137ms
[224,360s][info][gc] GC(407) Pause Young (Allocation Failure) 2860M->1729M(3352M) 104,959ms
[224,937s][info][gc] GC(408) Pause Young (Allocation Failure) 2930M->1800M(3352M) 105,470ms
[225,516s][info][gc] GC(409) Pause Young (Allocation Failure) 3001M->1870M(3352M) 107,727ms
[226,095s][info][gc] GC(410) Pause Young (Allocation Failure) 3071M->1941M(3352M) 103,834ms
[226,678s][info][gc] GC(411) Pause Young (Allocation Failure) 3142M->2011M(3352M) 104,751ms
[227,265s][info][gc] GC(412) Pause Young (Allocation Failure) 3212M->2082M(3352M) 113,032ms
[227,627s][info][gc] GC(413) Pause Full (Ergonomics) 2082M->591M(3394M) 361,175ms
[228,111s][info][gc] GC(414) Pause Young (Allocation Failure) 1792M->672M(3394M) 23,208ms
[228,674s][info][gc] GC(415) Pause Young (Allocation Failure) 1873M->743M(3394M) 100,172ms
[229,261s][info][gc] GC(416) Pause Young (Allocation Failure) 1944M->813M(3394M) 102,182ms
[229,875s][info][gc] GC(417) Pause Young (Allocation Failure) 2014M->884M(3394M) 98,974ms
[230,492s][info][gc] GC(418) Pause Young (Allocation Failure) 2085M->954M(3394M) 99,232ms
[231,108s][info][gc] GC(419) Pause Young (Allocation Failure) 2155M->1025M(3394M) 102,473ms
[231,691s][info][gc] GC(420) Pause Young (Allocation Failure) 2226M->1095M(3394M) 100,134ms
[232,307s][info][gc] GC(421) Pause Young (Allocation Failure) 2296M->1166M(3394M) 95,591ms
[232,890s][info][gc] GC(422) Pause Young (Allocation Failure) 2367M->1236M(3394M) 103,661ms
[233,483s][info][gc] GC(423) Pause Young (Allocation Failure) 2437M->1307M(3394M) 102,163ms
[234,072s][info][gc] GC(424) Pause Young (Allocation Failure) 2508M->1377M(3394M) 103,619ms
[234,667s][info][gc] GC(425) Pause Young (Allocation Failure) 2578M->1448M(3394M) 105,827ms
[235,253s][info][gc] GC(426) Pause Young (Allocation Failure) 2649M->1518M(3394M) 104,946ms
[235,841s][info][gc] GC(427) Pause Young (Allocation Failure) 2719M->1589M(3394M) 105,983ms
[236,423s][info][gc] GC(428) Pause Young (Allocation Failure) 2790M->1659M(3394M) 103,527ms
[237,004s][info][gc] GC(429) Pause Young (Allocation Failure) 2860M->1730M(3394M) 101,186ms
[237,596s][info][gc] GC(430) Pause Young (Allocation Failure) 2931M->1800M(3394M) 100,755ms
[238,187s][info][gc] GC(431) Pause Young (Allocation Failure) 3001M->1871M(3394M) 109,885ms
[238,773s][info][gc] GC(432) Pause Young (Allocation Failure) 3072M->1941M(3394M) 107,156ms
[239,355s][info][gc] GC(433) Pause Young (Allocation Failure) 3142M->2011M(3394M) 106,254ms
[239,941s][info][gc] GC(434) Pause Young (Allocation Failure) 3212M->2082M(3394M) 108,801ms
[240,531s][info][gc] GC(435) Pause Young (Allocation Failure) 3283M->2153M(3394M) 113,145ms
[240,878s][info][gc] GC(436) Pause Full (Ergonomics) 2153M->591M(3434M) 347,049ms
[241,372s][info][gc] GC(437) Pause Young (Allocation Failure) 1792M->672M(3434M) 23,188ms
[241,940s][info][gc] GC(438) Pause Young (Allocation Failure) 1873M->743M(3434M) 99,791ms
[242,514s][info][gc] GC(439) Pause Young (Allocation Failure) 1944M->813M(3434M) 101,550ms
[243,092s][info][gc] GC(440) Pause Young (Allocation Failure) 2014M->884M(3434M) 101,130ms
[243,671s][info][gc] GC(441) Pause Young (Allocation Failure) 2085M->954M(3434M) 102,383ms
[244,250s][info][gc] GC(442) Pause Young (Allocation Failure) 2155M->1025M(3434M) 103,917ms
[244,828s][info][gc] GC(443) Pause Young (Allocation Failure) 2226M->1095M(3434M) 105,453ms
[245,400s][info][gc] GC(444) Pause Young (Allocation Failure) 2296M->1166M(3434M) 99,677ms
[245,982s][info][gc] GC(445) Pause Young (Allocation Failure) 2367M->1236M(3434M) 103,105ms
[246,564s][info][gc] GC(446) Pause Young (Allocation Failure) 2437M->1306M(3434M) 104,325ms
[247,155s][info][gc] GC(447) Pause Young (Allocation Failure) 2507M->1377M(3434M) 109,264ms
[247,750s][info][gc] GC(448) Pause Young (Allocation Failure) 2578M->1448M(3434M) 104,153ms
[248,342s][info][gc] GC(449) Pause Young (Allocation Failure) 2649M->1518M(3434M) 115,504ms
[248,925s][info][gc] GC(450) Pause Young (Allocation Failure) 2719M->1588M(3434M) 104,490ms
[249,513s][info][gc] GC(451) Pause Young (Allocation Failure) 2789M->1659M(3434M) 106,533ms
[250,097s][info][gc] GC(452) Pause Young (Allocation Failure) 2860M->1729M(3434M) 103,259ms
[250,680s][info][gc] GC(453) Pause Young (Allocation Failure) 2930M->1800M(3434M) 106,802ms
[251,270s][info][gc] GC(454) Pause Young (Allocation Failure) 3001M->1870M(3434M) 105,424ms
[251,876s][info][gc] GC(455) Pause Young (Allocation Failure) 3071M->1941M(3434M) 109,529ms
[252,470s][info][gc] GC(456) Pause Young (Allocation Failure) 3142M->2011M(3434M) 106,772ms
[253,061s][info][gc] GC(457) Pause Young (Allocation Failure) 3212M->2082M(3434M) 111,038ms
[253,643s][info][gc] GC(458) Pause Young (Allocation Failure) 3283M->2152M(3434M) 106,480ms
[254,234s][info][gc] GC(459) Pause Young (Allocation Failure) 3353M->2223M(3434M) 114,004ms
[254,570s][info][gc] GC(460) Pause Full (Ergonomics) 2223M->591M(3474M) 335,507ms
[255,058s][info][gc] GC(461) Pause Young (Allocation Failure) 1792M->672M(3474M) 23,263ms
[255,625s][info][gc] GC(462) Pause Young (Allocation Failure) 1873M->743M(3474M) 99,920ms
[256,201s][info][gc] GC(463) Pause Young (Allocation Failure) 1944M->813M(3474M) 98,704ms
[256,785s][info][gc] GC(464) Pause Young (Allocation Failure) 2014M->884M(3474M) 99,150ms
[257,365s][info][gc] GC(465) Pause Young (Allocation Failure) 2085M->954M(3474M) 101,412ms
[257,945s][info][gc] GC(466) Pause Young (Allocation Failure) 2155M->1025M(3474M) 102,848ms
[258,520s][info][gc] GC(467) Pause Young (Allocation Failure) 2226M->1095M(3474M) 101,092ms
[259,097s][info][gc] GC(468) Pause Young (Allocation Failure) 2296M->1165M(3474M) 99,527ms
[259,676s][info][gc] GC(469) Pause Young (Allocation Failure) 2366M->1236M(3474M) 100,768ms
[260,260s][info][gc] GC(470) Pause Young (Allocation Failure) 2437M->1306M(3474M) 104,644ms
[260,847s][info][gc] GC(471) Pause Young (Allocation Failure) 2507M->1377M(3474M) 105,738ms
[261,428s][info][gc] GC(472) Pause Young (Allocation Failure) 2578M->1447M(3474M) 103,166ms
[262,011s][info][gc] GC(473) Pause Young (Allocation Failure) 2648M->1518M(3474M) 105,289ms
[262,594s][info][gc] GC(474) Pause Young (Allocation Failure) 2719M->1588M(3474M) 103,847ms
[263,182s][info][gc] GC(475) Pause Young (Allocation Failure) 2789M->1659M(3474M) 103,674ms
[263,784s][info][gc] GC(476) Pause Young (Allocation Failure) 2860M->1729M(3474M) 116,905ms
[264,388s][info][gc] GC(477) Pause Young (Allocation Failure) 2930M->1800M(3474M) 105,776ms
[264,989s][info][gc] GC(478) Pause Young (Allocation Failure) 3001M->1870M(3474M) 113,466ms
[265,589s][info][gc] GC(479) Pause Young (Allocation Failure) 3071M->1941M(3474M) 103,451ms
[266,186s][info][gc] GC(480) Pause Young (Allocation Failure) 3142M->2011M(3474M) 113,115ms
[266,773s][info][gc] GC(481) Pause Young (Allocation Failure) 3212M->2082M(3474M) 107,977ms
[267,358s][info][gc] GC(482) Pause Young (Allocation Failure) 3283M->2152M(3474M) 107,292ms
[267,947s][info][gc] GC(483) Pause Young (Allocation Failure) 3353M->2222M(3474M) 107,115ms
[268,312s][info][gc] GC(484) Pause Full (Ergonomics) 2222M->591M(3515M) 364,239ms
[268,812s][info][gc] GC(485) Pause Young (Allocation Failure) 1792M->672M(3515M) 23,465ms
[269,383s][info][gc] GC(486) Pause Young (Allocation Failure) 1873M->743M(3515M) 99,793ms
[269,967s][info][gc] GC(487) Pause Young (Allocation Failure) 1944M->813M(3515M) 103,203ms
[270,552s][info][gc] GC(488) Pause Young (Allocation Failure) 2014M->884M(3515M) 99,975ms
[271,140s][info][gc] GC(489) Pause Young (Allocation Failure) 2085M->954M(3515M) 100,416ms
[271,726s][info][gc] GC(490) Pause Young (Allocation Failure) 2155M->1024M(3515M) 111,714ms
[272,313s][info][gc] GC(491) Pause Young (Allocation Failure) 2225M->1095M(3515M) 100,556ms
[272,909s][info][gc] GC(492) Pause Young (Allocation Failure) 2296M->1165M(3515M) 104,776ms
[273,502s][info][gc] GC(493) Pause Young (Allocation Failure) 2366M->1236M(3515M) 100,168ms
[274,094s][info][gc] GC(494) Pause Young (Allocation Failure) 2437M->1307M(3515M) 100,712ms
[274,677s][info][gc] GC(495) Pause Young (Allocation Failure) 2508M->1377M(3515M) 103,635ms
[275,268s][info][gc] GC(496) Pause Young (Allocation Failure) 2578M->1447M(3515M) 102,136ms
[275,861s][info][gc] GC(497) Pause Young (Allocation Failure) 2648M->1518M(3515M) 107,334ms
[276,458s][info][gc] GC(498) Pause Young (Allocation Failure) 2719M->1588M(3515M) 105,352ms
[277,042s][info][gc] GC(499) Pause Young (Allocation Failure) 2789M->1659M(3515M) 107,013ms
[277,627s][info][gc] GC(500) Pause Young (Allocation Failure) 2860M->1729M(3515M) 106,811ms
[278,235s][info][gc] GC(501) Pause Young (Allocation Failure) 2930M->1800M(3515M) 113,784ms
[278,826s][info][gc] GC(502) Pause Young (Allocation Failure) 3001M->1870M(3515M) 103,925ms
[279,402s][info][gc] GC(503) Pause Young (Allocation Failure) 3071M->1941M(3515M) 104,154ms
[279,983s][info][gc] GC(504) Pause Young (Allocation Failure) 3142M->2011M(3515M) 103,625ms
[280,576s][info][gc] GC(505) Pause Young (Allocation Failure) 3212M->2082M(3515M) 107,358ms
[281,170s][info][gc] GC(506) Pause Young (Allocation Failure) 3283M->2152M(3515M) 105,147ms
[281,756s][info][gc] GC(507) Pause Young (Allocation Failure) 3353M->2223M(3515M) 108,539ms
[282,365s][info][gc] GC(508) Pause Young (Allocation Failure) 3424M->2294M(3515M) 116,692ms
[282,731s][info][gc] GC(509) Pause Full (Ergonomics) 2294M->591M(3556M) 365,789ms
[283,237s][info][gc] GC(510) Pause Young (Allocation Failure) 1792M->672M(3556M) 23,572ms
[283,832s][info][gc] GC(511) Pause Young (Allocation Failure) 1873M->743M(3556M) 113,419ms
[284,417s][info][gc] GC(512) Pause Young (Allocation Failure) 1944M->813M(3556M) 103,134ms
[285,008s][info][gc] GC(513) Pause Young (Allocation Failure) 2014M->884M(3556M) 102,182ms
[285,589s][info][gc] GC(514) Pause Young (Allocation Failure) 2085M->954M(3556M) 97,072ms
[286,176s][info][gc] GC(515) Pause Young (Allocation Failure) 2155M->1025M(3556M) 103,739ms
[286,759s][info][gc] GC(516) Pause Young (Allocation Failure) 2226M->1095M(3556M) 104,856ms
[287,342s][info][gc] GC(517) Pause Young (Allocation Failure) 2296M->1166M(3556M) 102,789ms
[287,922s][info][gc] GC(518) Pause Young (Allocation Failure) 2367M->1236M(3556M) 102,061ms
[288,499s][info][gc] GC(519) Pause Young (Allocation Failure) 2437M->1307M(3556M) 101,008ms
[289,082s][info][gc] GC(520) Pause Young (Allocation Failure) 2508M->1377M(3556M) 103,886ms
[289,674s][info][gc] GC(521) Pause Young (Allocation Failure) 2578M->1448M(3556M) 103,643ms
[290,250s][info][gc] GC(522) Pause Young (Allocation Failure) 2649M->1518M(3556M) 102,763ms
[290,837s][info][gc] GC(523) Pause Young (Allocation Failure) 2719M->1589M(3556M) 103,137ms
[291,419s][info][gc] GC(524) Pause Young (Allocation Failure) 2790M->1659M(3556M) 106,114ms
[291,998s][info][gc] GC(525) Pause Young (Allocation Failure) 2860M->1730M(3556M) 104,171ms
[292,589s][info][gc] GC(526) Pause Young (Allocation Failure) 2931M->1800M(3556M) 115,935ms
[293,174s][info][gc] GC(527) Pause Young (Allocation Failure) 3001M->1871M(3556M) 112,009ms
[293,767s][info][gc] GC(528) Pause Young (Allocation Failure) 3072M->1941M(3556M) 104,359ms
[294,347s][info][gc] GC(529) Pause Young (Allocation Failure) 3142M->2012M(3556M) 105,759ms
[294,938s][info][gc] GC(530) Pause Young (Allocation Failure) 3213M->2082M(3556M) 118,135ms
[295,526s][info][gc] GC(531) Pause Young (Allocation Failure) 3283M->2153M(3556M) 114,001ms
[296,105s][info][gc] GC(532) Pause Young (Allocation Failure) 3354M->2223M(3556M) 102,790ms
[296,694s][info][gc] GC(533) Pause Young (Allocation Failure) 3424M->2294M(3556M) 110,236ms
[297,054s][info][gc] GC(534) Pause Full (Ergonomics) 2294M->591M(3597M) 359,568ms
[297,540s][info][gc] GC(535) Pause Young (Allocation Failure) 1792M->672M(3597M) 23,363ms
[298,114s][info][gc] GC(536) Pause Young (Allocation Failure) 1873M->743M(3597M) 102,849ms
[298,691s][info][gc] GC(537) Pause Young (Allocation Failure) 1944M->813M(3597M) 100,505ms
[299,268s][info][gc] GC(538) Pause Young (Allocation Failure) 2014M->884M(3597M) 99,569ms
[299,842s][info][gc] GC(539) Pause Young (Allocation Failure) 2085M->954M(3597M) 100,927ms
[300,421s][info][gc] GC(540) Pause Young (Allocation Failure) 2155M->1025M(3597M) 104,839ms
[300,998s][info][gc] GC(541) Pause Young (Allocation Failure) 2226M->1095M(3597M) 100,299ms
[301,582s][info][gc] GC(542) Pause Young (Allocation Failure) 2296M->1166M(3597M) 103,488ms
[302,170s][info][gc] GC(543) Pause Young (Allocation Failure) 2367M->1236M(3597M) 102,309ms
[302,751s][info][gc] GC(544) Pause Young (Allocation Failure) 2437M->1306M(3597M) 103,695ms
[303,352s][info][gc] GC(545) Pause Young (Allocation Failure) 2507M->1377M(3597M) 106,105ms
[303,956s][info][gc] GC(546) Pause Young (Allocation Failure) 2578M->1447M(3597M) 106,049ms
[304,565s][info][gc] GC(547) Pause Young (Allocation Failure) 2648M->1518M(3597M) 113,915ms
[305,168s][info][gc] GC(548) Pause Young (Allocation Failure) 2719M->1588M(3597M) 115,732ms
[305,767s][info][gc] GC(549) Pause Young (Allocation Failure) 2789M->1659M(3597M) 114,285ms
[306,373s][info][gc] GC(550) Pause Young (Allocation Failure) 2860M->1729M(3597M) 109,815ms
[306,959s][info][gc] GC(551) Pause Young (Allocation Failure) 2930M->1799M(3597M) 107,980ms
[307,540s][info][gc] GC(552) Pause Young (Allocation Failure) 3000M->1870M(3597M) 109,106ms
[308,139s][info][gc] GC(553) Pause Young (Allocation Failure) 3071M->1940M(3597M) 104,663ms
[308,721s][info][gc] GC(554) Pause Young (Allocation Failure) 3141M->2011M(3597M) 109,248ms
[309,301s][info][gc] GC(555) Pause Young (Allocation Failure) 3212M->2081M(3597M) 105,424ms
[309,882s][info][gc] GC(556) Pause Young (Allocation Failure) 3282M->2151M(3597M) 105,916ms
[310,467s][info][gc] GC(557) Pause Young (Allocation Failure) 3352M->2222M(3597M) 107,468ms
[311,045s][info][gc] GC(558) Pause Young (Allocation Failure) 3423M->2292M(3597M) 105,639ms
[311,629s][info][gc] GC(559) Pause Young (Allocation Failure) 3493M->2363M(3597M) 111,508ms
[311,996s][info][gc] GC(560) Pause Full (Ergonomics) 2363M->591M(3638M) 367,044ms
[312,508s][info][gc] GC(561) Pause Young (Allocation Failure) 1792M->672M(3638M) 23,385ms
[313,073s][info][gc] GC(562) Pause Young (Allocation Failure) 1873M->743M(3638M) 100,058ms
[313,655s][info][gc] GC(563) Pause Young (Allocation Failure) 1944M->813M(3638M) 102,100ms
[314,241s][info][gc] GC(564) Pause Young (Allocation Failure) 2014M->883M(3638M) 101,912ms
[314,829s][info][gc] GC(565) Pause Young (Allocation Failure) 2084M->954M(3638M) 105,652ms
[315,411s][info][gc] GC(566) Pause Young (Allocation Failure) 2155M->1024M(3638M) 104,472ms
[315,991s][info][gc] GC(567) Pause Young (Allocation Failure) 2225M->1095M(3638M) 100,053ms
[316,571s][info][gc] GC(568) Pause Young (Allocation Failure) 2296M->1165M(3638M) 103,023ms
[317,166s][info][gc] GC(569) Pause Young (Allocation Failure) 2366M->1236M(3638M) 103,996ms
[317,749s][info][gc] GC(570) Pause Young (Allocation Failure) 2437M->1306M(3638M) 105,492ms
[318,328s][info][gc] GC(571) Pause Young (Allocation Failure) 2507M->1377M(3638M) 105,207ms
[318,912s][info][gc] GC(572) Pause Young (Allocation Failure) 2578M->1447M(3638M) 107,175ms
[319,491s][info][gc] GC(573) Pause Young (Allocation Failure) 2648M->1518M(3638M) 102,010ms
[320,072s][info][gc] GC(574) Pause Young (Allocation Failure) 2719M->1588M(3638M) 103,358ms
[320,668s][info][gc] GC(575) Pause Young (Allocation Failure) 2789M->1659M(3638M) 104,225ms
[321,253s][info][gc] GC(576) Pause Young (Allocation Failure) 2860M->1729M(3638M) 106,238ms
[321,833s][info][gc] GC(577) Pause Young (Allocation Failure) 2930M->1799M(3638M) 106,705ms
[322,408s][info][gc] GC(578) Pause Young (Allocation Failure) 3000M->1870M(3638M) 101,983ms
[322,987s][info][gc] GC(579) Pause Young (Allocation Failure) 3071M->1940M(3638M) 104,093ms
[323,591s][info][gc] GC(580) Pause Young (Allocation Failure) 3141M->2011M(3638M) 113,624ms
[324,187s][info][gc] GC(581) Pause Young (Allocation Failure) 3212M->2081M(3638M) 117,312ms
[324,775s][info][gc] GC(582) Pause Young (Allocation Failure) 3282M->2152M(3638M) 103,041ms
[325,361s][info][gc] GC(583) Pause Young (Allocation Failure) 3353M->2222M(3638M) 106,347ms
[325,941s][info][gc] GC(584) Pause Young (Allocation Failure) 3423M->2293M(3638M) 109,821ms
[326,520s][info][gc] GC(585) Pause Young (Allocation Failure) 3494M->2363M(3638M) 106,791ms
[326,882s][info][gc] GC(586) Pause Full (Ergonomics) 2363M->591M(3680M) 361,984ms
[327,374s][info][gc] GC(587) Pause Young (Allocation Failure) 1792M->672M(3680M) 23,273ms
[327,940s][info][gc] GC(588) Pause Young (Allocation Failure) 1873M->743M(3680M) 102,968ms
[328,518s][info][gc] GC(589) Pause Young (Allocation Failure) 1944M->813M(3680M) 103,391ms
[329,095s][info][gc] GC(590) Pause Young (Allocation Failure) 2014M->884M(3680M) 96,350ms
[329,677s][info][gc] GC(591) Pause Young (Allocation Failure) 2085M->954M(3680M) 101,931ms
[330,262s][info][gc] GC(592) Pause Young (Allocation Failure) 2155M->1025M(3680M) 102,898ms
[330,845s][info][gc] GC(593) Pause Young (Allocation Failure) 2226M->1095M(3680M) 100,876ms
[331,428s][info][gc] GC(594) Pause Young (Allocation Failure) 2296M->1165M(3680M) 104,114ms
[332,029s][info][gc] GC(595) Pause Young (Allocation Failure) 2366M->1236M(3680M) 104,720ms
[332,635s][info][gc] GC(596) Pause Young (Allocation Failure) 2437M->1306M(3680M) 102,971ms
[333,231s][info][gc] GC(597) Pause Young (Allocation Failure) 2507M->1377M(3680M) 104,147ms
[333,836s][info][gc] GC(598) Pause Young (Allocation Failure) 2578M->1447M(3680M) 95,397ms
[334,458s][info][gc] GC(599) Pause Young (Allocation Failure) 2648M->1517M(3680M) 107,761ms
[335,045s][info][gc] GC(600) Pause Young (Allocation Failure) 2718M->1588M(3680M) 107,724ms
[335,634s][info][gc] GC(601) Pause Young (Allocation Failure) 2789M->1658M(3680M) 105,163ms
[336,218s][info][gc] GC(602) Pause Young (Allocation Failure) 2859M->1729M(3680M) 104,811ms
[336,803s][info][gc] GC(603) Pause Young (Allocation Failure) 2930M->1799M(3680M) 101,273ms
[337,394s][info][gc] GC(604) Pause Young (Allocation Failure) 3000M->1870M(3680M) 103,627ms
[338,005s][info][gc] GC(605) Pause Young (Allocation Failure) 3071M->1940M(3680M) 102,507ms
[338,605s][info][gc] GC(606) Pause Young (Allocation Failure) 3141M->2011M(3680M) 102,997ms
[339,194s][info][gc] GC(607) Pause Young (Allocation Failure) 3212M->2081M(3680M) 104,151ms
[339,776s][info][gc] GC(608) Pause Young (Allocation Failure) 3282M->2152M(3680M) 104,213ms
[340,364s][info][gc] GC(609) Pause Young (Allocation Failure) 3353M->2222M(3680M) 107,774ms
[340,955s][info][gc] GC(610) Pause Young (Allocation Failure) 3423M->2293M(3680M) 109,577ms
[341,537s][info][gc] GC(611) Pause Young (Allocation Failure) 3494M->2363M(3680M) 108,360ms
[342,137s][info][gc] GC(612) Pause Young (Allocation Failure) 3564M->2434M(3680M) 116,777ms
[342,500s][info][gc] GC(613) Pause Full (Ergonomics) 2434M->591M(3721M) 363,348ms
[342,990s][info][gc] GC(614) Pause Young (Allocation Failure) 1792M->672M(3721M) 23,444ms
[343,563s][info][gc] GC(615) Pause Young (Allocation Failure) 1873M->743M(3721M) 101,288ms
[344,144s][info][gc] GC(616) Pause Young (Allocation Failure) 1944M->813M(3721M) 100,235ms
[344,716s][info][gc] GC(617) Pause Young (Allocation Failure) 2014M->883M(3721M) 98,643ms
[345,293s][info][gc] GC(618) Pause Young (Allocation Failure) 2084M->954M(3721M) 101,375ms
[345,870s][info][gc] GC(619) Pause Young (Allocation Failure) 2155M->1025M(3721M) 100,251ms
[346,447s][info][gc] GC(620) Pause Young (Allocation Failure) 2226M->1095M(3721M) 102,988ms
[347,028s][info][gc] GC(621) Pause Young (Allocation Failure) 2296M->1165M(3721M) 102,374ms
[347,617s][info][gc] GC(622) Pause Young (Allocation Failure) 2366M->1236M(3721M) 105,314ms
[348,193s][info][gc] GC(623) Pause Young (Allocation Failure) 2437M->1306M(3721M) 100,470ms
[348,774s][info][gc] GC(624) Pause Young (Allocation Failure) 2507M->1377M(3721M) 104,281ms
[349,353s][info][gc] GC(625) Pause Young (Allocation Failure) 2578M->1447M(3721M) 101,964ms
[349,930s][info][gc] GC(626) Pause Young (Allocation Failure) 2648M->1518M(3721M) 104,341ms
[350,503s][info][gc] GC(627) Pause Young (Allocation Failure) 2719M->1588M(3721M) 100,727ms
[351,084s][info][gc] GC(628) Pause Young (Allocation Failure) 2789M->1659M(3721M) 102,969ms
[351,667s][info][gc] GC(629) Pause Young (Allocation Failure) 2860M->1729M(3721M) 104,372ms
[352,266s][info][gc] GC(630) Pause Young (Allocation Failure) 2930M->1800M(3721M) 118,583ms
[352,853s][info][gc] GC(631) Pause Young (Allocation Failure) 3001M->1870M(3721M) 106,971ms
[353,444s][info][gc] GC(632) Pause Young (Allocation Failure) 3071M->1941M(3721M) 105,948ms
[354,028s][info][gc] GC(633) Pause Young (Allocation Failure) 3142M->2011M(3721M) 108,336ms
[354,612s][info][gc] GC(634) Pause Young (Allocation Failure) 3212M->2082M(3721M) 109,047ms
[355,192s][info][gc] GC(635) Pause Young (Allocation Failure) 3283M->2152M(3721M) 103,334ms
[355,775s][info][gc] GC(636) Pause Young (Allocation Failure) 3353M->2223M(3721M) 103,838ms
[356,361s][info][gc] GC(637) Pause Young (Allocation Failure) 3424M->2293M(3721M) 109,067ms
[356,950s][info][gc] GC(638) Pause Young (Allocation Failure) 3494M->2364M(3721M) 108,218ms
[357,538s][info][gc] GC(639) Pause Young (Allocation Failure) 3565M->2434M(3721M) 113,885ms
[358,124s][info][gc] GC(640) Pause Young (Allocation Failure) 3635M->2505M(3721M) 111,665ms
[358,485s][info][gc] GC(641) Pause Full (Ergonomics) 2505M->591M(3763M) 361,322ms
[358,977s][info][gc] GC(642) Pause Young (Allocation Failure) 1792M->672M(3763M) 23,311ms
[359,542s][info][gc] GC(643) Pause Young (Allocation Failure) 1873M->743M(3763M) 102,207ms
[360,116s][info][gc] GC(644) Pause Young (Allocation Failure) 1944M->813M(3763M) 101,577ms
