[0.006s][info][gc] Using Parallel
[0,273s][info][gc] GC(0) Pause Young (Allocation Failure) 128M->14M(491M) 8,351ms
[0,351s][info][gc] GC(1) Pause Young (Allocation Failure) 142M->23M(619M) 10,557ms
[0,518s][info][gc] GC(2) Pause Young (Allocation Failure) 280M->41M(619M) 17,342ms
[0,638s][info][gc] GC(3) Pause Young (Allocation Failure) 298M->59M(876M) 16,953ms
[0,941s][info][gc] GC(4) Pause Young (Allocation Failure) 573M->94M(876M) 23,790ms
[1,170s][info][gc] GC(5) Pause Young (Allocation Failure) 608M->130M(1427M) 19,401ms
[1,801s][info][gc] GC(6) Pause Young (Allocation Failure) 1150M->194M(1434M) 39,702ms
[2,291s][info][gc] GC(7) Pause Young (Allocation Failure) 1215M->256M(2462M) 77,521ms
[3,575s][info][gc] GC(8) Pause Young (Allocation Failure) 2267M->362M(2492M) 190,536ms
[4,622s][info][gc] GC(9) Pause Young (Allocation Failure) 2373M->461M(3705M) 223,188ms
[4,943s][info][gc] GC(10) Pause Full (Ergonomics) 461M->371M(3950M) 321,013ms
[6,761s][info][gc] GC(11) Pause Young (Allocation Failure) 3541M->554M(3998M) 260,903ms
[8,405s][info][gc] GC(12) Pause Young (Allocation Failure) 3725M->684M(5287M) 344,141ms
[8,803s][info][gc] GC(13) Pause Full (Ergonomics) 684M->491M(5544M) 398,057ms
[11,095s][info][gc] GC(14) Pause Young (Allocation Failure) 4929M->740M(5938M) 250,299ms
[13,587s][info][gc] GC(15) Pause Young (Allocation Failure) 5573M->894M(5924M) 468,355ms
[16,043s][info][gc] GC(16) Pause Young (Allocation Failure) 5727M->1039M(5888M) 495,151ms
[16,490s][info][gc] GC(17) Pause Full (Ergonomics) 1039M->573M(6097M) 446,678ms
[18,617s][info][gc] GC(18) Pause Young (Allocation Failure) 5288M->834M(6060M) 222,176ms
[20,937s][info][gc] GC(19) Pause Young (Allocation Failure) 5512M->979M(5946M) 419,454ms
[23,255s][info][gc] GC(20) Pause Young (Allocation Failure) 5657M->1123M(6047M) 430,664ms
[23,737s][info][gc] GC(21) Pause Full (Ergonomics) 1123M->587M(6162M) 481,532ms
[25,785s][info][gc] GC(22) Pause Young (Allocation Failure) 5221M->845M(6152M) 201,799ms
[28,069s][info][gc] GC(23) Pause Young (Allocation Failure) 5469M->990M(5996M) 431,383ms
[30,334s][info][gc] GC(24) Pause Young (Allocation Failure) 5614M->1135M(6154M) 418,563ms
[32,626s][info][gc] GC(25) Pause Young (Allocation Failure) 5754M->1279M(5990M) 446,819ms
[33,035s][info][gc] GC(26) Pause Full (Ergonomics) 1279M->590M(6228M) 408,440ms
[35,101s][info][gc] GC(27) Pause Young (Allocation Failure) 5210M->847M(6066M) 218,431ms
[37,375s][info][gc] GC(28) Pause Young (Allocation Failure) 5467M->992M(6232M) 412,000ms
[39,687s][info][gc] GC(29) Pause Young (Allocation Failure) 5618M->1137M(6228M) 429,144ms
[42,015s][info][gc] GC(30) Pause Young (Allocation Failure) 5763M->1281M(6233M) 418,232ms
[42,402s][info][gc] GC(31) Pause Full (Ergonomics) 1281M->591M(6282M) 386,285ms
[44,512s][info][gc] GC(32) Pause Young (Allocation Failure) 5228M->849M(6293M) 217,070ms
[46,781s][info][gc] GC(33) Pause Young (Allocation Failure) 5504M->993M(6295M) 417,272ms
[49,068s][info][gc] GC(34) Pause Young (Allocation Failure) 5648M->1138M(6297M) 440,066ms
[51,368s][info][gc] GC(35) Pause Young (Allocation Failure) 5810M->1284M(6300M) 427,325ms
[51,808s][info][gc] GC(36) Pause Full (Ergonomics) 1284M->591M(6348M) 439,210ms
[53,883s][info][gc] GC(37) Pause Young (Allocation Failure) 5282M->851M(6348M) 204,671ms
[56,193s][info][gc] GC(38) Pause Young (Allocation Failure) 5542M->996M(6352M) 419,581ms
[58,534s][info][gc] GC(39) Pause Young (Allocation Failure) 5702M->1141M(6352M) 418,378ms
[60,863s][info][gc] GC(40) Pause Young (Allocation Failure) 5848M->1286M(6363M) 428,398ms
[61,288s][info][gc] GC(41) Pause Full (Ergonomics) 1286M->591M(6393M) 425,266ms
[63,391s][info][gc] GC(42) Pause Young (Allocation Failure) 5319M->852M(6399M) 206,809ms
[65,736s][info][gc] GC(43) Pause Young (Allocation Failure) 5597M->998M(6404M) 420,202ms
[68,102s][info][gc] GC(44) Pause Young (Allocation Failure) 5743M->1143M(6405M) 425,239ms
[70,473s][info][gc] GC(45) Pause Young (Allocation Failure) 5903M->1289M(6410M) 440,580ms
[72,916s][info][gc] GC(46) Pause Young (Allocation Failure) 6049M->1434M(6415M) 438,379ms
[73,322s][info][gc] GC(47) Pause Full (Ergonomics) 1434M->591M(6441M) 406,236ms
[75,438s][info][gc] GC(48) Pause Young (Allocation Failure) 5369M->854M(6447M) 223,103ms
[77,784s][info][gc] GC(49) Pause Young (Allocation Failure) 5646M->1000M(6451M) 421,030ms
[80,155s][info][gc] GC(50) Pause Young (Allocation Failure) 5792M->1145M(6451M) 454,384ms
[82,553s][info][gc] GC(51) Pause Young (Allocation Failure) 5948M->1291M(6454M) 449,288ms
[84,992s][info][gc] GC(52) Pause Young (Allocation Failure) 6094M->1436M(6458M) 458,710ms
[85,419s][info][gc] GC(53) Pause Full (Ergonomics) 1436M->591M(6479M) 426,454ms
[87,584s][info][gc] GC(54) Pause Young (Allocation Failure) 5408M->856M(6483M) 220,797ms
[89,965s][info][gc] GC(55) Pause Young (Allocation Failure) 5683M->1002M(6486M) 428,942ms
[92,318s][info][gc] GC(56) Pause Young (Allocation Failure) 5829M->1147M(6485M) 425,550ms
[94,688s][info][gc] GC(57) Pause Young (Allocation Failure) 5983M->1294M(6489M) 429,980ms
[97,053s][info][gc] GC(58) Pause Young (Allocation Failure) 6129M->1439M(6491M) 419,106ms
[97,476s][info][gc] GC(59) Pause Full (Ergonomics) 1439M->591M(6510M) 422,628ms
[99,662s][info][gc] GC(60) Pause Young (Allocation Failure) 5437M->857M(6513M) 218,953ms
[102,032s][info][gc] GC(61) Pause Young (Allocation Failure) 5710M->1003M(6515M) 430,147ms
[104,410s][info][gc] GC(62) Pause Young (Allocation Failure) 5856M->1149M(6515M) 420,572ms
[106,791s][info][gc] GC(63) Pause Young (Allocation Failure) 6008M->1295M(6517M) 425,810ms
[109,167s][info][gc] GC(64) Pause Young (Allocation Failure) 6154M->1440M(6520M) 432,905ms
[109,591s][info][gc] GC(65) Pause Full (Ergonomics) 1440M->591M(6537M) 423,804ms
[111,769s][info][gc] GC(66) Pause Young (Allocation Failure) 5458M->858M(6538M) 233,308ms
[114,181s][info][gc] GC(67) Pause Young (Allocation Failure) 5730M->1004M(6540M) 455,238ms
[116,577s][info][gc] GC(68) Pause Young (Allocation Failure) 5876M->1150M(6542M) 459,906ms
[118,957s][info][gc] GC(69) Pause Young (Allocation Failure) 6027M->1295M(6543M) 426,280ms
[121,331s][info][gc] GC(70) Pause Young (Allocation Failure) 6173M->1441M(6545M) 429,274ms
[121,767s][info][gc] GC(71) Pause Full (Ergonomics) 1441M->591M(6562M) 436,113ms
[123,937s][info][gc] GC(72) Pause Young (Allocation Failure) 5473M->858M(6562M) 216,804ms
[126,313s][info][gc] GC(73) Pause Young (Allocation Failure) 5744M->1004M(6564M) 425,718ms
[128,764s][info][gc] GC(74) Pause Young (Allocation Failure) 5890M->1150M(6564M) 461,327ms
[131,139s][info][gc] GC(75) Pause Young (Allocation Failure) 6040M->1296M(6566M) 432,393ms
[133,547s][info][gc] GC(76) Pause Young (Allocation Failure) 6186M->1442M(6566M) 442,073ms
[135,956s][info][gc] GC(77) Pause Young (Allocation Failure) 6336M->1588M(6568M) 450,120ms
[136,383s][info][gc] GC(78) Pause Full (Ergonomics) 1588M->591M(6587M) 426,801ms
[138,561s][info][gc] GC(79) Pause Young (Allocation Failure) 5489M->859M(6587M) 238,443ms
[140,952s][info][gc] GC(80) Pause Young (Allocation Failure) 5757M->1005M(6587M) 445,925ms
[143,356s][info][gc] GC(81) Pause Young (Allocation Failure) 5904M->1151M(6587M) 432,067ms
[145,740s][info][gc] GC(82) Pause Young (Allocation Failure) 6050M->1297M(6589M) 430,626ms
[148,147s][info][gc] GC(83) Pause Young (Allocation Failure) 6199M->1443M(6588M) 446,248ms
[150,567s][info][gc] GC(84) Pause Young (Allocation Failure) 6344M->1589M(6590M) 465,468ms
[150,935s][info][gc] GC(85) Pause Full (Ergonomics) 1589M->591M(6604M) 368,207ms
[153,103s][info][gc] GC(86) Pause Young (Allocation Failure) 5495M->860M(6606M) 217,217ms
[155,530s][info][gc] GC(87) Pause Young (Allocation Failure) 5766M->1006M(6606M) 453,021ms
[157,996s][info][gc] GC(88) Pause Young (Allocation Failure) 5912M->1151M(6606M) 452,642ms
[160,396s][info][gc] GC(89) Pause Young (Allocation Failure) 6059M->1297M(6606M) 428,212ms
[162,787s][info][gc] GC(90) Pause Young (Allocation Failure) 6205M->1443M(6607M) 426,127ms
[165,219s][info][gc] GC(91) Pause Young (Allocation Failure) 6353M->1589M(6607M) 460,177ms
[165,643s][info][gc] GC(92) Pause Full (Ergonomics) 1589M->591M(6623M) 423,596ms
[167,832s][info][gc] GC(93) Pause Young (Allocation Failure) 5502M->860M(6623M) 217,950ms
[170,316s][info][gc] GC(94) Pause Young (Allocation Failure) 5771M->1006M(6623M) 426,160ms
[172,766s][info][gc] GC(95) Pause Young (Allocation Failure) 5918M->1152M(6624M) 454,271ms
[175,158s][info][gc] GC(96) Pause Young (Allocation Failure) 6064M->1297M(6624M) 433,722ms
[177,623s][info][gc] GC(97) Pause Young (Allocation Failure) 6210M->1443M(6624M) 455,322ms
[180,038s][info][gc] GC(98) Pause Young (Allocation Failure) 6356M->1589M(6625M) 433,889ms
[180,473s][info][gc] GC(99) Pause Full (Ergonomics) 1589M->591M(6642M) 435,057ms
[182,631s][info][gc] GC(100) Pause Young (Allocation Failure) 5506M->860M(6642M) 221,201ms
[185,011s][info][gc] GC(101) Pause Young (Allocation Failure) 5775M->1006M(6639M) 425,191ms
[187,401s][info][gc] GC(102) Pause Young (Allocation Failure) 5921M->1152M(6642M) 435,206ms
[189,819s][info][gc] GC(103) Pause Young (Allocation Failure) 6067M->1298M(6642M) 451,929ms
[192,293s][info][gc] GC(104) Pause Young (Allocation Failure) 6213M->1444M(6642M) 453,416ms
[194,719s][info][gc] GC(105) Pause Young (Allocation Failure) 6360M->1590M(6642M) 453,407ms
[195,138s][info][gc] GC(106) Pause Full (Ergonomics) 1590M->591M(6661M) 418,872ms
[197,347s][info][gc] GC(107) Pause Young (Allocation Failure) 5508M->860M(6659M) 221,792ms
[199,787s][info][gc] GC(108) Pause Young (Allocation Failure) 5777M->1006M(6661M) 442,676ms
[202,187s][info][gc] GC(109) Pause Young (Allocation Failure) 5923M->1152M(6661M) 431,167ms
[204,628s][info][gc] GC(110) Pause Young (Allocation Failure) 6069M->1298M(6662M) 441,208ms
[207,042s][info][gc] GC(111) Pause Young (Allocation Failure) 6216M->1444M(6662M) 431,617ms
[209,463s][info][gc] GC(112) Pause Young (Allocation Failure) 6362M->1590M(6661M) 431,813ms
[209,898s][info][gc] GC(113) Pause Full (Ergonomics) 1590M->591M(6680M) 434,690ms
[212,081s][info][gc] GC(114) Pause Young (Allocation Failure) 5509M->860M(6681M) 213,804ms
[214,519s][info][gc] GC(115) Pause Young (Allocation Failure) 5779M->1006M(6681M) 435,467ms
[216,956s][info][gc] GC(116) Pause Young (Allocation Failure) 5925M->1152M(6681M) 450,967ms
[219,423s][info][gc] GC(117) Pause Young (Allocation Failure) 6071M->1298M(6681M) 450,900ms
[221,804s][info][gc] GC(118) Pause Young (Allocation Failure) 6217M->1443M(6680M) 425,265ms
[224,222s][info][gc] GC(119) Pause Young (Allocation Failure) 6362M->1590M(6681M) 452,221ms
[224,603s][info][gc] GC(120) Pause Full (Ergonomics) 1590M->591M(6701M) 380,268ms
[226,784s][info][gc] GC(121) Pause Young (Allocation Failure) 5511M->860M(6701M) 217,083ms
[229,218s][info][gc] GC(122) Pause Young (Allocation Failure) 5780M->1006M(6701M) 430,843ms
[231,664s][info][gc] GC(123) Pause Young (Allocation Failure) 5926M->1152M(6701M) 457,950ms
[234,079s][info][gc] GC(124) Pause Young (Allocation Failure) 6072M->1298M(6701M) 453,759ms
[236,467s][info][gc] GC(125) Pause Young (Allocation Failure) 6218M->1444M(6701M) 432,751ms
[238,915s][info][gc] GC(126) Pause Young (Allocation Failure) 6364M->1590M(6701M) 440,618ms
[239,333s][info][gc] GC(127) Pause Full (Ergonomics) 1590M->591M(6722M) 418,331ms
[241,530s][info][gc] GC(128) Pause Young (Allocation Failure) 5511M->860M(6722M) 222,520ms
[243,932s][info][gc] GC(129) Pause Young (Allocation Failure) 5780M->1006M(6721M) 433,436ms
[246,358s][info][gc] GC(130) Pause Young (Allocation Failure) 5926M->1152M(6721M) 432,566ms
[248,878s][info][gc] GC(131) Pause Young (Allocation Failure) 6072M->1298M(6721M) 449,923ms
[251,298s][info][gc] GC(132) Pause Young (Allocation Failure) 6218M->1444M(6722M) 436,000ms
[253,745s][info][gc] GC(133) Pause Young (Allocation Failure) 6365M->1590M(6722M) 434,867ms
[256,181s][info][gc] GC(134) Pause Young (Allocation Failure) 6511M->1736M(6722M) 464,251ms
[256,604s][info][gc] GC(135) Pause Full (Ergonomics) 1736M->591M(6742M) 422,390ms
[258,767s][info][gc] GC(136) Pause Young (Allocation Failure) 5512M->860M(6742M) 216,091ms
[261,180s][info][gc] GC(137) Pause Young (Allocation Failure) 5781M->1006M(6742M) 438,254ms
[263,650s][info][gc] GC(138) Pause Young (Allocation Failure) 5927M->1152M(6742M) 442,711ms
[266,166s][info][gc] GC(139) Pause Young (Allocation Failure) 6073M->1298M(6742M) 447,779ms
[268,586s][info][gc] GC(140) Pause Young (Allocation Failure) 6219M->1443M(6742M) 457,033ms
[270,998s][info][gc] GC(141) Pause Young (Allocation Failure) 6364M->1589M(6742M) 428,187ms
[273,387s][info][gc] GC(142) Pause Young (Allocation Failure) 6510M->1735M(6742M) 435,611ms
[273,806s][info][gc] GC(143) Pause Full (Ergonomics) 1735M->591M(6761M) 418,772ms
[275,987s][info][gc] GC(144) Pause Young (Allocation Failure) 5512M->860M(6761M) 224,535ms
[278,397s][info][gc] GC(145) Pause Young (Allocation Failure) 5781M->1006M(6761M) 421,003ms
[280,881s][info][gc] GC(146) Pause Young (Allocation Failure) 5927M->1152M(6761M) 437,071ms
[283,356s][info][gc] GC(147) Pause Young (Allocation Failure) 6073M->1298M(6761M) 440,487ms
[285,795s][info][gc] GC(148) Pause Young (Allocation Failure) 6219M->1444M(6761M) 427,742ms
[288,275s][info][gc] GC(149) Pause Young (Allocation Failure) 6365M->1590M(6761M) 445,810ms
[290,673s][info][gc] GC(150) Pause Young (Allocation Failure) 6511M->1736M(6761M) 431,207ms
[291,103s][info][gc] GC(151) Pause Full (Ergonomics) 1736M->590M(6779M) 429,846ms
[293,278s][info][gc] GC(152) Pause Young (Allocation Failure) 5511M->860M(6779M) 219,484ms
[295,668s][info][gc] GC(153) Pause Young (Allocation Failure) 5781M->1006M(6779M) 436,840ms
[298,082s][info][gc] GC(154) Pause Young (Allocation Failure) 5927M->1151M(6779M) 439,649ms
[300,484s][info][gc] GC(155) Pause Young (Allocation Failure) 6072M->1297M(6779M) 444,838ms
[302,899s][info][gc] GC(156) Pause Young (Allocation Failure) 6218M->1443M(6779M) 451,457ms
[305,303s][info][gc] GC(157) Pause Young (Allocation Failure) 6364M->1590M(6779M) 440,004ms
[307,730s][info][gc] GC(158) Pause Young (Allocation Failure) 6511M->1736M(6779M) 442,269ms
[308,160s][info][gc] GC(159) Pause Full (Ergonomics) 1736M->591M(6799M) 430,178ms
[310,327s][info][gc] GC(160) Pause Young (Allocation Failure) 5512M->860M(6799M) 225,139ms
[312,740s][info][gc] GC(161) Pause Young (Allocation Failure) 5781M->1006M(6799M) 448,886ms
[315,145s][info][gc] GC(162) Pause Young (Allocation Failure) 5927M->1151M(6799M) 445,109ms
[317,545s][info][gc] GC(163) Pause Young (Allocation Failure) 6072M->1298M(6799M) 441,592ms
[319,941s][info][gc] GC(164) Pause Young (Allocation Failure) 6219M->1444M(6799M) 438,393ms
[322,343s][info][gc] GC(165) Pause Young (Allocation Failure) 6365M->1590M(6799M) 443,371ms
[324,793s][info][gc] GC(166) Pause Young (Allocation Failure) 6511M->1736M(6799M) 448,113ms
[325,221s][info][gc] GC(167) Pause Full (Ergonomics) 1736M->591M(6819M) 427,887ms
[327,395s][info][gc] GC(168) Pause Young (Allocation Failure) 5512M->860M(6819M) 222,247ms
[329,788s][info][gc] GC(169) Pause Young (Allocation Failure) 5781M->1006M(6819M) 439,237ms
[332,190s][info][gc] GC(170) Pause Young (Allocation Failure) 5927M->1152M(6819M) 444,490ms
[334,589s][info][gc] GC(171) Pause Young (Allocation Failure) 6073M->1298M(6819M) 443,173ms
[336,984s][info][gc] GC(172) Pause Young (Allocation Failure) 6219M->1444M(6819M) 443,500ms
[339,400s][info][gc] GC(173) Pause Young (Allocation Failure) 6365M->1590M(6819M) 440,804ms
[341,811s][info][gc] GC(174) Pause Young (Allocation Failure) 6511M->1735M(6819M) 441,562ms
[342,241s][info][gc] GC(175) Pause Full (Ergonomics) 1735M->591M(6840M) 430,101ms
[344,430s][info][gc] GC(176) Pause Young (Allocation Failure) 5512M->860M(6840M) 244,123ms
[346,829s][info][gc] GC(177) Pause Young (Allocation Failure) 5781M->1006M(6840M) 439,909ms
[349,215s][info][gc] GC(178) Pause Young (Allocation Failure) 5927M->1151M(6840M) 433,473ms
[351,611s][info][gc] GC(179) Pause Young (Allocation Failure) 6072M->1298M(6840M) 439,053ms
[354,027s][info][gc] GC(180) Pause Young (Allocation Failure) 6219M->1443M(6840M) 443,247ms
[356,443s][info][gc] GC(181) Pause Young (Allocation Failure) 6364M->1589M(6840M) 461,746ms
[358,831s][info][gc] GC(182) Pause Young (Allocation Failure) 6510M->1735M(6840M) 435,756ms
[359,186s][info][gc] GC(183) Pause Full (Ergonomics) 1735M->591M(6861M) 355,767ms
[361,356s][info][gc] GC(184) Pause Young (Allocation Failure) 5512M->860M(6861M) 229,613ms
