[0,268s][info][gc] GC(0) Pause Young (Allocation Failure) 136M->14M(494M) 18,568ms
[0,366s][info][gc] GC(1) Pause Young (Allocation Failure) 150M->24M(494M) 27,951ms
[0,451s][info][gc] GC(2) Pause Young (Allocation Failure) 160M->33M(494M) 23,959ms
[0,533s][info][gc] GC(3) Pause Young (Allocation Failure) 170M->43M(494M) 24,115ms
[0,613s][info][gc] GC(4) Pause Young (Allocation Failure) 180M->53M(494M) 23,980ms
[0,693s][info][gc] GC(5) Pause Young (Allocation Failure) 189M->62M(494M) 24,049ms
[0,773s][info][gc] GC(6) Pause Young (Allocation Failure) 199M->72M(494M) 24,508ms
[0,853s][info][gc] GC(7) Pause Young (Allocation Failure) 209M->82M(494M) 24,474ms
[0,933s][info][gc] GC(8) Pause Young (Allocation Failure) 218M->92M(494M) 24,486ms
[1,013s][info][gc] GC(9) Pause Young (Allocation Failure) 228M->101M(494M) 24,574ms
[1,092s][info][gc] GC(10) Pause Young (Allocation Failure) 238M->111M(494M) 24,628ms
[1,182s][info][gc] GC(11) Pause Young (Allocation Failure) 248M->121M(494M) 26,242ms
[1,268s][info][gc] GC(12) Pause Young (Allocation Failure) 257M->131M(494M) 25,880ms
[1,352s][info][gc] GC(13) Pause Young (Allocation Failure) 267M->140M(494M) 25,079ms
[1,433s][info][gc] GC(14) Pause Young (Allocation Failure) 277M->150M(494M) 25,101ms
[1,514s][info][gc] GC(15) Pause Young (Allocation Failure) 287M->160M(494M) 25,342ms
[1,596s][info][gc] GC(16) Pause Young (Allocation Failure) 296M->170M(494M) 25,460ms
[1,677s][info][gc] GC(17) Pause Young (Allocation Failure) 306M->179M(494M) 25,423ms
[1,757s][info][gc] GC(18) Pause Young (Allocation Failure) 316M->189M(494M) 25,457ms
[1,840s][info][gc] GC(19) Pause Young (Allocation Failure) 325M->199M(494M) 27,062ms
[1,924s][info][gc] GC(20) Pause Young (Allocation Failure) 335M->208M(494M) 25,825ms
[2,005s][info][gc] GC(21) Pause Young (Allocation Failure) 345M->218M(494M) 25,862ms
[2,086s][info][gc] GC(22) Pause Young (Allocation Failure) 355M->228M(494M) 25,976ms
[2,170s][info][gc] GC(23) Pause Young (Allocation Failure) 364M->238M(494M) 26,256ms
[2,253s][info][gc] GC(24) Pause Young (Allocation Failure) 374M->247M(494M) 26,039ms
[2,334s][info][gc] GC(25) Pause Young (Allocation Failure) 384M->257M(494M) 26,377ms
[2,415s][info][gc] GC(26) Pause Young (Allocation Failure) 394M->267M(494M) 25,886ms
[2,496s][info][gc] GC(27) Pause Young (Allocation Failure) 403M->277M(494M) 26,234ms
[2,577s][info][gc] GC(28) Pause Young (Allocation Failure) 413M->286M(494M) 26,069ms
[2,658s][info][gc] GC(29) Pause Young (Allocation Failure) 423M->296M(494M) 26,020ms
[2,739s][info][gc] GC(30) Pause Young (Allocation Failure) 433M->306M(494M) 26,405ms
[2,820s][info][gc] GC(31) Pause Young (Allocation Failure) 442M->315M(494M) 26,056ms
[2,901s][info][gc] GC(32) Pause Young (Allocation Failure) 452M->325M(494M) 25,993ms
[2,981s][info][gc] GC(33) Pause Young (Allocation Failure) 462M->335M(494M) 26,026ms
[3,062s][info][gc] GC(34) Pause Young (Allocation Failure) 471M->345M(494M) 25,967ms
[3,143s][info][gc] GC(35) Pause Young (Allocation Failure) 481M->354M(498M) 26,118ms
[3,535s][info][gc] GC(36) Pause Full (Allocation Failure) 354M->290M(702M) 392,580ms
[3,649s][info][gc] GC(37) Pause Young (Allocation Failure) 484M->304M(702M) 25,431ms
[3,766s][info][gc] GC(38) Pause Young (Allocation Failure) 498M->318M(702M) 36,205ms
[3,879s][info][gc] GC(39) Pause Young (Allocation Failure) 512M->332M(702M) 35,055ms
[3,995s][info][gc] GC(40) Pause Young (Allocation Failure) 526M->345M(702M) 31,910ms
[4,105s][info][gc] GC(41) Pause Young (Allocation Failure) 539M->359M(702M) 31,243ms
[4,218s][info][gc] GC(42) Pause Young (Allocation Failure) 553M->373M(702M) 36,035ms
[4,332s][info][gc] GC(43) Pause Young (Allocation Failure) 567M->386M(702M) 36,230ms
[4,446s][info][gc] GC(44) Pause Young (Allocation Failure) 580M->400M(702M) 36,044ms
[4,560s][info][gc] GC(45) Pause Young (Allocation Failure) 594M->414M(702M) 36,325ms
[4,677s][info][gc] GC(46) Pause Young (Allocation Failure) 608M->427M(702M) 36,808ms
[4,793s][info][gc] GC(47) Pause Young (Allocation Failure) 621M->441M(702M) 36,248ms
[4,907s][info][gc] GC(48) Pause Young (Allocation Failure) 635M->455M(702M) 36,238ms
[5,022s][info][gc] GC(49) Pause Young (Allocation Failure) 649M->468M(702M) 36,428ms
[5,136s][info][gc] GC(50) Pause Young (Allocation Failure) 662M->482M(702M) 36,143ms
[5,250s][info][gc] GC(51) Pause Young (Allocation Failure) 676M->496M(702M) 36,200ms
[5,371s][info][gc] GC(52) Pause Young (Allocation Failure) 690M->509M(714M) 40,492ms
[5,942s][info][gc] GC(53) Pause Full (Allocation Failure) 509M->400M(967M) 570,773ms
[6,094s][info][gc] GC(54) Pause Young (Allocation Failure) 667M->419M(967M) 33,793ms
[6,252s][info][gc] GC(55) Pause Young (Allocation Failure) 686M->438M(967M) 48,408ms
[6,405s][info][gc] GC(56) Pause Young (Allocation Failure) 705M->456M(967M) 46,636ms
[6,557s][info][gc] GC(57) Pause Young (Allocation Failure) 723M->475M(967M) 41,915ms
[6,709s][info][gc] GC(58) Pause Young (Allocation Failure) 742M->493M(967M) 45,541ms
[6,860s][info][gc] GC(59) Pause Young (Allocation Failure) 760M->512M(967M) 42,144ms
[7,013s][info][gc] GC(60) Pause Young (Allocation Failure) 779M->531M(967M) 46,908ms
[7,168s][info][gc] GC(61) Pause Young (Allocation Failure) 798M->549M(967M) 48,558ms
[7,326s][info][gc] GC(62) Pause Young (Allocation Failure) 816M->568M(967M) 51,416ms
[7,482s][info][gc] GC(63) Pause Young (Allocation Failure) 835M->586M(967M) 48,802ms
[7,640s][info][gc] GC(64) Pause Young (Allocation Failure) 853M->605M(967M) 48,524ms
[7,795s][info][gc] GC(65) Pause Young (Allocation Failure) 872M->624M(967M) 48,575ms
[7,950s][info][gc] GC(66) Pause Young (Allocation Failure) 891M->642M(967M) 48,398ms
[8,105s][info][gc] GC(67) Pause Young (Allocation Failure) 909M->661M(967M) 48,399ms
[8,260s][info][gc] GC(68) Pause Young (Allocation Failure) 928M->679M(967M) 48,754ms
[8,367s][info][gc] GC(69) Pause Young (Allocation Failure) 946M->946M(967M) 0,031ms
[9,179s][info][gc] GC(70) Pause Full (Allocation Failure) 946M->497M(989M) 811,598ms
[9,329s][info][gc] GC(71) Pause Young (Allocation Failure) 770M->517M(989M) 33,620ms
[9,488s][info][gc] GC(72) Pause Young (Allocation Failure) 790M->536M(989M) 44,257ms
[9,639s][info][gc] GC(73) Pause Young (Allocation Failure) 809M->555M(989M) 41,970ms
[9,791s][info][gc] GC(74) Pause Young (Allocation Failure) 828M->574M(989M) 41,931ms
[9,943s][info][gc] GC(75) Pause Young (Allocation Failure) 847M->593M(989M) 41,472ms
[10,099s][info][gc] GC(76) Pause Young (Allocation Failure) 866M->612M(989M) 46,947ms
[10,254s][info][gc] GC(77) Pause Young (Allocation Failure) 885M->631M(989M) 41,952ms
[10,405s][info][gc] GC(78) Pause Young (Allocation Failure) 904M->650M(989M) 41,819ms
[10,556s][info][gc] GC(79) Pause Young (Allocation Failure) 923M->669M(989M) 41,549ms
[10,713s][info][gc] GC(80) Pause Young (Allocation Failure) 942M->688M(989M) 45,420ms
[10,823s][info][gc] GC(81) Pause Young (Allocation Failure) 961M->961M(989M) 0,031ms
[11,663s][info][gc] GC(82) Pause Full (Allocation Failure) 961M->504M(989M) 840,033ms
[11,798s][info][gc] GC(83) Pause Young (Allocation Failure) 777M->523M(989M) 26,380ms
[11,951s][info][gc] GC(84) Pause Young (Allocation Failure) 796M->542M(989M) 41,256ms
[12,102s][info][gc] GC(85) Pause Young (Allocation Failure) 815M->561M(989M) 41,319ms
[12,252s][info][gc] GC(86) Pause Young (Allocation Failure) 834M->580M(989M) 41,268ms
[12,402s][info][gc] GC(87) Pause Young (Allocation Failure) 853M->599M(989M) 41,209ms
[12,552s][info][gc] GC(88) Pause Young (Allocation Failure) 872M->618M(989M) 41,427ms
[12,702s][info][gc] GC(89) Pause Young (Allocation Failure) 891M->637M(989M) 41,089ms
[12,852s][info][gc] GC(90) Pause Young (Allocation Failure) 910M->656M(989M) 41,220ms
[13,002s][info][gc] GC(91) Pause Young (Allocation Failure) 929M->675M(989M) 41,213ms
[13,155s][info][gc] GC(92) Pause Young (Allocation Failure) 948M->694M(989M) 43,425ms
[13,264s][info][gc] GC(93) Pause Young (Allocation Failure) 967M->967M(989M) 0,031ms
[14,118s][info][gc] GC(94) Pause Full (Allocation Failure) 967M->565M(989M) 853,904ms
[14,254s][info][gc] GC(95) Pause Young (Allocation Failure) 838M->585M(989M) 25,933ms
[14,406s][info][gc] GC(96) Pause Young (Allocation Failure) 858M->603M(989M) 40,804ms
[14,557s][info][gc] GC(97) Pause Young (Allocation Failure) 877M->622M(989M) 41,493ms
[14,707s][info][gc] GC(98) Pause Young (Allocation Failure) 896M->641M(989M) 41,027ms
[14,856s][info][gc] GC(99) Pause Young (Allocation Failure) 915M->660M(989M) 40,907ms
[15,018s][info][gc] GC(100) Pause Young (Allocation Failure) 934M->679M(989M) 41,360ms
[15,128s][info][gc] GC(101) Pause Young (Allocation Failure) 953M->953M(989M) 0,029ms
[15,999s][info][gc] GC(102) Pause Full (Allocation Failure) 953M->578M(989M) 871,237ms
[16,135s][info][gc] GC(103) Pause Young (Allocation Failure) 851M->597M(989M) 26,752ms
[16,289s][info][gc] GC(104) Pause Young (Allocation Failure) 870M->616M(989M) 40,998ms
[16,438s][info][gc] GC(105) Pause Young (Allocation Failure) 889M->635M(989M) 40,639ms
[16,590s][info][gc] GC(106) Pause Young (Allocation Failure) 908M->654M(989M) 41,608ms
[16,741s][info][gc] GC(107) Pause Young (Allocation Failure) 927M->673M(989M) 41,038ms
[16,891s][info][gc] GC(108) Pause Young (Allocation Failure) 946M->692M(989M) 40,982ms
[16,999s][info][gc] GC(109) Pause Young (Allocation Failure) 965M->965M(989M) 0,031ms
[17,876s][info][gc] GC(110) Pause Full (Allocation Failure) 965M->587M(989M) 877,003ms
[18,011s][info][gc] GC(111) Pause Young (Allocation Failure) 861M->607M(989M) 25,763ms
[18,164s][info][gc] GC(112) Pause Young (Allocation Failure) 880M->626M(989M) 40,954ms
[18,314s][info][gc] GC(113) Pause Young (Allocation Failure) 899M->645M(989M) 40,901ms
[18,463s][info][gc] GC(114) Pause Young (Allocation Failure) 918M->664M(989M) 40,756ms
[18,612s][info][gc] GC(115) Pause Young (Allocation Failure) 937M->683M(989M) 40,665ms
[18,728s][info][gc] GC(116) Pause Young (Allocation Failure) 956M->956M(989M) 0,017ms
[19,615s][info][gc] GC(117) Pause Full (Allocation Failure) 956M->560M(989M) 887,705ms
[19,750s][info][gc] GC(118) Pause Young (Allocation Failure) 833M->580M(989M) 25,852ms
[19,906s][info][gc] GC(119) Pause Young (Allocation Failure) 853M->599M(989M) 41,408ms
[20,056s][info][gc] GC(120) Pause Young (Allocation Failure) 872M->618M(989M) 41,014ms
[20,206s][info][gc] GC(121) Pause Young (Allocation Failure) 891M->637M(989M) 40,993ms
[20,356s][info][gc] GC(122) Pause Young (Allocation Failure) 910M->656M(989M) 41,133ms
[20,506s][info][gc] GC(123) Pause Young (Allocation Failure) 929M->675M(989M) 40,963ms
[20,615s][info][gc] GC(124) Pause Young (Allocation Failure) 948M->948M(989M) 0,015ms
[21,477s][info][gc] GC(125) Pause Full (Allocation Failure) 948M->601M(989M) 861,521ms
[21,612s][info][gc] GC(126) Pause Young (Allocation Failure) 874M->620M(989M) 25,647ms
[21,765s][info][gc] GC(127) Pause Young (Allocation Failure) 894M->639M(989M) 40,669ms
[21,914s][info][gc] GC(128) Pause Young (Allocation Failure) 912M->658M(989M) 40,733ms
[22,064s][info][gc] GC(129) Pause Young (Allocation Failure) 931M->677M(989M) 40,632ms
[22,173s][info][gc] GC(130) Pause Young (Allocation Failure) 950M->950M(989M) 0,030ms
[23,041s][info][gc] GC(131) Pause Full (Allocation Failure) 950M->604M(989M) 868,002ms
[23,175s][info][gc] GC(132) Pause Young (Allocation Failure) 878M->624M(989M) 25,696ms
[23,328s][info][gc] GC(133) Pause Young (Allocation Failure) 897M->643M(989M) 40,830ms
[23,478s][info][gc] GC(134) Pause Young (Allocation Failure) 916M->662M(989M) 40,799ms
[23,628s][info][gc] GC(135) Pause Young (Allocation Failure) 935M->681M(989M) 40,833ms
[23,737s][info][gc] GC(136) Pause Young (Allocation Failure) 954M->954M(989M) 0,029ms
[24,625s][info][gc] GC(137) Pause Full (Allocation Failure) 954M->608M(989M) 888,065ms
[24,759s][info][gc] GC(138) Pause Young (Allocation Failure) 881M->627M(989M) 25,470ms
[24,914s][info][gc] GC(139) Pause Young (Allocation Failure) 900M->646M(989M) 40,949ms
[25,063s][info][gc] GC(140) Pause Young (Allocation Failure) 919M->665M(989M) 40,559ms
[25,212s][info][gc] GC(141) Pause Young (Allocation Failure) 938M->684M(989M) 40,607ms
[25,321s][info][gc] GC(142) Pause Young (Allocation Failure) 957M->957M(989M) 0,029ms
[26,235s][info][gc] GC(143) Pause Full (Allocation Failure) 957M->576M(989M) 914,223ms
[26,381s][info][gc] GC(144) Pause Young (Allocation Failure) 849M->596M(989M) 29,684ms
[26,542s][info][gc] GC(145) Pause Young (Allocation Failure) 869M->615M(989M) 45,645ms
[26,698s][info][gc] GC(146) Pause Young (Allocation Failure) 888M->634M(989M) 45,504ms
[26,850s][info][gc] GC(147) Pause Young (Allocation Failure) 907M->653M(989M) 41,033ms
[26,999s][info][gc] GC(148) Pause Young (Allocation Failure) 926M->672M(989M) 40,689ms
[27,108s][info][gc] GC(149) Pause Young (Allocation Failure) 945M->945M(989M) 0,028ms
[27,978s][info][gc] GC(150) Pause Full (Allocation Failure) 945M->613M(989M) 869,986ms
[28,121s][info][gc] GC(151) Pause Young (Allocation Failure) 886M->632M(989M) 25,702ms
[28,274s][info][gc] GC(152) Pause Young (Allocation Failure) 906M->651M(989M) 40,662ms
[28,423s][info][gc] GC(153) Pause Young (Allocation Failure) 925M->670M(989M) 40,617ms
[28,573s][info][gc] GC(154) Pause Young (Allocation Failure) 943M->689M(989M) 40,586ms
[28,681s][info][gc] GC(155) Pause Young (Allocation Failure) 962M->962M(989M) 0,015ms
[29,566s][info][gc] GC(156) Pause Full (Allocation Failure) 962M->615M(989M) 884,524ms
[29,699s][info][gc] GC(157) Pause Young (Allocation Failure) 888M->634M(989M) 25,391ms
[29,852s][info][gc] GC(158) Pause Young (Allocation Failure) 907M->653M(989M) 40,655ms
[30,001s][info][gc] GC(159) Pause Young (Allocation Failure) 926M->672M(989M) 40,509ms
[30,110s][info][gc] GC(160) Pause Young (Allocation Failure) 945M->945M(989M) 0,028ms
[30,990s][info][gc] GC(161) Pause Full (Allocation Failure) 945M->616M(989M) 880,197ms
[31,124s][info][gc] GC(162) Pause Young (Allocation Failure) 889M->636M(989M) 25,602ms
[31,278s][info][gc] GC(163) Pause Young (Allocation Failure) 909M->655M(989M) 40,957ms
[31,428s][info][gc] GC(164) Pause Young (Allocation Failure) 928M->674M(989M) 40,901ms
[31,538s][info][gc] GC(165) Pause Young (Allocation Failure) 947M->947M(989M) 0,018ms
[32,432s][info][gc] GC(166) Pause Full (Allocation Failure) 947M->583M(989M) 894,168ms
[32,567s][info][gc] GC(167) Pause Young (Allocation Failure) 856M->603M(989M) 25,519ms
[32,719s][info][gc] GC(168) Pause Young (Allocation Failure) 876M->622M(989M) 40,515ms
[32,868s][info][gc] GC(169) Pause Young (Allocation Failure) 895M->641M(989M) 40,540ms
[33,017s][info][gc] GC(170) Pause Young (Allocation Failure) 914M->659M(989M) 40,459ms
[33,167s][info][gc] GC(171) Pause Young (Allocation Failure) 933M->678M(989M) 40,631ms
[33,275s][info][gc] GC(172) Pause Young (Allocation Failure) 952M->952M(989M) 0,030ms
[34,149s][info][gc] GC(173) Pause Full (Allocation Failure) 952M->618M(989M) 873,649ms
[34,283s][info][gc] GC(174) Pause Young (Allocation Failure) 892M->638M(989M) 25,582ms
[34,435s][info][gc] GC(175) Pause Young (Allocation Failure) 911M->657M(989M) 40,579ms
[34,585s][info][gc] GC(176) Pause Young (Allocation Failure) 930M->676M(989M) 40,462ms
[34,694s][info][gc] GC(177) Pause Young (Allocation Failure) 949M->949M(989M) 0,029ms
[35,605s][info][gc] GC(178) Pause Full (Allocation Failure) 949M->619M(989M) 911,796ms
[35,740s][info][gc] GC(179) Pause Young (Allocation Failure) 892M->639M(989M) 25,506ms
[35,893s][info][gc] GC(180) Pause Young (Allocation Failure) 912M->658M(989M) 40,901ms
[36,043s][info][gc] GC(181) Pause Young (Allocation Failure) 931M->677M(989M) 40,664ms
[36,151s][info][gc] GC(182) Pause Young (Allocation Failure) 950M->950M(989M) 0,029ms
[37,041s][info][gc] GC(183) Pause Full (Allocation Failure) 950M->620M(989M) 889,555ms
[37,175s][info][gc] GC(184) Pause Young (Allocation Failure) 893M->640M(989M) 25,484ms
[37,327s][info][gc] GC(185) Pause Young (Allocation Failure) 913M->659M(989M) 40,460ms
[37,476s][info][gc] GC(186) Pause Young (Allocation Failure) 932M->678M(989M) 40,662ms
[37,585s][info][gc] GC(187) Pause Young (Allocation Failure) 951M->951M(989M) 0,015ms
[38,494s][info][gc] GC(188) Pause Full (Allocation Failure) 951M->586M(989M) 909,063ms
[38,635s][info][gc] GC(189) Pause Young (Allocation Failure) 859M->606M(989M) 25,800ms
[38,787s][info][gc] GC(190) Pause Young (Allocation Failure) 879M->625M(989M) 40,600ms
[38,937s][info][gc] GC(191) Pause Young (Allocation Failure) 898M->644M(989M) 40,595ms
[39,086s][info][gc] GC(192) Pause Young (Allocation Failure) 917M->663M(989M) 40,591ms
[39,235s][info][gc] GC(193) Pause Young (Allocation Failure) 936M->682M(989M) 40,563ms
[39,344s][info][gc] GC(194) Pause Young (Allocation Failure) 955M->955M(989M) 0,015ms
[40,226s][info][gc] GC(195) Pause Full (Allocation Failure) 955M->621M(989M) 881,504ms
[40,361s][info][gc] GC(196) Pause Young (Allocation Failure) 894M->641M(989M) 25,548ms
[40,513s][info][gc] GC(197) Pause Young (Allocation Failure) 914M->660M(989M) 40,617ms
[40,663s][info][gc] GC(198) Pause Young (Allocation Failure) 933M->679M(989M) 40,954ms
[40,772s][info][gc] GC(199) Pause Young (Allocation Failure) 952M->952M(989M) 0,015ms
[41,662s][info][gc] GC(200) Pause Full (Allocation Failure) 952M->622M(989M) 890,113ms
[41,797s][info][gc] GC(201) Pause Young (Allocation Failure) 895M->641M(989M) 25,546ms
[41,949s][info][gc] GC(202) Pause Young (Allocation Failure) 914M->660M(989M) 41,064ms
[42,099s][info][gc] GC(203) Pause Young (Allocation Failure) 933M->679M(989M) 40,784ms
[42,208s][info][gc] GC(204) Pause Young (Allocation Failure) 952M->952M(989M) 0,031ms
[43,107s][info][gc] GC(205) Pause Full (Allocation Failure) 952M->622M(989M) 898,921ms
[43,243s][info][gc] GC(206) Pause Young (Allocation Failure) 895M->642M(989M) 25,734ms
[43,409s][info][gc] GC(207) Pause Young (Allocation Failure) 915M->661M(989M) 42,496ms
[43,572s][info][gc] GC(208) Pause Young (Allocation Failure) 934M->680M(989M) 42,439ms
[43,693s][info][gc] GC(209) Pause Young (Allocation Failure) 953M->953M(989M) 0,023ms
[44,633s][info][gc] GC(210) Pause Full (Allocation Failure) 953M->588M(989M) 940,086ms
[44,770s][info][gc] GC(211) Pause Young (Allocation Failure) 861M->608M(989M) 25,962ms
[44,924s][info][gc] GC(212) Pause Young (Allocation Failure) 881M->627M(989M) 41,054ms
[45,076s][info][gc] GC(213) Pause Young (Allocation Failure) 900M->646M(989M) 41,673ms
[45,227s][info][gc] GC(214) Pause Young (Allocation Failure) 919M->665M(989M) 41,231ms
[45,381s][info][gc] GC(215) Pause Young (Allocation Failure) 938M->684M(989M) 42,128ms
[45,492s][info][gc] GC(216) Pause Young (Allocation Failure) 957M->957M(989M) 0,032ms
[46,411s][info][gc] GC(217) Pause Full (Allocation Failure) 957M->623M(989M) 918,239ms
[46,554s][info][gc] GC(218) Pause Young (Allocation Failure) 896M->642M(989M) 25,766ms
[46,707s][info][gc] GC(219) Pause Young (Allocation Failure) 915M->661M(989M) 42,029ms
[46,861s][info][gc] GC(220) Pause Young (Allocation Failure) 934M->680M(989M) 40,733ms
[46,970s][info][gc] GC(221) Pause Young (Allocation Failure) 953M->953M(989M) 0,029ms
[47,867s][info][gc] GC(222) Pause Full (Allocation Failure) 953M->623M(989M) 896,925ms
[48,003s][info][gc] GC(223) Pause Young (Allocation Failure) 896M->643M(989M) 25,670ms
[48,163s][info][gc] GC(224) Pause Young (Allocation Failure) 916M->662M(989M) 46,006ms
[48,317s][info][gc] GC(225) Pause Young (Allocation Failure) 935M->681M(989M) 40,706ms
[48,426s][info][gc] GC(226) Pause Young (Allocation Failure) 954M->954M(989M) 0,015ms
[49,324s][info][gc] GC(227) Pause Full (Allocation Failure) 954M->623M(989M) 898,887ms
[49,460s][info][gc] GC(228) Pause Young (Allocation Failure) 896M->643M(989M) 25,666ms
[49,613s][info][gc] GC(229) Pause Young (Allocation Failure) 916M->662M(989M) 40,619ms
[49,764s][info][gc] GC(230) Pause Young (Allocation Failure) 935M->681M(989M) 40,948ms
[49,875s][info][gc] GC(231) Pause Young (Allocation Failure) 954M->954M(989M) 0,029ms
[50,792s][info][gc] GC(232) Pause Full (Allocation Failure) 954M->589M(989M) 917,297ms
[50,931s][info][gc] GC(233) Pause Young (Allocation Failure) 862M->609M(989M) 25,893ms
[51,089s][info][gc] GC(234) Pause Young (Allocation Failure) 882M->628M(989M) 41,365ms
[51,242s][info][gc] GC(235) Pause Young (Allocation Failure) 901M->647M(989M) 41,023ms
[51,396s][info][gc] GC(236) Pause Young (Allocation Failure) 920M->666M(989M) 41,150ms
[51,547s][info][gc] GC(237) Pause Young (Allocation Failure) 939M->685M(989M) 41,007ms
[51,660s][info][gc] GC(238) Pause Young (Allocation Failure) 958M->958M(989M) 0,021ms
[52,560s][info][gc] GC(239) Pause Full (Allocation Failure) 958M->624M(989M) 899,807ms
[52,695s][info][gc] GC(240) Pause Young (Allocation Failure) 897M->643M(989M) 25,487ms
[52,848s][info][gc] GC(241) Pause Young (Allocation Failure) 916M->662M(989M) 40,600ms
[52,997s][info][gc] GC(242) Pause Young (Allocation Failure) 935M->681M(989M) 40,394ms
[53,107s][info][gc] GC(243) Pause Young (Allocation Failure) 954M->954M(989M) 0,029ms
[53,997s][info][gc] GC(244) Pause Full (Allocation Failure) 954M->624M(989M) 890,619ms
[54,132s][info][gc] GC(245) Pause Young (Allocation Failure) 897M->643M(989M) 25,381ms
[54,284s][info][gc] GC(246) Pause Young (Allocation Failure) 916M->662M(989M) 40,456ms
[54,433s][info][gc] GC(247) Pause Young (Allocation Failure) 935M->681M(989M) 40,375ms
[54,542s][info][gc] GC(248) Pause Young (Allocation Failure) 954M->954M(989M) 0,028ms
[55,444s][info][gc] GC(249) Pause Full (Allocation Failure) 954M->624M(989M) 901,118ms
[55,578s][info][gc] GC(250) Pause Young (Allocation Failure) 897M->643M(989M) 25,694ms
[55,731s][info][gc] GC(251) Pause Young (Allocation Failure) 917M->662M(989M) 40,727ms
[55,880s][info][gc] GC(252) Pause Young (Allocation Failure) 935M->681M(989M) 40,438ms
[55,991s][info][gc] GC(253) Pause Young (Allocation Failure) 954M->954M(989M) 0,030ms
[56,905s][info][gc] GC(254) Pause Full (Allocation Failure) 954M->590M(989M) 914,279ms
[57,039s][info][gc] GC(255) Pause Young (Allocation Failure) 863M->609M(989M) 25,435ms
[57,192s][info][gc] GC(256) Pause Young (Allocation Failure) 882M->628M(989M) 40,601ms
[57,341s][info][gc] GC(257) Pause Young (Allocation Failure) 901M->647M(989M) 40,554ms
[57,491s][info][gc] GC(258) Pause Young (Allocation Failure) 920M->666M(989M) 40,411ms
[57,599s][info][gc] GC(259) Pause Young (Allocation Failure) 939M->939M(989M) 0,029ms
[58,464s][info][gc] GC(260) Pause Full (Allocation Failure) 939M->624M(989M) 864,813ms
[58,599s][info][gc] GC(261) Pause Young (Allocation Failure) 897M->644M(989M) 25,417ms
[58,751s][info][gc] GC(262) Pause Young (Allocation Failure) 917M->663M(989M) 40,586ms
[58,901s][info][gc] GC(263) Pause Young (Allocation Failure) 936M->682M(989M) 40,402ms
[59,010s][info][gc] GC(264) Pause Young (Allocation Failure) 955M->955M(989M) 0,029ms
[59,898s][info][gc] GC(265) Pause Full (Allocation Failure) 955M->624M(989M) 888,453ms
[60,033s][info][gc] GC(266) Pause Young (Allocation Failure) 897M->644M(989M) 25,499ms
[60,185s][info][gc] GC(267) Pause Young (Allocation Failure) 917M->663M(989M) 40,422ms
[60,334s][info][gc] GC(268) Pause Young (Allocation Failure) 936M->682M(989M) 40,441ms
[60,443s][info][gc] GC(269) Pause Young (Allocation Failure) 955M->955M(989M) 0,028ms
[61,339s][info][gc] GC(270) Pause Full (Allocation Failure) 955M->624M(989M) 896,549ms
[61,475s][info][gc] GC(271) Pause Young (Allocation Failure) 897M->644M(989M) 26,297ms
[61,628s][info][gc] GC(272) Pause Young (Allocation Failure) 917M->663M(989M) 41,034ms
[61,778s][info][gc] GC(273) Pause Young (Allocation Failure) 936M->682M(989M) 40,949ms
[61,887s][info][gc] GC(274) Pause Young (Allocation Failure) 955M->955M(989M) 0,029ms
[62,805s][info][gc] GC(275) Pause Full (Allocation Failure) 955M->590M(989M) 918,180ms
[62,940s][info][gc] GC(276) Pause Young (Allocation Failure) 863M->610M(989M) 25,748ms
[63,094s][info][gc] GC(277) Pause Young (Allocation Failure) 883M->629M(989M) 40,677ms
[63,244s][info][gc] GC(278) Pause Young (Allocation Failure) 902M->648M(989M) 40,525ms
[63,393s][info][gc] GC(279) Pause Young (Allocation Failure) 921M->667M(989M) 40,365ms
[63,501s][info][gc] GC(280) Pause Young (Allocation Failure) 940M->940M(989M) 0,016ms
[64,365s][info][gc] GC(281) Pause Full (Allocation Failure) 940M->624M(989M) 863,205ms
[64,501s][info][gc] GC(282) Pause Young (Allocation Failure) 897M->644M(989M) 25,473ms
[64,653s][info][gc] GC(283) Pause Young (Allocation Failure) 917M->663M(989M) 40,545ms
[64,803s][info][gc] GC(284) Pause Young (Allocation Failure) 936M->682M(989M) 40,437ms
[64,912s][info][gc] GC(285) Pause Young (Allocation Failure) 955M->955M(989M) 0,029ms
[65,829s][info][gc] GC(286) Pause Full (Allocation Failure) 955M->624M(989M) 917,312ms
[65,964s][info][gc] GC(287) Pause Young (Allocation Failure) 897M->644M(989M) 25,632ms
[66,116s][info][gc] GC(288) Pause Young (Allocation Failure) 917M->663M(989M) 40,486ms
[66,265s][info][gc] GC(289) Pause Young (Allocation Failure) 936M->682M(989M) 40,442ms
[66,374s][info][gc] GC(290) Pause Young (Allocation Failure) 955M->955M(989M) 0,015ms
[67,285s][info][gc] GC(291) Pause Full (Allocation Failure) 955M->624M(989M) 910,462ms
[67,428s][info][gc] GC(292) Pause Young (Allocation Failure) 897M->644M(989M) 25,678ms
[67,581s][info][gc] GC(293) Pause Young (Allocation Failure) 917M->663M(989M) 40,741ms
[67,731s][info][gc] GC(294) Pause Young (Allocation Failure) 936M->682M(989M) 40,823ms
[67,840s][info][gc] GC(295) Pause Young (Allocation Failure) 955M->955M(989M) 0,015ms
[68,756s][info][gc] GC(296) Pause Full (Allocation Failure) 955M->590M(989M) 915,973ms
[68,890s][info][gc] GC(297) Pause Young (Allocation Failure) 863M->610M(989M) 25,673ms
[69,043s][info][gc] GC(298) Pause Young (Allocation Failure) 883M->629M(989M) 40,862ms
[69,193s][info][gc] GC(299) Pause Young (Allocation Failure) 902M->648M(989M) 40,963ms
[69,343s][info][gc] GC(300) Pause Young (Allocation Failure) 921M->667M(989M) 40,747ms
[69,452s][info][gc] GC(301) Pause Young (Allocation Failure) 940M->940M(989M) 0,015ms
[70,324s][info][gc] GC(302) Pause Full (Allocation Failure) 940M->624M(989M) 872,249ms
[70,459s][info][gc] GC(303) Pause Young (Allocation Failure) 897M->644M(989M) 25,914ms
[70,612s][info][gc] GC(304) Pause Young (Allocation Failure) 917M->663M(989M) 40,839ms
[70,761s][info][gc] GC(305) Pause Young (Allocation Failure) 936M->682M(989M) 40,718ms
[70,871s][info][gc] GC(306) Pause Young (Allocation Failure) 955M->955M(989M) 0,015ms
[71,766s][info][gc] GC(307) Pause Full (Allocation Failure) 955M->624M(989M) 895,169ms
[71,900s][info][gc] GC(308) Pause Young (Allocation Failure) 897M->644M(989M) 25,364ms
[72,058s][info][gc] GC(309) Pause Young (Allocation Failure) 917M->663M(989M) 45,673ms
[72,209s][info][gc] GC(310) Pause Young (Allocation Failure) 936M->682M(989M) 40,546ms
[72,319s][info][gc] GC(311) Pause Young (Allocation Failure) 955M->955M(989M) 0,029ms
[73,219s][info][gc] GC(312) Pause Full (Allocation Failure) 955M->624M(989M) 900,071ms
[73,353s][info][gc] GC(313) Pause Young (Allocation Failure) 897M->644M(989M) 25,471ms
[73,506s][info][gc] GC(314) Pause Young (Allocation Failure) 917M->663M(989M) 40,590ms
[73,656s][info][gc] GC(315) Pause Young (Allocation Failure) 936M->682M(989M) 41,281ms
[73,765s][info][gc] GC(316) Pause Young (Allocation Failure) 955M->955M(989M) 0,029ms
[74,679s][info][gc] GC(317) Pause Full (Allocation Failure) 955M->590M(989M) 913,872ms
[74,813s][info][gc] GC(318) Pause Young (Allocation Failure) 863M->610M(989M) 25,471ms
[74,972s][info][gc] GC(319) Pause Young (Allocation Failure) 883M->629M(989M) 40,996ms
[75,123s][info][gc] GC(320) Pause Young (Allocation Failure) 902M->648M(989M) 40,446ms
[75,271s][info][gc] GC(321) Pause Young (Allocation Failure) 921M->667M(989M) 40,282ms
[75,380s][info][gc] GC(322) Pause Young (Allocation Failure) 940M->940M(989M) 0,029ms
[76,247s][info][gc] GC(323) Pause Full (Allocation Failure) 940M->624M(989M) 866,653ms
[76,382s][info][gc] GC(324) Pause Young (Allocation Failure) 897M->644M(989M) 25,947ms
[76,534s][info][gc] GC(325) Pause Young (Allocation Failure) 917M->663M(989M) 40,574ms
[76,684s][info][gc] GC(326) Pause Young (Allocation Failure) 936M->682M(989M) 40,456ms
[76,792s][info][gc] GC(327) Pause Young (Allocation Failure) 955M->955M(989M) 0,029ms
[77,683s][info][gc] GC(328) Pause Full (Allocation Failure) 955M->624M(989M) 890,818ms
[77,817s][info][gc] GC(329) Pause Young (Allocation Failure) 898M->644M(989M) 25,397ms
[77,969s][info][gc] GC(330) Pause Young (Allocation Failure) 917M->663M(989M) 40,586ms
[78,119s][info][gc] GC(331) Pause Young (Allocation Failure) 936M->682M(989M) 40,548ms
[78,227s][info][gc] GC(332) Pause Young (Allocation Failure) 955M->955M(989M) 0,029ms
[79,125s][info][gc] GC(333) Pause Full (Allocation Failure) 955M->624M(989M) 897,069ms
[79,259s][info][gc] GC(334) Pause Young (Allocation Failure) 898M->644M(989M) 25,328ms
[79,411s][info][gc] GC(335) Pause Young (Allocation Failure) 917M->663M(989M) 40,418ms
[79,560s][info][gc] GC(336) Pause Young (Allocation Failure) 936M->682M(989M) 40,533ms
[79,669s][info][gc] GC(337) Pause Young (Allocation Failure) 955M->955M(989M) 0,028ms
[80,582s][info][gc] GC(338) Pause Full (Allocation Failure) 955M->590M(989M) 912,277ms
[80,716s][info][gc] GC(339) Pause Young (Allocation Failure) 863M->610M(989M) 25,546ms
[80,869s][info][gc] GC(340) Pause Young (Allocation Failure) 883M->629M(989M) 40,589ms
[81,020s][info][gc] GC(341) Pause Young (Allocation Failure) 902M->648M(989M) 40,830ms
[81,169s][info][gc] GC(342) Pause Young (Allocation Failure) 921M->667M(989M) 40,514ms
[81,278s][info][gc] GC(343) Pause Young (Allocation Failure) 940M->940M(989M) 0,028ms
[82,144s][info][gc] GC(344) Pause Full (Allocation Failure) 940M->624M(989M) 865,527ms
[82,278s][info][gc] GC(345) Pause Young (Allocation Failure) 898M->644M(989M) 25,457ms
[82,431s][info][gc] GC(346) Pause Young (Allocation Failure) 917M->663M(989M) 40,675ms
[82,580s][info][gc] GC(347) Pause Young (Allocation Failure) 936M->682M(989M) 40,676ms
[82,689s][info][gc] GC(348) Pause Young (Allocation Failure) 955M->955M(989M) 0,029ms
[83,585s][info][gc] GC(349) Pause Full (Allocation Failure) 955M->624M(989M) 895,480ms
[83,719s][info][gc] GC(350) Pause Young (Allocation Failure) 898M->644M(989M) 25,545ms
[83,872s][info][gc] GC(351) Pause Young (Allocation Failure) 917M->663M(989M) 40,729ms
[84,022s][info][gc] GC(352) Pause Young (Allocation Failure) 936M->682M(989M) 40,541ms
[84,130s][info][gc] GC(353) Pause Young (Allocation Failure) 955M->955M(989M) 0,015ms
[85,029s][info][gc] GC(354) Pause Full (Allocation Failure) 955M->624M(989M) 898,822ms
[85,164s][info][gc] GC(355) Pause Young (Allocation Failure) 898M->644M(989M) 25,383ms
[85,316s][info][gc] GC(356) Pause Young (Allocation Failure) 917M->663M(989M) 40,596ms
[85,465s][info][gc] GC(357) Pause Young (Allocation Failure) 936M->682M(989M) 40,552ms
[85,574s][info][gc] GC(358) Pause Young (Allocation Failure) 955M->955M(989M) 0,029ms
[86,489s][info][gc] GC(359) Pause Full (Allocation Failure) 955M->590M(989M) 914,495ms
[86,624s][info][gc] GC(360) Pause Young (Allocation Failure) 863M->610M(989M) 25,877ms
[86,777s][info][gc] GC(361) Pause Young (Allocation Failure) 883M->629M(989M) 40,948ms
[86,926s][info][gc] GC(362) Pause Young (Allocation Failure) 902M->648M(989M) 40,709ms
[87,076s][info][gc] GC(363) Pause Young (Allocation Failure) 921M->667M(989M) 40,742ms
[87,185s][info][gc] GC(364) Pause Young (Allocation Failure) 940M->940M(989M) 0,031ms
[88,055s][info][gc] GC(365) Pause Full (Allocation Failure) 940M->624M(989M) 869,874ms
[88,190s][info][gc] GC(366) Pause Young (Allocation Failure) 898M->644M(989M) 25,773ms
[88,342s][info][gc] GC(367) Pause Young (Allocation Failure) 917M->663M(989M) 40,781ms
[88,492s][info][gc] GC(368) Pause Young (Allocation Failure) 936M->682M(989M) 41,005ms
[88,606s][info][gc] GC(369) Pause Young (Allocation Failure) 955M->955M(989M) 0,046ms
[89,512s][info][gc] GC(370) Pause Full (Allocation Failure) 955M->624M(989M) 906,610ms
[89,651s][info][gc] GC(371) Pause Young (Allocation Failure) 898M->644M(989M) 26,276ms
[89,807s][info][gc] GC(372) Pause Young (Allocation Failure) 917M->663M(989M) 42,827ms
[89,961s][info][gc] GC(373) Pause Young (Allocation Failure) 936M->682M(989M) 41,168ms
[90,074s][info][gc] GC(374) Pause Young (Allocation Failure) 955M->955M(989M) 0,055ms
[90,988s][info][gc] GC(375) Pause Full (Allocation Failure) 955M->625M(989M) 913,773ms
[91,127s][info][gc] GC(376) Pause Young (Allocation Failure) 898M->644M(989M) 30,279ms
[91,289s][info][gc] GC(377) Pause Young (Allocation Failure) 917M->663M(989M) 46,322ms
[91,446s][info][gc] GC(378) Pause Young (Allocation Failure) 936M->682M(989M) 46,242ms
[91,561s][info][gc] GC(379) Pause Young (Allocation Failure) 955M->955M(989M) 0,021ms
[92,479s][info][gc] GC(380) Pause Full (Allocation Failure) 955M->590M(989M) 917,848ms
[92,613s][info][gc] GC(381) Pause Young (Allocation Failure) 863M->610M(989M) 25,495ms
[92,766s][info][gc] GC(382) Pause Young (Allocation Failure) 883M->629M(989M) 40,501ms
[92,915s][info][gc] GC(383) Pause Young (Allocation Failure) 902M->648M(989M) 40,460ms
[93,064s][info][gc] GC(384) Pause Young (Allocation Failure) 921M->667M(989M) 40,432ms
[93,173s][info][gc] GC(385) Pause Young (Allocation Failure) 940M->940M(989M) 0,028ms
[94,040s][info][gc] GC(386) Pause Full (Allocation Failure) 940M->625M(989M) 867,053ms
[94,175s][info][gc] GC(387) Pause Young (Allocation Failure) 898M->644M(989M) 25,466ms
[94,327s][info][gc] GC(388) Pause Young (Allocation Failure) 917M->663M(989M) 40,547ms
[94,478s][info][gc] GC(389) Pause Young (Allocation Failure) 936M->682M(989M) 40,718ms
[94,587s][info][gc] GC(390) Pause Young (Allocation Failure) 955M->955M(989M) 0,028ms
[95,508s][info][gc] GC(391) Pause Full (Allocation Failure) 955M->625M(989M) 920,581ms
[95,644s][info][gc] GC(392) Pause Young (Allocation Failure) 898M->644M(989M) 25,884ms
[95,797s][info][gc] GC(393) Pause Young (Allocation Failure) 917M->663M(989M) 41,021ms
[95,947s][info][gc] GC(394) Pause Young (Allocation Failure) 936M->682M(989M) 41,120ms
[96,056s][info][gc] GC(395) Pause Young (Allocation Failure) 955M->955M(989M) 0,029ms
[96,961s][info][gc] GC(396) Pause Full (Allocation Failure) 955M->625M(989M) 905,001ms
[97,096s][info][gc] GC(397) Pause Young (Allocation Failure) 898M->644M(989M) 25,588ms
[97,254s][info][gc] GC(398) Pause Young (Allocation Failure) 917M->663M(989M) 46,145ms
[97,411s][info][gc] GC(399) Pause Young (Allocation Failure) 936M->682M(989M) 46,031ms
[97,522s][info][gc] GC(400) Pause Young (Allocation Failure) 955M->955M(989M) 0,029ms
[98,449s][info][gc] GC(401) Pause Full (Allocation Failure) 955M->590M(989M) 927,478ms
[98,584s][info][gc] GC(402) Pause Young (Allocation Failure) 863M->610M(989M) 26,006ms
[98,754s][info][gc] GC(403) Pause Young (Allocation Failure) 883M->629M(989M) 41,899ms
[98,912s][info][gc] GC(404) Pause Young (Allocation Failure) 902M->648M(989M) 41,317ms
[99,078s][info][gc] GC(405) Pause Young (Allocation Failure) 921M->667M(989M) 48,894ms
[99,196s][info][gc] GC(406) Pause Young (Allocation Failure) 940M->940M(989M) 0,024ms
[100,063s][info][gc] GC(407) Pause Full (Allocation Failure) 940M->625M(989M) 867,786ms
[100,199s][info][gc] GC(408) Pause Young (Allocation Failure) 898M->644M(989M) 25,808ms
[100,351s][info][gc] GC(409) Pause Young (Allocation Failure) 917M->663M(989M) 40,745ms
[100,506s][info][gc] GC(410) Pause Young (Allocation Failure) 936M->682M(989M) 45,803ms
[100,617s][info][gc] GC(411) Pause Young (Allocation Failure) 955M->955M(989M) 0,035ms
[101,526s][info][gc] GC(412) Pause Full (Allocation Failure) 955M->625M(989M) 908,428ms
[101,662s][info][gc] GC(413) Pause Young (Allocation Failure) 898M->644M(989M) 25,873ms
[101,815s][info][gc] GC(414) Pause Young (Allocation Failure) 917M->663M(989M) 40,976ms
[101,965s][info][gc] GC(415) Pause Young (Allocation Failure) 936M->682M(989M) 40,998ms
[102,074s][info][gc] GC(416) Pause Young (Allocation Failure) 955M->955M(989M) 0,029ms
[102,980s][info][gc] GC(417) Pause Full (Allocation Failure) 955M->625M(989M) 906,191ms
[103,115s][info][gc] GC(418) Pause Young (Allocation Failure) 898M->644M(989M) 25,371ms
[103,268s][info][gc] GC(419) Pause Young (Allocation Failure) 917M->663M(989M) 40,541ms
[103,417s][info][gc] GC(420) Pause Young (Allocation Failure) 936M->682M(989M) 40,340ms
[103,526s][info][gc] GC(421) Pause Young (Allocation Failure) 955M->955M(989M) 0,029ms
[104,468s][info][gc] GC(422) Pause Full (Allocation Failure) 955M->590M(989M) 942,058ms
[104,602s][info][gc] GC(423) Pause Young (Allocation Failure) 863M->610M(989M) 25,884ms
[104,756s][info][gc] GC(424) Pause Young (Allocation Failure) 883M->629M(989M) 40,905ms
[104,905s][info][gc] GC(425) Pause Young (Allocation Failure) 902M->648M(989M) 40,812ms
[105,055s][info][gc] GC(426) Pause Young (Allocation Failure) 921M->667M(989M) 40,789ms
[105,164s][info][gc] GC(427) Pause Young (Allocation Failure) 940M->940M(989M) 0,029ms
[106,035s][info][gc] GC(428) Pause Full (Allocation Failure) 940M->625M(989M) 871,064ms
[106,170s][info][gc] GC(429) Pause Young (Allocation Failure) 898M->644M(989M) 25,376ms
[106,322s][info][gc] GC(430) Pause Young (Allocation Failure) 917M->663M(989M) 40,746ms
[106,473s][info][gc] GC(431) Pause Young (Allocation Failure) 936M->682M(989M) 40,878ms
[106,582s][info][gc] GC(432) Pause Young (Allocation Failure) 955M->955M(989M) 0,029ms
[107,476s][info][gc] GC(433) Pause Full (Allocation Failure) 955M->625M(989M) 894,230ms
[107,611s][info][gc] GC(434) Pause Young (Allocation Failure) 898M->644M(989M) 25,368ms
[107,763s][info][gc] GC(435) Pause Young (Allocation Failure) 917M->663M(989M) 40,385ms
[107,912s][info][gc] GC(436) Pause Young (Allocation Failure) 936M->682M(989M) 40,500ms
[108,023s][info][gc] GC(437) Pause Young (Allocation Failure) 955M->955M(989M) 0,036ms
[108,929s][info][gc] GC(438) Pause Full (Allocation Failure) 955M->625M(989M) 906,404ms
[109,071s][info][gc] GC(439) Pause Young (Allocation Failure) 898M->644M(989M) 25,600ms
[109,224s][info][gc] GC(440) Pause Young (Allocation Failure) 917M->663M(989M) 40,728ms
[109,373s][info][gc] GC(441) Pause Young (Allocation Failure) 936M->682M(989M) 40,463ms
[109,482s][info][gc] GC(442) Pause Young (Allocation Failure) 955M->955M(989M) 0,015ms
[110,395s][info][gc] GC(443) Pause Full (Allocation Failure) 955M->590M(989M) 913,281ms
[110,529s][info][gc] GC(444) Pause Young (Allocation Failure) 863M->610M(989M) 25,433ms
[110,682s][info][gc] GC(445) Pause Young (Allocation Failure) 883M->629M(989M) 40,726ms
[110,832s][info][gc] GC(446) Pause Young (Allocation Failure) 902M->648M(989M) 40,645ms
[110,983s][info][gc] GC(447) Pause Young (Allocation Failure) 921M->667M(989M) 40,619ms
[111,093s][info][gc] GC(448) Pause Young (Allocation Failure) 940M->940M(989M) 0,016ms
[111,962s][info][gc] GC(449) Pause Full (Allocation Failure) 940M->625M(989M) 869,098ms
[112,097s][info][gc] GC(450) Pause Young (Allocation Failure) 898M->644M(989M) 25,566ms
[112,250s][info][gc] GC(451) Pause Young (Allocation Failure) 917M->663M(989M) 40,746ms
[112,399s][info][gc] GC(452) Pause Young (Allocation Failure) 936M->682M(989M) 40,714ms
[112,508s][info][gc] GC(453) Pause Young (Allocation Failure) 955M->955M(989M) 0,034ms
[113,470s][info][gc] GC(454) Pause Full (Allocation Failure) 955M->625M(989M) 962,477ms
[113,623s][info][gc] GC(455) Pause Young (Allocation Failure) 898M->644M(989M) 32,731ms
[113,787s][info][gc] GC(456) Pause Young (Allocation Failure) 917M->663M(989M) 41,174ms
[113,937s][info][gc] GC(457) Pause Young (Allocation Failure) 936M->682M(989M) 40,453ms
[114,046s][info][gc] GC(458) Pause Young (Allocation Failure) 955M->955M(989M) 0,035ms
[114,961s][info][gc] GC(459) Pause Full (Allocation Failure) 955M->625M(989M) 915,259ms
[115,096s][info][gc] GC(460) Pause Young (Allocation Failure) 898M->644M(989M) 25,892ms
[115,249s][info][gc] GC(461) Pause Young (Allocation Failure) 917M->663M(989M) 40,940ms
[115,401s][info][gc] GC(462) Pause Young (Allocation Failure) 936M->682M(989M) 42,680ms
[115,514s][info][gc] GC(463) Pause Young (Allocation Failure) 955M->955M(989M) 0,018ms
[116,432s][info][gc] GC(464) Pause Full (Allocation Failure) 955M->590M(989M) 917,396ms
[116,567s][info][gc] GC(465) Pause Young (Allocation Failure) 863M->610M(989M) 25,745ms
[116,720s][info][gc] GC(466) Pause Young (Allocation Failure) 883M->629M(989M) 40,825ms
[116,873s][info][gc] GC(467) Pause Young (Allocation Failure) 902M->648M(989M) 41,263ms
[117,024s][info][gc] GC(468) Pause Young (Allocation Failure) 921M->667M(989M) 40,423ms
[117,134s][info][gc] GC(469) Pause Young (Allocation Failure) 940M->940M(989M) 0,019ms
[118,003s][info][gc] GC(470) Pause Full (Allocation Failure) 940M->625M(989M) 869,227ms
[118,138s][info][gc] GC(471) Pause Young (Allocation Failure) 898M->644M(989M) 25,480ms
[118,293s][info][gc] GC(472) Pause Young (Allocation Failure) 917M->663M(989M) 40,925ms
[118,443s][info][gc] GC(473) Pause Young (Allocation Failure) 936M->682M(989M) 40,722ms
[118,552s][info][gc] GC(474) Pause Young (Allocation Failure) 955M->955M(989M) 0,035ms
[119,448s][info][gc] GC(475) Pause Full (Allocation Failure) 955M->625M(989M) 896,307ms
[119,586s][info][gc] GC(476) Pause Young (Allocation Failure) 898M->644M(989M) 25,540ms
[119,739s][info][gc] GC(477) Pause Young (Allocation Failure) 917M->663M(989M) 40,615ms
[119,888s][info][gc] GC(478) Pause Young (Allocation Failure) 936M->682M(989M) 40,559ms
[119,998s][info][gc] GC(479) Pause Young (Allocation Failure) 955M->955M(989M) 0,029ms
[120,898s][info][gc] GC(480) Pause Full (Allocation Failure) 955M->625M(989M) 899,934ms
[121,032s][info][gc] GC(481) Pause Young (Allocation Failure) 898M->644M(989M) 25,423ms
[121,184s][info][gc] GC(482) Pause Young (Allocation Failure) 917M->663M(989M) 40,555ms
[121,333s][info][gc] GC(483) Pause Young (Allocation Failure) 936M->682M(989M) 40,352ms
[121,443s][info][gc] GC(484) Pause Young (Allocation Failure) 955M->955M(989M) 0,029ms
[122,419s][info][gc] GC(485) Pause Full (Allocation Failure) 955M->590M(989M) 975,996ms
[122,561s][info][gc] GC(486) Pause Young (Allocation Failure) 863M->610M(989M) 25,610ms
[122,714s][info][gc] GC(487) Pause Young (Allocation Failure) 883M->629M(989M) 40,673ms
[122,865s][info][gc] GC(488) Pause Young (Allocation Failure) 902M->648M(989M) 40,492ms
[123,014s][info][gc] GC(489) Pause Young (Allocation Failure) 921M->667M(989M) 40,356ms
[123,124s][info][gc] GC(490) Pause Young (Allocation Failure) 940M->940M(989M) 0,015ms
[123,990s][info][gc] GC(491) Pause Full (Allocation Failure) 940M->625M(989M) 866,907ms
[124,125s][info][gc] GC(492) Pause Young (Allocation Failure) 898M->644M(989M) 25,337ms
[124,277s][info][gc] GC(493) Pause Young (Allocation Failure) 917M->663M(989M) 40,535ms
[124,431s][info][gc] GC(494) Pause Young (Allocation Failure) 936M->682M(989M) 39,703ms
[124,544s][info][gc] GC(495) Pause Young (Allocation Failure) 955M->955M(989M) 0,015ms
[125,445s][info][gc] GC(496) Pause Full (Allocation Failure) 955M->625M(989M) 900,990ms
[125,588s][info][gc] GC(497) Pause Young (Allocation Failure) 898M->644M(989M) 25,674ms
[125,740s][info][gc] GC(498) Pause Young (Allocation Failure) 917M->663M(989M) 40,536ms
[125,890s][info][gc] GC(499) Pause Young (Allocation Failure) 936M->682M(989M) 40,409ms
[125,998s][info][gc] GC(500) Pause Young (Allocation Failure) 955M->955M(989M) 0,034ms
[126,907s][info][gc] GC(501) Pause Full (Allocation Failure) 955M->625M(989M) 908,744ms
[127,042s][info][gc] GC(502) Pause Young (Allocation Failure) 898M->644M(989M) 25,553ms
[127,194s][info][gc] GC(503) Pause Young (Allocation Failure) 917M->663M(989M) 40,681ms
[127,344s][info][gc] GC(504) Pause Young (Allocation Failure) 936M->682M(989M) 40,527ms
[127,452s][info][gc] GC(505) Pause Young (Allocation Failure) 955M->955M(989M) 0,034ms
[128,370s][info][gc] GC(506) Pause Full (Allocation Failure) 955M->590M(989M) 917,656ms
[128,505s][info][gc] GC(507) Pause Young (Allocation Failure) 863M->610M(989M) 25,589ms
[128,658s][info][gc] GC(508) Pause Young (Allocation Failure) 883M->629M(989M) 41,150ms
[128,808s][info][gc] GC(509) Pause Young (Allocation Failure) 902M->648M(989M) 40,653ms
[128,958s][info][gc] GC(510) Pause Young (Allocation Failure) 921M->667M(989M) 40,804ms
[129,067s][info][gc] GC(511) Pause Young (Allocation Failure) 940M->940M(989M) 0,029ms
[129,937s][info][gc] GC(512) Pause Full (Allocation Failure) 940M->625M(989M) 870,368ms
[130,072s][info][gc] GC(513) Pause Young (Allocation Failure) 898M->644M(989M) 25,641ms
[130,225s][info][gc] GC(514) Pause Young (Allocation Failure) 917M->663M(989M) 40,932ms
[130,374s][info][gc] GC(515) Pause Young (Allocation Failure) 936M->682M(989M) 40,681ms
[130,483s][info][gc] GC(516) Pause Young (Allocation Failure) 955M->955M(989M) 0,029ms
[131,379s][info][gc] GC(517) Pause Full (Allocation Failure) 955M->625M(989M) 895,779ms
[131,515s][info][gc] GC(518) Pause Young (Allocation Failure) 898M->644M(989M) 25,671ms
[131,667s][info][gc] GC(519) Pause Young (Allocation Failure) 917M->663M(989M) 40,663ms
[131,817s][info][gc] GC(520) Pause Young (Allocation Failure) 936M->682M(989M) 40,430ms
[131,925s][info][gc] GC(521) Pause Young (Allocation Failure) 955M->955M(989M) 0,029ms
[132,825s][info][gc] GC(522) Pause Full (Allocation Failure) 955M->625M(989M) 899,588ms
[132,959s][info][gc] GC(523) Pause Young (Allocation Failure) 898M->644M(989M) 25,606ms
[133,112s][info][gc] GC(524) Pause Young (Allocation Failure) 917M->663M(989M) 40,775ms
[133,261s][info][gc] GC(525) Pause Young (Allocation Failure) 936M->682M(989M) 40,513ms
[133,370s][info][gc] GC(526) Pause Young (Allocation Failure) 955M->955M(989M) 0,028ms
[134,286s][info][gc] GC(527) Pause Full (Allocation Failure) 955M->590M(989M) 916,197ms
[134,421s][info][gc] GC(528) Pause Young (Allocation Failure) 863M->610M(989M) 25,785ms
[134,574s][info][gc] GC(529) Pause Young (Allocation Failure) 883M->629M(989M) 41,092ms
[134,724s][info][gc] GC(530) Pause Young (Allocation Failure) 902M->648M(989M) 41,107ms
[134,874s][info][gc] GC(531) Pause Young (Allocation Failure) 921M->667M(989M) 40,535ms
[134,988s][info][gc] GC(532) Pause Young (Allocation Failure) 940M->940M(989M) 0,017ms
[135,856s][info][gc] GC(533) Pause Full (Allocation Failure) 940M->625M(989M) 867,663ms
[135,991s][info][gc] GC(534) Pause Young (Allocation Failure) 898M->644M(989M) 25,479ms
[136,143s][info][gc] GC(535) Pause Young (Allocation Failure) 917M->663M(989M) 40,429ms
[136,292s][info][gc] GC(536) Pause Young (Allocation Failure) 936M->682M(989M) 40,398ms
[136,400s][info][gc] GC(537) Pause Young (Allocation Failure) 955M->955M(989M) 0,029ms
[137,302s][info][gc] GC(538) Pause Full (Allocation Failure) 955M->625M(989M) 901,468ms
[137,436s][info][gc] GC(539) Pause Young (Allocation Failure) 898M->644M(989M) 25,554ms
[137,588s][info][gc] GC(540) Pause Young (Allocation Failure) 917M->663M(989M) 40,613ms
[137,738s][info][gc] GC(541) Pause Young (Allocation Failure) 936M->682M(989M) 40,535ms
[137,847s][info][gc] GC(542) Pause Young (Allocation Failure) 955M->955M(989M) 0,015ms
[138,744s][info][gc] GC(543) Pause Full (Allocation Failure) 955M->625M(989M) 897,636ms
[138,878s][info][gc] GC(544) Pause Young (Allocation Failure) 898M->644M(989M) 25,446ms
[139,031s][info][gc] GC(545) Pause Young (Allocation Failure) 917M->663M(989M) 40,627ms
[139,180s][info][gc] GC(546) Pause Young (Allocation Failure) 936M->682M(989M) 40,475ms
[139,290s][info][gc] GC(547) Pause Young (Allocation Failure) 955M->955M(989M) 0,030ms
[140,202s][info][gc] GC(548) Pause Full (Allocation Failure) 955M->590M(989M) 911,902ms
[140,336s][info][gc] GC(549) Pause Young (Allocation Failure) 863M->610M(989M) 25,503ms
[140,489s][info][gc] GC(550) Pause Young (Allocation Failure) 883M->629M(989M) 40,979ms
[140,638s][info][gc] GC(551) Pause Young (Allocation Failure) 902M->648M(989M) 40,863ms
[140,788s][info][gc] GC(552) Pause Young (Allocation Failure) 921M->667M(989M) 40,830ms
[140,899s][info][gc] GC(553) Pause Young (Allocation Failure) 940M->940M(989M) 0,032ms
[141,764s][info][gc] GC(554) Pause Full (Allocation Failure) 940M->625M(989M) 864,757ms
[141,899s][info][gc] GC(555) Pause Young (Allocation Failure) 898M->644M(989M) 25,643ms
[142,052s][info][gc] GC(556) Pause Young (Allocation Failure) 917M->663M(989M) 40,935ms
[142,202s][info][gc] GC(557) Pause Young (Allocation Failure) 936M->682M(989M) 40,796ms
[142,310s][info][gc] GC(558) Pause Young (Allocation Failure) 955M->955M(989M) 0,029ms
[143,206s][info][gc] GC(559) Pause Full (Allocation Failure) 955M->625M(989M) 895,707ms
[143,341s][info][gc] GC(560) Pause Young (Allocation Failure) 898M->644M(989M) 25,750ms
[143,494s][info][gc] GC(561) Pause Young (Allocation Failure) 917M->663M(989M) 40,825ms
[143,643s][info][gc] GC(562) Pause Young (Allocation Failure) 936M->682M(989M) 40,821ms
[143,752s][info][gc] GC(563) Pause Young (Allocation Failure) 955M->955M(989M) 0,028ms
[144,655s][info][gc] GC(564) Pause Full (Allocation Failure) 955M->625M(989M) 902,896ms
[144,792s][info][gc] GC(565) Pause Young (Allocation Failure) 898M->644M(989M) 25,809ms
[144,945s][info][gc] GC(566) Pause Young (Allocation Failure) 917M->663M(989M) 40,978ms
[145,095s][info][gc] GC(567) Pause Young (Allocation Failure) 936M->682M(989M) 41,141ms
[145,204s][info][gc] GC(568) Pause Young (Allocation Failure) 955M->955M(989M) 0,029ms
[146,118s][info][gc] GC(569) Pause Full (Allocation Failure) 955M->590M(989M) 914,411ms
[146,253s][info][gc] GC(570) Pause Young (Allocation Failure) 863M->610M(989M) 25,561ms
[146,405s][info][gc] GC(571) Pause Young (Allocation Failure) 883M->629M(989M) 40,672ms
[146,555s][info][gc] GC(572) Pause Young (Allocation Failure) 902M->648M(989M) 40,462ms
[146,704s][info][gc] GC(573) Pause Young (Allocation Failure) 921M->667M(989M) 40,546ms
[146,813s][info][gc] GC(574) Pause Young (Allocation Failure) 940M->940M(989M) 0,015ms
[147,680s][info][gc] GC(575) Pause Full (Allocation Failure) 940M->625M(989M) 866,860ms
[147,815s][info][gc] GC(576) Pause Young (Allocation Failure) 898M->644M(989M) 25,368ms
[147,967s][info][gc] GC(577) Pause Young (Allocation Failure) 917M->663M(989M) 40,468ms
[148,116s][info][gc] GC(578) Pause Young (Allocation Failure) 936M->682M(989M) 40,542ms
[148,225s][info][gc] GC(579) Pause Young (Allocation Failure) 955M->955M(989M) 0,029ms
[149,118s][info][gc] GC(580) Pause Full (Allocation Failure) 955M->625M(989M) 892,259ms
[149,252s][info][gc] GC(581) Pause Young (Allocation Failure) 898M->644M(989M) 25,411ms
[149,404s][info][gc] GC(582) Pause Young (Allocation Failure) 917M->663M(989M) 40,568ms
[149,554s][info][gc] GC(583) Pause Young (Allocation Failure) 936M->682M(989M) 40,340ms
[149,662s][info][gc] GC(584) Pause Young (Allocation Failure) 955M->955M(989M) 0,029ms
[150,560s][info][gc] GC(585) Pause Full (Allocation Failure) 955M->625M(989M) 897,961ms
[150,695s][info][gc] GC(586) Pause Young (Allocation Failure) 898M->644M(989M) 25,422ms
[150,847s][info][gc] GC(587) Pause Young (Allocation Failure) 917M->663M(989M) 40,684ms
[150,997s][info][gc] GC(588) Pause Young (Allocation Failure) 936M->682M(989M) 40,447ms
[151,105s][info][gc] GC(589) Pause Young (Allocation Failure) 955M->955M(989M) 0,035ms
[152,018s][info][gc] GC(590) Pause Full (Allocation Failure) 955M->590M(989M) 913,063ms
[152,152s][info][gc] GC(591) Pause Young (Allocation Failure) 863M->610M(989M) 25,559ms
[152,305s][info][gc] GC(592) Pause Young (Allocation Failure) 883M->629M(989M) 40,627ms
[152,455s][info][gc] GC(593) Pause Young (Allocation Failure) 902M->648M(989M) 40,459ms
[152,604s][info][gc] GC(594) Pause Young (Allocation Failure) 921M->667M(989M) 40,368ms
[152,712s][info][gc] GC(595) Pause Young (Allocation Failure) 940M->940M(989M) 0,029ms
[153,585s][info][gc] GC(596) Pause Full (Allocation Failure) 940M->625M(989M) 872,268ms
[153,729s][info][gc] GC(597) Pause Young (Allocation Failure) 898M->644M(989M) 28,005ms
[153,883s][info][gc] GC(598) Pause Young (Allocation Failure) 917M->663M(989M) 40,483ms
[154,033s][info][gc] GC(599) Pause Young (Allocation Failure) 936M->682M(989M) 40,410ms
[154,142s][info][gc] GC(600) Pause Young (Allocation Failure) 955M->955M(989M) 0,028ms
[155,032s][info][gc] GC(601) Pause Full (Allocation Failure) 955M->625M(989M) 890,640ms
[155,167s][info][gc] GC(602) Pause Young (Allocation Failure) 898M->644M(989M) 25,541ms
[155,320s][info][gc] GC(603) Pause Young (Allocation Failure) 917M->663M(989M) 40,848ms
[155,493s][info][gc] GC(604) Pause Young (Allocation Failure) 936M->682M(989M) 45,878ms
[155,604s][info][gc] GC(605) Pause Young (Allocation Failure) 955M->955M(989M) 0,031ms
[156,520s][info][gc] GC(606) Pause Full (Allocation Failure) 955M->625M(989M) 915,732ms
[156,654s][info][gc] GC(607) Pause Young (Allocation Failure) 898M->644M(989M) 25,484ms
[156,807s][info][gc] GC(608) Pause Young (Allocation Failure) 917M->663M(989M) 40,565ms
[156,957s][info][gc] GC(609) Pause Young (Allocation Failure) 936M->682M(989M) 40,560ms
[157,066s][info][gc] GC(610) Pause Young (Allocation Failure) 955M->955M(989M) 0,029ms
[157,977s][info][gc] GC(611) Pause Full (Allocation Failure) 955M->590M(989M) 911,256ms
[158,111s][info][gc] GC(612) Pause Young (Allocation Failure) 863M->610M(989M) 25,382ms
[158,263s][info][gc] GC(613) Pause Young (Allocation Failure) 883M->629M(989M) 40,461ms
[158,413s][info][gc] GC(614) Pause Young (Allocation Failure) 902M->648M(989M) 40,432ms
[158,562s][info][gc] GC(615) Pause Young (Allocation Failure) 921M->667M(989M) 40,300ms
[158,670s][info][gc] GC(616) Pause Young (Allocation Failure) 940M->940M(989M) 0,015ms
[159,534s][info][gc] GC(617) Pause Full (Allocation Failure) 940M->625M(989M) 864,377ms
[159,669s][info][gc] GC(618) Pause Young (Allocation Failure) 898M->644M(989M) 25,376ms
[159,821s][info][gc] GC(619) Pause Young (Allocation Failure) 917M->663M(989M) 40,439ms
[159,970s][info][gc] GC(620) Pause Young (Allocation Failure) 936M->682M(989M) 40,610ms
[160,079s][info][gc] GC(621) Pause Young (Allocation Failure) 955M->955M(989M) 0,029ms
[160,977s][info][gc] GC(622) Pause Full (Allocation Failure) 955M->625M(989M) 897,733ms
[161,111s][info][gc] GC(623) Pause Young (Allocation Failure) 898M->644M(989M) 25,782ms
[161,264s][info][gc] GC(624) Pause Young (Allocation Failure) 917M->663M(989M) 40,766ms
[161,414s][info][gc] GC(625) Pause Young (Allocation Failure) 936M->682M(989M) 40,676ms
[161,524s][info][gc] GC(626) Pause Young (Allocation Failure) 955M->955M(989M) 0,031ms
[162,423s][info][gc] GC(627) Pause Full (Allocation Failure) 955M->625M(989M) 899,236ms
[162,557s][info][gc] GC(628) Pause Young (Allocation Failure) 898M->644M(989M) 25,282ms
[162,709s][info][gc] GC(629) Pause Young (Allocation Failure) 917M->663M(989M) 40,457ms
[162,859s][info][gc] GC(630) Pause Young (Allocation Failure) 936M->682M(989M) 40,499ms
[162,968s][info][gc] GC(631) Pause Young (Allocation Failure) 955M->955M(989M) 0,029ms
[163,882s][info][gc] GC(632) Pause Full (Allocation Failure) 955M->590M(989M) 914,082ms
[164,016s][info][gc] GC(633) Pause Young (Allocation Failure) 863M->610M(989M) 25,391ms
[164,168s][info][gc] GC(634) Pause Young (Allocation Failure) 883M->629M(989M) 40,524ms
[164,317s][info][gc] GC(635) Pause Young (Allocation Failure) 902M->648M(989M) 40,503ms
[164,467s][info][gc] GC(636) Pause Young (Allocation Failure) 921M->667M(989M) 40,423ms
[164,575s][info][gc] GC(637) Pause Young (Allocation Failure) 940M->940M(989M) 0,028ms
[165,442s][info][gc] GC(638) Pause Full (Allocation Failure) 940M->625M(989M) 866,749ms
[165,580s][info][gc] GC(639) Pause Young (Allocation Failure) 898M->644M(989M) 25,641ms
[165,733s][info][gc] GC(640) Pause Young (Allocation Failure) 917M->663M(989M) 40,607ms
[165,883s][info][gc] GC(641) Pause Young (Allocation Failure) 936M->682M(989M) 40,436ms
[165,992s][info][gc] GC(642) Pause Young (Allocation Failure) 955M->955M(989M) 0,035ms
[166,885s][info][gc] GC(643) Pause Full (Allocation Failure) 955M->625M(989M) 893,457ms
[167,022s][info][gc] GC(644) Pause Young (Allocation Failure) 898M->644M(989M) 25,883ms
[167,177s][info][gc] GC(645) Pause Young (Allocation Failure) 917M->663M(989M) 40,970ms
[167,327s][info][gc] GC(646) Pause Young (Allocation Failure) 936M->682M(989M) 40,811ms
[167,436s][info][gc] GC(647) Pause Young (Allocation Failure) 955M->955M(989M) 0,016ms
[168,345s][info][gc] GC(648) Pause Full (Allocation Failure) 955M->625M(989M) 909,551ms
[168,481s][info][gc] GC(649) Pause Young (Allocation Failure) 898M->644M(989M) 25,783ms
[168,633s][info][gc] GC(650) Pause Young (Allocation Failure) 917M->663M(989M) 40,966ms
[168,784s][info][gc] GC(651) Pause Young (Allocation Failure) 936M->682M(989M) 40,672ms
[168,893s][info][gc] GC(652) Pause Young (Allocation Failure) 955M->955M(989M) 0,030ms
[169,806s][info][gc] GC(653) Pause Full (Allocation Failure) 955M->590M(989M) 913,175ms
[169,941s][info][gc] GC(654) Pause Young (Allocation Failure) 863M->610M(989M) 25,597ms
[170,093s][info][gc] GC(655) Pause Young (Allocation Failure) 883M->629M(989M) 40,489ms
[170,243s][info][gc] GC(656) Pause Young (Allocation Failure) 902M->648M(989M) 40,579ms
[170,392s][info][gc] GC(657) Pause Young (Allocation Failure) 921M->667M(989M) 40,506ms
[170,502s][info][gc] GC(658) Pause Young (Allocation Failure) 940M->940M(989M) 0,029ms
[171,372s][info][gc] GC(659) Pause Full (Allocation Failure) 940M->625M(989M) 870,419ms
[171,512s][info][gc] GC(660) Pause Young (Allocation Failure) 898M->644M(989M) 25,811ms
[171,667s][info][gc] GC(661) Pause Young (Allocation Failure) 917M->663M(989M) 40,623ms
[171,816s][info][gc] GC(662) Pause Young (Allocation Failure) 936M->682M(989M) 40,546ms
[171,925s][info][gc] GC(663) Pause Young (Allocation Failure) 955M->955M(989M) 0,016ms
[172,835s][info][gc] GC(664) Pause Full (Allocation Failure) 955M->625M(989M) 910,422ms
[172,975s][info][gc] GC(665) Pause Young (Allocation Failure) 898M->644M(989M) 25,933ms
[173,128s][info][gc] GC(666) Pause Young (Allocation Failure) 917M->663M(989M) 40,816ms
[173,277s][info][gc] GC(667) Pause Young (Allocation Failure) 936M->682M(989M) 40,763ms
[173,387s][info][gc] GC(668) Pause Young (Allocation Failure) 955M->955M(989M) 0,032ms
[174,285s][info][gc] GC(669) Pause Full (Allocation Failure) 955M->625M(989M) 897,612ms
[174,424s][info][gc] GC(670) Pause Young (Allocation Failure) 898M->644M(989M) 24,935ms
[174,590s][info][gc] GC(671) Pause Young (Allocation Failure) 917M->663M(989M) 40,194ms
[174,741s][info][gc] GC(672) Pause Young (Allocation Failure) 936M->682M(989M) 38,359ms
[174,854s][info][gc] GC(673) Pause Young (Allocation Failure) 955M->955M(989M) 0,023ms
[175,752s][info][gc] GC(674) Pause Full (Allocation Failure) 955M->590M(989M) 897,908ms
[175,885s][info][gc] GC(675) Pause Young (Allocation Failure) 863M->610M(989M) 25,585ms
[176,038s][info][gc] GC(676) Pause Young (Allocation Failure) 883M->629M(989M) 40,708ms
[176,187s][info][gc] GC(677) Pause Young (Allocation Failure) 902M->648M(989M) 40,469ms
[176,336s][info][gc] GC(678) Pause Young (Allocation Failure) 921M->667M(989M) 40,567ms
[176,445s][info][gc] GC(679) Pause Young (Allocation Failure) 940M->940M(989M) 0,029ms
[177,311s][info][gc] GC(680) Pause Full (Allocation Failure) 940M->625M(989M) 865,693ms
[177,445s][info][gc] GC(681) Pause Young (Allocation Failure) 898M->644M(989M) 25,695ms
[177,598s][info][gc] GC(682) Pause Young (Allocation Failure) 917M->663M(989M) 41,061ms
[177,748s][info][gc] GC(683) Pause Young (Allocation Failure) 936M->682M(989M) 40,871ms
[177,857s][info][gc] GC(684) Pause Young (Allocation Failure) 955M->955M(989M) 0,030ms
[178,758s][info][gc] GC(685) Pause Full (Allocation Failure) 955M->625M(989M) 900,957ms
[178,893s][info][gc] GC(686) Pause Young (Allocation Failure) 898M->644M(989M) 25,689ms
[179,046s][info][gc] GC(687) Pause Young (Allocation Failure) 917M->663M(989M) 41,014ms
[179,196s][info][gc] GC(688) Pause Young (Allocation Failure) 936M->682M(989M) 40,830ms
[179,305s][info][gc] GC(689) Pause Young (Allocation Failure) 955M->955M(989M) 0,029ms
[180,213s][info][gc] GC(690) Pause Full (Allocation Failure) 955M->625M(989M) 907,819ms
[180,347s][info][gc] GC(691) Pause Young (Allocation Failure) 898M->644M(989M) 25,444ms
[180,500s][info][gc] GC(692) Pause Young (Allocation Failure) 917M->663M(989M) 40,414ms
[180,648s][info][gc] GC(693) Pause Young (Allocation Failure) 936M->682M(989M) 40,440ms
[180,757s][info][gc] GC(694) Pause Young (Allocation Failure) 955M->955M(989M) 0,029ms
[181,670s][info][gc] GC(695) Pause Full (Allocation Failure) 955M->590M(989M) 913,236ms
[181,805s][info][gc] GC(696) Pause Young (Allocation Failure) 863M->610M(989M) 25,458ms
[181,957s][info][gc] GC(697) Pause Young (Allocation Failure) 883M->629M(989M) 40,554ms
[182,107s][info][gc] GC(698) Pause Young (Allocation Failure) 902M->648M(989M) 40,602ms
[182,258s][info][gc] GC(699) Pause Young (Allocation Failure) 921M->667M(989M) 40,715ms
[182,368s][info][gc] GC(700) Pause Young (Allocation Failure) 940M->940M(989M) 0,029ms
[183,236s][info][gc] GC(701) Pause Full (Allocation Failure) 940M->625M(989M) 867,824ms
[183,370s][info][gc] GC(702) Pause Young (Allocation Failure) 898M->644M(989M) 25,594ms
[183,523s][info][gc] GC(703) Pause Young (Allocation Failure) 917M->663M(989M) 40,584ms
[183,673s][info][gc] GC(704) Pause Young (Allocation Failure) 936M->682M(989M) 40,751ms
[183,782s][info][gc] GC(705) Pause Young (Allocation Failure) 955M->955M(989M) 0,029ms
[184,677s][info][gc] GC(706) Pause Full (Allocation Failure) 955M->625M(989M) 894,998ms
[184,812s][info][gc] GC(707) Pause Young (Allocation Failure) 898M->644M(989M) 25,859ms
[184,965s][info][gc] GC(708) Pause Young (Allocation Failure) 917M->663M(989M) 40,850ms
[185,114s][info][gc] GC(709) Pause Young (Allocation Failure) 936M->682M(989M) 40,708ms
[185,223s][info][gc] GC(710) Pause Young (Allocation Failure) 955M->955M(989M) 0,015ms
[186,137s][info][gc] GC(711) Pause Full (Allocation Failure) 955M->625M(989M) 913,789ms
[186,271s][info][gc] GC(712) Pause Young (Allocation Failure) 898M->644M(989M) 25,364ms
[186,423s][info][gc] GC(713) Pause Young (Allocation Failure) 917M->663M(989M) 40,609ms
[186,572s][info][gc] GC(714) Pause Young (Allocation Failure) 936M->682M(989M) 40,367ms
[186,681s][info][gc] GC(715) Pause Young (Allocation Failure) 955M->955M(989M) 0,029ms
[187,599s][info][gc] GC(716) Pause Full (Allocation Failure) 955M->590M(989M) 917,981ms
[187,733s][info][gc] GC(717) Pause Young (Allocation Failure) 863M->610M(989M) 25,761ms
[187,886s][info][gc] GC(718) Pause Young (Allocation Failure) 883M->629M(989M) 40,542ms
[188,035s][info][gc] GC(719) Pause Young (Allocation Failure) 902M->648M(989M) 40,458ms
[188,195s][info][gc] GC(720) Pause Young (Allocation Failure) 921M->667M(989M) 43,829ms
[188,316s][info][gc] GC(721) Pause Young (Allocation Failure) 940M->940M(989M) 0,023ms
[189,232s][info][gc] GC(722) Pause Full (Allocation Failure) 940M->625M(989M) 915,869ms
[189,367s][info][gc] GC(723) Pause Young (Allocation Failure) 898M->644M(989M) 25,644ms
[189,520s][info][gc] GC(724) Pause Young (Allocation Failure) 917M->663M(989M) 40,785ms
[189,670s][info][gc] GC(725) Pause Young (Allocation Failure) 936M->682M(989M) 41,029ms
[189,783s][info][gc] GC(726) Pause Young (Allocation Failure) 955M->955M(989M) 0,020ms
[190,690s][info][gc] GC(727) Pause Full (Allocation Failure) 955M->625M(989M) 907,325ms
[190,825s][info][gc] GC(728) Pause Young (Allocation Failure) 898M->644M(989M) 25,476ms
[190,977s][info][gc] GC(729) Pause Young (Allocation Failure) 917M->663M(989M) 40,870ms
[191,127s][info][gc] GC(730) Pause Young (Allocation Failure) 936M->682M(989M) 40,754ms
[191,238s][info][gc] GC(731) Pause Young (Allocation Failure) 955M->955M(989M) 0,024ms
[192,166s][info][gc] GC(732) Pause Full (Allocation Failure) 955M->625M(989M) 927,181ms
[192,301s][info][gc] GC(733) Pause Young (Allocation Failure) 898M->644M(989M) 25,627ms
[192,453s][info][gc] GC(734) Pause Young (Allocation Failure) 917M->663M(989M) 40,669ms
[192,603s][info][gc] GC(735) Pause Young (Allocation Failure) 936M->682M(989M) 41,002ms
[192,712s][info][gc] GC(736) Pause Young (Allocation Failure) 955M->955M(989M) 0,036ms
[193,637s][info][gc] GC(737) Pause Full (Allocation Failure) 955M->590M(989M) 924,530ms
[193,771s][info][gc] GC(738) Pause Young (Allocation Failure) 863M->610M(989M) 25,516ms
[193,924s][info][gc] GC(739) Pause Young (Allocation Failure) 883M->629M(989M) 40,929ms
[194,074s][info][gc] GC(740) Pause Young (Allocation Failure) 902M->648M(989M) 40,839ms
[194,224s][info][gc] GC(741) Pause Young (Allocation Failure) 921M->667M(989M) 41,086ms
[194,334s][info][gc] GC(742) Pause Young (Allocation Failure) 940M->940M(989M) 0,057ms
[195,212s][info][gc] GC(743) Pause Full (Allocation Failure) 940M->625M(989M) 878,093ms
[195,347s][info][gc] GC(744) Pause Young (Allocation Failure) 898M->644M(989M) 25,632ms
[195,499s][info][gc] GC(745) Pause Young (Allocation Failure) 917M->663M(989M) 40,568ms
[195,652s][info][gc] GC(746) Pause Young (Allocation Failure) 936M->682M(989M) 41,179ms
[195,763s][info][gc] GC(747) Pause Young (Allocation Failure) 955M->955M(989M) 0,029ms
[196,661s][info][gc] GC(748) Pause Full (Allocation Failure) 955M->625M(989M) 897,761ms
[196,800s][info][gc] GC(749) Pause Young (Allocation Failure) 898M->644M(989M) 29,871ms
[196,961s][info][gc] GC(750) Pause Young (Allocation Failure) 917M->663M(989M) 45,490ms
[197,113s][info][gc] GC(751) Pause Young (Allocation Failure) 936M->682M(989M) 40,558ms
[197,221s][info][gc] GC(752) Pause Young (Allocation Failure) 955M->955M(989M) 0,015ms
[198,120s][info][gc] GC(753) Pause Full (Allocation Failure) 955M->625M(989M) 898,468ms
[198,254s][info][gc] GC(754) Pause Young (Allocation Failure) 898M->644M(989M) 25,329ms
[198,406s][info][gc] GC(755) Pause Young (Allocation Failure) 917M->663M(989M) 40,502ms
[198,556s][info][gc] GC(756) Pause Young (Allocation Failure) 936M->682M(989M) 40,448ms
[198,664s][info][gc] GC(757) Pause Young (Allocation Failure) 955M->955M(989M) 0,015ms
[199,578s][info][gc] GC(758) Pause Full (Allocation Failure) 955M->590M(989M) 913,290ms
[199,713s][info][gc] GC(759) Pause Young (Allocation Failure) 863M->610M(989M) 25,722ms
[199,865s][info][gc] GC(760) Pause Young (Allocation Failure) 883M->629M(989M) 40,570ms
[200,015s][info][gc] GC(761) Pause Young (Allocation Failure) 902M->648M(989M) 40,923ms
[200,166s][info][gc] GC(762) Pause Young (Allocation Failure) 921M->667M(989M) 40,944ms
[200,274s][info][gc] GC(763) Pause Young (Allocation Failure) 940M->940M(989M) 0,015ms
[201,152s][info][gc] GC(764) Pause Full (Allocation Failure) 940M->625M(989M) 877,257ms
[201,286s][info][gc] GC(765) Pause Young (Allocation Failure) 898M->644M(989M) 25,551ms
[201,439s][info][gc] GC(766) Pause Young (Allocation Failure) 917M->663M(989M) 40,678ms
[201,589s][info][gc] GC(767) Pause Young (Allocation Failure) 936M->682M(989M) 41,114ms
[201,699s][info][gc] GC(768) Pause Young (Allocation Failure) 955M->955M(989M) 0,031ms
[202,602s][info][gc] GC(769) Pause Full (Allocation Failure) 955M->625M(989M) 903,329ms
[202,738s][info][gc] GC(770) Pause Young (Allocation Failure) 898M->644M(989M) 25,798ms
[202,891s][info][gc] GC(771) Pause Young (Allocation Failure) 917M->663M(989M) 40,835ms
[203,044s][info][gc] GC(772) Pause Young (Allocation Failure) 936M->682M(989M) 41,254ms
[203,156s][info][gc] GC(773) Pause Young (Allocation Failure) 955M->955M(989M) 0,036ms
[204,056s][info][gc] GC(774) Pause Full (Allocation Failure) 955M->625M(989M) 900,047ms
[204,191s][info][gc] GC(775) Pause Young (Allocation Failure) 898M->644M(989M) 25,889ms
[204,343s][info][gc] GC(776) Pause Young (Allocation Failure) 917M->663M(989M) 40,733ms
[204,493s][info][gc] GC(777) Pause Young (Allocation Failure) 936M->682M(989M) 40,404ms
[204,601s][info][gc] GC(778) Pause Young (Allocation Failure) 955M->955M(989M) 0,029ms
[205,520s][info][gc] GC(779) Pause Full (Allocation Failure) 955M->590M(989M) 918,762ms
[205,654s][info][gc] GC(780) Pause Young (Allocation Failure) 863M->610M(989M) 25,501ms
[205,812s][info][gc] GC(781) Pause Young (Allocation Failure) 883M->629M(989M) 45,336ms
[205,965s][info][gc] GC(782) Pause Young (Allocation Failure) 902M->648M(989M) 42,107ms
[206,121s][info][gc] GC(783) Pause Young (Allocation Failure) 921M->667M(989M) 46,288ms
[206,236s][info][gc] GC(784) Pause Young (Allocation Failure) 940M->940M(989M) 0,040ms
[207,111s][info][gc] GC(785) Pause Full (Allocation Failure) 940M->625M(989M) 875,007ms
[207,249s][info][gc] GC(786) Pause Young (Allocation Failure) 898M->644M(989M) 28,535ms
[207,404s][info][gc] GC(787) Pause Young (Allocation Failure) 917M->663M(989M) 40,811ms
[207,554s][info][gc] GC(788) Pause Young (Allocation Failure) 936M->682M(989M) 40,855ms
[207,663s][info][gc] GC(789) Pause Young (Allocation Failure) 955M->955M(989M) 0,035ms
[208,559s][info][gc] GC(790) Pause Full (Allocation Failure) 955M->625M(989M) 895,999ms
[208,693s][info][gc] GC(791) Pause Young (Allocation Failure) 898M->644M(989M) 25,540ms
[208,846s][info][gc] GC(792) Pause Young (Allocation Failure) 917M->663M(989M) 40,907ms
[208,995s][info][gc] GC(793) Pause Young (Allocation Failure) 936M->682M(989M) 40,637ms
[209,104s][info][gc] GC(794) Pause Young (Allocation Failure) 955M->955M(989M) 0,029ms
[210,063s][info][gc] GC(795) Pause Full (Allocation Failure) 955M->625M(989M) 959,911ms
[210,198s][info][gc] GC(796) Pause Young (Allocation Failure) 898M->644M(989M) 25,891ms
[210,351s][info][gc] GC(797) Pause Young (Allocation Failure) 917M->663M(989M) 41,204ms
[210,501s][info][gc] GC(798) Pause Young (Allocation Failure) 936M->682M(989M) 40,540ms
[210,610s][info][gc] GC(799) Pause Young (Allocation Failure) 955M->955M(989M) 0,029ms
[211,531s][info][gc] GC(800) Pause Full (Allocation Failure) 955M->590M(989M) 921,351ms
[211,667s][info][gc] GC(801) Pause Young (Allocation Failure) 863M->610M(989M) 25,875ms
[211,820s][info][gc] GC(802) Pause Young (Allocation Failure) 883M->629M(989M) 40,938ms
[211,970s][info][gc] GC(803) Pause Young (Allocation Failure) 902M->648M(989M) 40,853ms
[212,120s][info][gc] GC(804) Pause Young (Allocation Failure) 921M->667M(989M) 40,803ms
[212,229s][info][gc] GC(805) Pause Young (Allocation Failure) 940M->940M(989M) 0,030ms
[213,095s][info][gc] GC(806) Pause Full (Allocation Failure) 940M->625M(989M) 866,265ms
[213,229s][info][gc] GC(807) Pause Young (Allocation Failure) 898M->644M(989M) 25,477ms
[213,382s][info][gc] GC(808) Pause Young (Allocation Failure) 917M->663M(989M) 40,514ms
[213,531s][info][gc] GC(809) Pause Young (Allocation Failure) 936M->682M(989M) 40,406ms
[213,640s][info][gc] GC(810) Pause Young (Allocation Failure) 955M->955M(989M) 0,015ms
[214,532s][info][gc] GC(811) Pause Full (Allocation Failure) 955M->625M(989M) 892,209ms
[214,667s][info][gc] GC(812) Pause Young (Allocation Failure) 898M->644M(989M) 25,718ms
[214,820s][info][gc] GC(813) Pause Young (Allocation Failure) 917M->663M(989M) 40,792ms
[214,969s][info][gc] GC(814) Pause Young (Allocation Failure) 936M->682M(989M) 40,587ms
[215,078s][info][gc] GC(815) Pause Young (Allocation Failure) 955M->955M(989M) 0,029ms
[215,995s][info][gc] GC(816) Pause Full (Allocation Failure) 955M->625M(989M) 917,470ms
[216,130s][info][gc] GC(817) Pause Young (Allocation Failure) 898M->644M(989M) 25,927ms
[216,282s][info][gc] GC(818) Pause Young (Allocation Failure) 917M->663M(989M) 40,760ms
[216,432s][info][gc] GC(819) Pause Young (Allocation Failure) 936M->682M(989M) 40,696ms
[216,541s][info][gc] GC(820) Pause Young (Allocation Failure) 955M->955M(989M) 0,029ms
[217,457s][info][gc] GC(821) Pause Full (Allocation Failure) 955M->590M(989M) 915,430ms
[217,591s][info][gc] GC(822) Pause Young (Allocation Failure) 863M->610M(989M) 25,475ms
[217,743s][info][gc] GC(823) Pause Young (Allocation Failure) 883M->629M(989M) 40,587ms
[217,893s][info][gc] GC(824) Pause Young (Allocation Failure) 902M->648M(989M) 40,542ms
[218,042s][info][gc] GC(825) Pause Young (Allocation Failure) 921M->667M(989M) 40,635ms
[218,151s][info][gc] GC(826) Pause Young (Allocation Failure) 940M->940M(989M) 0,029ms
[219,019s][info][gc] GC(827) Pause Full (Allocation Failure) 940M->625M(989M) 868,103ms
[219,154s][info][gc] GC(828) Pause Young (Allocation Failure) 898M->644M(989M) 25,662ms
[219,306s][info][gc] GC(829) Pause Young (Allocation Failure) 917M->663M(989M) 40,587ms
[219,460s][info][gc] GC(830) Pause Young (Allocation Failure) 936M->682M(989M) 44,447ms
[219,570s][info][gc] GC(831) Pause Young (Allocation Failure) 955M->955M(989M) 0,015ms
[220,462s][info][gc] GC(832) Pause Full (Allocation Failure) 955M->625M(989M) 891,399ms
[220,596s][info][gc] GC(833) Pause Young (Allocation Failure) 898M->644M(989M) 25,454ms
[220,748s][info][gc] GC(834) Pause Young (Allocation Failure) 917M->663M(989M) 40,436ms
[220,898s][info][gc] GC(835) Pause Young (Allocation Failure) 936M->682M(989M) 40,669ms
[221,007s][info][gc] GC(836) Pause Young (Allocation Failure) 955M->955M(989M) 0,056ms
[221,905s][info][gc] GC(837) Pause Full (Allocation Failure) 955M->625M(989M) 897,596ms
[222,039s][info][gc] GC(838) Pause Young (Allocation Failure) 898M->644M(989M) 25,488ms
[222,191s][info][gc] GC(839) Pause Young (Allocation Failure) 917M->663M(989M) 40,517ms
[222,340s][info][gc] GC(840) Pause Young (Allocation Failure) 936M->682M(989M) 40,592ms
[222,449s][info][gc] GC(841) Pause Young (Allocation Failure) 955M->955M(989M) 0,035ms
[223,362s][info][gc] GC(842) Pause Full (Allocation Failure) 955M->590M(989M) 912,920ms
[223,497s][info][gc] GC(843) Pause Young (Allocation Failure) 863M->610M(989M) 25,735ms
[223,649s][info][gc] GC(844) Pause Young (Allocation Failure) 883M->629M(989M) 40,862ms
[223,799s][info][gc] GC(845) Pause Young (Allocation Failure) 902M->648M(989M) 40,790ms
[223,949s][info][gc] GC(846) Pause Young (Allocation Failure) 921M->667M(989M) 40,871ms
[224,057s][info][gc] GC(847) Pause Young (Allocation Failure) 940M->940M(989M) 0,030ms
[224,924s][info][gc] GC(848) Pause Full (Allocation Failure) 940M->625M(989M) 866,427ms
[225,058s][info][gc] GC(849) Pause Young (Allocation Failure) 898M->644M(989M) 25,604ms
[225,211s][info][gc] GC(850) Pause Young (Allocation Failure) 917M->663M(989M) 40,620ms
[225,360s][info][gc] GC(851) Pause Young (Allocation Failure) 936M->682M(989M) 40,548ms
[225,469s][info][gc] GC(852) Pause Young (Allocation Failure) 955M->955M(989M) 0,029ms
[226,377s][info][gc] GC(853) Pause Full (Allocation Failure) 955M->625M(989M) 907,643ms
[226,523s][info][gc] GC(854) Pause Young (Allocation Failure) 898M->644M(989M) 29,452ms
[226,683s][info][gc] GC(855) Pause Young (Allocation Failure) 917M->663M(989M) 45,539ms
[226,836s][info][gc] GC(856) Pause Young (Allocation Failure) 936M->682M(989M) 41,018ms
[226,946s][info][gc] GC(857) Pause Young (Allocation Failure) 955M->955M(989M) 0,030ms
[227,857s][info][gc] GC(858) Pause Full (Allocation Failure) 955M->625M(989M) 910,683ms
[227,992s][info][gc] GC(859) Pause Young (Allocation Failure) 898M->644M(989M) 25,661ms
[228,144s][info][gc] GC(860) Pause Young (Allocation Failure) 917M->663M(989M) 40,671ms
[228,294s][info][gc] GC(861) Pause Young (Allocation Failure) 936M->682M(989M) 40,704ms
[228,403s][info][gc] GC(862) Pause Young (Allocation Failure) 955M->955M(989M) 0,029ms
[229,318s][info][gc] GC(863) Pause Full (Allocation Failure) 955M->590M(989M) 914,902ms
[229,452s][info][gc] GC(864) Pause Young (Allocation Failure) 863M->610M(989M) 25,594ms
[229,605s][info][gc] GC(865) Pause Young (Allocation Failure) 883M->629M(989M) 40,687ms
[229,755s][info][gc] GC(866) Pause Young (Allocation Failure) 902M->648M(989M) 40,631ms
[229,905s][info][gc] GC(867) Pause Young (Allocation Failure) 921M->667M(989M) 40,652ms
[230,014s][info][gc] GC(868) Pause Young (Allocation Failure) 940M->940M(989M) 0,029ms
[230,885s][info][gc] GC(869) Pause Full (Allocation Failure) 940M->625M(989M) 870,880ms
[231,023s][info][gc] GC(870) Pause Young (Allocation Failure) 898M->644M(989M) 25,610ms
[231,176s][info][gc] GC(871) Pause Young (Allocation Failure) 917M->663M(989M) 40,362ms
[231,326s][info][gc] GC(872) Pause Young (Allocation Failure) 936M->682M(989M) 40,631ms
[231,438s][info][gc] GC(873) Pause Young (Allocation Failure) 955M->955M(989M) 0,017ms
[232,343s][info][gc] GC(874) Pause Full (Allocation Failure) 955M->625M(989M) 905,890ms
[232,478s][info][gc] GC(875) Pause Young (Allocation Failure) 898M->644M(989M) 25,873ms
[232,632s][info][gc] GC(876) Pause Young (Allocation Failure) 917M->663M(989M) 41,040ms
[232,782s][info][gc] GC(877) Pause Young (Allocation Failure) 936M->682M(989M) 41,024ms
[232,891s][info][gc] GC(878) Pause Young (Allocation Failure) 955M->955M(989M) 0,029ms
[233,805s][info][gc] GC(879) Pause Full (Allocation Failure) 955M->625M(989M) 914,001ms
[233,939s][info][gc] GC(880) Pause Young (Allocation Failure) 898M->644M(989M) 25,826ms
[234,092s][info][gc] GC(881) Pause Young (Allocation Failure) 917M->663M(989M) 40,792ms
[234,242s][info][gc] GC(882) Pause Young (Allocation Failure) 936M->682M(989M) 40,860ms
[234,351s][info][gc] GC(883) Pause Young (Allocation Failure) 955M->955M(989M) 0,029ms
[235,272s][info][gc] GC(884) Pause Full (Allocation Failure) 955M->590M(989M) 920,771ms
[235,407s][info][gc] GC(885) Pause Young (Allocation Failure) 863M->610M(989M) 25,918ms
[235,560s][info][gc] GC(886) Pause Young (Allocation Failure) 883M->629M(989M) 40,886ms
[235,709s][info][gc] GC(887) Pause Young (Allocation Failure) 902M->648M(989M) 40,766ms
[235,859s][info][gc] GC(888) Pause Young (Allocation Failure) 921M->667M(989M) 40,844ms
[235,968s][info][gc] GC(889) Pause Young (Allocation Failure) 940M->940M(989M) 0,035ms
[236,843s][info][gc] GC(890) Pause Full (Allocation Failure) 940M->625M(989M) 875,423ms
[236,978s][info][gc] GC(891) Pause Young (Allocation Failure) 898M->644M(989M) 25,499ms
[237,131s][info][gc] GC(892) Pause Young (Allocation Failure) 917M->663M(989M) 40,721ms
[237,280s][info][gc] GC(893) Pause Young (Allocation Failure) 936M->682M(989M) 40,546ms
[237,389s][info][gc] GC(894) Pause Young (Allocation Failure) 955M->955M(989M) 0,030ms
[238,286s][info][gc] GC(895) Pause Full (Allocation Failure) 955M->625M(989M) 896,791ms
[238,420s][info][gc] GC(896) Pause Young (Allocation Failure) 898M->644M(989M) 25,477ms
[238,573s][info][gc] GC(897) Pause Young (Allocation Failure) 917M->663M(989M) 40,503ms
[238,722s][info][gc] GC(898) Pause Young (Allocation Failure) 936M->682M(989M) 40,630ms
[238,830s][info][gc] GC(899) Pause Young (Allocation Failure) 955M->955M(989M) 0,029ms
[239,740s][info][gc] GC(900) Pause Full (Allocation Failure) 955M->625M(989M) 909,024ms
[239,882s][info][gc] GC(901) Pause Young (Allocation Failure) 898M->644M(989M) 25,902ms
[240,034s][info][gc] GC(902) Pause Young (Allocation Failure) 917M->663M(989M) 40,764ms
[240,184s][info][gc] GC(903) Pause Young (Allocation Failure) 936M->682M(989M) 40,712ms
[240,293s][info][gc] GC(904) Pause Young (Allocation Failure) 955M->955M(989M) 0,055ms
[241,214s][info][gc] GC(905) Pause Full (Allocation Failure) 955M->590M(989M) 920,393ms
[241,348s][info][gc] GC(906) Pause Young (Allocation Failure) 863M->610M(989M) 25,332ms
[241,501s][info][gc] GC(907) Pause Young (Allocation Failure) 883M->629M(989M) 40,541ms
[241,650s][info][gc] GC(908) Pause Young (Allocation Failure) 902M->648M(989M) 40,556ms
[241,800s][info][gc] GC(909) Pause Young (Allocation Failure) 921M->667M(989M) 40,843ms
[241,909s][info][gc] GC(910) Pause Young (Allocation Failure) 940M->940M(989M) 0,031ms
[242,778s][info][gc] GC(911) Pause Full (Allocation Failure) 940M->625M(989M) 868,527ms
[242,912s][info][gc] GC(912) Pause Young (Allocation Failure) 898M->644M(989M) 25,482ms
[243,065s][info][gc] GC(913) Pause Young (Allocation Failure) 917M->663M(989M) 40,528ms
[243,214s][info][gc] GC(914) Pause Young (Allocation Failure) 936M->682M(989M) 40,794ms
[243,323s][info][gc] GC(915) Pause Young (Allocation Failure) 955M->955M(989M) 0,030ms
[244,228s][info][gc] GC(916) Pause Full (Allocation Failure) 955M->625M(989M) 904,702ms
[244,363s][info][gc] GC(917) Pause Young (Allocation Failure) 898M->644M(989M) 25,446ms
[244,515s][info][gc] GC(918) Pause Young (Allocation Failure) 917M->663M(989M) 40,624ms
[244,665s][info][gc] GC(919) Pause Young (Allocation Failure) 936M->682M(989M) 40,444ms
[244,774s][info][gc] GC(920) Pause Young (Allocation Failure) 955M->955M(989M) 0,032ms
[245,756s][info][gc] GC(921) Pause Full (Allocation Failure) 955M->625M(989M) 982,382ms
[245,895s][info][gc] GC(922) Pause Young (Allocation Failure) 898M->644M(989M) 29,752ms
[246,050s][info][gc] GC(923) Pause Young (Allocation Failure) 917M->663M(989M) 40,638ms
[246,200s][info][gc] GC(924) Pause Young (Allocation Failure) 936M->682M(989M) 40,408ms
[246,308s][info][gc] GC(925) Pause Young (Allocation Failure) 955M->955M(989M) 0,034ms
[247,227s][info][gc] GC(926) Pause Full (Allocation Failure) 955M->590M(989M) 918,790ms
[247,361s][info][gc] GC(927) Pause Young (Allocation Failure) 863M->610M(989M) 25,563ms
[247,514s][info][gc] GC(928) Pause Young (Allocation Failure) 883M->629M(989M) 40,592ms
[247,663s][info][gc] GC(929) Pause Young (Allocation Failure) 902M->648M(989M) 40,522ms
[247,816s][info][gc] GC(930) Pause Young (Allocation Failure) 921M->667M(989M) 40,987ms
[247,932s][info][gc] GC(931) Pause Young (Allocation Failure) 940M->940M(989M) 0,032ms
[248,800s][info][gc] GC(932) Pause Full (Allocation Failure) 940M->625M(989M) 867,708ms
[248,934s][info][gc] GC(933) Pause Young (Allocation Failure) 898M->644M(989M) 25,744ms
[249,086s][info][gc] GC(934) Pause Young (Allocation Failure) 917M->663M(989M) 40,554ms
[249,235s][info][gc] GC(935) Pause Young (Allocation Failure) 936M->682M(989M) 40,343ms
[249,344s][info][gc] GC(936) Pause Young (Allocation Failure) 955M->955M(989M) 0,031ms
[250,242s][info][gc] GC(937) Pause Full (Allocation Failure) 955M->625M(989M) 898,215ms
[250,377s][info][gc] GC(938) Pause Young (Allocation Failure) 898M->644M(989M) 25,741ms
[250,530s][info][gc] GC(939) Pause Young (Allocation Failure) 917M->663M(989M) 40,994ms
[250,680s][info][gc] GC(940) Pause Young (Allocation Failure) 936M->682M(989M) 40,681ms
[250,789s][info][gc] GC(941) Pause Young (Allocation Failure) 955M->955M(989M) 0,030ms
[251,698s][info][gc] GC(942) Pause Full (Allocation Failure) 955M->625M(989M) 909,233ms
[251,836s][info][gc] GC(943) Pause Young (Allocation Failure) 898M->644M(989M) 25,650ms
[251,989s][info][gc] GC(944) Pause Young (Allocation Failure) 917M->663M(989M) 40,622ms
[252,139s][info][gc] GC(945) Pause Young (Allocation Failure) 936M->682M(989M) 40,546ms
[252,248s][info][gc] GC(946) Pause Young (Allocation Failure) 955M->955M(989M) 0,029ms
[253,176s][info][gc] GC(947) Pause Full (Allocation Failure) 955M->590M(989M) 927,641ms
[253,310s][info][gc] GC(948) Pause Young (Allocation Failure) 863M->610M(989M) 25,508ms
[253,463s][info][gc] GC(949) Pause Young (Allocation Failure) 883M->629M(989M) 40,670ms
[253,612s][info][gc] GC(950) Pause Young (Allocation Failure) 902M->648M(989M) 40,509ms
[253,761s][info][gc] GC(951) Pause Young (Allocation Failure) 921M->667M(989M) 40,630ms
[253,870s][info][gc] GC(952) Pause Young (Allocation Failure) 940M->940M(989M) 0,029ms
[254,737s][info][gc] GC(953) Pause Full (Allocation Failure) 940M->625M(989M) 866,531ms
[254,872s][info][gc] GC(954) Pause Young (Allocation Failure) 898M->644M(989M) 25,495ms
[255,031s][info][gc] GC(955) Pause Young (Allocation Failure) 917M->663M(989M) 41,461ms
[255,184s][info][gc] GC(956) Pause Young (Allocation Failure) 936M->682M(989M) 40,485ms
[255,293s][info][gc] GC(957) Pause Young (Allocation Failure) 955M->955M(989M) 0,031ms
[256,256s][info][gc] GC(958) Pause Full (Allocation Failure) 955M->625M(989M) 963,724ms
[256,406s][info][gc] GC(959) Pause Young (Allocation Failure) 898M->644M(989M) 29,214ms
[256,562s][info][gc] GC(960) Pause Young (Allocation Failure) 917M->663M(989M) 41,481ms
[256,723s][info][gc] GC(961) Pause Young (Allocation Failure) 936M->682M(989M) 42,191ms
[256,838s][info][gc] GC(962) Pause Young (Allocation Failure) 955M->955M(989M) 0,030ms
[257,776s][info][gc] GC(963) Pause Full (Allocation Failure) 955M->625M(989M) 938,027ms
[257,911s][info][gc] GC(964) Pause Young (Allocation Failure) 898M->644M(989M) 25,526ms
[258,063s][info][gc] GC(965) Pause Young (Allocation Failure) 917M->663M(989M) 40,566ms
[258,212s][info][gc] GC(966) Pause Young (Allocation Failure) 936M->682M(989M) 40,605ms
[258,321s][info][gc] GC(967) Pause Young (Allocation Failure) 955M->955M(989M) 0,030ms
[259,248s][info][gc] GC(968) Pause Full (Allocation Failure) 955M->590M(989M) 926,933ms
[259,383s][info][gc] GC(969) Pause Young (Allocation Failure) 863M->610M(989M) 25,390ms
[259,535s][info][gc] GC(970) Pause Young (Allocation Failure) 883M->629M(989M) 40,593ms
[259,685s][info][gc] GC(971) Pause Young (Allocation Failure) 902M->648M(989M) 40,626ms
[259,834s][info][gc] GC(972) Pause Young (Allocation Failure) 921M->667M(989M) 40,694ms
[259,943s][info][gc] GC(973) Pause Young (Allocation Failure) 940M->940M(989M) 0,029ms
[260,819s][info][gc] GC(974) Pause Full (Allocation Failure) 940M->625M(989M) 875,942ms
[260,957s][info][gc] GC(975) Pause Young (Allocation Failure) 898M->644M(989M) 25,984ms
[261,110s][info][gc] GC(976) Pause Young (Allocation Failure) 917M->663M(989M) 40,830ms
[261,260s][info][gc] GC(977) Pause Young (Allocation Failure) 936M->682M(989M) 40,732ms
[261,370s][info][gc] GC(978) Pause Young (Allocation Failure) 955M->955M(989M) 0,029ms
[262,272s][info][gc] GC(979) Pause Full (Allocation Failure) 955M->625M(989M) 901,552ms
[262,407s][info][gc] GC(980) Pause Young (Allocation Failure) 898M->644M(989M) 25,651ms
[262,561s][info][gc] GC(981) Pause Young (Allocation Failure) 917M->663M(989M) 41,384ms
[262,713s][info][gc] GC(982) Pause Young (Allocation Failure) 936M->682M(989M) 41,132ms
[262,822s][info][gc] GC(983) Pause Young (Allocation Failure) 955M->955M(989M) 0,029ms
[263,733s][info][gc] GC(984) Pause Full (Allocation Failure) 955M->625M(989M) 910,617ms
[263,868s][info][gc] GC(985) Pause Young (Allocation Failure) 898M->644M(989M) 25,778ms
[264,021s][info][gc] GC(986) Pause Young (Allocation Failure) 917M->663M(989M) 40,859ms
[264,171s][info][gc] GC(987) Pause Young (Allocation Failure) 936M->682M(989M) 40,981ms
[264,281s][info][gc] GC(988) Pause Young (Allocation Failure) 955M->955M(989M) 0,016ms
[265,198s][info][gc] GC(989) Pause Full (Allocation Failure) 955M->590M(989M) 916,727ms
[265,336s][info][gc] GC(990) Pause Young (Allocation Failure) 863M->610M(989M) 29,588ms
[265,491s][info][gc] GC(991) Pause Young (Allocation Failure) 883M->629M(989M) 40,540ms
[265,647s][info][gc] GC(992) Pause Young (Allocation Failure) 902M->648M(989M) 46,387ms
[265,804s][info][gc] GC(993) Pause Young (Allocation Failure) 921M->667M(989M) 45,932ms
[265,916s][info][gc] GC(994) Pause Young (Allocation Failure) 940M->940M(989M) 0,015ms
[266,790s][info][gc] GC(995) Pause Full (Allocation Failure) 940M->625M(989M) 874,369ms
[266,925s][info][gc] GC(996) Pause Young (Allocation Failure) 898M->644M(989M) 25,557ms
[267,077s][info][gc] GC(997) Pause Young (Allocation Failure) 917M->663M(989M) 40,689ms
[267,227s][info][gc] GC(998) Pause Young (Allocation Failure) 936M->682M(989M) 40,760ms
[267,336s][info][gc] GC(999) Pause Young (Allocation Failure) 955M->955M(989M) 0,028ms
[268,232s][info][gc] GC(1000) Pause Full (Allocation Failure) 955M->625M(989M) 896,434ms
[268,366s][info][gc] GC(1001) Pause Young (Allocation Failure) 898M->644M(989M) 25,563ms
[268,519s][info][gc] GC(1002) Pause Young (Allocation Failure) 917M->663M(989M) 40,498ms
[268,668s][info][gc] GC(1003) Pause Young (Allocation Failure) 936M->682M(989M) 40,594ms
[268,777s][info][gc] GC(1004) Pause Young (Allocation Failure) 955M->955M(989M) 0,015ms
[269,681s][info][gc] GC(1005) Pause Full (Allocation Failure) 955M->625M(989M) 903,918ms
[269,816s][info][gc] GC(1006) Pause Young (Allocation Failure) 898M->644M(989M) 25,689ms
[269,968s][info][gc] GC(1007) Pause Young (Allocation Failure) 917M->663M(989M) 40,890ms
[270,118s][info][gc] GC(1008) Pause Young (Allocation Failure) 936M->682M(989M) 40,391ms
[270,226s][info][gc] GC(1009) Pause Young (Allocation Failure) 955M->955M(989M) 0,029ms
[271,154s][info][gc] GC(1010) Pause Full (Allocation Failure) 955M->590M(989M) 927,864ms
[271,288s][info][gc] GC(1011) Pause Young (Allocation Failure) 863M->610M(989M) 25,543ms
[271,441s][info][gc] GC(1012) Pause Young (Allocation Failure) 883M->629M(989M) 40,543ms
[271,590s][info][gc] GC(1013) Pause Young (Allocation Failure) 902M->648M(989M) 40,634ms
[271,740s][info][gc] GC(1014) Pause Young (Allocation Failure) 921M->667M(989M) 40,406ms
[271,849s][info][gc] GC(1015) Pause Young (Allocation Failure) 940M->940M(989M) 0,029ms
[272,716s][info][gc] GC(1016) Pause Full (Allocation Failure) 940M->625M(989M) 867,397ms
[272,851s][info][gc] GC(1017) Pause Young (Allocation Failure) 898M->644M(989M) 25,494ms
[273,004s][info][gc] GC(1018) Pause Young (Allocation Failure) 917M->663M(989M) 40,583ms
[273,153s][info][gc] GC(1019) Pause Young (Allocation Failure) 936M->682M(989M) 40,466ms
[273,262s][info][gc] GC(1020) Pause Young (Allocation Failure) 955M->955M(989M) 0,029ms
[274,160s][info][gc] GC(1021) Pause Full (Allocation Failure) 955M->625M(989M) 898,365ms
[274,295s][info][gc] GC(1022) Pause Young (Allocation Failure) 898M->644M(989M) 25,552ms
[274,449s][info][gc] GC(1023) Pause Young (Allocation Failure) 917M->663M(989M) 40,868ms
[274,598s][info][gc] GC(1024) Pause Young (Allocation Failure) 936M->682M(989M) 40,643ms
[274,707s][info][gc] GC(1025) Pause Young (Allocation Failure) 955M->955M(989M) 0,029ms
[275,643s][info][gc] GC(1026) Pause Full (Allocation Failure) 955M->625M(989M) 935,614ms
[275,777s][info][gc] GC(1027) Pause Young (Allocation Failure) 898M->644M(989M) 25,359ms
[275,929s][info][gc] GC(1028) Pause Young (Allocation Failure) 917M->663M(989M) 40,466ms
[276,078s][info][gc] GC(1029) Pause Young (Allocation Failure) 936M->682M(989M) 40,483ms
[276,187s][info][gc] GC(1030) Pause Young (Allocation Failure) 955M->955M(989M) 0,028ms
[277,105s][info][gc] GC(1031) Pause Full (Allocation Failure) 955M->590M(989M) 917,840ms
[277,243s][info][gc] GC(1032) Pause Young (Allocation Failure) 863M->610M(989M) 25,325ms
[277,395s][info][gc] GC(1033) Pause Young (Allocation Failure) 883M->629M(989M) 40,585ms
[277,544s][info][gc] GC(1034) Pause Young (Allocation Failure) 902M->648M(989M) 40,575ms
[277,693s][info][gc] GC(1035) Pause Young (Allocation Failure) 921M->667M(989M) 40,543ms
[277,802s][info][gc] GC(1036) Pause Young (Allocation Failure) 940M->940M(989M) 0,029ms
[278,677s][info][gc] GC(1037) Pause Full (Allocation Failure) 940M->625M(989M) 875,430ms
[278,826s][info][gc] GC(1038) Pause Young (Allocation Failure) 898M->644M(989M) 26,652ms
[278,990s][info][gc] GC(1039) Pause Young (Allocation Failure) 917M->663M(989M) 42,275ms
[279,153s][info][gc] GC(1040) Pause Young (Allocation Failure) 936M->682M(989M) 42,037ms
[279,271s][info][gc] GC(1041) Pause Young (Allocation Failure) 955M->955M(989M) 0,021ms
[280,185s][info][gc] GC(1042) Pause Full (Allocation Failure) 955M->625M(989M) 913,380ms
[280,319s][info][gc] GC(1043) Pause Young (Allocation Failure) 898M->644M(989M) 25,611ms
[280,472s][info][gc] GC(1044) Pause Young (Allocation Failure) 917M->663M(989M) 40,696ms
[280,622s][info][gc] GC(1045) Pause Young (Allocation Failure) 936M->682M(989M) 41,120ms
[280,731s][info][gc] GC(1046) Pause Young (Allocation Failure) 955M->955M(989M) 0,030ms
[281,653s][info][gc] GC(1047) Pause Full (Allocation Failure) 955M->625M(989M) 921,661ms
[281,788s][info][gc] GC(1048) Pause Young (Allocation Failure) 898M->644M(989M) 25,414ms
[281,940s][info][gc] GC(1049) Pause Young (Allocation Failure) 917M->663M(989M) 40,643ms
[282,090s][info][gc] GC(1050) Pause Young (Allocation Failure) 936M->682M(989M) 40,511ms
[282,202s][info][gc] GC(1051) Pause Young (Allocation Failure) 955M->955M(989M) 0,034ms
[283,122s][info][gc] GC(1052) Pause Full (Allocation Failure) 955M->590M(989M) 920,821ms
[283,259s][info][gc] GC(1053) Pause Young (Allocation Failure) 863M->610M(989M) 25,770ms
[283,412s][info][gc] GC(1054) Pause Young (Allocation Failure) 883M->629M(989M) 40,678ms
[283,562s][info][gc] GC(1055) Pause Young (Allocation Failure) 902M->648M(989M) 40,614ms
[283,712s][info][gc] GC(1056) Pause Young (Allocation Failure) 921M->667M(989M) 40,700ms
[283,821s][info][gc] GC(1057) Pause Young (Allocation Failure) 940M->940M(989M) 0,015ms
[284,703s][info][gc] GC(1058) Pause Full (Allocation Failure) 940M->625M(989M) 881,782ms
[284,838s][info][gc] GC(1059) Pause Young (Allocation Failure) 898M->644M(989M) 25,670ms
[284,990s][info][gc] GC(1060) Pause Young (Allocation Failure) 917M->663M(989M) 40,896ms
[285,140s][info][gc] GC(1061) Pause Young (Allocation Failure) 936M->682M(989M) 40,767ms
[285,249s][info][gc] GC(1062) Pause Young (Allocation Failure) 955M->955M(989M) 0,029ms
[286,143s][info][gc] GC(1063) Pause Full (Allocation Failure) 955M->625M(989M) 893,549ms
[286,277s][info][gc] GC(1064) Pause Young (Allocation Failure) 898M->644M(989M) 25,329ms
[286,430s][info][gc] GC(1065) Pause Young (Allocation Failure) 917M->663M(989M) 40,825ms
[286,580s][info][gc] GC(1066) Pause Young (Allocation Failure) 936M->682M(989M) 40,989ms
[286,689s][info][gc] GC(1067) Pause Young (Allocation Failure) 955M->955M(989M) 0,031ms
[287,620s][info][gc] GC(1068) Pause Full (Allocation Failure) 955M->625M(989M) 930,702ms
[287,754s][info][gc] GC(1069) Pause Young (Allocation Failure) 898M->644M(989M) 25,377ms
[287,907s][info][gc] GC(1070) Pause Young (Allocation Failure) 917M->663M(989M) 40,739ms
[288,057s][info][gc] GC(1071) Pause Young (Allocation Failure) 936M->682M(989M) 40,712ms
[288,166s][info][gc] GC(1072) Pause Young (Allocation Failure) 955M->955M(989M) 0,030ms
[289,077s][info][gc] GC(1073) Pause Full (Allocation Failure) 955M->590M(989M) 911,251ms
[289,211s][info][gc] GC(1074) Pause Young (Allocation Failure) 863M->610M(989M) 25,695ms
[289,364s][info][gc] GC(1075) Pause Young (Allocation Failure) 883M->629M(989M) 40,662ms
[289,514s][info][gc] GC(1076) Pause Young (Allocation Failure) 902M->648M(989M) 40,831ms
[289,664s][info][gc] GC(1077) Pause Young (Allocation Failure) 921M->667M(989M) 40,641ms
[289,772s][info][gc] GC(1078) Pause Young (Allocation Failure) 940M->940M(989M) 0,029ms
[290,641s][info][gc] GC(1079) Pause Full (Allocation Failure) 940M->625M(989M) 868,928ms
[290,777s][info][gc] GC(1080) Pause Young (Allocation Failure) 898M->644M(989M) 25,678ms
[290,931s][info][gc] GC(1081) Pause Young (Allocation Failure) 917M->663M(989M) 40,882ms
[291,086s][info][gc] GC(1082) Pause Young (Allocation Failure) 936M->682M(989M) 41,195ms
[291,197s][info][gc] GC(1083) Pause Young (Allocation Failure) 955M->955M(989M) 0,032ms
[292,117s][info][gc] GC(1084) Pause Full (Allocation Failure) 955M->625M(989M) 920,444ms
[292,258s][info][gc] GC(1085) Pause Young (Allocation Failure) 898M->644M(989M) 25,782ms
[292,411s][info][gc] GC(1086) Pause Young (Allocation Failure) 917M->663M(989M) 40,618ms
[292,561s][info][gc] GC(1087) Pause Young (Allocation Failure) 936M->682M(989M) 40,589ms
[292,670s][info][gc] GC(1088) Pause Young (Allocation Failure) 955M->955M(989M) 0,031ms
[293,579s][info][gc] GC(1089) Pause Full (Allocation Failure) 955M->625M(989M) 909,171ms
[293,721s][info][gc] GC(1090) Pause Young (Allocation Failure) 898M->644M(989M) 25,357ms
[293,874s][info][gc] GC(1091) Pause Young (Allocation Failure) 917M->663M(989M) 40,561ms
[294,022s][info][gc] GC(1092) Pause Young (Allocation Failure) 936M->682M(989M) 40,410ms
[294,133s][info][gc] GC(1093) Pause Young (Allocation Failure) 955M->955M(989M) 0,030ms
[295,074s][info][gc] GC(1094) Pause Full (Allocation Failure) 955M->590M(989M) 941,124ms
[295,209s][info][gc] GC(1095) Pause Young (Allocation Failure) 863M->610M(989M) 26,074ms
[295,362s][info][gc] GC(1096) Pause Young (Allocation Failure) 883M->629M(989M) 40,740ms
[295,511s][info][gc] GC(1097) Pause Young (Allocation Failure) 902M->648M(989M) 40,598ms
[295,661s][info][gc] GC(1098) Pause Young (Allocation Failure) 921M->667M(989M) 40,802ms
[295,771s][info][gc] GC(1099) Pause Young (Allocation Failure) 940M->940M(989M) 0,035ms
[296,641s][info][gc] GC(1100) Pause Full (Allocation Failure) 940M->625M(989M) 869,700ms
[296,776s][info][gc] GC(1101) Pause Young (Allocation Failure) 898M->644M(989M) 25,591ms
[296,929s][info][gc] GC(1102) Pause Young (Allocation Failure) 917M->663M(989M) 40,747ms
[297,079s][info][gc] GC(1103) Pause Young (Allocation Failure) 936M->682M(989M) 40,746ms
[297,187s][info][gc] GC(1104) Pause Young (Allocation Failure) 955M->955M(989M) 0,031ms
[298,089s][info][gc] GC(1105) Pause Full (Allocation Failure) 955M->625M(989M) 900,984ms
[298,223s][info][gc] GC(1106) Pause Young (Allocation Failure) 898M->644M(989M) 25,544ms
[298,376s][info][gc] GC(1107) Pause Young (Allocation Failure) 917M->663M(989M) 40,663ms
[298,525s][info][gc] GC(1108) Pause Young (Allocation Failure) 936M->682M(989M) 40,636ms
[298,634s][info][gc] GC(1109) Pause Young (Allocation Failure) 955M->955M(989M) 0,015ms
[299,541s][info][gc] GC(1110) Pause Full (Allocation Failure) 955M->625M(989M) 906,293ms
[299,676s][info][gc] GC(1111) Pause Young (Allocation Failure) 898M->644M(989M) 26,065ms
[299,829s][info][gc] GC(1112) Pause Young (Allocation Failure) 917M->663M(989M) 41,026ms
[299,979s][info][gc] GC(1113) Pause Young (Allocation Failure) 936M->682M(989M) 40,975ms
[300,088s][info][gc] GC(1114) Pause Young (Allocation Failure) 955M->955M(989M) 0,030ms
[301,013s][info][gc] GC(1115) Pause Full (Allocation Failure) 955M->590M(989M) 924,635ms
[301,150s][info][gc] GC(1116) Pause Young (Allocation Failure) 863M->610M(989M) 26,548ms
[301,304s][info][gc] GC(1117) Pause Young (Allocation Failure) 883M->629M(989M) 41,077ms
[301,455s][info][gc] GC(1118) Pause Young (Allocation Failure) 902M->648M(989M) 40,969ms
[301,606s][info][gc] GC(1119) Pause Young (Allocation Failure) 921M->667M(989M) 40,945ms
[301,716s][info][gc] GC(1120) Pause Young (Allocation Failure) 940M->940M(989M) 0,030ms
[302,584s][info][gc] GC(1121) Pause Full (Allocation Failure) 940M->625M(989M) 867,963ms
[302,718s][info][gc] GC(1122) Pause Young (Allocation Failure) 898M->644M(989M) 25,624ms
[302,871s][info][gc] GC(1123) Pause Young (Allocation Failure) 917M->663M(989M) 40,576ms
[303,024s][info][gc] GC(1124) Pause Young (Allocation Failure) 936M->682M(989M) 40,853ms
[303,136s][info][gc] GC(1125) Pause Young (Allocation Failure) 955M->955M(989M) 0,029ms
[304,047s][info][gc] GC(1126) Pause Full (Allocation Failure) 955M->625M(989M) 910,671ms
[304,186s][info][gc] GC(1127) Pause Young (Allocation Failure) 898M->644M(989M) 29,756ms
[304,342s][info][gc] GC(1128) Pause Young (Allocation Failure) 917M->663M(989M) 40,916ms
[304,491s][info][gc] GC(1129) Pause Young (Allocation Failure) 936M->682M(989M) 40,729ms
[304,601s][info][gc] GC(1130) Pause Young (Allocation Failure) 955M->955M(989M) 0,030ms
[305,537s][info][gc] GC(1131) Pause Full (Allocation Failure) 955M->625M(989M) 935,838ms
[305,672s][info][gc] GC(1132) Pause Young (Allocation Failure) 898M->644M(989M) 25,329ms
[305,825s][info][gc] GC(1133) Pause Young (Allocation Failure) 917M->663M(989M) 40,995ms
[305,975s][info][gc] GC(1134) Pause Young (Allocation Failure) 936M->682M(989M) 41,069ms
[306,084s][info][gc] GC(1135) Pause Young (Allocation Failure) 955M->955M(989M) 0,031ms
[307,027s][info][gc] GC(1136) Pause Full (Allocation Failure) 955M->590M(989M) 943,111ms
[307,162s][info][gc] GC(1137) Pause Young (Allocation Failure) 863M->610M(989M) 25,396ms
[307,314s][info][gc] GC(1138) Pause Young (Allocation Failure) 883M->629M(989M) 40,572ms
[307,463s][info][gc] GC(1139) Pause Young (Allocation Failure) 902M->648M(989M) 40,551ms
[307,613s][info][gc] GC(1140) Pause Young (Allocation Failure) 921M->667M(989M) 40,533ms
[307,722s][info][gc] GC(1141) Pause Young (Allocation Failure) 940M->940M(989M) 0,034ms
[308,592s][info][gc] GC(1142) Pause Full (Allocation Failure) 940M->625M(989M) 869,714ms
[308,727s][info][gc] GC(1143) Pause Young (Allocation Failure) 898M->644M(989M) 25,558ms
[308,879s][info][gc] GC(1144) Pause Young (Allocation Failure) 917M->663M(989M) 40,506ms
[309,028s][info][gc] GC(1145) Pause Young (Allocation Failure) 936M->682M(989M) 40,513ms
[309,137s][info][gc] GC(1146) Pause Young (Allocation Failure) 955M->955M(989M) 0,029ms
[310,035s][info][gc] GC(1147) Pause Full (Allocation Failure) 955M->625M(989M) 897,173ms
[310,170s][info][gc] GC(1148) Pause Young (Allocation Failure) 898M->644M(989M) 26,010ms
[310,322s][info][gc] GC(1149) Pause Young (Allocation Failure) 917M->663M(989M) 40,902ms
[310,472s][info][gc] GC(1150) Pause Young (Allocation Failure) 936M->682M(989M) 40,952ms
[310,581s][info][gc] GC(1151) Pause Young (Allocation Failure) 955M->955M(989M) 0,029ms
[311,492s][info][gc] GC(1152) Pause Full (Allocation Failure) 955M->625M(989M) 910,117ms
[311,631s][info][gc] GC(1153) Pause Young (Allocation Failure) 898M->644M(989M) 26,219ms
[311,784s][info][gc] GC(1154) Pause Young (Allocation Failure) 917M->663M(989M) 40,849ms
[311,934s][info][gc] GC(1155) Pause Young (Allocation Failure) 936M->682M(989M) 40,627ms
[312,043s][info][gc] GC(1156) Pause Young (Allocation Failure) 955M->955M(989M) 0,029ms
[312,973s][info][gc] GC(1157) Pause Full (Allocation Failure) 955M->590M(989M) 929,948ms
[313,118s][info][gc] GC(1158) Pause Young (Allocation Failure) 863M->610M(989M) 29,401ms
[313,273s][info][gc] GC(1159) Pause Young (Allocation Failure) 883M->629M(989M) 40,535ms
[313,427s][info][gc] GC(1160) Pause Young (Allocation Failure) 902M->648M(989M) 45,267ms
[313,578s][info][gc] GC(1161) Pause Young (Allocation Failure) 921M->667M(989M) 40,459ms
[313,686s][info][gc] GC(1162) Pause Young (Allocation Failure) 940M->940M(989M) 0,028ms
[314,555s][info][gc] GC(1163) Pause Full (Allocation Failure) 940M->625M(989M) 868,658ms
[314,690s][info][gc] GC(1164) Pause Young (Allocation Failure) 898M->644M(989M) 25,781ms
[314,842s][info][gc] GC(1165) Pause Young (Allocation Failure) 917M->663M(989M) 40,655ms
[314,996s][info][gc] GC(1166) Pause Young (Allocation Failure) 936M->682M(989M) 40,759ms
[315,106s][info][gc] GC(1167) Pause Young (Allocation Failure) 955M->955M(989M) 0,055ms
[316,000s][info][gc] GC(1168) Pause Full (Allocation Failure) 955M->625M(989M) 894,668ms
[316,135s][info][gc] GC(1169) Pause Young (Allocation Failure) 898M->644M(989M) 25,713ms
[316,287s][info][gc] GC(1170) Pause Young (Allocation Failure) 917M->663M(989M) 40,566ms
[316,437s][info][gc] GC(1171) Pause Young (Allocation Failure) 936M->682M(989M) 40,579ms
[316,545s][info][gc] GC(1172) Pause Young (Allocation Failure) 955M->955M(989M) 0,015ms
[317,448s][info][gc] GC(1173) Pause Full (Allocation Failure) 955M->625M(989M) 902,136ms
[317,582s][info][gc] GC(1174) Pause Young (Allocation Failure) 898M->644M(989M) 25,758ms
[317,734s][info][gc] GC(1175) Pause Young (Allocation Failure) 917M->663M(989M) 40,543ms
[317,883s][info][gc] GC(1176) Pause Young (Allocation Failure) 936M->682M(989M) 40,478ms
[317,992s][info][gc] GC(1177) Pause Young (Allocation Failure) 955M->955M(989M) 0,028ms
[318,910s][info][gc] GC(1178) Pause Full (Allocation Failure) 955M->590M(989M) 917,640ms
[319,045s][info][gc] GC(1179) Pause Young (Allocation Failure) 863M->610M(989M) 25,429ms
[319,197s][info][gc] GC(1180) Pause Young (Allocation Failure) 883M->629M(989M) 40,445ms
[319,346s][info][gc] GC(1181) Pause Young (Allocation Failure) 902M->648M(989M) 40,580ms
[319,496s][info][gc] GC(1182) Pause Young (Allocation Failure) 921M->667M(989M) 40,929ms
[319,604s][info][gc] GC(1183) Pause Young (Allocation Failure) 940M->940M(989M) 0,029ms
[320,483s][info][gc] GC(1184) Pause Full (Allocation Failure) 940M->625M(989M) 878,576ms
[320,620s][info][gc] GC(1185) Pause Young (Allocation Failure) 898M->644M(989M) 25,874ms
[320,773s][info][gc] GC(1186) Pause Young (Allocation Failure) 917M->663M(989M) 40,872ms
[320,925s][info][gc] GC(1187) Pause Young (Allocation Failure) 936M->682M(989M) 40,962ms
[321,036s][info][gc] GC(1188) Pause Young (Allocation Failure) 955M->955M(989M) 0,017ms
[321,939s][info][gc] GC(1189) Pause Full (Allocation Failure) 955M->625M(989M) 903,165ms
[322,074s][info][gc] GC(1190) Pause Young (Allocation Failure) 898M->644M(989M) 25,723ms
[322,227s][info][gc] GC(1191) Pause Young (Allocation Failure) 917M->663M(989M) 41,046ms
[322,377s][info][gc] GC(1192) Pause Young (Allocation Failure) 936M->682M(989M) 40,901ms
[322,486s][info][gc] GC(1193) Pause Young (Allocation Failure) 955M->955M(989M) 0,030ms
[323,395s][info][gc] GC(1194) Pause Full (Allocation Failure) 955M->625M(989M) 908,940ms
[323,529s][info][gc] GC(1195) Pause Young (Allocation Failure) 898M->644M(989M) 25,493ms
[323,682s][info][gc] GC(1196) Pause Young (Allocation Failure) 917M->663M(989M) 40,477ms
[323,831s][info][gc] GC(1197) Pause Young (Allocation Failure) 936M->682M(989M) 40,561ms
[323,940s][info][gc] GC(1198) Pause Young (Allocation Failure) 955M->955M(989M) 0,029ms
[324,857s][info][gc] GC(1199) Pause Full (Allocation Failure) 955M->590M(989M) 916,942ms
[324,991s][info][gc] GC(1200) Pause Young (Allocation Failure) 863M->610M(989M) 25,512ms
[325,144s][info][gc] GC(1201) Pause Young (Allocation Failure) 883M->629M(989M) 40,686ms
[325,293s][info][gc] GC(1202) Pause Young (Allocation Failure) 902M->648M(989M) 40,565ms
[325,442s][info][gc] GC(1203) Pause Young (Allocation Failure) 921M->667M(989M) 40,517ms
[325,553s][info][gc] GC(1204) Pause Young (Allocation Failure) 940M->940M(989M) 0,017ms
[326,420s][info][gc] GC(1205) Pause Full (Allocation Failure) 940M->625M(989M) 867,094ms
[326,555s][info][gc] GC(1206) Pause Young (Allocation Failure) 898M->644M(989M) 25,522ms
[326,708s][info][gc] GC(1207) Pause Young (Allocation Failure) 917M->663M(989M) 40,532ms
[326,858s][info][gc] GC(1208) Pause Young (Allocation Failure) 936M->682M(989M) 40,767ms
[326,967s][info][gc] GC(1209) Pause Young (Allocation Failure) 955M->955M(989M) 0,029ms
[327,864s][info][gc] GC(1210) Pause Full (Allocation Failure) 955M->625M(989M) 896,821ms
[327,998s][info][gc] GC(1211) Pause Young (Allocation Failure) 898M->644M(989M) 25,478ms
[328,151s][info][gc] GC(1212) Pause Young (Allocation Failure) 917M->663M(989M) 40,979ms
[328,301s][info][gc] GC(1213) Pause Young (Allocation Failure) 936M->682M(989M) 40,745ms
[328,410s][info][gc] GC(1214) Pause Young (Allocation Failure) 955M->955M(989M) 0,036ms
[329,315s][info][gc] GC(1215) Pause Full (Allocation Failure) 955M->625M(989M) 905,490ms
[329,450s][info][gc] GC(1216) Pause Young (Allocation Failure) 898M->644M(989M) 25,561ms
[329,603s][info][gc] GC(1217) Pause Young (Allocation Failure) 917M->663M(989M) 40,644ms
[329,754s][info][gc] GC(1218) Pause Young (Allocation Failure) 936M->682M(989M) 40,814ms
[329,864s][info][gc] GC(1219) Pause Young (Allocation Failure) 955M->955M(989M) 0,029ms
[330,781s][info][gc] GC(1220) Pause Full (Allocation Failure) 955M->590M(989M) 917,020ms
[330,916s][info][gc] GC(1221) Pause Young (Allocation Failure) 863M->610M(989M) 25,628ms
[331,068s][info][gc] GC(1222) Pause Young (Allocation Failure) 883M->629M(989M) 40,570ms
[331,217s][info][gc] GC(1223) Pause Young (Allocation Failure) 902M->648M(989M) 40,592ms
[331,367s][info][gc] GC(1224) Pause Young (Allocation Failure) 921M->667M(989M) 40,683ms
[331,477s][info][gc] GC(1225) Pause Young (Allocation Failure) 940M->940M(989M) 0,031ms
[332,346s][info][gc] GC(1226) Pause Full (Allocation Failure) 940M->625M(989M) 868,935ms
[332,480s][info][gc] GC(1227) Pause Young (Allocation Failure) 898M->644M(989M) 25,474ms
[332,632s][info][gc] GC(1228) Pause Young (Allocation Failure) 917M->663M(989M) 40,649ms
[332,781s][info][gc] GC(1229) Pause Young (Allocation Failure) 936M->682M(989M) 40,543ms
[332,890s][info][gc] GC(1230) Pause Young (Allocation Failure) 955M->955M(989M) 0,054ms
[333,782s][info][gc] GC(1231) Pause Full (Allocation Failure) 955M->625M(989M) 891,537ms
[333,916s][info][gc] GC(1232) Pause Young (Allocation Failure) 898M->644M(989M) 25,424ms
[334,068s][info][gc] GC(1233) Pause Young (Allocation Failure) 917M->663M(989M) 40,453ms
[334,217s][info][gc] GC(1234) Pause Young (Allocation Failure) 936M->682M(989M) 40,468ms
[334,326s][info][gc] GC(1235) Pause Young (Allocation Failure) 955M->955M(989M) 0,029ms
[335,226s][info][gc] GC(1236) Pause Full (Allocation Failure) 955M->625M(989M) 900,568ms
[335,361s][info][gc] GC(1237) Pause Young (Allocation Failure) 898M->644M(989M) 25,599ms
[335,541s][info][gc] GC(1238) Pause Young (Allocation Failure) 917M->663M(989M) 42,125ms
[335,697s][info][gc] GC(1239) Pause Young (Allocation Failure) 936M->682M(989M) 46,282ms
[335,809s][info][gc] GC(1240) Pause Young (Allocation Failure) 955M->955M(989M) 0,030ms
[336,748s][info][gc] GC(1241) Pause Full (Allocation Failure) 955M->590M(989M) 939,318ms
[336,883s][info][gc] GC(1242) Pause Young (Allocation Failure) 863M->610M(989M) 26,040ms
[337,036s][info][gc] GC(1243) Pause Young (Allocation Failure) 883M->629M(989M) 41,193ms
[337,186s][info][gc] GC(1244) Pause Young (Allocation Failure) 902M->648M(989M) 40,543ms
[337,335s][info][gc] GC(1245) Pause Young (Allocation Failure) 921M->667M(989M) 40,628ms
[337,444s][info][gc] GC(1246) Pause Young (Allocation Failure) 940M->940M(989M) 0,015ms
[338,311s][info][gc] GC(1247) Pause Full (Allocation Failure) 940M->625M(989M) 867,358ms
[338,445s][info][gc] GC(1248) Pause Young (Allocation Failure) 898M->644M(989M) 25,447ms
[338,598s][info][gc] GC(1249) Pause Young (Allocation Failure) 917M->663M(989M) 40,577ms
[338,746s][info][gc] GC(1250) Pause Young (Allocation Failure) 936M->682M(989M) 40,346ms
[338,855s][info][gc] GC(1251) Pause Young (Allocation Failure) 955M->955M(989M) 0,015ms
[339,746s][info][gc] GC(1252) Pause Full (Allocation Failure) 955M->625M(989M) 890,903ms
[339,880s][info][gc] GC(1253) Pause Young (Allocation Failure) 898M->644M(989M) 25,673ms
[340,032s][info][gc] GC(1254) Pause Young (Allocation Failure) 917M->663M(989M) 40,664ms
[340,182s][info][gc] GC(1255) Pause Young (Allocation Failure) 936M->682M(989M) 40,438ms
[340,290s][info][gc] GC(1256) Pause Young (Allocation Failure) 955M->955M(989M) 0,015ms
[341,190s][info][gc] GC(1257) Pause Full (Allocation Failure) 955M->625M(989M) 900,158ms
[341,329s][info][gc] GC(1258) Pause Young (Allocation Failure) 898M->644M(989M) 29,727ms
[341,485s][info][gc] GC(1259) Pause Young (Allocation Failure) 917M->663M(989M) 41,622ms
[341,639s][info][gc] GC(1260) Pause Young (Allocation Failure) 936M->682M(989M) 45,327ms
[341,750s][info][gc] GC(1261) Pause Young (Allocation Failure) 955M->955M(989M) 0,016ms
[342,661s][info][gc] GC(1262) Pause Full (Allocation Failure) 955M->590M(989M) 910,682ms
[342,795s][info][gc] GC(1263) Pause Young (Allocation Failure) 863M->610M(989M) 25,339ms
[342,947s][info][gc] GC(1264) Pause Young (Allocation Failure) 883M->629M(989M) 40,747ms
[343,097s][info][gc] GC(1265) Pause Young (Allocation Failure) 902M->648M(989M) 40,528ms
[343,249s][info][gc] GC(1266) Pause Young (Allocation Failure) 921M->667M(989M) 41,044ms
[343,358s][info][gc] GC(1267) Pause Young (Allocation Failure) 940M->940M(989M) 0,035ms
[344,225s][info][gc] GC(1268) Pause Full (Allocation Failure) 940M->625M(989M) 867,626ms
[344,359s][info][gc] GC(1269) Pause Young (Allocation Failure) 898M->644M(989M) 25,425ms
[344,512s][info][gc] GC(1270) Pause Young (Allocation Failure) 917M->663M(989M) 40,502ms
[344,661s][info][gc] GC(1271) Pause Young (Allocation Failure) 936M->682M(989M) 40,486ms
[344,770s][info][gc] GC(1272) Pause Young (Allocation Failure) 955M->955M(989M) 0,015ms
[345,665s][info][gc] GC(1273) Pause Full (Allocation Failure) 955M->625M(989M) 895,302ms
[345,801s][info][gc] GC(1274) Pause Young (Allocation Failure) 898M->644M(989M) 25,520ms
[345,954s][info][gc] GC(1275) Pause Young (Allocation Failure) 917M->663M(989M) 40,963ms
[346,103s][info][gc] GC(1276) Pause Young (Allocation Failure) 936M->682M(989M) 40,946ms
[346,212s][info][gc] GC(1277) Pause Young (Allocation Failure) 955M->955M(989M) 0,015ms
[347,114s][info][gc] GC(1278) Pause Full (Allocation Failure) 955M->625M(989M) 901,838ms
[347,249s][info][gc] GC(1279) Pause Young (Allocation Failure) 898M->644M(989M) 25,640ms
[347,401s][info][gc] GC(1280) Pause Young (Allocation Failure) 917M->663M(989M) 40,580ms
[347,551s][info][gc] GC(1281) Pause Young (Allocation Failure) 936M->682M(989M) 40,670ms
[347,659s][info][gc] GC(1282) Pause Young (Allocation Failure) 955M->955M(989M) 0,035ms
[348,581s][info][gc] GC(1283) Pause Full (Allocation Failure) 955M->590M(989M) 921,619ms
[348,716s][info][gc] GC(1284) Pause Young (Allocation Failure) 863M->610M(989M) 25,724ms
[348,868s][info][gc] GC(1285) Pause Young (Allocation Failure) 883M->629M(989M) 40,811ms
[349,019s][info][gc] GC(1286) Pause Young (Allocation Failure) 902M->648M(989M) 41,326ms
[349,174s][info][gc] GC(1287) Pause Young (Allocation Failure) 921M->667M(989M) 45,715ms
[349,285s][info][gc] GC(1288) Pause Young (Allocation Failure) 940M->940M(989M) 0,029ms
[350,213s][info][gc] GC(1289) Pause Full (Allocation Failure) 940M->625M(989M) 927,733ms
[350,347s][info][gc] GC(1290) Pause Young (Allocation Failure) 898M->644M(989M) 25,433ms
[350,499s][info][gc] GC(1291) Pause Young (Allocation Failure) 917M->663M(989M) 40,609ms
[350,649s][info][gc] GC(1292) Pause Young (Allocation Failure) 936M->682M(989M) 40,511ms
[350,757s][info][gc] GC(1293) Pause Young (Allocation Failure) 955M->955M(989M) 0,055ms
[351,661s][info][gc] GC(1294) Pause Full (Allocation Failure) 955M->625M(989M) 903,104ms
[351,795s][info][gc] GC(1295) Pause Young (Allocation Failure) 898M->644M(989M) 25,325ms
[351,947s][info][gc] GC(1296) Pause Young (Allocation Failure) 917M->663M(989M) 40,635ms
[352,096s][info][gc] GC(1297) Pause Young (Allocation Failure) 936M->682M(989M) 40,553ms
[352,206s][info][gc] GC(1298) Pause Young (Allocation Failure) 955M->955M(989M) 0,031ms
[353,115s][info][gc] GC(1299) Pause Full (Allocation Failure) 955M->625M(989M) 909,284ms
[353,250s][info][gc] GC(1300) Pause Young (Allocation Failure) 898M->644M(989M) 25,546ms
[353,403s][info][gc] GC(1301) Pause Young (Allocation Failure) 917M->663M(989M) 40,593ms
[353,553s][info][gc] GC(1302) Pause Young (Allocation Failure) 936M->682M(989M) 40,689ms
[353,662s][info][gc] GC(1303) Pause Young (Allocation Failure) 955M->955M(989M) 0,029ms
[354,596s][info][gc] GC(1304) Pause Full (Allocation Failure) 955M->590M(989M) 934,134ms
[354,731s][info][gc] GC(1305) Pause Young (Allocation Failure) 863M->610M(989M) 26,300ms
[354,885s][info][gc] GC(1306) Pause Young (Allocation Failure) 883M->629M(989M) 41,143ms
[355,035s][info][gc] GC(1307) Pause Young (Allocation Failure) 902M->648M(989M) 40,868ms
[355,184s][info][gc] GC(1308) Pause Young (Allocation Failure) 921M->667M(989M) 40,901ms
[355,294s][info][gc] GC(1309) Pause Young (Allocation Failure) 940M->940M(989M) 0,036ms
[356,178s][info][gc] GC(1310) Pause Full (Allocation Failure) 940M->625M(989M) 883,542ms
[356,320s][info][gc] GC(1311) Pause Young (Allocation Failure) 898M->644M(989M) 25,751ms
[356,473s][info][gc] GC(1312) Pause Young (Allocation Failure) 917M->663M(989M) 41,052ms
[356,623s][info][gc] GC(1313) Pause Young (Allocation Failure) 936M->682M(989M) 40,762ms
[356,732s][info][gc] GC(1314) Pause Young (Allocation Failure) 955M->955M(989M) 0,030ms
[357,634s][info][gc] GC(1315) Pause Full (Allocation Failure) 955M->625M(989M) 902,075ms
[357,772s][info][gc] GC(1316) Pause Young (Allocation Failure) 898M->644M(989M) 29,501ms
[357,927s][info][gc] GC(1317) Pause Young (Allocation Failure) 917M->663M(989M) 40,533ms
[358,076s][info][gc] GC(1318) Pause Young (Allocation Failure) 936M->682M(989M) 40,605ms
[358,185s][info][gc] GC(1319) Pause Young (Allocation Failure) 955M->955M(989M) 0,029ms
[359,085s][info][gc] GC(1320) Pause Full (Allocation Failure) 955M->625M(989M) 899,427ms
[359,220s][info][gc] GC(1321) Pause Young (Allocation Failure) 898M->644M(989M) 25,826ms
[359,373s][info][gc] GC(1322) Pause Young (Allocation Failure) 917M->663M(989M) 40,834ms
[359,522s][info][gc] GC(1323) Pause Young (Allocation Failure) 936M->682M(989M) 40,724ms
[359,631s][info][gc] GC(1324) Pause Young (Allocation Failure) 955M->955M(989M) 0,035ms
[360,551s][info][gc] GC(1325) Pause Full (Allocation Failure) 955M->590M(989M) 919,562ms
[360,685s][info][gc] GC(1326) Pause Young (Allocation Failure) 863M->610M(989M) 25,852ms
[360,838s][info][gc] GC(1327) Pause Young (Allocation Failure) 883M->629M(989M) 40,872ms
[360,988s][info][gc] GC(1328) Pause Young (Allocation Failure) 902M->648M(989M) 40,893ms
[361,138s][info][gc] GC(1329) Pause Young (Allocation Failure) 921M->667M(989M) 41,026ms
[361,246s][info][gc] GC(1330) Pause Young (Allocation Failure) 940M->940M(989M) 0,029ms
[362,123s][info][gc] GC(1331) Pause Full (Allocation Failure) 940M->625M(989M) 876,203ms
[362,258s][info][gc] GC(1332) Pause Young (Allocation Failure) 898M->644M(989M) 25,566ms
[362,410s][info][gc] GC(1333) Pause Young (Allocation Failure) 917M->663M(989M) 40,682ms
[362,559s][info][gc] GC(1334) Pause Young (Allocation Failure) 936M->682M(989M) 40,636ms
[362,668s][info][gc] GC(1335) Pause Young (Allocation Failure) 955M->955M(989M) 0,029ms
[363,565s][info][gc] GC(1336) Pause Full (Allocation Failure) 955M->625M(989M) 897,715ms
[363,700s][info][gc] GC(1337) Pause Young (Allocation Failure) 898M->644M(989M) 25,590ms
[363,852s][info][gc] GC(1338) Pause Young (Allocation Failure) 917M->663M(989M) 40,697ms
[364,002s][info][gc] GC(1339) Pause Young (Allocation Failure) 936M->682M(989M) 40,528ms
[364,111s][info][gc] GC(1340) Pause Young (Allocation Failure) 955M->955M(989M) 0,029ms
[365,060s][info][gc] GC(1341) Pause Full (Allocation Failure) 955M->625M(989M) 949,548ms
[365,195s][info][gc] GC(1342) Pause Young (Allocation Failure) 898M->644M(989M) 25,936ms
[365,348s][info][gc] GC(1343) Pause Young (Allocation Failure) 917M->663M(989M) 41,243ms
[365,525s][info][gc] GC(1344) Pause Young (Allocation Failure) 936M->682M(989M) 42,521ms
[365,635s][info][gc] GC(1345) Pause Young (Allocation Failure) 955M->955M(989M) 0,031ms
[366,550s][info][gc] GC(1346) Pause Full (Allocation Failure) 955M->590M(989M) 915,141ms
[366,685s][info][gc] GC(1347) Pause Young (Allocation Failure) 863M->610M(989M) 25,520ms
[366,837s][info][gc] GC(1348) Pause Young (Allocation Failure) 883M->629M(989M) 40,492ms
[366,986s][info][gc] GC(1349) Pause Young (Allocation Failure) 902M->648M(989M) 40,802ms
[367,135s][info][gc] GC(1350) Pause Young (Allocation Failure) 921M->667M(989M) 40,319ms
[367,244s][info][gc] GC(1351) Pause Young (Allocation Failure) 940M->940M(989M) 0,030ms
[368,114s][info][gc] GC(1352) Pause Full (Allocation Failure) 940M->625M(989M) 869,746ms
[368,248s][info][gc] GC(1353) Pause Young (Allocation Failure) 898M->644M(989M) 25,322ms
[368,400s][info][gc] GC(1354) Pause Young (Allocation Failure) 917M->663M(989M) 40,658ms
[368,549s][info][gc] GC(1355) Pause Young (Allocation Failure) 936M->682M(989M) 40,546ms
[368,658s][info][gc] GC(1356) Pause Young (Allocation Failure) 955M->955M(989M) 0,015ms
[369,560s][info][gc] GC(1357) Pause Full (Allocation Failure) 955M->625M(989M) 902,363ms
[369,695s][info][gc] GC(1358) Pause Young (Allocation Failure) 898M->644M(989M) 25,503ms
[369,847s][info][gc] GC(1359) Pause Young (Allocation Failure) 917M->663M(989M) 41,015ms
[369,998s][info][gc] GC(1360) Pause Young (Allocation Failure) 936M->682M(989M) 40,981ms
[370,107s][info][gc] GC(1361) Pause Young (Allocation Failure) 955M->955M(989M) 0,029ms
[371,013s][info][gc] GC(1362) Pause Full (Allocation Failure) 955M->625M(989M) 905,968ms
[371,148s][info][gc] GC(1363) Pause Young (Allocation Failure) 898M->644M(989M) 25,886ms
[371,301s][info][gc] GC(1364) Pause Young (Allocation Failure) 917M->663M(989M) 40,735ms
[371,450s][info][gc] GC(1365) Pause Young (Allocation Failure) 936M->682M(989M) 40,758ms
[371,559s][info][gc] GC(1366) Pause Young (Allocation Failure) 955M->955M(989M) 0,036ms
[372,477s][info][gc] GC(1367) Pause Full (Allocation Failure) 955M->590M(989M) 917,874ms
[372,612s][info][gc] GC(1368) Pause Young (Allocation Failure) 863M->610M(989M) 25,496ms
[372,764s][info][gc] GC(1369) Pause Young (Allocation Failure) 883M->629M(989M) 40,437ms
[372,913s][info][gc] GC(1370) Pause Young (Allocation Failure) 902M->648M(989M) 40,479ms
[373,062s][info][gc] GC(1371) Pause Young (Allocation Failure) 921M->667M(989M) 40,469ms
[373,170s][info][gc] GC(1372) Pause Young (Allocation Failure) 940M->940M(989M) 0,029ms
[374,037s][info][gc] GC(1373) Pause Full (Allocation Failure) 940M->625M(989M) 866,486ms
[374,172s][info][gc] GC(1374) Pause Young (Allocation Failure) 898M->644M(989M) 25,664ms
[374,324s][info][gc] GC(1375) Pause Young (Allocation Failure) 917M->663M(989M) 40,743ms
[374,474s][info][gc] GC(1376) Pause Young (Allocation Failure) 936M->682M(989M) 40,679ms
[374,583s][info][gc] GC(1377) Pause Young (Allocation Failure) 955M->955M(989M) 0,015ms
[375,478s][info][gc] GC(1378) Pause Full (Allocation Failure) 955M->625M(989M) 895,590ms
[375,612s][info][gc] GC(1379) Pause Young (Allocation Failure) 898M->644M(989M) 25,465ms
[375,765s][info][gc] GC(1380) Pause Young (Allocation Failure) 917M->663M(989M) 40,594ms
[375,914s][info][gc] GC(1381) Pause Young (Allocation Failure) 936M->682M(989M) 40,355ms
[376,023s][info][gc] GC(1382) Pause Young (Allocation Failure) 955M->955M(989M) 0,015ms
[376,919s][info][gc] GC(1383) Pause Full (Allocation Failure) 955M->625M(989M) 896,679ms
[377,054s][info][gc] GC(1384) Pause Young (Allocation Failure) 898M->644M(989M) 25,510ms
[377,206s][info][gc] GC(1385) Pause Young (Allocation Failure) 917M->663M(989M) 40,634ms
[377,355s][info][gc] GC(1386) Pause Young (Allocation Failure) 936M->682M(989M) 40,421ms
[377,464s][info][gc] GC(1387) Pause Young (Allocation Failure) 955M->955M(989M) 0,029ms
[378,376s][info][gc] GC(1388) Pause Full (Allocation Failure) 955M->590M(989M) 911,822ms
[378,510s][info][gc] GC(1389) Pause Young (Allocation Failure) 863M->610M(989M) 25,364ms
[378,663s][info][gc] GC(1390) Pause Young (Allocation Failure) 883M->629M(989M) 40,704ms
[378,812s][info][gc] GC(1391) Pause Young (Allocation Failure) 902M->648M(989M) 40,500ms
[378,967s][info][gc] GC(1392) Pause Young (Allocation Failure) 921M->667M(989M) 46,112ms
[379,078s][info][gc] GC(1393) Pause Young (Allocation Failure) 940M->940M(989M) 0,030ms
[379,954s][info][gc] GC(1394) Pause Full (Allocation Failure) 940M->625M(989M) 875,576ms
[380,089s][info][gc] GC(1395) Pause Young (Allocation Failure) 898M->644M(989M) 25,712ms
[380,241s][info][gc] GC(1396) Pause Young (Allocation Failure) 917M->663M(989M) 40,785ms
[380,391s][info][gc] GC(1397) Pause Young (Allocation Failure) 936M->682M(989M) 40,847ms
[380,499s][info][gc] GC(1398) Pause Young (Allocation Failure) 955M->955M(989M) 0,035ms
[381,392s][info][gc] GC(1399) Pause Full (Allocation Failure) 955M->625M(989M) 892,730ms
[381,528s][info][gc] GC(1400) Pause Young (Allocation Failure) 898M->644M(989M) 25,705ms
[381,681s][info][gc] GC(1401) Pause Young (Allocation Failure) 917M->663M(989M) 40,886ms
[381,830s][info][gc] GC(1402) Pause Young (Allocation Failure) 936M->682M(989M) 40,554ms
[381,939s][info][gc] GC(1403) Pause Young (Allocation Failure) 955M->955M(989M) 0,028ms
[382,842s][info][gc] GC(1404) Pause Full (Allocation Failure) 955M->625M(989M) 903,010ms
[382,977s][info][gc] GC(1405) Pause Young (Allocation Failure) 898M->644M(989M) 25,528ms
[383,129s][info][gc] GC(1406) Pause Young (Allocation Failure) 917M->663M(989M) 40,445ms
[383,279s][info][gc] GC(1407) Pause Young (Allocation Failure) 936M->682M(989M) 40,704ms
[383,388s][info][gc] GC(1408) Pause Young (Allocation Failure) 955M->955M(989M) 0,029ms
[384,306s][info][gc] GC(1409) Pause Full (Allocation Failure) 955M->590M(989M) 918,524ms
[384,441s][info][gc] GC(1410) Pause Young (Allocation Failure) 863M->610M(989M) 25,675ms
[384,593s][info][gc] GC(1411) Pause Young (Allocation Failure) 883M->629M(989M) 40,538ms
[384,744s][info][gc] GC(1412) Pause Young (Allocation Failure) 902M->648M(989M) 40,695ms
[384,893s][info][gc] GC(1413) Pause Young (Allocation Failure) 921M->667M(989M) 40,575ms
[385,002s][info][gc] GC(1414) Pause Young (Allocation Failure) 940M->940M(989M) 0,029ms
[385,870s][info][gc] GC(1415) Pause Full (Allocation Failure) 940M->625M(989M) 868,729ms
[386,005s][info][gc] GC(1416) Pause Young (Allocation Failure) 898M->644M(989M) 25,626ms
[386,158s][info][gc] GC(1417) Pause Young (Allocation Failure) 917M->663M(989M) 40,623ms
[386,308s][info][gc] GC(1418) Pause Young (Allocation Failure) 936M->682M(989M) 40,648ms
[386,416s][info][gc] GC(1419) Pause Young (Allocation Failure) 955M->955M(989M) 0,029ms
[387,313s][info][gc] GC(1420) Pause Full (Allocation Failure) 955M->625M(989M) 896,869ms
[387,448s][info][gc] GC(1421) Pause Young (Allocation Failure) 898M->644M(989M) 25,717ms
[387,601s][info][gc] GC(1422) Pause Young (Allocation Failure) 917M->663M(989M) 40,642ms
[387,750s][info][gc] GC(1423) Pause Young (Allocation Failure) 936M->682M(989M) 40,620ms
[387,859s][info][gc] GC(1424) Pause Young (Allocation Failure) 955M->955M(989M) 0,015ms
[388,762s][info][gc] GC(1425) Pause Full (Allocation Failure) 955M->625M(989M) 903,103ms
[388,897s][info][gc] GC(1426) Pause Young (Allocation Failure) 898M->644M(989M) 25,441ms
[389,049s][info][gc] GC(1427) Pause Young (Allocation Failure) 917M->663M(989M) 40,634ms
[389,198s][info][gc] GC(1428) Pause Young (Allocation Failure) 936M->682M(989M) 40,759ms
[389,308s][info][gc] GC(1429) Pause Young (Allocation Failure) 955M->955M(989M) 0,029ms
[390,226s][info][gc] GC(1430) Pause Full (Allocation Failure) 955M->590M(989M) 917,883ms
[390,360s][info][gc] GC(1431) Pause Young (Allocation Failure) 863M->610M(989M) 25,393ms
[390,512s][info][gc] GC(1432) Pause Young (Allocation Failure) 883M->629M(989M) 40,598ms
[390,661s][info][gc] GC(1433) Pause Young (Allocation Failure) 902M->648M(989M) 40,383ms
[390,810s][info][gc] GC(1434) Pause Young (Allocation Failure) 921M->667M(989M) 40,520ms
[390,919s][info][gc] GC(1435) Pause Young (Allocation Failure) 940M->940M(989M) 0,015ms
[391,791s][info][gc] GC(1436) Pause Full (Allocation Failure) 940M->625M(989M) 872,013ms
[391,926s][info][gc] GC(1437) Pause Young (Allocation Failure) 898M->644M(989M) 25,809ms
[392,079s][info][gc] GC(1438) Pause Young (Allocation Failure) 917M->663M(989M) 41,093ms
[392,229s][info][gc] GC(1439) Pause Young (Allocation Failure) 936M->682M(989M) 40,804ms
[392,338s][info][gc] GC(1440) Pause Young (Allocation Failure) 955M->955M(989M) 0,036ms
[393,240s][info][gc] GC(1441) Pause Full (Allocation Failure) 955M->625M(989M) 901,955ms
[393,374s][info][gc] GC(1442) Pause Young (Allocation Failure) 898M->644M(989M) 25,416ms
[393,526s][info][gc] GC(1443) Pause Young (Allocation Failure) 917M->663M(989M) 40,483ms
[393,675s][info][gc] GC(1444) Pause Young (Allocation Failure) 936M->682M(989M) 40,345ms
[393,784s][info][gc] GC(1445) Pause Young (Allocation Failure) 955M->955M(989M) 0,029ms
[394,695s][info][gc] GC(1446) Pause Full (Allocation Failure) 955M->625M(989M) 910,715ms
[394,838s][info][gc] GC(1447) Pause Young (Allocation Failure) 898M->644M(989M) 26,235ms
[394,996s][info][gc] GC(1448) Pause Young (Allocation Failure) 917M->663M(989M) 41,081ms
[395,147s][info][gc] GC(1449) Pause Young (Allocation Failure) 936M->682M(989M) 40,742ms
[395,259s][info][gc] GC(1450) Pause Young (Allocation Failure) 955M->955M(989M) 0,016ms
[396,187s][info][gc] GC(1451) Pause Full (Allocation Failure) 955M->590M(989M) 928,364ms
[396,321s][info][gc] GC(1452) Pause Young (Allocation Failure) 863M->610M(989M) 25,525ms
[396,474s][info][gc] GC(1453) Pause Young (Allocation Failure) 883M->629M(989M) 40,915ms
[396,623s][info][gc] GC(1454) Pause Young (Allocation Failure) 902M->648M(989M) 40,560ms
[396,774s][info][gc] GC(1455) Pause Young (Allocation Failure) 921M->667M(989M) 40,882ms
[396,892s][info][gc] GC(1456) Pause Young (Allocation Failure) 940M->940M(989M) 0,023ms
[397,773s][info][gc] GC(1457) Pause Full (Allocation Failure) 940M->625M(989M) 880,915ms
[397,908s][info][gc] GC(1458) Pause Young (Allocation Failure) 898M->644M(989M) 25,562ms
[398,061s][info][gc] GC(1459) Pause Young (Allocation Failure) 917M->663M(989M) 40,624ms
[398,211s][info][gc] GC(1460) Pause Young (Allocation Failure) 936M->682M(989M) 40,649ms
[398,321s][info][gc] GC(1461) Pause Young (Allocation Failure) 955M->955M(989M) 0,036ms
[399,220s][info][gc] GC(1462) Pause Full (Allocation Failure) 955M->624M(989M) 898,951ms
[399,355s][info][gc] GC(1463) Pause Young (Allocation Failure) 898M->644M(989M) 25,496ms
[399,507s][info][gc] GC(1464) Pause Young (Allocation Failure) 917M->663M(989M) 40,422ms
[399,657s][info][gc] GC(1465) Pause Young (Allocation Failure) 936M->682M(989M) 40,370ms
[399,766s][info][gc] GC(1466) Pause Young (Allocation Failure) 955M->955M(989M) 0,016ms
[400,667s][info][gc] GC(1467) Pause Full (Allocation Failure) 955M->624M(989M) 901,249ms
[400,801s][info][gc] GC(1468) Pause Young (Allocation Failure) 898M->644M(989M) 25,469ms
[400,954s][info][gc] GC(1469) Pause Young (Allocation Failure) 917M->663M(989M) 40,434ms
[401,103s][info][gc] GC(1470) Pause Young (Allocation Failure) 936M->682M(989M) 40,583ms
[401,212s][info][gc] GC(1471) Pause Young (Allocation Failure) 955M->955M(989M) 0,029ms
[402,127s][info][gc] GC(1472) Pause Full (Allocation Failure) 955M->590M(989M) 914,361ms
[402,261s][info][gc] GC(1473) Pause Young (Allocation Failure) 863M->610M(989M) 25,666ms
[402,425s][info][gc] GC(1474) Pause Young (Allocation Failure) 883M->629M(989M) 41,278ms
[402,577s][info][gc] GC(1475) Pause Young (Allocation Failure) 902M->648M(989M) 40,815ms
[402,727s][info][gc] GC(1476) Pause Young (Allocation Failure) 921M->667M(989M) 40,697ms
[402,835s][info][gc] GC(1477) Pause Young (Allocation Failure) 940M->940M(989M) 0,029ms
[403,704s][info][gc] GC(1478) Pause Full (Allocation Failure) 940M->624M(989M) 868,935ms
[403,839s][info][gc] GC(1479) Pause Young (Allocation Failure) 898M->644M(989M) 25,524ms
[403,992s][info][gc] GC(1480) Pause Young (Allocation Failure) 917M->663M(989M) 40,687ms
[404,141s][info][gc] GC(1481) Pause Young (Allocation Failure) 936M->682M(989M) 40,697ms
[404,250s][info][gc] GC(1482) Pause Young (Allocation Failure) 955M->955M(989M) 0,015ms
[405,152s][info][gc] GC(1483) Pause Full (Allocation Failure) 955M->624M(989M) 902,250ms
[405,287s][info][gc] GC(1484) Pause Young (Allocation Failure) 898M->644M(989M) 25,361ms
[405,439s][info][gc] GC(1485) Pause Young (Allocation Failure) 917M->663M(989M) 40,481ms
[405,587s][info][gc] GC(1486) Pause Young (Allocation Failure) 936M->682M(989M) 40,413ms
[405,696s][info][gc] GC(1487) Pause Young (Allocation Failure) 955M->955M(989M) 0,015ms
[406,595s][info][gc] GC(1488) Pause Full (Allocation Failure) 955M->624M(989M) 899,054ms
[406,730s][info][gc] GC(1489) Pause Young (Allocation Failure) 898M->644M(989M) 25,703ms
[406,883s][info][gc] GC(1490) Pause Young (Allocation Failure) 917M->663M(989M) 40,796ms
[407,032s][info][gc] GC(1491) Pause Young (Allocation Failure) 936M->682M(989M) 40,679ms
[407,141s][info][gc] GC(1492) Pause Young (Allocation Failure) 955M->955M(989M) 0,029ms
[408,064s][info][gc] GC(1493) Pause Full (Allocation Failure) 955M->590M(989M) 922,372ms
[408,199s][info][gc] GC(1494) Pause Young (Allocation Failure) 863M->610M(989M) 25,778ms
[408,353s][info][gc] GC(1495) Pause Young (Allocation Failure) 883M->629M(989M) 41,885ms
[408,505s][info][gc] GC(1496) Pause Young (Allocation Failure) 902M->648M(989M) 41,004ms
[408,657s][info][gc] GC(1497) Pause Young (Allocation Failure) 921M->667M(989M) 40,891ms
[408,766s][info][gc] GC(1498) Pause Young (Allocation Failure) 940M->940M(989M) 0,029ms
[409,637s][info][gc] GC(1499) Pause Full (Allocation Failure) 940M->624M(989M) 871,526ms
[409,772s][info][gc] GC(1500) Pause Young (Allocation Failure) 898M->644M(989M) 25,778ms
[409,927s][info][gc] GC(1501) Pause Young (Allocation Failure) 917M->663M(989M) 40,926ms
[410,077s][info][gc] GC(1502) Pause Young (Allocation Failure) 936M->682M(989M) 40,876ms
[410,186s][info][gc] GC(1503) Pause Young (Allocation Failure) 955M->955M(989M) 0,028ms
[411,095s][info][gc] GC(1504) Pause Full (Allocation Failure) 955M->624M(989M) 908,784ms
[411,236s][info][gc] GC(1505) Pause Young (Allocation Failure) 898M->644M(989M) 26,003ms
[411,390s][info][gc] GC(1506) Pause Young (Allocation Failure) 917M->663M(989M) 41,676ms
[411,542s][info][gc] GC(1507) Pause Young (Allocation Failure) 936M->682M(989M) 40,941ms
[411,655s][info][gc] GC(1508) Pause Young (Allocation Failure) 955M->955M(989M) 0,018ms
[412,566s][info][gc] GC(1509) Pause Full (Allocation Failure) 955M->624M(989M) 910,668ms
[412,701s][info][gc] GC(1510) Pause Young (Allocation Failure) 898M->644M(989M) 25,544ms
[412,854s][info][gc] GC(1511) Pause Young (Allocation Failure) 917M->663M(989M) 40,602ms
[413,004s][info][gc] GC(1512) Pause Young (Allocation Failure) 936M->682M(989M) 40,527ms
[413,112s][info][gc] GC(1513) Pause Young (Allocation Failure) 955M->955M(989M) 0,028ms
[414,025s][info][gc] GC(1514) Pause Full (Allocation Failure) 955M->590M(989M) 912,419ms
[414,158s][info][gc] GC(1515) Pause Young (Allocation Failure) 863M->610M(989M) 25,512ms
[414,310s][info][gc] GC(1516) Pause Young (Allocation Failure) 883M->629M(989M) 40,491ms
[414,464s][info][gc] GC(1517) Pause Young (Allocation Failure) 902M->648M(989M) 40,623ms
[414,614s][info][gc] GC(1518) Pause Young (Allocation Failure) 921M->667M(989M) 40,331ms
[414,724s][info][gc] GC(1519) Pause Young (Allocation Failure) 940M->940M(989M) 0,016ms
[415,591s][info][gc] GC(1520) Pause Full (Allocation Failure) 940M->624M(989M) 867,237ms
[415,726s][info][gc] GC(1521) Pause Young (Allocation Failure) 898M->644M(989M) 25,506ms
[415,878s][info][gc] GC(1522) Pause Young (Allocation Failure) 917M->663M(989M) 40,491ms
[416,028s][info][gc] GC(1523) Pause Young (Allocation Failure) 936M->682M(989M) 40,974ms
[416,137s][info][gc] GC(1524) Pause Young (Allocation Failure) 955M->955M(989M) 0,029ms
[417,040s][info][gc] GC(1525) Pause Full (Allocation Failure) 955M->624M(989M) 902,534ms
[417,174s][info][gc] GC(1526) Pause Young (Allocation Failure) 898M->644M(989M) 26,044ms
[417,327s][info][gc] GC(1527) Pause Young (Allocation Failure) 917M->663M(989M) 40,869ms
[417,477s][info][gc] GC(1528) Pause Young (Allocation Failure) 936M->682M(989M) 40,744ms
[417,585s][info][gc] GC(1529) Pause Young (Allocation Failure) 955M->955M(989M) 0,031ms
[418,484s][info][gc] GC(1530) Pause Full (Allocation Failure) 955M->624M(989M) 898,272ms
[418,618s][info][gc] GC(1531) Pause Young (Allocation Failure) 898M->644M(989M) 25,343ms
[418,770s][info][gc] GC(1532) Pause Young (Allocation Failure) 917M->663M(989M) 40,545ms
[418,919s][info][gc] GC(1533) Pause Young (Allocation Failure) 936M->682M(989M) 40,470ms
[419,028s][info][gc] GC(1534) Pause Young (Allocation Failure) 955M->955M(989M) 0,014ms
[419,939s][info][gc] GC(1535) Pause Full (Allocation Failure) 955M->590M(989M) 910,708ms
[420,072s][info][gc] GC(1536) Pause Young (Allocation Failure) 863M->610M(989M) 25,412ms
[420,225s][info][gc] GC(1537) Pause Young (Allocation Failure) 883M->629M(989M) 40,703ms
[420,374s][info][gc] GC(1538) Pause Young (Allocation Failure) 902M->648M(989M) 40,397ms
[420,522s][info][gc] GC(1539) Pause Young (Allocation Failure) 921M->667M(989M) 40,469ms
[420,631s][info][gc] GC(1540) Pause Young (Allocation Failure) 940M->940M(989M) 0,029ms
[421,499s][info][gc] GC(1541) Pause Full (Allocation Failure) 940M->624M(989M) 868,720ms
[421,638s][info][gc] GC(1542) Pause Young (Allocation Failure) 898M->644M(989M) 25,473ms
[421,790s][info][gc] GC(1543) Pause Young (Allocation Failure) 917M->663M(989M) 40,465ms
[421,939s][info][gc] GC(1544) Pause Young (Allocation Failure) 936M->682M(989M) 40,500ms
[422,048s][info][gc] GC(1545) Pause Young (Allocation Failure) 955M->955M(989M) 0,034ms
[422,944s][info][gc] GC(1546) Pause Full (Allocation Failure) 955M->624M(989M) 896,643ms
[423,079s][info][gc] GC(1547) Pause Young (Allocation Failure) 898M->644M(989M) 25,484ms
[423,230s][info][gc] GC(1548) Pause Young (Allocation Failure) 917M->663M(989M) 40,498ms
[423,379s][info][gc] GC(1549) Pause Young (Allocation Failure) 936M->682M(989M) 40,418ms
[423,488s][info][gc] GC(1550) Pause Young (Allocation Failure) 955M->955M(989M) 0,028ms
[424,385s][info][gc] GC(1551) Pause Full (Allocation Failure) 955M->624M(989M) 897,484ms
[424,519s][info][gc] GC(1552) Pause Young (Allocation Failure) 898M->644M(989M) 25,314ms
[424,671s][info][gc] GC(1553) Pause Young (Allocation Failure) 917M->663M(989M) 40,476ms
[424,820s][info][gc] GC(1554) Pause Young (Allocation Failure) 936M->682M(989M) 40,476ms
[424,928s][info][gc] GC(1555) Pause Young (Allocation Failure) 955M->955M(989M) 0,034ms
[425,866s][info][gc] GC(1556) Pause Full (Allocation Failure) 955M->590M(989M) 937,034ms
[426,002s][info][gc] GC(1557) Pause Young (Allocation Failure) 863M->610M(989M) 25,515ms
[426,153s][info][gc] GC(1558) Pause Young (Allocation Failure) 883M->629M(989M) 40,447ms
[426,303s][info][gc] GC(1559) Pause Young (Allocation Failure) 902M->648M(989M) 40,313ms
[426,452s][info][gc] GC(1560) Pause Young (Allocation Failure) 921M->667M(989M) 40,624ms
[426,562s][info][gc] GC(1561) Pause Young (Allocation Failure) 940M->940M(989M) 0,016ms
[427,428s][info][gc] GC(1562) Pause Full (Allocation Failure) 940M->624M(989M) 866,663ms
[427,563s][info][gc] GC(1563) Pause Young (Allocation Failure) 898M->644M(989M) 25,499ms
[427,714s][info][gc] GC(1564) Pause Young (Allocation Failure) 917M->663M(989M) 40,379ms
[427,863s][info][gc] GC(1565) Pause Young (Allocation Failure) 936M->682M(989M) 40,415ms
[427,973s][info][gc] GC(1566) Pause Young (Allocation Failure) 955M->955M(989M) 0,015ms
[428,864s][info][gc] GC(1567) Pause Full (Allocation Failure) 955M->624M(989M) 890,541ms
[428,998s][info][gc] GC(1568) Pause Young (Allocation Failure) 898M->644M(989M) 25,361ms
[429,150s][info][gc] GC(1569) Pause Young (Allocation Failure) 917M->663M(989M) 40,771ms
[429,299s][info][gc] GC(1570) Pause Young (Allocation Failure) 936M->682M(989M) 40,515ms
[429,407s][info][gc] GC(1571) Pause Young (Allocation Failure) 955M->955M(989M) 0,028ms
[430,303s][info][gc] GC(1572) Pause Full (Allocation Failure) 955M->624M(989M) 896,393ms
[430,437s][info][gc] GC(1573) Pause Young (Allocation Failure) 898M->644M(989M) 25,405ms
[430,589s][info][gc] GC(1574) Pause Young (Allocation Failure) 917M->663M(989M) 40,419ms
[430,738s][info][gc] GC(1575) Pause Young (Allocation Failure) 936M->682M(989M) 40,340ms
[430,846s][info][gc] GC(1576) Pause Young (Allocation Failure) 955M->955M(989M) 0,028ms
[431,759s][info][gc] GC(1577) Pause Full (Allocation Failure) 955M->590M(989M) 912,443ms
[431,893s][info][gc] GC(1578) Pause Young (Allocation Failure) 863M->610M(989M) 25,388ms
[432,045s][info][gc] GC(1579) Pause Young (Allocation Failure) 883M->629M(989M) 40,940ms
[432,198s][info][gc] GC(1580) Pause Young (Allocation Failure) 902M->648M(989M) 41,036ms
[432,348s][info][gc] GC(1581) Pause Young (Allocation Failure) 921M->667M(989M) 40,842ms
[432,457s][info][gc] GC(1582) Pause Young (Allocation Failure) 940M->940M(989M) 0,035ms
[433,330s][info][gc] GC(1583) Pause Full (Allocation Failure) 940M->624M(989M) 872,186ms
[433,464s][info][gc] GC(1584) Pause Young (Allocation Failure) 898M->644M(989M) 25,504ms
[433,617s][info][gc] GC(1585) Pause Young (Allocation Failure) 917M->663M(989M) 40,687ms
[433,766s][info][gc] GC(1586) Pause Young (Allocation Failure) 936M->682M(989M) 40,487ms
[433,875s][info][gc] GC(1587) Pause Young (Allocation Failure) 955M->955M(989M) 0,029ms
[434,771s][info][gc] GC(1588) Pause Full (Allocation Failure) 955M->624M(989M) 895,940ms
[434,905s][info][gc] GC(1589) Pause Young (Allocation Failure) 898M->644M(989M) 25,451ms
[435,060s][info][gc] GC(1590) Pause Young (Allocation Failure) 917M->663M(989M) 40,722ms
[435,209s][info][gc] GC(1591) Pause Young (Allocation Failure) 936M->682M(989M) 40,465ms
[435,318s][info][gc] GC(1592) Pause Young (Allocation Failure) 955M->955M(989M) 0,029ms
[436,219s][info][gc] GC(1593) Pause Full (Allocation Failure) 955M->624M(989M) 900,890ms
[436,353s][info][gc] GC(1594) Pause Young (Allocation Failure) 898M->644M(989M) 25,429ms
[436,505s][info][gc] GC(1595) Pause Young (Allocation Failure) 917M->663M(989M) 40,515ms
[436,654s][info][gc] GC(1596) Pause Young (Allocation Failure) 936M->682M(989M) 40,556ms
[436,763s][info][gc] GC(1597) Pause Young (Allocation Failure) 955M->955M(989M) 0,028ms
[437,699s][info][gc] GC(1598) Pause Full (Allocation Failure) 955M->590M(989M) 936,313ms
[437,846s][info][gc] GC(1599) Pause Young (Allocation Failure) 863M->610M(989M) 30,065ms
[438,002s][info][gc] GC(1600) Pause Young (Allocation Failure) 883M->629M(989M) 40,894ms
[438,151s][info][gc] GC(1601) Pause Young (Allocation Failure) 902M->648M(989M) 40,801ms
[438,301s][info][gc] GC(1602) Pause Young (Allocation Failure) 921M->667M(989M) 40,715ms
[438,410s][info][gc] GC(1603) Pause Young (Allocation Failure) 940M->940M(989M) 0,029ms
[439,284s][info][gc] GC(1604) Pause Full (Allocation Failure) 940M->624M(989M) 873,922ms
[439,419s][info][gc] GC(1605) Pause Young (Allocation Failure) 898M->644M(989M) 25,822ms
[439,571s][info][gc] GC(1606) Pause Young (Allocation Failure) 917M->663M(989M) 40,816ms
[439,722s][info][gc] GC(1607) Pause Young (Allocation Failure) 936M->682M(989M) 41,058ms
[439,831s][info][gc] GC(1608) Pause Young (Allocation Failure) 955M->955M(989M) 0,029ms
[440,733s][info][gc] GC(1609) Pause Full (Allocation Failure) 955M->624M(989M) 902,294ms
[440,868s][info][gc] GC(1610) Pause Young (Allocation Failure) 898M->644M(989M) 25,521ms
[441,021s][info][gc] GC(1611) Pause Young (Allocation Failure) 917M->663M(989M) 40,754ms
[441,170s][info][gc] GC(1612) Pause Young (Allocation Failure) 936M->682M(989M) 40,485ms
[441,279s][info][gc] GC(1613) Pause Young (Allocation Failure) 955M->955M(989M) 0,015ms
[442,196s][info][gc] GC(1614) Pause Full (Allocation Failure) 955M->624M(989M) 917,316ms
[442,331s][info][gc] GC(1615) Pause Young (Allocation Failure) 898M->644M(989M) 25,680ms
[442,483s][info][gc] GC(1616) Pause Young (Allocation Failure) 917M->663M(989M) 40,474ms
[442,632s][info][gc] GC(1617) Pause Young (Allocation Failure) 936M->682M(989M) 40,461ms
[442,740s][info][gc] GC(1618) Pause Young (Allocation Failure) 955M->955M(989M) 0,016ms
[443,677s][info][gc] GC(1619) Pause Full (Allocation Failure) 955M->590M(989M) 936,180ms
[443,828s][info][gc] GC(1620) Pause Young (Allocation Failure) 863M->610M(989M) 26,837ms
[443,997s][info][gc] GC(1621) Pause Young (Allocation Failure) 883M->629M(989M) 45,047ms
[444,159s][info][gc] GC(1622) Pause Young (Allocation Failure) 902M->648M(989M) 42,790ms
[444,314s][info][gc] GC(1623) Pause Young (Allocation Failure) 921M->667M(989M) 41,805ms
[444,431s][info][gc] GC(1624) Pause Young (Allocation Failure) 940M->940M(989M) 0,021ms
[445,351s][info][gc] GC(1625) Pause Full (Allocation Failure) 940M->624M(989M) 919,273ms
[445,485s][info][gc] GC(1626) Pause Young (Allocation Failure) 898M->644M(989M) 25,634ms
[445,638s][info][gc] GC(1627) Pause Young (Allocation Failure) 917M->663M(989M) 40,656ms
[445,788s][info][gc] GC(1628) Pause Young (Allocation Failure) 936M->682M(989M) 40,948ms
[445,898s][info][gc] GC(1629) Pause Young (Allocation Failure) 955M->955M(989M) 0,030ms
[446,818s][info][gc] GC(1630) Pause Full (Allocation Failure) 955M->624M(989M) 919,685ms
[446,964s][info][gc] GC(1631) Pause Young (Allocation Failure) 898M->644M(989M) 29,786ms
[447,119s][info][gc] GC(1632) Pause Young (Allocation Failure) 917M->663M(989M) 40,534ms
[447,269s][info][gc] GC(1633) Pause Young (Allocation Failure) 936M->682M(989M) 40,607ms
[447,377s][info][gc] GC(1634) Pause Young (Allocation Failure) 955M->955M(989M) 0,035ms
[448,281s][info][gc] GC(1635) Pause Full (Allocation Failure) 955M->624M(989M) 903,870ms
[448,416s][info][gc] GC(1636) Pause Young (Allocation Failure) 898M->644M(989M) 25,476ms
[448,568s][info][gc] GC(1637) Pause Young (Allocation Failure) 917M->663M(989M) 40,540ms
[448,718s][info][gc] GC(1638) Pause Young (Allocation Failure) 936M->682M(989M) 40,739ms
[448,826s][info][gc] GC(1639) Pause Young (Allocation Failure) 955M->955M(989M) 0,029ms
[449,749s][info][gc] GC(1640) Pause Full (Allocation Failure) 955M->590M(989M) 923,055ms
[449,883s][info][gc] GC(1641) Pause Young (Allocation Failure) 863M->610M(989M) 25,588ms
[450,036s][info][gc] GC(1642) Pause Young (Allocation Failure) 883M->629M(989M) 40,835ms
[450,188s][info][gc] GC(1643) Pause Young (Allocation Failure) 902M->648M(989M) 40,887ms
[450,338s][info][gc] GC(1644) Pause Young (Allocation Failure) 921M->667M(989M) 40,618ms
[450,449s][info][gc] GC(1645) Pause Young (Allocation Failure) 940M->940M(989M) 0,033ms
[451,347s][info][gc] GC(1646) Pause Full (Allocation Failure) 940M->624M(989M) 897,189ms
[451,484s][info][gc] GC(1647) Pause Young (Allocation Failure) 898M->644M(989M) 26,076ms
[451,640s][info][gc] GC(1648) Pause Young (Allocation Failure) 917M->663M(989M) 41,044ms
[451,790s][info][gc] GC(1649) Pause Young (Allocation Failure) 936M->682M(989M) 40,790ms
[451,902s][info][gc] GC(1650) Pause Young (Allocation Failure) 955M->955M(989M) 0,084ms
[452,803s][info][gc] GC(1651) Pause Full (Allocation Failure) 955M->624M(989M) 901,293ms
[452,938s][info][gc] GC(1652) Pause Young (Allocation Failure) 898M->644M(989M) 25,860ms
[453,091s][info][gc] GC(1653) Pause Young (Allocation Failure) 917M->663M(989M) 40,868ms
[453,240s][info][gc] GC(1654) Pause Young (Allocation Failure) 936M->682M(989M) 40,714ms
[453,349s][info][gc] GC(1655) Pause Young (Allocation Failure) 955M->955M(989M) 0,015ms
[454,270s][info][gc] GC(1656) Pause Full (Allocation Failure) 955M->624M(989M) 920,491ms
[454,412s][info][gc] GC(1657) Pause Young (Allocation Failure) 898M->644M(989M) 25,520ms
[454,564s][info][gc] GC(1658) Pause Young (Allocation Failure) 917M->663M(989M) 40,543ms
[454,722s][info][gc] GC(1659) Pause Young (Allocation Failure) 936M->682M(989M) 46,351ms
[454,836s][info][gc] GC(1660) Pause Young (Allocation Failure) 955M->955M(989M) 0,040ms
[455,781s][info][gc] GC(1661) Pause Full (Allocation Failure) 955M->590M(989M) 945,299ms
[455,928s][info][gc] GC(1662) Pause Young (Allocation Failure) 863M->610M(989M) 30,231ms
[456,084s][info][gc] GC(1663) Pause Young (Allocation Failure) 883M->629M(989M) 40,729ms
[456,234s][info][gc] GC(1664) Pause Young (Allocation Failure) 902M->648M(989M) 41,665ms
[456,385s][info][gc] GC(1665) Pause Young (Allocation Failure) 921M->667M(989M) 40,536ms
[456,494s][info][gc] GC(1666) Pause Young (Allocation Failure) 940M->940M(989M) 0,016ms
[457,374s][info][gc] GC(1667) Pause Full (Allocation Failure) 940M->624M(989M) 880,527ms
[457,509s][info][gc] GC(1668) Pause Young (Allocation Failure) 898M->644M(989M) 25,642ms
[457,662s][info][gc] GC(1669) Pause Young (Allocation Failure) 917M->663M(989M) 40,792ms
[457,812s][info][gc] GC(1670) Pause Young (Allocation Failure) 936M->682M(989M) 40,940ms
[457,921s][info][gc] GC(1671) Pause Young (Allocation Failure) 955M->955M(989M) 0,030ms
[458,817s][info][gc] GC(1672) Pause Full (Allocation Failure) 955M->624M(989M) 896,120ms
[458,951s][info][gc] GC(1673) Pause Young (Allocation Failure) 898M->644M(989M) 25,522ms
[459,104s][info][gc] GC(1674) Pause Young (Allocation Failure) 917M->663M(989M) 40,774ms
[459,253s][info][gc] GC(1675) Pause Young (Allocation Failure) 936M->682M(989M) 40,814ms
[459,362s][info][gc] GC(1676) Pause Young (Allocation Failure) 955M->955M(989M) 0,030ms
[460,266s][info][gc] GC(1677) Pause Full (Allocation Failure) 955M->624M(989M) 903,740ms
[460,400s][info][gc] GC(1678) Pause Young (Allocation Failure) 898M->644M(989M) 25,624ms
[460,553s][info][gc] GC(1679) Pause Young (Allocation Failure) 917M->663M(989M) 40,496ms
[460,702s][info][gc] GC(1680) Pause Young (Allocation Failure) 936M->682M(989M) 40,506ms
[460,812s][info][gc] GC(1681) Pause Young (Allocation Failure) 955M->955M(989M) 0,031ms
[461,730s][info][gc] GC(1682) Pause Full (Allocation Failure) 955M->590M(989M) 917,352ms
[461,868s][info][gc] GC(1683) Pause Young (Allocation Failure) 863M->610M(989M) 29,581ms
[462,027s][info][gc] GC(1684) Pause Young (Allocation Failure) 883M->629M(989M) 45,104ms
[462,179s][info][gc] GC(1685) Pause Young (Allocation Failure) 902M->648M(989M) 40,452ms
[462,328s][info][gc] GC(1686) Pause Young (Allocation Failure) 921M->667M(989M) 40,399ms
[462,436s][info][gc] GC(1687) Pause Young (Allocation Failure) 940M->940M(989M) 0,015ms
[463,302s][info][gc] GC(1688) Pause Full (Allocation Failure) 940M->624M(989M) 865,463ms
[463,436s][info][gc] GC(1689) Pause Young (Allocation Failure) 898M->644M(989M) 25,371ms
[463,587s][info][gc] GC(1690) Pause Young (Allocation Failure) 917M->663M(989M) 40,459ms
[463,736s][info][gc] GC(1691) Pause Young (Allocation Failure) 936M->682M(989M) 40,384ms
[463,845s][info][gc] GC(1692) Pause Young (Allocation Failure) 955M->955M(989M) 0,028ms
[464,738s][info][gc] GC(1693) Pause Full (Allocation Failure) 955M->624M(989M) 892,805ms
[464,871s][info][gc] GC(1694) Pause Young (Allocation Failure) 898M->644M(989M) 25,513ms
[465,024s][info][gc] GC(1695) Pause Young (Allocation Failure) 917M->663M(989M) 40,574ms
[465,173s][info][gc] GC(1696) Pause Young (Allocation Failure) 936M->682M(989M) 40,487ms
[465,282s][info][gc] GC(1697) Pause Young (Allocation Failure) 955M->955M(989M) 0,029ms
[466,180s][info][gc] GC(1698) Pause Full (Allocation Failure) 955M->624M(989M) 898,408ms
[466,314s][info][gc] GC(1699) Pause Young (Allocation Failure) 898M->644M(989M) 25,447ms
[466,468s][info][gc] GC(1700) Pause Young (Allocation Failure) 917M->663M(989M) 40,708ms
[466,618s][info][gc] GC(1701) Pause Young (Allocation Failure) 936M->682M(989M) 40,414ms
[466,726s][info][gc] GC(1702) Pause Young (Allocation Failure) 955M->955M(989M) 0,029ms
[467,649s][info][gc] GC(1703) Pause Full (Allocation Failure) 955M->590M(989M) 922,846ms
[467,784s][info][gc] GC(1704) Pause Young (Allocation Failure) 863M->610M(989M) 25,958ms
[467,936s][info][gc] GC(1705) Pause Young (Allocation Failure) 883M->629M(989M) 41,074ms
[468,086s][info][gc] GC(1706) Pause Young (Allocation Failure) 902M->648M(989M) 40,796ms
[468,235s][info][gc] GC(1707) Pause Young (Allocation Failure) 921M->667M(989M) 40,849ms
[468,345s][info][gc] GC(1708) Pause Young (Allocation Failure) 940M->940M(989M) 0,029ms
[469,222s][info][gc] GC(1709) Pause Full (Allocation Failure) 940M->624M(989M) 876,998ms
[469,357s][info][gc] GC(1710) Pause Young (Allocation Failure) 898M->644M(989M) 25,770ms
[469,510s][info][gc] GC(1711) Pause Young (Allocation Failure) 917M->663M(989M) 40,689ms
[469,659s][info][gc] GC(1712) Pause Young (Allocation Failure) 936M->682M(989M) 40,615ms
[469,768s][info][gc] GC(1713) Pause Young (Allocation Failure) 955M->955M(989M) 0,029ms
[470,660s][info][gc] GC(1714) Pause Full (Allocation Failure) 955M->624M(989M) 892,508ms
[470,795s][info][gc] GC(1715) Pause Young (Allocation Failure) 898M->644M(989M) 25,629ms
[470,950s][info][gc] GC(1716) Pause Young (Allocation Failure) 917M->663M(989M) 40,835ms
[471,101s][info][gc] GC(1717) Pause Young (Allocation Failure) 936M->682M(989M) 40,651ms
[471,209s][info][gc] GC(1718) Pause Young (Allocation Failure) 955M->955M(989M) 0,028ms
[472,113s][info][gc] GC(1719) Pause Full (Allocation Failure) 955M->624M(989M) 904,151ms
[472,247s][info][gc] GC(1720) Pause Young (Allocation Failure) 898M->644M(989M) 25,513ms
[472,400s][info][gc] GC(1721) Pause Young (Allocation Failure) 917M->663M(989M) 40,796ms
[472,549s][info][gc] GC(1722) Pause Young (Allocation Failure) 936M->682M(989M) 40,926ms
[472,659s][info][gc] GC(1723) Pause Young (Allocation Failure) 955M->955M(989M) 0,030ms
[473,578s][info][gc] GC(1724) Pause Full (Allocation Failure) 955M->590M(989M) 918,678ms
[473,716s][info][gc] GC(1725) Pause Young (Allocation Failure) 863M->610M(989M) 25,536ms
[473,868s][info][gc] GC(1726) Pause Young (Allocation Failure) 883M->629M(989M) 40,661ms
[474,018s][info][gc] GC(1727) Pause Young (Allocation Failure) 902M->648M(989M) 40,450ms
[474,167s][info][gc] GC(1728) Pause Young (Allocation Failure) 921M->667M(989M) 40,731ms
[474,278s][info][gc] GC(1729) Pause Young (Allocation Failure) 940M->940M(989M) 0,017ms
[475,144s][info][gc] GC(1730) Pause Full (Allocation Failure) 940M->624M(989M) 866,854ms
[475,279s][info][gc] GC(1731) Pause Young (Allocation Failure) 898M->644M(989M) 25,386ms
[475,431s][info][gc] GC(1732) Pause Young (Allocation Failure) 917M->663M(989M) 40,558ms
[475,581s][info][gc] GC(1733) Pause Young (Allocation Failure) 936M->682M(989M) 40,423ms
[475,690s][info][gc] GC(1734) Pause Young (Allocation Failure) 955M->955M(989M) 0,015ms
[476,585s][info][gc] GC(1735) Pause Full (Allocation Failure) 955M->624M(989M) 894,352ms
[476,721s][info][gc] GC(1736) Pause Young (Allocation Failure) 898M->644M(989M) 25,684ms
[476,875s][info][gc] GC(1737) Pause Young (Allocation Failure) 917M->663M(989M) 40,792ms
[477,025s][info][gc] GC(1738) Pause Young (Allocation Failure) 936M->682M(989M) 40,733ms
[477,135s][info][gc] GC(1739) Pause Young (Allocation Failure) 955M->955M(989M) 0,030ms
[478,049s][info][gc] GC(1740) Pause Full (Allocation Failure) 955M->624M(989M) 913,579ms
[478,184s][info][gc] GC(1741) Pause Young (Allocation Failure) 898M->644M(989M) 25,990ms
[478,337s][info][gc] GC(1742) Pause Young (Allocation Failure) 917M->663M(989M) 41,138ms
[478,486s][info][gc] GC(1743) Pause Young (Allocation Failure) 936M->682M(989M) 40,789ms
[478,595s][info][gc] GC(1744) Pause Young (Allocation Failure) 955M->955M(989M) 0,016ms
[479,509s][info][gc] GC(1745) Pause Full (Allocation Failure) 955M->590M(989M) 913,853ms
[479,643s][info][gc] GC(1746) Pause Young (Allocation Failure) 863M->610M(989M) 25,350ms
[479,795s][info][gc] GC(1747) Pause Young (Allocation Failure) 883M->629M(989M) 40,540ms
[479,944s][info][gc] GC(1748) Pause Young (Allocation Failure) 902M->648M(989M) 40,684ms
[480,093s][info][gc] GC(1749) Pause Young (Allocation Failure) 921M->667M(989M) 40,588ms
[480,205s][info][gc] GC(1750) Pause Young (Allocation Failure) 940M->940M(989M) 0,017ms
[481,072s][info][gc] GC(1751) Pause Full (Allocation Failure) 940M->624M(989M) 867,424ms
[481,207s][info][gc] GC(1752) Pause Young (Allocation Failure) 898M->644M(989M) 25,890ms
[481,359s][info][gc] GC(1753) Pause Young (Allocation Failure) 917M->663M(989M) 40,923ms
[481,510s][info][gc] GC(1754) Pause Young (Allocation Failure) 936M->682M(989M) 40,795ms
[481,619s][info][gc] GC(1755) Pause Young (Allocation Failure) 955M->955M(989M) 0,015ms
[482,518s][info][gc] GC(1756) Pause Full (Allocation Failure) 955M->624M(989M) 899,088ms
[482,652s][info][gc] GC(1757) Pause Young (Allocation Failure) 898M->644M(989M) 25,586ms
[482,805s][info][gc] GC(1758) Pause Young (Allocation Failure) 917M->663M(989M) 40,444ms
[482,954s][info][gc] GC(1759) Pause Young (Allocation Failure) 936M->682M(989M) 40,435ms
[483,062s][info][gc] GC(1760) Pause Young (Allocation Failure) 955M->955M(989M) 0,034ms
[483,965s][info][gc] GC(1761) Pause Full (Allocation Failure) 955M->624M(989M) 902,656ms
[484,101s][info][gc] GC(1762) Pause Young (Allocation Failure) 898M->644M(989M) 25,579ms
[484,253s][info][gc] GC(1763) Pause Young (Allocation Failure) 917M->663M(989M) 40,525ms
[484,402s][info][gc] GC(1764) Pause Young (Allocation Failure) 936M->682M(989M) 40,375ms
[484,511s][info][gc] GC(1765) Pause Young (Allocation Failure) 955M->955M(989M) 0,015ms
[485,446s][info][gc] GC(1766) Pause Full (Allocation Failure) 955M->590M(989M) 935,266ms
[485,601s][info][gc] GC(1767) Pause Young (Allocation Failure) 863M->610M(989M) 25,648ms
[485,755s][info][gc] GC(1768) Pause Young (Allocation Failure) 883M->629M(989M) 40,851ms
[485,904s][info][gc] GC(1769) Pause Young (Allocation Failure) 902M->648M(989M) 40,364ms
[486,053s][info][gc] GC(1770) Pause Young (Allocation Failure) 921M->667M(989M) 40,434ms
[486,162s][info][gc] GC(1771) Pause Young (Allocation Failure) 940M->940M(989M) 0,029ms
[487,031s][info][gc] GC(1772) Pause Full (Allocation Failure) 940M->624M(989M) 868,947ms
[487,166s][info][gc] GC(1773) Pause Young (Allocation Failure) 898M->644M(989M) 25,757ms
[487,317s][info][gc] GC(1774) Pause Young (Allocation Failure) 917M->663M(989M) 40,423ms
[487,466s][info][gc] GC(1775) Pause Young (Allocation Failure) 936M->682M(989M) 40,384ms
[487,575s][info][gc] GC(1776) Pause Young (Allocation Failure) 955M->955M(989M) 0,029ms
[488,473s][info][gc] GC(1777) Pause Full (Allocation Failure) 955M->624M(989M) 897,605ms
[488,607s][info][gc] GC(1778) Pause Young (Allocation Failure) 898M->644M(989M) 25,559ms
[488,760s][info][gc] GC(1779) Pause Young (Allocation Failure) 917M->663M(989M) 40,612ms
[488,909s][info][gc] GC(1780) Pause Young (Allocation Failure) 936M->682M(989M) 40,520ms
[489,018s][info][gc] GC(1781) Pause Young (Allocation Failure) 955M->955M(989M) 0,029ms
[489,921s][info][gc] GC(1782) Pause Full (Allocation Failure) 955M->624M(989M) 903,172ms
[490,055s][info][gc] GC(1783) Pause Young (Allocation Failure) 898M->644M(989M) 25,547ms
[490,207s][info][gc] GC(1784) Pause Young (Allocation Failure) 917M->663M(989M) 40,615ms
[490,357s][info][gc] GC(1785) Pause Young (Allocation Failure) 936M->682M(989M) 40,529ms
[490,466s][info][gc] GC(1786) Pause Young (Allocation Failure) 955M->955M(989M) 0,032ms
[491,386s][info][gc] GC(1787) Pause Full (Allocation Failure) 955M->590M(989M) 919,349ms
[491,521s][info][gc] GC(1788) Pause Young (Allocation Failure) 863M->610M(989M) 25,677ms
[491,674s][info][gc] GC(1789) Pause Young (Allocation Failure) 883M->629M(989M) 40,490ms
[491,823s][info][gc] GC(1790) Pause Young (Allocation Failure) 902M->648M(989M) 40,540ms
[491,973s][info][gc] GC(1791) Pause Young (Allocation Failure) 921M->667M(989M) 40,735ms
[492,081s][info][gc] GC(1792) Pause Young (Allocation Failure) 940M->940M(989M) 0,029ms
[492,949s][info][gc] GC(1793) Pause Full (Allocation Failure) 940M->624M(989M) 867,525ms
[493,083s][info][gc] GC(1794) Pause Young (Allocation Failure) 898M->644M(989M) 25,598ms
[493,236s][info][gc] GC(1795) Pause Young (Allocation Failure) 917M->663M(989M) 40,651ms
[493,385s][info][gc] GC(1796) Pause Young (Allocation Failure) 936M->682M(989M) 40,445ms
[493,494s][info][gc] GC(1797) Pause Young (Allocation Failure) 955M->955M(989M) 0,034ms
[494,391s][info][gc] GC(1798) Pause Full (Allocation Failure) 955M->624M(989M) 897,242ms
[494,525s][info][gc] GC(1799) Pause Young (Allocation Failure) 898M->644M(989M) 25,494ms
[494,678s][info][gc] GC(1800) Pause Young (Allocation Failure) 917M->663M(989M) 40,609ms
[494,827s][info][gc] GC(1801) Pause Young (Allocation Failure) 936M->682M(989M) 40,515ms
[494,942s][info][gc] GC(1802) Pause Young (Allocation Failure) 955M->955M(989M) 0,019ms
[495,856s][info][gc] GC(1803) Pause Full (Allocation Failure) 955M->624M(989M) 914,529ms
[495,991s][info][gc] GC(1804) Pause Young (Allocation Failure) 898M->644M(989M) 25,641ms
[496,143s][info][gc] GC(1805) Pause Young (Allocation Failure) 917M->663M(989M) 40,642ms
[496,292s][info][gc] GC(1806) Pause Young (Allocation Failure) 936M->682M(989M) 40,551ms
[496,401s][info][gc] GC(1807) Pause Young (Allocation Failure) 955M->955M(989M) 0,029ms
[497,316s][info][gc] GC(1808) Pause Full (Allocation Failure) 955M->590M(989M) 914,578ms
[497,450s][info][gc] GC(1809) Pause Young (Allocation Failure) 863M->610M(989M) 25,479ms
[497,602s][info][gc] GC(1810) Pause Young (Allocation Failure) 883M->629M(989M) 40,653ms
[497,752s][info][gc] GC(1811) Pause Young (Allocation Failure) 902M->648M(989M) 40,621ms
[497,901s][info][gc] GC(1812) Pause Young (Allocation Failure) 921M->667M(989M) 40,495ms
[498,009s][info][gc] GC(1813) Pause Young (Allocation Failure) 940M->940M(989M) 0,015ms
[498,878s][info][gc] GC(1814) Pause Full (Allocation Failure) 940M->624M(989M) 868,938ms
[499,012s][info][gc] GC(1815) Pause Young (Allocation Failure) 898M->644M(989M) 25,371ms
[499,165s][info][gc] GC(1816) Pause Young (Allocation Failure) 917M->663M(989M) 40,494ms
[499,314s][info][gc] GC(1817) Pause Young (Allocation Failure) 936M->682M(989M) 40,452ms
[499,426s][info][gc] GC(1818) Pause Young (Allocation Failure) 955M->955M(989M) 0,023ms
[500,370s][info][gc] GC(1819) Pause Full (Allocation Failure) 955M->624M(989M) 944,457ms
[500,519s][info][gc] GC(1820) Pause Young (Allocation Failure) 898M->644M(989M) 26,614ms
[500,680s][info][gc] GC(1821) Pause Young (Allocation Failure) 917M->663M(989M) 41,309ms
[500,834s][info][gc] GC(1822) Pause Young (Allocation Failure) 936M->682M(989M) 42,851ms
[500,954s][info][gc] GC(1823) Pause Young (Allocation Failure) 955M->955M(989M) 0,025ms
[501,868s][info][gc] GC(1824) Pause Full (Allocation Failure) 955M->624M(989M) 914,062ms
[502,004s][info][gc] GC(1825) Pause Young (Allocation Failure) 898M->644M(989M) 25,763ms
[502,156s][info][gc] GC(1826) Pause Young (Allocation Failure) 917M->663M(989M) 40,649ms
[502,305s][info][gc] GC(1827) Pause Young (Allocation Failure) 936M->682M(989M) 40,544ms
[502,414s][info][gc] GC(1828) Pause Young (Allocation Failure) 955M->955M(989M) 0,029ms
[503,335s][info][gc] GC(1829) Pause Full (Allocation Failure) 955M->590M(989M) 920,705ms
[503,471s][info][gc] GC(1830) Pause Young (Allocation Failure) 863M->610M(989M) 25,742ms
[503,625s][info][gc] GC(1831) Pause Young (Allocation Failure) 883M->629M(989M) 40,662ms
[503,774s][info][gc] GC(1832) Pause Young (Allocation Failure) 902M->648M(989M) 40,450ms
[503,923s][info][gc] GC(1833) Pause Young (Allocation Failure) 921M->667M(989M) 40,461ms
[504,032s][info][gc] GC(1834) Pause Young (Allocation Failure) 940M->940M(989M) 0,029ms
[504,902s][info][gc] GC(1835) Pause Full (Allocation Failure) 940M->624M(989M) 870,192ms
[505,037s][info][gc] GC(1836) Pause Young (Allocation Failure) 898M->644M(989M) 25,683ms
[505,192s][info][gc] GC(1837) Pause Young (Allocation Failure) 917M->663M(989M) 43,032ms
[505,347s][info][gc] GC(1838) Pause Young (Allocation Failure) 936M->682M(989M) 40,801ms
[505,457s][info][gc] GC(1839) Pause Young (Allocation Failure) 955M->955M(989M) 0,062ms
[506,357s][info][gc] GC(1840) Pause Full (Allocation Failure) 955M->624M(989M) 900,821ms
[506,493s][info][gc] GC(1841) Pause Young (Allocation Failure) 898M->644M(989M) 26,053ms
[506,646s][info][gc] GC(1842) Pause Young (Allocation Failure) 917M->663M(989M) 41,103ms
[506,796s][info][gc] GC(1843) Pause Young (Allocation Failure) 936M->682M(989M) 41,093ms
[506,904s][info][gc] GC(1844) Pause Young (Allocation Failure) 955M->955M(989M) 0,029ms
[507,809s][info][gc] GC(1845) Pause Full (Allocation Failure) 955M->624M(989M) 904,497ms
[507,943s][info][gc] GC(1846) Pause Young (Allocation Failure) 898M->644M(989M) 25,360ms
[508,095s][info][gc] GC(1847) Pause Young (Allocation Failure) 917M->663M(989M) 40,584ms
[508,245s][info][gc] GC(1848) Pause Young (Allocation Failure) 936M->682M(989M) 40,727ms
[508,354s][info][gc] GC(1849) Pause Young (Allocation Failure) 955M->955M(989M) 0,029ms
[509,266s][info][gc] GC(1850) Pause Full (Allocation Failure) 955M->590M(989M) 912,536ms
[509,400s][info][gc] GC(1851) Pause Young (Allocation Failure) 863M->610M(989M) 25,460ms
[509,552s][info][gc] GC(1852) Pause Young (Allocation Failure) 883M->629M(989M) 40,527ms
[509,701s][info][gc] GC(1853) Pause Young (Allocation Failure) 902M->648M(989M) 40,362ms
[509,852s][info][gc] GC(1854) Pause Young (Allocation Failure) 921M->667M(989M) 41,092ms
[509,965s][info][gc] GC(1855) Pause Young (Allocation Failure) 940M->940M(989M) 0,023ms
[510,865s][info][gc] GC(1856) Pause Full (Allocation Failure) 940M->624M(989M) 899,382ms
[510,999s][info][gc] GC(1857) Pause Young (Allocation Failure) 898M->644M(989M) 25,551ms
[511,152s][info][gc] GC(1858) Pause Young (Allocation Failure) 917M->663M(989M) 40,584ms
[511,301s][info][gc] GC(1859) Pause Young (Allocation Failure) 936M->682M(989M) 40,587ms
[511,411s][info][gc] GC(1860) Pause Young (Allocation Failure) 955M->955M(989M) 0,031ms
[512,304s][info][gc] GC(1861) Pause Full (Allocation Failure) 955M->624M(989M) 892,708ms
[512,438s][info][gc] GC(1862) Pause Young (Allocation Failure) 898M->644M(989M) 25,367ms
[512,590s][info][gc] GC(1863) Pause Young (Allocation Failure) 917M->663M(989M) 40,424ms
[512,739s][info][gc] GC(1864) Pause Young (Allocation Failure) 936M->682M(989M) 40,393ms
[512,847s][info][gc] GC(1865) Pause Young (Allocation Failure) 955M->955M(989M) 0,030ms
[513,745s][info][gc] GC(1866) Pause Full (Allocation Failure) 955M->624M(989M) 898,271ms
[513,880s][info][gc] GC(1867) Pause Young (Allocation Failure) 898M->644M(989M) 25,286ms
[514,031s][info][gc] GC(1868) Pause Young (Allocation Failure) 917M->663M(989M) 40,392ms
[514,181s][info][gc] GC(1869) Pause Young (Allocation Failure) 936M->682M(989M) 40,398ms
[514,290s][info][gc] GC(1870) Pause Young (Allocation Failure) 955M->955M(989M) 0,056ms
[515,208s][info][gc] GC(1871) Pause Full (Allocation Failure) 955M->590M(989M) 917,938ms
[515,342s][info][gc] GC(1872) Pause Young (Allocation Failure) 863M->610M(989M) 25,552ms
[515,522s][info][gc] GC(1873) Pause Young (Allocation Failure) 883M->629M(989M) 42,501ms
[515,675s][info][gc] GC(1874) Pause Young (Allocation Failure) 902M->648M(989M) 40,688ms
[515,825s][info][gc] GC(1875) Pause Young (Allocation Failure) 921M->667M(989M) 40,696ms
[515,933s][info][gc] GC(1876) Pause Young (Allocation Failure) 940M->940M(989M) 0,029ms
[516,803s][info][gc] GC(1877) Pause Full (Allocation Failure) 940M->624M(989M) 869,355ms
[516,938s][info][gc] GC(1878) Pause Young (Allocation Failure) 898M->644M(989M) 25,555ms
[517,090s][info][gc] GC(1879) Pause Young (Allocation Failure) 917M->663M(989M) 40,501ms
[517,239s][info][gc] GC(1880) Pause Young (Allocation Failure) 936M->682M(989M) 40,624ms
[517,348s][info][gc] GC(1881) Pause Young (Allocation Failure) 955M->955M(989M) 0,029ms
[518,250s][info][gc] GC(1882) Pause Full (Allocation Failure) 955M->624M(989M) 902,378ms
[518,384s][info][gc] GC(1883) Pause Young (Allocation Failure) 898M->644M(989M) 25,462ms
[518,536s][info][gc] GC(1884) Pause Young (Allocation Failure) 917M->663M(989M) 40,390ms
[518,686s][info][gc] GC(1885) Pause Young (Allocation Failure) 936M->682M(989M) 40,405ms
[518,794s][info][gc] GC(1886) Pause Young (Allocation Failure) 955M->955M(989M) 0,029ms
[519,693s][info][gc] GC(1887) Pause Full (Allocation Failure) 955M->624M(989M) 898,813ms
[519,827s][info][gc] GC(1888) Pause Young (Allocation Failure) 898M->644M(989M) 25,379ms
[519,979s][info][gc] GC(1889) Pause Young (Allocation Failure) 917M->663M(989M) 40,556ms
[520,128s][info][gc] GC(1890) Pause Young (Allocation Failure) 936M->682M(989M) 40,551ms
[520,239s][info][gc] GC(1891) Pause Young (Allocation Failure) 955M->955M(989M) 0,030ms
[521,153s][info][gc] GC(1892) Pause Full (Allocation Failure) 955M->590M(989M) 913,972ms
[521,286s][info][gc] GC(1893) Pause Young (Allocation Failure) 863M->610M(989M) 25,534ms
[521,438s][info][gc] GC(1894) Pause Young (Allocation Failure) 883M->629M(989M) 40,449ms
[521,588s][info][gc] GC(1895) Pause Young (Allocation Failure) 902M->648M(989M) 40,533ms
[521,737s][info][gc] GC(1896) Pause Young (Allocation Failure) 921M->667M(989M) 40,438ms
[521,845s][info][gc] GC(1897) Pause Young (Allocation Failure) 940M->940M(989M) 0,057ms
[522,714s][info][gc] GC(1898) Pause Full (Allocation Failure) 940M->624M(989M) 868,319ms
[522,848s][info][gc] GC(1899) Pause Young (Allocation Failure) 898M->644M(989M) 25,527ms
[523,000s][info][gc] GC(1900) Pause Young (Allocation Failure) 917M->663M(989M) 40,645ms
[523,150s][info][gc] GC(1901) Pause Young (Allocation Failure) 936M->682M(989M) 40,532ms
[523,258s][info][gc] GC(1902) Pause Young (Allocation Failure) 955M->955M(989M) 0,034ms
[524,157s][info][gc] GC(1903) Pause Full (Allocation Failure) 955M->624M(989M) 898,780ms
[524,291s][info][gc] GC(1904) Pause Young (Allocation Failure) 898M->644M(989M) 25,460ms
[524,444s][info][gc] GC(1905) Pause Young (Allocation Failure) 917M->663M(989M) 40,442ms
[524,592s][info][gc] GC(1906) Pause Young (Allocation Failure) 936M->682M(989M) 40,569ms
[524,701s][info][gc] GC(1907) Pause Young (Allocation Failure) 955M->955M(989M) 0,029ms
[525,600s][info][gc] GC(1908) Pause Full (Allocation Failure) 955M->624M(989M) 899,516ms
[525,739s][info][gc] GC(1909) Pause Young (Allocation Failure) 898M->644M(989M) 29,610ms
[525,899s][info][gc] GC(1910) Pause Young (Allocation Failure) 917M->663M(989M) 45,773ms
[526,051s][info][gc] GC(1911) Pause Young (Allocation Failure) 936M->682M(989M) 40,616ms
[526,160s][info][gc] GC(1912) Pause Young (Allocation Failure) 955M->955M(989M) 0,035ms
[527,077s][info][gc] GC(1913) Pause Full (Allocation Failure) 955M->590M(989M) 917,637ms
[527,213s][info][gc] GC(1914) Pause Young (Allocation Failure) 863M->610M(989M) 25,698ms
[527,365s][info][gc] GC(1915) Pause Young (Allocation Failure) 883M->629M(989M) 40,694ms
[527,515s][info][gc] GC(1916) Pause Young (Allocation Failure) 902M->648M(989M) 40,488ms
[527,664s][info][gc] GC(1917) Pause Young (Allocation Failure) 921M->667M(989M) 40,596ms
[527,773s][info][gc] GC(1918) Pause Young (Allocation Failure) 940M->940M(989M) 0,029ms
[528,644s][info][gc] GC(1919) Pause Full (Allocation Failure) 940M->624M(989M) 871,714ms
[528,779s][info][gc] GC(1920) Pause Young (Allocation Failure) 898M->644M(989M) 25,635ms
[528,931s][info][gc] GC(1921) Pause Young (Allocation Failure) 917M->663M(989M) 40,700ms
[529,086s][info][gc] GC(1922) Pause Young (Allocation Failure) 936M->682M(989M) 45,927ms
[529,196s][info][gc] GC(1923) Pause Young (Allocation Failure) 955M->955M(989M) 0,015ms
[530,102s][info][gc] GC(1924) Pause Full (Allocation Failure) 955M->624M(989M) 905,580ms
[530,237s][info][gc] GC(1925) Pause Young (Allocation Failure) 898M->644M(989M) 25,549ms
[530,390s][info][gc] GC(1926) Pause Young (Allocation Failure) 917M->663M(989M) 40,742ms
[530,540s][info][gc] GC(1927) Pause Young (Allocation Failure) 936M->682M(989M) 40,760ms
[530,649s][info][gc] GC(1928) Pause Young (Allocation Failure) 955M->955M(989M) 0,016ms
[531,573s][info][gc] GC(1929) Pause Full (Allocation Failure) 955M->624M(989M) 924,581ms
[531,710s][info][gc] GC(1930) Pause Young (Allocation Failure) 898M->644M(989M) 26,322ms
[531,865s][info][gc] GC(1931) Pause Young (Allocation Failure) 917M->663M(989M) 40,591ms
[532,014s][info][gc] GC(1932) Pause Young (Allocation Failure) 936M->682M(989M) 40,383ms
[532,125s][info][gc] GC(1933) Pause Young (Allocation Failure) 955M->955M(989M) 0,017ms
[533,039s][info][gc] GC(1934) Pause Full (Allocation Failure) 955M->590M(989M) 914,027ms
[533,173s][info][gc] GC(1935) Pause Young (Allocation Failure) 863M->610M(989M) 25,522ms
[533,325s][info][gc] GC(1936) Pause Young (Allocation Failure) 883M->629M(989M) 40,896ms
[533,475s][info][gc] GC(1937) Pause Young (Allocation Failure) 902M->648M(989M) 41,014ms
[533,625s][info][gc] GC(1938) Pause Young (Allocation Failure) 921M->667M(989M) 41,033ms
[533,735s][info][gc] GC(1939) Pause Young (Allocation Failure) 940M->940M(989M) 0,031ms
[534,667s][info][gc] GC(1940) Pause Full (Allocation Failure) 940M->624M(989M) 931,546ms
[534,809s][info][gc] GC(1941) Pause Young (Allocation Failure) 898M->644M(989M) 25,622ms
[534,961s][info][gc] GC(1942) Pause Young (Allocation Failure) 917M->663M(989M) 40,547ms
[535,110s][info][gc] GC(1943) Pause Young (Allocation Failure) 936M->682M(989M) 40,575ms
[535,219s][info][gc] GC(1944) Pause Young (Allocation Failure) 955M->955M(989M) 0,034ms
[536,115s][info][gc] GC(1945) Pause Full (Allocation Failure) 955M->624M(989M) 896,736ms
[536,251s][info][gc] GC(1946) Pause Young (Allocation Failure) 898M->644M(989M) 25,847ms
[536,404s][info][gc] GC(1947) Pause Young (Allocation Failure) 917M->663M(989M) 40,883ms
[536,554s][info][gc] GC(1948) Pause Young (Allocation Failure) 936M->682M(989M) 40,754ms
[536,662s][info][gc] GC(1949) Pause Young (Allocation Failure) 955M->955M(989M) 0,015ms
[537,573s][info][gc] GC(1950) Pause Full (Allocation Failure) 955M->624M(989M) 910,783ms
[537,715s][info][gc] GC(1951) Pause Young (Allocation Failure) 898M->644M(989M) 25,503ms
[537,867s][info][gc] GC(1952) Pause Young (Allocation Failure) 917M->663M(989M) 40,593ms
[538,017s][info][gc] GC(1953) Pause Young (Allocation Failure) 936M->682M(989M) 40,500ms
[538,126s][info][gc] GC(1954) Pause Young (Allocation Failure) 955M->955M(989M) 0,029ms
[539,045s][info][gc] GC(1955) Pause Full (Allocation Failure) 955M->590M(989M) 919,062ms
[539,179s][info][gc] GC(1956) Pause Young (Allocation Failure) 863M->610M(989M) 25,518ms
[539,337s][info][gc] GC(1957) Pause Young (Allocation Failure) 883M->629M(989M) 46,297ms
[539,495s][info][gc] GC(1958) Pause Young (Allocation Failure) 902M->648M(989M) 46,451ms
[539,647s][info][gc] GC(1959) Pause Young (Allocation Failure) 921M->667M(989M) 40,803ms
[539,756s][info][gc] GC(1960) Pause Young (Allocation Failure) 940M->940M(989M) 0,029ms
[540,631s][info][gc] GC(1961) Pause Full (Allocation Failure) 940M->624M(989M) 875,463ms
[540,766s][info][gc] GC(1962) Pause Young (Allocation Failure) 898M->644M(989M) 25,656ms
[540,919s][info][gc] GC(1963) Pause Young (Allocation Failure) 917M->663M(989M) 40,872ms
[541,068s][info][gc] GC(1964) Pause Young (Allocation Failure) 936M->682M(989M) 40,757ms
[541,177s][info][gc] GC(1965) Pause Young (Allocation Failure) 955M->955M(989M) 0,015ms
[542,075s][info][gc] GC(1966) Pause Full (Allocation Failure) 955M->624M(989M) 897,681ms
[542,209s][info][gc] GC(1967) Pause Young (Allocation Failure) 898M->644M(989M) 25,563ms
[542,362s][info][gc] GC(1968) Pause Young (Allocation Failure) 917M->663M(989M) 40,534ms
[542,511s][info][gc] GC(1969) Pause Young (Allocation Failure) 936M->682M(989M) 40,448ms
[542,620s][info][gc] GC(1970) Pause Young (Allocation Failure) 955M->955M(989M) 0,029ms
[543,533s][info][gc] GC(1971) Pause Full (Allocation Failure) 955M->624M(989M) 912,799ms
[543,667s][info][gc] GC(1972) Pause Young (Allocation Failure) 898M->644M(989M) 25,438ms
[543,819s][info][gc] GC(1973) Pause Young (Allocation Failure) 917M->663M(989M) 40,612ms
[543,968s][info][gc] GC(1974) Pause Young (Allocation Failure) 936M->682M(989M) 40,590ms
[544,077s][info][gc] GC(1975) Pause Young (Allocation Failure) 955M->955M(989M) 0,029ms
[544,994s][info][gc] GC(1976) Pause Full (Allocation Failure) 955M->590M(989M) 916,975ms
[545,128s][info][gc] GC(1977) Pause Young (Allocation Failure) 863M->610M(989M) 25,478ms
[545,280s][info][gc] GC(1978) Pause Young (Allocation Failure) 883M->629M(989M) 40,534ms
[545,439s][info][gc] GC(1979) Pause Young (Allocation Failure) 902M->648M(989M) 48,703ms
[545,598s][info][gc] GC(1980) Pause Young (Allocation Failure) 921M->667M(989M) 41,353ms
[545,707s][info][gc] GC(1981) Pause Young (Allocation Failure) 940M->940M(989M) 0,028ms
[546,576s][info][gc] GC(1982) Pause Full (Allocation Failure) 940M->624M(989M) 868,455ms
[546,710s][info][gc] GC(1983) Pause Young (Allocation Failure) 898M->644M(989M) 25,544ms
[546,862s][info][gc] GC(1984) Pause Young (Allocation Failure) 917M->663M(989M) 40,907ms
[547,012s][info][gc] GC(1985) Pause Young (Allocation Failure) 936M->682M(989M) 40,490ms
[547,121s][info][gc] GC(1986) Pause Young (Allocation Failure) 955M->955M(989M) 0,030ms
[548,029s][info][gc] GC(1987) Pause Full (Allocation Failure) 955M->624M(989M) 907,386ms
[548,165s][info][gc] GC(1988) Pause Young (Allocation Failure) 898M->644M(989M) 25,550ms
[548,317s][info][gc] GC(1989) Pause Young (Allocation Failure) 917M->663M(989M) 40,825ms
[548,466s][info][gc] GC(1990) Pause Young (Allocation Failure) 936M->682M(989M) 40,696ms
[548,575s][info][gc] GC(1991) Pause Young (Allocation Failure) 955M->955M(989M) 0,028ms
[549,478s][info][gc] GC(1992) Pause Full (Allocation Failure) 955M->624M(989M) 903,591ms
[549,614s][info][gc] GC(1993) Pause Young (Allocation Failure) 898M->644M(989M) 25,548ms
[549,766s][info][gc] GC(1994) Pause Young (Allocation Failure) 917M->663M(989M) 40,579ms
[549,915s][info][gc] GC(1995) Pause Young (Allocation Failure) 936M->682M(989M) 40,443ms
[550,024s][info][gc] GC(1996) Pause Young (Allocation Failure) 955M->955M(989M) 0,031ms
[550,940s][info][gc] GC(1997) Pause Full (Allocation Failure) 955M->590M(989M) 915,110ms
[551,074s][info][gc] GC(1998) Pause Young (Allocation Failure) 863M->610M(989M) 25,441ms
[551,226s][info][gc] GC(1999) Pause Young (Allocation Failure) 883M->629M(989M) 40,763ms
[551,375s][info][gc] GC(2000) Pause Young (Allocation Failure) 902M->648M(989M) 40,832ms
[551,531s][info][gc] GC(2001) Pause Young (Allocation Failure) 921M->667M(989M) 42,047ms
[551,642s][info][gc] GC(2002) Pause Young (Allocation Failure) 940M->940M(989M) 0,030ms
[552,518s][info][gc] GC(2003) Pause Full (Allocation Failure) 940M->624M(989M) 876,333ms
[552,653s][info][gc] GC(2004) Pause Young (Allocation Failure) 898M->644M(989M) 25,686ms
[552,808s][info][gc] GC(2005) Pause Young (Allocation Failure) 917M->663M(989M) 43,003ms
[552,962s][info][gc] GC(2006) Pause Young (Allocation Failure) 936M->682M(989M) 41,101ms
[553,072s][info][gc] GC(2007) Pause Young (Allocation Failure) 955M->955M(989M) 0,016ms
[553,971s][info][gc] GC(2008) Pause Full (Allocation Failure) 955M->624M(989M) 899,150ms
[554,106s][info][gc] GC(2009) Pause Young (Allocation Failure) 898M->644M(989M) 25,370ms
[554,263s][info][gc] GC(2010) Pause Young (Allocation Failure) 917M->663M(989M) 45,342ms
[554,414s][info][gc] GC(2011) Pause Young (Allocation Failure) 936M->682M(989M) 40,756ms
[554,524s][info][gc] GC(2012) Pause Young (Allocation Failure) 955M->955M(989M) 0,029ms
[555,432s][info][gc] GC(2013) Pause Full (Allocation Failure) 955M->624M(989M) 907,411ms
[555,566s][info][gc] GC(2014) Pause Young (Allocation Failure) 898M->644M(989M) 25,912ms
[555,719s][info][gc] GC(2015) Pause Young (Allocation Failure) 917M->663M(989M) 41,033ms
[555,869s][info][gc] GC(2016) Pause Young (Allocation Failure) 936M->682M(989M) 40,764ms
[555,978s][info][gc] GC(2017) Pause Young (Allocation Failure) 955M->955M(989M) 0,029ms
[556,904s][info][gc] GC(2018) Pause Full (Allocation Failure) 955M->590M(989M) 925,230ms
[557,038s][info][gc] GC(2019) Pause Young (Allocation Failure) 863M->610M(989M) 25,535ms
[557,190s][info][gc] GC(2020) Pause Young (Allocation Failure) 883M->629M(989M) 40,701ms
[557,340s][info][gc] GC(2021) Pause Young (Allocation Failure) 902M->648M(989M) 40,647ms
[557,490s][info][gc] GC(2022) Pause Young (Allocation Failure) 921M->667M(989M) 40,940ms
[557,599s][info][gc] GC(2023) Pause Young (Allocation Failure) 940M->940M(989M) 0,029ms
[558,475s][info][gc] GC(2024) Pause Full (Allocation Failure) 940M->624M(989M) 875,938ms
[558,610s][info][gc] GC(2025) Pause Young (Allocation Failure) 898M->644M(989M) 25,838ms
[558,763s][info][gc] GC(2026) Pause Young (Allocation Failure) 917M->663M(989M) 40,883ms
[558,912s][info][gc] GC(2027) Pause Young (Allocation Failure) 936M->682M(989M) 40,739ms
[559,021s][info][gc] GC(2028) Pause Young (Allocation Failure) 955M->955M(989M) 0,015ms
[559,927s][info][gc] GC(2029) Pause Full (Allocation Failure) 955M->624M(989M) 906,273ms
[560,062s][info][gc] GC(2030) Pause Young (Allocation Failure) 898M->644M(989M) 25,414ms
[560,220s][info][gc] GC(2031) Pause Young (Allocation Failure) 917M->663M(989M) 46,130ms
[560,376s][info][gc] GC(2032) Pause Young (Allocation Failure) 936M->682M(989M) 45,337ms
[560,489s][info][gc] GC(2033) Pause Young (Allocation Failure) 955M->955M(989M) 0,033ms
[561,400s][info][gc] GC(2034) Pause Full (Allocation Failure) 955M->624M(989M) 911,029ms
[561,536s][info][gc] GC(2035) Pause Young (Allocation Failure) 898M->644M(989M) 25,531ms
[561,688s][info][gc] GC(2036) Pause Young (Allocation Failure) 917M->663M(989M) 40,776ms
[561,838s][info][gc] GC(2037) Pause Young (Allocation Failure) 936M->682M(989M) 40,560ms
[561,948s][info][gc] GC(2038) Pause Young (Allocation Failure) 955M->955M(989M) 0,016ms
[562,866s][info][gc] GC(2039) Pause Full (Allocation Failure) 955M->590M(989M) 918,099ms
[563,003s][info][gc] GC(2040) Pause Young (Allocation Failure) 863M->610M(989M) 27,242ms
[563,157s][info][gc] GC(2041) Pause Young (Allocation Failure) 883M->629M(989M) 40,765ms
[563,306s][info][gc] GC(2042) Pause Young (Allocation Failure) 902M->648M(989M) 40,771ms
[563,460s][info][gc] GC(2043) Pause Young (Allocation Failure) 921M->667M(989M) 41,008ms
[563,569s][info][gc] GC(2044) Pause Young (Allocation Failure) 940M->940M(989M) 0,037ms
[564,443s][info][gc] GC(2045) Pause Full (Allocation Failure) 940M->624M(989M) 873,972ms
[564,578s][info][gc] GC(2046) Pause Young (Allocation Failure) 898M->644M(989M) 25,596ms
[564,730s][info][gc] GC(2047) Pause Young (Allocation Failure) 917M->663M(989M) 40,442ms
[564,880s][info][gc] GC(2048) Pause Young (Allocation Failure) 936M->682M(989M) 40,474ms
[564,990s][info][gc] GC(2049) Pause Young (Allocation Failure) 955M->955M(989M) 0,032ms
[565,883s][info][gc] GC(2050) Pause Full (Allocation Failure) 955M->624M(989M) 892,699ms
[566,017s][info][gc] GC(2051) Pause Young (Allocation Failure) 898M->644M(989M) 25,694ms
[566,170s][info][gc] GC(2052) Pause Young (Allocation Failure) 917M->663M(989M) 40,536ms
[566,319s][info][gc] GC(2053) Pause Young (Allocation Failure) 936M->682M(989M) 40,579ms
[566,428s][info][gc] GC(2054) Pause Young (Allocation Failure) 955M->955M(989M) 0,029ms
[567,329s][info][gc] GC(2055) Pause Full (Allocation Failure) 955M->624M(989M) 901,114ms
[567,463s][info][gc] GC(2056) Pause Young (Allocation Failure) 898M->644M(989M) 25,467ms
[567,620s][info][gc] GC(2057) Pause Young (Allocation Failure) 917M->663M(989M) 41,584ms
[567,770s][info][gc] GC(2058) Pause Young (Allocation Failure) 936M->682M(989M) 40,888ms
[567,879s][info][gc] GC(2059) Pause Young (Allocation Failure) 955M->955M(989M) 0,029ms
[568,799s][info][gc] GC(2060) Pause Full (Allocation Failure) 955M->590M(989M) 919,599ms
[568,936s][info][gc] GC(2061) Pause Young (Allocation Failure) 863M->610M(989M) 26,091ms
[569,092s][info][gc] GC(2062) Pause Young (Allocation Failure) 883M->629M(989M) 40,807ms
[569,243s][info][gc] GC(2063) Pause Young (Allocation Failure) 902M->648M(989M) 40,725ms
[569,393s][info][gc] GC(2064) Pause Young (Allocation Failure) 921M->667M(989M) 40,629ms
[569,503s][info][gc] GC(2065) Pause Young (Allocation Failure) 940M->940M(989M) 0,016ms
[570,384s][info][gc] GC(2066) Pause Full (Allocation Failure) 940M->624M(989M) 880,270ms
[570,519s][info][gc] GC(2067) Pause Young (Allocation Failure) 898M->644M(989M) 25,719ms
[570,672s][info][gc] GC(2068) Pause Young (Allocation Failure) 917M->663M(989M) 40,993ms
[570,823s][info][gc] GC(2069) Pause Young (Allocation Failure) 936M->682M(989M) 40,824ms
[570,932s][info][gc] GC(2070) Pause Young (Allocation Failure) 955M->955M(989M) 0,016ms
[571,850s][info][gc] GC(2071) Pause Full (Allocation Failure) 955M->624M(989M) 917,607ms
[571,985s][info][gc] GC(2072) Pause Young (Allocation Failure) 898M->644M(989M) 25,903ms
[572,142s][info][gc] GC(2073) Pause Young (Allocation Failure) 917M->663M(989M) 44,550ms
[572,293s][info][gc] GC(2074) Pause Young (Allocation Failure) 936M->682M(989M) 40,517ms
[572,401s][info][gc] GC(2075) Pause Young (Allocation Failure) 955M->955M(989M) 0,034ms
[573,324s][info][gc] GC(2076) Pause Full (Allocation Failure) 955M->624M(989M) 922,950ms
[573,459s][info][gc] GC(2077) Pause Young (Allocation Failure) 898M->644M(989M) 26,029ms
[573,612s][info][gc] GC(2078) Pause Young (Allocation Failure) 917M->663M(989M) 41,081ms
[573,762s][info][gc] GC(2079) Pause Young (Allocation Failure) 936M->682M(989M) 40,578ms
[573,871s][info][gc] GC(2080) Pause Young (Allocation Failure) 955M->955M(989M) 0,030ms
[574,815s][info][gc] GC(2081) Pause Full (Allocation Failure) 955M->590M(989M) 943,936ms
[574,949s][info][gc] GC(2082) Pause Young (Allocation Failure) 863M->610M(989M) 25,338ms
[575,101s][info][gc] GC(2083) Pause Young (Allocation Failure) 883M->629M(989M) 40,724ms
[575,251s][info][gc] GC(2084) Pause Young (Allocation Failure) 902M->648M(989M) 40,518ms
[575,404s][info][gc] GC(2085) Pause Young (Allocation Failure) 921M->667M(989M) 43,984ms
[575,532s][info][gc] GC(2086) Pause Young (Allocation Failure) 940M->940M(989M) 0,036ms
[576,407s][info][gc] GC(2087) Pause Full (Allocation Failure) 940M->624M(989M) 875,105ms
[576,542s][info][gc] GC(2088) Pause Young (Allocation Failure) 898M->644M(989M) 25,499ms
[576,694s][info][gc] GC(2089) Pause Young (Allocation Failure) 917M->663M(989M) 40,698ms
[576,843s][info][gc] GC(2090) Pause Young (Allocation Failure) 936M->682M(989M) 40,538ms
[576,952s][info][gc] GC(2091) Pause Young (Allocation Failure) 955M->955M(989M) 0,028ms
[577,855s][info][gc] GC(2092) Pause Full (Allocation Failure) 955M->624M(989M) 902,842ms
[577,993s][info][gc] GC(2093) Pause Young (Allocation Failure) 898M->644M(989M) 30,109ms
[578,155s][info][gc] GC(2094) Pause Young (Allocation Failure) 917M->663M(989M) 46,313ms
[578,312s][info][gc] GC(2095) Pause Young (Allocation Failure) 936M->682M(989M) 46,149ms
[578,424s][info][gc] GC(2096) Pause Young (Allocation Failure) 955M->955M(989M) 0,030ms
[579,334s][info][gc] GC(2097) Pause Full (Allocation Failure) 955M->624M(989M) 909,991ms
[579,468s][info][gc] GC(2098) Pause Young (Allocation Failure) 898M->644M(989M) 25,793ms
[579,626s][info][gc] GC(2099) Pause Young (Allocation Failure) 917M->663M(989M) 45,419ms
[579,777s][info][gc] GC(2100) Pause Young (Allocation Failure) 936M->682M(989M) 40,525ms
[579,886s][info][gc] GC(2101) Pause Young (Allocation Failure) 955M->955M(989M) 0,029ms
[580,802s][info][gc] GC(2102) Pause Full (Allocation Failure) 955M->590M(989M) 916,129ms
[580,937s][info][gc] GC(2103) Pause Young (Allocation Failure) 863M->610M(989M) 25,537ms
[581,089s][info][gc] GC(2104) Pause Young (Allocation Failure) 883M->629M(989M) 40,601ms
[581,238s][info][gc] GC(2105) Pause Young (Allocation Failure) 902M->648M(989M) 40,460ms
[581,387s][info][gc] GC(2106) Pause Young (Allocation Failure) 921M->667M(989M) 40,456ms
[581,497s][info][gc] GC(2107) Pause Young (Allocation Failure) 940M->940M(989M) 0,031ms
[582,367s][info][gc] GC(2108) Pause Full (Allocation Failure) 940M->624M(989M) 869,351ms
[582,501s][info][gc] GC(2109) Pause Young (Allocation Failure) 898M->644M(989M) 25,598ms
[582,654s][info][gc] GC(2110) Pause Young (Allocation Failure) 917M->663M(989M) 40,542ms
[582,803s][info][gc] GC(2111) Pause Young (Allocation Failure) 936M->682M(989M) 40,569ms
[582,912s][info][gc] GC(2112) Pause Young (Allocation Failure) 955M->955M(989M) 0,029ms
[583,816s][info][gc] GC(2113) Pause Full (Allocation Failure) 955M->624M(989M) 904,039ms
[583,965s][info][gc] GC(2114) Pause Young (Allocation Failure) 898M->644M(989M) 27,330ms
[584,130s][info][gc] GC(2115) Pause Young (Allocation Failure) 917M->663M(989M) 42,738ms
[584,295s][info][gc] GC(2116) Pause Young (Allocation Failure) 936M->682M(989M) 43,933ms
[584,413s][info][gc] GC(2117) Pause Young (Allocation Failure) 955M->955M(989M) 0,020ms
[585,328s][info][gc] GC(2118) Pause Full (Allocation Failure) 955M->624M(989M) 915,187ms
[585,463s][info][gc] GC(2119) Pause Young (Allocation Failure) 898M->644M(989M) 25,737ms
[585,616s][info][gc] GC(2120) Pause Young (Allocation Failure) 917M->663M(989M) 40,758ms
[585,766s][info][gc] GC(2121) Pause Young (Allocation Failure) 936M->682M(989M) 40,593ms
[585,874s][info][gc] GC(2122) Pause Young (Allocation Failure) 955M->955M(989M) 0,029ms
[586,797s][info][gc] GC(2123) Pause Full (Allocation Failure) 955M->590M(989M) 922,538ms
[586,933s][info][gc] GC(2124) Pause Young (Allocation Failure) 863M->610M(989M) 25,534ms
[587,086s][info][gc] GC(2125) Pause Young (Allocation Failure) 883M->629M(989M) 40,809ms
[587,235s][info][gc] GC(2126) Pause Young (Allocation Failure) 902M->648M(989M) 40,458ms
[587,384s][info][gc] GC(2127) Pause Young (Allocation Failure) 921M->667M(989M) 40,530ms
[587,493s][info][gc] GC(2128) Pause Young (Allocation Failure) 940M->940M(989M) 0,028ms
[588,362s][info][gc] GC(2129) Pause Full (Allocation Failure) 940M->624M(989M) 869,263ms
[588,496s][info][gc] GC(2130) Pause Young (Allocation Failure) 898M->644M(989M) 25,500ms
[588,649s][info][gc] GC(2131) Pause Young (Allocation Failure) 917M->663M(989M) 40,563ms
[588,798s][info][gc] GC(2132) Pause Young (Allocation Failure) 936M->682M(989M) 40,445ms
[588,907s][info][gc] GC(2133) Pause Young (Allocation Failure) 955M->955M(989M) 0,029ms
[589,808s][info][gc] GC(2134) Pause Full (Allocation Failure) 955M->624M(989M) 901,133ms
[589,943s][info][gc] GC(2135) Pause Young (Allocation Failure) 898M->644M(989M) 25,705ms
[590,096s][info][gc] GC(2136) Pause Young (Allocation Failure) 917M->663M(989M) 41,012ms
[590,245s][info][gc] GC(2137) Pause Young (Allocation Failure) 936M->682M(989M) 40,810ms
[590,354s][info][gc] GC(2138) Pause Young (Allocation Failure) 955M->955M(989M) 0,029ms
[591,267s][info][gc] GC(2139) Pause Full (Allocation Failure) 955M->624M(989M) 912,903ms
[591,402s][info][gc] GC(2140) Pause Young (Allocation Failure) 898M->644M(989M) 25,787ms
[591,556s][info][gc] GC(2141) Pause Young (Allocation Failure) 917M->663M(989M) 41,083ms
[591,706s][info][gc] GC(2142) Pause Young (Allocation Failure) 936M->682M(989M) 41,008ms
[591,818s][info][gc] GC(2143) Pause Young (Allocation Failure) 955M->955M(989M) 0,016ms
[592,742s][info][gc] GC(2144) Pause Full (Allocation Failure) 955M->590M(989M) 923,378ms
[592,876s][info][gc] GC(2145) Pause Young (Allocation Failure) 863M->610M(989M) 25,879ms
[593,030s][info][gc] GC(2146) Pause Young (Allocation Failure) 883M->629M(989M) 40,872ms
[593,179s][info][gc] GC(2147) Pause Young (Allocation Failure) 902M->648M(989M) 40,904ms
[593,329s][info][gc] GC(2148) Pause Young (Allocation Failure) 921M->667M(989M) 40,780ms
[593,438s][info][gc] GC(2149) Pause Young (Allocation Failure) 940M->940M(989M) 0,035ms
[594,312s][info][gc] GC(2150) Pause Full (Allocation Failure) 940M->624M(989M) 874,531ms
[594,451s][info][gc] GC(2151) Pause Young (Allocation Failure) 898M->644M(989M) 25,457ms
[594,604s][info][gc] GC(2152) Pause Young (Allocation Failure) 917M->663M(989M) 40,460ms
[594,754s][info][gc] GC(2153) Pause Young (Allocation Failure) 936M->682M(989M) 40,435ms
[594,863s][info][gc] GC(2154) Pause Young (Allocation Failure) 955M->955M(989M) 0,029ms
[595,758s][info][gc] GC(2155) Pause Full (Allocation Failure) 955M->624M(989M) 895,225ms
[595,892s][info][gc] GC(2156) Pause Young (Allocation Failure) 898M->644M(989M) 25,648ms
[596,045s][info][gc] GC(2157) Pause Young (Allocation Failure) 917M->663M(989M) 40,934ms
[596,195s][info][gc] GC(2158) Pause Young (Allocation Failure) 936M->682M(989M) 40,649ms
[596,304s][info][gc] GC(2159) Pause Young (Allocation Failure) 955M->955M(989M) 0,029ms
[597,208s][info][gc] GC(2160) Pause Full (Allocation Failure) 955M->624M(989M) 903,743ms
[597,342s][info][gc] GC(2161) Pause Young (Allocation Failure) 898M->644M(989M) 25,408ms
[597,495s][info][gc] GC(2162) Pause Young (Allocation Failure) 917M->663M(989M) 40,858ms
[597,645s][info][gc] GC(2163) Pause Young (Allocation Failure) 936M->682M(989M) 40,939ms
[597,756s][info][gc] GC(2164) Pause Young (Allocation Failure) 955M->955M(989M) 0,018ms
[598,693s][info][gc] GC(2165) Pause Full (Allocation Failure) 955M->590M(989M) 936,542ms
[598,827s][info][gc] GC(2166) Pause Young (Allocation Failure) 863M->610M(989M) 25,483ms
[598,979s][info][gc] GC(2167) Pause Young (Allocation Failure) 883M->629M(989M) 40,576ms
[599,128s][info][gc] GC(2168) Pause Young (Allocation Failure) 902M->648M(989M) 40,653ms
[599,278s][info][gc] GC(2169) Pause Young (Allocation Failure) 921M->667M(989M) 40,707ms
[599,387s][info][gc] GC(2170) Pause Young (Allocation Failure) 940M->940M(989M) 0,031ms
[600,258s][info][gc] GC(2171) Pause Full (Allocation Failure) 940M->624M(989M) 870,492ms
[600,393s][info][gc] GC(2172) Pause Young (Allocation Failure) 898M->644M(989M) 26,043ms
[600,546s][info][gc] GC(2173) Pause Young (Allocation Failure) 917M->663M(989M) 40,744ms
[600,695s][info][gc] GC(2174) Pause Young (Allocation Failure) 936M->682M(989M) 40,589ms
[600,804s][info][gc] GC(2175) Pause Young (Allocation Failure) 955M->955M(989M) 0,035ms
[601,741s][info][gc] GC(2176) Pause Full (Allocation Failure) 955M->624M(989M) 936,650ms
[601,875s][info][gc] GC(2177) Pause Young (Allocation Failure) 898M->644M(989M) 25,360ms
[602,027s][info][gc] GC(2178) Pause Young (Allocation Failure) 917M->663M(989M) 40,549ms
[602,176s][info][gc] GC(2179) Pause Young (Allocation Failure) 936M->682M(989M) 40,572ms
[602,287s][info][gc] GC(2180) Pause Young (Allocation Failure) 955M->955M(989M) 0,023ms
[603,223s][info][gc] GC(2181) Pause Full (Allocation Failure) 955M->624M(989M) 935,793ms
[603,358s][info][gc] GC(2182) Pause Young (Allocation Failure) 898M->644M(989M) 25,847ms
[603,511s][info][gc] GC(2183) Pause Young (Allocation Failure) 917M->663M(989M) 41,320ms
[603,663s][info][gc] GC(2184) Pause Young (Allocation Failure) 936M->682M(989M) 42,183ms
[603,773s][info][gc] GC(2185) Pause Young (Allocation Failure) 955M->955M(989M) 0,016ms
[604,701s][info][gc] GC(2186) Pause Full (Allocation Failure) 955M->590M(989M) 928,209ms
[604,835s][info][gc] GC(2187) Pause Young (Allocation Failure) 863M->610M(989M) 25,922ms
[604,988s][info][gc] GC(2188) Pause Young (Allocation Failure) 883M->629M(989M) 40,676ms
[605,137s][info][gc] GC(2189) Pause Young (Allocation Failure) 902M->648M(989M) 40,523ms
[605,287s][info][gc] GC(2190) Pause Young (Allocation Failure) 921M->667M(989M) 40,605ms
[605,400s][info][gc] GC(2191) Pause Young (Allocation Failure) 940M->940M(989M) 0,027ms
[606,285s][info][gc] GC(2192) Pause Full (Allocation Failure) 940M->624M(989M) 884,764ms
[606,420s][info][gc] GC(2193) Pause Young (Allocation Failure) 898M->644M(989M) 25,376ms
[606,572s][info][gc] GC(2194) Pause Young (Allocation Failure) 917M->663M(989M) 40,697ms
[606,722s][info][gc] GC(2195) Pause Young (Allocation Failure) 936M->682M(989M) 40,671ms
[606,832s][info][gc] GC(2196) Pause Young (Allocation Failure) 955M->955M(989M) 0,029ms
[607,731s][info][gc] GC(2197) Pause Full (Allocation Failure) 955M->624M(989M) 899,679ms
[607,867s][info][gc] GC(2198) Pause Young (Allocation Failure) 898M->644M(989M) 25,529ms
[608,019s][info][gc] GC(2199) Pause Young (Allocation Failure) 917M->663M(989M) 40,407ms
[608,170s][info][gc] GC(2200) Pause Young (Allocation Failure) 936M->682M(989M) 40,749ms
[608,280s][info][gc] GC(2201) Pause Young (Allocation Failure) 955M->955M(989M) 0,016ms
[609,207s][info][gc] GC(2202) Pause Full (Allocation Failure) 955M->624M(989M) 927,733ms
[609,342s][info][gc] GC(2203) Pause Young (Allocation Failure) 898M->644M(989M) 25,437ms
[609,494s][info][gc] GC(2204) Pause Young (Allocation Failure) 917M->663M(989M) 40,497ms
[609,644s][info][gc] GC(2205) Pause Young (Allocation Failure) 936M->682M(989M) 40,457ms
[609,753s][info][gc] GC(2206) Pause Young (Allocation Failure) 955M->955M(989M) 0,029ms
[610,676s][info][gc] GC(2207) Pause Full (Allocation Failure) 955M->590M(989M) 922,857ms
[610,820s][info][gc] GC(2208) Pause Young (Allocation Failure) 863M->610M(989M) 28,368ms
[610,975s][info][gc] GC(2209) Pause Young (Allocation Failure) 883M->629M(989M) 40,926ms
[611,124s][info][gc] GC(2210) Pause Young (Allocation Failure) 902M->648M(989M) 40,543ms
[611,273s][info][gc] GC(2211) Pause Young (Allocation Failure) 921M->667M(989M) 40,483ms
[611,382s][info][gc] GC(2212) Pause Young (Allocation Failure) 940M->940M(989M) 0,029ms
[612,255s][info][gc] GC(2213) Pause Full (Allocation Failure) 940M->624M(989M) 872,503ms
[612,389s][info][gc] GC(2214) Pause Young (Allocation Failure) 898M->644M(989M) 25,553ms
[612,542s][info][gc] GC(2215) Pause Young (Allocation Failure) 917M->663M(989M) 41,027ms
[612,693s][info][gc] GC(2216) Pause Young (Allocation Failure) 936M->682M(989M) 40,687ms
[612,803s][info][gc] GC(2217) Pause Young (Allocation Failure) 955M->955M(989M) 0,037ms
[613,704s][info][gc] GC(2218) Pause Full (Allocation Failure) 955M->624M(989M) 900,764ms
[613,839s][info][gc] GC(2219) Pause Young (Allocation Failure) 898M->644M(989M) 25,454ms
[613,991s][info][gc] GC(2220) Pause Young (Allocation Failure) 917M->663M(989M) 40,659ms
[614,141s][info][gc] GC(2221) Pause Young (Allocation Failure) 936M->682M(989M) 40,758ms
[614,250s][info][gc] GC(2222) Pause Young (Allocation Failure) 955M->955M(989M) 0,030ms
[615,163s][info][gc] GC(2223) Pause Full (Allocation Failure) 955M->624M(989M) 913,290ms
[615,297s][info][gc] GC(2224) Pause Young (Allocation Failure) 898M->644M(989M) 25,580ms
[615,450s][info][gc] GC(2225) Pause Young (Allocation Failure) 917M->663M(989M) 40,569ms
[615,599s][info][gc] GC(2226) Pause Young (Allocation Failure) 936M->682M(989M) 40,620ms
[615,708s][info][gc] GC(2227) Pause Young (Allocation Failure) 955M->955M(989M) 0,016ms
[616,625s][info][gc] GC(2228) Pause Full (Allocation Failure) 955M->590M(989M) 916,655ms
[616,759s][info][gc] GC(2229) Pause Young (Allocation Failure) 863M->610M(989M) 25,504ms
[616,913s][info][gc] GC(2230) Pause Young (Allocation Failure) 883M->629M(989M) 40,844ms
[617,062s][info][gc] GC(2231) Pause Young (Allocation Failure) 902M->648M(989M) 40,519ms
[617,211s][info][gc] GC(2232) Pause Young (Allocation Failure) 921M->667M(989M) 40,698ms
[617,325s][info][gc] GC(2233) Pause Young (Allocation Failure) 940M->940M(989M) 0,023ms
[618,235s][info][gc] GC(2234) Pause Full (Allocation Failure) 940M->624M(989M) 909,542ms
[618,369s][info][gc] GC(2235) Pause Young (Allocation Failure) 898M->644M(989M) 25,452ms
[618,522s][info][gc] GC(2236) Pause Young (Allocation Failure) 917M->663M(989M) 40,742ms
[618,671s][info][gc] GC(2237) Pause Young (Allocation Failure) 936M->682M(989M) 40,743ms
[618,780s][info][gc] GC(2238) Pause Young (Allocation Failure) 955M->955M(989M) 0,029ms
[619,684s][info][gc] GC(2239) Pause Full (Allocation Failure) 955M->624M(989M) 904,363ms
[619,818s][info][gc] GC(2240) Pause Young (Allocation Failure) 898M->644M(989M) 25,338ms
[619,971s][info][gc] GC(2241) Pause Young (Allocation Failure) 917M->663M(989M) 40,598ms
[620,120s][info][gc] GC(2242) Pause Young (Allocation Failure) 936M->682M(989M) 40,427ms
[620,228s][info][gc] GC(2243) Pause Young (Allocation Failure) 955M->955M(989M) 0,028ms
[621,142s][info][gc] GC(2244) Pause Full (Allocation Failure) 955M->624M(989M) 913,680ms
[621,276s][info][gc] GC(2245) Pause Young (Allocation Failure) 898M->644M(989M) 25,524ms
[621,429s][info][gc] GC(2246) Pause Young (Allocation Failure) 917M->663M(989M) 40,690ms
[621,580s][info][gc] GC(2247) Pause Young (Allocation Failure) 936M->682M(989M) 41,037ms
[621,689s][info][gc] GC(2248) Pause Young (Allocation Failure) 955M->955M(989M) 0,030ms
[622,614s][info][gc] GC(2249) Pause Full (Allocation Failure) 955M->590M(989M) 924,785ms
[622,750s][info][gc] GC(2250) Pause Young (Allocation Failure) 863M->610M(989M) 25,903ms
[622,902s][info][gc] GC(2251) Pause Young (Allocation Failure) 883M->629M(989M) 40,847ms
[623,052s][info][gc] GC(2252) Pause Young (Allocation Failure) 902M->648M(989M) 40,798ms
[623,204s][info][gc] GC(2253) Pause Young (Allocation Failure) 921M->667M(989M) 41,078ms
[623,314s][info][gc] GC(2254) Pause Young (Allocation Failure) 940M->940M(989M) 0,030ms
[624,189s][info][gc] GC(2255) Pause Full (Allocation Failure) 940M->624M(989M) 875,232ms
[624,323s][info][gc] GC(2256) Pause Young (Allocation Failure) 898M->644M(989M) 25,505ms
[624,476s][info][gc] GC(2257) Pause Young (Allocation Failure) 917M->663M(989M) 40,843ms
[624,625s][info][gc] GC(2258) Pause Young (Allocation Failure) 936M->682M(989M) 40,662ms
[624,734s][info][gc] GC(2259) Pause Young (Allocation Failure) 955M->955M(989M) 0,028ms
[625,632s][info][gc] GC(2260) Pause Full (Allocation Failure) 955M->624M(989M) 898,143ms
[625,766s][info][gc] GC(2261) Pause Young (Allocation Failure) 898M->644M(989M) 25,552ms
[625,919s][info][gc] GC(2262) Pause Young (Allocation Failure) 917M->663M(989M) 40,542ms
[626,068s][info][gc] GC(2263) Pause Young (Allocation Failure) 936M->682M(989M) 40,465ms
[626,177s][info][gc] GC(2264) Pause Young (Allocation Failure) 955M->955M(989M) 0,028ms
[627,082s][info][gc] GC(2265) Pause Full (Allocation Failure) 955M->624M(989M) 905,313ms
[627,216s][info][gc] GC(2266) Pause Young (Allocation Failure) 898M->644M(989M) 25,804ms
[627,369s][info][gc] GC(2267) Pause Young (Allocation Failure) 917M->663M(989M) 40,982ms
[627,518s][info][gc] GC(2268) Pause Young (Allocation Failure) 936M->682M(989M) 40,802ms
[627,627s][info][gc] GC(2269) Pause Young (Allocation Failure) 955M->955M(989M) 0,030ms
[628,549s][info][gc] GC(2270) Pause Full (Allocation Failure) 955M->590M(989M) 922,000ms
[628,684s][info][gc] GC(2271) Pause Young (Allocation Failure) 863M->610M(989M) 26,255ms
[628,836s][info][gc] GC(2272) Pause Young (Allocation Failure) 883M->629M(989M) 40,869ms
[628,986s][info][gc] GC(2273) Pause Young (Allocation Failure) 902M->648M(989M) 40,637ms
[629,135s][info][gc] GC(2274) Pause Young (Allocation Failure) 921M->667M(989M) 40,709ms
[629,244s][info][gc] GC(2275) Pause Young (Allocation Failure) 940M->940M(989M) 0,015ms
[630,119s][info][gc] GC(2276) Pause Full (Allocation Failure) 940M->624M(989M) 874,490ms
[630,253s][info][gc] GC(2277) Pause Young (Allocation Failure) 898M->644M(989M) 25,804ms
[630,406s][info][gc] GC(2278) Pause Young (Allocation Failure) 917M->663M(989M) 40,815ms
[630,557s][info][gc] GC(2279) Pause Young (Allocation Failure) 936M->682M(989M) 40,818ms
[630,667s][info][gc] GC(2280) Pause Young (Allocation Failure) 955M->955M(989M) 0,029ms
[631,569s][info][gc] GC(2281) Pause Full (Allocation Failure) 955M->624M(989M) 902,519ms
[631,705s][info][gc] GC(2282) Pause Young (Allocation Failure) 898M->644M(989M) 25,514ms
[631,857s][info][gc] GC(2283) Pause Young (Allocation Failure) 917M->663M(989M) 40,658ms
[632,007s][info][gc] GC(2284) Pause Young (Allocation Failure) 936M->682M(989M) 40,775ms
[632,115s][info][gc] GC(2285) Pause Young (Allocation Failure) 955M->955M(989M) 0,029ms
[633,020s][info][gc] GC(2286) Pause Full (Allocation Failure) 955M->624M(989M) 904,353ms
[633,154s][info][gc] GC(2287) Pause Young (Allocation Failure) 898M->644M(989M) 25,539ms
[633,307s][info][gc] GC(2288) Pause Young (Allocation Failure) 917M->663M(989M) 40,706ms
[633,458s][info][gc] GC(2289) Pause Young (Allocation Failure) 936M->682M(989M) 40,505ms
[633,566s][info][gc] GC(2290) Pause Young (Allocation Failure) 955M->955M(989M) 0,028ms
[634,483s][info][gc] GC(2291) Pause Full (Allocation Failure) 955M->590M(989M) 916,385ms
[634,617s][info][gc] GC(2292) Pause Young (Allocation Failure) 863M->610M(989M) 25,423ms
[634,769s][info][gc] GC(2293) Pause Young (Allocation Failure) 883M->629M(989M) 40,539ms
[634,919s][info][gc] GC(2294) Pause Young (Allocation Failure) 902M->648M(989M) 40,420ms
[635,068s][info][gc] GC(2295) Pause Young (Allocation Failure) 921M->667M(989M) 40,531ms
[635,177s][info][gc] GC(2296) Pause Young (Allocation Failure) 940M->940M(989M) 0,028ms
[636,055s][info][gc] GC(2297) Pause Full (Allocation Failure) 940M->624M(989M) 878,037ms
[636,189s][info][gc] GC(2298) Pause Young (Allocation Failure) 898M->644M(989M) 25,550ms
[636,341s][info][gc] GC(2299) Pause Young (Allocation Failure) 917M->663M(989M) 40,435ms
[636,492s][info][gc] GC(2300) Pause Young (Allocation Failure) 936M->682M(989M) 40,851ms
[636,601s][info][gc] GC(2301) Pause Young (Allocation Failure) 955M->955M(989M) 0,016ms
[637,503s][info][gc] GC(2302) Pause Full (Allocation Failure) 955M->624M(989M) 902,057ms
[637,644s][info][gc] GC(2303) Pause Young (Allocation Failure) 898M->644M(989M) 25,506ms
[637,797s][info][gc] GC(2304) Pause Young (Allocation Failure) 917M->663M(989M) 40,719ms
[637,946s][info][gc] GC(2305) Pause Young (Allocation Failure) 936M->682M(989M) 40,549ms
[638,054s][info][gc] GC(2306) Pause Young (Allocation Failure) 955M->955M(989M) 0,028ms
[638,952s][info][gc] GC(2307) Pause Full (Allocation Failure) 955M->624M(989M) 897,684ms
[639,088s][info][gc] GC(2308) Pause Young (Allocation Failure) 898M->644M(989M) 25,575ms
[639,241s][info][gc] GC(2309) Pause Young (Allocation Failure) 917M->663M(989M) 40,670ms
[639,390s][info][gc] GC(2310) Pause Young (Allocation Failure) 936M->682M(989M) 40,515ms
[639,498s][info][gc] GC(2311) Pause Young (Allocation Failure) 955M->955M(989M) 0,030ms
[640,410s][info][gc] GC(2312) Pause Full (Allocation Failure) 955M->590M(989M) 911,301ms
[640,544s][info][gc] GC(2313) Pause Young (Allocation Failure) 863M->610M(989M) 25,341ms
[640,695s][info][gc] GC(2314) Pause Young (Allocation Failure) 883M->629M(989M) 40,640ms
[640,844s][info][gc] GC(2315) Pause Young (Allocation Failure) 902M->648M(989M) 40,590ms
[640,993s][info][gc] GC(2316) Pause Young (Allocation Failure) 921M->667M(989M) 40,456ms
[641,102s][info][gc] GC(2317) Pause Young (Allocation Failure) 940M->940M(989M) 0,029ms
[641,973s][info][gc] GC(2318) Pause Full (Allocation Failure) 940M->624M(989M) 870,799ms
[642,108s][info][gc] GC(2319) Pause Young (Allocation Failure) 898M->644M(989M) 25,853ms
[642,261s][info][gc] GC(2320) Pause Young (Allocation Failure) 917M->663M(989M) 40,743ms
[642,410s][info][gc] GC(2321) Pause Young (Allocation Failure) 936M->682M(989M) 40,514ms
[642,520s][info][gc] GC(2322) Pause Young (Allocation Failure) 955M->955M(989M) 0,030ms
[643,420s][info][gc] GC(2323) Pause Full (Allocation Failure) 955M->624M(989M) 899,881ms
[643,554s][info][gc] GC(2324) Pause Young (Allocation Failure) 898M->644M(989M) 25,777ms
[643,707s][info][gc] GC(2325) Pause Young (Allocation Failure) 917M->663M(989M) 40,799ms
[643,857s][info][gc] GC(2326) Pause Young (Allocation Failure) 936M->682M(989M) 40,591ms
[643,966s][info][gc] GC(2327) Pause Young (Allocation Failure) 955M->955M(989M) 0,054ms
[644,869s][info][gc] GC(2328) Pause Full (Allocation Failure) 955M->624M(989M) 903,264ms
[645,005s][info][gc] GC(2329) Pause Young (Allocation Failure) 898M->644M(989M) 25,644ms
[645,159s][info][gc] GC(2330) Pause Young (Allocation Failure) 917M->663M(989M) 40,777ms
[645,314s][info][gc] GC(2331) Pause Young (Allocation Failure) 936M->682M(989M) 45,908ms
[645,430s][info][gc] GC(2332) Pause Young (Allocation Failure) 955M->955M(989M) 0,031ms
[646,365s][info][gc] GC(2333) Pause Full (Allocation Failure) 955M->590M(989M) 934,432ms
[646,500s][info][gc] GC(2334) Pause Young (Allocation Failure) 863M->610M(989M) 25,585ms
[646,652s][info][gc] GC(2335) Pause Young (Allocation Failure) 883M->629M(989M) 40,770ms
[646,807s][info][gc] GC(2336) Pause Young (Allocation Failure) 902M->648M(989M) 41,605ms
[646,957s][info][gc] GC(2337) Pause Young (Allocation Failure) 921M->667M(989M) 40,921ms
[647,067s][info][gc] GC(2338) Pause Young (Allocation Failure) 940M->940M(989M) 0,037ms
[647,945s][info][gc] GC(2339) Pause Full (Allocation Failure) 940M->624M(989M) 878,261ms
[648,081s][info][gc] GC(2340) Pause Young (Allocation Failure) 898M->644M(989M) 25,918ms
[648,234s][info][gc] GC(2341) Pause Young (Allocation Failure) 917M->663M(989M) 41,038ms
[648,386s][info][gc] GC(2342) Pause Young (Allocation Failure) 936M->682M(989M) 40,980ms
[648,496s][info][gc] GC(2343) Pause Young (Allocation Failure) 955M->955M(989M) 0,031ms
[649,401s][info][gc] GC(2344) Pause Full (Allocation Failure) 955M->624M(989M) 904,917ms
[649,540s][info][gc] GC(2345) Pause Young (Allocation Failure) 898M->644M(989M) 26,007ms
[649,696s][info][gc] GC(2346) Pause Young (Allocation Failure) 917M->663M(989M) 42,905ms
[649,855s][info][gc] GC(2347) Pause Young (Allocation Failure) 936M->682M(989M) 41,753ms
[649,966s][info][gc] GC(2348) Pause Young (Allocation Failure) 955M->955M(989M) 0,018ms
[650,872s][info][gc] GC(2349) Pause Full (Allocation Failure) 955M->624M(989M) 906,253ms
[651,014s][info][gc] GC(2350) Pause Young (Allocation Failure) 898M->644M(989M) 25,956ms
[651,170s][info][gc] GC(2351) Pause Young (Allocation Failure) 917M->663M(989M) 40,707ms
[651,326s][info][gc] GC(2352) Pause Young (Allocation Failure) 936M->682M(989M) 41,568ms
[651,435s][info][gc] GC(2353) Pause Young (Allocation Failure) 955M->955M(989M) 0,031ms
[652,364s][info][gc] GC(2354) Pause Full (Allocation Failure) 955M->590M(989M) 929,023ms
[652,499s][info][gc] GC(2355) Pause Young (Allocation Failure) 863M->610M(989M) 25,622ms
[652,652s][info][gc] GC(2356) Pause Young (Allocation Failure) 883M->629M(989M) 40,561ms
[652,801s][info][gc] GC(2357) Pause Young (Allocation Failure) 902M->648M(989M) 40,575ms
[652,950s][info][gc] GC(2358) Pause Young (Allocation Failure) 921M->667M(989M) 40,778ms
[653,059s][info][gc] GC(2359) Pause Young (Allocation Failure) 940M->940M(989M) 0,054ms
[653,926s][info][gc] GC(2360) Pause Full (Allocation Failure) 940M->624M(989M) 866,740ms
[654,060s][info][gc] GC(2361) Pause Young (Allocation Failure) 898M->644M(989M) 25,510ms
[654,212s][info][gc] GC(2362) Pause Young (Allocation Failure) 917M->663M(989M) 40,490ms
[654,361s][info][gc] GC(2363) Pause Young (Allocation Failure) 936M->682M(989M) 40,489ms
[654,470s][info][gc] GC(2364) Pause Young (Allocation Failure) 955M->955M(989M) 0,028ms
[655,367s][info][gc] GC(2365) Pause Full (Allocation Failure) 955M->624M(989M) 897,147ms
[655,502s][info][gc] GC(2366) Pause Young (Allocation Failure) 898M->644M(989M) 25,500ms
[655,654s][info][gc] GC(2367) Pause Young (Allocation Failure) 917M->663M(989M) 40,611ms
[655,804s][info][gc] GC(2368) Pause Young (Allocation Failure) 936M->682M(989M) 40,439ms
[655,919s][info][gc] GC(2369) Pause Young (Allocation Failure) 955M->955M(989M) 0,019ms
[656,833s][info][gc] GC(2370) Pause Full (Allocation Failure) 955M->624M(989M) 913,646ms
[656,977s][info][gc] GC(2371) Pause Young (Allocation Failure) 898M->644M(989M) 25,854ms
[657,136s][info][gc] GC(2372) Pause Young (Allocation Failure) 917M->663M(989M) 45,806ms
[657,295s][info][gc] GC(2373) Pause Young (Allocation Failure) 936M->682M(989M) 41,590ms
[657,405s][info][gc] GC(2374) Pause Young (Allocation Failure) 955M->955M(989M) 0,030ms
[658,336s][info][gc] GC(2375) Pause Full (Allocation Failure) 955M->590M(989M) 930,769ms
[658,478s][info][gc] GC(2376) Pause Young (Allocation Failure) 863M->610M(989M) 25,885ms
[658,631s][info][gc] GC(2377) Pause Young (Allocation Failure) 883M->629M(989M) 40,791ms
[658,780s][info][gc] GC(2378) Pause Young (Allocation Failure) 902M->648M(989M) 40,795ms
[658,930s][info][gc] GC(2379) Pause Young (Allocation Failure) 921M->667M(989M) 40,757ms
[659,039s][info][gc] GC(2380) Pause Young (Allocation Failure) 940M->940M(989M) 0,016ms
[659,924s][info][gc] GC(2381) Pause Full (Allocation Failure) 940M->624M(989M) 885,758ms
[660,063s][info][gc] GC(2382) Pause Young (Allocation Failure) 898M->644M(989M) 26,018ms
[660,218s][info][gc] GC(2383) Pause Young (Allocation Failure) 917M->663M(989M) 40,848ms
[660,368s][info][gc] GC(2384) Pause Young (Allocation Failure) 936M->682M(989M) 41,130ms
[660,477s][info][gc] GC(2385) Pause Young (Allocation Failure) 955M->955M(989M) 0,029ms
[661,382s][info][gc] GC(2386) Pause Full (Allocation Failure) 955M->624M(989M) 904,693ms
[661,521s][info][gc] GC(2387) Pause Young (Allocation Failure) 898M->644M(989M) 25,852ms
[661,680s][info][gc] GC(2388) Pause Young (Allocation Failure) 917M->663M(989M) 41,023ms
[661,844s][info][gc] GC(2389) Pause Young (Allocation Failure) 936M->682M(989M) 43,598ms
[661,960s][info][gc] GC(2390) Pause Young (Allocation Failure) 955M->955M(989M) 0,019ms
[662,918s][info][gc] GC(2391) Pause Full (Allocation Failure) 955M->624M(989M) 957,890ms
[663,064s][info][gc] GC(2392) Pause Young (Allocation Failure) 898M->644M(989M) 26,344ms
[663,226s][info][gc] GC(2393) Pause Young (Allocation Failure) 917M->663M(989M) 41,692ms
[663,388s][info][gc] GC(2394) Pause Young (Allocation Failure) 936M->682M(989M) 45,353ms
[663,508s][info][gc] GC(2395) Pause Young (Allocation Failure) 955M->955M(989M) 0,021ms
[664,437s][info][gc] GC(2396) Pause Full (Allocation Failure) 955M->590M(989M) 929,710ms
[664,586s][info][gc] GC(2397) Pause Young (Allocation Failure) 863M->610M(989M) 26,442ms
[664,747s][info][gc] GC(2398) Pause Young (Allocation Failure) 883M->629M(989M) 41,345ms
[664,910s][info][gc] GC(2399) Pause Young (Allocation Failure) 902M->648M(989M) 46,898ms
[665,076s][info][gc] GC(2400) Pause Young (Allocation Failure) 921M->667M(989M) 44,431ms
[665,195s][info][gc] GC(2401) Pause Young (Allocation Failure) 940M->940M(989M) 0,021ms
[666,086s][info][gc] GC(2402) Pause Full (Allocation Failure) 940M->624M(989M) 891,795ms
[666,221s][info][gc] GC(2403) Pause Young (Allocation Failure) 898M->644M(989M) 25,462ms
[666,373s][info][gc] GC(2404) Pause Young (Allocation Failure) 917M->663M(989M) 40,625ms
[666,523s][info][gc] GC(2405) Pause Young (Allocation Failure) 936M->682M(989M) 40,484ms
[666,632s][info][gc] GC(2406) Pause Young (Allocation Failure) 955M->955M(989M) 0,053ms
[667,536s][info][gc] GC(2407) Pause Full (Allocation Failure) 955M->624M(989M) 904,165ms
[667,671s][info][gc] GC(2408) Pause Young (Allocation Failure) 898M->644M(989M) 25,417ms
[667,827s][info][gc] GC(2409) Pause Young (Allocation Failure) 917M->663M(989M) 41,254ms
[667,986s][info][gc] GC(2410) Pause Young (Allocation Failure) 936M->682M(989M) 46,373ms
[668,097s][info][gc] GC(2411) Pause Young (Allocation Failure) 955M->955M(989M) 0,031ms
[669,049s][info][gc] GC(2412) Pause Full (Allocation Failure) 955M->624M(989M) 952,263ms
[669,196s][info][gc] GC(2413) Pause Young (Allocation Failure) 898M->644M(989M) 25,622ms
[669,354s][info][gc] GC(2414) Pause Young (Allocation Failure) 917M->663M(989M) 41,089ms
[669,511s][info][gc] GC(2415) Pause Young (Allocation Failure) 936M->682M(989M) 41,500ms
[669,643s][info][gc] GC(2416) Pause Young (Allocation Failure) 955M->955M(989M) 0,024ms
[670,655s][info][gc] GC(2417) Pause Full (Allocation Failure) 955M->590M(989M) 1012,155ms
[670,797s][info][gc] GC(2418) Pause Young (Allocation Failure) 863M->610M(989M) 26,246ms
[670,953s][info][gc] GC(2419) Pause Young (Allocation Failure) 883M->629M(989M) 41,315ms
[671,107s][info][gc] GC(2420) Pause Young (Allocation Failure) 902M->648M(989M) 41,578ms
[671,263s][info][gc] GC(2421) Pause Young (Allocation Failure) 921M->667M(989M) 43,233ms
[671,380s][info][gc] GC(2422) Pause Young (Allocation Failure) 940M->940M(989M) 0,021ms
[672,297s][info][gc] GC(2423) Pause Full (Allocation Failure) 940M->624M(989M) 916,600ms
[672,437s][info][gc] GC(2424) Pause Young (Allocation Failure) 898M->644M(989M) 26,219ms
[672,593s][info][gc] GC(2425) Pause Young (Allocation Failure) 917M->663M(989M) 41,156ms
[672,745s][info][gc] GC(2426) Pause Young (Allocation Failure) 936M->682M(989M) 40,973ms
[672,858s][info][gc] GC(2427) Pause Young (Allocation Failure) 955M->955M(989M) 0,018ms
[673,801s][info][gc] GC(2428) Pause Full (Allocation Failure) 955M->624M(989M) 942,617ms
[673,937s][info][gc] GC(2429) Pause Young (Allocation Failure) 898M->644M(989M) 25,723ms
[674,093s][info][gc] GC(2430) Pause Young (Allocation Failure) 917M->663M(989M) 40,819ms
[674,253s][info][gc] GC(2431) Pause Young (Allocation Failure) 936M->682M(989M) 43,718ms
[674,368s][info][gc] GC(2432) Pause Young (Allocation Failure) 955M->955M(989M) 0,021ms
[675,290s][info][gc] GC(2433) Pause Full (Allocation Failure) 955M->624M(989M) 921,466ms
[675,432s][info][gc] GC(2434) Pause Young (Allocation Failure) 898M->644M(989M) 25,539ms
[675,586s][info][gc] GC(2435) Pause Young (Allocation Failure) 917M->663M(989M) 40,811ms
[675,737s][info][gc] GC(2436) Pause Young (Allocation Failure) 936M->682M(989M) 41,066ms
[675,857s][info][gc] GC(2437) Pause Young (Allocation Failure) 955M->955M(989M) 0,022ms
[676,796s][info][gc] GC(2438) Pause Full (Allocation Failure) 955M->590M(989M) 938,525ms
[676,931s][info][gc] GC(2439) Pause Young (Allocation Failure) 863M->610M(989M) 25,799ms
[677,088s][info][gc] GC(2440) Pause Young (Allocation Failure) 883M->629M(989M) 44,095ms
[677,240s][info][gc] GC(2441) Pause Young (Allocation Failure) 902M->648M(989M) 40,674ms
[677,391s][info][gc] GC(2442) Pause Young (Allocation Failure) 921M->667M(989M) 40,498ms
[677,501s][info][gc] GC(2443) Pause Young (Allocation Failure) 940M->940M(989M) 0,031ms
[678,399s][info][gc] GC(2444) Pause Full (Allocation Failure) 940M->624M(989M) 898,366ms
[678,535s][info][gc] GC(2445) Pause Young (Allocation Failure) 898M->644M(989M) 25,409ms
[678,689s][info][gc] GC(2446) Pause Young (Allocation Failure) 917M->663M(989M) 40,588ms
[678,839s][info][gc] GC(2447) Pause Young (Allocation Failure) 936M->682M(989M) 41,415ms
[678,949s][info][gc] GC(2448) Pause Young (Allocation Failure) 955M->955M(989M) 0,031ms
[679,853s][info][gc] GC(2449) Pause Full (Allocation Failure) 955M->624M(989M) 904,000ms
[679,987s][info][gc] GC(2450) Pause Young (Allocation Failure) 898M->644M(989M) 25,542ms
[680,142s][info][gc] GC(2451) Pause Young (Allocation Failure) 917M->663M(989M) 40,869ms
[680,295s][info][gc] GC(2452) Pause Young (Allocation Failure) 936M->682M(989M) 40,782ms
[680,404s][info][gc] GC(2453) Pause Young (Allocation Failure) 955M->955M(989M) 0,030ms
[681,315s][info][gc] GC(2454) Pause Full (Allocation Failure) 955M->624M(989M) 910,942ms
[681,449s][info][gc] GC(2455) Pause Young (Allocation Failure) 898M->644M(989M) 25,530ms
[681,603s][info][gc] GC(2456) Pause Young (Allocation Failure) 917M->663M(989M) 40,845ms
[681,753s][info][gc] GC(2457) Pause Young (Allocation Failure) 936M->682M(989M) 40,725ms
[681,865s][info][gc] GC(2458) Pause Young (Allocation Failure) 955M->955M(989M) 0,017ms
[682,788s][info][gc] GC(2459) Pause Full (Allocation Failure) 955M->590M(989M) 923,344ms
[682,926s][info][gc] GC(2460) Pause Young (Allocation Failure) 863M->610M(989M) 25,656ms
[683,079s][info][gc] GC(2461) Pause Young (Allocation Failure) 883M->629M(989M) 40,598ms
[683,230s][info][gc] GC(2462) Pause Young (Allocation Failure) 902M->648M(989M) 40,755ms
[683,383s][info][gc] GC(2463) Pause Young (Allocation Failure) 921M->667M(989M) 41,012ms
[683,493s][info][gc] GC(2464) Pause Young (Allocation Failure) 940M->940M(989M) 0,030ms
[684,374s][info][gc] GC(2465) Pause Full (Allocation Failure) 940M->624M(989M) 881,405ms
[684,514s][info][gc] GC(2466) Pause Young (Allocation Failure) 898M->644M(989M) 30,270ms
[684,670s][info][gc] GC(2467) Pause Young (Allocation Failure) 917M->663M(989M) 40,875ms
[684,821s][info][gc] GC(2468) Pause Young (Allocation Failure) 936M->682M(989M) 40,964ms
[684,929s][info][gc] GC(2469) Pause Young (Allocation Failure) 955M->955M(989M) 0,035ms
[685,849s][info][gc] GC(2470) Pause Full (Allocation Failure) 955M->624M(989M) 920,082ms
[685,986s][info][gc] GC(2471) Pause Young (Allocation Failure) 898M->644M(989M) 25,754ms
[686,140s][info][gc] GC(2472) Pause Young (Allocation Failure) 917M->663M(989M) 40,717ms
[686,290s][info][gc] GC(2473) Pause Young (Allocation Failure) 936M->682M(989M) 40,611ms
[686,398s][info][gc] GC(2474) Pause Young (Allocation Failure) 955M->955M(989M) 0,029ms
[687,307s][info][gc] GC(2475) Pause Full (Allocation Failure) 955M->624M(989M) 909,003ms
[687,442s][info][gc] GC(2476) Pause Young (Allocation Failure) 898M->644M(989M) 25,881ms
[687,595s][info][gc] GC(2477) Pause Young (Allocation Failure) 917M->663M(989M) 40,874ms
[687,745s][info][gc] GC(2478) Pause Young (Allocation Failure) 936M->682M(989M) 40,932ms
[687,854s][info][gc] GC(2479) Pause Young (Allocation Failure) 955M->955M(989M) 0,029ms
[688,786s][info][gc] GC(2480) Pause Full (Allocation Failure) 955M->590M(989M) 932,788ms
[688,921s][info][gc] GC(2481) Pause Young (Allocation Failure) 863M->610M(989M) 25,492ms
[689,073s][info][gc] GC(2482) Pause Young (Allocation Failure) 883M->629M(989M) 40,567ms
[689,222s][info][gc] GC(2483) Pause Young (Allocation Failure) 902M->648M(989M) 40,555ms
[689,371s][info][gc] GC(2484) Pause Young (Allocation Failure) 921M->667M(989M) 40,394ms
[689,480s][info][gc] GC(2485) Pause Young (Allocation Failure) 940M->940M(989M) 0,029ms
[690,350s][info][gc] GC(2486) Pause Full (Allocation Failure) 940M->624M(989M) 870,114ms
[690,484s][info][gc] GC(2487) Pause Young (Allocation Failure) 898M->644M(989M) 25,836ms
[690,637s][info][gc] GC(2488) Pause Young (Allocation Failure) 917M->663M(989M) 40,861ms
[690,792s][info][gc] GC(2489) Pause Young (Allocation Failure) 936M->682M(989M) 41,938ms
[690,904s][info][gc] GC(2490) Pause Young (Allocation Failure) 955M->955M(989M) 0,033ms
[691,817s][info][gc] GC(2491) Pause Full (Allocation Failure) 955M->624M(989M) 912,781ms
[691,954s][info][gc] GC(2492) Pause Young (Allocation Failure) 898M->644M(989M) 25,563ms
[692,107s][info][gc] GC(2493) Pause Young (Allocation Failure) 917M->663M(989M) 40,841ms
[692,258s][info][gc] GC(2494) Pause Young (Allocation Failure) 936M->682M(989M) 42,035ms
[692,372s][info][gc] GC(2495) Pause Young (Allocation Failure) 955M->955M(989M) 0,022ms
[693,294s][info][gc] GC(2496) Pause Full (Allocation Failure) 955M->624M(989M) 921,934ms
[693,436s][info][gc] GC(2497) Pause Young (Allocation Failure) 898M->644M(989M) 25,876ms
[693,596s][info][gc] GC(2498) Pause Young (Allocation Failure) 917M->663M(989M) 44,748ms
[693,750s][info][gc] GC(2499) Pause Young (Allocation Failure) 936M->682M(989M) 41,020ms
[693,863s][info][gc] GC(2500) Pause Young (Allocation Failure) 955M->955M(989M) 0,029ms
[694,780s][info][gc] GC(2501) Pause Full (Allocation Failure) 955M->590M(989M) 917,282ms
[694,914s][info][gc] GC(2502) Pause Young (Allocation Failure) 863M->610M(989M) 25,596ms
[695,066s][info][gc] GC(2503) Pause Young (Allocation Failure) 883M->629M(989M) 40,389ms
[695,217s][info][gc] GC(2504) Pause Young (Allocation Failure) 902M->648M(989M) 40,928ms
[695,367s][info][gc] GC(2505) Pause Young (Allocation Failure) 921M->667M(989M) 40,736ms
[695,503s][info][gc] GC(2506) Pause Young (Allocation Failure) 940M->940M(989M) 0,036ms
[696,382s][info][gc] GC(2507) Pause Full (Allocation Failure) 940M->624M(989M) 879,363ms
[696,518s][info][gc] GC(2508) Pause Young (Allocation Failure) 898M->644M(989M) 25,755ms
[696,670s][info][gc] GC(2509) Pause Young (Allocation Failure) 917M->663M(989M) 40,914ms
[696,820s][info][gc] GC(2510) Pause Young (Allocation Failure) 936M->682M(989M) 40,746ms
[696,928s][info][gc] GC(2511) Pause Young (Allocation Failure) 955M->955M(989M) 0,031ms
[697,863s][info][gc] GC(2512) Pause Full (Allocation Failure) 955M->624M(989M) 934,824ms
[697,998s][info][gc] GC(2513) Pause Young (Allocation Failure) 898M->644M(989M) 25,528ms
[698,150s][info][gc] GC(2514) Pause Young (Allocation Failure) 917M->663M(989M) 40,446ms
[698,300s][info][gc] GC(2515) Pause Young (Allocation Failure) 936M->682M(989M) 40,468ms
[698,409s][info][gc] GC(2516) Pause Young (Allocation Failure) 955M->955M(989M) 0,031ms
[699,319s][info][gc] GC(2517) Pause Full (Allocation Failure) 955M->624M(989M) 909,861ms
[699,453s][info][gc] GC(2518) Pause Young (Allocation Failure) 898M->644M(989M) 25,347ms
[699,605s][info][gc] GC(2519) Pause Young (Allocation Failure) 917M->663M(989M) 40,511ms
[699,754s][info][gc] GC(2520) Pause Young (Allocation Failure) 936M->682M(989M) 40,540ms
[699,863s][info][gc] GC(2521) Pause Young (Allocation Failure) 955M->955M(989M) 0,029ms
[700,785s][info][gc] GC(2522) Pause Full (Allocation Failure) 955M->590M(989M) 922,175ms
[700,920s][info][gc] GC(2523) Pause Young (Allocation Failure) 863M->610M(989M) 25,592ms
[701,073s][info][gc] GC(2524) Pause Young (Allocation Failure) 883M->629M(989M) 40,677ms
[701,222s][info][gc] GC(2525) Pause Young (Allocation Failure) 902M->648M(989M) 40,514ms
[701,371s][info][gc] GC(2526) Pause Young (Allocation Failure) 921M->667M(989M) 40,472ms
[701,481s][info][gc] GC(2527) Pause Young (Allocation Failure) 940M->940M(989M) 0,031ms
[702,359s][info][gc] GC(2528) Pause Full (Allocation Failure) 940M->624M(989M) 878,203ms
[702,493s][info][gc] GC(2529) Pause Young (Allocation Failure) 898M->644M(989M) 25,530ms
[702,646s][info][gc] GC(2530) Pause Young (Allocation Failure) 917M->663M(989M) 40,786ms
[702,795s][info][gc] GC(2531) Pause Young (Allocation Failure) 936M->682M(989M) 40,641ms
[702,904s][info][gc] GC(2532) Pause Young (Allocation Failure) 955M->955M(989M) 0,015ms
[703,802s][info][gc] GC(2533) Pause Full (Allocation Failure) 955M->624M(989M) 897,740ms
[703,936s][info][gc] GC(2534) Pause Young (Allocation Failure) 898M->644M(989M) 25,768ms
[704,088s][info][gc] GC(2535) Pause Young (Allocation Failure) 917M->663M(989M) 40,467ms
[704,239s][info][gc] GC(2536) Pause Young (Allocation Failure) 936M->682M(989M) 40,704ms
[704,349s][info][gc] GC(2537) Pause Young (Allocation Failure) 955M->955M(989M) 0,057ms
[705,290s][info][gc] GC(2538) Pause Full (Allocation Failure) 955M->624M(989M) 940,739ms
[705,430s][info][gc] GC(2539) Pause Young (Allocation Failure) 898M->644M(989M) 25,508ms
[705,594s][info][gc] GC(2540) Pause Young (Allocation Failure) 917M->663M(989M) 42,323ms
[705,755s][info][gc] GC(2541) Pause Young (Allocation Failure) 936M->682M(989M) 41,954ms
[705,868s][info][gc] GC(2542) Pause Young (Allocation Failure) 955M->955M(989M) 0,037ms
[706,852s][info][gc] GC(2543) Pause Full (Allocation Failure) 955M->590M(989M) 983,989ms
[706,999s][info][gc] GC(2544) Pause Young (Allocation Failure) 863M->610M(989M) 28,616ms
[707,155s][info][gc] GC(2545) Pause Young (Allocation Failure) 883M->629M(989M) 41,386ms
[707,305s][info][gc] GC(2546) Pause Young (Allocation Failure) 902M->648M(989M) 40,654ms
[707,458s][info][gc] GC(2547) Pause Young (Allocation Failure) 921M->667M(989M) 42,441ms
[707,568s][info][gc] GC(2548) Pause Young (Allocation Failure) 940M->940M(989M) 0,030ms
[708,452s][info][gc] GC(2549) Pause Full (Allocation Failure) 940M->624M(989M) 883,288ms
[708,589s][info][gc] GC(2550) Pause Young (Allocation Failure) 898M->644M(989M) 25,828ms
[708,742s][info][gc] GC(2551) Pause Young (Allocation Failure) 917M->663M(989M) 41,083ms
[708,897s][info][gc] GC(2552) Pause Young (Allocation Failure) 936M->682M(989M) 41,559ms
[709,022s][info][gc] GC(2553) Pause Young (Allocation Failure) 955M->955M(989M) 0,035ms
[709,921s][info][gc] GC(2554) Pause Full (Allocation Failure) 955M->624M(989M) 898,991ms
[710,070s][info][gc] GC(2555) Pause Young (Allocation Failure) 898M->644M(989M) 31,093ms
[710,239s][info][gc] GC(2556) Pause Young (Allocation Failure) 917M->663M(989M) 42,569ms
[710,394s][info][gc] GC(2557) Pause Young (Allocation Failure) 936M->682M(989M) 40,801ms
[710,504s][info][gc] GC(2558) Pause Young (Allocation Failure) 955M->955M(989M) 0,029ms
[711,419s][info][gc] GC(2559) Pause Full (Allocation Failure) 955M->624M(989M) 915,144ms
[711,555s][info][gc] GC(2560) Pause Young (Allocation Failure) 898M->644M(989M) 25,718ms
[711,708s][info][gc] GC(2561) Pause Young (Allocation Failure) 917M->663M(989M) 40,741ms
[711,858s][info][gc] GC(2562) Pause Young (Allocation Failure) 936M->682M(989M) 40,471ms
[711,974s][info][gc] GC(2563) Pause Young (Allocation Failure) 955M->955M(989M) 0,023ms
[712,920s][info][gc] GC(2564) Pause Full (Allocation Failure) 955M->590M(989M) 945,790ms
[713,058s][info][gc] GC(2565) Pause Young (Allocation Failure) 863M->610M(989M) 25,724ms
[713,213s][info][gc] GC(2566) Pause Young (Allocation Failure) 883M->629M(989M) 40,801ms
[713,365s][info][gc] GC(2567) Pause Young (Allocation Failure) 902M->648M(989M) 41,316ms
[713,517s][info][gc] GC(2568) Pause Young (Allocation Failure) 921M->667M(989M) 40,775ms
[713,630s][info][gc] GC(2569) Pause Young (Allocation Failure) 940M->940M(989M) 0,018ms
[714,534s][info][gc] GC(2570) Pause Full (Allocation Failure) 940M->624M(989M) 903,847ms
[714,670s][info][gc] GC(2571) Pause Young (Allocation Failure) 898M->644M(989M) 25,832ms
[714,823s][info][gc] GC(2572) Pause Young (Allocation Failure) 917M->663M(989M) 40,895ms
[714,974s][info][gc] GC(2573) Pause Young (Allocation Failure) 936M->682M(989M) 40,904ms
[715,086s][info][gc] GC(2574) Pause Young (Allocation Failure) 955M->955M(989M) 0,016ms
[715,988s][info][gc] GC(2575) Pause Full (Allocation Failure) 955M->624M(989M) 901,740ms
[716,126s][info][gc] GC(2576) Pause Young (Allocation Failure) 898M->644M(989M) 26,150ms
[716,283s][info][gc] GC(2577) Pause Young (Allocation Failure) 917M->663M(989M) 40,467ms
[716,436s][info][gc] GC(2578) Pause Young (Allocation Failure) 936M->682M(989M) 42,024ms
[716,547s][info][gc] GC(2579) Pause Young (Allocation Failure) 955M->955M(989M) 0,031ms
[717,461s][info][gc] GC(2580) Pause Full (Allocation Failure) 955M->624M(989M) 914,206ms
[717,598s][info][gc] GC(2581) Pause Young (Allocation Failure) 898M->644M(989M) 25,469ms
[717,752s][info][gc] GC(2582) Pause Young (Allocation Failure) 917M->663M(989M) 41,052ms
[717,905s][info][gc] GC(2583) Pause Young (Allocation Failure) 936M->682M(989M) 41,453ms
[718,016s][info][gc] GC(2584) Pause Young (Allocation Failure) 955M->955M(989M) 0,031ms
[718,988s][info][gc] GC(2585) Pause Full (Allocation Failure) 955M->590M(989M) 972,042ms
[719,123s][info][gc] GC(2586) Pause Young (Allocation Failure) 863M->610M(989M) 25,522ms
[719,280s][info][gc] GC(2587) Pause Young (Allocation Failure) 883M->629M(989M) 44,457ms
[719,431s][info][gc] GC(2588) Pause Young (Allocation Failure) 902M->648M(989M) 40,812ms
[719,581s][info][gc] GC(2589) Pause Young (Allocation Failure) 921M->667M(989M) 40,696ms
[719,691s][info][gc] GC(2590) Pause Young (Allocation Failure) 940M->940M(989M) 0,032ms
[720,595s][info][gc] GC(2591) Pause Full (Allocation Failure) 940M->624M(989M) 904,185ms
[720,733s][info][gc] GC(2592) Pause Young (Allocation Failure) 898M->644M(989M) 25,816ms
[720,889s][info][gc] GC(2593) Pause Young (Allocation Failure) 917M->663M(989M) 42,499ms
[721,055s][info][gc] GC(2594) Pause Young (Allocation Failure) 936M->682M(989M) 42,852ms
[721,167s][info][gc] GC(2595) Pause Young (Allocation Failure) 955M->955M(989M) 0,035ms
[722,081s][info][gc] GC(2596) Pause Full (Allocation Failure) 955M->624M(989M) 914,264ms
[722,217s][info][gc] GC(2597) Pause Young (Allocation Failure) 898M->644M(989M) 25,620ms
[722,371s][info][gc] GC(2598) Pause Young (Allocation Failure) 917M->663M(989M) 40,745ms
[722,521s][info][gc] GC(2599) Pause Young (Allocation Failure) 936M->682M(989M) 40,683ms
[722,632s][info][gc] GC(2600) Pause Young (Allocation Failure) 955M->955M(989M) 0,017ms
[723,546s][info][gc] GC(2601) Pause Full (Allocation Failure) 955M->624M(989M) 913,783ms
[723,684s][info][gc] GC(2602) Pause Young (Allocation Failure) 898M->644M(989M) 25,591ms
[723,838s][info][gc] GC(2603) Pause Young (Allocation Failure) 917M->663M(989M) 40,800ms
[723,988s][info][gc] GC(2604) Pause Young (Allocation Failure) 936M->682M(989M) 40,730ms
[724,098s][info][gc] GC(2605) Pause Young (Allocation Failure) 955M->955M(989M) 0,031ms
[725,038s][info][gc] GC(2606) Pause Full (Allocation Failure) 955M->590M(989M) 940,392ms
[725,175s][info][gc] GC(2607) Pause Young (Allocation Failure) 863M->610M(989M) 25,875ms
[725,328s][info][gc] GC(2608) Pause Young (Allocation Failure) 883M->629M(989M) 40,744ms
[725,507s][info][gc] GC(2609) Pause Young (Allocation Failure) 902M->648M(989M) 42,467ms
[725,659s][info][gc] GC(2610) Pause Young (Allocation Failure) 921M->667M(989M) 40,528ms
[725,768s][info][gc] GC(2611) Pause Young (Allocation Failure) 940M->940M(989M) 0,029ms
[726,639s][info][gc] GC(2612) Pause Full (Allocation Failure) 940M->624M(989M) 871,379ms
[726,773s][info][gc] GC(2613) Pause Young (Allocation Failure) 898M->644M(989M) 25,579ms
[726,926s][info][gc] GC(2614) Pause Young (Allocation Failure) 917M->663M(989M) 40,751ms
[727,076s][info][gc] GC(2615) Pause Young (Allocation Failure) 936M->682M(989M) 40,536ms
[727,184s][info][gc] GC(2616) Pause Young (Allocation Failure) 955M->955M(989M) 0,030ms
[728,081s][info][gc] GC(2617) Pause Full (Allocation Failure) 955M->624M(989M) 897,338ms
[728,216s][info][gc] GC(2618) Pause Young (Allocation Failure) 898M->644M(989M) 25,407ms
[728,368s][info][gc] GC(2619) Pause Young (Allocation Failure) 917M->663M(989M) 40,549ms
[728,517s][info][gc] GC(2620) Pause Young (Allocation Failure) 936M->682M(989M) 40,362ms
[728,626s][info][gc] GC(2621) Pause Young (Allocation Failure) 955M->955M(989M) 0,029ms
[729,535s][info][gc] GC(2622) Pause Full (Allocation Failure) 955M->624M(989M) 909,311ms
[729,670s][info][gc] GC(2623) Pause Young (Allocation Failure) 898M->644M(989M) 25,553ms
[729,822s][info][gc] GC(2624) Pause Young (Allocation Failure) 917M->663M(989M) 40,654ms
[729,971s][info][gc] GC(2625) Pause Young (Allocation Failure) 936M->682M(989M) 40,593ms
[730,080s][info][gc] GC(2626) Pause Young (Allocation Failure) 955M->955M(989M) 0,028ms
[731,006s][info][gc] GC(2627) Pause Full (Allocation Failure) 955M->590M(989M) 925,923ms
[731,141s][info][gc] GC(2628) Pause Young (Allocation Failure) 863M->610M(989M) 25,474ms
[731,294s][info][gc] GC(2629) Pause Young (Allocation Failure) 883M->629M(989M) 40,844ms
[731,444s][info][gc] GC(2630) Pause Young (Allocation Failure) 902M->648M(989M) 40,831ms
[731,593s][info][gc] GC(2631) Pause Young (Allocation Failure) 921M->667M(989M) 40,784ms
[731,702s][info][gc] GC(2632) Pause Young (Allocation Failure) 940M->940M(989M) 0,029ms
[732,572s][info][gc] GC(2633) Pause Full (Allocation Failure) 940M->624M(989M) 869,980ms
[732,707s][info][gc] GC(2634) Pause Young (Allocation Failure) 898M->644M(989M) 25,633ms
[732,860s][info][gc] GC(2635) Pause Young (Allocation Failure) 917M->663M(989M) 40,636ms
[733,009s][info][gc] GC(2636) Pause Young (Allocation Failure) 936M->682M(989M) 40,580ms
[733,118s][info][gc] GC(2637) Pause Young (Allocation Failure) 955M->955M(989M) 0,031ms
[734,023s][info][gc] GC(2638) Pause Full (Allocation Failure) 955M->624M(989M) 905,136ms
[734,158s][info][gc] GC(2639) Pause Young (Allocation Failure) 898M->644M(989M) 25,870ms
[734,316s][info][gc] GC(2640) Pause Young (Allocation Failure) 917M->663M(989M) 45,496ms
[734,472s][info][gc] GC(2641) Pause Young (Allocation Failure) 936M->682M(989M) 41,468ms
[734,582s][info][gc] GC(2642) Pause Young (Allocation Failure) 955M->955M(989M) 0,031ms
[735,486s][info][gc] GC(2643) Pause Full (Allocation Failure) 955M->624M(989M) 904,002ms
[735,620s][info][gc] GC(2644) Pause Young (Allocation Failure) 898M->644M(989M) 25,511ms
[735,773s][info][gc] GC(2645) Pause Young (Allocation Failure) 917M->663M(989M) 40,587ms
[735,922s][info][gc] GC(2646) Pause Young (Allocation Failure) 936M->682M(989M) 40,470ms
[736,031s][info][gc] GC(2647) Pause Young (Allocation Failure) 955M->955M(989M) 0,031ms
[736,956s][info][gc] GC(2648) Pause Full (Allocation Failure) 955M->590M(989M) 924,817ms
[737,090s][info][gc] GC(2649) Pause Young (Allocation Failure) 863M->610M(989M) 25,499ms
[737,248s][info][gc] GC(2650) Pause Young (Allocation Failure) 883M->629M(989M) 45,836ms
[737,400s][info][gc] GC(2651) Pause Young (Allocation Failure) 902M->648M(989M) 40,768ms
[737,549s][info][gc] GC(2652) Pause Young (Allocation Failure) 921M->667M(989M) 40,771ms
[737,659s][info][gc] GC(2653) Pause Young (Allocation Failure) 940M->940M(989M) 0,029ms
[738,537s][info][gc] GC(2654) Pause Full (Allocation Failure) 940M->624M(989M) 878,038ms
[738,673s][info][gc] GC(2655) Pause Young (Allocation Failure) 898M->644M(989M) 25,920ms
[738,826s][info][gc] GC(2656) Pause Young (Allocation Failure) 917M->663M(989M) 40,890ms
[738,978s][info][gc] GC(2657) Pause Young (Allocation Failure) 936M->682M(989M) 41,319ms
[739,090s][info][gc] GC(2658) Pause Young (Allocation Failure) 955M->955M(989M) 0,018ms
[740,010s][info][gc] GC(2659) Pause Full (Allocation Failure) 955M->624M(989M) 919,425ms
[740,146s][info][gc] GC(2660) Pause Young (Allocation Failure) 898M->644M(989M) 25,970ms
[740,301s][info][gc] GC(2661) Pause Young (Allocation Failure) 917M->663M(989M) 41,330ms
[740,451s][info][gc] GC(2662) Pause Young (Allocation Failure) 936M->682M(989M) 40,597ms
[740,561s][info][gc] GC(2663) Pause Young (Allocation Failure) 955M->955M(989M) 0,030ms
[741,485s][info][gc] GC(2664) Pause Full (Allocation Failure) 955M->624M(989M) 924,064ms
[741,623s][info][gc] GC(2665) Pause Young (Allocation Failure) 898M->644M(989M) 25,530ms
[741,777s][info][gc] GC(2666) Pause Young (Allocation Failure) 917M->663M(989M) 40,780ms
[741,932s][info][gc] GC(2667) Pause Young (Allocation Failure) 936M->682M(989M) 45,750ms
[742,046s][info][gc] GC(2668) Pause Young (Allocation Failure) 955M->955M(989M) 0,033ms
[742,961s][info][gc] GC(2669) Pause Full (Allocation Failure) 955M->590M(989M) 914,841ms
[743,099s][info][gc] GC(2670) Pause Young (Allocation Failure) 863M->610M(989M) 29,847ms
[743,257s][info][gc] GC(2671) Pause Young (Allocation Failure) 883M->629M(989M) 41,176ms
[743,409s][info][gc] GC(2672) Pause Young (Allocation Failure) 902M->648M(989M) 40,666ms
[743,563s][info][gc] GC(2673) Pause Young (Allocation Failure) 921M->667M(989M) 41,878ms
[743,675s][info][gc] GC(2674) Pause Young (Allocation Failure) 940M->940M(989M) 0,016ms
[744,554s][info][gc] GC(2675) Pause Full (Allocation Failure) 940M->624M(989M) 879,020ms
[744,691s][info][gc] GC(2676) Pause Young (Allocation Failure) 898M->644M(989M) 25,979ms
[744,847s][info][gc] GC(2677) Pause Young (Allocation Failure) 917M->663M(989M) 44,164ms
[745,002s][info][gc] GC(2678) Pause Young (Allocation Failure) 936M->682M(989M) 45,456ms
[745,113s][info][gc] GC(2679) Pause Young (Allocation Failure) 955M->955M(989M) 0,015ms
[746,020s][info][gc] GC(2680) Pause Full (Allocation Failure) 955M->624M(989M) 906,676ms
[746,154s][info][gc] GC(2681) Pause Young (Allocation Failure) 898M->644M(989M) 25,408ms
[746,306s][info][gc] GC(2682) Pause Young (Allocation Failure) 917M->663M(989M) 40,813ms
[746,455s][info][gc] GC(2683) Pause Young (Allocation Failure) 936M->682M(989M) 40,447ms
[746,564s][info][gc] GC(2684) Pause Young (Allocation Failure) 955M->955M(989M) 0,029ms
[747,500s][info][gc] GC(2685) Pause Full (Allocation Failure) 955M->624M(989M) 936,097ms
[747,650s][info][gc] GC(2686) Pause Young (Allocation Failure) 898M->644M(989M) 26,672ms
[747,815s][info][gc] GC(2687) Pause Young (Allocation Failure) 917M->663M(989M) 42,939ms
[747,981s][info][gc] GC(2688) Pause Young (Allocation Failure) 936M->682M(989M) 44,893ms
[748,102s][info][gc] GC(2689) Pause Young (Allocation Failure) 955M->955M(989M) 0,023ms
[749,059s][info][gc] GC(2690) Pause Full (Allocation Failure) 955M->590M(989M) 956,718ms
[749,194s][info][gc] GC(2691) Pause Young (Allocation Failure) 863M->610M(989M) 25,706ms
[749,346s][info][gc] GC(2692) Pause Young (Allocation Failure) 883M->629M(989M) 40,802ms
[749,496s][info][gc] GC(2693) Pause Young (Allocation Failure) 902M->648M(989M) 40,476ms
[749,645s][info][gc] GC(2694) Pause Young (Allocation Failure) 921M->667M(989M) 40,929ms
[749,755s][info][gc] GC(2695) Pause Young (Allocation Failure) 940M->940M(989M) 0,029ms
[750,634s][info][gc] GC(2696) Pause Full (Allocation Failure) 940M->624M(989M) 879,054ms
[750,769s][info][gc] GC(2697) Pause Young (Allocation Failure) 898M->644M(989M) 25,864ms
[750,922s][info][gc] GC(2698) Pause Young (Allocation Failure) 917M->663M(989M) 40,788ms
[751,072s][info][gc] GC(2699) Pause Young (Allocation Failure) 936M->682M(989M) 40,851ms
[751,181s][info][gc] GC(2700) Pause Young (Allocation Failure) 955M->955M(989M) 0,029ms
[752,086s][info][gc] GC(2701) Pause Full (Allocation Failure) 955M->624M(989M) 905,872ms
[752,221s][info][gc] GC(2702) Pause Young (Allocation Failure) 898M->644M(989M) 25,910ms
[752,374s][info][gc] GC(2703) Pause Young (Allocation Failure) 917M->663M(989M) 40,627ms
[752,523s][info][gc] GC(2704) Pause Young (Allocation Failure) 936M->682M(989M) 40,579ms
[752,632s][info][gc] GC(2705) Pause Young (Allocation Failure) 955M->955M(989M) 0,031ms
[753,538s][info][gc] GC(2706) Pause Full (Allocation Failure) 955M->624M(989M) 905,483ms
[753,672s][info][gc] GC(2707) Pause Young (Allocation Failure) 898M->644M(989M) 25,465ms
[753,824s][info][gc] GC(2708) Pause Young (Allocation Failure) 917M->663M(989M) 40,515ms
[753,973s][info][gc] GC(2709) Pause Young (Allocation Failure) 936M->682M(989M) 40,635ms
[754,082s][info][gc] GC(2710) Pause Young (Allocation Failure) 955M->955M(989M) 0,015ms
[755,007s][info][gc] GC(2711) Pause Full (Allocation Failure) 955M->590M(989M) 925,215ms
[755,142s][info][gc] GC(2712) Pause Young (Allocation Failure) 863M->610M(989M) 25,928ms
[755,295s][info][gc] GC(2713) Pause Young (Allocation Failure) 883M->629M(989M) 41,024ms
[755,460s][info][gc] GC(2714) Pause Young (Allocation Failure) 902M->648M(989M) 49,402ms
[755,617s][info][gc] GC(2715) Pause Young (Allocation Failure) 921M->667M(989M) 41,815ms
[755,726s][info][gc] GC(2716) Pause Young (Allocation Failure) 940M->940M(989M) 0,028ms
[756,605s][info][gc] GC(2717) Pause Full (Allocation Failure) 940M->624M(989M) 879,056ms
[756,740s][info][gc] GC(2718) Pause Young (Allocation Failure) 898M->644M(989M) 25,858ms
[756,893s][info][gc] GC(2719) Pause Young (Allocation Failure) 917M->663M(989M) 40,857ms
[757,043s][info][gc] GC(2720) Pause Young (Allocation Failure) 936M->682M(989M) 40,960ms
[757,152s][info][gc] GC(2721) Pause Young (Allocation Failure) 955M->955M(989M) 0,031ms
[758,060s][info][gc] GC(2722) Pause Full (Allocation Failure) 955M->624M(989M) 908,848ms
[758,195s][info][gc] GC(2723) Pause Young (Allocation Failure) 898M->644M(989M) 25,547ms
[758,347s][info][gc] GC(2724) Pause Young (Allocation Failure) 917M->663M(989M) 40,691ms
[758,496s][info][gc] GC(2725) Pause Young (Allocation Failure) 936M->682M(989M) 40,552ms
[758,605s][info][gc] GC(2726) Pause Young (Allocation Failure) 955M->955M(989M) 0,029ms
[759,508s][info][gc] GC(2727) Pause Full (Allocation Failure) 955M->624M(989M) 902,876ms
[759,645s][info][gc] GC(2728) Pause Young (Allocation Failure) 898M->644M(989M) 25,675ms
[759,806s][info][gc] GC(2729) Pause Young (Allocation Failure) 917M->663M(989M) 45,932ms
[759,961s][info][gc] GC(2730) Pause Young (Allocation Failure) 936M->682M(989M) 44,467ms
[760,072s][info][gc] GC(2731) Pause Young (Allocation Failure) 955M->955M(989M) 0,035ms
[761,011s][info][gc] GC(2732) Pause Full (Allocation Failure) 955M->590M(989M) 938,906ms
[761,155s][info][gc] GC(2733) Pause Young (Allocation Failure) 863M->610M(989M) 30,424ms
[761,316s][info][gc] GC(2734) Pause Young (Allocation Failure) 883M->629M(989M) 44,415ms
[761,469s][info][gc] GC(2735) Pause Young (Allocation Failure) 902M->648M(989M) 41,251ms
[761,622s][info][gc] GC(2736) Pause Young (Allocation Failure) 921M->667M(989M) 40,874ms
[761,732s][info][gc] GC(2737) Pause Young (Allocation Failure) 940M->940M(989M) 0,030ms
[762,622s][info][gc] GC(2738) Pause Full (Allocation Failure) 940M->624M(989M) 889,362ms
[762,757s][info][gc] GC(2739) Pause Young (Allocation Failure) 898M->644M(989M) 25,576ms
[762,910s][info][gc] GC(2740) Pause Young (Allocation Failure) 917M->663M(989M) 40,766ms
[763,061s][info][gc] GC(2741) Pause Young (Allocation Failure) 936M->682M(989M) 40,924ms
[763,174s][info][gc] GC(2742) Pause Young (Allocation Failure) 955M->955M(989M) 0,019ms
[764,075s][info][gc] GC(2743) Pause Full (Allocation Failure) 955M->624M(989M) 900,631ms
[764,209s][info][gc] GC(2744) Pause Young (Allocation Failure) 898M->644M(989M) 25,570ms
[764,362s][info][gc] GC(2745) Pause Young (Allocation Failure) 917M->663M(989M) 40,558ms
[764,511s][info][gc] GC(2746) Pause Young (Allocation Failure) 936M->682M(989M) 40,441ms
[764,620s][info][gc] GC(2747) Pause Young (Allocation Failure) 955M->955M(989M) 0,029ms
[765,525s][info][gc] GC(2748) Pause Full (Allocation Failure) 955M->624M(989M) 904,893ms
[765,660s][info][gc] GC(2749) Pause Young (Allocation Failure) 898M->644M(989M) 25,653ms
[765,812s][info][gc] GC(2750) Pause Young (Allocation Failure) 917M->663M(989M) 40,522ms
[765,961s][info][gc] GC(2751) Pause Young (Allocation Failure) 936M->682M(989M) 40,533ms
[766,070s][info][gc] GC(2752) Pause Young (Allocation Failure) 955M->955M(989M) 0,032ms
[766,983s][info][gc] GC(2753) Pause Full (Allocation Failure) 955M->590M(989M) 912,204ms
[767,118s][info][gc] GC(2754) Pause Young (Allocation Failure) 863M->610M(989M) 26,185ms
[767,271s][info][gc] GC(2755) Pause Young (Allocation Failure) 883M->629M(989M) 40,955ms
[767,420s][info][gc] GC(2756) Pause Young (Allocation Failure) 902M->648M(989M) 40,816ms
[767,571s][info][gc] GC(2757) Pause Young (Allocation Failure) 921M->667M(989M) 41,108ms
[767,680s][info][gc] GC(2758) Pause Young (Allocation Failure) 940M->940M(989M) 0,029ms
[768,549s][info][gc] GC(2759) Pause Full (Allocation Failure) 940M->624M(989M) 869,664ms
[768,685s][info][gc] GC(2760) Pause Young (Allocation Failure) 898M->644M(989M) 26,954ms
[768,842s][info][gc] GC(2761) Pause Young (Allocation Failure) 917M->663M(989M) 41,016ms
[768,992s][info][gc] GC(2762) Pause Young (Allocation Failure) 936M->682M(989M) 40,719ms
[769,100s][info][gc] GC(2763) Pause Young (Allocation Failure) 955M->955M(989M) 0,054ms
[769,994s][info][gc] GC(2764) Pause Full (Allocation Failure) 955M->624M(989M) 893,522ms
[770,128s][info][gc] GC(2765) Pause Young (Allocation Failure) 898M->644M(989M) 25,683ms
[770,281s][info][gc] GC(2766) Pause Young (Allocation Failure) 917M->663M(989M) 40,728ms
[770,430s][info][gc] GC(2767) Pause Young (Allocation Failure) 936M->682M(989M) 40,537ms
[770,538s][info][gc] GC(2768) Pause Young (Allocation Failure) 955M->955M(989M) 0,031ms
[771,452s][info][gc] GC(2769) Pause Full (Allocation Failure) 955M->624M(989M) 913,848ms
[771,590s][info][gc] GC(2770) Pause Young (Allocation Failure) 898M->644M(989M) 25,642ms
[771,744s][info][gc] GC(2771) Pause Young (Allocation Failure) 917M->663M(989M) 40,907ms
[771,895s][info][gc] GC(2772) Pause Young (Allocation Failure) 936M->682M(989M) 40,509ms
[772,005s][info][gc] GC(2773) Pause Young (Allocation Failure) 955M->955M(989M) 0,097ms
[772,952s][info][gc] GC(2774) Pause Full (Allocation Failure) 955M->590M(989M) 946,154ms
[773,090s][info][gc] GC(2775) Pause Young (Allocation Failure) 863M->610M(989M) 25,626ms
[773,243s][info][gc] GC(2776) Pause Young (Allocation Failure) 883M->629M(989M) 40,542ms
[773,392s][info][gc] GC(2777) Pause Young (Allocation Failure) 902M->648M(989M) 40,412ms
[773,541s][info][gc] GC(2778) Pause Young (Allocation Failure) 921M->667M(989M) 40,693ms
[773,650s][info][gc] GC(2779) Pause Young (Allocation Failure) 940M->940M(989M) 0,031ms
[774,541s][info][gc] GC(2780) Pause Full (Allocation Failure) 940M->624M(989M) 891,354ms
[774,677s][info][gc] GC(2781) Pause Young (Allocation Failure) 898M->644M(989M) 25,894ms
[774,829s][info][gc] GC(2782) Pause Young (Allocation Failure) 917M->663M(989M) 40,945ms
[774,979s][info][gc] GC(2783) Pause Young (Allocation Failure) 936M->682M(989M) 40,736ms
[775,088s][info][gc] GC(2784) Pause Young (Allocation Failure) 955M->955M(989M) 0,034ms
[775,987s][info][gc] GC(2785) Pause Full (Allocation Failure) 955M->624M(989M) 898,722ms
[776,121s][info][gc] GC(2786) Pause Young (Allocation Failure) 898M->644M(989M) 25,360ms
[776,277s][info][gc] GC(2787) Pause Young (Allocation Failure) 917M->663M(989M) 41,459ms
[776,428s][info][gc] GC(2788) Pause Young (Allocation Failure) 936M->682M(989M) 40,563ms
[776,538s][info][gc] GC(2789) Pause Young (Allocation Failure) 955M->955M(989M) 0,017ms
[777,450s][info][gc] GC(2790) Pause Full (Allocation Failure) 955M->624M(989M) 912,115ms
[777,584s][info][gc] GC(2791) Pause Young (Allocation Failure) 898M->644M(989M) 25,690ms
[777,736s][info][gc] GC(2792) Pause Young (Allocation Failure) 917M->663M(989M) 40,460ms
[777,886s][info][gc] GC(2793) Pause Young (Allocation Failure) 936M->682M(989M) 40,588ms
[777,995s][info][gc] GC(2794) Pause Young (Allocation Failure) 955M->955M(989M) 0,030ms
[778,912s][info][gc] GC(2795) Pause Full (Allocation Failure) 955M->590M(989M) 917,141ms
[779,047s][info][gc] GC(2796) Pause Young (Allocation Failure) 863M->610M(989M) 25,820ms
[779,200s][info][gc] GC(2797) Pause Young (Allocation Failure) 883M->629M(989M) 41,001ms
[779,350s][info][gc] GC(2798) Pause Young (Allocation Failure) 902M->648M(989M) 41,166ms
[779,499s][info][gc] GC(2799) Pause Young (Allocation Failure) 921M->667M(989M) 40,502ms
[779,608s][info][gc] GC(2800) Pause Young (Allocation Failure) 940M->940M(989M) 0,030ms
[780,480s][info][gc] GC(2801) Pause Full (Allocation Failure) 940M->624M(989M) 872,598ms
[780,618s][info][gc] GC(2802) Pause Young (Allocation Failure) 898M->644M(989M) 28,820ms
[780,774s][info][gc] GC(2803) Pause Young (Allocation Failure) 917M->663M(989M) 41,084ms
[780,924s][info][gc] GC(2804) Pause Young (Allocation Failure) 936M->682M(989M) 40,817ms
[781,032s][info][gc] GC(2805) Pause Young (Allocation Failure) 955M->955M(989M) 0,029ms
[781,946s][info][gc] GC(2806) Pause Full (Allocation Failure) 955M->624M(989M) 913,151ms
[782,082s][info][gc] GC(2807) Pause Young (Allocation Failure) 898M->644M(989M) 25,476ms
[782,234s][info][gc] GC(2808) Pause Young (Allocation Failure) 917M->663M(989M) 40,513ms
[782,383s][info][gc] GC(2809) Pause Young (Allocation Failure) 936M->682M(989M) 40,514ms
[782,499s][info][gc] GC(2810) Pause Young (Allocation Failure) 955M->955M(989M) 0,033ms
[783,392s][info][gc] GC(2811) Pause Full (Allocation Failure) 955M->624M(989M) 892,765ms
[783,529s][info][gc] GC(2812) Pause Young (Allocation Failure) 898M->644M(989M) 25,220ms
[783,681s][info][gc] GC(2813) Pause Young (Allocation Failure) 917M->663M(989M) 39,980ms
[783,829s][info][gc] GC(2814) Pause Young (Allocation Failure) 936M->682M(989M) 38,808ms
[783,938s][info][gc] GC(2815) Pause Young (Allocation Failure) 955M->955M(989M) 0,035ms
[784,845s][info][gc] GC(2816) Pause Full (Allocation Failure) 955M->590M(989M) 906,342ms
[784,979s][info][gc] GC(2817) Pause Young (Allocation Failure) 863M->610M(989M) 25,547ms
[785,132s][info][gc] GC(2818) Pause Young (Allocation Failure) 883M->629M(989M) 40,755ms
[785,282s][info][gc] GC(2819) Pause Young (Allocation Failure) 902M->648M(989M) 40,674ms
[785,442s][info][gc] GC(2820) Pause Young (Allocation Failure) 921M->667M(989M) 48,906ms
[785,574s][info][gc] GC(2821) Pause Young (Allocation Failure) 940M->940M(989M) 0,022ms
[786,489s][info][gc] GC(2822) Pause Full (Allocation Failure) 940M->624M(989M) 915,109ms
[786,624s][info][gc] GC(2823) Pause Young (Allocation Failure) 898M->644M(989M) 25,731ms
[786,776s][info][gc] GC(2824) Pause Young (Allocation Failure) 917M->663M(989M) 40,496ms
[786,926s][info][gc] GC(2825) Pause Young (Allocation Failure) 936M->682M(989M) 40,672ms
[787,035s][info][gc] GC(2826) Pause Young (Allocation Failure) 955M->955M(989M) 0,030ms
[787,934s][info][gc] GC(2827) Pause Full (Allocation Failure) 955M->624M(989M) 899,477ms
[788,068s][info][gc] GC(2828) Pause Young (Allocation Failure) 898M->644M(989M) 25,661ms
[788,221s][info][gc] GC(2829) Pause Young (Allocation Failure) 917M->663M(989M) 40,775ms
[788,370s][info][gc] GC(2830) Pause Young (Allocation Failure) 936M->682M(989M) 40,652ms
[788,479s][info][gc] GC(2831) Pause Young (Allocation Failure) 955M->955M(989M) 0,029ms
[789,390s][info][gc] GC(2832) Pause Full (Allocation Failure) 955M->624M(989M) 910,797ms
[789,524s][info][gc] GC(2833) Pause Young (Allocation Failure) 898M->644M(989M) 25,401ms
[789,676s][info][gc] GC(2834) Pause Young (Allocation Failure) 917M->663M(989M) 40,585ms
[789,826s][info][gc] GC(2835) Pause Young (Allocation Failure) 936M->682M(989M) 40,540ms
[789,935s][info][gc] GC(2836) Pause Young (Allocation Failure) 955M->955M(989M) 0,029ms
[790,867s][info][gc] GC(2837) Pause Full (Allocation Failure) 955M->590M(989M) 931,423ms
[791,001s][info][gc] GC(2838) Pause Young (Allocation Failure) 863M->610M(989M) 25,564ms
[791,154s][info][gc] GC(2839) Pause Young (Allocation Failure) 883M->629M(989M) 40,696ms
[791,303s][info][gc] GC(2840) Pause Young (Allocation Failure) 902M->648M(989M) 40,520ms
[791,453s][info][gc] GC(2841) Pause Young (Allocation Failure) 921M->667M(989M) 40,518ms
[791,563s][info][gc] GC(2842) Pause Young (Allocation Failure) 940M->940M(989M) 0,017ms
[792,442s][info][gc] GC(2843) Pause Full (Allocation Failure) 940M->624M(989M) 879,611ms
[792,591s][info][gc] GC(2844) Pause Young (Allocation Failure) 898M->644M(989M) 26,690ms
[792,755s][info][gc] GC(2845) Pause Young (Allocation Failure) 917M->663M(989M) 42,449ms
[792,918s][info][gc] GC(2846) Pause Young (Allocation Failure) 936M->682M(989M) 42,412ms
[793,039s][info][gc] GC(2847) Pause Young (Allocation Failure) 955M->955M(989M) 0,034ms
[793,982s][info][gc] GC(2848) Pause Full (Allocation Failure) 955M->624M(989M) 942,896ms
[794,119s][info][gc] GC(2849) Pause Young (Allocation Failure) 898M->644M(989M) 25,946ms
[794,277s][info][gc] GC(2850) Pause Young (Allocation Failure) 917M->663M(989M) 45,926ms
[794,428s][info][gc] GC(2851) Pause Young (Allocation Failure) 936M->682M(989M) 40,614ms
[794,538s][info][gc] GC(2852) Pause Young (Allocation Failure) 955M->955M(989M) 0,030ms
[795,483s][info][gc] GC(2853) Pause Full (Allocation Failure) 955M->624M(989M) 944,383ms
[795,620s][info][gc] GC(2854) Pause Young (Allocation Failure) 898M->644M(989M) 26,975ms
[795,777s][info][gc] GC(2855) Pause Young (Allocation Failure) 917M->663M(989M) 41,230ms
[795,928s][info][gc] GC(2856) Pause Young (Allocation Failure) 936M->682M(989M) 40,615ms
[796,039s][info][gc] GC(2857) Pause Young (Allocation Failure) 955M->955M(989M) 0,020ms
[796,989s][info][gc] GC(2858) Pause Full (Allocation Failure) 955M->590M(989M) 949,277ms
[797,124s][info][gc] GC(2859) Pause Young (Allocation Failure) 863M->610M(989M) 25,574ms
[797,278s][info][gc] GC(2860) Pause Young (Allocation Failure) 883M->629M(989M) 40,843ms
[797,428s][info][gc] GC(2861) Pause Young (Allocation Failure) 902M->648M(989M) 41,017ms
[797,581s][info][gc] GC(2862) Pause Young (Allocation Failure) 921M->667M(989M) 41,117ms
[797,690s][info][gc] GC(2863) Pause Young (Allocation Failure) 940M->940M(989M) 0,030ms
[798,572s][info][gc] GC(2864) Pause Full (Allocation Failure) 940M->624M(989M) 882,268ms
[798,708s][info][gc] GC(2865) Pause Young (Allocation Failure) 898M->644M(989M) 26,049ms
[798,862s][info][gc] GC(2866) Pause Young (Allocation Failure) 917M->663M(989M) 40,697ms
[799,013s][info][gc] GC(2867) Pause Young (Allocation Failure) 936M->682M(989M) 40,841ms
[799,122s][info][gc] GC(2868) Pause Young (Allocation Failure) 955M->955M(989M) 0,032ms
[800,022s][info][gc] GC(2869) Pause Full (Allocation Failure) 955M->624M(989M) 899,081ms
[800,159s][info][gc] GC(2870) Pause Young (Allocation Failure) 898M->644M(989M) 28,055ms
[800,313s][info][gc] GC(2871) Pause Young (Allocation Failure) 917M->663M(989M) 40,729ms
[800,463s][info][gc] GC(2872) Pause Young (Allocation Failure) 936M->682M(989M) 40,534ms
[800,572s][info][gc] GC(2873) Pause Young (Allocation Failure) 955M->955M(989M) 0,029ms
[801,480s][info][gc] GC(2874) Pause Full (Allocation Failure) 955M->624M(989M) 908,185ms
[801,616s][info][gc] GC(2875) Pause Young (Allocation Failure) 898M->644M(989M) 25,398ms
[801,773s][info][gc] GC(2876) Pause Young (Allocation Failure) 917M->663M(989M) 41,445ms
[801,930s][info][gc] GC(2877) Pause Young (Allocation Failure) 936M->682M(989M) 41,006ms
[802,039s][info][gc] GC(2878) Pause Young (Allocation Failure) 955M->955M(989M) 0,030ms
[802,959s][info][gc] GC(2879) Pause Full (Allocation Failure) 955M->590M(989M) 919,173ms
[803,093s][info][gc] GC(2880) Pause Young (Allocation Failure) 863M->610M(989M) 25,800ms
[803,245s][info][gc] GC(2881) Pause Young (Allocation Failure) 883M->629M(989M) 40,828ms
[803,396s][info][gc] GC(2882) Pause Young (Allocation Failure) 902M->648M(989M) 41,337ms
[803,545s][info][gc] GC(2883) Pause Young (Allocation Failure) 921M->667M(989M) 40,854ms
[803,654s][info][gc] GC(2884) Pause Young (Allocation Failure) 940M->940M(989M) 0,029ms
[804,542s][info][gc] GC(2885) Pause Full (Allocation Failure) 940M->624M(989M) 887,889ms
[804,677s][info][gc] GC(2886) Pause Young (Allocation Failure) 898M->644M(989M) 25,922ms
[804,829s][info][gc] GC(2887) Pause Young (Allocation Failure) 917M->663M(989M) 40,437ms
[804,978s][info][gc] GC(2888) Pause Young (Allocation Failure) 936M->682M(989M) 40,551ms
[805,087s][info][gc] GC(2889) Pause Young (Allocation Failure) 955M->955M(989M) 0,056ms
[805,984s][info][gc] GC(2890) Pause Full (Allocation Failure) 955M->624M(989M) 897,577ms
[806,120s][info][gc] GC(2891) Pause Young (Allocation Failure) 898M->644M(989M) 25,567ms
[806,272s][info][gc] GC(2892) Pause Young (Allocation Failure) 917M->663M(989M) 40,502ms
[806,422s][info][gc] GC(2893) Pause Young (Allocation Failure) 936M->682M(989M) 40,787ms
[806,534s][info][gc] GC(2894) Pause Young (Allocation Failure) 955M->955M(989M) 0,018ms
[807,443s][info][gc] GC(2895) Pause Full (Allocation Failure) 955M->624M(989M) 909,720ms
[807,577s][info][gc] GC(2896) Pause Young (Allocation Failure) 898M->644M(989M) 25,560ms
[807,735s][info][gc] GC(2897) Pause Young (Allocation Failure) 917M->663M(989M) 45,752ms
[807,886s][info][gc] GC(2898) Pause Young (Allocation Failure) 936M->682M(989M) 40,462ms
[807,998s][info][gc] GC(2899) Pause Young (Allocation Failure) 955M->955M(989M) 0,055ms
[808,918s][info][gc] GC(2900) Pause Full (Allocation Failure) 955M->590M(989M) 919,888ms
[809,052s][info][gc] GC(2901) Pause Young (Allocation Failure) 863M->610M(989M) 25,585ms
[809,206s][info][gc] GC(2902) Pause Young (Allocation Failure) 883M->629M(989M) 41,108ms
[809,356s][info][gc] GC(2903) Pause Young (Allocation Failure) 902M->648M(989M) 40,711ms
[809,508s][info][gc] GC(2904) Pause Young (Allocation Failure) 921M->667M(989M) 41,378ms
[809,626s][info][gc] GC(2905) Pause Young (Allocation Failure) 940M->940M(989M) 0,023ms
[810,521s][info][gc] GC(2906) Pause Full (Allocation Failure) 940M->624M(989M) 895,264ms
[810,661s][info][gc] GC(2907) Pause Young (Allocation Failure) 898M->644M(989M) 30,414ms
[810,823s][info][gc] GC(2908) Pause Young (Allocation Failure) 917M->663M(989M) 46,396ms
[810,976s][info][gc] GC(2909) Pause Young (Allocation Failure) 936M->682M(989M) 40,697ms
[811,086s][info][gc] GC(2910) Pause Young (Allocation Failure) 955M->955M(989M) 0,036ms
[812,001s][info][gc] GC(2911) Pause Full (Allocation Failure) 955M->624M(989M) 914,892ms
[812,136s][info][gc] GC(2912) Pause Young (Allocation Failure) 898M->644M(989M) 25,523ms
[812,289s][info][gc] GC(2913) Pause Young (Allocation Failure) 917M->663M(989M) 40,685ms
[812,439s][info][gc] GC(2914) Pause Young (Allocation Failure) 936M->682M(989M) 40,668ms
[812,548s][info][gc] GC(2915) Pause Young (Allocation Failure) 955M->955M(989M) 0,029ms
[813,481s][info][gc] GC(2916) Pause Full (Allocation Failure) 955M->624M(989M) 932,987ms
[813,617s][info][gc] GC(2917) Pause Young (Allocation Failure) 898M->644M(989M) 25,755ms
[813,771s][info][gc] GC(2918) Pause Young (Allocation Failure) 917M->663M(989M) 40,662ms
[813,921s][info][gc] GC(2919) Pause Young (Allocation Failure) 936M->682M(989M) 40,631ms
[814,030s][info][gc] GC(2920) Pause Young (Allocation Failure) 955M->955M(989M) 0,034ms
[814,951s][info][gc] GC(2921) Pause Full (Allocation Failure) 955M->590M(989M) 921,664ms
[815,086s][info][gc] GC(2922) Pause Young (Allocation Failure) 863M->610M(989M) 25,836ms
[815,238s][info][gc] GC(2923) Pause Young (Allocation Failure) 883M->629M(989M) 40,440ms
[815,388s][info][gc] GC(2924) Pause Young (Allocation Failure) 902M->648M(989M) 41,230ms
[815,562s][info][gc] GC(2925) Pause Young (Allocation Failure) 921M->667M(989M) 41,494ms
[815,672s][info][gc] GC(2926) Pause Young (Allocation Failure) 940M->940M(989M) 0,030ms
[816,539s][info][gc] GC(2927) Pause Full (Allocation Failure) 940M->624M(989M) 867,806ms
[816,674s][info][gc] GC(2928) Pause Young (Allocation Failure) 898M->644M(989M) 25,421ms
[816,826s][info][gc] GC(2929) Pause Young (Allocation Failure) 917M->663M(989M) 40,539ms
[816,978s][info][gc] GC(2930) Pause Young (Allocation Failure) 936M->682M(989M) 40,980ms
[817,088s][info][gc] GC(2931) Pause Young (Allocation Failure) 955M->955M(989M) 0,031ms
[817,981s][info][gc] GC(2932) Pause Full (Allocation Failure) 955M->624M(989M) 893,052ms
[818,116s][info][gc] GC(2933) Pause Young (Allocation Failure) 898M->644M(989M) 25,523ms
[818,268s][info][gc] GC(2934) Pause Young (Allocation Failure) 917M->663M(989M) 40,644ms
[818,417s][info][gc] GC(2935) Pause Young (Allocation Failure) 936M->682M(989M) 40,496ms
[818,526s][info][gc] GC(2936) Pause Young (Allocation Failure) 955M->955M(989M) 0,029ms
[819,424s][info][gc] GC(2937) Pause Full (Allocation Failure) 955M->624M(989M) 898,182ms
[819,558s][info][gc] GC(2938) Pause Young (Allocation Failure) 898M->644M(989M) 25,334ms
[819,710s][info][gc] GC(2939) Pause Young (Allocation Failure) 917M->663M(989M) 40,487ms
[819,859s][info][gc] GC(2940) Pause Young (Allocation Failure) 936M->682M(989M) 40,400ms
[819,969s][info][gc] GC(2941) Pause Young (Allocation Failure) 955M->955M(989M) 0,036ms
[820,895s][info][gc] GC(2942) Pause Full (Allocation Failure) 955M->590M(989M) 926,501ms
[821,036s][info][gc] GC(2943) Pause Young (Allocation Failure) 863M->610M(989M) 25,392ms
[821,190s][info][gc] GC(2944) Pause Young (Allocation Failure) 883M->629M(989M) 41,133ms
[821,341s][info][gc] GC(2945) Pause Young (Allocation Failure) 902M->648M(989M) 40,815ms
[821,494s][info][gc] GC(2946) Pause Young (Allocation Failure) 921M->667M(989M) 41,800ms
[821,604s][info][gc] GC(2947) Pause Young (Allocation Failure) 940M->940M(989M) 0,017ms
[822,492s][info][gc] GC(2948) Pause Full (Allocation Failure) 940M->624M(989M) 887,280ms
[822,630s][info][gc] GC(2949) Pause Young (Allocation Failure) 898M->644M(989M) 25,894ms
[822,784s][info][gc] GC(2950) Pause Young (Allocation Failure) 917M->663M(989M) 41,057ms
[822,935s][info][gc] GC(2951) Pause Young (Allocation Failure) 936M->682M(989M) 40,748ms
[823,045s][info][gc] GC(2952) Pause Young (Allocation Failure) 955M->955M(989M) 0,030ms
[823,978s][info][gc] GC(2953) Pause Full (Allocation Failure) 955M->624M(989M) 933,404ms
[824,114s][info][gc] GC(2954) Pause Young (Allocation Failure) 898M->644M(989M) 25,899ms
[824,269s][info][gc] GC(2955) Pause Young (Allocation Failure) 917M->663M(989M) 40,632ms
[824,419s][info][gc] GC(2956) Pause Young (Allocation Failure) 936M->682M(989M) 40,688ms
[824,532s][info][gc] GC(2957) Pause Young (Allocation Failure) 955M->955M(989M) 0,024ms
[825,441s][info][gc] GC(2958) Pause Full (Allocation Failure) 955M->624M(989M) 908,706ms
[825,576s][info][gc] GC(2959) Pause Young (Allocation Failure) 898M->644M(989M) 25,521ms
[825,730s][info][gc] GC(2960) Pause Young (Allocation Failure) 917M->663M(989M) 40,661ms
[825,880s][info][gc] GC(2961) Pause Young (Allocation Failure) 936M->682M(989M) 40,783ms
[825,989s][info][gc] GC(2962) Pause Young (Allocation Failure) 955M->955M(989M) 0,029ms
[826,909s][info][gc] GC(2963) Pause Full (Allocation Failure) 955M->590M(989M) 920,328ms
[827,044s][info][gc] GC(2964) Pause Young (Allocation Failure) 863M->610M(989M) 25,640ms
[827,196s][info][gc] GC(2965) Pause Young (Allocation Failure) 883M->629M(989M) 40,865ms
[827,346s][info][gc] GC(2966) Pause Young (Allocation Failure) 902M->648M(989M) 40,719ms
[827,495s][info][gc] GC(2967) Pause Young (Allocation Failure) 921M->667M(989M) 40,593ms
[827,604s][info][gc] GC(2968) Pause Young (Allocation Failure) 940M->940M(989M) 0,016ms
[828,475s][info][gc] GC(2969) Pause Full (Allocation Failure) 940M->624M(989M) 870,601ms
[828,609s][info][gc] GC(2970) Pause Young (Allocation Failure) 898M->644M(989M) 25,441ms
[828,767s][info][gc] GC(2971) Pause Young (Allocation Failure) 917M->663M(989M) 45,902ms
[828,919s][info][gc] GC(2972) Pause Young (Allocation Failure) 936M->682M(989M) 40,885ms
[829,028s][info][gc] GC(2973) Pause Young (Allocation Failure) 955M->955M(989M) 0,035ms
[829,927s][info][gc] GC(2974) Pause Full (Allocation Failure) 955M->624M(989M) 899,655ms
[830,062s][info][gc] GC(2975) Pause Young (Allocation Failure) 898M->644M(989M) 25,772ms
[830,216s][info][gc] GC(2976) Pause Young (Allocation Failure) 917M->663M(989M) 40,900ms
[830,366s][info][gc] GC(2977) Pause Young (Allocation Failure) 936M->682M(989M) 40,795ms
[830,476s][info][gc] GC(2978) Pause Young (Allocation Failure) 955M->955M(989M) 0,017ms
[831,401s][info][gc] GC(2979) Pause Full (Allocation Failure) 955M->624M(989M) 925,011ms
[831,537s][info][gc] GC(2980) Pause Young (Allocation Failure) 898M->644M(989M) 25,529ms
[831,691s][info][gc] GC(2981) Pause Young (Allocation Failure) 917M->663M(989M) 40,794ms
[831,841s][info][gc] GC(2982) Pause Young (Allocation Failure) 936M->682M(989M) 40,549ms
[831,949s][info][gc] GC(2983) Pause Young (Allocation Failure) 955M->955M(989M) 0,030ms
[832,869s][info][gc] GC(2984) Pause Full (Allocation Failure) 955M->590M(989M) 919,207ms
[833,005s][info][gc] GC(2985) Pause Young (Allocation Failure) 863M->610M(989M) 26,288ms
[833,160s][info][gc] GC(2986) Pause Young (Allocation Failure) 883M->629M(989M) 41,250ms
[833,310s][info][gc] GC(2987) Pause Young (Allocation Failure) 902M->648M(989M) 40,830ms
[833,460s][info][gc] GC(2988) Pause Young (Allocation Failure) 921M->667M(989M) 40,944ms
[833,569s][info][gc] GC(2989) Pause Young (Allocation Failure) 940M->940M(989M) 0,035ms
[834,449s][info][gc] GC(2990) Pause Full (Allocation Failure) 940M->624M(989M) 880,488ms
[834,584s][info][gc] GC(2991) Pause Young (Allocation Failure) 898M->644M(989M) 25,581ms
[834,738s][info][gc] GC(2992) Pause Young (Allocation Failure) 917M->663M(989M) 41,172ms
[834,889s][info][gc] GC(2993) Pause Young (Allocation Failure) 936M->682M(989M) 40,935ms
[834,999s][info][gc] GC(2994) Pause Young (Allocation Failure) 955M->955M(989M) 0,031ms
[835,896s][info][gc] GC(2995) Pause Full (Allocation Failure) 955M->624M(989M) 897,317ms
[836,032s][info][gc] GC(2996) Pause Young (Allocation Failure) 898M->644M(989M) 25,551ms
[836,185s][info][gc] GC(2997) Pause Young (Allocation Failure) 917M->663M(989M) 40,705ms
[836,335s][info][gc] GC(2998) Pause Young (Allocation Failure) 936M->682M(989M) 40,682ms
[836,444s][info][gc] GC(2999) Pause Young (Allocation Failure) 955M->955M(989M) 0,029ms
[837,342s][info][gc] GC(3000) Pause Full (Allocation Failure) 955M->624M(989M) 898,612ms
[837,482s][info][gc] GC(3001) Pause Young (Allocation Failure) 898M->644M(989M) 30,407ms
[837,638s][info][gc] GC(3002) Pause Young (Allocation Failure) 917M->663M(989M) 41,051ms
[837,788s][info][gc] GC(3003) Pause Young (Allocation Failure) 936M->682M(989M) 40,861ms
[837,905s][info][gc] GC(3004) Pause Young (Allocation Failure) 955M->955M(989M) 0,021ms
[838,832s][info][gc] GC(3005) Pause Full (Allocation Failure) 955M->590M(989M) 927,250ms
[838,975s][info][gc] GC(3006) Pause Young (Allocation Failure) 863M->610M(989M) 25,602ms
[839,127s][info][gc] GC(3007) Pause Young (Allocation Failure) 883M->629M(989M) 40,543ms
[839,278s][info][gc] GC(3008) Pause Young (Allocation Failure) 902M->648M(989M) 40,816ms
[839,428s][info][gc] GC(3009) Pause Young (Allocation Failure) 921M->667M(989M) 40,372ms
[839,536s][info][gc] GC(3010) Pause Young (Allocation Failure) 940M->940M(989M) 0,015ms
[840,405s][info][gc] GC(3011) Pause Full (Allocation Failure) 940M->624M(989M) 868,480ms
[840,539s][info][gc] GC(3012) Pause Young (Allocation Failure) 898M->644M(989M) 25,488ms
[840,691s][info][gc] GC(3013) Pause Young (Allocation Failure) 917M->663M(989M) 40,620ms
[840,840s][info][gc] GC(3014) Pause Young (Allocation Failure) 936M->682M(989M) 40,415ms
[840,948s][info][gc] GC(3015) Pause Young (Allocation Failure) 955M->955M(989M) 0,015ms
[841,842s][info][gc] GC(3016) Pause Full (Allocation Failure) 955M->624M(989M) 894,016ms
[841,976s][info][gc] GC(3017) Pause Young (Allocation Failure) 898M->644M(989M) 25,565ms
[842,129s][info][gc] GC(3018) Pause Young (Allocation Failure) 917M->663M(989M) 40,554ms
[842,278s][info][gc] GC(3019) Pause Young (Allocation Failure) 936M->682M(989M) 40,792ms
[842,391s][info][gc] GC(3020) Pause Young (Allocation Failure) 955M->955M(989M) 0,020ms
[843,300s][info][gc] GC(3021) Pause Full (Allocation Failure) 955M->624M(989M) 908,937ms
[843,436s][info][gc] GC(3022) Pause Young (Allocation Failure) 898M->644M(989M) 25,597ms
[843,588s][info][gc] GC(3023) Pause Young (Allocation Failure) 917M->663M(989M) 40,717ms
[843,740s][info][gc] GC(3024) Pause Young (Allocation Failure) 936M->682M(989M) 40,922ms
[843,851s][info][gc] GC(3025) Pause Young (Allocation Failure) 955M->955M(989M) 0,030ms
[844,793s][info][gc] GC(3026) Pause Full (Allocation Failure) 955M->590M(989M) 941,716ms
[844,932s][info][gc] GC(3027) Pause Young (Allocation Failure) 863M->610M(989M) 29,642ms
[845,087s][info][gc] GC(3028) Pause Young (Allocation Failure) 883M->629M(989M) 40,728ms
[845,239s][info][gc] GC(3029) Pause Young (Allocation Failure) 902M->648M(989M) 40,810ms
[845,390s][info][gc] GC(3030) Pause Young (Allocation Failure) 921M->667M(989M) 41,696ms
[845,522s][info][gc] GC(3031) Pause Young (Allocation Failure) 940M->940M(989M) 0,036ms
[846,391s][info][gc] GC(3032) Pause Full (Allocation Failure) 940M->624M(989M) 869,134ms
[846,526s][info][gc] GC(3033) Pause Young (Allocation Failure) 898M->644M(989M) 25,938ms
[846,679s][info][gc] GC(3034) Pause Young (Allocation Failure) 917M->663M(989M) 41,155ms
[846,829s][info][gc] GC(3035) Pause Young (Allocation Failure) 936M->682M(989M) 40,778ms
[846,938s][info][gc] GC(3036) Pause Young (Allocation Failure) 955M->955M(989M) 0,146ms
[847,845s][info][gc] GC(3037) Pause Full (Allocation Failure) 955M->624M(989M) 907,202ms
[847,980s][info][gc] GC(3038) Pause Young (Allocation Failure) 898M->644M(989M) 25,791ms
[848,133s][info][gc] GC(3039) Pause Young (Allocation Failure) 917M->663M(989M) 40,618ms
[848,284s][info][gc] GC(3040) Pause Young (Allocation Failure) 936M->682M(989M) 40,891ms
[848,394s][info][gc] GC(3041) Pause Young (Allocation Failure) 955M->955M(989M) 0,030ms
[849,308s][info][gc] GC(3042) Pause Full (Allocation Failure) 955M->624M(989M) 913,552ms
[849,443s][info][gc] GC(3043) Pause Young (Allocation Failure) 898M->644M(989M) 25,806ms
[849,595s][info][gc] GC(3044) Pause Young (Allocation Failure) 917M->663M(989M) 40,866ms
[849,745s][info][gc] GC(3045) Pause Young (Allocation Failure) 936M->682M(989M) 41,041ms
[849,855s][info][gc] GC(3046) Pause Young (Allocation Failure) 955M->955M(989M) 0,031ms
[850,784s][info][gc] GC(3047) Pause Full (Allocation Failure) 955M->590M(989M) 928,482ms
[850,919s][info][gc] GC(3048) Pause Young (Allocation Failure) 863M->610M(989M) 25,770ms
[851,075s][info][gc] GC(3049) Pause Young (Allocation Failure) 883M->629M(989M) 44,000ms
[851,227s][info][gc] GC(3050) Pause Young (Allocation Failure) 902M->648M(989M) 40,835ms
[851,379s][info][gc] GC(3051) Pause Young (Allocation Failure) 921M->667M(989M) 40,734ms
[851,493s][info][gc] GC(3052) Pause Young (Allocation Failure) 940M->940M(989M) 0,022ms
[852,363s][info][gc] GC(3053) Pause Full (Allocation Failure) 940M->624M(989M) 869,857ms
[852,498s][info][gc] GC(3054) Pause Young (Allocation Failure) 898M->644M(989M) 26,154ms
[852,651s][info][gc] GC(3055) Pause Young (Allocation Failure) 917M->663M(989M) 40,623ms
[852,807s][info][gc] GC(3056) Pause Young (Allocation Failure) 936M->682M(989M) 46,242ms
[852,919s][info][gc] GC(3057) Pause Young (Allocation Failure) 955M->955M(989M) 0,016ms
[853,830s][info][gc] GC(3058) Pause Full (Allocation Failure) 955M->624M(989M) 910,542ms
[853,964s][info][gc] GC(3059) Pause Young (Allocation Failure) 898M->644M(989M) 25,869ms
[854,117s][info][gc] GC(3060) Pause Young (Allocation Failure) 917M->663M(989M) 40,525ms
[854,272s][info][gc] GC(3061) Pause Young (Allocation Failure) 936M->682M(989M) 41,837ms
[854,391s][info][gc] GC(3062) Pause Young (Allocation Failure) 955M->955M(989M) 0,021ms
[855,309s][info][gc] GC(3063) Pause Full (Allocation Failure) 955M->624M(989M) 918,258ms
[855,453s][info][gc] GC(3064) Pause Young (Allocation Failure) 898M->644M(989M) 27,734ms
[855,608s][info][gc] GC(3065) Pause Young (Allocation Failure) 917M->663M(989M) 40,904ms
[855,759s][info][gc] GC(3066) Pause Young (Allocation Failure) 936M->682M(989M) 40,689ms
[855,868s][info][gc] GC(3067) Pause Young (Allocation Failure) 955M->955M(989M) 0,030ms
[856,799s][info][gc] GC(3068) Pause Full (Allocation Failure) 955M->590M(989M) 930,849ms
[856,934s][info][gc] GC(3069) Pause Young (Allocation Failure) 863M->610M(989M) 26,649ms
[857,086s][info][gc] GC(3070) Pause Young (Allocation Failure) 883M->629M(989M) 40,579ms
[857,236s][info][gc] GC(3071) Pause Young (Allocation Failure) 902M->648M(989M) 40,618ms
[857,386s][info][gc] GC(3072) Pause Young (Allocation Failure) 921M->667M(989M) 40,569ms
[857,495s][info][gc] GC(3073) Pause Young (Allocation Failure) 940M->940M(989M) 0,029ms
[858,386s][info][gc] GC(3074) Pause Full (Allocation Failure) 940M->624M(989M) 891,730ms
[858,532s][info][gc] GC(3075) Pause Young (Allocation Failure) 898M->644M(989M) 25,748ms
[858,685s][info][gc] GC(3076) Pause Young (Allocation Failure) 917M->663M(989M) 40,617ms
[858,840s][info][gc] GC(3077) Pause Young (Allocation Failure) 936M->682M(989M) 46,154ms
[858,952s][info][gc] GC(3078) Pause Young (Allocation Failure) 955M->955M(989M) 0,032ms
[859,857s][info][gc] GC(3079) Pause Full (Allocation Failure) 955M->624M(989M) 905,747ms
[859,993s][info][gc] GC(3080) Pause Young (Allocation Failure) 898M->644M(989M) 25,925ms
[860,147s][info][gc] GC(3081) Pause Young (Allocation Failure) 917M->663M(989M) 41,013ms
[860,300s][info][gc] GC(3082) Pause Young (Allocation Failure) 936M->682M(989M) 41,153ms
[860,410s][info][gc] GC(3083) Pause Young (Allocation Failure) 955M->955M(989M) 0,030ms
[861,330s][info][gc] GC(3084) Pause Full (Allocation Failure) 955M->624M(989M) 920,192ms
[861,475s][info][gc] GC(3085) Pause Young (Allocation Failure) 898M->644M(989M) 25,975ms
[861,633s][info][gc] GC(3086) Pause Young (Allocation Failure) 917M->663M(989M) 41,070ms
[861,784s][info][gc] GC(3087) Pause Young (Allocation Failure) 936M->682M(989M) 40,579ms
[861,893s][info][gc] GC(3088) Pause Young (Allocation Failure) 955M->955M(989M) 0,029ms
[862,826s][info][gc] GC(3089) Pause Full (Allocation Failure) 955M->590M(989M) 932,310ms
[862,960s][info][gc] GC(3090) Pause Young (Allocation Failure) 863M->610M(989M) 25,993ms
[863,113s][info][gc] GC(3091) Pause Young (Allocation Failure) 883M->629M(989M) 40,876ms
[863,264s][info][gc] GC(3092) Pause Young (Allocation Failure) 902M->648M(989M) 41,748ms
[863,417s][info][gc] GC(3093) Pause Young (Allocation Failure) 921M->667M(989M) 40,793ms
[863,526s][info][gc] GC(3094) Pause Young (Allocation Failure) 940M->940M(989M) 0,028ms
[864,404s][info][gc] GC(3095) Pause Full (Allocation Failure) 940M->624M(989M) 877,775ms
[864,540s][info][gc] GC(3096) Pause Young (Allocation Failure) 898M->644M(989M) 25,945ms
[864,693s][info][gc] GC(3097) Pause Young (Allocation Failure) 917M->663M(989M) 40,822ms
[864,843s][info][gc] GC(3098) Pause Young (Allocation Failure) 936M->682M(989M) 40,907ms
[864,951s][info][gc] GC(3099) Pause Young (Allocation Failure) 955M->955M(989M) 0,029ms
[865,853s][info][gc] GC(3100) Pause Full (Allocation Failure) 955M->624M(989M) 901,696ms
[865,988s][info][gc] GC(3101) Pause Young (Allocation Failure) 898M->644M(989M) 25,580ms
[866,140s][info][gc] GC(3102) Pause Young (Allocation Failure) 917M->663M(989M) 40,666ms
[866,295s][info][gc] GC(3103) Pause Young (Allocation Failure) 936M->682M(989M) 45,609ms
[866,405s][info][gc] GC(3104) Pause Young (Allocation Failure) 955M->955M(989M) 0,015ms
[867,371s][info][gc] GC(3105) Pause Full (Allocation Failure) 955M->624M(989M) 965,698ms
[867,506s][info][gc] GC(3106) Pause Young (Allocation Failure) 898M->644M(989M) 25,914ms
[867,659s][info][gc] GC(3107) Pause Young (Allocation Failure) 917M->663M(989M) 40,853ms
[867,808s][info][gc] GC(3108) Pause Young (Allocation Failure) 936M->682M(989M) 40,871ms
[867,917s][info][gc] GC(3109) Pause Young (Allocation Failure) 955M->955M(989M) 0,016ms
[868,852s][info][gc] GC(3110) Pause Full (Allocation Failure) 955M->590M(989M) 935,132ms
[868,986s][info][gc] GC(3111) Pause Young (Allocation Failure) 863M->610M(989M) 25,303ms
[869,139s][info][gc] GC(3112) Pause Young (Allocation Failure) 883M->629M(989M) 40,736ms
[869,289s][info][gc] GC(3113) Pause Young (Allocation Failure) 902M->648M(989M) 40,486ms
[869,441s][info][gc] GC(3114) Pause Young (Allocation Failure) 921M->667M(989M) 41,451ms
[869,550s][info][gc] GC(3115) Pause Young (Allocation Failure) 940M->940M(989M) 0,030ms
[870,437s][info][gc] GC(3116) Pause Full (Allocation Failure) 940M->624M(989M) 886,748ms
[870,571s][info][gc] GC(3117) Pause Young (Allocation Failure) 898M->644M(989M) 25,439ms
[870,724s][info][gc] GC(3118) Pause Young (Allocation Failure) 917M->663M(989M) 40,801ms
[870,873s][info][gc] GC(3119) Pause Young (Allocation Failure) 936M->682M(989M) 40,585ms
[870,983s][info][gc] GC(3120) Pause Young (Allocation Failure) 955M->955M(989M) 0,031ms
[871,892s][info][gc] GC(3121) Pause Full (Allocation Failure) 955M->624M(989M) 909,646ms
[872,030s][info][gc] GC(3122) Pause Young (Allocation Failure) 898M->644M(989M) 25,733ms
[872,182s][info][gc] GC(3123) Pause Young (Allocation Failure) 917M->663M(989M) 40,529ms
[872,332s][info][gc] GC(3124) Pause Young (Allocation Failure) 936M->682M(989M) 40,661ms
[872,441s][info][gc] GC(3125) Pause Young (Allocation Failure) 955M->955M(989M) 0,032ms
[873,360s][info][gc] GC(3126) Pause Full (Allocation Failure) 955M->624M(989M) 918,816ms
[873,495s][info][gc] GC(3127) Pause Young (Allocation Failure) 898M->644M(989M) 25,618ms
[873,649s][info][gc] GC(3128) Pause Young (Allocation Failure) 917M->663M(989M) 41,331ms
[873,801s][info][gc] GC(3129) Pause Young (Allocation Failure) 936M->682M(989M) 40,848ms
[873,913s][info][gc] GC(3130) Pause Young (Allocation Failure) 955M->955M(989M) 0,016ms
[874,847s][info][gc] GC(3131) Pause Full (Allocation Failure) 955M->590M(989M) 933,781ms
[874,981s][info][gc] GC(3132) Pause Young (Allocation Failure) 863M->610M(989M) 25,605ms
[875,134s][info][gc] GC(3133) Pause Young (Allocation Failure) 883M->629M(989M) 40,823ms
[875,286s][info][gc] GC(3134) Pause Young (Allocation Failure) 902M->648M(989M) 40,676ms
[875,448s][info][gc] GC(3135) Pause Young (Allocation Failure) 921M->667M(989M) 49,173ms
[875,565s][info][gc] GC(3136) Pause Young (Allocation Failure) 940M->940M(989M) 0,019ms
[876,457s][info][gc] GC(3137) Pause Full (Allocation Failure) 940M->624M(989M) 892,517ms
[876,598s][info][gc] GC(3138) Pause Young (Allocation Failure) 898M->644M(989M) 30,389ms
[876,759s][info][gc] GC(3139) Pause Young (Allocation Failure) 917M->663M(989M) 45,647ms
[876,911s][info][gc] GC(3140) Pause Young (Allocation Failure) 936M->682M(989M) 40,677ms
[877,021s][info][gc] GC(3141) Pause Young (Allocation Failure) 955M->955M(989M) 0,031ms
[877,925s][info][gc] GC(3142) Pause Full (Allocation Failure) 955M->624M(989M) 903,900ms
[878,060s][info][gc] GC(3143) Pause Young (Allocation Failure) 898M->644M(989M) 25,682ms
[878,213s][info][gc] GC(3144) Pause Young (Allocation Failure) 917M->663M(989M) 40,447ms
[878,363s][info][gc] GC(3145) Pause Young (Allocation Failure) 936M->682M(989M) 40,719ms
[878,472s][info][gc] GC(3146) Pause Young (Allocation Failure) 955M->955M(989M) 0,030ms
[879,382s][info][gc] GC(3147) Pause Full (Allocation Failure) 955M->624M(989M) 909,272ms
[879,516s][info][gc] GC(3148) Pause Young (Allocation Failure) 898M->644M(989M) 25,917ms
[879,669s][info][gc] GC(3149) Pause Young (Allocation Failure) 917M->663M(989M) 40,904ms
[879,819s][info][gc] GC(3150) Pause Young (Allocation Failure) 936M->682M(989M) 40,789ms
[879,928s][info][gc] GC(3151) Pause Young (Allocation Failure) 955M->955M(989M) 0,031ms
[880,860s][info][gc] GC(3152) Pause Full (Allocation Failure) 955M->590M(989M) 932,453ms
[880,995s][info][gc] GC(3153) Pause Young (Allocation Failure) 863M->610M(989M) 25,677ms
[881,148s][info][gc] GC(3154) Pause Young (Allocation Failure) 883M->629M(989M) 40,849ms
[881,298s][info][gc] GC(3155) Pause Young (Allocation Failure) 902M->648M(989M) 40,946ms
[881,448s][info][gc] GC(3156) Pause Young (Allocation Failure) 921M->667M(989M) 40,659ms
[881,560s][info][gc] GC(3157) Pause Young (Allocation Failure) 940M->940M(989M) 0,021ms
[882,444s][info][gc] GC(3158) Pause Full (Allocation Failure) 940M->624M(989M) 883,486ms
[882,583s][info][gc] GC(3159) Pause Young (Allocation Failure) 898M->644M(989M) 30,273ms
[882,739s][info][gc] GC(3160) Pause Young (Allocation Failure) 917M->663M(989M) 40,688ms
[882,888s][info][gc] GC(3161) Pause Young (Allocation Failure) 936M->682M(989M) 40,441ms
[882,997s][info][gc] GC(3162) Pause Young (Allocation Failure) 955M->955M(989M) 0,015ms
[883,897s][info][gc] GC(3163) Pause Full (Allocation Failure) 955M->624M(989M) 900,250ms
[884,031s][info][gc] GC(3164) Pause Young (Allocation Failure) 898M->644M(989M) 25,643ms
[884,184s][info][gc] GC(3165) Pause Young (Allocation Failure) 917M->663M(989M) 40,485ms
[884,334s][info][gc] GC(3166) Pause Young (Allocation Failure) 936M->682M(989M) 40,673ms
[884,443s][info][gc] GC(3167) Pause Young (Allocation Failure) 955M->955M(989M) 0,031ms
[885,350s][info][gc] GC(3168) Pause Full (Allocation Failure) 955M->624M(989M) 907,185ms
[885,485s][info][gc] GC(3169) Pause Young (Allocation Failure) 898M->644M(989M) 25,420ms
[885,638s][info][gc] GC(3170) Pause Young (Allocation Failure) 917M->663M(989M) 40,621ms
[885,788s][info][gc] GC(3171) Pause Young (Allocation Failure) 936M->682M(989M) 40,634ms
[885,897s][info][gc] GC(3172) Pause Young (Allocation Failure) 955M->955M(989M) 0,016ms
[886,822s][info][gc] GC(3173) Pause Full (Allocation Failure) 955M->590M(989M) 924,322ms
[886,957s][info][gc] GC(3174) Pause Young (Allocation Failure) 863M->610M(989M) 25,916ms
[887,110s][info][gc] GC(3175) Pause Young (Allocation Failure) 883M->629M(989M) 40,744ms
[887,262s][info][gc] GC(3176) Pause Young (Allocation Failure) 902M->648M(989M) 40,760ms
[887,413s][info][gc] GC(3177) Pause Young (Allocation Failure) 921M->667M(989M) 40,642ms
[887,522s][info][gc] GC(3178) Pause Young (Allocation Failure) 940M->940M(989M) 0,016ms
[888,413s][info][gc] GC(3179) Pause Full (Allocation Failure) 940M->624M(989M) 890,989ms
[888,549s][info][gc] GC(3180) Pause Young (Allocation Failure) 898M->644M(989M) 26,391ms
[888,702s][info][gc] GC(3181) Pause Young (Allocation Failure) 917M->663M(989M) 40,781ms
[888,852s][info][gc] GC(3182) Pause Young (Allocation Failure) 936M->682M(989M) 40,627ms
[888,961s][info][gc] GC(3183) Pause Young (Allocation Failure) 955M->955M(989M) 0,030ms
[889,867s][info][gc] GC(3184) Pause Full (Allocation Failure) 955M->624M(989M) 906,485ms
[890,014s][info][gc] GC(3185) Pause Young (Allocation Failure) 898M->644M(989M) 30,140ms
[890,170s][info][gc] GC(3186) Pause Young (Allocation Failure) 917M->663M(989M) 40,739ms
[890,320s][info][gc] GC(3187) Pause Young (Allocation Failure) 936M->682M(989M) 40,484ms
[890,431s][info][gc] GC(3188) Pause Young (Allocation Failure) 955M->955M(989M) 0,057ms
[891,352s][info][gc] GC(3189) Pause Full (Allocation Failure) 955M->624M(989M) 920,276ms
[891,488s][info][gc] GC(3190) Pause Young (Allocation Failure) 898M->644M(989M) 26,047ms
[891,643s][info][gc] GC(3191) Pause Young (Allocation Failure) 917M->663M(989M) 41,116ms
[891,792s][info][gc] GC(3192) Pause Young (Allocation Failure) 936M->682M(989M) 40,777ms
[891,901s][info][gc] GC(3193) Pause Young (Allocation Failure) 955M->955M(989M) 0,029ms
[892,829s][info][gc] GC(3194) Pause Full (Allocation Failure) 955M->590M(989M) 927,871ms
[892,964s][info][gc] GC(3195) Pause Young (Allocation Failure) 863M->610M(989M) 25,705ms
[893,117s][info][gc] GC(3196) Pause Young (Allocation Failure) 883M->629M(989M) 40,680ms
[893,267s][info][gc] GC(3197) Pause Young (Allocation Failure) 902M->648M(989M) 40,511ms
[893,416s][info][gc] GC(3198) Pause Young (Allocation Failure) 921M->667M(989M) 40,549ms
[893,525s][info][gc] GC(3199) Pause Young (Allocation Failure) 940M->940M(989M) 0,050ms
[894,392s][info][gc] GC(3200) Pause Full (Allocation Failure) 940M->624M(989M) 867,193ms
[894,527s][info][gc] GC(3201) Pause Young (Allocation Failure) 898M->644M(989M) 25,506ms
[894,679s][info][gc] GC(3202) Pause Young (Allocation Failure) 917M->663M(989M) 40,844ms
[894,828s][info][gc] GC(3203) Pause Young (Allocation Failure) 936M->682M(989M) 40,488ms
[894,937s][info][gc] GC(3204) Pause Young (Allocation Failure) 955M->955M(989M) 0,034ms
[895,840s][info][gc] GC(3205) Pause Full (Allocation Failure) 955M->624M(989M) 902,634ms
[895,975s][info][gc] GC(3206) Pause Young (Allocation Failure) 898M->644M(989M) 25,872ms
[896,127s][info][gc] GC(3207) Pause Young (Allocation Failure) 917M->663M(989M) 41,016ms
[896,277s][info][gc] GC(3208) Pause Young (Allocation Failure) 936M->682M(989M) 40,843ms
[896,386s][info][gc] GC(3209) Pause Young (Allocation Failure) 955M->955M(989M) 0,030ms
[897,311s][info][gc] GC(3210) Pause Full (Allocation Failure) 955M->624M(989M) 924,893ms
[897,448s][info][gc] GC(3211) Pause Young (Allocation Failure) 898M->644M(989M) 25,719ms
[897,601s][info][gc] GC(3212) Pause Young (Allocation Failure) 917M->663M(989M) 41,012ms
[897,751s][info][gc] GC(3213) Pause Young (Allocation Failure) 936M->682M(989M) 40,721ms
[897,861s][info][gc] GC(3214) Pause Young (Allocation Failure) 955M->955M(989M) 0,030ms
[898,788s][info][gc] GC(3215) Pause Full (Allocation Failure) 955M->590M(989M) 926,608ms
[898,925s][info][gc] GC(3216) Pause Young (Allocation Failure) 863M->610M(989M) 28,161ms
[899,079s][info][gc] GC(3217) Pause Young (Allocation Failure) 883M->629M(989M) 40,584ms
[899,233s][info][gc] GC(3218) Pause Young (Allocation Failure) 902M->648M(989M) 40,837ms
[899,383s][info][gc] GC(3219) Pause Young (Allocation Failure) 921M->667M(989M) 41,168ms
[899,493s][info][gc] GC(3220) Pause Young (Allocation Failure) 940M->940M(989M) 0,031ms
[900,395s][info][gc] GC(3221) Pause Full (Allocation Failure) 940M->624M(989M) 901,766ms
[900,531s][info][gc] GC(3222) Pause Young (Allocation Failure) 898M->644M(989M) 25,705ms
[900,684s][info][gc] GC(3223) Pause Young (Allocation Failure) 917M->663M(989M) 40,789ms
[900,834s][info][gc] GC(3224) Pause Young (Allocation Failure) 936M->682M(989M) 40,526ms
[900,942s][info][gc] GC(3225) Pause Young (Allocation Failure) 955M->955M(989M) 0,015ms
[901,842s][info][gc] GC(3226) Pause Full (Allocation Failure) 955M->624M(989M) 899,438ms
[901,979s][info][gc] GC(3227) Pause Young (Allocation Failure) 898M->644M(989M) 26,218ms
[902,138s][info][gc] GC(3228) Pause Young (Allocation Failure) 917M->663M(989M) 46,709ms
[902,290s][info][gc] GC(3229) Pause Young (Allocation Failure) 936M->682M(989M) 41,112ms
[902,400s][info][gc] GC(3230) Pause Young (Allocation Failure) 955M->955M(989M) 0,029ms
[903,346s][info][gc] GC(3231) Pause Full (Allocation Failure) 955M->624M(989M) 945,909ms
[903,481s][info][gc] GC(3232) Pause Young (Allocation Failure) 898M->644M(989M) 25,627ms
[903,633s][info][gc] GC(3233) Pause Young (Allocation Failure) 917M->663M(989M) 40,537ms
[903,783s][info][gc] GC(3234) Pause Young (Allocation Failure) 936M->682M(989M) 40,568ms
[903,892s][info][gc] GC(3235) Pause Young (Allocation Failure) 955M->955M(989M) 0,030ms
[904,812s][info][gc] GC(3236) Pause Full (Allocation Failure) 955M->590M(989M) 920,517ms
[904,947s][info][gc] GC(3237) Pause Young (Allocation Failure) 863M->610M(989M) 25,539ms
[905,101s][info][gc] GC(3238) Pause Young (Allocation Failure) 883M->629M(989M) 40,762ms
[905,251s][info][gc] GC(3239) Pause Young (Allocation Failure) 902M->648M(989M) 40,559ms
[905,409s][info][gc] GC(3240) Pause Young (Allocation Failure) 921M->667M(989M) 45,397ms
[905,538s][info][gc] GC(3241) Pause Young (Allocation Failure) 940M->940M(989M) 0,035ms
[906,407s][info][gc] GC(3242) Pause Full (Allocation Failure) 940M->624M(989M) 869,479ms
[906,542s][info][gc] GC(3243) Pause Young (Allocation Failure) 898M->644M(989M) 25,617ms
[906,695s][info][gc] GC(3244) Pause Young (Allocation Failure) 917M->663M(989M) 40,677ms
[906,848s][info][gc] GC(3245) Pause Young (Allocation Failure) 936M->682M(989M) 41,428ms
[906,962s][info][gc] GC(3246) Pause Young (Allocation Failure) 955M->955M(989M) 0,019ms
[907,893s][info][gc] GC(3247) Pause Full (Allocation Failure) 955M->624M(989M) 931,027ms
[908,028s][info][gc] GC(3248) Pause Young (Allocation Failure) 898M->644M(989M) 25,492ms
[908,180s][info][gc] GC(3249) Pause Young (Allocation Failure) 917M->663M(989M) 40,467ms
[908,330s][info][gc] GC(3250) Pause Young (Allocation Failure) 936M->682M(989M) 40,615ms
[908,439s][info][gc] GC(3251) Pause Young (Allocation Failure) 955M->955M(989M) 0,028ms
[909,345s][info][gc] GC(3252) Pause Full (Allocation Failure) 955M->624M(989M) 906,207ms
[909,480s][info][gc] GC(3253) Pause Young (Allocation Failure) 898M->644M(989M) 26,183ms
[909,636s][info][gc] GC(3254) Pause Young (Allocation Failure) 917M->663M(989M) 41,104ms
[909,786s][info][gc] GC(3255) Pause Young (Allocation Failure) 936M->682M(989M) 40,748ms
[909,895s][info][gc] GC(3256) Pause Young (Allocation Failure) 955M->955M(989M) 0,029ms
[910,820s][info][gc] GC(3257) Pause Full (Allocation Failure) 955M->590M(989M) 925,201ms
[910,954s][info][gc] GC(3258) Pause Young (Allocation Failure) 863M->610M(989M) 25,456ms
[911,109s][info][gc] GC(3259) Pause Young (Allocation Failure) 883M->629M(989M) 40,962ms
[911,260s][info][gc] GC(3260) Pause Young (Allocation Failure) 902M->648M(989M) 40,497ms
[911,414s][info][gc] GC(3261) Pause Young (Allocation Failure) 921M->667M(989M) 44,949ms
[911,526s][info][gc] GC(3262) Pause Young (Allocation Failure) 940M->940M(989M) 0,017ms
[912,402s][info][gc] GC(3263) Pause Full (Allocation Failure) 940M->624M(989M) 876,717ms
[912,537s][info][gc] GC(3264) Pause Young (Allocation Failure) 898M->644M(989M) 25,675ms
[912,692s][info][gc] GC(3265) Pause Young (Allocation Failure) 917M->663M(989M) 43,252ms
[912,844s][info][gc] GC(3266) Pause Young (Allocation Failure) 936M->682M(989M) 40,445ms
