[0.006s][info][gc] Using Serial
[0,315s][info][gc] GC(0) Pause Young (Allocation Failure) 136M->14M(494M) 17,269ms
[0,411s][info][gc] GC(1) Pause Young (Allocation Failure) 150M->24M(494M) 29,462ms
[0,492s][info][gc] GC(2) Pause Young (Allocation Failure) 160M->33M(494M) 26,492ms
[0,569s][info][gc] GC(3) Pause Young (Allocation Failure) 170M->43M(494M) 24,371ms
[0,643s][info][gc] GC(4) Pause Young (Allocation Failure) 180M->53M(494M) 24,036ms
[0,716s][info][gc] GC(5) Pause Young (Allocation Failure) 189M->63M(494M) 24,625ms
[0,790s][info][gc] GC(6) Pause Young (Allocation Failure) 199M->72M(494M) 24,593ms
[0,864s][info][gc] GC(7) Pause Young (Allocation Failure) 209M->82M(494M) 24,555ms
[0,938s][info][gc] GC(8) Pause Young (Allocation Failure) 219M->92M(494M) 24,854ms
[1,011s][info][gc] GC(9) Pause Young (Allocation Failure) 228M->102M(494M) 24,882ms
[1,088s][info][gc] GC(10) Pause Young (Allocation Failure) 238M->111M(494M) 27,623ms
[1,165s][info][gc] GC(11) Pause Young (Allocation Failure) 248M->121M(494M) 25,232ms
[1,247s][info][gc] GC(12) Pause Young (Allocation Failure) 258M->131M(494M) 28,277ms
[1,325s][info][gc] GC(13) Pause Young (Allocation Failure) 267M->141M(494M) 25,545ms
[1,403s][info][gc] GC(14) Pause Young (Allocation Failure) 277M->150M(494M) 25,725ms
[1,481s][info][gc] GC(15) Pause Young (Allocation Failure) 287M->160M(494M) 26,192ms
[1,555s][info][gc] GC(16) Pause Young (Allocation Failure) 297M->170M(494M) 25,380ms
[1,630s][info][gc] GC(17) Pause Young (Allocation Failure) 306M->180M(494M) 25,544ms
[1,703s][info][gc] GC(18) Pause Young (Allocation Failure) 316M->189M(494M) 25,237ms
[1,779s][info][gc] GC(19) Pause Young (Allocation Failure) 326M->199M(494M) 27,844ms
[1,856s][info][gc] GC(20) Pause Young (Allocation Failure) 336M->209M(494M) 25,851ms
[1,930s][info][gc] GC(21) Pause Young (Allocation Failure) 345M->219M(494M) 25,672ms
[2,004s][info][gc] GC(22) Pause Young (Allocation Failure) 355M->228M(494M) 25,695ms
[2,078s][info][gc] GC(23) Pause Young (Allocation Failure) 365M->238M(494M) 25,900ms
[2,152s][info][gc] GC(24) Pause Young (Allocation Failure) 375M->248M(494M) 25,750ms
[2,226s][info][gc] GC(25) Pause Young (Allocation Failure) 384M->258M(494M) 26,182ms
[2,301s][info][gc] GC(26) Pause Young (Allocation Failure) 394M->268M(494M) 26,279ms
[2,376s][info][gc] GC(27) Pause Young (Allocation Failure) 404M->277M(494M) 25,976ms
[2,450s][info][gc] GC(28) Pause Young (Allocation Failure) 414M->287M(494M) 26,220ms
[2,526s][info][gc] GC(29) Pause Young (Allocation Failure) 424M->297M(494M) 28,641ms
[2,625s][info][gc] GC(30) Pause Young (Allocation Failure) 433M->307M(494M) 32,898ms
[2,704s][info][gc] GC(31) Pause Young (Allocation Failure) 443M->316M(494M) 26,320ms
[2,780s][info][gc] GC(32) Pause Young (Allocation Failure) 453M->326M(494M) 26,253ms
[2,854s][info][gc] GC(33) Pause Young (Allocation Failure) 463M->336M(494M) 26,170ms
[2,929s][info][gc] GC(34) Pause Young (Allocation Failure) 472M->346M(494M) 27,269ms
[3,004s][info][gc] GC(35) Pause Young (Allocation Failure) 482M->355M(499M) 26,433ms
[3,404s][info][gc] GC(36) Pause Full (Allocation Failure) 355M->291M(703M) 399,830ms
[3,508s][info][gc] GC(37) Pause Young (Allocation Failure) 485M->305M(703M) 25,119ms
[3,616s][info][gc] GC(38) Pause Young (Allocation Failure) 499M->319M(703M) 36,979ms
[3,717s][info][gc] GC(39) Pause Young (Allocation Failure) 513M->332M(703M) 31,182ms
[3,817s][info][gc] GC(40) Pause Young (Allocation Failure) 526M->346M(703M) 31,225ms
[3,916s][info][gc] GC(41) Pause Young (Allocation Failure) 540M->360M(703M) 31,166ms
[4,020s][info][gc] GC(42) Pause Young (Allocation Failure) 554M->373M(703M) 35,634ms
[4,124s][info][gc] GC(43) Pause Young (Allocation Failure) 568M->387M(703M) 36,192ms
[4,230s][info][gc] GC(44) Pause Young (Allocation Failure) 581M->401M(703M) 37,305ms
[4,337s][info][gc] GC(45) Pause Young (Allocation Failure) 595M->415M(703M) 37,021ms
[4,443s][info][gc] GC(46) Pause Young (Allocation Failure) 609M->428M(703M) 36,753ms
[4,549s][info][gc] GC(47) Pause Young (Allocation Failure) 623M->442M(703M) 36,756ms
[4,655s][info][gc] GC(48) Pause Young (Allocation Failure) 636M->456M(703M) 36,724ms
[4,761s][info][gc] GC(49) Pause Young (Allocation Failure) 650M->470M(703M) 36,677ms
[4,866s][info][gc] GC(50) Pause Young (Allocation Failure) 664M->483M(703M) 36,820ms
[4,971s][info][gc] GC(51) Pause Young (Allocation Failure) 678M->497M(703M) 36,526ms
[5,076s][info][gc] GC(52) Pause Young (Allocation Failure) 691M->511M(715M) 36,620ms
[5,642s][info][gc] GC(53) Pause Full (Allocation Failure) 511M->400M(968M) 565,927ms
[5,787s][info][gc] GC(54) Pause Young (Allocation Failure) 668M->420M(968M) 34,311ms
[5,931s][info][gc] GC(55) Pause Young (Allocation Failure) 687M->438M(968M) 48,410ms
[6,066s][info][gc] GC(56) Pause Young (Allocation Failure) 706M->457M(968M) 41,863ms
[6,201s][info][gc] GC(57) Pause Young (Allocation Failure) 724M->476M(968M) 41,811ms
[6,336s][info][gc] GC(58) Pause Young (Allocation Failure) 743M->494M(968M) 41,674ms
[6,471s][info][gc] GC(59) Pause Young (Allocation Failure) 762M->513M(968M) 41,741ms
[6,611s][info][gc] GC(60) Pause Young (Allocation Failure) 780M->532M(968M) 47,039ms
[6,753s][info][gc] GC(61) Pause Young (Allocation Failure) 799M->550M(968M) 48,827ms
[6,895s][info][gc] GC(62) Pause Young (Allocation Failure) 817M->569M(968M) 48,962ms
[7,038s][info][gc] GC(63) Pause Young (Allocation Failure) 836M->587M(968M) 49,115ms
[7,180s][info][gc] GC(64) Pause Young (Allocation Failure) 855M->606M(968M) 48,805ms
[7,322s][info][gc] GC(65) Pause Young (Allocation Failure) 873M->625M(968M) 48,839ms
[7,465s][info][gc] GC(66) Pause Young (Allocation Failure) 892M->643M(968M) 48,941ms
[7,613s][info][gc] GC(67) Pause Young (Allocation Failure) 911M->662M(968M) 54,395ms
[7,760s][info][gc] GC(68) Pause Young (Allocation Failure) 929M->681M(968M) 51,516ms
[7,913s][info][gc] GC(69) Pause Young (Allocation Failure) 948M->699M(981M) 54,610ms
[8,672s][info][gc] GC(70) Pause Full (Allocation Failure) 699M->499M(1206M) 758,556ms
[8,837s][info][gc] GC(71) Pause Young (Allocation Failure) 831M->522M(1206M) 41,830ms
[9,016s][info][gc] GC(72) Pause Young (Allocation Failure) 855M->545M(1206M) 59,997ms
[9,183s][info][gc] GC(73) Pause Young (Allocation Failure) 878M->568M(1206M) 51,147ms
[9,350s][info][gc] GC(74) Pause Young (Allocation Failure) 901M->591M(1206M) 50,654ms
[9,516s][info][gc] GC(75) Pause Young (Allocation Failure) 924M->614M(1206M) 50,311ms
[9,689s][info][gc] GC(76) Pause Young (Allocation Failure) 947M->637M(1206M) 57,316ms
[9,858s][info][gc] GC(77) Pause Young (Allocation Failure) 970M->660M(1206M) 50,591ms
[10,024s][info][gc] GC(78) Pause Young (Allocation Failure) 993M->683M(1206M) 50,773ms
[10,191s][info][gc] GC(79) Pause Young (Allocation Failure) 1016M->706M(1206M) 51,252ms
[10,369s][info][gc] GC(80) Pause Young (Allocation Failure) 1039M->729M(1206M) 59,430ms
[10,547s][info][gc] GC(81) Pause Young (Allocation Failure) 1062M->752M(1206M) 61,386ms
[10,726s][info][gc] GC(82) Pause Young (Allocation Failure) 1085M->775M(1206M) 60,025ms
[10,902s][info][gc] GC(83) Pause Young (Allocation Failure) 1108M->798M(1206M) 59,802ms
[11,078s][info][gc] GC(84) Pause Young (Allocation Failure) 1131M->821M(1206M) 60,059ms
[11,252s][info][gc] GC(85) Pause Young (Allocation Failure) 1153M->844M(1206M) 59,419ms
[11,428s][info][gc] GC(86) Pause Young (Allocation Failure) 1176M->867M(1217M) 59,546ms
[12,324s][info][gc] GC(87) Pause Full (Allocation Failure) 867M->526M(1272M) 895,991ms
[12,486s][info][gc] GC(88) Pause Young (Allocation Failure) 877M->551M(1272M) 42,108ms
[12,671s][info][gc] GC(89) Pause Young (Allocation Failure) 902M->575M(1272M) 60,051ms
[12,847s][info][gc] GC(90) Pause Young (Allocation Failure) 926M->599M(1272M) 53,563ms
[13,024s][info][gc] GC(91) Pause Young (Allocation Failure) 950M->623M(1272M) 53,475ms
[13,200s][info][gc] GC(92) Pause Young (Allocation Failure) 974M->647M(1272M) 53,483ms
[13,376s][info][gc] GC(93) Pause Young (Allocation Failure) 998M->671M(1272M) 53,523ms
[13,552s][info][gc] GC(94) Pause Young (Allocation Failure) 1023M->696M(1272M) 53,385ms
[13,729s][info][gc] GC(95) Pause Young (Allocation Failure) 1047M->720M(1272M) 53,404ms
[13,906s][info][gc] GC(96) Pause Young (Allocation Failure) 1071M->744M(1272M) 53,997ms
[14,084s][info][gc] GC(97) Pause Young (Allocation Failure) 1095M->768M(1272M) 53,301ms
[14,259s][info][gc] GC(98) Pause Young (Allocation Failure) 1119M->792M(1272M) 53,254ms
[14,441s][info][gc] GC(99) Pause Young (Allocation Failure) 1143M->816M(1272M) 60,385ms
[14,618s][info][gc] GC(100) Pause Young (Allocation Failure) 1167M->840M(1272M) 52,874ms
[14,794s][info][gc] GC(101) Pause Young (Allocation Failure) 1191M->864M(1272M) 52,875ms
[14,977s][info][gc] GC(102) Pause Young (Allocation Failure) 1215M->888M(1272M) 60,771ms
[15,163s][info][gc] GC(103) Pause Young (Allocation Failure) 1239M->913M(1282M) 63,221ms
[16,086s][info][gc] GC(104) Pause Full (Allocation Failure) 913M->603M(1457M) 922,861ms
[16,272s][info][gc] GC(105) Pause Young (Allocation Failure) 1005M->632M(1457M) 49,193ms
[16,480s][info][gc] GC(106) Pause Young (Allocation Failure) 1034M->659M(1457M) 64,988ms
[16,681s][info][gc] GC(107) Pause Young (Allocation Failure) 1061M->686M(1457M) 61,196ms
[16,881s][info][gc] GC(108) Pause Young (Allocation Failure) 1088M->714M(1457M) 60,692ms
[17,085s][info][gc] GC(109) Pause Young (Allocation Failure) 1116M->741M(1457M) 61,012ms
[17,294s][info][gc] GC(110) Pause Young (Allocation Failure) 1143M->768M(1457M) 69,662ms
[17,496s][info][gc] GC(111) Pause Young (Allocation Failure) 1171M->796M(1457M) 60,832ms
[17,696s][info][gc] GC(112) Pause Young (Allocation Failure) 1198M->823M(1457M) 60,568ms
[17,898s][info][gc] GC(113) Pause Young (Allocation Failure) 1225M->850M(1457M) 60,824ms
[18,100s][info][gc] GC(114) Pause Young (Allocation Failure) 1253M->878M(1457M) 61,194ms
[18,303s][info][gc] GC(115) Pause Young (Allocation Failure) 1280M->905M(1457M) 60,538ms
[18,509s][info][gc] GC(116) Pause Young (Allocation Failure) 1307M->933M(1457M) 66,462ms
[18,728s][info][gc] GC(117) Pause Young (Allocation Failure) 1335M->960M(1457M) 75,717ms
[18,945s][info][gc] GC(118) Pause Young (Allocation Failure) 1362M->987M(1457M) 71,981ms
[19,156s][info][gc] GC(119) Pause Young (Allocation Failure) 1389M->1015M(1457M) 72,196ms
[19,368s][info][gc] GC(120) Pause Young (Allocation Failure) 1417M->1042M(1466M) 72,115ms
[20,384s][info][gc] GC(121) Pause Full (Allocation Failure) 1042M->627M(1515M) 1015,761ms
[20,575s][info][gc] GC(122) Pause Young (Allocation Failure) 1045M->657M(1515M) 47,882ms
[20,793s][info][gc] GC(123) Pause Young (Allocation Failure) 1075M->685M(1515M) 69,442ms
[21,001s][info][gc] GC(124) Pause Young (Allocation Failure) 1103M->713M(1515M) 63,457ms
[21,208s][info][gc] GC(125) Pause Young (Allocation Failure) 1132M->742M(1515M) 62,610ms
[21,417s][info][gc] GC(126) Pause Young (Allocation Failure) 1160M->770M(1515M) 63,320ms
[21,629s][info][gc] GC(127) Pause Young (Allocation Failure) 1188M->798M(1515M) 63,293ms
[21,838s][info][gc] GC(128) Pause Young (Allocation Failure) 1217M->827M(1515M) 63,003ms
[22,046s][info][gc] GC(129) Pause Young (Allocation Failure) 1245M->855M(1515M) 62,895ms
[22,253s][info][gc] GC(130) Pause Young (Allocation Failure) 1273M->883M(1515M) 62,670ms
[22,469s][info][gc] GC(131) Pause Young (Allocation Failure) 1302M->912M(1515M) 70,931ms
[22,678s][info][gc] GC(132) Pause Young (Allocation Failure) 1330M->940M(1515M) 62,786ms
[22,885s][info][gc] GC(133) Pause Young (Allocation Failure) 1358M->968M(1515M) 62,499ms
[23,097s][info][gc] GC(134) Pause Young (Allocation Failure) 1387M->997M(1515M) 63,476ms
[23,304s][info][gc] GC(135) Pause Young (Allocation Failure) 1415M->1025M(1515M) 62,594ms
[23,515s][info][gc] GC(136) Pause Young (Allocation Failure) 1443M->1053M(1515M) 67,219ms
[23,741s][info][gc] GC(137) Pause Young (Allocation Failure) 1472M->1082M(1523M) 76,630ms
[24,767s][info][gc] GC(138) Pause Full (Allocation Failure) 1082M->637M(1540M) 1025,675ms
[24,956s][info][gc] GC(139) Pause Young (Allocation Failure) 1062M->667M(1540M) 44,606ms
[25,173s][info][gc] GC(140) Pause Young (Allocation Failure) 1092M->696M(1540M) 65,936ms
[25,384s][info][gc] GC(141) Pause Young (Allocation Failure) 1121M->725M(1540M) 64,203ms
[25,596s][info][gc] GC(142) Pause Young (Allocation Failure) 1150M->754M(1540M) 63,891ms
[25,807s][info][gc] GC(143) Pause Young (Allocation Failure) 1179M->782M(1540M) 64,441ms
[26,017s][info][gc] GC(144) Pause Young (Allocation Failure) 1207M->811M(1540M) 63,992ms
[26,229s][info][gc] GC(145) Pause Young (Allocation Failure) 1236M->840M(1540M) 64,001ms
[26,440s][info][gc] GC(146) Pause Young (Allocation Failure) 1265M->869M(1540M) 63,738ms
[26,651s][info][gc] GC(147) Pause Young (Allocation Failure) 1294M->897M(1540M) 64,047ms
[26,864s][info][gc] GC(148) Pause Young (Allocation Failure) 1322M->926M(1540M) 63,991ms
[27,076s][info][gc] GC(149) Pause Young (Allocation Failure) 1351M->955M(1540M) 63,688ms
[27,286s][info][gc] GC(150) Pause Young (Allocation Failure) 1380M->984M(1540M) 63,408ms
[27,496s][info][gc] GC(151) Pause Young (Allocation Failure) 1409M->1012M(1540M) 63,303ms
[27,706s][info][gc] GC(152) Pause Young (Allocation Failure) 1438M->1041M(1540M) 63,988ms
[27,920s][info][gc] GC(153) Pause Young (Allocation Failure) 1466M->1070M(1540M) 64,355ms
[28,137s][info][gc] GC(154) Pause Young (Allocation Failure) 1495M->1099M(1547M) 69,630ms
[29,182s][info][gc] GC(155) Pause Full (Allocation Failure) 1099M->588M(1540M) 1044,613ms
[29,368s][info][gc] GC(156) Pause Young (Allocation Failure) 1013M->618M(1540M) 41,263ms
[29,582s][info][gc] GC(157) Pause Young (Allocation Failure) 1043M->647M(1540M) 63,444ms
[29,793s][info][gc] GC(158) Pause Young (Allocation Failure) 1072M->676M(1540M) 63,994ms
[30,004s][info][gc] GC(159) Pause Young (Allocation Failure) 1101M->704M(1540M) 63,731ms
[30,214s][info][gc] GC(160) Pause Young (Allocation Failure) 1129M->733M(1540M) 63,846ms
[30,425s][info][gc] GC(161) Pause Young (Allocation Failure) 1158M->762M(1540M) 63,948ms
[30,636s][info][gc] GC(162) Pause Young (Allocation Failure) 1187M->791M(1540M) 63,732ms
[30,847s][info][gc] GC(163) Pause Young (Allocation Failure) 1216M->819M(1540M) 63,856ms
[31,058s][info][gc] GC(164) Pause Young (Allocation Failure) 1245M->848M(1540M) 63,630ms
[31,272s][info][gc] GC(165) Pause Young (Allocation Failure) 1273M->877M(1540M) 64,932ms
[31,486s][info][gc] GC(166) Pause Young (Allocation Failure) 1302M->906M(1540M) 63,692ms
[31,696s][info][gc] GC(167) Pause Young (Allocation Failure) 1331M->935M(1540M) 63,692ms
[31,907s][info][gc] GC(168) Pause Young (Allocation Failure) 1360M->963M(1540M) 63,610ms
[32,117s][info][gc] GC(169) Pause Young (Allocation Failure) 1389M->992M(1540M) 63,529ms
[32,329s][info][gc] GC(170) Pause Young (Allocation Failure) 1417M->1021M(1540M) 64,169ms
[32,540s][info][gc] GC(171) Pause Young (Allocation Failure) 1446M->1050M(1540M) 63,605ms
[32,779s][info][gc] GC(172) Pause Young (Allocation Failure) 1475M->1079M(1540M) 65,689ms
[32,996s][info][gc] GC(173) Pause Young (Allocation Failure) 1504M->1107M(1555M) 69,295ms
[34,047s][info][gc] GC(174) Pause Full (Allocation Failure) 1107M->643M(1555M) 1051,458ms
[34,237s][info][gc] GC(175) Pause Young (Allocation Failure) 1073M->674M(1555M) 43,453ms
[34,456s][info][gc] GC(176) Pause Young (Allocation Failure) 1103M->703M(1555M) 65,277ms
[34,669s][info][gc] GC(177) Pause Young (Allocation Failure) 1132M->732M(1555M) 64,288ms
[34,881s][info][gc] GC(178) Pause Young (Allocation Failure) 1161M->761M(1555M) 64,054ms
[35,093s][info][gc] GC(179) Pause Young (Allocation Failure) 1190M->790M(1555M) 64,188ms
[35,306s][info][gc] GC(180) Pause Young (Allocation Failure) 1220M->819M(1555M) 64,265ms
[35,518s][info][gc] GC(181) Pause Young (Allocation Failure) 1249M->848M(1555M) 64,204ms
[35,730s][info][gc] GC(182) Pause Young (Allocation Failure) 1278M->877M(1555M) 64,065ms
[35,949s][info][gc] GC(183) Pause Young (Allocation Failure) 1307M->906M(1555M) 71,458ms
[36,169s][info][gc] GC(184) Pause Young (Allocation Failure) 1336M->935M(1555M) 70,312ms
[36,383s][info][gc] GC(185) Pause Young (Allocation Failure) 1365M->965M(1555M) 64,205ms
[36,595s][info][gc] GC(186) Pause Young (Allocation Failure) 1394M->994M(1555M) 63,929ms
[36,808s][info][gc] GC(187) Pause Young (Allocation Failure) 1423M->1023M(1555M) 64,080ms
[37,021s][info][gc] GC(188) Pause Young (Allocation Failure) 1452M->1052M(1555M) 64,150ms
[37,233s][info][gc] GC(189) Pause Young (Allocation Failure) 1481M->1081M(1555M) 63,876ms
[37,447s][info][gc] GC(190) Pause Young (Allocation Failure) 1510M->1110M(1562M) 66,365ms
[38,523s][info][gc] GC(191) Pause Full (Allocation Failure) 1110M->644M(1557M) 1076,108ms
[38,713s][info][gc] GC(192) Pause Young (Allocation Failure) 1074M->675M(1557M) 42,180ms
[38,933s][info][gc] GC(193) Pause Young (Allocation Failure) 1104M->704M(1557M) 64,523ms
[39,146s][info][gc] GC(194) Pause Young (Allocation Failure) 1134M->733M(1557M) 64,477ms
[39,358s][info][gc] GC(195) Pause Young (Allocation Failure) 1163M->762M(1557M) 64,481ms
[39,572s][info][gc] GC(196) Pause Young (Allocation Failure) 1192M->791M(1557M) 64,552ms
[39,785s][info][gc] GC(197) Pause Young (Allocation Failure) 1221M->820M(1557M) 64,304ms
[39,998s][info][gc] GC(198) Pause Young (Allocation Failure) 1250M->849M(1557M) 64,504ms
[40,211s][info][gc] GC(199) Pause Young (Allocation Failure) 1279M->878M(1557M) 64,616ms
[40,424s][info][gc] GC(200) Pause Young (Allocation Failure) 1308M->907M(1557M) 64,458ms
[40,637s][info][gc] GC(201) Pause Young (Allocation Failure) 1337M->936M(1557M) 64,337ms
[40,849s][info][gc] GC(202) Pause Young (Allocation Failure) 1366M->965M(1557M) 64,462ms
[41,062s][info][gc] GC(203) Pause Young (Allocation Failure) 1395M->994M(1557M) 64,211ms
[41,275s][info][gc] GC(204) Pause Young (Allocation Failure) 1424M->1023M(1557M) 64,567ms
[41,488s][info][gc] GC(205) Pause Young (Allocation Failure) 1453M->1053M(1557M) 64,322ms
[41,701s][info][gc] GC(206) Pause Young (Allocation Failure) 1482M->1082M(1557M) 64,438ms
[41,916s][info][gc] GC(207) Pause Young (Allocation Failure) 1511M->1111M(1564M) 66,817ms
[42,961s][info][gc] GC(208) Pause Full (Allocation Failure) 1111M->644M(1558M) 1045,682ms
[43,155s][info][gc] GC(209) Pause Young (Allocation Failure) 1074M->675M(1558M) 47,814ms
[43,376s][info][gc] GC(210) Pause Young (Allocation Failure) 1105M->704M(1558M) 64,087ms
[43,589s][info][gc] GC(211) Pause Young (Allocation Failure) 1134M->733M(1558M) 64,779ms
[43,802s][info][gc] GC(212) Pause Young (Allocation Failure) 1163M->762M(1558M) 64,374ms
[44,015s][info][gc] GC(213) Pause Young (Allocation Failure) 1192M->791M(1558M) 64,379ms
[44,228s][info][gc] GC(214) Pause Young (Allocation Failure) 1221M->820M(1558M) 64,265ms
[44,450s][info][gc] GC(215) Pause Young (Allocation Failure) 1250M->849M(1558M) 73,254ms
[44,674s][info][gc] GC(216) Pause Young (Allocation Failure) 1279M->879M(1558M) 73,170ms
[44,888s][info][gc] GC(217) Pause Young (Allocation Failure) 1308M->908M(1558M) 64,645ms
[45,102s][info][gc] GC(218) Pause Young (Allocation Failure) 1338M->937M(1558M) 65,133ms
[45,315s][info][gc] GC(219) Pause Young (Allocation Failure) 1367M->966M(1558M) 64,448ms
[45,529s][info][gc] GC(220) Pause Young (Allocation Failure) 1396M->995M(1558M) 64,138ms
[45,741s][info][gc] GC(221) Pause Young (Allocation Failure) 1425M->1024M(1558M) 63,921ms
[45,953s][info][gc] GC(222) Pause Young (Allocation Failure) 1454M->1053M(1558M) 64,089ms
[46,165s][info][gc] GC(223) Pause Young (Allocation Failure) 1483M->1082M(1558M) 64,132ms
[46,380s][info][gc] GC(224) Pause Young (Allocation Failure) 1512M->1111M(1564M) 66,432ms
[47,416s][info][gc] GC(225) Pause Full (Allocation Failure) 1111M->590M(1558M) 1036,294ms
[47,604s][info][gc] GC(226) Pause Young (Allocation Failure) 1020M->621M(1558M) 41,453ms
[47,821s][info][gc] GC(227) Pause Young (Allocation Failure) 1051M->650M(1558M) 64,051ms
[48,034s][info][gc] GC(228) Pause Young (Allocation Failure) 1080M->679M(1558M) 64,741ms
[48,248s][info][gc] GC(229) Pause Young (Allocation Failure) 1109M->708M(1558M) 65,128ms
[48,463s][info][gc] GC(230) Pause Young (Allocation Failure) 1138M->737M(1558M) 64,974ms
[48,677s][info][gc] GC(231) Pause Young (Allocation Failure) 1167M->766M(1558M) 65,060ms
[48,892s][info][gc] GC(232) Pause Young (Allocation Failure) 1196M->795M(1558M) 64,976ms
[49,105s][info][gc] GC(233) Pause Young (Allocation Failure) 1225M->824M(1558M) 64,872ms
[49,318s][info][gc] GC(234) Pause Young (Allocation Failure) 1254M->854M(1558M) 64,877ms
[49,532s][info][gc] GC(235) Pause Young (Allocation Failure) 1283M->883M(1558M) 64,869ms
[49,745s][info][gc] GC(236) Pause Young (Allocation Failure) 1313M->912M(1558M) 64,859ms
[49,970s][info][gc] GC(237) Pause Young (Allocation Failure) 1342M->941M(1558M) 73,674ms
[50,193s][info][gc] GC(238) Pause Young (Allocation Failure) 1371M->970M(1558M) 73,061ms
[50,408s][info][gc] GC(239) Pause Young (Allocation Failure) 1400M->999M(1558M) 64,688ms
[50,623s][info][gc] GC(240) Pause Young (Allocation Failure) 1429M->1028M(1558M) 64,966ms
[50,836s][info][gc] GC(241) Pause Young (Allocation Failure) 1458M->1057M(1558M) 64,329ms
[51,049s][info][gc] GC(242) Pause Young (Allocation Failure) 1487M->1086M(1558M) 64,504ms
[51,266s][info][gc] GC(243) Pause Young (Allocation Failure) 1516M->1115M(1568M) 68,310ms
[52,324s][info][gc] GC(244) Pause Full (Allocation Failure) 1115M->645M(1559M) 1058,056ms
[52,512s][info][gc] GC(245) Pause Young (Allocation Failure) 1075M->675M(1559M) 41,826ms
[52,742s][info][gc] GC(246) Pause Young (Allocation Failure) 1105M->704M(1559M) 73,042ms
[52,962s][info][gc] GC(247) Pause Young (Allocation Failure) 1135M->734M(1559M) 66,779ms
[53,182s][info][gc] GC(248) Pause Young (Allocation Failure) 1164M->763M(1559M) 70,957ms
[53,399s][info][gc] GC(249) Pause Young (Allocation Failure) 1193M->792M(1559M) 66,078ms
[53,614s][info][gc] GC(250) Pause Young (Allocation Failure) 1222M->821M(1559M) 65,675ms
[53,828s][info][gc] GC(251) Pause Young (Allocation Failure) 1251M->850M(1559M) 65,665ms
[54,047s][info][gc] GC(252) Pause Young (Allocation Failure) 1280M->879M(1559M) 68,104ms
[54,267s][info][gc] GC(253) Pause Young (Allocation Failure) 1309M->908M(1559M) 66,671ms
[54,482s][info][gc] GC(254) Pause Young (Allocation Failure) 1338M->937M(1559M) 65,456ms
[54,695s][info][gc] GC(255) Pause Young (Allocation Failure) 1367M->966M(1559M) 65,144ms
[54,913s][info][gc] GC(256) Pause Young (Allocation Failure) 1396M->995M(1559M) 65,933ms
[55,129s][info][gc] GC(257) Pause Young (Allocation Failure) 1426M->1025M(1559M) 65,065ms
[55,346s][info][gc] GC(258) Pause Young (Allocation Failure) 1455M->1054M(1559M) 65,018ms
[55,566s][info][gc] GC(259) Pause Young (Allocation Failure) 1484M->1083M(1559M) 65,806ms
[55,785s][info][gc] GC(260) Pause Young (Allocation Failure) 1513M->1112M(1565M) 68,247ms
[56,850s][info][gc] GC(261) Pause Full (Allocation Failure) 1112M->644M(1559M) 1064,798ms
[57,046s][info][gc] GC(262) Pause Young (Allocation Failure) 1075M->675M(1559M) 42,113ms
[57,279s][info][gc] GC(263) Pause Young (Allocation Failure) 1105M->704M(1559M) 67,770ms
[57,497s][info][gc] GC(264) Pause Young (Allocation Failure) 1134M->733M(1559M) 64,803ms
[57,715s][info][gc] GC(265) Pause Young (Allocation Failure) 1164M->762M(1559M) 65,953ms
[57,930s][info][gc] GC(266) Pause Young (Allocation Failure) 1193M->792M(1559M) 64,946ms
[58,144s][info][gc] GC(267) Pause Young (Allocation Failure) 1222M->821M(1559M) 64,730ms
[58,357s][info][gc] GC(268) Pause Young (Allocation Failure) 1251M->850M(1559M) 64,453ms
[58,570s][info][gc] GC(269) Pause Young (Allocation Failure) 1280M->879M(1559M) 64,169ms
[58,785s][info][gc] GC(270) Pause Young (Allocation Failure) 1309M->908M(1559M) 65,162ms
[59,004s][info][gc] GC(271) Pause Young (Allocation Failure) 1338M->937M(1559M) 68,668ms
[59,220s][info][gc] GC(272) Pause Young (Allocation Failure) 1367M->966M(1559M) 65,464ms
[59,434s][info][gc] GC(273) Pause Young (Allocation Failure) 1396M->995M(1559M) 64,841ms
[59,648s][info][gc] GC(274) Pause Young (Allocation Failure) 1425M->1024M(1559M) 64,880ms
[59,861s][info][gc] GC(275) Pause Young (Allocation Failure) 1454M->1053M(1559M) 64,195ms
[60,075s][info][gc] GC(276) Pause Young (Allocation Failure) 1484M->1083M(1559M) 64,938ms
[60,291s][info][gc] GC(277) Pause Young (Allocation Failure) 1513M->1112M(1565M) 66,828ms
[61,397s][info][gc] GC(278) Pause Full (Allocation Failure) 1112M->644M(1559M) 1106,578ms
[61,589s][info][gc] GC(279) Pause Young (Allocation Failure) 1075M->675M(1559M) 41,913ms
[61,807s][info][gc] GC(280) Pause Young (Allocation Failure) 1105M->704M(1559M) 64,662ms
[62,021s][info][gc] GC(281) Pause Young (Allocation Failure) 1134M->733M(1559M) 64,970ms
[62,235s][info][gc] GC(282) Pause Young (Allocation Failure) 1163M->762M(1559M) 64,842ms
[62,451s][info][gc] GC(283) Pause Young (Allocation Failure) 1193M->792M(1559M) 65,173ms
[62,691s][info][gc] GC(284) Pause Young (Allocation Failure) 1222M->821M(1559M) 70,981ms
[62,914s][info][gc] GC(285) Pause Young (Allocation Failure) 1251M->850M(1559M) 72,727ms
[63,128s][info][gc] GC(286) Pause Young (Allocation Failure) 1280M->879M(1559M) 64,325ms
[63,347s][info][gc] GC(287) Pause Young (Allocation Failure) 1309M->908M(1559M) 66,127ms
[63,562s][info][gc] GC(288) Pause Young (Allocation Failure) 1338M->937M(1559M) 66,283ms
[63,779s][info][gc] GC(289) Pause Young (Allocation Failure) 1367M->966M(1559M) 64,910ms
[63,993s][info][gc] GC(290) Pause Young (Allocation Failure) 1396M->995M(1559M) 65,005ms
[64,207s][info][gc] GC(291) Pause Young (Allocation Failure) 1425M->1024M(1559M) 64,814ms
[64,422s][info][gc] GC(292) Pause Young (Allocation Failure) 1454M->1053M(1559M) 66,237ms
[64,646s][info][gc] GC(293) Pause Young (Allocation Failure) 1483M->1082M(1559M) 71,193ms
[64,863s][info][gc] GC(294) Pause Young (Allocation Failure) 1513M->1111M(1565M) 67,287ms
[65,929s][info][gc] GC(295) Pause Full (Allocation Failure) 1111M->590M(1559M) 1065,850ms
[66,124s][info][gc] GC(296) Pause Young (Allocation Failure) 1021M->621M(1559M) 41,983ms
[66,343s][info][gc] GC(297) Pause Young (Allocation Failure) 1051M->650M(1559M) 64,866ms
[66,556s][info][gc] GC(298) Pause Young (Allocation Failure) 1080M->679M(1559M) 64,748ms
[66,773s][info][gc] GC(299) Pause Young (Allocation Failure) 1109M->708M(1559M) 65,118ms
[66,995s][info][gc] GC(300) Pause Young (Allocation Failure) 1139M->738M(1559M) 73,302ms
[67,210s][info][gc] GC(301) Pause Young (Allocation Failure) 1168M->767M(1559M) 64,436ms
[67,426s][info][gc] GC(302) Pause Young (Allocation Failure) 1197M->796M(1559M) 65,690ms
[67,640s][info][gc] GC(303) Pause Young (Allocation Failure) 1226M->825M(1559M) 64,786ms
[67,853s][info][gc] GC(304) Pause Young (Allocation Failure) 1255M->854M(1559M) 64,719ms
[68,070s][info][gc] GC(305) Pause Young (Allocation Failure) 1284M->883M(1559M) 66,197ms
[68,287s][info][gc] GC(306) Pause Young (Allocation Failure) 1313M->912M(1559M) 64,548ms
[68,500s][info][gc] GC(307) Pause Young (Allocation Failure) 1342M->941M(1559M) 64,586ms
[68,716s][info][gc] GC(308) Pause Young (Allocation Failure) 1371M->970M(1559M) 65,017ms
[68,931s][info][gc] GC(309) Pause Young (Allocation Failure) 1400M->999M(1559M) 65,284ms
[69,146s][info][gc] GC(310) Pause Young (Allocation Failure) 1430M->1029M(1559M) 65,023ms
[69,363s][info][gc] GC(311) Pause Young (Allocation Failure) 1459M->1058M(1559M) 65,213ms
[69,586s][info][gc] GC(312) Pause Young (Allocation Failure) 1488M->1087M(1559M) 69,556ms
[69,810s][info][gc] GC(313) Pause Young (Allocation Failure) 1517M->1116M(1569M) 69,536ms
[70,871s][info][gc] GC(314) Pause Full (Allocation Failure) 1116M->645M(1559M) 1061,056ms
[71,064s][info][gc] GC(315) Pause Young (Allocation Failure) 1075M->675M(1559M) 41,672ms
[71,317s][info][gc] GC(316) Pause Young (Allocation Failure) 1106M->705M(1559M) 73,751ms
[71,556s][info][gc] GC(317) Pause Young (Allocation Failure) 1135M->734M(1559M) 71,628ms
[71,781s][info][gc] GC(318) Pause Young (Allocation Failure) 1164M->763M(1559M) 66,016ms
[72,010s][info][gc] GC(319) Pause Young (Allocation Failure) 1193M->792M(1559M) 67,309ms
[72,230s][info][gc] GC(320) Pause Young (Allocation Failure) 1222M->821M(1559M) 67,201ms
[72,446s][info][gc] GC(321) Pause Young (Allocation Failure) 1251M->850M(1559M) 66,201ms
[72,661s][info][gc] GC(322) Pause Young (Allocation Failure) 1280M->879M(1559M) 66,626ms
[72,876s][info][gc] GC(323) Pause Young (Allocation Failure) 1309M->908M(1559M) 65,957ms
[73,107s][info][gc] GC(324) Pause Young (Allocation Failure) 1338M->937M(1559M) 74,749ms
[73,324s][info][gc] GC(325) Pause Young (Allocation Failure) 1368M->966M(1559M) 65,863ms
[73,538s][info][gc] GC(326) Pause Young (Allocation Failure) 1397M->996M(1559M) 64,970ms
[73,752s][info][gc] GC(327) Pause Young (Allocation Failure) 1426M->1025M(1559M) 64,952ms
[73,965s][info][gc] GC(328) Pause Young (Allocation Failure) 1455M->1054M(1559M) 65,056ms
[74,180s][info][gc] GC(329) Pause Young (Allocation Failure) 1484M->1083M(1559M) 65,640ms
[74,396s][info][gc] GC(330) Pause Young (Allocation Failure) 1513M->1112M(1565M) 67,734ms
[75,458s][info][gc] GC(331) Pause Full (Allocation Failure) 1112M->644M(1559M) 1061,326ms
[75,650s][info][gc] GC(332) Pause Young (Allocation Failure) 1075M->675M(1559M) 43,124ms
[75,868s][info][gc] GC(333) Pause Young (Allocation Failure) 1105M->704M(1559M) 65,166ms
[76,083s][info][gc] GC(334) Pause Young (Allocation Failure) 1135M->733M(1559M) 65,280ms
[76,299s][info][gc] GC(335) Pause Young (Allocation Failure) 1164M->763M(1559M) 64,806ms
[76,525s][info][gc] GC(336) Pause Young (Allocation Failure) 1193M->792M(1559M) 74,455ms
[76,742s][info][gc] GC(337) Pause Young (Allocation Failure) 1222M->821M(1559M) 64,854ms
[76,955s][info][gc] GC(338) Pause Young (Allocation Failure) 1251M->850M(1559M) 63,933ms
[77,169s][info][gc] GC(339) Pause Young (Allocation Failure) 1280M->879M(1559M) 65,173ms
[77,383s][info][gc] GC(340) Pause Young (Allocation Failure) 1309M->908M(1559M) 64,947ms
[77,596s][info][gc] GC(341) Pause Young (Allocation Failure) 1338M->937M(1559M) 64,688ms
[77,810s][info][gc] GC(342) Pause Young (Allocation Failure) 1368M->966M(1559M) 65,108ms
[78,032s][info][gc] GC(343) Pause Young (Allocation Failure) 1397M->996M(1559M) 65,641ms
[78,253s][info][gc] GC(344) Pause Young (Allocation Failure) 1426M->1025M(1559M) 66,246ms
[78,472s][info][gc] GC(345) Pause Young (Allocation Failure) 1455M->1054M(1559M) 65,995ms
[78,695s][info][gc] GC(346) Pause Young (Allocation Failure) 1484M->1083M(1559M) 66,438ms
[78,914s][info][gc] GC(347) Pause Young (Allocation Failure) 1513M->1112M(1565M) 67,201ms
[79,966s][info][gc] GC(348) Pause Full (Allocation Failure) 1112M->644M(1559M) 1052,556ms
[80,157s][info][gc] GC(349) Pause Young (Allocation Failure) 1075M->675M(1559M) 41,803ms
[80,382s][info][gc] GC(350) Pause Young (Allocation Failure) 1105M->704M(1559M) 65,367ms
[80,598s][info][gc] GC(351) Pause Young (Allocation Failure) 1134M->733M(1559M) 64,145ms
[80,815s][info][gc] GC(352) Pause Young (Allocation Failure) 1164M->762M(1559M) 65,338ms
[81,033s][info][gc] GC(353) Pause Young (Allocation Failure) 1193M->792M(1559M) 67,799ms
[81,258s][info][gc] GC(354) Pause Young (Allocation Failure) 1222M->821M(1559M) 65,670ms
[81,478s][info][gc] GC(355) Pause Young (Allocation Failure) 1251M->850M(1559M) 65,583ms
[81,698s][info][gc] GC(356) Pause Young (Allocation Failure) 1280M->879M(1559M) 71,196ms
[81,921s][info][gc] GC(357) Pause Young (Allocation Failure) 1309M->908M(1559M) 72,270ms
[82,138s][info][gc] GC(358) Pause Young (Allocation Failure) 1338M->937M(1559M) 67,262ms
[82,353s][info][gc] GC(359) Pause Young (Allocation Failure) 1367M->966M(1559M) 64,793ms
[82,568s][info][gc] GC(360) Pause Young (Allocation Failure) 1396M->995M(1559M) 64,902ms
[82,787s][info][gc] GC(361) Pause Young (Allocation Failure) 1425M->1024M(1559M) 66,969ms
[83,005s][info][gc] GC(362) Pause Young (Allocation Failure) 1455M->1053M(1559M) 64,881ms
[83,218s][info][gc] GC(363) Pause Young (Allocation Failure) 1484M->1083M(1559M) 64,957ms
[83,434s][info][gc] GC(364) Pause Young (Allocation Failure) 1513M->1112M(1565M) 66,622ms
[84,494s][info][gc] GC(365) Pause Full (Allocation Failure) 1112M->590M(1559M) 1060,011ms
[84,683s][info][gc] GC(366) Pause Young (Allocation Failure) 1021M->621M(1559M) 41,845ms
[84,904s][info][gc] GC(367) Pause Young (Allocation Failure) 1051M->650M(1559M) 65,940ms
[85,124s][info][gc] GC(368) Pause Young (Allocation Failure) 1080M->679M(1559M) 68,695ms
[85,338s][info][gc] GC(369) Pause Young (Allocation Failure) 1110M->708M(1559M) 64,692ms
[85,552s][info][gc] GC(370) Pause Young (Allocation Failure) 1139M->738M(1559M) 64,551ms
[85,766s][info][gc] GC(371) Pause Young (Allocation Failure) 1168M->767M(1559M) 64,869ms
[85,985s][info][gc] GC(372) Pause Young (Allocation Failure) 1197M->796M(1559M) 65,668ms
[86,210s][info][gc] GC(373) Pause Young (Allocation Failure) 1226M->825M(1559M) 74,377ms
[86,434s][info][gc] GC(374) Pause Young (Allocation Failure) 1255M->854M(1559M) 71,369ms
[86,652s][info][gc] GC(375) Pause Young (Allocation Failure) 1284M->883M(1559M) 65,457ms
[86,867s][info][gc] GC(376) Pause Young (Allocation Failure) 1313M->912M(1559M) 64,415ms
[87,080s][info][gc] GC(377) Pause Young (Allocation Failure) 1342M->941M(1559M) 64,164ms
[87,295s][info][gc] GC(378) Pause Young (Allocation Failure) 1371M->970M(1559M) 65,279ms
[87,514s][info][gc] GC(379) Pause Young (Allocation Failure) 1400M->999M(1559M) 69,650ms
[87,738s][info][gc] GC(380) Pause Young (Allocation Failure) 1430M->1028M(1559M) 65,867ms
[87,960s][info][gc] GC(381) Pause Young (Allocation Failure) 1459M->1058M(1559M) 65,547ms
[88,174s][info][gc] GC(382) Pause Young (Allocation Failure) 1488M->1087M(1559M) 64,933ms
[88,394s][info][gc] GC(383) Pause Young (Allocation Failure) 1517M->1116M(1569M) 70,755ms
[89,457s][info][gc] GC(384) Pause Full (Allocation Failure) 1116M->645M(1559M) 1063,382ms
[89,646s][info][gc] GC(385) Pause Young (Allocation Failure) 1075M->675M(1559M) 41,486ms
[89,863s][info][gc] GC(386) Pause Young (Allocation Failure) 1106M->705M(1559M) 64,019ms
[90,075s][info][gc] GC(387) Pause Young (Allocation Failure) 1135M->734M(1559M) 64,155ms
[90,290s][info][gc] GC(388) Pause Young (Allocation Failure) 1164M->763M(1559M) 64,865ms
[90,518s][info][gc] GC(389) Pause Young (Allocation Failure) 1193M->792M(1559M) 74,447ms
[90,734s][info][gc] GC(390) Pause Young (Allocation Failure) 1222M->821M(1559M) 64,356ms
[90,947s][info][gc] GC(391) Pause Young (Allocation Failure) 1251M->850M(1559M) 64,323ms
[91,161s][info][gc] GC(392) Pause Young (Allocation Failure) 1280M->879M(1559M) 64,796ms
[91,373s][info][gc] GC(393) Pause Young (Allocation Failure) 1309M->908M(1559M) 63,969ms
[91,587s][info][gc] GC(394) Pause Young (Allocation Failure) 1339M->937M(1559M) 64,416ms
[91,800s][info][gc] GC(395) Pause Young (Allocation Failure) 1368M->967M(1559M) 64,694ms
[92,016s][info][gc] GC(396) Pause Young (Allocation Failure) 1397M->996M(1559M) 64,873ms
[92,229s][info][gc] GC(397) Pause Young (Allocation Failure) 1426M->1025M(1559M) 64,396ms
[92,443s][info][gc] GC(398) Pause Young (Allocation Failure) 1455M->1054M(1559M) 64,939ms
[92,684s][info][gc] GC(399) Pause Young (Allocation Failure) 1484M->1083M(1559M) 71,073ms
[92,901s][info][gc] GC(400) Pause Young (Allocation Failure) 1513M->1112M(1565M) 66,981ms
[93,970s][info][gc] GC(401) Pause Full (Allocation Failure) 1112M->644M(1559M) 1069,113ms
[94,166s][info][gc] GC(402) Pause Young (Allocation Failure) 1075M->675M(1559M) 47,869ms
[94,388s][info][gc] GC(403) Pause Young (Allocation Failure) 1105M->704M(1559M) 64,592ms
[94,604s][info][gc] GC(404) Pause Young (Allocation Failure) 1134M->733M(1559M) 65,395ms
[94,818s][info][gc] GC(405) Pause Young (Allocation Failure) 1164M->763M(1559M) 64,961ms
[95,032s][info][gc] GC(406) Pause Young (Allocation Failure) 1193M->792M(1559M) 64,598ms
[95,246s][info][gc] GC(407) Pause Young (Allocation Failure) 1222M->821M(1559M) 64,425ms
[95,459s][info][gc] GC(408) Pause Young (Allocation Failure) 1251M->850M(1559M) 64,447ms
[95,676s][info][gc] GC(409) Pause Young (Allocation Failure) 1280M->879M(1559M) 65,403ms
[95,896s][info][gc] GC(410) Pause Young (Allocation Failure) 1309M->908M(1559M) 68,286ms
[96,117s][info][gc] GC(411) Pause Young (Allocation Failure) 1338M->937M(1559M) 65,649ms
[96,331s][info][gc] GC(412) Pause Young (Allocation Failure) 1367M->966M(1559M) 64,530ms
[96,545s][info][gc] GC(413) Pause Young (Allocation Failure) 1396M->995M(1559M) 64,627ms
[96,762s][info][gc] GC(414) Pause Young (Allocation Failure) 1425M->1024M(1559M) 65,736ms
[96,976s][info][gc] GC(415) Pause Young (Allocation Failure) 1455M->1053M(1559M) 64,927ms
[97,190s][info][gc] GC(416) Pause Young (Allocation Failure) 1484M->1083M(1559M) 65,124ms
[97,406s][info][gc] GC(417) Pause Young (Allocation Failure) 1513M->1112M(1565M) 67,004ms
[98,457s][info][gc] GC(418) Pause Full (Allocation Failure) 1112M->644M(1559M) 1050,577ms
[98,645s][info][gc] GC(419) Pause Young (Allocation Failure) 1075M->675M(1559M) 41,758ms
[98,865s][info][gc] GC(420) Pause Young (Allocation Failure) 1105M->704M(1559M) 64,590ms
[99,082s][info][gc] GC(421) Pause Young (Allocation Failure) 1134M->733M(1559M) 65,476ms
[99,296s][info][gc] GC(422) Pause Young (Allocation Failure) 1164M->762M(1559M) 64,649ms
[99,509s][info][gc] GC(423) Pause Young (Allocation Failure) 1193M->792M(1559M) 64,055ms
[99,723s][info][gc] GC(424) Pause Young (Allocation Failure) 1222M->821M(1559M) 64,721ms
[99,937s][info][gc] GC(425) Pause Young (Allocation Failure) 1251M->850M(1559M) 64,821ms
[100,157s][info][gc] GC(426) Pause Young (Allocation Failure) 1280M->879M(1559M) 71,336ms
[100,380s][info][gc] GC(427) Pause Young (Allocation Failure) 1309M->908M(1559M) 73,259ms
[100,596s][info][gc] GC(428) Pause Young (Allocation Failure) 1338M->937M(1559M) 64,610ms
[100,813s][info][gc] GC(429) Pause Young (Allocation Failure) 1367M->966M(1559M) 64,586ms
[101,027s][info][gc] GC(430) Pause Young (Allocation Failure) 1396M->995M(1559M) 65,157ms
[101,241s][info][gc] GC(431) Pause Young (Allocation Failure) 1425M->1024M(1559M) 64,260ms
[101,453s][info][gc] GC(432) Pause Young (Allocation Failure) 1454M->1053M(1559M) 64,310ms
[101,666s][info][gc] GC(433) Pause Young (Allocation Failure) 1484M->1082M(1559M) 64,491ms
[101,882s][info][gc] GC(434) Pause Young (Allocation Failure) 1513M->1112M(1565M) 66,886ms
[102,931s][info][gc] GC(435) Pause Full (Allocation Failure) 1112M->590M(1559M) 1049,143ms
[103,124s][info][gc] GC(436) Pause Young (Allocation Failure) 1021M->621M(1559M) 45,494ms
[103,342s][info][gc] GC(437) Pause Young (Allocation Failure) 1051M->650M(1559M) 64,176ms
[103,555s][info][gc] GC(438) Pause Young (Allocation Failure) 1080M->679M(1559M) 64,009ms
[103,768s][info][gc] GC(439) Pause Young (Allocation Failure) 1110M->708M(1559M) 64,931ms
[103,982s][info][gc] GC(440) Pause Young (Allocation Failure) 1139M->738M(1559M) 64,863ms
[104,196s][info][gc] GC(441) Pause Young (Allocation Failure) 1168M->767M(1559M) 65,067ms
[104,409s][info][gc] GC(442) Pause Young (Allocation Failure) 1197M->796M(1559M) 64,182ms
[104,629s][info][gc] GC(443) Pause Young (Allocation Failure) 1226M->825M(1559M) 67,221ms
[104,844s][info][gc] GC(444) Pause Young (Allocation Failure) 1255M->854M(1559M) 65,328ms
[105,064s][info][gc] GC(445) Pause Young (Allocation Failure) 1284M->883M(1559M) 68,319ms
[105,281s][info][gc] GC(446) Pause Young (Allocation Failure) 1313M->912M(1559M) 66,170ms
[105,496s][info][gc] GC(447) Pause Young (Allocation Failure) 1342M->941M(1559M) 65,858ms
[105,711s][info][gc] GC(448) Pause Young (Allocation Failure) 1372M->970M(1559M) 65,663ms
[105,926s][info][gc] GC(449) Pause Young (Allocation Failure) 1401M->1000M(1559M) 65,533ms
[106,146s][info][gc] GC(450) Pause Young (Allocation Failure) 1430M->1029M(1559M) 67,759ms
[106,361s][info][gc] GC(451) Pause Young (Allocation Failure) 1459M->1058M(1559M) 65,110ms
[106,575s][info][gc] GC(452) Pause Young (Allocation Failure) 1488M->1087M(1559M) 64,631ms
[106,794s][info][gc] GC(453) Pause Young (Allocation Failure) 1517M->1116M(1569M) 68,940ms
[107,863s][info][gc] GC(454) Pause Full (Allocation Failure) 1116M->645M(1559M) 1069,191ms
[108,058s][info][gc] GC(455) Pause Young (Allocation Failure) 1075M->675M(1559M) 42,083ms
[108,283s][info][gc] GC(456) Pause Young (Allocation Failure) 1106M->704M(1559M) 65,176ms
[108,497s][info][gc] GC(457) Pause Young (Allocation Failure) 1135M->734M(1559M) 64,822ms
[108,714s][info][gc] GC(458) Pause Young (Allocation Failure) 1164M->763M(1559M) 66,970ms
[108,930s][info][gc] GC(459) Pause Young (Allocation Failure) 1193M->792M(1559M) 64,280ms
[109,143s][info][gc] GC(460) Pause Young (Allocation Failure) 1222M->821M(1559M) 64,595ms
[109,357s][info][gc] GC(461) Pause Young (Allocation Failure) 1251M->850M(1559M) 64,487ms
[109,579s][info][gc] GC(462) Pause Young (Allocation Failure) 1280M->879M(1559M) 73,304ms
[109,794s][info][gc] GC(463) Pause Young (Allocation Failure) 1309M->908M(1559M) 64,303ms
[110,011s][info][gc] GC(464) Pause Young (Allocation Failure) 1338M->937M(1559M) 65,376ms
[110,224s][info][gc] GC(465) Pause Young (Allocation Failure) 1368M->966M(1559M) 64,036ms
[110,437s][info][gc] GC(466) Pause Young (Allocation Failure) 1397M->996M(1559M) 64,613ms
[110,651s][info][gc] GC(467) Pause Young (Allocation Failure) 1426M->1025M(1559M) 64,839ms
[110,865s][info][gc] GC(468) Pause Young (Allocation Failure) 1455M->1054M(1559M) 64,627ms
[111,078s][info][gc] GC(469) Pause Young (Allocation Failure) 1484M->1083M(1559M) 64,217ms
[111,294s][info][gc] GC(470) Pause Young (Allocation Failure) 1513M->1112M(1565M) 67,387ms
[112,347s][info][gc] GC(471) Pause Full (Allocation Failure) 1112M->644M(1559M) 1053,032ms
[112,536s][info][gc] GC(472) Pause Young (Allocation Failure) 1075M->675M(1559M) 42,126ms
[112,756s][info][gc] GC(473) Pause Young (Allocation Failure) 1105M->704M(1559M) 65,500ms
[112,974s][info][gc] GC(474) Pause Young (Allocation Failure) 1134M->733M(1559M) 65,211ms
[113,188s][info][gc] GC(475) Pause Young (Allocation Failure) 1164M->763M(1559M) 64,930ms
[113,402s][info][gc] GC(476) Pause Young (Allocation Failure) 1193M->792M(1559M) 64,899ms
[113,617s][info][gc] GC(477) Pause Young (Allocation Failure) 1222M->821M(1559M) 65,054ms
[113,833s][info][gc] GC(478) Pause Young (Allocation Failure) 1251M->850M(1559M) 64,274ms
[114,056s][info][gc] GC(479) Pause Young (Allocation Failure) 1280M->879M(1559M) 72,925ms
[114,271s][info][gc] GC(480) Pause Young (Allocation Failure) 1309M->908M(1559M) 65,020ms
[114,486s][info][gc] GC(481) Pause Young (Allocation Failure) 1338M->937M(1559M) 65,260ms
[114,699s][info][gc] GC(482) Pause Young (Allocation Failure) 1367M->966M(1559M) 64,480ms
[114,912s][info][gc] GC(483) Pause Young (Allocation Failure) 1396M->995M(1559M) 64,250ms
[115,131s][info][gc] GC(484) Pause Young (Allocation Failure) 1425M->1024M(1559M) 66,303ms
[115,344s][info][gc] GC(485) Pause Young (Allocation Failure) 1454M->1053M(1559M) 64,241ms
[115,557s][info][gc] GC(486) Pause Young (Allocation Failure) 1484M->1083M(1559M) 64,312ms
[115,773s][info][gc] GC(487) Pause Young (Allocation Failure) 1513M->1112M(1565M) 66,684ms
[116,832s][info][gc] GC(488) Pause Full (Allocation Failure) 1112M->644M(1559M) 1059,244ms
[117,020s][info][gc] GC(489) Pause Young (Allocation Failure) 1075M->675M(1559M) 41,651ms
[117,238s][info][gc] GC(490) Pause Young (Allocation Failure) 1105M->704M(1559M) 64,304ms
[117,451s][info][gc] GC(491) Pause Young (Allocation Failure) 1135M->733M(1559M) 64,524ms
[117,674s][info][gc] GC(492) Pause Young (Allocation Failure) 1164M->763M(1559M) 73,700ms
[117,889s][info][gc] GC(493) Pause Young (Allocation Failure) 1193M->792M(1559M) 64,918ms
[118,104s][info][gc] GC(494) Pause Young (Allocation Failure) 1222M->821M(1559M) 65,408ms
[118,319s][info][gc] GC(495) Pause Young (Allocation Failure) 1251M->850M(1559M) 64,850ms
[118,532s][info][gc] GC(496) Pause Young (Allocation Failure) 1280M->879M(1559M) 64,484ms
[118,747s][info][gc] GC(497) Pause Young (Allocation Failure) 1309M->908M(1559M) 64,731ms
[118,960s][info][gc] GC(498) Pause Young (Allocation Failure) 1338M->937M(1559M) 64,194ms
[119,174s][info][gc] GC(499) Pause Young (Allocation Failure) 1367M->966M(1559M) 64,238ms
[119,387s][info][gc] GC(500) Pause Young (Allocation Failure) 1397M->995M(1559M) 64,665ms
[119,608s][info][gc] GC(501) Pause Young (Allocation Failure) 1426M->1024M(1559M) 67,989ms
[119,828s][info][gc] GC(502) Pause Young (Allocation Failure) 1455M->1054M(1559M) 66,680ms
[120,043s][info][gc] GC(503) Pause Young (Allocation Failure) 1484M->1083M(1559M) 64,677ms
[120,258s][info][gc] GC(504) Pause Young (Allocation Failure) 1513M->1112M(1565M) 66,945ms
[121,324s][info][gc] GC(505) Pause Full (Allocation Failure) 1112M->590M(1559M) 1065,618ms
[121,513s][info][gc] GC(506) Pause Young (Allocation Failure) 1021M->621M(1559M) 41,717ms
[121,740s][info][gc] GC(507) Pause Young (Allocation Failure) 1051M->650M(1559M) 73,684ms
[121,955s][info][gc] GC(508) Pause Young (Allocation Failure) 1080M->679M(1559M) 64,619ms
[122,168s][info][gc] GC(509) Pause Young (Allocation Failure) 1110M->708M(1559M) 64,144ms
[122,381s][info][gc] GC(510) Pause Young (Allocation Failure) 1139M->737M(1559M) 64,388ms
[122,601s][info][gc] GC(511) Pause Young (Allocation Failure) 1168M->767M(1559M) 71,386ms
[122,849s][info][gc] GC(512) Pause Young (Allocation Failure) 1197M->796M(1559M) 66,514ms
[123,064s][info][gc] GC(513) Pause Young (Allocation Failure) 1226M->825M(1559M) 64,727ms
[123,277s][info][gc] GC(514) Pause Young (Allocation Failure) 1255M->854M(1559M) 64,723ms
[123,491s][info][gc] GC(515) Pause Young (Allocation Failure) 1284M->883M(1559M) 64,814ms
[123,706s][info][gc] GC(516) Pause Young (Allocation Failure) 1313M->912M(1559M) 64,865ms
[123,920s][info][gc] GC(517) Pause Young (Allocation Failure) 1342M->941M(1559M) 64,820ms
[124,142s][info][gc] GC(518) Pause Young (Allocation Failure) 1372M->970M(1559M) 73,208ms
[124,357s][info][gc] GC(519) Pause Young (Allocation Failure) 1401M->1000M(1559M) 64,681ms
[124,576s][info][gc] GC(520) Pause Young (Allocation Failure) 1430M->1029M(1559M) 68,031ms
[124,789s][info][gc] GC(521) Pause Young (Allocation Failure) 1459M->1058M(1559M) 64,021ms
[125,003s][info][gc] GC(522) Pause Young (Allocation Failure) 1488M->1087M(1559M) 65,084ms
[125,221s][info][gc] GC(523) Pause Young (Allocation Failure) 1517M->1116M(1569M) 68,950ms
[126,327s][info][gc] GC(524) Pause Full (Allocation Failure) 1116M->645M(1559M) 1105,655ms
[126,516s][info][gc] GC(525) Pause Young (Allocation Failure) 1075M->675M(1559M) 41,798ms
[126,734s][info][gc] GC(526) Pause Young (Allocation Failure) 1106M->704M(1559M) 64,221ms
[126,946s][info][gc] GC(527) Pause Young (Allocation Failure) 1135M->734M(1559M) 64,175ms
[127,159s][info][gc] GC(528) Pause Young (Allocation Failure) 1164M->763M(1559M) 63,947ms
[127,372s][info][gc] GC(529) Pause Young (Allocation Failure) 1193M->792M(1559M) 64,201ms
[127,585s][info][gc] GC(530) Pause Young (Allocation Failure) 1222M->821M(1559M) 64,011ms
[127,798s][info][gc] GC(531) Pause Young (Allocation Failure) 1251M->850M(1559M) 64,332ms
[128,012s][info][gc] GC(532) Pause Young (Allocation Failure) 1280M->879M(1559M) 64,205ms
[128,226s][info][gc] GC(533) Pause Young (Allocation Failure) 1309M->908M(1559M) 64,638ms
[128,439s][info][gc] GC(534) Pause Young (Allocation Failure) 1338M->937M(1559M) 64,491ms
[128,653s][info][gc] GC(535) Pause Young (Allocation Failure) 1367M->966M(1559M) 64,930ms
[128,869s][info][gc] GC(536) Pause Young (Allocation Failure) 1397M->995M(1559M) 64,414ms
[129,082s][info][gc] GC(537) Pause Young (Allocation Failure) 1426M->1025M(1559M) 64,137ms
[129,295s][info][gc] GC(538) Pause Young (Allocation Failure) 1455M->1054M(1559M) 64,510ms
[129,509s][info][gc] GC(539) Pause Young (Allocation Failure) 1484M->1083M(1559M) 65,186ms
[129,724s][info][gc] GC(540) Pause Young (Allocation Failure) 1513M->1112M(1565M) 66,826ms
[130,772s][info][gc] GC(541) Pause Full (Allocation Failure) 1112M->644M(1559M) 1047,636ms
[130,966s][info][gc] GC(542) Pause Young (Allocation Failure) 1075M->675M(1559M) 47,745ms
[131,186s][info][gc] GC(543) Pause Young (Allocation Failure) 1105M->704M(1559M) 64,261ms
[131,399s][info][gc] GC(544) Pause Young (Allocation Failure) 1134M->733M(1559M) 64,433ms
[131,612s][info][gc] GC(545) Pause Young (Allocation Failure) 1164M->763M(1559M) 64,315ms
[131,824s][info][gc] GC(546) Pause Young (Allocation Failure) 1193M->792M(1559M) 64,099ms
[132,036s][info][gc] GC(547) Pause Young (Allocation Failure) 1222M->821M(1559M) 64,109ms
[132,248s][info][gc] GC(548) Pause Young (Allocation Failure) 1251M->850M(1559M) 64,193ms
[132,460s][info][gc] GC(549) Pause Young (Allocation Failure) 1280M->879M(1559M) 64,276ms
[132,673s][info][gc] GC(550) Pause Young (Allocation Failure) 1309M->908M(1559M) 64,000ms
[132,885s][info][gc] GC(551) Pause Young (Allocation Failure) 1338M->937M(1559M) 64,160ms
[133,097s][info][gc] GC(552) Pause Young (Allocation Failure) 1367M->966M(1559M) 64,150ms
[133,310s][info][gc] GC(553) Pause Young (Allocation Failure) 1396M->995M(1559M) 64,589ms
[133,523s][info][gc] GC(554) Pause Young (Allocation Failure) 1426M->1024M(1559M) 64,508ms
[133,736s][info][gc] GC(555) Pause Young (Allocation Failure) 1455M->1054M(1559M) 64,216ms
[133,948s][info][gc] GC(556) Pause Young (Allocation Failure) 1484M->1083M(1559M) 64,247ms
[134,162s][info][gc] GC(557) Pause Young (Allocation Failure) 1513M->1112M(1565M) 66,452ms
[135,218s][info][gc] GC(558) Pause Full (Allocation Failure) 1112M->644M(1559M) 1055,275ms
[135,406s][info][gc] GC(559) Pause Young (Allocation Failure) 1075M->675M(1559M) 41,832ms
[135,623s][info][gc] GC(560) Pause Young (Allocation Failure) 1105M->704M(1559M) 64,384ms
[135,835s][info][gc] GC(561) Pause Young (Allocation Failure) 1135M->733M(1559M) 64,340ms
[136,048s][info][gc] GC(562) Pause Young (Allocation Failure) 1164M->762M(1559M) 64,345ms
[136,261s][info][gc] GC(563) Pause Young (Allocation Failure) 1193M->792M(1559M) 64,430ms
[136,473s][info][gc] GC(564) Pause Young (Allocation Failure) 1222M->821M(1559M) 64,370ms
[136,695s][info][gc] GC(565) Pause Young (Allocation Failure) 1251M->850M(1559M) 73,062ms
[136,918s][info][gc] GC(566) Pause Young (Allocation Failure) 1280M->879M(1559M) 73,159ms
[137,141s][info][gc] GC(567) Pause Young (Allocation Failure) 1309M->908M(1559M) 73,167ms
[137,365s][info][gc] GC(568) Pause Young (Allocation Failure) 1338M->937M(1559M) 73,305ms
[137,588s][info][gc] GC(569) Pause Young (Allocation Failure) 1367M->966M(1559M) 73,063ms
[137,803s][info][gc] GC(570) Pause Young (Allocation Failure) 1396M->995M(1559M) 64,601ms
[138,016s][info][gc] GC(571) Pause Young (Allocation Failure) 1425M->1024M(1559M) 64,643ms
[138,233s][info][gc] GC(572) Pause Young (Allocation Failure) 1454M->1053M(1559M) 64,677ms
[138,445s][info][gc] GC(573) Pause Young (Allocation Failure) 1484M->1082M(1559M) 64,299ms
[138,661s][info][gc] GC(574) Pause Young (Allocation Failure) 1513M->1112M(1565M) 66,977ms
[139,696s][info][gc] GC(575) Pause Full (Allocation Failure) 1112M->590M(1559M) 1035,210ms
[139,887s][info][gc] GC(576) Pause Young (Allocation Failure) 1021M->621M(1559M) 41,770ms
[140,105s][info][gc] GC(577) Pause Young (Allocation Failure) 1051M->650M(1559M) 64,171ms
[140,317s][info][gc] GC(578) Pause Young (Allocation Failure) 1080M->679M(1559M) 63,928ms
[140,535s][info][gc] GC(579) Pause Young (Allocation Failure) 1109M->708M(1559M) 64,528ms
[140,747s][info][gc] GC(580) Pause Young (Allocation Failure) 1139M->737M(1559M) 64,013ms
[140,960s][info][gc] GC(581) Pause Young (Allocation Failure) 1168M->766M(1559M) 64,373ms
[141,173s][info][gc] GC(582) Pause Young (Allocation Failure) 1197M->796M(1559M) 64,503ms
[141,386s][info][gc] GC(583) Pause Young (Allocation Failure) 1226M->825M(1559M) 64,518ms
[141,598s][info][gc] GC(584) Pause Young (Allocation Failure) 1255M->854M(1559M) 63,667ms
[141,812s][info][gc] GC(585) Pause Young (Allocation Failure) 1284M->883M(1559M) 64,048ms
[142,024s][info][gc] GC(586) Pause Young (Allocation Failure) 1313M->912M(1559M) 64,058ms
[142,237s][info][gc] GC(587) Pause Young (Allocation Failure) 1342M->941M(1559M) 64,242ms
[142,449s][info][gc] GC(588) Pause Young (Allocation Failure) 1371M->970M(1559M) 64,063ms
[142,661s][info][gc] GC(589) Pause Young (Allocation Failure) 1400M->999M(1559M) 64,111ms
[142,873s][info][gc] GC(590) Pause Young (Allocation Failure) 1429M->1028M(1559M) 64,109ms
[143,085s][info][gc] GC(591) Pause Young (Allocation Failure) 1458M->1057M(1559M) 64,113ms
[143,297s][info][gc] GC(592) Pause Young (Allocation Failure) 1487M->1086M(1559M) 64,156ms
[143,513s][info][gc] GC(593) Pause Young (Allocation Failure) 1517M->1115M(1569M) 67,705ms
[144,572s][info][gc] GC(594) Pause Full (Allocation Failure) 1115M->645M(1559M) 1058,591ms
[144,761s][info][gc] GC(595) Pause Young (Allocation Failure) 1075M->675M(1559M) 41,892ms
[144,978s][info][gc] GC(596) Pause Young (Allocation Failure) 1106M->705M(1559M) 64,537ms
[145,191s][info][gc] GC(597) Pause Young (Allocation Failure) 1135M->734M(1559M) 64,331ms
[145,407s][info][gc] GC(598) Pause Young (Allocation Failure) 1164M->763M(1559M) 64,991ms
[145,620s][info][gc] GC(599) Pause Young (Allocation Failure) 1193M->792M(1559M) 64,421ms
[145,834s][info][gc] GC(600) Pause Young (Allocation Failure) 1222M->821M(1559M) 65,045ms
[146,047s][info][gc] GC(601) Pause Young (Allocation Failure) 1251M->850M(1559M) 64,476ms
[146,261s][info][gc] GC(602) Pause Young (Allocation Failure) 1280M->879M(1559M) 64,689ms
[146,473s][info][gc] GC(603) Pause Young (Allocation Failure) 1309M->908M(1559M) 64,600ms
[146,693s][info][gc] GC(604) Pause Young (Allocation Failure) 1339M->937M(1559M) 67,621ms
[146,910s][info][gc] GC(605) Pause Young (Allocation Failure) 1368M->967M(1559M) 65,030ms
[147,124s][info][gc] GC(606) Pause Young (Allocation Failure) 1397M->996M(1559M) 65,165ms
[147,338s][info][gc] GC(607) Pause Young (Allocation Failure) 1426M->1025M(1559M) 64,534ms
[147,550s][info][gc] GC(608) Pause Young (Allocation Failure) 1455M->1054M(1559M) 64,432ms
[147,763s][info][gc] GC(609) Pause Young (Allocation Failure) 1484M->1083M(1559M) 64,448ms
[147,978s][info][gc] GC(610) Pause Young (Allocation Failure) 1513M->1112M(1565M) 66,765ms
[149,042s][info][gc] GC(611) Pause Full (Allocation Failure) 1112M->644M(1559M) 1064,279ms
[149,230s][info][gc] GC(612) Pause Young (Allocation Failure) 1075M->675M(1559M) 41,487ms
[149,450s][info][gc] GC(613) Pause Young (Allocation Failure) 1105M->704M(1559M) 67,244ms
[149,670s][info][gc] GC(614) Pause Young (Allocation Failure) 1134M->733M(1559M) 65,154ms
[149,884s][info][gc] GC(615) Pause Young (Allocation Failure) 1164M->763M(1559M) 64,864ms
[150,097s][info][gc] GC(616) Pause Young (Allocation Failure) 1193M->792M(1559M) 64,835ms
[150,310s][info][gc] GC(617) Pause Young (Allocation Failure) 1222M->821M(1559M) 64,093ms
[150,522s][info][gc] GC(618) Pause Young (Allocation Failure) 1251M->850M(1559M) 64,262ms
[150,735s][info][gc] GC(619) Pause Young (Allocation Failure) 1280M->879M(1559M) 63,976ms
[150,947s][info][gc] GC(620) Pause Young (Allocation Failure) 1309M->908M(1559M) 64,139ms
[151,162s][info][gc] GC(621) Pause Young (Allocation Failure) 1338M->937M(1559M) 64,861ms
[151,375s][info][gc] GC(622) Pause Young (Allocation Failure) 1367M->966M(1559M) 64,482ms
[151,588s][info][gc] GC(623) Pause Young (Allocation Failure) 1396M->995M(1559M) 64,347ms
[151,800s][info][gc] GC(624) Pause Young (Allocation Failure) 1426M->1024M(1559M) 64,428ms
[152,013s][info][gc] GC(625) Pause Young (Allocation Failure) 1455M->1054M(1559M) 64,311ms
[152,225s][info][gc] GC(626) Pause Young (Allocation Failure) 1484M->1083M(1559M) 64,160ms
[152,441s][info][gc] GC(627) Pause Young (Allocation Failure) 1513M->1112M(1565M) 66,960ms
[153,487s][info][gc] GC(628) Pause Full (Allocation Failure) 1112M->644M(1559M) 1046,091ms
[153,675s][info][gc] GC(629) Pause Young (Allocation Failure) 1075M->675M(1559M) 41,647ms
[153,892s][info][gc] GC(630) Pause Young (Allocation Failure) 1105M->704M(1559M) 64,357ms
[154,104s][info][gc] GC(631) Pause Young (Allocation Failure) 1135M->733M(1559M) 64,199ms
[154,317s][info][gc] GC(632) Pause Young (Allocation Failure) 1164M->763M(1559M) 64,447ms
[154,536s][info][gc] GC(633) Pause Young (Allocation Failure) 1193M->792M(1559M) 66,162ms
[154,750s][info][gc] GC(634) Pause Young (Allocation Failure) 1222M->821M(1559M) 64,513ms
[154,962s][info][gc] GC(635) Pause Young (Allocation Failure) 1251M->850M(1559M) 64,240ms
[155,175s][info][gc] GC(636) Pause Young (Allocation Failure) 1280M->879M(1559M) 64,197ms
[155,387s][info][gc] GC(637) Pause Young (Allocation Failure) 1309M->908M(1559M) 64,273ms
[155,600s][info][gc] GC(638) Pause Young (Allocation Failure) 1338M->937M(1559M) 64,369ms
[155,819s][info][gc] GC(639) Pause Young (Allocation Failure) 1367M->966M(1559M) 69,942ms
[156,049s][info][gc] GC(640) Pause Young (Allocation Failure) 1396M->995M(1559M) 75,459ms
[156,276s][info][gc] GC(641) Pause Young (Allocation Failure) 1426M->1024M(1559M) 77,620ms
[156,504s][info][gc] GC(642) Pause Young (Allocation Failure) 1455M->1053M(1559M) 74,210ms
[156,723s][info][gc] GC(643) Pause Young (Allocation Failure) 1484M->1083M(1559M) 66,119ms
[156,941s][info][gc] GC(644) Pause Young (Allocation Failure) 1513M->1112M(1565M) 67,828ms
[157,994s][info][gc] GC(645) Pause Full (Allocation Failure) 1112M->590M(1559M) 1052,674ms
[158,182s][info][gc] GC(646) Pause Young (Allocation Failure) 1021M->621M(1559M) 41,764ms
[158,400s][info][gc] GC(647) Pause Young (Allocation Failure) 1051M->650M(1559M) 64,939ms
[158,614s][info][gc] GC(648) Pause Young (Allocation Failure) 1080M->679M(1559M) 64,713ms
[158,830s][info][gc] GC(649) Pause Young (Allocation Failure) 1109M->708M(1559M) 65,238ms
[159,043s][info][gc] GC(650) Pause Young (Allocation Failure) 1138M->737M(1559M) 64,725ms
[159,257s][info][gc] GC(651) Pause Young (Allocation Failure) 1168M->767M(1559M) 64,666ms
[159,470s][info][gc] GC(652) Pause Young (Allocation Failure) 1197M->796M(1559M) 64,609ms
[159,685s][info][gc] GC(653) Pause Young (Allocation Failure) 1226M->825M(1559M) 65,091ms
[159,898s][info][gc] GC(654) Pause Young (Allocation Failure) 1255M->854M(1559M) 64,691ms
[160,111s][info][gc] GC(655) Pause Young (Allocation Failure) 1284M->883M(1559M) 64,677ms
[160,325s][info][gc] GC(656) Pause Young (Allocation Failure) 1313M->912M(1559M) 64,765ms
[160,538s][info][gc] GC(657) Pause Young (Allocation Failure) 1342M->941M(1559M) 64,787ms
[160,751s][info][gc] GC(658) Pause Young (Allocation Failure) 1371M->970M(1559M) 64,971ms
[160,973s][info][gc] GC(659) Pause Young (Allocation Failure) 1401M->1000M(1559M) 73,756ms
[161,189s][info][gc] GC(660) Pause Young (Allocation Failure) 1430M->1029M(1559M) 64,651ms
[161,402s][info][gc] GC(661) Pause Young (Allocation Failure) 1459M->1058M(1559M) 64,864ms
[161,616s][info][gc] GC(662) Pause Young (Allocation Failure) 1488M->1087M(1559M) 65,205ms
[161,834s][info][gc] GC(663) Pause Young (Allocation Failure) 1517M->1116M(1569M) 69,174ms
[162,894s][info][gc] GC(664) Pause Full (Allocation Failure) 1116M->645M(1559M) 1059,479ms
[163,081s][info][gc] GC(665) Pause Young (Allocation Failure) 1075M->675M(1559M) 41,435ms
[163,298s][info][gc] GC(666) Pause Young (Allocation Failure) 1106M->704M(1559M) 64,119ms
[163,511s][info][gc] GC(667) Pause Young (Allocation Failure) 1135M->734M(1559M) 64,012ms
[163,723s][info][gc] GC(668) Pause Young (Allocation Failure) 1164M->763M(1559M) 63,975ms
[163,936s][info][gc] GC(669) Pause Young (Allocation Failure) 1193M->792M(1559M) 64,163ms
[164,148s][info][gc] GC(670) Pause Young (Allocation Failure) 1222M->821M(1559M) 64,040ms
[164,361s][info][gc] GC(671) Pause Young (Allocation Failure) 1251M->850M(1559M) 64,052ms
[164,574s][info][gc] GC(672) Pause Young (Allocation Failure) 1280M->879M(1559M) 65,121ms
[164,787s][info][gc] GC(673) Pause Young (Allocation Failure) 1309M->908M(1559M) 64,061ms
[165,008s][info][gc] GC(674) Pause Young (Allocation Failure) 1338M->937M(1559M) 73,150ms
[165,232s][info][gc] GC(675) Pause Young (Allocation Failure) 1367M->966M(1559M) 73,331ms
[165,446s][info][gc] GC(676) Pause Young (Allocation Failure) 1396M->995M(1559M) 64,242ms
[165,658s][info][gc] GC(677) Pause Young (Allocation Failure) 1425M->1024M(1559M) 64,453ms
[165,871s][info][gc] GC(678) Pause Young (Allocation Failure) 1454M->1053M(1559M) 64,662ms
[166,084s][info][gc] GC(679) Pause Young (Allocation Failure) 1484M->1083M(1559M) 64,345ms
[166,306s][info][gc] GC(680) Pause Young (Allocation Failure) 1513M->1112M(1565M) 72,053ms
[167,359s][info][gc] GC(681) Pause Full (Allocation Failure) 1112M->644M(1559M) 1052,997ms
[167,549s][info][gc] GC(682) Pause Young (Allocation Failure) 1075M->675M(1559M) 42,060ms
[167,767s][info][gc] GC(683) Pause Young (Allocation Failure) 1105M->704M(1559M) 64,879ms
[167,980s][info][gc] GC(684) Pause Young (Allocation Failure) 1134M->733M(1559M) 64,623ms
[168,199s][info][gc] GC(685) Pause Young (Allocation Failure) 1164M->762M(1559M) 65,506ms
[168,414s][info][gc] GC(686) Pause Young (Allocation Failure) 1193M->791M(1559M) 65,649ms
[168,636s][info][gc] GC(687) Pause Young (Allocation Failure) 1222M->820M(1559M) 66,193ms
[168,851s][info][gc] GC(688) Pause Young (Allocation Failure) 1251M->850M(1559M) 64,194ms
[169,063s][info][gc] GC(689) Pause Young (Allocation Failure) 1280M->879M(1559M) 64,151ms
[169,277s][info][gc] GC(690) Pause Young (Allocation Failure) 1309M->908M(1559M) 64,512ms
[169,489s][info][gc] GC(691) Pause Young (Allocation Failure) 1338M->937M(1559M) 64,311ms
[169,702s][info][gc] GC(692) Pause Young (Allocation Failure) 1367M->966M(1559M) 64,155ms
[169,915s][info][gc] GC(693) Pause Young (Allocation Failure) 1396M->995M(1559M) 64,546ms
[170,129s][info][gc] GC(694) Pause Young (Allocation Failure) 1425M->1024M(1559M) 64,618ms
[170,342s][info][gc] GC(695) Pause Young (Allocation Failure) 1454M->1053M(1559M) 64,386ms
[170,555s][info][gc] GC(696) Pause Young (Allocation Failure) 1483M->1082M(1559M) 64,584ms
[170,770s][info][gc] GC(697) Pause Young (Allocation Failure) 1513M->1111M(1565M) 66,770ms
[171,816s][info][gc] GC(698) Pause Full (Allocation Failure) 1111M->644M(1559M) 1045,632ms
[172,005s][info][gc] GC(699) Pause Young (Allocation Failure) 1075M->675M(1559M) 41,849ms
[172,223s][info][gc] GC(700) Pause Young (Allocation Failure) 1105M->704M(1559M) 64,325ms
[172,436s][info][gc] GC(701) Pause Young (Allocation Failure) 1135M->733M(1559M) 64,338ms
[172,648s][info][gc] GC(702) Pause Young (Allocation Failure) 1164M->762M(1559M) 64,504ms
[172,861s][info][gc] GC(703) Pause Young (Allocation Failure) 1193M->792M(1559M) 64,583ms
[173,074s][info][gc] GC(704) Pause Young (Allocation Failure) 1222M->821M(1559M) 64,364ms
[173,296s][info][gc] GC(705) Pause Young (Allocation Failure) 1251M->850M(1559M) 72,765ms
[173,515s][info][gc] GC(706) Pause Young (Allocation Failure) 1280M->879M(1559M) 66,022ms
[173,732s][info][gc] GC(707) Pause Young (Allocation Failure) 1309M->908M(1559M) 64,353ms
[173,945s][info][gc] GC(708) Pause Young (Allocation Failure) 1338M->937M(1559M) 64,655ms
[174,159s][info][gc] GC(709) Pause Young (Allocation Failure) 1367M->966M(1559M) 64,739ms
[174,372s][info][gc] GC(710) Pause Young (Allocation Failure) 1396M->995M(1559M) 64,624ms
[174,585s][info][gc] GC(711) Pause Young (Allocation Failure) 1425M->1024M(1559M) 64,456ms
[174,800s][info][gc] GC(712) Pause Young (Allocation Failure) 1455M->1053M(1559M) 64,855ms
[175,013s][info][gc] GC(713) Pause Young (Allocation Failure) 1484M->1083M(1559M) 64,621ms
[175,229s][info][gc] GC(714) Pause Young (Allocation Failure) 1513M->1112M(1565M) 67,006ms
[176,278s][info][gc] GC(715) Pause Full (Allocation Failure) 1112M->590M(1559M) 1048,793ms
[176,466s][info][gc] GC(716) Pause Young (Allocation Failure) 1021M->621M(1559M) 41,697ms
[176,684s][info][gc] GC(717) Pause Young (Allocation Failure) 1051M->650M(1559M) 64,559ms
[176,897s][info][gc] GC(718) Pause Young (Allocation Failure) 1080M->679M(1559M) 64,673ms
[177,110s][info][gc] GC(719) Pause Young (Allocation Failure) 1110M->708M(1559M) 64,552ms
[177,323s][info][gc] GC(720) Pause Young (Allocation Failure) 1139M->738M(1559M) 64,606ms
[177,536s][info][gc] GC(721) Pause Young (Allocation Failure) 1168M->767M(1559M) 64,352ms
[177,749s][info][gc] GC(722) Pause Young (Allocation Failure) 1197M->796M(1559M) 64,420ms
[177,963s][info][gc] GC(723) Pause Young (Allocation Failure) 1226M->825M(1559M) 64,876ms
[178,178s][info][gc] GC(724) Pause Young (Allocation Failure) 1255M->854M(1559M) 64,395ms
[178,391s][info][gc] GC(725) Pause Young (Allocation Failure) 1284M->883M(1559M) 64,487ms
[178,604s][info][gc] GC(726) Pause Young (Allocation Failure) 1313M->912M(1559M) 64,696ms
[178,823s][info][gc] GC(727) Pause Young (Allocation Failure) 1343M->941M(1559M) 65,120ms
[179,037s][info][gc] GC(728) Pause Young (Allocation Failure) 1372M->971M(1559M) 65,444ms
[179,250s][info][gc] GC(729) Pause Young (Allocation Failure) 1401M->1000M(1559M) 64,754ms
[179,463s][info][gc] GC(730) Pause Young (Allocation Failure) 1430M->1029M(1559M) 64,584ms
[179,677s][info][gc] GC(731) Pause Young (Allocation Failure) 1459M->1058M(1559M) 64,702ms
[179,890s][info][gc] GC(732) Pause Young (Allocation Failure) 1488M->1087M(1559M) 64,711ms
[180,107s][info][gc] GC(733) Pause Young (Allocation Failure) 1517M->1116M(1569M) 69,157ms
[181,171s][info][gc] GC(734) Pause Full (Allocation Failure) 1116M->645M(1559M) 1063,933ms
[181,360s][info][gc] GC(735) Pause Young (Allocation Failure) 1075M->675M(1559M) 41,940ms
[181,578s][info][gc] GC(736) Pause Young (Allocation Failure) 1106M->704M(1559M) 64,718ms
[181,791s][info][gc] GC(737) Pause Young (Allocation Failure) 1135M->734M(1559M) 64,669ms
[182,005s][info][gc] GC(738) Pause Young (Allocation Failure) 1164M->763M(1559M) 64,591ms
[182,217s][info][gc] GC(739) Pause Young (Allocation Failure) 1193M->792M(1559M) 64,648ms
[182,431s][info][gc] GC(740) Pause Young (Allocation Failure) 1222M->821M(1559M) 64,819ms
[182,664s][info][gc] GC(741) Pause Young (Allocation Failure) 1251M->850M(1559M) 72,946ms
[182,879s][info][gc] GC(742) Pause Young (Allocation Failure) 1280M->879M(1559M) 64,539ms
[183,092s][info][gc] GC(743) Pause Young (Allocation Failure) 1309M->908M(1559M) 64,373ms
[183,304s][info][gc] GC(744) Pause Young (Allocation Failure) 1338M->937M(1559M) 64,251ms
[183,517s][info][gc] GC(745) Pause Young (Allocation Failure) 1367M->966M(1559M) 64,467ms
[183,730s][info][gc] GC(746) Pause Young (Allocation Failure) 1397M->995M(1559M) 64,373ms
[183,944s][info][gc] GC(747) Pause Young (Allocation Failure) 1426M->1025M(1559M) 64,864ms
[184,157s][info][gc] GC(748) Pause Young (Allocation Failure) 1455M->1054M(1559M) 64,418ms
[184,370s][info][gc] GC(749) Pause Young (Allocation Failure) 1484M->1083M(1559M) 64,468ms
[184,585s][info][gc] GC(750) Pause Young (Allocation Failure) 1513M->1112M(1565M) 66,720ms
[185,632s][info][gc] GC(751) Pause Full (Allocation Failure) 1112M->644M(1559M) 1047,039ms
[185,820s][info][gc] GC(752) Pause Young (Allocation Failure) 1075M->675M(1559M) 41,731ms
[186,037s][info][gc] GC(753) Pause Young (Allocation Failure) 1105M->704M(1559M) 64,283ms
[186,250s][info][gc] GC(754) Pause Young (Allocation Failure) 1134M->733M(1559M) 64,230ms
[186,463s][info][gc] GC(755) Pause Young (Allocation Failure) 1164M->762M(1559M) 64,419ms
[186,676s][info][gc] GC(756) Pause Young (Allocation Failure) 1193M->791M(1559M) 64,179ms
[186,888s][info][gc] GC(757) Pause Young (Allocation Failure) 1222M->821M(1559M) 64,220ms
[187,101s][info][gc] GC(758) Pause Young (Allocation Failure) 1251M->850M(1559M) 64,207ms
[187,313s][info][gc] GC(759) Pause Young (Allocation Failure) 1280M->879M(1559M) 64,168ms
[187,526s][info][gc] GC(760) Pause Young (Allocation Failure) 1309M->908M(1559M) 64,326ms
[187,739s][info][gc] GC(761) Pause Young (Allocation Failure) 1338M->937M(1559M) 64,249ms
[187,951s][info][gc] GC(762) Pause Young (Allocation Failure) 1367M->966M(1559M) 64,344ms
[188,164s][info][gc] GC(763) Pause Young (Allocation Failure) 1396M->995M(1559M) 64,420ms
[188,377s][info][gc] GC(764) Pause Young (Allocation Failure) 1425M->1024M(1559M) 64,413ms
[188,589s][info][gc] GC(765) Pause Young (Allocation Failure) 1454M->1053M(1559M) 64,393ms
[188,805s][info][gc] GC(766) Pause Young (Allocation Failure) 1483M->1082M(1559M) 64,910ms
[189,021s][info][gc] GC(767) Pause Young (Allocation Failure) 1513M->1112M(1565M) 67,129ms
[190,065s][info][gc] GC(768) Pause Full (Allocation Failure) 1112M->644M(1559M) 1044,268ms
[190,253s][info][gc] GC(769) Pause Young (Allocation Failure) 1075M->675M(1559M) 41,742ms
[190,471s][info][gc] GC(770) Pause Young (Allocation Failure) 1105M->704M(1559M) 64,514ms
[190,684s][info][gc] GC(771) Pause Young (Allocation Failure) 1134M->733M(1559M) 64,375ms
[190,898s][info][gc] GC(772) Pause Young (Allocation Failure) 1164M->762M(1559M) 64,621ms
[191,111s][info][gc] GC(773) Pause Young (Allocation Failure) 1193M->792M(1559M) 64,536ms
[191,324s][info][gc] GC(774) Pause Young (Allocation Failure) 1222M->821M(1559M) 64,871ms
[191,545s][info][gc] GC(775) Pause Young (Allocation Failure) 1251M->850M(1559M) 72,788ms
[191,768s][info][gc] GC(776) Pause Young (Allocation Failure) 1280M->879M(1559M) 72,010ms
[191,982s][info][gc] GC(777) Pause Young (Allocation Failure) 1309M->908M(1559M) 64,205ms
[192,194s][info][gc] GC(778) Pause Young (Allocation Failure) 1338M->937M(1559M) 64,449ms
[192,407s][info][gc] GC(779) Pause Young (Allocation Failure) 1367M->966M(1559M) 64,089ms
[192,619s][info][gc] GC(780) Pause Young (Allocation Failure) 1396M->995M(1559M) 64,036ms
[192,831s][info][gc] GC(781) Pause Young (Allocation Failure) 1425M->1024M(1559M) 64,108ms
[193,043s][info][gc] GC(782) Pause Young (Allocation Failure) 1455M->1054M(1559M) 64,089ms
[193,255s][info][gc] GC(783) Pause Young (Allocation Failure) 1484M->1083M(1559M) 64,052ms
[193,470s][info][gc] GC(784) Pause Young (Allocation Failure) 1513M->1112M(1565M) 66,372ms
[194,511s][info][gc] GC(785) Pause Full (Allocation Failure) 1112M->590M(1559M) 1041,626ms
[194,701s][info][gc] GC(786) Pause Young (Allocation Failure) 1021M->621M(1559M) 42,211ms
[194,918s][info][gc] GC(787) Pause Young (Allocation Failure) 1051M->650M(1559M) 65,030ms
[195,133s][info][gc] GC(788) Pause Young (Allocation Failure) 1080M->679M(1559M) 65,153ms
[195,363s][info][gc] GC(789) Pause Young (Allocation Failure) 1110M->708M(1559M) 66,114ms
[195,592s][info][gc] GC(790) Pause Young (Allocation Failure) 1139M->737M(1559M) 66,689ms
[195,806s][info][gc] GC(791) Pause Young (Allocation Failure) 1168M->767M(1559M) 64,410ms
[196,018s][info][gc] GC(792) Pause Young (Allocation Failure) 1197M->796M(1559M) 64,266ms
[196,231s][info][gc] GC(793) Pause Young (Allocation Failure) 1226M->825M(1559M) 64,024ms
[196,443s][info][gc] GC(794) Pause Young (Allocation Failure) 1255M->854M(1559M) 64,113ms
[196,655s][info][gc] GC(795) Pause Young (Allocation Failure) 1284M->883M(1559M) 64,005ms
[196,868s][info][gc] GC(796) Pause Young (Allocation Failure) 1313M->912M(1559M) 64,133ms
[197,080s][info][gc] GC(797) Pause Young (Allocation Failure) 1342M->941M(1559M) 64,172ms
[197,292s][info][gc] GC(798) Pause Young (Allocation Failure) 1371M->970M(1559M) 64,061ms
[197,508s][info][gc] GC(799) Pause Young (Allocation Failure) 1400M->999M(1559M) 66,846ms
[197,721s][info][gc] GC(800) Pause Young (Allocation Failure) 1430M->1029M(1559M) 64,567ms
[197,934s][info][gc] GC(801) Pause Young (Allocation Failure) 1459M->1058M(1559M) 64,299ms
[198,154s][info][gc] GC(802) Pause Young (Allocation Failure) 1488M->1087M(1559M) 66,737ms
[198,385s][info][gc] GC(803) Pause Young (Allocation Failure) 1517M->1116M(1569M) 73,364ms
[199,442s][info][gc] GC(804) Pause Full (Allocation Failure) 1116M->645M(1559M) 1056,541ms
[199,638s][info][gc] GC(805) Pause Young (Allocation Failure) 1075M->675M(1559M) 41,443ms
[199,867s][info][gc] GC(806) Pause Young (Allocation Failure) 1106M->704M(1559M) 68,455ms
[200,086s][info][gc] GC(807) Pause Young (Allocation Failure) 1135M->734M(1559M) 64,342ms
[200,299s][info][gc] GC(808) Pause Young (Allocation Failure) 1164M->763M(1559M) 64,434ms
[200,517s][info][gc] GC(809) Pause Young (Allocation Failure) 1193M->792M(1559M) 65,096ms
[200,730s][info][gc] GC(810) Pause Young (Allocation Failure) 1222M->821M(1559M) 64,276ms
[200,942s][info][gc] GC(811) Pause Young (Allocation Failure) 1251M->850M(1559M) 64,195ms
[201,155s][info][gc] GC(812) Pause Young (Allocation Failure) 1280M->879M(1559M) 64,418ms
[201,377s][info][gc] GC(813) Pause Young (Allocation Failure) 1309M->908M(1559M) 73,441ms
[201,596s][info][gc] GC(814) Pause Young (Allocation Failure) 1338M->937M(1559M) 68,198ms
[201,812s][info][gc] GC(815) Pause Young (Allocation Failure) 1367M->966M(1559M) 64,592ms
[202,025s][info][gc] GC(816) Pause Young (Allocation Failure) 1397M->995M(1559M) 64,419ms
[202,238s][info][gc] GC(817) Pause Young (Allocation Failure) 1426M->1025M(1559M) 64,337ms
[202,451s][info][gc] GC(818) Pause Young (Allocation Failure) 1455M->1054M(1559M) 64,358ms
[202,664s][info][gc] GC(819) Pause Young (Allocation Failure) 1484M->1083M(1559M) 64,911ms
[202,880s][info][gc] GC(820) Pause Young (Allocation Failure) 1513M->1112M(1565M) 66,795ms
[203,929s][info][gc] GC(821) Pause Full (Allocation Failure) 1112M->644M(1559M) 1048,665ms
[204,117s][info][gc] GC(822) Pause Young (Allocation Failure) 1075M->675M(1559M) 41,546ms
[204,333s][info][gc] GC(823) Pause Young (Allocation Failure) 1105M->704M(1559M) 64,068ms
[204,546s][info][gc] GC(824) Pause Young (Allocation Failure) 1135M->733M(1559M) 64,226ms
[204,760s][info][gc] GC(825) Pause Young (Allocation Failure) 1164M->763M(1559M) 65,884ms
[204,974s][info][gc] GC(826) Pause Young (Allocation Failure) 1193M->792M(1559M) 64,900ms
[205,193s][info][gc] GC(827) Pause Young (Allocation Failure) 1222M->821M(1559M) 66,837ms
[205,416s][info][gc] GC(828) Pause Young (Allocation Failure) 1251M->850M(1559M) 66,608ms
[205,643s][info][gc] GC(829) Pause Young (Allocation Failure) 1280M->879M(1559M) 68,032ms
[205,873s][info][gc] GC(830) Pause Young (Allocation Failure) 1309M->908M(1559M) 66,953ms
[206,086s][info][gc] GC(831) Pause Young (Allocation Failure) 1338M->937M(1559M) 64,397ms
[206,305s][info][gc] GC(832) Pause Young (Allocation Failure) 1367M->966M(1559M) 65,690ms
[206,519s][info][gc] GC(833) Pause Young (Allocation Failure) 1396M->995M(1559M) 65,229ms
[206,732s][info][gc] GC(834) Pause Young (Allocation Failure) 1426M->1025M(1559M) 64,255ms
[206,945s][info][gc] GC(835) Pause Young (Allocation Failure) 1455M->1054M(1559M) 64,566ms
[207,167s][info][gc] GC(836) Pause Young (Allocation Failure) 1484M->1083M(1559M) 69,175ms
[207,385s][info][gc] GC(837) Pause Young (Allocation Failure) 1513M->1112M(1565M) 66,789ms
[208,442s][info][gc] GC(838) Pause Full (Allocation Failure) 1112M->644M(1559M) 1057,080ms
[208,654s][info][gc] GC(839) Pause Young (Allocation Failure) 1075M->675M(1559M) 44,209ms
[208,880s][info][gc] GC(840) Pause Young (Allocation Failure) 1105M->704M(1559M) 65,755ms
[209,098s][info][gc] GC(841) Pause Young (Allocation Failure) 1135M->733M(1559M) 66,371ms
[209,312s][info][gc] GC(842) Pause Young (Allocation Failure) 1164M->763M(1559M) 65,436ms
[209,527s][info][gc] GC(843) Pause Young (Allocation Failure) 1193M->792M(1559M) 65,204ms
[209,747s][info][gc] GC(844) Pause Young (Allocation Failure) 1222M->821M(1559M) 68,313ms
[209,979s][info][gc] GC(845) Pause Young (Allocation Failure) 1251M->850M(1559M) 67,931ms
[210,211s][info][gc] GC(846) Pause Young (Allocation Failure) 1280M->879M(1559M) 64,701ms
[210,433s][info][gc] GC(847) Pause Young (Allocation Failure) 1309M->908M(1559M) 65,372ms
[210,657s][info][gc] GC(848) Pause Young (Allocation Failure) 1338M->937M(1559M) 62,900ms
[210,878s][info][gc] GC(849) Pause Young (Allocation Failure) 1367M->966M(1559M) 66,075ms
[211,098s][info][gc] GC(850) Pause Young (Allocation Failure) 1397M->995M(1559M) 64,385ms
[211,318s][info][gc] GC(851) Pause Young (Allocation Failure) 1426M->1024M(1559M) 65,967ms
[211,543s][info][gc] GC(852) Pause Young (Allocation Failure) 1455M->1054M(1559M) 74,352ms
[211,767s][info][gc] GC(853) Pause Young (Allocation Failure) 1484M->1083M(1559M) 74,014ms
[211,994s][info][gc] GC(854) Pause Young (Allocation Failure) 1513M->1112M(1565M) 76,187ms
[213,082s][info][gc] GC(855) Pause Full (Allocation Failure) 1112M->590M(1559M) 1087,344ms
[213,271s][info][gc] GC(856) Pause Young (Allocation Failure) 1021M->621M(1559M) 42,111ms
[213,489s][info][gc] GC(857) Pause Young (Allocation Failure) 1051M->650M(1559M) 64,885ms
[213,705s][info][gc] GC(858) Pause Young (Allocation Failure) 1080M->679M(1559M) 65,530ms
[213,920s][info][gc] GC(859) Pause Young (Allocation Failure) 1109M->708M(1559M) 65,527ms
[214,133s][info][gc] GC(860) Pause Young (Allocation Failure) 1139M->737M(1559M) 64,635ms
[214,346s][info][gc] GC(861) Pause Young (Allocation Failure) 1168M->767M(1559M) 64,434ms
[214,559s][info][gc] GC(862) Pause Young (Allocation Failure) 1197M->796M(1559M) 64,394ms
[214,772s][info][gc] GC(863) Pause Young (Allocation Failure) 1226M->825M(1559M) 64,542ms
[214,985s][info][gc] GC(864) Pause Young (Allocation Failure) 1255M->854M(1559M) 64,649ms
[215,198s][info][gc] GC(865) Pause Young (Allocation Failure) 1284M->883M(1559M) 64,556ms
[215,411s][info][gc] GC(866) Pause Young (Allocation Failure) 1313M->912M(1559M) 64,469ms
[215,624s][info][gc] GC(867) Pause Young (Allocation Failure) 1342M->941M(1559M) 64,287ms
[215,836s][info][gc] GC(868) Pause Young (Allocation Failure) 1371M->970M(1559M) 64,549ms
[216,054s][info][gc] GC(869) Pause Young (Allocation Failure) 1400M->999M(1559M) 65,784ms
[216,267s][info][gc] GC(870) Pause Young (Allocation Failure) 1429M->1028M(1559M) 65,043ms
[216,485s][info][gc] GC(871) Pause Young (Allocation Failure) 1459M->1058M(1559M) 65,892ms
[216,700s][info][gc] GC(872) Pause Young (Allocation Failure) 1488M->1087M(1559M) 64,625ms
[216,917s][info][gc] GC(873) Pause Young (Allocation Failure) 1517M->1116M(1569M) 68,524ms
[218,038s][info][gc] GC(874) Pause Full (Allocation Failure) 1116M->645M(1559M) 1120,105ms
[218,227s][info][gc] GC(875) Pause Young (Allocation Failure) 1075M->675M(1559M) 42,171ms
[218,445s][info][gc] GC(876) Pause Young (Allocation Failure) 1106M->705M(1559M) 64,828ms
[218,658s][info][gc] GC(877) Pause Young (Allocation Failure) 1135M->734M(1559M) 64,906ms
[218,872s][info][gc] GC(878) Pause Young (Allocation Failure) 1164M->763M(1559M) 64,429ms
[219,084s][info][gc] GC(879) Pause Young (Allocation Failure) 1193M->792M(1559M) 64,182ms
[219,297s][info][gc] GC(880) Pause Young (Allocation Failure) 1222M->821M(1559M) 64,397ms
[219,523s][info][gc] GC(881) Pause Young (Allocation Failure) 1251M->850M(1559M) 64,806ms
[219,740s][info][gc] GC(882) Pause Young (Allocation Failure) 1280M->879M(1559M) 65,536ms
[219,953s][info][gc] GC(883) Pause Young (Allocation Failure) 1309M->908M(1559M) 64,625ms
[220,166s][info][gc] GC(884) Pause Young (Allocation Failure) 1338M->937M(1559M) 64,357ms
[220,379s][info][gc] GC(885) Pause Young (Allocation Failure) 1368M->966M(1559M) 64,324ms
[220,592s][info][gc] GC(886) Pause Young (Allocation Failure) 1397M->995M(1559M) 64,793ms
[220,806s][info][gc] GC(887) Pause Young (Allocation Failure) 1426M->1025M(1559M) 64,941ms
[221,019s][info][gc] GC(888) Pause Young (Allocation Failure) 1455M->1054M(1559M) 64,917ms
[221,232s][info][gc] GC(889) Pause Young (Allocation Failure) 1484M->1083M(1559M) 64,318ms
[221,447s][info][gc] GC(890) Pause Young (Allocation Failure) 1513M->1112M(1565M) 66,671ms
[222,493s][info][gc] GC(891) Pause Full (Allocation Failure) 1112M->644M(1559M) 1045,678ms
[222,681s][info][gc] GC(892) Pause Young (Allocation Failure) 1075M->675M(1559M) 41,588ms
[222,898s][info][gc] GC(893) Pause Young (Allocation Failure) 1105M->704M(1559M) 64,712ms
[223,110s][info][gc] GC(894) Pause Young (Allocation Failure) 1134M->733M(1559M) 64,001ms
[223,324s][info][gc] GC(895) Pause Young (Allocation Failure) 1164M->762M(1559M) 64,474ms
[223,537s][info][gc] GC(896) Pause Young (Allocation Failure) 1193M->792M(1559M) 64,752ms
[223,751s][info][gc] GC(897) Pause Young (Allocation Failure) 1222M->821M(1559M) 64,581ms
[223,964s][info][gc] GC(898) Pause Young (Allocation Failure) 1251M->850M(1559M) 64,408ms
[224,176s][info][gc] GC(899) Pause Young (Allocation Failure) 1280M->879M(1559M) 64,166ms
[224,388s][info][gc] GC(900) Pause Young (Allocation Failure) 1309M->908M(1559M) 64,172ms
[224,601s][info][gc] GC(901) Pause Young (Allocation Failure) 1338M->937M(1559M) 64,455ms
[224,814s][info][gc] GC(902) Pause Young (Allocation Failure) 1368M->966M(1559M) 64,725ms
[225,028s][info][gc] GC(903) Pause Young (Allocation Failure) 1397M->996M(1559M) 64,733ms
[225,264s][info][gc] GC(904) Pause Young (Allocation Failure) 1426M->1025M(1559M) 75,655ms
[225,480s][info][gc] GC(905) Pause Young (Allocation Failure) 1455M->1054M(1559M) 65,036ms
[225,699s][info][gc] GC(906) Pause Young (Allocation Failure) 1484M->1083M(1559M) 67,043ms
[225,923s][info][gc] GC(907) Pause Young (Allocation Failure) 1513M->1112M(1565M) 68,978ms
[226,976s][info][gc] GC(908) Pause Full (Allocation Failure) 1112M->644M(1559M) 1053,295ms
[227,164s][info][gc] GC(909) Pause Young (Allocation Failure) 1075M->675M(1559M) 41,461ms
[227,381s][info][gc] GC(910) Pause Young (Allocation Failure) 1105M->704M(1559M) 63,960ms
[227,600s][info][gc] GC(911) Pause Young (Allocation Failure) 1134M->733M(1559M) 70,889ms
[227,814s][info][gc] GC(912) Pause Young (Allocation Failure) 1164M->762M(1559M) 64,498ms
[228,028s][info][gc] GC(913) Pause Young (Allocation Failure) 1193M->792M(1559M) 65,079ms
[228,251s][info][gc] GC(914) Pause Young (Allocation Failure) 1222M->821M(1559M) 66,561ms
[228,465s][info][gc] GC(915) Pause Young (Allocation Failure) 1251M->850M(1559M) 64,819ms
[228,680s][info][gc] GC(916) Pause Young (Allocation Failure) 1280M->879M(1559M) 65,569ms
[228,903s][info][gc] GC(917) Pause Young (Allocation Failure) 1309M->908M(1559M) 73,665ms
[229,128s][info][gc] GC(918) Pause Young (Allocation Failure) 1338M->937M(1559M) 73,443ms
[229,342s][info][gc] GC(919) Pause Young (Allocation Failure) 1367M->966M(1559M) 64,523ms
[229,556s][info][gc] GC(920) Pause Young (Allocation Failure) 1397M->995M(1559M) 64,574ms
[229,769s][info][gc] GC(921) Pause Young (Allocation Failure) 1426M->1025M(1559M) 64,713ms
[229,983s][info][gc] GC(922) Pause Young (Allocation Failure) 1455M->1054M(1559M) 64,668ms
[230,224s][info][gc] GC(923) Pause Young (Allocation Failure) 1484M->1083M(1559M) 69,572ms
[230,463s][info][gc] GC(924) Pause Young (Allocation Failure) 1513M->1112M(1565M) 71,400ms
[231,540s][info][gc] GC(925) Pause Full (Allocation Failure) 1112M->590M(1559M) 1077,295ms
[231,729s][info][gc] GC(926) Pause Young (Allocation Failure) 1021M->621M(1559M) 42,472ms
[231,948s][info][gc] GC(927) Pause Young (Allocation Failure) 1051M->650M(1559M) 65,436ms
[232,161s][info][gc] GC(928) Pause Young (Allocation Failure) 1080M->679M(1559M) 65,252ms
[232,375s][info][gc] GC(929) Pause Young (Allocation Failure) 1109M->708M(1559M) 65,189ms
[232,589s][info][gc] GC(930) Pause Young (Allocation Failure) 1139M->737M(1559M) 64,958ms
[232,802s][info][gc] GC(931) Pause Young (Allocation Failure) 1168M->767M(1559M) 64,635ms
[233,015s][info][gc] GC(932) Pause Young (Allocation Failure) 1197M->796M(1559M) 64,821ms
[233,229s][info][gc] GC(933) Pause Young (Allocation Failure) 1226M->825M(1559M) 65,159ms
[233,444s][info][gc] GC(934) Pause Young (Allocation Failure) 1255M->854M(1559M) 65,551ms
[233,658s][info][gc] GC(935) Pause Young (Allocation Failure) 1284M->883M(1559M) 65,235ms
[233,872s][info][gc] GC(936) Pause Young (Allocation Failure) 1313M->912M(1559M) 65,095ms
[234,085s][info][gc] GC(937) Pause Young (Allocation Failure) 1342M->941M(1559M) 65,086ms
[234,298s][info][gc] GC(938) Pause Young (Allocation Failure) 1371M->970M(1559M) 64,592ms
[234,511s][info][gc] GC(939) Pause Young (Allocation Failure) 1400M->999M(1559M) 64,333ms
[234,724s][info][gc] GC(940) Pause Young (Allocation Failure) 1430M->1028M(1559M) 64,610ms
[234,937s][info][gc] GC(941) Pause Young (Allocation Failure) 1459M->1058M(1559M) 64,584ms
[235,149s][info][gc] GC(942) Pause Young (Allocation Failure) 1488M->1087M(1559M) 64,287ms
[235,374s][info][gc] GC(943) Pause Young (Allocation Failure) 1517M->1116M(1569M) 68,436ms
[236,434s][info][gc] GC(944) Pause Full (Allocation Failure) 1116M->645M(1559M) 1060,679ms
[236,623s][info][gc] GC(945) Pause Young (Allocation Failure) 1075M->675M(1559M) 41,822ms
[236,841s][info][gc] GC(946) Pause Young (Allocation Failure) 1106M->705M(1559M) 64,917ms
[237,054s][info][gc] GC(947) Pause Young (Allocation Failure) 1135M->734M(1559M) 64,266ms
[237,268s][info][gc] GC(948) Pause Young (Allocation Failure) 1164M->763M(1559M) 64,457ms
[237,481s][info][gc] GC(949) Pause Young (Allocation Failure) 1193M->792M(1559M) 64,363ms
[237,693s][info][gc] GC(950) Pause Young (Allocation Failure) 1222M->821M(1559M) 64,111ms
[237,906s][info][gc] GC(951) Pause Young (Allocation Failure) 1251M->850M(1559M) 64,198ms
[238,119s][info][gc] GC(952) Pause Young (Allocation Failure) 1280M->879M(1559M) 64,247ms
[238,332s][info][gc] GC(953) Pause Young (Allocation Failure) 1309M->908M(1559M) 64,517ms
[238,546s][info][gc] GC(954) Pause Young (Allocation Failure) 1339M->937M(1559M) 64,568ms
[238,762s][info][gc] GC(955) Pause Young (Allocation Failure) 1368M->967M(1559M) 65,394ms
[238,979s][info][gc] GC(956) Pause Young (Allocation Failure) 1397M->996M(1559M) 65,315ms
[239,192s][info][gc] GC(957) Pause Young (Allocation Failure) 1426M->1025M(1559M) 64,719ms
[239,406s][info][gc] GC(958) Pause Young (Allocation Failure) 1455M->1054M(1559M) 64,998ms
[239,620s][info][gc] GC(959) Pause Young (Allocation Failure) 1484M->1083M(1559M) 65,088ms
[239,836s][info][gc] GC(960) Pause Young (Allocation Failure) 1513M->1112M(1565M) 67,290ms
[240,941s][info][gc] GC(961) Pause Full (Allocation Failure) 1112M->644M(1559M) 1105,642ms
[241,130s][info][gc] GC(962) Pause Young (Allocation Failure) 1075M->675M(1559M) 41,861ms
[241,348s][info][gc] GC(963) Pause Young (Allocation Failure) 1105M->704M(1559M) 65,107ms
[241,561s][info][gc] GC(964) Pause Young (Allocation Failure) 1135M->734M(1559M) 64,742ms
[241,776s][info][gc] GC(965) Pause Young (Allocation Failure) 1164M->763M(1559M) 64,980ms
[241,990s][info][gc] GC(966) Pause Young (Allocation Failure) 1193M->792M(1559M) 64,715ms
[242,202s][info][gc] GC(967) Pause Young (Allocation Failure) 1222M->821M(1559M) 64,541ms
[242,416s][info][gc] GC(968) Pause Young (Allocation Failure) 1251M->850M(1559M) 64,804ms
[242,645s][info][gc] GC(969) Pause Young (Allocation Failure) 1280M->879M(1559M) 74,882ms
[242,860s][info][gc] GC(970) Pause Young (Allocation Failure) 1309M->908M(1559M) 64,561ms
[243,073s][info][gc] GC(971) Pause Young (Allocation Failure) 1338M->937M(1559M) 64,197ms
[243,285s][info][gc] GC(972) Pause Young (Allocation Failure) 1368M->966M(1559M) 64,135ms
[243,498s][info][gc] GC(973) Pause Young (Allocation Failure) 1397M->995M(1559M) 64,217ms
[243,710s][info][gc] GC(974) Pause Young (Allocation Failure) 1426M->1025M(1559M) 64,344ms
[243,926s][info][gc] GC(975) Pause Young (Allocation Failure) 1455M->1054M(1559M) 64,687ms
[244,140s][info][gc] GC(976) Pause Young (Allocation Failure) 1484M->1083M(1559M) 64,583ms
[244,355s][info][gc] GC(977) Pause Young (Allocation Failure) 1513M->1112M(1565M) 66,519ms
[245,397s][info][gc] GC(978) Pause Full (Allocation Failure) 1112M->644M(1559M) 1041,928ms
[245,586s][info][gc] GC(979) Pause Young (Allocation Failure) 1075M->675M(1559M) 41,396ms
[245,802s][info][gc] GC(980) Pause Young (Allocation Failure) 1105M->704M(1559M) 63,998ms
[246,023s][info][gc] GC(981) Pause Young (Allocation Failure) 1134M->733M(1559M) 72,985ms
[246,237s][info][gc] GC(982) Pause Young (Allocation Failure) 1164M->762M(1559M) 64,294ms
[246,449s][info][gc] GC(983) Pause Young (Allocation Failure) 1193M->792M(1559M) 64,343ms
[246,662s][info][gc] GC(984) Pause Young (Allocation Failure) 1222M->821M(1559M) 64,316ms
[246,877s][info][gc] GC(985) Pause Young (Allocation Failure) 1251M->850M(1559M) 65,162ms
[247,089s][info][gc] GC(986) Pause Young (Allocation Failure) 1280M->879M(1559M) 63,983ms
[247,301s][info][gc] GC(987) Pause Young (Allocation Failure) 1309M->908M(1559M) 64,131ms
[247,513s][info][gc] GC(988) Pause Young (Allocation Failure) 1338M->937M(1559M) 64,103ms
[247,726s][info][gc] GC(989) Pause Young (Allocation Failure) 1367M->966M(1559M) 64,473ms
[247,939s][info][gc] GC(990) Pause Young (Allocation Failure) 1396M->995M(1559M) 64,327ms
[248,152s][info][gc] GC(991) Pause Young (Allocation Failure) 1425M->1024M(1559M) 64,278ms
[248,364s][info][gc] GC(992) Pause Young (Allocation Failure) 1455M->1054M(1559M) 64,249ms
[248,577s][info][gc] GC(993) Pause Young (Allocation Failure) 1484M->1083M(1559M) 64,696ms
[248,798s][info][gc] GC(994) Pause Young (Allocation Failure) 1513M->1112M(1565M) 68,517ms
[249,853s][info][gc] GC(995) Pause Full (Allocation Failure) 1112M->590M(1559M) 1054,340ms
[250,041s][info][gc] GC(996) Pause Young (Allocation Failure) 1021M->621M(1559M) 41,857ms
[250,258s][info][gc] GC(997) Pause Young (Allocation Failure) 1051M->650M(1559M) 64,445ms
[250,477s][info][gc] GC(998) Pause Young (Allocation Failure) 1080M->679M(1559M) 67,584ms
[250,696s][info][gc] GC(999) Pause Young (Allocation Failure) 1110M->708M(1559M) 64,404ms
[250,908s][info][gc] GC(1000) Pause Young (Allocation Failure) 1139M->738M(1559M) 64,420ms
[251,121s][info][gc] GC(1001) Pause Young (Allocation Failure) 1168M->767M(1559M) 64,254ms
[251,333s][info][gc] GC(1002) Pause Young (Allocation Failure) 1197M->796M(1559M) 64,416ms
[251,546s][info][gc] GC(1003) Pause Young (Allocation Failure) 1226M->825M(1559M) 64,205ms
[251,759s][info][gc] GC(1004) Pause Young (Allocation Failure) 1255M->854M(1559M) 64,555ms
[251,972s][info][gc] GC(1005) Pause Young (Allocation Failure) 1284M->883M(1559M) 64,519ms
[252,185s][info][gc] GC(1006) Pause Young (Allocation Failure) 1313M->912M(1559M) 64,312ms
[252,398s][info][gc] GC(1007) Pause Young (Allocation Failure) 1342M->941M(1559M) 64,598ms
[252,610s][info][gc] GC(1008) Pause Young (Allocation Failure) 1372M->971M(1559M) 64,549ms
[252,824s][info][gc] GC(1009) Pause Young (Allocation Failure) 1401M->1000M(1559M) 64,757ms
[253,037s][info][gc] GC(1010) Pause Young (Allocation Failure) 1430M->1029M(1559M) 64,287ms
[253,249s][info][gc] GC(1011) Pause Young (Allocation Failure) 1459M->1058M(1559M) 64,415ms
[253,462s][info][gc] GC(1012) Pause Young (Allocation Failure) 1488M->1087M(1559M) 64,278ms
[253,678s][info][gc] GC(1013) Pause Young (Allocation Failure) 1517M->1116M(1569M) 68,503ms
[254,736s][info][gc] GC(1014) Pause Full (Allocation Failure) 1116M->645M(1559M) 1057,831ms
[254,930s][info][gc] GC(1015) Pause Young (Allocation Failure) 1075M->675M(1559M) 47,616ms
[255,153s][info][gc] GC(1016) Pause Young (Allocation Failure) 1106M->705M(1559M) 65,692ms
[255,366s][info][gc] GC(1017) Pause Young (Allocation Failure) 1135M->734M(1559M) 64,536ms
[255,579s][info][gc] GC(1018) Pause Young (Allocation Failure) 1164M->763M(1559M) 64,132ms
[255,792s][info][gc] GC(1019) Pause Young (Allocation Failure) 1193M->792M(1559M) 64,451ms
[256,005s][info][gc] GC(1020) Pause Young (Allocation Failure) 1222M->821M(1559M) 64,471ms
[256,217s][info][gc] GC(1021) Pause Young (Allocation Failure) 1251M->850M(1559M) 64,181ms
[256,429s][info][gc] GC(1022) Pause Young (Allocation Failure) 1280M->879M(1559M) 64,139ms
[256,642s][info][gc] GC(1023) Pause Young (Allocation Failure) 1309M->908M(1559M) 64,464ms
[256,854s][info][gc] GC(1024) Pause Young (Allocation Failure) 1338M->937M(1559M) 64,230ms
[257,068s][info][gc] GC(1025) Pause Young (Allocation Failure) 1368M->966M(1559M) 64,500ms
[257,280s][info][gc] GC(1026) Pause Young (Allocation Failure) 1397M->995M(1559M) 64,414ms
[257,493s][info][gc] GC(1027) Pause Young (Allocation Failure) 1426M->1025M(1559M) 64,143ms
[257,705s][info][gc] GC(1028) Pause Young (Allocation Failure) 1455M->1054M(1559M) 64,280ms
[257,918s][info][gc] GC(1029) Pause Young (Allocation Failure) 1484M->1083M(1559M) 64,696ms
[258,140s][info][gc] GC(1030) Pause Young (Allocation Failure) 1513M->1112M(1565M) 69,612ms
[259,194s][info][gc] GC(1031) Pause Full (Allocation Failure) 1112M->644M(1559M) 1053,870ms
[259,383s][info][gc] GC(1032) Pause Young (Allocation Failure) 1075M->675M(1559M) 41,735ms
[259,603s][info][gc] GC(1033) Pause Young (Allocation Failure) 1105M->704M(1559M) 66,202ms
[259,832s][info][gc] GC(1034) Pause Young (Allocation Failure) 1134M->733M(1559M) 74,408ms
[260,048s][info][gc] GC(1035) Pause Young (Allocation Failure) 1164M->762M(1559M) 65,897ms
[260,268s][info][gc] GC(1036) Pause Young (Allocation Failure) 1193M->792M(1559M) 67,267ms
[260,487s][info][gc] GC(1037) Pause Young (Allocation Failure) 1222M->821M(1559M) 67,079ms
[260,706s][info][gc] GC(1038) Pause Young (Allocation Failure) 1251M->850M(1559M) 65,315ms
[260,920s][info][gc] GC(1039) Pause Young (Allocation Failure) 1280M->879M(1559M) 65,334ms
[261,145s][info][gc] GC(1040) Pause Young (Allocation Failure) 1309M->908M(1559M) 76,094ms
[261,361s][info][gc] GC(1041) Pause Young (Allocation Failure) 1338M->937M(1559M) 65,447ms
[261,575s][info][gc] GC(1042) Pause Young (Allocation Failure) 1367M->966M(1559M) 65,425ms
[261,790s][info][gc] GC(1043) Pause Young (Allocation Failure) 1396M->995M(1559M) 64,996ms
[262,004s][info][gc] GC(1044) Pause Young (Allocation Failure) 1425M->1024M(1559M) 65,206ms
[262,218s][info][gc] GC(1045) Pause Young (Allocation Failure) 1455M->1053M(1559M) 65,358ms
[262,432s][info][gc] GC(1046) Pause Young (Allocation Failure) 1484M->1083M(1559M) 64,995ms
[262,648s][info][gc] GC(1047) Pause Young (Allocation Failure) 1513M->1112M(1565M) 66,978ms
[263,696s][info][gc] GC(1048) Pause Full (Allocation Failure) 1112M->644M(1559M) 1047,796ms
[263,884s][info][gc] GC(1049) Pause Young (Allocation Failure) 1075M->675M(1559M) 41,684ms
[264,101s][info][gc] GC(1050) Pause Young (Allocation Failure) 1105M->704M(1559M) 64,460ms
[264,314s][info][gc] GC(1051) Pause Young (Allocation Failure) 1134M->733M(1559M) 64,681ms
[264,528s][info][gc] GC(1052) Pause Young (Allocation Failure) 1164M->763M(1559M) 64,758ms
[264,742s][info][gc] GC(1053) Pause Young (Allocation Failure) 1193M->792M(1559M) 64,642ms
[264,955s][info][gc] GC(1054) Pause Young (Allocation Failure) 1222M->821M(1559M) 64,780ms
[265,169s][info][gc] GC(1055) Pause Young (Allocation Failure) 1251M->850M(1559M) 64,991ms
[265,382s][info][gc] GC(1056) Pause Young (Allocation Failure) 1280M->879M(1559M) 64,549ms
[265,595s][info][gc] GC(1057) Pause Young (Allocation Failure) 1309M->908M(1559M) 64,552ms
[265,808s][info][gc] GC(1058) Pause Young (Allocation Failure) 1338M->937M(1559M) 64,508ms
[266,024s][info][gc] GC(1059) Pause Young (Allocation Failure) 1367M->966M(1559M) 65,927ms
[266,237s][info][gc] GC(1060) Pause Young (Allocation Failure) 1396M->995M(1559M) 64,188ms
[266,450s][info][gc] GC(1061) Pause Young (Allocation Failure) 1426M->1024M(1559M) 64,451ms
[266,663s][info][gc] GC(1062) Pause Young (Allocation Failure) 1455M->1053M(1559M) 64,277ms
[266,875s][info][gc] GC(1063) Pause Young (Allocation Failure) 1484M->1083M(1559M) 64,595ms
[267,091s][info][gc] GC(1064) Pause Young (Allocation Failure) 1513M->1112M(1565M) 66,865ms
[268,140s][info][gc] GC(1065) Pause Full (Allocation Failure) 1112M->590M(1559M) 1048,853ms
[268,329s][info][gc] GC(1066) Pause Young (Allocation Failure) 1021M->621M(1559M) 41,769ms
[268,547s][info][gc] GC(1067) Pause Young (Allocation Failure) 1051M->650M(1559M) 64,507ms
[268,762s][info][gc] GC(1068) Pause Young (Allocation Failure) 1080M->679M(1559M) 65,224ms
[268,976s][info][gc] GC(1069) Pause Young (Allocation Failure) 1110M->708M(1559M) 65,003ms
[269,190s][info][gc] GC(1070) Pause Young (Allocation Failure) 1139M->738M(1559M) 65,251ms
[269,406s][info][gc] GC(1071) Pause Young (Allocation Failure) 1168M->767M(1559M) 67,537ms
[269,619s][info][gc] GC(1072) Pause Young (Allocation Failure) 1197M->796M(1559M) 64,504ms
[269,832s][info][gc] GC(1073) Pause Young (Allocation Failure) 1226M->825M(1559M) 64,176ms
[270,045s][info][gc] GC(1074) Pause Young (Allocation Failure) 1255M->854M(1559M) 64,752ms
[270,265s][info][gc] GC(1075) Pause Young (Allocation Failure) 1284M->883M(1559M) 66,665ms
[270,479s][info][gc] GC(1076) Pause Young (Allocation Failure) 1313M->912M(1559M) 64,434ms
[270,692s][info][gc] GC(1077) Pause Young (Allocation Failure) 1342M->941M(1559M) 64,736ms
[270,905s][info][gc] GC(1078) Pause Young (Allocation Failure) 1371M->970M(1559M) 64,341ms
[271,118s][info][gc] GC(1079) Pause Young (Allocation Failure) 1401M->999M(1559M) 64,312ms
[271,339s][info][gc] GC(1080) Pause Young (Allocation Failure) 1430M->1029M(1559M) 73,011ms
[271,553s][info][gc] GC(1081) Pause Young (Allocation Failure) 1459M->1058M(1559M) 64,160ms
[271,766s][info][gc] GC(1082) Pause Young (Allocation Failure) 1488M->1087M(1559M) 64,182ms
[271,982s][info][gc] GC(1083) Pause Young (Allocation Failure) 1517M->1116M(1569M) 67,949ms
[273,064s][info][gc] GC(1084) Pause Full (Allocation Failure) 1116M->645M(1559M) 1081,937ms
[273,252s][info][gc] GC(1085) Pause Young (Allocation Failure) 1075M->675M(1559M) 41,700ms
[273,469s][info][gc] GC(1086) Pause Young (Allocation Failure) 1106M->704M(1559M) 64,254ms
[273,681s][info][gc] GC(1087) Pause Young (Allocation Failure) 1135M->734M(1559M) 63,917ms
[273,894s][info][gc] GC(1088) Pause Young (Allocation Failure) 1164M->763M(1559M) 64,451ms
[274,108s][info][gc] GC(1089) Pause Young (Allocation Failure) 1193M->792M(1559M) 64,297ms
[274,320s][info][gc] GC(1090) Pause Young (Allocation Failure) 1222M->821M(1559M) 64,233ms
[274,532s][info][gc] GC(1091) Pause Young (Allocation Failure) 1251M->850M(1559M) 63,916ms
[274,753s][info][gc] GC(1092) Pause Young (Allocation Failure) 1280M->879M(1559M) 65,815ms
[274,966s][info][gc] GC(1093) Pause Young (Allocation Failure) 1309M->908M(1559M) 63,612ms
[275,180s][info][gc] GC(1094) Pause Young (Allocation Failure) 1338M->937M(1559M) 64,929ms
[275,393s][info][gc] GC(1095) Pause Young (Allocation Failure) 1368M->966M(1559M) 64,484ms
[275,605s][info][gc] GC(1096) Pause Young (Allocation Failure) 1397M->996M(1559M) 64,415ms
[275,819s][info][gc] GC(1097) Pause Young (Allocation Failure) 1426M->1025M(1559M) 64,581ms
[276,033s][info][gc] GC(1098) Pause Young (Allocation Failure) 1455M->1054M(1559M) 64,606ms
[276,247s][info][gc] GC(1099) Pause Young (Allocation Failure) 1484M->1083M(1559M) 64,530ms
[276,462s][info][gc] GC(1100) Pause Young (Allocation Failure) 1513M->1112M(1565M) 66,608ms
[277,526s][info][gc] GC(1101) Pause Full (Allocation Failure) 1112M->644M(1559M) 1064,056ms
[277,718s][info][gc] GC(1102) Pause Young (Allocation Failure) 1075M->675M(1559M) 46,102ms
[277,938s][info][gc] GC(1103) Pause Young (Allocation Failure) 1105M->704M(1559M) 65,096ms
[278,152s][info][gc] GC(1104) Pause Young (Allocation Failure) 1135M->733M(1559M) 64,753ms
[278,365s][info][gc] GC(1105) Pause Young (Allocation Failure) 1164M->763M(1559M) 64,567ms
[278,578s][info][gc] GC(1106) Pause Young (Allocation Failure) 1193M->792M(1559M) 64,671ms
[278,794s][info][gc] GC(1107) Pause Young (Allocation Failure) 1222M->821M(1559M) 64,536ms
[279,006s][info][gc] GC(1108) Pause Young (Allocation Failure) 1251M->850M(1559M) 64,135ms
[279,219s][info][gc] GC(1109) Pause Young (Allocation Failure) 1280M->879M(1559M) 64,251ms
[279,433s][info][gc] GC(1110) Pause Young (Allocation Failure) 1309M->908M(1559M) 66,133ms
[279,655s][info][gc] GC(1111) Pause Young (Allocation Failure) 1338M->937M(1559M) 66,070ms
[279,869s][info][gc] GC(1112) Pause Young (Allocation Failure) 1367M->966M(1559M) 64,692ms
[280,082s][info][gc] GC(1113) Pause Young (Allocation Failure) 1397M->995M(1559M) 64,838ms
[280,295s][info][gc] GC(1114) Pause Young (Allocation Failure) 1426M->1025M(1559M) 64,757ms
[280,509s][info][gc] GC(1115) Pause Young (Allocation Failure) 1455M->1054M(1559M) 64,935ms
[280,722s][info][gc] GC(1116) Pause Young (Allocation Failure) 1484M->1083M(1559M) 64,854ms
[280,937s][info][gc] GC(1117) Pause Young (Allocation Failure) 1513M->1112M(1565M) 67,203ms
[281,993s][info][gc] GC(1118) Pause Full (Allocation Failure) 1112M->644M(1559M) 1055,749ms
[282,187s][info][gc] GC(1119) Pause Young (Allocation Failure) 1075M->675M(1559M) 43,286ms
[282,421s][info][gc] GC(1120) Pause Young (Allocation Failure) 1105M->704M(1559M) 66,766ms
[282,640s][info][gc] GC(1121) Pause Young (Allocation Failure) 1135M->733M(1559M) 63,927ms
[282,853s][info][gc] GC(1122) Pause Young (Allocation Failure) 1164M->763M(1559M) 64,208ms
[283,066s][info][gc] GC(1123) Pause Young (Allocation Failure) 1193M->792M(1559M) 64,411ms
[283,279s][info][gc] GC(1124) Pause Young (Allocation Failure) 1222M->821M(1559M) 64,622ms
[283,492s][info][gc] GC(1125) Pause Young (Allocation Failure) 1251M->850M(1559M) 64,289ms
[283,705s][info][gc] GC(1126) Pause Young (Allocation Failure) 1280M->879M(1559M) 64,462ms
[283,918s][info][gc] GC(1127) Pause Young (Allocation Failure) 1309M->908M(1559M) 64,548ms
[284,132s][info][gc] GC(1128) Pause Young (Allocation Failure) 1338M->937M(1559M) 64,528ms
[284,344s][info][gc] GC(1129) Pause Young (Allocation Failure) 1367M->966M(1559M) 64,495ms
[284,557s][info][gc] GC(1130) Pause Young (Allocation Failure) 1396M->995M(1559M) 64,468ms
[284,770s][info][gc] GC(1131) Pause Young (Allocation Failure) 1426M->1025M(1559M) 64,441ms
[284,984s][info][gc] GC(1132) Pause Young (Allocation Failure) 1455M->1054M(1559M) 65,306ms
[285,200s][info][gc] GC(1133) Pause Young (Allocation Failure) 1484M->1083M(1559M) 65,318ms
[285,417s][info][gc] GC(1134) Pause Young (Allocation Failure) 1513M->1112M(1565M) 67,288ms
[286,475s][info][gc] GC(1135) Pause Full (Allocation Failure) 1112M->590M(1559M) 1058,067ms
[286,663s][info][gc] GC(1136) Pause Young (Allocation Failure) 1021M->621M(1559M) 42,225ms
[286,881s][info][gc] GC(1137) Pause Young (Allocation Failure) 1051M->650M(1559M) 64,653ms
[287,094s][info][gc] GC(1138) Pause Young (Allocation Failure) 1080M->679M(1559M) 64,678ms
[287,310s][info][gc] GC(1139) Pause Young (Allocation Failure) 1109M->708M(1559M) 65,214ms
[287,524s][info][gc] GC(1140) Pause Young (Allocation Failure) 1139M->737M(1559M) 65,076ms
[287,737s][info][gc] GC(1141) Pause Young (Allocation Failure) 1168M->767M(1559M) 64,728ms
[287,951s][info][gc] GC(1142) Pause Young (Allocation Failure) 1197M->796M(1559M) 65,061ms
[288,168s][info][gc] GC(1143) Pause Young (Allocation Failure) 1226M->825M(1559M) 65,950ms
[288,382s][info][gc] GC(1144) Pause Young (Allocation Failure) 1255M->854M(1559M) 64,746ms
[288,594s][info][gc] GC(1145) Pause Young (Allocation Failure) 1284M->883M(1559M) 64,778ms
[288,810s][info][gc] GC(1146) Pause Young (Allocation Failure) 1313M->912M(1559M) 64,588ms
[289,023s][info][gc] GC(1147) Pause Young (Allocation Failure) 1342M->941M(1559M) 64,682ms
[289,236s][info][gc] GC(1148) Pause Young (Allocation Failure) 1371M->970M(1559M) 64,437ms
[289,449s][info][gc] GC(1149) Pause Young (Allocation Failure) 1400M->999M(1559M) 64,268ms
[289,661s][info][gc] GC(1150) Pause Young (Allocation Failure) 1430M->1029M(1559M) 64,422ms
[289,875s][info][gc] GC(1151) Pause Young (Allocation Failure) 1459M->1058M(1559M) 64,524ms
[290,087s][info][gc] GC(1152) Pause Young (Allocation Failure) 1488M->1087M(1559M) 64,320ms
[290,304s][info][gc] GC(1153) Pause Young (Allocation Failure) 1517M->1116M(1569M) 68,184ms
[291,367s][info][gc] GC(1154) Pause Full (Allocation Failure) 1116M->645M(1559M) 1063,248ms
[291,557s][info][gc] GC(1155) Pause Young (Allocation Failure) 1075M->675M(1559M) 41,831ms
[291,775s][info][gc] GC(1156) Pause Young (Allocation Failure) 1106M->705M(1559M) 64,581ms
[291,987s][info][gc] GC(1157) Pause Young (Allocation Failure) 1135M->734M(1559M) 64,276ms
[292,200s][info][gc] GC(1158) Pause Young (Allocation Failure) 1164M->763M(1559M) 64,183ms
[292,416s][info][gc] GC(1159) Pause Young (Allocation Failure) 1193M->792M(1559M) 65,614ms
[292,631s][info][gc] GC(1160) Pause Young (Allocation Failure) 1222M->821M(1559M) 65,031ms
[292,844s][info][gc] GC(1161) Pause Young (Allocation Failure) 1251M->850M(1559M) 64,283ms
[293,057s][info][gc] GC(1162) Pause Young (Allocation Failure) 1280M->879M(1559M) 64,466ms
[293,269s][info][gc] GC(1163) Pause Young (Allocation Failure) 1309M->908M(1559M) 64,617ms
[293,483s][info][gc] GC(1164) Pause Young (Allocation Failure) 1339M->937M(1559M) 64,460ms
[293,707s][info][gc] GC(1165) Pause Young (Allocation Failure) 1368M->967M(1559M) 66,760ms
[293,921s][info][gc] GC(1166) Pause Young (Allocation Failure) 1397M->996M(1559M) 64,590ms
[294,134s][info][gc] GC(1167) Pause Young (Allocation Failure) 1426M->1025M(1559M) 64,270ms
[294,347s][info][gc] GC(1168) Pause Young (Allocation Failure) 1455M->1054M(1559M) 64,387ms
[294,560s][info][gc] GC(1169) Pause Young (Allocation Failure) 1484M->1083M(1559M) 64,522ms
[294,775s][info][gc] GC(1170) Pause Young (Allocation Failure) 1513M->1112M(1565M) 67,029ms
[295,825s][info][gc] GC(1171) Pause Full (Allocation Failure) 1112M->644M(1559M) 1050,127ms
[296,013s][info][gc] GC(1172) Pause Young (Allocation Failure) 1075M->675M(1559M) 41,797ms
[296,231s][info][gc] GC(1173) Pause Young (Allocation Failure) 1105M->704M(1559M) 64,384ms
[296,444s][info][gc] GC(1174) Pause Young (Allocation Failure) 1135M->733M(1559M) 64,426ms
[296,656s][info][gc] GC(1175) Pause Young (Allocation Failure) 1164M->763M(1559M) 64,141ms
[296,868s][info][gc] GC(1176) Pause Young (Allocation Failure) 1193M->792M(1559M) 64,647ms
[297,083s][info][gc] GC(1177) Pause Young (Allocation Failure) 1222M->821M(1559M) 64,485ms
[297,295s][info][gc] GC(1178) Pause Young (Allocation Failure) 1251M->850M(1559M) 64,394ms
[297,507s][info][gc] GC(1179) Pause Young (Allocation Failure) 1280M->879M(1559M) 64,330ms
[297,721s][info][gc] GC(1180) Pause Young (Allocation Failure) 1309M->908M(1559M) 64,599ms
[297,933s][info][gc] GC(1181) Pause Young (Allocation Failure) 1338M->937M(1559M) 64,133ms
[298,146s][info][gc] GC(1182) Pause Young (Allocation Failure) 1367M->966M(1559M) 64,256ms
[298,358s][info][gc] GC(1183) Pause Young (Allocation Failure) 1396M->995M(1559M) 64,248ms
[298,570s][info][gc] GC(1184) Pause Young (Allocation Failure) 1426M->1024M(1559M) 64,196ms
[298,786s][info][gc] GC(1185) Pause Young (Allocation Failure) 1455M->1054M(1559M) 65,019ms
[299,000s][info][gc] GC(1186) Pause Young (Allocation Failure) 1484M->1083M(1559M) 64,572ms
[299,216s][info][gc] GC(1187) Pause Young (Allocation Failure) 1513M->1112M(1565M) 66,860ms
[300,261s][info][gc] GC(1188) Pause Full (Allocation Failure) 1112M->644M(1559M) 1045,727ms
[300,455s][info][gc] GC(1189) Pause Young (Allocation Failure) 1075M->675M(1559M) 43,486ms
[300,679s][info][gc] GC(1190) Pause Young (Allocation Failure) 1105M->704M(1559M) 64,451ms
[300,892s][info][gc] GC(1191) Pause Young (Allocation Failure) 1134M->733M(1559M) 64,425ms
[301,105s][info][gc] GC(1192) Pause Young (Allocation Failure) 1163M->762M(1559M) 64,349ms
[301,317s][info][gc] GC(1193) Pause Young (Allocation Failure) 1193M->791M(1559M) 64,446ms
[301,530s][info][gc] GC(1194) Pause Young (Allocation Failure) 1222M->821M(1559M) 64,044ms
[301,742s][info][gc] GC(1195) Pause Young (Allocation Failure) 1251M->850M(1559M) 64,226ms
[301,955s][info][gc] GC(1196) Pause Young (Allocation Failure) 1280M->879M(1559M) 64,158ms
[302,167s][info][gc] GC(1197) Pause Young (Allocation Failure) 1309M->908M(1559M) 64,364ms
[302,380s][info][gc] GC(1198) Pause Young (Allocation Failure) 1338M->937M(1559M) 64,284ms
[302,599s][info][gc] GC(1199) Pause Young (Allocation Failure) 1367M->966M(1559M) 70,809ms
[302,830s][info][gc] GC(1200) Pause Young (Allocation Failure) 1396M->995M(1559M) 66,000ms
[303,044s][info][gc] GC(1201) Pause Young (Allocation Failure) 1425M->1024M(1559M) 64,682ms
[303,256s][info][gc] GC(1202) Pause Young (Allocation Failure) 1454M->1053M(1559M) 64,455ms
[303,469s][info][gc] GC(1203) Pause Young (Allocation Failure) 1484M->1082M(1559M) 64,512ms
[303,686s][info][gc] GC(1204) Pause Young (Allocation Failure) 1513M->1112M(1565M) 67,399ms
[304,733s][info][gc] GC(1205) Pause Full (Allocation Failure) 1112M->590M(1559M) 1046,699ms
[304,921s][info][gc] GC(1206) Pause Young (Allocation Failure) 1021M->621M(1559M) 41,670ms
[305,147s][info][gc] GC(1207) Pause Young (Allocation Failure) 1051M->650M(1559M) 73,191ms
[305,361s][info][gc] GC(1208) Pause Young (Allocation Failure) 1080M->679M(1559M) 64,203ms
[305,574s][info][gc] GC(1209) Pause Young (Allocation Failure) 1109M->708M(1559M) 64,112ms
[305,786s][info][gc] GC(1210) Pause Young (Allocation Failure) 1139M->738M(1559M) 64,071ms
[306,014s][info][gc] GC(1211) Pause Young (Allocation Failure) 1168M->767M(1559M) 67,837ms
[306,228s][info][gc] GC(1212) Pause Young (Allocation Failure) 1197M->796M(1559M) 64,256ms
[306,441s][info][gc] GC(1213) Pause Young (Allocation Failure) 1226M->825M(1559M) 64,072ms
[306,653s][info][gc] GC(1214) Pause Young (Allocation Failure) 1255M->854M(1559M) 63,926ms
[306,866s][info][gc] GC(1215) Pause Young (Allocation Failure) 1284M->883M(1559M) 64,089ms
[307,078s][info][gc] GC(1216) Pause Young (Allocation Failure) 1313M->912M(1559M) 64,205ms
[307,293s][info][gc] GC(1217) Pause Young (Allocation Failure) 1342M->941M(1559M) 66,160ms
[307,509s][info][gc] GC(1218) Pause Young (Allocation Failure) 1371M->970M(1559M) 64,869ms
[307,722s][info][gc] GC(1219) Pause Young (Allocation Failure) 1401M->999M(1559M) 64,342ms
[307,935s][info][gc] GC(1220) Pause Young (Allocation Failure) 1430M->1029M(1559M) 64,562ms
[308,147s][info][gc] GC(1221) Pause Young (Allocation Failure) 1459M->1058M(1559M) 64,642ms
[308,359s][info][gc] GC(1222) Pause Young (Allocation Failure) 1488M->1087M(1559M) 64,201ms
[308,576s][info][gc] GC(1223) Pause Young (Allocation Failure) 1517M->1116M(1569M) 68,200ms
[309,637s][info][gc] GC(1224) Pause Full (Allocation Failure) 1116M->645M(1559M) 1060,965ms
[309,825s][info][gc] GC(1225) Pause Young (Allocation Failure) 1075M->675M(1559M) 41,631ms
[310,042s][info][gc] GC(1226) Pause Young (Allocation Failure) 1106M->704M(1559M) 64,397ms
[310,254s][info][gc] GC(1227) Pause Young (Allocation Failure) 1135M->734M(1559M) 64,402ms
[310,468s][info][gc] GC(1228) Pause Young (Allocation Failure) 1164M->763M(1559M) 64,648ms
[310,680s][info][gc] GC(1229) Pause Young (Allocation Failure) 1193M->792M(1559M) 64,617ms
[310,905s][info][gc] GC(1230) Pause Young (Allocation Failure) 1222M->821M(1559M) 73,527ms
[311,122s][info][gc] GC(1231) Pause Young (Allocation Failure) 1251M->850M(1559M) 65,368ms
[311,343s][info][gc] GC(1232) Pause Young (Allocation Failure) 1280M->879M(1559M) 71,617ms
[311,560s][info][gc] GC(1233) Pause Young (Allocation Failure) 1309M->908M(1559M) 65,201ms
[311,774s][info][gc] GC(1234) Pause Young (Allocation Failure) 1338M->937M(1559M) 65,385ms
[311,988s][info][gc] GC(1235) Pause Young (Allocation Failure) 1368M->966M(1559M) 64,942ms
[312,202s][info][gc] GC(1236) Pause Young (Allocation Failure) 1397M->996M(1559M) 65,184ms
[312,420s][info][gc] GC(1237) Pause Young (Allocation Failure) 1426M->1025M(1559M) 67,307ms
[312,634s][info][gc] GC(1238) Pause Young (Allocation Failure) 1455M->1054M(1559M) 64,601ms
[312,848s][info][gc] GC(1239) Pause Young (Allocation Failure) 1484M->1083M(1559M) 65,582ms
[313,064s][info][gc] GC(1240) Pause Young (Allocation Failure) 1513M->1112M(1565M) 67,524ms
[314,127s][info][gc] GC(1241) Pause Full (Allocation Failure) 1112M->644M(1559M) 1062,611ms
[314,317s][info][gc] GC(1242) Pause Young (Allocation Failure) 1075M->675M(1559M) 42,277ms
[314,537s][info][gc] GC(1243) Pause Young (Allocation Failure) 1105M->704M(1559M) 65,595ms
[314,751s][info][gc] GC(1244) Pause Young (Allocation Failure) 1134M->733M(1559M) 65,183ms
[314,964s][info][gc] GC(1245) Pause Young (Allocation Failure) 1164M->762M(1559M) 64,505ms
[315,178s][info][gc] GC(1246) Pause Young (Allocation Failure) 1193M->792M(1559M) 64,577ms
[315,390s][info][gc] GC(1247) Pause Young (Allocation Failure) 1222M->821M(1559M) 64,332ms
[315,604s][info][gc] GC(1248) Pause Young (Allocation Failure) 1251M->850M(1559M) 64,712ms
[315,817s][info][gc] GC(1249) Pause Young (Allocation Failure) 1280M->879M(1559M) 64,812ms
[316,030s][info][gc] GC(1250) Pause Young (Allocation Failure) 1309M->908M(1559M) 64,182ms
[316,242s][info][gc] GC(1251) Pause Young (Allocation Failure) 1338M->937M(1559M) 64,134ms
[316,455s][info][gc] GC(1252) Pause Young (Allocation Failure) 1367M->966M(1559M) 64,123ms
[316,667s][info][gc] GC(1253) Pause Young (Allocation Failure) 1396M->995M(1559M) 64,335ms
[316,880s][info][gc] GC(1254) Pause Young (Allocation Failure) 1425M->1024M(1559M) 64,294ms
[317,092s][info][gc] GC(1255) Pause Young (Allocation Failure) 1455M->1053M(1559M) 64,086ms
[317,305s][info][gc] GC(1256) Pause Young (Allocation Failure) 1484M->1083M(1559M) 64,332ms
[317,520s][info][gc] GC(1257) Pause Young (Allocation Failure) 1513M->1112M(1565M) 66,606ms
[318,565s][info][gc] GC(1258) Pause Full (Allocation Failure) 1112M->644M(1559M) 1045,467ms
[318,756s][info][gc] GC(1259) Pause Young (Allocation Failure) 1075M->675M(1559M) 41,612ms
[318,976s][info][gc] GC(1260) Pause Young (Allocation Failure) 1105M->704M(1559M) 64,818ms
[319,189s][info][gc] GC(1261) Pause Young (Allocation Failure) 1135M->734M(1559M) 64,234ms
[319,402s][info][gc] GC(1262) Pause Young (Allocation Failure) 1164M->763M(1559M) 64,417ms
[319,615s][info][gc] GC(1263) Pause Young (Allocation Failure) 1193M->792M(1559M) 64,070ms
[319,828s][info][gc] GC(1264) Pause Young (Allocation Failure) 1222M->821M(1559M) 64,117ms
[320,040s][info][gc] GC(1265) Pause Young (Allocation Failure) 1251M->850M(1559M) 64,162ms
[320,256s][info][gc] GC(1266) Pause Young (Allocation Failure) 1280M->879M(1559M) 65,040ms
[320,468s][info][gc] GC(1267) Pause Young (Allocation Failure) 1309M->908M(1559M) 64,229ms
[320,681s][info][gc] GC(1268) Pause Young (Allocation Failure) 1338M->937M(1559M) 64,406ms
[320,893s][info][gc] GC(1269) Pause Young (Allocation Failure) 1368M->966M(1559M) 64,303ms
[321,105s][info][gc] GC(1270) Pause Young (Allocation Failure) 1397M->995M(1559M) 63,912ms
[321,321s][info][gc] GC(1271) Pause Young (Allocation Failure) 1426M->1025M(1559M) 67,854ms
[321,539s][info][gc] GC(1272) Pause Young (Allocation Failure) 1455M->1054M(1559M) 65,708ms
[321,768s][info][gc] GC(1273) Pause Young (Allocation Failure) 1484M->1083M(1559M) 74,228ms
[321,995s][info][gc] GC(1274) Pause Young (Allocation Failure) 1513M->1112M(1565M) 76,683ms
[323,140s][info][gc] GC(1275) Pause Full (Allocation Failure) 1112M->590M(1559M) 1144,929ms
[323,330s][info][gc] GC(1276) Pause Young (Allocation Failure) 1021M->621M(1559M) 42,362ms
[323,548s][info][gc] GC(1277) Pause Young (Allocation Failure) 1051M->650M(1559M) 64,644ms
[323,761s][info][gc] GC(1278) Pause Young (Allocation Failure) 1080M->679M(1559M) 64,609ms
[323,974s][info][gc] GC(1279) Pause Young (Allocation Failure) 1110M->708M(1559M) 64,641ms
[324,188s][info][gc] GC(1280) Pause Young (Allocation Failure) 1139M->738M(1559M) 64,559ms
[324,401s][info][gc] GC(1281) Pause Young (Allocation Failure) 1168M->767M(1559M) 64,789ms
[324,626s][info][gc] GC(1282) Pause Young (Allocation Failure) 1197M->796M(1559M) 66,378ms
[324,839s][info][gc] GC(1283) Pause Young (Allocation Failure) 1226M->825M(1559M) 64,542ms
[325,052s][info][gc] GC(1284) Pause Young (Allocation Failure) 1255M->854M(1559M) 64,388ms
[325,265s][info][gc] GC(1285) Pause Young (Allocation Failure) 1284M->883M(1559M) 64,561ms
[325,479s][info][gc] GC(1286) Pause Young (Allocation Failure) 1313M->912M(1559M) 64,560ms
[325,693s][info][gc] GC(1287) Pause Young (Allocation Failure) 1342M->941M(1559M) 64,988ms
[325,908s][info][gc] GC(1288) Pause Young (Allocation Failure) 1371M->970M(1559M) 64,560ms
[326,121s][info][gc] GC(1289) Pause Young (Allocation Failure) 1401M->999M(1559M) 64,763ms
[326,334s][info][gc] GC(1290) Pause Young (Allocation Failure) 1430M->1029M(1559M) 64,562ms
[326,547s][info][gc] GC(1291) Pause Young (Allocation Failure) 1459M->1058M(1559M) 64,658ms
[326,760s][info][gc] GC(1292) Pause Young (Allocation Failure) 1488M->1087M(1559M) 64,423ms
[326,977s][info][gc] GC(1293) Pause Young (Allocation Failure) 1517M->1116M(1569M) 68,316ms
[328,036s][info][gc] GC(1294) Pause Full (Allocation Failure) 1116M->645M(1559M) 1059,206ms
[328,224s][info][gc] GC(1295) Pause Young (Allocation Failure) 1075M->675M(1559M) 41,761ms
[328,442s][info][gc] GC(1296) Pause Young (Allocation Failure) 1106M->705M(1559M) 64,384ms
[328,655s][info][gc] GC(1297) Pause Young (Allocation Failure) 1135M->734M(1559M) 64,368ms
[328,870s][info][gc] GC(1298) Pause Young (Allocation Failure) 1164M->763M(1559M) 64,721ms
[329,083s][info][gc] GC(1299) Pause Young (Allocation Failure) 1193M->792M(1559M) 64,235ms
[329,297s][info][gc] GC(1300) Pause Young (Allocation Failure) 1222M->821M(1559M) 64,576ms
[329,510s][info][gc] GC(1301) Pause Young (Allocation Failure) 1251M->850M(1559M) 64,490ms
[329,725s][info][gc] GC(1302) Pause Young (Allocation Failure) 1280M->879M(1559M) 65,827ms
[329,939s][info][gc] GC(1303) Pause Young (Allocation Failure) 1309M->908M(1559M) 64,606ms
[330,153s][info][gc] GC(1304) Pause Young (Allocation Failure) 1338M->937M(1559M) 64,627ms
[330,368s][info][gc] GC(1305) Pause Young (Allocation Failure) 1367M->966M(1559M) 65,121ms
[330,582s][info][gc] GC(1306) Pause Young (Allocation Failure) 1397M->995M(1559M) 64,705ms
[330,795s][info][gc] GC(1307) Pause Young (Allocation Failure) 1426M->1024M(1559M) 64,334ms
[331,008s][info][gc] GC(1308) Pause Young (Allocation Failure) 1455M->1054M(1559M) 64,648ms
[331,221s][info][gc] GC(1309) Pause Young (Allocation Failure) 1484M->1083M(1559M) 64,979ms
[331,437s][info][gc] GC(1310) Pause Young (Allocation Failure) 1513M->1112M(1565M) 66,995ms
[332,543s][info][gc] GC(1311) Pause Full (Allocation Failure) 1112M->644M(1559M) 1106,166ms
[332,769s][info][gc] GC(1312) Pause Young (Allocation Failure) 1075M->675M(1559M) 43,573ms
[333,004s][info][gc] GC(1313) Pause Young (Allocation Failure) 1105M->704M(1559M) 77,679ms
[333,231s][info][gc] GC(1314) Pause Young (Allocation Failure) 1134M->733M(1559M) 67,656ms
[333,449s][info][gc] GC(1315) Pause Young (Allocation Failure) 1164M->762M(1559M) 68,740ms
[333,682s][info][gc] GC(1316) Pause Young (Allocation Failure) 1193M->792M(1559M) 74,323ms
[333,898s][info][gc] GC(1317) Pause Young (Allocation Failure) 1222M->821M(1559M) 65,921ms
[334,112s][info][gc] GC(1318) Pause Young (Allocation Failure) 1251M->850M(1559M) 65,284ms
[334,327s][info][gc] GC(1319) Pause Young (Allocation Failure) 1280M->879M(1559M) 65,029ms
[334,540s][info][gc] GC(1320) Pause Young (Allocation Failure) 1309M->908M(1559M) 65,167ms
[334,753s][info][gc] GC(1321) Pause Young (Allocation Failure) 1338M->937M(1559M) 64,744ms
[334,966s][info][gc] GC(1322) Pause Young (Allocation Failure) 1367M->966M(1559M) 64,866ms
[335,180s][info][gc] GC(1323) Pause Young (Allocation Failure) 1396M->995M(1559M) 64,917ms
[335,393s][info][gc] GC(1324) Pause Young (Allocation Failure) 1425M->1024M(1559M) 64,973ms
[335,606s][info][gc] GC(1325) Pause Young (Allocation Failure) 1455M->1053M(1559M) 64,839ms
[335,823s][info][gc] GC(1326) Pause Young (Allocation Failure) 1484M->1083M(1559M) 64,538ms
[336,038s][info][gc] GC(1327) Pause Young (Allocation Failure) 1513M->1112M(1565M) 66,693ms
[337,083s][info][gc] GC(1328) Pause Full (Allocation Failure) 1112M->644M(1559M) 1045,552ms
[337,272s][info][gc] GC(1329) Pause Young (Allocation Failure) 1075M->675M(1559M) 41,733ms
[337,489s][info][gc] GC(1330) Pause Young (Allocation Failure) 1105M->704M(1559M) 64,098ms
[337,702s][info][gc] GC(1331) Pause Young (Allocation Failure) 1134M->733M(1559M) 64,322ms
[337,914s][info][gc] GC(1332) Pause Young (Allocation Failure) 1164M->763M(1559M) 64,244ms
[338,127s][info][gc] GC(1333) Pause Young (Allocation Failure) 1193M->792M(1559M) 63,919ms
[338,339s][info][gc] GC(1334) Pause Young (Allocation Failure) 1222M->821M(1559M) 64,006ms
[338,553s][info][gc] GC(1335) Pause Young (Allocation Failure) 1251M->850M(1559M) 65,223ms
[338,768s][info][gc] GC(1336) Pause Young (Allocation Failure) 1280M->879M(1559M) 65,037ms
[338,982s][info][gc] GC(1337) Pause Young (Allocation Failure) 1309M->908M(1559M) 64,120ms
[339,194s][info][gc] GC(1338) Pause Young (Allocation Failure) 1338M->937M(1559M) 64,169ms
[339,407s][info][gc] GC(1339) Pause Young (Allocation Failure) 1367M->966M(1559M) 64,261ms
[339,619s][info][gc] GC(1340) Pause Young (Allocation Failure) 1396M->995M(1559M) 64,187ms
[339,831s][info][gc] GC(1341) Pause Young (Allocation Failure) 1426M->1025M(1559M) 64,097ms
[340,044s][info][gc] GC(1342) Pause Young (Allocation Failure) 1455M->1054M(1559M) 64,083ms
[340,256s][info][gc] GC(1343) Pause Young (Allocation Failure) 1484M->1083M(1559M) 64,166ms
[340,470s][info][gc] GC(1344) Pause Young (Allocation Failure) 1513M->1112M(1565M) 66,455ms
[341,514s][info][gc] GC(1345) Pause Full (Allocation Failure) 1112M->590M(1559M) 1044,090ms
[341,702s][info][gc] GC(1346) Pause Young (Allocation Failure) 1021M->621M(1559M) 41,573ms
[341,919s][info][gc] GC(1347) Pause Young (Allocation Failure) 1051M->650M(1559M) 64,131ms
[342,139s][info][gc] GC(1348) Pause Young (Allocation Failure) 1080M->679M(1559M) 65,914ms
[342,359s][info][gc] GC(1349) Pause Young (Allocation Failure) 1109M->708M(1559M) 65,530ms
[342,572s][info][gc] GC(1350) Pause Young (Allocation Failure) 1139M->737M(1559M) 64,642ms
[342,785s][info][gc] GC(1351) Pause Young (Allocation Failure) 1168M->766M(1559M) 64,782ms
[343,006s][info][gc] GC(1352) Pause Young (Allocation Failure) 1197M->796M(1559M) 66,837ms
[343,222s][info][gc] GC(1353) Pause Young (Allocation Failure) 1226M->825M(1559M) 65,698ms
[343,437s][info][gc] GC(1354) Pause Young (Allocation Failure) 1255M->854M(1559M) 64,804ms
[343,661s][info][gc] GC(1355) Pause Young (Allocation Failure) 1284M->883M(1559M) 74,152ms
[343,888s][info][gc] GC(1356) Pause Young (Allocation Failure) 1313M->912M(1559M) 66,727ms
[344,119s][info][gc] GC(1357) Pause Young (Allocation Failure) 1342M->941M(1559M) 70,594ms
[344,350s][info][gc] GC(1358) Pause Young (Allocation Failure) 1371M->970M(1559M) 70,010ms
[344,579s][info][gc] GC(1359) Pause Young (Allocation Failure) 1400M->999M(1559M) 68,094ms
[344,812s][info][gc] GC(1360) Pause Young (Allocation Failure) 1429M->1028M(1559M) 70,572ms
[345,042s][info][gc] GC(1361) Pause Young (Allocation Failure) 1459M->1057M(1559M) 68,620ms
[345,274s][info][gc] GC(1362) Pause Young (Allocation Failure) 1488M->1087M(1559M) 68,684ms
[345,514s][info][gc] GC(1363) Pause Young (Allocation Failure) 1517M->1116M(1569M) 73,813ms
[346,615s][info][gc] GC(1364) Pause Full (Allocation Failure) 1116M->645M(1559M) 1101,156ms
[346,803s][info][gc] GC(1365) Pause Young (Allocation Failure) 1075M->675M(1559M) 41,759ms
[347,022s][info][gc] GC(1366) Pause Young (Allocation Failure) 1106M->705M(1559M) 65,630ms
[347,239s][info][gc] GC(1367) Pause Young (Allocation Failure) 1135M->734M(1559M) 64,251ms
[347,452s][info][gc] GC(1368) Pause Young (Allocation Failure) 1164M->763M(1559M) 64,797ms
[347,668s][info][gc] GC(1369) Pause Young (Allocation Failure) 1193M->792M(1559M) 64,690ms
[347,882s][info][gc] GC(1370) Pause Young (Allocation Failure) 1222M->821M(1559M) 65,382ms
[348,097s][info][gc] GC(1371) Pause Young (Allocation Failure) 1251M->850M(1559M) 64,992ms
[348,316s][info][gc] GC(1372) Pause Young (Allocation Failure) 1280M->879M(1559M) 65,354ms
[348,530s][info][gc] GC(1373) Pause Young (Allocation Failure) 1309M->908M(1559M) 64,807ms
[348,747s][info][gc] GC(1374) Pause Young (Allocation Failure) 1338M->937M(1559M) 65,405ms
[348,961s][info][gc] GC(1375) Pause Young (Allocation Failure) 1368M->967M(1559M) 64,526ms
[349,179s][info][gc] GC(1376) Pause Young (Allocation Failure) 1397M->996M(1559M) 66,309ms
[349,395s][info][gc] GC(1377) Pause Young (Allocation Failure) 1426M->1025M(1559M) 65,338ms
[349,612s][info][gc] GC(1378) Pause Young (Allocation Failure) 1455M->1054M(1559M) 65,281ms
[349,831s][info][gc] GC(1379) Pause Young (Allocation Failure) 1484M->1083M(1559M) 65,256ms
[350,053s][info][gc] GC(1380) Pause Young (Allocation Failure) 1513M->1112M(1565M) 68,538ms
[351,153s][info][gc] GC(1381) Pause Full (Allocation Failure) 1112M->644M(1559M) 1100,037ms
[351,353s][info][gc] GC(1382) Pause Young (Allocation Failure) 1075M->675M(1559M) 44,658ms
[351,585s][info][gc] GC(1383) Pause Young (Allocation Failure) 1105M->704M(1559M) 66,328ms
[351,807s][info][gc] GC(1384) Pause Young (Allocation Failure) 1134M->733M(1559M) 65,167ms
[352,029s][info][gc] GC(1385) Pause Young (Allocation Failure) 1164M->763M(1559M) 65,421ms
[352,261s][info][gc] GC(1386) Pause Young (Allocation Failure) 1193M->792M(1559M) 68,072ms
[352,490s][info][gc] GC(1387) Pause Young (Allocation Failure) 1222M->821M(1559M) 72,337ms
[352,712s][info][gc] GC(1388) Pause Young (Allocation Failure) 1251M->850M(1559M) 65,327ms
[352,936s][info][gc] GC(1389) Pause Young (Allocation Failure) 1280M->879M(1559M) 68,795ms
[353,164s][info][gc] GC(1390) Pause Young (Allocation Failure) 1309M->908M(1559M) 65,975ms
[353,381s][info][gc] GC(1391) Pause Young (Allocation Failure) 1338M->937M(1559M) 64,955ms
[353,600s][info][gc] GC(1392) Pause Young (Allocation Failure) 1367M->966M(1559M) 64,833ms
[353,819s][info][gc] GC(1393) Pause Young (Allocation Failure) 1396M->995M(1559M) 67,899ms
[354,045s][info][gc] GC(1394) Pause Young (Allocation Failure) 1426M->1025M(1559M) 66,380ms
[354,262s][info][gc] GC(1395) Pause Young (Allocation Failure) 1455M->1054M(1559M) 64,900ms
[354,482s][info][gc] GC(1396) Pause Young (Allocation Failure) 1484M->1083M(1559M) 65,768ms
[354,702s][info][gc] GC(1397) Pause Young (Allocation Failure) 1513M->1112M(1565M) 67,490ms
[355,780s][info][gc] GC(1398) Pause Full (Allocation Failure) 1112M->644M(1559M) 1077,819ms
[355,973s][info][gc] GC(1399) Pause Young (Allocation Failure) 1075M->675M(1559M) 42,772ms
[356,199s][info][gc] GC(1400) Pause Young (Allocation Failure) 1105M->704M(1559M) 69,593ms
[356,427s][info][gc] GC(1401) Pause Young (Allocation Failure) 1135M->733M(1559M) 66,701ms
[356,646s][info][gc] GC(1402) Pause Young (Allocation Failure) 1164M->763M(1559M) 64,998ms
[356,862s][info][gc] GC(1403) Pause Young (Allocation Failure) 1193M->792M(1559M) 65,450ms
[357,080s][info][gc] GC(1404) Pause Young (Allocation Failure) 1222M->821M(1559M) 65,475ms
[357,294s][info][gc] GC(1405) Pause Young (Allocation Failure) 1251M->850M(1559M) 65,049ms
[357,508s][info][gc] GC(1406) Pause Young (Allocation Failure) 1280M->879M(1559M) 64,435ms
[357,729s][info][gc] GC(1407) Pause Young (Allocation Failure) 1309M->908M(1559M) 70,995ms
[357,955s][info][gc] GC(1408) Pause Young (Allocation Failure) 1338M->937M(1559M) 74,524ms
[358,182s][info][gc] GC(1409) Pause Young (Allocation Failure) 1367M->966M(1559M) 66,611ms
[358,398s][info][gc] GC(1410) Pause Young (Allocation Failure) 1397M->995M(1559M) 65,231ms
[358,616s][info][gc] GC(1411) Pause Young (Allocation Failure) 1426M->1025M(1559M) 65,227ms
[358,835s][info][gc] GC(1412) Pause Young (Allocation Failure) 1455M->1054M(1559M) 65,521ms
[359,050s][info][gc] GC(1413) Pause Young (Allocation Failure) 1484M->1083M(1559M) 65,314ms
[359,268s][info][gc] GC(1414) Pause Young (Allocation Failure) 1513M->1112M(1565M) 66,986ms
[360,357s][info][gc] GC(1415) Pause Full (Allocation Failure) 1112M->590M(1559M) 1088,633ms
[360,554s][info][gc] GC(1416) Pause Young (Allocation Failure) 1021M->621M(1559M) 48,729ms
[360,777s][info][gc] GC(1417) Pause Young (Allocation Failure) 1051M->650M(1559M) 64,718ms
[360,991s][info][gc] GC(1418) Pause Young (Allocation Failure) 1080M->679M(1559M) 64,431ms
[361,205s][info][gc] GC(1419) Pause Young (Allocation Failure) 1109M->708M(1559M) 64,701ms
[361,421s][info][gc] GC(1420) Pause Young (Allocation Failure) 1139M->738M(1559M) 65,029ms
[361,638s][info][gc] GC(1421) Pause Young (Allocation Failure) 1168M->767M(1559M) 65,755ms
[361,854s][info][gc] GC(1422) Pause Young (Allocation Failure) 1197M->796M(1559M) 64,713ms
[362,067s][info][gc] GC(1423) Pause Young (Allocation Failure) 1226M->825M(1559M) 64,640ms
[362,281s][info][gc] GC(1424) Pause Young (Allocation Failure) 1255M->854M(1559M) 64,156ms
[362,495s][info][gc] GC(1425) Pause Young (Allocation Failure) 1284M->883M(1559M) 64,989ms
[362,748s][info][gc] GC(1426) Pause Young (Allocation Failure) 1313M->912M(1559M) 74,872ms
[362,972s][info][gc] GC(1427) Pause Young (Allocation Failure) 1342M->941M(1559M) 67,348ms
[363,195s][info][gc] GC(1428) Pause Young (Allocation Failure) 1371M->970M(1559M) 74,593ms
[363,425s][info][gc] GC(1429) Pause Young (Allocation Failure) 1400M->999M(1559M) 76,095ms
[363,645s][info][gc] GC(1430) Pause Young (Allocation Failure) 1430M->1029M(1559M) 66,555ms
[363,859s][info][gc] GC(1431) Pause Young (Allocation Failure) 1459M->1058M(1559M) 65,358ms
[364,074s][info][gc] GC(1432) Pause Young (Allocation Failure) 1488M->1087M(1559M) 65,014ms
[364,291s][info][gc] GC(1433) Pause Young (Allocation Failure) 1517M->1116M(1569M) 68,860ms
[365,356s][info][gc] GC(1434) Pause Full (Allocation Failure) 1116M->645M(1559M) 1064,489ms
[365,545s][info][gc] GC(1435) Pause Young (Allocation Failure) 1075M->675M(1559M) 42,482ms
[365,774s][info][gc] GC(1436) Pause Young (Allocation Failure) 1106M->704M(1559M) 74,310ms
[365,999s][info][gc] GC(1437) Pause Young (Allocation Failure) 1135M->734M(1559M) 74,430ms
[366,215s][info][gc] GC(1438) Pause Young (Allocation Failure) 1164M->763M(1559M) 64,766ms
[366,428s][info][gc] GC(1439) Pause Young (Allocation Failure) 1193M->792M(1559M) 64,329ms
[366,641s][info][gc] GC(1440) Pause Young (Allocation Failure) 1222M->821M(1559M) 64,206ms
[366,854s][info][gc] GC(1441) Pause Young (Allocation Failure) 1251M->850M(1559M) 64,197ms
[367,067s][info][gc] GC(1442) Pause Young (Allocation Failure) 1280M->879M(1559M) 64,930ms
[367,283s][info][gc] GC(1443) Pause Young (Allocation Failure) 1309M->908M(1559M) 65,419ms
[367,498s][info][gc] GC(1444) Pause Young (Allocation Failure) 1338M->937M(1559M) 64,974ms
[367,711s][info][gc] GC(1445) Pause Young (Allocation Failure) 1367M->966M(1559M) 64,667ms
[367,925s][info][gc] GC(1446) Pause Young (Allocation Failure) 1397M->995M(1559M) 65,210ms
[368,139s][info][gc] GC(1447) Pause Young (Allocation Failure) 1426M->1025M(1559M) 64,507ms
[368,352s][info][gc] GC(1448) Pause Young (Allocation Failure) 1455M->1054M(1559M) 64,820ms
[368,565s][info][gc] GC(1449) Pause Young (Allocation Failure) 1484M->1083M(1559M) 64,420ms
[368,783s][info][gc] GC(1450) Pause Young (Allocation Failure) 1513M->1112M(1565M) 66,931ms
[369,828s][info][gc] GC(1451) Pause Full (Allocation Failure) 1112M->644M(1559M) 1045,214ms
[370,016s][info][gc] GC(1452) Pause Young (Allocation Failure) 1075M->675M(1559M) 41,469ms
[370,233s][info][gc] GC(1453) Pause Young (Allocation Failure) 1105M->704M(1559M) 64,207ms
[370,446s][info][gc] GC(1454) Pause Young (Allocation Failure) 1135M->733M(1559M) 63,932ms
[370,658s][info][gc] GC(1455) Pause Young (Allocation Failure) 1164M->763M(1559M) 64,093ms
[370,870s][info][gc] GC(1456) Pause Young (Allocation Failure) 1193M->792M(1559M) 64,117ms
[371,083s][info][gc] GC(1457) Pause Young (Allocation Failure) 1222M->821M(1559M) 64,141ms
[371,295s][info][gc] GC(1458) Pause Young (Allocation Failure) 1251M->850M(1559M) 64,132ms
[371,508s][info][gc] GC(1459) Pause Young (Allocation Failure) 1280M->879M(1559M) 64,119ms
[371,720s][info][gc] GC(1460) Pause Young (Allocation Failure) 1309M->908M(1559M) 64,134ms
[371,932s][info][gc] GC(1461) Pause Young (Allocation Failure) 1338M->937M(1559M) 64,279ms
[372,145s][info][gc] GC(1462) Pause Young (Allocation Failure) 1367M->966M(1559M) 64,284ms
[372,358s][info][gc] GC(1463) Pause Young (Allocation Failure) 1396M->995M(1559M) 64,085ms
[372,571s][info][gc] GC(1464) Pause Young (Allocation Failure) 1426M->1024M(1559M) 64,497ms
[372,785s][info][gc] GC(1465) Pause Young (Allocation Failure) 1455M->1054M(1559M) 64,490ms
[372,999s][info][gc] GC(1466) Pause Young (Allocation Failure) 1484M->1083M(1559M) 64,428ms
[373,214s][info][gc] GC(1467) Pause Young (Allocation Failure) 1513M->1112M(1565M) 66,807ms
[374,267s][info][gc] GC(1468) Pause Full (Allocation Failure) 1112M->644M(1559M) 1052,992ms
[374,457s][info][gc] GC(1469) Pause Young (Allocation Failure) 1075M->675M(1559M) 42,149ms
[374,674s][info][gc] GC(1470) Pause Young (Allocation Failure) 1105M->704M(1559M) 64,304ms
[374,896s][info][gc] GC(1471) Pause Young (Allocation Failure) 1134M->733M(1559M) 73,185ms
[375,119s][info][gc] GC(1472) Pause Young (Allocation Failure) 1164M->762M(1559M) 73,087ms
[375,337s][info][gc] GC(1473) Pause Young (Allocation Failure) 1193M->792M(1559M) 66,742ms
[375,560s][info][gc] GC(1474) Pause Young (Allocation Failure) 1222M->821M(1559M) 66,861ms
[375,773s][info][gc] GC(1475) Pause Young (Allocation Failure) 1251M->850M(1559M) 64,336ms
[375,986s][info][gc] GC(1476) Pause Young (Allocation Failure) 1280M->879M(1559M) 64,506ms
[376,198s][info][gc] GC(1477) Pause Young (Allocation Failure) 1309M->908M(1559M) 64,385ms
[376,411s][info][gc] GC(1478) Pause Young (Allocation Failure) 1338M->937M(1559M) 64,551ms
[376,624s][info][gc] GC(1479) Pause Young (Allocation Failure) 1367M->966M(1559M) 64,246ms
[376,836s][info][gc] GC(1480) Pause Young (Allocation Failure) 1396M->995M(1559M) 64,215ms
[377,049s][info][gc] GC(1481) Pause Young (Allocation Failure) 1425M->1024M(1559M) 64,531ms
[377,262s][info][gc] GC(1482) Pause Young (Allocation Failure) 1455M->1053M(1559M) 64,477ms
[377,475s][info][gc] GC(1483) Pause Young (Allocation Failure) 1484M->1083M(1559M) 64,300ms
[377,690s][info][gc] GC(1484) Pause Young (Allocation Failure) 1513M->1112M(1565M) 66,604ms
[378,743s][info][gc] GC(1485) Pause Full (Allocation Failure) 1112M->590M(1559M) 1053,390ms
[378,932s][info][gc] GC(1486) Pause Young (Allocation Failure) 1021M->621M(1559M) 41,688ms
[379,149s][info][gc] GC(1487) Pause Young (Allocation Failure) 1051M->650M(1559M) 64,117ms
[379,362s][info][gc] GC(1488) Pause Young (Allocation Failure) 1080M->679M(1559M) 64,110ms
[379,574s][info][gc] GC(1489) Pause Young (Allocation Failure) 1110M->709M(1559M) 64,159ms
[379,787s][info][gc] GC(1490) Pause Young (Allocation Failure) 1139M->738M(1559M) 64,112ms
[380,000s][info][gc] GC(1491) Pause Young (Allocation Failure) 1168M->767M(1559M) 64,292ms
[380,212s][info][gc] GC(1492) Pause Young (Allocation Failure) 1197M->796M(1559M) 64,355ms
[380,425s][info][gc] GC(1493) Pause Young (Allocation Failure) 1226M->825M(1559M) 64,260ms
[380,640s][info][gc] GC(1494) Pause Young (Allocation Failure) 1255M->854M(1559M) 64,402ms
[380,852s][info][gc] GC(1495) Pause Young (Allocation Failure) 1284M->883M(1559M) 64,039ms
[381,064s][info][gc] GC(1496) Pause Young (Allocation Failure) 1313M->912M(1559M) 64,082ms
[381,277s][info][gc] GC(1497) Pause Young (Allocation Failure) 1343M->941M(1559M) 64,107ms
[381,490s][info][gc] GC(1498) Pause Young (Allocation Failure) 1372M->971M(1559M) 64,113ms
[381,710s][info][gc] GC(1499) Pause Young (Allocation Failure) 1401M->1000M(1559M) 64,535ms
[381,927s][info][gc] GC(1500) Pause Young (Allocation Failure) 1430M->1029M(1559M) 64,945ms
[382,140s][info][gc] GC(1501) Pause Young (Allocation Failure) 1459M->1058M(1559M) 64,262ms
[382,353s][info][gc] GC(1502) Pause Young (Allocation Failure) 1488M->1087M(1559M) 64,005ms
[382,569s][info][gc] GC(1503) Pause Young (Allocation Failure) 1517M->1116M(1569M) 68,137ms
[383,625s][info][gc] GC(1504) Pause Full (Allocation Failure) 1116M->645M(1559M) 1055,799ms
[383,813s][info][gc] GC(1505) Pause Young (Allocation Failure) 1075M->675M(1559M) 41,448ms
[384,030s][info][gc] GC(1506) Pause Young (Allocation Failure) 1106M->705M(1559M) 64,293ms
[384,242s][info][gc] GC(1507) Pause Young (Allocation Failure) 1135M->734M(1559M) 64,098ms
[384,455s][info][gc] GC(1508) Pause Young (Allocation Failure) 1164M->763M(1559M) 64,229ms
[384,668s][info][gc] GC(1509) Pause Young (Allocation Failure) 1193M->792M(1559M) 64,446ms
[384,880s][info][gc] GC(1510) Pause Young (Allocation Failure) 1222M->821M(1559M) 64,433ms
[385,093s][info][gc] GC(1511) Pause Young (Allocation Failure) 1251M->850M(1559M) 64,295ms
[385,306s][info][gc] GC(1512) Pause Young (Allocation Failure) 1280M->879M(1559M) 64,204ms
[385,519s][info][gc] GC(1513) Pause Young (Allocation Failure) 1309M->908M(1559M) 64,468ms
[385,731s][info][gc] GC(1514) Pause Young (Allocation Failure) 1338M->937M(1559M) 63,981ms
[385,944s][info][gc] GC(1515) Pause Young (Allocation Failure) 1367M->966M(1559M) 64,102ms
[386,156s][info][gc] GC(1516) Pause Young (Allocation Failure) 1396M->995M(1559M) 64,129ms
[386,368s][info][gc] GC(1517) Pause Young (Allocation Failure) 1425M->1024M(1559M) 64,372ms
[386,581s][info][gc] GC(1518) Pause Young (Allocation Failure) 1455M->1053M(1559M) 64,100ms
[386,794s][info][gc] GC(1519) Pause Young (Allocation Failure) 1484M->1082M(1559M) 65,171ms
[387,010s][info][gc] GC(1520) Pause Young (Allocation Failure) 1513M->1112M(1565M) 67,186ms
[388,065s][info][gc] GC(1521) Pause Full (Allocation Failure) 1112M->644M(1559M) 1055,070ms
[388,254s][info][gc] GC(1522) Pause Young (Allocation Failure) 1075M->675M(1559M) 41,865ms
[388,474s][info][gc] GC(1523) Pause Young (Allocation Failure) 1105M->704M(1559M) 65,226ms
[388,690s][info][gc] GC(1524) Pause Young (Allocation Failure) 1134M->733M(1559M) 64,944ms
[388,905s][info][gc] GC(1525) Pause Young (Allocation Failure) 1164M->763M(1559M) 64,677ms
[389,118s][info][gc] GC(1526) Pause Young (Allocation Failure) 1193M->792M(1559M) 64,584ms
[389,332s][info][gc] GC(1527) Pause Young (Allocation Failure) 1222M->821M(1559M) 64,918ms
[389,546s][info][gc] GC(1528) Pause Young (Allocation Failure) 1251M->850M(1559M) 64,723ms
[389,759s][info][gc] GC(1529) Pause Young (Allocation Failure) 1280M->879M(1559M) 64,978ms
[389,972s][info][gc] GC(1530) Pause Young (Allocation Failure) 1309M->908M(1559M) 64,538ms
[390,185s][info][gc] GC(1531) Pause Young (Allocation Failure) 1338M->937M(1559M) 64,791ms
[390,399s][info][gc] GC(1532) Pause Young (Allocation Failure) 1367M->966M(1559M) 64,989ms
[390,612s][info][gc] GC(1533) Pause Young (Allocation Failure) 1397M->995M(1559M) 64,754ms
[390,825s][info][gc] GC(1534) Pause Young (Allocation Failure) 1426M->1024M(1559M) 64,937ms
[391,038s][info][gc] GC(1535) Pause Young (Allocation Failure) 1455M->1054M(1559M) 64,745ms
[391,252s][info][gc] GC(1536) Pause Young (Allocation Failure) 1484M->1083M(1559M) 64,684ms
[391,468s][info][gc] GC(1537) Pause Young (Allocation Failure) 1513M->1112M(1565M) 67,044ms
[392,520s][info][gc] GC(1538) Pause Full (Allocation Failure) 1112M->644M(1559M) 1051,806ms
[392,734s][info][gc] GC(1539) Pause Young (Allocation Failure) 1075M->675M(1559M) 42,514ms
[392,951s][info][gc] GC(1540) Pause Young (Allocation Failure) 1105M->704M(1559M) 64,043ms
[393,165s][info][gc] GC(1541) Pause Young (Allocation Failure) 1134M->733M(1559M) 64,548ms
[393,378s][info][gc] GC(1542) Pause Young (Allocation Failure) 1164M->762M(1559M) 64,462ms
[393,591s][info][gc] GC(1543) Pause Young (Allocation Failure) 1193M->792M(1559M) 64,064ms
[393,803s][info][gc] GC(1544) Pause Young (Allocation Failure) 1222M->821M(1559M) 63,909ms
[394,015s][info][gc] GC(1545) Pause Young (Allocation Failure) 1251M->850M(1559M) 64,041ms
[394,227s][info][gc] GC(1546) Pause Young (Allocation Failure) 1280M->879M(1559M) 63,949ms
[394,442s][info][gc] GC(1547) Pause Young (Allocation Failure) 1309M->908M(1559M) 64,572ms
[394,654s][info][gc] GC(1548) Pause Young (Allocation Failure) 1338M->937M(1559M) 64,181ms
[394,867s][info][gc] GC(1549) Pause Young (Allocation Failure) 1367M->966M(1559M) 64,188ms
[395,079s][info][gc] GC(1550) Pause Young (Allocation Failure) 1396M->995M(1559M) 64,251ms
[395,291s][info][gc] GC(1551) Pause Young (Allocation Failure) 1425M->1024M(1559M) 64,014ms
[395,504s][info][gc] GC(1552) Pause Young (Allocation Failure) 1455M->1054M(1559M) 64,224ms
[395,716s][info][gc] GC(1553) Pause Young (Allocation Failure) 1484M->1083M(1559M) 63,977ms
[395,930s][info][gc] GC(1554) Pause Young (Allocation Failure) 1513M->1112M(1565M) 66,257ms
[396,971s][info][gc] GC(1555) Pause Full (Allocation Failure) 1112M->590M(1559M) 1041,421ms
[397,159s][info][gc] GC(1556) Pause Young (Allocation Failure) 1021M->621M(1559M) 41,777ms
[397,377s][info][gc] GC(1557) Pause Young (Allocation Failure) 1051M->650M(1559M) 64,144ms
[397,591s][info][gc] GC(1558) Pause Young (Allocation Failure) 1080M->679M(1559M) 64,675ms
[397,803s][info][gc] GC(1559) Pause Young (Allocation Failure) 1109M->708M(1559M) 64,374ms
[398,016s][info][gc] GC(1560) Pause Young (Allocation Failure) 1139M->737M(1559M) 64,255ms
[398,229s][info][gc] GC(1561) Pause Young (Allocation Failure) 1168M->767M(1559M) 64,223ms
[398,442s][info][gc] GC(1562) Pause Young (Allocation Failure) 1197M->796M(1559M) 64,560ms
[398,654s][info][gc] GC(1563) Pause Young (Allocation Failure) 1226M->825M(1559M) 64,413ms
[398,869s][info][gc] GC(1564) Pause Young (Allocation Failure) 1255M->854M(1559M) 64,414ms
[399,082s][info][gc] GC(1565) Pause Young (Allocation Failure) 1284M->883M(1559M) 64,663ms
[399,295s][info][gc] GC(1566) Pause Young (Allocation Failure) 1313M->912M(1559M) 64,836ms
[399,509s][info][gc] GC(1567) Pause Young (Allocation Failure) 1342M->941M(1559M) 65,110ms
[399,723s][info][gc] GC(1568) Pause Young (Allocation Failure) 1371M->970M(1559M) 64,984ms
[399,936s][info][gc] GC(1569) Pause Young (Allocation Failure) 1401M->999M(1559M) 65,031ms
[400,158s][info][gc] GC(1570) Pause Young (Allocation Failure) 1430M->1029M(1559M) 73,078ms
[400,378s][info][gc] GC(1571) Pause Young (Allocation Failure) 1459M->1058M(1559M) 70,442ms
[400,591s][info][gc] GC(1572) Pause Young (Allocation Failure) 1488M->1087M(1559M) 64,226ms
[400,808s][info][gc] GC(1573) Pause Young (Allocation Failure) 1517M->1116M(1569M) 68,454ms
[401,933s][info][gc] GC(1574) Pause Full (Allocation Failure) 1116M->645M(1559M) 1125,164ms
[402,123s][info][gc] GC(1575) Pause Young (Allocation Failure) 1075M->675M(1559M) 43,439ms
[402,345s][info][gc] GC(1576) Pause Young (Allocation Failure) 1106M->705M(1559M) 64,861ms
[402,558s][info][gc] GC(1577) Pause Young (Allocation Failure) 1135M->734M(1559M) 64,449ms
[402,770s][info][gc] GC(1578) Pause Young (Allocation Failure) 1164M->763M(1559M) 64,220ms
[402,983s][info][gc] GC(1579) Pause Young (Allocation Failure) 1193M->792M(1559M) 64,259ms
[403,196s][info][gc] GC(1580) Pause Young (Allocation Failure) 1222M->821M(1559M) 64,388ms
[403,409s][info][gc] GC(1581) Pause Young (Allocation Failure) 1251M->850M(1559M) 64,903ms
[403,622s][info][gc] GC(1582) Pause Young (Allocation Failure) 1280M->879M(1559M) 64,475ms
[403,835s][info][gc] GC(1583) Pause Young (Allocation Failure) 1309M->908M(1559M) 64,321ms
[404,048s][info][gc] GC(1584) Pause Young (Allocation Failure) 1338M->937M(1559M) 64,511ms
[404,261s][info][gc] GC(1585) Pause Young (Allocation Failure) 1367M->966M(1559M) 64,499ms
[404,475s][info][gc] GC(1586) Pause Young (Allocation Failure) 1397M->995M(1559M) 64,678ms
[404,687s][info][gc] GC(1587) Pause Young (Allocation Failure) 1426M->1025M(1559M) 64,076ms
[404,900s][info][gc] GC(1588) Pause Young (Allocation Failure) 1455M->1054M(1559M) 64,073ms
[405,112s][info][gc] GC(1589) Pause Young (Allocation Failure) 1484M->1083M(1559M) 64,131ms
[405,327s][info][gc] GC(1590) Pause Young (Allocation Failure) 1513M->1112M(1565M) 66,592ms
[406,380s][info][gc] GC(1591) Pause Full (Allocation Failure) 1112M->644M(1559M) 1053,631ms
[406,571s][info][gc] GC(1592) Pause Young (Allocation Failure) 1075M->675M(1559M) 41,769ms
[406,788s][info][gc] GC(1593) Pause Young (Allocation Failure) 1105M->704M(1559M) 64,145ms
[407,000s][info][gc] GC(1594) Pause Young (Allocation Failure) 1135M->733M(1559M) 63,983ms
[407,212s][info][gc] GC(1595) Pause Young (Allocation Failure) 1164M->763M(1559M) 64,060ms
[407,424s][info][gc] GC(1596) Pause Young (Allocation Failure) 1193M->792M(1559M) 64,139ms
[407,636s][info][gc] GC(1597) Pause Young (Allocation Failure) 1222M->821M(1559M) 63,657ms
[407,869s][info][gc] GC(1598) Pause Young (Allocation Failure) 1251M->850M(1559M) 66,942ms
[408,087s][info][gc] GC(1599) Pause Young (Allocation Failure) 1280M->879M(1559M) 65,995ms
[408,306s][info][gc] GC(1600) Pause Young (Allocation Failure) 1309M->908M(1559M) 65,610ms
[408,519s][info][gc] GC(1601) Pause Young (Allocation Failure) 1338M->937M(1559M) 64,318ms
[408,735s][info][gc] GC(1602) Pause Young (Allocation Failure) 1367M->966M(1559M) 65,566ms
[408,963s][info][gc] GC(1603) Pause Young (Allocation Failure) 1396M->995M(1559M) 67,102ms
[409,177s][info][gc] GC(1604) Pause Young (Allocation Failure) 1426M->1025M(1559M) 64,878ms
[409,390s][info][gc] GC(1605) Pause Young (Allocation Failure) 1455M->1054M(1559M) 64,864ms
[409,603s][info][gc] GC(1606) Pause Young (Allocation Failure) 1484M->1083M(1559M) 64,970ms
[409,819s][info][gc] GC(1607) Pause Young (Allocation Failure) 1513M->1112M(1565M) 67,451ms
[410,873s][info][gc] GC(1608) Pause Full (Allocation Failure) 1112M->644M(1559M) 1053,865ms
[411,061s][info][gc] GC(1609) Pause Young (Allocation Failure) 1075M->675M(1559M) 42,056ms
[411,279s][info][gc] GC(1610) Pause Young (Allocation Failure) 1105M->704M(1559M) 64,640ms
[411,492s][info][gc] GC(1611) Pause Young (Allocation Failure) 1134M->733M(1559M) 64,516ms
[411,705s][info][gc] GC(1612) Pause Young (Allocation Failure) 1164M->762M(1559M) 64,851ms
[411,918s][info][gc] GC(1613) Pause Young (Allocation Failure) 1193M->792M(1559M) 64,850ms
[412,131s][info][gc] GC(1614) Pause Young (Allocation Failure) 1222M->821M(1559M) 64,639ms
[412,344s][info][gc] GC(1615) Pause Young (Allocation Failure) 1251M->850M(1559M) 64,624ms
[412,557s][info][gc] GC(1616) Pause Young (Allocation Failure) 1280M->879M(1559M) 64,890ms
[412,771s][info][gc] GC(1617) Pause Young (Allocation Failure) 1309M->908M(1559M) 65,289ms
[412,992s][info][gc] GC(1618) Pause Young (Allocation Failure) 1338M->937M(1559M) 67,048ms
[413,210s][info][gc] GC(1619) Pause Young (Allocation Failure) 1367M->966M(1559M) 64,994ms
[413,423s][info][gc] GC(1620) Pause Young (Allocation Failure) 1396M->995M(1559M) 64,706ms
[413,637s][info][gc] GC(1621) Pause Young (Allocation Failure) 1425M->1024M(1559M) 64,938ms
[413,853s][info][gc] GC(1622) Pause Young (Allocation Failure) 1454M->1053M(1559M) 65,195ms
[414,074s][info][gc] GC(1623) Pause Young (Allocation Failure) 1484M->1083M(1559M) 70,108ms
[414,301s][info][gc] GC(1624) Pause Young (Allocation Failure) 1513M->1112M(1565M) 70,404ms
[415,380s][info][gc] GC(1625) Pause Full (Allocation Failure) 1112M->590M(1559M) 1079,090ms
[415,577s][info][gc] GC(1626) Pause Young (Allocation Failure) 1021M->621M(1559M) 42,399ms
[415,801s][info][gc] GC(1627) Pause Young (Allocation Failure) 1051M->650M(1559M) 64,808ms
[416,020s][info][gc] GC(1628) Pause Young (Allocation Failure) 1080M->679M(1559M) 65,720ms
[416,238s][info][gc] GC(1629) Pause Young (Allocation Failure) 1110M->708M(1559M) 65,232ms
[416,456s][info][gc] GC(1630) Pause Young (Allocation Failure) 1139M->738M(1559M) 67,487ms
[416,682s][info][gc] GC(1631) Pause Young (Allocation Failure) 1168M->767M(1559M) 66,636ms
[416,898s][info][gc] GC(1632) Pause Young (Allocation Failure) 1197M->796M(1559M) 64,778ms
[417,117s][info][gc] GC(1633) Pause Young (Allocation Failure) 1226M->825M(1559M) 66,110ms
[417,332s][info][gc] GC(1634) Pause Young (Allocation Failure) 1255M->854M(1559M) 65,131ms
[417,547s][info][gc] GC(1635) Pause Young (Allocation Failure) 1284M->883M(1559M) 64,450ms
[417,761s][info][gc] GC(1636) Pause Young (Allocation Failure) 1313M->912M(1559M) 65,222ms
[417,975s][info][gc] GC(1637) Pause Young (Allocation Failure) 1342M->941M(1559M) 64,988ms
[418,189s][info][gc] GC(1638) Pause Young (Allocation Failure) 1371M->970M(1559M) 65,042ms
[418,403s][info][gc] GC(1639) Pause Young (Allocation Failure) 1400M->999M(1559M) 65,154ms
[418,623s][info][gc] GC(1640) Pause Young (Allocation Failure) 1430M->1029M(1559M) 67,224ms
[418,841s][info][gc] GC(1641) Pause Young (Allocation Failure) 1459M->1058M(1559M) 65,248ms
[419,055s][info][gc] GC(1642) Pause Young (Allocation Failure) 1488M->1087M(1559M) 64,801ms
[419,277s][info][gc] GC(1643) Pause Young (Allocation Failure) 1517M->1116M(1569M) 70,831ms
[420,338s][info][gc] GC(1644) Pause Full (Allocation Failure) 1116M->645M(1559M) 1061,115ms
[420,527s][info][gc] GC(1645) Pause Young (Allocation Failure) 1075M->675M(1559M) 42,444ms
[420,745s][info][gc] GC(1646) Pause Young (Allocation Failure) 1106M->705M(1559M) 65,128ms
[420,961s][info][gc] GC(1647) Pause Young (Allocation Failure) 1135M->734M(1559M) 65,375ms
[421,181s][info][gc] GC(1648) Pause Young (Allocation Failure) 1164M->763M(1559M) 71,190ms
[421,397s][info][gc] GC(1649) Pause Young (Allocation Failure) 1193M->792M(1559M) 64,635ms
[421,611s][info][gc] GC(1650) Pause Young (Allocation Failure) 1222M->821M(1559M) 64,489ms
[421,827s][info][gc] GC(1651) Pause Young (Allocation Failure) 1251M->850M(1559M) 64,565ms
[422,041s][info][gc] GC(1652) Pause Young (Allocation Failure) 1280M->879M(1559M) 64,252ms
[422,255s][info][gc] GC(1653) Pause Young (Allocation Failure) 1309M->908M(1559M) 64,148ms
[422,475s][info][gc] GC(1654) Pause Young (Allocation Failure) 1338M->937M(1559M) 65,536ms
[422,719s][info][gc] GC(1655) Pause Young (Allocation Failure) 1367M->966M(1559M) 68,925ms
[422,935s][info][gc] GC(1656) Pause Young (Allocation Failure) 1397M->996M(1559M) 65,069ms
[423,153s][info][gc] GC(1657) Pause Young (Allocation Failure) 1426M->1025M(1559M) 66,241ms
[423,381s][info][gc] GC(1658) Pause Young (Allocation Failure) 1455M->1054M(1559M) 73,854ms
[423,598s][info][gc] GC(1659) Pause Young (Allocation Failure) 1484M->1083M(1559M) 64,987ms
[423,817s][info][gc] GC(1660) Pause Young (Allocation Failure) 1513M->1112M(1565M) 67,900ms
[424,959s][info][gc] GC(1661) Pause Full (Allocation Failure) 1112M->644M(1559M) 1141,026ms
[425,148s][info][gc] GC(1662) Pause Young (Allocation Failure) 1075M->675M(1559M) 41,703ms
[425,366s][info][gc] GC(1663) Pause Young (Allocation Failure) 1105M->704M(1559M) 64,681ms
[425,585s][info][gc] GC(1664) Pause Young (Allocation Failure) 1134M->733M(1559M) 67,394ms
[425,810s][info][gc] GC(1665) Pause Young (Allocation Failure) 1164M->762M(1559M) 65,572ms
[426,023s][info][gc] GC(1666) Pause Young (Allocation Failure) 1193M->792M(1559M) 64,598ms
[426,237s][info][gc] GC(1667) Pause Young (Allocation Failure) 1222M->821M(1559M) 64,550ms
[426,452s][info][gc] GC(1668) Pause Young (Allocation Failure) 1251M->850M(1559M) 64,746ms
[426,667s][info][gc] GC(1669) Pause Young (Allocation Failure) 1280M->879M(1559M) 64,888ms
[426,883s][info][gc] GC(1670) Pause Young (Allocation Failure) 1309M->908M(1559M) 64,894ms
[427,101s][info][gc] GC(1671) Pause Young (Allocation Failure) 1338M->937M(1559M) 65,583ms
[427,319s][info][gc] GC(1672) Pause Young (Allocation Failure) 1367M->966M(1559M) 66,431ms
[427,535s][info][gc] GC(1673) Pause Young (Allocation Failure) 1396M->995M(1559M) 64,606ms
[427,753s][info][gc] GC(1674) Pause Young (Allocation Failure) 1426M->1024M(1559M) 65,223ms
[427,967s][info][gc] GC(1675) Pause Young (Allocation Failure) 1455M->1054M(1559M) 64,495ms
[428,181s][info][gc] GC(1676) Pause Young (Allocation Failure) 1484M->1083M(1559M) 65,026ms
[428,398s][info][gc] GC(1677) Pause Young (Allocation Failure) 1513M->1112M(1565M) 67,825ms
[429,453s][info][gc] GC(1678) Pause Full (Allocation Failure) 1112M->644M(1559M) 1054,274ms
[429,641s][info][gc] GC(1679) Pause Young (Allocation Failure) 1075M->675M(1559M) 41,817ms
[429,864s][info][gc] GC(1680) Pause Young (Allocation Failure) 1105M->704M(1559M) 65,930ms
[430,078s][info][gc] GC(1681) Pause Young (Allocation Failure) 1134M->733M(1559M) 64,836ms
[430,303s][info][gc] GC(1682) Pause Young (Allocation Failure) 1164M->762M(1559M) 68,855ms
[430,521s][info][gc] GC(1683) Pause Young (Allocation Failure) 1193M->792M(1559M) 65,000ms
[430,734s][info][gc] GC(1684) Pause Young (Allocation Failure) 1222M->821M(1559M) 64,374ms
[430,952s][info][gc] GC(1685) Pause Young (Allocation Failure) 1251M->850M(1559M) 64,929ms
[431,168s][info][gc] GC(1686) Pause Young (Allocation Failure) 1280M->879M(1559M) 65,657ms
[431,382s][info][gc] GC(1687) Pause Young (Allocation Failure) 1309M->908M(1559M) 64,103ms
[431,595s][info][gc] GC(1688) Pause Young (Allocation Failure) 1338M->937M(1559M) 64,208ms
[431,809s][info][gc] GC(1689) Pause Young (Allocation Failure) 1367M->966M(1559M) 65,234ms
[432,023s][info][gc] GC(1690) Pause Young (Allocation Failure) 1396M->995M(1559M) 65,049ms
[432,237s][info][gc] GC(1691) Pause Young (Allocation Failure) 1426M->1024M(1559M) 64,608ms
[432,451s][info][gc] GC(1692) Pause Young (Allocation Failure) 1455M->1054M(1559M) 64,597ms
[432,666s][info][gc] GC(1693) Pause Young (Allocation Failure) 1484M->1083M(1559M) 64,883ms
[432,886s][info][gc] GC(1694) Pause Young (Allocation Failure) 1513M->1112M(1565M) 71,603ms
[433,965s][info][gc] GC(1695) Pause Full (Allocation Failure) 1112M->590M(1559M) 1078,027ms
[434,156s][info][gc] GC(1696) Pause Young (Allocation Failure) 1021M->621M(1559M) 44,324ms
[434,374s][info][gc] GC(1697) Pause Young (Allocation Failure) 1051M->650M(1559M) 64,253ms
[434,588s][info][gc] GC(1698) Pause Young (Allocation Failure) 1080M->679M(1559M) 64,590ms
[434,805s][info][gc] GC(1699) Pause Young (Allocation Failure) 1110M->708M(1559M) 65,163ms
[435,018s][info][gc] GC(1700) Pause Young (Allocation Failure) 1139M->738M(1559M) 64,485ms
[435,233s][info][gc] GC(1701) Pause Young (Allocation Failure) 1168M->767M(1559M) 65,407ms
[435,453s][info][gc] GC(1702) Pause Young (Allocation Failure) 1197M->796M(1559M) 66,599ms
[435,666s][info][gc] GC(1703) Pause Young (Allocation Failure) 1226M->825M(1559M) 64,662ms
[435,879s][info][gc] GC(1704) Pause Young (Allocation Failure) 1255M->854M(1559M) 64,658ms
[436,097s][info][gc] GC(1705) Pause Young (Allocation Failure) 1284M->883M(1559M) 66,302ms
[436,312s][info][gc] GC(1706) Pause Young (Allocation Failure) 1313M->912M(1559M) 64,412ms
[436,525s][info][gc] GC(1707) Pause Young (Allocation Failure) 1342M->941M(1559M) 64,335ms
[436,738s][info][gc] GC(1708) Pause Young (Allocation Failure) 1372M->970M(1559M) 64,394ms
[436,950s][info][gc] GC(1709) Pause Young (Allocation Failure) 1401M->999M(1559M) 64,281ms
[437,163s][info][gc] GC(1710) Pause Young (Allocation Failure) 1430M->1029M(1559M) 64,355ms
[437,376s][info][gc] GC(1711) Pause Young (Allocation Failure) 1459M->1058M(1559M) 64,336ms
[437,597s][info][gc] GC(1712) Pause Young (Allocation Failure) 1488M->1087M(1559M) 69,338ms
[437,815s][info][gc] GC(1713) Pause Young (Allocation Failure) 1517M->1116M(1569M) 68,685ms
[438,914s][info][gc] GC(1714) Pause Full (Allocation Failure) 1116M->645M(1559M) 1098,834ms
[439,105s][info][gc] GC(1715) Pause Young (Allocation Failure) 1075M->675M(1559M) 41,610ms
[439,323s][info][gc] GC(1716) Pause Young (Allocation Failure) 1106M->705M(1559M) 64,671ms
[439,547s][info][gc] GC(1717) Pause Young (Allocation Failure) 1135M->734M(1559M) 65,973ms
[439,765s][info][gc] GC(1718) Pause Young (Allocation Failure) 1164M->763M(1559M) 65,562ms
[439,981s][info][gc] GC(1719) Pause Young (Allocation Failure) 1193M->792M(1559M) 64,219ms
[440,196s][info][gc] GC(1720) Pause Young (Allocation Failure) 1222M->821M(1559M) 64,795ms
[440,417s][info][gc] GC(1721) Pause Young (Allocation Failure) 1251M->850M(1559M) 66,003ms
[440,632s][info][gc] GC(1722) Pause Young (Allocation Failure) 1280M->879M(1559M) 64,606ms
[440,849s][info][gc] GC(1723) Pause Young (Allocation Failure) 1309M->908M(1559M) 65,546ms
[441,066s][info][gc] GC(1724) Pause Young (Allocation Failure) 1338M->937M(1559M) 65,260ms
[441,283s][info][gc] GC(1725) Pause Young (Allocation Failure) 1367M->966M(1559M) 65,032ms
[441,499s][info][gc] GC(1726) Pause Young (Allocation Failure) 1397M->996M(1559M) 65,175ms
[441,718s][info][gc] GC(1727) Pause Young (Allocation Failure) 1426M->1025M(1559M) 65,480ms
[441,932s][info][gc] GC(1728) Pause Young (Allocation Failure) 1455M->1054M(1559M) 64,627ms
[442,146s][info][gc] GC(1729) Pause Young (Allocation Failure) 1484M->1083M(1559M) 65,484ms
[442,363s][info][gc] GC(1730) Pause Young (Allocation Failure) 1513M->1112M(1565M) 68,451ms
[443,485s][info][gc] GC(1731) Pause Full (Allocation Failure) 1112M->644M(1559M) 1122,086ms
[443,697s][info][gc] GC(1732) Pause Young (Allocation Failure) 1075M->675M(1559M) 48,301ms
[443,930s][info][gc] GC(1733) Pause Young (Allocation Failure) 1105M->704M(1559M) 68,103ms
[444,156s][info][gc] GC(1734) Pause Young (Allocation Failure) 1134M->733M(1559M) 67,373ms
[444,375s][info][gc] GC(1735) Pause Young (Allocation Failure) 1164M->762M(1559M) 68,875ms
[444,603s][info][gc] GC(1736) Pause Young (Allocation Failure) 1193M->792M(1559M) 74,952ms
[444,829s][info][gc] GC(1737) Pause Young (Allocation Failure) 1222M->821M(1559M) 74,323ms
[445,054s][info][gc] GC(1738) Pause Young (Allocation Failure) 1251M->850M(1559M) 73,924ms
[445,275s][info][gc] GC(1739) Pause Young (Allocation Failure) 1280M->879M(1559M) 66,889ms
[445,490s][info][gc] GC(1740) Pause Young (Allocation Failure) 1309M->908M(1559M) 65,495ms
[445,704s][info][gc] GC(1741) Pause Young (Allocation Failure) 1338M->937M(1559M) 65,211ms
[445,924s][info][gc] GC(1742) Pause Young (Allocation Failure) 1367M->966M(1559M) 67,000ms
[446,139s][info][gc] GC(1743) Pause Young (Allocation Failure) 1396M->995M(1559M) 65,061ms
[446,353s][info][gc] GC(1744) Pause Young (Allocation Failure) 1426M->1024M(1559M) 65,016ms
[446,567s][info][gc] GC(1745) Pause Young (Allocation Failure) 1455M->1054M(1559M) 65,130ms
[446,783s][info][gc] GC(1746) Pause Young (Allocation Failure) 1484M->1083M(1559M) 64,924ms
[446,999s][info][gc] GC(1747) Pause Young (Allocation Failure) 1513M->1112M(1565M) 67,017ms
[448,080s][info][gc] GC(1748) Pause Full (Allocation Failure) 1112M->644M(1559M) 1080,959ms
[448,269s][info][gc] GC(1749) Pause Young (Allocation Failure) 1075M->675M(1559M) 41,868ms
[448,497s][info][gc] GC(1750) Pause Young (Allocation Failure) 1105M->704M(1559M) 74,161ms
[448,718s][info][gc] GC(1751) Pause Young (Allocation Failure) 1134M->733M(1559M) 66,384ms
[448,933s][info][gc] GC(1752) Pause Young (Allocation Failure) 1164M->762M(1559M) 64,516ms
[449,147s][info][gc] GC(1753) Pause Young (Allocation Failure) 1193M->792M(1559M) 64,690ms
[449,360s][info][gc] GC(1754) Pause Young (Allocation Failure) 1222M->821M(1559M) 64,731ms
[449,577s][info][gc] GC(1755) Pause Young (Allocation Failure) 1251M->850M(1559M) 64,780ms
[449,790s][info][gc] GC(1756) Pause Young (Allocation Failure) 1280M->879M(1559M) 64,353ms
[450,013s][info][gc] GC(1757) Pause Young (Allocation Failure) 1309M->908M(1559M) 73,396ms
[450,241s][info][gc] GC(1758) Pause Young (Allocation Failure) 1338M->937M(1559M) 72,175ms
[450,458s][info][gc] GC(1759) Pause Young (Allocation Failure) 1367M->966M(1559M) 64,958ms
[450,671s][info][gc] GC(1760) Pause Young (Allocation Failure) 1397M->995M(1559M) 64,204ms
[450,892s][info][gc] GC(1761) Pause Young (Allocation Failure) 1426M->1025M(1559M) 65,745ms
[451,105s][info][gc] GC(1762) Pause Young (Allocation Failure) 1455M->1054M(1559M) 64,082ms
[451,324s][info][gc] GC(1763) Pause Young (Allocation Failure) 1484M->1083M(1559M) 64,640ms
[451,539s][info][gc] GC(1764) Pause Young (Allocation Failure) 1513M->1112M(1565M) 66,467ms
[452,611s][info][gc] GC(1765) Pause Full (Allocation Failure) 1112M->590M(1559M) 1072,721ms
[452,808s][info][gc] GC(1766) Pause Young (Allocation Failure) 1021M->621M(1559M) 41,939ms
[453,027s][info][gc] GC(1767) Pause Young (Allocation Failure) 1051M->650M(1559M) 64,758ms
[453,241s][info][gc] GC(1768) Pause Young (Allocation Failure) 1080M->679M(1559M) 64,536ms
[453,454s][info][gc] GC(1769) Pause Young (Allocation Failure) 1109M->708M(1559M) 64,268ms
[453,667s][info][gc] GC(1770) Pause Young (Allocation Failure) 1139M->737M(1559M) 64,474ms
[453,880s][info][gc] GC(1771) Pause Young (Allocation Failure) 1168M->767M(1559M) 64,397ms
[454,104s][info][gc] GC(1772) Pause Young (Allocation Failure) 1197M->796M(1559M) 73,961ms
[454,319s][info][gc] GC(1773) Pause Young (Allocation Failure) 1226M->825M(1559M) 64,806ms
[454,533s][info][gc] GC(1774) Pause Young (Allocation Failure) 1255M->854M(1559M) 64,479ms
[454,746s][info][gc] GC(1775) Pause Young (Allocation Failure) 1284M->883M(1559M) 64,448ms
[454,963s][info][gc] GC(1776) Pause Young (Allocation Failure) 1313M->912M(1559M) 65,244ms
[455,177s][info][gc] GC(1777) Pause Young (Allocation Failure) 1342M->941M(1559M) 64,977ms
[455,391s][info][gc] GC(1778) Pause Young (Allocation Failure) 1371M->970M(1559M) 64,939ms
[455,605s][info][gc] GC(1779) Pause Young (Allocation Failure) 1400M->999M(1559M) 64,878ms
[455,818s][info][gc] GC(1780) Pause Young (Allocation Failure) 1430M->1028M(1559M) 64,203ms
[456,031s][info][gc] GC(1781) Pause Young (Allocation Failure) 1459M->1058M(1559M) 64,182ms
[456,243s][info][gc] GC(1782) Pause Young (Allocation Failure) 1488M->1087M(1559M) 64,005ms
[456,460s][info][gc] GC(1783) Pause Young (Allocation Failure) 1517M->1116M(1569M) 68,128ms
[457,515s][info][gc] GC(1784) Pause Full (Allocation Failure) 1116M->645M(1559M) 1054,861ms
[457,703s][info][gc] GC(1785) Pause Young (Allocation Failure) 1075M->675M(1559M) 41,624ms
[457,920s][info][gc] GC(1786) Pause Young (Allocation Failure) 1106M->705M(1559M) 64,523ms
[458,135s][info][gc] GC(1787) Pause Young (Allocation Failure) 1135M->734M(1559M) 66,421ms
[458,354s][info][gc] GC(1788) Pause Young (Allocation Failure) 1164M->763M(1559M) 70,179ms
[458,569s][info][gc] GC(1789) Pause Young (Allocation Failure) 1193M->792M(1559M) 64,378ms
[458,786s][info][gc] GC(1790) Pause Young (Allocation Failure) 1222M->821M(1559M) 64,926ms
[458,999s][info][gc] GC(1791) Pause Young (Allocation Failure) 1251M->850M(1559M) 64,480ms
[459,218s][info][gc] GC(1792) Pause Young (Allocation Failure) 1280M->879M(1559M) 70,452ms
[459,432s][info][gc] GC(1793) Pause Young (Allocation Failure) 1309M->908M(1559M) 64,231ms
[459,649s][info][gc] GC(1794) Pause Young (Allocation Failure) 1338M->937M(1559M) 65,094ms
[459,862s][info][gc] GC(1795) Pause Young (Allocation Failure) 1368M->967M(1559M) 65,191ms
[460,075s][info][gc] GC(1796) Pause Young (Allocation Failure) 1397M->996M(1559M) 64,399ms
[460,289s][info][gc] GC(1797) Pause Young (Allocation Failure) 1426M->1025M(1559M) 64,606ms
[460,506s][info][gc] GC(1798) Pause Young (Allocation Failure) 1455M->1054M(1559M) 65,073ms
[460,719s][info][gc] GC(1799) Pause Young (Allocation Failure) 1484M->1083M(1559M) 65,258ms
[460,935s][info][gc] GC(1800) Pause Young (Allocation Failure) 1513M->1112M(1565M) 66,944ms
[462,048s][info][gc] GC(1801) Pause Full (Allocation Failure) 1112M->644M(1559M) 1113,020ms
[462,242s][info][gc] GC(1802) Pause Young (Allocation Failure) 1075M->675M(1559M) 41,765ms
[462,460s][info][gc] GC(1803) Pause Young (Allocation Failure) 1105M->704M(1559M) 64,556ms
[462,682s][info][gc] GC(1804) Pause Young (Allocation Failure) 1134M->733M(1559M) 73,116ms
[462,897s][info][gc] GC(1805) Pause Young (Allocation Failure) 1164M->762M(1559M) 64,345ms
[463,110s][info][gc] GC(1806) Pause Young (Allocation Failure) 1193M->791M(1559M) 64,203ms
[463,322s][info][gc] GC(1807) Pause Young (Allocation Failure) 1222M->821M(1559M) 64,184ms
[463,537s][info][gc] GC(1808) Pause Young (Allocation Failure) 1251M->850M(1559M) 64,859ms
[463,750s][info][gc] GC(1809) Pause Young (Allocation Failure) 1280M->879M(1559M) 64,491ms
[463,963s][info][gc] GC(1810) Pause Young (Allocation Failure) 1309M->908M(1559M) 64,336ms
[464,176s][info][gc] GC(1811) Pause Young (Allocation Failure) 1338M->937M(1559M) 64,382ms
[464,389s][info][gc] GC(1812) Pause Young (Allocation Failure) 1367M->966M(1559M) 64,840ms
[464,602s][info][gc] GC(1813) Pause Young (Allocation Failure) 1396M->995M(1559M) 64,543ms
[464,815s][info][gc] GC(1814) Pause Young (Allocation Failure) 1425M->1024M(1559M) 64,491ms
[465,028s][info][gc] GC(1815) Pause Young (Allocation Failure) 1455M->1053M(1559M) 64,396ms
[465,242s][info][gc] GC(1816) Pause Young (Allocation Failure) 1484M->1083M(1559M) 64,552ms
[465,457s][info][gc] GC(1817) Pause Young (Allocation Failure) 1513M->1112M(1565M) 66,458ms
[466,511s][info][gc] GC(1818) Pause Full (Allocation Failure) 1112M->644M(1559M) 1054,044ms
[466,699s][info][gc] GC(1819) Pause Young (Allocation Failure) 1075M->675M(1559M) 41,625ms
[466,916s][info][gc] GC(1820) Pause Young (Allocation Failure) 1105M->704M(1559M) 64,299ms
