[0.006s][info][gc] Using Serial
[0,269s][info][gc] GC(0) Pause Young (Allocation Failure) 136M->14M(494M) 18,905ms
[0,368s][info][gc] GC(1) Pause Young (Allocation Failure) 150M->24M(494M) 28,277ms
[0,449s][info][gc] GC(2) Pause Young (Allocation Failure) 160M->33M(494M) 23,550ms
[0,531s][info][gc] GC(3) Pause Young (Allocation Failure) 170M->43M(494M) 24,236ms
[0,611s][info][gc] GC(4) Pause Young (Allocation Failure) 180M->53M(494M) 23,949ms
[0,690s][info][gc] GC(5) Pause Young (Allocation Failure) 189M->63M(494M) 23,976ms
[0,769s][info][gc] GC(6) Pause Young (Allocation Failure) 199M->72M(494M) 24,571ms
[0,847s][info][gc] GC(7) Pause Young (Allocation Failure) 209M->82M(494M) 23,804ms
[0,925s][info][gc] GC(8) Pause Young (Allocation Failure) 218M->92M(494M) 24,039ms
[1,004s][info][gc] GC(9) Pause Young (Allocation Failure) 228M->101M(494M) 24,347ms
[1,083s][info][gc] GC(10) Pause Young (Allocation Failure) 238M->111M(494M) 24,806ms
[1,162s][info][gc] GC(11) Pause Young (Allocation Failure) 248M->121M(494M) 24,992ms
[1,249s][info][gc] GC(12) Pause Young (Allocation Failure) 257M->131M(494M) 24,503ms
[1,332s][info][gc] GC(13) Pause Young (Allocation Failure) 267M->140M(494M) 25,504ms
[1,415s][info][gc] GC(14) Pause Young (Allocation Failure) 277M->150M(494M) 24,984ms
[1,497s][info][gc] GC(15) Pause Young (Allocation Failure) 287M->160M(494M) 27,628ms
[1,578s][info][gc] GC(16) Pause Young (Allocation Failure) 296M->170M(494M) 25,128ms
[1,657s][info][gc] GC(17) Pause Young (Allocation Failure) 306M->179M(494M) 25,069ms
[1,736s][info][gc] GC(18) Pause Young (Allocation Failure) 316M->189M(494M) 25,217ms
[1,816s][info][gc] GC(19) Pause Young (Allocation Failure) 326M->199M(494M) 25,457ms
[1,895s][info][gc] GC(20) Pause Young (Allocation Failure) 335M->208M(494M) 25,539ms
[1,975s][info][gc] GC(21) Pause Young (Allocation Failure) 345M->218M(494M) 25,801ms
[2,058s][info][gc] GC(22) Pause Young (Allocation Failure) 355M->228M(494M) 25,852ms
[2,140s][info][gc] GC(23) Pause Young (Allocation Failure) 364M->238M(494M) 26,021ms
[2,220s][info][gc] GC(24) Pause Young (Allocation Failure) 374M->247M(494M) 25,366ms
[2,300s][info][gc] GC(25) Pause Young (Allocation Failure) 384M->257M(494M) 25,753ms
[2,380s][info][gc] GC(26) Pause Young (Allocation Failure) 394M->267M(494M) 26,037ms
[2,459s][info][gc] GC(27) Pause Young (Allocation Failure) 403M->277M(494M) 25,844ms
[2,539s][info][gc] GC(28) Pause Young (Allocation Failure) 413M->286M(494M) 25,975ms
[2,619s][info][gc] GC(29) Pause Young (Allocation Failure) 423M->296M(494M) 25,594ms
[2,699s][info][gc] GC(30) Pause Young (Allocation Failure) 433M->306M(494M) 25,661ms
[2,778s][info][gc] GC(31) Pause Young (Allocation Failure) 442M->316M(494M) 26,060ms
[2,858s][info][gc] GC(32) Pause Young (Allocation Failure) 452M->325M(494M) 25,723ms
[2,938s][info][gc] GC(33) Pause Young (Allocation Failure) 462M->335M(494M) 25,909ms
[3,018s][info][gc] GC(34) Pause Young (Allocation Failure) 472M->345M(494M) 25,870ms
[3,098s][info][gc] GC(35) Pause Young (Allocation Failure) 481M->354M(498M) 26,207ms
[3,491s][info][gc] GC(36) Pause Full (Allocation Failure) 354M->290M(702M) 392,846ms
[3,600s][info][gc] GC(37) Pause Young (Allocation Failure) 484M->304M(702M) 24,658ms
[3,714s][info][gc] GC(38) Pause Young (Allocation Failure) 498M->318M(702M) 35,923ms
[3,824s][info][gc] GC(39) Pause Young (Allocation Failure) 511M->331M(702M) 31,602ms
[3,933s][info][gc] GC(40) Pause Young (Allocation Failure) 525M->345M(702M) 31,035ms
[4,041s][info][gc] GC(41) Pause Young (Allocation Failure) 539M->359M(702M) 31,243ms
[4,154s][info][gc] GC(42) Pause Young (Allocation Failure) 552M->372M(702M) 37,291ms
[4,268s][info][gc] GC(43) Pause Young (Allocation Failure) 566M->386M(702M) 36,266ms
[4,382s][info][gc] GC(44) Pause Young (Allocation Failure) 580M->400M(702M) 36,516ms
[4,495s][info][gc] GC(45) Pause Young (Allocation Failure) 593M->413M(702M) 36,304ms
[4,608s][info][gc] GC(46) Pause Young (Allocation Failure) 607M->427M(702M) 36,483ms
[4,721s][info][gc] GC(47) Pause Young (Allocation Failure) 621M->441M(702M) 36,397ms
[4,833s][info][gc] GC(48) Pause Young (Allocation Failure) 634M->454M(702M) 36,253ms
[4,950s][info][gc] GC(49) Pause Young (Allocation Failure) 648M->468M(702M) 39,621ms
[5,069s][info][gc] GC(50) Pause Young (Allocation Failure) 662M->482M(702M) 39,477ms
[5,184s][info][gc] GC(51) Pause Young (Allocation Failure) 675M->495M(702M) 36,234ms
[5,297s][info][gc] GC(52) Pause Young (Allocation Failure) 689M->509M(713M) 36,316ms
[5,858s][info][gc] GC(53) Pause Full (Allocation Failure) 509M->400M(966M) 560,813ms
[6,011s][info][gc] GC(54) Pause Young (Allocation Failure) 666M->419M(966M) 36,784ms
[6,168s][info][gc] GC(55) Pause Young (Allocation Failure) 686M->437M(966M) 48,511ms
[6,315s][info][gc] GC(56) Pause Young (Allocation Failure) 704M->456M(966M) 41,895ms
[6,462s][info][gc] GC(57) Pause Young (Allocation Failure) 723M->474M(966M) 41,749ms
[6,608s][info][gc] GC(58) Pause Young (Allocation Failure) 741M->493M(966M) 41,509ms
[6,754s][info][gc] GC(59) Pause Young (Allocation Failure) 760M->512M(966M) 41,336ms
[6,906s][info][gc] GC(60) Pause Young (Allocation Failure) 778M->530M(966M) 46,883ms
[7,058s][info][gc] GC(61) Pause Young (Allocation Failure) 797M->549M(966M) 48,541ms
[7,212s][info][gc] GC(62) Pause Young (Allocation Failure) 816M->567M(966M) 48,885ms
[7,366s][info][gc] GC(63) Pause Young (Allocation Failure) 834M->586M(966M) 49,039ms
[7,520s][info][gc] GC(64) Pause Young (Allocation Failure) 853M->604M(966M) 48,749ms
[7,673s][info][gc] GC(65) Pause Young (Allocation Failure) 871M->623M(966M) 48,652ms
[7,827s][info][gc] GC(66) Pause Young (Allocation Failure) 890M->642M(966M) 48,818ms
[7,984s][info][gc] GC(67) Pause Young (Allocation Failure) 908M->660M(966M) 51,280ms
[8,143s][info][gc] GC(68) Pause Young (Allocation Failure) 927M->679M(966M) 48,408ms
[8,297s][info][gc] GC(69) Pause Young (Allocation Failure) 946M->697M(978M) 48,717ms
[9,032s][info][gc] GC(70) Pause Full (Allocation Failure) 697M->498M(1204M) 735,286ms
[9,210s][info][gc] GC(71) Pause Young (Allocation Failure) 830M->522M(1204M) 41,111ms
[9,403s][info][gc] GC(72) Pause Young (Allocation Failure) 854M->544M(1204M) 59,275ms
[9,586s][info][gc] GC(73) Pause Young (Allocation Failure) 877M->567M(1204M) 51,224ms
[9,770s][info][gc] GC(74) Pause Young (Allocation Failure) 899M->590M(1204M) 50,571ms
[9,950s][info][gc] GC(75) Pause Young (Allocation Failure) 922M->613M(1204M) 50,232ms
[10,130s][info][gc] GC(76) Pause Young (Allocation Failure) 945M->636M(1204M) 50,236ms
[10,310s][info][gc] GC(77) Pause Young (Allocation Failure) 968M->659M(1204M) 50,092ms
[10,495s][info][gc] GC(78) Pause Young (Allocation Failure) 991M->681M(1204M) 54,657ms
[10,681s][info][gc] GC(79) Pause Young (Allocation Failure) 1014M->704M(1204M) 51,933ms
[10,877s][info][gc] GC(80) Pause Young (Allocation Failure) 1036M->727M(1204M) 65,287ms
[11,068s][info][gc] GC(81) Pause Young (Allocation Failure) 1059M->750M(1204M) 59,134ms
[11,256s][info][gc] GC(82) Pause Young (Allocation Failure) 1082M->773M(1204M) 59,205ms
[11,446s][info][gc] GC(83) Pause Young (Allocation Failure) 1105M->796M(1204M) 59,188ms
[11,635s][info][gc] GC(84) Pause Young (Allocation Failure) 1128M->818M(1204M) 59,029ms
[11,824s][info][gc] GC(85) Pause Young (Allocation Failure) 1151M->841M(1204M) 59,014ms
[12,013s][info][gc] GC(86) Pause Young (Allocation Failure) 1173M->864M(1214M) 59,368ms
[12,883s][info][gc] GC(87) Pause Full (Allocation Failure) 864M->525M(1270M) 870,080ms
[13,059s][info][gc] GC(88) Pause Young (Allocation Failure) 876M->550M(1270M) 41,692ms
[13,258s][info][gc] GC(89) Pause Young (Allocation Failure) 901M->574M(1270M) 59,034ms
[13,447s][info][gc] GC(90) Pause Young (Allocation Failure) 925M->598M(1270M) 52,849ms
[13,645s][info][gc] GC(91) Pause Young (Allocation Failure) 949M->622M(1270M) 60,059ms
[13,837s][info][gc] GC(92) Pause Young (Allocation Failure) 973M->646M(1270M) 53,433ms
[14,027s][info][gc] GC(93) Pause Young (Allocation Failure) 997M->670M(1270M) 53,167ms
[14,222s][info][gc] GC(94) Pause Young (Allocation Failure) 1021M->694M(1270M) 54,393ms
[14,416s][info][gc] GC(95) Pause Young (Allocation Failure) 1045M->718M(1270M) 53,989ms
[14,607s][info][gc] GC(96) Pause Young (Allocation Failure) 1069M->742M(1270M) 52,645ms
[14,796s][info][gc] GC(97) Pause Young (Allocation Failure) 1093M->766M(1270M) 53,162ms
[14,986s][info][gc] GC(98) Pause Young (Allocation Failure) 1117M->790M(1270M) 52,748ms
[15,176s][info][gc] GC(99) Pause Young (Allocation Failure) 1141M->814M(1270M) 52,733ms
[15,368s][info][gc] GC(100) Pause Young (Allocation Failure) 1165M->838M(1270M) 53,568ms
[15,563s][info][gc] GC(101) Pause Young (Allocation Failure) 1189M->862M(1270M) 53,478ms
[15,763s][info][gc] GC(102) Pause Young (Allocation Failure) 1213M->886M(1270M) 60,497ms
[15,963s][info][gc] GC(103) Pause Young (Allocation Failure) 1237M->910M(1280M) 62,093ms
[16,905s][info][gc] GC(104) Pause Full (Allocation Failure) 910M->602M(1457M) 941,713ms
[17,110s][info][gc] GC(105) Pause Young (Allocation Failure) 1004M->631M(1457M) 48,794ms
[17,336s][info][gc] GC(106) Pause Young (Allocation Failure) 1033M->658M(1457M) 64,825ms
[17,554s][info][gc] GC(107) Pause Young (Allocation Failure) 1060M->686M(1457M) 61,026ms
[17,773s][info][gc] GC(108) Pause Young (Allocation Failure) 1088M->713M(1457M) 60,529ms
[17,991s][info][gc] GC(109) Pause Young (Allocation Failure) 1115M->740M(1457M) 60,425ms
[18,209s][info][gc] GC(110) Pause Young (Allocation Failure) 1142M->767M(1457M) 60,838ms
[18,427s][info][gc] GC(111) Pause Young (Allocation Failure) 1169M->795M(1457M) 60,384ms
[18,646s][info][gc] GC(112) Pause Young (Allocation Failure) 1197M->822M(1457M) 60,248ms
[18,863s][info][gc] GC(113) Pause Young (Allocation Failure) 1224M->849M(1457M) 60,008ms
[19,080s][info][gc] GC(114) Pause Young (Allocation Failure) 1251M->876M(1457M) 59,988ms
[19,296s][info][gc] GC(115) Pause Young (Allocation Failure) 1279M->904M(1457M) 60,209ms
[19,519s][info][gc] GC(116) Pause Young (Allocation Failure) 1306M->931M(1457M) 65,936ms
[19,746s][info][gc] GC(117) Pause Young (Allocation Failure) 1333M->958M(1457M) 70,681ms
[19,973s][info][gc] GC(118) Pause Young (Allocation Failure) 1360M->986M(1457M) 70,838ms
[20,216s][info][gc] GC(119) Pause Young (Allocation Failure) 1388M->1013M(1457M) 75,650ms
[20,471s][info][gc] GC(120) Pause Young (Allocation Failure) 1415M->1040M(1464M) 78,922ms
[21,522s][info][gc] GC(121) Pause Full (Allocation Failure) 1040M->626M(1515M) 1051,107ms
[21,730s][info][gc] GC(122) Pause Young (Allocation Failure) 1044M->656M(1515M) 47,690ms
[21,965s][info][gc] GC(123) Pause Young (Allocation Failure) 1074M->685M(1515M) 68,836ms
[22,199s][info][gc] GC(124) Pause Young (Allocation Failure) 1103M->713M(1515M) 72,133ms
[22,426s][info][gc] GC(125) Pause Young (Allocation Failure) 1131M->741M(1515M) 62,393ms
[22,681s][info][gc] GC(126) Pause Young (Allocation Failure) 1159M->769M(1515M) 64,093ms
[22,906s][info][gc] GC(127) Pause Young (Allocation Failure) 1187M->798M(1515M) 62,583ms
[23,130s][info][gc] GC(128) Pause Young (Allocation Failure) 1216M->826M(1515M) 62,408ms
[23,355s][info][gc] GC(129) Pause Young (Allocation Failure) 1244M->854M(1515M) 62,289ms
[23,579s][info][gc] GC(130) Pause Young (Allocation Failure) 1272M->883M(1515M) 62,109ms
[23,803s][info][gc] GC(131) Pause Young (Allocation Failure) 1301M->911M(1515M) 62,175ms
[24,028s][info][gc] GC(132) Pause Young (Allocation Failure) 1329M->939M(1515M) 62,600ms
[24,254s][info][gc] GC(133) Pause Young (Allocation Failure) 1357M->967M(1515M) 62,947ms
[24,479s][info][gc] GC(134) Pause Young (Allocation Failure) 1385M->996M(1515M) 62,924ms
[24,704s][info][gc] GC(135) Pause Young (Allocation Failure) 1414M->1024M(1515M) 62,668ms
[24,933s][info][gc] GC(136) Pause Young (Allocation Failure) 1442M->1052M(1515M) 67,103ms
[25,170s][info][gc] GC(137) Pause Young (Allocation Failure) 1470M->1080M(1521M) 74,534ms
[26,200s][info][gc] GC(138) Pause Full (Allocation Failure) 1080M->637M(1539M) 1029,497ms
[26,407s][info][gc] GC(139) Pause Young (Allocation Failure) 1062M->667M(1539M) 44,165ms
[26,643s][info][gc] GC(140) Pause Young (Allocation Failure) 1092M->696M(1539M) 66,458ms
[26,871s][info][gc] GC(141) Pause Young (Allocation Failure) 1120M->724M(1539M) 63,685ms
[27,100s][info][gc] GC(142) Pause Young (Allocation Failure) 1149M->753M(1539M) 63,532ms
[27,329s][info][gc] GC(143) Pause Young (Allocation Failure) 1178M->782M(1539M) 63,709ms
[27,558s][info][gc] GC(144) Pause Young (Allocation Failure) 1207M->810M(1539M) 63,946ms
[27,791s][info][gc] GC(145) Pause Young (Allocation Failure) 1235M->839M(1539M) 64,003ms
[28,020s][info][gc] GC(146) Pause Young (Allocation Failure) 1264M->868M(1539M) 63,263ms
[28,248s][info][gc] GC(147) Pause Young (Allocation Failure) 1293M->896M(1539M) 63,220ms
[28,476s][info][gc] GC(148) Pause Young (Allocation Failure) 1321M->925M(1539M) 63,385ms
[28,706s][info][gc] GC(149) Pause Young (Allocation Failure) 1350M->954M(1539M) 63,381ms
[28,934s][info][gc] GC(150) Pause Young (Allocation Failure) 1379M->983M(1539M) 63,306ms
[29,162s][info][gc] GC(151) Pause Young (Allocation Failure) 1408M->1011M(1539M) 63,071ms
[29,389s][info][gc] GC(152) Pause Young (Allocation Failure) 1436M->1040M(1539M) 63,094ms
[29,617s][info][gc] GC(153) Pause Young (Allocation Failure) 1465M->1069M(1539M) 63,087ms
[29,852s][info][gc] GC(154) Pause Young (Allocation Failure) 1494M->1097M(1545M) 69,677ms
[30,895s][info][gc] GC(155) Pause Full (Allocation Failure) 1097M->588M(1539M) 1043,392ms
[31,100s][info][gc] GC(156) Pause Young (Allocation Failure) 1013M->618M(1539M) 41,355ms
[31,333s][info][gc] GC(157) Pause Young (Allocation Failure) 1043M->647M(1539M) 63,437ms
[31,562s][info][gc] GC(158) Pause Young (Allocation Failure) 1071M->675M(1539M) 63,848ms
[31,792s][info][gc] GC(159) Pause Young (Allocation Failure) 1100M->704M(1539M) 63,732ms
[32,021s][info][gc] GC(160) Pause Young (Allocation Failure) 1129M->733M(1539M) 63,203ms
[32,249s][info][gc] GC(161) Pause Young (Allocation Failure) 1158M->761M(1539M) 63,006ms
[32,477s][info][gc] GC(162) Pause Young (Allocation Failure) 1186M->790M(1539M) 63,192ms
[32,705s][info][gc] GC(163) Pause Young (Allocation Failure) 1215M->819M(1539M) 63,123ms
[32,933s][info][gc] GC(164) Pause Young (Allocation Failure) 1244M->847M(1539M) 63,234ms
[33,162s][info][gc] GC(165) Pause Young (Allocation Failure) 1272M->876M(1539M) 63,070ms
[33,390s][info][gc] GC(166) Pause Young (Allocation Failure) 1301M->905M(1539M) 63,186ms
[33,618s][info][gc] GC(167) Pause Young (Allocation Failure) 1330M->933M(1539M) 63,244ms
[33,847s][info][gc] GC(168) Pause Young (Allocation Failure) 1358M->962M(1539M) 63,234ms
[34,075s][info][gc] GC(169) Pause Young (Allocation Failure) 1387M->991M(1539M) 63,072ms
[34,304s][info][gc] GC(170) Pause Young (Allocation Failure) 1416M->1019M(1539M) 63,379ms
[34,535s][info][gc] GC(171) Pause Young (Allocation Failure) 1444M->1048M(1539M) 65,614ms
[34,765s][info][gc] GC(172) Pause Young (Allocation Failure) 1473M->1077M(1539M) 63,252ms
[35,000s][info][gc] GC(173) Pause Young (Allocation Failure) 1502M->1106M(1553M) 68,639ms
[36,091s][info][gc] GC(174) Pause Full (Allocation Failure) 1106M->643M(1555M) 1090,676ms
[36,302s][info][gc] GC(175) Pause Young (Allocation Failure) 1072M->674M(1555M) 43,408ms
[36,542s][info][gc] GC(176) Pause Young (Allocation Failure) 1103M->703M(1555M) 65,584ms
[36,785s][info][gc] GC(177) Pause Young (Allocation Failure) 1132M->732M(1555M) 66,044ms
[37,029s][info][gc] GC(178) Pause Young (Allocation Failure) 1161M->761M(1555M) 73,755ms
[37,274s][info][gc] GC(179) Pause Young (Allocation Failure) 1190M->790M(1555M) 73,677ms
[37,510s][info][gc] GC(180) Pause Young (Allocation Failure) 1219M->819M(1555M) 65,085ms
[37,753s][info][gc] GC(181) Pause Young (Allocation Failure) 1248M->848M(1555M) 67,898ms
[37,992s][info][gc] GC(182) Pause Young (Allocation Failure) 1277M->877M(1555M) 67,426ms
[38,238s][info][gc] GC(183) Pause Young (Allocation Failure) 1306M->905M(1555M) 67,489ms
[38,484s][info][gc] GC(184) Pause Young (Allocation Failure) 1335M->934M(1555M) 72,404ms
[38,720s][info][gc] GC(185) Pause Young (Allocation Failure) 1364M->963M(1555M) 65,523ms
[38,954s][info][gc] GC(186) Pause Young (Allocation Failure) 1393M->992M(1555M) 64,701ms
[39,186s][info][gc] GC(187) Pause Young (Allocation Failure) 1422M->1021M(1555M) 64,596ms
[39,420s][info][gc] GC(188) Pause Young (Allocation Failure) 1451M->1050M(1555M) 65,241ms
[39,659s][info][gc] GC(189) Pause Young (Allocation Failure) 1480M->1079M(1555M) 65,120ms
[39,892s][info][gc] GC(190) Pause Young (Allocation Failure) 1508M->1108M(1561M) 66,134ms
[40,950s][info][gc] GC(191) Pause Full (Allocation Failure) 1108M->644M(1557M) 1057,264ms
[41,158s][info][gc] GC(192) Pause Young (Allocation Failure) 1073M->674M(1557M) 42,617ms
[41,394s][info][gc] GC(193) Pause Young (Allocation Failure) 1104M->703M(1557M) 64,358ms
[41,629s][info][gc] GC(194) Pause Young (Allocation Failure) 1133M->732M(1557M) 64,381ms
[41,866s][info][gc] GC(195) Pause Young (Allocation Failure) 1162M->761M(1557M) 70,151ms
[42,099s][info][gc] GC(196) Pause Young (Allocation Failure) 1191M->790M(1557M) 64,524ms
[42,332s][info][gc] GC(197) Pause Young (Allocation Failure) 1220M->819M(1557M) 64,402ms
[42,568s][info][gc] GC(198) Pause Young (Allocation Failure) 1249M->848M(1557M) 65,302ms
[42,810s][info][gc] GC(199) Pause Young (Allocation Failure) 1278M->877M(1557M) 71,103ms
[43,048s][info][gc] GC(200) Pause Young (Allocation Failure) 1307M->906M(1557M) 64,406ms
[43,279s][info][gc] GC(201) Pause Young (Allocation Failure) 1336M->935M(1557M) 64,145ms
[43,511s][info][gc] GC(202) Pause Young (Allocation Failure) 1365M->964M(1557M) 64,768ms
[43,743s][info][gc] GC(203) Pause Young (Allocation Failure) 1394M->993M(1557M) 64,225ms
[43,975s][info][gc] GC(204) Pause Young (Allocation Failure) 1423M->1022M(1557M) 64,698ms
[44,208s][info][gc] GC(205) Pause Young (Allocation Failure) 1452M->1051M(1557M) 64,815ms
[44,450s][info][gc] GC(206) Pause Young (Allocation Failure) 1481M->1080M(1557M) 73,541ms
[44,692s][info][gc] GC(207) Pause Young (Allocation Failure) 1510M->1109M(1562M) 66,262ms
[45,734s][info][gc] GC(208) Pause Full (Allocation Failure) 1109M->644M(1558M) 1041,846ms
[45,942s][info][gc] GC(209) Pause Young (Allocation Failure) 1074M->675M(1558M) 41,552ms
[46,178s][info][gc] GC(210) Pause Young (Allocation Failure) 1105M->704M(1558M) 64,279ms
[46,418s][info][gc] GC(211) Pause Young (Allocation Failure) 1134M->733M(1558M) 72,556ms
[46,656s][info][gc] GC(212) Pause Young (Allocation Failure) 1163M->762M(1558M) 65,014ms
[46,896s][info][gc] GC(213) Pause Young (Allocation Failure) 1192M->791M(1558M) 72,860ms
[47,130s][info][gc] GC(214) Pause Young (Allocation Failure) 1221M->820M(1558M) 64,072ms
[47,361s][info][gc] GC(215) Pause Young (Allocation Failure) 1250M->849M(1558M) 64,057ms
[47,593s][info][gc] GC(216) Pause Young (Allocation Failure) 1279M->878M(1558M) 64,030ms
[47,832s][info][gc] GC(217) Pause Young (Allocation Failure) 1308M->907M(1558M) 71,149ms
[48,068s][info][gc] GC(218) Pause Young (Allocation Failure) 1337M->936M(1558M) 64,286ms
[48,300s][info][gc] GC(219) Pause Young (Allocation Failure) 1366M->965M(1558M) 64,041ms
[48,533s][info][gc] GC(220) Pause Young (Allocation Failure) 1395M->994M(1558M) 65,665ms
[48,779s][info][gc] GC(221) Pause Young (Allocation Failure) 1424M->1023M(1558M) 73,097ms
[49,011s][info][gc] GC(222) Pause Young (Allocation Failure) 1453M->1052M(1558M) 63,843ms
[49,242s][info][gc] GC(223) Pause Young (Allocation Failure) 1482M->1081M(1558M) 64,048ms
[49,475s][info][gc] GC(224) Pause Young (Allocation Failure) 1511M->1110M(1563M) 66,130ms
[50,519s][info][gc] GC(225) Pause Full (Allocation Failure) 1110M->590M(1558M) 1043,704ms
[50,726s][info][gc] GC(226) Pause Young (Allocation Failure) 1020M->621M(1558M) 41,826ms
[50,964s][info][gc] GC(227) Pause Young (Allocation Failure) 1051M->650M(1558M) 64,585ms
[51,195s][info][gc] GC(228) Pause Young (Allocation Failure) 1080M->679M(1558M) 64,229ms
[51,428s][info][gc] GC(229) Pause Young (Allocation Failure) 1109M->708M(1558M) 64,724ms
[51,671s][info][gc] GC(230) Pause Young (Allocation Failure) 1138M->737M(1558M) 73,337ms
[51,905s][info][gc] GC(231) Pause Young (Allocation Failure) 1167M->766M(1558M) 64,276ms
[52,139s][info][gc] GC(232) Pause Young (Allocation Failure) 1196M->795M(1558M) 65,102ms
[52,372s][info][gc] GC(233) Pause Young (Allocation Failure) 1225M->824M(1558M) 64,541ms
[52,632s][info][gc] GC(234) Pause Young (Allocation Failure) 1254M->853M(1558M) 66,746ms
[52,865s][info][gc] GC(235) Pause Young (Allocation Failure) 1283M->882M(1558M) 64,409ms
[53,096s][info][gc] GC(236) Pause Young (Allocation Failure) 1312M->911M(1558M) 63,984ms
[53,327s][info][gc] GC(237) Pause Young (Allocation Failure) 1341M->940M(1558M) 64,037ms
[53,560s][info][gc] GC(238) Pause Young (Allocation Failure) 1370M->969M(1558M) 64,099ms
[53,791s][info][gc] GC(239) Pause Young (Allocation Failure) 1399M->998M(1558M) 64,326ms
[54,023s][info][gc] GC(240) Pause Young (Allocation Failure) 1428M->1027M(1558M) 64,330ms
[54,254s][info][gc] GC(241) Pause Young (Allocation Failure) 1457M->1056M(1558M) 64,264ms
[54,485s][info][gc] GC(242) Pause Young (Allocation Failure) 1486M->1085M(1558M) 63,884ms
[54,720s][info][gc] GC(243) Pause Young (Allocation Failure) 1515M->1114M(1567M) 67,526ms
[55,786s][info][gc] GC(244) Pause Full (Allocation Failure) 1114M->645M(1558M) 1066,846ms
[55,997s][info][gc] GC(245) Pause Young (Allocation Failure) 1075M->675M(1558M) 42,124ms
[56,237s][info][gc] GC(246) Pause Young (Allocation Failure) 1105M->704M(1558M) 67,105ms
[56,482s][info][gc] GC(247) Pause Young (Allocation Failure) 1134M->733M(1558M) 67,374ms
[56,721s][info][gc] GC(248) Pause Young (Allocation Failure) 1163M->762M(1558M) 67,519ms
[56,960s][info][gc] GC(249) Pause Young (Allocation Failure) 1192M->791M(1558M) 68,127ms
[57,199s][info][gc] GC(250) Pause Young (Allocation Failure) 1221M->820M(1558M) 64,749ms
[57,432s][info][gc] GC(251) Pause Young (Allocation Failure) 1250M->849M(1558M) 65,624ms
[57,668s][info][gc] GC(252) Pause Young (Allocation Failure) 1279M->878M(1558M) 67,552ms
[57,910s][info][gc] GC(253) Pause Young (Allocation Failure) 1308M->907M(1558M) 67,583ms
[58,145s][info][gc] GC(254) Pause Young (Allocation Failure) 1337M->936M(1558M) 65,531ms
[58,377s][info][gc] GC(255) Pause Young (Allocation Failure) 1366M->965M(1558M) 64,572ms
[58,612s][info][gc] GC(256) Pause Young (Allocation Failure) 1396M->995M(1558M) 65,433ms
[58,846s][info][gc] GC(257) Pause Young (Allocation Failure) 1425M->1024M(1558M) 64,406ms
[59,079s][info][gc] GC(258) Pause Young (Allocation Failure) 1454M->1053M(1558M) 64,430ms
[59,313s][info][gc] GC(259) Pause Young (Allocation Failure) 1483M->1082M(1558M) 64,826ms
[59,549s][info][gc] GC(260) Pause Young (Allocation Failure) 1512M->1111M(1564M) 67,221ms
[60,617s][info][gc] GC(261) Pause Full (Allocation Failure) 1111M->644M(1558M) 1067,851ms
[60,825s][info][gc] GC(262) Pause Young (Allocation Failure) 1074M->675M(1558M) 41,671ms
[61,067s][info][gc] GC(263) Pause Young (Allocation Failure) 1105M->704M(1558M) 65,173ms
[61,306s][info][gc] GC(264) Pause Young (Allocation Failure) 1134M->733M(1558M) 66,322ms
[61,539s][info][gc] GC(265) Pause Young (Allocation Failure) 1163M->762M(1558M) 64,337ms
[61,771s][info][gc] GC(266) Pause Young (Allocation Failure) 1192M->791M(1558M) 64,910ms
[62,004s][info][gc] GC(267) Pause Young (Allocation Failure) 1221M->820M(1558M) 64,755ms
[62,241s][info][gc] GC(268) Pause Young (Allocation Failure) 1250M->849M(1558M) 65,206ms
[62,473s][info][gc] GC(269) Pause Young (Allocation Failure) 1279M->878M(1558M) 64,178ms
[62,705s][info][gc] GC(270) Pause Young (Allocation Failure) 1308M->907M(1558M) 63,944ms
[62,936s][info][gc] GC(271) Pause Young (Allocation Failure) 1337M->936M(1558M) 64,462ms
[63,168s][info][gc] GC(272) Pause Young (Allocation Failure) 1366M->965M(1558M) 65,026ms
[63,402s][info][gc] GC(273) Pause Young (Allocation Failure) 1395M->994M(1558M) 64,808ms
[63,634s][info][gc] GC(274) Pause Young (Allocation Failure) 1424M->1023M(1558M) 64,620ms
[63,866s][info][gc] GC(275) Pause Young (Allocation Failure) 1453M->1052M(1558M) 64,422ms
[64,112s][info][gc] GC(276) Pause Young (Allocation Failure) 1482M->1081M(1558M) 74,133ms
[64,348s][info][gc] GC(277) Pause Young (Allocation Failure) 1511M->1110M(1564M) 66,725ms
[65,412s][info][gc] GC(278) Pause Full (Allocation Failure) 1110M->644M(1558M) 1064,520ms
[65,625s][info][gc] GC(279) Pause Young (Allocation Failure) 1074M->675M(1558M) 41,833ms
[65,870s][info][gc] GC(280) Pause Young (Allocation Failure) 1105M->704M(1558M) 69,150ms
[66,116s][info][gc] GC(281) Pause Young (Allocation Failure) 1134M->733M(1558M) 66,333ms
[66,350s][info][gc] GC(282) Pause Young (Allocation Failure) 1163M->762M(1558M) 64,016ms
[66,581s][info][gc] GC(283) Pause Young (Allocation Failure) 1192M->791M(1558M) 64,030ms
[66,824s][info][gc] GC(284) Pause Young (Allocation Failure) 1221M->820M(1558M) 73,443ms
[67,065s][info][gc] GC(285) Pause Young (Allocation Failure) 1250M->849M(1558M) 66,241ms
[67,299s][info][gc] GC(286) Pause Young (Allocation Failure) 1279M->878M(1558M) 64,778ms
[67,535s][info][gc] GC(287) Pause Young (Allocation Failure) 1308M->907M(1558M) 65,743ms
[67,769s][info][gc] GC(288) Pause Young (Allocation Failure) 1337M->936M(1558M) 65,265ms
[68,009s][info][gc] GC(289) Pause Young (Allocation Failure) 1366M->965M(1558M) 66,488ms
[68,247s][info][gc] GC(290) Pause Young (Allocation Failure) 1395M->994M(1558M) 65,952ms
[68,480s][info][gc] GC(291) Pause Young (Allocation Failure) 1424M->1023M(1558M) 65,232ms
[68,715s][info][gc] GC(292) Pause Young (Allocation Failure) 1453M->1052M(1558M) 64,530ms
[68,948s][info][gc] GC(293) Pause Young (Allocation Failure) 1482M->1081M(1558M) 64,146ms
[69,181s][info][gc] GC(294) Pause Young (Allocation Failure) 1511M->1110M(1563M) 65,989ms
[70,245s][info][gc] GC(295) Pause Full (Allocation Failure) 1110M->590M(1558M) 1063,437ms
[70,456s][info][gc] GC(296) Pause Young (Allocation Failure) 1020M->621M(1558M) 41,892ms
[70,693s][info][gc] GC(297) Pause Young (Allocation Failure) 1051M->650M(1558M) 64,573ms
[70,924s][info][gc] GC(298) Pause Young (Allocation Failure) 1080M->679M(1558M) 64,144ms
[71,159s][info][gc] GC(299) Pause Young (Allocation Failure) 1109M->708M(1558M) 65,880ms
[71,402s][info][gc] GC(300) Pause Young (Allocation Failure) 1138M->737M(1558M) 66,127ms
[71,642s][info][gc] GC(301) Pause Young (Allocation Failure) 1167M->766M(1558M) 65,477ms
[71,879s][info][gc] GC(302) Pause Young (Allocation Failure) 1196M->795M(1558M) 65,099ms
[72,114s][info][gc] GC(303) Pause Young (Allocation Failure) 1225M->824M(1558M) 64,564ms
[72,350s][info][gc] GC(304) Pause Young (Allocation Failure) 1254M->853M(1558M) 65,139ms
[72,587s][info][gc] GC(305) Pause Young (Allocation Failure) 1283M->882M(1558M) 65,290ms
[72,821s][info][gc] GC(306) Pause Young (Allocation Failure) 1312M->911M(1558M) 65,080ms
[73,067s][info][gc] GC(307) Pause Young (Allocation Failure) 1341M->940M(1558M) 71,448ms
[73,302s][info][gc] GC(308) Pause Young (Allocation Failure) 1370M->969M(1558M) 64,378ms
[73,535s][info][gc] GC(309) Pause Young (Allocation Failure) 1399M->998M(1558M) 64,368ms
[73,768s][info][gc] GC(310) Pause Young (Allocation Failure) 1428M->1027M(1558M) 64,868ms
[74,004s][info][gc] GC(311) Pause Young (Allocation Failure) 1457M->1056M(1558M) 64,390ms
[74,236s][info][gc] GC(312) Pause Young (Allocation Failure) 1486M->1085M(1558M) 64,065ms
[74,472s][info][gc] GC(313) Pause Young (Allocation Failure) 1515M->1114M(1567M) 67,663ms
[75,531s][info][gc] GC(314) Pause Full (Allocation Failure) 1114M->645M(1559M) 1058,977ms
[75,737s][info][gc] GC(315) Pause Young (Allocation Failure) 1075M->675M(1559M) 41,551ms
[75,974s][info][gc] GC(316) Pause Young (Allocation Failure) 1105M->704M(1559M) 64,612ms
[76,206s][info][gc] GC(317) Pause Young (Allocation Failure) 1134M->733M(1559M) 64,583ms
[76,446s][info][gc] GC(318) Pause Young (Allocation Failure) 1163M->762M(1559M) 73,087ms
[76,679s][info][gc] GC(319) Pause Young (Allocation Failure) 1192M->791M(1559M) 64,062ms
[76,911s][info][gc] GC(320) Pause Young (Allocation Failure) 1221M->820M(1559M) 64,349ms
[77,144s][info][gc] GC(321) Pause Young (Allocation Failure) 1251M->849M(1559M) 64,503ms
[77,375s][info][gc] GC(322) Pause Young (Allocation Failure) 1280M->879M(1559M) 64,213ms
[77,606s][info][gc] GC(323) Pause Young (Allocation Failure) 1309M->908M(1559M) 64,119ms
[77,838s][info][gc] GC(324) Pause Young (Allocation Failure) 1338M->937M(1559M) 64,589ms
[78,076s][info][gc] GC(325) Pause Young (Allocation Failure) 1367M->966M(1559M) 65,877ms
[78,308s][info][gc] GC(326) Pause Young (Allocation Failure) 1396M->995M(1559M) 63,962ms
[78,539s][info][gc] GC(327) Pause Young (Allocation Failure) 1425M->1024M(1559M) 64,058ms
[78,774s][info][gc] GC(328) Pause Young (Allocation Failure) 1454M->1053M(1559M) 64,648ms
[79,007s][info][gc] GC(329) Pause Young (Allocation Failure) 1483M->1082M(1559M) 64,456ms
[79,243s][info][gc] GC(330) Pause Young (Allocation Failure) 1512M->1111M(1564M) 66,266ms
[80,319s][info][gc] GC(331) Pause Full (Allocation Failure) 1111M->644M(1559M) 1076,154ms
[80,533s][info][gc] GC(332) Pause Young (Allocation Failure) 1075M->675M(1559M) 48,361ms
[80,774s][info][gc] GC(333) Pause Young (Allocation Failure) 1105M->704M(1559M) 64,659ms
[81,009s][info][gc] GC(334) Pause Young (Allocation Failure) 1134M->733M(1559M) 66,464ms
[81,250s][info][gc] GC(335) Pause Young (Allocation Failure) 1163M->762M(1559M) 72,779ms
[81,485s][info][gc] GC(336) Pause Young (Allocation Failure) 1192M->791M(1559M) 64,979ms
[81,731s][info][gc] GC(337) Pause Young (Allocation Failure) 1221M->820M(1559M) 66,563ms
[81,967s][info][gc] GC(338) Pause Young (Allocation Failure) 1250M->849M(1559M) 64,645ms
[82,200s][info][gc] GC(339) Pause Young (Allocation Failure) 1279M->878M(1559M) 64,595ms
[82,433s][info][gc] GC(340) Pause Young (Allocation Failure) 1308M->907M(1559M) 64,723ms
[82,695s][info][gc] GC(341) Pause Young (Allocation Failure) 1337M->936M(1559M) 66,376ms
[82,936s][info][gc] GC(342) Pause Young (Allocation Failure) 1366M->965M(1559M) 72,495ms
[83,171s][info][gc] GC(343) Pause Young (Allocation Failure) 1395M->994M(1559M) 64,620ms
[83,402s][info][gc] GC(344) Pause Young (Allocation Failure) 1424M->1023M(1559M) 64,233ms
[83,635s][info][gc] GC(345) Pause Young (Allocation Failure) 1453M->1052M(1559M) 65,218ms
[83,877s][info][gc] GC(346) Pause Young (Allocation Failure) 1482M->1081M(1559M) 73,831ms
[84,115s][info][gc] GC(347) Pause Young (Allocation Failure) 1511M->1110M(1564M) 66,742ms
[85,174s][info][gc] GC(348) Pause Full (Allocation Failure) 1110M->644M(1559M) 1058,993ms
[85,380s][info][gc] GC(349) Pause Young (Allocation Failure) 1075M->675M(1559M) 41,323ms
[85,614s][info][gc] GC(350) Pause Young (Allocation Failure) 1105M->704M(1559M) 63,816ms
[85,845s][info][gc] GC(351) Pause Young (Allocation Failure) 1134M->733M(1559M) 63,832ms
[86,076s][info][gc] GC(352) Pause Young (Allocation Failure) 1163M->762M(1559M) 63,909ms
[86,307s][info][gc] GC(353) Pause Young (Allocation Failure) 1192M->791M(1559M) 64,225ms
[86,537s][info][gc] GC(354) Pause Young (Allocation Failure) 1221M->820M(1559M) 63,838ms
[86,769s][info][gc] GC(355) Pause Young (Allocation Failure) 1250M->849M(1559M) 64,165ms
[87,007s][info][gc] GC(356) Pause Young (Allocation Failure) 1279M->878M(1559M) 71,080ms
[87,248s][info][gc] GC(357) Pause Young (Allocation Failure) 1308M->907M(1559M) 66,507ms
[87,480s][info][gc] GC(358) Pause Young (Allocation Failure) 1337M->936M(1559M) 63,912ms
[87,711s][info][gc] GC(359) Pause Young (Allocation Failure) 1366M->965M(1559M) 64,080ms
[87,951s][info][gc] GC(360) Pause Young (Allocation Failure) 1395M->994M(1559M) 72,822ms
[88,195s][info][gc] GC(361) Pause Young (Allocation Failure) 1424M->1023M(1559M) 73,998ms
[88,432s][info][gc] GC(362) Pause Young (Allocation Failure) 1453M->1052M(1559M) 65,388ms
[88,666s][info][gc] GC(363) Pause Young (Allocation Failure) 1482M->1081M(1559M) 64,589ms
[88,901s][info][gc] GC(364) Pause Young (Allocation Failure) 1511M->1110M(1564M) 66,422ms
[89,959s][info][gc] GC(365) Pause Full (Allocation Failure) 1110M->590M(1559M) 1057,644ms
[90,167s][info][gc] GC(366) Pause Young (Allocation Failure) 1021M->621M(1559M) 42,165ms
[90,404s][info][gc] GC(367) Pause Young (Allocation Failure) 1051M->650M(1559M) 64,332ms
[90,641s][info][gc] GC(368) Pause Young (Allocation Failure) 1080M->679M(1559M) 66,421ms
[90,874s][info][gc] GC(369) Pause Young (Allocation Failure) 1109M->708M(1559M) 64,769ms
[91,105s][info][gc] GC(370) Pause Young (Allocation Failure) 1138M->737M(1559M) 64,100ms
[91,336s][info][gc] GC(371) Pause Young (Allocation Failure) 1167M->766M(1559M) 63,995ms
[91,572s][info][gc] GC(372) Pause Young (Allocation Failure) 1196M->795M(1559M) 65,278ms
[91,817s][info][gc] GC(373) Pause Young (Allocation Failure) 1225M->824M(1559M) 73,535ms
[92,054s][info][gc] GC(374) Pause Young (Allocation Failure) 1254M->853M(1559M) 64,558ms
[92,287s][info][gc] GC(375) Pause Young (Allocation Failure) 1283M->882M(1559M) 64,422ms
[92,526s][info][gc] GC(376) Pause Young (Allocation Failure) 1312M->911M(1559M) 69,751ms
[92,774s][info][gc] GC(377) Pause Young (Allocation Failure) 1341M->940M(1559M) 66,636ms
[93,008s][info][gc] GC(378) Pause Young (Allocation Failure) 1370M->969M(1559M) 64,641ms
[93,240s][info][gc] GC(379) Pause Young (Allocation Failure) 1399M->998M(1559M) 64,064ms
[93,482s][info][gc] GC(380) Pause Young (Allocation Failure) 1428M->1027M(1559M) 72,711ms
[93,718s][info][gc] GC(381) Pause Young (Allocation Failure) 1457M->1056M(1559M) 64,501ms
[93,951s][info][gc] GC(382) Pause Young (Allocation Failure) 1487M->1085M(1559M) 65,028ms
[94,191s][info][gc] GC(383) Pause Young (Allocation Failure) 1516M->1114M(1568M) 69,229ms
[95,279s][info][gc] GC(384) Pause Full (Allocation Failure) 1114M->645M(1559M) 1087,731ms
[95,486s][info][gc] GC(385) Pause Young (Allocation Failure) 1075M->675M(1559M) 41,544ms
[95,736s][info][gc] GC(386) Pause Young (Allocation Failure) 1105M->704M(1559M) 75,212ms
[95,977s][info][gc] GC(387) Pause Young (Allocation Failure) 1134M->733M(1559M) 65,361ms
[96,213s][info][gc] GC(388) Pause Young (Allocation Failure) 1163M->762M(1559M) 64,283ms
[96,453s][info][gc] GC(389) Pause Young (Allocation Failure) 1192M->791M(1559M) 67,476ms
[96,698s][info][gc] GC(390) Pause Young (Allocation Failure) 1221M->820M(1559M) 66,009ms
[96,936s][info][gc] GC(391) Pause Young (Allocation Failure) 1251M->849M(1559M) 65,197ms
[97,179s][info][gc] GC(392) Pause Young (Allocation Failure) 1280M->878M(1559M) 72,813ms
[97,415s][info][gc] GC(393) Pause Young (Allocation Failure) 1309M->907M(1559M) 64,728ms
[97,649s][info][gc] GC(394) Pause Young (Allocation Failure) 1338M->936M(1559M) 65,278ms
[97,898s][info][gc] GC(395) Pause Young (Allocation Failure) 1367M->965M(1559M) 70,085ms
[98,155s][info][gc] GC(396) Pause Young (Allocation Failure) 1396M->994M(1559M) 68,698ms
[98,393s][info][gc] GC(397) Pause Young (Allocation Failure) 1425M->1023M(1559M) 64,775ms
[98,627s][info][gc] GC(398) Pause Young (Allocation Failure) 1454M->1052M(1559M) 64,317ms
[98,863s][info][gc] GC(399) Pause Young (Allocation Failure) 1483M->1081M(1559M) 65,913ms
[99,105s][info][gc] GC(400) Pause Young (Allocation Failure) 1512M->1110M(1564M) 67,842ms
[100,171s][info][gc] GC(401) Pause Full (Allocation Failure) 1110M->644M(1559M) 1065,631ms
[100,380s][info][gc] GC(402) Pause Young (Allocation Failure) 1075M->675M(1559M) 43,789ms
[100,625s][info][gc] GC(403) Pause Young (Allocation Failure) 1105M->704M(1559M) 65,774ms
[100,862s][info][gc] GC(404) Pause Young (Allocation Failure) 1134M->733M(1559M) 64,283ms
[101,098s][info][gc] GC(405) Pause Young (Allocation Failure) 1163M->762M(1559M) 65,299ms
[101,345s][info][gc] GC(406) Pause Young (Allocation Failure) 1192M->791M(1559M) 74,265ms
[101,581s][info][gc] GC(407) Pause Young (Allocation Failure) 1221M->820M(1559M) 64,153ms
[101,818s][info][gc] GC(408) Pause Young (Allocation Failure) 1250M->849M(1559M) 69,438ms
[102,056s][info][gc] GC(409) Pause Young (Allocation Failure) 1279M->878M(1559M) 64,814ms
[102,295s][info][gc] GC(410) Pause Young (Allocation Failure) 1308M->907M(1559M) 69,643ms
[102,528s][info][gc] GC(411) Pause Young (Allocation Failure) 1337M->936M(1559M) 64,562ms
[102,761s][info][gc] GC(412) Pause Young (Allocation Failure) 1366M->965M(1559M) 64,394ms
[102,995s][info][gc] GC(413) Pause Young (Allocation Failure) 1395M->994M(1559M) 64,806ms
[103,244s][info][gc] GC(414) Pause Young (Allocation Failure) 1424M->1023M(1559M) 67,857ms
[103,478s][info][gc] GC(415) Pause Young (Allocation Failure) 1453M->1052M(1559M) 64,864ms
[103,709s][info][gc] GC(416) Pause Young (Allocation Failure) 1482M->1081M(1559M) 63,923ms
[103,943s][info][gc] GC(417) Pause Young (Allocation Failure) 1511M->1110M(1564M) 65,868ms
[104,990s][info][gc] GC(418) Pause Full (Allocation Failure) 1110M->644M(1559M) 1047,291ms
[105,197s][info][gc] GC(419) Pause Young (Allocation Failure) 1075M->675M(1559M) 41,713ms
[105,435s][info][gc] GC(420) Pause Young (Allocation Failure) 1105M->704M(1559M) 65,406ms
[105,672s][info][gc] GC(421) Pause Young (Allocation Failure) 1134M->733M(1559M) 64,935ms
[105,904s][info][gc] GC(422) Pause Young (Allocation Failure) 1163M->762M(1559M) 64,129ms
[106,135s][info][gc] GC(423) Pause Young (Allocation Failure) 1192M->791M(1559M) 64,172ms
[106,368s][info][gc] GC(424) Pause Young (Allocation Failure) 1221M->820M(1559M) 64,765ms
[106,600s][info][gc] GC(425) Pause Young (Allocation Failure) 1250M->849M(1559M) 64,509ms
[106,831s][info][gc] GC(426) Pause Young (Allocation Failure) 1279M->878M(1559M) 64,478ms
[107,063s][info][gc] GC(427) Pause Young (Allocation Failure) 1308M->907M(1559M) 64,284ms
[107,295s][info][gc] GC(428) Pause Young (Allocation Failure) 1337M->936M(1559M) 64,198ms
[107,533s][info][gc] GC(429) Pause Young (Allocation Failure) 1366M->965M(1559M) 65,325ms
[107,764s][info][gc] GC(430) Pause Young (Allocation Failure) 1395M->994M(1559M) 63,942ms
[107,996s][info][gc] GC(431) Pause Young (Allocation Failure) 1424M->1023M(1559M) 64,966ms
[108,228s][info][gc] GC(432) Pause Young (Allocation Failure) 1453M->1052M(1559M) 64,494ms
[108,459s][info][gc] GC(433) Pause Young (Allocation Failure) 1482M->1081M(1559M) 63,839ms
[108,693s][info][gc] GC(434) Pause Young (Allocation Failure) 1511M->1110M(1564M) 66,182ms
[109,743s][info][gc] GC(435) Pause Full (Allocation Failure) 1110M->590M(1559M) 1049,670ms
[109,949s][info][gc] GC(436) Pause Young (Allocation Failure) 1021M->621M(1559M) 41,297ms
[110,184s][info][gc] GC(437) Pause Young (Allocation Failure) 1051M->650M(1559M) 63,947ms
[110,417s][info][gc] GC(438) Pause Young (Allocation Failure) 1080M->679M(1559M) 64,862ms
[110,649s][info][gc] GC(439) Pause Young (Allocation Failure) 1109M->708M(1559M) 64,536ms
[110,881s][info][gc] GC(440) Pause Young (Allocation Failure) 1138M->737M(1559M) 64,615ms
[111,115s][info][gc] GC(441) Pause Young (Allocation Failure) 1167M->766M(1559M) 64,315ms
[111,346s][info][gc] GC(442) Pause Young (Allocation Failure) 1196M->795M(1559M) 63,880ms
[111,578s][info][gc] GC(443) Pause Young (Allocation Failure) 1225M->824M(1559M) 64,452ms
[111,818s][info][gc] GC(444) Pause Young (Allocation Failure) 1254M->853M(1559M) 68,529ms
[112,052s][info][gc] GC(445) Pause Young (Allocation Failure) 1283M->882M(1559M) 64,509ms
[112,292s][info][gc] GC(446) Pause Young (Allocation Failure) 1312M->911M(1559M) 67,464ms
[112,542s][info][gc] GC(447) Pause Young (Allocation Failure) 1341M->940M(1559M) 76,371ms
[112,782s][info][gc] GC(448) Pause Young (Allocation Failure) 1370M->969M(1559M) 65,180ms
[113,017s][info][gc] GC(449) Pause Young (Allocation Failure) 1399M->998M(1559M) 65,568ms
[113,257s][info][gc] GC(450) Pause Young (Allocation Failure) 1428M->1027M(1559M) 72,041ms
[113,493s][info][gc] GC(451) Pause Young (Allocation Failure) 1457M->1056M(1559M) 64,865ms
[113,731s][info][gc] GC(452) Pause Young (Allocation Failure) 1486M->1085M(1559M) 68,385ms
[113,968s][info][gc] GC(453) Pause Young (Allocation Failure) 1515M->1114M(1568M) 68,227ms
[115,037s][info][gc] GC(454) Pause Full (Allocation Failure) 1114M->645M(1559M) 1068,456ms
[115,251s][info][gc] GC(455) Pause Young (Allocation Failure) 1075M->675M(1559M) 42,612ms
[115,488s][info][gc] GC(456) Pause Young (Allocation Failure) 1105M->704M(1559M) 64,791ms
[115,720s][info][gc] GC(457) Pause Young (Allocation Failure) 1134M->733M(1559M) 64,281ms
[115,957s][info][gc] GC(458) Pause Young (Allocation Failure) 1163M->762M(1559M) 66,267ms
[116,193s][info][gc] GC(459) Pause Young (Allocation Failure) 1192M->791M(1559M) 64,775ms
[116,428s][info][gc] GC(460) Pause Young (Allocation Failure) 1221M->820M(1559M) 64,696ms
[116,659s][info][gc] GC(461) Pause Young (Allocation Failure) 1250M->849M(1559M) 64,265ms
[116,891s][info][gc] GC(462) Pause Young (Allocation Failure) 1279M->878M(1559M) 64,037ms
[117,122s][info][gc] GC(463) Pause Young (Allocation Failure) 1309M->907M(1559M) 63,765ms
[117,359s][info][gc] GC(464) Pause Young (Allocation Failure) 1338M->936M(1559M) 66,174ms
[117,591s][info][gc] GC(465) Pause Young (Allocation Failure) 1367M->966M(1559M) 64,400ms
[117,824s][info][gc] GC(466) Pause Young (Allocation Failure) 1396M->995M(1559M) 64,916ms
[118,074s][info][gc] GC(467) Pause Young (Allocation Failure) 1425M->1024M(1559M) 75,319ms
[118,317s][info][gc] GC(468) Pause Young (Allocation Failure) 1454M->1053M(1559M) 73,637ms
[118,558s][info][gc] GC(469) Pause Young (Allocation Failure) 1483M->1082M(1559M) 71,578ms
[118,799s][info][gc] GC(470) Pause Young (Allocation Failure) 1512M->1111M(1564M) 67,624ms
[119,852s][info][gc] GC(471) Pause Full (Allocation Failure) 1111M->644M(1559M) 1053,165ms
[120,062s][info][gc] GC(472) Pause Young (Allocation Failure) 1075M->675M(1559M) 42,214ms
[120,301s][info][gc] GC(473) Pause Young (Allocation Failure) 1105M->704M(1559M) 64,908ms
[120,533s][info][gc] GC(474) Pause Young (Allocation Failure) 1134M->733M(1559M) 64,573ms
[120,775s][info][gc] GC(475) Pause Young (Allocation Failure) 1163M->762M(1559M) 72,839ms
[121,009s][info][gc] GC(476) Pause Young (Allocation Failure) 1192M->791M(1559M) 64,440ms
[121,241s][info][gc] GC(477) Pause Young (Allocation Failure) 1221M->820M(1559M) 64,809ms
[121,480s][info][gc] GC(478) Pause Young (Allocation Failure) 1250M->849M(1559M) 66,084ms
[121,712s][info][gc] GC(479) Pause Young (Allocation Failure) 1279M->878M(1559M) 64,337ms
[121,943s][info][gc] GC(480) Pause Young (Allocation Failure) 1308M->907M(1559M) 64,052ms
[122,204s][info][gc] GC(481) Pause Young (Allocation Failure) 1337M->936M(1559M) 73,719ms
[122,445s][info][gc] GC(482) Pause Young (Allocation Failure) 1366M->965M(1559M) 65,389ms
[122,678s][info][gc] GC(483) Pause Young (Allocation Failure) 1395M->994M(1559M) 63,953ms
[122,908s][info][gc] GC(484) Pause Young (Allocation Failure) 1424M->1023M(1559M) 63,981ms
[123,141s][info][gc] GC(485) Pause Young (Allocation Failure) 1453M->1052M(1559M) 64,373ms
[123,373s][info][gc] GC(486) Pause Young (Allocation Failure) 1482M->1081M(1559M) 63,968ms
[123,607s][info][gc] GC(487) Pause Young (Allocation Failure) 1512M->1110M(1564M) 65,891ms
[124,660s][info][gc] GC(488) Pause Full (Allocation Failure) 1110M->644M(1559M) 1052,905ms
[124,867s][info][gc] GC(489) Pause Young (Allocation Failure) 1075M->675M(1559M) 41,613ms
[125,102s][info][gc] GC(490) Pause Young (Allocation Failure) 1105M->704M(1559M) 64,075ms
[125,334s][info][gc] GC(491) Pause Young (Allocation Failure) 1134M->733M(1559M) 64,270ms
[125,566s][info][gc] GC(492) Pause Young (Allocation Failure) 1163M->762M(1559M) 64,337ms
[125,804s][info][gc] GC(493) Pause Young (Allocation Failure) 1192M->791M(1559M) 65,565ms
[126,036s][info][gc] GC(494) Pause Young (Allocation Failure) 1221M->820M(1559M) 64,319ms
[126,268s][info][gc] GC(495) Pause Young (Allocation Failure) 1250M->849M(1559M) 64,087ms
[126,503s][info][gc] GC(496) Pause Young (Allocation Failure) 1279M->878M(1559M) 64,632ms
[126,734s][info][gc] GC(497) Pause Young (Allocation Failure) 1308M->907M(1559M) 63,987ms
[126,968s][info][gc] GC(498) Pause Young (Allocation Failure) 1337M->936M(1559M) 64,818ms
[127,199s][info][gc] GC(499) Pause Young (Allocation Failure) 1366M->965M(1559M) 64,431ms
[127,431s][info][gc] GC(500) Pause Young (Allocation Failure) 1395M->994M(1559M) 64,291ms
[127,664s][info][gc] GC(501) Pause Young (Allocation Failure) 1424M->1023M(1559M) 64,438ms
[127,895s][info][gc] GC(502) Pause Young (Allocation Failure) 1453M->1052M(1559M) 64,116ms
[128,136s][info][gc] GC(503) Pause Young (Allocation Failure) 1482M->1081M(1559M) 65,357ms
[128,371s][info][gc] GC(504) Pause Young (Allocation Failure) 1511M->1110M(1564M) 66,212ms
[129,440s][info][gc] GC(505) Pause Full (Allocation Failure) 1110M->590M(1559M) 1068,644ms
[129,647s][info][gc] GC(506) Pause Young (Allocation Failure) 1021M->621M(1559M) 41,535ms
[129,885s][info][gc] GC(507) Pause Young (Allocation Failure) 1051M->650M(1559M) 64,932ms
[130,118s][info][gc] GC(508) Pause Young (Allocation Failure) 1080M->679M(1559M) 64,783ms
[130,351s][info][gc] GC(509) Pause Young (Allocation Failure) 1109M->708M(1559M) 64,828ms
[130,586s][info][gc] GC(510) Pause Young (Allocation Failure) 1138M->737M(1559M) 65,554ms
[130,821s][info][gc] GC(511) Pause Young (Allocation Failure) 1167M->766M(1559M) 63,996ms
[131,053s][info][gc] GC(512) Pause Young (Allocation Failure) 1196M->795M(1559M) 64,174ms
[131,289s][info][gc] GC(513) Pause Young (Allocation Failure) 1225M->824M(1559M) 65,735ms
[131,532s][info][gc] GC(514) Pause Young (Allocation Failure) 1254M->853M(1559M) 72,868ms
[131,772s][info][gc] GC(515) Pause Young (Allocation Failure) 1283M->882M(1559M) 70,947ms
[132,009s][info][gc] GC(516) Pause Young (Allocation Failure) 1312M->911M(1559M) 66,040ms
[132,245s][info][gc] GC(517) Pause Young (Allocation Failure) 1341M->940M(1559M) 64,332ms
[132,476s][info][gc] GC(518) Pause Young (Allocation Failure) 1370M->969M(1559M) 64,170ms
[132,717s][info][gc] GC(519) Pause Young (Allocation Failure) 1399M->998M(1559M) 72,245ms
[132,956s][info][gc] GC(520) Pause Young (Allocation Failure) 1428M->1027M(1559M) 65,276ms
[133,193s][info][gc] GC(521) Pause Young (Allocation Failure) 1457M->1056M(1559M) 64,511ms
[133,433s][info][gc] GC(522) Pause Young (Allocation Failure) 1486M->1085M(1559M) 66,278ms
[133,669s][info][gc] GC(523) Pause Young (Allocation Failure) 1515M->1114M(1568M) 67,262ms
[134,730s][info][gc] GC(524) Pause Full (Allocation Failure) 1114M->645M(1559M) 1060,841ms
[134,938s][info][gc] GC(525) Pause Young (Allocation Failure) 1075M->675M(1559M) 41,475ms
[135,174s][info][gc] GC(526) Pause Young (Allocation Failure) 1105M->704M(1559M) 64,440ms
[135,408s][info][gc] GC(527) Pause Young (Allocation Failure) 1134M->733M(1559M) 64,611ms
[135,641s][info][gc] GC(528) Pause Young (Allocation Failure) 1163M->762M(1559M) 64,656ms
[135,874s][info][gc] GC(529) Pause Young (Allocation Failure) 1192M->791M(1559M) 64,443ms
[136,113s][info][gc] GC(530) Pause Young (Allocation Failure) 1221M->820M(1559M) 72,114ms
[136,349s][info][gc] GC(531) Pause Young (Allocation Failure) 1250M->849M(1559M) 64,934ms
[136,583s][info][gc] GC(532) Pause Young (Allocation Failure) 1279M->878M(1559M) 65,161ms
[136,815s][info][gc] GC(533) Pause Young (Allocation Failure) 1308M->907M(1559M) 64,098ms
[137,046s][info][gc] GC(534) Pause Young (Allocation Failure) 1337M->936M(1559M) 64,148ms
[137,279s][info][gc] GC(535) Pause Young (Allocation Failure) 1367M->965M(1559M) 64,873ms
[137,510s][info][gc] GC(536) Pause Young (Allocation Failure) 1396M->994M(1559M) 64,515ms
[137,750s][info][gc] GC(537) Pause Young (Allocation Failure) 1425M->1023M(1559M) 65,508ms
[137,982s][info][gc] GC(538) Pause Young (Allocation Failure) 1454M->1052M(1559M) 64,103ms
[138,213s][info][gc] GC(539) Pause Young (Allocation Failure) 1483M->1081M(1559M) 64,453ms
[138,456s][info][gc] GC(540) Pause Young (Allocation Failure) 1511M->1110M(1564M) 67,570ms
[139,508s][info][gc] GC(541) Pause Full (Allocation Failure) 1110M->644M(1559M) 1052,425ms
[139,723s][info][gc] GC(542) Pause Young (Allocation Failure) 1075M->675M(1559M) 48,546ms
[139,963s][info][gc] GC(543) Pause Young (Allocation Failure) 1105M->704M(1559M) 64,758ms
[140,195s][info][gc] GC(544) Pause Young (Allocation Failure) 1134M->733M(1559M) 64,679ms
[140,427s][info][gc] GC(545) Pause Young (Allocation Failure) 1163M->762M(1559M) 64,621ms
[140,658s][info][gc] GC(546) Pause Young (Allocation Failure) 1192M->791M(1559M) 64,009ms
[140,891s][info][gc] GC(547) Pause Young (Allocation Failure) 1221M->820M(1559M) 64,463ms
[141,124s][info][gc] GC(548) Pause Young (Allocation Failure) 1250M->849M(1559M) 65,056ms
[141,360s][info][gc] GC(549) Pause Young (Allocation Failure) 1279M->878M(1559M) 65,554ms
[141,596s][info][gc] GC(550) Pause Young (Allocation Failure) 1308M->907M(1559M) 67,175ms
[141,840s][info][gc] GC(551) Pause Young (Allocation Failure) 1338M->936M(1559M) 73,588ms
[142,076s][info][gc] GC(552) Pause Young (Allocation Failure) 1367M->965M(1559M) 64,969ms
[142,311s][info][gc] GC(553) Pause Young (Allocation Failure) 1396M->994M(1559M) 64,834ms
[142,563s][info][gc] GC(554) Pause Young (Allocation Failure) 1425M->1023M(1559M) 72,091ms
[142,800s][info][gc] GC(555) Pause Young (Allocation Failure) 1453M->1052M(1559M) 64,212ms
[143,032s][info][gc] GC(556) Pause Young (Allocation Failure) 1483M->1081M(1559M) 64,371ms
[143,273s][info][gc] GC(557) Pause Young (Allocation Failure) 1512M->1110M(1564M) 67,355ms
[144,324s][info][gc] GC(558) Pause Full (Allocation Failure) 1110M->644M(1559M) 1050,614ms
[144,532s][info][gc] GC(559) Pause Young (Allocation Failure) 1075M->675M(1559M) 41,989ms
[144,769s][info][gc] GC(560) Pause Young (Allocation Failure) 1105M->704M(1559M) 64,564ms
[145,005s][info][gc] GC(561) Pause Young (Allocation Failure) 1134M->733M(1559M) 67,207ms
[145,249s][info][gc] GC(562) Pause Young (Allocation Failure) 1163M->762M(1559M) 65,991ms
[145,491s][info][gc] GC(563) Pause Young (Allocation Failure) 1192M->791M(1559M) 73,693ms
[145,726s][info][gc] GC(564) Pause Young (Allocation Failure) 1221M->820M(1559M) 64,636ms
[145,959s][info][gc] GC(565) Pause Young (Allocation Failure) 1250M->849M(1559M) 64,388ms
[146,193s][info][gc] GC(566) Pause Young (Allocation Failure) 1279M->878M(1559M) 65,220ms
[146,432s][info][gc] GC(567) Pause Young (Allocation Failure) 1308M->907M(1559M) 68,024ms
[146,664s][info][gc] GC(568) Pause Young (Allocation Failure) 1337M->936M(1559M) 63,997ms
[146,897s][info][gc] GC(569) Pause Young (Allocation Failure) 1366M->965M(1559M) 64,131ms
[147,128s][info][gc] GC(570) Pause Young (Allocation Failure) 1395M->994M(1559M) 64,187ms
[147,361s][info][gc] GC(571) Pause Young (Allocation Failure) 1424M->1023M(1559M) 65,244ms
[147,600s][info][gc] GC(572) Pause Young (Allocation Failure) 1453M->1052M(1559M) 65,348ms
[147,833s][info][gc] GC(573) Pause Young (Allocation Failure) 1483M->1081M(1559M) 64,569ms
[148,068s][info][gc] GC(574) Pause Young (Allocation Failure) 1512M->1110M(1564M) 66,252ms
[149,161s][info][gc] GC(575) Pause Full (Allocation Failure) 1110M->590M(1559M) 1093,320ms
[149,382s][info][gc] GC(576) Pause Young (Allocation Failure) 1021M->621M(1559M) 44,430ms
[149,635s][info][gc] GC(577) Pause Young (Allocation Failure) 1051M->650M(1559M) 65,859ms
[149,874s][info][gc] GC(578) Pause Young (Allocation Failure) 1080M->679M(1559M) 65,201ms
[150,124s][info][gc] GC(579) Pause Young (Allocation Failure) 1109M->708M(1559M) 70,441ms
[150,370s][info][gc] GC(580) Pause Young (Allocation Failure) 1138M->737M(1559M) 66,023ms
[150,613s][info][gc] GC(581) Pause Young (Allocation Failure) 1167M->766M(1559M) 65,187ms
[150,883s][info][gc] GC(582) Pause Young (Allocation Failure) 1196M->795M(1559M) 75,800ms
[151,140s][info][gc] GC(583) Pause Young (Allocation Failure) 1225M->824M(1559M) 68,015ms
[151,395s][info][gc] GC(584) Pause Young (Allocation Failure) 1254M->853M(1559M) 68,494ms
[151,651s][info][gc] GC(585) Pause Young (Allocation Failure) 1283M->882M(1559M) 68,737ms
[151,898s][info][gc] GC(586) Pause Young (Allocation Failure) 1312M->911M(1559M) 67,450ms
[152,149s][info][gc] GC(587) Pause Young (Allocation Failure) 1341M->940M(1559M) 67,331ms
[152,385s][info][gc] GC(588) Pause Young (Allocation Failure) 1370M->969M(1559M) 66,142ms
[152,621s][info][gc] GC(589) Pause Young (Allocation Failure) 1399M->998M(1559M) 66,066ms
[152,854s][info][gc] GC(590) Pause Young (Allocation Failure) 1428M->1027M(1559M) 65,105ms
[153,089s][info][gc] GC(591) Pause Young (Allocation Failure) 1457M->1056M(1559M) 66,043ms
[153,330s][info][gc] GC(592) Pause Young (Allocation Failure) 1486M->1085M(1559M) 72,311ms
[153,568s][info][gc] GC(593) Pause Young (Allocation Failure) 1515M->1114M(1568M) 69,210ms
[154,634s][info][gc] GC(594) Pause Full (Allocation Failure) 1114M->645M(1559M) 1065,745ms
[154,842s][info][gc] GC(595) Pause Young (Allocation Failure) 1075M->675M(1559M) 41,615ms
[155,079s][info][gc] GC(596) Pause Young (Allocation Failure) 1105M->704M(1559M) 64,686ms
[155,315s][info][gc] GC(597) Pause Young (Allocation Failure) 1134M->733M(1559M) 66,372ms
[155,556s][info][gc] GC(598) Pause Young (Allocation Failure) 1164M->762M(1559M) 65,959ms
[155,788s][info][gc] GC(599) Pause Young (Allocation Failure) 1193M->791M(1559M) 64,618ms
[156,020s][info][gc] GC(600) Pause Young (Allocation Failure) 1222M->820M(1559M) 64,231ms
[156,251s][info][gc] GC(601) Pause Young (Allocation Failure) 1251M->849M(1559M) 64,113ms
[156,483s][info][gc] GC(602) Pause Young (Allocation Failure) 1280M->878M(1559M) 64,416ms
[156,714s][info][gc] GC(603) Pause Young (Allocation Failure) 1309M->907M(1559M) 64,060ms
[156,946s][info][gc] GC(604) Pause Young (Allocation Failure) 1338M->936M(1559M) 64,064ms
[157,177s][info][gc] GC(605) Pause Young (Allocation Failure) 1367M->965M(1559M) 64,191ms
[157,412s][info][gc] GC(606) Pause Young (Allocation Failure) 1396M->994M(1559M) 64,088ms
[157,643s][info][gc] GC(607) Pause Young (Allocation Failure) 1425M->1023M(1559M) 64,111ms
[157,880s][info][gc] GC(608) Pause Young (Allocation Failure) 1454M->1052M(1559M) 66,154ms
[158,122s][info][gc] GC(609) Pause Young (Allocation Failure) 1483M->1081M(1559M) 65,657ms
[158,356s][info][gc] GC(610) Pause Young (Allocation Failure) 1512M->1111M(1564M) 66,384ms
[159,426s][info][gc] GC(611) Pause Full (Allocation Failure) 1111M->644M(1559M) 1069,804ms
[159,639s][info][gc] GC(612) Pause Young (Allocation Failure) 1075M->675M(1559M) 41,720ms
[159,893s][info][gc] GC(613) Pause Young (Allocation Failure) 1105M->704M(1559M) 66,666ms
[160,134s][info][gc] GC(614) Pause Young (Allocation Failure) 1134M->733M(1559M) 67,575ms
[160,377s][info][gc] GC(615) Pause Young (Allocation Failure) 1163M->762M(1559M) 65,391ms
[160,613s][info][gc] GC(616) Pause Young (Allocation Failure) 1192M->791M(1559M) 58,682ms
[160,859s][info][gc] GC(617) Pause Young (Allocation Failure) 1221M->820M(1559M) 67,177ms
[161,091s][info][gc] GC(618) Pause Young (Allocation Failure) 1250M->849M(1559M) 64,509ms
[161,323s][info][gc] GC(619) Pause Young (Allocation Failure) 1279M->878M(1559M) 64,396ms
[161,559s][info][gc] GC(620) Pause Young (Allocation Failure) 1308M->907M(1559M) 64,609ms
[161,794s][info][gc] GC(621) Pause Young (Allocation Failure) 1337M->936M(1559M) 64,540ms
[162,029s][info][gc] GC(622) Pause Young (Allocation Failure) 1366M->965M(1559M) 64,304ms
[162,264s][info][gc] GC(623) Pause Young (Allocation Failure) 1395M->994M(1559M) 64,326ms
[162,497s][info][gc] GC(624) Pause Young (Allocation Failure) 1424M->1023M(1559M) 64,323ms
[162,730s][info][gc] GC(625) Pause Young (Allocation Failure) 1453M->1052M(1559M) 64,136ms
[162,963s][info][gc] GC(626) Pause Young (Allocation Failure) 1482M->1081M(1559M) 64,237ms
[163,200s][info][gc] GC(627) Pause Young (Allocation Failure) 1511M->1110M(1564M) 66,210ms
[164,254s][info][gc] GC(628) Pause Full (Allocation Failure) 1110M->644M(1559M) 1053,627ms
[164,469s][info][gc] GC(629) Pause Young (Allocation Failure) 1075M->675M(1559M) 48,398ms
[164,709s][info][gc] GC(630) Pause Young (Allocation Failure) 1105M->704M(1559M) 64,411ms
[164,944s][info][gc] GC(631) Pause Young (Allocation Failure) 1134M->733M(1559M) 65,189ms
[165,175s][info][gc] GC(632) Pause Young (Allocation Failure) 1163M->762M(1559M) 64,004ms
[165,414s][info][gc] GC(633) Pause Young (Allocation Failure) 1192M->791M(1559M) 71,555ms
[165,648s][info][gc] GC(634) Pause Young (Allocation Failure) 1221M->820M(1559M) 64,379ms
[165,879s][info][gc] GC(635) Pause Young (Allocation Failure) 1250M->849M(1559M) 64,029ms
[166,110s][info][gc] GC(636) Pause Young (Allocation Failure) 1279M->878M(1559M) 64,130ms
[166,345s][info][gc] GC(637) Pause Young (Allocation Failure) 1308M->907M(1559M) 65,910ms
[166,579s][info][gc] GC(638) Pause Young (Allocation Failure) 1337M->936M(1559M) 64,796ms
[166,811s][info][gc] GC(639) Pause Young (Allocation Failure) 1366M->965M(1559M) 64,560ms
[167,047s][info][gc] GC(640) Pause Young (Allocation Failure) 1395M->994M(1559M) 65,938ms
[167,292s][info][gc] GC(641) Pause Young (Allocation Failure) 1424M->1023M(1559M) 72,342ms
[167,530s][info][gc] GC(642) Pause Young (Allocation Failure) 1453M->1052M(1559M) 64,760ms
[167,775s][info][gc] GC(643) Pause Young (Allocation Failure) 1482M->1081M(1559M) 68,961ms
[168,020s][info][gc] GC(644) Pause Young (Allocation Failure) 1512M->1110M(1564M) 68,259ms
[169,122s][info][gc] GC(645) Pause Full (Allocation Failure) 1110M->590M(1559M) 1101,504ms
[169,336s][info][gc] GC(646) Pause Young (Allocation Failure) 1021M->621M(1559M) 41,837ms
[169,585s][info][gc] GC(647) Pause Young (Allocation Failure) 1051M->650M(1559M) 68,284ms
[169,831s][info][gc] GC(648) Pause Young (Allocation Failure) 1080M->679M(1559M) 65,694ms
[170,065s][info][gc] GC(649) Pause Young (Allocation Failure) 1109M->708M(1559M) 64,577ms
[170,300s][info][gc] GC(650) Pause Young (Allocation Failure) 1138M->737M(1559M) 65,580ms
[170,539s][info][gc] GC(651) Pause Young (Allocation Failure) 1167M->766M(1559M) 65,647ms
[170,774s][info][gc] GC(652) Pause Young (Allocation Failure) 1196M->795M(1559M) 64,565ms
[171,007s][info][gc] GC(653) Pause Young (Allocation Failure) 1225M->824M(1559M) 65,222ms
[171,245s][info][gc] GC(654) Pause Young (Allocation Failure) 1254M->853M(1559M) 65,315ms
[171,480s][info][gc] GC(655) Pause Young (Allocation Failure) 1283M->882M(1559M) 64,873ms
[171,712s][info][gc] GC(656) Pause Young (Allocation Failure) 1313M->911M(1559M) 64,635ms
[171,950s][info][gc] GC(657) Pause Young (Allocation Failure) 1342M->940M(1559M) 66,961ms
[172,184s][info][gc] GC(658) Pause Young (Allocation Failure) 1370M->969M(1559M) 64,900ms
[172,415s][info][gc] GC(659) Pause Young (Allocation Failure) 1399M->998M(1559M) 63,937ms
[172,674s][info][gc] GC(660) Pause Young (Allocation Failure) 1428M->1027M(1559M) 66,139ms
[172,905s][info][gc] GC(661) Pause Young (Allocation Failure) 1458M->1056M(1559M) 64,050ms
[173,136s][info][gc] GC(662) Pause Young (Allocation Failure) 1487M->1085M(1559M) 64,055ms
[173,370s][info][gc] GC(663) Pause Young (Allocation Failure) 1516M->1114M(1568M) 67,328ms
[174,427s][info][gc] GC(664) Pause Full (Allocation Failure) 1114M->645M(1559M) 1056,748ms
[174,633s][info][gc] GC(665) Pause Young (Allocation Failure) 1075M->675M(1559M) 41,399ms
[174,869s][info][gc] GC(666) Pause Young (Allocation Failure) 1105M->704M(1559M) 64,374ms
[175,109s][info][gc] GC(667) Pause Young (Allocation Failure) 1134M->733M(1559M) 72,780ms
[175,342s][info][gc] GC(668) Pause Young (Allocation Failure) 1163M->762M(1559M) 64,189ms
[175,573s][info][gc] GC(669) Pause Young (Allocation Failure) 1192M->791M(1559M) 64,018ms
[175,805s][info][gc] GC(670) Pause Young (Allocation Failure) 1221M->820M(1559M) 64,274ms
[176,037s][info][gc] GC(671) Pause Young (Allocation Failure) 1250M->849M(1559M) 64,223ms
[176,277s][info][gc] GC(672) Pause Young (Allocation Failure) 1279M->878M(1559M) 66,238ms
[176,510s][info][gc] GC(673) Pause Young (Allocation Failure) 1308M->907M(1559M) 64,669ms
[176,741s][info][gc] GC(674) Pause Young (Allocation Failure) 1337M->936M(1559M) 64,119ms
[176,988s][info][gc] GC(675) Pause Young (Allocation Failure) 1366M->965M(1559M) 73,545ms
[177,233s][info][gc] GC(676) Pause Young (Allocation Failure) 1395M->994M(1559M) 70,713ms
[177,466s][info][gc] GC(677) Pause Young (Allocation Failure) 1425M->1023M(1559M) 64,637ms
[177,710s][info][gc] GC(678) Pause Young (Allocation Failure) 1454M->1052M(1559M) 71,548ms
[177,948s][info][gc] GC(679) Pause Young (Allocation Failure) 1483M->1081M(1559M) 65,137ms
[178,181s][info][gc] GC(680) Pause Young (Allocation Failure) 1511M->1110M(1564M) 66,156ms
[179,235s][info][gc] GC(681) Pause Full (Allocation Failure) 1110M->644M(1559M) 1053,823ms
[179,444s][info][gc] GC(682) Pause Young (Allocation Failure) 1075M->675M(1559M) 42,327ms
[179,680s][info][gc] GC(683) Pause Young (Allocation Failure) 1105M->704M(1559M) 64,256ms
[179,913s][info][gc] GC(684) Pause Young (Allocation Failure) 1134M->733M(1559M) 64,778ms
[180,146s][info][gc] GC(685) Pause Young (Allocation Failure) 1163M->762M(1559M) 64,531ms
[180,379s][info][gc] GC(686) Pause Young (Allocation Failure) 1192M->791M(1559M) 64,518ms
[180,619s][info][gc] GC(687) Pause Young (Allocation Failure) 1221M->820M(1559M) 72,842ms
[180,853s][info][gc] GC(688) Pause Young (Allocation Failure) 1250M->849M(1559M) 64,338ms
[181,085s][info][gc] GC(689) Pause Young (Allocation Failure) 1279M->878M(1559M) 64,495ms
[181,318s][info][gc] GC(690) Pause Young (Allocation Failure) 1308M->907M(1559M) 64,793ms
[181,557s][info][gc] GC(691) Pause Young (Allocation Failure) 1337M->936M(1559M) 68,973ms
[181,800s][info][gc] GC(692) Pause Young (Allocation Failure) 1366M->965M(1559M) 73,742ms
[182,035s][info][gc] GC(693) Pause Young (Allocation Failure) 1395M->994M(1559M) 64,310ms
[182,280s][info][gc] GC(694) Pause Young (Allocation Failure) 1424M->1023M(1559M) 69,008ms
[182,521s][info][gc] GC(695) Pause Young (Allocation Failure) 1453M->1052M(1559M) 66,770ms
[182,755s][info][gc] GC(696) Pause Young (Allocation Failure) 1482M->1081M(1559M) 64,640ms
[182,990s][info][gc] GC(697) Pause Young (Allocation Failure) 1512M->1110M(1564M) 66,382ms
[184,048s][info][gc] GC(698) Pause Full (Allocation Failure) 1110M->644M(1559M) 1058,477ms
[184,258s][info][gc] GC(699) Pause Young (Allocation Failure) 1075M->675M(1559M) 42,567ms
[184,506s][info][gc] GC(700) Pause Young (Allocation Failure) 1105M->704M(1559M) 73,454ms
[184,742s][info][gc] GC(701) Pause Young (Allocation Failure) 1134M->733M(1559M) 64,462ms
[184,975s][info][gc] GC(702) Pause Young (Allocation Failure) 1163M->762M(1559M) 64,870ms
[185,206s][info][gc] GC(703) Pause Young (Allocation Failure) 1192M->791M(1559M) 64,052ms
[185,439s][info][gc] GC(704) Pause Young (Allocation Failure) 1221M->820M(1559M) 64,936ms
[185,678s][info][gc] GC(705) Pause Young (Allocation Failure) 1250M->849M(1559M) 71,214ms
[185,916s][info][gc] GC(706) Pause Young (Allocation Failure) 1279M->878M(1559M) 70,144ms
[186,151s][info][gc] GC(707) Pause Young (Allocation Failure) 1308M->907M(1559M) 65,684ms
[186,392s][info][gc] GC(708) Pause Young (Allocation Failure) 1337M->936M(1559M) 73,461ms
[186,626s][info][gc] GC(709) Pause Young (Allocation Failure) 1366M->965M(1559M) 64,254ms
[186,857s][info][gc] GC(710) Pause Young (Allocation Failure) 1395M->994M(1559M) 64,110ms
[187,089s][info][gc] GC(711) Pause Young (Allocation Failure) 1424M->1023M(1559M) 64,206ms
[187,323s][info][gc] GC(712) Pause Young (Allocation Failure) 1453M->1052M(1559M) 64,513ms
[187,557s][info][gc] GC(713) Pause Young (Allocation Failure) 1482M->1081M(1559M) 67,046ms
[187,801s][info][gc] GC(714) Pause Young (Allocation Failure) 1511M->1110M(1564M) 75,135ms
[188,885s][info][gc] GC(715) Pause Full (Allocation Failure) 1110M->590M(1559M) 1084,059ms
[189,098s][info][gc] GC(716) Pause Young (Allocation Failure) 1021M->621M(1559M) 47,863ms
[189,338s][info][gc] GC(717) Pause Young (Allocation Failure) 1051M->650M(1559M) 64,324ms
[189,577s][info][gc] GC(718) Pause Young (Allocation Failure) 1080M->679M(1559M) 66,312ms
[189,810s][info][gc] GC(719) Pause Young (Allocation Failure) 1109M->708M(1559M) 64,480ms
[190,041s][info][gc] GC(720) Pause Young (Allocation Failure) 1138M->737M(1559M) 64,133ms
[190,274s][info][gc] GC(721) Pause Young (Allocation Failure) 1167M->766M(1559M) 64,161ms
[190,508s][info][gc] GC(722) Pause Young (Allocation Failure) 1196M->795M(1559M) 64,431ms
[190,747s][info][gc] GC(723) Pause Young (Allocation Failure) 1225M->824M(1559M) 65,236ms
[190,993s][info][gc] GC(724) Pause Young (Allocation Failure) 1254M->853M(1559M) 72,418ms
[191,231s][info][gc] GC(725) Pause Young (Allocation Failure) 1283M->882M(1559M) 65,029ms
[191,466s][info][gc] GC(726) Pause Young (Allocation Failure) 1312M->911M(1559M) 64,393ms
[191,706s][info][gc] GC(727) Pause Young (Allocation Failure) 1341M->940M(1559M) 66,221ms
[191,938s][info][gc] GC(728) Pause Young (Allocation Failure) 1370M->969M(1559M) 64,073ms
[192,169s][info][gc] GC(729) Pause Young (Allocation Failure) 1399M->998M(1559M) 64,286ms
[192,412s][info][gc] GC(730) Pause Young (Allocation Failure) 1429M->1027M(1559M) 66,764ms
[192,654s][info][gc] GC(731) Pause Young (Allocation Failure) 1458M->1056M(1559M) 65,893ms
[192,893s][info][gc] GC(732) Pause Young (Allocation Failure) 1487M->1085M(1559M) 64,592ms
[193,135s][info][gc] GC(733) Pause Young (Allocation Failure) 1516M->1115M(1568M) 68,618ms
[194,209s][info][gc] GC(734) Pause Full (Allocation Failure) 1115M->645M(1559M) 1073,604ms
[194,426s][info][gc] GC(735) Pause Young (Allocation Failure) 1075M->675M(1559M) 48,405ms
[194,666s][info][gc] GC(736) Pause Young (Allocation Failure) 1105M->704M(1559M) 64,648ms
[194,904s][info][gc] GC(737) Pause Young (Allocation Failure) 1134M->733M(1559M) 70,589ms
[195,137s][info][gc] GC(738) Pause Young (Allocation Failure) 1163M->762M(1559M) 64,060ms
[195,369s][info][gc] GC(739) Pause Young (Allocation Failure) 1192M->791M(1559M) 63,881ms
[195,599s][info][gc] GC(740) Pause Young (Allocation Failure) 1221M->820M(1559M) 63,951ms
[195,835s][info][gc] GC(741) Pause Young (Allocation Failure) 1251M->849M(1559M) 65,737ms
[196,069s][info][gc] GC(742) Pause Young (Allocation Failure) 1280M->878M(1559M) 64,207ms
[196,301s][info][gc] GC(743) Pause Young (Allocation Failure) 1309M->908M(1559M) 64,200ms
[196,532s][info][gc] GC(744) Pause Young (Allocation Failure) 1338M->937M(1559M) 64,175ms
[196,765s][info][gc] GC(745) Pause Young (Allocation Failure) 1367M->966M(1559M) 64,324ms
[196,997s][info][gc] GC(746) Pause Young (Allocation Failure) 1396M->995M(1559M) 64,272ms
[197,228s][info][gc] GC(747) Pause Young (Allocation Failure) 1425M->1024M(1559M) 64,197ms
[197,460s][info][gc] GC(748) Pause Young (Allocation Failure) 1454M->1053M(1559M) 64,319ms
[197,692s][info][gc] GC(749) Pause Young (Allocation Failure) 1483M->1082M(1559M) 64,317ms
[197,929s][info][gc] GC(750) Pause Young (Allocation Failure) 1512M->1111M(1564M) 67,477ms
[198,981s][info][gc] GC(751) Pause Full (Allocation Failure) 1111M->644M(1559M) 1052,406ms
[199,188s][info][gc] GC(752) Pause Young (Allocation Failure) 1075M->675M(1559M) 41,493ms
[199,424s][info][gc] GC(753) Pause Young (Allocation Failure) 1105M->704M(1559M) 63,929ms
[199,657s][info][gc] GC(754) Pause Young (Allocation Failure) 1134M->733M(1559M) 64,525ms
[199,889s][info][gc] GC(755) Pause Young (Allocation Failure) 1163M->762M(1559M) 64,750ms
[200,121s][info][gc] GC(756) Pause Young (Allocation Failure) 1192M->791M(1559M) 64,083ms
[200,352s][info][gc] GC(757) Pause Young (Allocation Failure) 1221M->820M(1559M) 63,970ms
[200,585s][info][gc] GC(758) Pause Young (Allocation Failure) 1250M->849M(1559M) 65,527ms
[200,817s][info][gc] GC(759) Pause Young (Allocation Failure) 1279M->878M(1559M) 64,398ms
[201,049s][info][gc] GC(760) Pause Young (Allocation Failure) 1308M->907M(1559M) 64,391ms
[201,281s][info][gc] GC(761) Pause Young (Allocation Failure) 1337M->936M(1559M) 64,221ms
[201,512s][info][gc] GC(762) Pause Young (Allocation Failure) 1366M->965M(1559M) 64,067ms
[201,745s][info][gc] GC(763) Pause Young (Allocation Failure) 1395M->994M(1559M) 64,339ms
[201,977s][info][gc] GC(764) Pause Young (Allocation Failure) 1424M->1023M(1559M) 64,104ms
[202,223s][info][gc] GC(765) Pause Young (Allocation Failure) 1453M->1052M(1559M) 74,278ms
[202,458s][info][gc] GC(766) Pause Young (Allocation Failure) 1482M->1081M(1559M) 65,584ms
[202,720s][info][gc] GC(767) Pause Young (Allocation Failure) 1511M->1110M(1564M) 69,112ms
[203,800s][info][gc] GC(768) Pause Full (Allocation Failure) 1110M->644M(1559M) 1080,199ms
[204,013s][info][gc] GC(769) Pause Young (Allocation Failure) 1075M->675M(1559M) 47,681ms
[204,253s][info][gc] GC(770) Pause Young (Allocation Failure) 1105M->704M(1559M) 64,123ms
[204,485s][info][gc] GC(771) Pause Young (Allocation Failure) 1134M->733M(1559M) 64,246ms
[204,718s][info][gc] GC(772) Pause Young (Allocation Failure) 1163M->762M(1559M) 65,049ms
[204,952s][info][gc] GC(773) Pause Young (Allocation Failure) 1192M->791M(1559M) 64,497ms
[205,184s][info][gc] GC(774) Pause Young (Allocation Failure) 1221M->820M(1559M) 64,391ms
[205,418s][info][gc] GC(775) Pause Young (Allocation Failure) 1250M->849M(1559M) 65,089ms
[205,651s][info][gc] GC(776) Pause Young (Allocation Failure) 1279M->878M(1559M) 64,452ms
[205,886s][info][gc] GC(777) Pause Young (Allocation Failure) 1308M->907M(1559M) 64,813ms
[206,120s][info][gc] GC(778) Pause Young (Allocation Failure) 1337M->936M(1559M) 64,496ms
[206,353s][info][gc] GC(779) Pause Young (Allocation Failure) 1366M->965M(1559M) 64,574ms
[206,586s][info][gc] GC(780) Pause Young (Allocation Failure) 1395M->994M(1559M) 64,504ms
[206,820s][info][gc] GC(781) Pause Young (Allocation Failure) 1424M->1023M(1559M) 64,120ms
[207,051s][info][gc] GC(782) Pause Young (Allocation Failure) 1453M->1052M(1559M) 64,377ms
[207,284s][info][gc] GC(783) Pause Young (Allocation Failure) 1482M->1081M(1559M) 64,700ms
[207,519s][info][gc] GC(784) Pause Young (Allocation Failure) 1511M->1110M(1563M) 66,534ms
[208,594s][info][gc] GC(785) Pause Full (Allocation Failure) 1110M->590M(1559M) 1075,181ms
[208,804s][info][gc] GC(786) Pause Young (Allocation Failure) 1021M->621M(1559M) 41,456ms
[209,040s][info][gc] GC(787) Pause Young (Allocation Failure) 1051M->650M(1559M) 64,160ms
[209,272s][info][gc] GC(788) Pause Young (Allocation Failure) 1080M->679M(1559M) 64,428ms
[209,510s][info][gc] GC(789) Pause Young (Allocation Failure) 1109M->708M(1559M) 65,728ms
[209,743s][info][gc] GC(790) Pause Young (Allocation Failure) 1138M->737M(1559M) 64,058ms
[209,975s][info][gc] GC(791) Pause Young (Allocation Failure) 1167M->766M(1559M) 64,579ms
[210,206s][info][gc] GC(792) Pause Young (Allocation Failure) 1196M->795M(1559M) 63,894ms
[210,438s][info][gc] GC(793) Pause Young (Allocation Failure) 1225M->824M(1559M) 64,257ms
[210,669s][info][gc] GC(794) Pause Young (Allocation Failure) 1254M->853M(1559M) 64,443ms
[210,901s][info][gc] GC(795) Pause Young (Allocation Failure) 1283M->882M(1559M) 64,384ms
[211,132s][info][gc] GC(796) Pause Young (Allocation Failure) 1312M->911M(1559M) 63,979ms
[211,363s][info][gc] GC(797) Pause Young (Allocation Failure) 1341M->940M(1559M) 63,769ms
[211,594s][info][gc] GC(798) Pause Young (Allocation Failure) 1370M->969M(1559M) 63,762ms
[211,828s][info][gc] GC(799) Pause Young (Allocation Failure) 1399M->998M(1559M) 64,609ms
[212,060s][info][gc] GC(800) Pause Young (Allocation Failure) 1428M->1027M(1559M) 64,813ms
[212,298s][info][gc] GC(801) Pause Young (Allocation Failure) 1457M->1056M(1559M) 68,942ms
[212,531s][info][gc] GC(802) Pause Young (Allocation Failure) 1486M->1085M(1559M) 64,273ms
[212,766s][info][gc] GC(803) Pause Young (Allocation Failure) 1515M->1114M(1568M) 67,495ms
[213,831s][info][gc] GC(804) Pause Full (Allocation Failure) 1114M->645M(1559M) 1065,591ms
[214,047s][info][gc] GC(805) Pause Young (Allocation Failure) 1075M->675M(1559M) 41,706ms
[214,283s][info][gc] GC(806) Pause Young (Allocation Failure) 1105M->704M(1559M) 64,508ms
[214,517s][info][gc] GC(807) Pause Young (Allocation Failure) 1134M->733M(1559M) 64,992ms
[214,755s][info][gc] GC(808) Pause Young (Allocation Failure) 1163M->762M(1559M) 66,639ms
[214,991s][info][gc] GC(809) Pause Young (Allocation Failure) 1192M->791M(1559M) 64,755ms
[215,224s][info][gc] GC(810) Pause Young (Allocation Failure) 1221M->820M(1559M) 64,727ms
[215,456s][info][gc] GC(811) Pause Young (Allocation Failure) 1250M->849M(1559M) 64,112ms
[215,687s][info][gc] GC(812) Pause Young (Allocation Failure) 1279M->878M(1559M) 64,218ms
[215,920s][info][gc] GC(813) Pause Young (Allocation Failure) 1309M->907M(1559M) 64,491ms
[216,155s][info][gc] GC(814) Pause Young (Allocation Failure) 1338M->936M(1559M) 67,729ms
[216,388s][info][gc] GC(815) Pause Young (Allocation Failure) 1367M->965M(1559M) 64,030ms
[216,619s][info][gc] GC(816) Pause Young (Allocation Failure) 1396M->994M(1559M) 63,874ms
[216,850s][info][gc] GC(817) Pause Young (Allocation Failure) 1425M->1023M(1559M) 64,130ms
[217,081s][info][gc] GC(818) Pause Young (Allocation Failure) 1454M->1053M(1559M) 63,986ms
[217,313s][info][gc] GC(819) Pause Young (Allocation Failure) 1483M->1082M(1559M) 64,249ms
[217,547s][info][gc] GC(820) Pause Young (Allocation Failure) 1512M->1111M(1564M) 66,293ms
[218,605s][info][gc] GC(821) Pause Full (Allocation Failure) 1111M->644M(1559M) 1058,325ms
[218,814s][info][gc] GC(822) Pause Young (Allocation Failure) 1075M->675M(1559M) 41,615ms
[219,051s][info][gc] GC(823) Pause Young (Allocation Failure) 1105M->704M(1559M) 64,258ms
[219,292s][info][gc] GC(824) Pause Young (Allocation Failure) 1134M->733M(1559M) 71,227ms
[219,525s][info][gc] GC(825) Pause Young (Allocation Failure) 1163M->762M(1559M) 64,160ms
[219,762s][info][gc] GC(826) Pause Young (Allocation Failure) 1192M->791M(1559M) 67,078ms
[220,006s][info][gc] GC(827) Pause Young (Allocation Failure) 1221M->820M(1559M) 73,125ms
[220,250s][info][gc] GC(828) Pause Young (Allocation Failure) 1250M->849M(1559M) 73,972ms
[220,484s][info][gc] GC(829) Pause Young (Allocation Failure) 1279M->878M(1559M) 64,552ms
[220,717s][info][gc] GC(830) Pause Young (Allocation Failure) 1308M->907M(1559M) 64,938ms
[220,949s][info][gc] GC(831) Pause Young (Allocation Failure) 1337M->936M(1559M) 63,995ms
[221,190s][info][gc] GC(832) Pause Young (Allocation Failure) 1366M->965M(1559M) 73,183ms
[221,424s][info][gc] GC(833) Pause Young (Allocation Failure) 1395M->994M(1559M) 63,835ms
[221,655s][info][gc] GC(834) Pause Young (Allocation Failure) 1424M->1023M(1559M) 63,874ms
[221,886s][info][gc] GC(835) Pause Young (Allocation Failure) 1453M->1052M(1559M) 63,836ms
[222,118s][info][gc] GC(836) Pause Young (Allocation Failure) 1482M->1081M(1559M) 64,012ms
[222,351s][info][gc] GC(837) Pause Young (Allocation Failure) 1511M->1110M(1564M) 66,468ms
[223,399s][info][gc] GC(838) Pause Full (Allocation Failure) 1110M->644M(1559M) 1047,871ms
[223,611s][info][gc] GC(839) Pause Young (Allocation Failure) 1075M->675M(1559M) 44,608ms
[223,853s][info][gc] GC(840) Pause Young (Allocation Failure) 1105M->704M(1559M) 66,460ms
[224,091s][info][gc] GC(841) Pause Young (Allocation Failure) 1134M->733M(1559M) 70,438ms
[224,326s][info][gc] GC(842) Pause Young (Allocation Failure) 1163M->762M(1559M) 64,972ms
[224,558s][info][gc] GC(843) Pause Young (Allocation Failure) 1192M->791M(1559M) 64,646ms
[224,800s][info][gc] GC(844) Pause Young (Allocation Failure) 1221M->820M(1559M) 65,052ms
[225,032s][info][gc] GC(845) Pause Young (Allocation Failure) 1250M->849M(1559M) 64,647ms
[225,276s][info][gc] GC(846) Pause Young (Allocation Failure) 1279M->878M(1559M) 74,916ms
[225,512s][info][gc] GC(847) Pause Young (Allocation Failure) 1308M->907M(1559M) 65,613ms
[225,744s][info][gc] GC(848) Pause Young (Allocation Failure) 1337M->936M(1559M) 64,845ms
[225,977s][info][gc] GC(849) Pause Young (Allocation Failure) 1366M->965M(1559M) 64,829ms
[226,211s][info][gc] GC(850) Pause Young (Allocation Failure) 1395M->994M(1559M) 64,094ms
[226,442s][info][gc] GC(851) Pause Young (Allocation Failure) 1424M->1023M(1559M) 64,062ms
[226,676s][info][gc] GC(852) Pause Young (Allocation Failure) 1453M->1052M(1559M) 66,360ms
[226,913s][info][gc] GC(853) Pause Young (Allocation Failure) 1482M->1081M(1559M) 66,277ms
[227,148s][info][gc] GC(854) Pause Young (Allocation Failure) 1511M->1110M(1564M) 66,967ms
[228,199s][info][gc] GC(855) Pause Full (Allocation Failure) 1110M->590M(1559M) 1050,864ms
[228,406s][info][gc] GC(856) Pause Young (Allocation Failure) 1021M->621M(1559M) 41,569ms
[228,644s][info][gc] GC(857) Pause Young (Allocation Failure) 1051M->650M(1559M) 64,434ms
[228,875s][info][gc] GC(858) Pause Young (Allocation Failure) 1080M->679M(1559M) 63,914ms
[229,107s][info][gc] GC(859) Pause Young (Allocation Failure) 1109M->708M(1559M) 64,079ms
[229,338s][info][gc] GC(860) Pause Young (Allocation Failure) 1138M->737M(1559M) 63,903ms
[229,569s][info][gc] GC(861) Pause Young (Allocation Failure) 1167M->766M(1559M) 63,994ms
[229,800s][info][gc] GC(862) Pause Young (Allocation Failure) 1196M->795M(1559M) 64,042ms
[230,031s][info][gc] GC(863) Pause Young (Allocation Failure) 1225M->824M(1559M) 64,162ms
[230,262s][info][gc] GC(864) Pause Young (Allocation Failure) 1254M->853M(1559M) 64,063ms
[230,493s][info][gc] GC(865) Pause Young (Allocation Failure) 1283M->882M(1559M) 63,864ms
[230,723s][info][gc] GC(866) Pause Young (Allocation Failure) 1312M->911M(1559M) 63,910ms
[230,954s][info][gc] GC(867) Pause Young (Allocation Failure) 1341M->940M(1559M) 63,973ms
[231,186s][info][gc] GC(868) Pause Young (Allocation Failure) 1370M->969M(1559M) 64,879ms
[231,417s][info][gc] GC(869) Pause Young (Allocation Failure) 1399M->998M(1559M) 64,275ms
[231,648s][info][gc] GC(870) Pause Young (Allocation Failure) 1428M->1027M(1559M) 63,777ms
[231,879s][info][gc] GC(871) Pause Young (Allocation Failure) 1457M->1056M(1559M) 64,039ms
[232,111s][info][gc] GC(872) Pause Young (Allocation Failure) 1486M->1085M(1559M) 64,332ms
[232,346s][info][gc] GC(873) Pause Young (Allocation Failure) 1516M->1114M(1568M) 67,701ms
[233,409s][info][gc] GC(874) Pause Full (Allocation Failure) 1114M->645M(1559M) 1062,945ms
[233,622s][info][gc] GC(875) Pause Young (Allocation Failure) 1075M->675M(1559M) 48,189ms
[233,871s][info][gc] GC(876) Pause Young (Allocation Failure) 1105M->704M(1559M) 73,466ms
[234,117s][info][gc] GC(877) Pause Young (Allocation Failure) 1134M->733M(1559M) 75,471ms
[234,360s][info][gc] GC(878) Pause Young (Allocation Failure) 1163M->762M(1559M) 73,065ms
[234,593s][info][gc] GC(879) Pause Young (Allocation Failure) 1192M->791M(1559M) 64,110ms
[234,824s][info][gc] GC(880) Pause Young (Allocation Failure) 1221M->820M(1559M) 64,220ms
[235,056s][info][gc] GC(881) Pause Young (Allocation Failure) 1250M->849M(1559M) 64,598ms
[235,287s][info][gc] GC(882) Pause Young (Allocation Failure) 1280M->878M(1559M) 63,963ms
[235,518s][info][gc] GC(883) Pause Young (Allocation Failure) 1309M->908M(1559M) 63,999ms
[235,749s][info][gc] GC(884) Pause Young (Allocation Failure) 1338M->937M(1559M) 64,081ms
[235,980s][info][gc] GC(885) Pause Young (Allocation Failure) 1367M->966M(1559M) 64,544ms
[236,214s][info][gc] GC(886) Pause Young (Allocation Failure) 1396M->995M(1559M) 64,291ms
[236,446s][info][gc] GC(887) Pause Young (Allocation Failure) 1425M->1024M(1559M) 64,010ms
[236,677s][info][gc] GC(888) Pause Young (Allocation Failure) 1454M->1053M(1559M) 64,021ms
[236,909s][info][gc] GC(889) Pause Young (Allocation Failure) 1483M->1082M(1559M) 64,504ms
[237,143s][info][gc] GC(890) Pause Young (Allocation Failure) 1512M->1111M(1564M) 66,697ms
[238,197s][info][gc] GC(891) Pause Full (Allocation Failure) 1111M->644M(1559M) 1054,477ms
[238,404s][info][gc] GC(892) Pause Young (Allocation Failure) 1075M->675M(1559M) 41,849ms
[238,641s][info][gc] GC(893) Pause Young (Allocation Failure) 1105M->704M(1559M) 64,262ms
[238,872s][info][gc] GC(894) Pause Young (Allocation Failure) 1134M->733M(1559M) 64,157ms
[239,103s][info][gc] GC(895) Pause Young (Allocation Failure) 1163M->762M(1559M) 64,432ms
[239,335s][info][gc] GC(896) Pause Young (Allocation Failure) 1192M->791M(1559M) 64,173ms
[239,566s][info][gc] GC(897) Pause Young (Allocation Failure) 1221M->820M(1559M) 64,065ms
[239,797s][info][gc] GC(898) Pause Young (Allocation Failure) 1250M->849M(1559M) 63,879ms
[240,027s][info][gc] GC(899) Pause Young (Allocation Failure) 1279M->878M(1559M) 63,793ms
[240,258s][info][gc] GC(900) Pause Young (Allocation Failure) 1308M->907M(1559M) 63,788ms
[240,489s][info][gc] GC(901) Pause Young (Allocation Failure) 1337M->936M(1559M) 64,096ms
[240,720s][info][gc] GC(902) Pause Young (Allocation Failure) 1366M->965M(1559M) 63,991ms
[240,951s][info][gc] GC(903) Pause Young (Allocation Failure) 1395M->994M(1559M) 63,858ms
[241,181s][info][gc] GC(904) Pause Young (Allocation Failure) 1424M->1023M(1559M) 64,144ms
[241,412s][info][gc] GC(905) Pause Young (Allocation Failure) 1453M->1052M(1559M) 64,043ms
[241,644s][info][gc] GC(906) Pause Young (Allocation Failure) 1482M->1081M(1559M) 64,482ms
[241,878s][info][gc] GC(907) Pause Young (Allocation Failure) 1511M->1110M(1564M) 66,367ms
[242,928s][info][gc] GC(908) Pause Full (Allocation Failure) 1110M->644M(1559M) 1050,357ms
[243,142s][info][gc] GC(909) Pause Young (Allocation Failure) 1075M->675M(1559M) 42,163ms
[243,379s][info][gc] GC(910) Pause Young (Allocation Failure) 1105M->704M(1559M) 64,799ms
[243,611s][info][gc] GC(911) Pause Young (Allocation Failure) 1134M->733M(1559M) 64,280ms
[243,843s][info][gc] GC(912) Pause Young (Allocation Failure) 1163M->762M(1559M) 64,985ms
[244,075s][info][gc] GC(913) Pause Young (Allocation Failure) 1192M->791M(1559M) 64,535ms
[244,307s][info][gc] GC(914) Pause Young (Allocation Failure) 1221M->820M(1559M) 64,462ms
[244,539s][info][gc] GC(915) Pause Young (Allocation Failure) 1250M->849M(1559M) 64,429ms
[244,770s][info][gc] GC(916) Pause Young (Allocation Failure) 1279M->878M(1559M) 64,509ms
[245,002s][info][gc] GC(917) Pause Young (Allocation Failure) 1308M->907M(1559M) 64,351ms
[245,233s][info][gc] GC(918) Pause Young (Allocation Failure) 1337M->936M(1559M) 64,623ms
[245,465s][info][gc] GC(919) Pause Young (Allocation Failure) 1366M->965M(1559M) 64,557ms
[245,697s][info][gc] GC(920) Pause Young (Allocation Failure) 1395M->994M(1559M) 64,514ms
[245,929s][info][gc] GC(921) Pause Young (Allocation Failure) 1424M->1023M(1559M) 64,583ms
[246,160s][info][gc] GC(922) Pause Young (Allocation Failure) 1453M->1052M(1559M) 64,375ms
[246,391s][info][gc] GC(923) Pause Young (Allocation Failure) 1483M->1081M(1559M) 64,504ms
[246,624s][info][gc] GC(924) Pause Young (Allocation Failure) 1512M->1110M(1564M) 66,128ms
[247,705s][info][gc] GC(925) Pause Full (Allocation Failure) 1110M->590M(1559M) 1080,626ms
[247,918s][info][gc] GC(926) Pause Young (Allocation Failure) 1021M->621M(1559M) 47,981ms
[248,167s][info][gc] GC(927) Pause Young (Allocation Failure) 1051M->650M(1559M) 73,028ms
[248,407s][info][gc] GC(928) Pause Young (Allocation Failure) 1080M->679M(1559M) 72,466ms
[248,642s][info][gc] GC(929) Pause Young (Allocation Failure) 1109M->708M(1559M) 64,517ms
[248,873s][info][gc] GC(930) Pause Young (Allocation Failure) 1138M->737M(1559M) 64,038ms
[249,105s][info][gc] GC(931) Pause Young (Allocation Failure) 1167M->766M(1559M) 64,229ms
[249,339s][info][gc] GC(932) Pause Young (Allocation Failure) 1196M->795M(1559M) 64,606ms
[249,571s][info][gc] GC(933) Pause Young (Allocation Failure) 1225M->824M(1559M) 64,127ms
[249,802s][info][gc] GC(934) Pause Young (Allocation Failure) 1254M->853M(1559M) 64,159ms
[250,034s][info][gc] GC(935) Pause Young (Allocation Failure) 1283M->882M(1559M) 64,194ms
[250,265s][info][gc] GC(936) Pause Young (Allocation Failure) 1312M->911M(1559M) 64,209ms
[250,496s][info][gc] GC(937) Pause Young (Allocation Failure) 1342M->940M(1559M) 64,109ms
[250,727s][info][gc] GC(938) Pause Young (Allocation Failure) 1371M->969M(1559M) 64,135ms
[250,959s][info][gc] GC(939) Pause Young (Allocation Failure) 1400M->998M(1559M) 64,692ms
[251,191s][info][gc] GC(940) Pause Young (Allocation Failure) 1429M->1027M(1559M) 64,825ms
[251,423s][info][gc] GC(941) Pause Young (Allocation Failure) 1458M->1056M(1559M) 64,572ms
[251,655s][info][gc] GC(942) Pause Young (Allocation Failure) 1487M->1085M(1559M) 64,692ms
[251,889s][info][gc] GC(943) Pause Young (Allocation Failure) 1516M->1115M(1568M) 67,705ms
[252,944s][info][gc] GC(944) Pause Full (Allocation Failure) 1115M->645M(1559M) 1054,501ms
[253,150s][info][gc] GC(945) Pause Young (Allocation Failure) 1075M->675M(1559M) 41,239ms
[253,385s][info][gc] GC(946) Pause Young (Allocation Failure) 1105M->704M(1559M) 63,941ms
[253,622s][info][gc] GC(947) Pause Young (Allocation Failure) 1134M->733M(1559M) 64,669ms
[253,852s][info][gc] GC(948) Pause Young (Allocation Failure) 1163M->762M(1559M) 63,877ms
[254,083s][info][gc] GC(949) Pause Young (Allocation Failure) 1192M->791M(1559M) 63,854ms
[254,315s][info][gc] GC(950) Pause Young (Allocation Failure) 1221M->820M(1559M) 63,990ms
[254,545s][info][gc] GC(951) Pause Young (Allocation Failure) 1250M->849M(1559M) 63,816ms
[254,776s][info][gc] GC(952) Pause Young (Allocation Failure) 1280M->878M(1559M) 63,925ms
[255,006s][info][gc] GC(953) Pause Young (Allocation Failure) 1309M->907M(1559M) 63,725ms
[255,237s][info][gc] GC(954) Pause Young (Allocation Failure) 1338M->936M(1559M) 64,038ms
[255,468s][info][gc] GC(955) Pause Young (Allocation Failure) 1367M->966M(1559M) 63,912ms
[255,698s][info][gc] GC(956) Pause Young (Allocation Failure) 1396M->995M(1559M) 63,786ms
[255,929s][info][gc] GC(957) Pause Young (Allocation Failure) 1425M->1024M(1559M) 64,115ms
[256,160s][info][gc] GC(958) Pause Young (Allocation Failure) 1454M->1053M(1559M) 64,134ms
[256,392s][info][gc] GC(959) Pause Young (Allocation Failure) 1483M->1082M(1559M) 64,195ms
[256,624s][info][gc] GC(960) Pause Young (Allocation Failure) 1512M->1111M(1564M) 65,858ms
[257,672s][info][gc] GC(961) Pause Full (Allocation Failure) 1111M->644M(1559M) 1047,739ms
[257,878s][info][gc] GC(962) Pause Young (Allocation Failure) 1075M->675M(1559M) 41,320ms
[258,114s][info][gc] GC(963) Pause Young (Allocation Failure) 1105M->704M(1559M) 63,883ms
[258,344s][info][gc] GC(964) Pause Young (Allocation Failure) 1134M->733M(1559M) 63,914ms
[258,577s][info][gc] GC(965) Pause Young (Allocation Failure) 1163M->762M(1559M) 65,515ms
[258,810s][info][gc] GC(966) Pause Young (Allocation Failure) 1192M->791M(1559M) 64,583ms
[259,042s][info][gc] GC(967) Pause Young (Allocation Failure) 1221M->820M(1559M) 64,030ms
[259,276s][info][gc] GC(968) Pause Young (Allocation Failure) 1250M->849M(1559M) 64,479ms
[259,507s][info][gc] GC(969) Pause Young (Allocation Failure) 1279M->878M(1559M) 63,996ms
[259,738s][info][gc] GC(970) Pause Young (Allocation Failure) 1308M->907M(1559M) 64,043ms
[259,968s][info][gc] GC(971) Pause Young (Allocation Failure) 1337M->936M(1559M) 63,841ms
[260,199s][info][gc] GC(972) Pause Young (Allocation Failure) 1366M->965M(1559M) 63,913ms
[260,430s][info][gc] GC(973) Pause Young (Allocation Failure) 1395M->994M(1559M) 64,125ms
[260,661s][info][gc] GC(974) Pause Young (Allocation Failure) 1424M->1023M(1559M) 63,805ms
[260,892s][info][gc] GC(975) Pause Young (Allocation Failure) 1454M->1052M(1559M) 63,921ms
[261,122s][info][gc] GC(976) Pause Young (Allocation Failure) 1483M->1081M(1559M) 63,913ms
[261,355s][info][gc] GC(977) Pause Young (Allocation Failure) 1512M->1111M(1564M) 65,895ms
[262,474s][info][gc] GC(978) Pause Full (Allocation Failure) 1111M->644M(1559M) 1118,583ms
[262,704s][info][gc] GC(979) Pause Young (Allocation Failure) 1075M->675M(1559M) 41,628ms
[262,940s][info][gc] GC(980) Pause Young (Allocation Failure) 1105M->704M(1559M) 64,448ms
[263,171s][info][gc] GC(981) Pause Young (Allocation Failure) 1134M->733M(1559M) 64,475ms
[263,402s][info][gc] GC(982) Pause Young (Allocation Failure) 1163M->762M(1559M) 64,470ms
[263,634s][info][gc] GC(983) Pause Young (Allocation Failure) 1192M->791M(1559M) 64,611ms
[263,866s][info][gc] GC(984) Pause Young (Allocation Failure) 1221M->820M(1559M) 64,122ms
[264,097s][info][gc] GC(985) Pause Young (Allocation Failure) 1250M->849M(1559M) 64,071ms
[264,329s][info][gc] GC(986) Pause Young (Allocation Failure) 1279M->878M(1559M) 64,712ms
[264,561s][info][gc] GC(987) Pause Young (Allocation Failure) 1308M->907M(1559M) 64,716ms
[264,792s][info][gc] GC(988) Pause Young (Allocation Failure) 1337M->936M(1559M) 63,902ms
[265,022s][info][gc] GC(989) Pause Young (Allocation Failure) 1366M->965M(1559M) 63,801ms
[265,253s][info][gc] GC(990) Pause Young (Allocation Failure) 1395M->994M(1559M) 64,005ms
[265,486s][info][gc] GC(991) Pause Young (Allocation Failure) 1424M->1023M(1559M) 64,315ms
[265,717s][info][gc] GC(992) Pause Young (Allocation Failure) 1453M->1052M(1559M) 63,903ms
[265,951s][info][gc] GC(993) Pause Young (Allocation Failure) 1482M->1081M(1559M) 64,419ms
[266,184s][info][gc] GC(994) Pause Young (Allocation Failure) 1512M->1110M(1564M) 65,740ms
[267,226s][info][gc] GC(995) Pause Full (Allocation Failure) 1110M->590M(1559M) 1041,848ms
[267,432s][info][gc] GC(996) Pause Young (Allocation Failure) 1021M->621M(1559M) 41,431ms
[267,668s][info][gc] GC(997) Pause Young (Allocation Failure) 1051M->650M(1559M) 63,998ms
[267,898s][info][gc] GC(998) Pause Young (Allocation Failure) 1080M->679M(1559M) 63,846ms
[268,129s][info][gc] GC(999) Pause Young (Allocation Failure) 1109M->708M(1559M) 63,979ms
[268,360s][info][gc] GC(1000) Pause Young (Allocation Failure) 1138M->737M(1559M) 64,147ms
[268,593s][info][gc] GC(1001) Pause Young (Allocation Failure) 1167M->766M(1559M) 65,214ms
[268,826s][info][gc] GC(1002) Pause Young (Allocation Failure) 1196M->795M(1559M) 64,477ms
[269,058s][info][gc] GC(1003) Pause Young (Allocation Failure) 1225M->824M(1559M) 64,562ms
[269,290s][info][gc] GC(1004) Pause Young (Allocation Failure) 1254M->853M(1559M) 64,563ms
[269,522s][info][gc] GC(1005) Pause Young (Allocation Failure) 1283M->882M(1559M) 64,589ms
[269,754s][info][gc] GC(1006) Pause Young (Allocation Failure) 1312M->911M(1559M) 64,505ms
[269,985s][info][gc] GC(1007) Pause Young (Allocation Failure) 1341M->940M(1559M) 64,101ms
[270,216s][info][gc] GC(1008) Pause Young (Allocation Failure) 1370M->969M(1559M) 64,033ms
[270,448s][info][gc] GC(1009) Pause Young (Allocation Failure) 1400M->998M(1559M) 64,342ms
[270,682s][info][gc] GC(1010) Pause Young (Allocation Failure) 1429M->1027M(1559M) 64,655ms
[270,913s][info][gc] GC(1011) Pause Young (Allocation Failure) 1458M->1056M(1559M) 63,916ms
[271,143s][info][gc] GC(1012) Pause Young (Allocation Failure) 1487M->1086M(1559M) 63,886ms
[271,378s][info][gc] GC(1013) Pause Young (Allocation Failure) 1516M->1115M(1568M) 67,343ms
[272,433s][info][gc] GC(1014) Pause Full (Allocation Failure) 1115M->645M(1559M) 1055,400ms
[272,639s][info][gc] GC(1015) Pause Young (Allocation Failure) 1075M->675M(1559M) 41,382ms
[272,875s][info][gc] GC(1016) Pause Young (Allocation Failure) 1105M->704M(1559M) 64,694ms
[273,107s][info][gc] GC(1017) Pause Young (Allocation Failure) 1134M->733M(1559M) 64,539ms
[273,339s][info][gc] GC(1018) Pause Young (Allocation Failure) 1163M->762M(1559M) 64,810ms
[273,571s][info][gc] GC(1019) Pause Young (Allocation Failure) 1192M->791M(1559M) 64,635ms
[273,803s][info][gc] GC(1020) Pause Young (Allocation Failure) 1221M->820M(1559M) 64,783ms
[274,035s][info][gc] GC(1021) Pause Young (Allocation Failure) 1250M->849M(1559M) 64,998ms
[274,268s][info][gc] GC(1022) Pause Young (Allocation Failure) 1279M->878M(1559M) 64,799ms
[274,500s][info][gc] GC(1023) Pause Young (Allocation Failure) 1308M->907M(1559M) 64,585ms
[274,732s][info][gc] GC(1024) Pause Young (Allocation Failure) 1337M->936M(1559M) 65,053ms
[274,963s][info][gc] GC(1025) Pause Young (Allocation Failure) 1366M->965M(1559M) 64,012ms
[275,198s][info][gc] GC(1026) Pause Young (Allocation Failure) 1395M->994M(1559M) 66,120ms
[275,429s][info][gc] GC(1027) Pause Young (Allocation Failure) 1425M->1023M(1559M) 64,137ms
[275,660s][info][gc] GC(1028) Pause Young (Allocation Failure) 1454M->1052M(1559M) 63,946ms
[275,891s][info][gc] GC(1029) Pause Young (Allocation Failure) 1483M->1081M(1559M) 64,380ms
[276,124s][info][gc] GC(1030) Pause Young (Allocation Failure) 1512M->1110M(1564M) 66,135ms
[277,180s][info][gc] GC(1031) Pause Full (Allocation Failure) 1110M->644M(1559M) 1055,436ms
[277,399s][info][gc] GC(1032) Pause Young (Allocation Failure) 1075M->675M(1559M) 46,742ms
[277,644s][info][gc] GC(1033) Pause Young (Allocation Failure) 1105M->704M(1559M) 65,505ms
[277,897s][info][gc] GC(1034) Pause Young (Allocation Failure) 1134M->733M(1559M) 66,167ms
[278,138s][info][gc] GC(1035) Pause Young (Allocation Failure) 1163M->762M(1559M) 64,914ms
[278,377s][info][gc] GC(1036) Pause Young (Allocation Failure) 1192M->791M(1559M) 69,524ms
[278,630s][info][gc] GC(1037) Pause Young (Allocation Failure) 1221M->820M(1559M) 74,468ms
[278,870s][info][gc] GC(1038) Pause Young (Allocation Failure) 1250M->849M(1559M) 68,167ms
[279,105s][info][gc] GC(1039) Pause Young (Allocation Failure) 1279M->878M(1559M) 64,993ms
[279,346s][info][gc] GC(1040) Pause Young (Allocation Failure) 1308M->907M(1559M) 73,334ms
[279,581s][info][gc] GC(1041) Pause Young (Allocation Failure) 1337M->936M(1559M) 65,872ms
[279,817s][info][gc] GC(1042) Pause Young (Allocation Failure) 1366M->965M(1559M) 66,084ms
[280,060s][info][gc] GC(1043) Pause Young (Allocation Failure) 1395M->994M(1559M) 66,716ms
[280,293s][info][gc] GC(1044) Pause Young (Allocation Failure) 1424M->1023M(1559M) 65,293ms
[280,524s][info][gc] GC(1045) Pause Young (Allocation Failure) 1453M->1052M(1559M) 64,337ms
[280,756s][info][gc] GC(1046) Pause Young (Allocation Failure) 1482M->1081M(1559M) 64,443ms
[280,991s][info][gc] GC(1047) Pause Young (Allocation Failure) 1511M->1110M(1563M) 66,937ms
[282,042s][info][gc] GC(1048) Pause Full (Allocation Failure) 1110M->644M(1559M) 1051,380ms
[282,275s][info][gc] GC(1049) Pause Young (Allocation Failure) 1075M->675M(1559M) 42,806ms
[282,536s][info][gc] GC(1050) Pause Young (Allocation Failure) 1105M->704M(1559M) 68,042ms
[282,791s][info][gc] GC(1051) Pause Young (Allocation Failure) 1134M->733M(1559M) 70,215ms
[283,048s][info][gc] GC(1052) Pause Young (Allocation Failure) 1163M->762M(1559M) 69,730ms
[283,295s][info][gc] GC(1053) Pause Young (Allocation Failure) 1192M->791M(1559M) 69,906ms
[283,546s][info][gc] GC(1054) Pause Young (Allocation Failure) 1221M->820M(1559M) 68,134ms
[283,781s][info][gc] GC(1055) Pause Young (Allocation Failure) 1250M->849M(1559M) 65,357ms
[284,014s][info][gc] GC(1056) Pause Young (Allocation Failure) 1279M->878M(1559M) 65,029ms
[284,248s][info][gc] GC(1057) Pause Young (Allocation Failure) 1308M->907M(1559M) 65,457ms
[284,482s][info][gc] GC(1058) Pause Young (Allocation Failure) 1337M->936M(1559M) 65,536ms
[284,715s][info][gc] GC(1059) Pause Young (Allocation Failure) 1366M->965M(1559M) 64,995ms
[284,955s][info][gc] GC(1060) Pause Young (Allocation Failure) 1395M->994M(1559M) 71,877ms
[285,189s][info][gc] GC(1061) Pause Young (Allocation Failure) 1424M->1023M(1559M) 65,126ms
[285,430s][info][gc] GC(1062) Pause Young (Allocation Failure) 1453M->1052M(1559M) 72,819ms
[285,663s][info][gc] GC(1063) Pause Young (Allocation Failure) 1482M->1081M(1559M) 64,869ms
[285,897s][info][gc] GC(1064) Pause Young (Allocation Failure) 1511M->1110M(1564M) 66,427ms
[286,951s][info][gc] GC(1065) Pause Full (Allocation Failure) 1110M->590M(1559M) 1053,181ms
[287,158s][info][gc] GC(1066) Pause Young (Allocation Failure) 1021M->621M(1559M) 42,397ms
[287,395s][info][gc] GC(1067) Pause Young (Allocation Failure) 1051M->650M(1559M) 64,361ms
[287,628s][info][gc] GC(1068) Pause Young (Allocation Failure) 1080M->679M(1559M) 64,900ms
[287,860s][info][gc] GC(1069) Pause Young (Allocation Failure) 1109M->708M(1559M) 64,353ms
[288,092s][info][gc] GC(1070) Pause Young (Allocation Failure) 1138M->737M(1559M) 64,113ms
[288,324s][info][gc] GC(1071) Pause Young (Allocation Failure) 1167M->766M(1559M) 64,395ms
[288,561s][info][gc] GC(1072) Pause Young (Allocation Failure) 1196M->795M(1559M) 68,881ms
[288,795s][info][gc] GC(1073) Pause Young (Allocation Failure) 1225M->824M(1559M) 64,835ms
[289,034s][info][gc] GC(1074) Pause Young (Allocation Failure) 1254M->853M(1559M) 66,526ms
[289,266s][info][gc] GC(1075) Pause Young (Allocation Failure) 1283M->882M(1559M) 64,261ms
[289,499s][info][gc] GC(1076) Pause Young (Allocation Failure) 1313M->912M(1559M) 64,597ms
[289,733s][info][gc] GC(1077) Pause Young (Allocation Failure) 1342M->941M(1559M) 66,920ms
[289,977s][info][gc] GC(1078) Pause Young (Allocation Failure) 1371M->970M(1559M) 66,275ms
[290,218s][info][gc] GC(1079) Pause Young (Allocation Failure) 1400M->999M(1559M) 73,226ms
[290,459s][info][gc] GC(1080) Pause Young (Allocation Failure) 1429M->1028M(1559M) 71,058ms
[290,697s][info][gc] GC(1081) Pause Young (Allocation Failure) 1458M->1057M(1559M) 69,274ms
[290,929s][info][gc] GC(1082) Pause Young (Allocation Failure) 1487M->1086M(1559M) 64,115ms
[291,167s][info][gc] GC(1083) Pause Young (Allocation Failure) 1516M->1115M(1568M) 67,771ms
[292,229s][info][gc] GC(1084) Pause Full (Allocation Failure) 1115M->645M(1559M) 1062,116ms
[292,436s][info][gc] GC(1085) Pause Young (Allocation Failure) 1075M->675M(1559M) 41,667ms
[292,699s][info][gc] GC(1086) Pause Young (Allocation Failure) 1105M->704M(1559M) 66,091ms
[292,931s][info][gc] GC(1087) Pause Young (Allocation Failure) 1134M->733M(1559M) 64,124ms
[293,165s][info][gc] GC(1088) Pause Young (Allocation Failure) 1163M->762M(1559M) 64,675ms
[293,397s][info][gc] GC(1089) Pause Young (Allocation Failure) 1192M->791M(1559M) 63,976ms
[293,628s][info][gc] GC(1090) Pause Young (Allocation Failure) 1221M->820M(1559M) 63,848ms
[293,860s][info][gc] GC(1091) Pause Young (Allocation Failure) 1251M->849M(1559M) 64,215ms
[294,091s][info][gc] GC(1092) Pause Young (Allocation Failure) 1280M->878M(1559M) 64,209ms
[294,323s][info][gc] GC(1093) Pause Young (Allocation Failure) 1309M->907M(1559M) 64,595ms
[294,555s][info][gc] GC(1094) Pause Young (Allocation Failure) 1338M->936M(1559M) 64,646ms
[294,787s][info][gc] GC(1095) Pause Young (Allocation Failure) 1367M->965M(1559M) 64,049ms
[295,019s][info][gc] GC(1096) Pause Young (Allocation Failure) 1395M->994M(1559M) 64,142ms
[295,251s][info][gc] GC(1097) Pause Young (Allocation Failure) 1425M->1023M(1559M) 64,387ms
[295,483s][info][gc] GC(1098) Pause Young (Allocation Failure) 1454M->1052M(1559M) 64,588ms
[295,716s][info][gc] GC(1099) Pause Young (Allocation Failure) 1483M->1082M(1559M) 64,712ms
[295,950s][info][gc] GC(1100) Pause Young (Allocation Failure) 1512M->1111M(1564M) 66,159ms
[297,023s][info][gc] GC(1101) Pause Full (Allocation Failure) 1111M->644M(1559M) 1073,021ms
[297,230s][info][gc] GC(1102) Pause Young (Allocation Failure) 1075M->675M(1559M) 41,625ms
[297,465s][info][gc] GC(1103) Pause Young (Allocation Failure) 1105M->704M(1559M) 63,934ms
[297,698s][info][gc] GC(1104) Pause Young (Allocation Failure) 1134M->733M(1559M) 64,351ms
[297,929s][info][gc] GC(1105) Pause Young (Allocation Failure) 1163M->762M(1559M) 64,333ms
[298,161s][info][gc] GC(1106) Pause Young (Allocation Failure) 1192M->791M(1559M) 64,084ms
[298,391s][info][gc] GC(1107) Pause Young (Allocation Failure) 1221M->820M(1559M) 63,928ms
[298,623s][info][gc] GC(1108) Pause Young (Allocation Failure) 1250M->849M(1559M) 64,468ms
[298,859s][info][gc] GC(1109) Pause Young (Allocation Failure) 1279M->878M(1559M) 65,120ms
[299,090s][info][gc] GC(1110) Pause Young (Allocation Failure) 1308M->907M(1559M) 64,158ms
[299,322s][info][gc] GC(1111) Pause Young (Allocation Failure) 1337M->936M(1559M) 64,276ms
[299,553s][info][gc] GC(1112) Pause Young (Allocation Failure) 1366M->965M(1559M) 64,088ms
[299,784s][info][gc] GC(1113) Pause Young (Allocation Failure) 1395M->994M(1559M) 64,272ms
[300,016s][info][gc] GC(1114) Pause Young (Allocation Failure) 1424M->1023M(1559M) 64,126ms
[300,247s][info][gc] GC(1115) Pause Young (Allocation Failure) 1453M->1052M(1559M) 63,910ms
[300,477s][info][gc] GC(1116) Pause Young (Allocation Failure) 1482M->1081M(1559M) 63,833ms
[300,710s][info][gc] GC(1117) Pause Young (Allocation Failure) 1511M->1110M(1564M) 65,698ms
[301,747s][info][gc] GC(1118) Pause Full (Allocation Failure) 1110M->644M(1559M) 1037,359ms
[301,956s][info][gc] GC(1119) Pause Young (Allocation Failure) 1075M->675M(1559M) 41,553ms
[302,202s][info][gc] GC(1120) Pause Young (Allocation Failure) 1105M->704M(1559M) 64,707ms
[302,433s][info][gc] GC(1121) Pause Young (Allocation Failure) 1134M->733M(1559M) 64,180ms
[302,664s][info][gc] GC(1122) Pause Young (Allocation Failure) 1163M->762M(1559M) 63,782ms
[302,894s][info][gc] GC(1123) Pause Young (Allocation Failure) 1192M->791M(1559M) 63,779ms
[303,125s][info][gc] GC(1124) Pause Young (Allocation Failure) 1221M->820M(1559M) 63,935ms
[303,355s][info][gc] GC(1125) Pause Young (Allocation Failure) 1250M->849M(1559M) 63,668ms
[303,586s][info][gc] GC(1126) Pause Young (Allocation Failure) 1279M->878M(1559M) 63,904ms
[303,817s][info][gc] GC(1127) Pause Young (Allocation Failure) 1308M->907M(1559M) 63,855ms
[304,047s][info][gc] GC(1128) Pause Young (Allocation Failure) 1337M->936M(1559M) 63,789ms
[304,277s][info][gc] GC(1129) Pause Young (Allocation Failure) 1366M->965M(1559M) 63,952ms
[304,508s][info][gc] GC(1130) Pause Young (Allocation Failure) 1395M->994M(1559M) 63,707ms
[304,739s][info][gc] GC(1131) Pause Young (Allocation Failure) 1424M->1023M(1559M) 64,149ms
[304,971s][info][gc] GC(1132) Pause Young (Allocation Failure) 1453M->1052M(1559M) 64,056ms
[305,202s][info][gc] GC(1133) Pause Young (Allocation Failure) 1483M->1081M(1559M) 64,206ms
[305,435s][info][gc] GC(1134) Pause Young (Allocation Failure) 1512M->1110M(1564M) 66,053ms
[306,475s][info][gc] GC(1135) Pause Full (Allocation Failure) 1110M->590M(1559M) 1040,355ms
[306,682s][info][gc] GC(1136) Pause Young (Allocation Failure) 1021M->621M(1559M) 41,627ms
[306,917s][info][gc] GC(1137) Pause Young (Allocation Failure) 1051M->650M(1559M) 63,639ms
[307,155s][info][gc] GC(1138) Pause Young (Allocation Failure) 1080M->679M(1559M) 71,833ms
[307,388s][info][gc] GC(1139) Pause Young (Allocation Failure) 1109M->708M(1559M) 64,440ms
[307,619s][info][gc] GC(1140) Pause Young (Allocation Failure) 1138M->737M(1559M) 64,093ms
[307,851s][info][gc] GC(1141) Pause Young (Allocation Failure) 1167M->766M(1559M) 64,043ms
[308,086s][info][gc] GC(1142) Pause Young (Allocation Failure) 1196M->795M(1559M) 64,852ms
[308,318s][info][gc] GC(1143) Pause Young (Allocation Failure) 1225M->824M(1559M) 64,306ms
[308,549s][info][gc] GC(1144) Pause Young (Allocation Failure) 1254M->853M(1559M) 64,725ms
[308,781s][info][gc] GC(1145) Pause Young (Allocation Failure) 1283M->882M(1559M) 64,266ms
[309,011s][info][gc] GC(1146) Pause Young (Allocation Failure) 1312M->911M(1559M) 63,865ms
[309,241s][info][gc] GC(1147) Pause Young (Allocation Failure) 1341M->940M(1559M) 63,797ms
[309,472s][info][gc] GC(1148) Pause Young (Allocation Failure) 1370M->969M(1559M) 64,046ms
[309,703s][info][gc] GC(1149) Pause Young (Allocation Failure) 1399M->998M(1559M) 63,975ms
[309,934s][info][gc] GC(1150) Pause Young (Allocation Failure) 1428M->1027M(1559M) 64,322ms
[310,165s][info][gc] GC(1151) Pause Young (Allocation Failure) 1457M->1056M(1559M) 63,850ms
[310,402s][info][gc] GC(1152) Pause Young (Allocation Failure) 1486M->1085M(1559M) 67,407ms
[310,642s][info][gc] GC(1153) Pause Young (Allocation Failure) 1515M->1114M(1568M) 67,638ms
[311,699s][info][gc] GC(1154) Pause Full (Allocation Failure) 1114M->645M(1559M) 1057,797ms
[311,906s][info][gc] GC(1155) Pause Young (Allocation Failure) 1075M->675M(1559M) 41,599ms
[312,143s][info][gc] GC(1156) Pause Young (Allocation Failure) 1105M->704M(1559M) 64,554ms
[312,375s][info][gc] GC(1157) Pause Young (Allocation Failure) 1134M->733M(1559M) 64,577ms
[312,606s][info][gc] GC(1158) Pause Young (Allocation Failure) 1163M->762M(1559M) 64,265ms
[312,837s][info][gc] GC(1159) Pause Young (Allocation Failure) 1192M->791M(1559M) 64,080ms
[313,068s][info][gc] GC(1160) Pause Young (Allocation Failure) 1221M->820M(1559M) 64,105ms
[313,299s][info][gc] GC(1161) Pause Young (Allocation Failure) 1251M->849M(1559M) 64,197ms
[313,530s][info][gc] GC(1162) Pause Young (Allocation Failure) 1280M->879M(1559M) 64,131ms
[313,762s][info][gc] GC(1163) Pause Young (Allocation Failure) 1309M->908M(1559M) 64,153ms
[313,993s][info][gc] GC(1164) Pause Young (Allocation Failure) 1338M->937M(1559M) 64,215ms
[314,224s][info][gc] GC(1165) Pause Young (Allocation Failure) 1367M->966M(1559M) 64,047ms
[314,455s][info][gc] GC(1166) Pause Young (Allocation Failure) 1396M->995M(1559M) 64,191ms
[314,687s][info][gc] GC(1167) Pause Young (Allocation Failure) 1425M->1024M(1559M) 64,200ms
[314,918s][info][gc] GC(1168) Pause Young (Allocation Failure) 1454M->1053M(1559M) 64,341ms
[315,149s][info][gc] GC(1169) Pause Young (Allocation Failure) 1483M->1082M(1559M) 64,167ms
[315,382s][info][gc] GC(1170) Pause Young (Allocation Failure) 1512M->1111M(1564M) 66,190ms
[316,429s][info][gc] GC(1171) Pause Full (Allocation Failure) 1111M->644M(1559M) 1046,685ms
[316,635s][info][gc] GC(1172) Pause Young (Allocation Failure) 1075M->675M(1559M) 41,377ms
[316,870s][info][gc] GC(1173) Pause Young (Allocation Failure) 1105M->704M(1559M) 63,668ms
[317,101s][info][gc] GC(1174) Pause Young (Allocation Failure) 1134M->733M(1559M) 63,866ms
[317,332s][info][gc] GC(1175) Pause Young (Allocation Failure) 1163M->762M(1559M) 64,074ms
[317,563s][info][gc] GC(1176) Pause Young (Allocation Failure) 1192M->791M(1559M) 64,268ms
[317,794s][info][gc] GC(1177) Pause Young (Allocation Failure) 1221M->820M(1559M) 64,030ms
[318,025s][info][gc] GC(1178) Pause Young (Allocation Failure) 1250M->849M(1559M) 64,088ms
[318,255s][info][gc] GC(1179) Pause Young (Allocation Failure) 1279M->878M(1559M) 63,718ms
[318,486s][info][gc] GC(1180) Pause Young (Allocation Failure) 1308M->907M(1559M) 64,075ms
[318,729s][info][gc] GC(1181) Pause Young (Allocation Failure) 1337M->936M(1559M) 73,923ms
[318,965s][info][gc] GC(1182) Pause Young (Allocation Failure) 1366M->965M(1559M) 64,976ms
[319,197s][info][gc] GC(1183) Pause Young (Allocation Failure) 1395M->994M(1559M) 64,452ms
[319,429s][info][gc] GC(1184) Pause Young (Allocation Failure) 1424M->1023M(1559M) 64,483ms
[319,660s][info][gc] GC(1185) Pause Young (Allocation Failure) 1453M->1052M(1559M) 64,481ms
[319,892s][info][gc] GC(1186) Pause Young (Allocation Failure) 1482M->1081M(1559M) 64,625ms
[320,125s][info][gc] GC(1187) Pause Young (Allocation Failure) 1511M->1110M(1564M) 66,455ms
[321,178s][info][gc] GC(1188) Pause Full (Allocation Failure) 1110M->644M(1559M) 1052,763ms
[321,385s][info][gc] GC(1189) Pause Young (Allocation Failure) 1075M->675M(1559M) 41,932ms
[321,621s][info][gc] GC(1190) Pause Young (Allocation Failure) 1105M->704M(1559M) 64,520ms
[321,853s][info][gc] GC(1191) Pause Young (Allocation Failure) 1134M->733M(1559M) 64,312ms
[322,085s][info][gc] GC(1192) Pause Young (Allocation Failure) 1163M->762M(1559M) 64,826ms
[322,316s][info][gc] GC(1193) Pause Young (Allocation Failure) 1192M->791M(1559M) 64,512ms
[322,563s][info][gc] GC(1194) Pause Young (Allocation Failure) 1221M->820M(1559M) 75,748ms
[322,797s][info][gc] GC(1195) Pause Young (Allocation Failure) 1250M->849M(1559M) 64,210ms
[323,029s][info][gc] GC(1196) Pause Young (Allocation Failure) 1279M->878M(1559M) 64,867ms
[323,260s][info][gc] GC(1197) Pause Young (Allocation Failure) 1308M->907M(1559M) 64,218ms
[323,492s][info][gc] GC(1198) Pause Young (Allocation Failure) 1337M->936M(1559M) 64,341ms
[323,724s][info][gc] GC(1199) Pause Young (Allocation Failure) 1366M->965M(1559M) 64,376ms
[323,956s][info][gc] GC(1200) Pause Young (Allocation Failure) 1395M->994M(1559M) 64,894ms
[324,190s][info][gc] GC(1201) Pause Young (Allocation Failure) 1424M->1023M(1559M) 65,284ms
[324,422s][info][gc] GC(1202) Pause Young (Allocation Failure) 1453M->1052M(1559M) 64,452ms
[324,653s][info][gc] GC(1203) Pause Young (Allocation Failure) 1482M->1081M(1559M) 64,360ms
[324,888s][info][gc] GC(1204) Pause Young (Allocation Failure) 1511M->1110M(1564M) 67,327ms
[325,945s][info][gc] GC(1205) Pause Full (Allocation Failure) 1110M->590M(1559M) 1056,793ms
[326,151s][info][gc] GC(1206) Pause Young (Allocation Failure) 1021M->621M(1559M) 41,878ms
[326,387s][info][gc] GC(1207) Pause Young (Allocation Failure) 1051M->650M(1559M) 64,394ms
[326,618s][info][gc] GC(1208) Pause Young (Allocation Failure) 1080M->679M(1559M) 64,364ms
[326,850s][info][gc] GC(1209) Pause Young (Allocation Failure) 1109M->708M(1559M) 64,346ms
[327,081s][info][gc] GC(1210) Pause Young (Allocation Failure) 1138M->737M(1559M) 64,636ms
[327,313s][info][gc] GC(1211) Pause Young (Allocation Failure) 1167M->766M(1559M) 64,536ms
[327,544s][info][gc] GC(1212) Pause Young (Allocation Failure) 1196M->795M(1559M) 63,971ms
[327,787s][info][gc] GC(1213) Pause Young (Allocation Failure) 1225M->824M(1559M) 72,434ms
[328,028s][info][gc] GC(1214) Pause Young (Allocation Failure) 1254M->853M(1559M) 72,783ms
[328,270s][info][gc] GC(1215) Pause Young (Allocation Failure) 1283M->882M(1559M) 73,575ms
[328,513s][info][gc] GC(1216) Pause Young (Allocation Failure) 1312M->911M(1559M) 73,569ms
[328,748s][info][gc] GC(1217) Pause Young (Allocation Failure) 1341M->940M(1559M) 64,077ms
[328,979s][info][gc] GC(1218) Pause Young (Allocation Failure) 1370M->969M(1559M) 64,083ms
[329,211s][info][gc] GC(1219) Pause Young (Allocation Failure) 1399M->998M(1559M) 64,274ms
[329,442s][info][gc] GC(1220) Pause Young (Allocation Failure) 1428M->1027M(1559M) 64,217ms
[329,673s][info][gc] GC(1221) Pause Young (Allocation Failure) 1457M->1056M(1559M) 64,024ms
[329,906s][info][gc] GC(1222) Pause Young (Allocation Failure) 1486M->1085M(1559M) 65,032ms
[330,141s][info][gc] GC(1223) Pause Young (Allocation Failure) 1515M->1114M(1568M) 67,539ms
[331,205s][info][gc] GC(1224) Pause Full (Allocation Failure) 1114M->645M(1559M) 1063,903ms
[331,412s][info][gc] GC(1225) Pause Young (Allocation Failure) 1075M->675M(1559M) 42,266ms
[331,649s][info][gc] GC(1226) Pause Young (Allocation Failure) 1105M->704M(1559M) 64,690ms
[331,880s][info][gc] GC(1227) Pause Young (Allocation Failure) 1134M->733M(1559M) 64,764ms
[332,112s][info][gc] GC(1228) Pause Young (Allocation Failure) 1163M->762M(1559M) 64,638ms
[332,343s][info][gc] GC(1229) Pause Young (Allocation Failure) 1192M->791M(1559M) 64,664ms
[332,575s][info][gc] GC(1230) Pause Young (Allocation Failure) 1221M->820M(1559M) 64,576ms
[332,806s][info][gc] GC(1231) Pause Young (Allocation Failure) 1250M->849M(1559M) 64,356ms
[333,037s][info][gc] GC(1232) Pause Young (Allocation Failure) 1279M->878M(1559M) 64,101ms
[333,271s][info][gc] GC(1233) Pause Young (Allocation Failure) 1309M->907M(1559M) 65,551ms
[333,511s][info][gc] GC(1234) Pause Young (Allocation Failure) 1337M->936M(1559M) 67,274ms
[333,746s][info][gc] GC(1235) Pause Young (Allocation Failure) 1367M->965M(1559M) 66,513ms
[333,983s][info][gc] GC(1236) Pause Young (Allocation Failure) 1395M->994M(1559M) 66,735ms
[334,215s][info][gc] GC(1237) Pause Young (Allocation Failure) 1425M->1023M(1559M) 64,890ms
[334,448s][info][gc] GC(1238) Pause Young (Allocation Failure) 1454M->1052M(1559M) 65,084ms
[334,680s][info][gc] GC(1239) Pause Young (Allocation Failure) 1483M->1082M(1559M) 64,963ms
[334,917s][info][gc] GC(1240) Pause Young (Allocation Failure) 1512M->1111M(1564M) 68,694ms
[335,975s][info][gc] GC(1241) Pause Full (Allocation Failure) 1111M->644M(1559M) 1057,160ms
[336,182s][info][gc] GC(1242) Pause Young (Allocation Failure) 1075M->675M(1559M) 41,933ms
[336,419s][info][gc] GC(1243) Pause Young (Allocation Failure) 1105M->704M(1559M) 64,938ms
[336,653s][info][gc] GC(1244) Pause Young (Allocation Failure) 1134M->733M(1559M) 67,018ms
[336,892s][info][gc] GC(1245) Pause Young (Allocation Failure) 1163M->762M(1559M) 64,999ms
[337,126s][info][gc] GC(1246) Pause Young (Allocation Failure) 1192M->791M(1559M) 65,569ms
[337,361s][info][gc] GC(1247) Pause Young (Allocation Failure) 1221M->820M(1559M) 65,999ms
[337,604s][info][gc] GC(1248) Pause Young (Allocation Failure) 1250M->849M(1559M) 73,232ms
[337,840s][info][gc] GC(1249) Pause Young (Allocation Failure) 1279M->878M(1559M) 64,899ms
[338,084s][info][gc] GC(1250) Pause Young (Allocation Failure) 1308M->907M(1559M) 67,082ms
[338,322s][info][gc] GC(1251) Pause Young (Allocation Failure) 1337M->936M(1559M) 66,226ms
[338,557s][info][gc] GC(1252) Pause Young (Allocation Failure) 1366M->965M(1559M) 65,042ms
[338,795s][info][gc] GC(1253) Pause Young (Allocation Failure) 1395M->994M(1559M) 66,249ms
[339,041s][info][gc] GC(1254) Pause Young (Allocation Failure) 1424M->1023M(1559M) 71,789ms
[339,285s][info][gc] GC(1255) Pause Young (Allocation Failure) 1453M->1052M(1559M) 65,221ms
[339,536s][info][gc] GC(1256) Pause Young (Allocation Failure) 1482M->1081M(1559M) 69,652ms
[339,777s][info][gc] GC(1257) Pause Young (Allocation Failure) 1511M->1110M(1564M) 67,296ms
[340,828s][info][gc] GC(1258) Pause Full (Allocation Failure) 1110M->644M(1559M) 1050,938ms
[341,041s][info][gc] GC(1259) Pause Young (Allocation Failure) 1075M->675M(1559M) 48,023ms
[341,282s][info][gc] GC(1260) Pause Young (Allocation Failure) 1105M->704M(1559M) 64,591ms
[341,515s][info][gc] GC(1261) Pause Young (Allocation Failure) 1134M->733M(1559M) 64,532ms
[341,755s][info][gc] GC(1262) Pause Young (Allocation Failure) 1163M->762M(1559M) 65,669ms
[341,988s][info][gc] GC(1263) Pause Young (Allocation Failure) 1192M->791M(1559M) 64,386ms
[342,219s][info][gc] GC(1264) Pause Young (Allocation Failure) 1221M->820M(1559M) 64,170ms
[342,453s][info][gc] GC(1265) Pause Young (Allocation Failure) 1250M->849M(1559M) 64,531ms
[342,686s][info][gc] GC(1266) Pause Young (Allocation Failure) 1279M->878M(1559M) 64,400ms
[342,927s][info][gc] GC(1267) Pause Young (Allocation Failure) 1308M->907M(1559M) 70,995ms
[343,172s][info][gc] GC(1268) Pause Young (Allocation Failure) 1337M->936M(1559M) 67,381ms
[343,408s][info][gc] GC(1269) Pause Young (Allocation Failure) 1366M->965M(1559M) 65,067ms
[343,643s][info][gc] GC(1270) Pause Young (Allocation Failure) 1395M->994M(1559M) 66,401ms
[343,885s][info][gc] GC(1271) Pause Young (Allocation Failure) 1424M->1023M(1559M) 67,012ms
[344,117s][info][gc] GC(1272) Pause Young (Allocation Failure) 1453M->1052M(1559M) 64,432ms
[344,348s][info][gc] GC(1273) Pause Young (Allocation Failure) 1482M->1081M(1559M) 64,026ms
[344,583s][info][gc] GC(1274) Pause Young (Allocation Failure) 1512M->1110M(1564M) 66,575ms
[345,626s][info][gc] GC(1275) Pause Full (Allocation Failure) 1110M->590M(1559M) 1043,517ms
[345,841s][info][gc] GC(1276) Pause Young (Allocation Failure) 1021M->621M(1559M) 45,860ms
[346,082s][info][gc] GC(1277) Pause Young (Allocation Failure) 1051M->650M(1559M) 66,649ms
[346,314s][info][gc] GC(1278) Pause Young (Allocation Failure) 1080M->679M(1559M) 64,012ms
[346,550s][info][gc] GC(1279) Pause Young (Allocation Failure) 1109M->708M(1559M) 65,411ms
[346,791s][info][gc] GC(1280) Pause Young (Allocation Failure) 1138M->737M(1559M) 64,739ms
[347,022s][info][gc] GC(1281) Pause Young (Allocation Failure) 1167M->766M(1559M) 63,998ms
[347,253s][info][gc] GC(1282) Pause Young (Allocation Failure) 1196M->795M(1559M) 63,912ms
[347,486s][info][gc] GC(1283) Pause Young (Allocation Failure) 1225M->824M(1559M) 64,917ms
[347,718s][info][gc] GC(1284) Pause Young (Allocation Failure) 1254M->853M(1559M) 64,607ms
[347,952s][info][gc] GC(1285) Pause Young (Allocation Failure) 1283M->882M(1559M) 64,723ms
[348,187s][info][gc] GC(1286) Pause Young (Allocation Failure) 1312M->911M(1559M) 64,474ms
[348,418s][info][gc] GC(1287) Pause Young (Allocation Failure) 1341M->940M(1559M) 63,876ms
[348,654s][info][gc] GC(1288) Pause Young (Allocation Failure) 1370M->969M(1559M) 65,337ms
[348,895s][info][gc] GC(1289) Pause Young (Allocation Failure) 1399M->998M(1559M) 72,848ms
[349,128s][info][gc] GC(1290) Pause Young (Allocation Failure) 1428M->1027M(1559M) 63,836ms
[349,366s][info][gc] GC(1291) Pause Young (Allocation Failure) 1457M->1056M(1559M) 66,380ms
[349,599s][info][gc] GC(1292) Pause Young (Allocation Failure) 1487M->1085M(1559M) 64,548ms
[349,834s][info][gc] GC(1293) Pause Young (Allocation Failure) 1516M->1114M(1568M) 67,585ms
[350,903s][info][gc] GC(1294) Pause Full (Allocation Failure) 1114M->645M(1559M) 1068,912ms
[351,111s][info][gc] GC(1295) Pause Young (Allocation Failure) 1075M->675M(1559M) 41,454ms
[351,352s][info][gc] GC(1296) Pause Young (Allocation Failure) 1105M->704M(1559M) 64,805ms
[351,585s][info][gc] GC(1297) Pause Young (Allocation Failure) 1134M->733M(1559M) 64,333ms
[351,816s][info][gc] GC(1298) Pause Young (Allocation Failure) 1163M->762M(1559M) 64,087ms
[352,054s][info][gc] GC(1299) Pause Young (Allocation Failure) 1192M->791M(1559M) 67,075ms
[352,288s][info][gc] GC(1300) Pause Young (Allocation Failure) 1221M->820M(1559M) 64,162ms
[352,542s][info][gc] GC(1301) Pause Young (Allocation Failure) 1250M->849M(1559M) 79,262ms
[352,783s][info][gc] GC(1302) Pause Young (Allocation Failure) 1279M->878M(1559M) 65,452ms
[353,015s][info][gc] GC(1303) Pause Young (Allocation Failure) 1309M->907M(1559M) 64,005ms
[353,252s][info][gc] GC(1304) Pause Young (Allocation Failure) 1338M->936M(1559M) 65,139ms
[353,485s][info][gc] GC(1305) Pause Young (Allocation Failure) 1367M->966M(1559M) 64,306ms
[353,717s][info][gc] GC(1306) Pause Young (Allocation Failure) 1396M->995M(1559M) 64,273ms
[353,949s][info][gc] GC(1307) Pause Young (Allocation Failure) 1425M->1024M(1559M) 64,224ms
[354,182s][info][gc] GC(1308) Pause Young (Allocation Failure) 1454M->1053M(1559M) 64,589ms
[354,415s][info][gc] GC(1309) Pause Young (Allocation Failure) 1483M->1082M(1559M) 64,580ms
[354,649s][info][gc] GC(1310) Pause Young (Allocation Failure) 1512M->1111M(1564M) 66,233ms
[355,716s][info][gc] GC(1311) Pause Full (Allocation Failure) 1111M->644M(1559M) 1067,255ms
[355,924s][info][gc] GC(1312) Pause Young (Allocation Failure) 1075M->675M(1559M) 42,064ms
[356,160s][info][gc] GC(1313) Pause Young (Allocation Failure) 1105M->704M(1559M) 64,027ms
[356,397s][info][gc] GC(1314) Pause Young (Allocation Failure) 1134M->733M(1559M) 65,865ms
[356,632s][info][gc] GC(1315) Pause Young (Allocation Failure) 1163M->762M(1559M) 64,088ms
[356,864s][info][gc] GC(1316) Pause Young (Allocation Failure) 1192M->791M(1559M) 64,780ms
[357,099s][info][gc] GC(1317) Pause Young (Allocation Failure) 1221M->820M(1559M) 64,700ms
[357,331s][info][gc] GC(1318) Pause Young (Allocation Failure) 1250M->849M(1559M) 64,192ms
[357,563s][info][gc] GC(1319) Pause Young (Allocation Failure) 1279M->878M(1559M) 64,625ms
[357,799s][info][gc] GC(1320) Pause Young (Allocation Failure) 1308M->907M(1559M) 65,108ms
[358,032s][info][gc] GC(1321) Pause Young (Allocation Failure) 1337M->936M(1559M) 64,284ms
[358,274s][info][gc] GC(1322) Pause Young (Allocation Failure) 1366M->965M(1559M) 66,542ms
[358,513s][info][gc] GC(1323) Pause Young (Allocation Failure) 1395M->994M(1559M) 65,584ms
[358,751s][info][gc] GC(1324) Pause Young (Allocation Failure) 1424M->1023M(1559M) 64,962ms
[358,994s][info][gc] GC(1325) Pause Young (Allocation Failure) 1454M->1052M(1559M) 73,945ms
[359,237s][info][gc] GC(1326) Pause Young (Allocation Failure) 1483M->1081M(1559M) 73,684ms
[359,476s][info][gc] GC(1327) Pause Young (Allocation Failure) 1512M->1110M(1564M) 66,803ms
[360,533s][info][gc] GC(1328) Pause Full (Allocation Failure) 1110M->644M(1559M) 1057,028ms
[360,740s][info][gc] GC(1329) Pause Young (Allocation Failure) 1075M->675M(1559M) 41,631ms
[360,976s][info][gc] GC(1330) Pause Young (Allocation Failure) 1105M->704M(1559M) 64,177ms
[361,208s][info][gc] GC(1331) Pause Young (Allocation Failure) 1134M->733M(1559M) 63,951ms
[361,440s][info][gc] GC(1332) Pause Young (Allocation Failure) 1163M->762M(1559M) 63,929ms
[361,670s][info][gc] GC(1333) Pause Young (Allocation Failure) 1192M->791M(1559M) 63,778ms
[361,901s][info][gc] GC(1334) Pause Young (Allocation Failure) 1221M->820M(1559M) 63,928ms
[362,137s][info][gc] GC(1335) Pause Young (Allocation Failure) 1250M->849M(1559M) 64,427ms
[362,369s][info][gc] GC(1336) Pause Young (Allocation Failure) 1279M->878M(1559M) 63,964ms
[362,599s][info][gc] GC(1337) Pause Young (Allocation Failure) 1308M->907M(1559M) 63,865ms
[362,830s][info][gc] GC(1338) Pause Young (Allocation Failure) 1337M->936M(1559M) 63,923ms
[363,061s][info][gc] GC(1339) Pause Young (Allocation Failure) 1366M->965M(1559M) 63,919ms
[363,292s][info][gc] GC(1340) Pause Young (Allocation Failure) 1395M->994M(1559M) 63,780ms
[363,531s][info][gc] GC(1341) Pause Young (Allocation Failure) 1424M->1023M(1559M) 72,401ms
[363,764s][info][gc] GC(1342) Pause Young (Allocation Failure) 1453M->1052M(1559M) 64,031ms
[363,995s][info][gc] GC(1343) Pause Young (Allocation Failure) 1482M->1081M(1559M) 63,967ms
[364,229s][info][gc] GC(1344) Pause Young (Allocation Failure) 1511M->1110M(1564M) 66,149ms
[365,283s][info][gc] GC(1345) Pause Full (Allocation Failure) 1110M->590M(1559M) 1053,806ms
[365,498s][info][gc] GC(1346) Pause Young (Allocation Failure) 1021M->621M(1559M) 41,954ms
[365,765s][info][gc] GC(1347) Pause Young (Allocation Failure) 1051M->650M(1559M) 84,200ms
[366,009s][info][gc] GC(1348) Pause Young (Allocation Failure) 1080M->679M(1559M) 65,639ms
[366,248s][info][gc] GC(1349) Pause Young (Allocation Failure) 1109M->708M(1559M) 66,553ms
[366,480s][info][gc] GC(1350) Pause Young (Allocation Failure) 1138M->737M(1559M) 64,428ms
[366,716s][info][gc] GC(1351) Pause Young (Allocation Failure) 1167M->766M(1559M) 65,232ms
[366,948s][info][gc] GC(1352) Pause Young (Allocation Failure) 1196M->795M(1559M) 64,526ms
[367,181s][info][gc] GC(1353) Pause Young (Allocation Failure) 1225M->824M(1559M) 64,636ms
[367,417s][info][gc] GC(1354) Pause Young (Allocation Failure) 1254M->853M(1559M) 65,534ms
[367,650s][info][gc] GC(1355) Pause Young (Allocation Failure) 1283M->882M(1559M) 64,161ms
[367,885s][info][gc] GC(1356) Pause Young (Allocation Failure) 1312M->911M(1559M) 64,390ms
[368,127s][info][gc] GC(1357) Pause Young (Allocation Failure) 1341M->940M(1559M) 66,429ms
[368,370s][info][gc] GC(1358) Pause Young (Allocation Failure) 1370M->969M(1559M) 65,734ms
[368,603s][info][gc] GC(1359) Pause Young (Allocation Failure) 1399M->998M(1559M) 64,541ms
[368,839s][info][gc] GC(1360) Pause Young (Allocation Failure) 1428M->1027M(1559M) 65,405ms
[369,072s][info][gc] GC(1361) Pause Young (Allocation Failure) 1457M->1056M(1559M) 64,800ms
[369,305s][info][gc] GC(1362) Pause Young (Allocation Failure) 1486M->1085M(1559M) 64,389ms
[369,540s][info][gc] GC(1363) Pause Young (Allocation Failure) 1516M->1114M(1568M) 67,977ms
[370,618s][info][gc] GC(1364) Pause Full (Allocation Failure) 1114M->645M(1559M) 1077,046ms
[370,826s][info][gc] GC(1365) Pause Young (Allocation Failure) 1075M->675M(1559M) 41,560ms
[371,062s][info][gc] GC(1366) Pause Young (Allocation Failure) 1105M->704M(1559M) 64,137ms
[371,295s][info][gc] GC(1367) Pause Young (Allocation Failure) 1134M->733M(1559M) 65,042ms
[371,527s][info][gc] GC(1368) Pause Young (Allocation Failure) 1163M->762M(1559M) 64,655ms
[371,760s][info][gc] GC(1369) Pause Young (Allocation Failure) 1192M->791M(1559M) 64,412ms
[371,992s][info][gc] GC(1370) Pause Young (Allocation Failure) 1221M->820M(1559M) 64,681ms
[372,223s][info][gc] GC(1371) Pause Young (Allocation Failure) 1250M->849M(1559M) 64,453ms
[372,465s][info][gc] GC(1372) Pause Young (Allocation Failure) 1279M->878M(1559M) 73,744ms
[372,708s][info][gc] GC(1373) Pause Young (Allocation Failure) 1308M->907M(1559M) 73,564ms
[372,942s][info][gc] GC(1374) Pause Young (Allocation Failure) 1337M->936M(1559M) 64,164ms
[373,177s][info][gc] GC(1375) Pause Young (Allocation Failure) 1367M->966M(1559M) 64,724ms
[373,408s][info][gc] GC(1376) Pause Young (Allocation Failure) 1396M->994M(1559M) 64,368ms
[373,640s][info][gc] GC(1377) Pause Young (Allocation Failure) 1425M->1024M(1559M) 64,542ms
[373,871s][info][gc] GC(1378) Pause Young (Allocation Failure) 1454M->1053M(1559M) 64,264ms
[374,102s][info][gc] GC(1379) Pause Young (Allocation Failure) 1483M->1082M(1559M) 64,078ms
[374,335s][info][gc] GC(1380) Pause Young (Allocation Failure) 1512M->1111M(1564M) 66,339ms
[375,383s][info][gc] GC(1381) Pause Full (Allocation Failure) 1111M->644M(1559M) 1048,045ms
[375,590s][info][gc] GC(1382) Pause Young (Allocation Failure) 1075M->675M(1559M) 41,429ms
[375,832s][info][gc] GC(1383) Pause Young (Allocation Failure) 1105M->704M(1559M) 64,104ms
[376,062s][info][gc] GC(1384) Pause Young (Allocation Failure) 1134M->733M(1559M) 63,757ms
[376,293s][info][gc] GC(1385) Pause Young (Allocation Failure) 1163M->762M(1559M) 63,858ms
[376,524s][info][gc] GC(1386) Pause Young (Allocation Failure) 1192M->791M(1559M) 63,939ms
[376,755s][info][gc] GC(1387) Pause Young (Allocation Failure) 1221M->820M(1559M) 64,403ms
[376,988s][info][gc] GC(1388) Pause Young (Allocation Failure) 1250M->849M(1559M) 64,533ms
[377,222s][info][gc] GC(1389) Pause Young (Allocation Failure) 1279M->878M(1559M) 64,510ms
[377,464s][info][gc] GC(1390) Pause Young (Allocation Failure) 1308M->907M(1559M) 65,993ms
[377,697s][info][gc] GC(1391) Pause Young (Allocation Failure) 1337M->936M(1559M) 64,411ms
[377,928s][info][gc] GC(1392) Pause Young (Allocation Failure) 1366M->965M(1559M) 64,473ms
[378,174s][info][gc] GC(1393) Pause Young (Allocation Failure) 1395M->994M(1559M) 66,624ms
[378,413s][info][gc] GC(1394) Pause Young (Allocation Failure) 1424M->1023M(1559M) 66,434ms
[378,654s][info][gc] GC(1395) Pause Young (Allocation Failure) 1453M->1052M(1559M) 66,989ms
[378,901s][info][gc] GC(1396) Pause Young (Allocation Failure) 1482M->1081M(1559M) 69,367ms
[379,139s][info][gc] GC(1397) Pause Young (Allocation Failure) 1511M->1110M(1564M) 66,460ms
[380,193s][info][gc] GC(1398) Pause Full (Allocation Failure) 1110M->644M(1559M) 1053,829ms
[380,401s][info][gc] GC(1399) Pause Young (Allocation Failure) 1075M->675M(1559M) 41,770ms
[380,639s][info][gc] GC(1400) Pause Young (Allocation Failure) 1105M->704M(1559M) 65,302ms
[380,878s][info][gc] GC(1401) Pause Young (Allocation Failure) 1134M->733M(1559M) 66,419ms
[381,110s][info][gc] GC(1402) Pause Young (Allocation Failure) 1163M->762M(1559M) 64,288ms
[381,341s][info][gc] GC(1403) Pause Young (Allocation Failure) 1192M->791M(1559M) 63,813ms
[381,579s][info][gc] GC(1404) Pause Young (Allocation Failure) 1221M->820M(1559M) 66,546ms
[381,811s][info][gc] GC(1405) Pause Young (Allocation Failure) 1250M->849M(1559M) 64,254ms
[382,042s][info][gc] GC(1406) Pause Young (Allocation Failure) 1279M->878M(1559M) 64,250ms
[382,275s][info][gc] GC(1407) Pause Young (Allocation Failure) 1308M->907M(1559M) 64,691ms
[382,514s][info][gc] GC(1408) Pause Young (Allocation Failure) 1337M->936M(1559M) 71,157ms
[382,760s][info][gc] GC(1409) Pause Young (Allocation Failure) 1366M->965M(1559M) 66,342ms
[382,992s][info][gc] GC(1410) Pause Young (Allocation Failure) 1396M->994M(1559M) 64,522ms
[383,239s][info][gc] GC(1411) Pause Young (Allocation Failure) 1425M->1023M(1559M) 69,662ms
[383,478s][info][gc] GC(1412) Pause Young (Allocation Failure) 1454M->1053M(1559M) 65,732ms
[383,714s][info][gc] GC(1413) Pause Young (Allocation Failure) 1483M->1081M(1559M) 64,828ms
[383,950s][info][gc] GC(1414) Pause Young (Allocation Failure) 1512M->1110M(1564M) 68,404ms
[384,999s][info][gc] GC(1415) Pause Full (Allocation Failure) 1110M->590M(1559M) 1049,787ms
[385,214s][info][gc] GC(1416) Pause Young (Allocation Failure) 1021M->621M(1559M) 41,269ms
[385,464s][info][gc] GC(1417) Pause Young (Allocation Failure) 1051M->650M(1559M) 66,781ms
[385,708s][info][gc] GC(1418) Pause Young (Allocation Failure) 1080M->679M(1559M) 68,630ms
[385,955s][info][gc] GC(1419) Pause Young (Allocation Failure) 1109M->708M(1559M) 73,413ms
[386,191s][info][gc] GC(1420) Pause Young (Allocation Failure) 1138M->737M(1559M) 64,861ms
[386,424s][info][gc] GC(1421) Pause Young (Allocation Failure) 1167M->766M(1559M) 64,907ms
[386,671s][info][gc] GC(1422) Pause Young (Allocation Failure) 1196M->795M(1559M) 66,791ms
[386,905s][info][gc] GC(1423) Pause Young (Allocation Failure) 1225M->824M(1559M) 65,007ms
[387,147s][info][gc] GC(1424) Pause Young (Allocation Failure) 1255M->853M(1559M) 68,609ms
[387,384s][info][gc] GC(1425) Pause Young (Allocation Failure) 1284M->883M(1559M) 66,919ms
[387,629s][info][gc] GC(1426) Pause Young (Allocation Failure) 1313M->912M(1559M) 66,546ms
[387,868s][info][gc] GC(1427) Pause Young (Allocation Failure) 1342M->941M(1559M) 65,002ms
[388,102s][info][gc] GC(1428) Pause Young (Allocation Failure) 1371M->970M(1559M) 64,395ms
[388,336s][info][gc] GC(1429) Pause Young (Allocation Failure) 1400M->999M(1559M) 65,321ms
[388,570s][info][gc] GC(1430) Pause Young (Allocation Failure) 1429M->1028M(1559M) 64,855ms
[388,814s][info][gc] GC(1431) Pause Young (Allocation Failure) 1458M->1057M(1559M) 67,400ms
[389,049s][info][gc] GC(1432) Pause Young (Allocation Failure) 1487M->1086M(1559M) 65,184ms
[389,293s][info][gc] GC(1433) Pause Young (Allocation Failure) 1516M->1115M(1568M) 71,787ms
[390,380s][info][gc] GC(1434) Pause Full (Allocation Failure) 1115M->645M(1559M) 1087,615ms
[390,591s][info][gc] GC(1435) Pause Young (Allocation Failure) 1075M->675M(1559M) 42,108ms
[390,830s][info][gc] GC(1436) Pause Young (Allocation Failure) 1105M->704M(1559M) 64,972ms
[391,064s][info][gc] GC(1437) Pause Young (Allocation Failure) 1134M->733M(1559M) 65,732ms
[391,299s][info][gc] GC(1438) Pause Young (Allocation Failure) 1164M->762M(1559M) 64,798ms
[391,532s][info][gc] GC(1439) Pause Young (Allocation Failure) 1193M->791M(1559M) 64,505ms
[391,766s][info][gc] GC(1440) Pause Young (Allocation Failure) 1222M->820M(1559M) 65,524ms
[392,000s][info][gc] GC(1441) Pause Young (Allocation Failure) 1250M->849M(1559M) 65,106ms
[392,242s][info][gc] GC(1442) Pause Young (Allocation Failure) 1279M->878M(1559M) 73,295ms
[392,486s][info][gc] GC(1443) Pause Young (Allocation Failure) 1309M->908M(1559M) 74,137ms
[392,729s][info][gc] GC(1444) Pause Young (Allocation Failure) 1338M->937M(1559M) 74,124ms
[392,965s][info][gc] GC(1445) Pause Young (Allocation Failure) 1367M->966M(1559M) 65,189ms
[393,219s][info][gc] GC(1446) Pause Young (Allocation Failure) 1396M->995M(1559M) 79,871ms
[393,479s][info][gc] GC(1447) Pause Young (Allocation Failure) 1425M->1024M(1559M) 71,370ms
[393,736s][info][gc] GC(1448) Pause Young (Allocation Failure) 1454M->1053M(1559M) 69,286ms
[393,986s][info][gc] GC(1449) Pause Young (Allocation Failure) 1483M->1082M(1559M) 66,835ms
[394,242s][info][gc] GC(1450) Pause Young (Allocation Failure) 1512M->1111M(1564M) 75,506ms
[395,312s][info][gc] GC(1451) Pause Full (Allocation Failure) 1111M->644M(1559M) 1070,291ms
[395,520s][info][gc] GC(1452) Pause Young (Allocation Failure) 1075M->675M(1559M) 42,403ms
[395,758s][info][gc] GC(1453) Pause Young (Allocation Failure) 1105M->704M(1559M) 65,405ms
[395,992s][info][gc] GC(1454) Pause Young (Allocation Failure) 1134M->733M(1559M) 65,288ms
[396,225s][info][gc] GC(1455) Pause Young (Allocation Failure) 1163M->762M(1559M) 65,742ms
[396,457s][info][gc] GC(1456) Pause Young (Allocation Failure) 1192M->791M(1559M) 65,364ms
[396,702s][info][gc] GC(1457) Pause Young (Allocation Failure) 1221M->820M(1559M) 68,950ms
[396,937s][info][gc] GC(1458) Pause Young (Allocation Failure) 1250M->849M(1559M) 65,487ms
[397,172s][info][gc] GC(1459) Pause Young (Allocation Failure) 1279M->878M(1559M) 65,372ms
[397,404s][info][gc] GC(1460) Pause Young (Allocation Failure) 1308M->907M(1559M) 64,412ms
[397,637s][info][gc] GC(1461) Pause Young (Allocation Failure) 1337M->936M(1559M) 64,894ms
[397,870s][info][gc] GC(1462) Pause Young (Allocation Failure) 1366M->965M(1559M) 64,747ms
[398,112s][info][gc] GC(1463) Pause Young (Allocation Failure) 1395M->994M(1559M) 67,360ms
[398,352s][info][gc] GC(1464) Pause Young (Allocation Failure) 1424M->1023M(1559M) 66,031ms
[398,586s][info][gc] GC(1465) Pause Young (Allocation Failure) 1453M->1052M(1559M) 65,729ms
[398,824s][info][gc] GC(1466) Pause Young (Allocation Failure) 1482M->1081M(1559M) 65,890ms
[399,060s][info][gc] GC(1467) Pause Young (Allocation Failure) 1511M->1110M(1564M) 66,873ms
[400,131s][info][gc] GC(1468) Pause Full (Allocation Failure) 1110M->644M(1559M) 1071,009ms
[400,338s][info][gc] GC(1469) Pause Young (Allocation Failure) 1075M->675M(1559M) 41,647ms
[400,573s][info][gc] GC(1470) Pause Young (Allocation Failure) 1105M->704M(1559M) 64,048ms
[400,805s][info][gc] GC(1471) Pause Young (Allocation Failure) 1134M->733M(1559M) 64,397ms
[401,037s][info][gc] GC(1472) Pause Young (Allocation Failure) 1163M->762M(1559M) 63,874ms
[401,278s][info][gc] GC(1473) Pause Young (Allocation Failure) 1192M->791M(1559M) 73,587ms
[401,513s][info][gc] GC(1474) Pause Young (Allocation Failure) 1221M->820M(1559M) 64,429ms
[401,746s][info][gc] GC(1475) Pause Young (Allocation Failure) 1250M->849M(1559M) 64,612ms
[401,978s][info][gc] GC(1476) Pause Young (Allocation Failure) 1279M->878M(1559M) 64,819ms
[402,210s][info][gc] GC(1477) Pause Young (Allocation Failure) 1308M->907M(1559M) 64,702ms
[402,442s][info][gc] GC(1478) Pause Young (Allocation Failure) 1338M->936M(1559M) 64,453ms
[402,674s][info][gc] GC(1479) Pause Young (Allocation Failure) 1367M->965M(1559M) 64,248ms
[402,905s][info][gc] GC(1480) Pause Young (Allocation Failure) 1396M->994M(1559M) 64,559ms
[403,138s][info][gc] GC(1481) Pause Young (Allocation Failure) 1425M->1024M(1559M) 64,770ms
[403,391s][info][gc] GC(1482) Pause Young (Allocation Failure) 1454M->1053M(1559M) 66,369ms
[403,629s][info][gc] GC(1483) Pause Young (Allocation Failure) 1483M->1082M(1559M) 66,498ms
[403,869s][info][gc] GC(1484) Pause Young (Allocation Failure) 1512M->1111M(1564M) 66,492ms
[404,911s][info][gc] GC(1485) Pause Full (Allocation Failure) 1111M->590M(1559M) 1042,431ms
[405,117s][info][gc] GC(1486) Pause Young (Allocation Failure) 1021M->621M(1559M) 41,412ms
[405,355s][info][gc] GC(1487) Pause Young (Allocation Failure) 1051M->650M(1559M) 64,557ms
[405,586s][info][gc] GC(1488) Pause Young (Allocation Failure) 1080M->679M(1559M) 63,939ms
[405,817s][info][gc] GC(1489) Pause Young (Allocation Failure) 1109M->708M(1559M) 63,908ms
[406,048s][info][gc] GC(1490) Pause Young (Allocation Failure) 1138M->737M(1559M) 64,138ms
[406,279s][info][gc] GC(1491) Pause Young (Allocation Failure) 1167M->766M(1559M) 64,300ms
[406,510s][info][gc] GC(1492) Pause Young (Allocation Failure) 1196M->795M(1559M) 64,187ms
[406,741s][info][gc] GC(1493) Pause Young (Allocation Failure) 1225M->824M(1559M) 64,158ms
[406,972s][info][gc] GC(1494) Pause Young (Allocation Failure) 1254M->853M(1559M) 63,961ms
[407,203s][info][gc] GC(1495) Pause Young (Allocation Failure) 1283M->882M(1559M) 64,021ms
[407,434s][info][gc] GC(1496) Pause Young (Allocation Failure) 1312M->911M(1559M) 64,331ms
[407,665s][info][gc] GC(1497) Pause Young (Allocation Failure) 1341M->940M(1559M) 64,002ms
[407,897s][info][gc] GC(1498) Pause Young (Allocation Failure) 1370M->969M(1559M) 64,881ms
[408,130s][info][gc] GC(1499) Pause Young (Allocation Failure) 1399M->998M(1559M) 64,657ms
[408,363s][info][gc] GC(1500) Pause Young (Allocation Failure) 1429M->1027M(1559M) 64,786ms
[408,597s][info][gc] GC(1501) Pause Young (Allocation Failure) 1458M->1056M(1559M) 65,263ms
[408,831s][info][gc] GC(1502) Pause Young (Allocation Failure) 1487M->1086M(1559M) 65,039ms
[409,066s][info][gc] GC(1503) Pause Young (Allocation Failure) 1516M->1115M(1568M) 68,365ms
[410,130s][info][gc] GC(1504) Pause Full (Allocation Failure) 1115M->645M(1559M) 1063,344ms
[410,336s][info][gc] GC(1505) Pause Young (Allocation Failure) 1075M->675M(1559M) 41,759ms
[410,572s][info][gc] GC(1506) Pause Young (Allocation Failure) 1105M->704M(1559M) 63,994ms
[410,802s][info][gc] GC(1507) Pause Young (Allocation Failure) 1134M->733M(1559M) 63,913ms
[411,033s][info][gc] GC(1508) Pause Young (Allocation Failure) 1163M->762M(1559M) 64,168ms
[411,264s][info][gc] GC(1509) Pause Young (Allocation Failure) 1192M->791M(1559M) 64,064ms
[411,495s][info][gc] GC(1510) Pause Young (Allocation Failure) 1221M->820M(1559M) 64,042ms
[411,726s][info][gc] GC(1511) Pause Young (Allocation Failure) 1250M->849M(1559M) 64,176ms
[411,957s][info][gc] GC(1512) Pause Young (Allocation Failure) 1279M->878M(1559M) 64,107ms
[412,188s][info][gc] GC(1513) Pause Young (Allocation Failure) 1308M->907M(1559M) 64,209ms
[412,419s][info][gc] GC(1514) Pause Young (Allocation Failure) 1337M->936M(1559M) 64,291ms
[412,678s][info][gc] GC(1515) Pause Young (Allocation Failure) 1366M->965M(1559M) 66,629ms
[412,910s][info][gc] GC(1516) Pause Young (Allocation Failure) 1395M->994M(1559M) 64,703ms
[413,142s][info][gc] GC(1517) Pause Young (Allocation Failure) 1425M->1023M(1559M) 64,191ms
[413,373s][info][gc] GC(1518) Pause Young (Allocation Failure) 1454M->1052M(1559M) 64,245ms
[413,604s][info][gc] GC(1519) Pause Young (Allocation Failure) 1483M->1082M(1559M) 64,300ms
[413,837s][info][gc] GC(1520) Pause Young (Allocation Failure) 1512M->1110M(1564M) 66,303ms
[414,889s][info][gc] GC(1521) Pause Full (Allocation Failure) 1110M->644M(1559M) 1051,614ms
[415,095s][info][gc] GC(1522) Pause Young (Allocation Failure) 1075M->675M(1559M) 41,488ms
[415,331s][info][gc] GC(1523) Pause Young (Allocation Failure) 1105M->704M(1559M) 64,404ms
[415,562s][info][gc] GC(1524) Pause Young (Allocation Failure) 1134M->733M(1559M) 64,384ms
[415,793s][info][gc] GC(1525) Pause Young (Allocation Failure) 1163M->762M(1559M) 64,006ms
[416,024s][info][gc] GC(1526) Pause Young (Allocation Failure) 1192M->791M(1559M) 64,280ms
[416,257s][info][gc] GC(1527) Pause Young (Allocation Failure) 1221M->820M(1559M) 64,605ms
[416,488s][info][gc] GC(1528) Pause Young (Allocation Failure) 1250M->849M(1559M) 64,451ms
[416,720s][info][gc] GC(1529) Pause Young (Allocation Failure) 1279M->878M(1559M) 64,298ms
[416,951s][info][gc] GC(1530) Pause Young (Allocation Failure) 1308M->907M(1559M) 64,377ms
[417,183s][info][gc] GC(1531) Pause Young (Allocation Failure) 1337M->936M(1559M) 64,338ms
[417,414s][info][gc] GC(1532) Pause Young (Allocation Failure) 1366M->965M(1559M) 64,361ms
[417,648s][info][gc] GC(1533) Pause Young (Allocation Failure) 1395M->994M(1559M) 67,291ms
[417,881s][info][gc] GC(1534) Pause Young (Allocation Failure) 1424M->1023M(1559M) 64,910ms
[418,112s][info][gc] GC(1535) Pause Young (Allocation Failure) 1453M->1052M(1559M) 64,477ms
[418,344s][info][gc] GC(1536) Pause Young (Allocation Failure) 1482M->1081M(1559M) 64,443ms
[418,584s][info][gc] GC(1537) Pause Young (Allocation Failure) 1511M->1110M(1564M) 72,659ms
[419,647s][info][gc] GC(1538) Pause Full (Allocation Failure) 1110M->644M(1559M) 1063,056ms
[419,856s][info][gc] GC(1539) Pause Young (Allocation Failure) 1075M->675M(1559M) 41,609ms
[420,091s][info][gc] GC(1540) Pause Young (Allocation Failure) 1105M->704M(1559M) 64,213ms
[420,322s][info][gc] GC(1541) Pause Young (Allocation Failure) 1134M->733M(1559M) 64,155ms
[420,553s][info][gc] GC(1542) Pause Young (Allocation Failure) 1163M->762M(1559M) 63,799ms
[420,784s][info][gc] GC(1543) Pause Young (Allocation Failure) 1192M->791M(1559M) 64,064ms
[421,014s][info][gc] GC(1544) Pause Young (Allocation Failure) 1221M->820M(1559M) 63,672ms
[421,245s][info][gc] GC(1545) Pause Young (Allocation Failure) 1250M->849M(1559M) 64,091ms
[421,475s][info][gc] GC(1546) Pause Young (Allocation Failure) 1279M->878M(1559M) 63,983ms
[421,706s][info][gc] GC(1547) Pause Young (Allocation Failure) 1308M->907M(1559M) 64,083ms
[421,937s][info][gc] GC(1548) Pause Young (Allocation Failure) 1337M->936M(1559M) 64,248ms
[422,197s][info][gc] GC(1549) Pause Young (Allocation Failure) 1366M->965M(1559M) 67,532ms
[422,441s][info][gc] GC(1550) Pause Young (Allocation Failure) 1395M->994M(1559M) 73,459ms
[422,675s][info][gc] GC(1551) Pause Young (Allocation Failure) 1424M->1023M(1559M) 64,630ms
[422,906s][info][gc] GC(1552) Pause Young (Allocation Failure) 1453M->1052M(1559M) 64,178ms
[423,137s][info][gc] GC(1553) Pause Young (Allocation Failure) 1482M->1081M(1559M) 64,311ms
[423,370s][info][gc] GC(1554) Pause Young (Allocation Failure) 1512M->1110M(1564M) 66,175ms
[424,409s][info][gc] GC(1555) Pause Full (Allocation Failure) 1110M->590M(1559M) 1039,312ms
[424,616s][info][gc] GC(1556) Pause Young (Allocation Failure) 1021M->621M(1559M) 41,426ms
[424,851s][info][gc] GC(1557) Pause Young (Allocation Failure) 1051M->650M(1559M) 63,834ms
[425,082s][info][gc] GC(1558) Pause Young (Allocation Failure) 1080M->679M(1559M) 63,789ms
[425,312s][info][gc] GC(1559) Pause Young (Allocation Failure) 1109M->708M(1559M) 64,039ms
[425,546s][info][gc] GC(1560) Pause Young (Allocation Failure) 1138M->737M(1559M) 64,365ms
[425,777s][info][gc] GC(1561) Pause Young (Allocation Failure) 1167M->766M(1559M) 63,707ms
[426,008s][info][gc] GC(1562) Pause Young (Allocation Failure) 1196M->795M(1559M) 64,354ms
[426,239s][info][gc] GC(1563) Pause Young (Allocation Failure) 1225M->824M(1559M) 64,308ms
[426,474s][info][gc] GC(1564) Pause Young (Allocation Failure) 1254M->853M(1559M) 64,525ms
[426,705s][info][gc] GC(1565) Pause Young (Allocation Failure) 1283M->882M(1559M) 64,144ms
[426,936s][info][gc] GC(1566) Pause Young (Allocation Failure) 1312M->911M(1559M) 64,451ms
[427,167s][info][gc] GC(1567) Pause Young (Allocation Failure) 1341M->940M(1559M) 64,297ms
[427,398s][info][gc] GC(1568) Pause Young (Allocation Failure) 1370M->969M(1559M) 64,107ms
[427,629s][info][gc] GC(1569) Pause Young (Allocation Failure) 1399M->998M(1559M) 63,880ms
[427,869s][info][gc] GC(1570) Pause Young (Allocation Failure) 1428M->1027M(1559M) 73,101ms
[428,106s][info][gc] GC(1571) Pause Young (Allocation Failure) 1457M->1056M(1559M) 64,863ms
[428,338s][info][gc] GC(1572) Pause Young (Allocation Failure) 1486M->1085M(1559M) 64,247ms
[428,574s][info][gc] GC(1573) Pause Young (Allocation Failure) 1515M->1114M(1568M) 68,080ms
[429,633s][info][gc] GC(1574) Pause Full (Allocation Failure) 1114M->645M(1559M) 1059,089ms
[429,840s][info][gc] GC(1575) Pause Young (Allocation Failure) 1075M->675M(1559M) 41,466ms
[430,076s][info][gc] GC(1576) Pause Young (Allocation Failure) 1105M->704M(1559M) 64,139ms
[430,310s][info][gc] GC(1577) Pause Young (Allocation Failure) 1134M->733M(1559M) 64,968ms
[430,541s][info][gc] GC(1578) Pause Young (Allocation Failure) 1163M->762M(1559M) 64,272ms
[430,772s][info][gc] GC(1579) Pause Young (Allocation Failure) 1192M->791M(1559M) 64,346ms
[431,004s][info][gc] GC(1580) Pause Young (Allocation Failure) 1221M->820M(1559M) 64,274ms
[431,235s][info][gc] GC(1581) Pause Young (Allocation Failure) 1251M->849M(1559M) 64,095ms
[431,474s][info][gc] GC(1582) Pause Young (Allocation Failure) 1280M->878M(1559M) 66,367ms
[431,706s][info][gc] GC(1583) Pause Young (Allocation Failure) 1309M->907M(1559M) 64,566ms
[431,937s][info][gc] GC(1584) Pause Young (Allocation Failure) 1338M->936M(1559M) 64,389ms
[432,169s][info][gc] GC(1585) Pause Young (Allocation Failure) 1367M->965M(1559M) 64,574ms
[432,400s][info][gc] GC(1586) Pause Young (Allocation Failure) 1396M->995M(1559M) 64,614ms
[432,634s][info][gc] GC(1587) Pause Young (Allocation Failure) 1425M->1024M(1559M) 65,364ms
[432,866s][info][gc] GC(1588) Pause Young (Allocation Failure) 1454M->1053M(1559M) 64,567ms
[433,098s][info][gc] GC(1589) Pause Young (Allocation Failure) 1483M->1082M(1559M) 64,561ms
[433,333s][info][gc] GC(1590) Pause Young (Allocation Failure) 1512M->1111M(1564M) 67,293ms
[434,390s][info][gc] GC(1591) Pause Full (Allocation Failure) 1111M->644M(1559M) 1056,419ms
[434,602s][info][gc] GC(1592) Pause Young (Allocation Failure) 1075M->675M(1559M) 41,544ms
[434,837s][info][gc] GC(1593) Pause Young (Allocation Failure) 1105M->704M(1559M) 63,873ms
[435,068s][info][gc] GC(1594) Pause Young (Allocation Failure) 1134M->733M(1559M) 64,172ms
[435,302s][info][gc] GC(1595) Pause Young (Allocation Failure) 1163M->762M(1559M) 64,545ms
[435,533s][info][gc] GC(1596) Pause Young (Allocation Failure) 1192M->791M(1559M) 63,958ms
[435,764s][info][gc] GC(1597) Pause Young (Allocation Failure) 1221M->820M(1559M) 64,309ms
[435,995s][info][gc] GC(1598) Pause Young (Allocation Failure) 1250M->849M(1559M) 64,187ms
[436,226s][info][gc] GC(1599) Pause Young (Allocation Failure) 1279M->878M(1559M) 64,086ms
[436,460s][info][gc] GC(1600) Pause Young (Allocation Failure) 1308M->907M(1559M) 64,419ms
[436,691s][info][gc] GC(1601) Pause Young (Allocation Failure) 1337M->936M(1559M) 64,332ms
[436,923s][info][gc] GC(1602) Pause Young (Allocation Failure) 1366M->965M(1559M) 64,147ms
[437,154s][info][gc] GC(1603) Pause Young (Allocation Failure) 1395M->994M(1559M) 64,367ms
[437,385s][info][gc] GC(1604) Pause Young (Allocation Failure) 1424M->1023M(1559M) 64,157ms
[437,616s][info][gc] GC(1605) Pause Young (Allocation Failure) 1454M->1052M(1559M) 64,250ms
[437,850s][info][gc] GC(1606) Pause Young (Allocation Failure) 1483M->1081M(1559M) 65,398ms
[438,085s][info][gc] GC(1607) Pause Young (Allocation Failure) 1512M->1110M(1564M) 66,914ms
[439,135s][info][gc] GC(1608) Pause Full (Allocation Failure) 1110M->644M(1559M) 1050,488ms
[439,342s][info][gc] GC(1609) Pause Young (Allocation Failure) 1075M->675M(1559M) 42,006ms
[439,579s][info][gc] GC(1610) Pause Young (Allocation Failure) 1105M->704M(1559M) 65,027ms
[439,811s][info][gc] GC(1611) Pause Young (Allocation Failure) 1134M->733M(1559M) 64,601ms
[440,043s][info][gc] GC(1612) Pause Young (Allocation Failure) 1163M->762M(1559M) 64,431ms
[440,275s][info][gc] GC(1613) Pause Young (Allocation Failure) 1192M->791M(1559M) 64,672ms
[440,506s][info][gc] GC(1614) Pause Young (Allocation Failure) 1221M->820M(1559M) 64,459ms
[440,737s][info][gc] GC(1615) Pause Young (Allocation Failure) 1250M->849M(1559M) 64,343ms
[440,969s][info][gc] GC(1616) Pause Young (Allocation Failure) 1279M->878M(1559M) 64,507ms
[441,200s][info][gc] GC(1617) Pause Young (Allocation Failure) 1308M->907M(1559M) 64,306ms
[441,432s][info][gc] GC(1618) Pause Young (Allocation Failure) 1337M->936M(1559M) 64,651ms
[441,663s][info][gc] GC(1619) Pause Young (Allocation Failure) 1366M->965M(1559M) 64,000ms
[441,896s][info][gc] GC(1620) Pause Young (Allocation Failure) 1395M->994M(1559M) 64,833ms
[442,128s][info][gc] GC(1621) Pause Young (Allocation Failure) 1425M->1023M(1559M) 64,049ms
[442,359s][info][gc] GC(1622) Pause Young (Allocation Failure) 1454M->1052M(1559M) 64,173ms
[442,619s][info][gc] GC(1623) Pause Young (Allocation Failure) 1483M->1081M(1559M) 69,939ms
[442,861s][info][gc] GC(1624) Pause Young (Allocation Failure) 1512M->1110M(1564M) 74,627ms
[443,926s][info][gc] GC(1625) Pause Full (Allocation Failure) 1110M->590M(1559M) 1064,206ms
[444,132s][info][gc] GC(1626) Pause Young (Allocation Failure) 1021M->621M(1559M) 41,495ms
[444,367s][info][gc] GC(1627) Pause Young (Allocation Failure) 1051M->650M(1559M) 63,805ms
[444,598s][info][gc] GC(1628) Pause Young (Allocation Failure) 1080M->679M(1559M) 63,772ms
[444,844s][info][gc] GC(1629) Pause Young (Allocation Failure) 1109M->708M(1559M) 75,212ms
[445,084s][info][gc] GC(1630) Pause Young (Allocation Failure) 1138M->737M(1559M) 66,198ms
[445,330s][info][gc] GC(1631) Pause Young (Allocation Failure) 1167M->766M(1559M) 75,293ms
[445,573s][info][gc] GC(1632) Pause Young (Allocation Failure) 1196M->795M(1559M) 73,843ms
[445,808s][info][gc] GC(1633) Pause Young (Allocation Failure) 1225M->824M(1559M) 65,166ms
[446,039s][info][gc] GC(1634) Pause Young (Allocation Failure) 1254M->853M(1559M) 64,621ms
[446,271s][info][gc] GC(1635) Pause Young (Allocation Failure) 1283M->882M(1559M) 64,533ms
[446,503s][info][gc] GC(1636) Pause Young (Allocation Failure) 1312M->911M(1559M) 64,514ms
[446,734s][info][gc] GC(1637) Pause Young (Allocation Failure) 1341M->940M(1559M) 64,233ms
[446,966s][info][gc] GC(1638) Pause Young (Allocation Failure) 1370M->969M(1559M) 64,160ms
[447,197s][info][gc] GC(1639) Pause Young (Allocation Failure) 1399M->998M(1559M) 63,986ms
[447,428s][info][gc] GC(1640) Pause Young (Allocation Failure) 1428M->1027M(1559M) 64,308ms
[447,662s][info][gc] GC(1641) Pause Young (Allocation Failure) 1457M->1056M(1559M) 64,627ms
[447,893s][info][gc] GC(1642) Pause Young (Allocation Failure) 1486M->1085M(1559M) 64,237ms
[448,128s][info][gc] GC(1643) Pause Young (Allocation Failure) 1516M->1114M(1568M) 67,688ms
[449,188s][info][gc] GC(1644) Pause Full (Allocation Failure) 1114M->645M(1559M) 1059,987ms
[449,395s][info][gc] GC(1645) Pause Young (Allocation Failure) 1075M->675M(1559M) 41,504ms
[449,631s][info][gc] GC(1646) Pause Young (Allocation Failure) 1105M->704M(1559M) 64,381ms
[449,863s][info][gc] GC(1647) Pause Young (Allocation Failure) 1134M->733M(1559M) 64,253ms
[450,094s][info][gc] GC(1648) Pause Young (Allocation Failure) 1163M->762M(1559M) 64,158ms
[450,326s][info][gc] GC(1649) Pause Young (Allocation Failure) 1192M->791M(1559M) 65,206ms
[450,569s][info][gc] GC(1650) Pause Young (Allocation Failure) 1221M->820M(1559M) 65,876ms
[450,800s][info][gc] GC(1651) Pause Young (Allocation Failure) 1250M->849M(1559M) 64,120ms
[451,030s][info][gc] GC(1652) Pause Young (Allocation Failure) 1280M->878M(1559M) 64,089ms
[451,261s][info][gc] GC(1653) Pause Young (Allocation Failure) 1309M->907M(1559M) 63,972ms
[451,492s][info][gc] GC(1654) Pause Young (Allocation Failure) 1337M->936M(1559M) 63,970ms
[451,723s][info][gc] GC(1655) Pause Young (Allocation Failure) 1366M->965M(1559M) 64,334ms
[451,955s][info][gc] GC(1656) Pause Young (Allocation Failure) 1395M->994M(1559M) 64,173ms
[452,186s][info][gc] GC(1657) Pause Young (Allocation Failure) 1424M->1023M(1559M) 64,540ms
[452,417s][info][gc] GC(1658) Pause Young (Allocation Failure) 1454M->1052M(1559M) 64,184ms
[452,648s][info][gc] GC(1659) Pause Young (Allocation Failure) 1483M->1081M(1559M) 64,454ms
[452,882s][info][gc] GC(1660) Pause Young (Allocation Failure) 1512M->1111M(1564M) 66,861ms
[453,938s][info][gc] GC(1661) Pause Full (Allocation Failure) 1111M->644M(1559M) 1056,493ms
[454,144s][info][gc] GC(1662) Pause Young (Allocation Failure) 1075M->675M(1559M) 41,301ms
[454,380s][info][gc] GC(1663) Pause Young (Allocation Failure) 1105M->704M(1559M) 64,166ms
[454,611s][info][gc] GC(1664) Pause Young (Allocation Failure) 1134M->733M(1559M) 64,080ms
[454,842s][info][gc] GC(1665) Pause Young (Allocation Failure) 1163M->762M(1559M) 64,257ms
[455,075s][info][gc] GC(1666) Pause Young (Allocation Failure) 1192M->791M(1559M) 65,050ms
[455,312s][info][gc] GC(1667) Pause Young (Allocation Failure) 1221M->820M(1559M) 66,428ms
[455,544s][info][gc] GC(1668) Pause Young (Allocation Failure) 1250M->849M(1559M) 64,350ms
[455,779s][info][gc] GC(1669) Pause Young (Allocation Failure) 1279M->878M(1559M) 64,932ms
[456,012s][info][gc] GC(1670) Pause Young (Allocation Failure) 1308M->907M(1559M) 65,205ms
[456,245s][info][gc] GC(1671) Pause Young (Allocation Failure) 1337M->936M(1559M) 65,124ms
[456,477s][info][gc] GC(1672) Pause Young (Allocation Failure) 1366M->965M(1559M) 64,378ms
[456,708s][info][gc] GC(1673) Pause Young (Allocation Failure) 1395M->994M(1559M) 64,453ms
[456,939s][info][gc] GC(1674) Pause Young (Allocation Failure) 1424M->1023M(1559M) 64,403ms
[457,171s][info][gc] GC(1675) Pause Young (Allocation Failure) 1453M->1052M(1559M) 64,295ms
[457,403s][info][gc] GC(1676) Pause Young (Allocation Failure) 1482M->1081M(1559M) 64,241ms
[457,636s][info][gc] GC(1677) Pause Young (Allocation Failure) 1512M->1110M(1564M) 66,626ms
[458,687s][info][gc] GC(1678) Pause Full (Allocation Failure) 1110M->644M(1559M) 1050,872ms
[458,895s][info][gc] GC(1679) Pause Young (Allocation Failure) 1075M->675M(1559M) 42,320ms
[459,131s][info][gc] GC(1680) Pause Young (Allocation Failure) 1105M->704M(1559M) 64,660ms
[459,385s][info][gc] GC(1681) Pause Young (Allocation Failure) 1134M->733M(1559M) 74,428ms
[459,630s][info][gc] GC(1682) Pause Young (Allocation Failure) 1163M->762M(1559M) 67,043ms
[459,873s][info][gc] GC(1683) Pause Young (Allocation Failure) 1192M->791M(1559M) 70,083ms
[460,115s][info][gc] GC(1684) Pause Young (Allocation Failure) 1221M->820M(1559M) 64,942ms
[460,349s][info][gc] GC(1685) Pause Young (Allocation Failure) 1250M->849M(1559M) 64,618ms
[460,580s][info][gc] GC(1686) Pause Young (Allocation Failure) 1279M->878M(1559M) 64,224ms
[460,811s][info][gc] GC(1687) Pause Young (Allocation Failure) 1308M->907M(1559M) 64,257ms
[461,042s][info][gc] GC(1688) Pause Young (Allocation Failure) 1337M->936M(1559M) 64,054ms
[461,273s][info][gc] GC(1689) Pause Young (Allocation Failure) 1366M->965M(1559M) 64,202ms
[461,504s][info][gc] GC(1690) Pause Young (Allocation Failure) 1395M->994M(1559M) 63,561ms
[461,750s][info][gc] GC(1691) Pause Young (Allocation Failure) 1424M->1023M(1559M) 70,102ms
[461,993s][info][gc] GC(1692) Pause Young (Allocation Failure) 1453M->1052M(1559M) 66,191ms
[462,228s][info][gc] GC(1693) Pause Young (Allocation Failure) 1482M->1081M(1559M) 63,624ms
[462,463s][info][gc] GC(1694) Pause Young (Allocation Failure) 1511M->1110M(1564M) 66,133ms
[463,506s][info][gc] GC(1695) Pause Full (Allocation Failure) 1110M->590M(1559M) 1042,535ms
[463,717s][info][gc] GC(1696) Pause Young (Allocation Failure) 1021M->621M(1559M) 41,917ms
[463,955s][info][gc] GC(1697) Pause Young (Allocation Failure) 1051M->650M(1559M) 65,005ms
[464,190s][info][gc] GC(1698) Pause Young (Allocation Failure) 1080M->679M(1559M) 65,798ms
[464,425s][info][gc] GC(1699) Pause Young (Allocation Failure) 1109M->708M(1559M) 66,907ms
[464,664s][info][gc] GC(1700) Pause Young (Allocation Failure) 1138M->737M(1559M) 65,749ms
[464,899s][info][gc] GC(1701) Pause Young (Allocation Failure) 1167M->766M(1559M) 66,322ms
[465,133s][info][gc] GC(1702) Pause Young (Allocation Failure) 1196M->795M(1559M) 64,939ms
[465,366s][info][gc] GC(1703) Pause Young (Allocation Failure) 1225M->824M(1559M) 64,707ms
[465,601s][info][gc] GC(1704) Pause Young (Allocation Failure) 1254M->853M(1559M) 65,289ms
[465,833s][info][gc] GC(1705) Pause Young (Allocation Failure) 1283M->882M(1559M) 64,371ms
[466,065s][info][gc] GC(1706) Pause Young (Allocation Failure) 1312M->911M(1559M) 64,433ms
[466,300s][info][gc] GC(1707) Pause Young (Allocation Failure) 1341M->940M(1559M) 65,805ms
[466,533s][info][gc] GC(1708) Pause Young (Allocation Failure) 1370M->969M(1559M) 65,061ms
[466,770s][info][gc] GC(1709) Pause Young (Allocation Failure) 1399M->998M(1559M) 65,734ms
[467,001s][info][gc] GC(1710) Pause Young (Allocation Failure) 1428M->1027M(1559M) 64,440ms
[467,232s][info][gc] GC(1711) Pause Young (Allocation Failure) 1457M->1056M(1559M) 64,330ms
[467,463s][info][gc] GC(1712) Pause Young (Allocation Failure) 1486M->1085M(1559M) 63,967ms
[467,698s][info][gc] GC(1713) Pause Young (Allocation Failure) 1515M->1114M(1568M) 67,543ms
[468,773s][info][gc] GC(1714) Pause Full (Allocation Failure) 1114M->645M(1559M) 1074,921ms
[468,988s][info][gc] GC(1715) Pause Young (Allocation Failure) 1075M->675M(1559M) 41,720ms
[469,235s][info][gc] GC(1716) Pause Young (Allocation Failure) 1105M->704M(1559M) 66,311ms
[469,469s][info][gc] GC(1717) Pause Young (Allocation Failure) 1134M->733M(1559M) 64,650ms
[469,701s][info][gc] GC(1718) Pause Young (Allocation Failure) 1163M->762M(1559M) 64,168ms
[469,932s][info][gc] GC(1719) Pause Young (Allocation Failure) 1192M->791M(1559M) 64,228ms
[470,164s][info][gc] GC(1720) Pause Young (Allocation Failure) 1222M->820M(1559M) 64,267ms
[470,403s][info][gc] GC(1721) Pause Young (Allocation Failure) 1250M->849M(1559M) 67,809ms
[470,640s][info][gc] GC(1722) Pause Young (Allocation Failure) 1280M->878M(1559M) 64,253ms
[470,876s][info][gc] GC(1723) Pause Young (Allocation Failure) 1309M->907M(1559M) 65,460ms
[471,107s][info][gc] GC(1724) Pause Young (Allocation Failure) 1338M->936M(1559M) 64,338ms
[471,338s][info][gc] GC(1725) Pause Young (Allocation Failure) 1367M->965M(1559M) 64,059ms
[471,570s][info][gc] GC(1726) Pause Young (Allocation Failure) 1395M->994M(1559M) 64,889ms
[471,801s][info][gc] GC(1727) Pause Young (Allocation Failure) 1425M->1023M(1559M) 63,961ms
[472,033s][info][gc] GC(1728) Pause Young (Allocation Failure) 1454M->1052M(1559M) 64,735ms
[472,265s][info][gc] GC(1729) Pause Young (Allocation Failure) 1483M->1082M(1559M) 64,626ms
[472,508s][info][gc] GC(1730) Pause Young (Allocation Failure) 1512M->1111M(1564M) 76,328ms
[473,597s][info][gc] GC(1731) Pause Full (Allocation Failure) 1111M->644M(1559M) 1088,295ms
[473,803s][info][gc] GC(1732) Pause Young (Allocation Failure) 1075M->675M(1559M) 41,384ms
[474,039s][info][gc] GC(1733) Pause Young (Allocation Failure) 1105M->704M(1559M) 64,322ms
[474,271s][info][gc] GC(1734) Pause Young (Allocation Failure) 1134M->733M(1559M) 64,135ms
[474,501s][info][gc] GC(1735) Pause Young (Allocation Failure) 1163M->762M(1559M) 63,894ms
[474,743s][info][gc] GC(1736) Pause Young (Allocation Failure) 1192M->791M(1559M) 73,570ms
[474,976s][info][gc] GC(1737) Pause Young (Allocation Failure) 1221M->820M(1559M) 63,950ms
[475,207s][info][gc] GC(1738) Pause Young (Allocation Failure) 1250M->849M(1559M) 63,950ms
[475,438s][info][gc] GC(1739) Pause Young (Allocation Failure) 1279M->878M(1559M) 64,142ms
[475,669s][info][gc] GC(1740) Pause Young (Allocation Failure) 1308M->907M(1559M) 64,178ms
[475,901s][info][gc] GC(1741) Pause Young (Allocation Failure) 1337M->936M(1559M) 65,342ms
[476,135s][info][gc] GC(1742) Pause Young (Allocation Failure) 1366M->965M(1559M) 65,621ms
[476,372s][info][gc] GC(1743) Pause Young (Allocation Failure) 1395M->994M(1559M) 64,356ms
[476,609s][info][gc] GC(1744) Pause Young (Allocation Failure) 1424M->1023M(1559M) 64,986ms
[476,842s][info][gc] GC(1745) Pause Young (Allocation Failure) 1453M->1052M(1559M) 65,367ms
[477,078s][info][gc] GC(1746) Pause Young (Allocation Failure) 1482M->1081M(1559M) 64,473ms
[477,311s][info][gc] GC(1747) Pause Young (Allocation Failure) 1511M->1110M(1563M) 66,139ms
[478,366s][info][gc] GC(1748) Pause Full (Allocation Failure) 1110M->644M(1559M) 1054,640ms
[478,576s][info][gc] GC(1749) Pause Young (Allocation Failure) 1075M->675M(1559M) 42,461ms
[478,813s][info][gc] GC(1750) Pause Young (Allocation Failure) 1105M->704M(1559M) 64,224ms
[479,046s][info][gc] GC(1751) Pause Young (Allocation Failure) 1134M->733M(1559M) 64,734ms
[479,294s][info][gc] GC(1752) Pause Young (Allocation Failure) 1163M->762M(1559M) 66,632ms
[479,532s][info][gc] GC(1753) Pause Young (Allocation Failure) 1192M->791M(1559M) 64,996ms
[479,766s][info][gc] GC(1754) Pause Young (Allocation Failure) 1221M->820M(1559M) 64,868ms
[480,001s][info][gc] GC(1755) Pause Young (Allocation Failure) 1250M->849M(1559M) 64,421ms
[480,237s][info][gc] GC(1756) Pause Young (Allocation Failure) 1279M->878M(1559M) 65,094ms
[480,470s][info][gc] GC(1757) Pause Young (Allocation Failure) 1308M->907M(1559M) 64,442ms
[480,703s][info][gc] GC(1758) Pause Young (Allocation Failure) 1337M->936M(1559M) 64,293ms
[480,936s][info][gc] GC(1759) Pause Young (Allocation Failure) 1366M->965M(1559M) 64,535ms
[481,172s][info][gc] GC(1760) Pause Young (Allocation Failure) 1395M->994M(1559M) 67,356ms
[481,418s][info][gc] GC(1761) Pause Young (Allocation Failure) 1424M->1023M(1559M) 65,682ms
[481,650s][info][gc] GC(1762) Pause Young (Allocation Failure) 1453M->1052M(1559M) 64,390ms
[481,882s][info][gc] GC(1763) Pause Young (Allocation Failure) 1482M->1081M(1559M) 64,077ms
[482,121s][info][gc] GC(1764) Pause Young (Allocation Failure) 1511M->1110M(1564M) 65,117ms
[483,169s][info][gc] GC(1765) Pause Full (Allocation Failure) 1110M->590M(1559M) 1047,449ms
[483,386s][info][gc] GC(1766) Pause Young (Allocation Failure) 1021M->621M(1559M) 42,029ms
[483,622s][info][gc] GC(1767) Pause Young (Allocation Failure) 1051M->650M(1559M) 64,538ms
[483,853s][info][gc] GC(1768) Pause Young (Allocation Failure) 1080M->679M(1559M) 64,184ms
[484,085s][info][gc] GC(1769) Pause Young (Allocation Failure) 1109M->708M(1559M) 64,303ms
[484,317s][info][gc] GC(1770) Pause Young (Allocation Failure) 1138M->737M(1559M) 64,879ms
[484,549s][info][gc] GC(1771) Pause Young (Allocation Failure) 1167M->766M(1559M) 64,585ms
[484,781s][info][gc] GC(1772) Pause Young (Allocation Failure) 1196M->795M(1559M) 64,685ms
[485,013s][info][gc] GC(1773) Pause Young (Allocation Failure) 1225M->824M(1559M) 64,549ms
[485,245s][info][gc] GC(1774) Pause Young (Allocation Failure) 1254M->853M(1559M) 64,260ms
[485,477s][info][gc] GC(1775) Pause Young (Allocation Failure) 1283M->882M(1559M) 64,065ms
[485,708s][info][gc] GC(1776) Pause Young (Allocation Failure) 1312M->911M(1559M) 64,227ms
[485,941s][info][gc] GC(1777) Pause Young (Allocation Failure) 1341M->940M(1559M) 64,360ms
[486,175s][info][gc] GC(1778) Pause Young (Allocation Failure) 1370M->969M(1559M) 66,664ms
[486,409s][info][gc] GC(1779) Pause Young (Allocation Failure) 1399M->998M(1559M) 64,487ms
[486,643s][info][gc] GC(1780) Pause Young (Allocation Failure) 1428M->1027M(1559M) 65,893ms
[486,881s][info][gc] GC(1781) Pause Young (Allocation Failure) 1457M->1056M(1559M) 64,250ms
[487,121s][info][gc] GC(1782) Pause Young (Allocation Failure) 1486M->1085M(1559M) 72,947ms
[487,359s][info][gc] GC(1783) Pause Young (Allocation Failure) 1515M->1114M(1568M) 69,244ms
[488,453s][info][gc] GC(1784) Pause Full (Allocation Failure) 1114M->645M(1559M) 1094,527ms
[488,677s][info][gc] GC(1785) Pause Young (Allocation Failure) 1075M->675M(1559M) 42,164ms
[488,918s][info][gc] GC(1786) Pause Young (Allocation Failure) 1105M->704M(1559M) 64,344ms
[489,153s][info][gc] GC(1787) Pause Young (Allocation Failure) 1134M->733M(1559M) 64,278ms
[489,388s][info][gc] GC(1788) Pause Young (Allocation Failure) 1163M->762M(1559M) 64,153ms
[489,623s][info][gc] GC(1789) Pause Young (Allocation Failure) 1192M->791M(1559M) 64,230ms
[489,858s][info][gc] GC(1790) Pause Young (Allocation Failure) 1221M->820M(1559M) 64,374ms
[490,092s][info][gc] GC(1791) Pause Young (Allocation Failure) 1250M->849M(1559M) 65,199ms
[490,332s][info][gc] GC(1792) Pause Young (Allocation Failure) 1280M->878M(1559M) 69,531ms
[490,574s][info][gc] GC(1793) Pause Young (Allocation Failure) 1309M->907M(1559M) 65,723ms
[490,809s][info][gc] GC(1794) Pause Young (Allocation Failure) 1338M->936M(1559M) 64,966ms
[491,047s][info][gc] GC(1795) Pause Young (Allocation Failure) 1367M->965M(1559M) 65,031ms
[491,280s][info][gc] GC(1796) Pause Young (Allocation Failure) 1396M->994M(1559M) 64,611ms
[491,511s][info][gc] GC(1797) Pause Young (Allocation Failure) 1425M->1023M(1559M) 64,293ms
[491,743s][info][gc] GC(1798) Pause Young (Allocation Failure) 1454M->1053M(1559M) 64,370ms
[491,975s][info][gc] GC(1799) Pause Young (Allocation Failure) 1483M->1082M(1559M) 64,815ms
[492,208s][info][gc] GC(1800) Pause Young (Allocation Failure) 1512M->1111M(1564M) 66,676ms
[493,274s][info][gc] GC(1801) Pause Full (Allocation Failure) 1111M->644M(1559M) 1066,104ms
[493,492s][info][gc] GC(1802) Pause Young (Allocation Failure) 1075M->675M(1559M) 41,926ms
[493,735s][info][gc] GC(1803) Pause Young (Allocation Failure) 1105M->704M(1559M) 64,891ms
[493,968s][info][gc] GC(1804) Pause Young (Allocation Failure) 1134M->733M(1559M) 64,792ms
[494,202s][info][gc] GC(1805) Pause Young (Allocation Failure) 1163M->762M(1559M) 64,916ms
[494,437s][info][gc] GC(1806) Pause Young (Allocation Failure) 1192M->791M(1559M) 65,546ms
[494,670s][info][gc] GC(1807) Pause Young (Allocation Failure) 1221M->820M(1559M) 64,068ms
[494,901s][info][gc] GC(1808) Pause Young (Allocation Failure) 1250M->849M(1559M) 63,816ms
[495,133s][info][gc] GC(1809) Pause Young (Allocation Failure) 1279M->878M(1559M) 64,247ms
[495,369s][info][gc] GC(1810) Pause Young (Allocation Failure) 1308M->907M(1559M) 65,088ms
[495,608s][info][gc] GC(1811) Pause Young (Allocation Failure) 1337M->936M(1559M) 67,287ms
[495,855s][info][gc] GC(1812) Pause Young (Allocation Failure) 1367M->965M(1559M) 66,410ms
[496,091s][info][gc] GC(1813) Pause Young (Allocation Failure) 1396M->994M(1559M) 64,732ms
[496,327s][info][gc] GC(1814) Pause Young (Allocation Failure) 1425M->1023M(1559M) 65,782ms
[496,564s][info][gc] GC(1815) Pause Young (Allocation Failure) 1454M->1052M(1559M) 65,215ms
[496,802s][info][gc] GC(1816) Pause Young (Allocation Failure) 1483M->1081M(1559M) 65,309ms
[497,039s][info][gc] GC(1817) Pause Young (Allocation Failure) 1512M->1110M(1564M) 66,361ms
[498,122s][info][gc] GC(1818) Pause Full (Allocation Failure) 1110M->644M(1559M) 1083,660ms
[498,330s][info][gc] GC(1819) Pause Young (Allocation Failure) 1075M->675M(1559M) 41,477ms
[498,570s][info][gc] GC(1820) Pause Young (Allocation Failure) 1105M->704M(1559M) 66,296ms
[498,808s][info][gc] GC(1821) Pause Young (Allocation Failure) 1134M->733M(1559M) 64,674ms
[499,040s][info][gc] GC(1822) Pause Young (Allocation Failure) 1163M->762M(1559M) 64,501ms
[499,274s][info][gc] GC(1823) Pause Young (Allocation Failure) 1192M->791M(1559M) 64,519ms
[499,506s][info][gc] GC(1824) Pause Young (Allocation Failure) 1221M->820M(1559M) 64,585ms
[499,739s][info][gc] GC(1825) Pause Young (Allocation Failure) 1250M->849M(1559M) 64,471ms
