[0.008s][info][gc] Using The Z Garbage Collector
[1,710s][info][gc] GC(0) Garbage Collection (Warmup) 1736M(11%)->568M(3%)
[3,916s][info][gc] GC(1) Garbage Collection (Warmup) 3310M(20%)->1242M(8%)
[6,684s][info][gc] GC(2) Garbage Collection (Warmup) 4940M(30%)->1752M(11%)
[15,079s][info][gc] GC(3) Garbage Collection (Allocation Rate) 12204M(74%)->3486M(21%)
[16,783s][info][gc] GC(4) Garbage Collection (Allocation Rate) 3898M(24%)->2334M(14%)
[20,232s][info][gc] GC(5) Garbage Collection (Allocation Rate) 7644M(47%)->2468M(15%)
[24,578s][info][gc] GC(6) Garbage Collection (Allocation Rate) 10496M(64%)->3036M(19%)
[28,499s][info][gc] GC(7) Garbage Collection (Allocation Rate) 10686M(65%)->2970M(18%)
[32,283s][info][gc] GC(8) Garbage Collection (Allocation Rate) 8312M(51%)->3998M(24%)
[34,774s][info][gc] GC(9) Garbage Collection (Allocation Rate) 5882M(36%)->4058M(25%)
[37,430s][info][gc] GC(10) Garbage Collection (Allocation Rate) 6804M(42%)->3822M(23%)
[39,917s][info][gc] GC(11) Garbage Collection (Allocation Rate) 6154M(38%)->3970M(24%)
[43,888s][info][gc] GC(12) Garbage Collection (Allocation Rate) 10628M(65%)->3738M(23%)
[47,913s][info][gc] GC(13) Garbage Collection (Allocation Rate) 10838M(66%)->3684M(22%)
[51,964s][info][gc] GC(14) Garbage Collection (Allocation Rate) 10934M(67%)->3696M(23%)
[56,050s][info][gc] GC(15) Garbage Collection (Allocation Rate) 11140M(68%)->3608M(22%)
[60,225s][info][gc] GC(16) Garbage Collection (Allocation Rate) 11404M(70%)->3606M(22%)
[64,437s][info][gc] GC(17) Garbage Collection (Allocation Rate) 11478M(70%)->3614M(22%)
[68,695s][info][gc] GC(18) Garbage Collection (Allocation Rate) 11710M(71%)->3564M(22%)
[73,009s][info][gc] GC(19) Garbage Collection (Allocation Rate) 11746M(72%)->3576M(22%)
[77,281s][info][gc] GC(20) Garbage Collection (Allocation Rate) 11780M(72%)->3562M(22%)
[81,602s][info][gc] GC(21) Garbage Collection (Allocation Rate) 11834M(72%)->3564M(22%)
[85,883s][info][gc] GC(22) Garbage Collection (Allocation Rate) 11710M(71%)->3552M(22%)
[90,185s][info][gc] GC(23) Garbage Collection (Allocation Rate) 11796M(72%)->3556M(22%)
[94,473s][info][gc] GC(24) Garbage Collection (Allocation Rate) 11848M(72%)->3554M(22%)
[98,775s][info][gc] GC(25) Garbage Collection (Allocation Rate) 11880M(73%)->3536M(22%)
[103,149s][info][gc] GC(26) Garbage Collection (Allocation Rate) 12054M(74%)->3494M(21%)
[107,477s][info][gc] GC(27) Garbage Collection (Allocation Rate) 11884M(73%)->3566M(22%)
[112,021s][info][gc] GC(28) Garbage Collection (Allocation Rate) 12040M(73%)->3574M(22%)
[116,271s][info][gc] GC(29) Garbage Collection (Allocation Rate) 11724M(72%)->3548M(22%)
[120,567s][info][gc] GC(30) Garbage Collection (Allocation Rate) 11828M(72%)->3528M(22%)
[124,879s][info][gc] GC(31) Garbage Collection (Allocation Rate) 11846M(72%)->3558M(22%)
[129,159s][info][gc] GC(32) Garbage Collection (Allocation Rate) 11848M(72%)->3516M(21%)
[133,454s][info][gc] GC(33) Garbage Collection (Allocation Rate) 11716M(72%)->3524M(22%)
[137,745s][info][gc] GC(34) Garbage Collection (Allocation Rate) 11862M(72%)->3504M(21%)
[142,058s][info][gc] GC(35) Garbage Collection (Allocation Rate) 11922M(73%)->3508M(21%)
[146,440s][info][gc] GC(36) Garbage Collection (Allocation Rate) 12078M(74%)->3502M(21%)
[150,855s][info][gc] GC(37) Garbage Collection (Allocation Rate) 12042M(73%)->3528M(22%)
[155,146s][info][gc] GC(38) Garbage Collection (Allocation Rate) 11896M(73%)->3498M(21%)
[159,484s][info][gc] GC(39) Garbage Collection (Allocation Rate) 11762M(72%)->3542M(22%)
[163,691s][info][gc] GC(40) Garbage Collection (Allocation Rate) 11300M(69%)->3572M(22%)
[167,973s][info][gc] GC(41) Garbage Collection (Allocation Rate) 11846M(72%)->3546M(22%)
[172,167s][info][gc] GC(42) Garbage Collection (Allocation Rate) 11422M(70%)->3552M(22%)
[176,488s][info][gc] GC(43) Garbage Collection (Allocation Rate) 11874M(72%)->3576M(22%)
[180,746s][info][gc] GC(44) Garbage Collection (Allocation Rate) 11826M(72%)->3508M(21%)
[185,041s][info][gc] GC(45) Garbage Collection (Allocation Rate) 11906M(73%)->3494M(21%)
[189,359s][info][gc] GC(46) Garbage Collection (Allocation Rate) 11908M(73%)->3516M(21%)
[193,660s][info][gc] GC(47) Garbage Collection (Allocation Rate) 11884M(73%)->3514M(21%)
[197,943s][info][gc] GC(48) Garbage Collection (Allocation Rate) 11848M(72%)->3498M(21%)
[202,256s][info][gc] GC(49) Garbage Collection (Allocation Rate) 11906M(73%)->3522M(21%)
[206,549s][info][gc] GC(50) Garbage Collection (Allocation Rate) 11864M(72%)->3520M(21%)
[210,849s][info][gc] GC(51) Garbage Collection (Allocation Rate) 11832M(72%)->3512M(21%)
[215,140s][info][gc] GC(52) Garbage Collection (Allocation Rate) 11914M(73%)->3496M(21%)
[219,448s][info][gc] GC(53) Garbage Collection (Allocation Rate) 11918M(73%)->3502M(21%)
[223,759s][info][gc] GC(54) Garbage Collection (Allocation Rate) 11910M(73%)->3534M(22%)
[228,041s][info][gc] GC(55) Garbage Collection (Allocation Rate) 11906M(73%)->3498M(21%)
[232,346s][info][gc] GC(56) Garbage Collection (Allocation Rate) 11860M(72%)->3508M(21%)
[236,643s][info][gc] GC(57) Garbage Collection (Allocation Rate) 11888M(73%)->3508M(21%)
[240,940s][info][gc] GC(58) Garbage Collection (Allocation Rate) 11886M(73%)->3510M(21%)
[245,244s][info][gc] GC(59) Garbage Collection (Allocation Rate) 11928M(73%)->3500M(21%)
[249,555s][info][gc] GC(60) Garbage Collection (Allocation Rate) 11904M(73%)->3518M(21%)
[253,847s][info][gc] GC(61) Garbage Collection (Allocation Rate) 11902M(73%)->3508M(21%)
[258,133s][info][gc] GC(62) Garbage Collection (Allocation Rate) 11890M(73%)->3486M(21%)
[262,458s][info][gc] GC(63) Garbage Collection (Allocation Rate) 11936M(73%)->3522M(21%)
[266,777s][info][gc] GC(64) Garbage Collection (Allocation Rate) 11838M(72%)->3542M(22%)
[271,036s][info][gc] GC(65) Garbage Collection (Allocation Rate) 11830M(72%)->3490M(21%)
[275,347s][info][gc] GC(66) Garbage Collection (Allocation Rate) 11926M(73%)->3514M(21%)
[279,659s][info][gc] GC(67) Garbage Collection (Allocation Rate) 11902M(73%)->3516M(21%)
[283,955s][info][gc] GC(68) Garbage Collection (Allocation Rate) 11888M(73%)->3520M(21%)
[288,248s][info][gc] GC(69) Garbage Collection (Allocation Rate) 11884M(73%)->3518M(21%)
[292,543s][info][gc] GC(70) Garbage Collection (Allocation Rate) 11906M(73%)->3510M(21%)
[296,852s][info][gc] GC(71) Garbage Collection (Allocation Rate) 11920M(73%)->3520M(21%)
[301,139s][info][gc] GC(72) Garbage Collection (Allocation Rate) 11902M(73%)->3492M(21%)
[305,462s][info][gc] GC(73) Garbage Collection (Allocation Rate) 11894M(73%)->3524M(22%)
[309,773s][info][gc] GC(74) Garbage Collection (Allocation Rate) 11870M(72%)->3550M(22%)
[314,043s][info][gc] GC(75) Garbage Collection (Allocation Rate) 11854M(72%)->3492M(21%)
[318,359s][info][gc] GC(76) Garbage Collection (Allocation Rate) 11892M(73%)->3530M(22%)
[322,649s][info][gc] GC(77) Garbage Collection (Allocation Rate) 11904M(73%)->3520M(21%)
[326,946s][info][gc] GC(78) Garbage Collection (Allocation Rate) 11856M(72%)->3508M(21%)
[331,364s][info][gc] GC(79) Garbage Collection (Allocation Rate) 12038M(73%)->3544M(22%)
[335,686s][info][gc] GC(80) Garbage Collection (Allocation Rate) 11896M(73%)->3580M(22%)
