[0.007s][info][gc] Using The Z Garbage Collector
[0,276s][info][gc] GC(0) Garbage Collection (Warmup) 108M(11%)->58M(6%)
[0,530s][info][gc] GC(1) Garbage Collection (Warmup) 328M(32%)->144M(14%)
[0,769s][info][gc] GC(2) Garbage Collection (Warmup) 416M(41%)->212M(21%)
[0,968s][info][gc] GC(3) Garbage Collection (Allocation Rate) 384M(38%)->288M(28%)
[1,172s][info][gc] GC(4) Garbage Collection (Allocation Rate) 460M(45%)->304M(30%)
[1,402s][info][gc] GC(5) Garbage Collection (Allocation Rate) 476M(46%)->370M(36%)
[1,589s][info][gc] GC(6) Garbage Collection (Allocation Rate) 470M(46%)->422M(41%)
[1,798s][info][gc] GC(7) Garbage Collection (Allocation Rate) 534M(52%)->448M(44%)
[2,022s][info][gc] GC(8) Garbage Collection (Allocation Rate) 548M(54%)->516M(50%)
[2,232s][info][gc] GC(9) Garbage Collection (Allocation Rate) 562M(55%)->568M(55%)
[2,441s][info][gc] GC(10) Garbage Collection (Allocation Rate) 590M(58%)->606M(59%)
[2,651s][info][gc] GC(11) Garbage Collection (Allocation Rate) 608M(59%)->652M(64%)
[2,954s][info][gc] Allocation Stall (main) 98,796ms
[2,983s][info][gc] GC(12) Garbage Collection (Allocation Rate) 868M(85%)->538M(53%)
[3,287s][info][gc] Relocation Stall (main) 20,620ms
[3,288s][info][gc] Allocation Stall (main) 70,967ms
[3,296s][info][gc] GC(13) Garbage Collection (Allocation Stall) 680M(66%)->708M(69%)
[3,567s][info][gc] Allocation Stall (main) 118,032ms
[3,599s][info][gc] GC(14) Garbage Collection (Allocation Stall) 810M(79%)->644M(63%)
[3,895s][info][gc] Allocation Stall (main) 113,083ms
[3,925s][info][gc] GC(15) Garbage Collection (Allocation Stall) 746M(73%)->720M(70%)
[4,193s][info][gc] Allocation Stall (main) 113,959ms
[4,215s][info][gc] GC(16) Garbage Collection (Allocation Stall) 758M(74%)->714M(70%)
[4,494s][info][gc] Allocation Stall (main) 126,168ms
[4,518s][info][gc] GC(17) Garbage Collection (Allocation Stall) 772M(75%)->716M(70%)
[4,802s][info][gc] Allocation Stall (main) 130,705ms
[4,829s][info][gc] GC(18) Garbage Collection (Allocation Stall) 766M(75%)->742M(72%)
[5,111s][info][gc] Allocation Stall (main) 138,428ms
[5,133s][info][gc] GC(19) Garbage Collection (Allocation Stall) 760M(74%)->754M(74%)
[5,414s][info][gc] Allocation Stall (main) 144,291ms
[5,432s][info][gc] GC(20) Garbage Collection (Allocation Stall) 770M(75%)->752M(73%)
[5,718s][info][gc] Allocation Stall (main) 147,679ms
[5,739s][info][gc] GC(21) Garbage Collection (Allocation Stall) 774M(76%)->768M(75%)
[6,132s][info][gc] Allocation Stall (main) 291,699ms
[6,165s][info][gc] GC(22) Garbage Collection (Allocation Stall) 1024M(100%)->552M(54%)
[6,560s][info][gc] Relocation Stall (main) 8,866ms
[6,560s][info][gc] Allocation Stall (main) 180,610ms
[6,569s][info][gc] GC(23) Garbage Collection (Allocation Rate) 740M(72%)->814M(79%)
[6,942s][info][gc] Allocation Stall (main) 287,426ms
[6,975s][info][gc] GC(24) Garbage Collection (Allocation Stall) 996M(97%)->624M(61%)
[7,388s][info][gc] Relocation Stall (main) 19,643ms
[7,388s][info][gc] Allocation Stall (main) 234,413ms
[7,389s][info][gc] GC(25) Garbage Collection (Allocation Stall) 794M(78%)->770M(75%)
[7,758s][info][gc] Allocation Stall (main) 251,152ms
[7,783s][info][gc] GC(26) Garbage Collection (Allocation Stall) 890M(87%)->734M(72%)
[8,176s][info][gc] Relocation Stall (main) 10,534ms
[8,176s][info][gc] Allocation Stall (main) 265,211ms
[8,191s][info][gc] GC(27) Garbage Collection (Allocation Stall) 878M(86%)->736M(72%)
[8,573s][info][gc] Allocation Stall (main) 251,057ms
[8,599s][info][gc] GC(28) Garbage Collection (Allocation Stall) 858M(84%)->786M(77%)
[8,980s][info][gc] Allocation Stall (main) 271,014ms
[9,009s][info][gc] GC(29) Garbage Collection (Allocation Stall) 886M(87%)->768M(75%)
[9,387s][info][gc] Allocation Stall (main) 253,899ms
[9,406s][info][gc] GC(30) Garbage Collection (Allocation Stall) 836M(82%)->810M(79%)
[9,781s][info][gc] Allocation Stall (main) 272,725ms
[9,809s][info][gc] GC(31) Garbage Collection (Allocation Stall) 890M(87%)->778M(76%)
[10,195s][info][gc] Allocation Stall (main) 269,751ms
[10,214s][info][gc] GC(32) Garbage Collection (Allocation Stall) 854M(83%)->806M(79%)
[10,589s][info][gc] Allocation Stall (main) 270,085ms
[10,608s][info][gc] GC(33) Garbage Collection (Allocation Stall) 868M(85%)->804M(79%)
[10,987s][info][gc] Allocation Stall (main) 275,094ms
[11,014s][info][gc] GC(34) Garbage Collection (Allocation Stall) 880M(86%)->806M(79%)
[11,401s][info][gc] Allocation Stall (main) 283,006ms
[11,417s][info][gc] GC(35) Garbage Collection (Allocation Stall) 864M(84%)->814M(79%)
[11,799s][info][gc] Allocation Stall (main) 280,581ms
[11,824s][info][gc] GC(36) Garbage Collection (Allocation Stall) 870M(85%)->830M(81%)
[12,211s][info][gc] Allocation Stall (main) 293,670ms
[12,226s][info][gc] GC(37) Garbage Collection (Allocation Stall) 874M(85%)->818M(80%)
[12,609s][info][gc] Relocation Stall (main) 14,858ms
[12,609s][info][gc] Allocation Stall (main) 261,177ms
[12,610s][info][gc] GC(38) Garbage Collection (Allocation Stall) 854M(83%)->818M(80%)
[12,999s][info][gc] Allocation Stall (main) 291,582ms
[13,022s][info][gc] GC(39) Garbage Collection (Allocation Stall) 890M(87%)->830M(81%)
[13,412s][info][gc] Allocation Stall (main) 294,620ms
[13,431s][info][gc] GC(40) Garbage Collection (Allocation Stall) 874M(85%)->842M(82%)
[13,810s][info][gc] Allocation Stall (main) 289,023ms
[13,831s][info][gc] GC(41) Garbage Collection (Allocation Stall) 868M(85%)->856M(84%)
[14,214s][info][gc] Allocation Stall (main) 298,988ms
[14,240s][info][gc] GC(42) Garbage Collection (Allocation Stall) 880M(86%)->850M(83%)
[14,707s][info][gc] Relocation Stall (main) 12,929ms
[14,707s][info][gc] Allocation Stall (main) 398,092ms
[14,713s][info][gc] GC(43) Garbage Collection (Allocation Stall) 1024M(100%)->690M(67%)
[15,109s][info][gc] Allocation Stall (main) 231,217ms
[15,130s][info][gc] GC(44) Garbage Collection (Allocation Rate) 754M(74%)->978M(96%)
[15,537s][info][gc] Relocation Stall (main) 12,107ms
[15,537s][info][gc] Allocation Stall (main) 385,143ms
[15,543s][info][gc] GC(45) Garbage Collection (Allocation Stall) 998M(97%)->720M(70%)
[15,920s][info][gc] Allocation Stall (main) 221,958ms
[15,937s][info][gc] GC(46) Garbage Collection (Allocation Stall) 720M(70%)->1010M(99%)
[16,330s][info][gc] Allocation Stall (main) 385,861ms
[16,359s][info][gc] GC(47) Garbage Collection (Allocation Stall) 1022M(100%)->740M(72%)
[16,839s][info][gc] Allocation Stall (main) 366,256ms
[16,857s][info][gc] GC(48) Garbage Collection (Allocation Stall) 944M(92%)->806M(79%)
[17,332s][info][gc] Allocation Stall (main) 386,776ms
[17,356s][info][gc] GC(49) Garbage Collection (Allocation Stall) 1010M(99%)->766M(75%)
[17,837s][info][gc] Allocation Stall (main) 378,710ms
[17,865s][info][gc] GC(50) Garbage Collection (Allocation Stall) 976M(95%)->806M(79%)
[18,354s][info][gc] Allocation Stall (main) 400,682ms
[18,381s][info][gc] GC(51) Garbage Collection (Allocation Stall) 1000M(98%)->784M(77%)
[18,849s][info][gc] Allocation Stall (main) 365,951ms
[18,877s][info][gc] GC(52) Garbage Collection (Allocation Stall) 932M(91%)->854M(83%)
[19,355s][info][gc] Allocation Stall (main) 408,290ms
[19,386s][info][gc] GC(53) Garbage Collection (Allocation Stall) 1012M(99%)->784M(77%)
[19,864s][info][gc] Allocation Stall (main) 373,925ms
[19,874s][info][gc] GC(54) Garbage Collection (Allocation Stall) 922M(90%)->846M(83%)
[20,342s][info][gc] Allocation Stall (main) 394,324ms
[20,366s][info][gc] GC(55) Garbage Collection (Allocation Stall) 1014M(99%)->786M(77%)
[20,867s][info][gc] Relocation Stall (main) 17,558ms
[20,867s][info][gc] Allocation Stall (main) 388,566ms
[20,870s][info][gc] GC(56) Garbage Collection (Allocation Stall) 980M(96%)->786M(77%)
[21,353s][info][gc] Allocation Stall (main) 386,999ms
[21,382s][info][gc] GC(57) Garbage Collection (Allocation Stall) 970M(95%)->846M(83%)
[21,867s][info][gc] Allocation Stall (main) 414,261ms
[21,896s][info][gc] GC(58) Garbage Collection (Allocation Stall) 1000M(98%)->816M(80%)
[22,365s][info][gc] Allocation Stall (main) 377,878ms
[22,379s][info][gc] GC(59) Garbage Collection (Allocation Stall) 928M(91%)->866M(85%)
[22,858s][info][gc] Allocation Stall (main) 414,357ms
[22,884s][info][gc] GC(60) Garbage Collection (Allocation Stall) 1024M(100%)->798M(78%)
[23,365s][info][gc] Allocation Stall (main) 389,054ms
[23,389s][info][gc] GC(61) Garbage Collection (Allocation Stall) 948M(93%)->870M(85%)
[23,878s][info][gc] Relocation Stall (main) 13,959ms
[23,878s][info][gc] Allocation Stall (main) 425,879ms
[23,881s][info][gc] GC(62) Garbage Collection (Allocation Stall) 1002M(98%)->786M(77%)
[24,354s][info][gc] Allocation Stall (main) 372,207ms
[24,380s][info][gc] GC(63) Garbage Collection (Allocation Stall) 936M(91%)->892M(87%)
[24,863s][info][gc] Allocation Stall (main) 428,477ms
[24,889s][info][gc] GC(64) Garbage Collection (Allocation Stall) 1024M(100%)->808M(79%)
[25,367s][info][gc] Allocation Stall (main) 383,358ms
[25,386s][info][gc] GC(65) Garbage Collection (Allocation Rate) 932M(91%)->886M(87%)
[25,858s][info][gc] Allocation Stall (main) 415,263ms
[25,885s][info][gc] GC(66) Garbage Collection (Allocation Stall) 1016M(99%)->818M(80%)
[26,372s][info][gc] Relocation Stall (main) 5,279ms
[26,372s][info][gc] Allocation Stall (main) 400,303ms
[26,384s][info][gc] GC(67) Garbage Collection (Allocation Stall) 950M(93%)->860M(84%)
[26,860s][info][gc] Allocation Stall (main) 408,671ms
[26,888s][info][gc] GC(68) Garbage Collection (Allocation Stall) 994M(97%)->846M(83%)
[27,376s][info][gc] Allocation Stall (main) 414,452ms
[27,393s][info][gc] GC(69) Garbage Collection (Allocation Stall) 974M(95%)->850M(83%)
[27,860s][info][gc] Allocation Stall (main) 393,769ms
[27,886s][info][gc] GC(70) Garbage Collection (Allocation Stall) 970M(95%)->870M(85%)
[28,373s][info][gc] Allocation Stall (main) 422,631ms
[28,392s][info][gc] GC(71) Garbage Collection (Allocation Stall) 998M(97%)->836M(82%)
[28,865s][info][gc] Allocation Stall (main) 391,729ms
[28,888s][info][gc] GC(72) Garbage Collection (Allocation Stall) 956M(93%)->884M(86%)
[29,375s][info][gc] Allocation Stall (main) 429,336ms
[29,395s][info][gc] GC(73) Garbage Collection (Allocation Stall) 1014M(99%)->826M(81%)
[29,871s][info][gc] Allocation Stall (main) 390,664ms
[29,889s][info][gc] GC(74) Garbage Collection (Allocation Stall) 940M(92%)->896M(88%)
[30,381s][info][gc] Relocation Stall (main) 13,078ms
[30,381s][info][gc] Allocation Stall (main) 425,404ms
[30,381s][info][gc] GC(75) Garbage Collection (Allocation Stall) 1024M(100%)->794M(78%)
[30,862s][info][gc] Relocation Stall (main) 6,036ms
[30,862s][info][gc] Allocation Stall (main) 374,860ms
[30,877s][info][gc] GC(76) Garbage Collection (Allocation Stall) 928M(91%)->910M(89%)
[31,362s][info][gc] Allocation Stall (main) 436,270ms
[31,385s][info][gc] GC(77) Garbage Collection (Allocation Stall) 1024M(100%)->836M(82%)
[31,885s][info][gc] Relocation Stall (main) 1,799ms
[31,885s][info][gc] Allocation Stall (main) 422,632ms
[31,912s][info][gc] GC(78) Garbage Collection (Allocation Rate) 978M(96%)->882M(86%)
[32,391s][info][gc] Allocation Stall (main) 413,560ms
[32,406s][info][gc] GC(79) Garbage Collection (Allocation Stall) 952M(93%)->886M(87%)
[32,867s][info][gc] Allocation Stall (main) 399,323ms
[32,876s][info][gc] GC(80) Garbage Collection (Allocation Stall) 970M(95%)->864M(84%)
[33,367s][info][gc] Allocation Stall (main) 426,181ms
[33,402s][info][gc] GC(81) Garbage Collection (Allocation Stall) 1024M(100%)->856M(84%)
[33,900s][info][gc] Allocation Stall (main) 425,632ms
[33,909s][info][gc] GC(82) Garbage Collection (Allocation Rate) 954M(93%)->886M(87%)
[34,378s][info][gc] Relocation Stall (main) 15,414ms
[34,379s][info][gc] Allocation Stall (main) 405,167ms
[34,385s][info][gc] GC(83) Garbage Collection (Allocation Stall) 952M(93%)->876M(86%)
[34,891s][info][gc] Allocation Stall (main) 445,950ms
[34,912s][info][gc] GC(84) Garbage Collection (Allocation Stall) 1020M(100%)->838M(82%)
[35,378s][info][gc] Allocation Stall (main) 380,809ms
[35,396s][info][gc] GC(85) Garbage Collection (Allocation Stall) 908M(89%)->940M(92%)
[35,876s][info][gc] Allocation Stall (main) 441,816ms
[35,891s][info][gc] GC(86) Garbage Collection (Allocation Stall) 1024M(100%)->832M(81%)
[36,369s][info][gc] Allocation Stall (main) 397,375ms
[36,395s][info][gc] GC(87) Garbage Collection (Allocation Rate) 956M(93%)->912M(89%)
[36,889s][info][gc] Allocation Stall (main) 447,038ms
[36,907s][info][gc] GC(88) Garbage Collection (Allocation Stall) 1018M(99%)->844M(82%)
[37,379s][info][gc] Relocation Stall (main) 0,421ms
[37,379s][info][gc] Allocation Stall (main) 389,466ms
[37,400s][info][gc] GC(89) Garbage Collection (Allocation Stall) 920M(90%)->940M(92%)
[37,887s][info][gc] Allocation Stall (main) 448,146ms
[37,903s][info][gc] GC(90) Garbage Collection (Allocation Stall) 1024M(100%)->834M(81%)
[38,373s][info][gc] Allocation Stall (main) 382,451ms
[38,387s][info][gc] GC(91) Garbage Collection (Allocation Rate) 914M(89%)->940M(92%)
[38,863s][info][gc] Allocation Stall (main) 436,680ms
[38,888s][info][gc] GC(92) Garbage Collection (Allocation Stall) 1024M(100%)->850M(83%)
[39,395s][info][gc] Allocation Stall (main) 436,237ms
[39,412s][info][gc] GC(93) Garbage Collection (Allocation Rate) 980M(96%)->884M(86%)
[39,888s][info][gc] Allocation Stall (main) 412,935ms
[39,909s][info][gc] GC(94) Garbage Collection (Allocation Stall) 954M(93%)->912M(89%)
[40,388s][info][gc] Allocation Stall (main) 430,116ms
[40,405s][info][gc] GC(95) Garbage Collection (Allocation Stall) 990M(97%)->874M(85%)
[40,899s][info][gc] Allocation Stall (main) 426,417ms
[40,910s][info][gc] GC(96) Garbage Collection (Allocation Stall) 960M(94%)->900M(88%)
[41,375s][info][gc] Allocation Stall (main) 410,014ms
[41,393s][info][gc] GC(97) Garbage Collection (Allocation Stall) 974M(95%)->898M(88%)
[41,881s][info][gc] Allocation Stall (main) 434,792ms
[41,898s][info][gc] GC(98) Garbage Collection (Allocation Stall) 1006M(98%)->870M(85%)
[42,390s][info][gc] Allocation Stall (main) 424,579ms
[42,419s][info][gc] GC(99) Garbage Collection (Allocation Stall) 964M(94%)->924M(90%)
[42,920s][info][gc] Relocation Stall (main) 9,494ms
[42,920s][info][gc] Allocation Stall (main) 445,042ms
[42,927s][info][gc] GC(100) Garbage Collection (Allocation Stall) 968M(95%)->878M(86%)
[43,381s][info][gc] Allocation Stall (main) 380,455ms
[43,386s][info][gc] GC(101) Garbage Collection (Allocation Stall) 904M(88%)->948M(93%)
[43,849s][info][gc] Allocation Stall (main) 428,064ms
[43,875s][info][gc] GC(102) Garbage Collection (Allocation Stall) 1024M(100%)->864M(84%)
[44,395s][info][gc] Allocation Stall (main) 455,871ms
[44,413s][info][gc] GC(103) Garbage Collection (Allocation Stall) 1024M(100%)->856M(84%)
[44,882s][info][gc] Allocation Stall (main) 388,937ms
[44,902s][info][gc] GC(104) Garbage Collection (Allocation Rate) 912M(89%)->962M(94%)
[45,384s][info][gc] Allocation Stall (main) 453,432ms
[45,400s][info][gc] GC(105) Garbage Collection (Allocation Stall) 1024M(100%)->852M(83%)
[45,886s][info][gc] Allocation Stall (main) 409,698ms
[45,900s][info][gc] GC(106) Garbage Collection (Allocation Rate) 948M(93%)->922M(90%)
[46,388s][info][gc] Relocation Stall (main) 5,290ms
[46,388s][info][gc] Allocation Stall (main) 442,606ms
[46,396s][info][gc] GC(107) Garbage Collection (Allocation Stall) 1010M(99%)->858M(84%)
[46,891s][info][gc] Relocation Stall (main) 7,496ms
[46,891s][info][gc] Allocation Stall (main) 421,128ms
[46,903s][info][gc] GC(108) Garbage Collection (Allocation Stall) 956M(93%)->916M(89%)
[47,400s][info][gc] Allocation Stall (main) 449,818ms
[47,421s][info][gc] GC(109) Garbage Collection (Allocation Stall) 1008M(98%)->878M(86%)
[47,893s][info][gc] Allocation Stall (main) 404,064ms
[47,901s][info][gc] GC(110) Garbage Collection (Allocation Stall) 928M(91%)->938M(92%)
[48,382s][info][gc] Relocation Stall (main) 5,223ms
[48,382s][info][gc] Allocation Stall (main) 441,751ms
[48,403s][info][gc] GC(111) Garbage Collection (Allocation Stall) 1024M(100%)->866M(85%)
[48,902s][info][gc] Allocation Stall (main) 430,505ms
[48,918s][info][gc] GC(112) Garbage Collection (Allocation Rate) 958M(94%)->920M(90%)
[49,390s][info][gc] Relocation Stall (main) 5,722ms
[49,390s][info][gc] Allocation Stall (main) 425,515ms
[49,396s][info][gc] GC(113) Garbage Collection (Allocation Stall) 978M(96%)->890M(87%)
[49,884s][info][gc] Allocation Stall (main) 430,787ms
[49,906s][info][gc] GC(114) Garbage Collection (Allocation Stall) 1000M(98%)->896M(88%)
[50,399s][info][gc] Allocation Stall (main) 437,730ms
[50,424s][info][gc] GC(115) Garbage Collection (Allocation Stall) 978M(96%)->918M(90%)
[50,910s][info][gc] Allocation Stall (main) 435,214ms
[50,923s][info][gc] GC(116) Garbage Collection (Allocation Stall) 950M(93%)->922M(90%)
[51,385s][info][gc] Allocation Stall (main) 413,043ms
[51,400s][info][gc] GC(117) Garbage Collection (Allocation Stall) 964M(94%)->916M(89%)
[51,892s][info][gc] Allocation Stall (main) 443,940ms
[51,907s][info][gc] GC(118) Garbage Collection (Allocation Stall) 1006M(98%)->876M(86%)
[52,390s][info][gc] Allocation Stall (main) 416,767ms
[52,401s][info][gc] GC(119) Garbage Collection (Allocation Stall) 954M(93%)->924M(90%)
[52,892s][info][gc] Allocation Stall (main) 445,428ms
[52,920s][info][gc] GC(120) Garbage Collection (Allocation Stall) 1018M(99%)->890M(87%)
[53,414s][info][gc] Allocation Stall (main) 431,973ms
[53,426s][info][gc] GC(121) Garbage Collection (Allocation Stall) 940M(92%)->936M(91%)
[53,892s][info][gc] Allocation Stall (main) 423,555ms
[53,914s][info][gc] GC(122) Garbage Collection (Allocation Stall) 970M(95%)->918M(90%)
[54,397s][info][gc] Allocation Stall (main) 435,084ms
[54,406s][info][gc] GC(123) Garbage Collection (Allocation Stall) 976M(95%)->902M(88%)
[54,878s][info][gc] Allocation Stall (main) 417,621ms
[54,885s][info][gc] GC(124) Garbage Collection (Allocation Stall) 984M(96%)->898M(88%)
[55,377s][info][gc] Allocation Stall (main) 438,668ms
[55,402s][info][gc] GC(125) Garbage Collection (Allocation Stall) 1024M(100%)->890M(87%)
[55,911s][info][gc] Allocation Stall (main) 450,820ms
[55,944s][info][gc] GC(126) Garbage Collection (Allocation Stall) 984M(96%)->930M(91%)
[56,481s][info][gc] Relocation Stall (main) 6,811ms
[56,481s][info][gc] Allocation Stall (main) 496,162ms
[56,483s][info][gc] GC(127) Garbage Collection (Allocation Stall) 1024M(100%)->842M(82%)
[56,983s][info][gc] Relocation Stall (main) 17,155ms
[56,983s][info][gc] Allocation Stall (main) 408,234ms
[56,993s][info][gc] GC(128) Garbage Collection (Allocation Rate) 984M(96%)->884M(86%)
[57,517s][info][gc] Allocation Stall (main) 469,960ms
[57,526s][info][gc] GC(129) Garbage Collection (Allocation Stall) 1014M(99%)->862M(84%)
[57,980s][info][gc] Allocation Stall (main) 378,379ms
[57,990s][info][gc] GC(130) Garbage Collection (Allocation Stall) 898M(88%)->980M(96%)
[58,464s][info][gc] Allocation Stall (main) 453,733ms
[58,483s][info][gc] GC(131) Garbage Collection (Allocation Stall) 1024M(100%)->876M(86%)
[59,002s][info][gc] Allocation Stall (main) 456,894ms
[59,018s][info][gc] GC(132) Garbage Collection (Allocation Rate) 1020M(100%)->882M(86%)
[59,512s][info][gc] Allocation Stall (main) 427,547ms
[59,532s][info][gc] GC(133) Garbage Collection (Allocation Stall) 936M(91%)->960M(94%)
[60,001s][info][gc] Allocation Stall (main) 437,465ms
[60,006s][info][gc] GC(134) Garbage Collection (Allocation Stall) 976M(95%)->904M(88%)
[60,488s][info][gc] Allocation Stall (main) 426,567ms
[60,512s][info][gc] GC(135) Garbage Collection (Allocation Stall) 982M(96%)->930M(91%)
[61,013s][info][gc] Relocation Stall (main) 5,383ms
[61,013s][info][gc] Allocation Stall (main) 458,775ms
[61,014s][info][gc] GC(136) Garbage Collection (Allocation Stall) 990M(97%)->884M(86%)
[61,484s][info][gc] Allocation Stall (main) 403,736ms
[61,507s][info][gc] GC(137) Garbage Collection (Allocation Stall) 944M(92%)->962M(94%)
[62,011s][info][gc] Relocation Stall (main) 6,356ms
[62,011s][info][gc] Allocation Stall (main) 476,375ms
[62,015s][info][gc] GC(138) Garbage Collection (Allocation Stall) 1024M(100%)->858M(84%)
[62,484s][info][gc] Allocation Stall (main) 390,431ms
[62,497s][info][gc] GC(139) Garbage Collection (Allocation Rate) 918M(90%)->974M(95%)
[62,970s][info][gc] Allocation Stall (main) 449,731ms
[62,989s][info][gc] GC(140) Garbage Collection (Allocation Stall) 1024M(100%)->882M(86%)
[63,501s][info][gc] Allocation Stall (main) 452,418ms
[63,518s][info][gc] GC(141) Garbage Collection (Allocation Rate) 1010M(99%)->894M(87%)
[63,996s][info][gc] Allocation Stall (main) 417,417ms
[64,007s][info][gc] GC(142) Garbage Collection (Allocation Stall) 946M(92%)->946M(92%)
[64,492s][info][gc] Allocation Stall (main) 449,636ms
[64,517s][info][gc] GC(143) Garbage Collection (Allocation Stall) 1024M(100%)->892M(87%)
[65,012s][info][gc] Allocation Stall (main) 434,216ms
[65,034s][info][gc] GC(144) Garbage Collection (Allocation Rate) 950M(93%)->952M(93%)
[65,513s][info][gc] Allocation Stall (main) 443,416ms
[65,522s][info][gc] GC(145) Garbage Collection (Allocation Stall) 970M(95%)->912M(89%)
[65,987s][info][gc] Allocation Stall (main) 411,914ms
[65,999s][info][gc] GC(146) Garbage Collection (Allocation Stall) 956M(93%)->932M(91%)
[66,493s][info][gc] Allocation Stall (main) 452,320ms
[66,509s][info][gc] GC(147) Garbage Collection (Allocation Stall) 1024M(100%)->878M(86%)
[66,993s][info][gc] Allocation Stall (main) 418,368ms
[67,009s][info][gc] GC(148) Garbage Collection (Allocation Rate) 954M(93%)->946M(92%)
[67,507s][info][gc] Relocation Stall (main) 3,297ms
[67,507s][info][gc] Allocation Stall (main) 462,295ms
[67,527s][info][gc] GC(149) Garbage Collection (Allocation Stall) 1022M(100%)->880M(86%)
[68,007s][info][gc] Allocation Stall (main) 408,367ms
[68,013s][info][gc] GC(150) Garbage Collection (Allocation Stall) 910M(89%)->970M(95%)
[68,491s][info][gc] Relocation Stall (main) 5,953ms
[68,491s][info][gc] Allocation Stall (main) 451,935ms
[68,504s][info][gc] GC(151) Garbage Collection (Allocation Stall) 1024M(100%)->870M(85%)
[69,000s][info][gc] Allocation Stall (main) 428,308ms
[69,010s][info][gc] GC(152) Garbage Collection (Allocation Rate) 962M(94%)->932M(91%)
[69,495s][info][gc] Allocation Stall (main) 442,930ms
[69,519s][info][gc] GC(153) Garbage Collection (Allocation Stall) 1004M(98%)->908M(89%)
[70,016s][info][gc] Relocation Stall (main) 3,768ms
[70,016s][info][gc] Allocation Stall (main) 444,468ms
[70,026s][info][gc] GC(154) Garbage Collection (Allocation Stall) 964M(94%)->924M(90%)
[70,499s][info][gc] Allocation Stall (main) 425,524ms
[70,511s][info][gc] GC(155) Garbage Collection (Allocation Stall) 962M(94%)->932M(91%)
[70,992s][info][gc] Allocation Stall (main) 438,273ms
[71,006s][info][gc] GC(156) Garbage Collection (Allocation Stall) 996M(97%)->906M(88%)
[71,495s][info][gc] Allocation Stall (main) 436,427ms
[71,509s][info][gc] GC(157) Garbage Collection (Allocation Stall) 990M(97%)->914M(89%)
[72,013s][info][gc] Relocation Stall (main) 14,455ms
[72,013s][info][gc] Allocation Stall (main) 441,097ms
[72,015s][info][gc] GC(158) Garbage Collection (Allocation Stall) 992M(97%)->888M(87%)
[72,496s][info][gc] Allocation Stall (main) 417,165ms
[72,515s][info][gc] GC(159) Garbage Collection (Allocation Stall) 942M(92%)->962M(94%)
[73,003s][info][gc] Allocation Stall (main) 459,495ms
[73,012s][info][gc] GC(160) Garbage Collection (Allocation Stall) 1014M(99%)->880M(86%)
[73,497s][info][gc] Relocation Stall (main) 11,182ms
[73,497s][info][gc] GC(161) Garbage Collection (Allocation Stall) 948M(93%)->928M(91%)
[73,497s][info][gc] Allocation Stall (main) 419,102ms
[74,002s][info][gc] Relocation Stall (main) 5,878ms
[74,002s][info][gc] Allocation Stall (main) 461,305ms
[74,011s][info][gc] GC(162) Garbage Collection (Allocation Stall) 1024M(100%)->874M(85%)
[74,497s][info][gc] Allocation Stall (main) 418,525ms
[74,510s][info][gc] GC(163) Garbage Collection (Allocation Rate) 946M(92%)->960M(94%)
[75,002s][info][gc] Relocation Stall (main) 5,628ms
[75,002s][info][gc] Allocation Stall (main) 462,757ms
[75,017s][info][gc] GC(164) Garbage Collection (Allocation Stall) 1024M(100%)->884M(86%)
[75,512s][info][gc] Allocation Stall (main) 430,587ms
[75,520s][info][gc] GC(165) Garbage Collection (Allocation Rate) 938M(92%)->958M(94%)
[75,996s][info][gc] Allocation Stall (main) 445,566ms
[76,007s][info][gc] GC(166) Garbage Collection (Allocation Stall) 1010M(99%)->898M(88%)
[76,501s][info][gc] Allocation Stall (main) 437,027ms
[76,519s][info][gc] GC(167) Garbage Collection (Allocation Stall) 978M(96%)->942M(92%)
[77,008s][info][gc] Allocation Stall (main) 451,905ms
[77,023s][info][gc] GC(168) Garbage Collection (Allocation Stall) 996M(97%)->918M(90%)
[77,500s][info][gc] Allocation Stall (main) 428,328ms
[77,517s][info][gc] GC(169) Garbage Collection (Allocation Stall) 962M(94%)->950M(93%)
[78,000s][info][gc] Allocation Stall (main) 448,129ms
[78,011s][info][gc] GC(170) Garbage Collection (Allocation Stall) 996M(97%)->910M(89%)
[78,497s][info][gc] Allocation Stall (main) 435,719ms
[78,520s][info][gc] GC(171) Garbage Collection (Allocation Stall) 982M(96%)->940M(92%)
[79,017s][info][gc] Allocation Stall (main) 458,352ms
[79,025s][info][gc] GC(172) Garbage Collection (Allocation Stall) 992M(97%)->908M(89%)
[79,491s][info][gc] Allocation Stall (main) 410,447ms
[79,511s][info][gc] GC(173) Garbage Collection (Allocation Stall) 944M(92%)->970M(95%)
[80,001s][info][gc] Allocation Stall (main) 464,550ms
[80,017s][info][gc] GC(174) Garbage Collection (Allocation Stall) 1024M(100%)->888M(87%)
[80,513s][info][gc] Relocation Stall (main) 12,807ms
[80,513s][info][gc] Allocation Stall (main) 432,967ms
[80,519s][info][gc] GC(175) Garbage Collection (Allocation Rate) 944M(92%)->938M(92%)
[81,009s][info][gc] Allocation Stall (main) 449,914ms
[81,025s][info][gc] GC(176) Garbage Collection (Allocation Stall) 990M(97%)->912M(89%)
[81,503s][info][gc] Allocation Stall (main) 425,042ms
[81,512s][info][gc] GC(177) Garbage Collection (Allocation Stall) 950M(93%)->942M(92%)
[81,996s][info][gc] Allocation Stall (main) 446,040ms
[82,011s][info][gc] GC(178) Garbage Collection (Allocation Stall) 1010M(99%)->900M(88%)
[82,498s][info][gc] Allocation Stall (main) 430,942ms
[82,522s][info][gc] GC(179) Garbage Collection (Allocation Stall) 960M(94%)->956M(93%)
[83,021s][info][gc] Allocation Stall (main) 468,539ms
[83,027s][info][gc] GC(180) Garbage Collection (Allocation Stall) 1004M(98%)->890M(87%)
[83,495s][info][gc] Allocation Stall (main) 400,687ms
[83,516s][info][gc] GC(181) Garbage Collection (Allocation Stall) 922M(90%)->984M(96%)
[84,007s][info][gc] Allocation Stall (main) 473,543ms
[84,022s][info][gc] GC(182) Garbage Collection (Allocation Stall) 1024M(100%)->882M(86%)
[84,496s][info][gc] Allocation Stall (main) 407,847ms
[84,511s][info][gc] GC(183) Garbage Collection (Allocation Rate) 928M(91%)->972M(95%)
[84,997s][info][gc] Relocation Stall (main) 6,038ms
[84,997s][info][gc] Allocation Stall (main) 461,371ms
[85,007s][info][gc] GC(184) Garbage Collection (Allocation Stall) 1024M(100%)->870M(85%)
[85,506s][info][gc] Allocation Stall (main) 425,650ms
[85,511s][info][gc] GC(185) Garbage Collection (Allocation Rate) 950M(93%)->940M(92%)
[85,997s][info][gc] Allocation Stall (main) 447,035ms
[86,022s][info][gc] GC(186) Garbage Collection (Allocation Stall) 1010M(99%)->914M(89%)
[86,517s][info][gc] Allocation Stall (main) 442,925ms
[86,522s][info][gc] GC(187) Garbage Collection (Allocation Stall) 952M(93%)->938M(92%)
[86,992s][info][gc] Allocation Stall (main) 429,642ms
[87,010s][info][gc] GC(188) Garbage Collection (Allocation Stall) 982M(96%)->930M(91%)
[87,504s][info][gc] Allocation Stall (main) 452,291ms
[87,522s][info][gc] GC(189) Garbage Collection (Allocation Stall) 1004M(98%)->908M(89%)
[88,017s][info][gc] Relocation Stall (main) 9,605ms
[88,017s][info][gc] Allocation Stall (main) 430,750ms
[88,018s][info][gc] GC(190) Garbage Collection (Allocation Stall) 954M(93%)->926M(90%)
[88,493s][info][gc] Allocation Stall (main) 430,026ms
[88,499s][info][gc] GC(191) Garbage Collection (Allocation Stall) 980M(96%)->920M(90%)
[88,997s][info][gc] Allocation Stall (main) 452,423ms
[89,022s][info][gc] GC(192) Garbage Collection (Allocation Stall) 1022M(100%)->908M(89%)
[89,527s][info][gc] Allocation Stall (main) 452,572ms
[89,533s][info][gc] GC(193) Garbage Collection (Allocation Stall) 956M(93%)->944M(92%)
[89,985s][info][gc] Allocation Stall (main) 411,780ms
[89,996s][info][gc] GC(194) Garbage Collection (Allocation Stall) 958M(94%)->954M(93%)
[90,496s][info][gc] Relocation Stall (main) 5,280ms
[90,496s][info][gc] Allocation Stall (main) 468,552ms
[90,508s][info][gc] GC(195) Garbage Collection (Allocation Stall) 1024M(100%)->888M(87%)
[91,008s][info][gc] Allocation Stall (main) 439,891ms
[91,020s][info][gc] GC(196) Garbage Collection (Allocation Rate) 968M(95%)->946M(92%)
[91,506s][info][gc] Allocation Stall (main) 449,130ms
[91,527s][info][gc] GC(197) Garbage Collection (Allocation Stall) 986M(96%)->938M(92%)
[92,010s][info][gc] Allocation Stall (main) 440,010ms
[92,016s][info][gc] GC(198) Garbage Collection (Allocation Stall) 960M(94%)->940M(92%)
[92,490s][info][gc] Allocation Stall (main) 435,447ms
[92,495s][info][gc] GC(199) Garbage Collection (Allocation Stall) 1000M(98%)->908M(89%)
[92,996s][info][gc] Relocation Stall (main) 5,121ms
[92,996s][info][gc] Allocation Stall (main) 450,561ms
[93,010s][info][gc] GC(200) Garbage Collection (Allocation Stall) 1020M(100%)->904M(88%)
[93,509s][info][gc] Allocation Stall (main) 445,400ms
[93,527s][info][gc] GC(201) Garbage Collection (Allocation Stall) 978M(96%)->948M(93%)
[94,008s][info][gc] Allocation Stall (main) 444,814ms
[94,026s][info][gc] GC(202) Garbage Collection (Allocation Stall) 974M(95%)->944M(92%)
[94,513s][info][gc] Allocation Stall (main) 450,272ms
[94,526s][info][gc] GC(203) Garbage Collection (Allocation Stall) 982M(96%)->932M(91%)
[95,003s][info][gc] Allocation Stall (main) 433,336ms
[95,011s][info][gc] GC(204) Garbage Collection (Allocation Stall) 968M(95%)->936M(91%)
[95,498s][info][gc] Allocation Stall (main) 446,925ms
[95,508s][info][gc] GC(205) Garbage Collection (Allocation Stall) 1008M(98%)->910M(89%)
[96,006s][info][gc] Allocation Stall (main) 446,791ms
[96,034s][info][gc] GC(206) Garbage Collection (Allocation Stall) 988M(96%)->950M(93%)
[96,527s][info][gc] Allocation Stall (main) 457,571ms
[96,544s][info][gc] GC(207) Garbage Collection (Allocation Stall) 970M(95%)->944M(92%)
[97,053s][info][gc] Relocation Stall (main) 6,323ms
[97,053s][info][gc] Allocation Stall (main) 472,664ms
[97,059s][info][gc] GC(208) Garbage Collection (Allocation Stall) 1024M(100%)->874M(85%)
[97,592s][info][gc] Relocation Stall (main) 5,777ms
[97,592s][info][gc] Allocation Stall (main) 469,211ms
[97,600s][info][gc] GC(209) Garbage Collection (Allocation Stall) 1024M(100%)->882M(86%)
[98,108s][info][gc] Allocation Stall (main) 445,286ms
[98,132s][info][gc] GC(210) Garbage Collection (Allocation Rate) 978M(96%)->950M(93%)
[98,626s][info][gc] Relocation Stall (main) 4,199ms
[98,626s][info][gc] Allocation Stall (main) 458,618ms
[98,632s][info][gc] GC(211) Garbage Collection (Allocation Stall) 974M(95%)->922M(90%)
[99,099s][info][gc] Allocation Stall (main) 415,212ms
[99,113s][info][gc] GC(212) Garbage Collection (Allocation Stall) 944M(92%)->962M(94%)
[99,603s][info][gc] Allocation Stall (main) 461,736ms
[99,613s][info][gc] GC(213) Garbage Collection (Allocation Stall) 1024M(100%)->886M(87%)
[100,095s][info][gc] Allocation Stall (main) 418,857ms
[100,112s][info][gc] GC(214) Garbage Collection (Allocation Rate) 952M(93%)->964M(94%)
[100,604s][info][gc] Allocation Stall (main) 464,447ms
[100,624s][info][gc] GC(215) Garbage Collection (Allocation Stall) 1024M(100%)->896M(88%)
[101,115s][info][gc] Allocation Stall (main) 429,780ms
[101,129s][info][gc] GC(216) Garbage Collection (Allocation Rate) 938M(92%)->968M(95%)
[101,610s][info][gc] Allocation Stall (main) 455,645ms
[101,618s][info][gc] GC(217) Garbage Collection (Allocation Stall) 1000M(98%)->904M(88%)
[102,111s][info][gc] Relocation Stall (main) 3,718ms
[102,111s][info][gc] Allocation Stall (main) 438,588ms
[102,124s][info][gc] GC(218) Garbage Collection (Allocation Stall) 960M(94%)->946M(92%)
[102,619s][info][gc] Allocation Stall (main) 456,367ms
[102,642s][info][gc] GC(219) Garbage Collection (Allocation Stall) 978M(96%)->942M(92%)
[103,165s][info][gc] Allocation Stall (main) 485,449ms
[103,174s][info][gc] GC(220) Garbage Collection (Allocation Stall) 1024M(100%)->880M(86%)
[103,687s][info][gc] Allocation Stall (main) 452,030ms
[103,701s][info][gc] GC(221) Garbage Collection (Allocation Stall) 1024M(100%)->894M(87%)
[104,211s][info][gc] Relocation Stall (main) 6,511ms
[104,212s][info][gc] Allocation Stall (main) 447,118ms
[104,229s][info][gc] GC(222) Garbage Collection (Allocation Rate) 980M(96%)->936M(91%)
[104,721s][info][gc] Allocation Stall (main) 446,919ms
[104,726s][info][gc] GC(223) Garbage Collection (Allocation Stall) 958M(94%)->938M(92%)
[105,191s][info][gc] Allocation Stall (main) 421,730ms
[105,200s][info][gc] GC(224) Garbage Collection (Allocation Stall) 968M(95%)->942M(92%)
[105,699s][info][gc] Allocation Stall (main) 461,124ms
[105,717s][info][gc] GC(225) Garbage Collection (Allocation Stall) 1024M(100%)->900M(88%)
[106,214s][info][gc] Allocation Stall (main) 438,988ms
[106,238s][info][gc] GC(226) Garbage Collection (Allocation Rate) 958M(94%)->964M(94%)
[106,720s][info][gc] Allocation Stall (main) 452,136ms
[106,727s][info][gc] GC(227) Garbage Collection (Allocation Stall) 976M(95%)->922M(90%)
[107,189s][info][gc] Allocation Stall (main) 412,907ms
[107,199s][info][gc] GC(228) Garbage Collection (Allocation Stall) 952M(93%)->954M(93%)
[107,689s][info][gc] Allocation Stall (main) 457,588ms
[107,700s][info][gc] GC(229) Garbage Collection (Allocation Stall) 1024M(100%)->892M(87%)
[108,200s][info][gc] Allocation Stall (main) 441,312ms
[108,218s][info][gc] GC(230) Garbage Collection (Allocation Rate) 988M(96%)->934M(91%)
[108,738s][info][gc] Allocation Stall (main) 479,066ms
[108,746s][info][gc] GC(231) Garbage Collection (Allocation Stall) 990M(97%)->922M(90%)
[109,246s][info][gc] Allocation Stall (main) 452,309ms
[109,259s][info][gc] GC(232) Garbage Collection (Allocation Stall) 1024M(100%)->902M(88%)
[109,791s][info][gc] Allocation Stall (main) 479,585ms
[109,808s][info][gc] GC(233) Garbage Collection (Allocation Stall) 1024M(100%)->908M(89%)
[110,318s][info][gc] Allocation Stall (main) 456,738ms
[110,333s][info][gc] GC(234) Garbage Collection (Allocation Rate) 974M(95%)->956M(93%)
[110,823s][info][gc] Allocation Stall (main) 456,498ms
[110,839s][info][gc] GC(235) Garbage Collection (Allocation Stall) 966M(94%)->958M(94%)
[111,312s][info][gc] Allocation Stall (main) 439,471ms
[111,324s][info][gc] GC(236) Garbage Collection (Allocation Stall) 958M(94%)->962M(94%)
[111,725s][info][gc] Allocation Stall (main) 376,537ms
[111,735s][info][gc] GC(237) Garbage Collection (Allocation Stall) 1000M(98%)->914M(89%)
[112,120s][info][gc] Allocation Stall (main) 340,638ms
[112,135s][info][gc] GC(238) Garbage Collection (Allocation Stall) 928M(91%)->996M(97%)
[112,621s][info][gc] Allocation Stall (main) 471,261ms
[112,633s][info][gc] GC(239) Garbage Collection (Allocation Stall) 1004M(98%)->914M(89%)
[113,110s][info][gc] Allocation Stall (main) 421,611ms
[113,130s][info][gc] GC(240) Garbage Collection (Allocation Stall) 928M(91%)->994M(97%)
[113,626s][info][gc] Allocation Stall (main) 481,928ms
[113,634s][info][gc] GC(241) Garbage Collection (Allocation Stall) 1018M(99%)->892M(87%)
[114,095s][info][gc] Allocation Stall (main) 392,115ms
[114,105s][info][gc] GC(242) Garbage Collection (Allocation Stall) 910M(89%)->1000M(98%)
[114,585s][info][gc] Relocation Stall (main) 4,903ms
[114,585s][info][gc] Allocation Stall (main) 468,392ms
[114,597s][info][gc] GC(243) Garbage Collection (Allocation Stall) 1024M(100%)->890M(87%)
[115,104s][info][gc] Allocation Stall (main) 451,137ms
[115,115s][info][gc] GC(244) Garbage Collection (Allocation Rate) 988M(96%)->928M(91%)
[115,596s][info][gc] Allocation Stall (main) 437,919ms
[115,617s][info][gc] GC(245) Garbage Collection (Allocation Stall) 980M(96%)->948M(93%)
[116,039s][info][gc] Relocation Stall (main) 12,269ms
[116,039s][info][gc] Allocation Stall (main) 389,215ms
[116,039s][info][gc] GC(246) Garbage Collection (Allocation Stall) 998M(97%)->892M(87%)
[116,462s][info][gc] Allocation Stall (main) 375,169ms
[116,479s][info][gc] GC(247) Garbage Collection (Allocation Stall) 1024M(100%)->900M(88%)
[117,009s][info][gc] Relocation Stall (main) 6,227ms
[117,009s][info][gc] Allocation Stall (main) 477,720ms
[117,023s][info][gc] GC(248) Garbage Collection (Allocation Stall) 1024M(100%)->888M(87%)
[117,514s][info][gc] Allocation Stall (main) 426,020ms
[117,518s][info][gc] GC(249) Garbage Collection (Allocation Rate) 928M(91%)->972M(95%)
[118,002s][info][gc] Allocation Stall (main) 458,666ms
[118,025s][info][gc] GC(250) Garbage Collection (Allocation Stall) 1024M(100%)->908M(89%)
[118,520s][info][gc] Allocation Stall (main) 439,854ms
[118,528s][info][gc] GC(251) Garbage Collection (Allocation Stall) 944M(92%)->960M(94%)
[118,997s][info][gc] Allocation Stall (main) 437,482ms
[119,009s][info][gc] GC(252) Garbage Collection (Allocation Stall) 990M(97%)->926M(90%)
[119,508s][info][gc] Allocation Stall (main) 454,645ms
[119,522s][info][gc] GC(253) Garbage Collection (Allocation Stall) 1002M(98%)->918M(90%)
[120,006s][info][gc] Allocation Stall (main) 434,806ms
[120,022s][info][gc] GC(254) Garbage Collection (Allocation Stall) 966M(94%)->952M(93%)
[120,510s][info][gc] Allocation Stall (main) 455,326ms
[120,530s][info][gc] GC(255) Garbage Collection (Allocation Stall) 1000M(98%)->924M(90%)
[121,014s][info][gc] Allocation Stall (main) 435,491ms
[121,021s][info][gc] GC(256) Garbage Collection (Allocation Stall) 952M(93%)->952M(93%)
[121,494s][info][gc] Allocation Stall (main) 439,993ms
[121,505s][info][gc] GC(257) Garbage Collection (Allocation Stall) 1000M(98%)->916M(89%)
[122,026s][info][gc] Relocation Stall (main) 20,214ms
[122,026s][info][gc] Allocation Stall (main) 453,137ms
[122,027s][info][gc] GC(258) Garbage Collection (Allocation Stall) 1002M(98%)->886M(87%)
[122,519s][info][gc] Allocation Stall (main) 425,776ms
[122,531s][info][gc] GC(259) Garbage Collection (Allocation Stall) 922M(90%)->986M(96%)
[123,006s][info][gc] Allocation Stall (main) 455,871ms
[123,027s][info][gc] GC(260) Garbage Collection (Allocation Stall) 1012M(99%)->914M(89%)
[123,514s][info][gc] Allocation Stall (main) 434,557ms
[123,520s][info][gc] GC(261) Garbage Collection (Allocation Stall) 948M(93%)->952M(93%)
[123,997s][info][gc] Allocation Stall (main) 444,594ms
[124,016s][info][gc] GC(262) Garbage Collection (Allocation Stall) 1004M(98%)->920M(90%)
[124,513s][info][gc] Allocation Stall (main) 450,687ms
[124,522s][info][gc] GC(263) Garbage Collection (Allocation Stall) 980M(96%)->930M(91%)
[125,005s][info][gc] Allocation Stall (main) 440,255ms
[125,014s][info][gc] GC(264) Garbage Collection (Allocation Stall) 978M(96%)->940M(92%)
[125,516s][info][gc] Allocation Stall (main) 448,658ms
[125,530s][info][gc] GC(265) Garbage Collection (Allocation Stall) 986M(96%)->940M(92%)
[126,006s][info][gc] Allocation Stall (main) 436,625ms
[126,016s][info][gc] GC(266) Garbage Collection (Allocation Stall) 968M(95%)->954M(93%)
[126,500s][info][gc] Allocation Stall (main) 451,103ms
[126,527s][info][gc] GC(267) Garbage Collection (Allocation Stall) 1002M(98%)->940M(92%)
[127,027s][info][gc] Allocation Stall (main) 460,694ms
[127,031s][info][gc] GC(268) Garbage Collection (Allocation Stall) 968M(95%)->936M(91%)
[127,505s][info][gc] Allocation Stall (main) 430,777ms
[127,521s][info][gc] GC(269) Garbage Collection (Allocation Stall) 962M(94%)->958M(94%)
[128,014s][info][gc] Allocation Stall (main) 462,786ms
[128,021s][info][gc] GC(270) Garbage Collection (Allocation Stall) 1008M(98%)->904M(88%)
[128,488s][info][gc] Allocation Stall (main) 413,139ms
[128,499s][info][gc] GC(271) Garbage Collection (Allocation Stall) 954M(93%)->966M(94%)
[128,996s][info][gc] Allocation Stall (main) 470,292ms
[129,016s][info][gc] GC(272) Garbage Collection (Allocation Stall) 1024M(100%)->912M(89%)
[129,515s][info][gc] Allocation Stall (main) 445,024ms
[129,524s][info][gc] GC(273) Garbage Collection (Allocation Rate) 972M(95%)->944M(92%)
[129,994s][info][gc] Allocation Stall (main) 432,801ms
[130,008s][info][gc] GC(274) Garbage Collection (Allocation Stall) 980M(96%)->944M(92%)
[130,501s][info][gc] Allocation Stall (main) 457,401ms
[130,516s][info][gc] GC(275) Garbage Collection (Allocation Stall) 1014M(99%)->914M(89%)
[131,019s][info][gc] Relocation Stall (main) 7,395ms
[131,019s][info][gc] Allocation Stall (main) 446,600ms
[131,027s][info][gc] GC(276) Garbage Collection (Allocation Stall) 976M(95%)->936M(91%)
[131,506s][info][gc] Allocation Stall (main) 436,567ms
[131,521s][info][gc] GC(277) Garbage Collection (Allocation Stall) 970M(95%)->952M(93%)
[132,006s][info][gc] Allocation Stall (main) 452,908ms
[132,020s][info][gc] GC(278) Garbage Collection (Allocation Stall) 1002M(98%)->916M(89%)
[132,502s][info][gc] Allocation Stall (main) 432,236ms
[132,517s][info][gc] GC(279) Garbage Collection (Allocation Stall) 968M(95%)->952M(93%)
[133,008s][info][gc] Allocation Stall (main) 458,835ms
[133,024s][info][gc] GC(280) Garbage Collection (Allocation Stall) 1006M(98%)->912M(89%)
[133,511s][info][gc] Relocation Stall (main) 5,138ms
[133,511s][info][gc] Allocation Stall (main) 433,727ms
[133,522s][info][gc] GC(281) Garbage Collection (Allocation Stall) 946M(92%)->958M(94%)
[134,009s][info][gc] Allocation Stall (main) 455,324ms
[134,016s][info][gc] GC(282) Garbage Collection (Allocation Stall) 1002M(98%)->904M(88%)
[134,496s][info][gc] Allocation Stall (main) 425,527ms
[134,511s][info][gc] GC(283) Garbage Collection (Allocation Stall) 964M(94%)->956M(93%)
[135,008s][info][gc] Allocation Stall (main) 466,881ms
[135,022s][info][gc] GC(284) Garbage Collection (Allocation Stall) 1024M(100%)->896M(88%)
[135,504s][info][gc] Allocation Stall (main) 420,441ms
[135,521s][info][gc] GC(285) Garbage Collection (Allocation Rate) 942M(92%)->978M(96%)
[136,015s][info][gc] Allocation Stall (main) 471,603ms
[136,025s][info][gc] GC(286) Garbage Collection (Allocation Stall) 1024M(100%)->888M(87%)
[136,494s][info][gc] Allocation Stall (main) 401,437ms
[136,503s][info][gc] GC(287) Garbage Collection (Allocation Rate) 918M(90%)->994M(97%)
[136,980s][info][gc] Relocation Stall (main) 5,247ms
[136,980s][info][gc] Allocation Stall (main) 461,817ms
[136,988s][info][gc] GC(288) Garbage Collection (Allocation Stall) 1024M(100%)->886M(87%)
[137,510s][info][gc] Relocation Stall (main) 3,996ms
[137,510s][info][gc] Allocation Stall (main) 463,138ms
[137,526s][info][gc] GC(289) Garbage Collection (Allocation Rate) 1016M(99%)->908M(89%)
[138,016s][info][gc] Allocation Stall (main) 435,395ms
[138,025s][info][gc] GC(290) Garbage Collection (Allocation Stall) 946M(92%)->964M(94%)
[138,502s][info][gc] Allocation Stall (main) 448,718ms
[138,515s][info][gc] GC(291) Garbage Collection (Allocation Stall) 1002M(98%)->920M(90%)
[139,002s][info][gc] Allocation Stall (main) 440,467ms
[139,016s][info][gc] GC(292) Garbage Collection (Allocation Stall) 980M(96%)->942M(92%)
[139,506s][info][gc] Allocation Stall (main) 452,154ms
[139,516s][info][gc] GC(293) Garbage Collection (Allocation Stall) 998M(97%)->920M(90%)
[140,000s][info][gc] Allocation Stall (main) 435,306ms
[140,014s][info][gc] GC(294) Garbage Collection (Allocation Stall) 970M(95%)->954M(93%)
[140,509s][info][gc] Allocation Stall (main) 463,260ms
[140,529s][info][gc] GC(295) Garbage Collection (Allocation Stall) 1012M(99%)->922M(90%)
[141,013s][info][gc] Allocation Stall (main) 432,996ms
[141,023s][info][gc] GC(296) Garbage Collection (Allocation Stall) 940M(92%)->974M(95%)
[141,498s][info][gc] Allocation Stall (main) 450,461ms
[141,510s][info][gc] GC(297) Garbage Collection (Allocation Stall) 1006M(98%)->914M(89%)
[141,999s][info][gc] Allocation Stall (main) 439,020ms
[142,009s][info][gc] GC(298) Garbage Collection (Allocation Stall) 976M(95%)->942M(92%)
[142,494s][info][gc] Allocation Stall (main) 447,373ms
[142,508s][info][gc] GC(299) Garbage Collection (Allocation Stall) 1006M(98%)->920M(90%)
[143,005s][info][gc] Allocation Stall (main) 449,874ms
[143,013s][info][gc] GC(300) Garbage Collection (Allocation Stall) 990M(97%)->928M(91%)
[143,500s][info][gc] Allocation Stall (main) 444,158ms
[143,514s][info][gc] GC(301) Garbage Collection (Allocation Stall) 996M(97%)->934M(91%)
[144,019s][info][gc] Allocation Stall (main) 464,635ms
[144,046s][info][gc] GC(302) Garbage Collection (Allocation Stall) 1000M(98%)->944M(92%)
[144,571s][info][gc] Allocation Stall (main) 488,993ms
[144,586s][info][gc] GC(303) Garbage Collection (Allocation Stall) 1024M(100%)->902M(88%)
[145,116s][info][gc] Allocation Stall (main) 477,485ms
[145,132s][info][gc] GC(304) Garbage Collection (Allocation Stall) 1024M(100%)->904M(88%)
[145,617s][info][gc] Allocation Stall (main) 426,175ms
[145,631s][info][gc] GC(305) Garbage Collection (Allocation Rate) 928M(91%)->986M(96%)
[146,112s][info][gc] Allocation Stall (main) 462,850ms
[146,123s][info][gc] GC(306) Garbage Collection (Allocation Stall) 1014M(99%)->902M(88%)
[146,598s][info][gc] Allocation Stall (main) 416,918ms
[146,606s][info][gc] GC(307) Garbage Collection (Allocation Stall) 942M(92%)->970M(95%)
[147,097s][info][gc] Relocation Stall (main) 5,360ms
[147,097s][info][gc] Allocation Stall (main) 465,558ms
[147,112s][info][gc] GC(308) Garbage Collection (Allocation Stall) 1024M(100%)->898M(88%)
[147,615s][info][gc] Allocation Stall (main) 446,343ms
[147,633s][info][gc] GC(309) Garbage Collection (Allocation Rate) 966M(94%)->956M(93%)
[148,111s][info][gc] Allocation Stall (main) 444,248ms
[148,119s][info][gc] GC(310) Garbage Collection (Allocation Stall) 978M(96%)->932M(91%)
[148,595s][info][gc] Allocation Stall (main) 432,442ms
[148,603s][info][gc] GC(311) Garbage Collection (Allocation Stall) 974M(95%)->938M(92%)
[149,103s][info][gc] Allocation Stall (main) 461,243ms
[149,128s][info][gc] GC(312) Garbage Collection (Allocation Stall) 1024M(100%)->916M(89%)
[149,625s][info][gc] Allocation Stall (main) 446,615ms
[149,630s][info][gc] GC(313) Garbage Collection (Allocation Rate) 950M(93%)->956M(93%)
[150,110s][info][gc] Relocation Stall (main) 7,500ms
[150,110s][info][gc] Allocation Stall (main) 438,885ms
[150,128s][info][gc] GC(314) Garbage Collection (Allocation Stall) 982M(96%)->936M(91%)
[150,635s][info][gc] Allocation Stall (main) 468,024ms
[150,642s][info][gc] GC(315) Garbage Collection (Allocation Stall) 972M(95%)->930M(91%)
[151,093s][info][gc] Allocation Stall (main) 403,245ms
[151,099s][info][gc] GC(316) Garbage Collection (Allocation Stall) 934M(91%)->972M(95%)
[151,579s][info][gc] Allocation Stall (main) 454,729ms
[151,587s][info][gc] GC(317) Garbage Collection (Allocation Stall) 1024M(100%)->892M(87%)
[152,105s][info][gc] Allocation Stall (main) 462,759ms
[152,128s][info][gc] GC(318) Garbage Collection (Allocation Stall) 1024M(100%)->916M(89%)
[152,623s][info][gc] Allocation Stall (main) 442,679ms
[152,637s][info][gc] GC(319) Garbage Collection (Allocation Rate) 948M(93%)->972M(95%)
[153,115s][info][gc] Relocation Stall (main) 4,291ms
[153,115s][info][gc] Allocation Stall (main) 451,650ms
[153,124s][info][gc] GC(320) Garbage Collection (Allocation Stall) 986M(96%)->926M(90%)
[153,605s][info][gc] Allocation Stall (main) 434,760ms
[153,616s][info][gc] GC(321) Garbage Collection (Allocation Stall) 966M(94%)->950M(93%)
[154,110s][info][gc] Allocation Stall (main) 460,483ms
[154,136s][info][gc] GC(322) Garbage Collection (Allocation Stall) 1010M(99%)->924M(90%)
[154,633s][info][gc] Allocation Stall (main) 447,925ms
[154,638s][info][gc] GC(323) Garbage Collection (Allocation Stall) 940M(92%)->958M(94%)
[155,101s][info][gc] Allocation Stall (main) 430,491ms
[155,111s][info][gc] GC(324) Garbage Collection (Allocation Stall) 970M(95%)->940M(92%)
[155,604s][info][gc] Allocation Stall (main) 455,556ms
[155,615s][info][gc] GC(325) Garbage Collection (Allocation Stall) 1012M(99%)->906M(88%)
[156,101s][info][gc] Allocation Stall (main) 433,969ms
[156,111s][info][gc] GC(326) Garbage Collection (Allocation Stall) 970M(95%)->948M(93%)
[156,608s][info][gc] Allocation Stall (main) 462,030ms
[156,624s][info][gc] GC(327) Garbage Collection (Allocation Stall) 1014M(99%)->918M(90%)
[157,116s][info][gc] Allocation Stall (main) 441,903ms
[157,121s][info][gc] GC(328) Garbage Collection (Allocation Stall) 958M(94%)->956M(93%)
[157,605s][info][gc] Allocation Stall (main) 452,883ms
[157,620s][info][gc] GC(329) Garbage Collection (Allocation Stall) 1004M(98%)->924M(90%)
[158,107s][info][gc] Allocation Stall (main) 441,671ms
[158,120s][info][gc] GC(330) Garbage Collection (Allocation Stall) 976M(95%)->952M(93%)
[158,604s][info][gc] Allocation Stall (main) 450,073ms
[158,618s][info][gc] GC(331) Garbage Collection (Allocation Stall) 992M(97%)->940M(92%)
[159,115s][info][gc] Allocation Stall (main) 458,570ms
[159,139s][info][gc] GC(332) Garbage Collection (Allocation Stall) 996M(97%)->944M(92%)
[159,630s][info][gc] Allocation Stall (main) 450,675ms
[159,643s][info][gc] GC(333) Garbage Collection (Allocation Stall) 954M(93%)->962M(94%)
[160,137s][info][gc] Allocation Stall (main) 465,129ms
[160,145s][info][gc] GC(334) Garbage Collection (Allocation Stall) 1024M(100%)->894M(87%)
[160,659s][info][gc] Allocation Stall (main) 457,889ms
[160,675s][info][gc] GC(335) Garbage Collection (Allocation Stall) 1024M(100%)->912M(89%)
[161,209s][info][gc] Allocation Stall (main) 476,633ms
[161,228s][info][gc] GC(336) Garbage Collection (Allocation Stall) 1024M(100%)->914M(89%)
[161,719s][info][gc] Allocation Stall (main) 437,234ms
[161,730s][info][gc] GC(337) Garbage Collection (Allocation Rate) 946M(92%)->976M(95%)
[162,210s][info][gc] Allocation Stall (main) 456,414ms
[162,229s][info][gc] GC(338) Garbage Collection (Allocation Stall) 1004M(98%)->928M(91%)
[162,714s][info][gc] Allocation Stall (main) 440,940ms
[162,720s][info][gc] GC(339) Garbage Collection (Allocation Stall) 960M(94%)->950M(93%)
[163,195s][info][gc] Allocation Stall (main) 440,730ms
[163,208s][info][gc] GC(340) Garbage Collection (Allocation Stall) 1000M(98%)->930M(91%)
[163,714s][info][gc] Allocation Stall (main) 463,274ms
[163,733s][info][gc] GC(341) Garbage Collection (Allocation Stall) 1008M(98%)->928M(91%)
[164,222s][info][gc] Allocation Stall (main) 440,355ms
[164,240s][info][gc] GC(342) Garbage Collection (Allocation Stall) 948M(93%)->972M(95%)
[164,738s][info][gc] Allocation Stall (main) 473,866ms
[164,747s][info][gc] GC(343) Garbage Collection (Allocation Stall) 1024M(100%)->892M(87%)
[165,270s][info][gc] Relocation Stall (main) 5,228ms
[165,270s][info][gc] Allocation Stall (main) 467,452ms
[165,290s][info][gc] GC(344) Garbage Collection (Allocation Stall) 1024M(100%)->904M(88%)
[165,826s][info][gc] Allocation Stall (main) 486,634ms
[165,836s][info][gc] GC(345) Garbage Collection (Allocation Stall) 1024M(100%)->894M(87%)
[166,298s][info][gc] Allocation Stall (main) 396,592ms
[166,311s][info][gc] GC(346) Garbage Collection (Allocation Rate) 908M(89%)->1008M(98%)
[166,787s][info][gc] Allocation Stall (main) 467,654ms
[166,799s][info][gc] GC(347) Garbage Collection (Allocation Stall) 1024M(100%)->894M(87%)
[167,311s][info][gc] Relocation Stall (main) 4,342ms
[167,311s][info][gc] Allocation Stall (main) 456,075ms
[167,321s][info][gc] GC(348) Garbage Collection (Allocation Rate) 996M(97%)->918M(90%)
[167,811s][info][gc] Allocation Stall (main) 441,112ms
[167,829s][info][gc] GC(349) Garbage Collection (Allocation Stall) 966M(94%)->960M(94%)
[168,317s][info][gc] Allocation Stall (main) 456,683ms
[168,328s][info][gc] GC(350) Garbage Collection (Allocation Stall) 988M(96%)->928M(91%)
[168,814s][info][gc] Relocation Stall (main) 11,335ms
[168,814s][info][gc] Allocation Stall (main) 428,057ms
[168,814s][info][gc] GC(351) Garbage Collection (Allocation Stall) 958M(94%)->936M(91%)
[169,305s][info][gc] Allocation Stall (main) 450,362ms
[169,317s][info][gc] GC(352) Garbage Collection (Allocation Stall) 1000M(98%)->924M(90%)
[169,799s][info][gc] Allocation Stall (main) 434,924ms
[169,819s][info][gc] GC(353) Garbage Collection (Allocation Stall) 968M(95%)->958M(94%)
[170,321s][info][gc] Allocation Stall (main) 471,250ms
[170,330s][info][gc] GC(354) Garbage Collection (Allocation Stall) 1012M(99%)->900M(88%)
[170,799s][info][gc] Allocation Stall (main) 406,608ms
[170,810s][info][gc] GC(355) Garbage Collection (Allocation Stall) 926M(90%)->988M(96%)
[171,291s][info][gc] Allocation Stall (main) 463,216ms
[171,298s][info][gc] GC(356) Garbage Collection (Allocation Stall) 1024M(100%)->894M(87%)
[171,697s][info][gc] Allocation Stall (main) 352,563ms
[171,712s][info][gc] GC(357) Garbage Collection (Allocation Rate) 1016M(99%)->924M(90%)
[172,130s][info][gc] Relocation Stall (main) 11,093ms
[172,130s][info][gc] Allocation Stall (main) 381,344ms
[172,134s][info][gc] GC(358) Garbage Collection (Allocation Stall) 1012M(99%)->894M(87%)
[172,517s][info][gc] Allocation Stall (main) 335,877ms
[172,528s][info][gc] GC(359) Garbage Collection (Allocation Stall) 924M(90%)->994M(97%)
[172,903s][info][gc] Allocation Stall (main) 364,889ms
[172,913s][info][gc] GC(360) Garbage Collection (Allocation Stall) 1024M(100%)->898M(88%)
[173,304s][info][gc] Allocation Stall (main) 345,373ms
[173,312s][info][gc] GC(361) Garbage Collection (Allocation Rate) 984M(96%)->934M(91%)
[173,700s][info][gc] Allocation Stall (main) 355,046ms
[173,714s][info][gc] GC(362) Garbage Collection (Allocation Stall) 1020M(100%)->914M(89%)
[174,114s][info][gc] Allocation Stall (main) 360,203ms
[174,120s][info][gc] GC(363) Garbage Collection (Allocation Stall) 998M(97%)->922M(90%)
[174,500s][info][gc] Allocation Stall (main) 344,684ms
[174,515s][info][gc] GC(364) Garbage Collection (Allocation Stall) 992M(97%)->950M(93%)
[174,918s][info][gc] Relocation Stall (main) 3,424ms
[174,918s][info][gc] Allocation Stall (main) 377,690ms
[174,929s][info][gc] GC(365) Garbage Collection (Allocation Stall) 1024M(100%)->904M(88%)
[175,314s][info][gc] Allocation Stall (main) 341,033ms
[175,320s][info][gc] GC(366) Garbage Collection (Allocation Rate) 946M(92%)->970M(95%)
[175,694s][info][gc] Allocation Stall (main) 354,821ms
[175,699s][info][gc] GC(367) Garbage Collection (Allocation Stall) 1024M(100%)->902M(88%)
[176,107s][info][gc] Allocation Stall (main) 363,736ms
[176,132s][info][gc] GC(368) Garbage Collection (Allocation Rate) 1022M(100%)->942M(92%)
[176,530s][info][gc] Allocation Stall (main) 368,375ms
[176,545s][info][gc] GC(369) Garbage Collection (Allocation Stall) 968M(95%)->956M(93%)
[177,048s][info][gc] Allocation Stall (main) 471,637ms
[177,057s][info][gc] GC(370) Garbage Collection (Allocation Stall) 1024M(100%)->894M(87%)
[177,573s][info][gc] Allocation Stall (main) 462,153ms
[177,594s][info][gc] GC(371) Garbage Collection (Allocation Stall) 1024M(100%)->916M(89%)
[178,108s][info][gc] Allocation Stall (main) 465,644ms
[178,119s][info][gc] GC(372) Garbage Collection (Allocation Rate) 1020M(100%)->908M(89%)
[178,605s][info][gc] Allocation Stall (main) 432,417ms
[178,628s][info][gc] GC(373) Garbage Collection (Allocation Stall) 962M(94%)->982M(96%)
[179,118s][info][gc] Allocation Stall (main) 468,940ms
[179,125s][info][gc] GC(374) Garbage Collection (Allocation Stall) 1014M(99%)->904M(88%)
[179,596s][info][gc] Allocation Stall (main) 413,236ms
[179,619s][info][gc] GC(375) Garbage Collection (Allocation Stall) 940M(92%)->996M(97%)
[180,120s][info][gc] Relocation Stall (main) 5,286ms
[180,120s][info][gc] Allocation Stall (main) 487,626ms
[180,128s][info][gc] GC(376) Garbage Collection (Allocation Stall) 1024M(100%)->886M(87%)
[180,610s][info][gc] Allocation Stall (main) 413,206ms
[180,613s][info][gc] GC(377) Garbage Collection (Allocation Rate) 916M(89%)->990M(97%)
[181,090s][info][gc] Relocation Stall (main) 5,373ms
[181,090s][info][gc] Allocation Stall (main) 460,238ms
[181,109s][info][gc] GC(378) Garbage Collection (Allocation Stall) 1024M(100%)->902M(88%)
[181,631s][info][gc] Allocation Stall (main) 468,013ms
[181,641s][info][gc] GC(379) Garbage Collection (Allocation Rate) 980M(96%)->932M(91%)
[182,143s][info][gc] Allocation Stall (main) 459,652ms
[182,156s][info][gc] GC(380) Garbage Collection (Allocation Stall) 1024M(100%)->902M(88%)
[182,674s][info][gc] Allocation Stall (main) 465,281ms
[182,693s][info][gc] GC(381) Garbage Collection (Allocation Stall) 1024M(100%)->910M(89%)
[183,212s][info][gc] Allocation Stall (main) 470,333ms
[183,227s][info][gc] GC(382) Garbage Collection (Allocation Stall) 1024M(100%)->906M(88%)
[183,713s][info][gc] Allocation Stall (main) 428,004ms
[183,735s][info][gc] GC(383) Garbage Collection (Allocation Rate) 936M(91%)->990M(97%)
[184,230s][info][gc] Allocation Stall (main) 479,161ms
[184,240s][info][gc] GC(384) Garbage Collection (Allocation Stall) 1008M(98%)->906M(88%)
[184,748s][info][gc] Allocation Stall (main) 456,803ms
[184,766s][info][gc] GC(385) Garbage Collection (Allocation Stall) 1024M(100%)->904M(88%)
[185,301s][info][gc] Allocation Stall (main) 483,282ms
[185,315s][info][gc] GC(386) Garbage Collection (Allocation Stall) 1024M(100%)->900M(88%)
[185,809s][info][gc] Relocation Stall (main) 3,031ms
[185,809s][info][gc] Allocation Stall (main) 431,474ms
[185,816s][info][gc] GC(387) Garbage Collection (Allocation Rate) 956M(93%)->954M(93%)
[186,301s][info][gc] Allocation Stall (main) 452,834ms
[186,312s][info][gc] GC(388) Garbage Collection (Allocation Stall) 1014M(99%)->912M(89%)
[186,802s][info][gc] Allocation Stall (main) 439,302ms
[186,821s][info][gc] GC(389) Garbage Collection (Allocation Stall) 976M(95%)->958M(94%)
[187,314s][info][gc] Allocation Stall (main) 462,684ms
[187,323s][info][gc] GC(390) Garbage Collection (Allocation Stall) 1002M(98%)->920M(90%)
[187,800s][info][gc] Allocation Stall (main) 426,125ms
[187,823s][info][gc] GC(391) Garbage Collection (Allocation Stall) 952M(93%)->980M(96%)
[188,333s][info][gc] Relocation Stall (main) 8,503ms
[188,333s][info][gc] Allocation Stall (main) 491,142ms
[188,336s][info][gc] GC(392) Garbage Collection (Allocation Stall) 1020M(100%)->882M(86%)
[188,802s][info][gc] Allocation Stall (main) 393,404ms
[188,812s][info][gc] GC(393) Garbage Collection (Allocation Stall) 888M(87%)->1020M(100%)
[189,289s][info][gc] Allocation Stall (main) 474,369ms
[189,297s][info][gc] GC(394) Garbage Collection (Allocation Stall) 1024M(100%)->890M(87%)
[189,798s][info][gc] Allocation Stall (main) 443,241ms
[189,809s][info][gc] GC(395) Garbage Collection (Allocation Rate) 986M(96%)->938M(92%)
[190,310s][info][gc] Allocation Stall (main) 461,447ms
[190,330s][info][gc] GC(396) Garbage Collection (Allocation Stall) 1002M(98%)->936M(91%)
[190,814s][info][gc] Allocation Stall (main) 441,458ms
[190,823s][info][gc] GC(397) Garbage Collection (Allocation Stall) 956M(93%)->960M(94%)
[191,316s][info][gc] Allocation Stall (main) 462,325ms
[191,342s][info][gc] GC(398) Garbage Collection (Allocation Stall) 1002M(98%)->936M(91%)
[191,837s][info][gc] Allocation Stall (main) 449,931ms
[191,842s][info][gc] GC(399) Garbage Collection (Allocation Stall) 938M(92%)->962M(94%)
[192,328s][info][gc] Allocation Stall (main) 456,909ms
[192,335s][info][gc] GC(400) Garbage Collection (Allocation Stall) 1024M(100%)->894M(87%)
[192,798s][info][gc] Relocation Stall (main) 0,945ms
[192,798s][info][gc] Allocation Stall (main) 398,288ms
[192,814s][info][gc] GC(401) Garbage Collection (Allocation Rate) 910M(89%)->1010M(99%)
[193,295s][info][gc] Allocation Stall (main) 473,947ms
[193,303s][info][gc] GC(402) Garbage Collection (Allocation Stall) 1024M(100%)->894M(87%)
[193,801s][info][gc] Relocation Stall (main) 3,667ms
[193,801s][info][gc] Allocation Stall (main) 439,982ms
[193,807s][info][gc] GC(403) Garbage Collection (Allocation Rate) 982M(96%)->934M(91%)
[194,303s][info][gc] Allocation Stall (main) 455,185ms
[194,323s][info][gc] GC(404) Garbage Collection (Allocation Stall) 1016M(99%)->922M(90%)
[194,820s][info][gc] Allocation Stall (main) 449,535ms
[194,827s][info][gc] GC(405) Garbage Collection (Allocation Stall) 966M(94%)->950M(93%)
[195,301s][info][gc] Allocation Stall (main) 439,315ms
[195,324s][info][gc] GC(406) Garbage Collection (Allocation Stall) 986M(96%)->952M(93%)
[195,830s][info][gc] Allocation Stall (main) 473,566ms
[195,838s][info][gc] GC(407) Garbage Collection (Allocation Stall) 996M(97%)->920M(90%)
[196,291s][info][gc] Allocation Stall (main) 399,971ms
[196,296s][info][gc] GC(408) Garbage Collection (Allocation Stall) 924M(90%)->986M(96%)
[196,774s][info][gc] Allocation Stall (main) 458,471ms
[196,782s][info][gc] GC(409) Garbage Collection (Allocation Stall) 1024M(100%)->902M(88%)
[197,296s][info][gc] Allocation Stall (main) 461,457ms
[197,320s][info][gc] GC(410) Garbage Collection (Allocation Stall) 1024M(100%)->924M(90%)
[197,831s][info][gc] Allocation Stall (main) 465,966ms
[197,846s][info][gc] GC(411) Garbage Collection (Allocation Rate) 976M(95%)->952M(93%)
[198,354s][info][gc] Relocation Stall (main) 5,034ms
[198,354s][info][gc] Allocation Stall (main) 474,899ms
[198,364s][info][gc] GC(412) Garbage Collection (Allocation Stall) 1024M(100%)->896M(88%)
[198,891s][info][gc] Relocation Stall (main) 4,608ms
[198,891s][info][gc] Allocation Stall (main) 473,019ms
[198,903s][info][gc] GC(413) Garbage Collection (Allocation Stall) 1024M(100%)->900M(88%)
[199,418s][info][gc] Allocation Stall (main) 460,124ms
[199,439s][info][gc] GC(414) Garbage Collection (Allocation Rate) 990M(97%)->942M(92%)
[199,915s][info][gc] Allocation Stall (main) 434,535ms
[199,924s][info][gc] GC(415) Garbage Collection (Allocation Stall) 942M(92%)->968M(95%)
[200,396s][info][gc] Allocation Stall (main) 445,353ms
[200,405s][info][gc] GC(416) Garbage Collection (Allocation Stall) 1000M(98%)->918M(90%)
[200,897s][info][gc] Allocation Stall (main) 444,391ms
[200,917s][info][gc] GC(417) Garbage Collection (Allocation Stall) 992M(97%)->938M(92%)
[201,423s][info][gc] Relocation Stall (main) 4,612ms
[201,423s][info][gc] Allocation Stall (main) 467,833ms
[201,441s][info][gc] GC(418) Garbage Collection (Allocation Stall) 996M(97%)->924M(90%)
[201,966s][info][gc] Allocation Stall (main) 480,757ms
[201,974s][info][gc] GC(419) Garbage Collection (Allocation Stall) 1024M(100%)->890M(87%)
[202,498s][info][gc] Relocation Stall (main) 5,305ms
[202,498s][info][gc] Allocation Stall (main) 467,256ms
[202,514s][info][gc] GC(420) Garbage Collection (Allocation Stall) 1024M(100%)->902M(88%)
[203,018s][info][gc] Allocation Stall (main) 449,862ms
[203,037s][info][gc] GC(421) Garbage Collection (Allocation Rate) 968M(95%)->956M(93%)
[203,515s][info][gc] Allocation Stall (main) 443,712ms
[203,521s][info][gc] GC(422) Garbage Collection (Allocation Stall) 968M(95%)->936M(91%)
[203,992s][info][gc] Allocation Stall (main) 431,185ms
[203,999s][info][gc] GC(423) Garbage Collection (Allocation Stall) 986M(96%)->930M(91%)
[204,503s][info][gc] Relocation Stall (main) 5,116ms
[204,503s][info][gc] Allocation Stall (main) 461,839ms
[204,518s][info][gc] GC(424) Garbage Collection (Allocation Stall) 1024M(100%)->904M(88%)
[205,028s][info][gc] Relocation Stall (main) 7,676ms
[205,028s][info][gc] Allocation Stall (main) 448,726ms
[205,035s][info][gc] GC(425) Garbage Collection (Allocation Rate) 960M(94%)->946M(92%)
[205,514s][info][gc] Allocation Stall (main) 439,838ms
[205,519s][info][gc] GC(426) Garbage Collection (Allocation Stall) 960M(94%)->950M(93%)
[206,021s][info][gc] Relocation Stall (main) 14,684ms
[206,021s][info][gc] Allocation Stall (main) 469,141ms
[206,032s][info][gc] GC(427) Garbage Collection (Allocation Stall) 1006M(98%)->906M(88%)
[206,537s][info][gc] Allocation Stall (main) 446,920ms
[206,541s][info][gc] GC(428) Garbage Collection (Allocation Stall) 928M(91%)->974M(95%)
[207,020s][info][gc] Allocation Stall (main) 454,779ms
[207,027s][info][gc] GC(429) Garbage Collection (Allocation Stall) 1024M(100%)->894M(87%)
[207,497s][info][gc] Allocation Stall (main) 408,413ms
[207,512s][info][gc] GC(430) Garbage Collection (Allocation Rate) 930M(91%)->994M(97%)
[208,002s][info][gc] Allocation Stall (main) 474,906ms
[208,013s][info][gc] GC(431) Garbage Collection (Allocation Stall) 1024M(100%)->900M(88%)
[208,499s][info][gc] Allocation Stall (main) 427,935ms
[208,509s][info][gc] GC(432) Garbage Collection (Allocation Rate) 956M(93%)->964M(94%)
[208,997s][info][gc] Allocation Stall (main) 460,585ms
[209,009s][info][gc] GC(433) Garbage Collection (Allocation Stall) 1024M(100%)->906M(88%)
[209,517s][info][gc] Allocation Stall (main) 454,873ms
[209,548s][info][gc] GC(434) Garbage Collection (Allocation Rate) 982M(96%)->968M(95%)
[210,073s][info][gc] Allocation Stall (main) 500,056ms
[210,082s][info][gc] GC(435) Garbage Collection (Allocation Stall) 1024M(100%)->888M(87%)
[210,600s][info][gc] Allocation Stall (main) 459,921ms
[210,614s][info][gc] GC(436) Garbage Collection (Allocation Stall) 1024M(100%)->902M(88%)
[211,102s][info][gc] Allocation Stall (main) 433,916ms
[211,109s][info][gc] GC(437) Garbage Collection (Allocation Rate) 962M(94%)->956M(93%)
[211,599s][info][gc] Allocation Stall (main) 458,277ms
[211,621s][info][gc] GC(438) Garbage Collection (Allocation Stall) 1024M(100%)->916M(89%)
[212,121s][info][gc] Allocation Stall (main) 452,009ms
[212,139s][info][gc] GC(439) Garbage Collection (Allocation Rate) 966M(94%)->962M(94%)
[212,621s][info][gc] Relocation Stall (main) 3,719ms
[212,621s][info][gc] Allocation Stall (main) 449,799ms
[212,625s][info][gc] GC(440) Garbage Collection (Allocation Stall) 970M(95%)->932M(91%)
[213,104s][info][gc] Allocation Stall (main) 435,106ms
[213,123s][info][gc] GC(441) Garbage Collection (Allocation Stall) 972M(95%)->956M(93%)
[213,617s][info][gc] Allocation Stall (main) 462,859ms
[213,624s][info][gc] GC(442) Garbage Collection (Allocation Stall) 998M(97%)->912M(89%)
[214,092s][info][gc] Allocation Stall (main) 414,990ms
[214,108s][info][gc] GC(443) Garbage Collection (Allocation Stall) 948M(93%)->972M(95%)
[214,598s][info][gc] Allocation Stall (main) 466,911ms
[214,611s][info][gc] GC(444) Garbage Collection (Allocation Stall) 1024M(100%)->898M(88%)
[215,103s][info][gc] Allocation Stall (main) 434,906ms
[215,114s][info][gc] GC(445) Garbage Collection (Allocation Rate) 964M(94%)->958M(94%)
[215,604s][info][gc] Allocation Stall (main) 460,169ms
[215,615s][info][gc] GC(446) Garbage Collection (Allocation Stall) 1018M(99%)->910M(89%)
[216,101s][info][gc] Allocation Stall (main) 433,381ms
[216,124s][info][gc] GC(447) Garbage Collection (Allocation Stall) 966M(94%)->970M(95%)
[216,626s][info][gc] Allocation Stall (main) 477,224ms
[216,633s][info][gc] GC(448) Garbage Collection (Allocation Stall) 1012M(99%)->904M(88%)
[217,096s][info][gc] Allocation Stall (main) 401,769ms
[217,111s][info][gc] GC(449) Garbage Collection (Allocation Stall) 920M(90%)->1000M(98%)
[217,593s][info][gc] Allocation Stall (main) 469,586ms
[217,600s][info][gc] GC(450) Garbage Collection (Allocation Stall) 1024M(100%)->892M(87%)
[218,100s][info][gc] Allocation Stall (main) 441,314ms
[218,129s][info][gc] GC(451) Garbage Collection (Allocation Rate) 984M(96%)->960M(94%)
[218,632s][info][gc] Allocation Stall (main) 472,791ms
[218,640s][info][gc] GC(452) Garbage Collection (Allocation Stall) 986M(96%)->924M(90%)
[219,094s][info][gc] Allocation Stall (main) 403,274ms
[219,100s][info][gc] GC(453) Garbage Collection (Allocation Stall) 926M(90%)->982M(96%)
[219,579s][info][gc] Relocation Stall (main) 5,092ms
[219,579s][info][gc] Allocation Stall (main) 458,363ms
[219,582s][info][gc] GC(454) Garbage Collection (Allocation Stall) 1024M(100%)->884M(86%)
[220,104s][info][gc] Relocation Stall (main) 5,030ms
[220,104s][info][gc] Allocation Stall (main) 462,864ms
[220,116s][info][gc] GC(455) Garbage Collection (Allocation Rate) 1020M(100%)->906M(88%)
[220,617s][info][gc] Allocation Stall (main) 447,886ms
[220,643s][info][gc] GC(456) Garbage Collection (Allocation Stall) 966M(94%)->970M(95%)
[221,133s][info][gc] Allocation Stall (main) 463,275ms
[221,143s][info][gc] GC(457) Garbage Collection (Allocation Stall) 972M(95%)->936M(91%)
[221,637s][info][gc] Allocation Stall (main) 454,372ms
[221,646s][info][gc] GC(458) Garbage Collection (Allocation Stall) 1024M(100%)->892M(87%)
[222,164s][info][gc] Relocation Stall (main) 4,843ms
[222,164s][info][gc] Allocation Stall (main) 462,678ms
[222,180s][info][gc] GC(459) Garbage Collection (Allocation Stall) 1024M(100%)->904M(88%)
[222,707s][info][gc] Allocation Stall (main) 476,031ms
[222,717s][info][gc] GC(460) Garbage Collection (Allocation Stall) 1024M(100%)->902M(88%)
[223,200s][info][gc] Allocation Stall (main) 426,443ms
[223,211s][info][gc] GC(461) Garbage Collection (Allocation Rate) 958M(94%)->966M(94%)
[223,705s][info][gc] Allocation Stall (main) 467,022ms
[223,724s][info][gc] GC(462) Garbage Collection (Allocation Stall) 1024M(100%)->914M(89%)
[224,216s][info][gc] Allocation Stall (main) 440,883ms
[224,234s][info][gc] GC(463) Garbage Collection (Allocation Rate) 956M(93%)->972M(95%)
[224,720s][info][gc] Allocation Stall (main) 459,684ms
[224,726s][info][gc] GC(464) Garbage Collection (Allocation Stall) 990M(97%)->922M(90%)
[225,193s][info][gc] Relocation Stall (main) 2,821ms
[225,194s][info][gc] Allocation Stall (main) 419,644ms
[225,197s][info][gc] GC(465) Garbage Collection (Allocation Stall) 960M(94%)->952M(93%)
[225,688s][info][gc] Relocation Stall (main) 4,289ms
[225,688s][info][gc] Allocation Stall (main) 457,629ms
[225,701s][info][gc] GC(466) Garbage Collection (Allocation Stall) 1024M(100%)->904M(88%)
[226,219s][info][gc] Allocation Stall (main) 465,848ms
[226,233s][info][gc] GC(467) Garbage Collection (Allocation Rate) 1002M(98%)->930M(91%)
[226,715s][info][gc] Relocation Stall (main) 2,169ms
[226,715s][info][gc] Allocation Stall (main) 436,078ms
[226,721s][info][gc] GC(468) Garbage Collection (Allocation Stall) 952M(93%)->964M(94%)
[227,207s][info][gc] Allocation Stall (main) 457,774ms
[227,232s][info][gc] GC(469) Garbage Collection (Allocation Stall) 1010M(99%)->934M(91%)
[227,729s][info][gc] Relocation Stall (main) 1,617ms
[227,729s][info][gc] Allocation Stall (main) 451,921ms
[227,735s][info][gc] GC(470) Garbage Collection (Allocation Stall) 958M(94%)->950M(93%)
[228,200s][info][gc] Allocation Stall (main) 426,956ms
[228,212s][info][gc] GC(471) Garbage Collection (Allocation Stall) 962M(94%)->958M(94%)
[228,709s][info][gc] Allocation Stall (main) 465,676ms
[228,717s][info][gc] GC(472) Garbage Collection (Allocation Stall) 1016M(99%)->904M(88%)
[229,199s][info][gc] Allocation Stall (main) 424,881ms
[229,224s][info][gc] GC(473) Garbage Collection (Allocation Stall) 948M(93%)->986M(96%)
[229,727s][info][gc] Allocation Stall (main) 485,646ms
[229,737s][info][gc] GC(474) Garbage Collection (Allocation Stall) 1024M(100%)->892M(87%)
[230,207s][info][gc] Allocation Stall (main) 403,055ms
[230,212s][info][gc] GC(475) Garbage Collection (Allocation Rate) 904M(88%)->1002M(98%)
[230,687s][info][gc] Allocation Stall (main) 463,229ms
[230,702s][info][gc] GC(476) Garbage Collection (Allocation Stall) 1024M(100%)->906M(88%)
[231,217s][info][gc] Allocation Stall (main) 464,340ms
[231,237s][info][gc] GC(477) Garbage Collection (Allocation Rate) 1002M(98%)->932M(91%)
[231,721s][info][gc] Allocation Stall (main) 437,378ms
[231,727s][info][gc] GC(478) Garbage Collection (Allocation Stall) 946M(92%)->964M(94%)
[232,202s][info][gc] Allocation Stall (main) 446,786ms
[232,223s][info][gc] GC(479) Garbage Collection (Allocation Stall) 994M(97%)->940M(92%)
[232,722s][info][gc] Allocation Stall (main) 460,703ms
[232,730s][info][gc] GC(480) Garbage Collection (Allocation Stall) 984M(96%)->926M(90%)
[233,198s][info][gc] Allocation Stall (main) 420,242ms
[233,203s][info][gc] GC(481) Garbage Collection (Allocation Stall) 954M(93%)->956M(93%)
[233,686s][info][gc] Allocation Stall (main) 451,455ms
[233,700s][info][gc] GC(482) Garbage Collection (Allocation Stall) 1024M(100%)->906M(88%)
[234,214s][info][gc] Allocation Stall (main) 463,603ms
[234,229s][info][gc] GC(483) Garbage Collection (Allocation Rate) 1008M(98%)->926M(90%)
[234,710s][info][gc] Allocation Stall (main) 435,141ms
[234,725s][info][gc] GC(484) Garbage Collection (Allocation Stall) 958M(94%)->968M(95%)
[235,218s][info][gc] Allocation Stall (main) 466,315ms
[235,234s][info][gc] GC(485) Garbage Collection (Allocation Stall) 1008M(98%)->922M(90%)
[235,716s][info][gc] Allocation Stall (main) 431,316ms
[235,725s][info][gc] GC(486) Garbage Collection (Allocation Stall) 942M(92%)->972M(95%)
[236,205s][info][gc] Allocation Stall (main) 454,598ms
[236,224s][info][gc] GC(487) Garbage Collection (Allocation Stall) 1010M(99%)->922M(90%)
[236,721s][info][gc] Allocation Stall (main) 450,850ms
[236,743s][info][gc] GC(488) Garbage Collection (Allocation Stall) 966M(94%)->962M(94%)
[237,259s][info][gc] Relocation Stall (main) 5,295ms
[237,259s][info][gc] Allocation Stall (main) 487,977ms
[237,262s][info][gc] GC(489) Garbage Collection (Allocation Stall) 1024M(100%)->876M(86%)
[237,787s][info][gc] Allocation Stall (main) 461,824ms
[237,798s][info][gc] GC(490) Garbage Collection (Allocation Stall) 1024M(100%)->900M(88%)
[238,306s][info][gc] Allocation Stall (main) 456,585ms
[238,323s][info][gc] GC(491) Garbage Collection (Allocation Rate) 1010M(99%)->924M(90%)
[238,819s][info][gc] Allocation Stall (main) 447,095ms
[238,846s][info][gc] GC(492) Garbage Collection (Allocation Stall) 968M(95%)->968M(95%)
[239,369s][info][gc] Allocation Stall (main) 497,139ms
[239,383s][info][gc] GC(493) Garbage Collection (Allocation Stall) 1024M(100%)->892M(87%)
[239,925s][info][gc] Allocation Stall (main) 482,334ms
[239,932s][info][gc] GC(494) Garbage Collection (Allocation Rate) 1016M(99%)->898M(88%)
[240,415s][info][gc] Allocation Stall (main) 413,420ms
[240,432s][info][gc] GC(495) Garbage Collection (Allocation Stall) 912M(89%)->1012M(99%)
[240,916s][info][gc] Allocation Stall (main) 477,159ms
[240,922s][info][gc] GC(496) Garbage Collection (Allocation Stall) 1024M(100%)->888M(87%)
[241,395s][info][gc] Allocation Stall (main) 407,035ms
[241,402s][info][gc] GC(497) Garbage Collection (Allocation Rate) 934M(91%)->980M(96%)
[241,883s][info][gc] Allocation Stall (main) 459,459ms
[241,894s][info][gc] GC(498) Garbage Collection (Allocation Stall) 1024M(100%)->904M(88%)
[242,408s][info][gc] Allocation Stall (main) 461,879ms
[242,423s][info][gc] GC(499) Garbage Collection (Allocation Rate) 1018M(99%)->920M(90%)
[242,911s][info][gc] Allocation Stall (main) 438,087ms
[242,926s][info][gc] GC(500) Garbage Collection (Allocation Stall) 962M(94%)->968M(95%)
[243,408s][info][gc] Allocation Stall (main) 456,058ms
[243,421s][info][gc] GC(501) Garbage Collection (Allocation Stall) 1000M(98%)->930M(91%)
[243,909s][info][gc] Allocation Stall (main) 444,466ms
[243,935s][info][gc] GC(502) Garbage Collection (Allocation Stall) 978M(96%)->962M(94%)
[244,437s][info][gc] Allocation Stall (main) 473,048ms
[244,445s][info][gc] GC(503) Garbage Collection (Allocation Stall) 982M(96%)->930M(91%)
[244,952s][info][gc] Relocation Stall (main) 5,323ms
[244,952s][info][gc] Allocation Stall (main) 464,285ms
[244,960s][info][gc] GC(504) Garbage Collection (Allocation Stall) 1024M(100%)->892M(87%)
[245,486s][info][gc] Allocation Stall (main) 470,188ms
[245,512s][info][gc] GC(505) Garbage Collection (Allocation Stall) 1024M(100%)->918M(90%)
[246,034s][info][gc] Relocation Stall (main) 4,631ms
[246,034s][info][gc] Allocation Stall (main) 475,039ms
[246,040s][info][gc] GC(506) Garbage Collection (Allocation Rate) 990M(97%)->918M(90%)
[246,551s][info][gc] Relocation Stall (main) 4,945ms
[246,551s][info][gc] Allocation Stall (main) 463,223ms
[246,555s][info][gc] GC(507) Garbage Collection (Allocation Stall) 1024M(100%)->888M(87%)
[247,077s][info][gc] Relocation Stall (main) 5,136ms
[247,077s][info][gc] Allocation Stall (main) 464,080ms
[247,086s][info][gc] GC(508) Garbage Collection (Allocation Stall) 1024M(100%)->900M(88%)
[247,611s][info][gc] Allocation Stall (main) 473,192ms
[247,631s][info][gc] GC(509) Garbage Collection (Allocation Stall) 1024M(100%)->916M(89%)
[248,115s][info][gc] Allocation Stall (main) 432,074ms
[248,129s][info][gc] GC(510) Garbage Collection (Allocation Rate) 942M(92%)->982M(96%)
[248,612s][info][gc] Allocation Stall (main) 462,626ms
[248,625s][info][gc] GC(511) Garbage Collection (Allocation Stall) 1012M(99%)->914M(89%)
[249,102s][info][gc] Allocation Stall (main) 426,158ms
[249,113s][info][gc] GC(512) Garbage Collection (Allocation Stall) 954M(93%)->966M(94%)
[249,605s][info][gc] Allocation Stall (main) 464,777ms
[249,629s][info][gc] GC(513) Garbage Collection (Allocation Stall) 1024M(100%)->916M(89%)
[250,134s][info][gc] Allocation Stall (main) 453,482ms
[250,139s][info][gc] GC(514) Garbage Collection (Allocation Rate) 946M(92%)->960M(94%)
[250,592s][info][gc] Allocation Stall (main) 420,937ms
[250,598s][info][gc] GC(515) Garbage Collection (Allocation Stall) 960M(94%)->950M(93%)
[251,089s][info][gc] Allocation Stall (main) 458,551ms
[251,101s][info][gc] GC(516) Garbage Collection (Allocation Stall) 1024M(100%)->906M(88%)
[251,612s][info][gc] Allocation Stall (main) 456,413ms
[251,627s][info][gc] GC(517) Garbage Collection (Allocation Rate) 1004M(98%)->932M(91%)
[252,121s][info][gc] Allocation Stall (main) 449,719ms
[252,138s][info][gc] GC(518) Garbage Collection (Allocation Stall) 966M(94%)->968M(95%)
[252,620s][info][gc] Allocation Stall (main) 454,865ms
[252,641s][info][gc] GC(519) Garbage Collection (Allocation Stall) 980M(96%)->956M(93%)
[253,151s][info][gc] Allocation Stall (main) 478,806ms
[253,158s][info][gc] GC(520) Garbage Collection (Allocation Stall) 1024M(100%)->896M(88%)
[253,668s][info][gc] Allocation Stall (main) 456,001ms
[253,686s][info][gc] GC(521) Garbage Collection (Allocation Stall) 1024M(100%)->916M(89%)
[254,212s][info][gc] Allocation Stall (main) 479,138ms
[254,231s][info][gc] GC(522) Garbage Collection (Allocation Stall) 1024M(100%)->916M(89%)
[254,718s][info][gc] Allocation Stall (main) 433,605ms
[254,739s][info][gc] GC(523) Garbage Collection (Allocation Rate) 940M(92%)->992M(97%)
[255,221s][info][gc] Allocation Stall (main) 465,258ms
[255,232s][info][gc] GC(524) Garbage Collection (Allocation Stall) 992M(97%)->924M(90%)
[255,705s][info][gc] Relocation Stall (main) 1,847ms
[255,705s][info][gc] Allocation Stall (main) 423,041ms
[255,709s][info][gc] GC(525) Garbage Collection (Allocation Stall) 948M(93%)->960M(94%)
[256,198s][info][gc] Allocation Stall (main) 458,506ms
[256,211s][info][gc] GC(526) Garbage Collection (Allocation Stall) 1024M(100%)->906M(88%)
[256,713s][info][gc] Allocation Stall (main) 447,998ms
[256,740s][info][gc] GC(527) Garbage Collection (Allocation Rate) 976M(95%)->964M(94%)
[257,234s][info][gc] Allocation Stall (main) 464,541ms
[257,240s][info][gc] GC(528) Garbage Collection (Allocation Stall) 972M(95%)->934M(91%)
[257,742s][info][gc] Relocation Stall (main) 5,507ms
[257,742s][info][gc] Allocation Stall (main) 460,661ms
[257,756s][info][gc] GC(529) Garbage Collection (Allocation Stall) 1024M(100%)->896M(88%)
[258,296s][info][gc] Allocation Stall (main) 486,703ms
[258,306s][info][gc] GC(530) Garbage Collection (Allocation Stall) 1024M(100%)->896M(88%)
[258,803s][info][gc] Relocation Stall (main) 1,127ms
[258,803s][info][gc] Allocation Stall (main) 440,267ms
[258,811s][info][gc] GC(531) Garbage Collection (Allocation Rate) 976M(95%)->946M(92%)
[259,303s][info][gc] Allocation Stall (main) 455,843ms
[259,318s][info][gc] GC(532) Garbage Collection (Allocation Stall) 1016M(99%)->916M(89%)
[259,811s][info][gc] Allocation Stall (main) 444,808ms
[259,832s][info][gc] GC(533) Garbage Collection (Allocation Stall) 972M(95%)->962M(94%)
[260,325s][info][gc] Allocation Stall (main) 462,244ms
[260,330s][info][gc] GC(534) Garbage Collection (Allocation Stall) 980M(96%)->932M(91%)
[260,794s][info][gc] Allocation Stall (main) 420,319ms
[260,805s][info][gc] GC(535) Garbage Collection (Allocation Stall) 960M(94%)->962M(94%)
[261,299s][info][gc] Allocation Stall (main) 465,382ms
[261,320s][info][gc] GC(536) Garbage Collection (Allocation Stall) 1024M(100%)->916M(89%)
[261,823s][info][gc] Allocation Stall (main) 453,795ms
[261,837s][info][gc] GC(537) Garbage Collection (Allocation Rate) 966M(94%)->954M(93%)
[262,309s][info][gc] Allocation Stall (main) 435,513ms
[262,317s][info][gc] GC(538) Garbage Collection (Allocation Stall) 966M(94%)->946M(92%)
[262,799s][info][gc] Allocation Stall (main) 446,388ms
[262,812s][info][gc] GC(539) Garbage Collection (Allocation Stall) 1000M(98%)->924M(90%)
[263,319s][info][gc] Relocation Stall (main) 7,385ms
[263,319s][info][gc] Allocation Stall (main) 462,575ms
[263,335s][info][gc] GC(540) Garbage Collection (Allocation Stall) 994M(97%)->926M(90%)
[263,823s][info][gc] Allocation Stall (main) 439,349ms
[263,832s][info][gc] GC(541) Garbage Collection (Allocation Stall) 944M(92%)->964M(94%)
[264,301s][info][gc] Allocation Stall (main) 438,907ms
[264,307s][info][gc] GC(542) Garbage Collection (Allocation Stall) 986M(96%)->926M(90%)
[264,791s][info][gc] Allocation Stall (main) 441,082ms
[264,803s][info][gc] GC(543) Garbage Collection (Allocation Stall) 1008M(98%)->920M(90%)
[265,312s][info][gc] Relocation Stall (main) 9,170ms
[265,312s][info][gc] Allocation Stall (main) 453,042ms
[265,320s][info][gc] GC(544) Garbage Collection (Allocation Stall) 1004M(98%)->912M(89%)
[265,822s][info][gc] Allocation Stall (main) 450,079ms
[265,834s][info][gc] GC(545) Garbage Collection (Allocation Stall) 958M(94%)->966M(94%)
[266,315s][info][gc] Allocation Stall (main) 451,778ms
[266,327s][info][gc] GC(546) Garbage Collection (Allocation Stall) 984M(96%)->938M(92%)
[266,804s][info][gc] Allocation Stall (main) 437,697ms
[266,811s][info][gc] GC(547) Garbage Collection (Allocation Stall) 974M(95%)->946M(92%)
[267,297s][info][gc] Allocation Stall (main) 450,905ms
[267,320s][info][gc] GC(548) Garbage Collection (Allocation Stall) 1018M(99%)->924M(90%)
[267,837s][info][gc] Allocation Stall (main) 472,099ms
[267,845s][info][gc] GC(549) Garbage Collection (Allocation Stall) 976M(95%)->942M(92%)
[268,336s][info][gc] Allocation Stall (main) 454,243ms
[268,351s][info][gc] GC(550) Garbage Collection (Allocation Stall) 1024M(100%)->908M(89%)
[268,871s][info][gc] Allocation Stall (main) 471,013ms
[268,891s][info][gc] GC(551) Garbage Collection (Allocation Stall) 1024M(100%)->916M(89%)
[269,420s][info][gc] Relocation Stall (main) 4,650ms
[269,420s][info][gc] Allocation Stall (main) 482,197ms
[269,435s][info][gc] GC(552) Garbage Collection (Allocation Stall) 1024M(100%)->906M(88%)
[269,921s][info][gc] Allocation Stall (main) 426,074ms
[269,924s][info][gc] GC(553) Garbage Collection (Allocation Rate) 922M(90%)->986M(96%)
[270,414s][info][gc] Allocation Stall (main) 471,133ms
[270,424s][info][gc] GC(554) Garbage Collection (Allocation Stall) 1016M(99%)->910M(89%)
[270,907s][info][gc] Allocation Stall (main) 430,476ms
[270,920s][info][gc] GC(555) Garbage Collection (Allocation Stall) 952M(93%)->978M(96%)
[271,412s][info][gc] Relocation Stall (main) 4,944ms
[271,412s][info][gc] Allocation Stall (main) 470,970ms
[271,419s][info][gc] GC(556) Garbage Collection (Allocation Stall) 1024M(100%)->894M(87%)
[271,903s][info][gc] Allocation Stall (main) 424,220ms
[271,915s][info][gc] GC(557) Garbage Collection (Allocation Rate) 948M(93%)->976M(95%)
[272,408s][info][gc] Relocation Stall (main) 5,364ms
[272,408s][info][gc] Allocation Stall (main) 471,134ms
[272,413s][info][gc] GC(558) Garbage Collection (Allocation Stall) 1024M(100%)->894M(87%)
[272,902s][info][gc] Allocation Stall (main) 429,559ms
[272,918s][info][gc] GC(559) Garbage Collection (Allocation Rate) 960M(94%)->972M(95%)
[273,410s][info][gc] Allocation Stall (main) 467,606ms
[273,425s][info][gc] GC(560) Garbage Collection (Allocation Stall) 1024M(100%)->910M(89%)
[273,913s][info][gc] Allocation Stall (main) 433,531ms
[273,932s][info][gc] GC(561) Garbage Collection (Allocation Rate) 948M(93%)->982M(96%)
[274,417s][info][gc] Allocation Stall (main) 464,831ms
[274,429s][info][gc] GC(562) Garbage Collection (Allocation Stall) 1006M(98%)->914M(89%)
[274,903s][info][gc] Allocation Stall (main) 419,664ms
[274,917s][info][gc] GC(563) Garbage Collection (Allocation Stall) 942M(92%)->980M(96%)
[275,409s][info][gc] Allocation Stall (main) 470,887ms
[275,417s][info][gc] GC(564) Garbage Collection (Allocation Stall) 1024M(100%)->892M(87%)
[275,897s][info][gc] Relocation Stall (main) 1,571ms
[275,897s][info][gc] Allocation Stall (main) 417,083ms
[275,912s][info][gc] GC(565) Garbage Collection (Allocation Rate) 938M(92%)->986M(96%)
[276,405s][info][gc] Relocation Stall (main) 4,971ms
[276,406s][info][gc] Allocation Stall (main) 475,114ms
[276,414s][info][gc] GC(566) Garbage Collection (Allocation Stall) 1024M(100%)->890M(87%)
[276,906s][info][gc] Allocation Stall (main) 428,944ms
[276,923s][info][gc] GC(567) Garbage Collection (Allocation Rate) 952M(93%)->972M(95%)
[277,415s][info][gc] Allocation Stall (main) 468,437ms
[277,422s][info][gc] GC(568) Garbage Collection (Allocation Stall) 1018M(99%)->900M(88%)
[277,902s][info][gc] Allocation Stall (main) 419,875ms
[277,920s][info][gc] GC(569) Garbage Collection (Allocation Stall) 944M(92%)->982M(96%)
[278,421s][info][gc] Relocation Stall (main) 3,685ms
[278,421s][info][gc] Allocation Stall (main) 481,513ms
[278,427s][info][gc] GC(570) Garbage Collection (Allocation Stall) 1024M(100%)->888M(87%)
[278,904s][info][gc] Allocation Stall (main) 411,355ms
[278,916s][info][gc] GC(571) Garbage Collection (Allocation Rate) 922M(90%)->996M(97%)
[279,399s][info][gc] Relocation Stall (main) 4,926ms
[279,399s][info][gc] Allocation Stall (main) 469,173ms
[279,413s][info][gc] GC(572) Garbage Collection (Allocation Stall) 1024M(100%)->894M(87%)
[279,913s][info][gc] Allocation Stall (main) 440,425ms
[279,932s][info][gc] GC(573) Garbage Collection (Allocation Rate) 950M(93%)->968M(95%)
[280,419s][info][gc] Allocation Stall (main) 459,789ms
[280,426s][info][gc] GC(574) Garbage Collection (Allocation Stall) 994M(97%)->908M(89%)
[280,906s][info][gc] Relocation Stall (main) 2,572ms
[280,906s][info][gc] Allocation Stall (main) 424,816ms
[280,922s][info][gc] GC(575) Garbage Collection (Allocation Stall) 946M(92%)->966M(94%)
[281,418s][info][gc] Allocation Stall (main) 470,227ms
[281,426s][info][gc] GC(576) Garbage Collection (Allocation Stall) 1016M(99%)->890M(87%)
[281,903s][info][gc] Relocation Stall (main) 5,829ms
[281,903s][info][gc] Allocation Stall (main) 412,478ms
[281,911s][info][gc] GC(577) Garbage Collection (Allocation Stall) 926M(90%)->974M(95%)
[282,399s][info][gc] Allocation Stall (main) 464,130ms
[282,406s][info][gc] GC(578) Garbage Collection (Allocation Stall) 1024M(100%)->888M(87%)
[282,897s][info][gc] Allocation Stall (main) 430,264ms
[282,908s][info][gc] GC(579) Garbage Collection (Allocation Rate) 966M(94%)->956M(93%)
[283,403s][info][gc] Relocation Stall (main) 4,715ms
[283,403s][info][gc] Allocation Stall (main) 463,959ms
[283,414s][info][gc] GC(580) Garbage Collection (Allocation Stall) 1024M(100%)->898M(88%)
[283,909s][info][gc] Allocation Stall (main) 435,433ms
[283,915s][info][gc] GC(581) Garbage Collection (Allocation Rate) 964M(94%)->956M(93%)
[284,422s][info][gc] Relocation Stall (main) 17,016ms
[284,422s][info][gc] Allocation Stall (main) 458,622ms
[284,424s][info][gc] GC(582) Garbage Collection (Allocation Stall) 1018M(99%)->888M(87%)
[284,915s][info][gc] Allocation Stall (main) 426,806ms
[284,923s][info][gc] GC(583) Garbage Collection (Allocation Stall) 930M(91%)->986M(96%)
[285,405s][info][gc] Allocation Stall (main) 463,234ms
[285,414s][info][gc] GC(584) Garbage Collection (Allocation Stall) 1024M(100%)->906M(88%)
[285,904s][info][gc] Allocation Stall (main) 436,544ms
[285,924s][info][gc] GC(585) Garbage Collection (Allocation Rate) 972M(95%)->968M(95%)
[286,417s][info][gc] Allocation Stall (main) 466,777ms
[286,427s][info][gc] GC(586) Garbage Collection (Allocation Stall) 1004M(98%)->922M(90%)
[286,900s][info][gc] Allocation Stall (main) 422,799ms
[286,908s][info][gc] GC(587) Garbage Collection (Allocation Stall) 952M(93%)->968M(95%)
[287,394s][info][gc] Allocation Stall (main) 460,150ms
[287,409s][info][gc] GC(588) Garbage Collection (Allocation Stall) 1024M(100%)->912M(89%)
[287,914s][info][gc] Relocation Stall (main) 3,533ms
[287,914s][info][gc] Allocation Stall (main) 454,548ms
[287,929s][info][gc] GC(589) Garbage Collection (Allocation Rate) 984M(96%)->946M(92%)
[288,421s][info][gc] Relocation Stall (main) 3,274ms
[288,421s][info][gc] Allocation Stall (main) 452,072ms
[288,425s][info][gc] GC(590) Garbage Collection (Allocation Stall) 974M(95%)->938M(92%)
[288,897s][info][gc] Allocation Stall (main) 430,381ms
[288,910s][info][gc] GC(591) Garbage Collection (Allocation Stall) 968M(95%)->960M(94%)
[289,408s][info][gc] Allocation Stall (main) 469,014ms
[289,427s][info][gc] GC(592) Garbage Collection (Allocation Stall) 1024M(100%)->916M(89%)
[289,913s][info][gc] Allocation Stall (main) 434,627ms
[289,928s][info][gc] GC(593) Garbage Collection (Allocation Rate) 948M(93%)->976M(95%)
[290,418s][info][gc] Allocation Stall (main) 467,758ms
[290,429s][info][gc] GC(594) Garbage Collection (Allocation Stall) 1006M(98%)->916M(89%)
[290,899s][info][gc] Allocation Stall (main) 418,053ms
[290,907s][info][gc] GC(595) Garbage Collection (Allocation Stall) 942M(92%)->976M(95%)
[291,393s][info][gc] Relocation Stall (main) 4,777ms
[291,393s][info][gc] Allocation Stall (main) 463,250ms
[291,406s][info][gc] GC(596) Garbage Collection (Allocation Stall) 1024M(100%)->902M(88%)
[291,912s][info][gc] Allocation Stall (main) 452,453ms
[291,920s][info][gc] GC(597) Garbage Collection (Allocation Rate) 984M(96%)->936M(91%)
[292,400s][info][gc] Allocation Stall (main) 439,128ms
[292,419s][info][gc] GC(598) Garbage Collection (Allocation Stall) 982M(96%)->956M(93%)
[292,918s][info][gc] Allocation Stall (main) 467,161ms
[292,938s][info][gc] GC(599) Garbage Collection (Allocation Stall) 1004M(98%)->930M(91%)
[293,422s][info][gc] Allocation Stall (main) 436,055ms
[293,435s][info][gc] GC(600) Garbage Collection (Allocation Stall) 940M(92%)->974M(95%)
[293,908s][info][gc] Allocation Stall (main) 448,146ms
[293,914s][info][gc] GC(601) Garbage Collection (Allocation Stall) 988M(96%)->924M(90%)
[294,393s][info][gc] Allocation Stall (main) 433,096ms
[294,403s][info][gc] GC(602) Garbage Collection (Allocation Stall) 982M(96%)->938M(92%)
[294,907s][info][gc] Relocation Stall (main) 5,257ms
[294,907s][info][gc] Allocation Stall (main) 464,907ms
[294,917s][info][gc] GC(603) Garbage Collection (Allocation Stall) 1024M(100%)->898M(88%)
[295,411s][info][gc] Allocation Stall (main) 437,241ms
[295,424s][info][gc] GC(604) Garbage Collection (Allocation Rate) 956M(93%)->970M(95%)
[295,919s][info][gc] Allocation Stall (main) 468,739ms
[295,940s][info][gc] GC(605) Garbage Collection (Allocation Stall) 1010M(99%)->926M(90%)
[296,468s][info][gc] Allocation Stall (main) 485,634ms
[296,476s][info][gc] GC(606) Garbage Collection (Allocation Stall) 1024M(100%)->894M(87%)
[296,996s][info][gc] Allocation Stall (main) 464,284ms
[297,019s][info][gc] GC(607) Garbage Collection (Allocation Stall) 1024M(100%)->918M(90%)
[297,526s][info][gc] Allocation Stall (main) 459,492ms
[297,552s][info][gc] GC(608) Garbage Collection (Allocation Rate) 972M(95%)->964M(94%)
[298,080s][info][gc] Relocation Stall (main) 5,315ms
[298,080s][info][gc] Allocation Stall (main) 499,908ms
[298,083s][info][gc] GC(609) Garbage Collection (Allocation Stall) 1024M(100%)->874M(85%)
[298,600s][info][gc] Allocation Stall (main) 453,678ms
[298,615s][info][gc] GC(610) Garbage Collection (Allocation Rate) 1016M(99%)->908M(89%)
[299,117s][info][gc] Allocation Stall (main) 447,329ms
[299,143s][info][gc] GC(611) Garbage Collection (Allocation Stall) 960M(94%)->972M(95%)
[299,633s][info][gc] Allocation Stall (main) 462,951ms
[299,645s][info][gc] GC(612) Garbage Collection (Allocation Stall) 972M(95%)->932M(91%)
[300,155s][info][gc] Relocation Stall (main) 5,479ms
[300,155s][info][gc] Allocation Stall (main) 469,030ms
[300,160s][info][gc] GC(613) Garbage Collection (Allocation Stall) 1024M(100%)->876M(86%)
[300,685s][info][gc] Relocation Stall (main) 5,513ms
[300,685s][info][gc] Allocation Stall (main) 463,038ms
[300,689s][info][gc] GC(614) Garbage Collection (Allocation Stall) 1024M(100%)->884M(86%)
[301,200s][info][gc] Allocation Stall (main) 452,560ms
[301,217s][info][gc] GC(615) Garbage Collection (Allocation Rate) 1008M(98%)->924M(90%)
[301,717s][info][gc] Allocation Stall (main) 454,122ms
[301,726s][info][gc] GC(616) Garbage Collection (Allocation Stall) 982M(96%)->940M(92%)
[302,208s][info][gc] Relocation Stall (main) 9,300ms
[302,208s][info][gc] Allocation Stall (main) 442,794ms
[302,213s][info][gc] GC(617) Garbage Collection (Allocation Stall) 978M(96%)->934M(91%)
[302,734s][info][gc] Relocation Stall (main) 19,002ms
[302,734s][info][gc] Allocation Stall (main) 460,829ms
[302,736s][info][gc] GC(618) Garbage Collection (Allocation Stall) 1000M(98%)->898M(88%)
[303,223s][info][gc] Allocation Stall (main) 422,747ms
[303,226s][info][gc] GC(619) Garbage Collection (Allocation Stall) 912M(89%)->988M(96%)
[303,698s][info][gc] Allocation Stall (main) 453,978ms
[303,706s][info][gc] GC(620) Garbage Collection (Allocation Stall) 1022M(100%)->900M(88%)
[304,197s][info][gc] Allocation Stall (main) 436,081ms
[304,206s][info][gc] GC(621) Garbage Collection (Allocation Stall) 984M(96%)->944M(92%)
[304,719s][info][gc] Relocation Stall (main) 4,941ms
[304,719s][info][gc] Allocation Stall (main) 476,776ms
[304,745s][info][gc] GC(622) Garbage Collection (Allocation Stall) 1024M(100%)->920M(90%)
[305,293s][info][gc] Relocation Stall (main) 5,605ms
[305,293s][info][gc] Allocation Stall (main) 504,294ms
[305,300s][info][gc] GC(623) Garbage Collection (Allocation Stall) 1024M(100%)->888M(87%)
[305,809s][info][gc] Relocation Stall (main) 3,538ms
[305,809s][info][gc] Allocation Stall (main) 448,572ms
[305,815s][info][gc] GC(624) Garbage Collection (Allocation Rate) 984M(96%)->930M(91%)
[306,300s][info][gc] Allocation Stall (main) 443,199ms
[306,311s][info][gc] GC(625) Garbage Collection (Allocation Stall) 992M(97%)->932M(91%)
[306,807s][info][gc] Allocation Stall (main) 454,585ms
[306,818s][info][gc] GC(626) Garbage Collection (Allocation Stall) 1004M(98%)->924M(90%)
[307,306s][info][gc] Allocation Stall (main) 443,014ms
[307,324s][info][gc] GC(627) Garbage Collection (Allocation Stall) 980M(96%)->954M(93%)
[307,814s][info][gc] Allocation Stall (main) 458,100ms
[307,835s][info][gc] GC(628) Garbage Collection (Allocation Stall) 996M(97%)->938M(92%)
[308,328s][info][gc] Allocation Stall (main) 449,734ms
[308,332s][info][gc] GC(629) Garbage Collection (Allocation Stall) 954M(93%)->956M(93%)
[308,798s][info][gc] Allocation Stall (main) 432,357ms
[308,813s][info][gc] GC(630) Garbage Collection (Allocation Stall) 978M(96%)->950M(93%)
[309,312s][info][gc] Allocation Stall (main) 465,792ms
[309,322s][info][gc] GC(631) Garbage Collection (Allocation Stall) 1018M(99%)->904M(88%)
[309,806s][info][gc] Allocation Stall (main) 428,110ms
[309,824s][info][gc] GC(632) Garbage Collection (Allocation Stall) 950M(93%)->980M(96%)
[310,318s][info][gc] Allocation Stall (main) 473,261ms
[310,337s][info][gc] GC(633) Garbage Collection (Allocation Stall) 1020M(100%)->912M(89%)
[310,821s][info][gc] Allocation Stall (main) 426,628ms
[310,827s][info][gc] GC(634) Garbage Collection (Allocation Stall) 924M(90%)->980M(96%)
[311,299s][info][gc] Allocation Stall (main) 450,518ms
[311,308s][info][gc] GC(635) Garbage Collection (Allocation Stall) 1014M(99%)->908M(89%)
[311,794s][info][gc] Allocation Stall (main) 434,207ms
[311,805s][info][gc] GC(636) Garbage Collection (Allocation Stall) 988M(96%)->938M(92%)
[312,299s][info][gc] Allocation Stall (main) 456,147ms
[312,314s][info][gc] GC(637) Garbage Collection (Allocation Stall) 1016M(99%)->922M(90%)
[312,809s][info][gc] Allocation Stall (main) 448,665ms
[312,822s][info][gc] GC(638) Garbage Collection (Allocation Stall) 986M(96%)->944M(92%)
[313,309s][info][gc] Allocation Stall (main) 449,631ms
[313,329s][info][gc] GC(639) Garbage Collection (Allocation Stall) 988M(96%)->948M(93%)
[313,818s][info][gc] Allocation Stall (main) 451,486ms
[313,832s][info][gc] GC(640) Garbage Collection (Allocation Stall) 968M(95%)->954M(93%)
[314,306s][info][gc] Allocation Stall (main) 440,795ms
[314,324s][info][gc] GC(641) Garbage Collection (Allocation Stall) 978M(96%)->946M(92%)
[314,816s][info][gc] Allocation Stall (main) 455,886ms
[314,822s][info][gc] GC(642) Garbage Collection (Allocation Stall) 986M(96%)->922M(90%)
[315,297s][info][gc] Allocation Stall (main) 426,805ms
[315,313s][info][gc] GC(643) Garbage Collection (Allocation Stall) 966M(94%)->958M(94%)
[315,813s][info][gc] Relocation Stall (main) 4,561ms
[315,813s][info][gc] Allocation Stall (main) 471,173ms
[315,818s][info][gc] GC(644) Garbage Collection (Allocation Stall) 1024M(100%)->888M(87%)
[316,302s][info][gc] Allocation Stall (main) 419,481ms
[316,319s][info][gc] GC(645) Garbage Collection (Allocation Rate) 942M(92%)->982M(96%)
[316,821s][info][gc] Relocation Stall (main) 5,214ms
[316,821s][info][gc] Allocation Stall (main) 481,959ms
[316,826s][info][gc] GC(646) Garbage Collection (Allocation Stall) 1024M(100%)->886M(87%)
[317,302s][info][gc] Allocation Stall (main) 409,397ms
[317,317s][info][gc] GC(647) Garbage Collection (Allocation Rate) 920M(90%)->1000M(98%)
[317,798s][info][gc] Allocation Stall (main) 469,132ms
[317,818s][info][gc] GC(648) Garbage Collection (Allocation Stall) 1024M(100%)->904M(88%)
[318,317s][info][gc] Relocation Stall (main) 3,199ms
[318,317s][info][gc] Allocation Stall (main) 443,438ms
[318,327s][info][gc] GC(649) Garbage Collection (Allocation Rate) 956M(93%)->952M(93%)
[318,805s][info][gc] Allocation Stall (main) 442,220ms
[318,812s][info][gc] GC(650) Garbage Collection (Allocation Stall) 984M(96%)->926M(90%)
[319,294s][info][gc] Allocation Stall (main) 437,050ms
[319,302s][info][gc] GC(651) Garbage Collection (Allocation Stall) 992M(97%)->924M(90%)
[319,814s][info][gc] Relocation Stall (main) 12,863ms
[319,814s][info][gc] Allocation Stall (main) 467,577ms
[319,815s][info][gc] GC(652) Garbage Collection (Allocation Stall) 1016M(99%)->888M(87%)
[320,311s][info][gc] Relocation Stall (main) 3,521ms
[320,311s][info][gc] Allocation Stall (main) 434,159ms
[320,320s][info][gc] GC(653) Garbage Collection (Allocation Stall) 950M(93%)->966M(94%)
[320,806s][info][gc] Allocation Stall (main) 457,586ms
[320,828s][info][gc] GC(654) Garbage Collection (Allocation Stall) 1002M(98%)->932M(91%)
[321,319s][info][gc] Allocation Stall (main) 446,922ms
[321,324s][info][gc] GC(655) Garbage Collection (Allocation Stall) 956M(93%)->950M(93%)
[321,813s][info][gc] Relocation Stall (main) 11,934ms
[321,813s][info][gc] Allocation Stall (main) 443,182ms
[321,817s][info][gc] GC(656) Garbage Collection (Allocation Stall) 992M(97%)->912M(89%)
[322,306s][info][gc] Allocation Stall (main) 437,917ms
[322,315s][info][gc] GC(657) Garbage Collection (Allocation Stall) 968M(95%)->952M(93%)
[322,797s][info][gc] Allocation Stall (main) 448,475ms
[322,805s][info][gc] GC(658) Garbage Collection (Allocation Stall) 1012M(99%)->914M(89%)
[323,303s][info][gc] Allocation Stall (main) 449,001ms
[323,324s][info][gc] GC(659) Garbage Collection (Allocation Stall) 1002M(98%)->942M(92%)
[323,820s][info][gc] Allocation Stall (main) 459,149ms
[323,838s][info][gc] GC(660) Garbage Collection (Allocation Stall) 984M(96%)->948M(93%)
[324,313s][info][gc] Allocation Stall (main) 436,358ms
[324,321s][info][gc] GC(661) Garbage Collection (Allocation Stall) 958M(94%)->958M(94%)
[324,801s][info][gc] Allocation Stall (main) 448,328ms
[324,808s][info][gc] GC(662) Garbage Collection (Allocation Stall) 1004M(98%)->918M(90%)
[325,299s][info][gc] Allocation Stall (main) 443,096ms
[325,308s][info][gc] GC(663) Garbage Collection (Allocation Stall) 996M(97%)->936M(91%)
[325,816s][info][gc] Allocation Stall (main) 468,500ms
[325,839s][info][gc] GC(664) Garbage Collection (Allocation Stall) 1014M(99%)->934M(91%)
[326,369s][info][gc] Relocation Stall (main) 4,720ms
[326,369s][info][gc] Allocation Stall (main) 491,290ms
[326,376s][info][gc] GC(665) Garbage Collection (Allocation Stall) 1024M(100%)->894M(87%)
[326,896s][info][gc] Allocation Stall (main) 464,426ms
[326,915s][info][gc] GC(666) Garbage Collection (Allocation Stall) 1024M(100%)->918M(90%)
[327,411s][info][gc] Allocation Stall (main) 447,605ms
[327,424s][info][gc] GC(667) Garbage Collection (Allocation Rate) 972M(95%)->958M(94%)
[327,912s][info][gc] Allocation Stall (main) 457,485ms
[327,926s][info][gc] GC(668) Garbage Collection (Allocation Stall) 998M(97%)->932M(91%)
[328,407s][info][gc] Allocation Stall (main) 437,911ms
[328,420s][info][gc] GC(669) Garbage Collection (Allocation Stall) 968M(95%)->958M(94%)
[328,902s][info][gc] Allocation Stall (main) 450,574ms
[328,914s][info][gc] GC(670) Garbage Collection (Allocation Stall) 998M(97%)->928M(91%)
[329,410s][info][gc] Relocation Stall (main) 3,902ms
[329,410s][info][gc] Allocation Stall (main) 453,073ms
[329,427s][info][gc] GC(671) Garbage Collection (Allocation Stall) 994M(97%)->932M(91%)
[329,921s][info][gc] Allocation Stall (main) 451,495ms
[329,932s][info][gc] GC(672) Garbage Collection (Allocation Stall) 968M(95%)->948M(93%)
[330,410s][info][gc] Allocation Stall (main) 440,640ms
[330,416s][info][gc] GC(673) Garbage Collection (Allocation Stall) 970M(95%)->944M(92%)
[330,892s][info][gc] Allocation Stall (main) 439,329ms
[330,906s][info][gc] GC(674) Garbage Collection (Allocation Stall) 994M(97%)->936M(91%)
[331,415s][info][gc] Allocation Stall (main) 470,461ms
[331,440s][info][gc] GC(675) Garbage Collection (Allocation Stall) 1022M(100%)->920M(90%)
[331,971s][info][gc] Allocation Stall (main) 486,895ms
[331,986s][info][gc] GC(676) Garbage Collection (Allocation Stall) 1024M(100%)->904M(88%)
[332,522s][info][gc] Relocation Stall (main) 5,280ms
[332,522s][info][gc] Allocation Stall (main) 480,367ms
[332,535s][info][gc] GC(677) Garbage Collection (Allocation Stall) 1024M(100%)->896M(88%)
[333,015s][info][gc] Allocation Stall (main) 414,795ms
[333,026s][info][gc] GC(678) Garbage Collection (Allocation Rate) 912M(89%)->1000M(98%)
[333,516s][info][gc] Relocation Stall (main) 5,552ms
[333,516s][info][gc] Allocation Stall (main) 476,654ms
[333,518s][info][gc] GC(679) Garbage Collection (Allocation Stall) 1024M(100%)->880M(86%)
[333,996s][info][gc] Allocation Stall (main) 407,010ms
[334,004s][info][gc] GC(680) Garbage Collection (Allocation Rate) 930M(91%)->984M(96%)
[334,482s][info][gc] Allocation Stall (main) 458,178ms
[334,497s][info][gc] GC(681) Garbage Collection (Allocation Stall) 1024M(100%)->908M(89%)
[335,016s][info][gc] Allocation Stall (main) 468,877ms
[335,030s][info][gc] GC(682) Garbage Collection (Allocation Rate) 1018M(99%)->916M(89%)
[335,512s][info][gc] Allocation Stall (main) 428,497ms
[335,530s][info][gc] GC(683) Garbage Collection (Allocation Stall) 942M(92%)->986M(96%)
[336,021s][info][gc] Allocation Stall (main) 473,688ms
[336,034s][info][gc] GC(684) Garbage Collection (Allocation Stall) 1016M(99%)->906M(88%)
[336,503s][info][gc] Allocation Stall (main) 409,649ms
[336,512s][info][gc] GC(685) Garbage Collection (Allocation Stall) 922M(90%)->994M(97%)
[336,992s][info][gc] Relocation Stall (main) 5,547ms
[336,992s][info][gc] Allocation Stall (main) 464,065ms
[337,002s][info][gc] GC(686) Garbage Collection (Allocation Stall) 1024M(100%)->892M(87%)
[337,507s][info][gc] Allocation Stall (main) 447,700ms
[337,524s][info][gc] GC(687) Garbage Collection (Allocation Rate) 986M(96%)->940M(92%)
[338,019s][info][gc] Allocation Stall (main) 455,953ms
[338,025s][info][gc] GC(688) Garbage Collection (Allocation Stall) 972M(95%)->938M(92%)
[338,500s][info][gc] Allocation Stall (main) 434,756ms
[338,525s][info][gc] GC(689) Garbage Collection (Allocation Stall) 974M(95%)->962M(94%)
[339,030s][info][gc] Allocation Stall (main) 477,134ms
[339,037s][info][gc] GC(690) Garbage Collection (Allocation Stall) 1004M(98%)->910M(89%)
[339,495s][info][gc] Allocation Stall (main) 399,447ms
[339,515s][info][gc] GC(691) Garbage Collection (Allocation Stall) 914M(89%)->1008M(98%)
[340,013s][info][gc] Relocation Stall (main) 5,471ms
[340,013s][info][gc] Allocation Stall (main) 489,399ms
[340,018s][info][gc] GC(692) Garbage Collection (Allocation Stall) 1024M(100%)->878M(86%)
[340,502s][info][gc] Relocation Stall (main) 1,701ms
[340,502s][info][gc] Allocation Stall (main) 413,845ms
[340,506s][info][gc] GC(693) Garbage Collection (Allocation Rate) 922M(90%)->976M(95%)
[340,987s][info][gc] Allocation Stall (main) 458,222ms
[340,996s][info][gc] GC(694) Garbage Collection (Allocation Stall) 1024M(100%)->898M(88%)
[341,510s][info][gc] Relocation Stall (main) 4,236ms
[341,510s][info][gc] Allocation Stall (main) 455,797ms
[341,516s][info][gc] GC(695) Garbage Collection (Allocation Rate) 1010M(99%)->908M(89%)
[342,005s][info][gc] Allocation Stall (main) 436,077ms
[342,027s][info][gc] GC(696) Garbage Collection (Allocation Stall) 966M(94%)->970M(95%)
[342,521s][info][gc] Allocation Stall (main) 469,840ms
[342,530s][info][gc] GC(697) Garbage Collection (Allocation Stall) 1006M(98%)->912M(89%)
[342,994s][info][gc] Allocation Stall (main) 406,861ms
[343,004s][info][gc] GC(698) Garbage Collection (Allocation Stall) 930M(91%)->988M(96%)
[343,486s][info][gc] Allocation Stall (main) 464,462ms
[343,496s][info][gc] GC(699) Garbage Collection (Allocation Stall) 1024M(100%)->902M(88%)
[344,011s][info][gc] Allocation Stall (main) 462,112ms
[344,035s][info][gc] GC(700) Garbage Collection (Allocation Rate) 998M(97%)->942M(92%)
[344,525s][info][gc] Allocation Stall (main) 449,653ms
[344,539s][info][gc] GC(701) Garbage Collection (Allocation Stall) 960M(94%)->956M(93%)
[345,006s][info][gc] Allocation Stall (main) 432,175ms
[345,014s][info][gc] GC(702) Garbage Collection (Allocation Stall) 956M(93%)->954M(93%)
[345,511s][info][gc] Allocation Stall (main) 465,009ms
[345,521s][info][gc] GC(703) Garbage Collection (Allocation Stall) 1018M(99%)->902M(88%)
[345,998s][info][gc] Allocation Stall (main) 421,174ms
[346,006s][info][gc] GC(704) Garbage Collection (Allocation Stall) 950M(93%)->968M(95%)
[346,497s][info][gc] Allocation Stall (main) 463,271ms
[346,510s][info][gc] GC(705) Garbage Collection (Allocation Stall) 1024M(100%)->908M(89%)
[347,009s][info][gc] Allocation Stall (main) 446,867ms
[347,022s][info][gc] GC(706) Garbage Collection (Allocation Rate) 984M(96%)->948M(93%)
[347,506s][info][gc] Allocation Stall (main) 448,106ms
[347,517s][info][gc] GC(707) Garbage Collection (Allocation Stall) 982M(96%)->944M(92%)
[348,005s][info][gc] Relocation Stall (main) 3,520ms
[348,005s][info][gc] Allocation Stall (main) 450,920ms
[348,015s][info][gc] GC(708) Garbage Collection (Allocation Stall) 990M(97%)->934M(91%)
[348,519s][info][gc] Allocation Stall (main) 463,288ms
[348,544s][info][gc] GC(709) Garbage Collection (Allocation Stall) 994M(97%)->946M(92%)
[349,070s][info][gc] Allocation Stall (main) 491,040ms
[349,083s][info][gc] GC(710) Garbage Collection (Allocation Stall) 1024M(100%)->898M(88%)
[349,603s][info][gc] Allocation Stall (main) 466,576ms
[349,615s][info][gc] GC(711) Garbage Collection (Allocation Stall) 1024M(100%)->902M(88%)
[350,107s][info][gc] Allocation Stall (main) 435,246ms
[350,132s][info][gc] GC(712) Garbage Collection (Allocation Rate) 962M(94%)->976M(95%)
[350,635s][info][gc] Allocation Stall (main) 481,102ms
[350,643s][info][gc] GC(713) Garbage Collection (Allocation Stall) 1002M(98%)->908M(89%)
[351,101s][info][gc] Relocation Stall (main) 0,897ms
[351,101s][info][gc] Allocation Stall (main) 398,692ms
[351,112s][info][gc] GC(714) Garbage Collection (Allocation Stall) 910M(89%)->1000M(98%)
[351,592s][info][gc] Relocation Stall (main) 5,215ms
[351,593s][info][gc] Allocation Stall (main) 468,687ms
[351,595s][info][gc] GC(715) Garbage Collection (Allocation Stall) 1024M(100%)->880M(86%)
[352,099s][info][gc] Relocation Stall (main) 1,179ms
[352,099s][info][gc] Allocation Stall (main) 441,731ms
[352,105s][info][gc] GC(716) Garbage Collection (Allocation Rate) 992M(97%)->926M(90%)
[352,606s][info][gc] Allocation Stall (main) 456,265ms
[352,626s][info][gc] GC(717) Garbage Collection (Allocation Stall) 1010M(99%)->930M(91%)
[353,120s][info][gc] Allocation Stall (main) 449,877ms
[353,135s][info][gc] GC(718) Garbage Collection (Allocation Stall) 968M(95%)->958M(94%)
[353,619s][info][gc] Relocation Stall (main) 3,371ms
[353,619s][info][gc] Allocation Stall (main) 451,829ms
[353,621s][info][gc] GC(719) Garbage Collection (Allocation Stall) 976M(95%)->934M(91%)
[354,098s][info][gc] Allocation Stall (main) 435,967ms
[354,110s][info][gc] GC(720) Garbage Collection (Allocation Stall) 982M(96%)->948M(93%)
[354,606s][info][gc] Allocation Stall (main) 462,067ms
[354,621s][info][gc] GC(721) Garbage Collection (Allocation Stall) 1020M(100%)->916M(89%)
[355,114s][info][gc] Allocation Stall (main) 443,428ms
[355,133s][info][gc] GC(722) Garbage Collection (Allocation Stall) 964M(94%)->970M(95%)
[355,625s][info][gc] Allocation Stall (main) 467,256ms
[355,632s][info][gc] GC(723) Garbage Collection (Allocation Stall) 992M(97%)->928M(91%)
[356,097s][info][gc] Allocation Stall (main) 417,126ms
[356,113s][info][gc] GC(724) Garbage Collection (Allocation Stall) 950M(93%)->978M(96%)
[356,603s][info][gc] Allocation Stall (main) 469,128ms
[356,618s][info][gc] GC(725) Garbage Collection (Allocation Stall) 1024M(100%)->906M(88%)
[357,132s][info][gc] Relocation Stall (main) 0,347ms
[357,132s][info][gc] Allocation Stall (main) 459,639ms
[357,145s][info][gc] GC(726) Garbage Collection (Allocation Rate) 960M(94%)->962M(94%)
[357,651s][info][gc] Allocation Stall (main) 475,978ms
[357,673s][info][gc] GC(727) Garbage Collection (Allocation Stall) 1024M(100%)->912M(89%)
[358,211s][info][gc] Relocation Stall (main) 3,976ms
[358,211s][info][gc] Allocation Stall (main) 490,029ms
[358,221s][info][gc] GC(728) Garbage Collection (Allocation Stall) 1024M(100%)->890M(87%)
[358,708s][info][gc] Relocation Stall (main) 2,193ms
[358,708s][info][gc] Allocation Stall (main) 422,217ms
[358,720s][info][gc] GC(729) Garbage Collection (Allocation Rate) 936M(91%)->976M(95%)
[359,209s][info][gc] Allocation Stall (main) 465,572ms
[359,219s][info][gc] GC(730) Garbage Collection (Allocation Stall) 1024M(100%)->896M(88%)
[359,712s][info][gc] Relocation Stall (main) 9,073ms
[359,712s][info][gc] Allocation Stall (main) 433,551ms
[359,716s][info][gc] GC(731) Garbage Collection (Allocation Rate) 950M(93%)->952M(93%)
[360,210s][info][gc] Allocation Stall (main) 461,147ms
[360,217s][info][gc] GC(732) Garbage Collection (Allocation Stall) 1012M(99%)->906M(88%)
[360,697s][info][gc] Allocation Stall (main) 426,183ms
[360,713s][info][gc] GC(733) Garbage Collection (Allocation Stall) 964M(94%)->964M(94%)
[361,212s][info][gc] Allocation Stall (main) 470,605ms
[361,224s][info][gc] GC(734) Garbage Collection (Allocation Stall) 1024M(100%)->904M(88%)
[361,713s][info][gc] Relocation Stall (main) 2,186ms
[361,713s][info][gc] Allocation Stall (main) 429,956ms
[361,721s][info][gc] GC(735) Garbage Collection (Allocation Rate) 946M(92%)->970M(95%)
[362,209s][info][gc] Allocation Stall (main) 461,891ms
[362,221s][info][gc] GC(736) Garbage Collection (Allocation Stall) 1016M(99%)->914M(89%)
[362,707s][info][gc] Allocation Stall (main) 435,011ms
[362,732s][info][gc] GC(737) Garbage Collection (Allocation Stall) 960M(94%)->980M(96%)
[363,235s][info][gc] Allocation Stall (main) 482,565ms
[363,247s][info][gc] GC(738) Garbage Collection (Allocation Stall) 1004M(98%)->910M(89%)
[363,758s][info][gc] Allocation Stall (main) 461,241ms
[363,768s][info][gc] GC(739) Garbage Collection (Allocation Stall) 1024M(100%)->898M(88%)
[364,289s][info][gc] Allocation Stall (main) 466,879ms
[364,308s][info][gc] GC(740) Garbage Collection (Allocation Stall) 1024M(100%)->912M(89%)
[364,817s][info][gc] Allocation Stall (main) 460,172ms
[364,824s][info][gc] GC(741) Garbage Collection (Allocation Rate) 992M(97%)->928M(91%)
[365,304s][info][gc] Allocation Stall (main) 434,954ms
[365,318s][info][gc] GC(742) Garbage Collection (Allocation Stall) 968M(95%)->962M(94%)
[365,804s][info][gc] Allocation Stall (main) 457,084ms
[365,816s][info][gc] GC(743) Garbage Collection (Allocation Stall) 1016M(99%)->912M(89%)
[366,302s][info][gc] Allocation Stall (main) 435,146ms
[366,319s][info][gc] GC(744) Garbage Collection (Allocation Stall) 972M(95%)->962M(94%)
[366,812s][info][gc] Allocation Stall (main) 464,483ms
[366,829s][info][gc] GC(745) Garbage Collection (Allocation Stall) 1016M(99%)->918M(90%)
[367,319s][info][gc] Allocation Stall (main) 439,126ms
[367,341s][info][gc] GC(746) Garbage Collection (Allocation Stall) 948M(93%)->982M(96%)
[367,848s][info][gc] Allocation Stall (main) 486,833ms
[367,855s][info][gc] GC(747) Garbage Collection (Allocation Stall) 1024M(100%)->890M(87%)
[368,380s][info][gc] Relocation Stall (main) 5,331ms
[368,380s][info][gc] Allocation Stall (main) 467,682ms
[368,394s][info][gc] GC(748) Garbage Collection (Allocation Stall) 1024M(100%)->900M(88%)
[368,922s][info][gc] Allocation Stall (main) 475,366ms
[368,940s][info][gc] GC(749) Garbage Collection (Allocation Rate) 1018M(99%)->910M(89%)
[369,427s][info][gc] Relocation Stall (main) 11,210ms
[369,427s][info][gc] Allocation Stall (main) 427,873ms
[369,427s][info][gc] GC(750) Garbage Collection (Allocation Stall) 916M(89%)->970M(95%)
[369,905s][info][gc] Allocation Stall (main) 452,339ms
[369,910s][info][gc] GC(751) Garbage Collection (Allocation Stall) 1004M(98%)->902M(88%)
[370,391s][info][gc] Allocation Stall (main) 426,131ms
[370,399s][info][gc] GC(752) Garbage Collection (Allocation Stall) 976M(95%)->942M(92%)
[370,896s][info][gc] Relocation Stall (main) 5,161ms
[370,896s][info][gc] Allocation Stall (main) 460,466ms
[370,904s][info][gc] GC(753) Garbage Collection (Allocation Stall) 1024M(100%)->900M(88%)
[371,412s][info][gc] Relocation Stall (main) 2,312ms
[371,413s][info][gc] Allocation Stall (main) 453,803ms
[371,432s][info][gc] GC(754) Garbage Collection (Allocation Rate) 988M(96%)->950M(93%)
[371,934s][info][gc] Allocation Stall (main) 466,186ms
[371,940s][info][gc] GC(755) Garbage Collection (Allocation Stall) 974M(95%)->940M(92%)
[372,397s][info][gc] Allocation Stall (main) 414,894ms
[372,415s][info][gc] GC(756) Garbage Collection (Allocation Stall) 940M(92%)->988M(96%)
[372,905s][info][gc] Allocation Stall (main) 472,820ms
[372,914s][info][gc] GC(757) Garbage Collection (Allocation Stall) 1024M(100%)->900M(88%)
[373,398s][info][gc] Allocation Stall (main) 427,035ms
[373,411s][info][gc] GC(758) Garbage Collection (Allocation Rate) 964M(94%)->964M(94%)
[373,910s][info][gc] Allocation Stall (main) 471,827ms
[373,924s][info][gc] GC(759) Garbage Collection (Allocation Stall) 1024M(100%)->910M(89%)
[374,407s][info][gc] Allocation Stall (main) 429,067ms
[374,421s][info][gc] GC(760) Garbage Collection (Allocation Rate) 950M(93%)->978M(96%)
[374,912s][info][gc] Relocation Stall (main) 4,452ms
[374,913s][info][gc] Allocation Stall (main) 469,899ms
[374,921s][info][gc] GC(761) Garbage Collection (Allocation Stall) 1024M(100%)->898M(88%)
[375,406s][info][gc] Allocation Stall (main) 425,316ms
[375,420s][info][gc] GC(762) Garbage Collection (Allocation Rate) 944M(92%)->982M(96%)
[375,904s][info][gc] Allocation Stall (main) 463,578ms
[375,912s][info][gc] GC(763) Garbage Collection (Allocation Stall) 1024M(100%)->898M(88%)
[376,394s][info][gc] Allocation Stall (main) 425,639ms
[376,410s][info][gc] GC(764) Garbage Collection (Allocation Rate) 968M(95%)->964M(94%)
[376,915s][info][gc] Relocation Stall (main) 5,367ms
[376,915s][info][gc] Allocation Stall (main) 477,169ms
[376,925s][info][gc] GC(765) Garbage Collection (Allocation Stall) 1024M(100%)->900M(88%)
[377,406s][info][gc] Allocation Stall (main) 422,901ms
[377,422s][info][gc] GC(766) Garbage Collection (Allocation Rate) 940M(92%)->986M(96%)
[377,907s][info][gc] Allocation Stall (main) 467,165ms
[377,927s][info][gc] GC(767) Garbage Collection (Allocation Stall) 1024M(100%)->908M(89%)
[378,427s][info][gc] Relocation Stall (main) 13,344ms
[378,427s][info][gc] Allocation Stall (main) 446,310ms
[378,432s][info][gc] GC(768) Garbage Collection (Allocation Rate) 946M(92%)->948M(93%)
[378,914s][info][gc] Allocation Stall (main) 445,457ms
[378,920s][info][gc] GC(769) Garbage Collection (Allocation Stall) 972M(95%)->932M(91%)
[379,401s][info][gc] Allocation Stall (main) 438,575ms
[379,417s][info][gc] GC(770) Garbage Collection (Allocation Stall) 984M(96%)->938M(92%)
[379,907s][info][gc] Allocation Stall (main) 451,136ms
[379,916s][info][gc] GC(771) Garbage Collection (Allocation Stall) 996M(97%)->918M(90%)
[380,396s][info][gc] Relocation Stall (main) 1,761ms
[380,396s][info][gc] Allocation Stall (main) 428,370ms
[380,402s][info][gc] GC(772) Garbage Collection (Allocation Stall) 968M(95%)->946M(92%)
[380,886s][info][gc] Allocation Stall (main) 449,058ms
[380,900s][info][gc] GC(773) Garbage Collection (Allocation Stall) 1024M(100%)->906M(88%)
[381,417s][info][gc] Allocation Stall (main) 466,301ms
[381,444s][info][gc] GC(774) Garbage Collection (Allocation Rate) 1006M(98%)->940M(92%)
[381,974s][info][gc] Relocation Stall (main) 4,432ms
[381,974s][info][gc] Allocation Stall (main) 491,868ms
[381,978s][info][gc] GC(775) Garbage Collection (Allocation Stall) 1024M(100%)->886M(87%)
[382,507s][info][gc] Allocation Stall (main) 470,740ms
[382,531s][info][gc] GC(776) Garbage Collection (Allocation Stall) 1024M(100%)->920M(90%)
[383,026s][info][gc] Allocation Stall (main) 444,365ms
[383,031s][info][gc] GC(777) Garbage Collection (Allocation Rate) 946M(92%)->966M(94%)
[383,498s][info][gc] Allocation Stall (main) 439,108ms
[383,515s][info][gc] GC(778) Garbage Collection (Allocation Stall) 992M(97%)->942M(92%)
[384,025s][info][gc] Allocation Stall (main) 474,547ms
[384,048s][info][gc] GC(779) Garbage Collection (Allocation Stall) 1008M(98%)->928M(91%)
[384,571s][info][gc] Relocation Stall (main) 3,990ms
[384,571s][info][gc] Allocation Stall (main) 482,152ms
[384,577s][info][gc] GC(780) Garbage Collection (Allocation Stall) 1024M(100%)->888M(87%)
[385,098s][info][gc] Allocation Stall (main) 463,488ms
[385,123s][info][gc] GC(781) Garbage Collection (Allocation Stall) 1024M(100%)->918M(90%)
[385,629s][info][gc] Allocation Stall (main) 457,582ms
[385,636s][info][gc] GC(782) Garbage Collection (Allocation Rate) 962M(94%)->948M(93%)
[386,093s][info][gc] Allocation Stall (main) 419,009ms
[386,104s][info][gc] GC(783) Garbage Collection (Allocation Stall) 954M(93%)->964M(94%)
[386,601s][info][gc] Allocation Stall (main) 469,071ms
[386,624s][info][gc] GC(784) Garbage Collection (Allocation Stall) 1024M(100%)->912M(89%)
[387,127s][info][gc] Allocation Stall (main) 451,131ms
[387,136s][info][gc] GC(785) Garbage Collection (Allocation Rate) 956M(93%)->956M(93%)
[387,599s][info][gc] Allocation Stall (main) 429,815ms
[387,605s][info][gc] GC(786) Garbage Collection (Allocation Stall) 972M(95%)->940M(92%)
[388,102s][info][gc] Relocation Stall (main) 5,023ms
[388,102s][info][gc] Allocation Stall (main) 458,712ms
[388,112s][info][gc] GC(787) Garbage Collection (Allocation Stall) 1024M(100%)->898M(88%)
[388,614s][info][gc] Allocation Stall (main) 443,084ms
[388,626s][info][gc] GC(788) Garbage Collection (Allocation Rate) 960M(94%)->964M(94%)
[389,113s][info][gc] Allocation Stall (main) 459,177ms
[389,126s][info][gc] GC(789) Garbage Collection (Allocation Stall) 1000M(98%)->926M(90%)
[389,603s][info][gc] Allocation Stall (main) 430,537ms
[389,610s][info][gc] GC(790) Garbage Collection (Allocation Stall) 962M(94%)->958M(94%)
[390,100s][info][gc] Allocation Stall (main) 458,108ms
[390,123s][info][gc] GC(791) Garbage Collection (Allocation Stall) 1018M(99%)->924M(90%)
[390,623s][info][gc] Allocation Stall (main) 452,045ms
[390,630s][info][gc] GC(792) Garbage Collection (Allocation Stall) 958M(94%)->956M(93%)
[391,096s][info][gc] Allocation Stall (main) 433,126ms
[391,106s][info][gc] GC(793) Garbage Collection (Allocation Stall) 982M(96%)->940M(92%)
[391,601s][info][gc] Allocation Stall (main) 457,446ms
[391,614s][info][gc] GC(794) Garbage Collection (Allocation Stall) 1024M(100%)->910M(89%)
[392,106s][info][gc] Allocation Stall (main) 440,451ms
[392,124s][info][gc] GC(795) Garbage Collection (Allocation Stall) 974M(95%)->960M(94%)
[392,615s][info][gc] Allocation Stall (main) 462,171ms
[392,632s][info][gc] GC(796) Garbage Collection (Allocation Stall) 1004M(98%)->926M(90%)
[393,111s][info][gc] Allocation Stall (main) 431,458ms
[393,123s][info][gc] GC(797) Garbage Collection (Allocation Stall) 950M(93%)->968M(95%)
[393,611s][info][gc] Allocation Stall (main) 461,907ms
[393,618s][info][gc] GC(798) Garbage Collection (Allocation Stall) 1012M(99%)->908M(89%)
[394,105s][info][gc] Allocation Stall (main) 433,063ms
[394,128s][info][gc] GC(799) Garbage Collection (Allocation Stall) 962M(94%)->974M(95%)
[394,625s][info][gc] Allocation Stall (main) 473,371ms
[394,634s][info][gc] GC(800) Garbage Collection (Allocation Stall) 1002M(98%)->912M(89%)
[395,102s][info][gc] Allocation Stall (main) 412,211ms
[395,110s][info][gc] GC(801) Garbage Collection (Allocation Stall) 932M(91%)->982M(96%)
[395,608s][info][gc] Relocation Stall (main) 5,757ms
[395,608s][info][gc] Allocation Stall (main) 478,393ms
[395,616s][info][gc] GC(802) Garbage Collection (Allocation Stall) 1024M(100%)->892M(87%)
[396,101s][info][gc] Allocation Stall (main) 425,615ms
[396,114s][info][gc] GC(803) Garbage Collection (Allocation Rate) 952M(93%)->972M(95%)
[396,605s][info][gc] Relocation Stall (main) 4,780ms
[396,605s][info][gc] Allocation Stall (main) 466,496ms
[396,615s][info][gc] GC(804) Garbage Collection (Allocation Stall) 1024M(100%)->898M(88%)
[397,113s][info][gc] Allocation Stall (main) 439,477ms
[397,131s][info][gc] GC(805) Garbage Collection (Allocation Rate) 958M(94%)->968M(95%)
[397,631s][info][gc] Relocation Stall (main) 9,917ms
[397,631s][info][gc] Allocation Stall (main) 473,016ms
[397,633s][info][gc] GC(806) Garbage Collection (Allocation Stall) 984M(96%)->912M(89%)
[398,102s][info][gc] Allocation Stall (main) 413,193ms
[398,113s][info][gc] GC(807) Garbage Collection (Allocation Stall) 934M(91%)->978M(96%)
[398,595s][info][gc] Allocation Stall (main) 460,653ms
[398,604s][info][gc] GC(808) Garbage Collection (Allocation Stall) 1024M(100%)->894M(87%)
[399,102s][info][gc] Allocation Stall (main) 440,149ms
[399,115s][info][gc] GC(809) Garbage Collection (Allocation Rate) 982M(96%)->946M(92%)
[399,616s][info][gc] Relocation Stall (main) 4,863ms
[399,616s][info][gc] Allocation Stall (main) 460,560ms
[399,627s][info][gc] GC(810) Garbage Collection (Allocation Stall) 1008M(98%)->916M(89%)
[400,117s][info][gc] Allocation Stall (main) 437,955ms
[400,134s][info][gc] GC(811) Garbage Collection (Allocation Stall) 950M(93%)->974M(95%)
[400,615s][info][gc] Allocation Stall (main) 456,680ms
[400,627s][info][gc] GC(812) Garbage Collection (Allocation Stall) 994M(97%)->926M(90%)
[401,115s][info][gc] Allocation Stall (main) 440,955ms
[401,121s][info][gc] GC(813) Garbage Collection (Allocation Stall) 960M(94%)->950M(93%)
[401,599s][info][gc] Allocation Stall (main) 443,727ms
[401,619s][info][gc] GC(814) Garbage Collection (Allocation Stall) 998M(97%)->936M(91%)
[402,121s][info][gc] Allocation Stall (main) 461,816ms
[402,139s][info][gc] GC(815) Garbage Collection (Allocation Stall) 988M(96%)->938M(92%)
[402,649s][info][gc] Allocation Stall (main) 470,795ms
[402,665s][info][gc] GC(816) Garbage Collection (Allocation Stall) 1024M(100%)->902M(88%)
[403,184s][info][gc] Allocation Stall (main) 466,910ms
[403,199s][info][gc] GC(817) Garbage Collection (Allocation Stall) 1024M(100%)->902M(88%)
[403,706s][info][gc] Allocation Stall (main) 454,722ms
[403,720s][info][gc] GC(818) Garbage Collection (Allocation Rate) 1004M(98%)->924M(90%)
[404,203s][info][gc] Allocation Stall (main) 435,247ms
[404,215s][info][gc] GC(819) Garbage Collection (Allocation Stall) 964M(94%)->960M(94%)
[404,702s][info][gc] Allocation Stall (main) 456,985ms
[404,721s][info][gc] GC(820) Garbage Collection (Allocation Stall) 1012M(99%)->924M(90%)
[405,210s][info][gc] Allocation Stall (main) 442,360ms
[405,227s][info][gc] GC(821) Garbage Collection (Allocation Stall) 962M(94%)->962M(94%)
[405,716s][info][gc] Allocation Stall (main) 459,075ms
[405,723s][info][gc] GC(822) Garbage Collection (Allocation Stall) 988M(96%)->926M(90%)
[406,196s][info][gc] Allocation Stall (main) 425,661ms
[406,212s][info][gc] GC(823) Garbage Collection (Allocation Stall) 964M(94%)->962M(94%)
[406,713s][info][gc] Allocation Stall (main) 471,943ms
[406,721s][info][gc] GC(824) Garbage Collection (Allocation Stall) 1024M(100%)->894M(87%)
[407,197s][info][gc] Allocation Stall (main) 415,330ms
[407,210s][info][gc] GC(825) Garbage Collection (Allocation Rate) 940M(92%)->984M(96%)
[407,700s][info][gc] Allocation Stall (main) 470,754ms
[407,709s][info][gc] GC(826) Garbage Collection (Allocation Stall) 1024M(100%)->900M(88%)
[408,202s][info][gc] Allocation Stall (main) 434,145ms
[408,221s][info][gc] GC(827) Garbage Collection (Allocation Rate) 964M(94%)->964M(94%)
[408,718s][info][gc] Relocation Stall (main) 1,439ms
[408,718s][info][gc] Allocation Stall (main) 469,463ms
[408,730s][info][gc] GC(828) Garbage Collection (Allocation Stall) 1010M(99%)->914M(89%)
[409,208s][info][gc] Allocation Stall (main) 423,844ms
[409,220s][info][gc] GC(829) Garbage Collection (Allocation Stall) 942M(92%)->982M(96%)
[409,703s][info][gc] Allocation Stall (main) 463,431ms
[409,713s][info][gc] GC(830) Garbage Collection (Allocation Stall) 1022M(100%)->904M(88%)
[410,201s][info][gc] Allocation Stall (main) 433,428ms
[410,219s][info][gc] GC(831) Garbage Collection (Allocation Stall) 970M(95%)->968M(95%)
[410,715s][info][gc] Allocation Stall (main) 469,892ms
[410,735s][info][gc] GC(832) Garbage Collection (Allocation Stall) 1020M(100%)->918M(90%)
[411,214s][info][gc] Allocation Stall (main) 426,646ms
[411,225s][info][gc] GC(833) Garbage Collection (Allocation Stall) 936M(91%)->980M(96%)
[411,702s][info][gc] Allocation Stall (main) 456,671ms
[411,723s][info][gc] GC(834) Garbage Collection (Allocation Stall) 1020M(100%)->912M(89%)
[412,221s][info][gc] Allocation Stall (main) 447,540ms
[412,226s][info][gc] GC(835) Garbage Collection (Allocation Stall) 956M(93%)->952M(93%)
[412,697s][info][gc] Allocation Stall (main) 437,491ms
[412,709s][info][gc] GC(836) Garbage Collection (Allocation Stall) 988M(96%)->936M(91%)
[413,217s][info][gc] Allocation Stall (main) 468,629ms
[413,242s][info][gc] GC(837) Garbage Collection (Allocation Stall) 1012M(99%)->930M(91%)
[413,774s][info][gc] Allocation Stall (main) 491,031ms
[413,782s][info][gc] GC(838) Garbage Collection (Allocation Stall) 1024M(100%)->894M(87%)
[414,300s][info][gc] Allocation Stall (main) 461,173ms
[414,326s][info][gc] GC(839) Garbage Collection (Allocation Stall) 1024M(100%)->922M(90%)
[414,839s][info][gc] Allocation Stall (main) 465,660ms
[414,843s][info][gc] GC(840) Garbage Collection (Allocation Rate) 952M(93%)->956M(93%)
[415,342s][info][gc] Relocation Stall (main) 5,335ms
[415,342s][info][gc] Allocation Stall (main) 467,395ms
[415,356s][info][gc] GC(841) Garbage Collection (Allocation Stall) 1024M(100%)->902M(88%)
[415,895s][info][gc] Allocation Stall (main) 487,506ms
[415,917s][info][gc] GC(842) Garbage Collection (Allocation Stall) 1024M(100%)->912M(89%)
[416,422s][info][gc] Allocation Stall (main) 454,375ms
[416,440s][info][gc] GC(843) Garbage Collection (Allocation Rate) 970M(95%)->948M(93%)
[416,921s][info][gc] Allocation Stall (main) 442,241ms
[416,925s][info][gc] GC(844) Garbage Collection (Allocation Stall) 952M(93%)->948M(93%)
[417,401s][info][gc] Relocation Stall (main) 4,206ms
[417,402s][info][gc] Allocation Stall (main) 442,431ms
[417,414s][info][gc] GC(845) Garbage Collection (Allocation Stall) 990M(97%)->922M(90%)
[417,921s][info][gc] Relocation Stall (main) 3,308ms
[417,921s][info][gc] Allocation Stall (main) 455,286ms
[417,931s][info][gc] GC(846) Garbage Collection (Allocation Stall) 990M(97%)->922M(90%)
[418,409s][info][gc] Allocation Stall (main) 427,379ms
[418,418s][info][gc] GC(847) Garbage Collection (Allocation Stall) 946M(92%)->962M(94%)
[418,911s][info][gc] Allocation Stall (main) 463,884ms
[418,919s][info][gc] GC(848) Garbage Collection (Allocation Stall) 1018M(99%)->900M(88%)
[419,402s][info][gc] Allocation Stall (main) 421,058ms
[419,420s][info][gc] GC(849) Garbage Collection (Allocation Stall) 942M(92%)->982M(96%)
[419,918s][info][gc] Allocation Stall (main) 478,066ms
[419,925s][info][gc] GC(850) Garbage Collection (Allocation Stall) 1024M(100%)->892M(87%)
[420,402s][info][gc] Allocation Stall (main) 411,685ms
[420,414s][info][gc] GC(851) Garbage Collection (Allocation Rate) 930M(91%)->988M(96%)
[420,897s][info][gc] Allocation Stall (main) 466,343ms
[420,915s][info][gc] GC(852) Garbage Collection (Allocation Stall) 1024M(100%)->906M(88%)
[421,421s][info][gc] Allocation Stall (main) 453,096ms
[421,426s][info][gc] GC(853) Garbage Collection (Allocation Rate) 970M(95%)->944M(92%)
[421,896s][info][gc] Allocation Stall (main) 433,056ms
[421,919s][info][gc] GC(854) Garbage Collection (Allocation Stall) 982M(96%)->958M(94%)
[422,428s][info][gc] Allocation Stall (main) 479,784ms
[422,436s][info][gc] GC(855) Garbage Collection (Allocation Stall) 1012M(99%)->908M(89%)
[422,901s][info][gc] Allocation Stall (main) 406,046ms
[422,918s][info][gc] GC(856) Garbage Collection (Allocation Stall) 924M(90%)->1002M(98%)
[423,412s][info][gc] Allocation Stall (main) 482,787ms
[423,427s][info][gc] GC(857) Garbage Collection (Allocation Stall) 1024M(100%)->900M(88%)
[423,907s][info][gc] Allocation Stall (main) 421,127ms
[423,918s][info][gc] GC(858) Garbage Collection (Allocation Rate) 936M(91%)->978M(96%)
[424,407s][info][gc] Relocation Stall (main) 4,972ms
[424,408s][info][gc] Allocation Stall (main) 467,321ms
[424,416s][info][gc] GC(859) Garbage Collection (Allocation Stall) 1024M(100%)->890M(87%)
[424,904s][info][gc] Allocation Stall (main) 427,514ms
[424,909s][info][gc] GC(860) Garbage Collection (Allocation Rate) 952M(93%)->960M(94%)
[425,400s][info][gc] Allocation Stall (main) 460,947ms
[425,407s][info][gc] GC(861) Garbage Collection (Allocation Stall) 1024M(100%)->902M(88%)
[425,902s][info][gc] Allocation Stall (main) 441,017ms
[425,912s][info][gc] GC(862) Garbage Collection (Allocation Rate) 984M(96%)->952M(93%)
[426,407s][info][gc] Allocation Stall (main) 463,094ms
[426,423s][info][gc] GC(863) Garbage Collection (Allocation Stall) 1020M(100%)->924M(90%)
[426,914s][info][gc] Allocation Stall (main) 443,991ms
[426,932s][info][gc] GC(864) Garbage Collection (Allocation Stall) 968M(95%)->974M(95%)
[427,422s][info][gc] Allocation Stall (main) 465,065ms
[427,437s][info][gc] GC(865) Garbage Collection (Allocation Stall) 994M(97%)->940M(92%)
[427,910s][info][gc] Allocation Stall (main) 430,425ms
[427,916s][info][gc] GC(866) Garbage Collection (Allocation Stall) 950M(93%)->970M(95%)
[428,396s][info][gc] Allocation Stall (main) 453,685ms
[428,403s][info][gc] GC(867) Garbage Collection (Allocation Stall) 1024M(100%)->904M(88%)
[428,901s][info][gc] Allocation Stall (main) 446,552ms
[428,921s][info][gc] GC(868) Garbage Collection (Allocation Rate) 998M(97%)->950M(93%)
[429,414s][info][gc] Allocation Stall (main) 459,082ms
[429,433s][info][gc] GC(869) Garbage Collection (Allocation Stall) 990M(97%)->950M(93%)
[429,919s][info][gc] Relocation Stall (main) 1,290ms
[429,919s][info][gc] Allocation Stall (main) 449,473ms
[429,937s][info][gc] GC(870) Garbage Collection (Allocation Stall) 970M(95%)->958M(94%)
[430,423s][info][gc] Allocation Stall (main) 452,185ms
[430,432s][info][gc] GC(871) Garbage Collection (Allocation Stall) 970M(95%)->944M(92%)
[430,903s][info][gc] Allocation Stall (main) 431,531ms
[430,912s][info][gc] GC(872) Garbage Collection (Allocation Stall) 966M(94%)->950M(93%)
[431,403s][info][gc] Allocation Stall (main) 457,732ms
[431,417s][info][gc] GC(873) Garbage Collection (Allocation Stall) 1014M(99%)->912M(89%)
[431,907s][info][gc] Allocation Stall (main) 439,360ms
[431,928s][info][gc] GC(874) Garbage Collection (Allocation Stall) 970M(95%)->962M(94%)
[432,436s][info][gc] Allocation Stall (main) 478,438ms
[432,442s][info][gc] GC(875) Garbage Collection (Allocation Stall) 994M(97%)->920M(90%)
[432,941s][info][gc] Allocation Stall (main) 452,250ms
[432,951s][info][gc] GC(876) Garbage Collection (Allocation Stall) 1024M(100%)->902M(88%)
[433,472s][info][gc] Relocation Stall (main) 4,799ms
[433,472s][info][gc] Allocation Stall (main) 469,204ms
[433,488s][info][gc] GC(877) Garbage Collection (Allocation Stall) 1024M(100%)->912M(89%)
[434,014s][info][gc] Allocation Stall (main) 477,334ms
[434,040s][info][gc] GC(878) Garbage Collection (Allocation Stall) 1024M(100%)->918M(90%)
[434,574s][info][gc] Relocation Stall (main) 5,269ms
[434,574s][info][gc] Allocation Stall (main) 489,035ms
[434,581s][info][gc] GC(879) Garbage Collection (Allocation Stall) 1024M(100%)->888M(87%)
[435,102s][info][gc] Allocation Stall (main) 461,947ms
[435,119s][info][gc] GC(880) Garbage Collection (Allocation Stall) 1024M(100%)->908M(89%)
[435,614s][info][gc] Relocation Stall (main) 2,416ms
[435,614s][info][gc] Allocation Stall (main) 442,947ms
[435,624s][info][gc] GC(881) Garbage Collection (Allocation Rate) 964M(94%)->954M(93%)
[436,107s][info][gc] Allocation Stall (main) 450,285ms
[436,122s][info][gc] GC(882) Garbage Collection (Allocation Stall) 996M(97%)->928M(91%)
[436,631s][info][gc] Relocation Stall (main) 13,620ms
[436,631s][info][gc] Allocation Stall (main) 452,070ms
[436,634s][info][gc] GC(883) Garbage Collection (Allocation Stall) 974M(95%)->924M(90%)
[437,111s][info][gc] Allocation Stall (main) 425,962ms
[437,121s][info][gc] GC(884) Garbage Collection (Allocation Stall) 942M(92%)->968M(95%)
[437,607s][info][gc] Allocation Stall (main) 459,559ms
[437,624s][info][gc] GC(885) Garbage Collection (Allocation Stall) 1014M(99%)->908M(89%)
[438,114s][info][gc] Allocation Stall (main) 436,190ms
[438,122s][info][gc] GC(886) Garbage Collection (Allocation Stall) 950M(93%)->958M(94%)
[438,607s][info][gc] Allocation Stall (main) 453,826ms
[438,624s][info][gc] GC(887) Garbage Collection (Allocation Stall) 1002M(98%)->922M(90%)
[439,108s][info][gc] Allocation Stall (main) 436,057ms
[439,123s][info][gc] GC(888) Garbage Collection (Allocation Stall) 964M(94%)->956M(93%)
[439,610s][info][gc] Allocation Stall (main) 454,857ms
[439,618s][info][gc] GC(889) Garbage Collection (Allocation Stall) 998M(97%)->914M(89%)
[440,093s][info][gc] Allocation Stall (main) 423,779ms
[440,105s][info][gc] GC(890) Garbage Collection (Allocation Stall) 968M(95%)->948M(93%)
[440,621s][info][gc] Relocation Stall (main) 4,952ms
[440,621s][info][gc] Allocation Stall (main) 481,630ms
[440,623s][info][gc] GC(891) Garbage Collection (Allocation Stall) 1024M(100%)->886M(87%)
[441,104s][info][gc] Allocation Stall (main) 413,662ms
[441,126s][info][gc] GC(892) Garbage Collection (Allocation Rate) 928M(91%)->1006M(98%)
[441,622s][info][gc] Relocation Stall (main) 5,791ms
[441,622s][info][gc] Allocation Stall (main) 487,366ms
[441,628s][info][gc] GC(893) Garbage Collection (Allocation Stall) 1024M(100%)->884M(86%)
[442,097s][info][gc] Allocation Stall (main) 398,589ms
[442,114s][info][gc] GC(894) Garbage Collection (Allocation Rate) 906M(88%)->1012M(99%)
[442,598s][info][gc] Allocation Stall (main) 476,958ms
[442,606s][info][gc] GC(895) Garbage Collection (Allocation Stall) 1024M(100%)->888M(87%)
[443,097s][info][gc] Allocation Stall (main) 430,301ms
[443,108s][info][gc] GC(896) Garbage Collection (Allocation Rate) 972M(95%)->948M(93%)
[443,609s][info][gc] Allocation Stall (main) 466,245ms
[443,615s][info][gc] GC(897) Garbage Collection (Allocation Stall) 1024M(100%)->896M(88%)
[444,090s][info][gc] Allocation Stall (main) 418,300ms
[444,101s][info][gc] GC(898) Garbage Collection (Allocation Rate) 948M(93%)->978M(96%)
[444,586s][info][gc] Allocation Stall (main) 463,340ms
[444,595s][info][gc] GC(899) Garbage Collection (Allocation Stall) 1024M(100%)->910M(89%)
[445,115s][info][gc] Allocation Stall (main) 473,932ms
[445,137s][info][gc] GC(900) Garbage Collection (Allocation Stall) 1024M(100%)->926M(90%)
[445,631s][info][gc] Allocation Stall (main) 449,218ms
[445,635s][info][gc] GC(901) Garbage Collection (Allocation Rate) 942M(92%)->974M(95%)
[446,006s][info][gc] Relocation Stall (main) 2,830ms
[446,007s][info][gc] Allocation Stall (main) 352,642ms
[446,020s][info][gc] GC(902) Garbage Collection (Allocation Stall) 984M(96%)->944M(92%)
[446,532s][info][gc] Allocation Stall (main) 475,948ms
[446,540s][info][gc] GC(903) Garbage Collection (Allocation Stall) 996M(97%)->928M(91%)
[447,006s][info][gc] Allocation Stall (main) 415,395ms
[447,015s][info][gc] GC(904) Garbage Collection (Allocation Stall) 930M(91%)->992M(97%)
[447,505s][info][gc] Allocation Stall (main) 474,498ms
[447,524s][info][gc] GC(905) Garbage Collection (Allocation Stall) 1024M(100%)->918M(90%)
[448,019s][info][gc] Allocation Stall (main) 444,078ms
[448,032s][info][gc] GC(906) Garbage Collection (Allocation Rate) 948M(93%)->978M(96%)
[448,526s][info][gc] Allocation Stall (main) 471,082ms
[448,537s][info][gc] GC(907) Garbage Collection (Allocation Stall) 998M(97%)->926M(90%)
[449,011s][info][gc] Allocation Stall (main) 424,530ms
[449,026s][info][gc] GC(908) Garbage Collection (Allocation Stall) 930M(91%)->994M(97%)
[449,532s][info][gc] Allocation Stall (main) 491,025ms
[449,550s][info][gc] GC(909) Garbage Collection (Allocation Stall) 1020M(100%)->908M(89%)
[450,078s][info][gc] Allocation Stall (main) 478,647ms
[450,094s][info][gc] GC(910) Garbage Collection (Allocation Stall) 1024M(100%)->904M(88%)
[450,622s][info][gc] Relocation Stall (main) 1,573ms
[450,622s][info][gc] Allocation Stall (main) 476,875ms
[450,631s][info][gc] GC(911) Garbage Collection (Allocation Rate) 1008M(98%)->912M(89%)
[451,112s][info][gc] Allocation Stall (main) 429,210ms
[451,123s][info][gc] GC(912) Garbage Collection (Allocation Stall) 940M(92%)->980M(96%)
[451,602s][info][gc] Allocation Stall (main) 457,885ms
[451,610s][info][gc] GC(913) Garbage Collection (Allocation Stall) 1012M(99%)->908M(89%)
[452,107s][info][gc] Allocation Stall (main) 445,130ms
[452,126s][info][gc] GC(914) Garbage Collection (Allocation Stall) 982M(96%)->958M(94%)
[452,617s][info][gc] Allocation Stall (main) 459,997ms
[452,634s][info][gc] GC(915) Garbage Collection (Allocation Stall) 994M(97%)->936M(91%)
[453,112s][info][gc] Allocation Stall (main) 433,087ms
[453,123s][info][gc] GC(916) Garbage Collection (Allocation Stall) 946M(92%)->970M(95%)
[453,607s][info][gc] Allocation Stall (main) 458,635ms
[453,625s][info][gc] GC(917) Garbage Collection (Allocation Stall) 1014M(99%)->914M(89%)
[454,111s][info][gc] Allocation Stall (main) 434,405ms
[454,117s][info][gc] GC(918) Garbage Collection (Allocation Stall) 952M(93%)->952M(93%)
[454,594s][info][gc] Allocation Stall (main) 445,314ms
[454,605s][info][gc] GC(919) Garbage Collection (Allocation Stall) 1012M(99%)->914M(89%)
[455,097s][info][gc] Allocation Stall (main) 443,647ms
[455,111s][info][gc] GC(920) Garbage Collection (Allocation Stall) 990M(97%)->936M(91%)
[455,611s][info][gc] Relocation Stall (main) 3,534ms
[455,611s][info][gc] Allocation Stall (main) 461,931ms
[455,628s][info][gc] GC(921) Garbage Collection (Allocation Stall) 1010M(99%)->920M(90%)
[456,127s][info][gc] Relocation Stall (main) 4,684ms
[456,127s][info][gc] Allocation Stall (main) 450,096ms
[456,139s][info][gc] GC(922) Garbage Collection (Allocation Stall) 954M(93%)->960M(94%)
[456,610s][info][gc] Allocation Stall (main) 438,283ms
[456,618s][info][gc] GC(923) Garbage Collection (Allocation Stall) 960M(94%)->950M(93%)
[457,103s][info][gc] Allocation Stall (main) 451,304ms
[457,120s][info][gc] GC(924) Garbage Collection (Allocation Stall) 1006M(98%)->922M(90%)
[457,616s][info][gc] Allocation Stall (main) 449,149ms
[457,627s][info][gc] GC(925) Garbage Collection (Allocation Stall) 972M(95%)->948M(93%)
[458,097s][info][gc] Allocation Stall (main) 434,367ms
[458,110s][info][gc] GC(926) Garbage Collection (Allocation Stall) 982M(96%)->942M(92%)
[458,607s][info][gc] Allocation Stall (main) 460,372ms
[458,619s][info][gc] GC(927) Garbage Collection (Allocation Stall) 1016M(99%)->908M(89%)
[459,098s][info][gc] Allocation Stall (main) 424,885ms
[459,112s][info][gc] GC(928) Garbage Collection (Allocation Stall) 952M(93%)->972M(95%)
[459,611s][info][gc] Allocation Stall (main) 475,405ms
[459,635s][info][gc] GC(929) Garbage Collection (Allocation Stall) 1024M(100%)->912M(89%)
[460,126s][info][gc] Allocation Stall (main) 436,370ms
[460,132s][info][gc] GC(930) Garbage Collection (Allocation Rate) 930M(91%)->974M(95%)
[460,602s][info][gc] Allocation Stall (main) 445,724ms
[460,621s][info][gc] GC(931) Garbage Collection (Allocation Stall) 998M(97%)->932M(91%)
[461,115s][info][gc] Allocation Stall (main) 451,524ms
[461,125s][info][gc] GC(932) Garbage Collection (Allocation Stall) 970M(95%)->942M(92%)
[461,601s][info][gc] Allocation Stall (main) 437,461ms
[461,608s][info][gc] GC(933) Garbage Collection (Allocation Stall) 980M(96%)->932M(91%)
[462,103s][info][gc] Allocation Stall (main) 453,032ms
[462,116s][info][gc] GC(934) Garbage Collection (Allocation Stall) 1004M(98%)->922M(90%)
[462,604s][info][gc] Allocation Stall (main) 441,846ms
[462,617s][info][gc] GC(935) Garbage Collection (Allocation Stall) 982M(96%)->944M(92%)
[463,105s][info][gc] Allocation Stall (main) 451,604ms
[463,118s][info][gc] GC(936) Garbage Collection (Allocation Stall) 1002M(98%)->926M(90%)
[463,610s][info][gc] Allocation Stall (main) 446,799ms
[463,627s][info][gc] GC(937) Garbage Collection (Allocation Stall) 976M(95%)->954M(93%)
[464,118s][info][gc] Allocation Stall (main) 458,232ms
[464,125s][info][gc] GC(938) Garbage Collection (Allocation Stall) 990M(97%)->930M(91%)
[464,599s][info][gc] Allocation Stall (main) 429,478ms
[464,613s][info][gc] GC(939) Garbage Collection (Allocation Stall) 968M(95%)->960M(94%)
[465,113s][info][gc] Relocation Stall (main) 5,042ms
[465,113s][info][gc] Allocation Stall (main) 470,701ms
[465,124s][info][gc] GC(940) Garbage Collection (Allocation Stall) 1024M(100%)->902M(88%)
[465,609s][info][gc] Allocation Stall (main) 424,269ms
[465,618s][info][gc] GC(941) Garbage Collection (Allocation Rate) 930M(91%)->986M(96%)
[466,090s][info][gc] Allocation Stall (main) 453,770ms
[466,101s][info][gc] GC(942) Garbage Collection (Allocation Stall) 1024M(100%)->904M(88%)
[466,616s][info][gc] Allocation Stall (main) 463,089ms
[466,640s][info][gc] GC(943) Garbage Collection (Allocation Rate) 1000M(98%)->940M(92%)
[467,164s][info][gc] Allocation Stall (main) 487,542ms
[467,171s][info][gc] GC(944) Garbage Collection (Allocation Stall) 1024M(100%)->896M(88%)
[467,681s][info][gc] Allocation Stall (main) 454,824ms
[467,704s][info][gc] GC(945) Garbage Collection (Allocation Stall) 1024M(100%)->920M(90%)
[468,223s][info][gc] Allocation Stall (main) 474,680ms
[468,244s][info][gc] GC(946) Garbage Collection (Allocation Rate) 1012M(99%)->922M(90%)
[468,770s][info][gc] Allocation Stall (main) 480,780ms
[468,785s][info][gc] GC(947) Garbage Collection (Allocation Stall) 1024M(100%)->904M(88%)
[469,307s][info][gc] Relocation Stall (main) 4,420ms
[469,307s][info][gc] Allocation Stall (main) 470,843ms
[469,313s][info][gc] GC(948) Garbage Collection (Allocation Stall) 1024M(100%)->894M(87%)
[469,807s][info][gc] Allocation Stall (main) 434,669ms
[469,829s][info][gc] GC(949) Garbage Collection (Allocation Rate) 960M(94%)->976M(95%)
[470,322s][info][gc] Allocation Stall (main) 470,845ms
[470,329s][info][gc] GC(950) Garbage Collection (Allocation Stall) 1008M(98%)->908M(89%)
[470,802s][info][gc] Allocation Stall (main) 416,880ms
[470,826s][info][gc] GC(951) Garbage Collection (Allocation Stall) 938M(92%)->994M(97%)
[471,329s][info][gc] Relocation Stall (main) 5,981ms
[471,329s][info][gc] Allocation Stall (main) 488,220ms
[471,338s][info][gc] GC(952) Garbage Collection (Allocation Stall) 1024M(100%)->884M(86%)
[471,814s][info][gc] Allocation Stall (main) 404,111ms
[471,821s][info][gc] GC(953) Garbage Collection (Allocation Rate) 894M(87%)->1008M(98%)
[472,283s][info][gc] Allocation Stall (main) 453,179ms
[472,290s][info][gc] GC(954) Garbage Collection (Allocation Stall) 1024M(100%)->892M(87%)
[472,802s][info][gc] Allocation Stall (main) 455,714ms
[472,815s][info][gc] GC(955) Garbage Collection (Allocation Rate) 1018M(99%)->910M(89%)
[473,329s][info][gc] Relocation Stall (main) 17,152ms
[473,329s][info][gc] Allocation Stall (main) 463,257ms
[473,338s][info][gc] GC(956) Garbage Collection (Allocation Stall) 974M(95%)->932M(91%)
[473,837s][info][gc] Allocation Stall (main) 451,306ms
[473,839s][info][gc] GC(957) Garbage Collection (Allocation Stall) 932M(91%)->962M(94%)
[474,294s][info][gc] Relocation Stall (main) 2,877ms
[474,294s][info][gc] Allocation Stall (main) 423,356ms
[474,296s][info][gc] GC(958) Garbage Collection (Allocation Stall) 972M(95%)->932M(91%)
[474,788s][info][gc] Allocation Stall (main) 451,422ms
[474,809s][info][gc] GC(959) Garbage Collection (Allocation Stall) 1024M(100%)->912M(89%)
[475,317s][info][gc] Allocation Stall (main) 458,960ms
[475,329s][info][gc] GC(960) Garbage Collection (Allocation Rate) 992M(97%)->930M(91%)
[475,808s][info][gc] Relocation Stall (main) 2,931ms
[475,808s][info][gc] Allocation Stall (main) 433,960ms
[475,812s][info][gc] GC(961) Garbage Collection (Allocation Stall) 960M(94%)->950M(93%)
[476,298s][info][gc] Allocation Stall (main) 452,601ms
[476,310s][info][gc] GC(962) Garbage Collection (Allocation Stall) 1020M(100%)->910M(89%)
[476,809s][info][gc] Allocation Stall (main) 447,758ms
[476,831s][info][gc] GC(963) Garbage Collection (Allocation Stall) 984M(96%)->958M(94%)
[477,323s][info][gc] Allocation Stall (main) 458,520ms
[477,330s][info][gc] GC(964) Garbage Collection (Allocation Stall) 972M(95%)->942M(92%)
[477,801s][info][gc] Allocation Stall (main) 430,868ms
[477,822s][info][gc] GC(965) Garbage Collection (Allocation Stall) 970M(95%)->964M(94%)
[478,320s][info][gc] Allocation Stall (main) 470,577ms
[478,333s][info][gc] GC(966) Garbage Collection (Allocation Stall) 1010M(99%)->912M(89%)
[478,802s][info][gc] Allocation Stall (main) 412,918ms
[478,807s][info][gc] GC(967) Garbage Collection (Allocation Stall) 934M(91%)->976M(95%)
[479,292s][info][gc] Relocation Stall (main) 5,365ms
[479,292s][info][gc] Allocation Stall (main) 461,423ms
[479,302s][info][gc] GC(968) Garbage Collection (Allocation Stall) 1024M(100%)->896M(88%)
[479,802s][info][gc] Allocation Stall (main) 442,862ms
[479,812s][info][gc] GC(969) Garbage Collection (Allocation Rate) 980M(96%)->942M(92%)
[480,302s][info][gc] Allocation Stall (main) 451,981ms
[480,321s][info][gc] GC(970) Garbage Collection (Allocation Stall) 1006M(98%)->928M(91%)
[480,818s][info][gc] Allocation Stall (main) 453,581ms
[480,830s][info][gc] GC(971) Garbage Collection (Allocation Stall) 978M(96%)->944M(92%)
[481,302s][info][gc] Allocation Stall (main) 430,706ms
[481,317s][info][gc] GC(972) Garbage Collection (Allocation Stall) 962M(94%)->960M(94%)
[481,811s][info][gc] Allocation Stall (main) 465,127ms
[481,820s][info][gc] GC(973) Garbage Collection (Allocation Stall) 1018M(99%)->900M(88%)
[482,307s][info][gc] Allocation Stall (main) 429,644ms
[482,325s][info][gc] GC(974) Garbage Collection (Allocation Stall) 950M(93%)->978M(96%)
[482,813s][info][gc] Allocation Stall (main) 466,719ms
[482,827s][info][gc] GC(975) Garbage Collection (Allocation Stall) 1012M(99%)->912M(89%)
[483,304s][info][gc] Allocation Stall (main) 423,571ms
[483,312s][info][gc] GC(976) Garbage Collection (Allocation Stall) 946M(92%)->970M(95%)
[483,792s][info][gc] Allocation Stall (main) 454,045ms
[483,805s][info][gc] GC(977) Garbage Collection (Allocation Stall) 1024M(100%)->904M(88%)
[484,307s][info][gc] Allocation Stall (main) 449,798ms
[484,325s][info][gc] GC(978) Garbage Collection (Allocation Rate) 992M(97%)->940M(92%)
[484,814s][info][gc] Allocation Stall (main) 449,460ms
[484,822s][info][gc] GC(979) Garbage Collection (Allocation Stall) 978M(96%)->938M(92%)
[485,298s][info][gc] Allocation Stall (main) 436,722ms
[485,310s][info][gc] GC(980) Garbage Collection (Allocation Stall) 984M(96%)->940M(92%)
[485,807s][info][gc] Allocation Stall (main) 460,042ms
[485,822s][info][gc] GC(981) Garbage Collection (Allocation Stall) 1016M(99%)->916M(89%)
[486,307s][info][gc] Allocation Stall (main) 435,000ms
[486,317s][info][gc] GC(982) Garbage Collection (Allocation Stall) 962M(94%)->962M(94%)
[486,804s][info][gc] Allocation Stall (main) 457,891ms
[486,818s][info][gc] GC(983) Garbage Collection (Allocation Stall) 1008M(98%)->926M(90%)
[487,304s][info][gc] Allocation Stall (main) 440,183ms
[487,320s][info][gc] GC(984) Garbage Collection (Allocation Stall) 978M(96%)->954M(93%)
[487,816s][info][gc] Allocation Stall (main) 463,551ms
[487,829s][info][gc] GC(985) Garbage Collection (Allocation Stall) 998M(97%)->930M(91%)
[488,306s][info][gc] Allocation Stall (main) 431,285ms
[488,323s][info][gc] GC(986) Garbage Collection (Allocation Stall) 960M(94%)->968M(95%)
[488,809s][info][gc] Allocation Stall (main) 460,381ms
[488,823s][info][gc] GC(987) Garbage Collection (Allocation Stall) 1012M(99%)->912M(89%)
[489,300s][info][gc] Allocation Stall (main) 423,580ms
[489,315s][info][gc] GC(988) Garbage Collection (Allocation Stall) 946M(92%)->974M(95%)
[489,817s][info][gc] Relocation Stall (main) 5,348ms
[489,817s][info][gc] Allocation Stall (main) 478,720ms
[489,831s][info][gc] GC(989) Garbage Collection (Allocation Stall) 1024M(100%)->894M(87%)
[490,321s][info][gc] Allocation Stall (main) 426,082ms
[490,327s][info][gc] GC(990) Garbage Collection (Allocation Rate) 920M(90%)->982M(96%)
[490,796s][info][gc] Allocation Stall (main) 449,682ms
[490,805s][info][gc] GC(991) Garbage Collection (Allocation Stall) 1018M(99%)->898M(88%)
[491,295s][info][gc] Allocation Stall (main) 435,307ms
[491,307s][info][gc] GC(992) Garbage Collection (Allocation Stall) 986M(96%)->936M(91%)
[491,809s][info][gc] Relocation Stall (main) 5,098ms
[491,809s][info][gc] Allocation Stall (main) 463,155ms
[491,817s][info][gc] GC(993) Garbage Collection (Allocation Stall) 1018M(99%)->902M(88%)
[492,300s][info][gc] Allocation Stall (main) 425,823ms
[492,319s][info][gc] GC(994) Garbage Collection (Allocation Stall) 948M(93%)->982M(96%)
[492,821s][info][gc] Allocation Stall (main) 482,689ms
[492,827s][info][gc] GC(995) Garbage Collection (Allocation Stall) 1024M(100%)->892M(87%)
[493,291s][info][gc] Relocation Stall (main) 1,187ms
[493,291s][info][gc] Allocation Stall (main) 398,434ms
[493,301s][info][gc] GC(996) Garbage Collection (Allocation Rate) 918M(90%)->998M(97%)
[493,777s][info][gc] Allocation Stall (main) 463,418ms
[493,798s][info][gc] GC(997) Garbage Collection (Allocation Stall) 1024M(100%)->912M(89%)
[494,317s][info][gc] Allocation Stall (main) 470,505ms
[494,324s][info][gc] GC(998) Garbage Collection (Allocation Rate) 1010M(99%)->908M(89%)
[494,800s][info][gc] Relocation Stall (main) 9,110ms
[494,800s][info][gc] Allocation Stall (main) 419,827ms
[494,802s][info][gc] GC(999) Garbage Collection (Allocation Stall) 940M(92%)->964M(94%)
[495,296s][info][gc] Relocation Stall (main) 4,905ms
[495,296s][info][gc] Allocation Stall (main) 466,035ms
[495,298s][info][gc] GC(1000) Garbage Collection (Allocation Stall) 1024M(100%)->888M(87%)
[495,796s][info][gc] Allocation Stall (main) 438,166ms
[495,815s][info][gc] GC(1001) Garbage Collection (Allocation Rate) 990M(97%)->952M(93%)
[496,323s][info][gc] Allocation Stall (main) 474,795ms
[496,348s][info][gc] GC(1002) Garbage Collection (Allocation Stall) 1012M(99%)->928M(91%)
[496,874s][info][gc] Allocation Stall (main) 483,780ms
[496,887s][info][gc] GC(1003) Garbage Collection (Allocation Stall) 1024M(100%)->900M(88%)
[497,405s][info][gc] Relocation Stall (main) 5,579ms
[497,405s][info][gc] Allocation Stall (main) 464,764ms
[497,411s][info][gc] GC(1004) Garbage Collection (Allocation Stall) 1024M(100%)->892M(87%)
[497,896s][info][gc] Allocation Stall (main) 424,453ms
[497,910s][info][gc] GC(1005) Garbage Collection (Allocation Rate) 952M(93%)->972M(95%)
[498,402s][info][gc] Allocation Stall (main) 468,208ms
[498,419s][info][gc] GC(1006) Garbage Collection (Allocation Stall) 1024M(100%)->908M(89%)
[498,910s][info][gc] Allocation Stall (main) 437,122ms
[498,923s][info][gc] GC(1007) Garbage Collection (Allocation Rate) 960M(94%)->962M(94%)
[499,409s][info][gc] Allocation Stall (main) 458,153ms
[499,416s][info][gc] GC(1008) Garbage Collection (Allocation Stall) 1008M(98%)->910M(89%)
[499,894s][info][gc] Allocation Stall (main) 425,928ms
[499,911s][info][gc] GC(1009) Garbage Collection (Allocation Stall) 960M(94%)->970M(95%)
[500,406s][info][gc] Allocation Stall (main) 469,988ms
[500,418s][info][gc] GC(1010) Garbage Collection (Allocation Stall) 1024M(100%)->904M(88%)
[500,904s][info][gc] Allocation Stall (main) 430,458ms
[500,919s][info][gc] GC(1011) Garbage Collection (Allocation Rate) 958M(94%)->966M(94%)
[501,416s][info][gc] Relocation Stall (main) 5,553ms
[501,416s][info][gc] Allocation Stall (main) 471,261ms
[501,422s][info][gc] GC(1012) Garbage Collection (Allocation Stall) 1022M(100%)->888M(87%)
[501,899s][info][gc] Allocation Stall (main) 413,707ms
[501,913s][info][gc] GC(1013) Garbage Collection (Allocation Stall) 936M(91%)->986M(96%)
[502,404s][info][gc] Relocation Stall (main) 5,357ms
[502,404s][info][gc] Allocation Stall (main) 473,395ms
[502,408s][info][gc] GC(1014) Garbage Collection (Allocation Stall) 1024M(100%)->888M(87%)
[502,896s][info][gc] Allocation Stall (main) 426,799ms
[502,909s][info][gc] GC(1015) Garbage Collection (Allocation Rate) 964M(94%)->960M(94%)
[503,406s][info][gc] Relocation Stall (main) 4,990ms
[503,406s][info][gc] Allocation Stall (main) 468,028ms
[503,418s][info][gc] GC(1016) Garbage Collection (Allocation Stall) 1024M(100%)->900M(88%)
[503,913s][info][gc] Allocation Stall (main) 437,335ms
[503,928s][info][gc] GC(1017) Garbage Collection (Allocation Rate) 956M(93%)->968M(95%)
[504,410s][info][gc] Allocation Stall (main) 455,189ms
[504,417s][info][gc] GC(1018) Garbage Collection (Allocation Stall) 1000M(98%)->918M(90%)
[504,901s][info][gc] Allocation Stall (main) 435,961ms
[504,915s][info][gc] GC(1019) Garbage Collection (Allocation Stall) 976M(95%)->952M(93%)
[505,409s][info][gc] Allocation Stall (main) 461,218ms
[505,424s][info][gc] GC(1020) Garbage Collection (Allocation Stall) 1014M(99%)->916M(89%)
[505,921s][info][gc] Allocation Stall (main) 445,093ms
[505,946s][info][gc] GC(1021) Garbage Collection (Allocation Stall) 956M(93%)->980M(96%)
[506,472s][info][gc] Allocation Stall (main) 503,849ms
[506,484s][info][gc] GC(1022) Garbage Collection (Allocation Stall) 1024M(100%)->892M(87%)
[507,005s][info][gc] Allocation Stall (main) 465,071ms
[507,021s][info][gc] GC(1023) Garbage Collection (Allocation Rate) 1022M(100%)->906M(88%)
[507,503s][info][gc] Allocation Stall (main) 426,268ms
[507,515s][info][gc] GC(1024) Garbage Collection (Allocation Stall) 944M(92%)->978M(96%)
[508,005s][info][gc] Allocation Stall (main) 466,801ms
[508,018s][info][gc] GC(1025) Garbage Collection (Allocation Stall) 1024M(100%)->902M(88%)
[508,503s][info][gc] Allocation Stall (main) 429,151ms
[508,512s][info][gc] GC(1026) Garbage Collection (Allocation Rate) 956M(93%)->958M(94%)
[509,007s][info][gc] Relocation Stall (main) 4,975ms
[509,007s][info][gc] Allocation Stall (main) 465,381ms
[509,026s][info][gc] GC(1027) Garbage Collection (Allocation Stall) 1024M(100%)->906M(88%)
[509,524s][info][gc] Allocation Stall (main) 442,386ms
[509,528s][info][gc] GC(1028) Garbage Collection (Allocation Rate) 942M(92%)->964M(94%)
[509,996s][info][gc] Allocation Stall (main) 439,531ms
[510,013s][info][gc] GC(1029) Garbage Collection (Allocation Stall) 996M(97%)->934M(91%)
[510,516s][info][gc] Allocation Stall (main) 463,318ms
[510,523s][info][gc] GC(1030) Garbage Collection (Allocation Stall) 1002M(98%)->914M(89%)
[510,997s][info][gc] Allocation Stall (main) 421,404ms
[511,010s][info][gc] GC(1031) Garbage Collection (Allocation Stall) 956M(93%)->970M(95%)
[511,516s][info][gc] Relocation Stall (main) 4,657ms
[511,516s][info][gc] Allocation Stall (main) 480,640ms
[511,539s][info][gc] GC(1032) Garbage Collection (Allocation Stall) 1024M(100%)->914M(89%)
[512,032s][info][gc] Allocation Stall (main) 438,429ms
[512,036s][info][gc] GC(1033) Garbage Collection (Allocation Rate) 924M(90%)->976M(95%)
[512,496s][info][gc] Allocation Stall (main) 435,467ms
[512,505s][info][gc] GC(1034) Garbage Collection (Allocation Stall) 990M(97%)->928M(91%)
[513,003s][info][gc] Allocation Stall (main) 456,083ms
[513,010s][info][gc] GC(1035) Garbage Collection (Allocation Stall) 1014M(99%)->906M(88%)
[513,502s][info][gc] Allocation Stall (main) 438,374ms
[513,517s][info][gc] GC(1036) Garbage Collection (Allocation Stall) 978M(96%)->952M(93%)
[514,017s][info][gc] Relocation Stall (main) 3,649ms
[514,017s][info][gc] Allocation Stall (main) 467,628ms
[514,027s][info][gc] GC(1037) Garbage Collection (Allocation Stall) 1002M(98%)->920M(90%)
[514,510s][info][gc] Allocation Stall (main) 432,474ms
[514,521s][info][gc] GC(1038) Garbage Collection (Allocation Stall) 952M(93%)->970M(95%)
[515,004s][info][gc] Allocation Stall (main) 457,346ms
[515,024s][info][gc] GC(1039) Garbage Collection (Allocation Stall) 1006M(98%)->930M(91%)
[515,513s][info][gc] Allocation Stall (main) 446,495ms
[515,525s][info][gc] GC(1040) Garbage Collection (Allocation Stall) 972M(95%)->948M(93%)
[516,003s][info][gc] Allocation Stall (main) 441,961ms
[516,016s][info][gc] GC(1041) Garbage Collection (Allocation Stall) 986M(96%)->938M(92%)
[516,508s][info][gc] Allocation Stall (main) 452,953ms
[516,516s][info][gc] GC(1042) Garbage Collection (Allocation Stall) 996M(97%)->924M(90%)
[516,994s][info][gc] Allocation Stall (main) 431,863ms
[517,011s][info][gc] GC(1043) Garbage Collection (Allocation Stall) 972M(95%)->960M(94%)
[517,517s][info][gc] Relocation Stall (main) 4,439ms
[517,517s][info][gc] Allocation Stall (main) 477,227ms
[517,527s][info][gc] GC(1044) Garbage Collection (Allocation Stall) 1024M(100%)->898M(88%)
[518,007s][info][gc] Allocation Stall (main) 418,565ms
[518,017s][info][gc] GC(1045) Garbage Collection (Allocation Rate) 932M(91%)->984M(96%)
[518,495s][info][gc] Relocation Stall (main) 5,006ms
[518,495s][info][gc] Allocation Stall (main) 459,143ms
[518,501s][info][gc] GC(1046) Garbage Collection (Allocation Stall) 1024M(100%)->890M(87%)
[519,010s][info][gc] Allocation Stall (main) 450,489ms
[519,026s][info][gc] GC(1047) Garbage Collection (Allocation Rate) 986M(96%)->946M(92%)
[519,511s][info][gc] Allocation Stall (main) 447,893ms
[519,518s][info][gc] GC(1048) Garbage Collection (Allocation Stall) 976M(95%)->944M(92%)
[520,010s][info][gc] Relocation Stall (main) 13,374ms
[520,010s][info][gc] Allocation Stall (main) 453,616ms
[520,012s][info][gc] GC(1049) Garbage Collection (Allocation Stall) 990M(97%)->916M(89%)
[520,520s][info][gc] Allocation Stall (main) 458,316ms
[520,529s][info][gc] GC(1050) Garbage Collection (Allocation Stall) 982M(96%)->942M(92%)
[521,001s][info][gc] Allocation Stall (main) 431,489ms
[521,018s][info][gc] GC(1051) Garbage Collection (Allocation Stall) 966M(94%)->964M(94%)
[521,513s][info][gc] Allocation Stall (main) 467,216ms
[521,530s][info][gc] GC(1052) Garbage Collection (Allocation Stall) 1014M(99%)->916M(89%)
[522,014s][info][gc] Allocation Stall (main) 433,326ms
[522,031s][info][gc] GC(1053) Garbage Collection (Allocation Stall) 946M(92%)->978M(96%)
[522,517s][info][gc] Allocation Stall (main) 464,151ms
[522,527s][info][gc] GC(1054) Garbage Collection (Allocation Stall) 1004M(98%)->914M(89%)
[523,000s][info][gc] Allocation Stall (main) 420,060ms
[523,006s][info][gc] GC(1055) Garbage Collection (Allocation Stall) 948M(93%)->962M(94%)
[523,495s][info][gc] Relocation Stall (main) 5,283ms
[523,495s][info][gc] Allocation Stall (main) 460,298ms
[523,503s][info][gc] GC(1056) Garbage Collection (Allocation Stall) 1024M(100%)->896M(88%)
[524,003s][info][gc] Allocation Stall (main) 444,324ms
[524,015s][info][gc] GC(1057) Garbage Collection (Allocation Rate) 986M(96%)->940M(92%)
[524,512s][info][gc] Allocation Stall (main) 458,626ms
[524,538s][info][gc] GC(1058) Garbage Collection (Allocation Stall) 1002M(98%)->938M(92%)
[525,031s][info][gc] Relocation Stall (main) 3,084ms
[525,031s][info][gc] Allocation Stall (main) 450,555ms
[525,035s][info][gc] GC(1059) Garbage Collection (Allocation Stall) 950M(93%)->954M(93%)
[525,500s][info][gc] Allocation Stall (main) 428,413ms
[525,515s][info][gc] GC(1060) Garbage Collection (Allocation Stall) 964M(94%)->954M(93%)
[526,013s][info][gc] Allocation Stall (main) 466,576ms
[526,025s][info][gc] GC(1061) Garbage Collection (Allocation Stall) 1018M(99%)->902M(88%)
[526,500s][info][gc] Allocation Stall (main) 416,544ms
[526,510s][info][gc] GC(1062) Garbage Collection (Allocation Stall) 940M(92%)->974M(95%)
[526,994s][info][gc] Allocation Stall (main) 460,661ms
[527,004s][info][gc] GC(1063) Garbage Collection (Allocation Stall) 1024M(100%)->898M(88%)
[527,500s][info][gc] Allocation Stall (main) 440,896ms
[527,513s][info][gc] GC(1064) Garbage Collection (Allocation Rate) 988M(96%)->940M(92%)
[528,013s][info][gc] Allocation Stall (main) 463,383ms
[528,037s][info][gc] GC(1065) Garbage Collection (Allocation Stall) 1010M(99%)->930M(91%)
[528,523s][info][gc] Allocation Stall (main) 439,140ms
[528,533s][info][gc] GC(1066) Garbage Collection (Allocation Stall) 944M(92%)->970M(95%)
[529,003s][info][gc] Allocation Stall (main) 443,151ms
[529,016s][info][gc] GC(1067) Garbage Collection (Allocation Stall) 990M(97%)->930M(91%)
[529,511s][info][gc] Relocation Stall (main) 4,352ms
[529,511s][info][gc] Allocation Stall (main) 452,785ms
[529,516s][info][gc] GC(1068) Garbage Collection (Allocation Stall) 990M(97%)->918M(90%)
[530,012s][info][gc] Relocation Stall (main) 14,325ms
[530,012s][info][gc] Allocation Stall (main) 448,257ms
[530,014s][info][gc] GC(1069) Garbage Collection (Allocation Stall) 978M(96%)->922M(90%)
[530,510s][info][gc] Allocation Stall (main) 450,716ms
[530,518s][info][gc] GC(1070) Garbage Collection (Allocation Stall) 988M(96%)->930M(91%)
[530,995s][info][gc] Allocation Stall (main) 433,582ms
[531,006s][info][gc] GC(1071) Garbage Collection (Allocation Stall) 982M(96%)->944M(92%)
[531,509s][info][gc] Allocation Stall (main) 466,159ms
[531,533s][info][gc] GC(1072) Garbage Collection (Allocation Stall) 1024M(100%)->922M(90%)
[532,024s][info][gc] Allocation Stall (main) 441,003ms
[532,030s][info][gc] GC(1073) Garbage Collection (Allocation Rate) 944M(92%)->966M(94%)
[532,497s][info][gc] Allocation Stall (main) 439,506ms
[532,509s][info][gc] GC(1074) Garbage Collection (Allocation Stall) 994M(97%)->928M(91%)
[533,006s][info][gc] Allocation Stall (main) 455,065ms
[533,019s][info][gc] GC(1075) Garbage Collection (Allocation Stall) 1006M(98%)->922M(90%)
[533,503s][info][gc] Allocation Stall (main) 437,464ms
[533,514s][info][gc] GC(1076) Garbage Collection (Allocation Stall) 974M(95%)->952M(93%)
[533,999s][info][gc] Allocation Stall (main) 451,953ms
[534,011s][info][gc] GC(1077) Garbage Collection (Allocation Stall) 1016M(99%)->912M(89%)
[534,511s][info][gc] Allocation Stall (main) 449,606ms
[534,539s][info][gc] GC(1078) Garbage Collection (Allocation Stall) 982M(96%)->962M(94%)
[535,033s][info][gc] Allocation Stall (main) 462,822ms
[535,042s][info][gc] GC(1079) Garbage Collection (Allocation Stall) 970M(95%)->942M(92%)
[535,533s][info][gc] Allocation Stall (main) 452,290ms
[535,541s][info][gc] GC(1080) Garbage Collection (Allocation Stall) 1024M(100%)->894M(87%)
[535,996s][info][gc] Relocation Stall (main) 0,324ms
[535,996s][info][gc] Allocation Stall (main) 389,066ms
[536,011s][info][gc] Allocation Stall (main) 1,815ms
[536,013s][info][gc] Allocation Stall (main) 0,639ms
[536,013s][info][gc] GC(1081) Garbage Collection (Allocation Rate) 894M(87%)->1024M(100%)
[536,489s][info][gc] Allocation Stall (main) 474,944ms
[536,494s][info][gc] GC(1082) Garbage Collection (Allocation Stall) 1024M(100%)->888M(87%)
[536,994s][info][gc] Allocation Stall (main) 441,714ms
[537,007s][info][gc] GC(1083) Garbage Collection (Allocation Rate) 1000M(98%)->930M(91%)
[537,514s][info][gc] Allocation Stall (main) 464,794ms
[537,535s][info][gc] GC(1084) Garbage Collection (Allocation Stall) 1012M(99%)->926M(90%)
[538,031s][info][gc] Relocation Stall (main) 16,724ms
[538,031s][info][gc] Allocation Stall (main) 446,529ms
[538,033s][info][gc] GC(1085) Garbage Collection (Allocation Stall) 934M(91%)->952M(93%)
[538,516s][info][gc] Relocation Stall (main) 5,254ms
[538,516s][info][gc] Allocation Stall (main) 447,340ms
[538,517s][info][gc] GC(1086) Garbage Collection (Allocation Stall) 966M(94%)->926M(90%)
[538,987s][info][gc] Allocation Stall (main) 423,679ms
[538,991s][info][gc] GC(1087) Garbage Collection (Allocation Stall) 976M(95%)->934M(91%)
[539,491s][info][gc] Allocation Stall (main) 459,248ms
[539,504s][info][gc] GC(1088) Garbage Collection (Allocation Stall) 1024M(100%)->906M(88%)
[540,011s][info][gc] Allocation Stall (main) 454,663ms
[540,027s][info][gc] GC(1089) Garbage Collection (Allocation Rate) 992M(97%)->940M(92%)
[540,507s][info][gc] Allocation Stall (main) 440,430ms
[540,518s][info][gc] GC(1090) Garbage Collection (Allocation Stall) 972M(95%)->950M(93%)
[540,998s][info][gc] Allocation Stall (main) 445,698ms
[541,012s][info][gc] GC(1091) Garbage Collection (Allocation Stall) 994M(97%)->932M(91%)
[541,506s][info][gc] Allocation Stall (main) 452,541ms
[541,518s][info][gc] GC(1092) Garbage Collection (Allocation Stall) 994M(97%)->934M(91%)
[542,006s][info][gc] Allocation Stall (main) 447,554ms
[542,018s][info][gc] GC(1093) Garbage Collection (Allocation Stall) 990M(97%)->934M(91%)
[542,503s][info][gc] Allocation Stall (main) 443,507ms
[542,528s][info][gc] GC(1094) Garbage Collection (Allocation Stall) 984M(96%)->956M(93%)
[543,026s][info][gc] Allocation Stall (main) 467,029ms
[543,035s][info][gc] GC(1095) Garbage Collection (Allocation Stall) 990M(97%)->922M(90%)
[543,494s][info][gc] Allocation Stall (main) 407,356ms
[543,500s][info][gc] GC(1096) Garbage Collection (Allocation Stall) 936M(91%)->974M(95%)
[543,986s][info][gc] Relocation Stall (main) 4,941ms
[543,986s][info][gc] Allocation Stall (main) 461,977ms
[543,992s][info][gc] GC(1097) Garbage Collection (Allocation Stall) 1024M(100%)->892M(87%)
[544,508s][info][gc] Relocation Stall (main) 4,202ms
[544,508s][info][gc] Allocation Stall (main) 460,969ms
[544,526s][info][gc] GC(1098) Garbage Collection (Allocation Rate) 1010M(99%)->924M(90%)
[545,020s][info][gc] Allocation Stall (main) 446,557ms
[545,039s][info][gc] GC(1099) Garbage Collection (Allocation Stall) 962M(94%)->964M(94%)
[545,514s][info][gc] Allocation Stall (main) 444,728ms
[545,521s][info][gc] GC(1100) Garbage Collection (Allocation Stall) 964M(94%)->944M(92%)
[545,994s][info][gc] Allocation Stall (main) 435,898ms
[546,000s][info][gc] GC(1101) Garbage Collection (Allocation Stall) 992M(97%)->922M(90%)
[546,503s][info][gc] Allocation Stall (main) 457,862ms
[546,515s][info][gc] GC(1102) Garbage Collection (Allocation Stall) 1022M(100%)->910M(89%)
[547,011s][info][gc] Allocation Stall (main) 445,049ms
[547,033s][info][gc] GC(1103) Garbage Collection (Allocation Stall) 974M(95%)->964M(94%)
[547,519s][info][gc] Allocation Stall (main) 458,033ms
[547,532s][info][gc] GC(1104) Garbage Collection (Allocation Stall) 986M(96%)->932M(91%)
[548,003s][info][gc] Allocation Stall (main) 427,637ms
[548,011s][info][gc] GC(1105) Garbage Collection (Allocation Stall) 958M(94%)->956M(93%)
[548,496s][info][gc] Allocation Stall (main) 453,015ms
[548,504s][info][gc] GC(1106) Garbage Collection (Allocation Stall) 1024M(100%)->898M(88%)
[549,010s][info][gc] Relocation Stall (main) 12,621ms
[549,010s][info][gc] Allocation Stall (main) 450,587ms
[549,014s][info][gc] GC(1107) Garbage Collection (Allocation Rate) 988M(96%)->924M(90%)
[549,503s][info][gc] Allocation Stall (main) 443,050ms
[549,516s][info][gc] GC(1108) Garbage Collection (Allocation Stall) 978M(96%)->948M(93%)
[550,006s][info][gc] Allocation Stall (main) 454,551ms
[550,017s][info][gc] GC(1109) Garbage Collection (Allocation Stall) 1006M(98%)->924M(90%)
[550,499s][info][gc] Allocation Stall (main) 435,547ms
[550,511s][info][gc] GC(1110) Garbage Collection (Allocation Stall) 980M(96%)->950M(93%)
[551,010s][info][gc] Allocation Stall (main) 465,221ms
[551,024s][info][gc] GC(1111) Garbage Collection (Allocation Stall) 1020M(100%)->916M(89%)
[551,514s][info][gc] Allocation Stall (main) 440,282ms
[551,539s][info][gc] GC(1112) Garbage Collection (Allocation Stall) 958M(94%)->982M(96%)
[552,029s][info][gc] Allocation Stall (main) 469,230ms
[552,035s][info][gc] GC(1113) Garbage Collection (Allocation Stall) 992M(97%)->920M(90%)
[552,495s][info][gc] Allocation Stall (main) 407,580ms
[552,506s][info][gc] GC(1114) Garbage Collection (Allocation Stall) 938M(92%)->980M(96%)
[552,987s][info][gc] Allocation Stall (main) 460,709ms
[552,999s][info][gc] GC(1115) Garbage Collection (Allocation Stall) 1024M(100%)->902M(88%)
[553,515s][info][gc] Relocation Stall (main) 2,631ms
[553,515s][info][gc] Allocation Stall (main) 463,862ms
[553,540s][info][gc] GC(1116) Garbage Collection (Allocation Rate) 1006M(98%)->934M(91%)
[554,029s][info][gc] Allocation Stall (main) 443,770ms
[554,032s][info][gc] GC(1117) Garbage Collection (Allocation Stall) 934M(91%)->964M(94%)
[554,493s][info][gc] Relocation Stall (main) 3,791ms
[554,493s][info][gc] Allocation Stall (main) 431,352ms
[554,495s][info][gc] GC(1118) Garbage Collection (Allocation Stall) 980M(96%)->928M(91%)
[554,994s][info][gc] Allocation Stall (main) 455,489ms
[555,019s][info][gc] GC(1119) Garbage Collection (Allocation Stall) 1024M(100%)->920M(90%)
[555,521s][info][gc] Allocation Stall (main) 455,891ms
[555,528s][info][gc] GC(1120) Garbage Collection (Allocation Rate) 970M(95%)->946M(92%)
[556,001s][info][gc] Allocation Stall (main) 432,936ms
[556,018s][info][gc] GC(1121) Garbage Collection (Allocation Stall) 970M(95%)->956M(93%)
[556,515s][info][gc] Allocation Stall (main) 467,037ms
[556,531s][info][gc] GC(1122) Garbage Collection (Allocation Stall) 1014M(99%)->910M(89%)
[557,007s][info][gc] Allocation Stall (main) 421,017ms
[557,017s][info][gc] GC(1123) Garbage Collection (Allocation Stall) 938M(92%)->974M(95%)
[557,506s][info][gc] Relocation Stall (main) 5,746ms
[557,506s][info][gc] Allocation Stall (main) 465,549ms
[557,511s][info][gc] GC(1124) Garbage Collection (Allocation Stall) 1022M(100%)->888M(87%)
[557,997s][info][gc] Allocation Stall (main) 424,388ms
[558,010s][info][gc] GC(1125) Garbage Collection (Allocation Stall) 958M(94%)->966M(94%)
[558,504s][info][gc] Allocation Stall (main) 467,063ms
[558,526s][info][gc] GC(1126) Garbage Collection (Allocation Stall) 1024M(100%)->914M(89%)
[559,024s][info][gc] Allocation Stall (main) 446,566ms
[559,029s][info][gc] GC(1127) Garbage Collection (Allocation Rate) 952M(93%)->954M(93%)
[559,500s][info][gc] Relocation Stall (main) 4,075ms
[559,500s][info][gc] Allocation Stall (main) 438,041ms
[559,505s][info][gc] GC(1128) Garbage Collection (Allocation Stall) 984M(96%)->928M(91%)
[560,011s][info][gc] Allocation Stall (main) 462,888ms
[560,033s][info][gc] GC(1129) Garbage Collection (Allocation Stall) 1006M(98%)->934M(91%)
[560,527s][info][gc] Allocation Stall (main) 450,791ms
[560,533s][info][gc] GC(1130) Garbage Collection (Allocation Stall) 956M(93%)->956M(93%)
[560,993s][info][gc] Allocation Stall (main) 427,278ms
[561,005s][info][gc] GC(1131) Garbage Collection (Allocation Stall) 978M(96%)->946M(92%)
[561,504s][info][gc] Allocation Stall (main) 463,708ms
[561,522s][info][gc] GC(1132) Garbage Collection (Allocation Stall) 1024M(100%)->910M(89%)
[562,013s][info][gc] Allocation Stall (main) 440,235ms
[562,026s][info][gc] GC(1133) Garbage Collection (Allocation Rate) 960M(94%)->964M(94%)
[562,524s][info][gc] Allocation Stall (main) 470,068ms
[562,533s][info][gc] GC(1134) Garbage Collection (Allocation Stall) 1000M(98%)->920M(90%)
[563,033s][info][gc] Allocation Stall (main) 448,741ms
[563,053s][info][gc] GC(1135) Garbage Collection (Allocation Stall) 942M(92%)->988M(96%)
[563,545s][info][gc] Allocation Stall (main) 474,454ms
[563,563s][info][gc] GC(1136) Garbage Collection (Allocation Stall) 1024M(100%)->900M(88%)
[564,088s][info][gc] Allocation Stall (main) 472,994ms
[564,106s][info][gc] GC(1137) Garbage Collection (Allocation Stall) 1024M(100%)->900M(88%)
[564,616s][info][gc] Allocation Stall (main) 455,341ms
[564,620s][info][gc] GC(1138) Garbage Collection (Allocation Rate) 984M(96%)->924M(90%)
[565,087s][info][gc] Allocation Stall (main) 420,314ms
[565,096s][info][gc] GC(1139) Garbage Collection (Allocation Stall) 964M(94%)->958M(94%)
[565,590s][info][gc] Allocation Stall (main) 463,315ms
[565,609s][info][gc] GC(1140) Garbage Collection (Allocation Stall) 1024M(100%)->914M(89%)
[566,131s][info][gc] Allocation Stall (main) 475,472ms
[566,153s][info][gc] GC(1141) Garbage Collection (Allocation Rate) 994M(97%)->940M(92%)
[566,679s][info][gc] Allocation Stall (main) 488,188ms
[566,685s][info][gc] GC(1142) Garbage Collection (Allocation Stall) 1024M(100%)->890M(87%)
[567,198s][info][gc] Allocation Stall (main) 456,682ms
[567,207s][info][gc] GC(1143) Garbage Collection (Allocation Rate) 1020M(100%)->908M(89%)
[567,695s][info][gc] Allocation Stall (main) 436,456ms
[567,714s][info][gc] GC(1144) Garbage Collection (Allocation Stall) 980M(96%)->960M(94%)
[568,220s][info][gc] Allocation Stall (main) 476,586ms
[568,227s][info][gc] GC(1145) Garbage Collection (Allocation Stall) 1024M(100%)->902M(88%)
[568,697s][info][gc] Allocation Stall (main) 410,815ms
[568,712s][info][gc] GC(1146) Garbage Collection (Allocation Stall) 936M(91%)->994M(97%)
[569,197s][info][gc] Allocation Stall (main) 470,890ms
[569,206s][info][gc] GC(1147) Garbage Collection (Allocation Stall) 1024M(100%)->904M(88%)
[569,696s][info][gc] Allocation Stall (main) 434,720ms
[569,709s][info][gc] GC(1148) Garbage Collection (Allocation Rate) 976M(95%)->956M(93%)
[570,208s][info][gc] Allocation Stall (main) 468,618ms
[570,223s][info][gc] GC(1149) Garbage Collection (Allocation Stall) 1024M(100%)->912M(89%)
[570,734s][info][gc] Relocation Stall (main) 16,877ms
[570,734s][info][gc] Allocation Stall (main) 457,738ms
[570,746s][info][gc] GC(1150) Garbage Collection (Allocation Rate) 948M(93%)->962M(94%)
[571,273s][info][gc] Allocation Stall (main) 498,134ms
[571,286s][info][gc] GC(1151) Garbage Collection (Allocation Stall) 1024M(100%)->894M(87%)
[571,804s][info][gc] Relocation Stall (main) 5,241ms
[571,805s][info][gc] Allocation Stall (main) 463,834ms
[571,806s][info][gc] GC(1152) Garbage Collection (Allocation Stall) 1024M(100%)->882M(86%)
[572,292s][info][gc] Allocation Stall (main) 422,434ms
[572,305s][info][gc] GC(1153) Garbage Collection (Allocation Rate) 962M(94%)->964M(94%)
[572,799s][info][gc] Relocation Stall (main) 5,489ms
[572,799s][info][gc] Allocation Stall (main) 466,315ms
[572,807s][info][gc] GC(1154) Garbage Collection (Allocation Stall) 1024M(100%)->894M(87%)
[573,309s][info][gc] Allocation Stall (main) 443,749ms
[573,331s][info][gc] GC(1155) Garbage Collection (Allocation Rate) 974M(95%)->960M(94%)
[573,824s][info][gc] Allocation Stall (main) 463,104ms
[573,840s][info][gc] GC(1156) Garbage Collection (Allocation Stall) 988M(96%)->934M(91%)
[574,309s][info][gc] Allocation Stall (main) 423,467ms
[574,315s][info][gc] GC(1157) Garbage Collection (Allocation Stall) 938M(92%)->970M(95%)
[574,797s][info][gc] Allocation Stall (main) 456,395ms
[574,813s][info][gc] GC(1158) Garbage Collection (Allocation Stall) 1020M(100%)->908M(89%)
[575,308s][info][gc] Allocation Stall (main) 443,178ms
[575,320s][info][gc] GC(1159) Garbage Collection (Allocation Stall) 976M(95%)->944M(92%)
[575,806s][info][gc] Relocation Stall (main) 4,054ms
[575,806s][info][gc] Allocation Stall (main) 448,752ms
[575,815s][info][gc] GC(1160) Garbage Collection (Allocation Stall) 994M(97%)->922M(90%)
[576,302s][info][gc] Allocation Stall (main) 441,518ms
[576,310s][info][gc] GC(1161) Garbage Collection (Allocation Stall) 984M(96%)->936M(91%)
[576,799s][info][gc] Allocation Stall (main) 448,750ms
[576,819s][info][gc] GC(1162) Garbage Collection (Allocation Stall) 1006M(98%)->934M(91%)
[577,316s][info][gc] Allocation Stall (main) 456,585ms
[577,328s][info][gc] GC(1163) Garbage Collection (Allocation Stall) 988M(96%)->934M(91%)
[577,811s][info][gc] Relocation Stall (main) 0,877ms
[577,811s][info][gc] Allocation Stall (main) 441,446ms
[577,826s][info][gc] GC(1164) Garbage Collection (Allocation Stall) 968M(95%)->954M(93%)
[578,309s][info][gc] Allocation Stall (main) 450,952ms
[578,319s][info][gc] GC(1165) Garbage Collection (Allocation Stall) 992M(97%)->928M(91%)
[578,800s][info][gc] Allocation Stall (main) 435,952ms
[578,822s][info][gc] GC(1166) Garbage Collection (Allocation Stall) 974M(95%)->960M(94%)
[579,321s][info][gc] Allocation Stall (main) 469,493ms
[579,329s][info][gc] GC(1167) Garbage Collection (Allocation Stall) 1006M(98%)->910M(89%)
[579,792s][info][gc] Allocation Stall (main) 407,823ms
[579,799s][info][gc] GC(1168) Garbage Collection (Allocation Stall) 940M(92%)->976M(95%)
[580,292s][info][gc] Relocation Stall (main) 4,682ms
[580,292s][info][gc] Allocation Stall (main) 470,262ms
[580,308s][info][gc] GC(1169) Garbage Collection (Allocation Stall) 1024M(100%)->904M(88%)
[580,820s][info][gc] Allocation Stall (main) 460,321ms
[580,831s][info][gc] GC(1170) Garbage Collection (Allocation Rate) 986M(96%)->934M(91%)
[581,298s][info][gc] Allocation Stall (main) 421,318ms
[581,313s][info][gc] GC(1171) Garbage Collection (Allocation Stall) 950M(93%)->974M(95%)
[581,806s][info][gc] Allocation Stall (main) 469,354ms
[581,814s][info][gc] GC(1172) Garbage Collection (Allocation Stall) 1024M(100%)->896M(88%)
[582,303s][info][gc] Allocation Stall (main) 430,211ms
[582,322s][info][gc] GC(1173) Garbage Collection (Allocation Rate) 958M(94%)->974M(95%)
[582,825s][info][gc] Allocation Stall (main) 480,089ms
[582,838s][info][gc] GC(1174) Garbage Collection (Allocation Stall) 1022M(100%)->904M(88%)
[583,307s][info][gc] Allocation Stall (main) 407,754ms
[583,314s][info][gc] GC(1175) Garbage Collection (Allocation Stall) 914M(89%)->996M(97%)
[583,781s][info][gc] Allocation Stall (main) 453,130ms
[583,790s][info][gc] GC(1176) Garbage Collection (Allocation Stall) 1024M(100%)->898M(88%)
[584,299s][info][gc] Allocation Stall (main) 455,350ms
[584,320s][info][gc] GC(1177) Garbage Collection (Allocation Rate) 1020M(100%)->920M(90%)
[584,827s][info][gc] Allocation Stall (main) 460,976ms
[584,842s][info][gc] GC(1178) Garbage Collection (Allocation Stall) 974M(95%)->954M(93%)
[585,351s][info][gc] Relocation Stall (main) 5,172ms
[585,351s][info][gc] Allocation Stall (main) 475,813ms
[585,356s][info][gc] GC(1179) Garbage Collection (Allocation Stall) 1024M(100%)->886M(87%)
[585,897s][info][gc] Relocation Stall (main) 5,034ms
[585,897s][info][gc] Allocation Stall (main) 478,065ms
[585,907s][info][gc] GC(1180) Garbage Collection (Allocation Stall) 1024M(100%)->902M(88%)
[586,419s][info][gc] Allocation Stall (main) 456,321ms
[586,436s][info][gc] GC(1181) Garbage Collection (Allocation Rate) 980M(96%)->954M(93%)
[586,919s][info][gc] Allocation Stall (main) 447,107ms
[586,943s][info][gc] GC(1182) Garbage Collection (Allocation Stall) 960M(94%)->974M(95%)
[587,448s][info][gc] Allocation Stall (main) 481,917ms
[587,456s][info][gc] GC(1183) Garbage Collection (Allocation Stall) 1024M(100%)->888M(87%)
[587,974s][info][gc] Allocation Stall (main) 460,250ms
[587,989s][info][gc] GC(1184) Garbage Collection (Allocation Stall) 1024M(100%)->906M(88%)
[588,512s][info][gc] Relocation Stall (main) 5,210ms
[588,512s][info][gc] Allocation Stall (main) 473,855ms
[588,526s][info][gc] GC(1185) Garbage Collection (Allocation Stall) 1024M(100%)->902M(88%)
[589,012s][info][gc] Allocation Stall (main) 427,461ms
[589,021s][info][gc] GC(1186) Garbage Collection (Allocation Rate) 938M(92%)->976M(95%)
[589,511s][info][gc] Relocation Stall (main) 7,236ms
[589,511s][info][gc] Allocation Stall (main) 467,705ms
[589,513s][info][gc] GC(1187) Garbage Collection (Allocation Stall) 1024M(100%)->886M(87%)
[590,006s][info][gc] Allocation Stall (main) 429,584ms
[590,026s][info][gc] GC(1188) Garbage Collection (Allocation Stall) 952M(93%)->980M(96%)
[590,521s][info][gc] Allocation Stall (main) 475,451ms
[590,528s][info][gc] GC(1189) Garbage Collection (Allocation Stall) 1020M(100%)->896M(88%)
[590,991s][info][gc] Allocation Stall (main) 400,294ms
[591,006s][info][gc] GC(1190) Garbage Collection (Allocation Stall) 922M(90%)->1002M(98%)
[591,502s][info][gc] Relocation Stall (main) 5,073ms
[591,502s][info][gc] Allocation Stall (main) 484,714ms
[591,508s][info][gc] GC(1191) Garbage Collection (Allocation Stall) 1024M(100%)->888M(87%)
[592,006s][info][gc] Relocation Stall (main) 3,076ms
[592,006s][info][gc] Allocation Stall (main) 435,604ms
[592,025s][info][gc] GC(1192) Garbage Collection (Allocation Rate) 964M(94%)->964M(94%)
[592,525s][info][gc] Allocation Stall (main) 469,366ms
[592,542s][info][gc] GC(1193) Garbage Collection (Allocation Stall) 1004M(98%)->918M(90%)
[593,055s][info][gc] Allocation Stall (main) 465,882ms
[593,069s][info][gc] GC(1194) Garbage Collection (Allocation Stall) 1024M(100%)->898M(88%)
[593,592s][info][gc] Allocation Stall (main) 468,743ms
[593,605s][info][gc] GC(1195) Garbage Collection (Allocation Stall) 1024M(100%)->900M(88%)
[594,102s][info][gc] Allocation Stall (main) 441,739ms
[594,116s][info][gc] GC(1196) Garbage Collection (Allocation Rate) 982M(96%)->942M(92%)
[594,610s][info][gc] Allocation Stall (main) 456,184ms
[594,623s][info][gc] GC(1197) Garbage Collection (Allocation Stall) 1002M(98%)->922M(90%)
[595,108s][info][gc] Allocation Stall (main) 437,649ms
[595,118s][info][gc] GC(1198) Garbage Collection (Allocation Stall) 968M(95%)->952M(93%)
[595,604s][info][gc] Allocation Stall (main) 452,458ms
[595,627s][info][gc] GC(1199) Garbage Collection (Allocation Stall) 1006M(98%)->928M(91%)
[596,122s][info][gc] Relocation Stall (main) 2,986ms
[596,122s][info][gc] Allocation Stall (main) 449,098ms
[596,125s][info][gc] GC(1200) Garbage Collection (Allocation Stall) 954M(93%)->948M(93%)
[596,597s][info][gc] Allocation Stall (main) 434,460ms
[596,613s][info][gc] GC(1201) Garbage Collection (Allocation Stall) 986M(96%)->938M(92%)
[597,113s][info][gc] Allocation Stall (main) 460,579ms
[597,120s][info][gc] GC(1202) Garbage Collection (Allocation Stall) 1004M(98%)->912M(89%)
[597,592s][info][gc] Allocation Stall (main) 419,408ms
[597,601s][info][gc] GC(1203) Garbage Collection (Allocation Stall) 962M(94%)->958M(94%)
[598,087s][info][gc] Allocation Stall (main) 455,815ms
[598,099s][info][gc] GC(1204) Garbage Collection (Allocation Stall) 1024M(100%)->906M(88%)
[598,616s][info][gc] Allocation Stall (main) 465,617ms
[598,641s][info][gc] GC(1205) Garbage Collection (Allocation Rate) 1008M(98%)->938M(92%)
[599,172s][info][gc] Relocation Stall (main) 5,612ms
[599,172s][info][gc] Allocation Stall (main) 494,101ms
[599,179s][info][gc] GC(1206) Garbage Collection (Allocation Stall) 1024M(100%)->890M(87%)
[599,707s][info][gc] Relocation Stall (main) 5,151ms
[599,707s][info][gc] Allocation Stall (main) 469,773ms
[599,727s][info][gc] GC(1207) Garbage Collection (Allocation Stall) 1024M(100%)->910M(89%)
[600,229s][info][gc] Allocation Stall (main) 447,023ms
[600,241s][info][gc] GC(1208) Garbage Collection (Allocation Rate) 946M(92%)->970M(95%)
[600,728s][info][gc] Allocation Stall (main) 461,733ms
[600,736s][info][gc] GC(1209) Garbage Collection (Allocation Stall) 1024M(100%)->896M(88%)
[601,191s][info][gc] Allocation Stall (main) 388,822ms
[601,203s][info][gc] GC(1210) Garbage Collection (Allocation Rate) 900M(88%)->1016M(99%)
[601,670s][info][gc] Allocation Stall (main) 462,622ms
[601,681s][info][gc] GC(1211) Garbage Collection (Allocation Stall) 1024M(100%)->898M(88%)
[602,198s][info][gc] Allocation Stall (main) 463,124ms
[602,210s][info][gc] GC(1212) Garbage Collection (Allocation Stall) 1024M(100%)->904M(88%)
[602,698s][info][gc] Allocation Stall (main) 433,823ms
[602,711s][info][gc] GC(1213) Garbage Collection (Allocation Rate) 972M(95%)->958M(94%)
[603,212s][info][gc] Allocation Stall (main) 470,340ms
[603,229s][info][gc] GC(1214) Garbage Collection (Allocation Stall) 1024M(100%)->912M(89%)
[603,711s][info][gc] Relocation Stall (main) 2,076ms
[603,711s][info][gc] Allocation Stall (main) 429,438ms
[603,719s][info][gc] GC(1215) Garbage Collection (Allocation Rate) 942M(92%)->974M(95%)
[604,202s][info][gc] Allocation Stall (main) 459,173ms
[604,219s][info][gc] GC(1216) Garbage Collection (Allocation Stall) 1024M(100%)->910M(89%)
[604,708s][info][gc] Allocation Stall (main) 436,642ms
[604,717s][info][gc] GC(1217) Garbage Collection (Allocation Rate) 964M(94%)->958M(94%)
[605,206s][info][gc] Allocation Stall (main) 457,927ms
[605,233s][info][gc] GC(1218) Garbage Collection (Allocation Stall) 1014M(99%)->926M(90%)
[605,730s][info][gc] Allocation Stall (main) 447,302ms
[605,736s][info][gc] GC(1219) Garbage Collection (Allocation Stall) 938M(92%)->966M(94%)
[606,190s][info][gc] Allocation Stall (main) 423,783ms
[606,198s][info][gc] GC(1220) Garbage Collection (Allocation Stall) 972M(95%)->940M(92%)
[606,690s][info][gc] Allocation Stall (main) 454,131ms
[606,712s][info][gc] GC(1221) Garbage Collection (Allocation Stall) 1024M(100%)->912M(89%)
[607,214s][info][gc] Allocation Stall (main) 450,662ms
[607,222s][info][gc] GC(1222) Garbage Collection (Allocation Rate) 970M(95%)->942M(92%)
[607,699s][info][gc] Allocation Stall (main) 438,483ms
[607,712s][info][gc] GC(1223) Garbage Collection (Allocation Stall) 986M(96%)->936M(91%)
[608,204s][info][gc] Relocation Stall (main) 1,693ms
[608,204s][info][gc] Allocation Stall (main) 452,474ms
[608,212s][info][gc] GC(1224) Garbage Collection (Allocation Stall) 996M(97%)->922M(90%)
[608,707s][info][gc] Relocation Stall (main) 9,796ms
[608,707s][info][gc] Allocation Stall (main) 448,826ms
[608,709s][info][gc] GC(1225) Garbage Collection (Allocation Stall) 992M(97%)->914M(89%)
[609,202s][info][gc] Allocation Stall (main) 443,743ms
[609,215s][info][gc] GC(1226) Garbage Collection (Allocation Stall) 990M(97%)->938M(92%)
[609,708s][info][gc] Allocation Stall (main) 454,573ms
[609,727s][info][gc] GC(1227) Garbage Collection (Allocation Stall) 998M(97%)->940M(92%)
[610,222s][info][gc] Allocation Stall (main) 456,011ms
[610,236s][info][gc] GC(1228) Garbage Collection (Allocation Stall) 976M(95%)->948M(93%)
[610,717s][info][gc] Relocation Stall (main) 3,579ms
[610,717s][info][gc] Allocation Stall (main) 443,454ms
[610,737s][info][gc] GC(1229) Garbage Collection (Allocation Stall) 964M(94%)->960M(94%)
[611,218s][info][gc] Allocation Stall (main) 448,900ms
[611,224s][info][gc] GC(1230) Garbage Collection (Allocation Stall) 966M(94%)->938M(92%)
[611,698s][info][gc] Allocation Stall (main) 433,546ms
[611,712s][info][gc] GC(1231) Garbage Collection (Allocation Stall) 978M(96%)->938M(92%)
[612,211s][info][gc] Allocation Stall (main) 459,986ms
[612,220s][info][gc] GC(1232) Garbage Collection (Allocation Stall) 1008M(98%)->910M(89%)
[612,695s][info][gc] Allocation Stall (main) 422,082ms
[612,705s][info][gc] GC(1233) Garbage Collection (Allocation Stall) 960M(94%)->962M(94%)
[613,197s][info][gc] Allocation Stall (main) 463,241ms
[613,220s][info][gc] GC(1234) Garbage Collection (Allocation Stall) 1024M(100%)->914M(89%)
[613,721s][info][gc] Relocation Stall (main) 2,205ms
[613,721s][info][gc] Allocation Stall (main) 451,314ms
[613,737s][info][gc] GC(1235) Garbage Collection (Allocation Rate) 966M(94%)->952M(93%)
[614,214s][info][gc] Allocation Stall (main) 440,774ms
[614,228s][info][gc] GC(1236) Garbage Collection (Allocation Stall) 966M(94%)->946M(92%)
[614,705s][info][gc] Allocation Stall (main) 439,881ms
[614,719s][info][gc] GC(1237) Garbage Collection (Allocation Stall) 978M(96%)->936M(91%)
[615,207s][info][gc] Allocation Stall (main) 448,069ms
[615,217s][info][gc] GC(1238) Garbage Collection (Allocation Stall) 990M(97%)->922M(90%)
[615,707s][info][gc] Allocation Stall (main) 443,467ms
[615,717s][info][gc] GC(1239) Garbage Collection (Allocation Stall) 980M(96%)->934M(91%)
[616,204s][info][gc] Allocation Stall (main) 447,255ms
[616,213s][info][gc] GC(1240) Garbage Collection (Allocation Stall) 992M(97%)->926M(90%)
[616,698s][info][gc] Allocation Stall (main) 440,970ms
[616,714s][info][gc] GC(1241) Garbage Collection (Allocation Stall) 992M(97%)->938M(92%)
[617,210s][info][gc] Allocation Stall (main) 457,836ms
[617,222s][info][gc] GC(1242) Garbage Collection (Allocation Stall) 1004M(98%)->922M(90%)
[617,704s][info][gc] Allocation Stall (main) 434,178ms
[617,721s][info][gc] GC(1243) Garbage Collection (Allocation Stall) 960M(94%)->968M(95%)
[618,223s][info][gc] Allocation Stall (main) 476,178ms
[618,236s][info][gc] GC(1244) Garbage Collection (Allocation Stall) 1018M(99%)->908M(89%)
[618,707s][info][gc] Allocation Stall (main) 412,094ms
[618,718s][info][gc] GC(1245) Garbage Collection (Allocation Stall) 922M(90%)->996M(97%)
[619,195s][info][gc] Allocation Stall (main) 463,008ms
[619,203s][info][gc] GC(1246) Garbage Collection (Allocation Stall) 1024M(100%)->898M(88%)
[619,699s][info][gc] Allocation Stall (main) 440,516ms
[619,713s][info][gc] GC(1247) Garbage Collection (Allocation Rate) 990M(97%)->940M(92%)
[620,213s][info][gc] Allocation Stall (main) 462,220ms
[620,226s][info][gc] GC(1248) Garbage Collection (Allocation Stall) 1008M(98%)->928M(91%)
[620,711s][info][gc] Allocation Stall (main) 439,846ms
[620,726s][info][gc] GC(1249) Garbage Collection (Allocation Stall) 964M(94%)->964M(94%)
[621,214s][info][gc] Allocation Stall (main) 460,071ms
[621,223s][info][gc] GC(1250) Garbage Collection (Allocation Stall) 1000M(98%)->922M(90%)
[621,697s][info][gc] Relocation Stall (main) 0,446ms
[621,697s][info][gc] Allocation Stall (main) 427,308ms
[621,705s][info][gc] GC(1251) Garbage Collection (Allocation Stall) 966M(94%)->958M(94%)
[622,188s][info][gc] Allocation Stall (main) 452,133ms
[622,204s][info][gc] GC(1252) Garbage Collection (Allocation Stall) 1024M(100%)->916M(89%)
[622,724s][info][gc] Relocation Stall (main) 4,357ms
[622,724s][info][gc] Allocation Stall (main) 472,346ms
[622,748s][info][gc] GC(1253) Garbage Collection (Allocation Rate) 1006M(98%)->932M(91%)
[623,278s][info][gc] Allocation Stall (main) 489,711ms
[623,285s][info][gc] GC(1254) Garbage Collection (Allocation Stall) 1024M(100%)->894M(87%)
[623,798s][info][gc] Allocation Stall (main) 456,190ms
[623,818s][info][gc] GC(1255) Garbage Collection (Allocation Stall) 1024M(100%)->916M(89%)
[624,314s][info][gc] Allocation Stall (main) 448,094ms
[624,333s][info][gc] GC(1256) Garbage Collection (Allocation Rate) 972M(95%)->956M(93%)
[624,814s][info][gc] Allocation Stall (main) 449,375ms
[624,822s][info][gc] GC(1257) Garbage Collection (Allocation Stall) 980M(96%)->932M(91%)
[625,294s][info][gc] Allocation Stall (main) 428,981ms
[625,308s][info][gc] GC(1258) Garbage Collection (Allocation Stall) 976M(95%)->948M(93%)
[625,813s][info][gc] Allocation Stall (main) 471,483ms
[625,825s][info][gc] GC(1259) Garbage Collection (Allocation Stall) 1024M(100%)->902M(88%)
[626,300s][info][gc] Allocation Stall (main) 418,296ms
[626,310s][info][gc] GC(1260) Garbage Collection (Allocation Rate) 944M(92%)->978M(96%)
[626,795s][info][gc] Allocation Stall (main) 463,315ms
[626,807s][info][gc] GC(1261) Garbage Collection (Allocation Stall) 1024M(100%)->906M(88%)
[627,304s][info][gc] Allocation Stall (main) 443,840ms
[627,321s][info][gc] GC(1262) Garbage Collection (Allocation Rate) 986M(96%)->950M(93%)
[627,821s][info][gc] Relocation Stall (main) 4,181ms
[627,821s][info][gc] Allocation Stall (main) 466,737ms
[627,827s][info][gc] GC(1263) Garbage Collection (Allocation Stall) 992M(97%)->926M(90%)
[628,293s][info][gc] Allocation Stall (main) 418,026ms
[628,305s][info][gc] GC(1264) Garbage Collection (Allocation Stall) 952M(93%)->976M(95%)
[628,791s][info][gc] Relocation Stall (main) 5,080ms
[628,791s][info][gc] Allocation Stall (main) 463,870ms
[628,801s][info][gc] GC(1265) Garbage Collection (Allocation Stall) 1024M(100%)->904M(88%)
[629,315s][info][gc] Relocation Stall (main) 4,218ms
[629,315s][info][gc] Allocation Stall (main) 461,505ms
[629,337s][info][gc] GC(1266) Garbage Collection (Allocation Rate) 1000M(98%)->938M(92%)
[629,829s][info][gc] Allocation Stall (main) 448,093ms
[629,834s][info][gc] GC(1267) Garbage Collection (Allocation Stall) 946M(92%)->964M(94%)
[630,301s][info][gc] Allocation Stall (main) 436,809ms
[630,314s][info][gc] GC(1268) Garbage Collection (Allocation Stall) 984M(96%)->942M(92%)
[630,806s][info][gc] Allocation Stall (main) 455,232ms
[630,819s][info][gc] GC(1269) Garbage Collection (Allocation Stall) 1008M(98%)->918M(90%)
[631,311s][info][gc] Allocation Stall (main) 443,328ms
[631,335s][info][gc] GC(1270) Garbage Collection (Allocation Stall) 970M(95%)->964M(94%)
[631,830s][info][gc] Allocation Stall (main) 465,348ms
[631,836s][info][gc] GC(1271) Garbage Collection (Allocation Stall) 978M(96%)->930M(91%)
[632,296s][info][gc] Allocation Stall (main) 413,070ms
[632,310s][info][gc] GC(1272) Garbage Collection (Allocation Stall) 938M(92%)->980M(96%)
[632,802s][info][gc] Allocation Stall (main) 471,856ms
[632,815s][info][gc] GC(1273) Garbage Collection (Allocation Stall) 1024M(100%)->898M(88%)
[633,298s][info][gc] Allocation Stall (main) 425,148ms
[633,315s][info][gc] GC(1274) Garbage Collection (Allocation Rate) 956M(93%)->966M(94%)
[633,813s][info][gc] Allocation Stall (main) 471,341ms
[633,828s][info][gc] GC(1275) Garbage Collection (Allocation Stall) 1024M(100%)->900M(88%)
[634,313s][info][gc] Allocation Stall (main) 425,092ms
[634,321s][info][gc] GC(1276) Garbage Collection (Allocation Rate) 932M(91%)->978M(96%)
[634,812s][info][gc] Relocation Stall (main) 3,520ms
[634,812s][info][gc] Allocation Stall (main) 468,999ms
[634,830s][info][gc] GC(1277) Garbage Collection (Allocation Stall) 1024M(100%)->902M(88%)
[635,325s][info][gc] Allocation Stall (main) 435,905ms
[635,331s][info][gc] GC(1278) Garbage Collection (Allocation Rate) 930M(91%)->974M(95%)
[635,796s][info][gc] Allocation Stall (main) 441,779ms
[635,806s][info][gc] GC(1279) Garbage Collection (Allocation Stall) 1000M(98%)->918M(90%)
[636,299s][info][gc] Allocation Stall (main) 446,064ms
[636,319s][info][gc] GC(1280) Garbage Collection (Allocation Stall) 1002M(98%)->934M(91%)
[636,819s][info][gc] Relocation Stall (main) 2,176ms
[636,819s][info][gc] Allocation Stall (main) 459,991ms
[636,833s][info][gc] GC(1281) Garbage Collection (Allocation Stall) 988M(96%)->930M(91%)
[637,316s][info][gc] Allocation Stall (main) 435,058ms
[637,320s][info][gc] GC(1282) Garbage Collection (Allocation Stall) 942M(92%)->964M(94%)
[637,795s][info][gc] Allocation Stall (main) 446,086ms
[637,810s][info][gc] GC(1283) Garbage Collection (Allocation Stall) 1008M(98%)->920M(90%)
[638,309s][info][gc] Allocation Stall (main) 453,805ms
[638,323s][info][gc] GC(1284) Garbage Collection (Allocation Stall) 996M(97%)->930M(91%)
[638,805s][info][gc] Allocation Stall (main) 438,439ms
[638,819s][info][gc] GC(1285) Garbage Collection (Allocation Stall) 970M(95%)->952M(93%)
[639,311s][info][gc] Allocation Stall (main) 459,088ms
[639,326s][info][gc] GC(1286) Garbage Collection (Allocation Stall) 1006M(98%)->920M(90%)
[639,806s][info][gc] Allocation Stall (main) 431,197ms
[639,811s][info][gc] GC(1287) Garbage Collection (Allocation Stall) 956M(93%)->956M(93%)
[640,299s][info][gc] Allocation Stall (main) 455,855ms
[640,310s][info][gc] GC(1288) Garbage Collection (Allocation Stall) 1024M(100%)->906M(88%)
[640,807s][info][gc] Allocation Stall (main) 444,408ms
[640,825s][info][gc] GC(1289) Garbage Collection (Allocation Rate) 980M(96%)->960M(94%)
[641,313s][info][gc] Allocation Stall (main) 458,433ms
[641,333s][info][gc] GC(1290) Garbage Collection (Allocation Stall) 1000M(98%)->934M(91%)
[641,824s][info][gc] Allocation Stall (main) 447,299ms
[641,839s][info][gc] GC(1291) Garbage Collection (Allocation Stall) 956M(93%)->964M(94%)
[642,339s][info][gc] Allocation Stall (main) 471,812ms
[642,358s][info][gc] GC(1292) Garbage Collection (Allocation Stall) 1024M(100%)->904M(88%)
[642,886s][info][gc] Relocation Stall (main) 5,190ms
[642,886s][info][gc] Allocation Stall (main) 478,024ms
[642,889s][info][gc] GC(1293) Garbage Collection (Allocation Stall) 1024M(100%)->882M(86%)
[643,394s][info][gc] Allocation Stall (main) 444,328ms
[643,410s][info][gc] GC(1294) Garbage Collection (Allocation Rate) 1008M(98%)->926M(90%)
[643,908s][info][gc] Allocation Stall (main) 453,854ms
[643,921s][info][gc] GC(1295) Garbage Collection (Allocation Stall) 1000M(98%)->930M(91%)
[644,404s][info][gc] Allocation Stall (main) 439,222ms
[644,421s][info][gc] GC(1296) Garbage Collection (Allocation Stall) 976M(95%)->952M(93%)
[644,918s][info][gc] Allocation Stall (main) 464,632ms
[644,935s][info][gc] GC(1297) Garbage Collection (Allocation Stall) 1000M(98%)->928M(91%)
[645,412s][info][gc] Allocation Stall (main) 429,191ms
[645,419s][info][gc] GC(1298) Garbage Collection (Allocation Stall) 946M(92%)->968M(95%)
[645,900s][info][gc] Allocation Stall (main) 454,751ms
[645,908s][info][gc] GC(1299) Garbage Collection (Allocation Stall) 1020M(100%)->902M(88%)
[646,396s][info][gc] Allocation Stall (main) 433,678ms
[646,409s][info][gc] GC(1300) Garbage Collection (Allocation Stall) 982M(96%)->950M(93%)
[646,906s][info][gc] Allocation Stall (main) 463,875ms
[646,919s][info][gc] GC(1301) Garbage Collection (Allocation Stall) 1024M(100%)->910M(89%)
[647,406s][info][gc] Allocation Stall (main) 434,813ms
[647,431s][info][gc] GC(1302) Garbage Collection (Allocation Rate) 962M(94%)->982M(96%)
[647,932s][info][gc] Relocation Stall (main) 5,120ms
[647,932s][info][gc] Allocation Stall (main) 481,592ms
[647,940s][info][gc] GC(1303) Garbage Collection (Allocation Stall) 1010M(99%)->904M(88%)
[648,403s][info][gc] Allocation Stall (main) 401,691ms
[648,413s][info][gc] GC(1304) Garbage Collection (Allocation Stall) 908M(89%)->1008M(98%)
[648,887s][info][gc] Relocation Stall (main) 4,555ms
[648,887s][info][gc] Allocation Stall (main) 465,276ms
[648,890s][info][gc] GC(1305) Garbage Collection (Allocation Stall) 1024M(100%)->886M(87%)
[649,398s][info][gc] Allocation Stall (main) 449,447ms
[649,411s][info][gc] GC(1306) Garbage Collection (Allocation Rate) 1014M(99%)->918M(90%)
[649,923s][info][gc] Relocation Stall (main) 14,384ms
[649,923s][info][gc] Allocation Stall (main) 465,448ms
[649,926s][info][gc] GC(1307) Garbage Collection (Allocation Stall) 992M(97%)->914M(89%)
[650,410s][info][gc] Allocation Stall (main) 432,419ms
[650,421s][info][gc] GC(1308) Garbage Collection (Allocation Stall) 950M(93%)->970M(95%)
[650,898s][info][gc] Allocation Stall (main) 452,216ms
[650,912s][info][gc] GC(1309) Garbage Collection (Allocation Stall) 1008M(98%)->920M(90%)
[651,415s][info][gc] Allocation Stall (main) 455,665ms
[651,433s][info][gc] GC(1310) Garbage Collection (Allocation Stall) 988M(96%)->940M(92%)
[651,919s][info][gc] Allocation Stall (main) 444,237ms
[651,930s][info][gc] GC(1311) Garbage Collection (Allocation Stall) 962M(94%)->954M(93%)
[652,404s][info][gc] Allocation Stall (main) 441,412ms
[652,410s][info][gc] GC(1312) Garbage Collection (Allocation Stall) 984M(96%)->930M(91%)
[652,894s][info][gc] Allocation Stall (main) 441,176ms
[652,914s][info][gc] GC(1313) Garbage Collection (Allocation Stall) 992M(97%)->940M(92%)
[653,428s][info][gc] Allocation Stall (main) 476,466ms
[653,448s][info][gc] GC(1314) Garbage Collection (Allocation Stall) 998M(97%)->930M(91%)
[653,979s][info][gc] Allocation Stall (main) 487,629ms
[653,987s][info][gc] GC(1315) Garbage Collection (Allocation Stall) 1024M(100%)->892M(87%)
[654,513s][info][gc] Allocation Stall (main) 467,907ms
[654,541s][info][gc] GC(1316) Garbage Collection (Allocation Rate) 1020M(100%)->922M(90%)
[655,073s][info][gc] Allocation Stall (main) 489,252ms
[655,081s][info][gc] GC(1317) Garbage Collection (Allocation Stall) 1024M(100%)->892M(87%)
[655,601s][info][gc] Relocation Stall (main) 4,996ms
[655,601s][info][gc] Allocation Stall (main) 463,347ms
[655,612s][info][gc] GC(1318) Garbage Collection (Allocation Stall) 1024M(100%)->898M(88%)
[656,111s][info][gc] Relocation Stall (main) 1,408ms
[656,111s][info][gc] Allocation Stall (main) 442,549ms
[656,126s][info][gc] GC(1319) Garbage Collection (Allocation Rate) 964M(94%)->962M(94%)
[656,616s][info][gc] Allocation Stall (main) 460,065ms
[656,630s][info][gc] GC(1320) Garbage Collection (Allocation Stall) 998M(97%)->926M(90%)
[657,111s][info][gc] Allocation Stall (main) 433,237ms
[657,125s][info][gc] GC(1321) Garbage Collection (Allocation Stall) 952M(93%)->970M(95%)
[657,614s][info][gc] Allocation Stall (main) 462,947ms
[657,623s][info][gc] GC(1322) Garbage Collection (Allocation Stall) 1008M(98%)->910M(89%)
[658,106s][info][gc] Allocation Stall (main) 430,026ms
[658,113s][info][gc] GC(1323) Garbage Collection (Allocation Stall) 954M(93%)->962M(94%)
[658,600s][info][gc] Allocation Stall (main) 457,609ms
[658,623s][info][gc] GC(1324) Garbage Collection (Allocation Stall) 1024M(100%)->916M(89%)
[659,117s][info][gc] Allocation Stall (main) 445,240ms
[659,123s][info][gc] GC(1325) Garbage Collection (Allocation Rate) 954M(93%)->956M(93%)
[659,600s][info][gc] Allocation Stall (main) 444,978ms
[659,612s][info][gc] GC(1326) Garbage Collection (Allocation Stall) 1000M(98%)->930M(91%)
[660,121s][info][gc] Allocation Stall (main) 466,466ms
[660,148s][info][gc] GC(1327) Garbage Collection (Allocation Stall) 998M(97%)->936M(91%)
[660,677s][info][gc] Relocation Stall (main) 5,696ms
[660,677s][info][gc] Allocation Stall (main) 490,340ms
[660,679s][info][gc] GC(1328) Garbage Collection (Allocation Stall) 1024M(100%)->880M(86%)
[661,202s][info][gc] Allocation Stall (main) 460,986ms
[661,218s][info][gc] GC(1329) Garbage Collection (Allocation Rate) 1024M(100%)->910M(89%)
[661,705s][info][gc] Allocation Stall (main) 433,592ms
[661,717s][info][gc] GC(1330) Garbage Collection (Allocation Stall) 958M(94%)->966M(94%)
[662,211s][info][gc] Allocation Stall (main) 466,678ms
[662,220s][info][gc] GC(1331) Garbage Collection (Allocation Stall) 1024M(100%)->900M(88%)
[662,697s][info][gc] Allocation Stall (main) 419,947ms
[662,713s][info][gc] GC(1332) Garbage Collection (Allocation Stall) 952M(93%)->978M(96%)
[663,205s][info][gc] Allocation Stall (main) 470,613ms
[663,220s][info][gc] GC(1333) Garbage Collection (Allocation Stall) 1024M(100%)->908M(89%)
[663,712s][info][gc] Allocation Stall (main) 438,009ms
[663,732s][info][gc] GC(1334) Garbage Collection (Allocation Rate) 960M(94%)->972M(95%)
[664,218s][info][gc] Allocation Stall (main) 460,280ms
[664,228s][info][gc] GC(1335) Garbage Collection (Allocation Stall) 994M(97%)->924M(90%)
[664,705s][info][gc] Allocation Stall (main) 428,869ms
[664,710s][info][gc] GC(1336) Garbage Collection (Allocation Stall) 956M(93%)->954M(93%)
[665,204s][info][gc] Relocation Stall (main) 4,956ms
[665,204s][info][gc] Allocation Stall (main) 462,190ms
[665,210s][info][gc] GC(1337) Garbage Collection (Allocation Stall) 1024M(100%)->894M(87%)
[665,703s][info][gc] Allocation Stall (main) 434,022ms
[665,719s][info][gc] GC(1338) Garbage Collection (Allocation Rate) 966M(94%)->966M(94%)
[666,224s][info][gc] Relocation Stall (main) 13,274ms
[666,224s][info][gc] Allocation Stall (main) 478,409ms
[666,227s][info][gc] GC(1339) Garbage Collection (Allocation Stall) 1020M(100%)->888M(87%)
[666,709s][info][gc] Allocation Stall (main) 415,327ms
[666,729s][info][gc] GC(1340) Garbage Collection (Allocation Stall) 918M(90%)->1008M(98%)
[667,228s][info][gc] Relocation Stall (main) 5,545ms
[667,229s][info][gc] Allocation Stall (main) 491,159ms
[667,231s][info][gc] GC(1341) Garbage Collection (Allocation Stall) 1024M(100%)->878M(86%)
[667,692s][info][gc] Allocation Stall (main) 389,018ms
[667,698s][info][gc] GC(1342) Garbage Collection (Allocation Rate) 904M(88%)->1000M(98%)
[668,163s][info][gc] Allocation Stall (main) 452,686ms
[668,179s][info][gc] GC(1343) Garbage Collection (Allocation Stall) 1024M(100%)->906M(88%)
[668,693s][info][gc] Allocation Stall (main) 464,732ms
[668,712s][info][gc] GC(1344) Garbage Collection (Allocation Stall) 1024M(100%)->912M(89%)
[669,217s][info][gc] Allocation Stall (main) 454,555ms
[669,235s][info][gc] GC(1345) Garbage Collection (Allocation Rate) 982M(96%)->944M(92%)
[669,716s][info][gc] Relocation Stall (main) 3,344ms
[669,716s][info][gc] Allocation Stall (main) 441,581ms
[669,726s][info][gc] GC(1346) Garbage Collection (Allocation Stall) 962M(94%)->946M(92%)
[670,206s][info][gc] Allocation Stall (main) 443,556ms
[670,213s][info][gc] GC(1347) Garbage Collection (Allocation Stall) 982M(96%)->926M(90%)
[670,699s][info][gc] Allocation Stall (main) 441,400ms
[670,717s][info][gc] GC(1348) Garbage Collection (Allocation Stall) 994M(97%)->936M(91%)
[671,217s][info][gc] Allocation Stall (main) 455,452ms
[671,231s][info][gc] GC(1349) Garbage Collection (Allocation Stall) 988M(96%)->934M(91%)
[671,709s][info][gc] Allocation Stall (main) 434,513ms
[671,714s][info][gc] GC(1350) Garbage Collection (Allocation Stall) 960M(94%)->950M(93%)
[672,200s][info][gc] Allocation Stall (main) 452,539ms
[672,221s][info][gc] GC(1351) Garbage Collection (Allocation Stall) 1016M(99%)->922M(90%)
[672,722s][info][gc] Allocation Stall (main) 454,443ms
[672,730s][info][gc] GC(1352) Garbage Collection (Allocation Stall) 970M(95%)->946M(92%)
[673,202s][info][gc] Allocation Stall (main) 432,297ms
[673,210s][info][gc] GC(1353) Garbage Collection (Allocation Stall) 972M(95%)->950M(93%)
[673,699s][info][gc] Allocation Stall (main) 455,143ms
[673,712s][info][gc] GC(1354) Garbage Collection (Allocation Stall) 1018M(99%)->914M(89%)
[674,205s][info][gc] Allocation Stall (main) 443,159ms
[674,216s][info][gc] GC(1355) Garbage Collection (Allocation Stall) 984M(96%)->946M(92%)
[674,703s][info][gc] Allocation Stall (main) 451,476ms
[674,724s][info][gc] GC(1356) Garbage Collection (Allocation Stall) 994M(97%)->944M(92%)
[675,220s][info][gc] Allocation Stall (main) 459,354ms
[675,228s][info][gc] GC(1357) Garbage Collection (Allocation Stall) 986M(96%)->932M(91%)
[675,704s][info][gc] Allocation Stall (main) 431,360ms
[675,721s][info][gc] GC(1358) Garbage Collection (Allocation Stall) 964M(94%)->966M(94%)
[676,216s][info][gc] Allocation Stall (main) 468,604ms
[676,227s][info][gc] GC(1359) Garbage Collection (Allocation Stall) 1014M(99%)->910M(89%)
[676,701s][info][gc] Allocation Stall (main) 420,192ms
[676,711s][info][gc] GC(1360) Garbage Collection (Allocation Stall) 946M(92%)->974M(95%)
[677,191s][info][gc] Allocation Stall (main) 457,388ms
[677,205s][info][gc] GC(1361) Garbage Collection (Allocation Stall) 1024M(100%)->908M(89%)
[677,719s][info][gc] Allocation Stall (main) 462,626ms
[677,742s][info][gc] GC(1362) Garbage Collection (Allocation Rate) 992M(97%)->948M(93%)
[678,262s][info][gc] Relocation Stall (main) 4,867ms
[678,262s][info][gc] Allocation Stall (main) 485,658ms
[678,273s][info][gc] GC(1363) Garbage Collection (Allocation Stall) 1024M(100%)->892M(87%)
[678,802s][info][gc] Allocation Stall (main) 473,306ms
[678,815s][info][gc] GC(1364) Garbage Collection (Allocation Stall) 1024M(100%)->904M(88%)
[679,306s][info][gc] Allocation Stall (main) 436,139ms
[679,329s][info][gc] GC(1365) Garbage Collection (Allocation Rate) 966M(94%)->966M(94%)
[679,826s][info][gc] Allocation Stall (main) 469,676ms
[679,834s][info][gc] GC(1366) Garbage Collection (Allocation Stall) 996M(97%)->916M(89%)
[680,295s][info][gc] Relocation Stall (main) 1,461ms
[680,295s][info][gc] Allocation Stall (main) 405,331ms
[680,297s][info][gc] GC(1367) Garbage Collection (Allocation Stall) 924M(90%)->978M(96%)
[680,780s][info][gc] Relocation Stall (main) 3,073ms
[680,780s][info][gc] Allocation Stall (main) 461,787ms
[680,792s][info][gc] GC(1368) Garbage Collection (Allocation Stall) 1024M(100%)->898M(88%)
[681,301s][info][gc] Allocation Stall (main) 456,733ms
[681,316s][info][gc] GC(1369) Garbage Collection (Allocation Rate) 1012M(99%)->922M(90%)
[681,809s][info][gc] Allocation Stall (main) 447,443ms
[681,829s][info][gc] GC(1370) Garbage Collection (Allocation Stall) 982M(96%)->954M(93%)
[682,316s][info][gc] Allocation Stall (main) 453,252ms
[682,326s][info][gc] GC(1371) Garbage Collection (Allocation Stall) 978M(96%)->942M(92%)
[682,807s][info][gc] Allocation Stall (main) 441,865ms
[682,821s][info][gc] GC(1372) Garbage Collection (Allocation Stall) 978M(96%)->948M(93%)
[683,303s][info][gc] Allocation Stall (main) 446,753ms
[683,314s][info][gc] GC(1373) Garbage Collection (Allocation Stall) 992M(97%)->930M(91%)
[683,801s][info][gc] Allocation Stall (main) 444,591ms
[683,811s][info][gc] GC(1374) Garbage Collection (Allocation Stall) 996M(97%)->930M(91%)
[684,299s][info][gc] Allocation Stall (main) 446,254ms
[684,319s][info][gc] GC(1375) Garbage Collection (Allocation Stall) 1000M(98%)->936M(91%)
[684,818s][info][gc] Allocation Stall (main) 459,940ms
[684,829s][info][gc] GC(1376) Garbage Collection (Allocation Stall) 992M(97%)->930M(91%)
[685,301s][info][gc] Allocation Stall (main) 426,367ms
[685,320s][info][gc] GC(1377) Garbage Collection (Allocation Stall) 960M(94%)->970M(95%)
[685,830s][info][gc] Relocation Stall (main) 9,803ms
[685,830s][info][gc] Allocation Stall (main) 485,076ms
[685,841s][info][gc] GC(1378) Garbage Collection (Allocation Stall) 1022M(100%)->890M(87%)
[686,377s][info][gc] Allocation Stall (main) 479,213ms
[686,393s][info][gc] GC(1379) Garbage Collection (Allocation Stall) 1024M(100%)->898M(88%)
[686,910s][info][gc] Allocation Stall (main) 463,511ms
[686,922s][info][gc] GC(1380) Garbage Collection (Allocation Rate) 1012M(99%)->906M(88%)
[687,407s][info][gc] Allocation Stall (main) 427,917ms
[687,413s][info][gc] GC(1381) Garbage Collection (Allocation Stall) 950M(93%)->964M(94%)
[687,900s][info][gc] Allocation Stall (main) 458,526ms
[687,913s][info][gc] GC(1382) Garbage Collection (Allocation Stall) 1024M(100%)->904M(88%)
[688,408s][info][gc] Allocation Stall (main) 440,549ms
[688,434s][info][gc] GC(1383) Garbage Collection (Allocation Rate) 970M(95%)->970M(95%)
[688,928s][info][gc] Allocation Stall (main) 467,473ms
[688,942s][info][gc] GC(1384) Garbage Collection (Allocation Stall) 988M(96%)->930M(91%)
[689,453s][info][gc] Allocation Stall (main) 468,121ms
[689,465s][info][gc] GC(1385) Garbage Collection (Allocation Stall) 1024M(100%)->894M(87%)
[689,981s][info][gc] Allocation Stall (main) 461,113ms
[689,994s][info][gc] GC(1386) Garbage Collection (Allocation Stall) 1024M(100%)->900M(88%)
[690,505s][info][gc] Allocation Stall (main) 458,047ms
[690,524s][info][gc] GC(1387) Garbage Collection (Allocation Rate) 1016M(99%)->922M(90%)
[691,015s][info][gc] Allocation Stall (main) 442,831ms
[691,038s][info][gc] GC(1388) Garbage Collection (Allocation Stall) 964M(94%)->970M(95%)
[691,523s][info][gc] Allocation Stall (main) 458,474ms
[691,529s][info][gc] GC(1389) Garbage Collection (Allocation Stall) 982M(96%)->926M(90%)
[691,996s][info][gc] Allocation Stall (main) 419,295ms
[692,005s][info][gc] GC(1390) Garbage Collection (Allocation Stall) 956M(93%)->958M(94%)
[692,495s][info][gc] Allocation Stall (main) 459,490ms
[692,506s][info][gc] GC(1391) Garbage Collection (Allocation Stall) 1024M(100%)->902M(88%)
[693,011s][info][gc] Allocation Stall (main) 450,887ms
[693,032s][info][gc] GC(1392) Garbage Collection (Allocation Rate) 984M(96%)->952M(93%)
[693,520s][info][gc] Allocation Stall (main) 452,912ms
[693,536s][info][gc] GC(1393) Garbage Collection (Allocation Stall) 970M(95%)->954M(93%)
[694,012s][info][gc] Allocation Stall (main) 440,688ms
[694,018s][info][gc] GC(1394) Garbage Collection (Allocation Stall) 968M(95%)->940M(92%)
[694,492s][info][gc] Allocation Stall (main) 435,332ms
[694,500s][info][gc] GC(1395) Garbage Collection (Allocation Stall) 994M(97%)->928M(91%)
[694,996s][info][gc] Allocation Stall (main) 454,366ms
[695,010s][info][gc] GC(1396) Garbage Collection (Allocation Stall) 1024M(100%)->910M(89%)
[695,515s][info][gc] Allocation Stall (main) 455,705ms
[695,540s][info][gc] GC(1397) Garbage Collection (Allocation Stall) 986M(96%)->956M(93%)
[696,023s][info][gc] Allocation Stall (main) 448,019ms
[696,034s][info][gc] GC(1398) Garbage Collection (Allocation Stall) 956M(93%)->960M(94%)
[696,500s][info][gc] Allocation Stall (main) 434,781ms
[696,506s][info][gc] GC(1399) Garbage Collection (Allocation Stall) 976M(95%)->936M(91%)
[696,993s][info][gc] Allocation Stall (main) 447,755ms
[697,012s][info][gc] GC(1400) Garbage Collection (Allocation Stall) 1012M(99%)->924M(90%)
[697,516s][info][gc] Allocation Stall (main) 459,795ms
[697,527s][info][gc] GC(1401) Garbage Collection (Allocation Stall) 990M(97%)->934M(91%)
[697,999s][info][gc] Allocation Stall (main) 426,836ms
[698,012s][info][gc] GC(1402) Garbage Collection (Allocation Stall) 958M(94%)->968M(95%)
[698,503s][info][gc] Allocation Stall (main) 463,936ms
[698,510s][info][gc] GC(1403) Garbage Collection (Allocation Stall) 1024M(100%)->902M(88%)
[699,000s][info][gc] Relocation Stall (main) 1,582ms
[699,000s][info][gc] Allocation Stall (main) 435,279ms
[699,014s][info][gc] GC(1404) Garbage Collection (Allocation Stall) 976M(95%)->956M(93%)
[699,536s][info][gc] Allocation Stall (main) 491,737ms
[699,546s][info][gc] GC(1405) Garbage Collection (Allocation Stall) 1022M(100%)->910M(89%)
[700,056s][info][gc] Relocation Stall (main) 4,942ms
[700,056s][info][gc] Allocation Stall (main) 461,017ms
[700,070s][info][gc] GC(1406) Garbage Collection (Allocation Stall) 1024M(100%)->914M(89%)
[700,606s][info][gc] Allocation Stall (main) 488,573ms
[700,634s][info][gc] GC(1407) Garbage Collection (Allocation Stall) 1024M(100%)->930M(91%)
[701,140s][info][gc] Allocation Stall (main) 461,606ms
[701,147s][info][gc] GC(1408) Garbage Collection (Allocation Rate) 952M(93%)->964M(94%)
[701,642s][info][gc] Relocation Stall (main) 4,723ms
[701,642s][info][gc] Allocation Stall (main) 465,895ms
[701,663s][info][gc] GC(1409) Garbage Collection (Allocation Stall) 1024M(100%)->908M(89%)
[702,198s][info][gc] Allocation Stall (main) 487,147ms
[702,206s][info][gc] GC(1410) Garbage Collection (Allocation Stall) 1024M(100%)->892M(87%)
[702,704s][info][gc] Relocation Stall (main) 10,756ms
[702,704s][info][gc] Allocation Stall (main) 438,474ms
[702,710s][info][gc] GC(1411) Garbage Collection (Allocation Rate) 964M(94%)->942M(92%)
[703,221s][info][gc] Allocation Stall (main) 474,965ms
[703,233s][info][gc] GC(1412) Garbage Collection (Allocation Stall) 1020M(100%)->904M(88%)
[703,712s][info][gc] Allocation Stall (main) 419,316ms
[703,734s][info][gc] GC(1413) Garbage Collection (Allocation Stall) 926M(90%)->1000M(98%)
[704,230s][info][gc] Allocation Stall (main) 484,332ms
[704,238s][info][gc] GC(1414) Garbage Collection (Allocation Stall) 1020M(100%)->890M(87%)
[704,700s][info][gc] Allocation Stall (main) 393,391ms
[704,704s][info][gc] GC(1415) Garbage Collection (Allocation Stall) 900M(88%)->1004M(98%)
[705,173s][info][gc] Relocation Stall (main) 5,703ms
[705,173s][info][gc] Allocation Stall (main) 458,926ms
[705,179s][info][gc] GC(1416) Garbage Collection (Allocation Stall) 1024M(100%)->888M(87%)
[705,700s][info][gc] Allocation Stall (main) 465,377ms
[705,722s][info][gc] GC(1417) Garbage Collection (Allocation Stall) 1024M(100%)->916M(89%)
[706,218s][info][gc] Allocation Stall (main) 445,211ms
[706,229s][info][gc] GC(1418) Garbage Collection (Allocation Rate) 960M(94%)->956M(93%)
[706,714s][info][gc] Relocation Stall (main) 3,660ms
[706,714s][info][gc] Allocation Stall (main) 451,561ms
[706,722s][info][gc] GC(1419) Garbage Collection (Allocation Stall) 986M(96%)->928M(91%)
[707,207s][info][gc] Allocation Stall (main) 438,106ms
[707,216s][info][gc] GC(1420) Garbage Collection (Allocation Stall) 962M(94%)->954M(93%)
[707,706s][info][gc] Allocation Stall (main) 458,311ms
[707,729s][info][gc] GC(1421) Garbage Collection (Allocation Stall) 1014M(99%)->922M(90%)
[708,217s][info][gc] Allocation Stall (main) 440,568ms
[708,227s][info][gc] GC(1422) Garbage Collection (Allocation Stall) 952M(93%)->958M(94%)
[708,703s][info][gc] Allocation Stall (main) 444,549ms
[708,709s][info][gc] GC(1423) Garbage Collection (Allocation Stall) 992M(97%)->924M(90%)
[709,201s][info][gc] Allocation Stall (main) 446,718ms
[709,223s][info][gc] GC(1424) Garbage Collection (Allocation Stall) 1000M(98%)->938M(92%)
[709,717s][info][gc] Allocation Stall (main) 455,541ms
[709,727s][info][gc] GC(1425) Garbage Collection (Allocation Stall) 978M(96%)->938M(92%)
[710,197s][info][gc] Allocation Stall (main) 426,911ms
[710,208s][info][gc] GC(1426) Garbage Collection (Allocation Stall) 962M(94%)->956M(93%)
[710,704s][info][gc] Allocation Stall (main) 464,873ms
[710,727s][info][gc] GC(1427) Garbage Collection (Allocation Stall) 1024M(100%)->914M(89%)
[711,222s][info][gc] Allocation Stall (main) 443,809ms
[711,239s][info][gc] GC(1428) Garbage Collection (Allocation Rate) 950M(93%)->968M(95%)
[711,708s][info][gc] Allocation Stall (main) 440,118ms
[711,718s][info][gc] GC(1429) Garbage Collection (Allocation Stall) 968M(95%)->940M(92%)
[712,203s][info][gc] Allocation Stall (main) 447,708ms
[712,213s][info][gc] GC(1430) Garbage Collection (Allocation Stall) 996M(97%)->918M(90%)
[712,693s][info][gc] Allocation Stall (main) 431,260ms
[712,701s][info][gc] GC(1431) Garbage Collection (Allocation Stall) 974M(95%)->940M(92%)
[713,199s][info][gc] Allocation Stall (main) 460,281ms
[713,220s][info][gc] GC(1432) Garbage Collection (Allocation Stall) 1024M(100%)->914M(89%)
[713,724s][info][gc] Allocation Stall (main) 454,119ms
[713,731s][info][gc] GC(1433) Garbage Collection (Allocation Rate) 966M(94%)->942M(92%)
[714,202s][info][gc] Relocation Stall (main) 1,299ms
[714,202s][info][gc] Allocation Stall (main) 430,763ms
[714,208s][info][gc] GC(1434) Garbage Collection (Allocation Stall) 964M(94%)->954M(93%)
[714,705s][info][gc] Allocation Stall (main) 464,222ms
[714,727s][info][gc] GC(1435) Garbage Collection (Allocation Stall) 1024M(100%)->918M(90%)
[715,223s][info][gc] Relocation Stall (main) 2,656ms
[715,224s][info][gc] Allocation Stall (main) 448,275ms
[715,227s][info][gc] GC(1436) Garbage Collection (Allocation Rate) 956M(93%)->950M(93%)
[715,699s][info][gc] Allocation Stall (main) 436,465ms
[715,711s][info][gc] GC(1437) Garbage Collection (Allocation Stall) 982M(96%)->942M(92%)
[716,206s][info][gc] Allocation Stall (main) 458,047ms
[716,222s][info][gc] GC(1438) Garbage Collection (Allocation Stall) 1014M(99%)->924M(90%)
[716,706s][info][gc] Allocation Stall (main) 434,859ms
[716,718s][info][gc] GC(1439) Garbage Collection (Allocation Stall) 958M(94%)->968M(95%)
[717,214s][info][gc] Allocation Stall (main) 469,368ms
[717,225s][info][gc] GC(1440) Garbage Collection (Allocation Stall) 1022M(100%)->908M(89%)
[717,700s][info][gc] Allocation Stall (main) 419,649ms
[717,715s][info][gc] GC(1441) Garbage Collection (Allocation Stall) 946M(92%)->982M(96%)
[718,202s][info][gc] Allocation Stall (main) 467,165ms
[718,219s][info][gc] GC(1442) Garbage Collection (Allocation Stall) 1024M(100%)->910M(89%)
[718,713s][info][gc] Allocation Stall (main) 439,851ms
[718,729s][info][gc] GC(1443) Garbage Collection (Allocation Rate) 962M(94%)->964M(94%)
[719,216s][info][gc] Relocation Stall (main) 4,178ms
[719,216s][info][gc] Allocation Stall (main) 459,378ms
[719,220s][info][gc] GC(1444) Garbage Collection (Allocation Stall) 996M(97%)->912M(89%)
[719,700s][info][gc] Allocation Stall (main) 427,699ms
[719,721s][info][gc] GC(1445) Garbage Collection (Allocation Stall) 962M(94%)->968M(95%)
[720,225s][info][gc] Allocation Stall (main) 478,107ms
[720,239s][info][gc] GC(1446) Garbage Collection (Allocation Stall) 1018M(99%)->904M(88%)
[720,704s][info][gc] Allocation Stall (main) 403,980ms
[720,713s][info][gc] GC(1447) Garbage Collection (Allocation Stall) 912M(89%)->996M(97%)
[721,186s][info][gc] Allocation Stall (main) 458,547ms
[721,195s][info][gc] GC(1448) Garbage Collection (Allocation Stall) 1024M(100%)->892M(87%)
[721,707s][info][gc] Relocation Stall (main) 6,791ms
[721,707s][info][gc] Allocation Stall (main) 456,863ms
[721,717s][info][gc] GC(1449) Garbage Collection (Allocation Rate) 1008M(98%)->910M(89%)
[722,212s][info][gc] Allocation Stall (main) 443,616ms
[722,223s][info][gc] GC(1450) Garbage Collection (Allocation Stall) 968M(95%)->954M(93%)
[722,705s][info][gc] Allocation Stall (main) 449,723ms
[722,723s][info][gc] GC(1451) Garbage Collection (Allocation Stall) 998M(97%)->934M(91%)
[723,213s][info][gc] Allocation Stall (main) 449,615ms
[723,219s][info][gc] GC(1452) Garbage Collection (Allocation Stall) 980M(96%)->934M(91%)
[723,699s][info][gc] Allocation Stall (main) 439,358ms
[723,713s][info][gc] GC(1453) Garbage Collection (Allocation Stall) 988M(96%)->942M(92%)
[724,211s][info][gc] Allocation Stall (main) 462,155ms
[724,230s][info][gc] GC(1454) Garbage Collection (Allocation Stall) 1012M(99%)->926M(90%)
[724,710s][info][gc] Allocation Stall (main) 431,936ms
[724,722s][info][gc] GC(1455) Garbage Collection (Allocation Stall) 944M(92%)->978M(96%)
[725,208s][info][gc] Allocation Stall (main) 463,179ms
[725,219s][info][gc] GC(1456) Garbage Collection (Allocation Stall) 1022M(100%)->902M(88%)
[725,707s][info][gc] Relocation Stall (main) 6,640ms
[725,707s][info][gc] Allocation Stall (main) 432,686ms
[725,712s][info][gc] GC(1457) Garbage Collection (Allocation Stall) 956M(93%)->952M(93%)
[726,202s][info][gc] Allocation Stall (main) 458,053ms
[726,211s][info][gc] GC(1458) Garbage Collection (Allocation Stall) 1024M(100%)->900M(88%)
[726,701s][info][gc] Relocation Stall (main) 0,869ms
[726,701s][info][gc] Allocation Stall (main) 434,614ms
[726,721s][info][gc] GC(1459) Garbage Collection (Allocation Stall) 972M(95%)->966M(94%)
[727,219s][info][gc] Allocation Stall (main) 471,212ms
[727,229s][info][gc] GC(1460) Garbage Collection (Allocation Stall) 1016M(99%)->910M(89%)
[727,698s][info][gc] Allocation Stall (main) 414,118ms
[727,709s][info][gc] GC(1461) Garbage Collection (Allocation Stall) 940M(92%)->982M(96%)
[728,190s][info][gc] Allocation Stall (main) 460,750ms
[728,202s][info][gc] GC(1462) Garbage Collection (Allocation Stall) 1024M(100%)->906M(88%)
[728,711s][info][gc] Allocation Stall (main) 456,942ms
[728,731s][info][gc] GC(1463) Garbage Collection (Allocation Rate) 998M(97%)->940M(92%)
[729,220s][info][gc] Allocation Stall (main) 445,266ms
[729,236s][info][gc] GC(1464) Garbage Collection (Allocation Stall) 966M(94%)->962M(94%)
[729,713s][info][gc] Allocation Stall (main) 444,724ms
[729,720s][info][gc] GC(1465) Garbage Collection (Allocation Stall) 968M(95%)->946M(92%)
[730,207s][info][gc] Relocation Stall (main) 4,419ms
[730,207s][info][gc] Allocation Stall (main) 450,215ms
[730,222s][info][gc] GC(1466) Garbage Collection (Allocation Stall) 994M(97%)->930M(91%)
[730,718s][info][gc] Allocation Stall (main) 453,832ms
[730,741s][info][gc] GC(1467) Garbage Collection (Allocation Stall) 978M(96%)->952M(93%)
[731,253s][info][gc] Allocation Stall (main) 477,967ms
[731,263s][info][gc] GC(1468) Garbage Collection (Allocation Stall) 1024M(100%)->894M(87%)
[731,778s][info][gc] Relocation Stall (main) 5,228ms
[731,778s][info][gc] Allocation Stall (main) 459,531ms
[731,782s][info][gc] GC(1469) Garbage Collection (Allocation Stall) 1024M(100%)->886M(87%)
[732,299s][info][gc] Allocation Stall (main) 458,821ms
[732,316s][info][gc] GC(1470) Garbage Collection (Allocation Stall) 1024M(100%)->912M(89%)
[732,805s][info][gc] Allocation Stall (main) 438,528ms
[732,816s][info][gc] GC(1471) Garbage Collection (Allocation Rate) 962M(94%)->962M(94%)
[733,309s][info][gc] Allocation Stall (main) 464,344ms
[733,332s][info][gc] GC(1472) Garbage Collection (Allocation Stall) 1020M(100%)->920M(90%)
[733,824s][info][gc] Allocation Stall (main) 439,809ms
[733,830s][info][gc] GC(1473) Garbage Collection (Allocation Stall) 942M(92%)->968M(95%)
[734,300s][info][gc] Allocation Stall (main) 443,537ms
[734,311s][info][gc] GC(1474) Garbage Collection (Allocation Stall) 998M(97%)->924M(90%)
[734,804s][info][gc] Allocation Stall (main) 447,734ms
[734,825s][info][gc] GC(1475) Garbage Collection (Allocation Stall) 986M(96%)->950M(93%)
[735,323s][info][gc] Allocation Stall (main) 464,179ms
[735,333s][info][gc] GC(1476) Garbage Collection (Allocation Stall) 990M(97%)->926M(90%)
[735,799s][info][gc] Allocation Stall (main) 416,016ms
[735,813s][info][gc] GC(1477) Garbage Collection (Allocation Stall) 942M(92%)->976M(95%)
[736,303s][info][gc] Allocation Stall (main) 467,115ms
[736,318s][info][gc] GC(1478) Garbage Collection (Allocation Stall) 1024M(100%)->898M(88%)
[736,806s][info][gc] Allocation Stall (main) 431,199ms
[736,826s][info][gc] GC(1479) Garbage Collection (Allocation Rate) 954M(93%)->970M(95%)
[737,324s][info][gc] Allocation Stall (main) 473,389ms
[737,331s][info][gc] GC(1480) Garbage Collection (Allocation Stall) 1008M(98%)->900M(88%)
[737,794s][info][gc] Allocation Stall (main) 403,136ms
[737,804s][info][gc] GC(1481) Garbage Collection (Allocation Stall) 926M(90%)->986M(96%)
[738,283s][info][gc] Allocation Stall (main) 460,858ms
[738,305s][info][gc] GC(1482) Garbage Collection (Allocation Stall) 1024M(100%)->908M(89%)
[738,820s][info][gc] Allocation Stall (main) 464,680ms
[738,830s][info][gc] GC(1483) Garbage Collection (Allocation Rate) 996M(97%)->920M(90%)
[739,300s][info][gc] Allocation Stall (main) 419,094ms
[739,306s][info][gc] GC(1484) Garbage Collection (Allocation Stall) 946M(92%)->964M(94%)
[739,792s][info][gc] Relocation Stall (main) 5,203ms
[739,792s][info][gc] Allocation Stall (main) 457,405ms
[739,798s][info][gc] GC(1485) Garbage Collection (Allocation Stall) 1024M(100%)->894M(87%)
[740,302s][info][gc] Allocation Stall (main) 447,508ms
[740,321s][info][gc] GC(1486) Garbage Collection (Allocation Rate) 996M(97%)->942M(92%)
[740,816s][info][gc] Allocation Stall (main) 457,164ms
[740,836s][info][gc] GC(1487) Garbage Collection (Allocation Stall) 990M(97%)->938M(92%)
[741,319s][info][gc] Allocation Stall (main) 440,078ms
[741,325s][info][gc] GC(1488) Garbage Collection (Allocation Stall) 952M(93%)->954M(93%)
[741,804s][info][gc] Relocation Stall (main) 4,350ms
[741,804s][info][gc] Allocation Stall (main) 445,824ms
[741,809s][info][gc] GC(1489) Garbage Collection (Allocation Stall) 994M(97%)->918M(90%)
[742,306s][info][gc] Allocation Stall (main) 449,202ms
[742,323s][info][gc] GC(1490) Garbage Collection (Allocation Stall) 992M(97%)->938M(92%)
[742,816s][info][gc] Allocation Stall (main) 453,248ms
[742,828s][info][gc] GC(1491) Garbage Collection (Allocation Stall) 982M(96%)->938M(92%)
[743,304s][info][gc] Allocation Stall (main) 435,056ms
[743,325s][info][gc] GC(1492) Garbage Collection (Allocation Stall) 972M(95%)->960M(94%)
[743,830s][info][gc] Allocation Stall (main) 474,922ms
[743,837s][info][gc] GC(1493) Garbage Collection (Allocation Stall) 1000M(98%)->912M(89%)
[744,299s][info][gc] Allocation Stall (main) 404,894ms
[744,303s][info][gc] GC(1494) Garbage Collection (Allocation Stall) 924M(90%)->982M(96%)
[744,775s][info][gc] Allocation Stall (main) 451,615ms
[744,789s][info][gc] GC(1495) Garbage Collection (Allocation Stall) 1024M(100%)->906M(88%)
[745,301s][info][gc] Allocation Stall (main) 462,948ms
[745,314s][info][gc] GC(1496) Garbage Collection (Allocation Stall) 1024M(100%)->908M(89%)
[745,799s][info][gc] Allocation Stall (main) 432,124ms
[745,812s][info][gc] GC(1497) Garbage Collection (Allocation Rate) 966M(94%)->962M(94%)
[746,312s][info][gc] Allocation Stall (main) 470,820ms
[746,328s][info][gc] GC(1498) Garbage Collection (Allocation Stall) 1024M(100%)->912M(89%)
[746,805s][info][gc] Allocation Stall (main) 423,402ms
[746,818s][info][gc] GC(1499) Garbage Collection (Allocation Rate) 942M(92%)->982M(96%)
[747,301s][info][gc] Allocation Stall (main) 462,663ms
[747,310s][info][gc] GC(1500) Garbage Collection (Allocation Stall) 1024M(100%)->900M(88%)
[747,805s][info][gc] Allocation Stall (main) 439,949ms
[747,826s][info][gc] GC(1501) Garbage Collection (Allocation Rate) 974M(95%)->962M(94%)
[748,320s][info][gc] Allocation Stall (main) 465,113ms
[748,343s][info][gc] GC(1502) Garbage Collection (Allocation Stall) 1000M(98%)->934M(91%)
[748,863s][info][gc] Allocation Stall (main) 480,090ms
[748,872s][info][gc] GC(1503) Garbage Collection (Allocation Stall) 1024M(100%)->892M(87%)
[749,389s][info][gc] Relocation Stall (main) 5,505ms
[749,389s][info][gc] Allocation Stall (main) 459,985ms
[749,393s][info][gc] GC(1504) Garbage Collection (Allocation Stall) 1024M(100%)->892M(87%)
[749,899s][info][gc] Allocation Stall (main) 447,528ms
[749,914s][info][gc] GC(1505) Garbage Collection (Allocation Rate) 1002M(98%)->930M(91%)
[750,411s][info][gc] Allocation Stall (main) 455,542ms
[750,423s][info][gc] GC(1506) Garbage Collection (Allocation Stall) 996M(97%)->936M(91%)
[750,911s][info][gc] Allocation Stall (main) 446,273ms
[750,928s][info][gc] GC(1507) Garbage Collection (Allocation Stall) 972M(95%)->958M(94%)
[751,415s][info][gc] Allocation Stall (main) 455,761ms
[751,422s][info][gc] GC(1508) Garbage Collection (Allocation Stall) 990M(97%)->930M(91%)
[751,896s][info][gc] Allocation Stall (main) 429,657ms
[751,908s][info][gc] GC(1509) Garbage Collection (Allocation Stall) 974M(95%)->952M(93%)
[752,406s][info][gc] Allocation Stall (main) 464,470ms
[752,419s][info][gc] GC(1510) Garbage Collection (Allocation Stall) 1024M(100%)->906M(88%)
[752,910s][info][gc] Allocation Stall (main) 435,123ms
[752,935s][info][gc] GC(1511) Garbage Collection (Allocation Rate) 948M(93%)->988M(96%)
[753,430s][info][gc] Allocation Stall (main) 477,344ms
[753,439s][info][gc] GC(1512) Garbage Collection (Allocation Stall) 998M(97%)->916M(89%)
[753,946s][info][gc] Allocation Stall (main) 459,475ms
[753,959s][info][gc] GC(1513) Garbage Collection (Allocation Stall) 1024M(100%)->904M(88%)
[754,483s][info][gc] Allocation Stall (main) 471,266ms
[754,500s][info][gc] GC(1514) Garbage Collection (Allocation Stall) 1024M(100%)->910M(89%)
[755,014s][info][gc] Allocation Stall (main) 464,636ms
[755,028s][info][gc] GC(1515) Garbage Collection (Allocation Rate) 1008M(98%)->922M(90%)
[755,508s][info][gc] Allocation Stall (main) 430,291ms
[755,526s][info][gc] GC(1516) Garbage Collection (Allocation Stall) 952M(93%)->976M(95%)
[756,009s][info][gc] Allocation Stall (main) 460,008ms
[756,017s][info][gc] GC(1517) Garbage Collection (Allocation Stall) 1002M(98%)->916M(89%)
[756,500s][info][gc] Relocation Stall (main) 3,102ms
[756,500s][info][gc] Allocation Stall (main) 434,054ms
[756,511s][info][gc] GC(1518) Garbage Collection (Allocation Stall) 968M(95%)->952M(93%)
[757,013s][info][gc] Allocation Stall (main) 469,211ms
[757,030s][info][gc] GC(1519) Garbage Collection (Allocation Stall) 1024M(100%)->908M(89%)
[757,507s][info][gc] Allocation Stall (main) 421,366ms
[757,517s][info][gc] GC(1520) Garbage Collection (Allocation Stall) 936M(91%)->982M(96%)
[758,001s][info][gc] Relocation Stall (main) 5,458ms
[758,001s][info][gc] Allocation Stall (main) 463,705ms
[758,009s][info][gc] GC(1521) Garbage Collection (Allocation Stall) 1024M(100%)->892M(87%)
[758,508s][info][gc] Allocation Stall (main) 438,678ms
[758,530s][info][gc] GC(1522) Garbage Collection (Allocation Rate) 956M(93%)->976M(95%)
[759,039s][info][gc] Relocation Stall (main) 7,180ms
[759,039s][info][gc] GC(1523) Garbage Collection (Allocation Stall) 1006M(98%)->892M(87%)
[759,039s][info][gc] Allocation Stall (main) 486,958ms
[759,548s][info][gc] Allocation Stall (main) 451,426ms
[759,561s][info][gc] GC(1524) Garbage Collection (Allocation Stall) 1024M(100%)->904M(88%)
[760,095s][info][gc] Allocation Stall (main) 483,129ms
[760,120s][info][gc] GC(1525) Garbage Collection (Allocation Stall) 1024M(100%)->918M(90%)
[760,632s][info][gc] Relocation Stall (main) 3,560ms
[760,632s][info][gc] Allocation Stall (main) 463,968ms
[760,645s][info][gc] GC(1526) Garbage Collection (Allocation Rate) 970M(95%)->944M(92%)
[761,159s][info][gc] Allocation Stall (main) 473,961ms
[761,168s][info][gc] GC(1527) Garbage Collection (Allocation Stall) 1024M(100%)->892M(87%)
[761,684s][info][gc] Allocation Stall (main) 458,786ms
[761,701s][info][gc] GC(1528) Garbage Collection (Allocation Stall) 1024M(100%)->906M(88%)
[762,213s][info][gc] Relocation Stall (main) 1,490ms
[762,213s][info][gc] Allocation Stall (main) 462,868ms
[762,227s][info][gc] GC(1529) Garbage Collection (Allocation Rate) 1006M(98%)->918M(90%)
[762,715s][info][gc] Allocation Stall (main) 437,260ms
[762,728s][info][gc] GC(1530) Garbage Collection (Allocation Stall) 952M(93%)->968M(95%)
[763,209s][info][gc] Allocation Stall (main) 454,079ms
[763,219s][info][gc] GC(1531) Garbage Collection (Allocation Stall) 1000M(98%)->920M(90%)
[763,696s][info][gc] Allocation Stall (main) 429,476ms
[763,703s][info][gc] GC(1532) Garbage Collection (Allocation Stall) 972M(95%)->944M(92%)
[764,200s][info][gc] Allocation Stall (main) 460,951ms
[764,225s][info][gc] GC(1533) Garbage Collection (Allocation Stall) 1024M(100%)->920M(90%)
[764,729s][info][gc] Relocation Stall (main) 3,309ms
[764,729s][info][gc] Allocation Stall (main) 456,139ms
[764,739s][info][gc] GC(1534) Garbage Collection (Allocation Rate) 962M(94%)->950M(93%)
[765,245s][info][gc] Allocation Stall (main) 471,874ms
[765,254s][info][gc] GC(1535) Garbage Collection (Allocation Stall) 1024M(100%)->892M(87%)
[765,767s][info][gc] Allocation Stall (main) 457,899ms
[765,784s][info][gc] GC(1536) Garbage Collection (Allocation Stall) 1024M(100%)->912M(89%)
[766,308s][info][gc] Allocation Stall (main) 476,225ms
[766,332s][info][gc] GC(1537) Garbage Collection (Allocation Stall) 1024M(100%)->916M(89%)
[766,831s][info][gc] Allocation Stall (main) 442,472ms
[766,835s][info][gc] GC(1538) Garbage Collection (Allocation Rate) 942M(92%)->966M(94%)
[767,294s][info][gc] Allocation Stall (main) 429,224ms
[767,307s][info][gc] GC(1539) Garbage Collection (Allocation Stall) 974M(95%)->950M(93%)
[767,806s][info][gc] Relocation Stall (main) 4,714ms
[767,806s][info][gc] Allocation Stall (main) 465,463ms
[767,821s][info][gc] GC(1540) Garbage Collection (Allocation Stall) 1024M(100%)->902M(88%)
[768,314s][info][gc] Allocation Stall (main) 436,906ms
[768,321s][info][gc] GC(1541) Garbage Collection (Allocation Rate) 952M(93%)->962M(94%)
[768,795s][info][gc] Allocation Stall (main) 444,809ms
[768,807s][info][gc] GC(1542) Garbage Collection (Allocation Stall) 1010M(99%)->918M(90%)
[769,309s][info][gc] Allocation Stall (main) 454,627ms
[769,335s][info][gc] GC(1543) Garbage Collection (Allocation Stall) 1000M(98%)->942M(92%)
[769,834s][info][gc] Relocation Stall (main) 2,160ms
[769,834s][info][gc] Allocation Stall (main) 457,411ms
[769,836s][info][gc] GC(1544) Garbage Collection (Allocation Stall) 950M(93%)->952M(93%)
[770,285s][info][gc] Allocation Stall (main) 412,116ms
[770,290s][info][gc] GC(1545) Garbage Collection (Allocation Stall) 958M(94%)->954M(93%)
[770,776s][info][gc] Allocation Stall (main) 454,720ms
[770,790s][info][gc] GC(1546) Garbage Collection (Allocation Stall) 1024M(100%)->910M(89%)
[771,311s][info][gc] Allocation Stall (main) 472,651ms
[771,336s][info][gc] GC(1547) Garbage Collection (Allocation Stall) 1024M(100%)->922M(90%)
[771,829s][info][gc] Allocation Stall (main) 443,933ms
[771,835s][info][gc] GC(1548) Garbage Collection (Allocation Rate) 940M(92%)->972M(95%)
[772,301s][info][gc] Allocation Stall (main) 440,824ms
[772,319s][info][gc] GC(1549) Garbage Collection (Allocation Stall) 990M(97%)->938M(92%)
[772,818s][info][gc] Allocation Stall (main) 460,583ms
[772,824s][info][gc] GC(1550) Garbage Collection (Allocation Stall) 994M(97%)->924M(90%)
[773,295s][info][gc] Allocation Stall (main) 422,623ms
[773,309s][info][gc] GC(1551) Garbage Collection (Allocation Stall) 962M(94%)->966M(94%)
[773,806s][info][gc] Allocation Stall (main) 469,259ms
[773,821s][info][gc] GC(1552) Garbage Collection (Allocation Stall) 1024M(100%)->908M(89%)
[774,307s][info][gc] Allocation Stall (main) 433,722ms
[774,316s][info][gc] GC(1553) Garbage Collection (Allocation Rate) 958M(94%)->958M(94%)
[774,800s][info][gc] Allocation Stall (main) 453,703ms
[774,816s][info][gc] GC(1554) Garbage Collection (Allocation Stall) 1018M(99%)->912M(89%)
[775,309s][info][gc] Allocation Stall (main) 443,219ms
[775,319s][info][gc] GC(1555) Garbage Collection (Allocation Stall) 974M(95%)->950M(93%)
[775,799s][info][gc] Allocation Stall (main) 446,577ms
[775,816s][info][gc] GC(1556) Garbage Collection (Allocation Stall) 1004M(98%)->930M(91%)
[776,311s][info][gc] Allocation Stall (main) 452,171ms
[776,329s][info][gc] GC(1557) Garbage Collection (Allocation Stall) 990M(97%)->940M(92%)
[776,819s][info][gc] Allocation Stall (main) 451,553ms
[776,832s][info][gc] GC(1558) Garbage Collection (Allocation Stall) 972M(95%)->948M(93%)
[777,306s][info][gc] Allocation Stall (main) 436,090ms
[777,316s][info][gc] GC(1559) Garbage Collection (Allocation Stall) 970M(95%)->952M(93%)
[777,801s][info][gc] Allocation Stall (main) 451,458ms
[777,814s][info][gc] GC(1560) Garbage Collection (Allocation Stall) 1010M(99%)->916M(89%)
[778,344s][info][gc] Relocation Stall (main) 19,670ms
[778,344s][info][gc] GC(1561) Garbage Collection (Allocation Stall) 976M(95%)->920M(90%)
[778,344s][info][gc] Allocation Stall (main) 476,559ms
[778,877s][info][gc] Allocation Stall (main) 484,443ms
[778,895s][info][gc] GC(1562) Garbage Collection (Allocation Stall) 1024M(100%)->906M(88%)
[779,411s][info][gc] Allocation Stall (main) 465,255ms
[779,428s][info][gc] GC(1563) Garbage Collection (Allocation Rate) 1018M(99%)->910M(89%)
[779,909s][info][gc] Allocation Stall (main) 423,510ms
[779,912s][info][gc] GC(1564) Garbage Collection (Allocation Stall) 936M(91%)->972M(95%)
[780,398s][info][gc] Relocation Stall (main) 4,571ms
[780,398s][info][gc] Allocation Stall (main) 461,822ms
[780,405s][info][gc] GC(1565) Garbage Collection (Allocation Stall) 1024M(100%)->898M(88%)
[780,900s][info][gc] Allocation Stall (main) 440,505ms
[780,916s][info][gc] GC(1566) Garbage Collection (Allocation Rate) 984M(96%)->952M(93%)
[781,408s][info][gc] Allocation Stall (main) 459,405ms
[781,424s][info][gc] GC(1567) Garbage Collection (Allocation Stall) 1006M(98%)->930M(91%)
[781,922s][info][gc] Allocation Stall (main) 452,880ms
[781,951s][info][gc] GC(1568) Garbage Collection (Allocation Stall) 962M(94%)->978M(96%)
[782,468s][info][gc] Allocation Stall (main) 496,200ms
[782,474s][info][gc] GC(1569) Garbage Collection (Allocation Stall) 1024M(100%)->886M(87%)
[782,996s][info][gc] Relocation Stall (main) 4,861ms
[782,996s][info][gc] Allocation Stall (main) 463,328ms
[783,003s][info][gc] GC(1570) Garbage Collection (Allocation Stall) 1024M(100%)->890M(87%)
[783,512s][info][gc] Allocation Stall (main) 449,398ms
[783,526s][info][gc] GC(1571) Garbage Collection (Allocation Rate) 972M(95%)->956M(93%)
[784,008s][info][gc] Allocation Stall (main) 449,525ms
[784,016s][info][gc] GC(1572) Garbage Collection (Allocation Stall) 992M(97%)->930M(91%)
[784,499s][info][gc] Allocation Stall (main) 440,240ms
[784,514s][info][gc] GC(1573) Garbage Collection (Allocation Stall) 988M(96%)->944M(92%)
[785,008s][info][gc] Allocation Stall (main) 457,974ms
[785,026s][info][gc] GC(1574) Garbage Collection (Allocation Stall) 1008M(98%)->926M(90%)
[785,514s][info][gc] Allocation Stall (main) 441,289ms
[785,524s][info][gc] GC(1575) Garbage Collection (Allocation Stall) 954M(93%)->966M(94%)
[786,006s][info][gc] Allocation Stall (main) 454,794ms
[786,031s][info][gc] GC(1576) Garbage Collection (Allocation Stall) 1006M(98%)->934M(91%)
[786,525s][info][gc] Allocation Stall (main) 451,819ms
[786,537s][info][gc] GC(1577) Garbage Collection (Allocation Stall) 960M(94%)->952M(93%)
[787,009s][info][gc] Relocation Stall (main) 3,238ms
[787,009s][info][gc] Allocation Stall (main) 434,592ms
[787,010s][info][gc] GC(1578) Garbage Collection (Allocation Stall) 964M(94%)->938M(92%)
[787,499s][info][gc] Allocation Stall (main) 449,902ms
[787,512s][info][gc] GC(1579) Garbage Collection (Allocation Stall) 1012M(99%)->916M(89%)
[788,011s][info][gc] Allocation Stall (main) 451,250ms
[788,024s][info][gc] GC(1580) Garbage Collection (Allocation Stall) 988M(96%)->938M(92%)
[788,504s][info][gc] Allocation Stall (main) 440,717ms
[788,518s][info][gc] GC(1581) Garbage Collection (Allocation Stall) 980M(96%)->946M(92%)
[789,008s][info][gc] Allocation Stall (main) 454,497ms
[789,016s][info][gc] GC(1582) Garbage Collection (Allocation Stall) 1000M(98%)->922M(90%)
[789,505s][info][gc] Allocation Stall (main) 443,010ms
[789,533s][info][gc] GC(1583) Garbage Collection (Allocation Stall) 980M(96%)->962M(94%)
[790,034s][info][gc] Relocation Stall (main) 1,849ms
[790,034s][info][gc] Allocation Stall (main) 473,113ms
[790,040s][info][gc] GC(1584) Garbage Collection (Allocation Stall) 986M(96%)->920M(90%)
[790,498s][info][gc] Allocation Stall (main) 404,687ms
[790,510s][info][gc] GC(1585) Garbage Collection (Allocation Stall) 926M(90%)->984M(96%)
[790,998s][info][gc] Allocation Stall (main) 468,226ms
[791,005s][info][gc] GC(1586) Garbage Collection (Allocation Stall) 1024M(100%)->890M(87%)
[791,491s][info][gc] Allocation Stall (main) 426,088ms
[791,506s][info][gc] GC(1587) Garbage Collection (Allocation Rate) 966M(94%)->958M(94%)
[792,000s][info][gc] Allocation Stall (main) 463,395ms
[792,011s][info][gc] GC(1588) Garbage Collection (Allocation Stall) 1024M(100%)->902M(88%)
[792,506s][info][gc] Allocation Stall (main) 439,908ms
[792,521s][info][gc] GC(1589) Garbage Collection (Allocation Rate) 972M(95%)->956M(93%)
[793,013s][info][gc] Allocation Stall (main) 460,136ms
[793,029s][info][gc] GC(1590) Garbage Collection (Allocation Stall) 1004M(98%)->924M(90%)
[793,513s][info][gc] Allocation Stall (main) 434,526ms
[793,529s][info][gc] GC(1591) Garbage Collection (Allocation Stall) 952M(93%)->968M(95%)
[794,012s][info][gc] Allocation Stall (main) 457,345ms
[794,025s][info][gc] GC(1592) Garbage Collection (Allocation Stall) 998M(97%)->920M(90%)
[794,509s][info][gc] Allocation Stall (main) 433,422ms
[794,512s][info][gc] GC(1593) Garbage Collection (Allocation Stall) 952M(93%)->956M(93%)
[794,994s][info][gc] Relocation Stall (main) 5,185ms
[794,994s][info][gc] Allocation Stall (main) 450,962ms
[795,006s][info][gc] GC(1594) Garbage Collection (Allocation Stall) 1014M(99%)->906M(88%)
[795,511s][info][gc] Allocation Stall (main) 452,501ms
[795,523s][info][gc] GC(1595) Garbage Collection (Allocation Stall) 988M(96%)->936M(91%)
[796,002s][info][gc] Allocation Stall (main) 437,372ms
[796,013s][info][gc] GC(1596) Garbage Collection (Allocation Stall) 978M(96%)->944M(92%)
[796,511s][info][gc] Allocation Stall (main) 460,994ms
[796,533s][info][gc] GC(1597) Garbage Collection (Allocation Stall) 1008M(98%)->926M(90%)
[797,027s][info][gc] Allocation Stall (main) 446,684ms
[797,033s][info][gc] GC(1598) Garbage Collection (Allocation Stall) 948M(93%)->958M(94%)
[797,498s][info][gc] Relocation Stall (main) 5,493ms
[797,498s][info][gc] GC(1599) Garbage Collection (Allocation Stall) 978M(96%)->926M(90%)
[797,498s][info][gc] Allocation Stall (main) 431,861ms
[797,997s][info][gc] Relocation Stall (main) 4,898ms
[797,998s][info][gc] Allocation Stall (main) 455,461ms
[798,008s][info][gc] GC(1600) Garbage Collection (Allocation Stall) 1024M(100%)->902M(88%)
[798,509s][info][gc] Allocation Stall (main) 447,108ms
[798,524s][info][gc] GC(1601) Garbage Collection (Allocation Rate) 978M(96%)->954M(93%)
[799,007s][info][gc] Allocation Stall (main) 450,773ms
[799,015s][info][gc] GC(1602) Garbage Collection (Allocation Stall) 990M(97%)->934M(91%)
[799,493s][info][gc] Allocation Stall (main) 437,080ms
[799,504s][info][gc] GC(1603) Garbage Collection (Allocation Stall) 988M(96%)->944M(92%)
[800,005s][info][gc] Allocation Stall (main) 464,527ms
[800,025s][info][gc] GC(1604) Garbage Collection (Allocation Stall) 1024M(100%)->920M(90%)
[800,522s][info][gc] Allocation Stall (main) 447,784ms
[800,544s][info][gc] GC(1605) Garbage Collection (Allocation Rate) 958M(94%)->976M(95%)
[801,054s][info][gc] Allocation Stall (main) 486,837ms
[801,063s][info][gc] GC(1606) Garbage Collection (Allocation Stall) 1024M(100%)->896M(88%)
[801,583s][info][gc] Allocation Stall (main) 465,375ms
[801,603s][info][gc] GC(1607) Garbage Collection (Allocation Stall) 1024M(100%)->914M(89%)
[802,114s][info][gc] Allocation Stall (main) 463,697ms
[802,130s][info][gc] GC(1608) Garbage Collection (Allocation Rate) 1006M(98%)->924M(90%)
[802,608s][info][gc] Allocation Stall (main) 428,679ms
[802,615s][info][gc] GC(1609) Garbage Collection (Allocation Stall) 942M(92%)->970M(95%)
[803,097s][info][gc] Allocation Stall (main) 456,038ms
[803,110s][info][gc] GC(1610) Garbage Collection (Allocation Stall) 1024M(100%)->904M(88%)
[803,612s][info][gc] Relocation Stall (main) 2,507ms
[803,612s][info][gc] Allocation Stall (main) 448,937ms
[803,626s][info][gc] GC(1611) Garbage Collection (Allocation Rate) 980M(96%)->946M(92%)
[804,110s][info][gc] Allocation Stall (main) 448,279ms
[804,122s][info][gc] GC(1612) Garbage Collection (Allocation Stall) 984M(96%)->938M(92%)
[804,602s][info][gc] Allocation Stall (main) 440,085ms
[804,617s][info][gc] GC(1613) Garbage Collection (Allocation Stall) 984M(96%)->942M(92%)
[805,108s][info][gc] Allocation Stall (main) 454,937ms
[805,128s][info][gc] GC(1614) Garbage Collection (Allocation Stall) 1002M(98%)->930M(91%)
[805,619s][info][gc] Allocation Stall (main) 446,307ms
[805,629s][info][gc] GC(1615) Garbage Collection (Allocation Stall) 958M(94%)->954M(93%)
[806,099s][info][gc] Allocation Stall (main) 434,659ms
[806,109s][info][gc] GC(1616) Garbage Collection (Allocation Stall) 974M(95%)->940M(92%)
[806,609s][info][gc] Allocation Stall (main) 462,496ms
[806,620s][info][gc] GC(1617) Garbage Collection (Allocation Stall) 1018M(99%)->904M(88%)
[807,114s][info][gc] Allocation Stall (main) 438,605ms
[807,134s][info][gc] GC(1618) Garbage Collection (Allocation Stall) 956M(93%)->974M(95%)
[807,619s][info][gc] Allocation Stall (main) 460,931ms
[807,629s][info][gc] GC(1619) Garbage Collection (Allocation Stall) 994M(97%)->922M(90%)
[808,099s][info][gc] Allocation Stall (main) 417,748ms
[808,109s][info][gc] GC(1620) Garbage Collection (Allocation Stall) 940M(92%)->974M(95%)
[808,591s][info][gc] Allocation Stall (main) 458,345ms
[808,610s][info][gc] GC(1621) Garbage Collection (Allocation Stall) 1024M(100%)->906M(88%)
[809,113s][info][gc] Allocation Stall (main) 449,965ms
[809,119s][info][gc] GC(1622) Garbage Collection (Allocation Rate) 980M(96%)->932M(91%)
[809,601s][info][gc] Relocation Stall (main) 5,584ms
[809,601s][info][gc] Allocation Stall (main) 438,959ms
[809,609s][info][gc] GC(1623) Garbage Collection (Allocation Stall) 982M(96%)->932M(91%)
[810,112s][info][gc] Allocation Stall (main) 461,811ms
[810,122s][info][gc] GC(1624) Garbage Collection (Allocation Stall) 1010M(99%)->914M(89%)
[810,596s][info][gc] Allocation Stall (main) 421,555ms
[810,610s][info][gc] GC(1625) Garbage Collection (Allocation Stall) 954M(93%)->972M(95%)
[811,110s][info][gc] Relocation Stall (main) 4,445ms
[811,110s][info][gc] Allocation Stall (main) 475,203ms
[811,126s][info][gc] GC(1626) Garbage Collection (Allocation Stall) 1024M(100%)->904M(88%)
[811,620s][info][gc] Allocation Stall (main) 437,837ms
[811,627s][info][gc] GC(1627) Garbage Collection (Allocation Rate) 942M(92%)->968M(95%)
[812,090s][info][gc] Allocation Stall (main) 436,128ms
[812,098s][info][gc] GC(1628) Garbage Collection (Allocation Stall) 994M(97%)->924M(90%)
[812,602s][info][gc] Allocation Stall (main) 459,423ms
[812,627s][info][gc] GC(1629) Garbage Collection (Allocation Stall) 1024M(100%)->918M(90%)
[813,128s][info][gc] Allocation Stall (main) 452,077ms
[813,141s][info][gc] GC(1630) Garbage Collection (Allocation Rate) 954M(93%)->962M(94%)
[813,638s][info][gc] Allocation Stall (main) 467,969ms
[813,644s][info][gc] GC(1631) Garbage Collection (Allocation Stall) 1024M(100%)->892M(87%)
[814,155s][info][gc] Allocation Stall (main) 453,634ms
[814,167s][info][gc] GC(1632) Garbage Collection (Allocation Stall) 1024M(100%)->904M(88%)
[814,688s][info][gc] Allocation Stall (main) 470,163ms
[814,709s][info][gc] GC(1633) Garbage Collection (Allocation Stall) 1024M(100%)->922M(90%)
[815,226s][info][gc] Relocation Stall (main) 4,558ms
[815,226s][info][gc] Allocation Stall (main) 471,826ms
[815,238s][info][gc] GC(1634) Garbage Collection (Allocation Rate) 1000M(98%)->922M(90%)
[815,713s][info][gc] Allocation Stall (main) 423,957ms
[815,724s][info][gc] GC(1635) Garbage Collection (Allocation Stall) 934M(91%)->984M(96%)
[816,209s][info][gc] Relocation Stall (main) 4,838ms
[816,209s][info][gc] Allocation Stall (main) 465,194ms
[816,221s][info][gc] GC(1636) Garbage Collection (Allocation Stall) 1024M(100%)->898M(88%)
[816,712s][info][gc] Allocation Stall (main) 431,942ms
[816,719s][info][gc] GC(1637) Garbage Collection (Allocation Rate) 946M(92%)->970M(95%)
[817,200s][info][gc] Allocation Stall (main) 455,745ms
[817,222s][info][gc] GC(1638) Garbage Collection (Allocation Stall) 1022M(100%)->916M(89%)
[817,728s][info][gc] Relocation Stall (main) 3,086ms
[817,728s][info][gc] GC(1639) Garbage Collection (Allocation Stall) 964M(94%)->942M(92%)
[817,728s][info][gc] Allocation Stall (main) 458,057ms
[818,196s][info][gc] Allocation Stall (main) 428,094ms
[818,203s][info][gc] GC(1640) Garbage Collection (Allocation Stall) 972M(95%)->948M(93%)
[818,705s][info][gc] Relocation Stall (main) 4,472ms
[818,705s][info][gc] Allocation Stall (main) 466,780ms
[818,713s][info][gc] GC(1641) Garbage Collection (Allocation Stall) 1024M(100%)->902M(88%)
[819,213s][info][gc] Allocation Stall (main) 447,090ms
[819,235s][info][gc] GC(1642) Garbage Collection (Allocation Rate) 974M(95%)->968M(95%)
[819,722s][info][gc] Allocation Stall (main) 461,469ms
[819,735s][info][gc] GC(1643) Garbage Collection (Allocation Stall) 986M(96%)->934M(91%)
[820,204s][info][gc] Allocation Stall (main) 424,516ms
[820,214s][info][gc] GC(1644) Garbage Collection (Allocation Stall) 952M(93%)->966M(94%)
[820,704s][info][gc] Relocation Stall (main) 5,255ms
[820,704s][info][gc] Allocation Stall (main) 462,632ms
[820,706s][info][gc] GC(1645) Garbage Collection (Allocation Stall) 1024M(100%)->892M(87%)
[821,198s][info][gc] Allocation Stall (main) 423,764ms
[821,209s][info][gc] GC(1646) Garbage Collection (Allocation Rate) 956M(93%)->974M(95%)
[821,694s][info][gc] Allocation Stall (main) 460,455ms
[821,707s][info][gc] GC(1647) Garbage Collection (Allocation Stall) 1024M(100%)->912M(89%)
[822,210s][info][gc] Allocation Stall (main) 452,900ms
[822,229s][info][gc] GC(1648) Garbage Collection (Allocation Rate) 992M(97%)->950M(93%)
[822,725s][info][gc] Relocation Stall (main) 3,096ms
[822,726s][info][gc] Allocation Stall (main) 460,601ms
[822,732s][info][gc] GC(1649) Garbage Collection (Allocation Stall) 978M(96%)->938M(92%)
[823,203s][info][gc] Allocation Stall (main) 430,172ms
[823,221s][info][gc] GC(1650) Garbage Collection (Allocation Stall) 964M(94%)->968M(95%)
[823,712s][info][gc] Allocation Stall (main) 464,812ms
[823,726s][info][gc] GC(1651) Garbage Collection (Allocation Stall) 1012M(99%)->916M(89%)
[824,206s][info][gc] Allocation Stall (main) 429,260ms
[824,231s][info][gc] GC(1652) Garbage Collection (Allocation Stall) 954M(93%)->980M(96%)
[824,737s][info][gc] Allocation Stall (main) 485,326ms
[824,745s][info][gc] GC(1653) Garbage Collection (Allocation Stall) 1006M(98%)->902M(88%)
[825,254s][info][gc] Allocation Stall (main) 454,899ms
[825,270s][info][gc] GC(1654) Garbage Collection (Allocation Stall) 1024M(100%)->904M(88%)
[825,796s][info][gc] Relocation Stall (main) 4,888ms
[825,796s][info][gc] Allocation Stall (main) 475,888ms
[825,801s][info][gc] GC(1655) Garbage Collection (Allocation Stall) 1024M(100%)->888M(87%)
[826,296s][info][gc] Allocation Stall (main) 435,697ms
[826,310s][info][gc] GC(1656) Garbage Collection (Allocation Rate) 984M(96%)->940M(92%)
[826,812s][info][gc] Allocation Stall (main) 463,952ms
[826,832s][info][gc] GC(1657) Garbage Collection (Allocation Stall) 1016M(99%)->918M(90%)
[827,316s][info][gc] Allocation Stall (main) 432,454ms
[827,325s][info][gc] GC(1658) Garbage Collection (Allocation Stall) 934M(91%)->976M(95%)
[827,796s][info][gc] Allocation Stall (main) 447,922ms
[827,811s][info][gc] GC(1659) Garbage Collection (Allocation Stall) 1004M(98%)->920M(90%)
[828,317s][info][gc] Allocation Stall (main) 459,026ms
[828,324s][info][gc] GC(1660) Garbage Collection (Allocation Stall) 990M(97%)->926M(90%)
[828,795s][info][gc] Allocation Stall (main) 425,112ms
[828,815s][info][gc] GC(1661) Garbage Collection (Allocation Stall) 966M(94%)->966M(94%)
[829,318s][info][gc] Allocation Stall (main) 477,946ms
[829,330s][info][gc] GC(1662) Garbage Collection (Allocation Stall) 1024M(100%)->898M(88%)
[829,799s][info][gc] Allocation Stall (main) 407,584ms
[829,811s][info][gc] GC(1663) Garbage Collection (Allocation Rate) 926M(90%)->988M(96%)
[830,291s][info][gc] Allocation Stall (main) 463,102ms
[830,301s][info][gc] GC(1664) Garbage Collection (Allocation Stall) 1024M(100%)->898M(88%)
[830,796s][info][gc] Allocation Stall (main) 440,681ms
[830,807s][info][gc] GC(1665) Garbage Collection (Allocation Rate) 994M(97%)->930M(91%)
[831,301s][info][gc] Allocation Stall (main) 452,379ms
[831,318s][info][gc] GC(1666) Garbage Collection (Allocation Stall) 1012M(99%)->922M(90%)
[831,810s][info][gc] Allocation Stall (main) 445,505ms
[831,825s][info][gc] GC(1667) Garbage Collection (Allocation Stall) 970M(95%)->958M(94%)
[832,313s][info][gc] Allocation Stall (main) 457,327ms
[832,324s][info][gc] GC(1668) Garbage Collection (Allocation Stall) 998M(97%)->926M(90%)
[832,807s][info][gc] Allocation Stall (main) 437,036ms
[832,829s][info][gc] GC(1669) Garbage Collection (Allocation Stall) 966M(94%)->970M(95%)
[833,319s][info][gc] Allocation Stall (main) 464,898ms
[833,328s][info][gc] GC(1670) Garbage Collection (Allocation Stall) 1000M(98%)->918M(90%)
[833,812s][info][gc] Relocation Stall (main) 11,720ms
[833,812s][info][gc] Allocation Stall (main) 430,454ms
[833,815s][info][gc] GC(1671) Garbage Collection (Allocation Stall) 948M(93%)->952M(93%)
[834,307s][info][gc] Allocation Stall (main) 458,376ms
[834,316s][info][gc] GC(1672) Garbage Collection (Allocation Stall) 1004M(98%)->914M(89%)
[834,803s][info][gc] Allocation Stall (main) 436,495ms
[834,826s][info][gc] GC(1673) Garbage Collection (Allocation Stall) 972M(95%)->964M(94%)
[835,321s][info][gc] Allocation Stall (main) 467,831ms
[835,329s][info][gc] GC(1674) Garbage Collection (Allocation Stall) 998M(97%)->916M(89%)
[835,793s][info][gc] Allocation Stall (main) 411,575ms
[835,799s][info][gc] GC(1675) Garbage Collection (Allocation Stall) 946M(92%)->966M(94%)
[836,282s][info][gc] Allocation Stall (main) 455,407ms
[836,297s][info][gc] GC(1676) Garbage Collection (Allocation Stall) 1024M(100%)->908M(89%)
[836,816s][info][gc] Allocation Stall (main) 468,403ms
[836,829s][info][gc] GC(1677) Garbage Collection (Allocation Rate) 1016M(99%)->914M(89%)
[837,312s][info][gc] Allocation Stall (main) 431,024ms
[837,331s][info][gc] GC(1678) Garbage Collection (Allocation Stall) 946M(92%)->984M(96%)
[837,826s][info][gc] Allocation Stall (main) 476,399ms
[837,841s][info][gc] GC(1679) Garbage Collection (Allocation Stall) 1010M(99%)->914M(89%)
[838,309s][info][gc] Allocation Stall (main) 411,486ms
[838,320s][info][gc] GC(1680) Garbage Collection (Allocation Stall) 918M(90%)->992M(97%)
[838,806s][info][gc] Allocation Stall (main) 470,284ms
[838,820s][info][gc] GC(1681) Garbage Collection (Allocation Stall) 1024M(100%)->898M(88%)
[839,307s][info][gc] Allocation Stall (main) 429,224ms
[839,315s][info][gc] GC(1682) Garbage Collection (Allocation Rate) 950M(93%)->960M(94%)
[839,806s][info][gc] Allocation Stall (main) 462,637ms
[839,818s][info][gc] GC(1683) Garbage Collection (Allocation Stall) 1014M(99%)->910M(89%)
[840,307s][info][gc] Allocation Stall (main) 436,580ms
[840,323s][info][gc] GC(1684) Garbage Collection (Allocation Stall) 966M(94%)->960M(94%)
[840,813s][info][gc] Allocation Stall (main) 460,818ms
[840,820s][info][gc] GC(1685) Garbage Collection (Allocation Stall) 1004M(98%)->914M(89%)
[841,300s][info][gc] Allocation Stall (main) 428,794ms
[841,315s][info][gc] GC(1686) Garbage Collection (Allocation Stall) 964M(94%)->966M(94%)
[841,817s][info][gc] Allocation Stall (main) 475,247ms
[841,825s][info][gc] GC(1687) Garbage Collection (Allocation Stall) 1024M(100%)->900M(88%)
[842,303s][info][gc] Allocation Stall (main) 419,556ms
[842,336s][info][gc] GC(1688) Garbage Collection (Allocation Rate) 938M(92%)->1008M(98%)
[842,843s][info][gc] Allocation Stall (main) 499,452ms
[842,851s][info][gc] GC(1689) Garbage Collection (Allocation Stall) 1024M(100%)->886M(87%)
[843,372s][info][gc] Relocation Stall (main) 5,439ms
[843,372s][info][gc] Allocation Stall (main) 462,419ms
[843,379s][info][gc] GC(1690) Garbage Collection (Allocation Stall) 1024M(100%)->888M(87%)
[843,901s][info][gc] Relocation Stall (main) 5,313ms
[843,901s][info][gc] Allocation Stall (main) 464,650ms
[843,907s][info][gc] GC(1691) Garbage Collection (Allocation Stall) 1024M(100%)->892M(87%)
[844,401s][info][gc] Allocation Stall (main) 435,676ms
[844,414s][info][gc] GC(1692) Garbage Collection (Allocation Rate) 974M(95%)->954M(93%)
[844,907s][info][gc] Allocation Stall (main) 461,034ms
[844,930s][info][gc] GC(1693) Garbage Collection (Allocation Stall) 1010M(99%)->932M(91%)
[845,432s][info][gc] Allocation Stall (main) 457,195ms
[845,444s][info][gc] GC(1694) Garbage Collection (Allocation Stall) 960M(94%)->958M(94%)
[845,945s][info][gc] Relocation Stall (main) 4,496ms
[845,945s][info][gc] Allocation Stall (main) 469,925ms
[845,950s][info][gc] GC(1695) Garbage Collection (Allocation Stall) 1024M(100%)->888M(87%)
[846,471s][info][gc] Relocation Stall (main) 5,316ms
[846,471s][info][gc] Allocation Stall (main) 463,605ms
[846,484s][info][gc] GC(1696) Garbage Collection (Allocation Stall) 1024M(100%)->902M(88%)
[847,019s][info][gc] Allocation Stall (main) 483,499ms
[847,036s][info][gc] GC(1697) Garbage Collection (Allocation Stall) 1024M(100%)->912M(89%)
[847,506s][info][gc] Allocation Stall (main) 413,084ms
[847,515s][info][gc] GC(1698) Garbage Collection (Allocation Rate) 918M(90%)->998M(97%)
[847,994s][info][gc] Allocation Stall (main) 466,202ms
[848,002s][info][gc] GC(1699) Garbage Collection (Allocation Stall) 1024M(100%)->900M(88%)
[848,506s][info][gc] Allocation Stall (main) 451,023ms
[848,528s][info][gc] GC(1700) Garbage Collection (Allocation Rate) 996M(97%)->944M(92%)
[849,020s][info][gc] Allocation Stall (main) 455,848ms
[849,027s][info][gc] GC(1701) Garbage Collection (Allocation Stall) 978M(96%)->940M(92%)
[849,498s][info][gc] Allocation Stall (main) 429,254ms
[849,521s][info][gc] GC(1702) Garbage Collection (Allocation Stall) 964M(94%)->970M(95%)
[850,031s][info][gc] Allocation Stall (main) 485,913ms
[850,041s][info][gc] GC(1703) Garbage Collection (Allocation Stall) 1020M(100%)->900M(88%)
[850,553s][info][gc] Relocation Stall (main) 4,561ms
[850,553s][info][gc] Allocation Stall (main) 458,980ms
[850,567s][info][gc] GC(1704) Garbage Collection (Allocation Stall) 1024M(100%)->902M(88%)
[851,093s][info][gc] Allocation Stall (main) 473,990ms
[851,105s][info][gc] GC(1705) Garbage Collection (Allocation Stall) 1024M(100%)->904M(88%)
[851,602s][info][gc] Allocation Stall (main) 444,313ms
[851,622s][info][gc] GC(1706) Garbage Collection (Allocation Rate) 990M(97%)->946M(92%)
[852,131s][info][gc] Relocation Stall (main) 11,115ms
[852,131s][info][gc] Allocation Stall (main) 473,717ms
[852,141s][info][gc] GC(1707) Garbage Collection (Allocation Stall) 990M(97%)->918M(90%)
[852,673s][info][gc] Relocation Stall (main) 5,543ms
[852,673s][info][gc] Allocation Stall (main) 485,655ms
[852,681s][info][gc] GC(1708) Garbage Collection (Allocation Stall) 1024M(100%)->882M(86%)
[853,204s][info][gc] Allocation Stall (main) 463,860ms
[853,219s][info][gc] GC(1709) Garbage Collection (Allocation Stall) 1024M(100%)->902M(88%)
[853,710s][info][gc] Allocation Stall (main) 435,135ms
[853,718s][info][gc] GC(1710) Garbage Collection (Allocation Rate) 956M(93%)->958M(94%)
[854,203s][info][gc] Allocation Stall (main) 453,609ms
[854,217s][info][gc] GC(1711) Garbage Collection (Allocation Stall) 1012M(99%)->918M(90%)
[854,711s][info][gc] Allocation Stall (main) 445,982ms
[854,720s][info][gc] GC(1712) Garbage Collection (Allocation Stall) 976M(95%)->944M(92%)
[855,197s][info][gc] Allocation Stall (main) 440,314ms
[855,213s][info][gc] GC(1713) Garbage Collection (Allocation Stall) 994M(97%)->938M(92%)
[855,712s][info][gc] Allocation Stall (main) 459,136ms
[855,728s][info][gc] GC(1714) Garbage Collection (Allocation Stall) 1004M(98%)->926M(90%)
[856,214s][info][gc] Allocation Stall (main) 438,830ms
[856,231s][info][gc] GC(1715) Garbage Collection (Allocation Stall) 958M(94%)->968M(95%)
[856,721s][info][gc] Allocation Stall (main) 462,376ms
[856,732s][info][gc] GC(1716) Garbage Collection (Allocation Stall) 992M(97%)->924M(90%)
[857,202s][info][gc] Allocation Stall (main) 420,973ms
[857,209s][info][gc] GC(1717) Garbage Collection (Allocation Stall) 948M(93%)->964M(94%)
[857,693s][info][gc] Allocation Stall (main) 455,257ms
[857,702s][info][gc] GC(1718) Garbage Collection (Allocation Stall) 1024M(100%)->902M(88%)
[858,201s][info][gc] Allocation Stall (main) 445,821ms
[858,217s][info][gc] GC(1719) Garbage Collection (Allocation Rate) 994M(97%)->938M(92%)
[858,712s][info][gc] Allocation Stall (main) 455,719ms
[858,726s][info][gc] GC(1720) Garbage Collection (Allocation Stall) 990M(97%)->938M(92%)
[859,205s][info][gc] Allocation Stall (main) 437,219ms
[859,218s][info][gc] GC(1721) Garbage Collection (Allocation Stall) 966M(94%)->958M(94%)
[859,711s][info][gc] Allocation Stall (main) 462,600ms
[859,722s][info][gc] GC(1722) Garbage Collection (Allocation Stall) 1014M(99%)->910M(89%)
[860,205s][info][gc] Allocation Stall (main) 429,510ms
[860,217s][info][gc] GC(1723) Garbage Collection (Allocation Stall) 954M(93%)->970M(95%)
[860,721s][info][gc] Allocation Stall (main) 478,772ms
[860,746s][info][gc] GC(1724) Garbage Collection (Allocation Stall) 1024M(100%)->920M(90%)
[861,277s][info][gc] Relocation Stall (main) 5,212ms
[861,277s][info][gc] Allocation Stall (main) 486,644ms
[861,290s][info][gc] GC(1725) Garbage Collection (Allocation Stall) 1024M(100%)->894M(87%)
[861,815s][info][gc] Allocation Stall (main) 470,611ms
[861,822s][info][gc] GC(1726) Garbage Collection (Allocation Rate) 1016M(99%)->902M(88%)
[862,297s][info][gc] Allocation Stall (main) 417,998ms
[862,308s][info][gc] GC(1727) Garbage Collection (Allocation Stall) 948M(93%)->974M(95%)
[862,791s][info][gc] Allocation Stall (main) 459,684ms
[862,803s][info][gc] GC(1728) Garbage Collection (Allocation Stall) 1024M(100%)->906M(88%)
[863,306s][info][gc] Allocation Stall (main) 451,743ms
[863,324s][info][gc] GC(1729) Garbage Collection (Allocation Rate) 996M(97%)->938M(92%)
[863,819s][info][gc] Allocation Stall (main) 454,941ms
[863,841s][info][gc] GC(1730) Garbage Collection (Allocation Stall) 978M(96%)->958M(94%)
[864,357s][info][gc] Allocation Stall (main) 485,686ms
[864,365s][info][gc] GC(1731) Garbage Collection (Allocation Stall) 1024M(100%)->894M(87%)
[864,872s][info][gc] Allocation Stall (main) 451,809ms
[864,884s][info][gc] GC(1732) Garbage Collection (Allocation Stall) 1024M(100%)->908M(89%)
[865,406s][info][gc] Relocation Stall (main) 4,795ms
[865,406s][info][gc] Allocation Stall (main) 472,879ms
[865,419s][info][gc] GC(1733) Garbage Collection (Allocation Stall) 1024M(100%)->908M(89%)
[865,910s][info][gc] Allocation Stall (main) 438,090ms
[865,927s][info][gc] GC(1734) Garbage Collection (Allocation Rate) 956M(93%)->978M(96%)
[866,418s][info][gc] Allocation Stall (main) 468,698ms
[866,438s][info][gc] GC(1735) Garbage Collection (Allocation Stall) 1012M(99%)->922M(90%)
[866,914s][info][gc] Allocation Stall (main) 425,462ms
[866,923s][info][gc] GC(1736) Garbage Collection (Allocation Stall) 930M(91%)->978M(96%)
[867,403s][info][gc] Allocation Stall (main) 458,510ms
[867,419s][info][gc] GC(1737) Garbage Collection (Allocation Stall) 1024M(100%)->904M(88%)
[867,907s][info][gc] Allocation Stall (main) 432,978ms
[867,922s][info][gc] GC(1738) Garbage Collection (Allocation Stall) 958M(94%)->960M(94%)
[868,413s][info][gc] Allocation Stall (main) 462,265ms
[868,421s][info][gc] GC(1739) Garbage Collection (Allocation Stall) 1008M(98%)->906M(88%)
[868,891s][info][gc] Allocation Stall (main) 415,521ms
[868,904s][info][gc] GC(1740) Garbage Collection (Allocation Stall) 954M(93%)->968M(95%)
[869,403s][info][gc] Relocation Stall (main) 3,492ms
[869,403s][info][gc] Allocation Stall (main) 473,674ms
[869,415s][info][gc] GC(1741) Garbage Collection (Allocation Stall) 1024M(100%)->896M(88%)
[869,937s][info][gc] Relocation Stall (main) 25,615ms
[869,937s][info][gc] Allocation Stall (main) 462,376ms
[869,938s][info][gc] GC(1742) Garbage Collection (Allocation Rate) 948M(93%)->936M(91%)
[870,432s][info][gc] Allocation Stall (main) 449,270ms
[870,437s][info][gc] GC(1743) Garbage Collection (Allocation Stall) 946M(92%)->950M(93%)
[870,890s][info][gc] Allocation Stall (main) 414,790ms
[870,895s][info][gc] GC(1744) Garbage Collection (Allocation Stall) 962M(94%)->942M(92%)
[871,383s][info][gc] Allocation Stall (main) 450,862ms
[871,401s][info][gc] GC(1745) Garbage Collection (Allocation Stall) 1024M(100%)->908M(89%)
[871,917s][info][gc] Relocation Stall (main) 4,795ms
[871,917s][info][gc] Allocation Stall (main) 465,735ms
[871,919s][info][gc] GC(1746) Garbage Collection (Allocation Rate) 1006M(98%)->904M(88%)
[872,393s][info][gc] Allocation Stall (main) 418,204ms
[872,403s][info][gc] GC(1747) Garbage Collection (Allocation Stall) 956M(93%)->966M(94%)
[872,890s][info][gc] Allocation Stall (main) 460,410ms
[872,904s][info][gc] GC(1748) Garbage Collection (Allocation Stall) 1024M(100%)->910M(89%)
[873,411s][info][gc] Allocation Stall (main) 456,088ms
[873,438s][info][gc] GC(1749) Garbage Collection (Allocation Rate) 990M(97%)->952M(93%)
[873,928s][info][gc] Allocation Stall (main) 452,560ms
[873,933s][info][gc] GC(1750) Garbage Collection (Allocation Stall) 954M(93%)->950M(93%)
[874,398s][info][gc] Allocation Stall (main) 429,829ms
[874,404s][info][gc] GC(1751) Garbage Collection (Allocation Stall) 974M(95%)->942M(92%)
[874,888s][info][gc] Allocation Stall (main) 447,256ms
[874,901s][info][gc] GC(1752) Garbage Collection (Allocation Stall) 1020M(100%)->914M(89%)
[875,408s][info][gc] Allocation Stall (main) 458,659ms
[875,428s][info][gc] GC(1753) Garbage Collection (Allocation Stall) 1010M(99%)->932M(91%)
[875,919s][info][gc] Allocation Stall (main) 447,196ms
[875,936s][info][gc] GC(1754) Garbage Collection (Allocation Stall) 964M(94%)->964M(94%)
[876,413s][info][gc] Allocation Stall (main) 447,397ms
[876,428s][info][gc] GC(1755) Garbage Collection (Allocation Stall) 980M(96%)->946M(92%)
[876,915s][info][gc] Allocation Stall (main) 450,335ms
[876,922s][info][gc] GC(1756) Garbage Collection (Allocation Stall) 978M(96%)->936M(91%)
[877,397s][info][gc] Allocation Stall (main) 434,145ms
[877,409s][info][gc] GC(1757) Garbage Collection (Allocation Stall) 982M(96%)->942M(92%)
[877,909s][info][gc] Allocation Stall (main) 460,406ms
[877,929s][info][gc] GC(1758) Garbage Collection (Allocation Stall) 1018M(99%)->918M(90%)
[878,421s][info][gc] Allocation Stall (main) 440,763ms
[878,442s][info][gc] GC(1759) Garbage Collection (Allocation Stall) 948M(93%)->976M(95%)
[878,949s][info][gc] Allocation Stall (main) 485,142ms
[878,957s][info][gc] GC(1760) Garbage Collection (Allocation Stall) 1024M(100%)->886M(87%)
[879,478s][info][gc] Relocation Stall (main) 5,096ms
[879,478s][info][gc] Allocation Stall (main) 461,933ms
[879,486s][info][gc] GC(1761) Garbage Collection (Allocation Stall) 1024M(100%)->892M(87%)
[880,007s][info][gc] Allocation Stall (main) 465,928ms
[880,019s][info][gc] GC(1762) Garbage Collection (Allocation Stall) 1024M(100%)->906M(88%)
[880,507s][info][gc] Allocation Stall (main) 432,294ms
[880,525s][info][gc] GC(1763) Garbage Collection (Allocation Rate) 958M(94%)->974M(95%)
[881,026s][info][gc] Allocation Stall (main) 476,956ms
[881,044s][info][gc] GC(1764) Garbage Collection (Allocation Stall) 1012M(99%)->918M(90%)
[881,567s][info][gc] Relocation Stall (main) 5,478ms
[881,567s][info][gc] Allocation Stall (main) 477,329ms
[881,570s][info][gc] GC(1765) Garbage Collection (Allocation Stall) 1024M(100%)->884M(86%)
[882,096s][info][gc] Allocation Stall (main) 466,239ms
[882,118s][info][gc] GC(1766) Garbage Collection (Allocation Stall) 1024M(100%)->918M(90%)
[882,629s][info][gc] Allocation Stall (main) 462,800ms
[882,637s][info][gc] GC(1767) Garbage Collection (Allocation Rate) 974M(95%)->944M(92%)
[883,101s][info][gc] Allocation Stall (main) 422,662ms
[883,108s][info][gc] GC(1768) Garbage Collection (Allocation Stall) 956M(93%)->964M(94%)
[883,597s][info][gc] Allocation Stall (main) 460,627ms
[883,622s][info][gc] GC(1769) Garbage Collection (Allocation Stall) 1024M(100%)->920M(90%)
[884,137s][info][gc] Allocation Stall (main) 467,528ms
[884,142s][info][gc] GC(1770) Garbage Collection (Allocation Rate) 968M(95%)->946M(92%)
[884,596s][info][gc] Allocation Stall (main) 414,458ms
[884,614s][info][gc] GC(1771) Garbage Collection (Allocation Stall) 946M(92%)->982M(96%)
[885,112s][info][gc] Allocation Stall (main) 478,083ms
[885,120s][info][gc] GC(1772) Garbage Collection (Allocation Stall) 1024M(100%)->896M(88%)
[885,601s][info][gc] Relocation Stall (main) 1,156ms
[885,602s][info][gc] Allocation Stall (main) 420,575ms
[885,616s][info][gc] GC(1773) Garbage Collection (Allocation Rate) 944M(92%)->982M(96%)
[886,115s][info][gc] Relocation Stall (main) 4,667ms
[886,115s][info][gc] Allocation Stall (main) 479,120ms
[886,123s][info][gc] GC(1774) Garbage Collection (Allocation Stall) 1024M(100%)->892M(87%)
[886,604s][info][gc] Allocation Stall (main) 418,580ms
[886,617s][info][gc] GC(1775) Garbage Collection (Allocation Rate) 936M(91%)->984M(96%)
[887,106s][info][gc] Relocation Stall (main) 5,426ms
[887,106s][info][gc] Allocation Stall (main) 470,430ms
[887,109s][info][gc] GC(1776) Garbage Collection (Allocation Stall) 1024M(100%)->884M(86%)
[887,594s][info][gc] Allocation Stall (main) 420,522ms
[887,615s][info][gc] GC(1777) Garbage Collection (Allocation Rate) 948M(93%)->982M(96%)
[888,116s][info][gc] Allocation Stall (main) 481,806ms
[888,124s][info][gc] GC(1778) Garbage Collection (Allocation Stall) 1024M(100%)->892M(87%)
[888,596s][info][gc] Allocation Stall (main) 409,960ms
[888,616s][info][gc] GC(1779) Garbage Collection (Allocation Rate) 932M(91%)->994M(97%)
[889,106s][info][gc] Allocation Stall (main) 476,390ms
[889,116s][info][gc] GC(1780) Garbage Collection (Allocation Stall) 1024M(100%)->892M(87%)
[889,596s][info][gc] Allocation Stall (main) 418,919ms
[889,606s][info][gc] GC(1781) Garbage Collection (Allocation Rate) 950M(93%)->966M(94%)
[890,096s][info][gc] Allocation Stall (main) 462,348ms
[890,103s][info][gc] GC(1782) Garbage Collection (Allocation Stall) 1024M(100%)->898M(88%)
[890,606s][info][gc] Allocation Stall (main) 447,319ms
[890,630s][info][gc] GC(1783) Garbage Collection (Allocation Rate) 988M(96%)->954M(93%)
[891,131s][info][gc] Relocation Stall (main) 3,815ms
[891,131s][info][gc] Allocation Stall (main) 467,165ms
[891,147s][info][gc] GC(1784) Garbage Collection (Allocation Stall) 980M(96%)->940M(92%)
[891,669s][info][gc] Allocation Stall (main) 484,291ms
[891,677s][info][gc] GC(1785) Garbage Collection (Allocation Stall) 1024M(100%)->890M(87%)
[892,196s][info][gc] Allocation Stall (main) 463,027ms
[892,219s][info][gc] GC(1786) Garbage Collection (Allocation Stall) 1024M(100%)->916M(89%)
[892,721s][info][gc] Allocation Stall (main) 453,310ms
[892,727s][info][gc] GC(1787) Garbage Collection (Allocation Rate) 970M(95%)->940M(92%)
[893,193s][info][gc] Allocation Stall (main) 424,088ms
[893,209s][info][gc] GC(1788) Garbage Collection (Allocation Stall) 968M(95%)->958M(94%)
[893,712s][info][gc] Relocation Stall (main) 5,484ms
[893,712s][info][gc] Allocation Stall (main) 473,481ms
[893,714s][info][gc] GC(1789) Garbage Collection (Allocation Stall) 1024M(100%)->884M(86%)
[894,192s][info][gc] Allocation Stall (main) 414,791ms
[894,206s][info][gc] GC(1790) Garbage Collection (Allocation Rate) 950M(93%)->976M(95%)
[894,696s][info][gc] Allocation Stall (main) 467,196ms
[894,713s][info][gc] GC(1791) Garbage Collection (Allocation Stall) 1024M(100%)->912M(89%)
[895,210s][info][gc] Allocation Stall (main) 447,518ms
[895,225s][info][gc] GC(1792) Garbage Collection (Allocation Rate) 980M(96%)->950M(93%)
[895,709s][info][gc] Relocation Stall (main) 1,094ms
[895,709s][info][gc] Allocation Stall (main) 448,388ms
[895,723s][info][gc] GC(1793) Garbage Collection (Allocation Stall) 984M(96%)->938M(92%)
[896,207s][info][gc] Allocation Stall (main) 444,174ms
[896,214s][info][gc] GC(1794) Garbage Collection (Allocation Stall) 982M(96%)->934M(91%)
[896,704s][info][gc] Allocation Stall (main) 448,238ms
[896,731s][info][gc] GC(1795) Garbage Collection (Allocation Stall) 990M(97%)->954M(93%)
[897,230s][info][gc] Allocation Stall (main) 465,777ms
[897,238s][info][gc] GC(1796) Garbage Collection (Allocation Stall) 980M(96%)->934M(91%)
[897,696s][info][gc] Allocation Stall (main) 412,031ms
[897,700s][info][gc] GC(1797) Garbage Collection (Allocation Stall) 944M(92%)->964M(94%)
[898,183s][info][gc] Allocation Stall (main) 456,056ms
[898,202s][info][gc] GC(1798) Garbage Collection (Allocation Stall) 1024M(100%)->910M(89%)
[898,719s][info][gc] Allocation Stall (main) 469,120ms
[898,732s][info][gc] GC(1799) Garbage Collection (Allocation Rate) 1008M(98%)->920M(90%)
[899,216s][info][gc] Allocation Stall (main) 432,455ms
[899,239s][info][gc] GC(1800) Garbage Collection (Allocation Stall) 942M(92%)->992M(97%)
[899,721s][info][gc] Allocation Stall (main) 465,856ms
[899,735s][info][gc] GC(1801) Garbage Collection (Allocation Stall) 996M(97%)->920M(90%)
[900,209s][info][gc] Allocation Stall (main) 421,397ms
[900,213s][info][gc] GC(1802) Garbage Collection (Allocation Stall) 934M(91%)->968M(95%)
[900,685s][info][gc] Allocation Stall (main) 446,872ms
[900,700s][info][gc] GC(1803) Garbage Collection (Allocation Stall) 1024M(100%)->906M(88%)
[901,208s][info][gc] Allocation Stall (main) 458,867ms
[901,217s][info][gc] GC(1804) Garbage Collection (Allocation Rate) 998M(97%)->920M(90%)
[901,697s][info][gc] Allocation Stall (main) 433,834ms
[901,713s][info][gc] GC(1805) Garbage Collection (Allocation Stall) 980M(96%)->952M(93%)
[902,220s][info][gc] Allocation Stall (main) 474,333ms
[902,242s][info][gc] GC(1806) Garbage Collection (Allocation Stall) 1018M(99%)->918M(90%)
[902,767s][info][gc] Allocation Stall (main) 480,202ms
[902,779s][info][gc] GC(1807) Garbage Collection (Allocation Stall) 1024M(100%)->900M(88%)
[903,295s][info][gc] Allocation Stall (main) 463,247ms
[903,308s][info][gc] GC(1808) Garbage Collection (Allocation Stall) 1024M(100%)->908M(89%)
[903,806s][info][gc] Allocation Stall (main) 446,282ms
[903,816s][info][gc] GC(1809) Garbage Collection (Allocation Rate) 986M(96%)->940M(92%)
[904,299s][info][gc] Allocation Stall (main) 445,081ms
[904,316s][info][gc] GC(1810) Garbage Collection (Allocation Stall) 1000M(98%)->938M(92%)
[904,826s][info][gc] Allocation Stall (main) 470,872ms
[904,840s][info][gc] GC(1811) Garbage Collection (Allocation Stall) 998M(97%)->932M(91%)
[905,308s][info][gc] Allocation Stall (main) 420,768ms
[905,328s][info][gc] GC(1812) Garbage Collection (Allocation Stall) 938M(92%)->990M(97%)
[905,820s][info][gc] Allocation Stall (main) 475,006ms
[905,827s][info][gc] GC(1813) Garbage Collection (Allocation Stall) 1022M(100%)->892M(87%)
[906,293s][info][gc] Relocation Stall (main) 0,941ms
[906,293s][info][gc] Allocation Stall (main) 401,157ms
[906,310s][info][gc] GC(1814) Garbage Collection (Allocation Stall) 918M(90%)->1004M(98%)
[906,805s][info][gc] Relocation Stall (main) 5,472ms
[906,805s][info][gc] Allocation Stall (main) 485,102ms
[906,808s][info][gc] GC(1815) Garbage Collection (Allocation Stall) 1024M(100%)->878M(86%)
[907,298s][info][gc] Allocation Stall (main) 424,596ms
[907,309s][info][gc] GC(1816) Garbage Collection (Allocation Rate) 956M(93%)->962M(94%)
[907,799s][info][gc] Allocation Stall (main) 461,247ms
[907,810s][info][gc] GC(1817) Garbage Collection (Allocation Stall) 1024M(100%)->902M(88%)
[908,297s][info][gc] Allocation Stall (main) 432,789ms
[908,314s][info][gc] GC(1818) Garbage Collection (Allocation Rate) 976M(95%)->958M(94%)
[908,822s][info][gc] Allocation Stall (main) 477,864ms
[908,836s][info][gc] GC(1819) Garbage Collection (Allocation Stall) 1024M(100%)->908M(89%)
[909,306s][info][gc] Allocation Stall (main) 410,779ms
[909,323s][info][gc] GC(1820) Garbage Collection (Allocation Stall) 922M(90%)->1002M(98%)
[909,809s][info][gc] Relocation Stall (main) 4,884ms
[909,809s][info][gc] Allocation Stall (main) 475,600ms
[909,813s][info][gc] GC(1821) Garbage Collection (Allocation Stall) 1024M(100%)->884M(86%)
[910,300s][info][gc] Relocation Stall (main) 6,447ms
[910,300s][info][gc] Allocation Stall (main) 424,053ms
[910,314s][info][gc] GC(1822) Garbage Collection (Allocation Rate) 952M(93%)->966M(94%)
[910,822s][info][gc] Allocation Stall (main) 481,671ms
[910,830s][info][gc] GC(1823) Garbage Collection (Allocation Stall) 1024M(100%)->892M(87%)
[911,298s][info][gc] Relocation Stall (main) 1,319ms
[911,298s][info][gc] Allocation Stall (main) 402,743ms
[911,310s][info][gc] GC(1824) Garbage Collection (Allocation Stall) 920M(90%)->998M(97%)
[911,787s][info][gc] Allocation Stall (main) 464,246ms
[911,797s][info][gc] GC(1825) Garbage Collection (Allocation Stall) 1024M(100%)->898M(88%)
[912,297s][info][gc] Allocation Stall (main) 446,434ms
[912,311s][info][gc] GC(1826) Garbage Collection (Allocation Rate) 1006M(98%)->926M(90%)
[912,807s][info][gc] Allocation Stall (main) 452,228ms
[912,830s][info][gc] GC(1827) Garbage Collection (Allocation Stall) 994M(97%)->946M(92%)
[913,329s][info][gc] Allocation Stall (main) 462,191ms
[913,346s][info][gc] GC(1828) Garbage Collection (Allocation Stall) 976M(95%)->946M(92%)
[913,850s][info][gc] Allocation Stall (main) 468,929ms
[913,866s][info][gc] GC(1829) Garbage Collection (Allocation Stall) 1024M(100%)->902M(88%)
[914,382s][info][gc] Allocation Stall (main) 462,938ms
[914,393s][info][gc] GC(1830) Garbage Collection (Allocation Stall) 1024M(100%)->898M(88%)
[914,910s][info][gc] Allocation Stall (main) 463,308ms
[914,940s][info][gc] GC(1831) Garbage Collection (Allocation Rate) 1016M(99%)->932M(91%)
[915,475s][info][gc] Relocation Stall (main) 1,620ms
[915,475s][info][gc] Allocation Stall (main) 495,195ms
[915,483s][info][gc] GC(1832) Garbage Collection (Allocation Stall) 1024M(100%)->888M(87%)
[916,004s][info][gc] Allocation Stall (main) 462,883ms
[916,014s][info][gc] GC(1833) Garbage Collection (Allocation Stall) 1024M(100%)->902M(88%)
[916,505s][info][gc] Allocation Stall (main) 435,263ms
[916,528s][info][gc] GC(1834) Garbage Collection (Allocation Rate) 966M(94%)->972M(95%)
[917,030s][info][gc] Allocation Stall (main) 478,081ms
[917,043s][info][gc] GC(1835) Garbage Collection (Allocation Stall) 1006M(98%)->916M(89%)
[917,551s][info][gc] Allocation Stall (main) 460,276ms
[917,568s][info][gc] GC(1836) Garbage Collection (Allocation Stall) 1024M(100%)->904M(88%)
[918,091s][info][gc] Allocation Stall (main) 471,520ms
[918,103s][info][gc] GC(1837) Garbage Collection (Allocation Stall) 1024M(100%)->902M(88%)
[918,604s][info][gc] Allocation Stall (main) 446,443ms
[918,616s][info][gc] GC(1838) Garbage Collection (Allocation Rate) 986M(96%)->938M(92%)
[919,105s][info][gc] Allocation Stall (main) 450,684ms
[919,125s][info][gc] GC(1839) Garbage Collection (Allocation Stall) 998M(97%)->934M(91%)
[919,619s][info][gc] Relocation Stall (main) 2,367ms
[919,619s][info][gc] Allocation Stall (main) 451,863ms
[919,622s][info][gc] GC(1840) Garbage Collection (Allocation Stall) 966M(94%)->938M(92%)
[920,088s][info][gc] Allocation Stall (main) 425,520ms
[920,099s][info][gc] GC(1841) Garbage Collection (Allocation Stall) 978M(96%)->944M(92%)
[920,605s][info][gc] Allocation Stall (main) 469,143ms
[920,622s][info][gc] GC(1842) Garbage Collection (Allocation Stall) 1024M(100%)->912M(89%)
[921,110s][info][gc] Allocation Stall (main) 437,855ms
[921,131s][info][gc] GC(1843) Garbage Collection (Allocation Rate) 962M(94%)->970M(95%)
[921,623s][info][gc] Allocation Stall (main) 466,355ms
[921,628s][info][gc] GC(1844) Garbage Collection (Allocation Stall) 996M(97%)->914M(89%)
[922,098s][info][gc] Allocation Stall (main) 414,687ms
[922,106s][info][gc] GC(1845) Garbage Collection (Allocation Stall) 944M(92%)->974M(95%)
[922,585s][info][gc] Allocation Stall (main) 456,166ms
[922,597s][info][gc] GC(1846) Garbage Collection (Allocation Stall) 1024M(100%)->904M(88%)
[923,104s][info][gc] Allocation Stall (main) 456,763ms
[923,123s][info][gc] GC(1847) Garbage Collection (Allocation Rate) 1014M(99%)->926M(90%)
[923,615s][info][gc] Allocation Stall (main) 447,039ms
[923,631s][info][gc] GC(1848) Garbage Collection (Allocation Stall) 970M(95%)->956M(93%)
[924,112s][info][gc] Allocation Stall (main) 448,437ms
[924,119s][info][gc] GC(1849) Garbage Collection (Allocation Stall) 982M(96%)->938M(92%)
[924,597s][info][gc] Allocation Stall (main) 437,805ms
[924,606s][info][gc] GC(1850) Garbage Collection (Allocation Stall) 990M(97%)->936M(91%)
[925,106s][info][gc] Allocation Stall (main) 459,939ms
[925,126s][info][gc] GC(1851) Garbage Collection (Allocation Stall) 1018M(99%)->924M(90%)
[925,617s][info][gc] Allocation Stall (main) 445,471ms
[925,626s][info][gc] GC(1852) Garbage Collection (Allocation Stall) 964M(94%)->958M(94%)
[926,101s][info][gc] Allocation Stall (main) 442,668ms
[926,110s][info][gc] GC(1853) Garbage Collection (Allocation Stall) 992M(97%)->934M(91%)
[926,603s][info][gc] Allocation Stall (main) 452,003ms
[926,619s][info][gc] GC(1854) Garbage Collection (Allocation Stall) 1008M(98%)->932M(91%)
[927,108s][info][gc] Allocation Stall (main) 447,281ms
[927,125s][info][gc] GC(1855) Garbage Collection (Allocation Stall) 978M(96%)->952M(93%)
[927,616s][info][gc] Allocation Stall (main) 458,745ms
[927,626s][info][gc] GC(1856) Garbage Collection (Allocation Stall) 994M(97%)->930M(91%)
[928,104s][info][gc] Allocation Stall (main) 434,202ms
[928,117s][info][gc] GC(1857) Garbage Collection (Allocation Stall) 966M(94%)->960M(94%)
[928,606s][info][gc] Allocation Stall (main) 459,025ms
[928,617s][info][gc] GC(1858) Garbage Collection (Allocation Stall) 1018M(99%)->910M(89%)
[929,108s][info][gc] Relocation Stall (main) 7,404ms
[929,109s][info][gc] Allocation Stall (main) 439,964ms
[929,116s][info][gc] GC(1859) Garbage Collection (Allocation Stall) 968M(95%)->948M(93%)
[929,621s][info][gc] Allocation Stall (main) 470,392ms
[929,634s][info][gc] GC(1860) Garbage Collection (Allocation Stall) 1008M(98%)->922M(90%)
[930,107s][info][gc] Allocation Stall (main) 422,446ms
[930,121s][info][gc] GC(1861) Garbage Collection (Allocation Stall) 940M(92%)->986M(96%)
[930,613s][info][gc] Relocation Stall (main) 5,531ms
[930,613s][info][gc] Allocation Stall (main) 473,448ms
[930,630s][info][gc] GC(1862) Garbage Collection (Allocation Stall) 1024M(100%)->904M(88%)
[931,117s][info][gc] Allocation Stall (main) 427,425ms
[931,127s][info][gc] GC(1863) Garbage Collection (Allocation Rate) 928M(91%)->984M(96%)
[931,620s][info][gc] Allocation Stall (main) 473,766ms
[931,644s][info][gc] GC(1864) Garbage Collection (Allocation Stall) 1020M(100%)->912M(89%)
[932,182s][info][gc] Relocation Stall (main) 5,429ms
[932,182s][info][gc] Allocation Stall (main) 490,954ms
[932,183s][info][gc] GC(1865) Garbage Collection (Allocation Stall) 1024M(100%)->876M(86%)
[932,698s][info][gc] Allocation Stall (main) 451,721ms
[932,711s][info][gc] GC(1866) Garbage Collection (Allocation Rate) 1014M(99%)->910M(89%)
[933,200s][info][gc] Allocation Stall (main) 438,062ms
[933,221s][info][gc] GC(1867) Garbage Collection (Allocation Stall) 972M(95%)->958M(94%)
[933,731s][info][gc] Allocation Stall (main) 479,237ms
[933,738s][info][gc] GC(1868) Garbage Collection (Allocation Stall) 1006M(98%)->908M(89%)
[934,196s][info][gc] Allocation Stall (main) 397,774ms
[934,203s][info][gc] GC(1869) Garbage Collection (Allocation Stall) 918M(90%)->994M(97%)
[934,680s][info][gc] Relocation Stall (main) 5,315ms
[934,680s][info][gc] Allocation Stall (main) 461,537ms
[934,691s][info][gc] GC(1870) Garbage Collection (Allocation Stall) 1024M(100%)->896M(88%)
[935,211s][info][gc] Allocation Stall (main) 467,507ms
[935,223s][info][gc] GC(1871) Garbage Collection (Allocation Rate) 1024M(100%)->900M(88%)
[935,706s][info][gc] Allocation Stall (main) 423,269ms
[935,726s][info][gc] GC(1872) Garbage Collection (Allocation Stall) 942M(92%)->988M(96%)
[936,219s][info][gc] Allocation Stall (main) 475,570ms
[936,235s][info][gc] GC(1873) Garbage Collection (Allocation Stall) 1024M(100%)->902M(88%)
[936,718s][info][gc] Allocation Stall (main) 422,915ms
[936,724s][info][gc] GC(1874) Garbage Collection (Allocation Rate) 920M(90%)->984M(96%)
[937,208s][info][gc] Allocation Stall (main) 464,746ms
[937,219s][info][gc] GC(1875) Garbage Collection (Allocation Stall) 1024M(100%)->898M(88%)
[937,704s][info][gc] Allocation Stall (main) 427,575ms
[937,715s][info][gc] GC(1876) Garbage Collection (Allocation Stall) 952M(93%)->968M(95%)
[938,207s][info][gc] Allocation Stall (main) 465,822ms
[938,222s][info][gc] GC(1877) Garbage Collection (Allocation Stall) 1024M(100%)->906M(88%)
[938,707s][info][gc] Allocation Stall (main) 430,355ms
[938,721s][info][gc] GC(1878) Garbage Collection (Allocation Rate) 952M(93%)->972M(95%)
[939,214s][info][gc] Allocation Stall (main) 469,155ms
[939,221s][info][gc] GC(1879) Garbage Collection (Allocation Stall) 1020M(100%)->902M(88%)
[939,692s][info][gc] Allocation Stall (main) 413,298ms
[939,708s][info][gc] GC(1880) Garbage Collection (Allocation Stall) 948M(93%)->982M(96%)
[940,195s][info][gc] Allocation Stall (main) 467,434ms
[940,212s][info][gc] GC(1881) Garbage Collection (Allocation Stall) 1024M(100%)->906M(88%)
[940,718s][info][gc] Allocation Stall (main) 452,920ms
[940,729s][info][gc] GC(1882) Garbage Collection (Allocation Rate) 972M(95%)->948M(93%)
[941,201s][info][gc] Allocation Stall (main) 432,891ms
[941,208s][info][gc] GC(1883) Garbage Collection (Allocation Stall) 976M(95%)->944M(92%)
[941,701s][info][gc] Allocation Stall (main) 456,728ms
[941,719s][info][gc] GC(1884) Garbage Collection (Allocation Stall) 1022M(100%)->916M(89%)
[942,212s][info][gc] Allocation Stall (main) 443,893ms
[942,228s][info][gc] GC(1885) Garbage Collection (Allocation Stall) 970M(95%)->960M(94%)
[942,707s][info][gc] Allocation Stall (main) 448,163ms
[942,715s][info][gc] GC(1886) Garbage Collection (Allocation Stall) 988M(96%)->932M(91%)
[943,198s][info][gc] Allocation Stall (main) 440,641ms
[943,209s][info][gc] GC(1887) Garbage Collection (Allocation Stall) 986M(96%)->944M(92%)
[943,707s][info][gc] Allocation Stall (main) 461,649ms
[943,725s][info][gc] GC(1888) Garbage Collection (Allocation Stall) 1020M(100%)->920M(90%)
[944,216s][info][gc] Allocation Stall (main) 441,433ms
[944,226s][info][gc] GC(1889) Garbage Collection (Allocation Stall) 958M(94%)->966M(94%)
[944,700s][info][gc] Allocation Stall (main) 446,738ms
[944,711s][info][gc] GC(1890) Garbage Collection (Allocation Stall) 1002M(98%)->928M(91%)
[945,206s][info][gc] Allocation Stall (main) 451,707ms
[945,227s][info][gc] GC(1891) Garbage Collection (Allocation Stall) 1000M(98%)->942M(92%)
[945,723s][info][gc] Allocation Stall (main) 457,556ms
[945,734s][info][gc] GC(1892) Garbage Collection (Allocation Stall) 978M(96%)->946M(92%)
[946,209s][info][gc] Allocation Stall (main) 434,779ms
[946,219s][info][gc] GC(1893) Garbage Collection (Allocation Stall) 964M(94%)->962M(94%)
[946,701s][info][gc] Allocation Stall (main) 452,975ms
[946,717s][info][gc] GC(1894) Garbage Collection (Allocation Stall) 1014M(99%)->920M(90%)
[947,210s][info][gc] Allocation Stall (main) 444,413ms
[947,222s][info][gc] GC(1895) Garbage Collection (Allocation Stall) 970M(95%)->954M(93%)
[947,703s][info][gc] Allocation Stall (main) 448,362ms
[947,709s][info][gc] GC(1896) Garbage Collection (Allocation Stall) 992M(97%)->928M(91%)
[948,201s][info][gc] Allocation Stall (main) 449,225ms
[948,213s][info][gc] GC(1897) Garbage Collection (Allocation Stall) 1006M(98%)->928M(91%)
[948,722s][info][gc] Allocation Stall (main) 465,405ms
[948,742s][info][gc] GC(1898) Garbage Collection (Allocation Stall) 994M(97%)->946M(92%)
[949,261s][info][gc] Relocation Stall (main) 5,296ms
[949,261s][info][gc] Allocation Stall (main) 483,827ms
[949,271s][info][gc] GC(1899) Garbage Collection (Allocation Stall) 1024M(100%)->896M(88%)
[949,801s][info][gc] Allocation Stall (main) 475,924ms
[949,828s][info][gc] GC(1900) Garbage Collection (Allocation Stall) 1024M(100%)->922M(90%)
[950,331s][info][gc] Relocation Stall (main) 3,130ms
[950,331s][info][gc] Allocation Stall (main) 455,286ms
[950,339s][info][gc] GC(1901) Garbage Collection (Allocation Rate) 954M(93%)->952M(93%)
[950,844s][info][gc] Relocation Stall (main) 5,461ms
[950,844s][info][gc] Allocation Stall (main) 470,497ms
[950,857s][info][gc] GC(1902) Garbage Collection (Allocation Stall) 1024M(100%)->888M(87%)
[951,391s][info][gc] Relocation Stall (main) 5,492ms
[951,391s][info][gc] Allocation Stall (main) 478,309ms
[951,394s][info][gc] GC(1903) Garbage Collection (Allocation Stall) 1024M(100%)->880M(86%)
[951,897s][info][gc] Allocation Stall (main) 441,660ms
[951,911s][info][gc] GC(1904) Garbage Collection (Allocation Rate) 994M(97%)->934M(91%)
[952,412s][info][gc] Allocation Stall (main) 460,941ms
[952,433s][info][gc] GC(1905) Garbage Collection (Allocation Stall) 1006M(98%)->928M(91%)
[952,924s][info][gc] Allocation Stall (main) 443,957ms
[952,938s][info][gc] GC(1906) Garbage Collection (Allocation Stall) 950M(93%)->968M(95%)
[953,411s][info][gc] Allocation Stall (main) 444,355ms
[953,417s][info][gc] GC(1907) Garbage Collection (Allocation Stall) 980M(96%)->930M(91%)
[953,900s][info][gc] Allocation Stall (main) 440,262ms
[953,923s][info][gc] GC(1908) Garbage Collection (Allocation Stall) 984M(96%)->950M(93%)
[954,425s][info][gc] Allocation Stall (main) 469,115ms
[954,432s][info][gc] GC(1909) Garbage Collection (Allocation Stall) 996M(97%)->914M(89%)
[954,897s][info][gc] Allocation Stall (main) 412,045ms
[954,914s][info][gc] GC(1910) Garbage Collection (Allocation Stall) 938M(92%)->982M(96%)
[955,409s][info][gc] Allocation Stall (main) 474,934ms
[955,415s][info][gc] GC(1911) Garbage Collection (Allocation Stall) 1024M(100%)->886M(87%)
[955,891s][info][gc] Relocation Stall (main) 2,197ms
[955,891s][info][gc] Allocation Stall (main) 413,090ms
[955,897s][info][gc] GC(1912) Garbage Collection (Allocation Rate) 948M(93%)->962M(94%)
[956,385s][info][gc] Allocation Stall (main) 459,577ms
[956,395s][info][gc] GC(1913) Garbage Collection (Allocation Stall) 1024M(100%)->904M(88%)
[956,912s][info][gc] Allocation Stall (main) 464,947ms
[956,938s][info][gc] GC(1914) Garbage Collection (Allocation Rate) 1018M(99%)->928M(91%)
[957,432s][info][gc] Allocation Stall (main) 446,309ms
[957,440s][info][gc] GC(1915) Garbage Collection (Allocation Stall) 940M(92%)->972M(95%)
[957,924s][info][gc] Relocation Stall (main) 4,930ms
[957,924s][info][gc] Allocation Stall (main) 458,511ms
[957,927s][info][gc] GC(1916) Garbage Collection (Allocation Stall) 1024M(100%)->888M(87%)
[958,400s][info][gc] Allocation Stall (main) 405,872ms
[958,415s][info][gc] GC(1917) Garbage Collection (Allocation Rate) 922M(90%)->1002M(98%)
[958,894s][info][gc] Allocation Stall (main) 467,879ms
[958,906s][info][gc] GC(1918) Garbage Collection (Allocation Stall) 1024M(100%)->904M(88%)
[959,406s][info][gc] Allocation Stall (main) 446,217ms
[959,417s][info][gc] GC(1919) Garbage Collection (Allocation Rate) 986M(96%)->942M(92%)
[959,894s][info][gc] Allocation Stall (main) 439,310ms
[959,904s][info][gc] GC(1920) Garbage Collection (Allocation Stall) 990M(97%)->936M(91%)
[960,409s][info][gc] Allocation Stall (main) 465,406ms
[960,432s][info][gc] GC(1921) Garbage Collection (Allocation Stall) 1024M(100%)->922M(90%)
[960,922s][info][gc] Allocation Stall (main) 439,982ms
[960,930s][info][gc] GC(1922) Garbage Collection (Allocation Rate) 946M(92%)->970M(95%)
[961,401s][info][gc] Allocation Stall (main) 443,688ms
[961,412s][info][gc] GC(1923) Garbage Collection (Allocation Stall) 996M(97%)->928M(91%)
[961,913s][info][gc] Allocation Stall (main) 458,319ms
[961,936s][info][gc] GC(1924) Garbage Collection (Allocation Stall) 998M(97%)->942M(92%)
[962,430s][info][gc] Allocation Stall (main) 454,026ms
[962,433s][info][gc] GC(1925) Garbage Collection (Allocation Stall) 958M(94%)->952M(93%)
[962,891s][info][gc] Allocation Stall (main) 421,288ms
[962,898s][info][gc] GC(1926) Garbage Collection (Allocation Stall) 972M(95%)->948M(93%)
[963,393s][info][gc] Allocation Stall (main) 460,155ms
[963,405s][info][gc] GC(1927) Garbage Collection (Allocation Stall) 1024M(100%)->908M(89%)
[963,907s][info][gc] Allocation Stall (main) 451,640ms
[963,936s][info][gc] GC(1928) Garbage Collection (Allocation Rate) 994M(97%)->956M(93%)
[964,441s][info][gc] Allocation Stall (main) 473,565ms
[964,447s][info][gc] GC(1929) Garbage Collection (Allocation Stall) 974M(95%)->934M(91%)
[964,941s][info][gc] Relocation Stall (main) 4,198ms
[964,941s][info][gc] Allocation Stall (main) 452,603ms
[964,946s][info][gc] GC(1930) Garbage Collection (Allocation Stall) 1024M(100%)->892M(87%)
[965,463s][info][gc] Allocation Stall (main) 461,950ms
[965,490s][info][gc] GC(1931) Garbage Collection (Allocation Stall) 1024M(100%)->924M(90%)
[966,023s][info][gc] Allocation Stall (main) 490,183ms
[966,032s][info][gc] GC(1932) Garbage Collection (Allocation Stall) 1024M(100%)->902M(88%)
[966,500s][info][gc] Allocation Stall (main) 406,081ms
[966,522s][info][gc] GC(1933) Garbage Collection (Allocation Rate) 922M(90%)->1012M(99%)
[967,011s][info][gc] Allocation Stall (main) 481,320ms
[967,018s][info][gc] GC(1934) Garbage Collection (Allocation Stall) 1024M(100%)->890M(87%)
[967,501s][info][gc] Allocation Stall (main) 421,044ms
[967,512s][info][gc] GC(1935) Garbage Collection (Allocation Rate) 940M(92%)->980M(96%)
[968,000s][info][gc] Relocation Stall (main) 5,157ms
[968,000s][info][gc] Allocation Stall (main) 466,920ms
[968,011s][info][gc] GC(1936) Garbage Collection (Allocation Stall) 1024M(100%)->896M(88%)
[968,524s][info][gc] Relocation Stall (main) 14,763ms
[968,524s][info][gc] Allocation Stall (main) 454,846ms
[968,534s][info][gc] GC(1937) Garbage Collection (Allocation Rate) 958M(94%)->944M(92%)
[969,034s][info][gc] Allocation Stall (main) 460,183ms
[969,039s][info][gc] GC(1938) Garbage Collection (Allocation Stall) 962M(94%)->934M(91%)
[969,493s][info][gc] Allocation Stall (main) 410,283ms
[969,500s][info][gc] GC(1939) Garbage Collection (Allocation Stall) 946M(92%)->960M(94%)
[969,988s][info][gc] Allocation Stall (main) 458,796ms
[970,010s][info][gc] GC(1940) Garbage Collection (Allocation Stall) 1024M(100%)->908M(89%)
[970,521s][info][gc] Allocation Stall (main) 459,486ms
[970,527s][info][gc] GC(1941) Garbage Collection (Allocation Rate) 982M(96%)->928M(91%)
[971,003s][info][gc] Allocation Stall (main) 429,247ms
[971,017s][info][gc] GC(1942) Garbage Collection (Allocation Stall) 960M(94%)->960M(94%)
[971,512s][info][gc] Allocation Stall (main) 466,676ms
[971,531s][info][gc] GC(1943) Garbage Collection (Allocation Stall) 1020M(100%)->912M(89%)
[972,019s][info][gc] Allocation Stall (main) 431,788ms
[972,033s][info][gc] GC(1944) Garbage Collection (Allocation Stall) 936M(91%)->976M(95%)
[972,505s][info][gc] Allocation Stall (main) 447,589ms
[972,513s][info][gc] GC(1945) Garbage Collection (Allocation Stall) 988M(96%)->922M(90%)
[973,004s][info][gc] Allocation Stall (main) 444,944ms
[973,020s][info][gc] GC(1946) Garbage Collection (Allocation Stall) 988M(96%)->932M(91%)
[973,512s][info][gc] Allocation Stall (main) 451,341ms
[973,523s][info][gc] GC(1947) Garbage Collection (Allocation Stall) 984M(96%)->932M(91%)
[973,999s][info][gc] Allocation Stall (main) 432,416ms
[974,010s][info][gc] GC(1948) Garbage Collection (Allocation Stall) 974M(95%)->944M(92%)
[974,511s][info][gc] Allocation Stall (main) 464,642ms
[974,520s][info][gc] GC(1949) Garbage Collection (Allocation Stall) 1018M(99%)->906M(88%)
[974,997s][info][gc] Allocation Stall (main) 423,643ms
[975,017s][info][gc] GC(1950) Garbage Collection (Allocation Stall) 958M(94%)->976M(95%)
[975,519s][info][gc] Relocation Stall (main) 4,870ms
[975,519s][info][gc] Allocation Stall (main) 479,560ms
[975,522s][info][gc] GC(1951) Garbage Collection (Allocation Stall) 1024M(100%)->888M(87%)
[975,995s][info][gc] Allocation Stall (main) 409,231ms
[976,015s][info][gc] GC(1952) Garbage Collection (Allocation Rate) 932M(91%)->1000M(98%)
[976,501s][info][gc] Allocation Stall (main) 473,985ms
[976,511s][info][gc] GC(1953) Garbage Collection (Allocation Stall) 1024M(100%)->898M(88%)
[976,997s][info][gc] Allocation Stall (main) 429,086ms
[977,011s][info][gc] GC(1954) Garbage Collection (Allocation Rate) 968M(95%)->960M(94%)
[977,505s][info][gc] Allocation Stall (main) 464,856ms
[977,521s][info][gc] GC(1955) Garbage Collection (Allocation Stall) 1024M(100%)->908M(89%)
[978,005s][info][gc] Relocation Stall (main) 1,747ms
[978,005s][info][gc] Allocation Stall (main) 429,960ms
[978,014s][info][gc] GC(1956) Garbage Collection (Allocation Rate) 950M(93%)->966M(94%)
[978,509s][info][gc] Allocation Stall (main) 467,872ms
[978,527s][info][gc] GC(1957) Garbage Collection (Allocation Stall) 1024M(100%)->912M(89%)
[979,015s][info][gc] Allocation Stall (main) 434,415ms
[979,032s][info][gc] GC(1958) Garbage Collection (Allocation Rate) 946M(92%)->978M(96%)
[979,522s][info][gc] Relocation Stall (main) 4,750ms
[979,522s][info][gc] Allocation Stall (main) 468,089ms
[979,525s][info][gc] GC(1959) Garbage Collection (Allocation Stall) 1002M(98%)->906M(88%)
[979,997s][info][gc] Allocation Stall (main) 414,656ms
[980,015s][info][gc] GC(1960) Garbage Collection (Allocation Stall) 944M(92%)->980M(96%)
[980,523s][info][gc] Relocation Stall (main) 5,720ms
[980,523s][info][gc] Allocation Stall (main) 488,035ms
[980,525s][info][gc] GC(1961) Garbage Collection (Allocation Stall) 1024M(100%)->878M(86%)
[980,999s][info][gc] Allocation Stall (main) 401,099ms
[981,008s][info][gc] GC(1962) Garbage Collection (Allocation Rate) 908M(89%)->1002M(98%)
[981,474s][info][gc] Allocation Stall (main) 454,836ms
[981,481s][info][gc] GC(1963) Garbage Collection (Allocation Stall) 1024M(100%)->896M(88%)
[981,985s][info][gc] Allocation Stall (main) 450,073ms
[982,000s][info][gc] GC(1964) Garbage Collection (Allocation Stall) 1024M(100%)->912M(89%)
[982,517s][info][gc] Allocation Stall (main) 468,815ms
[982,542s][info][gc] GC(1965) Garbage Collection (Allocation Rate) 1012M(99%)->934M(91%)
[983,066s][info][gc] Allocation Stall (main) 484,715ms
[983,078s][info][gc] GC(1966) Garbage Collection (Allocation Stall) 1024M(100%)->902M(88%)
[983,594s][info][gc] Relocation Stall (main) 4,497ms
[983,594s][info][gc] Allocation Stall (main) 463,936ms
[983,606s][info][gc] GC(1967) Garbage Collection (Allocation Stall) 1024M(100%)->902M(88%)
[984,111s][info][gc] Allocation Stall (main) 451,409ms
[984,125s][info][gc] GC(1968) Garbage Collection (Allocation Rate) 988M(96%)->940M(92%)
[984,601s][info][gc] Allocation Stall (main) 436,519ms
[984,612s][info][gc] GC(1969) Garbage Collection (Allocation Stall) 974M(95%)->950M(93%)
[985,106s][info][gc] Allocation Stall (main) 460,398ms
[985,119s][info][gc] GC(1970) Garbage Collection (Allocation Stall) 1020M(100%)->912M(89%)
[985,614s][info][gc] Allocation Stall (main) 443,404ms
[985,633s][info][gc] GC(1971) Garbage Collection (Allocation Stall) 966M(94%)->970M(95%)
[986,121s][info][gc] Allocation Stall (main) 461,577ms
[986,132s][info][gc] GC(1972) Garbage Collection (Allocation Stall) 990M(97%)->930M(91%)
[986,610s][info][gc] Relocation Stall (main) 9,455ms
[986,610s][info][gc] Allocation Stall (main) 431,145ms
[986,615s][info][gc] GC(1973) Garbage Collection (Allocation Stall) 948M(93%)->956M(93%)
[987,103s][info][gc] Allocation Stall (main) 456,308ms
[987,120s][info][gc] GC(1974) Garbage Collection (Allocation Stall) 1008M(98%)->918M(90%)
[987,613s][info][gc] Allocation Stall (main) 444,040ms
[987,624s][info][gc] GC(1975) Garbage Collection (Allocation Stall) 970M(95%)->946M(92%)
[988,101s][info][gc] Allocation Stall (main) 442,353ms
[988,111s][info][gc] GC(1976) Garbage Collection (Allocation Stall) 990M(97%)->926M(90%)
[988,604s][info][gc] Allocation Stall (main) 448,840ms
[988,631s][info][gc] GC(1977) Garbage Collection (Allocation Stall) 998M(97%)->942M(92%)
[989,134s][info][gc] Allocation Stall (main) 464,227ms
[989,145s][info][gc] GC(1978) Garbage Collection (Allocation Stall) 970M(95%)->942M(92%)
[989,644s][info][gc] Allocation Stall (main) 460,567ms
[989,652s][info][gc] GC(1979) Garbage Collection (Allocation Stall) 1024M(100%)->890M(87%)
[990,165s][info][gc] Allocation Stall (main) 457,848ms
[990,188s][info][gc] GC(1980) Garbage Collection (Allocation Stall) 1024M(100%)->914M(89%)
[990,712s][info][gc] Allocation Stall (main) 477,889ms
[990,720s][info][gc] GC(1981) Garbage Collection (Allocation Stall) 1024M(100%)->894M(87%)
[991,199s][info][gc] Allocation Stall (main) 418,671ms
[991,215s][info][gc] GC(1982) Garbage Collection (Allocation Rate) 944M(92%)->984M(96%)
[991,701s][info][gc] Allocation Stall (main) 467,302ms
[991,711s][info][gc] GC(1983) Garbage Collection (Allocation Stall) 1024M(100%)->900M(88%)
[992,205s][info][gc] Allocation Stall (main) 438,542ms
[992,223s][info][gc] GC(1984) Garbage Collection (Allocation Rate) 970M(95%)->960M(94%)
[992,720s][info][gc] Allocation Stall (main) 466,230ms
[992,726s][info][gc] GC(1985) Garbage Collection (Allocation Stall) 1002M(98%)->916M(89%)
[993,198s][info][gc] Allocation Stall (main) 416,840ms
[993,213s][info][gc] GC(1986) Garbage Collection (Allocation Stall) 942M(92%)->984M(96%)
[993,707s][info][gc] Allocation Stall (main) 474,187ms
[993,726s][info][gc] GC(1987) Garbage Collection (Allocation Stall) 1024M(100%)->908M(89%)
[994,225s][info][gc] Allocation Stall (main) 444,596ms
[994,241s][info][gc] GC(1988) Garbage Collection (Allocation Rate) 946M(92%)->974M(95%)
[994,747s][info][gc] Allocation Stall (main) 482,495ms
[994,760s][info][gc] GC(1989) Garbage Collection (Allocation Stall) 1024M(100%)->894M(87%)
[995,309s][info][gc] Allocation Stall (main) 491,662ms
[995,331s][info][gc] GC(1990) Garbage Collection (Allocation Stall) 1024M(100%)->910M(89%)
[995,828s][info][gc] Allocation Stall (main) 441,093ms
[995,838s][info][gc] GC(1991) Garbage Collection (Allocation Rate) 936M(91%)->974M(95%)
[996,308s][info][gc] Allocation Stall (main) 443,276ms
[996,316s][info][gc] GC(1992) Garbage Collection (Allocation Stall) 984M(96%)->926M(90%)
[996,799s][info][gc] Allocation Stall (main) 437,973ms
[996,810s][info][gc] GC(1993) Garbage Collection (Allocation Stall) 986M(96%)->936M(91%)
[997,310s][info][gc] Allocation Stall (main) 459,317ms
[997,327s][info][gc] GC(1994) Garbage Collection (Allocation Stall) 1008M(98%)->922M(90%)
[997,808s][info][gc] Allocation Stall (main) 432,304ms
[997,816s][info][gc] GC(1995) Garbage Collection (Allocation Stall) 952M(93%)->964M(94%)
[998,303s][info][gc] Allocation Stall (main) 458,833ms
[998,322s][info][gc] GC(1996) Garbage Collection (Allocation Stall) 1024M(100%)->912M(89%)
[998,813s][info][gc] Allocation Stall (main) 439,811ms
[998,826s][info][gc] GC(1997) Garbage Collection (Allocation Stall) 958M(94%)->964M(94%)
[999,304s][info][gc] Allocation Stall (main) 449,923ms
[999,315s][info][gc] GC(1998) Garbage Collection (Allocation Stall) 1002M(98%)->920M(90%)
[999,801s][info][gc] Allocation Stall (main) 438,704ms
[999,820s][info][gc] GC(1999) Garbage Collection (Allocation Stall) 982M(96%)->950M(93%)
[1000,312s][info][gc] Allocation Stall (main) 457,888ms
[1000,318s][info][gc] GC(2000) Garbage Collection (Allocation Stall) 998M(97%)->920M(90%)
[1000,815s][info][gc] Allocation Stall (main) 448,750ms
[1000,843s][info][gc] GC(2001) Garbage Collection (Allocation Stall) 974M(95%)->970M(95%)
[1001,332s][info][gc] Allocation Stall (main) 462,118ms
[1001,338s][info][gc] GC(2002) Garbage Collection (Allocation Stall) 970M(95%)->938M(92%)
[1001,793s][info][gc] Allocation Stall (main) 411,623ms
[1001,798s][info][gc] GC(2003) Garbage Collection (Allocation Stall) 950M(93%)->960M(94%)
[1002,283s][info][gc] Allocation Stall (main) 455,796ms
[1002,300s][info][gc] GC(2004) Garbage Collection (Allocation Stall) 1024M(100%)->912M(89%)
[1002,812s][info][gc] Allocation Stall (main) 463,819ms
[1002,829s][info][gc] GC(2005) Garbage Collection (Allocation Rate) 1006M(98%)->926M(90%)
[1003,316s][info][gc] Allocation Stall (main) 439,630ms
[1003,321s][info][gc] GC(2006) Garbage Collection (Allocation Stall) 956M(93%)->958M(94%)
[1003,796s][info][gc] Allocation Stall (main) 444,602ms
[1003,818s][info][gc] GC(2007) Garbage Collection (Allocation Stall) 1006M(98%)->934M(91%)
[1004,324s][info][gc] Allocation Stall (main) 466,545ms
[1004,335s][info][gc] GC(2008) Garbage Collection (Allocation Stall) 992M(97%)->930M(91%)
[1004,800s][info][gc] Allocation Stall (main) 418,345ms
[1004,812s][info][gc] GC(2009) Garbage Collection (Allocation Stall) 948M(93%)->974M(95%)
[1005,308s][info][gc] Allocation Stall (main) 472,171ms
[1005,335s][info][gc] GC(2010) Garbage Collection (Allocation Stall) 1024M(100%)->916M(89%)
[1005,831s][info][gc] Relocation Stall (main) 2,323ms
[1005,831s][info][gc] Allocation Stall (main) 444,379ms
[1005,834s][info][gc] GC(2011) Garbage Collection (Allocation Rate) 936M(91%)->964M(94%)
[1006,297s][info][gc] Allocation Stall (main) 432,534ms
[1006,305s][info][gc] GC(2012) Garbage Collection (Allocation Stall) 982M(96%)->930M(91%)
[1006,805s][info][gc] Allocation Stall (main) 459,196ms
[1006,830s][info][gc] GC(2013) Garbage Collection (Allocation Stall) 1018M(99%)->922M(90%)
[1007,330s][info][gc] Allocation Stall (main) 451,419ms
[1007,341s][info][gc] GC(2014) Garbage Collection (Allocation Stall) 952M(93%)->956M(93%)
[1007,831s][info][gc] Allocation Stall (main) 457,759ms
[1007,837s][info][gc] GC(2015) Garbage Collection (Allocation Stall) 1024M(100%)->886M(87%)
[1008,288s][info][gc] Allocation Stall (main) 381,206ms
[1008,294s][info][gc] GC(2016) Garbage Collection (Allocation Rate) 900M(88%)->1010M(99%)
[1008,754s][info][gc] Allocation Stall (main) 452,063ms
[1008,766s][info][gc] GC(2017) Garbage Collection (Allocation Stall) 1024M(100%)->902M(88%)
[1009,292s][info][gc] Relocation Stall (main) 4,128ms
[1009,292s][info][gc] Allocation Stall (main) 474,474ms
[1009,316s][info][gc] GC(2018) Garbage Collection (Allocation Stall) 1024M(100%)->912M(89%)
[1009,843s][info][gc] Allocation Stall (main) 477,338ms
[1009,848s][info][gc] GC(2019) Garbage Collection (Allocation Rate) 974M(95%)->934M(91%)
[1010,345s][info][gc] Allocation Stall (main) 455,959ms
[1010,354s][info][gc] GC(2020) Garbage Collection (Allocation Stall) 1024M(100%)->902M(88%)
[1010,872s][info][gc] Relocation Stall (main) 4,509ms
[1010,872s][info][gc] Allocation Stall (main) 466,262ms
[1010,887s][info][gc] GC(2021) Garbage Collection (Allocation Stall) 1024M(100%)->910M(89%)
[1011,418s][info][gc] Allocation Stall (main) 483,157ms
[1011,439s][info][gc] GC(2022) Garbage Collection (Allocation Stall) 1024M(100%)->916M(89%)
[1011,916s][info][gc] Allocation Stall (main) 421,851ms
[1011,930s][info][gc] GC(2023) Garbage Collection (Allocation Rate) 918M(90%)->1002M(98%)
[1012,410s][info][gc] Allocation Stall (main) 467,939ms
[1012,418s][info][gc] GC(2024) Garbage Collection (Allocation Stall) 1024M(100%)->892M(87%)
[1012,899s][info][gc] Allocation Stall (main) 419,255ms
[1012,914s][info][gc] GC(2025) Garbage Collection (Allocation Stall) 944M(92%)->978M(96%)
[1013,406s][info][gc] Allocation Stall (main) 469,551ms
[1013,430s][info][gc] GC(2026) Garbage Collection (Allocation Stall) 1024M(100%)->914M(89%)
[1013,922s][info][gc] Allocation Stall (main) 437,480ms
[1013,928s][info][gc] GC(2027) Garbage Collection (Allocation Rate) 944M(92%)->964M(94%)
[1014,399s][info][gc] Allocation Stall (main) 440,171ms
[1014,414s][info][gc] GC(2028) Garbage Collection (Allocation Stall) 986M(96%)->938M(92%)
[1014,915s][info][gc] Allocation Stall (main) 462,448ms
[1014,930s][info][gc] GC(2029) Garbage Collection (Allocation Stall) 1004M(98%)->920M(90%)
[1015,419s][info][gc] Allocation Stall (main) 437,408ms
[1015,425s][info][gc] GC(2030) Garbage Collection (Allocation Stall) 948M(93%)->962M(94%)
[1015,895s][info][gc] Allocation Stall (main) 440,620ms
[1015,902s][info][gc] GC(2031) Garbage Collection (Allocation Stall) 1000M(98%)->918M(90%)
[1016,401s][info][gc] Allocation Stall (main) 452,261ms
[1016,425s][info][gc] GC(2032) Garbage Collection (Allocation Stall) 1012M(99%)->930M(91%)
[1016,929s][info][gc] Allocation Stall (main) 460,946ms
[1016,934s][info][gc] GC(2033) Garbage Collection (Allocation Stall) 970M(95%)->942M(92%)
[1017,392s][info][gc] Allocation Stall (main) 416,157ms
[1017,401s][info][gc] GC(2034) Garbage Collection (Allocation Stall) 960M(94%)->960M(94%)
[1017,893s][info][gc] Allocation Stall (main) 462,212ms
[1017,908s][info][gc] GC(2035) Garbage Collection (Allocation Stall) 1024M(100%)->912M(89%)
[1018,407s][info][gc] Allocation Stall (main) 448,207ms
[1018,424s][info][gc] GC(2036) Garbage Collection (Allocation Rate) 990M(97%)->944M(92%)
[1018,913s][info][gc] Allocation Stall (main) 452,171ms
[1018,925s][info][gc] GC(2037) Garbage Collection (Allocation Stall) 986M(96%)->938M(92%)
[1019,410s][info][gc] Allocation Stall (main) 444,169ms
[1019,431s][info][gc] GC(2038) Garbage Collection (Allocation Stall) 976M(95%)->956M(93%)
[1019,916s][info][gc] Allocation Stall (main) 451,464ms
[1019,921s][info][gc] GC(2039) Garbage Collection (Allocation Stall) 972M(95%)->936M(91%)
[1020,400s][info][gc] Relocation Stall (main) 3,759ms
[1020,400s][info][gc] Allocation Stall (main) 437,908ms
[1020,409s][info][gc] GC(2040) Garbage Collection (Allocation Stall) 984M(96%)->932M(91%)
[1020,907s][info][gc] Allocation Stall (main) 457,268ms
[1020,919s][info][gc] GC(2041) Garbage Collection (Allocation Stall) 1010M(99%)->914M(89%)
[1021,409s][info][gc] Allocation Stall (main) 440,335ms
[1021,431s][info][gc] GC(2042) Garbage Collection (Allocation Stall) 968M(95%)->964M(94%)
[1021,920s][info][gc] Allocation Stall (main) 462,017ms
[1021,926s][info][gc] GC(2043) Garbage Collection (Allocation Stall) 992M(97%)->920M(90%)
[1022,400s][info][gc] Allocation Stall (main) 424,336ms
[1022,415s][info][gc] GC(2044) Garbage Collection (Allocation Stall) 956M(93%)->972M(95%)
[1022,910s][info][gc] Allocation Stall (main) 470,120ms
[1022,923s][info][gc] GC(2045) Garbage Collection (Allocation Stall) 1024M(100%)->904M(88%)
[1023,400s][info][gc] Allocation Stall (main) 420,932ms
[1023,411s][info][gc] GC(2046) Garbage Collection (Allocation Rate) 940M(92%)->982M(96%)
[1023,900s][info][gc] Allocation Stall (main) 468,780ms
[1023,918s][info][gc] GC(2047) Garbage Collection (Allocation Stall) 1024M(100%)->912M(89%)
[1024,427s][info][gc] Relocation Stall (main) 9,205ms
[1024,427s][info][gc] Allocation Stall (main) 458,821ms
[1024,431s][info][gc] GC(2048) Garbage Collection (Allocation Rate) 970M(95%)->936M(91%)
[1024,920s][info][gc] Allocation Stall (main) 444,960ms
[1024,926s][info][gc] GC(2049) Garbage Collection (Allocation Stall) 954M(93%)->958M(94%)
[1025,397s][info][gc] Allocation Stall (main) 439,857ms
[1025,412s][info][gc] GC(2050) Garbage Collection (Allocation Stall) 988M(96%)->940M(92%)
[1025,931s][info][gc] Allocation Stall (main) 481,262ms
[1025,946s][info][gc] GC(2051) Garbage Collection (Allocation Stall) 1012M(99%)->918M(90%)
[1026,460s][info][gc] Allocation Stall (main) 467,933ms
[1026,480s][info][gc] GC(2052) Garbage Collection (Allocation Stall) 1024M(100%)->914M(89%)
[1027,002s][info][gc] Allocation Stall (main) 474,300ms
[1027,017s][info][gc] GC(2053) Garbage Collection (Allocation Stall) 1024M(100%)->906M(88%)
[1027,508s][info][gc] Allocation Stall (main) 435,989ms
[1027,523s][info][gc] GC(2054) Garbage Collection (Allocation Rate) 960M(94%)->966M(94%)
[1028,013s][info][gc] Allocation Stall (main) 462,746ms
[1028,028s][info][gc] GC(2055) Garbage Collection (Allocation Stall) 1010M(99%)->916M(89%)
[1028,510s][info][gc] Allocation Stall (main) 430,071ms
[1028,525s][info][gc] GC(2056) Garbage Collection (Allocation Stall) 948M(93%)->974M(95%)
[1029,013s][info][gc] Relocation Stall (main) 4,779ms
[1029,013s][info][gc] Allocation Stall (main) 464,289ms
[1029,015s][info][gc] GC(2057) Garbage Collection (Allocation Stall) 1006M(98%)->898M(88%)
[1029,489s][info][gc] Allocation Stall (main) 416,840ms
[1029,502s][info][gc] GC(2058) Garbage Collection (Allocation Stall) 950M(93%)->976M(95%)
[1029,994s][info][gc] Relocation Stall (main) 4,497ms
[1029,994s][info][gc] Allocation Stall (main) 468,653ms
[1029,999s][info][gc] GC(2059) Garbage Collection (Allocation Stall) 1024M(100%)->892M(87%)
[1030,503s][info][gc] Allocation Stall (main) 446,513ms
[1030,527s][info][gc] GC(2060) Garbage Collection (Allocation Rate) 988M(96%)->948M(93%)
[1031,029s][info][gc] Allocation Stall (main) 466,368ms
[1031,035s][info][gc] GC(2061) Garbage Collection (Allocation Stall) 978M(96%)->934M(91%)
[1031,497s][info][gc] Allocation Stall (main) 417,094ms
[1031,506s][info][gc] GC(2062) Garbage Collection (Allocation Stall) 952M(93%)->962M(94%)
[1031,997s][info][gc] Allocation Stall (main) 462,747ms
[1032,021s][info][gc] GC(2063) Garbage Collection (Allocation Stall) 1024M(100%)->912M(89%)
[1032,528s][info][gc] Allocation Stall (main) 455,964ms
[1032,533s][info][gc] GC(2064) Garbage Collection (Allocation Rate) 960M(94%)->950M(93%)
[1032,998s][info][gc] Allocation Stall (main) 428,242ms
[1033,010s][info][gc] GC(2065) Garbage Collection (Allocation Stall) 972M(95%)->950M(93%)
[1033,515s][info][gc] Relocation Stall (main) 5,344ms
[1033,515s][info][gc] Allocation Stall (main) 471,692ms
[1033,521s][info][gc] GC(2066) Garbage Collection (Allocation Stall) 1024M(100%)->892M(87%)
[1034,008s][info][gc] Allocation Stall (main) 424,364ms
[1034,030s][info][gc] GC(2067) Garbage Collection (Allocation Rate) 940M(92%)->994M(97%)
[1034,525s][info][gc] Allocation Stall (main) 481,371ms
[1034,535s][info][gc] GC(2068) Garbage Collection (Allocation Stall) 1024M(100%)->896M(88%)
[1035,001s][info][gc] Relocation Stall (main) 0,881ms
[1035,001s][info][gc] Allocation Stall (main) 400,620ms
[1035,005s][info][gc] GC(2069) Garbage Collection (Allocation Stall) 912M(89%)->992M(97%)
[1035,476s][info][gc] Allocation Stall (main) 455,622ms
[1035,485s][info][gc] GC(2070) Garbage Collection (Allocation Stall) 1024M(100%)->904M(88%)
[1036,002s][info][gc] Relocation Stall (main) 4,371ms
[1036,002s][info][gc] Allocation Stall (main) 465,620ms
[1036,023s][info][gc] GC(2071) Garbage Collection (Allocation Stall) 1024M(100%)->916M(89%)
[1036,531s][info][gc] Allocation Stall (main) 457,212ms
[1036,543s][info][gc] GC(2072) Garbage Collection (Allocation Rate) 960M(94%)->958M(94%)
[1037,043s][info][gc] Relocation Stall (main) 5,223ms
[1037,044s][info][gc] Allocation Stall (main) 469,908ms
[1037,056s][info][gc] GC(2073) Garbage Collection (Allocation Stall) 1024M(100%)->894M(87%)
[1037,583s][info][gc] Allocation Stall (main) 472,181ms
[1037,591s][info][gc] GC(2074) Garbage Collection (Allocation Stall) 1024M(100%)->896M(88%)
[1038,100s][info][gc] Allocation Stall (main) 453,323ms
[1038,118s][info][gc] GC(2075) Garbage Collection (Allocation Rate) 1016M(99%)->922M(90%)
[1038,612s][info][gc] Allocation Stall (main) 446,892ms
[1038,622s][info][gc] GC(2076) Garbage Collection (Allocation Stall) 970M(95%)->956M(93%)
[1039,106s][info][gc] Allocation Stall (main) 451,800ms
[1039,128s][info][gc] GC(2077) Garbage Collection (Allocation Stall) 1000M(98%)->938M(92%)
[1039,624s][info][gc] Allocation Stall (main) 454,556ms
[1039,629s][info][gc] GC(2078) Garbage Collection (Allocation Stall) 964M(94%)->948M(93%)
[1040,095s][info][gc] Allocation Stall (main) 429,108ms
[1040,104s][info][gc] GC(2079) Garbage Collection (Allocation Stall) 976M(95%)->946M(92%)
[1040,611s][info][gc] Allocation Stall (main) 470,933ms
[1040,625s][info][gc] GC(2080) Garbage Collection (Allocation Stall) 1024M(100%)->912M(89%)
[1041,106s][info][gc] Allocation Stall (main) 427,777ms
[1041,118s][info][gc] GC(2081) Garbage Collection (Allocation Rate) 950M(93%)->974M(95%)
[1041,618s][info][gc] Allocation Stall (main) 477,242ms
[1041,640s][info][gc] GC(2082) Garbage Collection (Allocation Stall) 1024M(100%)->916M(89%)
[1042,171s][info][gc] Relocation Stall (main) 4,823ms
[1042,172s][info][gc] Allocation Stall (main) 486,242ms
[1042,178s][info][gc] GC(2083) Garbage Collection (Allocation Stall) 1024M(100%)->890M(87%)
[1042,696s][info][gc] Allocation Stall (main) 461,246ms
[1042,710s][info][gc] GC(2084) Garbage Collection (Allocation Stall) 1024M(100%)->910M(89%)
[1043,207s][info][gc] Allocation Stall (main) 445,445ms
[1043,220s][info][gc] GC(2085) Garbage Collection (Allocation Rate) 980M(96%)->950M(93%)
[1043,721s][info][gc] Relocation Stall (main) 8,547ms
[1043,721s][info][gc] Allocation Stall (main) 466,373ms
[1043,728s][info][gc] GC(2086) Garbage Collection (Allocation Stall) 1000M(98%)->916M(89%)
[1044,211s][info][gc] Allocation Stall (main) 430,331ms
[1044,227s][info][gc] GC(2087) Garbage Collection (Allocation Stall) 948M(93%)->978M(96%)
[1044,716s][info][gc] Allocation Stall (main) 466,672ms
[1044,725s][info][gc] GC(2088) Garbage Collection (Allocation Stall) 1002M(98%)->916M(89%)
[1045,202s][info][gc] Allocation Stall (main) 424,090ms
[1045,224s][info][gc] GC(2089) Garbage Collection (Allocation Stall) 952M(93%)->976M(95%)
[1045,727s][info][gc] Allocation Stall (main) 481,187ms
[1045,739s][info][gc] GC(2090) Garbage Collection (Allocation Stall) 1020M(100%)->894M(87%)
[1046,204s][info][gc] Allocation Stall (main) 399,433ms
[1046,220s][info][gc] GC(2091) Garbage Collection (Allocation Stall) 904M(88%)->1006M(98%)
[1046,709s][info][gc] Relocation Stall (main) 5,911ms
[1046,709s][info][gc] Allocation Stall (main) 479,915ms
[1046,710s][info][gc] GC(2092) Garbage Collection (Allocation Stall) 1024M(100%)->874M(85%)
[1047,198s][info][gc] Allocation Stall (main) 419,923ms
[1047,202s][info][gc] GC(2093) Garbage Collection (Allocation Rate) 946M(92%)->960M(94%)
[1047,687s][info][gc] Relocation Stall (main) 4,798ms
[1047,687s][info][gc] Allocation Stall (main) 455,671ms
[1047,700s][info][gc] GC(2094) Garbage Collection (Allocation Stall) 1024M(100%)->898M(88%)
[1048,212s][info][gc] Allocation Stall (main) 455,315ms
[1048,223s][info][gc] GC(2095) Garbage Collection (Allocation Rate) 1002M(98%)->922M(90%)
[1048,703s][info][gc] Allocation Stall (main) 432,878ms
[1048,719s][info][gc] GC(2096) Garbage Collection (Allocation Stall) 966M(94%)->962M(94%)
[1049,225s][info][gc] Allocation Stall (main) 477,828ms
[1049,245s][info][gc] GC(2097) Garbage Collection (Allocation Stall) 1016M(99%)->916M(89%)
[1049,764s][info][gc] Allocation Stall (main) 473,107ms
[1049,786s][info][gc] GC(2098) Garbage Collection (Allocation Stall) 1024M(100%)->910M(89%)
[1050,312s][info][gc] Allocation Stall (main) 477,407ms
[1050,321s][info][gc] GC(2099) Garbage Collection (Allocation Stall) 1024M(100%)->892M(87%)
[1050,795s][info][gc] Allocation Stall (main) 412,324ms
[1050,809s][info][gc] GC(2100) Garbage Collection (Allocation Rate) 938M(92%)->980M(96%)
[1051,301s][info][gc] Relocation Stall (main) 5,063ms
[1051,301s][info][gc] Allocation Stall (main) 471,009ms
[1051,312s][info][gc] GC(2101) Garbage Collection (Allocation Stall) 1024M(100%)->894M(87%)
[1051,808s][info][gc] Allocation Stall (main) 438,072ms
[1051,815s][info][gc] GC(2102) Garbage Collection (Allocation Rate) 964M(94%)->948M(93%)
[1052,299s][info][gc] Allocation Stall (main) 448,635ms
[1052,319s][info][gc] GC(2103) Garbage Collection (Allocation Stall) 1008M(98%)->928M(91%)
[1052,819s][info][gc] Allocation Stall (main) 455,731ms
[1052,837s][info][gc] GC(2104) Garbage Collection (Allocation Stall) 970M(95%)->954M(93%)
[1053,310s][info][gc] Allocation Stall (main) 438,702ms
[1053,319s][info][gc] GC(2105) Garbage Collection (Allocation Stall) 968M(95%)->942M(92%)
[1053,796s][info][gc] Allocation Stall (main) 438,960ms
[1053,807s][info][gc] GC(2106) Garbage Collection (Allocation Stall) 988M(96%)->930M(91%)
[1054,308s][info][gc] Allocation Stall (main) 459,899ms
[1054,333s][info][gc] GC(2107) Garbage Collection (Allocation Stall) 1014M(99%)->924M(90%)
[1054,832s][info][gc] Allocation Stall (main) 450,166ms
[1054,836s][info][gc] GC(2108) Garbage Collection (Allocation Stall) 946M(92%)->958M(94%)
[1055,294s][info][gc] Allocation Stall (main) 424,015ms
[1055,302s][info][gc] GC(2109) Garbage Collection (Allocation Stall) 968M(95%)->944M(92%)
[1055,792s][info][gc] Allocation Stall (main) 455,087ms
[1055,803s][info][gc] GC(2110) Garbage Collection (Allocation Stall) 1024M(100%)->904M(88%)
[1056,308s][info][gc] Allocation Stall (main) 453,410ms
[1056,324s][info][gc] GC(2111) Garbage Collection (Allocation Rate) 998M(97%)->938M(92%)
[1056,817s][info][gc] Allocation Stall (main) 454,164ms
[1056,822s][info][gc] GC(2112) Garbage Collection (Allocation Stall) 980M(96%)->940M(92%)
[1057,296s][info][gc] Allocation Stall (main) 435,237ms
[1057,324s][info][gc] GC(2113) Garbage Collection (Allocation Stall) 986M(96%)->962M(94%)
[1057,827s][info][gc] Allocation Stall (main) 475,116ms
[1057,836s][info][gc] GC(2114) Garbage Collection (Allocation Stall) 996M(97%)->922M(90%)
[1058,299s][info][gc] Allocation Stall (main) 411,539ms
[1058,309s][info][gc] GC(2115) Garbage Collection (Allocation Stall) 938M(92%)->980M(96%)
[1058,785s][info][gc] Allocation Stall (main) 455,633ms
[1058,795s][info][gc] GC(2116) Garbage Collection (Allocation Stall) 1024M(100%)->904M(88%)
[1059,300s][info][gc] Allocation Stall (main) 453,778ms
[1059,317s][info][gc] GC(2117) Garbage Collection (Allocation Rate) 1018M(99%)->920M(90%)
[1059,818s][info][gc] Relocation Stall (main) 0,966ms
[1059,818s][info][gc] Allocation Stall (main) 454,221ms
[1059,845s][info][gc] GC(2118) Garbage Collection (Allocation Stall) 978M(96%)->964M(94%)
[1060,369s][info][gc] Relocation Stall (main) 5,146ms
[1060,369s][info][gc] Allocation Stall (main) 496,547ms
[1060,370s][info][gc] GC(2119) Garbage Collection (Allocation Stall) 1024M(100%)->880M(86%)
[1060,892s][info][gc] Allocation Stall (main) 459,628ms
[1060,904s][info][gc] GC(2120) Garbage Collection (Allocation Stall) 1024M(100%)->902M(88%)
[1061,404s][info][gc] Allocation Stall (main) 448,133ms
[1061,418s][info][gc] GC(2121) Garbage Collection (Allocation Rate) 994M(97%)->936M(91%)
[1061,911s][info][gc] Allocation Stall (main) 452,935ms
[1061,933s][info][gc] GC(2122) Garbage Collection (Allocation Stall) 992M(97%)->948M(93%)
[1062,425s][info][gc] Relocation Stall (main) 5,200ms
[1062,425s][info][gc] Allocation Stall (main) 453,864ms
[1062,435s][info][gc] GC(2123) Garbage Collection (Allocation Stall) 962M(94%)->950M(93%)
[1062,910s][info][gc] Allocation Stall (main) 438,710ms
[1062,921s][info][gc] GC(2124) Garbage Collection (Allocation Stall) 968M(95%)->948M(93%)
[1063,411s][info][gc] Allocation Stall (main) 454,597ms
[1063,430s][info][gc] GC(2125) Garbage Collection (Allocation Stall) 996M(97%)->930M(91%)
[1063,922s][info][gc] Allocation Stall (main) 447,330ms
[1063,928s][info][gc] GC(2126) Garbage Collection (Allocation Stall) 960M(94%)->948M(93%)
[1064,395s][info][gc] Allocation Stall (main) 429,034ms
[1064,413s][info][gc] GC(2127) Garbage Collection (Allocation Stall) 970M(95%)->956M(93%)
[1064,915s][info][gc] Allocation Stall (main) 471,263ms
[1064,926s][info][gc] GC(2128) Garbage Collection (Allocation Stall) 1024M(100%)->894M(87%)
[1065,401s][info][gc] Allocation Stall (main) 414,184ms
[1065,422s][info][gc] GC(2129) Garbage Collection (Allocation Stall) 932M(91%)->994M(97%)
[1065,919s][info][gc] Relocation Stall (main) 5,915ms
[1065,919s][info][gc] Allocation Stall (main) 481,919ms
[1065,921s][info][gc] GC(2130) Garbage Collection (Allocation Stall) 1024M(100%)->874M(85%)
[1066,393s][info][gc] Allocation Stall (main) 398,860ms
[1066,404s][info][gc] GC(2131) Garbage Collection (Allocation Rate) 912M(89%)->1000M(98%)
[1066,877s][info][gc] Allocation Stall (main) 461,408ms
[1066,885s][info][gc] GC(2132) Garbage Collection (Allocation Stall) 1024M(100%)->892M(87%)
[1067,402s][info][gc] Relocation Stall (main) 4,967ms
[1067,402s][info][gc] Allocation Stall (main) 460,837ms
[1067,410s][info][gc] GC(2133) Garbage Collection (Allocation Stall) 1024M(100%)->898M(88%)
[1067,905s][info][gc] Allocation Stall (main) 439,384ms
[1067,925s][info][gc] GC(2134) Garbage Collection (Allocation Rate) 974M(95%)->962M(94%)
[1068,421s][info][gc] Allocation Stall (main) 468,443ms
[1068,430s][info][gc] GC(2135) Garbage Collection (Allocation Stall) 1002M(98%)->918M(90%)
[1068,896s][info][gc] Allocation Stall (main) 413,446ms
[1068,906s][info][gc] GC(2136) Garbage Collection (Allocation Stall) 940M(92%)->980M(96%)
[1069,389s][info][gc] Allocation Stall (main) 461,759ms
[1069,406s][info][gc] GC(2137) Garbage Collection (Allocation Stall) 1024M(100%)->910M(89%)
[1069,913s][info][gc] Allocation Stall (main) 457,483ms
[1069,930s][info][gc] GC(2138) Garbage Collection (Allocation Rate) 994M(97%)->936M(91%)
[1070,419s][info][gc] Allocation Stall (main) 447,891ms
[1070,440s][info][gc] GC(2139) Garbage Collection (Allocation Stall) 966M(94%)->966M(94%)
[1070,915s][info][gc] Allocation Stall (main) 445,022ms
[1070,926s][info][gc] GC(2140) Garbage Collection (Allocation Stall) 966M(94%)->948M(93%)
[1071,402s][info][gc] Allocation Stall (main) 438,918ms
[1071,407s][info][gc] GC(2141) Garbage Collection (Allocation Stall) 982M(96%)->928M(91%)
[1071,903s][info][gc] Allocation Stall (main) 452,899ms
[1071,922s][info][gc] GC(2142) Garbage Collection (Allocation Stall) 1008M(98%)->924M(90%)
[1072,413s][info][gc] Allocation Stall (main) 444,215ms
[1072,427s][info][gc] GC(2143) Garbage Collection (Allocation Stall) 964M(94%)->956M(93%)
[1072,913s][info][gc] Allocation Stall (main) 453,400ms
[1072,933s][info][gc] GC(2144) Garbage Collection (Allocation Stall) 988M(96%)->930M(91%)
[1073,420s][info][gc] Allocation Stall (main) 441,275ms
[1073,425s][info][gc] GC(2145) Garbage Collection (Allocation Stall) 948M(93%)->954M(93%)
[1073,898s][info][gc] Allocation Stall (main) 440,581ms
[1073,907s][info][gc] GC(2146) Garbage Collection (Allocation Stall) 994M(97%)->924M(90%)
[1074,396s][info][gc] Allocation Stall (main) 444,836ms
[1074,412s][info][gc] GC(2147) Garbage Collection (Allocation Stall) 994M(97%)->934M(91%)
[1074,914s][info][gc] Allocation Stall (main) 461,204ms
[1074,921s][info][gc] GC(2148) Garbage Collection (Allocation Stall) 1004M(98%)->918M(90%)
[1075,401s][info][gc] Allocation Stall (main) 430,043ms
[1075,417s][info][gc] GC(2149) Garbage Collection (Allocation Stall) 964M(94%)->968M(95%)
[1075,906s][info][gc] Allocation Stall (main) 463,260ms
[1075,919s][info][gc] GC(2150) Garbage Collection (Allocation Stall) 1018M(99%)->912M(89%)
[1076,408s][info][gc] Allocation Stall (main) 438,411ms
[1076,427s][info][gc] GC(2151) Garbage Collection (Allocation Stall) 966M(94%)->964M(94%)
[1076,925s][info][gc] Relocation Stall (main) 4,547ms
[1076,925s][info][gc] Allocation Stall (main) 469,990ms
[1076,926s][info][gc] GC(2152) Garbage Collection (Allocation Stall) 1000M(98%)->902M(88%)
[1077,392s][info][gc] Allocation Stall (main) 408,347ms
[1077,404s][info][gc] GC(2153) Garbage Collection (Allocation Stall) 940M(92%)->982M(96%)
[1077,892s][info][gc] Relocation Stall (main) 5,417ms
[1077,892s][info][gc] Allocation Stall (main) 468,163ms
[1077,906s][info][gc] GC(2154) Garbage Collection (Allocation Stall) 1024M(100%)->900M(88%)
[1078,420s][info][gc] Relocation Stall (main) 4,127ms
[1078,420s][info][gc] Allocation Stall (main) 459,156ms
[1078,424s][info][gc] GC(2155) Garbage Collection (Allocation Rate) 982M(96%)->928M(91%)
[1078,900s][info][gc] Allocation Stall (main) 429,865ms
[1078,912s][info][gc] GC(2156) Garbage Collection (Allocation Stall) 968M(95%)->956M(93%)
[1079,406s][info][gc] Allocation Stall (main) 463,339ms
[1079,420s][info][gc] GC(2157) Garbage Collection (Allocation Stall) 1024M(100%)->910M(89%)
[1079,913s][info][gc] Allocation Stall (main) 439,432ms
[1079,924s][info][gc] GC(2158) Garbage Collection (Allocation Rate) 952M(93%)->970M(95%)
[1080,422s][info][gc] Allocation Stall (main) 471,421ms
[1080,441s][info][gc] GC(2159) Garbage Collection (Allocation Stall) 1002M(98%)->936M(91%)
[1080,919s][info][gc] Allocation Stall (main) 432,805ms
[1080,935s][info][gc] GC(2160) Garbage Collection (Allocation Stall) 936M(91%)->984M(96%)
[1081,417s][info][gc] Allocation Stall (main) 462,802ms
[1081,426s][info][gc] GC(2161) Garbage Collection (Allocation Stall) 1004M(98%)->912M(89%)
[1081,899s][info][gc] Relocation Stall (main) 2,843ms
[1081,899s][info][gc] Allocation Stall (main) 419,484ms
[1081,906s][info][gc] GC(2162) Garbage Collection (Allocation Stall) 950M(93%)->960M(94%)
[1082,407s][info][gc] Relocation Stall (main) 4,702ms
[1082,408s][info][gc] Allocation Stall (main) 471,572ms
[1082,424s][info][gc] GC(2163) Garbage Collection (Allocation Stall) 1024M(100%)->904M(88%)
[1082,911s][info][gc] Allocation Stall (main) 426,609ms
[1082,921s][info][gc] GC(2164) Garbage Collection (Allocation Rate) 938M(92%)->974M(95%)
[1083,413s][info][gc] Relocation Stall (main) 5,439ms
[1083,413s][info][gc] Allocation Stall (main) 467,677ms
[1083,417s][info][gc] GC(2165) Garbage Collection (Allocation Stall) 1020M(100%)->892M(87%)
[1083,901s][info][gc] Allocation Stall (main) 422,382ms
[1083,916s][info][gc] GC(2166) Garbage Collection (Allocation Stall) 948M(93%)->976M(95%)
[1084,406s][info][gc] Allocation Stall (main) 467,028ms
[1084,422s][info][gc] GC(2167) Garbage Collection (Allocation Stall) 1024M(100%)->904M(88%)
[1084,906s][info][gc] Allocation Stall (main) 428,643ms
[1084,919s][info][gc] GC(2168) Garbage Collection (Allocation Rate) 950M(93%)->968M(95%)
[1085,406s][info][gc] Allocation Stall (main) 461,161ms
[1085,424s][info][gc] GC(2169) Garbage Collection (Allocation Stall) 1022M(100%)->906M(88%)
[1085,915s][info][gc] Relocation Stall (main) 2,538ms
[1085,915s][info][gc] Allocation Stall (main) 436,343ms
[1085,917s][info][gc] GC(2170) Garbage Collection (Allocation Stall) 948M(93%)->954M(93%)
[1086,398s][info][gc] Allocation Stall (main) 445,877ms
[1086,416s][info][gc] GC(2171) Garbage Collection (Allocation Stall) 1012M(99%)->922M(90%)
[1086,912s][info][gc] Allocation Stall (main) 449,080ms
[1086,930s][info][gc] GC(2172) Garbage Collection (Allocation Stall) 972M(95%)->954M(93%)
[1087,422s][info][gc] Allocation Stall (main) 458,679ms
[1087,435s][info][gc] GC(2173) Garbage Collection (Allocation Stall) 982M(96%)->934M(91%)
[1087,902s][info][gc] Allocation Stall (main) 421,824ms
[1087,908s][info][gc] GC(2174) Garbage Collection (Allocation Stall) 948M(93%)->958M(94%)
[1088,399s][info][gc] Relocation Stall (main) 4,947ms
[1088,399s][info][gc] Allocation Stall (main) 460,537ms
[1088,407s][info][gc] GC(2175) Garbage Collection (Allocation Stall) 1024M(100%)->892M(87%)
[1088,906s][info][gc] Allocation Stall (main) 440,365ms
[1088,926s][info][gc] GC(2176) Garbage Collection (Allocation Rate) 974M(95%)->958M(94%)
[1089,415s][info][gc] Allocation Stall (main) 460,446ms
[1089,424s][info][gc] GC(2177) Garbage Collection (Allocation Stall) 998M(97%)->920M(90%)
[1089,901s][info][gc] Allocation Stall (main) 427,920ms
[1089,923s][info][gc] GC(2178) Garbage Collection (Allocation Stall) 962M(94%)->970M(95%)
[1090,424s][info][gc] Allocation Stall (main) 475,811ms
[1090,431s][info][gc] GC(2179) Garbage Collection (Allocation Stall) 1008M(98%)->908M(89%)
[1090,907s][info][gc] Allocation Stall (main) 417,358ms
[1090,933s][info][gc] GC(2180) Garbage Collection (Allocation Stall) 932M(91%)->1002M(98%)
[1091,430s][info][gc] Allocation Stall (main) 485,729ms
[1091,439s][info][gc] GC(2181) Garbage Collection (Allocation Stall) 1024M(100%)->886M(87%)
[1091,957s][info][gc] Allocation Stall (main) 458,665ms
[1091,965s][info][gc] GC(2182) Garbage Collection (Allocation Stall) 1024M(100%)->892M(87%)
[1092,474s][info][gc] Allocation Stall (main) 453,237ms
[1092,493s][info][gc] GC(2183) Garbage Collection (Allocation Stall) 1024M(100%)->914M(89%)
[1093,012s][info][gc] Allocation Stall (main) 471,510ms
[1093,027s][info][gc] GC(2184) Garbage Collection (Allocation Stall) 1024M(100%)->908M(89%)
[1093,509s][info][gc] Allocation Stall (main) 427,042ms
[1093,525s][info][gc] GC(2185) Garbage Collection (Allocation Rate) 944M(92%)->982M(96%)
[1094,011s][info][gc] Allocation Stall (main) 465,890ms
[1094,020s][info][gc] GC(2186) Garbage Collection (Allocation Stall) 1022M(100%)->900M(88%)
[1094,494s][info][gc] Allocation Stall (main) 417,263ms
[1094,506s][info][gc] GC(2187) Garbage Collection (Allocation Stall) 950M(93%)->974M(95%)
[1094,994s][info][gc] Allocation Stall (main) 463,902ms
[1095,010s][info][gc] GC(2188) Garbage Collection (Allocation Stall) 1024M(100%)->910M(89%)
[1095,507s][info][gc] Allocation Stall (main) 446,295ms
[1095,525s][info][gc] GC(2189) Garbage Collection (Allocation Rate) 976M(95%)->956M(93%)
[1096,015s][info][gc] Allocation Stall (main) 458,677ms
[1096,024s][info][gc] GC(2190) Garbage Collection (Allocation Stall) 996M(97%)->924M(90%)
[1096,500s][info][gc] Relocation Stall (main) 2,749ms
[1096,500s][info][gc] Allocation Stall (main) 428,767ms
[1096,505s][info][gc] GC(2191) Garbage Collection (Allocation Stall) 964M(94%)->952M(93%)
[1096,997s][info][gc] Allocation Stall (main) 459,227ms
[1097,012s][info][gc] GC(2192) Garbage Collection (Allocation Stall) 1024M(100%)->914M(89%)
[1097,511s][info][gc] Allocation Stall (main) 450,181ms
[1097,533s][info][gc] GC(2193) Garbage Collection (Allocation Rate) 984M(96%)->956M(93%)
[1098,021s][info][gc] Allocation Stall (main) 454,867ms
[1098,033s][info][gc] GC(2194) Garbage Collection (Allocation Stall) 978M(96%)->942M(92%)
[1098,504s][info][gc] Allocation Stall (main) 430,405ms
[1098,517s][info][gc] GC(2195) Garbage Collection (Allocation Stall) 962M(94%)->960M(94%)
[1099,008s][info][gc] Allocation Stall (main) 461,306ms
[1099,030s][info][gc] GC(2196) Garbage Collection (Allocation Stall) 1018M(99%)->916M(89%)
[1099,519s][info][gc] Allocation Stall (main) 437,178ms
[1099,524s][info][gc] GC(2197) Garbage Collection (Allocation Stall) 944M(92%)->962M(94%)
[1099,995s][info][gc] Allocation Stall (main) 441,101ms
[1100,007s][info][gc] GC(2198) Garbage Collection (Allocation Stall) 1002M(98%)->922M(90%)
[1100,507s][info][gc] Allocation Stall (main) 455,176ms
[1100,525s][info][gc] GC(2199) Garbage Collection (Allocation Stall) 994M(97%)->938M(92%)
[1101,013s][info][gc] Allocation Stall (main) 447,670ms
[1101,023s][info][gc] GC(2200) Garbage Collection (Allocation Stall) 976M(95%)->942M(92%)
[1101,518s][info][gc] Allocation Stall (main) 457,041ms
[1101,543s][info][gc] GC(2201) Garbage Collection (Allocation Stall) 986M(96%)->952M(93%)
[1102,026s][info][gc] Allocation Stall (main) 446,521ms
[1102,031s][info][gc] GC(2202) Garbage Collection (Allocation Stall) 952M(93%)->948M(93%)
[1102,502s][info][gc] Allocation Stall (main) 433,572ms
[1102,521s][info][gc] GC(2203) Garbage Collection (Allocation Stall) 972M(95%)->950M(93%)
[1103,026s][info][gc] Relocation Stall (main) 4,965ms
[1103,026s][info][gc] Allocation Stall (main) 470,954ms
[1103,031s][info][gc] GC(2204) Garbage Collection (Allocation Stall) 1000M(98%)->904M(88%)
[1103,504s][info][gc] Allocation Stall (main) 412,678ms
[1103,507s][info][gc] GC(2205) Garbage Collection (Allocation Stall) 928M(91%)->976M(95%)
[1103,984s][info][gc] Allocation Stall (main) 454,523ms
[1103,999s][info][gc] GC(2206) Garbage Collection (Allocation Stall) 1024M(100%)->902M(88%)
[1104,511s][info][gc] Allocation Stall (main) 461,244ms
[1104,523s][info][gc] GC(2207) Garbage Collection (Allocation Rate) 1008M(98%)->920M(90%)
[1105,010s][info][gc] Allocation Stall (main) 439,314ms
[1105,030s][info][gc] GC(2208) Garbage Collection (Allocation Stall) 964M(94%)->970M(95%)
[1105,521s][info][gc] Allocation Stall (main) 465,737ms
[1105,541s][info][gc] GC(2209) Garbage Collection (Allocation Stall) 992M(97%)->936M(91%)
[1106,056s][info][gc] Allocation Stall (main) 475,708ms
[1106,063s][info][gc] GC(2210) Garbage Collection (Allocation Stall) 1024M(100%)->890M(87%)
[1106,578s][info][gc] Allocation Stall (main) 457,919ms
[1106,596s][info][gc] GC(2211) Garbage Collection (Allocation Stall) 1024M(100%)->910M(89%)
[1107,117s][info][gc] Allocation Stall (main) 473,048ms
[1107,128s][info][gc] GC(2212) Garbage Collection (Allocation Rate) 1024M(100%)->902M(88%)
[1107,600s][info][gc] Allocation Stall (main) 410,608ms
[1107,621s][info][gc] GC(2213) Garbage Collection (Allocation Stall) 924M(90%)->1006M(98%)
[1108,120s][info][gc] Relocation Stall (main) 5,550ms
[1108,120s][info][gc] Allocation Stall (main) 488,986ms
[1108,129s][info][gc] GC(2214) Garbage Collection (Allocation Stall) 1024M(100%)->884M(86%)
[1108,608s][info][gc] Allocation Stall (main) 410,444ms
[1108,623s][info][gc] GC(2215) Garbage Collection (Allocation Rate) 916M(89%)->998M(97%)
[1109,108s][info][gc] Relocation Stall (main) 6,041ms
[1109,108s][info][gc] Allocation Stall (main) 472,035ms
[1109,109s][info][gc] GC(2216) Garbage Collection (Allocation Stall) 1024M(100%)->876M(86%)
[1109,602s][info][gc] Allocation Stall (main) 425,465ms
[1109,610s][info][gc] GC(2217) Garbage Collection (Allocation Rate) 950M(93%)->962M(94%)
[1110,100s][info][gc] Allocation Stall (main) 461,508ms
[1110,121s][info][gc] GC(2218) Garbage Collection (Allocation Stall) 1024M(100%)->912M(89%)
[1110,612s][info][gc] Allocation Stall (main) 440,120ms
[1110,618s][info][gc] GC(2219) Garbage Collection (Allocation Rate) 954M(93%)->954M(93%)
[1111,093s][info][gc] Allocation Stall (main) 442,532ms
[1111,100s][info][gc] GC(2220) Garbage Collection (Allocation Stall) 1006M(98%)->916M(89%)
[1111,600s][info][gc] Allocation Stall (main) 453,547ms
[1111,625s][info][gc] GC(2221) Garbage Collection (Allocation Stall) 1016M(99%)->932M(91%)
[1112,127s][info][gc] Allocation Stall (main) 458,449ms
[1112,141s][info][gc] GC(2222) Garbage Collection (Allocation Stall) 964M(94%)->960M(94%)
[1112,639s][info][gc] Relocation Stall (main) 4,718ms
[1112,639s][info][gc] Allocation Stall (main) 468,174ms
[1112,653s][info][gc] GC(2223) Garbage Collection (Allocation Stall) 1024M(100%)->898M(88%)
[1113,181s][info][gc] Allocation Stall (main) 475,227ms
[1113,187s][info][gc] GC(2224) Garbage Collection (Allocation Stall) 1024M(100%)->894M(87%)
[1113,694s][info][gc] Allocation Stall (main) 451,472ms
[1113,705s][info][gc] GC(2225) Garbage Collection (Allocation Stall) 1024M(100%)->908M(89%)
[1114,204s][info][gc] Allocation Stall (main) 447,771ms
[1114,223s][info][gc] GC(2226) Garbage Collection (Allocation Rate) 994M(97%)->950M(93%)
[1114,717s][info][gc] Allocation Stall (main) 459,500ms
[1114,741s][info][gc] GC(2227) Garbage Collection (Allocation Stall) 992M(97%)->948M(93%)
[1115,264s][info][gc] Allocation Stall (main) 487,945ms
[1115,273s][info][gc] GC(2228) Garbage Collection (Allocation Stall) 1024M(100%)->896M(88%)
[1115,789s][info][gc] Allocation Stall (main) 461,376ms
[1115,811s][info][gc] GC(2229) Garbage Collection (Allocation Stall) 1024M(100%)->920M(90%)
[1116,317s][info][gc] Allocation Stall (main) 458,651ms
[1116,333s][info][gc] GC(2230) Garbage Collection (Allocation Rate) 980M(96%)->948M(93%)
[1116,811s][info][gc] Allocation Stall (main) 438,697ms
[1116,825s][info][gc] GC(2231) Garbage Collection (Allocation Stall) 958M(94%)->960M(94%)
[1117,302s][info][gc] Allocation Stall (main) 446,877ms
[1117,311s][info][gc] GC(2232) Garbage Collection (Allocation Stall) 994M(97%)->920M(90%)
[1117,799s][info][gc] Allocation Stall (main) 441,457ms
[1117,817s][info][gc] GC(2233) Garbage Collection (Allocation Stall) 992M(97%)->938M(92%)
[1118,314s][info][gc] Allocation Stall (main) 459,756ms
[1118,320s][info][gc] GC(2234) Garbage Collection (Allocation Stall) 998M(97%)->914M(89%)
[1118,793s][info][gc] Allocation Stall (main) 422,893ms
[1118,809s][info][gc] GC(2235) Garbage Collection (Allocation Stall) 964M(94%)->962M(94%)
[1119,307s][info][gc] Allocation Stall (main) 470,245ms
[1119,322s][info][gc] GC(2236) Garbage Collection (Allocation Stall) 1024M(100%)->906M(88%)
[1119,814s][info][gc] Allocation Stall (main) 438,033ms
[1119,832s][info][gc] GC(2237) Garbage Collection (Allocation Rate) 954M(93%)->972M(95%)
[1120,316s][info][gc] Allocation Stall (main) 459,613ms
[1120,322s][info][gc] GC(2238) Garbage Collection (Allocation Stall) 996M(97%)->918M(90%)
[1120,805s][info][gc] Allocation Stall (main) 433,483ms
[1120,821s][info][gc] GC(2239) Garbage Collection (Allocation Stall) 962M(94%)->960M(94%)
[1121,310s][info][gc] Allocation Stall (main) 460,499ms
[1121,319s][info][gc] GC(2240) Garbage Collection (Allocation Stall) 1012M(99%)->910M(89%)
[1121,792s][info][gc] Relocation Stall (main) 2,511ms
[1121,792s][info][gc] Allocation Stall (main) 419,361ms
[1121,804s][info][gc] GC(2241) Garbage Collection (Allocation Stall) 952M(93%)->968M(95%)
[1122,293s][info][gc] Allocation Stall (main) 462,997ms
[1122,304s][info][gc] GC(2242) Garbage Collection (Allocation Stall) 1024M(100%)->900M(88%)
[1122,805s][info][gc] Relocation Stall (main) 3,770ms
[1122,805s][info][gc] Allocation Stall (main) 446,000ms
[1122,816s][info][gc] GC(2243) Garbage Collection (Allocation Rate) 982M(96%)->938M(92%)
[1123,314s][info][gc] Allocation Stall (main) 459,485ms
[1123,328s][info][gc] GC(2244) Garbage Collection (Allocation Stall) 1000M(98%)->926M(90%)
[1123,806s][info][gc] Allocation Stall (main) 431,900ms
[1123,816s][info][gc] GC(2245) Garbage Collection (Allocation Stall) 958M(94%)->960M(94%)
[1124,302s][info][gc] Allocation Stall (main) 456,441ms
[1124,325s][info][gc] GC(2246) Garbage Collection (Allocation Stall) 1022M(100%)->920M(90%)
[1124,822s][info][gc] Allocation Stall (main) 447,637ms
[1124,837s][info][gc] GC(2247) Garbage Collection (Allocation Stall) 954M(93%)->968M(95%)
[1125,312s][info][gc] Allocation Stall (main) 447,156ms
[1125,317s][info][gc] GC(2248) Garbage Collection (Allocation Stall) 982M(96%)->926M(90%)
[1125,795s][info][gc] Allocation Stall (main) 433,856ms
[1125,819s][info][gc] GC(2249) Garbage Collection (Allocation Stall) 980M(96%)->956M(93%)
[1126,325s][info][gc] Allocation Stall (main) 475,385ms
[1126,332s][info][gc] GC(2250) Garbage Collection (Allocation Stall) 1010M(99%)->902M(88%)
[1126,794s][info][gc] Allocation Stall (main) 401,450ms
[1126,801s][info][gc] GC(2251) Garbage Collection (Allocation Stall) 926M(90%)->986M(96%)
[1127,273s][info][gc] Allocation Stall (main) 453,629ms
[1127,283s][info][gc] GC(2252) Garbage Collection (Allocation Stall) 1024M(100%)->904M(88%)
[1127,790s][info][gc] Allocation Stall (main) 455,948ms
[1127,805s][info][gc] GC(2253) Garbage Collection (Allocation Stall) 1024M(100%)->914M(89%)
[1128,306s][info][gc] Allocation Stall (main) 452,392ms
[1128,322s][info][gc] GC(2254) Garbage Collection (Allocation Rate) 992M(97%)->946M(92%)
[1128,813s][info][gc] Allocation Stall (main) 454,306ms
[1128,827s][info][gc] GC(2255) Garbage Collection (Allocation Stall) 992M(97%)->938M(92%)
[1129,307s][info][gc] Allocation Stall (main) 439,778ms
[1129,318s][info][gc] GC(2256) Garbage Collection (Allocation Stall) 972M(95%)->952M(93%)
[1129,804s][info][gc] Allocation Stall (main) 454,074ms
[1129,821s][info][gc] GC(2257) Garbage Collection (Allocation Stall) 1008M(98%)->926M(90%)
[1130,312s][info][gc] Allocation Stall (main) 445,711ms
[1130,322s][info][gc] GC(2258) Garbage Collection (Allocation Stall) 974M(95%)->950M(93%)
[1130,801s][info][gc] Allocation Stall (main) 444,118ms
[1130,816s][info][gc] GC(2259) Garbage Collection (Allocation Stall) 990M(97%)->938M(92%)
[1131,313s][info][gc] Allocation Stall (main) 458,725ms
[1131,336s][info][gc] GC(2260) Garbage Collection (Allocation Stall) 998M(97%)->942M(92%)
[1131,827s][info][gc] Relocation Stall (main) 2,999ms
[1131,827s][info][gc] Allocation Stall (main) 450,248ms
[1131,829s][info][gc] GC(2261) Garbage Collection (Allocation Stall) 958M(94%)->944M(92%)
[1132,297s][info][gc] Allocation Stall (main) 428,319ms
[1132,302s][info][gc] GC(2262) Garbage Collection (Allocation Stall) 972M(95%)->942M(92%)
[1132,794s][info][gc] Allocation Stall (main) 455,273ms
[1132,804s][info][gc] GC(2263) Garbage Collection (Allocation Stall) 1024M(100%)->908M(89%)
[1133,300s][info][gc] Allocation Stall (main) 443,846ms
[1133,316s][info][gc] GC(2264) Garbage Collection (Allocation Rate) 988M(96%)->950M(93%)
[1133,824s][info][gc] Allocation Stall (main) 474,965ms
[1133,847s][info][gc] GC(2265) Garbage Collection (Allocation Stall) 1010M(99%)->932M(91%)
[1134,366s][info][gc] Allocation Stall (main) 478,108ms
[1134,385s][info][gc] GC(2266) Garbage Collection (Allocation Stall) 1024M(100%)->908M(89%)
[1134,922s][info][gc] Relocation Stall (main) 5,007ms
[1134,922s][info][gc] Allocation Stall (main) 487,662ms
[1134,929s][info][gc] GC(2267) Garbage Collection (Allocation Stall) 1024M(100%)->890M(87%)
[1135,417s][info][gc] Allocation Stall (main) 421,515ms
[1135,440s][info][gc] GC(2268) Garbage Collection (Allocation Rate) 920M(90%)->1012M(99%)
[1135,929s][info][gc] Allocation Stall (main) 482,545ms
[1135,939s][info][gc] GC(2269) Garbage Collection (Allocation Stall) 1024M(100%)->890M(87%)
[1136,396s][info][gc] Allocation Stall (main) 389,423ms
[1136,406s][info][gc] GC(2270) Garbage Collection (Allocation Rate) 896M(88%)->1012M(99%)
[1136,871s][info][gc] Allocation Stall (main) 458,053ms
[1136,883s][info][gc] GC(2271) Garbage Collection (Allocation Stall) 1024M(100%)->896M(88%)
[1137,398s][info][gc] Allocation Stall (main) 460,678ms
[1137,411s][info][gc] GC(2272) Garbage Collection (Allocation Stall) 1024M(100%)->904M(88%)
[1137,912s][info][gc] Allocation Stall (main) 446,202ms
[1137,928s][info][gc] GC(2273) Garbage Collection (Allocation Rate) 974M(95%)->954M(93%)
[1138,410s][info][gc] Allocation Stall (main) 448,465ms
[1138,420s][info][gc] GC(2274) Garbage Collection (Allocation Stall) 986M(96%)->932M(91%)
[1138,905s][info][gc] Allocation Stall (main) 442,519ms
[1138,918s][info][gc] GC(2275) Garbage Collection (Allocation Stall) 982M(96%)->942M(92%)
[1139,423s][info][gc] Allocation Stall (main) 468,201ms
[1139,449s][info][gc] GC(2276) Garbage Collection (Allocation Stall) 1000M(98%)->938M(92%)
[1139,992s][info][gc] Relocation Stall (main) 5,551ms
[1139,992s][info][gc] Allocation Stall (main) 505,101ms
[1139,994s][info][gc] GC(2277) Garbage Collection (Allocation Stall) 1024M(100%)->880M(86%)
[1140,493s][info][gc] Allocation Stall (main) 436,223ms
[1140,501s][info][gc] GC(2278) Garbage Collection (Allocation Rate) 990M(97%)->930M(91%)
[1141,002s][info][gc] Allocation Stall (main) 458,637ms
[1141,021s][info][gc] GC(2279) Garbage Collection (Allocation Stall) 1020M(100%)->922M(90%)
[1141,514s][info][gc] Allocation Stall (main) 447,666ms
[1141,527s][info][gc] GC(2280) Garbage Collection (Allocation Stall) 972M(95%)->952M(93%)
[1142,005s][info][gc] Relocation Stall (main) 3,850ms
[1142,006s][info][gc] Allocation Stall (main) 444,489ms
[1142,020s][info][gc] GC(2281) Garbage Collection (Allocation Stall) 984M(96%)->938M(92%)
[1142,525s][info][gc] Allocation Stall (main) 465,810ms
[1142,546s][info][gc] GC(2282) Garbage Collection (Allocation Stall) 988M(96%)->940M(92%)
[1143,064s][info][gc] Allocation Stall (main) 480,665ms
[1143,072s][info][gc] GC(2283) Garbage Collection (Allocation Stall) 1024M(100%)->890M(87%)
[1143,581s][info][gc] Allocation Stall (main) 452,086ms
[1143,592s][info][gc] GC(2284) Garbage Collection (Allocation Stall) 1024M(100%)->904M(88%)
[1144,103s][info][gc] Allocation Stall (main) 460,148ms
[1144,120s][info][gc] GC(2285) Garbage Collection (Allocation Rate) 1020M(100%)->918M(90%)
[1144,618s][info][gc] Allocation Stall (main) 449,247ms
[1144,629s][info][gc] GC(2286) Garbage Collection (Allocation Stall) 970M(95%)->958M(94%)
[1145,105s][info][gc] Allocation Stall (main) 443,898ms
[1145,116s][info][gc] GC(2287) Garbage Collection (Allocation Stall) 988M(96%)->940M(92%)
[1145,607s][info][gc] Allocation Stall (main) 453,445ms
[1145,638s][info][gc] GC(2288) Garbage Collection (Allocation Stall) 1000M(98%)->950M(93%)
[1146,145s][info][gc] Allocation Stall (main) 470,754ms
[1146,151s][info][gc] GC(2289) Garbage Collection (Allocation Stall) 962M(94%)->946M(92%)
[1146,639s][info][gc] Allocation Stall (main) 451,978ms
[1146,645s][info][gc] GC(2290) Garbage Collection (Allocation Stall) 1024M(100%)->896M(88%)
[1147,154s][info][gc] Allocation Stall (main) 454,689ms
[1147,171s][info][gc] GC(2291) Garbage Collection (Allocation Stall) 1024M(100%)->916M(89%)
[1147,690s][info][gc] Allocation Stall (main) 473,004ms
[1147,713s][info][gc] GC(2292) Garbage Collection (Allocation Stall) 1024M(100%)->922M(90%)
[1148,232s][info][gc] Relocation Stall (main) 0,731ms
[1148,232s][info][gc] Allocation Stall (main) 473,719ms
[1148,248s][info][gc] GC(2293) Garbage Collection (Allocation Rate) 990M(97%)->940M(92%)
[1148,763s][info][gc] Relocation Stall (main) 5,218ms
[1148,763s][info][gc] Allocation Stall (main) 476,559ms
[1148,778s][info][gc] GC(2294) Garbage Collection (Allocation Stall) 1024M(100%)->900M(88%)
[1149,305s][info][gc] Allocation Stall (main) 475,803ms
[1149,312s][info][gc] GC(2295) Garbage Collection (Allocation Stall) 1024M(100%)->892M(87%)
[1149,811s][info][gc] Allocation Stall (main) 440,078ms
[1149,826s][info][gc] GC(2296) Garbage Collection (Allocation Rate) 962M(94%)->966M(94%)
[1150,317s][info][gc] Allocation Stall (main) 464,315ms
[1150,340s][info][gc] GC(2297) Garbage Collection (Allocation Stall) 1004M(98%)->932M(91%)
[1150,826s][info][gc] Allocation Stall (main) 440,534ms
[1150,837s][info][gc] GC(2298) Garbage Collection (Allocation Stall) 940M(92%)->972M(95%)
[1151,301s][info][gc] Allocation Stall (main) 436,902ms
[1151,309s][info][gc] GC(2299) Garbage Collection (Allocation Stall) 984M(96%)->928M(91%)
[1151,800s][info][gc] Allocation Stall (main) 448,115ms
[1151,809s][info][gc] GC(2300) Garbage Collection (Allocation Stall) 1004M(98%)->918M(90%)
[1152,306s][info][gc] Allocation Stall (main) 449,572ms
[1152,334s][info][gc] GC(2301) Garbage Collection (Allocation Stall) 994M(97%)->952M(93%)
[1152,831s][info][gc] Allocation Stall (main) 462,979ms
[1152,838s][info][gc] GC(2302) Garbage Collection (Allocation Stall) 972M(95%)->940M(92%)
[1153,303s][info][gc] Allocation Stall (main) 421,257ms
[1153,321s][info][gc] GC(2303) Garbage Collection (Allocation Stall) 950M(93%)->972M(95%)
[1153,814s][info][gc] Allocation Stall (main) 469,167ms
[1153,822s][info][gc] GC(2304) Garbage Collection (Allocation Stall) 1022M(100%)->890M(87%)
[1154,293s][info][gc] Allocation Stall (main) 408,751ms
[1154,301s][info][gc] GC(2305) Garbage Collection (Allocation Stall) 938M(92%)->974M(95%)
[1154,784s][info][gc] Allocation Stall (main) 459,831ms
[1154,793s][info][gc] GC(2306) Garbage Collection (Allocation Stall) 1024M(100%)->900M(88%)
[1155,303s][info][gc] Allocation Stall (main) 456,749ms
[1155,324s][info][gc] GC(2307) Garbage Collection (Allocation Rate) 1018M(99%)->926M(90%)
[1155,815s][info][gc] Allocation Stall (main) 444,590ms
[1155,831s][info][gc] GC(2308) Garbage Collection (Allocation Stall) 956M(93%)->970M(95%)
[1156,317s][info][gc] Allocation Stall (main) 460,471ms
[1156,327s][info][gc] GC(2309) Garbage Collection (Allocation Stall) 996M(97%)->924M(90%)
[1156,800s][info][gc] Allocation Stall (main) 422,336ms
[1156,816s][info][gc] GC(2310) Garbage Collection (Allocation Stall) 948M(93%)->978M(96%)
[1157,312s][info][gc] Relocation Stall (main) 4,965ms
[1157,312s][info][gc] Allocation Stall (main) 475,109ms
[1157,323s][info][gc] GC(2311) Garbage Collection (Allocation Stall) 1024M(100%)->892M(87%)
[1157,806s][info][gc] Allocation Stall (main) 419,210ms
[1157,815s][info][gc] GC(2312) Garbage Collection (Allocation Rate) 926M(90%)->984M(96%)
[1158,292s][info][gc] Allocation Stall (main) 458,007ms
[1158,304s][info][gc] GC(2313) Garbage Collection (Allocation Stall) 1024M(100%)->898M(88%)
[1158,801s][info][gc] Allocation Stall (main) 442,284ms
[1158,810s][info][gc] GC(2314) Garbage Collection (Allocation Rate) 986M(96%)->936M(91%)
[1159,292s][info][gc] Allocation Stall (main) 442,585ms
[1159,309s][info][gc] GC(2315) Garbage Collection (Allocation Stall) 1000M(98%)->936M(91%)
[1159,830s][info][gc] Relocation Stall (main) 11,168ms
[1159,830s][info][gc] Allocation Stall (main) 482,280ms
[1159,832s][info][gc] GC(2316) Garbage Collection (Allocation Stall) 1014M(99%)->894M(87%)
[1160,301s][info][gc] Allocation Stall (main) 403,709ms
[1160,322s][info][gc] GC(2317) Garbage Collection (Allocation Stall) 916M(89%)->1016M(99%)
[1160,815s][info][gc] Relocation Stall (main) 5,596ms
[1160,815s][info][gc] Allocation Stall (main) 488,643ms
[1160,817s][info][gc] GC(2318) Garbage Collection (Allocation Stall) 1024M(100%)->882M(86%)
[1161,292s][info][gc] Allocation Stall (main) 409,119ms
[1161,310s][info][gc] GC(2319) Garbage Collection (Allocation Rate) 934M(91%)->994M(97%)
[1161,799s][info][gc] Allocation Stall (main) 473,763ms
[1161,807s][info][gc] GC(2320) Garbage Collection (Allocation Stall) 1024M(100%)->892M(87%)
[1162,292s][info][gc] Allocation Stall (main) 427,092ms
[1162,305s][info][gc] GC(2321) Garbage Collection (Allocation Rate) 972M(95%)->954M(93%)
[1162,802s][info][gc] Allocation Stall (main) 464,250ms
[1162,818s][info][gc] GC(2322) Garbage Collection (Allocation Stall) 1024M(100%)->912M(89%)
[1163,312s][info][gc] Allocation Stall (main) 442,919ms
[1163,327s][info][gc] GC(2323) Garbage Collection (Allocation Rate) 966M(94%)->956M(93%)
[1163,813s][info][gc] Allocation Stall (main) 453,990ms
[1163,817s][info][gc] GC(2324) Garbage Collection (Allocation Stall) 988M(96%)->924M(90%)
[1164,306s][info][gc] Relocation Stall (main) 3,342ms
[1164,306s][info][gc] Allocation Stall (main) 443,223ms
[1164,329s][info][gc] GC(2325) Garbage Collection (Allocation Stall) 980M(96%)->956M(93%)
[1164,829s][info][gc] Allocation Stall (main) 468,089ms
[1164,837s][info][gc] GC(2326) Garbage Collection (Allocation Stall) 988M(96%)->924M(90%)
[1165,288s][info][gc] Allocation Stall (main) 400,716ms
[1165,293s][info][gc] GC(2327) Garbage Collection (Allocation Stall) 928M(91%)->982M(96%)
[1165,765s][info][gc] Allocation Stall (main) 451,780ms
[1165,777s][info][gc] GC(2328) Garbage Collection (Allocation Stall) 1024M(100%)->906M(88%)
[1166,293s][info][gc] Allocation Stall (main) 465,829ms
[1166,317s][info][gc] GC(2329) Garbage Collection (Allocation Stall) 1024M(100%)->922M(90%)
[1166,822s][info][gc] Allocation Stall (main) 458,701ms
[1166,831s][info][gc] GC(2330) Garbage Collection (Allocation Rate) 970M(95%)->948M(93%)
[1167,303s][info][gc] Allocation Stall (main) 434,243ms
[1167,320s][info][gc] GC(2331) Garbage Collection (Allocation Stall) 970M(95%)->960M(94%)
[1167,819s][info][gc] Allocation Stall (main) 470,095ms
[1167,830s][info][gc] GC(2332) Garbage Collection (Allocation Stall) 1012M(99%)->908M(89%)
[1168,299s][info][gc] Allocation Stall (main) 412,679ms
[1168,316s][info][gc] GC(2333) Garbage Collection (Allocation Stall) 936M(91%)->990M(97%)
[1168,805s][info][gc] Allocation Stall (main) 471,969ms
[1168,816s][info][gc] GC(2334) Garbage Collection (Allocation Stall) 1024M(100%)->894M(87%)
[1169,309s][info][gc] Allocation Stall (main) 432,960ms
[1169,324s][info][gc] GC(2335) Garbage Collection (Allocation Rate) 952M(93%)->970M(95%)
[1169,817s][info][gc] Relocation Stall (main) 3,316ms
[1169,817s][info][gc] Allocation Stall (main) 466,522ms
[1169,823s][info][gc] GC(2336) Garbage Collection (Allocation Stall) 1010M(99%)->902M(88%)
[1170,312s][info][gc] Allocation Stall (main) 431,474ms
[1170,338s][info][gc] GC(2337) Garbage Collection (Allocation Stall) 946M(92%)->986M(96%)
[1170,831s][info][gc] Allocation Stall (main) 474,254ms
[1170,837s][info][gc] GC(2338) Garbage Collection (Allocation Stall) 994M(97%)->912M(89%)
[1171,297s][info][gc] Allocation Stall (main) 401,982ms
[1171,305s][info][gc] GC(2339) Garbage Collection (Allocation Stall) 924M(90%)->980M(96%)
[1171,787s][info][gc] Allocation Stall (main) 460,474ms
[1171,795s][info][gc] GC(2340) Garbage Collection (Allocation Stall) 1024M(100%)->892M(87%)
[1172,306s][info][gc] Relocation Stall (main) 4,452ms
[1172,306s][info][gc] Allocation Stall (main) 453,433ms
[1172,320s][info][gc] GC(2341) Garbage Collection (Allocation Rate) 1002M(98%)->920M(90%)
[1172,810s][info][gc] Allocation Stall (main) 443,086ms
[1172,826s][info][gc] GC(2342) Garbage Collection (Allocation Stall) 972M(95%)->954M(93%)
[1173,312s][info][gc] Allocation Stall (main) 452,555ms
[1173,320s][info][gc] GC(2343) Garbage Collection (Allocation Stall) 990M(97%)->924M(90%)
[1173,799s][info][gc] Allocation Stall (main) 433,840ms
[1173,808s][info][gc] GC(2344) Garbage Collection (Allocation Stall) 976M(95%)->944M(92%)
[1174,299s][info][gc] Allocation Stall (main) 454,969ms
[1174,312s][info][gc] GC(2345) Garbage Collection (Allocation Stall) 1014M(99%)->918M(90%)
[1174,810s][info][gc] Allocation Stall (main) 450,944ms
[1174,839s][info][gc] GC(2346) Garbage Collection (Allocation Stall) 980M(96%)->964M(94%)
[1175,336s][info][gc] Allocation Stall (main) 467,008ms
[1175,344s][info][gc] GC(2347) Garbage Collection (Allocation Stall) 968M(95%)->938M(92%)
[1175,786s][info][gc] Allocation Stall (main) 402,450ms
[1175,791s][info][gc] GC(2348) Garbage Collection (Allocation Stall) 940M(92%)->966M(94%)
[1176,285s][info][gc] Relocation Stall (main) 4,326ms
[1176,285s][info][gc] Allocation Stall (main) 466,898ms
[1176,295s][info][gc] GC(2349) Garbage Collection (Allocation Stall) 1024M(100%)->894M(87%)
[1176,812s][info][gc] Relocation Stall (main) 4,919ms
[1176,812s][info][gc] Allocation Stall (main) 462,666ms
[1176,818s][info][gc] GC(2350) Garbage Collection (Allocation Rate) 1010M(99%)->906M(88%)
[1177,296s][info][gc] Allocation Stall (main) 424,568ms
[1177,308s][info][gc] GC(2351) Garbage Collection (Allocation Stall) 962M(94%)->966M(94%)
[1177,797s][info][gc] Allocation Stall (main) 461,682ms
[1177,811s][info][gc] GC(2352) Garbage Collection (Allocation Stall) 1024M(100%)->910M(89%)
[1178,299s][info][gc] Allocation Stall (main) 436,112ms
[1178,311s][info][gc] GC(2353) Garbage Collection (Allocation Rate) 972M(95%)->954M(93%)
[1178,806s][info][gc] Allocation Stall (main) 462,863ms
[1178,819s][info][gc] GC(2354) Garbage Collection (Allocation Stall) 1024M(100%)->910M(89%)
[1179,311s][info][gc] Allocation Stall (main) 441,083ms
[1179,345s][info][gc] GC(2355) Garbage Collection (Allocation Rate) 964M(94%)->986M(96%)
[1179,870s][info][gc] Relocation Stall (main) 5,901ms
[1179,870s][info][gc] Allocation Stall (main) 506,856ms
[1179,871s][info][gc] GC(2356) Garbage Collection (Allocation Stall) 1024M(100%)->876M(86%)
[1180,392s][info][gc] Allocation Stall (main) 458,071ms
[1180,410s][info][gc] GC(2357) Garbage Collection (Allocation Stall) 1024M(100%)->908M(89%)
[1180,915s][info][gc] Allocation Stall (main) 453,421ms
[1180,925s][info][gc] GC(2358) Garbage Collection (Allocation Rate) 982M(96%)->938M(92%)
[1181,401s][info][gc] Allocation Stall (main) 434,696ms
[1181,416s][info][gc] GC(2359) Garbage Collection (Allocation Stall) 976M(95%)->954M(93%)
[1181,908s][info][gc] Allocation Stall (main) 460,184ms
[1181,915s][info][gc] GC(2360) Garbage Collection (Allocation Stall) 1004M(98%)->916M(89%)
[1182,396s][info][gc] Allocation Stall (main) 430,559ms
[1182,415s][info][gc] GC(2361) Garbage Collection (Allocation Stall) 970M(95%)->966M(94%)
[1182,923s][info][gc] Relocation Stall (main) 4,899ms
[1182,923s][info][gc] Allocation Stall (main) 481,205ms
[1182,933s][info][gc] GC(2362) Garbage Collection (Allocation Stall) 1024M(100%)->894M(87%)
[1183,408s][info][gc] Allocation Stall (main) 409,813ms
[1183,419s][info][gc] GC(2363) Garbage Collection (Allocation Rate) 908M(89%)->1008M(98%)
[1183,886s][info][gc] Allocation Stall (main) 458,190ms
[1183,896s][info][gc] GC(2364) Garbage Collection (Allocation Stall) 1024M(100%)->898M(88%)
[1184,407s][info][gc] Allocation Stall (main) 457,780ms
[1184,416s][info][gc] GC(2365) Garbage Collection (Allocation Rate) 1010M(99%)->916M(89%)
[1184,904s][info][gc] Allocation Stall (main) 440,024ms
[1184,929s][info][gc] GC(2366) Garbage Collection (Allocation Stall) 978M(96%)->966M(94%)
[1185,429s][info][gc] Allocation Stall (main) 474,189ms
[1185,436s][info][gc] GC(2367) Garbage Collection (Allocation Stall) 1000M(98%)->918M(90%)
[1185,894s][info][gc] Allocation Stall (main) 403,795ms
[1185,906s][info][gc] GC(2368) Garbage Collection (Allocation Stall) 932M(91%)->990M(97%)
[1186,393s][info][gc] Relocation Stall (main) 4,762ms
[1186,393s][info][gc] Allocation Stall (main) 470,517ms
[1186,408s][info][gc] GC(2369) Garbage Collection (Allocation Stall) 1024M(100%)->902M(88%)
[1186,914s][info][gc] Allocation Stall (main) 451,932ms
[1186,922s][info][gc] GC(2370) Garbage Collection (Allocation Rate) 980M(96%)->938M(92%)
[1187,398s][info][gc] Allocation Stall (main) 435,195ms
[1187,409s][info][gc] GC(2371) Garbage Collection (Allocation Stall) 980M(96%)->944M(92%)
[1187,901s][info][gc] Allocation Stall (main) 455,837ms
[1187,915s][info][gc] GC(2372) Garbage Collection (Allocation Stall) 1014M(99%)->918M(90%)
[1188,411s][info][gc] Allocation Stall (main) 447,731ms
[1188,436s][info][gc] GC(2373) Garbage Collection (Allocation Stall) 976M(95%)->962M(94%)
[1188,923s][info][gc] Allocation Stall (main) 455,584ms
[1188,937s][info][gc] GC(2374) Garbage Collection (Allocation Stall) 968M(95%)->944M(92%)
[1189,411s][info][gc] Allocation Stall (main) 433,078ms
[1189,422s][info][gc] GC(2375) Garbage Collection (Allocation Stall) 956M(93%)->954M(93%)
[1189,907s][info][gc] Allocation Stall (main) 451,129ms
[1189,914s][info][gc] GC(2376) Garbage Collection (Allocation Stall) 998M(97%)->912M(89%)
[1190,396s][info][gc] Allocation Stall (main) 430,983ms
[1190,404s][info][gc] GC(2377) Garbage Collection (Allocation Stall) 976M(95%)->940M(92%)
[1190,901s][info][gc] Allocation Stall (main) 458,309ms
[1190,912s][info][gc] GC(2378) Garbage Collection (Allocation Stall) 1024M(100%)->902M(88%)
[1191,412s][info][gc] Relocation Stall (main) 6,761ms
[1191,412s][info][gc] Allocation Stall (main) 444,218ms
[1191,422s][info][gc] GC(2379) Garbage Collection (Allocation Rate) 966M(94%)->952M(93%)
[1191,918s][info][gc] Allocation Stall (main) 462,713ms
[1191,928s][info][gc] GC(2380) Garbage Collection (Allocation Stall) 998M(97%)->924M(90%)
[1192,396s][info][gc] Allocation Stall (main) 422,015ms
[1192,407s][info][gc] GC(2381) Garbage Collection (Allocation Stall) 958M(94%)->966M(94%)
[1192,891s][info][gc] Allocation Stall (main) 457,274ms
[1192,908s][info][gc] GC(2382) Garbage Collection (Allocation Stall) 1024M(100%)->912M(89%)
[1193,414s][info][gc] Allocation Stall (main) 456,371ms
[1193,440s][info][gc] GC(2383) Garbage Collection (Allocation Rate) 992M(97%)->952M(93%)
[1193,961s][info][gc] Relocation Stall (main) 5,263ms
[1193,961s][info][gc] Allocation Stall (main) 487,260ms
[1193,967s][info][gc] GC(2384) Garbage Collection (Allocation Stall) 1024M(100%)->888M(87%)
[1194,487s][info][gc] Relocation Stall (main) 4,627ms
[1194,487s][info][gc] Allocation Stall (main) 462,025ms
[1194,500s][info][gc] GC(2385) Garbage Collection (Allocation Stall) 1024M(100%)->902M(88%)
[1195,013s][info][gc] Allocation Stall (main) 459,501ms
[1195,025s][info][gc] GC(2386) Garbage Collection (Allocation Rate) 1000M(98%)->930M(91%)
[1195,507s][info][gc] Allocation Stall (main) 437,909ms
[1195,516s][info][gc] GC(2387) Garbage Collection (Allocation Stall) 968M(95%)->954M(93%)
[1196,007s][info][gc] Relocation Stall (main) 3,428ms
[1196,008s][info][gc] Allocation Stall (main) 459,325ms
[1196,025s][info][gc] GC(2388) Garbage Collection (Allocation Stall) 1014M(99%)->916M(89%)
[1196,524s][info][gc] Allocation Stall (main) 448,703ms
[1196,538s][info][gc] GC(2389) Garbage Collection (Allocation Stall) 956M(93%)->966M(94%)
[1197,013s][info][gc] Allocation Stall (main) 445,835ms
[1197,019s][info][gc] GC(2390) Garbage Collection (Allocation Stall) 974M(95%)->938M(92%)
[1197,500s][info][gc] Allocation Stall (main) 441,747ms
[1197,518s][info][gc] GC(2391) Garbage Collection (Allocation Stall) 990M(97%)->940M(92%)
[1198,010s][info][gc] Allocation Stall (main) 453,284ms
[1198,030s][info][gc] GC(2392) Garbage Collection (Allocation Stall) 984M(96%)->944M(92%)
[1198,517s][info][gc] Allocation Stall (main) 447,371ms
[1198,524s][info][gc] GC(2393) Garbage Collection (Allocation Stall) 964M(94%)->942M(92%)
[1198,993s][info][gc] Allocation Stall (main) 430,450ms
[1199,010s][info][gc] GC(2394) Garbage Collection (Allocation Stall) 974M(95%)->950M(93%)
[1199,512s][info][gc] Allocation Stall (main) 468,672ms
[1199,528s][info][gc] GC(2395) Garbage Collection (Allocation Stall) 1016M(99%)->908M(89%)
[1200,012s][info][gc] Allocation Stall (main) 428,511ms
[1200,016s][info][gc] GC(2396) Garbage Collection (Allocation Stall) 938M(92%)->968M(95%)
[1200,499s][info][gc] Relocation Stall (main) 4,499ms
[1200,499s][info][gc] Allocation Stall (main) 455,673ms
[1200,513s][info][gc] GC(2397) Garbage Collection (Allocation Stall) 1024M(100%)->900M(88%)
[1201,016s][info][gc] Allocation Stall (main) 446,893ms
[1201,022s][info][gc] GC(2398) Garbage Collection (Allocation Rate) 968M(95%)->944M(92%)
[1201,498s][info][gc] Allocation Stall (main) 438,964ms
[1201,510s][info][gc] GC(2399) Garbage Collection (Allocation Stall) 988M(96%)->934M(91%)
[1202,005s][info][gc] Allocation Stall (main) 454,617ms
[1202,014s][info][gc] GC(2400) Garbage Collection (Allocation Stall) 1008M(98%)->916M(89%)
[1202,501s][info][gc] Allocation Stall (main) 438,175ms
[1202,516s][info][gc] GC(2401) Garbage Collection (Allocation Stall) 982M(96%)->952M(93%)
[1203,011s][info][gc] Allocation Stall (main) 463,384ms
[1203,024s][info][gc] GC(2402) Garbage Collection (Allocation Stall) 1014M(99%)->918M(90%)
[1203,507s][info][gc] Allocation Stall (main) 433,788ms
[1203,522s][info][gc] GC(2403) Garbage Collection (Allocation Stall) 960M(94%)->968M(95%)
[1204,017s][info][gc] Allocation Stall (main) 469,589ms
[1204,026s][info][gc] GC(2404) Garbage Collection (Allocation Stall) 1016M(99%)->910M(89%)
[1204,507s][info][gc] Allocation Stall (main) 424,909ms
[1204,527s][info][gc] GC(2405) Garbage Collection (Allocation Stall) 936M(91%)->996M(97%)
[1205,021s][info][gc] Relocation Stall (main) 5,204ms
[1205,022s][info][gc] Allocation Stall (main) 481,699ms
[1205,023s][info][gc] GC(2406) Garbage Collection (Allocation Stall) 1024M(100%)->884M(86%)
[1205,495s][info][gc] Relocation Stall (main) 1,099ms
[1205,495s][info][gc] Allocation Stall (main) 402,120ms
[1205,507s][info][gc] GC(2407) Garbage Collection (Allocation Rate) 918M(90%)->1002M(98%)
[1205,989s][info][gc] Relocation Stall (main) 4,994ms
[1205,989s][info][gc] Allocation Stall (main) 470,644ms
[1205,993s][info][gc] GC(2408) Garbage Collection (Allocation Stall) 1024M(100%)->886M(87%)
[1206,499s][info][gc] Relocation Stall (main) 3,307ms
[1206,499s][info][gc] Allocation Stall (main) 446,479ms
[1206,516s][info][gc] GC(2409) Garbage Collection (Allocation Rate) 994M(97%)->934M(91%)
[1207,028s][info][gc] Allocation Stall (main) 472,061ms
[1207,057s][info][gc] GC(2410) Garbage Collection (Allocation Stall) 996M(97%)->942M(92%)
[1207,609s][info][gc] Allocation Stall (main) 514,197ms
[1207,621s][info][gc] GC(2411) Garbage Collection (Allocation Stall) 1024M(100%)->892M(87%)
[1208,101s][info][gc] Allocation Stall (main) 417,275ms
[1208,108s][info][gc] GC(2412) Garbage Collection (Allocation Rate) 938M(92%)->970M(95%)
[1208,588s][info][gc] Allocation Stall (main) 454,190ms
[1208,596s][info][gc] GC(2413) Garbage Collection (Allocation Stall) 1024M(100%)->896M(88%)
[1209,093s][info][gc] Allocation Stall (main) 441,054ms
[1209,106s][info][gc] GC(2414) Garbage Collection (Allocation Rate) 994M(97%)->934M(91%)
[1209,620s][info][gc] Relocation Stall (main) 11,805ms
[1209,620s][info][gc] Allocation Stall (main) 472,750ms
[1209,624s][info][gc] GC(2415) Garbage Collection (Allocation Stall) 1016M(99%)->896M(88%)
[1210,107s][info][gc] Allocation Stall (main) 419,691ms
[1210,120s][info][gc] GC(2416) Garbage Collection (Allocation Stall) 926M(90%)->996M(97%)
[1210,598s][info][gc] Allocation Stall (main) 464,166ms
[1210,612s][info][gc] GC(2417) Garbage Collection (Allocation Stall) 1024M(100%)->904M(88%)
[1211,113s][info][gc] Allocation Stall (main) 446,627ms
[1211,129s][info][gc] GC(2418) Garbage Collection (Allocation Rate) 972M(95%)->954M(93%)
[1211,617s][info][gc] Allocation Stall (main) 454,683ms
[1211,632s][info][gc] GC(2419) Garbage Collection (Allocation Stall) 984M(96%)->938M(92%)
[1212,113s][info][gc] Allocation Stall (main) 438,588ms
[1212,118s][info][gc] GC(2420) Garbage Collection (Allocation Stall) 962M(94%)->948M(93%)
[1212,601s][info][gc] Allocation Stall (main) 446,897ms
[1212,618s][info][gc] GC(2421) Garbage Collection (Allocation Stall) 1000M(98%)->932M(91%)
[1213,106s][info][gc] Allocation Stall (main) 446,159ms
[1213,114s][info][gc] GC(2422) Garbage Collection (Allocation Stall) 982M(96%)->938M(92%)
[1213,592s][info][gc] Allocation Stall (main) 438,886ms
[1213,612s][info][gc] GC(2423) Garbage Collection (Allocation Stall) 992M(97%)->946M(92%)
[1214,120s][info][gc] Allocation Stall (main) 472,853ms
[1214,130s][info][gc] GC(2424) Garbage Collection (Allocation Stall) 1016M(99%)->908M(89%)
[1214,607s][info][gc] Allocation Stall (main) 419,631ms
[1214,625s][info][gc] GC(2425) Garbage Collection (Allocation Stall) 936M(91%)->992M(97%)
[1215,121s][info][gc] Allocation Stall (main) 481,154ms
[1215,135s][info][gc] GC(2426) Garbage Collection (Allocation Stall) 1024M(100%)->904M(88%)
[1215,604s][info][gc] Allocation Stall (main) 403,109ms
[1215,615s][info][gc] GC(2427) Garbage Collection (Allocation Rate) 916M(89%)->1000M(98%)
[1216,096s][info][gc] Allocation Stall (main) 469,037ms
[1216,104s][info][gc] GC(2428) Garbage Collection (Allocation Stall) 1024M(100%)->896M(88%)
[1216,600s][info][gc] Allocation Stall (main) 438,864ms
[1216,621s][info][gc] GC(2429) Garbage Collection (Allocation Rate) 984M(96%)->954M(93%)
[1217,125s][info][gc] Allocation Stall (main) 472,731ms
[1217,135s][info][gc] GC(2430) Garbage Collection (Allocation Stall) 1004M(98%)->918M(90%)
[1217,602s][info][gc] Allocation Stall (main) 413,303ms
[1217,618s][info][gc] GC(2431) Garbage Collection (Allocation Stall) 934M(91%)->990M(97%)
[1218,104s][info][gc] Allocation Stall (main) 469,134ms
[1218,112s][info][gc] GC(2432) Garbage Collection (Allocation Stall) 1024M(100%)->892M(87%)
[1218,598s][info][gc] Relocation Stall (main) 0,636ms
[1218,598s][info][gc] Allocation Stall (main) 427,585ms
[1218,614s][info][gc] GC(2433) Garbage Collection (Allocation Rate) 964M(94%)->962M(94%)
[1219,113s][info][gc] Allocation Stall (main) 470,635ms
[1219,127s][info][gc] GC(2434) Garbage Collection (Allocation Stall) 1024M(100%)->904M(88%)
[1219,606s][info][gc] Allocation Stall (main) 422,716ms
[1219,620s][info][gc] GC(2435) Garbage Collection (Allocation Rate) 940M(92%)->982M(96%)
[1220,107s][info][gc] Allocation Stall (main) 466,801ms
[1220,116s][info][gc] GC(2436) Garbage Collection (Allocation Stall) 1024M(100%)->896M(88%)
[1220,597s][info][gc] Allocation Stall (main) 421,277ms
[1220,615s][info][gc] GC(2437) Garbage Collection (Allocation Rate) 946M(92%)->982M(96%)
[1221,118s][info][gc] Relocation Stall (main) 5,287ms
[1221,118s][info][gc] Allocation Stall (main) 484,153ms
[1221,124s][info][gc] GC(2438) Garbage Collection (Allocation Stall) 1024M(100%)->888M(87%)
[1221,601s][info][gc] Allocation Stall (main) 412,862ms
[1221,609s][info][gc] GC(2439) Garbage Collection (Allocation Rate) 932M(91%)->982M(96%)
[1222,088s][info][gc] Allocation Stall (main) 458,508ms
[1222,101s][info][gc] GC(2440) Garbage Collection (Allocation Stall) 1024M(100%)->904M(88%)
[1222,619s][info][gc] Allocation Stall (main) 467,871ms
[1222,647s][info][gc] GC(2441) Garbage Collection (Allocation Rate) 1004M(98%)->940M(92%)
[1223,176s][info][gc] Allocation Stall (main) 493,408ms
[1223,184s][info][gc] GC(2442) Garbage Collection (Allocation Stall) 1024M(100%)->894M(87%)
[1223,707s][info][gc] Relocation Stall (main) 5,108ms
[1223,707s][info][gc] Allocation Stall (main) 467,005ms
[1223,726s][info][gc] GC(2443) Garbage Collection (Allocation Stall) 1024M(100%)->906M(88%)
[1224,230s][info][gc] Allocation Stall (main) 447,803ms
[1224,241s][info][gc] GC(2444) Garbage Collection (Allocation Rate) 944M(92%)->968M(95%)
[1224,730s][info][gc] Relocation Stall (main) 5,304ms
[1224,730s][info][gc] Allocation Stall (main) 463,532ms
[1224,736s][info][gc] GC(2445) Garbage Collection (Allocation Stall) 1024M(100%)->884M(86%)
[1225,202s][info][gc] Allocation Stall (main) 394,796ms
[1225,217s][info][gc] GC(2446) Garbage Collection (Allocation Rate) 898M(88%)->1020M(100%)
[1225,686s][info][gc] Allocation Stall (main) 466,702ms
[1225,692s][info][gc] GC(2447) Garbage Collection (Allocation Stall) 1024M(100%)->888M(87%)
[1226,243s][info][gc] Allocation Stall (main) 493,298ms
[1226,266s][info][gc] GC(2448) Garbage Collection (Allocation Rate) 1010M(99%)->926M(90%)
[1226,788s][info][gc] Allocation Stall (main) 480,052ms
[1226,800s][info][gc] GC(2449) Garbage Collection (Allocation Stall) 1024M(100%)->896M(88%)
[1227,300s][info][gc] Allocation Stall (main) 443,794ms
[1227,322s][info][gc] GC(2450) Garbage Collection (Allocation Rate) 994M(97%)->940M(92%)
[1227,822s][info][gc] Allocation Stall (main) 462,634ms
[1227,831s][info][gc] GC(2451) Garbage Collection (Allocation Stall) 988M(96%)->924M(90%)
[1228,303s][info][gc] Relocation Stall (main) 2,511ms
[1228,303s][info][gc] Allocation Stall (main) 423,779ms
[1228,308s][info][gc] GC(2452) Garbage Collection (Allocation Stall) 950M(93%)->958M(94%)
[1228,796s][info][gc] Allocation Stall (main) 457,008ms
[1228,809s][info][gc] GC(2453) Garbage Collection (Allocation Stall) 1024M(100%)->904M(88%)
[1229,306s][info][gc] Allocation Stall (main) 444,653ms
[1229,322s][info][gc] GC(2454) Garbage Collection (Allocation Rate) 984M(96%)->946M(92%)
[1229,817s][info][gc] Relocation Stall (main) 4,214ms
[1229,817s][info][gc] Allocation Stall (main) 459,681ms
[1229,825s][info][gc] GC(2455) Garbage Collection (Allocation Stall) 992M(97%)->922M(90%)
[1230,304s][info][gc] Allocation Stall (main) 430,655ms
[1230,314s][info][gc] GC(2456) Garbage Collection (Allocation Stall) 960M(94%)->960M(94%)
[1230,803s][info][gc] Allocation Stall (main) 459,301ms
[1230,816s][info][gc] GC(2457) Garbage Collection (Allocation Stall) 1024M(100%)->904M(88%)
[1231,310s][info][gc] Allocation Stall (main) 439,416ms
[1231,319s][info][gc] GC(2458) Garbage Collection (Allocation Stall) 960M(94%)->960M(94%)
[1231,800s][info][gc] Allocation Stall (main) 451,782ms
[1231,810s][info][gc] GC(2459) Garbage Collection (Allocation Stall) 1006M(98%)->924M(90%)
[1232,300s][info][gc] Allocation Stall (main) 443,822ms
[1232,326s][info][gc] GC(2460) Garbage Collection (Allocation Stall) 988M(96%)->958M(94%)
[1232,832s][info][gc] Relocation Stall (main) 4,190ms
[1232,832s][info][gc] Allocation Stall (main) 475,970ms
[1232,836s][info][gc] GC(2461) Garbage Collection (Allocation Stall) 996M(97%)->912M(89%)
[1233,297s][info][gc] Allocation Stall (main) 404,104ms
[1233,300s][info][gc] GC(2462) Garbage Collection (Allocation Stall) 928M(91%)->986M(96%)
[1233,775s][info][gc] Relocation Stall (main) 4,543ms
[1233,775s][info][gc] Allocation Stall (main) 455,988ms
[1233,787s][info][gc] GC(2463) Garbage Collection (Allocation Stall) 1024M(100%)->904M(88%)
[1234,306s][info][gc] Allocation Stall (main) 467,811ms
[1234,316s][info][gc] GC(2464) Garbage Collection (Allocation Stall) 1024M(100%)->906M(88%)
[1234,796s][info][gc] Allocation Stall (main) 426,070ms
[1234,812s][info][gc] GC(2465) Garbage Collection (Allocation Rate) 966M(94%)->970M(95%)
[1235,313s][info][gc] Allocation Stall (main) 474,989ms
[1235,327s][info][gc] GC(2466) Garbage Collection (Allocation Stall) 1024M(100%)->910M(89%)
[1235,806s][info][gc] Allocation Stall (main) 424,589ms
[1235,823s][info][gc] GC(2467) Garbage Collection (Allocation Rate) 944M(92%)->984M(96%)
[1236,315s][info][gc] Relocation Stall (main) 4,932ms
[1236,315s][info][gc] Allocation Stall (main) 473,230ms
[1236,326s][info][gc] GC(2468) Garbage Collection (Allocation Stall) 1024M(100%)->900M(88%)
[1236,814s][info][gc] Allocation Stall (main) 428,293ms
[1236,829s][info][gc] GC(2469) Garbage Collection (Allocation Rate) 936M(91%)->984M(96%)
[1237,308s][info][gc] Allocation Stall (main) 459,716ms
[1237,315s][info][gc] GC(2470) Garbage Collection (Allocation Stall) 1004M(98%)->910M(89%)
[1237,796s][info][gc] Allocation Stall (main) 428,658ms
[1237,822s][info][gc] GC(2471) Garbage Collection (Allocation Stall) 964M(94%)->974M(95%)
[1238,336s][info][gc] Allocation Stall (main) 492,426ms
[1238,345s][info][gc] GC(2472) Garbage Collection (Allocation Stall) 1024M(100%)->888M(87%)
[1238,864s][info][gc] Allocation Stall (main) 461,477ms
[1238,888s][info][gc] GC(2473) Garbage Collection (Allocation Stall) 1024M(100%)->916M(89%)
[1239,417s][info][gc] Relocation Stall (main) 5,372ms
[1239,417s][info][gc] Allocation Stall (main) 484,071ms
[1239,420s][info][gc] GC(2474) Garbage Collection (Allocation Stall) 1024M(100%)->882M(86%)
[1239,902s][info][gc] Allocation Stall (main) 413,992ms
[1239,919s][info][gc] GC(2475) Garbage Collection (Allocation Rate) 926M(90%)->998M(97%)
[1240,403s][info][gc] Allocation Stall (main) 471,618ms
[1240,412s][info][gc] GC(2476) Garbage Collection (Allocation Stall) 1024M(100%)->892M(87%)
[1240,900s][info][gc] Allocation Stall (main) 429,080ms
[1240,917s][info][gc] GC(2477) Garbage Collection (Allocation Rate) 962M(94%)->966M(94%)
[1241,423s][info][gc] Allocation Stall (main) 479,061ms
[1241,438s][info][gc] GC(2478) Garbage Collection (Allocation Stall) 1024M(100%)->904M(88%)
[1241,914s][info][gc] Allocation Stall (main) 415,810ms
[1241,936s][info][gc] GC(2479) Garbage Collection (Allocation Rate) 916M(89%)->1006M(98%)
[1242,430s][info][gc] Allocation Stall (main) 484,763ms
[1242,436s][info][gc] GC(2480) Garbage Collection (Allocation Stall) 1020M(100%)->886M(87%)
[1242,896s][info][gc] Relocation Stall (main) 1,112ms
[1242,896s][info][gc] Allocation Stall (main) 390,547ms
[1242,903s][info][gc] GC(2481) Garbage Collection (Allocation Stall) 902M(88%)->1000M(98%)
[1243,380s][info][gc] Relocation Stall (main) 5,240ms
[1243,380s][info][gc] Allocation Stall (main) 464,699ms
[1243,387s][info][gc] GC(2482) Garbage Collection (Allocation Stall) 1024M(100%)->886M(87%)
[1243,908s][info][gc] Allocation Stall (main) 462,016ms
[1243,917s][info][gc] GC(2483) Garbage Collection (Allocation Rate) 1018M(99%)->900M(88%)
[1244,398s][info][gc] Allocation Stall (main) 424,217ms
[1244,419s][info][gc] GC(2484) Garbage Collection (Allocation Stall) 952M(93%)->978M(96%)
[1244,917s][info][gc] Allocation Stall (main) 476,808ms
[1244,925s][info][gc] GC(2485) Garbage Collection (Allocation Stall) 1024M(100%)->892M(87%)
[1245,395s][info][gc] Allocation Stall (main) 405,475ms
[1245,404s][info][gc] GC(2486) Garbage Collection (Allocation Rate) 928M(91%)->992M(97%)
[1245,888s][info][gc] Relocation Stall (main) 5,272ms
[1245,888s][info][gc] Allocation Stall (main) 467,596ms
[1245,902s][info][gc] GC(2487) Garbage Collection (Allocation Stall) 1024M(100%)->900M(88%)
[1246,422s][info][gc] Allocation Stall (main) 467,289ms
[1246,445s][info][gc] GC(2488) Garbage Collection (Allocation Rate) 996M(97%)->938M(92%)
[1246,972s][info][gc] Relocation Stall (main) 5,550ms
[1246,972s][info][gc] Allocation Stall (main) 488,481ms
[1246,976s][info][gc] GC(2489) Garbage Collection (Allocation Stall) 1024M(100%)->880M(86%)
[1247,496s][info][gc] Allocation Stall (main) 459,096ms
[1247,511s][info][gc] GC(2490) Garbage Collection (Allocation Stall) 1024M(100%)->906M(88%)
[1248,006s][info][gc] Allocation Stall (main) 441,538ms
[1248,014s][info][gc] GC(2491) Garbage Collection (Allocation Rate) 978M(96%)->942M(92%)
[1248,520s][info][gc] Relocation Stall (main) 13,576ms
[1248,520s][info][gc] Allocation Stall (main) 467,907ms
[1248,524s][info][gc] GC(2492) Garbage Collection (Allocation Stall) 1006M(98%)->904M(88%)
[1249,013s][info][gc] Allocation Stall (main) 432,282ms
[1249,022s][info][gc] GC(2493) Garbage Collection (Allocation Stall) 944M(92%)->974M(95%)
[1249,504s][info][gc] Allocation Stall (main) 458,778ms
[1249,515s][info][gc] GC(2494) Garbage Collection (Allocation Stall) 1020M(100%)->908M(89%)
[1250,004s][info][gc] Allocation Stall (main) 436,522ms
[1250,017s][info][gc] GC(2495) Garbage Collection (Allocation Stall) 970M(95%)->960M(94%)
[1250,516s][info][gc] Allocation Stall (main) 469,606ms
[1250,538s][info][gc] GC(2496) Garbage Collection (Allocation Stall) 1018M(99%)->924M(90%)
[1251,029s][info][gc] Allocation Stall (main) 441,054ms
[1251,033s][info][gc] GC(2497) Garbage Collection (Allocation Stall) 936M(91%)->974M(95%)
[1251,508s][info][gc] Allocation Stall (main) 447,342ms
[1251,517s][info][gc] GC(2498) Garbage Collection (Allocation Stall) 994M(97%)->930M(91%)
[1252,001s][info][gc] Allocation Stall (main) 443,141ms
[1252,021s][info][gc] GC(2499) Garbage Collection (Allocation Stall) 990M(97%)->948M(93%)
[1252,516s][info][gc] Allocation Stall (main) 460,692ms
[1252,534s][info][gc] GC(2500) Garbage Collection (Allocation Stall) 996M(97%)->934M(91%)
[1253,014s][info][gc] Allocation Stall (main) 434,670ms
[1253,024s][info][gc] GC(2501) Garbage Collection (Allocation Stall) 952M(93%)->962M(94%)
[1253,503s][info][gc] Allocation Stall (main) 450,378ms
[1253,512s][info][gc] GC(2502) Garbage Collection (Allocation Stall) 1002M(98%)->916M(89%)
[1253,998s][info][gc] Allocation Stall (main) 436,326ms
[1254,007s][info][gc] GC(2503) Garbage Collection (Allocation Stall) 978M(96%)->946M(92%)
[1254,501s][info][gc] Allocation Stall (main) 457,536ms
[1254,520s][info][gc] GC(2504) Garbage Collection (Allocation Stall) 1024M(100%)->914M(89%)
[1255,021s][info][gc] Allocation Stall (main) 449,732ms
[1255,035s][info][gc] GC(2505) Garbage Collection (Allocation Rate) 964M(94%)->960M(94%)
[1255,505s][info][gc] Allocation Stall (main) 437,736ms
[1255,525s][info][gc] GC(2506) Garbage Collection (Allocation Stall) 968M(95%)->960M(94%)
[1256,026s][info][gc] Relocation Stall (main) 4,202ms
[1256,026s][info][gc] Allocation Stall (main) 471,566ms
[1256,031s][info][gc] GC(2507) Garbage Collection (Allocation Stall) 1000M(98%)->902M(88%)
[1256,506s][info][gc] Allocation Stall (main) 414,387ms
[1256,514s][info][gc] GC(2508) Garbage Collection (Allocation Stall) 928M(91%)->980M(96%)
[1256,995s][info][gc] Allocation Stall (main) 460,106ms
[1257,006s][info][gc] GC(2509) Garbage Collection (Allocation Stall) 1024M(100%)->898M(88%)
[1257,513s][info][gc] Allocation Stall (main) 450,597ms
[1257,537s][info][gc] GC(2510) Garbage Collection (Allocation Rate) 980M(96%)->958M(94%)
[1258,028s][info][gc] Allocation Stall (main) 457,931ms
[1258,034s][info][gc] GC(2511) Garbage Collection (Allocation Stall) 970M(95%)->936M(91%)
[1258,494s][info][gc] Allocation Stall (main) 416,768ms
[1258,509s][info][gc] GC(2512) Garbage Collection (Allocation Stall) 956M(93%)->966M(94%)
[1259,000s][info][gc] Allocation Stall (main) 464,375ms
[1259,010s][info][gc] GC(2513) Garbage Collection (Allocation Stall) 1024M(100%)->896M(88%)
[1259,506s][info][gc] Relocation Stall (main) 3,302ms
[1259,506s][info][gc] Allocation Stall (main) 439,130ms
[1259,515s][info][gc] GC(2514) Garbage Collection (Allocation Rate) 970M(95%)->950M(93%)
[1260,009s][info][gc] Allocation Stall (main) 458,830ms
[1260,034s][info][gc] GC(2515) Garbage Collection (Allocation Stall) 1010M(99%)->932M(91%)
[1260,525s][info][gc] Allocation Stall (main) 444,640ms
[1260,530s][info][gc] GC(2516) Garbage Collection (Allocation Stall) 942M(92%)->962M(94%)
[1260,997s][info][gc] Allocation Stall (main) 436,067ms
[1261,010s][info][gc] GC(2517) Garbage Collection (Allocation Stall) 988M(96%)->936M(91%)
[1261,506s][info][gc] Allocation Stall (main) 455,843ms
[1261,518s][info][gc] GC(2518) Garbage Collection (Allocation Stall) 1008M(98%)->916M(89%)
[1262,002s][info][gc] Allocation Stall (main) 434,902ms
[1262,006s][info][gc] Allocation Stall (main) 3,339ms
[1262,026s][info][gc] GC(2519) Garbage Collection (Allocation Stall) 972M(95%)->962M(94%)
[1262,521s][info][gc] Allocation Stall (main) 466,166ms
[1262,532s][info][gc] GC(2520) Garbage Collection (Allocation Stall) 1000M(98%)->918M(90%)
[1263,003s][info][gc] Allocation Stall (main) 418,922ms
[1263,011s][info][gc] GC(2521) Garbage Collection (Allocation Stall) 942M(92%)->970M(95%)
[1263,493s][info][gc] Allocation Stall (main) 457,199ms
[1263,501s][info][gc] GC(2522) Garbage Collection (Allocation Stall) 1024M(100%)->900M(88%)
[1263,993s][info][gc] Allocation Stall (main) 436,206ms
[1264,012s][info][gc] GC(2523) Garbage Collection (Allocation Rate) 984M(96%)->954M(93%)
[1264,520s][info][gc] Allocation Stall (main) 477,373ms
[1264,538s][info][gc] GC(2524) Garbage Collection (Allocation Stall) 1024M(100%)->910M(89%)
[1265,007s][info][gc] Allocation Stall (main) 411,142ms
[1265,027s][info][gc] GC(2525) Garbage Collection (Allocation Stall) 914M(89%)->1012M(99%)
[1265,510s][info][gc] Allocation Stall (main) 477,446ms
[1265,527s][info][gc] GC(2526) Garbage Collection (Allocation Stall) 1024M(100%)->900M(88%)
[1266,011s][info][gc] Allocation Stall (main) 425,231ms
[1266,016s][info][gc] GC(2527) Garbage Collection (Allocation Rate) 928M(91%)->974M(95%)
[1266,495s][info][gc] Allocation Stall (main) 454,755ms
[1266,502s][info][gc] GC(2528) Garbage Collection (Allocation Stall) 1024M(100%)->894M(87%)
[1267,001s][info][gc] Allocation Stall (main) 442,907ms
[1267,013s][info][gc] GC(2529) Garbage Collection (Allocation Rate) 984M(96%)->944M(92%)
[1267,527s][info][gc] Relocation Stall (main) 12,887ms
[1267,527s][info][gc] Allocation Stall (main) 478,216ms
[1267,536s][info][gc] GC(2530) Garbage Collection (Allocation Stall) 1012M(99%)->904M(88%)
[1268,023s][info][gc] Allocation Stall (main) 426,415ms
[1268,026s][info][gc] GC(2531) Garbage Collection (Allocation Stall) 916M(89%)->990M(97%)
[1268,501s][info][gc] Allocation Stall (main) 457,782ms
[1268,517s][info][gc] GC(2532) Garbage Collection (Allocation Stall) 1024M(100%)->912M(89%)
[1269,009s][info][gc] Allocation Stall (main) 441,437ms
[1269,017s][info][gc] GC(2533) Garbage Collection (Allocation Rate) 970M(95%)->948M(93%)
[1269,501s][info][gc] Allocation Stall (main) 449,869ms
[1269,524s][info][gc] GC(2534) Garbage Collection (Allocation Stall) 996M(97%)->944M(92%)
[1270,017s][info][gc] Allocation Stall (main) 457,529ms
[1270,026s][info][gc] GC(2535) Garbage Collection (Allocation Stall) 988M(96%)->930M(91%)
[1270,492s][info][gc] Allocation Stall (main) 420,815ms
[1270,503s][info][gc] GC(2536) Garbage Collection (Allocation Stall) 958M(94%)->964M(94%)
[1271,002s][info][gc] Allocation Stall (main) 471,203ms
[1271,019s][info][gc] GC(2537) Garbage Collection (Allocation Stall) 1024M(100%)->910M(89%)
[1271,514s][info][gc] Allocation Stall (main) 443,303ms
[1271,531s][info][gc] GC(2538) Garbage Collection (Allocation Rate) 964M(94%)->964M(94%)
[1272,016s][info][gc] Allocation Stall (main) 455,905ms
[1272,038s][info][gc] GC(2539) Garbage Collection (Allocation Stall) 990M(97%)->942M(92%)
[1272,531s][info][gc] Allocation Stall (main) 450,934ms
[1272,536s][info][gc] GC(2540) Garbage Collection (Allocation Stall) 952M(93%)->952M(93%)
[1272,993s][info][gc] Allocation Stall (main) 420,821ms
[1273,002s][info][gc] GC(2541) Garbage Collection (Allocation Stall) 962M(94%)->952M(93%)
[1273,496s][info][gc] Allocation Stall (main) 460,816ms
[1273,514s][info][gc] GC(2542) Garbage Collection (Allocation Stall) 1024M(100%)->910M(89%)
[1274,014s][info][gc] Allocation Stall (main) 448,511ms
[1274,020s][info][gc] GC(2543) Garbage Collection (Allocation Rate) 974M(95%)->940M(92%)
[1274,498s][info][gc] Allocation Stall (main) 438,221ms
[1274,520s][info][gc] GC(2544) Garbage Collection (Allocation Stall) 988M(96%)->950M(93%)
[1275,026s][info][gc] Allocation Stall (main) 472,768ms
[1275,041s][info][gc] GC(2545) Garbage Collection (Allocation Stall) 996M(97%)->924M(90%)
[1275,557s][info][gc] Allocation Stall (main) 471,398ms
[1275,566s][info][gc] GC(2546) Garbage Collection (Allocation Stall) 1024M(100%)->896M(88%)
[1276,081s][info][gc] Allocation Stall (main) 461,152ms
[1276,095s][info][gc] GC(2547) Garbage Collection (Allocation Stall) 1024M(100%)->908M(89%)
[1276,611s][info][gc] Allocation Stall (main) 466,192ms
[1276,628s][info][gc] GC(2548) Garbage Collection (Allocation Rate) 1020M(100%)->916M(89%)
[1277,110s][info][gc] Allocation Stall (main) 431,504ms
[1277,126s][info][gc] GC(2549) Garbage Collection (Allocation Stall) 948M(93%)->978M(96%)
[1277,611s][info][gc] Allocation Stall (main) 463,812ms
[1277,621s][info][gc] GC(2550) Garbage Collection (Allocation Stall) 1016M(99%)->908M(89%)
[1278,096s][info][gc] Allocation Stall (main) 420,067ms
[1278,107s][info][gc] GC(2551) Garbage Collection (Allocation Stall) 956M(93%)->966M(94%)
[1278,599s][info][gc] Allocation Stall (main) 465,513ms
[1278,613s][info][gc] GC(2552) Garbage Collection (Allocation Stall) 1024M(100%)->908M(89%)
[1279,099s][info][gc] Allocation Stall (main) 433,430ms
[1279,110s][info][gc] GC(2553) Garbage Collection (Allocation Rate) 964M(94%)->960M(94%)
[1279,609s][info][gc] Allocation Stall (main) 468,008ms
[1279,623s][info][gc] GC(2554) Garbage Collection (Allocation Stall) 1024M(100%)->910M(89%)
[1280,103s][info][gc] Allocation Stall (main) 425,295ms
[1280,124s][info][gc] GC(2555) Garbage Collection (Allocation Rate) 944M(92%)->988M(96%)
[1280,622s][info][gc] Allocation Stall (main) 480,525ms
[1280,631s][info][gc] GC(2556) Garbage Collection (Allocation Stall) 1024M(100%)->898M(88%)
[1281,101s][info][gc] Allocation Stall (main) 407,143ms
[1281,113s][info][gc] GC(2557) Garbage Collection (Allocation Rate) 922M(90%)->996M(97%)
[1281,590s][info][gc] Allocation Stall (main) 462,612ms
[1281,608s][info][gc] GC(2558) Garbage Collection (Allocation Stall) 1024M(100%)->906M(88%)
[1282,117s][info][gc] Allocation Stall (main) 458,422ms
[1282,125s][info][gc] GC(2559) Garbage Collection (Allocation Rate) 988M(96%)->930M(91%)
[1282,608s][info][gc] Allocation Stall (main) 438,122ms
[1282,634s][info][gc] GC(2560) Garbage Collection (Allocation Stall) 970M(95%)->966M(94%)
[1283,138s][info][gc] Allocation Stall (main) 473,564ms
[1283,144s][info][gc] GC(2561) Garbage Collection (Allocation Stall) 986M(96%)->920M(90%)
[1283,650s][info][gc] Relocation Stall (main) 4,160ms
[1283,650s][info][gc] Allocation Stall (main) 458,639ms
[1283,657s][info][gc] GC(2562) Garbage Collection (Allocation Stall) 1024M(100%)->890M(87%)
[1284,179s][info][gc] Allocation Stall (main) 465,551ms
[1284,206s][info][gc] GC(2563) Garbage Collection (Allocation Stall) 1024M(100%)->920M(90%)
[1284,736s][info][gc] Allocation Stall (main) 485,350ms
[1284,748s][info][gc] GC(2564) Garbage Collection (Allocation Rate) 1008M(98%)->910M(89%)
[1285,266s][info][gc] Relocation Stall (main) 4,208ms
[1285,266s][info][gc] Allocation Stall (main) 467,985ms
[1285,273s][info][gc] GC(2565) Garbage Collection (Allocation Stall) 1024M(100%)->888M(87%)
[1285,794s][info][gc] Allocation Stall (main) 463,461ms
[1285,815s][info][gc] GC(2566) Garbage Collection (Allocation Stall) 1024M(100%)->914M(89%)
[1286,323s][info][gc] Relocation Stall (main) 3,487ms
[1286,323s][info][gc] Allocation Stall (main) 458,201ms
[1286,325s][info][gc] GC(2567) Garbage Collection (Allocation Rate) 974M(95%)->930M(91%)
[1286,800s][info][gc] Relocation Stall (main) 3,893ms
[1286,800s][info][gc] Allocation Stall (main) 431,396ms
[1286,808s][info][gc] GC(2568) Garbage Collection (Allocation Stall) 970M(95%)->944M(92%)
[1287,312s][info][gc] Allocation Stall (main) 468,381ms
[1287,329s][info][gc] GC(2569) Garbage Collection (Allocation Stall) 1024M(100%)->912M(89%)
[1287,812s][info][gc] Allocation Stall (main) 430,208ms
[1287,820s][info][gc] GC(2570) Garbage Collection (Allocation Stall) 944M(92%)->974M(95%)
[1288,297s][info][gc] Allocation Stall (main) 453,853ms
[1288,305s][info][gc] GC(2571) Garbage Collection (Allocation Stall) 1024M(100%)->902M(88%)
[1288,806s][info][gc] Allocation Stall (main) 447,111ms
[1288,837s][info][gc] GC(2572) Garbage Collection (Allocation Stall) 988M(96%)->966M(94%)
[1289,341s][info][gc] Allocation Stall (main) 476,972ms
[1289,351s][info][gc] GC(2573) Garbage Collection (Allocation Stall) 982M(96%)->932M(91%)
[1289,849s][info][gc] Allocation Stall (main) 456,095ms
[1289,859s][info][gc] GC(2574) Garbage Collection (Allocation Stall) 1024M(100%)->898M(88%)
[1290,375s][info][gc] Allocation Stall (main) 462,626ms
[1290,396s][info][gc] GC(2575) Garbage Collection (Allocation Stall) 1024M(100%)->918M(90%)
[1290,918s][info][gc] Allocation Stall (main) 476,749ms
[1290,932s][info][gc] GC(2576) Garbage Collection (Allocation Stall) 1024M(100%)->904M(88%)
[1291,413s][info][gc] Allocation Stall (main) 422,158ms
[1291,422s][info][gc] GC(2577) Garbage Collection (Allocation Rate) 922M(90%)->994M(97%)
[1291,900s][info][gc] Relocation Stall (main) 5,069ms
[1291,900s][info][gc] Allocation Stall (main) 463,298ms
[1291,905s][info][gc] GC(2578) Garbage Collection (Allocation Stall) 1024M(100%)->894M(87%)
[1292,396s][info][gc] Allocation Stall (main) 432,005ms
[1292,411s][info][gc] GC(2579) Garbage Collection (Allocation Rate) 970M(95%)->960M(94%)
[1292,911s][info][gc] Allocation Stall (main) 470,420ms
[1292,930s][info][gc] GC(2580) Garbage Collection (Allocation Stall) 1024M(100%)->912M(89%)
[1293,419s][info][gc] Allocation Stall (main) 434,666ms
[1293,436s][info][gc] GC(2581) Garbage Collection (Allocation Rate) 942M(92%)->980M(96%)
[1293,911s][info][gc] Allocation Stall (main) 452,824ms
[1293,917s][info][gc] GC(2582) Garbage Collection (Allocation Stall) 986M(96%)->924M(90%)
[1294,403s][info][gc] Allocation Stall (main) 440,076ms
[1294,415s][info][gc] GC(2583) Garbage Collection (Allocation Stall) 982M(96%)->940M(92%)
[1294,910s][info][gc] Allocation Stall (main) 457,647ms
[1294,924s][info][gc] GC(2584) Garbage Collection (Allocation Stall) 1006M(98%)->922M(90%)
[1295,405s][info][gc] Allocation Stall (main) 433,895ms
[1295,415s][info][gc] GC(2585) Garbage Collection (Allocation Stall) 964M(94%)->954M(93%)
[1295,905s][info][gc] Allocation Stall (main) 458,655ms
[1295,920s][info][gc] GC(2586) Garbage Collection (Allocation Stall) 1018M(99%)->910M(89%)
[1296,417s][info][gc] Relocation Stall (main) 2,996ms
[1296,417s][info][gc] Allocation Stall (main) 445,171ms
[1296,424s][info][gc] GC(2587) Garbage Collection (Allocation Stall) 962M(94%)->954M(93%)
[1296,902s][info][gc] Allocation Stall (main) 445,589ms
[1296,916s][info][gc] GC(2588) Garbage Collection (Allocation Stall) 992M(97%)->934M(91%)
[1297,412s][info][gc] Allocation Stall (main) 455,866ms
[1297,430s][info][gc] GC(2589) Garbage Collection (Allocation Stall) 994M(97%)->938M(92%)
[1297,916s][info][gc] Allocation Stall (main) 445,880ms
[1297,930s][info][gc] GC(2590) Garbage Collection (Allocation Stall) 968M(95%)->952M(93%)
[1298,407s][info][gc] Allocation Stall (main) 443,339ms
[1298,421s][info][gc] GC(2591) Garbage Collection (Allocation Stall) 980M(96%)->938M(92%)
[1298,909s][info][gc] Allocation Stall (main) 449,882ms
[1298,929s][info][gc] GC(2592) Garbage Collection (Allocation Stall) 988M(96%)->936M(91%)
[1299,416s][info][gc] Allocation Stall (main) 446,235ms
[1299,426s][info][gc] GC(2593) Garbage Collection (Allocation Stall) 968M(95%)->942M(92%)
[1299,903s][info][gc] Allocation Stall (main) 437,518ms
[1299,910s][info][gc] GC(2594) Garbage Collection (Allocation Stall) 978M(96%)->932M(91%)
[1300,403s][info][gc] Allocation Stall (main) 451,380ms
[1300,418s][info][gc] GC(2595) Garbage Collection (Allocation Stall) 1006M(98%)->922M(90%)
[1300,916s][info][gc] Allocation Stall (main) 451,545ms
[1300,927s][info][gc] GC(2596) Garbage Collection (Allocation Stall) 974M(95%)->948M(93%)
[1301,401s][info][gc] Allocation Stall (main) 438,339ms
[1301,409s][info][gc] GC(2597) Garbage Collection (Allocation Stall) 982M(96%)->940M(92%)
[1301,900s][info][gc] Allocation Stall (main) 452,865ms
[1301,916s][info][gc] GC(2598) Garbage Collection (Allocation Stall) 1016M(99%)->918M(90%)
[1302,412s][info][gc] Allocation Stall (main) 448,651ms
[1302,429s][info][gc] GC(2599) Garbage Collection (Allocation Stall) 980M(96%)->952M(93%)
[1302,918s][info][gc] Allocation Stall (main) 454,755ms
[1302,934s][info][gc] GC(2600) Garbage Collection (Allocation Stall) 982M(96%)->944M(92%)
[1303,417s][info][gc] Allocation Stall (main) 442,975ms
[1303,433s][info][gc] GC(2601) Garbage Collection (Allocation Stall) 964M(94%)->956M(93%)
[1303,910s][info][gc] Allocation Stall (main) 444,921ms
[1303,919s][info][gc] GC(2602) Garbage Collection (Allocation Stall) 978M(96%)->930M(91%)
[1304,412s][info][gc] Relocation Stall (main) 10,123ms
[1304,413s][info][gc] Allocation Stall (main) 450,722ms
[1304,414s][info][gc] GC(2603) Garbage Collection (Allocation Stall) 982M(96%)->916M(89%)
[1304,907s][info][gc] Allocation Stall (main) 444,475ms
[1304,912s][info][gc] GC(2604) Garbage Collection (Allocation Stall) 980M(96%)->930M(91%)
[1305,406s][info][gc] Allocation Stall (main) 451,522ms
[1305,417s][info][gc] GC(2605) Garbage Collection (Allocation Stall) 998M(97%)->928M(91%)
[1305,911s][info][gc] Allocation Stall (main) 451,063ms
[1305,932s][info][gc] GC(2606) Garbage Collection (Allocation Stall) 986M(96%)->950M(93%)
[1306,427s][info][gc] Allocation Stall (main) 461,958ms
[1306,432s][info][gc] GC(2607) Garbage Collection (Allocation Stall) 978M(96%)->936M(91%)
[1306,898s][info][gc] Allocation Stall (main) 424,764ms
[1306,914s][info][gc] GC(2608) Garbage Collection (Allocation Stall) 960M(94%)->970M(95%)
[1307,403s][info][gc] Allocation Stall (main) 464,258ms
[1307,419s][info][gc] GC(2609) Garbage Collection (Allocation Stall) 1024M(100%)->910M(89%)
[1307,907s][info][gc] Allocation Stall (main) 435,522ms
[1307,920s][info][gc] GC(2610) Garbage Collection (Allocation Rate) 962M(94%)->962M(94%)
[1308,410s][info][gc] Allocation Stall (main) 461,498ms
[1308,419s][info][gc] GC(2611) Garbage Collection (Allocation Stall) 1014M(99%)->910M(89%)
[1308,906s][info][gc] Allocation Stall (main) 434,360ms
[1308,926s][info][gc] GC(2612) Garbage Collection (Allocation Stall) 960M(94%)->976M(95%)
[1309,418s][info][gc] Allocation Stall (main) 470,200ms
[1309,427s][info][gc] GC(2613) Garbage Collection (Allocation Stall) 1014M(99%)->906M(88%)
[1309,891s][info][gc] Allocation Stall (main) 406,478ms
[1309,902s][info][gc] GC(2614) Garbage Collection (Allocation Stall) 932M(91%)->988M(96%)
[1310,389s][info][gc] Allocation Stall (main) 469,073ms
[1310,408s][info][gc] GC(2615) Garbage Collection (Allocation Stall) 1024M(100%)->910M(89%)
[1310,919s][info][gc] Allocation Stall (main) 460,692ms
[1310,937s][info][gc] GC(2616) Garbage Collection (Allocation Rate) 988M(96%)->938M(92%)
[1311,414s][info][gc] Allocation Stall (main) 433,107ms
[1311,418s][info][gc] GC(2617) Garbage Collection (Allocation Stall) 942M(92%)->962M(94%)
[1311,905s][info][gc] Allocation Stall (main) 458,066ms
[1311,915s][info][gc] GC(2618) Garbage Collection (Allocation Stall) 1018M(99%)->908M(89%)
[1312,412s][info][gc] Allocation Stall (main) 444,210ms
[1312,437s][info][gc] GC(2619) Garbage Collection (Allocation Stall) 970M(95%)->970M(95%)
[1312,930s][info][gc] Allocation Stall (main) 467,427ms
[1312,940s][info][gc] GC(2620) Garbage Collection (Allocation Stall) 984M(96%)->924M(90%)
[1313,399s][info][gc] Relocation Stall (main) 1,467ms
[1313,399s][info][gc] Allocation Stall (main) 409,710ms
[1313,404s][info][gc] GC(2621) Garbage Collection (Allocation Stall) 926M(90%)->980M(96%)
[1313,881s][info][gc] Allocation Stall (main) 454,662ms
[1313,892s][info][gc] GC(2622) Garbage Collection (Allocation Stall) 1024M(100%)->898M(88%)
[1314,403s][info][gc] Allocation Stall (main) 457,577ms
[1314,416s][info][gc] GC(2623) Garbage Collection (Allocation Rate) 1020M(100%)->910M(89%)
[1314,908s][info][gc] Allocation Stall (main) 437,984ms
[1314,930s][info][gc] GC(2624) Garbage Collection (Allocation Stall) 960M(94%)->974M(95%)
[1315,429s][info][gc] Allocation Stall (main) 475,785ms
[1315,437s][info][gc] GC(2625) Garbage Collection (Allocation Stall) 1002M(98%)->908M(89%)
[1315,902s][info][gc] Allocation Stall (main) 405,711ms
[1315,915s][info][gc] GC(2626) Garbage Collection (Allocation Stall) 922M(90%)->994M(97%)
[1316,396s][info][gc] Allocation Stall (main) 465,525ms
[1316,403s][info][gc] GC(2627) Garbage Collection (Allocation Stall) 1024M(100%)->890M(87%)
[1316,894s][info][gc] Allocation Stall (main) 431,341ms
[1316,925s][info][gc] GC(2628) Garbage Collection (Allocation Rate) 972M(95%)->968M(95%)
[1317,448s][info][gc] Allocation Stall (main) 498,410ms
[1317,456s][info][gc] GC(2629) Garbage Collection (Allocation Stall) 1010M(99%)->896M(88%)
[1317,971s][info][gc] Allocation Stall (main) 458,970ms
[1317,993s][info][gc] GC(2630) Garbage Collection (Allocation Stall) 1024M(100%)->904M(88%)
[1318,533s][info][gc] Relocation Stall (main) 5,704ms
[1318,533s][info][gc] Allocation Stall (main) 491,001ms
[1318,537s][info][gc] GC(2631) Garbage Collection (Allocation Stall) 1024M(100%)->878M(86%)
[1319,001s][info][gc] Allocation Stall (main) 389,774ms
[1319,003s][info][gc] GC(2632) Garbage Collection (Allocation Rate) 890M(87%)->1010M(99%)
[1319,465s][info][gc] Allocation Stall (main) 454,905ms
[1319,478s][info][gc] GC(2633) Garbage Collection (Allocation Stall) 1024M(100%)->904M(88%)
[1320,000s][info][gc] Relocation Stall (main) 5,046ms
[1320,000s][info][gc] Allocation Stall (main) 472,645ms
[1320,015s][info][gc] GC(2634) Garbage Collection (Allocation Stall) 1024M(100%)->904M(88%)
[1320,516s][info][gc] Allocation Stall (main) 448,035ms
[1320,522s][info][gc] GC(2635) Garbage Collection (Allocation Rate) 968M(95%)->948M(93%)
[1320,996s][info][gc] Allocation Stall (main) 437,991ms
[1321,014s][info][gc] GC(2636) Garbage Collection (Allocation Stall) 994M(97%)->938M(92%)
[1321,521s][info][gc] Allocation Stall (main) 468,854ms
[1321,535s][info][gc] GC(2637) Garbage Collection (Allocation Stall) 1004M(98%)->924M(90%)
[1322,003s][info][gc] Allocation Stall (main) 417,648ms
[1322,011s][info][gc] GC(2638) Garbage Collection (Allocation Stall) 936M(91%)->980M(96%)
[1322,488s][info][gc] Allocation Stall (main) 456,167ms
[1322,495s][info][gc] GC(2639) Garbage Collection (Allocation Stall) 1024M(100%)->902M(88%)
[1323,016s][info][gc] Relocation Stall (main) 16,222ms
[1323,016s][info][gc] Allocation Stall (main) 467,633ms
[1323,017s][info][gc] GC(2640) Garbage Collection (Allocation Rate) 1012M(99%)->896M(88%)
[1323,516s][info][gc] Relocation Stall (main) 3,754ms
[1323,516s][info][gc] Allocation Stall (main) 440,977ms
[1323,532s][info][gc] GC(2641) Garbage Collection (Allocation Stall) 956M(93%)->972M(95%)
[1324,023s][info][gc] Allocation Stall (main) 466,161ms
[1324,028s][info][gc] GC(2642) Garbage Collection (Allocation Stall) 996M(97%)->920M(90%)
[1324,493s][info][gc] Allocation Stall (main) 413,407ms
[1324,506s][info][gc] GC(2643) Garbage Collection (Allocation Stall) 950M(93%)->980M(96%)
[1325,008s][info][gc] Relocation Stall (main) 4,891ms
[1325,008s][info][gc] Allocation Stall (main) 480,508ms
[1325,016s][info][gc] GC(2644) Garbage Collection (Allocation Stall) 1024M(100%)->898M(88%)
[1325,505s][info][gc] Relocation Stall (main) 1,620ms
[1325,505s][info][gc] Allocation Stall (main) 429,198ms
[1325,522s][info][gc] GC(2645) Garbage Collection (Allocation Rate) 944M(92%)->980M(96%)
[1326,016s][info][gc] Allocation Stall (main) 474,570ms
[1326,024s][info][gc] GC(2646) Garbage Collection (Allocation Stall) 1024M(100%)->896M(88%)
[1326,489s][info][gc] Allocation Stall (main) 401,772ms
[1326,501s][info][gc] GC(2647) Garbage Collection (Allocation Rate) 924M(90%)->1000M(98%)
[1326,980s][info][gc] Allocation Stall (main) 466,689ms
[1326,988s][info][gc] GC(2648) Garbage Collection (Allocation Stall) 1024M(100%)->898M(88%)
[1327,507s][info][gc] Allocation Stall (main) 464,787ms
[1327,536s][info][gc] GC(2649) Garbage Collection (Allocation Rate) 1020M(100%)->932M(91%)
[1328,026s][info][gc] Allocation Stall (main) 443,016ms
[1328,034s][info][gc] GC(2650) Garbage Collection (Allocation Stall) 942M(92%)->972M(95%)
[1328,503s][info][gc] Allocation Stall (main) 443,457ms
[1328,517s][info][gc] GC(2651) Garbage Collection (Allocation Stall) 992M(97%)->934M(91%)
[1329,007s][info][gc] Allocation Stall (main) 448,494ms
[1329,024s][info][gc] GC(2652) Garbage Collection (Allocation Stall) 982M(96%)->948M(93%)
[1329,513s][info][gc] Allocation Stall (main) 453,662ms
[1329,520s][info][gc] GC(2653) Garbage Collection (Allocation Stall) 990M(97%)->926M(90%)
[1329,994s][info][gc] Allocation Stall (main) 428,495ms
[1330,000s][info][gc] GC(2654) Garbage Collection (Allocation Stall) 976M(95%)->942M(92%)
[1330,497s][info][gc] Relocation Stall (main) 4,898ms
[1330,497s][info][gc] Allocation Stall (main) 460,095ms
[1330,510s][info][gc] GC(2655) Garbage Collection (Allocation Stall) 1024M(100%)->904M(88%)
[1331,015s][info][gc] Allocation Stall (main) 452,652ms
[1331,041s][info][gc] GC(2656) Garbage Collection (Allocation Rate) 974M(95%)->968M(95%)
[1331,550s][info][gc] Allocation Stall (main) 483,235ms
[1331,560s][info][gc] GC(2657) Garbage Collection (Allocation Stall) 1024M(100%)->896M(88%)
[1332,078s][info][gc] Relocation Stall (main) 4,940ms
[1332,078s][info][gc] Allocation Stall (main) 463,274ms
[1332,094s][info][gc] GC(2658) Garbage Collection (Allocation Stall) 1024M(100%)->900M(88%)
[1332,622s][info][gc] Allocation Stall (main) 475,535ms
[1332,631s][info][gc] GC(2659) Garbage Collection (Allocation Rate) 1018M(99%)->902M(88%)
[1333,106s][info][gc] Allocation Stall (main) 414,548ms
[1333,135s][info][gc] GC(2660) Garbage Collection (Allocation Stall) 928M(91%)->1006M(98%)
[1333,640s][info][gc] Allocation Stall (main) 496,757ms
[1333,648s][info][gc] GC(2661) Garbage Collection (Allocation Stall) 1024M(100%)->882M(86%)
[1334,164s][info][gc] Allocation Stall (main) 456,397ms
[1334,173s][info][gc] GC(2662) Garbage Collection (Allocation Stall) 1024M(100%)->896M(88%)
[1334,696s][info][gc] Relocation Stall (main) 5,264ms
[1334,697s][info][gc] Allocation Stall (main) 469,177ms
[1334,709s][info][gc] GC(2663) Garbage Collection (Allocation Stall) 1024M(100%)->900M(88%)
[1335,210s][info][gc] Allocation Stall (main) 445,420ms
[1335,233s][info][gc] GC(2664) Garbage Collection (Allocation Rate) 976M(95%)->958M(94%)
[1335,719s][info][gc] Allocation Stall (main) 452,212ms
[1335,734s][info][gc] GC(2665) Garbage Collection (Allocation Stall) 970M(95%)->948M(93%)
[1336,217s][info][gc] Allocation Stall (main) 443,893ms
[1336,228s][info][gc] GC(2666) Garbage Collection (Allocation Stall) 966M(94%)->942M(92%)
[1336,702s][info][gc] Allocation Stall (main) 434,961ms
[1336,708s][info][gc] GC(2667) Garbage Collection (Allocation Stall) 974M(95%)->934M(91%)
[1337,200s][info][gc] Allocation Stall (main) 451,088ms
[1337,211s][info][gc] GC(2668) Garbage Collection (Allocation Stall) 1012M(99%)->908M(89%)
[1337,707s][info][gc] Allocation Stall (main) 444,967ms
[1337,721s][info][gc] GC(2669) Garbage Collection (Allocation Stall) 980M(96%)->944M(92%)
[1338,223s][info][gc] Relocation Stall (main) 4,338ms
[1338,223s][info][gc] Allocation Stall (main) 465,030ms
[1338,238s][info][gc] GC(2670) Garbage Collection (Allocation Stall) 992M(97%)->932M(91%)
[1338,716s][info][gc] Allocation Stall (main) 430,617ms
[1338,722s][info][gc] GC(2671) Garbage Collection (Allocation Stall) 940M(92%)->968M(95%)
[1339,198s][info][gc] Allocation Stall (main) 450,258ms
[1339,206s][info][gc] GC(2672) Garbage Collection (Allocation Stall) 1014M(99%)->906M(88%)
[1339,695s][info][gc] Allocation Stall (main) 436,823ms
[1339,707s][info][gc] GC(2673) Garbage Collection (Allocation Stall) 982M(96%)->948M(93%)
[1340,211s][info][gc] Allocation Stall (main) 468,985ms
[1340,231s][info][gc] GC(2674) Garbage Collection (Allocation Stall) 1024M(100%)->916M(89%)
[1340,723s][info][gc] Allocation Stall (main) 438,355ms
[1340,736s][info][gc] GC(2675) Garbage Collection (Allocation Stall) 940M(92%)->980M(96%)
[1341,204s][info][gc] Allocation Stall (main) 446,651ms
[1341,211s][info][gc] GC(2676) Garbage Collection (Allocation Stall) 996M(97%)->924M(90%)
[1341,700s][info][gc] Allocation Stall (main) 443,789ms
[1341,716s][info][gc] GC(2677) Garbage Collection (Allocation Stall) 994M(97%)->942M(92%)
[1342,230s][info][gc] Relocation Stall (main) 17,757ms
[1342,230s][info][gc] GC(2678) Garbage Collection (Allocation Stall) 1002M(98%)->896M(88%)
[1342,230s][info][gc] Allocation Stall (main) 477,045ms
[1342,722s][info][gc] Allocation Stall (main) 428,430ms
[1342,734s][info][gc] GC(2679) Garbage Collection (Allocation Stall) 922M(90%)->992M(97%)
[1343,208s][info][gc] Allocation Stall (main) 457,689ms
[1343,213s][info][gc] GC(2680) Garbage Collection (Allocation Stall) 1008M(98%)->904M(88%)
[1343,699s][info][gc] Allocation Stall (main) 432,432ms
[1343,720s][info][gc] GC(2681) Garbage Collection (Allocation Stall) 966M(94%)->970M(95%)
[1344,228s][info][gc] Allocation Stall (main) 483,673ms
[1344,236s][info][gc] GC(2682) Garbage Collection (Allocation Stall) 1022M(100%)->896M(88%)
[1344,694s][info][gc] Allocation Stall (main) 392,519ms
[1344,699s][info][gc] GC(2683) Garbage Collection (Allocation Stall) 906M(88%)->1008M(98%)
[1345,172s][info][gc] Relocation Stall (main) 5,151ms
[1345,172s][info][gc] Allocation Stall (main) 464,389ms
[1345,191s][info][gc] GC(2684) Garbage Collection (Allocation Stall) 1024M(100%)->910M(89%)
[1345,726s][info][gc] Allocation Stall (main) 485,660ms
[1345,737s][info][gc] GC(2685) Garbage Collection (Allocation Stall) 1024M(100%)->900M(88%)
[1346,206s][info][gc] Allocation Stall (main) 406,381ms
[1346,224s][info][gc] GC(2686) Garbage Collection (Allocation Rate) 914M(89%)->1012M(99%)
[1346,712s][info][gc] Allocation Stall (main) 480,655ms
[1346,718s][info][gc] GC(2687) Garbage Collection (Allocation Stall) 1024M(100%)->888M(87%)
[1347,200s][info][gc] Allocation Stall (main) 419,938ms
[1347,204s][info][gc] GC(2688) Garbage Collection (Allocation Rate) 944M(92%)->968M(95%)
[1347,688s][info][gc] Allocation Stall (main) 458,548ms
[1347,696s][info][gc] GC(2689) Garbage Collection (Allocation Stall) 1024M(100%)->904M(88%)
[1348,200s][info][gc] Allocation Stall (main) 453,237ms
[1348,219s][info][gc] GC(2690) Garbage Collection (Allocation Rate) 1018M(99%)->930M(91%)
[1348,719s][info][gc] Allocation Stall (main) 457,683ms
[1348,734s][info][gc] GC(2691) Garbage Collection (Allocation Stall) 984M(96%)->952M(93%)
[1349,208s][info][gc] Allocation Stall (main) 437,329ms
[1349,230s][info][gc] GC(2692) Garbage Collection (Allocation Stall) 962M(94%)->972M(95%)
[1349,726s][info][gc] Allocation Stall (main) 472,511ms
[1349,731s][info][gc] GC(2693) Garbage Collection (Allocation Stall) 1002M(98%)->908M(89%)
[1350,190s][info][gc] Allocation Stall (main) 400,144ms
[1350,205s][info][gc] GC(2694) Garbage Collection (Allocation Stall) 926M(90%)->998M(97%)
[1350,692s][info][gc] Relocation Stall (main) 4,724ms
[1350,692s][info][gc] Allocation Stall (main) 475,148ms
[1350,696s][info][gc] GC(2695) Garbage Collection (Allocation Stall) 1024M(100%)->886M(87%)
[1351,213s][info][gc] Allocation Stall (main) 457,276ms
[1351,232s][info][gc] GC(2696) Garbage Collection (Allocation Rate) 988M(96%)->946M(92%)
[1351,716s][info][gc] Allocation Stall (main) 446,645ms
[1351,734s][info][gc] GC(2697) Garbage Collection (Allocation Stall) 970M(95%)->956M(93%)
[1352,214s][info][gc] Allocation Stall (main) 445,972ms
[1352,220s][info][gc] GC(2698) Garbage Collection (Allocation Stall) 972M(95%)->934M(91%)
[1352,705s][info][gc] Allocation Stall (main) 442,958ms
[1352,722s][info][gc] GC(2699) Garbage Collection (Allocation Stall) 984M(96%)->942M(92%)
[1353,216s][info][gc] Allocation Stall (main) 456,664ms
[1353,226s][info][gc] GC(2700) Garbage Collection (Allocation Stall) 988M(96%)->928M(91%)
[1353,699s][info][gc] Allocation Stall (main) 426,793ms
[1353,715s][info][gc] GC(2701) Garbage Collection (Allocation Stall) 964M(94%)->958M(94%)
[1354,208s][info][gc] Allocation Stall (main) 463,142ms
[1354,227s][info][gc] GC(2702) Garbage Collection (Allocation Stall) 1010M(99%)->914M(89%)
[1354,723s][info][gc] Allocation Stall (main) 442,415ms
[1354,728s][info][gc] GC(2703) Garbage Collection (Allocation Stall) 948M(93%)->954M(93%)
[1355,202s][info][gc] Allocation Stall (main) 441,656ms
[1355,210s][info][gc] GC(2704) Garbage Collection (Allocation Stall) 988M(96%)->928M(91%)
[1355,707s][info][gc] Relocation Stall (main) 4,564ms
[1355,707s][info][gc] Allocation Stall (main) 454,251ms
[1355,722s][info][gc] GC(2705) Garbage Collection (Allocation Stall) 1002M(98%)->922M(90%)
[1356,218s][info][gc] Allocation Stall (main) 449,617ms
[1356,230s][info][gc] GC(2706) Garbage Collection (Allocation Stall) 970M(95%)->948M(93%)
[1356,705s][info][gc] Allocation Stall (main) 438,678ms
[1356,713s][info][gc] GC(2707) Garbage Collection (Allocation Stall) 976M(95%)->938M(92%)
[1357,207s][info][gc] Allocation Stall (main) 455,407ms
[1357,227s][info][gc] GC(2708) Garbage Collection (Allocation Stall) 1006M(98%)->928M(91%)
[1357,717s][info][gc] Allocation Stall (main) 446,379ms
[1357,733s][info][gc] GC(2709) Garbage Collection (Allocation Stall) 964M(94%)->956M(93%)
[1358,220s][info][gc] Allocation Stall (main) 454,209ms
[1358,226s][info][gc] GC(2710) Garbage Collection (Allocation Stall) 978M(96%)->932M(91%)
[1358,698s][info][gc] Allocation Stall (main) 428,481ms
[1358,719s][info][gc] GC(2711) Garbage Collection (Allocation Stall) 968M(95%)->960M(94%)
[1359,219s][info][gc] Allocation Stall (main) 471,202ms
[1359,227s][info][gc] GC(2712) Garbage Collection (Allocation Stall) 1014M(99%)->900M(88%)
[1359,691s][info][gc] Allocation Stall (main) 402,455ms
[1359,697s][info][gc] GC(2713) Garbage Collection (Allocation Stall) 924M(90%)->986M(96%)
[1360,174s][info][gc] Relocation Stall (main) 5,055ms
[1360,174s][info][gc] Allocation Stall (main) 458,932ms
[1360,178s][info][gc] GC(2714) Garbage Collection (Allocation Stall) 1024M(100%)->890M(87%)
[1360,698s][info][gc] Relocation Stall (main) 4,909ms
[1360,698s][info][gc] Allocation Stall (main) 463,792ms
[1360,716s][info][gc] GC(2715) Garbage Collection (Allocation Stall) 1024M(100%)->912M(89%)
[1361,240s][info][gc] Relocation Stall (main) 14,559ms
[1361,240s][info][gc] Allocation Stall (main) 467,461ms
[1361,240s][info][gc] GC(2716) Garbage Collection (Allocation Rate) 966M(94%)->932M(91%)
[1361,747s][info][gc] Allocation Stall (main) 464,343ms
[1361,760s][info][gc] GC(2717) Garbage Collection (Allocation Stall) 1024M(100%)->904M(88%)
[1362,281s][info][gc] Relocation Stall (main) 5,346ms
[1362,281s][info][gc] Allocation Stall (main) 470,286ms
[1362,286s][info][gc] GC(2718) Garbage Collection (Allocation Stall) 1024M(100%)->896M(88%)
[1362,811s][info][gc] Relocation Stall (main) 4,670ms
[1362,811s][info][gc] Allocation Stall (main) 470,848ms
[1362,833s][info][gc] GC(2719) Garbage Collection (Allocation Stall) 1024M(100%)->918M(90%)
[1363,328s][info][gc] Allocation Stall (main) 443,285ms
[1363,335s][info][gc] GC(2720) Garbage Collection (Allocation Rate) 940M(92%)->976M(95%)
[1363,799s][info][gc] Allocation Stall (main) 439,818ms
[1363,813s][info][gc] GC(2721) Garbage Collection (Allocation Stall) 992M(97%)->936M(91%)
[1364,303s][info][gc] Allocation Stall (main) 449,772ms
[1364,319s][info][gc] GC(2722) Garbage Collection (Allocation Stall) 992M(97%)->936M(91%)
[1364,810s][info][gc] Allocation Stall (main) 450,591ms
[1364,821s][info][gc] GC(2723) Garbage Collection (Allocation Stall) 988M(96%)->936M(91%)
[1365,295s][info][gc] Allocation Stall (main) 432,883ms
[1365,311s][info][gc] GC(2724) Garbage Collection (Allocation Stall) 976M(95%)->952M(93%)
[1365,815s][info][gc] Allocation Stall (main) 471,709ms
[1365,823s][info][gc] GC(2725) Garbage Collection (Allocation Stall) 1024M(100%)->898M(88%)
[1366,294s][info][gc] Allocation Stall (main) 411,339ms
[1366,304s][info][gc] GC(2726) Garbage Collection (Allocation Stall) 942M(92%)->980M(96%)
[1366,790s][info][gc] Relocation Stall (main) 5,357ms
[1366,790s][info][gc] Allocation Stall (main) 465,449ms
[1366,796s][info][gc] GC(2727) Garbage Collection (Allocation Stall) 1024M(100%)->896M(88%)
[1367,303s][info][gc] Allocation Stall (main) 451,803ms
[1367,315s][info][gc] GC(2728) Garbage Collection (Allocation Rate) 1004M(98%)->930M(91%)
[1367,809s][info][gc] Allocation Stall (main) 452,311ms
[1367,831s][info][gc] GC(2729) Garbage Collection (Allocation Stall) 994M(97%)->950M(93%)
[1368,316s][info][gc] Allocation Stall (main) 448,835ms
[1368,327s][info][gc] GC(2730) Garbage Collection (Allocation Stall) 966M(94%)->956M(93%)
[1368,802s][info][gc] Allocation Stall (main) 441,996ms
[1368,822s][info][gc] GC(2731) Garbage Collection (Allocation Stall) 988M(96%)->942M(92%)
[1369,321s][info][gc] Allocation Stall (main) 461,298ms
[1369,329s][info][gc] GC(2732) Garbage Collection (Allocation Stall) 988M(96%)->928M(91%)
[1369,794s][info][gc] Allocation Stall (main) 419,084ms
[1369,804s][info][gc] GC(2733) Garbage Collection (Allocation Stall) 960M(94%)->960M(94%)
[1370,299s][info][gc] Allocation Stall (main) 464,885ms
[1370,328s][info][gc] GC(2734) Garbage Collection (Allocation Stall) 1024M(100%)->922M(90%)
[1370,829s][info][gc] Allocation Stall (main) 453,295ms
[1370,840s][info][gc] GC(2735) Garbage Collection (Allocation Rate) 956M(93%)->952M(93%)
[1371,346s][info][gc] Allocation Stall (main) 472,581ms
[1371,360s][info][gc] GC(2736) Garbage Collection (Allocation Stall) 1024M(100%)->894M(87%)
[1371,881s][info][gc] Allocation Stall (main) 466,115ms
[1371,891s][info][gc] GC(2737) Garbage Collection (Allocation Stall) 1024M(100%)->898M(88%)
[1372,402s][info][gc] Allocation Stall (main) 456,264ms
[1372,417s][info][gc] GC(2738) Garbage Collection (Allocation Rate) 1012M(99%)->920M(90%)
[1372,910s][info][gc] Allocation Stall (main) 445,155ms
[1372,928s][info][gc] GC(2739) Garbage Collection (Allocation Stall) 978M(96%)->952M(93%)
[1373,415s][info][gc] Allocation Stall (main) 453,144ms
[1373,426s][info][gc] GC(2740) Garbage Collection (Allocation Stall) 978M(96%)->942M(92%)
[1373,901s][info][gc] Allocation Stall (main) 437,630ms
[1373,919s][info][gc] GC(2741) Garbage Collection (Allocation Stall) 980M(96%)->946M(92%)
[1374,413s][info][gc] Allocation Stall (main) 458,344ms
[1374,427s][info][gc] GC(2742) Garbage Collection (Allocation Stall) 1000M(98%)->920M(90%)
[1374,912s][info][gc] Allocation Stall (main) 434,692ms
[1374,932s][info][gc] GC(2743) Garbage Collection (Allocation Stall) 952M(93%)->970M(95%)
[1375,417s][info][gc] Allocation Stall (main) 459,038ms
[1375,424s][info][gc] GC(2744) Garbage Collection (Allocation Stall) 994M(97%)->910M(89%)
[1375,898s][info][gc] Relocation Stall (main) 0,637ms
[1375,898s][info][gc] Allocation Stall (main) 420,888ms
[1375,908s][info][gc] GC(2745) Garbage Collection (Allocation Stall) 952M(93%)->958M(94%)
[1376,412s][info][gc] Allocation Stall (main) 474,543ms
[1376,438s][info][gc] GC(2746) Garbage Collection (Allocation Stall) 1024M(100%)->912M(89%)
[1376,930s][info][gc] Relocation Stall (main) 2,134ms
[1376,930s][info][gc] Allocation Stall (main) 436,672ms
[1376,933s][info][gc] GC(2747) Garbage Collection (Allocation Rate) 924M(90%)->968M(95%)
[1377,401s][info][gc] Allocation Stall (main) 440,207ms
[1377,411s][info][gc] GC(2748) Garbage Collection (Allocation Stall) 990M(97%)->924M(90%)
[1377,901s][info][gc] Allocation Stall (main) 445,190ms
[1377,907s][info][gc] GC(2749) Garbage Collection (Allocation Stall) 996M(97%)->920M(90%)
[1378,402s][info][gc] Allocation Stall (main) 448,047ms
[1378,414s][info][gc] GC(2750) Garbage Collection (Allocation Stall) 998M(97%)->930M(91%)
[1378,906s][info][gc] Allocation Stall (main) 449,553ms
[1378,918s][info][gc] GC(2751) Garbage Collection (Allocation Stall) 996M(97%)->934M(91%)
[1379,404s][info][gc] Allocation Stall (main) 445,985ms
[1379,422s][info][gc] GC(2752) Garbage Collection (Allocation Stall) 990M(97%)->946M(92%)
[1379,921s][info][gc] Allocation Stall (main) 463,962ms
[1379,929s][info][gc] GC(2753) Garbage Collection (Allocation Stall) 994M(97%)->930M(91%)
[1380,400s][info][gc] Allocation Stall (main) 423,898ms
[1380,408s][info][gc] GC(2754) Garbage Collection (Allocation Stall) 954M(93%)->970M(95%)
[1380,894s][info][gc] Allocation Stall (main) 460,079ms
[1380,919s][info][gc] GC(2755) Garbage Collection (Allocation Stall) 1024M(100%)->926M(90%)
[1381,426s][info][gc] Allocation Stall (main) 462,609ms
[1381,434s][info][gc] GC(2756) Garbage Collection (Allocation Rate) 980M(96%)->940M(92%)
[1381,905s][info][gc] Allocation Stall (main) 427,586ms
[1381,924s][info][gc] GC(2757) Garbage Collection (Allocation Stall) 958M(94%)->976M(95%)
[1382,419s][info][gc] Allocation Stall (main) 471,473ms
[1382,427s][info][gc] GC(2758) Garbage Collection (Allocation Stall) 1014M(99%)->906M(88%)
[1382,895s][info][gc] Allocation Stall (main) 408,684ms
[1382,911s][info][gc] GC(2759) Garbage Collection (Allocation Stall) 928M(91%)->996M(97%)
[1383,399s][info][gc] Allocation Stall (main) 474,013ms
[1383,407s][info][gc] GC(2760) Garbage Collection (Allocation Stall) 1024M(100%)->894M(87%)
[1383,900s][info][gc] Allocation Stall (main) 435,746ms
[1383,919s][info][gc] GC(2761) Garbage Collection (Allocation Rate) 976M(95%)->958M(94%)
[1384,418s][info][gc] Allocation Stall (main) 468,459ms
[1384,426s][info][gc] GC(2762) Garbage Collection (Allocation Stall) 1010M(99%)->910M(89%)
[1384,893s][info][gc] Allocation Stall (main) 413,002ms
[1384,901s][info][gc] GC(2763) Garbage Collection (Allocation Stall) 946M(92%)->974M(95%)
[1385,385s][info][gc] Allocation Stall (main) 460,148ms
[1385,392s][info][gc] GC(2764) Garbage Collection (Allocation Stall) 1024M(100%)->906M(88%)
[1385,898s][info][gc] Allocation Stall (main) 456,224ms
[1385,916s][info][gc] GC(2765) Garbage Collection (Allocation Stall) 1024M(100%)->924M(90%)
[1386,416s][info][gc] Allocation Stall (main) 456,161ms
[1386,439s][info][gc] GC(2766) Garbage Collection (Allocation Rate) 986M(96%)->960M(94%)
[1386,922s][info][gc] Allocation Stall (main) 450,793ms
[1386,929s][info][gc] GC(2767) Garbage Collection (Allocation Stall) 970M(95%)->948M(93%)
[1387,397s][info][gc] Allocation Stall (main) 432,680ms
[1387,414s][info][gc] GC(2768) Garbage Collection (Allocation Stall) 980M(96%)->954M(93%)
[1387,914s][info][gc] Allocation Stall (main) 468,714ms
[1387,930s][info][gc] GC(2769) Garbage Collection (Allocation Stall) 1022M(100%)->912M(89%)
[1388,416s][info][gc] Relocation Stall (main) 2,129ms
[1388,416s][info][gc] Allocation Stall (main) 432,112ms
[1388,440s][info][gc] GC(2770) Garbage Collection (Allocation Stall) 940M(92%)->990M(97%)
[1388,934s][info][gc] Allocation Stall (main) 476,361ms
[1388,949s][info][gc] GC(2771) Garbage Collection (Allocation Stall) 994M(97%)->918M(90%)
[1389,463s][info][gc] Allocation Stall (main) 466,288ms
[1389,475s][info][gc] GC(2772) Garbage Collection (Allocation Stall) 1024M(100%)->890M(87%)
[1389,998s][info][gc] Allocation Stall (main) 466,474ms
[1390,008s][info][gc] GC(2773) Garbage Collection (Allocation Stall) 1024M(100%)->894M(87%)
[1390,499s][info][gc] Allocation Stall (main) 433,211ms
[1390,522s][info][gc] GC(2774) Garbage Collection (Allocation Rate) 972M(95%)->962M(94%)
[1391,031s][info][gc] Allocation Stall (main) 480,887ms
[1391,047s][info][gc] GC(2775) Garbage Collection (Allocation Stall) 1008M(98%)->910M(89%)
[1391,562s][info][gc] Allocation Stall (main) 466,053ms
[1391,574s][info][gc] GC(2776) Garbage Collection (Allocation Stall) 1024M(100%)->894M(87%)
[1392,110s][info][gc] Relocation Stall (main) 4,219ms
[1392,110s][info][gc] Allocation Stall (main) 481,033ms
[1392,133s][info][gc] GC(2777) Garbage Collection (Allocation Stall) 1024M(100%)->908M(89%)
[1392,634s][info][gc] Allocation Stall (main) 443,112ms
[1392,638s][info][gc] GC(2778) Garbage Collection (Allocation Rate) 922M(90%)->976M(95%)
[1393,107s][info][gc] Relocation Stall (main) 4,452ms
[1393,107s][info][gc] Allocation Stall (main) 444,919ms
[1393,116s][info][gc] GC(2779) Garbage Collection (Allocation Stall) 988M(96%)->920M(90%)
[1393,602s][info][gc] Allocation Stall (main) 439,084ms
[1393,614s][info][gc] GC(2780) Garbage Collection (Allocation Stall) 980M(96%)->936M(91%)
[1394,109s][info][gc] Allocation Stall (main) 454,765ms
[1394,119s][info][gc] GC(2781) Garbage Collection (Allocation Stall) 1000M(98%)->916M(89%)
[1394,596s][info][gc] Allocation Stall (main) 425,756ms
[1394,607s][info][gc] GC(2782) Garbage Collection (Allocation Stall) 958M(94%)->960M(94%)
[1395,114s][info][gc] Relocation Stall (main) 5,187ms
[1395,114s][info][gc] Allocation Stall (main) 477,657ms
[1395,128s][info][gc] GC(2783) Garbage Collection (Allocation Stall) 1024M(100%)->896M(88%)
[1395,624s][info][gc] Allocation Stall (main) 434,920ms
[1395,628s][info][gc] GC(2784) Garbage Collection (Allocation Rate) 930M(91%)->974M(95%)
[1396,103s][info][gc] Relocation Stall (main) 3,990ms
[1396,103s][info][gc] Allocation Stall (main) 451,657ms
[1396,116s][info][gc] GC(2785) Garbage Collection (Allocation Stall) 1008M(98%)->912M(89%)
[1396,620s][info][gc] Relocation Stall (main) 3,648ms
[1396,621s][info][gc] Allocation Stall (main) 454,930ms
[1396,630s][info][gc] GC(2786) Garbage Collection (Allocation Stall) 974M(95%)->940M(92%)
[1397,113s][info][gc] Allocation Stall (main) 443,176ms
[1397,122s][info][gc] GC(2787) Garbage Collection (Allocation Stall) 968M(95%)->948M(93%)
[1397,599s][info][gc] Allocation Stall (main) 442,392ms
[1397,604s][info][gc] GC(2788) Garbage Collection (Allocation Stall) 996M(97%)->922M(90%)
[1398,098s][info][gc] Allocation Stall (main) 448,221ms
[1398,121s][info][gc] GC(2789) Garbage Collection (Allocation Stall) 1010M(99%)->934M(91%)
[1398,623s][info][gc] Allocation Stall (main) 461,904ms
[1398,632s][info][gc] GC(2790) Garbage Collection (Allocation Stall) 984M(96%)->934M(91%)
[1399,099s][info][gc] Allocation Stall (main) 421,919ms
[1399,109s][info][gc] GC(2791) Garbage Collection (Allocation Stall) 956M(93%)->962M(94%)
[1399,601s][info][gc] Allocation Stall (main) 463,523ms
[1399,626s][info][gc] GC(2792) Garbage Collection (Allocation Stall) 1024M(100%)->918M(90%)
[1400,127s][info][gc] Allocation Stall (main) 453,245ms
[1400,134s][info][gc] GC(2793) Garbage Collection (Allocation Rate) 958M(94%)->954M(93%)
[1400,596s][info][gc] Allocation Stall (main) 426,481ms
[1400,602s][info][gc] GC(2794) Garbage Collection (Allocation Stall) 972M(95%)->942M(92%)
[1401,096s][info][gc] Allocation Stall (main) 456,420ms
[1401,121s][info][gc] GC(2795) Garbage Collection (Allocation Stall) 1024M(100%)->920M(90%)
[1401,622s][info][gc] Allocation Stall (main) 453,883ms
[1401,627s][info][gc] GC(2796) Garbage Collection (Allocation Rate) 964M(94%)->946M(92%)
[1402,104s][info][gc] Allocation Stall (main) 439,565ms
[1402,114s][info][gc] GC(2797) Garbage Collection (Allocation Stall) 980M(96%)->942M(92%)
[1402,608s][info][gc] Relocation Stall (main) 4,767ms
[1402,608s][info][gc] Allocation Stall (main) 457,346ms
[1402,612s][info][gc] GC(2798) Garbage Collection (Allocation Stall) 1008M(98%)->910M(89%)
[1403,099s][info][gc] Allocation Stall (main) 435,308ms
[1403,115s][info][gc] GC(2799) Garbage Collection (Allocation Stall) 978M(96%)->962M(94%)
[1403,613s][info][gc] Allocation Stall (main) 469,986ms
[1403,631s][info][gc] GC(2800) Garbage Collection (Allocation Stall) 1024M(100%)->914M(89%)
[1404,114s][info][gc] Allocation Stall (main) 429,781ms
[1404,118s][info][gc] GC(2801) Garbage Collection (Allocation Rate) 940M(92%)->976M(95%)
[1404,602s][info][gc] Allocation Stall (main) 460,678ms
[1404,620s][info][gc] GC(2802) Garbage Collection (Allocation Stall) 1020M(100%)->922M(90%)
[1405,111s][info][gc] Allocation Stall (main) 444,431ms
[1405,130s][info][gc] GC(2803) Garbage Collection (Allocation Stall) 970M(95%)->966M(94%)
[1405,623s][info][gc] Allocation Stall (main) 466,191ms
[1405,637s][info][gc] GC(2804) Garbage Collection (Allocation Stall) 996M(97%)->930M(91%)
[1406,108s][info][gc] Allocation Stall (main) 424,345ms
[1406,122s][info][gc] GC(2805) Garbage Collection (Allocation Stall) 944M(92%)->978M(96%)
[1406,609s][info][gc] Allocation Stall (main) 465,022ms
[1406,626s][info][gc] GC(2806) Garbage Collection (Allocation Stall) 1024M(100%)->906M(88%)
[1407,117s][info][gc] Relocation Stall (main) 2,250ms
[1407,117s][info][gc] Allocation Stall (main) 433,224ms
[1407,120s][info][gc] GC(2807) Garbage Collection (Allocation Stall) 942M(92%)->964M(94%)
[1407,598s][info][gc] Allocation Stall (main) 449,394ms
[1407,616s][info][gc] GC(2808) Garbage Collection (Allocation Stall) 1014M(99%)->920M(90%)
[1408,112s][info][gc] Allocation Stall (main) 449,658ms
[1408,123s][info][gc] GC(2809) Garbage Collection (Allocation Stall) 980M(96%)->940M(92%)
[1408,601s][info][gc] Allocation Stall (main) 438,903ms
[1408,612s][info][gc] GC(2810) Garbage Collection (Allocation Stall) 982M(96%)->942M(92%)
[1409,100s][info][gc] Allocation Stall (main) 450,121ms
[1409,117s][info][gc] GC(2811) Garbage Collection (Allocation Stall) 1004M(98%)->928M(91%)
[1409,607s][info][gc] Allocation Stall (main) 445,504ms
[1409,622s][info][gc] GC(2812) Garbage Collection (Allocation Stall) 978M(96%)->950M(93%)
[1410,112s][info][gc] Allocation Stall (main) 455,934ms
[1410,126s][info][gc] GC(2813) Garbage Collection (Allocation Stall) 996M(97%)->928M(91%)
[1410,604s][info][gc] Allocation Stall (main) 432,671ms
[1410,622s][info][gc] GC(2814) Garbage Collection (Allocation Stall) 962M(94%)->962M(94%)
[1411,121s][info][gc] Allocation Stall (main) 470,063ms
[1411,128s][info][gc] GC(2815) Garbage Collection (Allocation Stall) 1008M(98%)->906M(88%)
[1411,597s][info][gc] Allocation Stall (main) 412,524ms
[1411,620s][info][gc] GC(2816) Garbage Collection (Allocation Stall) 938M(92%)->992M(97%)
[1412,116s][info][gc] Allocation Stall (main) 480,435ms
[1412,130s][info][gc] GC(2817) Garbage Collection (Allocation Stall) 1024M(100%)->892M(87%)
[1412,619s][info][gc] Allocation Stall (main) 422,370ms
[1412,623s][info][gc] GC(2818) Garbage Collection (Allocation Rate) 918M(90%)->982M(96%)
[1413,107s][info][gc] Allocation Stall (main) 463,316ms
[1413,114s][info][gc] GC(2819) Garbage Collection (Allocation Stall) 1024M(100%)->894M(87%)
[1413,599s][info][gc] Allocation Stall (main) 425,713ms
[1413,620s][info][gc] GC(2820) Garbage Collection (Allocation Stall) 958M(94%)->974M(95%)
[1414,116s][info][gc] Allocation Stall (main) 472,602ms
[1414,124s][info][gc] GC(2821) Garbage Collection (Allocation Stall) 1016M(99%)->898M(88%)
[1414,596s][info][gc] Relocation Stall (main) 1,965ms
[1414,596s][info][gc] Allocation Stall (main) 413,245ms
[1414,605s][info][gc] GC(2822) Garbage Collection (Allocation Stall) 940M(92%)->974M(95%)
[1415,092s][info][gc] Allocation Stall (main) 464,115ms
[1415,105s][info][gc] GC(2823) Garbage Collection (Allocation Stall) 1024M(100%)->902M(88%)
[1415,620s][info][gc] Relocation Stall (main) 3,981ms
[1415,620s][info][gc] Allocation Stall (main) 462,323ms
[1415,643s][info][gc] GC(2824) Garbage Collection (Allocation Rate) 990M(97%)->944M(92%)
[1416,168s][info][gc] Allocation Stall (main) 489,851ms
[1416,177s][info][gc] GC(2825) Garbage Collection (Allocation Stall) 1024M(100%)->892M(87%)
[1416,702s][info][gc] Relocation Stall (main) 5,339ms
[1416,702s][info][gc] Allocation Stall (main) 467,597ms
[1416,720s][info][gc] GC(2826) Garbage Collection (Allocation Stall) 1024M(100%)->904M(88%)
[1417,230s][info][gc] Relocation Stall (main) 2,891ms
[1417,230s][info][gc] Allocation Stall (main) 454,951ms
[1417,232s][info][gc] GC(2827) Garbage Collection (Allocation Rate) 952M(93%)->950M(93%)
[1417,711s][info][gc] Allocation Stall (main) 441,957ms
[1417,720s][info][gc] GC(2828) Garbage Collection (Allocation Stall) 974M(95%)->946M(92%)
[1418,206s][info][gc] Allocation Stall (main) 450,566ms
[1418,217s][info][gc] GC(2829) Garbage Collection (Allocation Stall) 988M(96%)->936M(91%)
[1418,709s][info][gc] Allocation Stall (main) 453,601ms
[1418,726s][info][gc] GC(2830) Garbage Collection (Allocation Stall) 996M(97%)->936M(91%)
[1419,216s][info][gc] Allocation Stall (main) 449,157ms
[1419,234s][info][gc] GC(2831) Garbage Collection (Allocation Stall) 974M(95%)->954M(93%)
[1419,711s][info][gc] Allocation Stall (main) 442,683ms
[1419,722s][info][gc] GC(2832) Garbage Collection (Allocation Stall) 974M(95%)->942M(92%)
[1420,202s][info][gc] Allocation Stall (main) 442,171ms
[1420,209s][info][gc] GC(2833) Garbage Collection (Allocation Stall) 988M(96%)->928M(91%)
[1420,709s][info][gc] Allocation Stall (main) 455,463ms
[1420,728s][info][gc] GC(2834) Garbage Collection (Allocation Stall) 1002M(98%)->934M(91%)
[1421,224s][info][gc] Allocation Stall (main) 450,996ms
[1421,230s][info][gc] GC(2835) Garbage Collection (Allocation Stall) 966M(94%)->948M(93%)
[1421,704s][info][gc] Allocation Stall (main) 437,738ms
[1421,715s][info][gc] GC(2836) Garbage Collection (Allocation Stall) 976M(95%)->950M(93%)
[1422,212s][info][gc] Allocation Stall (main) 461,883ms
[1422,237s][info][gc] GC(2837) Garbage Collection (Allocation Stall) 1000M(98%)->942M(92%)
[1422,734s][info][gc] Allocation Stall (main) 455,885ms
[1422,739s][info][gc] GC(2838) Garbage Collection (Allocation Stall) 954M(93%)->950M(93%)
[1423,202s][info][gc] Allocation Stall (main) 425,357ms
[1423,209s][info][gc] GC(2839) Garbage Collection (Allocation Stall) 960M(94%)->954M(93%)
[1423,702s][info][gc] Relocation Stall (main) 4,698ms
[1423,702s][info][gc] Allocation Stall (main) 461,305ms
[1423,708s][info][gc] GC(2840) Garbage Collection (Allocation Stall) 1024M(100%)->894M(87%)
[1424,212s][info][gc] Allocation Stall (main) 446,006ms
[1424,243s][info][gc] GC(2841) Garbage Collection (Allocation Rate) 972M(95%)->974M(95%)
[1424,769s][info][gc] Allocation Stall (main) 502,459ms
[1424,778s][info][gc] GC(2842) Garbage Collection (Allocation Stall) 1024M(100%)->888M(87%)
[1425,291s][info][gc] Allocation Stall (main) 455,224ms
[1425,301s][info][gc] GC(2843) Garbage Collection (Allocation Stall) 1024M(100%)->900M(88%)
[1425,804s][info][gc] Allocation Stall (main) 449,308ms
[1425,816s][info][gc] GC(2844) Garbage Collection (Allocation Rate) 996M(97%)->932M(91%)
[1426,305s][info][gc] Allocation Stall (main) 446,841ms
[1426,325s][info][gc] GC(2845) Garbage Collection (Allocation Stall) 992M(97%)->946M(92%)
[1426,821s][info][gc] Relocation Stall (main) 3,866ms
[1426,822s][info][gc] Allocation Stall (main) 457,444ms
[1426,831s][info][gc] GC(2846) Garbage Collection (Allocation Stall) 986M(96%)->932M(91%)
[1427,308s][info][gc] Allocation Stall (main) 431,095ms
[1427,319s][info][gc] GC(2847) Garbage Collection (Allocation Stall) 956M(93%)->962M(94%)
[1427,804s][info][gc] Allocation Stall (main) 456,326ms
[1427,817s][info][gc] GC(2848) Garbage Collection (Allocation Stall) 1014M(99%)->910M(89%)
[1428,308s][info][gc] Allocation Stall (main) 438,923ms
[1428,320s][info][gc] GC(2849) Garbage Collection (Allocation Stall) 968M(95%)->952M(93%)
[1428,802s][info][gc] Allocation Stall (main) 449,555ms
[1428,813s][info][gc] GC(2850) Garbage Collection (Allocation Stall) 996M(97%)->926M(90%)
[1429,298s][info][gc] Allocation Stall (main) 441,315ms
[1429,313s][info][gc] GC(2851) Garbage Collection (Allocation Stall) 994M(97%)->936M(91%)
[1429,805s][info][gc] Allocation Stall (main) 452,384ms
[1429,821s][info][gc] GC(2852) Garbage Collection (Allocation Stall) 996M(97%)->936M(91%)
[1430,307s][info][gc] Allocation Stall (main) 446,006ms
[1430,321s][info][gc] GC(2853) Garbage Collection (Allocation Stall) 984M(96%)->942M(92%)
[1430,798s][info][gc] Allocation Stall (main) 438,166ms
[1430,811s][info][gc] GC(2854) Garbage Collection (Allocation Stall) 978M(96%)->944M(92%)
[1431,306s][info][gc] Allocation Stall (main) 458,930ms
[1431,317s][info][gc] GC(2855) Garbage Collection (Allocation Stall) 1016M(99%)->908M(89%)
[1431,795s][info][gc] Allocation Stall (main) 424,328ms
[1431,810s][info][gc] GC(2856) Garbage Collection (Allocation Stall) 964M(94%)->962M(94%)
[1432,310s][info][gc] Allocation Stall (main) 471,589ms
[1432,319s][info][gc] GC(2857) Garbage Collection (Allocation Stall) 1024M(100%)->900M(88%)
[1432,796s][info][gc] Allocation Stall (main) 418,571ms
[1432,812s][info][gc] GC(2858) Garbage Collection (Allocation Rate) 944M(92%)->988M(96%)
[1433,304s][info][gc] Relocation Stall (main) 4,796ms
[1433,304s][info][gc] Allocation Stall (main) 475,160ms
[1433,314s][info][gc] GC(2859) Garbage Collection (Allocation Stall) 1024M(100%)->896M(88%)
[1433,809s][info][gc] Relocation Stall (main) 2,418ms
[1433,809s][info][gc] Allocation Stall (main) 436,335ms
[1433,818s][info][gc] GC(2860) Garbage Collection (Allocation Rate) 960M(94%)->960M(94%)
[1434,327s][info][gc] Relocation Stall (main) 14,055ms
[1434,327s][info][gc] Allocation Stall (main) 478,599ms
[1434,341s][info][gc] GC(2861) Garbage Collection (Allocation Stall) 1014M(99%)->902M(88%)
[1434,887s][info][gc] Allocation Stall (main) 495,373ms
[1434,895s][info][gc] GC(2862) Garbage Collection (Allocation Stall) 1024M(100%)->892M(87%)
[1435,400s][info][gc] Allocation Stall (main) 448,085ms
[1435,419s][info][gc] GC(2863) Garbage Collection (Allocation Rate) 1004M(98%)->928M(91%)
[1435,914s][info][gc] Allocation Stall (main) 452,196ms
[1435,920s][info][gc] GC(2864) Garbage Collection (Allocation Stall) 982M(96%)->932M(91%)
[1436,408s][info][gc] Relocation Stall (main) 3,546ms
[1436,408s][info][gc] Allocation Stall (main) 445,106ms
[1436,419s][info][gc] GC(2865) Garbage Collection (Allocation Stall) 982M(96%)->940M(92%)
[1436,910s][info][gc] Allocation Stall (main) 452,622ms
[1436,921s][info][gc] GC(2866) Garbage Collection (Allocation Stall) 994M(97%)->932M(91%)
[1437,404s][info][gc] Allocation Stall (main) 439,899ms
[1437,423s][info][gc] GC(2867) Garbage Collection (Allocation Stall) 978M(96%)->954M(93%)
[1437,915s][info][gc] Allocation Stall (main) 459,544ms
[1437,929s][info][gc] GC(2868) Garbage Collection (Allocation Stall) 988M(96%)->934M(91%)
[1438,406s][info][gc] Allocation Stall (main) 432,875ms
[1438,416s][info][gc] GC(2869) Garbage Collection (Allocation Stall) 964M(94%)->954M(93%)
[1438,899s][info][gc] Allocation Stall (main) 450,088ms
[1438,914s][info][gc] GC(2870) Garbage Collection (Allocation Stall) 1012M(99%)->912M(89%)
[1439,402s][info][gc] Allocation Stall (main) 437,253ms
[1439,410s][info][gc] GC(2871) Garbage Collection (Allocation Stall) 966M(94%)->950M(93%)
[1439,909s][info][gc] Allocation Stall (main) 463,805ms
[1439,937s][info][gc] GC(2872) Garbage Collection (Allocation Stall) 1022M(100%)->920M(90%)
[1440,430s][info][gc] Allocation Stall (main) 440,939ms
[1440,440s][info][gc] GC(2873) Garbage Collection (Allocation Stall) 932M(91%)->974M(95%)
[1440,932s][info][gc] Relocation Stall (main) 4,948ms
[1440,932s][info][gc] Allocation Stall (main) 468,173ms
[1440,936s][info][gc] GC(2874) Garbage Collection (Allocation Stall) 1024M(100%)->882M(86%)
[1441,396s][info][gc] Allocation Stall (main) 388,473ms
[1441,409s][info][gc] GC(2875) Garbage Collection (Allocation Rate) 896M(88%)->1016M(99%)
[1441,874s][info][gc] Allocation Stall (main) 461,244ms
[1441,883s][info][gc] GC(2876) Garbage Collection (Allocation Stall) 1024M(100%)->894M(87%)
[1442,406s][info][gc] Allocation Stall (main) 468,066ms
[1442,438s][info][gc] GC(2877) Garbage Collection (Allocation Stall) 1024M(100%)->922M(90%)
[1442,950s][info][gc] Allocation Stall (main) 461,319ms
[1442,953s][info][gc] GC(2878) Garbage Collection (Allocation Rate) 934M(91%)->962M(94%)
[1443,437s][info][gc] Allocation Stall (main) 454,608ms
[1443,447s][info][gc] GC(2879) Garbage Collection (Allocation Stall) 1024M(100%)->892M(87%)
[1443,955s][info][gc] Allocation Stall (main) 454,209ms
[1443,963s][info][gc] GC(2880) Garbage Collection (Allocation Stall) 1024M(100%)->900M(88%)
[1444,476s][info][gc] Allocation Stall (main) 460,079ms
[1444,501s][info][gc] GC(2881) Garbage Collection (Allocation Stall) 1024M(100%)->924M(90%)
[1445,033s][info][gc] Allocation Stall (main) 488,467ms
[1445,060s][info][gc] GC(2882) Garbage Collection (Allocation Rate) 1024M(100%)->920M(90%)
[1445,603s][info][gc] Relocation Stall (main) 5,834ms
[1445,603s][info][gc] Allocation Stall (main) 497,848ms
[1445,607s][info][gc] GC(2883) Garbage Collection (Allocation Stall) 1024M(100%)->880M(86%)
[1446,099s][info][gc] Allocation Stall (main) 427,564ms
[1446,114s][info][gc] GC(2884) Garbage Collection (Allocation Rate) 962M(94%)->962M(94%)
[1446,607s][info][gc] Allocation Stall (main) 464,129ms
[1446,616s][info][gc] GC(2885) Garbage Collection (Allocation Stall) 1024M(100%)->896M(88%)
[1447,097s][info][gc] Allocation Stall (main) 423,624ms
[1447,112s][info][gc] GC(2886) Garbage Collection (Allocation Rate) 956M(93%)->972M(95%)
[1447,601s][info][gc] Allocation Stall (main) 463,745ms
[1447,614s][info][gc] GC(2887) Garbage Collection (Allocation Stall) 1024M(100%)->904M(88%)
[1448,103s][info][gc] Allocation Stall (main) 434,019ms
[1448,120s][info][gc] GC(2888) Garbage Collection (Allocation Rate) 962M(94%)->966M(94%)
[1448,611s][info][gc] Allocation Stall (main) 463,755ms
[1448,626s][info][gc] GC(2889) Garbage Collection (Allocation Stall) 1016M(99%)->910M(89%)
[1449,109s][info][gc] Relocation Stall (main) 2,404ms
[1449,109s][info][gc] Allocation Stall (main) 429,319ms
[1449,114s][info][gc] GC(2890) Garbage Collection (Allocation Stall) 948M(93%)->962M(94%)
[1449,600s][info][gc] Allocation Stall (main) 457,527ms
[1449,607s][info][gc] GC(2891) Garbage Collection (Allocation Stall) 1016M(99%)->906M(88%)
[1450,098s][info][gc] Allocation Stall (main) 439,195ms
[1450,116s][info][gc] GC(2892) Garbage Collection (Allocation Stall) 990M(97%)->946M(92%)
[1450,624s][info][gc] Allocation Stall (main) 473,554ms
[1450,641s][info][gc] GC(2893) Garbage Collection (Allocation Stall) 1008M(98%)->926M(90%)
[1451,117s][info][gc] Allocation Stall (main) 426,314ms
[1451,124s][info][gc] GC(2894) Garbage Collection (Allocation Stall) 932M(91%)->982M(96%)
[1451,595s][info][gc] Allocation Stall (main) 451,343ms
[1451,609s][info][gc] GC(2895) Garbage Collection (Allocation Stall) 1014M(99%)->918M(90%)
[1452,108s][info][gc] Allocation Stall (main) 451,112ms
[1452,124s][info][gc] GC(2896) Garbage Collection (Allocation Stall) 994M(97%)->938M(92%)
[1452,612s][info][gc] Allocation Stall (main) 448,977ms
[1452,626s][info][gc] GC(2897) Garbage Collection (Allocation Stall) 980M(96%)->946M(92%)
[1453,118s][info][gc] Relocation Stall (main) 7,650ms
[1453,118s][info][gc] Allocation Stall (main) 455,293ms
[1453,126s][info][gc] GC(2898) Garbage Collection (Allocation Stall) 980M(96%)->932M(91%)
[1453,612s][info][gc] Allocation Stall (main) 442,993ms
[1453,617s][info][gc] GC(2899) Garbage Collection (Allocation Stall) 968M(95%)->944M(92%)
[1454,099s][info][gc] Allocation Stall (main) 445,792ms
[1454,109s][info][gc] GC(2900) Garbage Collection (Allocation Stall) 1002M(98%)->926M(90%)
[1454,611s][info][gc] Allocation Stall (main) 459,280ms
[1454,624s][info][gc] GC(2901) Garbage Collection (Allocation Stall) 1000M(98%)->936M(91%)
[1455,105s][info][gc] Allocation Stall (main) 440,783ms
[1455,126s][info][gc] GC(2902) Garbage Collection (Allocation Stall) 976M(95%)->966M(94%)
[1455,630s][info][gc] Allocation Stall (main) 477,409ms
[1455,648s][info][gc] GC(2903) Garbage Collection (Allocation Stall) 1004M(98%)->926M(90%)
[1456,166s][info][gc] Relocation Stall (main) 4,645ms
[1456,166s][info][gc] Allocation Stall (main) 474,626ms
[1456,178s][info][gc] GC(2904) Garbage Collection (Allocation Stall) 1024M(100%)->898M(88%)
[1456,705s][info][gc] Allocation Stall (main) 473,532ms
[1456,719s][info][gc] GC(2905) Garbage Collection (Allocation Stall) 1024M(100%)->906M(88%)
[1457,207s][info][gc] Allocation Stall (main) 433,621ms
[1457,216s][info][gc] GC(2906) Garbage Collection (Allocation Rate) 958M(94%)->962M(94%)
[1457,706s][info][gc] Allocation Stall (main) 461,279ms
[1457,729s][info][gc] GC(2907) Garbage Collection (Allocation Stall) 1022M(100%)->920M(90%)
[1458,220s][info][gc] Allocation Stall (main) 442,468ms
[1458,231s][info][gc] GC(2908) Garbage Collection (Allocation Stall) 950M(93%)->968M(95%)
[1458,701s][info][gc] Allocation Stall (main) 441,369ms
[1458,710s][info][gc] GC(2909) Garbage Collection (Allocation Stall) 986M(96%)->934M(91%)
[1459,207s][info][gc] Relocation Stall (main) 4,885ms
[1459,207s][info][gc] Allocation Stall (main) 453,754ms
[1459,215s][info][gc] GC(2910) Garbage Collection (Allocation Stall) 1008M(98%)->912M(89%)
[1459,706s][info][gc] Allocation Stall (main) 439,998ms
[1459,727s][info][gc] GC(2911) Garbage Collection (Allocation Stall) 974M(95%)->962M(94%)
[1460,219s][info][gc] Allocation Stall (main) 464,530ms
[1460,232s][info][gc] GC(2912) Garbage Collection (Allocation Stall) 998M(97%)->924M(90%)
[1460,712s][info][gc] Allocation Stall (main) 429,713ms
[1460,730s][info][gc] GC(2913) Garbage Collection (Allocation Stall) 946M(92%)->978M(96%)
[1461,222s][info][gc] Allocation Stall (main) 470,111ms
[1461,232s][info][gc] GC(2914) Garbage Collection (Allocation Stall) 1006M(98%)->910M(89%)
[1461,708s][info][gc] Allocation Stall (main) 419,530ms
[1461,712s][info][gc] GC(2915) Garbage Collection (Allocation Stall) 932M(91%)->972M(95%)
[1462,197s][info][gc] Relocation Stall (main) 5,100ms
[1462,197s][info][gc] Allocation Stall (main) 460,874ms
[1462,212s][info][gc] GC(2916) Garbage Collection (Allocation Stall) 1024M(100%)->900M(88%)
[1462,720s][info][gc] Allocation Stall (main) 453,090ms
[1462,730s][info][gc] GC(2917) Garbage Collection (Allocation Rate) 970M(95%)->946M(92%)
[1463,208s][info][gc] Allocation Stall (main) 439,767ms
[1463,225s][info][gc] GC(2918) Garbage Collection (Allocation Stall) 972M(95%)->952M(93%)
[1463,713s][info][gc] Allocation Stall (main) 454,944ms
[1463,730s][info][gc] GC(2919) Garbage Collection (Allocation Stall) 992M(97%)->930M(91%)
[1464,208s][info][gc] Allocation Stall (main) 432,899ms
[1464,215s][info][gc] GC(2920) Garbage Collection (Allocation Stall) 958M(94%)->950M(93%)
[1464,698s][info][gc] Allocation Stall (main) 449,678ms
[1464,714s][info][gc] GC(2921) Garbage Collection (Allocation Stall) 1012M(99%)->914M(89%)
[1465,212s][info][gc] Allocation Stall (main) 447,958ms
[1465,220s][info][gc] GC(2922) Garbage Collection (Allocation Stall) 978M(96%)->936M(91%)
[1465,698s][info][gc] Allocation Stall (main) 437,024ms
[1465,709s][info][gc] GC(2923) Garbage Collection (Allocation Stall) 986M(96%)->936M(91%)
[1466,199s][info][gc] Allocation Stall (main) 450,097ms
[1466,212s][info][gc] GC(2924) Garbage Collection (Allocation Stall) 1002M(98%)->926M(90%)
[1466,704s][info][gc] Allocation Stall (main) 447,461ms
[1466,721s][info][gc] GC(2925) Garbage Collection (Allocation Stall) 984M(96%)->948M(93%)
[1467,209s][info][gc] Allocation Stall (main) 452,907ms
[1467,222s][info][gc] GC(2926) Garbage Collection (Allocation Stall) 996M(97%)->928M(91%)
[1467,709s][info][gc] Allocation Stall (main) 443,990ms
[1467,731s][info][gc] GC(2927) Garbage Collection (Allocation Stall) 976M(95%)->956M(93%)
[1468,221s][info][gc] Allocation Stall (main) 457,018ms
[1468,227s][info][gc] GC(2928) Garbage Collection (Allocation Stall) 982M(96%)->928M(91%)
[1468,697s][info][gc] Allocation Stall (main) 423,044ms
[1468,704s][info][gc] GC(2929) Garbage Collection (Allocation Stall) 962M(94%)->950M(93%)
[1469,202s][info][gc] Allocation Stall (main) 464,810ms
[1469,223s][info][gc] GC(2930) Garbage Collection (Allocation Stall) 1024M(100%)->912M(89%)
[1469,727s][info][gc] Allocation Stall (main) 452,844ms
[1469,730s][info][gc] GC(2931) Garbage Collection (Allocation Rate) 958M(94%)->954M(93%)
[1470,198s][info][gc] Allocation Stall (main) 434,250ms
[1470,212s][info][gc] GC(2932) Garbage Collection (Allocation Stall) 982M(96%)->946M(92%)
[1470,718s][info][gc] Allocation Stall (main) 471,125ms
[1470,729s][info][gc] GC(2933) Garbage Collection (Allocation Stall) 1018M(99%)->908M(89%)
[1471,232s][info][gc] Relocation Stall (main) 22,534ms
[1471,233s][info][gc] Allocation Stall (main) 446,607ms
[1471,233s][info][gc] GC(2934) Garbage Collection (Allocation Stall) 936M(91%)->954M(93%)
[1471,733s][info][gc] Allocation Stall (main) 465,373ms
[1471,737s][info][gc] GC(2935) Garbage Collection (Allocation Stall) 976M(95%)->930M(91%)
[1472,205s][info][gc] Relocation Stall (main) 5,923ms
[1472,205s][info][gc] Allocation Stall (main) 420,921ms
[1472,210s][info][gc] GC(2936) Garbage Collection (Allocation Stall) 944M(92%)->962M(94%)
[1472,693s][info][gc] Allocation Stall (main) 454,108ms
[1472,702s][info][gc] GC(2937) Garbage Collection (Allocation Stall) 1024M(100%)->898M(88%)
[1473,199s][info][gc] Allocation Stall (main) 441,395ms
[1473,219s][info][gc] GC(2938) Garbage Collection (Allocation Rate) 990M(97%)->946M(92%)
[1473,716s][info][gc] Allocation Stall (main) 461,278ms
[1473,731s][info][gc] GC(2939) Garbage Collection (Allocation Stall) 988M(96%)->936M(91%)
[1474,214s][info][gc] Relocation Stall (main) 2,409ms
[1474,214s][info][gc] Allocation Stall (main) 439,121ms
[1474,220s][info][gc] GC(2940) Garbage Collection (Allocation Stall) 952M(93%)->956M(93%)
[1474,699s][info][gc] Allocation Stall (main) 447,639ms
[1474,710s][info][gc] GC(2941) Garbage Collection (Allocation Stall) 1006M(98%)->918M(90%)
[1475,200s][info][gc] Allocation Stall (main) 442,100ms
[1475,213s][info][gc] GC(2942) Garbage Collection (Allocation Stall) 984M(96%)->944M(92%)
[1475,704s][info][gc] Allocation Stall (main) 454,741ms
[1475,716s][info][gc] GC(2943) Garbage Collection (Allocation Stall) 1008M(98%)->922M(90%)
[1476,207s][info][gc] Allocation Stall (main) 443,847ms
[1476,221s][info][gc] GC(2944) Garbage Collection (Allocation Stall) 980M(96%)->948M(93%)
[1476,703s][info][gc] Allocation Stall (main) 446,739ms
[1476,713s][info][gc] GC(2945) Garbage Collection (Allocation Stall) 986M(96%)->940M(92%)
[1477,203s][info][gc] Allocation Stall (main) 451,836ms
[1477,217s][info][gc] GC(2946) Garbage Collection (Allocation Stall) 1004M(98%)->928M(91%)
[1477,712s][info][gc] Allocation Stall (main) 451,517ms
[1477,729s][info][gc] GC(2947) Garbage Collection (Allocation Stall) 986M(96%)->948M(93%)
[1478,219s][info][gc] Allocation Stall (main) 454,136ms
[1478,224s][info][gc] GC(2948) Garbage Collection (Allocation Stall) 978M(96%)->940M(92%)
[1478,703s][info][gc] Allocation Stall (main) 439,282ms
[1478,721s][info][gc] GC(2949) Garbage Collection (Allocation Stall) 980M(96%)->956M(93%)
[1479,209s][info][gc] Allocation Stall (main) 457,566ms
[1479,230s][info][gc] GC(2950) Garbage Collection (Allocation Stall) 996M(97%)->938M(92%)
[1479,720s][info][gc] Allocation Stall (main) 448,906ms
[1479,728s][info][gc] GC(2951) Garbage Collection (Allocation Stall) 966M(94%)->946M(92%)
[1480,203s][info][gc] Allocation Stall (main) 438,303ms
[1480,227s][info][gc] GC(2952) Garbage Collection (Allocation Stall) 980M(96%)->954M(93%)
[1480,733s][info][gc] Allocation Stall (main) 474,020ms
[1480,739s][info][gc] GC(2953) Garbage Collection (Allocation Stall) 990M(97%)->920M(90%)
[1481,239s][info][gc] Allocation Stall (main) 451,772ms
[1481,251s][info][gc] GC(2954) Garbage Collection (Allocation Stall) 1024M(100%)->902M(88%)
[1481,769s][info][gc] Allocation Stall (main) 466,987ms
[1481,787s][info][gc] GC(2955) Garbage Collection (Allocation Stall) 1024M(100%)->910M(89%)
[1482,304s][info][gc] Allocation Stall (main) 469,145ms
[1482,322s][info][gc] GC(2956) Garbage Collection (Allocation Stall) 1024M(100%)->912M(89%)
[1482,809s][info][gc] Allocation Stall (main) 435,243ms
[1482,818s][info][gc] GC(2957) Garbage Collection (Allocation Rate) 958M(94%)->958M(94%)
[1483,304s][info][gc] Relocation Stall (main) 4,621ms
[1483,304s][info][gc] Allocation Stall (main) 454,551ms
[1483,320s][info][gc] GC(2958) Garbage Collection (Allocation Stall) 1002M(98%)->922M(90%)
[1483,825s][info][gc] Allocation Stall (main) 458,865ms
[1483,835s][info][gc] GC(2959) Garbage Collection (Allocation Stall) 974M(95%)->946M(92%)
[1484,321s][info][gc] Allocation Stall (main) 445,663ms
[1484,326s][info][gc] GC(2960) Garbage Collection (Allocation Stall) 960M(94%)->952M(93%)
[1484,792s][info][gc] Allocation Stall (main) 433,524ms
[1484,802s][info][gc] GC(2961) Garbage Collection (Allocation Stall) 982M(96%)->942M(92%)
[1485,300s][info][gc] Allocation Stall (main) 460,910ms
[1485,319s][info][gc] GC(2962) Garbage Collection (Allocation Stall) 1024M(100%)->916M(89%)
[1485,817s][info][gc] Allocation Stall (main) 449,518ms
[1485,837s][info][gc] GC(2963) Garbage Collection (Allocation Rate) 966M(94%)->966M(94%)
[1486,331s][info][gc] Allocation Stall (main) 464,119ms
[1486,336s][info][gc] GC(2964) Garbage Collection (Allocation Stall) 976M(95%)->934M(91%)
[1486,800s][info][gc] Allocation Stall (main) 418,397ms
[1486,811s][info][gc] GC(2965) Garbage Collection (Allocation Stall) 948M(93%)->972M(95%)
[1487,294s][info][gc] Allocation Stall (main) 458,650ms
[1487,306s][info][gc] GC(2966) Garbage Collection (Allocation Stall) 1024M(100%)->902M(88%)
[1487,809s][info][gc] Relocation Stall (main) 3,641ms
[1487,809s][info][gc] Allocation Stall (main) 448,714ms
[1487,816s][info][gc] GC(2967) Garbage Collection (Allocation Rate) 986M(96%)->936M(91%)
[1488,303s][info][gc] Allocation Stall (main) 446,298ms
[1488,319s][info][gc] GC(2968) Garbage Collection (Allocation Stall) 996M(97%)->938M(92%)
[1488,809s][info][gc] Allocation Stall (main) 452,061ms
[1488,824s][info][gc] GC(2969) Garbage Collection (Allocation Stall) 992M(97%)->938M(92%)
[1489,305s][info][gc] Allocation Stall (main) 440,562ms
[1489,316s][info][gc] GC(2970) Garbage Collection (Allocation Stall) 970M(95%)->956M(93%)
[1489,806s][info][gc] Allocation Stall (main) 458,652ms
[1489,823s][info][gc] GC(2971) Garbage Collection (Allocation Stall) 1014M(99%)->920M(90%)
[1490,312s][info][gc] Allocation Stall (main) 440,816ms
[1490,330s][info][gc] GC(2972) Garbage Collection (Allocation Stall) 962M(94%)->966M(94%)
[1490,817s][info][gc] Allocation Stall (main) 459,543ms
[1490,823s][info][gc] GC(2973) Garbage Collection (Allocation Stall) 994M(97%)->918M(90%)
[1491,291s][info][gc] Allocation Stall (main) 419,842ms
[1491,304s][info][gc] GC(2974) Garbage Collection (Allocation Stall) 962M(94%)->964M(94%)
[1491,795s][info][gc] Allocation Stall (main) 462,847ms
[1491,812s][info][gc] GC(2975) Garbage Collection (Allocation Stall) 1024M(100%)->910M(89%)
[1492,315s][info][gc] Relocation Stall (main) 3,770ms
[1492,315s][info][gc] Allocation Stall (main) 452,715ms
[1492,327s][info][gc] GC(2976) Garbage Collection (Allocation Rate) 980M(96%)->942M(92%)
[1492,813s][info][gc] Allocation Stall (main) 447,388ms
[1492,827s][info][gc] GC(2977) Garbage Collection (Allocation Stall) 976M(95%)->944M(92%)
[1493,304s][info][gc] Allocation Stall (main) 440,886ms
[1493,312s][info][gc] GC(2978) Garbage Collection (Allocation Stall) 980M(96%)->936M(91%)
[1493,800s][info][gc] Allocation Stall (main) 447,237ms
[1493,810s][info][gc] GC(2979) Garbage Collection (Allocation Stall) 1004M(98%)->924M(90%)
[1494,300s][info][gc] Allocation Stall (main) 444,973ms
[1494,314s][info][gc] GC(2980) Garbage Collection (Allocation Stall) 998M(97%)->936M(91%)
[1494,809s][info][gc] Allocation Stall (main) 455,664ms
[1494,835s][info][gc] GC(2981) Garbage Collection (Allocation Stall) 1002M(98%)->944M(92%)
[1495,326s][info][gc] Allocation Stall (main) 450,911ms
[1495,343s][info][gc] GC(2982) Garbage Collection (Allocation Stall) 952M(93%)->968M(95%)
[1495,819s][info][gc] Allocation Stall (main) 447,558ms
[1495,826s][info][gc] GC(2983) Garbage Collection (Allocation Stall) 970M(95%)->936M(91%)
[1496,302s][info][gc] Allocation Stall (main) 434,103ms
[1496,308s][info][gc] GC(2984) Garbage Collection (Allocation Stall) 966M(94%)->944M(92%)
[1496,799s][info][gc] Allocation Stall (main) 455,793ms
[1496,824s][info][gc] GC(2985) Garbage Collection (Allocation Stall) 1024M(100%)->916M(89%)
[1497,325s][info][gc] Allocation Stall (main) 451,846ms
[1497,342s][info][gc] GC(2986) Garbage Collection (Allocation Stall) 958M(94%)->964M(94%)
[1497,824s][info][gc] Allocation Stall (main) 451,743ms
[1497,829s][info][gc] GC(2987) Garbage Collection (Allocation Stall) 964M(94%)->940M(92%)
[1498,301s][info][gc] Allocation Stall (main) 432,519ms
[1498,320s][info][gc] GC(2988) Garbage Collection (Allocation Stall) 970M(95%)->956M(93%)
[1498,816s][info][gc] Allocation Stall (main) 465,814ms
[1498,824s][info][gc] GC(2989) Garbage Collection (Allocation Stall) 1008M(98%)->902M(88%)
[1499,297s][info][gc] Relocation Stall (main) 1,380ms
[1499,297s][info][gc] Allocation Stall (main) 415,216ms
[1499,305s][info][gc] GC(2990) Garbage Collection (Allocation Stall) 944M(92%)->966M(94%)
[1499,794s][info][gc] Allocation Stall (main) 462,011ms
[1499,810s][info][gc] GC(2991) Garbage Collection (Allocation Stall) 1024M(100%)->906M(88%)
[1500,309s][info][gc] Allocation Stall (main) 447,469ms
[1500,329s][info][gc] GC(2992) Garbage Collection (Allocation Rate) 972M(95%)->958M(94%)
[1500,827s][info][gc] Allocation Stall (main) 468,299ms
[1500,835s][info][gc] GC(2993) Garbage Collection (Allocation Stall) 988M(96%)->924M(90%)
[1501,298s][info][gc] Allocation Stall (main) 412,570ms
[1501,309s][info][gc] GC(2994) Garbage Collection (Allocation Stall) 940M(92%)->974M(95%)
[1501,795s][info][gc] Allocation Stall (main) 463,077ms
[1501,803s][info][gc] GC(2995) Garbage Collection (Allocation Stall) 1024M(100%)->896M(88%)
[1502,295s][info][gc] Allocation Stall (main) 433,613ms
[1502,319s][info][gc] GC(2996) Garbage Collection (Allocation Rate) 974M(95%)->964M(94%)
[1502,825s][info][gc] Allocation Stall (main) 479,656ms
[1502,834s][info][gc] GC(2997) Garbage Collection (Allocation Stall) 1018M(99%)->900M(88%)
[1503,298s][info][gc] Allocation Stall (main) 400,939ms
[1503,313s][info][gc] GC(2998) Garbage Collection (Allocation Stall) 918M(90%)->1002M(98%)
[1503,794s][info][gc] Allocation Stall (main) 469,922ms
[1503,803s][info][gc] GC(2999) Garbage Collection (Allocation Stall) 1024M(100%)->896M(88%)
[1504,302s][info][gc] Allocation Stall (main) 439,285ms
[1504,323s][info][gc] GC(3000) Garbage Collection (Allocation Rate) 988M(96%)->946M(92%)
[1504,816s][info][gc] Allocation Stall (main) 457,439ms
[1504,834s][info][gc] GC(3001) Garbage Collection (Allocation Stall) 990M(97%)->936M(91%)
[1505,311s][info][gc] Allocation Stall (main) 435,046ms
[1505,317s][info][gc] GC(3002) Garbage Collection (Allocation Stall) 956M(93%)->948M(93%)
[1505,790s][info][gc] Allocation Stall (main) 438,401ms
[1505,801s][info][gc] GC(3003) Garbage Collection (Allocation Stall) 998M(97%)->926M(90%)
[1506,305s][info][gc] Allocation Stall (main) 459,911ms
[1506,314s][info][gc] GC(3004) Garbage Collection (Allocation Stall) 1022M(100%)->906M(88%)
[1506,795s][info][gc] Allocation Stall (main) 427,607ms
[1506,809s][info][gc] GC(3005) Garbage Collection (Allocation Stall) 970M(95%)->962M(94%)
[1507,306s][info][gc] Relocation Stall (main) 4,954ms
[1507,306s][info][gc] Allocation Stall (main) 469,240ms
[1507,319s][info][gc] GC(3006) Garbage Collection (Allocation Stall) 1024M(100%)->906M(88%)
[1507,818s][info][gc] Allocation Stall (main) 445,798ms
[1507,835s][info][gc] GC(3007) Garbage Collection (Allocation Rate) 960M(94%)->970M(95%)
[1508,320s][info][gc] Allocation Stall (main) 459,700ms
[1508,337s][info][gc] GC(3008) Garbage Collection (Allocation Stall) 998M(97%)->930M(91%)
[1508,820s][info][gc] Allocation Stall (main) 435,921ms
[1508,825s][info][gc] GC(3009) Garbage Collection (Allocation Stall) 954M(93%)->958M(94%)
[1509,304s][info][gc] Relocation Stall (main) 2,748ms
[1509,304s][info][gc] Allocation Stall (main) 447,985ms
[1509,307s][info][gc] GC(3010) Garbage Collection (Allocation Stall) 1008M(98%)->908M(89%)
[1509,817s][info][gc] Allocation Stall (main) 455,335ms
[1509,848s][info][gc] GC(3011) Garbage Collection (Allocation Stall) 1004M(98%)->952M(93%)
[1510,385s][info][gc] Relocation Stall (main) 5,119ms
[1510,385s][info][gc] Allocation Stall (main) 504,924ms
[1510,388s][info][gc] GC(3012) Garbage Collection (Allocation Stall) 1024M(100%)->884M(86%)
[1510,907s][info][gc] Allocation Stall (main) 458,906ms
[1510,927s][info][gc] GC(3013) Garbage Collection (Allocation Rate) 1020M(100%)->922M(90%)
[1511,431s][info][gc] Allocation Stall (main) 456,513ms
[1511,444s][info][gc] GC(3014) Garbage Collection (Allocation Stall) 968M(95%)->956M(93%)
[1511,944s][info][gc] Relocation Stall (main) 5,358ms
[1511,944s][info][gc] Allocation Stall (main) 468,704ms
[1511,953s][info][gc] GC(3015) Garbage Collection (Allocation Stall) 1024M(100%)->894M(87%)
[1512,478s][info][gc] Relocation Stall (main) 5,113ms
[1512,478s][info][gc] Allocation Stall (main) 470,463ms
[1512,488s][info][gc] GC(3016) Garbage Collection (Allocation Stall) 1024M(100%)->898M(88%)
[1513,007s][info][gc] Allocation Stall (main) 465,902ms
[1513,022s][info][gc] GC(3017) Garbage Collection (Allocation Stall) 1024M(100%)->912M(89%)
[1513,521s][info][gc] Allocation Stall (main) 445,985ms
[1513,549s][info][gc] GC(3018) Garbage Collection (Allocation Rate) 962M(94%)->980M(96%)
[1514,072s][info][gc] Relocation Stall (main) 5,322ms
[1514,072s][info][gc] Allocation Stall (main) 502,531ms
[1514,074s][info][gc] GC(3019) Garbage Collection (Allocation Stall) 1024M(100%)->878M(86%)
[1514,590s][info][gc] Allocation Stall (main) 453,805ms
[1514,603s][info][gc] GC(3020) Garbage Collection (Allocation Stall) 1024M(100%)->904M(88%)
[1515,108s][info][gc] Allocation Stall (main) 451,679ms
[1515,128s][info][gc] GC(3021) Garbage Collection (Allocation Rate) 986M(96%)->948M(93%)
[1515,625s][info][gc] Allocation Stall (main) 462,326ms
[1515,632s][info][gc] GC(3022) Garbage Collection (Allocation Stall) 994M(97%)->924M(90%)
[1516,102s][info][gc] Allocation Stall (main) 421,446ms
[1516,117s][info][gc] GC(3023) Garbage Collection (Allocation Stall) 956M(93%)->968M(95%)
[1516,609s][info][gc] Allocation Stall (main) 465,962ms
[1516,626s][info][gc] GC(3024) Garbage Collection (Allocation Stall) 1024M(100%)->906M(88%)
[1517,117s][info][gc] Allocation Stall (main) 436,668ms
[1517,125s][info][gc] GC(3025) Garbage Collection (Allocation Rate) 956M(93%)->958M(94%)
[1517,606s][info][gc] Allocation Stall (main) 450,905ms
[1517,620s][info][gc] GC(3026) Garbage Collection (Allocation Stall) 1010M(99%)->918M(90%)
[1518,118s][info][gc] Allocation Stall (main) 450,303ms
[1518,133s][info][gc] GC(3027) Garbage Collection (Allocation Stall) 982M(96%)->948M(93%)
[1518,609s][info][gc] Allocation Stall (main) 440,417ms
[1518,623s][info][gc] GC(3028) Garbage Collection (Allocation Stall) 976M(95%)->948M(93%)
[1519,119s][info][gc] Allocation Stall (main) 462,828ms
[1519,132s][info][gc] GC(3029) Garbage Collection (Allocation Stall) 1000M(98%)->926M(90%)
[1519,608s][info][gc] Allocation Stall (main) 428,772ms
[1519,627s][info][gc] GC(3030) Garbage Collection (Allocation Stall) 954M(93%)->972M(95%)
[1520,120s][info][gc] Allocation Stall (main) 469,801ms
[1520,131s][info][gc] GC(3031) Garbage Collection (Allocation Stall) 1014M(99%)->904M(88%)
[1520,608s][info][gc] Allocation Stall (main) 419,092ms
[1520,622s][info][gc] GC(3032) Garbage Collection (Allocation Stall) 932M(91%)->986M(96%)
[1521,115s][info][gc] Relocation Stall (main) 4,908ms
[1521,115s][info][gc] Allocation Stall (main) 474,468ms
[1521,125s][info][gc] GC(3033) Garbage Collection (Allocation Stall) 1024M(100%)->890M(87%)
[1521,610s][info][gc] Allocation Stall (main) 421,525ms
[1521,618s][info][gc] GC(3034) Garbage Collection (Allocation Rate) 936M(91%)->972M(95%)
[1522,101s][info][gc] Allocation Stall (main) 459,087ms
[1522,121s][info][gc] GC(3035) Garbage Collection (Allocation Stall) 1024M(100%)->906M(88%)
[1522,628s][info][gc] Allocation Stall (main) 455,171ms
[1522,635s][info][gc] GC(3036) Garbage Collection (Allocation Rate) 970M(95%)->942M(92%)
[1523,109s][info][gc] Allocation Stall (main) 433,176ms
[1523,124s][info][gc] GC(3037) Garbage Collection (Allocation Stall) 968M(95%)->956M(93%)
[1523,607s][info][gc] Allocation Stall (main) 451,069ms
[1523,613s][info][gc] GC(3038) Garbage Collection (Allocation Stall) 988M(96%)->926M(90%)
[1524,103s][info][gc] Allocation Stall (main) 445,592ms
[1524,123s][info][gc] GC(3039) Garbage Collection (Allocation Stall) 998M(97%)->938M(92%)
[1524,619s][info][gc] Allocation Stall (main) 457,061ms
[1524,625s][info][gc] GC(3040) Garbage Collection (Allocation Stall) 988M(96%)->928M(91%)
[1525,094s][info][gc] Allocation Stall (main) 421,151ms
[1525,101s][info][gc] GC(3041) Garbage Collection (Allocation Stall) 956M(93%)->964M(94%)
[1525,583s][info][gc] Allocation Stall (main) 453,993ms
[1525,598s][info][gc] GC(3042) Garbage Collection (Allocation Stall) 1024M(100%)->912M(89%)
[1526,114s][info][gc] Allocation Stall (main) 468,735ms
[1526,131s][info][gc] GC(3043) Garbage Collection (Allocation Stall) 1024M(100%)->916M(89%)
[1526,614s][info][gc] Allocation Stall (main) 430,959ms
[1526,634s][info][gc] GC(3044) Garbage Collection (Allocation Rate) 944M(92%)->990M(97%)
[1527,128s][info][gc] Allocation Stall (main) 477,450ms
[1527,135s][info][gc] GC(3045) Garbage Collection (Allocation Stall) 1020M(100%)->898M(88%)
[1527,605s][info][gc] Allocation Stall (main) 407,383ms
[1527,621s][info][gc] GC(3046) Garbage Collection (Allocation Stall) 924M(90%)->1000M(98%)
[1528,103s][info][gc] Allocation Stall (main) 470,865ms
[1528,111s][info][gc] GC(3047) Garbage Collection (Allocation Stall) 1024M(100%)->894M(87%)
[1528,615s][info][gc] Allocation Stall (main) 445,654ms
[1528,636s][info][gc] GC(3048) Garbage Collection (Allocation Rate) 978M(96%)->956M(93%)
[1529,133s][info][gc] Allocation Stall (main) 465,171ms
[1529,151s][info][gc] GC(3049) Garbage Collection (Allocation Stall) 984M(96%)->938M(92%)
[1529,662s][info][gc] Allocation Stall (main) 472,708ms
[1529,670s][info][gc] GC(3050) Garbage Collection (Allocation Stall) 1024M(100%)->890M(87%)
[1530,187s][info][gc] Allocation Stall (main) 460,167ms
[1530,200s][info][gc] GC(3051) Garbage Collection (Allocation Stall) 1024M(100%)->908M(89%)
[1530,714s][info][gc] Relocation Stall (main) 9,030ms
[1530,714s][info][gc] Allocation Stall (main) 463,396ms
[1530,720s][info][gc] GC(3052) Garbage Collection (Allocation Rate) 996M(97%)->914M(89%)
[1531,211s][info][gc] Allocation Stall (main) 439,968ms
[1531,226s][info][gc] GC(3053) Garbage Collection (Allocation Stall) 966M(94%)->956M(93%)
[1531,727s][info][gc] Allocation Stall (main) 469,784ms
[1531,748s][info][gc] GC(3054) Garbage Collection (Allocation Stall) 1006M(98%)->926M(90%)
[1532,270s][info][gc] Relocation Stall (main) 5,465ms
[1532,270s][info][gc] Allocation Stall (main) 479,881ms
[1532,271s][info][gc] GC(3055) Garbage Collection (Allocation Stall) 1024M(100%)->878M(86%)
[1532,786s][info][gc] Allocation Stall (main) 453,871ms
[1532,806s][info][gc] GC(3056) Garbage Collection (Allocation Stall) 1024M(100%)->912M(89%)
[1533,320s][info][gc] Allocation Stall (main) 466,969ms
[1533,334s][info][gc] GC(3057) Garbage Collection (Allocation Rate) 1006M(98%)->922M(90%)
[1533,816s][info][gc] Allocation Stall (main) 431,746ms
[1533,829s][info][gc] GC(3058) Garbage Collection (Allocation Stall) 952M(93%)->970M(95%)
[1534,309s][info][gc] Allocation Stall (main) 452,788ms
[1534,320s][info][gc] GC(3059) Garbage Collection (Allocation Stall) 992M(97%)->928M(91%)
[1534,811s][info][gc] Allocation Stall (main) 446,794ms
[1534,825s][info][gc] GC(3060) Garbage Collection (Allocation Stall) 990M(97%)->936M(91%)
[1535,315s][info][gc] Relocation Stall (main) 3,330ms
[1535,315s][info][gc] Allocation Stall (main) 449,410ms
[1535,326s][info][gc] GC(3061) Garbage Collection (Allocation Stall) 980M(96%)->938M(92%)
[1535,814s][info][gc] Allocation Stall (main) 448,515ms
[1535,836s][info][gc] GC(3062) Garbage Collection (Allocation Stall) 986M(96%)->946M(92%)
[1536,328s][info][gc] Allocation Stall (main) 454,882ms
[1536,335s][info][gc] GC(3063) Garbage Collection (Allocation Stall) 972M(95%)->936M(91%)
[1536,806s][info][gc] Allocation Stall (main) 426,957ms
[1536,810s][info][gc] GC(3064) Garbage Collection (Allocation Stall) 964M(94%)->946M(92%)
[1537,305s][info][gc] Allocation Stall (main) 459,401ms
[1537,323s][info][gc] GC(3065) Garbage Collection (Allocation Stall) 1024M(100%)->910M(89%)
[1537,814s][info][gc] Relocation Stall (main) 2,825ms
[1537,814s][info][gc] Allocation Stall (main) 439,150ms
[1537,826s][info][gc] GC(3066) Garbage Collection (Allocation Rate) 960M(94%)->958M(94%)
[1538,312s][info][gc] Allocation Stall (main) 455,712ms
[1538,323s][info][gc] GC(3067) Garbage Collection (Allocation Stall) 996M(97%)->924M(90%)
[1538,808s][info][gc] Allocation Stall (main) 439,345ms
[1538,827s][info][gc] GC(3068) Garbage Collection (Allocation Stall) 980M(96%)->950M(93%)
[1539,324s][info][gc] Allocation Stall (main) 463,013ms
[1539,331s][info][gc] GC(3069) Garbage Collection (Allocation Stall) 996M(97%)->914M(89%)
[1539,794s][info][gc] Allocation Stall (main) 409,775ms
[1539,808s][info][gc] GC(3070) Garbage Collection (Allocation Stall) 934M(91%)->986M(96%)
[1540,299s][info][gc] Allocation Stall (main) 472,974ms
[1540,317s][info][gc] GC(3071) Garbage Collection (Allocation Stall) 1024M(100%)->904M(88%)
[1540,818s][info][gc] Allocation Stall (main) 447,535ms
[1540,828s][info][gc] GC(3072) Garbage Collection (Allocation Rate) 968M(95%)->948M(93%)
[1541,303s][info][gc] Allocation Stall (main) 439,449ms
[1541,321s][info][gc] GC(3073) Garbage Collection (Allocation Stall) 976M(95%)->950M(93%)
[1541,828s][info][gc] Allocation Stall (main) 472,342ms
[1541,834s][info][gc] GC(3074) Garbage Collection (Allocation Stall) 990M(97%)->922M(90%)
[1542,302s][info][gc] Allocation Stall (main) 418,154ms
[1542,318s][info][gc] GC(3075) Garbage Collection (Allocation Stall) 952M(93%)->972M(95%)
[1542,814s][info][gc] Allocation Stall (main) 472,441ms
[1542,829s][info][gc] GC(3076) Garbage Collection (Allocation Stall) 1024M(100%)->904M(88%)
[1543,324s][info][gc] Allocation Stall (main) 437,266ms
[1543,328s][info][gc] GC(3077) Garbage Collection (Allocation Rate) 946M(92%)->966M(94%)
[1543,806s][info][gc] Allocation Stall (main) 451,134ms
[1543,822s][info][gc] GC(3078) Garbage Collection (Allocation Stall) 1004M(98%)->928M(91%)
[1544,317s][info][gc] Allocation Stall (main) 451,901ms
[1544,323s][info][gc] GC(3079) Garbage Collection (Allocation Stall) 988M(96%)->934M(91%)
[1544,800s][info][gc] Allocation Stall (main) 434,757ms
[1544,811s][info][gc] GC(3080) Garbage Collection (Allocation Stall) 982M(96%)->946M(92%)
[1545,307s][info][gc] Allocation Stall (main) 460,874ms
[1545,326s][info][gc] GC(3081) Garbage Collection (Allocation Stall) 1008M(98%)->932M(91%)
[1545,819s][info][gc] Allocation Stall (main) 450,083ms
[1545,832s][info][gc] GC(3082) Garbage Collection (Allocation Stall) 972M(95%)->954M(93%)
[1546,321s][info][gc] Allocation Stall (main) 457,671ms
[1546,330s][info][gc] GC(3083) Garbage Collection (Allocation Stall) 992M(97%)->930M(91%)
[1546,794s][info][gc] Allocation Stall (main) 418,097ms
[1546,807s][info][gc] GC(3084) Garbage Collection (Allocation Stall) 952M(93%)->976M(95%)
[1547,291s][info][gc] Allocation Stall (main) 460,946ms
[1547,308s][info][gc] GC(3085) Garbage Collection (Allocation Stall) 1024M(100%)->912M(89%)
[1547,820s][info][gc] Relocation Stall (main) 0,860ms
[1547,821s][info][gc] Allocation Stall (main) 463,431ms
[1547,836s][info][gc] GC(3086) Garbage Collection (Allocation Rate) 1004M(98%)->930M(91%)
[1548,308s][info][gc] Allocation Stall (main) 423,568ms
[1548,322s][info][gc] GC(3087) Garbage Collection (Allocation Stall) 936M(91%)->986M(96%)
[1548,804s][info][gc] Allocation Stall (main) 463,956ms
[1548,811s][info][gc] GC(3088) Garbage Collection (Allocation Stall) 1024M(100%)->894M(87%)
[1549,297s][info][gc] Allocation Stall (main) 426,622ms
[1549,314s][info][gc] GC(3089) Garbage Collection (Allocation Rate) 960M(94%)->970M(95%)
[1549,812s][info][gc] Relocation Stall (main) 4,965ms
[1549,812s][info][gc] Allocation Stall (main) 474,213ms
[1549,823s][info][gc] GC(3090) Garbage Collection (Allocation Stall) 1024M(100%)->900M(88%)
[1550,314s][info][gc] Relocation Stall (main) 10,887ms
[1550,314s][info][gc] Allocation Stall (main) 433,875ms
[1550,322s][info][gc] GC(3091) Garbage Collection (Allocation Rate) 944M(92%)->962M(94%)
[1550,818s][info][gc] Allocation Stall (main) 467,829ms
[1550,826s][info][gc] GC(3092) Garbage Collection (Allocation Stall) 1014M(99%)->900M(88%)
[1551,299s][info][gc] Allocation Stall (main) 413,086ms
[1551,305s][info][gc] GC(3093) Garbage Collection (Allocation Stall) 940M(92%)->974M(95%)
[1551,779s][info][gc] Allocation Stall (main) 451,144ms
[1551,793s][info][gc] GC(3094) Garbage Collection (Allocation Stall) 1024M(100%)->908M(89%)
[1552,303s][info][gc] Allocation Stall (main) 460,622ms
[1552,323s][info][gc] GC(3095) Garbage Collection (Allocation Rate) 1018M(99%)->922M(90%)
[1552,813s][info][gc] Allocation Stall (main) 442,308ms
[1552,828s][info][gc] GC(3096) Garbage Collection (Allocation Stall) 960M(94%)->964M(94%)
[1553,316s][info][gc] Allocation Stall (main) 459,981ms
[1553,326s][info][gc] GC(3097) Garbage Collection (Allocation Stall) 1008M(98%)->914M(89%)
[1553,809s][info][gc] Allocation Stall (main) 431,090ms
[1553,822s][info][gc] GC(3098) Garbage Collection (Allocation Stall) 962M(94%)->962M(94%)
[1554,317s][info][gc] Allocation Stall (main) 466,951ms
[1554,345s][info][gc] GC(3099) Garbage Collection (Allocation Stall) 1014M(99%)->928M(91%)
[1554,875s][info][gc] Allocation Stall (main) 487,978ms
[1554,882s][info][gc] GC(3100) Garbage Collection (Allocation Stall) 1024M(100%)->890M(87%)
[1555,400s][info][gc] Relocation Stall (main) 4,539ms
[1555,400s][info][gc] Allocation Stall (main) 459,429ms
[1555,414s][info][gc] GC(3101) Garbage Collection (Allocation Stall) 1024M(100%)->902M(88%)
[1555,921s][info][gc] Allocation Stall (main) 451,688ms
[1555,937s][info][gc] GC(3102) Garbage Collection (Allocation Rate) 978M(96%)->948M(93%)
[1556,422s][info][gc] Relocation Stall (main) 3,533ms
[1556,422s][info][gc] Allocation Stall (main) 446,057ms
[1556,434s][info][gc] GC(3103) Garbage Collection (Allocation Stall) 972M(95%)->942M(92%)
[1556,920s][info][gc] Allocation Stall (main) 445,085ms
[1556,936s][info][gc] GC(3104) Garbage Collection (Allocation Stall) 956M(93%)->962M(94%)
[1557,422s][info][gc] Allocation Stall (main) 455,813ms
[1557,433s][info][gc] GC(3105) Garbage Collection (Allocation Stall) 986M(96%)->922M(90%)
[1557,907s][info][gc] Allocation Stall (main) 424,267ms
[1557,915s][info][gc] GC(3106) Garbage Collection (Allocation Stall) 950M(93%)->956M(93%)
[1558,424s][info][gc] Relocation Stall (main) 4,972ms
[1558,424s][info][gc] Allocation Stall (main) 476,632ms
[1558,428s][info][gc] GC(3107) Garbage Collection (Allocation Stall) 1024M(100%)->884M(86%)
[1558,891s][info][gc] Allocation Stall (main) 393,899ms
[1558,897s][info][gc] GC(3108) Garbage Collection (Allocation Rate) 910M(89%)->998M(97%)
[1559,364s][info][gc] Allocation Stall (main) 453,946ms
[1559,373s][info][gc] GC(3109) Garbage Collection (Allocation Stall) 1024M(100%)->902M(88%)
[1559,887s][info][gc] Allocation Stall (main) 461,267ms
[1559,908s][info][gc] GC(3110) Garbage Collection (Allocation Stall) 1024M(100%)->918M(90%)
[1560,427s][info][gc] Allocation Stall (main) 473,296ms
[1560,443s][info][gc] GC(3111) Garbage Collection (Allocation Rate) 1012M(99%)->920M(90%)
[1560,914s][info][gc] Allocation Stall (main) 418,443ms
[1560,922s][info][gc] GC(3112) Garbage Collection (Allocation Stall) 930M(91%)->984M(96%)
[1561,410s][info][gc] Relocation Stall (main) 5,107ms
[1561,410s][info][gc] Allocation Stall (main) 468,232ms
[1561,432s][info][gc] GC(3113) Garbage Collection (Allocation Stall) 1024M(100%)->910M(89%)
[1561,935s][info][gc] Allocation Stall (main) 446,032ms
[1561,939s][info][gc] GC(3114) Garbage Collection (Allocation Rate) 926M(90%)->976M(95%)
[1562,405s][info][gc] Allocation Stall (main) 441,151ms
[1562,419s][info][gc] GC(3115) Garbage Collection (Allocation Stall) 994M(97%)->930M(91%)
[1562,916s][info][gc] Allocation Stall (main) 456,063ms
[1562,924s][info][gc] GC(3116) Garbage Collection (Allocation Stall) 998M(97%)->922M(90%)
[1563,407s][info][gc] Allocation Stall (main) 435,893ms
[1563,419s][info][gc] GC(3117) Garbage Collection (Allocation Stall) 974M(95%)->950M(93%)
[1563,918s][info][gc] Allocation Stall (main) 465,383ms
[1563,942s][info][gc] GC(3118) Garbage Collection (Allocation Stall) 1016M(99%)->926M(90%)
[1564,429s][info][gc] Allocation Stall (main) 437,942ms
[1564,435s][info][gc] GC(3119) Garbage Collection (Allocation Stall) 938M(92%)->970M(95%)
[1564,906s][info][gc] Allocation Stall (main) 443,769ms
[1564,917s][info][gc] GC(3120) Garbage Collection (Allocation Stall) 980M(96%)->942M(92%)
[1565,405s][info][gc] Allocation Stall (main) 450,982ms
[1565,411s][info][gc] GC(3121) Garbage Collection (Allocation Stall) 1002M(98%)->916M(89%)
[1565,893s][info][gc] Allocation Stall (main) 432,843ms
[1565,912s][info][gc] GC(3122) Garbage Collection (Allocation Stall) 982M(96%)->956M(93%)
[1566,426s][info][gc] Allocation Stall (main) 483,817ms
[1566,442s][info][gc] GC(3123) Garbage Collection (Allocation Stall) 1024M(100%)->910M(89%)
[1566,971s][info][gc] Relocation Stall (main) 4,556ms
[1566,972s][info][gc] Allocation Stall (main) 480,624ms
[1566,983s][info][gc] GC(3124) Garbage Collection (Allocation Stall) 1024M(100%)->902M(88%)
[1567,507s][info][gc] Relocation Stall (main) 4,763ms
[1567,507s][info][gc] Allocation Stall (main) 471,974ms
[1567,515s][info][gc] GC(3125) Garbage Collection (Allocation Stall) 1024M(100%)->898M(88%)
[1568,009s][info][gc] Allocation Stall (main) 435,818ms
[1568,020s][info][gc] GC(3126) Garbage Collection (Allocation Rate) 962M(94%)->962M(94%)
[1568,508s][info][gc] Allocation Stall (main) 460,073ms
[1568,521s][info][gc] GC(3127) Garbage Collection (Allocation Stall) 1020M(100%)->910M(89%)
[1569,009s][info][gc] Allocation Stall (main) 436,054ms
[1569,028s][info][gc] GC(3128) Garbage Collection (Allocation Stall) 964M(94%)->970M(95%)
[1569,520s][info][gc] Allocation Stall (main) 467,100ms
[1569,530s][info][gc] GC(3129) Garbage Collection (Allocation Stall) 1008M(98%)->914M(89%)
[1570,017s][info][gc] Relocation Stall (main) 8,154ms
[1570,018s][info][gc] Allocation Stall (main) 433,727ms
[1570,020s][info][gc] GC(3130) Garbage Collection (Allocation Stall) 952M(93%)->954M(93%)
[1570,513s][info][gc] Allocation Stall (main) 460,417ms
[1570,534s][info][gc] GC(3131) Garbage Collection (Allocation Stall) 1016M(99%)->920M(90%)
[1571,025s][info][gc] Allocation Stall (main) 441,301ms
[1571,033s][info][gc] GC(3132) Garbage Collection (Allocation Stall) 946M(92%)->968M(95%)
[1571,508s][info][gc] Allocation Stall (main) 447,439ms
[1571,526s][info][gc] GC(3133) Garbage Collection (Allocation Stall) 998M(97%)->934M(91%)
[1572,017s][info][gc] Allocation Stall (main) 449,846ms
[1572,024s][info][gc] GC(3134) Garbage Collection (Allocation Stall) 976M(95%)->932M(91%)
[1572,500s][info][gc] Allocation Stall (main) 434,609ms
[1572,512s][info][gc] GC(3135) Garbage Collection (Allocation Stall) 980M(96%)->942M(92%)
[1573,008s][info][gc] Allocation Stall (main) 458,899ms
[1573,026s][info][gc] GC(3136) Garbage Collection (Allocation Stall) 1016M(99%)->914M(89%)
[1573,521s][info][gc] Allocation Stall (main) 444,511ms
[1573,534s][info][gc] GC(3137) Garbage Collection (Allocation Stall) 958M(94%)->962M(94%)
[1574,014s][info][gc] Allocation Stall (main) 447,611ms
[1574,018s][info][gc] GC(3138) Garbage Collection (Allocation Stall) 976M(95%)->936M(91%)
[1574,518s][info][gc] Allocation Stall (main) 459,358ms
[1574,547s][info][gc] GC(3139) Garbage Collection (Allocation Stall) 1002M(98%)->944M(92%)
[1575,082s][info][gc] Allocation Stall (main) 498,497ms
[1575,094s][info][gc] GC(3140) Garbage Collection (Allocation Stall) 1024M(100%)->896M(88%)
[1575,624s][info][gc] Allocation Stall (main) 473,104ms
[1575,646s][info][gc] GC(3141) Garbage Collection (Allocation Rate) 1012M(99%)->918M(90%)
[1576,175s][info][gc] Relocation Stall (main) 5,744ms
[1576,175s][info][gc] Allocation Stall (main) 483,823ms
[1576,177s][info][gc] GC(3142) Garbage Collection (Allocation Stall) 1024M(100%)->878M(86%)
[1576,693s][info][gc] Allocation Stall (main) 453,175ms
[1576,704s][info][gc] GC(3143) Garbage Collection (Allocation Stall) 1024M(100%)->902M(88%)
[1577,210s][info][gc] Allocation Stall (main) 454,594ms
[1577,224s][info][gc] GC(3144) Garbage Collection (Allocation Rate) 1006M(98%)->928M(91%)
[1577,717s][info][gc] Allocation Stall (main) 448,399ms
[1577,735s][info][gc] GC(3145) Garbage Collection (Allocation Stall) 980M(96%)->952M(93%)
[1578,219s][info][gc] Allocation Stall (main) 449,717ms
[1578,227s][info][gc] GC(3146) Garbage Collection (Allocation Stall) 974M(95%)->944M(92%)
[1578,710s][info][gc] Allocation Stall (main) 445,670ms
[1578,728s][info][gc] GC(3147) Garbage Collection (Allocation Stall) 990M(97%)->942M(92%)
[1579,220s][info][gc] Allocation Stall (main) 455,016ms
[1579,236s][info][gc] GC(3148) Garbage Collection (Allocation Stall) 986M(96%)->942M(92%)
[1579,715s][info][gc] Allocation Stall (main) 436,466ms
[1579,734s][info][gc] GC(3149) Garbage Collection (Allocation Stall) 950M(93%)->974M(95%)
[1580,226s][info][gc] Allocation Stall (main) 467,677ms
[1580,234s][info][gc] GC(3150) Garbage Collection (Allocation Stall) 1002M(98%)->906M(88%)
[1580,708s][info][gc] Allocation Stall (main) 416,984ms
[1580,725s][info][gc] GC(3151) Garbage Collection (Allocation Stall) 936M(91%)->982M(96%)
[1581,222s][info][gc] Allocation Stall (main) 476,918ms
[1581,229s][info][gc] GC(3152) Garbage Collection (Allocation Stall) 1024M(100%)->888M(87%)
[1581,702s][info][gc] Relocation Stall (main) 1,881ms
[1581,702s][info][gc] Allocation Stall (main) 407,627ms
[1581,710s][info][gc] GC(3153) Garbage Collection (Allocation Rate) 928M(91%)->982M(96%)
[1582,190s][info][gc] Allocation Stall (main) 460,028ms
[1582,204s][info][gc] GC(3154) Garbage Collection (Allocation Stall) 1024M(100%)->902M(88%)
[1582,716s][info][gc] Allocation Stall (main) 459,443ms
[1582,732s][info][gc] GC(3155) Garbage Collection (Allocation Rate) 1004M(98%)->926M(90%)
[1583,218s][info][gc] Allocation Stall (main) 440,158ms
[1583,227s][info][gc] GC(3156) Garbage Collection (Allocation Stall) 962M(94%)->956M(93%)
[1583,707s][info][gc] Allocation Stall (main) 449,030ms
[1583,727s][info][gc] GC(3157) Garbage Collection (Allocation Stall) 1002M(98%)->934M(91%)
[1584,219s][info][gc] Allocation Stall (main) 447,235ms
[1584,234s][info][gc] GC(3158) Garbage Collection (Allocation Stall) 958M(94%)->964M(94%)
[1584,721s][info][gc] Allocation Stall (main) 457,869ms
[1584,727s][info][gc] GC(3159) Garbage Collection (Allocation Stall) 994M(97%)->920M(90%)
[1585,197s][info][gc] Allocation Stall (main) 417,687ms
[1585,204s][info][gc] GC(3160) Garbage Collection (Allocation Stall) 946M(92%)->970M(95%)
[1585,694s][info][gc] Allocation Stall (main) 464,932ms
[1585,712s][info][gc] GC(3161) Garbage Collection (Allocation Stall) 1024M(100%)->910M(89%)
[1586,224s][info][gc] Allocation Stall (main) 462,693ms
[1586,232s][info][gc] GC(3162) Garbage Collection (Allocation Rate) 994M(97%)->930M(91%)
[1586,706s][info][gc] Allocation Stall (main) 429,720ms
[1586,717s][info][gc] GC(3163) Garbage Collection (Allocation Stall) 966M(94%)->962M(94%)
[1587,214s][info][gc] Relocation Stall (main) 4,828ms
[1587,215s][info][gc] Allocation Stall (main) 469,354ms
[1587,219s][info][gc] GC(3164) Garbage Collection (Allocation Stall) 1016M(99%)->904M(88%)
[1587,702s][info][gc] Allocation Stall (main) 426,482ms
[1587,727s][info][gc] GC(3165) Garbage Collection (Allocation Stall) 948M(93%)->996M(97%)
[1588,235s][info][gc] Relocation Stall (main) 5,190ms
[1588,235s][info][gc] Allocation Stall (main) 494,324ms
[1588,240s][info][gc] GC(3166) Garbage Collection (Allocation Stall) 1024M(100%)->890M(87%)
[1588,707s][info][gc] Allocation Stall (main) 398,477ms
[1588,709s][info][gc] GC(3167) Garbage Collection (Allocation Rate) 900M(88%)->1006M(98%)
[1589,174s][info][gc] Allocation Stall (main) 455,155ms
[1589,191s][info][gc] GC(3168) Garbage Collection (Allocation Stall) 1024M(100%)->912M(89%)
[1589,709s][info][gc] Allocation Stall (main) 470,945ms
[1589,726s][info][gc] GC(3169) Garbage Collection (Allocation Stall) 1024M(100%)->914M(89%)
[1590,230s][info][gc] Relocation Stall (main) 2,633ms
[1590,230s][info][gc] Allocation Stall (main) 451,371ms
[1590,244s][info][gc] GC(3170) Garbage Collection (Allocation Rate) 958M(94%)->964M(94%)
[1590,747s][info][gc] Allocation Stall (main) 474,265ms
[1590,758s][info][gc] GC(3171) Garbage Collection (Allocation Stall) 1024M(100%)->900M(88%)
[1591,275s][info][gc] Allocation Stall (main) 463,085ms
[1591,294s][info][gc] GC(3172) Garbage Collection (Allocation Stall) 1024M(100%)->918M(90%)
[1591,820s][info][gc] Relocation Stall (main) 5,105ms
[1591,820s][info][gc] Allocation Stall (main) 478,150ms
[1591,836s][info][gc] GC(3173) Garbage Collection (Allocation Stall) 1024M(100%)->908M(89%)
[1592,317s][info][gc] Allocation Stall (main) 421,324ms
[1592,334s][info][gc] GC(3174) Garbage Collection (Allocation Rate) 918M(90%)->1004M(98%)
[1592,821s][info][gc] Relocation Stall (main) 5,004ms
[1592,821s][info][gc] Allocation Stall (main) 475,844ms
[1592,822s][info][gc] GC(3175) Garbage Collection (Allocation Stall) 1024M(100%)->878M(86%)
[1593,304s][info][gc] Allocation Stall (main) 413,902ms
[1593,326s][info][gc] GC(3176) Garbage Collection (Allocation Rate) 936M(91%)->992M(97%)
[1593,825s][info][gc] Allocation Stall (main) 483,592ms
[1593,833s][info][gc] GC(3177) Garbage Collection (Allocation Stall) 1024M(100%)->888M(87%)
[1594,299s][info][gc] Relocation Stall (main) 1,409ms
[1594,299s][info][gc] Allocation Stall (main) 401,099ms
[1594,303s][info][gc] GC(3178) Garbage Collection (Allocation Rate) 922M(90%)->980M(96%)
[1594,777s][info][gc] Allocation Stall (main) 452,833ms
[1594,788s][info][gc] GC(3179) Garbage Collection (Allocation Stall) 1024M(100%)->900M(88%)
[1595,303s][info][gc] Allocation Stall (main) 463,109ms
[1595,322s][info][gc] GC(3180) Garbage Collection (Allocation Stall) 1024M(100%)->914M(89%)
[1595,821s][info][gc] Allocation Stall (main) 448,533ms
[1595,832s][info][gc] GC(3181) Garbage Collection (Allocation Rate) 972M(95%)->950M(93%)
[1596,312s][info][gc] Allocation Stall (main) 446,008ms
[1596,320s][info][gc] GC(3182) Garbage Collection (Allocation Stall) 986M(96%)->934M(91%)
[1596,808s][info][gc] Allocation Stall (main) 447,434ms
[1596,827s][info][gc] GC(3183) Garbage Collection (Allocation Stall) 996M(97%)->940M(92%)
[1597,325s][info][gc] Allocation Stall (main) 458,985ms
[1597,343s][info][gc] GC(3184) Garbage Collection (Allocation Stall) 978M(96%)->952M(93%)
[1597,821s][info][gc] Allocation Stall (main) 442,018ms
[1597,838s][info][gc] GC(3185) Garbage Collection (Allocation Stall) 962M(94%)->962M(94%)
[1598,317s][info][gc] Allocation Stall (main) 446,894ms
[1598,325s][info][gc] GC(3186) Garbage Collection (Allocation Stall) 968M(95%)->940M(92%)
[1598,805s][info][gc] Allocation Stall (main) 441,241ms
[1598,826s][info][gc] GC(3187) Garbage Collection (Allocation Stall) 984M(96%)->946M(92%)
[1599,312s][info][gc] Allocation Stall (main) 448,582ms
[1599,318s][info][gc] GC(3188) Garbage Collection (Allocation Stall) 974M(95%)->934M(91%)
[1599,803s][info][gc] Allocation Stall (main) 443,914ms
[1599,820s][info][gc] GC(3189) Garbage Collection (Allocation Stall) 986M(96%)->938M(92%)
[1600,321s][info][gc] Relocation Stall (main) 3,185ms
[1600,321s][info][gc] Allocation Stall (main) 462,628ms
[1600,329s][info][gc] GC(3190) Garbage Collection (Allocation Stall) 994M(97%)->916M(89%)
[1600,810s][info][gc] Allocation Stall (main) 427,150ms
[1600,816s][info][gc] GC(3191) Garbage Collection (Allocation Stall) 940M(92%)->968M(95%)
[1601,298s][info][gc] Allocation Stall (main) 456,364ms
[1601,311s][info][gc] GC(3192) Garbage Collection (Allocation Stall) 1020M(100%)->908M(89%)
[1601,812s][info][gc] Allocation Stall (main) 450,050ms
[1601,825s][info][gc] GC(3193) Garbage Collection (Allocation Stall) 994M(97%)->936M(91%)
[1602,315s][info][gc] Allocation Stall (main) 449,161ms
[1602,326s][info][gc] GC(3194) Garbage Collection (Allocation Stall) 980M(96%)->944M(92%)
[1602,800s][info][gc] Allocation Stall (main) 436,374ms
[1602,812s][info][gc] GC(3195) Garbage Collection (Allocation Stall) 978M(96%)->948M(93%)
[1603,318s][info][gc] Allocation Stall (main) 471,329ms
[1603,337s][info][gc] GC(3196) Garbage Collection (Allocation Stall) 1022M(100%)->916M(89%)
[1603,810s][info][gc] Allocation Stall (main) 418,486ms
[1603,821s][info][gc] GC(3197) Garbage Collection (Allocation Stall) 926M(90%)->994M(97%)
[1604,300s][info][gc] Relocation Stall (main) 5,558ms
[1604,300s][info][gc] Allocation Stall (main) 463,886ms
[1604,312s][info][gc] GC(3198) Garbage Collection (Allocation Stall) 1024M(100%)->896M(88%)
[1604,823s][info][gc] Allocation Stall (main) 454,413ms
[1604,839s][info][gc] GC(3199) Garbage Collection (Allocation Rate) 978M(96%)->948M(93%)
[1605,316s][info][gc] Allocation Stall (main) 439,971ms
[1605,324s][info][gc] GC(3200) Garbage Collection (Allocation Stall) 968M(95%)->944M(92%)
[1605,797s][info][gc] Allocation Stall (main) 435,430ms
[1605,802s][info][gc] GC(3201) Garbage Collection (Allocation Stall) 982M(96%)->934M(91%)
[1606,296s][info][gc] Allocation Stall (main) 454,266ms
[1606,322s][info][gc] GC(3202) Garbage Collection (Allocation Stall) 1024M(100%)->924M(90%)
[1606,827s][info][gc] Allocation Stall (main) 458,117ms
[1606,846s][info][gc] GC(3203) Garbage Collection (Allocation Stall) 962M(94%)->964M(94%)
[1607,353s][info][gc] Allocation Stall (main) 478,882ms
[1607,361s][info][gc] GC(3204) Garbage Collection (Allocation Stall) 1024M(100%)->894M(87%)
[1607,870s][info][gc] Allocation Stall (main) 453,163ms
[1607,885s][info][gc] GC(3205) Garbage Collection (Allocation Stall) 1024M(100%)->908M(89%)
[1608,408s][info][gc] Relocation Stall (main) 4,242ms
[1608,408s][info][gc] Allocation Stall (main) 472,805ms
[1608,418s][info][gc] GC(3206) Garbage Collection (Allocation Stall) 1024M(100%)->900M(88%)
[1608,911s][info][gc] Allocation Stall (main) 435,732ms
[1608,927s][info][gc] GC(3207) Garbage Collection (Allocation Rate) 960M(94%)->968M(95%)
[1609,426s][info][gc] Relocation Stall (main) 9,218ms
[1609,426s][info][gc] Allocation Stall (main) 472,884ms
[1609,427s][info][gc] GC(3208) Garbage Collection (Allocation Stall) 1016M(99%)->888M(87%)
[1609,905s][info][gc] Allocation Stall (main) 413,366ms
[1609,924s][info][gc] GC(3209) Garbage Collection (Allocation Stall) 934M(91%)->992M(97%)
[1610,426s][info][gc] Allocation Stall (main) 486,825ms
[1610,434s][info][gc] GC(3210) Garbage Collection (Allocation Stall) 1024M(100%)->892M(87%)
[1610,897s][info][gc] Allocation Stall (main) 397,805ms
[1610,904s][info][gc] GC(3211) Garbage Collection (Allocation Rate) 916M(89%)->998M(97%)
[1611,376s][info][gc] Allocation Stall (main) 459,209ms
[1611,399s][info][gc] GC(3212) Garbage Collection (Allocation Stall) 1024M(100%)->916M(89%)
[1611,929s][info][gc] Allocation Stall (main) 484,009ms
[1611,945s][info][gc] GC(3213) Garbage Collection (Allocation Stall) 1024M(100%)->902M(88%)
[1612,463s][info][gc] Allocation Stall (main) 466,638ms
[1612,473s][info][gc] GC(3214) Garbage Collection (Allocation Stall) 1024M(100%)->900M(88%)
[1613,001s][info][gc] Allocation Stall (main) 475,444ms
[1613,023s][info][gc] GC(3215) Garbage Collection (Allocation Stall) 1024M(100%)->916M(89%)
[1613,536s][info][gc] Allocation Stall (main) 464,827ms
[1613,544s][info][gc] GC(3216) Garbage Collection (Allocation Rate) 968M(95%)->950M(93%)
[1614,038s][info][gc] Allocation Stall (main) 459,398ms
[1614,057s][info][gc] GC(3217) Garbage Collection (Allocation Stall) 1024M(100%)->912M(89%)
[1614,582s][info][gc] Allocation Stall (main) 476,920ms
[1614,601s][info][gc] GC(3218) Garbage Collection (Allocation Stall) 1024M(100%)->912M(89%)
[1615,122s][info][gc] Allocation Stall (main) 473,725ms
[1615,144s][info][gc] GC(3219) Garbage Collection (Allocation Rate) 1018M(99%)->920M(90%)
[1615,678s][info][gc] Relocation Stall (main) 4,917ms
[1615,678s][info][gc] Allocation Stall (main) 488,256ms
[1615,681s][info][gc] GC(3220) Garbage Collection (Allocation Stall) 1024M(100%)->886M(87%)
[1616,198s][info][gc] Allocation Stall (main) 458,164ms
[1616,219s][info][gc] GC(3221) Garbage Collection (Allocation Stall) 1024M(100%)->916M(89%)
[1616,728s][info][gc] Relocation Stall (main) 2,492ms
[1616,728s][info][gc] Allocation Stall (main) 461,608ms
[1616,740s][info][gc] GC(3222) Garbage Collection (Allocation Rate) 984M(96%)->936M(91%)
[1617,219s][info][gc] Allocation Stall (main) 435,357ms
[1617,233s][info][gc] GC(3223) Garbage Collection (Allocation Stall) 954M(93%)->968M(95%)
[1617,716s][info][gc] Allocation Stall (main) 457,134ms
[1617,721s][info][gc] GC(3224) Garbage Collection (Allocation Stall) 1002M(98%)->912M(89%)
[1618,199s][info][gc] Allocation Stall (main) 426,733ms
[1618,212s][info][gc] GC(3225) Garbage Collection (Allocation Stall) 970M(95%)->958M(94%)
[1618,708s][info][gc] Allocation Stall (main) 466,118ms
[1618,716s][info][gc] GC(3226) Garbage Collection (Allocation Stall) 1024M(100%)->902M(88%)
[1619,208s][info][gc] Allocation Stall (main) 437,062ms
[1619,227s][info][gc] GC(3227) Garbage Collection (Allocation Rate) 974M(95%)->966M(94%)
[1619,744s][info][gc] Relocation Stall (main) 4,744ms
[1619,744s][info][gc] Allocation Stall (main) 490,267ms
[1619,748s][info][gc] GC(3228) Garbage Collection (Allocation Stall) 1014M(99%)->902M(88%)
[1620,263s][info][gc] Allocation Stall (main) 462,696ms
[1620,286s][info][gc] GC(3229) Garbage Collection (Allocation Stall) 1024M(100%)->924M(90%)
[1620,812s][info][gc] Allocation Stall (main) 482,570ms
[1620,827s][info][gc] GC(3230) Garbage Collection (Allocation Stall) 1024M(100%)->908M(89%)
[1621,315s][info][gc] Allocation Stall (main) 435,330ms
[1621,339s][info][gc] GC(3231) Garbage Collection (Allocation Rate) 956M(93%)->980M(96%)
[1621,832s][info][gc] Relocation Stall (main) 4,357ms
[1621,832s][info][gc] Allocation Stall (main) 471,899ms
[1621,834s][info][gc] GC(3232) Garbage Collection (Allocation Stall) 992M(97%)->910M(89%)
[1622,298s][info][gc] Allocation Stall (main) 407,167ms
[1622,306s][info][gc] GC(3233) Garbage Collection (Allocation Stall) 938M(92%)->974M(95%)
[1622,789s][info][gc] Relocation Stall (main) 4,869ms
[1622,789s][info][gc] Allocation Stall (main) 459,428ms
[1622,795s][info][gc] GC(3234) Garbage Collection (Allocation Stall) 1024M(100%)->894M(87%)
[1623,325s][info][gc] Allocation Stall (main) 474,136ms
[1623,361s][info][gc] GC(3235) Garbage Collection (Allocation Rate) 1020M(100%)->938M(92%)
[1623,906s][info][gc] Relocation Stall (main) 5,601ms
[1623,906s][info][gc] Allocation Stall (main) 507,716ms
[1623,916s][info][gc] GC(3236) Garbage Collection (Allocation Stall) 1024M(100%)->882M(86%)
[1624,409s][info][gc] Allocation Stall (main) 428,062ms
[1624,415s][info][gc] GC(3237) Garbage Collection (Allocation Rate) 946M(92%)->956M(93%)
[1624,901s][info][gc] Allocation Stall (main) 455,410ms
[1624,913s][info][gc] GC(3238) Garbage Collection (Allocation Stall) 1024M(100%)->896M(88%)
[1625,409s][info][gc] Allocation Stall (main) 438,868ms
[1625,418s][info][gc] GC(3239) Garbage Collection (Allocation Stall) 966M(94%)->954M(93%)
[1625,906s][info][gc] Relocation Stall (main) 2,858ms
[1625,906s][info][gc] Allocation Stall (main) 456,060ms
[1625,918s][info][gc] GC(3240) Garbage Collection (Allocation Stall) 1012M(99%)->912M(89%)
[1626,419s][info][gc] Allocation Stall (main) 451,580ms
[1626,435s][info][gc] GC(3241) Garbage Collection (Allocation Stall) 974M(95%)->952M(93%)
[1626,925s][info][gc] Allocation Stall (main) 456,597ms
[1626,933s][info][gc] GC(3242) Garbage Collection (Allocation Stall) 982M(96%)->934M(91%)
[1627,398s][info][gc] Allocation Stall (main) 419,496ms
[1627,414s][info][gc] GC(3243) Garbage Collection (Allocation Stall) 952M(93%)->976M(95%)
[1627,912s][info][gc] Allocation Stall (main) 475,158ms
[1627,922s][info][gc] GC(3244) Garbage Collection (Allocation Stall) 1024M(100%)->900M(88%)
[1628,409s][info][gc] Allocation Stall (main) 430,122ms
[1628,434s][info][gc] GC(3245) Garbage Collection (Allocation Rate) 958M(94%)->980M(96%)
[1628,934s][info][gc] Allocation Stall (main) 479,133ms
[1628,945s][info][gc] GC(3246) Garbage Collection (Allocation Stall) 1012M(99%)->904M(88%)
[1629,458s][info][gc] Allocation Stall (main) 460,922ms
[1629,471s][info][gc] GC(3247) Garbage Collection (Allocation Stall) 1024M(100%)->898M(88%)
[1629,984s][info][gc] Allocation Stall (main) 459,915ms
[1629,995s][info][gc] GC(3248) Garbage Collection (Allocation Stall) 1024M(100%)->904M(88%)
[1630,511s][info][gc] Allocation Stall (main) 464,280ms
[1630,533s][info][gc] GC(3249) Garbage Collection (Allocation Rate) 1022M(100%)->918M(90%)
[1631,025s][info][gc] Allocation Stall (main) 442,773ms
[1631,038s][info][gc] GC(3250) Garbage Collection (Allocation Stall) 952M(93%)->970M(95%)
[1631,517s][info][gc] Relocation Stall (main) 3,703ms
[1631,517s][info][gc] Allocation Stall (main) 451,292ms
[1631,519s][info][gc] GC(3251) Garbage Collection (Allocation Stall) 978M(96%)->928M(91%)
[1631,999s][info][gc] Allocation Stall (main) 436,923ms
[1632,013s][info][gc] GC(3252) Garbage Collection (Allocation Stall) 988M(96%)->938M(92%)
[1632,503s][info][gc] Allocation Stall (main) 449,856ms
[1632,513s][info][gc] GC(3253) Garbage Collection (Allocation Stall) 994M(97%)->932M(91%)
[1633,006s][info][gc] Allocation Stall (main) 450,759ms
[1633,025s][info][gc] GC(3254) Garbage Collection (Allocation Stall) 1004M(98%)->932M(91%)
[1633,517s][info][gc] Allocation Stall (main) 449,802ms
[1633,533s][info][gc] GC(3255) Garbage Collection (Allocation Stall) 978M(96%)->952M(93%)
[1634,021s][info][gc] Allocation Stall (main) 453,336ms
[1634,028s][info][gc] GC(3256) Garbage Collection (Allocation Stall) 984M(96%)->932M(91%)
[1634,497s][info][gc] Allocation Stall (main) 423,218ms
[1634,516s][info][gc] GC(3257) Garbage Collection (Allocation Stall) 958M(94%)->972M(95%)
[1635,013s][info][gc] Allocation Stall (main) 472,525ms
[1635,021s][info][gc] GC(3258) Garbage Collection (Allocation Stall) 1024M(100%)->894M(87%)
[1635,499s][info][gc] Allocation Stall (main) 417,019ms
[1635,516s][info][gc] GC(3259) Garbage Collection (Allocation Rate) 940M(92%)->986M(96%)
[1636,006s][info][gc] Allocation Stall (main) 472,738ms
[1636,014s][info][gc] GC(3260) Garbage Collection (Allocation Stall) 1024M(100%)->896M(88%)
[1636,495s][info][gc] Allocation Stall (main) 423,398ms
[1636,509s][info][gc] GC(3261) Garbage Collection (Allocation Rate) 966M(94%)->964M(94%)
[1637,010s][info][gc] Relocation Stall (main) 5,338ms
[1637,011s][info][gc] Allocation Stall (main) 474,029ms
[1637,023s][info][gc] GC(3262) Garbage Collection (Allocation Stall) 1024M(100%)->902M(88%)
[1637,511s][info][gc] Relocation Stall (main) 1,753ms
[1637,511s][info][gc] Allocation Stall (main) 428,642ms
[1637,524s][info][gc] GC(3263) Garbage Collection (Allocation Rate) 936M(91%)->982M(96%)
[1638,009s][info][gc] Allocation Stall (main) 465,302ms
[1638,021s][info][gc] GC(3264) Garbage Collection (Allocation Stall) 1024M(100%)->898M(88%)
[1638,512s][info][gc] Relocation Stall (main) 2,765ms
[1638,512s][info][gc] Allocation Stall (main) 433,547ms
[1638,526s][info][gc] GC(3265) Garbage Collection (Allocation Rate) 958M(94%)->962M(94%)
[1639,020s][info][gc] Allocation Stall (main) 464,846ms
[1639,028s][info][gc] GC(3266) Garbage Collection (Allocation Stall) 996M(97%)->922M(90%)
[1639,502s][info][gc] Allocation Stall (main) 425,235ms
[1639,509s][info][gc] GC(3267) Garbage Collection (Allocation Stall) 960M(94%)->960M(94%)
[1639,993s][info][gc] Allocation Stall (main) 453,901ms
[1640,005s][info][gc] GC(3268) Garbage Collection (Allocation Stall) 1024M(100%)->906M(88%)
[1640,513s][info][gc] Allocation Stall (main) 458,021ms
[1640,534s][info][gc] GC(3269) Garbage Collection (Allocation Rate) 1000M(98%)->940M(92%)
[1641,031s][info][gc] Relocation Stall (main) 3,216ms
[1641,031s][info][gc] Allocation Stall (main) 457,542ms
[1641,047s][info][gc] GC(3270) Garbage Collection (Allocation Stall) 972M(95%)->952M(93%)
[1641,553s][info][gc] Allocation Stall (main) 473,209ms
[1641,566s][info][gc] GC(3271) Garbage Collection (Allocation Stall) 1024M(100%)->900M(88%)
[1642,085s][info][gc] Relocation Stall (main) 5,390ms
[1642,086s][info][gc] Allocation Stall (main) 467,115ms
[1642,103s][info][gc] GC(3272) Garbage Collection (Allocation Stall) 1024M(100%)->902M(88%)
[1642,631s][info][gc] Allocation Stall (main) 475,346ms
[1642,641s][info][gc] GC(3273) Garbage Collection (Allocation Rate) 1000M(98%)->918M(90%)
[1643,110s][info][gc] Allocation Stall (main) 414,690ms
[1643,116s][info][gc] GC(3274) Garbage Collection (Allocation Stall) 932M(91%)->978M(96%)
[1643,599s][info][gc] Relocation Stall (main) 5,715ms
[1643,599s][info][gc] Allocation Stall (main) 460,703ms
[1643,608s][info][gc] GC(3275) Garbage Collection (Allocation Stall) 1024M(100%)->896M(88%)
[1644,106s][info][gc] Allocation Stall (main) 440,295ms
[1644,116s][info][gc] GC(3276) Garbage Collection (Allocation Rate) 968M(95%)->952M(93%)
[1644,603s][info][gc] Allocation Stall (main) 454,527ms
[1644,615s][info][gc] GC(3277) Garbage Collection (Allocation Stall) 1018M(99%)->910M(89%)
[1645,113s][info][gc] Allocation Stall (main) 447,871ms
[1645,133s][info][gc] GC(3278) Garbage Collection (Allocation Stall) 986M(96%)->952M(93%)
[1645,621s][info][gc] Allocation Stall (main) 453,676ms
[1645,636s][info][gc] GC(3279) Garbage Collection (Allocation Stall) 978M(96%)->946M(92%)
[1646,115s][info][gc] Allocation Stall (main) 440,717ms
[1646,126s][info][gc] GC(3280) Garbage Collection (Allocation Stall) 970M(95%)->950M(93%)
[1646,608s][info][gc] Allocation Stall (main) 447,239ms
[1646,628s][info][gc] GC(3281) Garbage Collection (Allocation Stall) 998M(97%)->932M(91%)
[1647,122s][info][gc] Allocation Stall (main) 452,800ms
[1647,132s][info][gc] GC(3282) Garbage Collection (Allocation Stall) 978M(96%)->934M(91%)
[1647,607s][info][gc] Allocation Stall (main) 430,218ms
[1647,623s][info][gc] GC(3283) Garbage Collection (Allocation Stall) 954M(93%)->964M(94%)
[1648,114s][info][gc] Allocation Stall (main) 463,942ms
[1648,129s][info][gc] GC(3284) Garbage Collection (Allocation Stall) 1008M(98%)->910M(89%)
[1648,610s][info][gc] Allocation Stall (main) 427,035ms
[1648,624s][info][gc] GC(3285) Garbage Collection (Allocation Stall) 946M(92%)->968M(95%)
[1649,106s][info][gc] Allocation Stall (main) 455,648ms
[1649,113s][info][gc] GC(3286) Garbage Collection (Allocation Stall) 1002M(98%)->908M(89%)
[1649,598s][info][gc] Allocation Stall (main) 432,373ms
[1649,607s][info][gc] GC(3287) Garbage Collection (Allocation Stall) 980M(96%)->938M(92%)
[1650,117s][info][gc] Relocation Stall (main) 5,015ms
[1650,117s][info][gc] Allocation Stall (main) 470,232ms
[1650,127s][info][gc] GC(3288) Garbage Collection (Allocation Stall) 1024M(100%)->898M(88%)
[1650,611s][info][gc] Allocation Stall (main) 424,788ms
[1650,629s][info][gc] GC(3289) Garbage Collection (Allocation Rate) 936M(91%)->988M(96%)
[1651,117s][info][gc] Allocation Stall (main) 471,342ms
[1651,128s][info][gc] GC(3290) Garbage Collection (Allocation Stall) 1024M(100%)->898M(88%)
[1651,602s][info][gc] Allocation Stall (main) 415,189ms
[1651,618s][info][gc] GC(3291) Garbage Collection (Allocation Rate) 942M(92%)->980M(96%)
[1652,108s][info][gc] Allocation Stall (main) 469,267ms
[1652,120s][info][gc] GC(3292) Garbage Collection (Allocation Stall) 1024M(100%)->898M(88%)
[1652,602s][info][gc] Allocation Stall (main) 423,999ms
[1652,611s][info][gc] GC(3293) Garbage Collection (Allocation Rate) 954M(93%)->962M(94%)
[1653,105s][info][gc] Relocation Stall (main) 4,975ms
[1653,105s][info][gc] Allocation Stall (main) 466,428ms
[1653,110s][info][gc] GC(3294) Garbage Collection (Allocation Stall) 1024M(100%)->894M(87%)
[1653,601s][info][gc] Allocation Stall (main) 431,906ms
[1653,614s][info][gc] GC(3295) Garbage Collection (Allocation Rate) 972M(95%)->956M(93%)
[1654,113s][info][gc] Allocation Stall (main) 468,472ms
[1654,126s][info][gc] GC(3296) Garbage Collection (Allocation Stall) 1024M(100%)->910M(89%)
[1654,617s][info][gc] Allocation Stall (main) 438,180ms
[1654,638s][info][gc] GC(3297) Garbage Collection (Allocation Rate) 960M(94%)->978M(96%)
[1655,132s][info][gc] Allocation Stall (main) 472,737ms
[1655,144s][info][gc] GC(3298) Garbage Collection (Allocation Stall) 1002M(98%)->922M(90%)
[1655,622s][info][gc] Allocation Stall (main) 424,899ms
[1655,626s][info][gc] GC(3299) Garbage Collection (Allocation Stall) 930M(91%)->978M(96%)
[1656,105s][info][gc] Allocation Stall (main) 457,562ms
[1656,119s][info][gc] GC(3300) Garbage Collection (Allocation Stall) 1024M(100%)->908M(89%)
[1656,611s][info][gc] Allocation Stall (main) 440,714ms
[1656,621s][info][gc] GC(3301) Garbage Collection (Allocation Rate) 976M(95%)->950M(93%)
[1657,125s][info][gc] Allocation Stall (main) 470,905ms
[1657,152s][info][gc] GC(3302) Garbage Collection (Allocation Stall) 1012M(99%)->934M(91%)
[1657,686s][info][gc] Relocation Stall (main) 4,904ms
[1657,686s][info][gc] Allocation Stall (main) 496,381ms
[1657,689s][info][gc] GC(3303) Garbage Collection (Allocation Stall) 1024M(100%)->884M(86%)
[1658,213s][info][gc] Relocation Stall (main) 7,042ms
[1658,213s][info][gc] Allocation Stall (main) 464,395ms
[1658,229s][info][gc] GC(3304) Garbage Collection (Allocation Rate) 1024M(100%)->904M(88%)
[1658,726s][info][gc] Allocation Stall (main) 442,412ms
[1658,743s][info][gc] GC(3305) Garbage Collection (Allocation Stall) 948M(93%)->974M(95%)
[1659,222s][info][gc] Allocation Stall (main) 453,622ms
[1659,248s][info][gc] GC(3306) Garbage Collection (Allocation Stall) 980M(96%)->946M(92%)
[1659,777s][info][gc] Allocation Stall (main) 494,331ms
[1659,784s][info][gc] GC(3307) Garbage Collection (Allocation Stall) 1024M(100%)->880M(86%)
[1660,295s][info][gc] Relocation Stall (main) 4,040ms
[1660,295s][info][gc] Allocation Stall (main) 448,843ms
[1660,298s][info][gc] GC(3308) Garbage Collection (Allocation Rate) 1014M(99%)->894M(87%)
[1660,808s][info][gc] Allocation Stall (main) 454,266ms
[1660,827s][info][gc] GC(3309) Garbage Collection (Allocation Stall) 1004M(98%)->928M(91%)
[1661,322s][info][gc] Allocation Stall (main) 450,231ms
[1661,330s][info][gc] GC(3310) Garbage Collection (Allocation Stall) 968M(95%)->944M(92%)
[1661,807s][info][gc] Allocation Stall (main) 438,871ms
[1661,820s][info][gc] GC(3311) Garbage Collection (Allocation Stall) 984M(96%)->938M(92%)
[1662,306s][info][gc] Allocation Stall (main) 447,516ms
[1662,315s][info][gc] GC(3312) Garbage Collection (Allocation Stall) 996M(97%)->926M(90%)
[1662,806s][info][gc] Allocation Stall (main) 446,512ms
[1662,818s][info][gc] GC(3313) Garbage Collection (Allocation Stall) 998M(97%)->934M(91%)
[1663,309s][info][gc] Allocation Stall (main) 449,246ms
[1663,319s][info][gc] GC(3314) Garbage Collection (Allocation Stall) 1000M(98%)->928M(91%)
[1663,797s][info][gc] Allocation Stall (main) 433,144ms
[1663,814s][info][gc] GC(3315) Garbage Collection (Allocation Stall) 974M(95%)->960M(94%)
[1664,320s][info][gc] Allocation Stall (main) 476,732ms
[1664,349s][info][gc] GC(3316) Garbage Collection (Allocation Stall) 1024M(100%)->922M(90%)
[1664,889s][info][gc] Allocation Stall (main) 497,233ms
[1664,901s][info][gc] GC(3317) Garbage Collection (Allocation Stall) 1024M(100%)->894M(87%)
[1665,415s][info][gc] Relocation Stall (main) 2,870ms
[1665,415s][info][gc] Allocation Stall (main) 456,642ms
[1665,432s][info][gc] GC(3318) Garbage Collection (Allocation Rate) 994M(97%)->930M(91%)
[1665,926s][info][gc] Allocation Stall (main) 449,947ms
[1665,939s][info][gc] GC(3319) Garbage Collection (Allocation Stall) 962M(94%)->954M(93%)
[1666,412s][info][gc] Allocation Stall (main) 437,746ms
[1666,427s][info][gc] GC(3320) Garbage Collection (Allocation Stall) 972M(95%)->948M(93%)
[1666,911s][info][gc] Allocation Stall (main) 447,393ms
[1666,918s][info][gc] GC(3321) Garbage Collection (Allocation Stall) 978M(96%)->932M(91%)
[1667,401s][info][gc] Allocation Stall (main) 440,974ms
[1667,408s][info][gc] GC(3322) Garbage Collection (Allocation Stall) 994M(97%)->922M(90%)
[1667,902s][info][gc] Allocation Stall (main) 448,958ms
[1667,919s][info][gc] GC(3323) Garbage Collection (Allocation Stall) 1008M(98%)->924M(90%)
[1668,416s][info][gc] Allocation Stall (main) 452,112ms
[1668,427s][info][gc] GC(3324) Garbage Collection (Allocation Stall) 984M(96%)->938M(92%)
[1668,906s][info][gc] Allocation Stall (main) 437,750ms
[1668,921s][info][gc] GC(3325) Garbage Collection (Allocation Stall) 976M(95%)->954M(93%)
[1669,407s][info][gc] Allocation Stall (main) 452,825ms
[1669,416s][info][gc] GC(3326) Garbage Collection (Allocation Stall) 994M(97%)->926M(90%)
[1669,900s][info][gc] Allocation Stall (main) 439,835ms
[1669,913s][info][gc] GC(3327) Garbage Collection (Allocation Stall) 984M(96%)->944M(92%)
[1670,412s][info][gc] Allocation Stall (main) 463,038ms
[1670,438s][info][gc] GC(3328) Garbage Collection (Allocation Stall) 1014M(99%)->934M(91%)
[1670,940s][info][gc] Allocation Stall (main) 457,098ms
[1670,943s][info][gc] GC(3329) Garbage Collection (Allocation Stall) 950M(93%)->960M(94%)
[1671,412s][info][gc] Allocation Stall (main) 436,356ms
[1671,427s][info][gc] GC(3330) Garbage Collection (Allocation Stall) 970M(95%)->956M(93%)
[1671,930s][info][gc] Allocation Stall (main) 472,132ms
[1671,947s][info][gc] GC(3331) Garbage Collection (Allocation Stall) 998M(97%)->928M(91%)
[1672,421s][info][gc] Allocation Stall (main) 426,821ms
[1672,427s][info][gc] GC(3332) Garbage Collection (Allocation Stall) 934M(91%)->972M(95%)
[1672,902s][info][gc] Allocation Stall (main) 450,491ms
[1672,916s][info][gc] GC(3333) Garbage Collection (Allocation Stall) 1018M(99%)->902M(88%)
[1673,411s][info][gc] Allocation Stall (main) 441,279ms
[1673,417s][info][gc] GC(3334) Garbage Collection (Allocation Stall) 970M(95%)->946M(92%)
[1673,907s][info][gc] Allocation Stall (main) 454,604ms
[1673,928s][info][gc] GC(3335) Garbage Collection (Allocation Stall) 1016M(99%)->928M(91%)
[1674,420s][info][gc] Allocation Stall (main) 448,929ms
[1674,429s][info][gc] GC(3336) Garbage Collection (Allocation Stall) 974M(95%)->946M(92%)
[1674,897s][info][gc] Allocation Stall (main) 430,513ms
[1674,912s][info][gc] GC(3337) Garbage Collection (Allocation Stall) 970M(95%)->960M(94%)
[1675,413s][info][gc] Allocation Stall (main) 471,483ms
[1675,428s][info][gc] GC(3338) Garbage Collection (Allocation Stall) 1024M(100%)->910M(89%)
[1675,915s][info][gc] Allocation Stall (main) 434,179ms
[1675,927s][info][gc] GC(3339) Garbage Collection (Allocation Rate) 954M(93%)->970M(95%)
[1676,406s][info][gc] Relocation Stall (main) 1,366ms
[1676,406s][info][gc] Allocation Stall (main) 452,949ms
[1676,417s][info][gc] GC(3340) Garbage Collection (Allocation Stall) 996M(97%)->928M(91%)
[1676,906s][info][gc] Allocation Stall (main) 445,125ms
[1676,923s][info][gc] GC(3341) Garbage Collection (Allocation Stall) 980M(96%)->952M(93%)
[1677,421s][info][gc] Relocation Stall (main) 4,930ms
[1677,421s][info][gc] Allocation Stall (main) 465,914ms
[1677,429s][info][gc] GC(3342) Garbage Collection (Allocation Stall) 1010M(99%)->904M(88%)
[1677,902s][info][gc] Allocation Stall (main) 413,366ms
[1677,921s][info][gc] GC(3343) Garbage Collection (Allocation Stall) 926M(90%)->1000M(98%)
[1678,414s][info][gc] Relocation Stall (main) 5,290ms
[1678,414s][info][gc] Allocation Stall (main) 480,499ms
[1678,416s][info][gc] GC(3344) Garbage Collection (Allocation Stall) 1024M(100%)->880M(86%)
[1678,899s][info][gc] Allocation Stall (main) 415,895ms
[1678,914s][info][gc] GC(3345) Garbage Collection (Allocation Rate) 942M(92%)->980M(96%)
[1679,400s][info][gc] Allocation Stall (main) 465,022ms
[1679,409s][info][gc] GC(3346) Garbage Collection (Allocation Stall) 1024M(100%)->898M(88%)
[1679,906s][info][gc] Allocation Stall (main) 440,663ms
[1679,919s][info][gc] GC(3347) Garbage Collection (Allocation Rate) 982M(96%)->946M(92%)
[1680,419s][info][gc] Allocation Stall (main) 464,971ms
[1680,435s][info][gc] GC(3348) Garbage Collection (Allocation Stall) 1012M(99%)->920M(90%)
[1680,908s][info][gc] Allocation Stall (main) 420,157ms
[1680,922s][info][gc] GC(3349) Garbage Collection (Allocation Stall) 928M(91%)->992M(97%)
[1681,402s][info][gc] Allocation Stall (main) 464,116ms
[1681,412s][info][gc] GC(3350) Garbage Collection (Allocation Stall) 1024M(100%)->898M(88%)
[1681,900s][info][gc] Allocation Stall (main) 431,065ms
[1681,913s][info][gc] GC(3351) Garbage Collection (Allocation Rate) 972M(95%)->956M(93%)
[1682,402s][info][gc] Allocation Stall (main) 458,299ms
[1682,414s][info][gc] GC(3352) Garbage Collection (Allocation Stall) 1016M(99%)->912M(89%)
[1682,911s][info][gc] Allocation Stall (main) 447,526ms
[1682,931s][info][gc] GC(3353) Garbage Collection (Allocation Stall) 990M(97%)->948M(93%)
[1683,437s][info][gc] Allocation Stall (main) 471,391ms
[1683,462s][info][gc] GC(3354) Garbage Collection (Allocation Stall) 978M(96%)->956M(93%)
[1683,984s][info][gc] Relocation Stall (main) 5,350ms
[1683,984s][info][gc] Allocation Stall (main) 492,227ms
[1683,990s][info][gc] GC(3355) Garbage Collection (Allocation Stall) 1024M(100%)->880M(86%)
[1684,501s][info][gc] Relocation Stall (main) 3,929ms
[1684,501s][info][gc] Allocation Stall (main) 450,387ms
[1684,510s][info][gc] GC(3356) Garbage Collection (Allocation Rate) 1000M(98%)->914M(89%)
[1685,011s][info][gc] Allocation Stall (main) 451,912ms
[1685,027s][info][gc] GC(3357) Garbage Collection (Allocation Stall) 994M(97%)->932M(91%)
[1685,515s][info][gc] Allocation Stall (main) 446,216ms
[1685,523s][info][gc] GC(3358) Garbage Collection (Allocation Stall) 980M(96%)->934M(91%)
[1685,997s][info][gc] Allocation Stall (main) 430,067ms
[1686,016s][info][gc] GC(3359) Garbage Collection (Allocation Stall) 966M(94%)->960M(94%)
[1686,528s][info][gc] Allocation Stall (main) 482,596ms
[1686,536s][info][gc] GC(3360) Garbage Collection (Allocation Stall) 1024M(100%)->892M(87%)
[1686,999s][info][gc] Allocation Stall (main) 395,314ms
[1687,003s][info][gc] GC(3361) Garbage Collection (Allocation Rate) 900M(88%)->1008M(98%)
[1687,463s][info][gc] Allocation Stall (main) 451,035ms
[1687,472s][info][gc] GC(3362) Garbage Collection (Allocation Stall) 1024M(100%)->904M(88%)
[1687,985s][info][gc] Relocation Stall (main) 4,932ms
[1687,985s][info][gc] Allocation Stall (main) 461,272ms
[1687,995s][info][gc] GC(3363) Garbage Collection (Allocation Stall) 1024M(100%)->906M(88%)
[1688,515s][info][gc] Allocation Stall (main) 469,255ms
[1688,534s][info][gc] GC(3364) Garbage Collection (Allocation Stall) 1024M(100%)->920M(90%)
[1689,018s][info][gc] Allocation Stall (main) 434,155ms
[1689,030s][info][gc] GC(3365) Garbage Collection (Allocation Rate) 946M(92%)->980M(96%)
[1689,516s][info][gc] Allocation Stall (main) 464,859ms
[1689,529s][info][gc] GC(3366) Garbage Collection (Allocation Stall) 1020M(100%)->914M(89%)
[1690,009s][info][gc] Allocation Stall (main) 426,478ms
[1690,029s][info][gc] GC(3367) Garbage Collection (Allocation Stall) 946M(92%)->986M(96%)
[1690,538s][info][gc] Relocation Stall (main) 5,336ms
[1690,538s][info][gc] Allocation Stall (main) 490,734ms
[1690,552s][info][gc] GC(3368) Garbage Collection (Allocation Stall) 1024M(100%)->894M(87%)
[1691,087s][info][gc] Allocation Stall (main) 479,924ms
[1691,097s][info][gc] GC(3369) Garbage Collection (Allocation Stall) 1024M(100%)->896M(88%)
[1691,612s][info][gc] Allocation Stall (main) 460,210ms
[1691,631s][info][gc] GC(3370) Garbage Collection (Allocation Rate) 1016M(99%)->918M(90%)
[1692,121s][info][gc] Allocation Stall (main) 439,633ms
[1692,128s][info][gc] GC(3371) Garbage Collection (Allocation Stall) 956M(93%)->960M(94%)
[1692,604s][info][gc] Allocation Stall (main) 445,493ms
[1692,613s][info][gc] GC(3372) Garbage Collection (Allocation Stall) 1002M(98%)->922M(90%)
[1693,100s][info][gc] Allocation Stall (main) 441,426ms
[1693,110s][info][gc] GC(3373) Garbage Collection (Allocation Stall) 994M(97%)->934M(91%)
[1693,602s][info][gc] Relocation Stall (main) 3,189ms
[1693,602s][info][gc] Allocation Stall (main) 451,349ms
[1693,622s][info][gc] GC(3374) Garbage Collection (Allocation Stall) 1000M(98%)->940M(92%)
[1694,127s][info][gc] Allocation Stall (main) 466,970ms
[1694,150s][info][gc] GC(3375) Garbage Collection (Allocation Stall) 992M(97%)->942M(92%)
[1694,667s][info][gc] Allocation Stall (main) 480,588ms
[1694,680s][info][gc] GC(3376) Garbage Collection (Allocation Stall) 1024M(100%)->898M(88%)
[1695,199s][info][gc] Allocation Stall (main) 464,438ms
[1695,215s][info][gc] GC(3377) Garbage Collection (Allocation Stall) 1024M(100%)->904M(88%)
[1695,727s][info][gc] Relocation Stall (main) 14,374ms
[1695,727s][info][gc] Allocation Stall (main) 459,147ms
[1695,730s][info][gc] GC(3378) Garbage Collection (Allocation Rate) 974M(95%)->920M(90%)
[1696,215s][info][gc] Allocation Stall (main) 435,949ms
[1696,225s][info][gc] GC(3379) Garbage Collection (Allocation Stall) 958M(94%)->954M(93%)
[1696,702s][info][gc] Allocation Stall (main) 445,113ms
[1696,710s][info][gc] GC(3380) Garbage Collection (Allocation Stall) 1006M(98%)->910M(89%)
[1697,203s][info][gc] Allocation Stall (main) 442,639ms
[1697,219s][info][gc] GC(3381) Garbage Collection (Allocation Stall) 996M(97%)->930M(91%)
[1697,712s][info][gc] Allocation Stall (main) 451,535ms
[1697,727s][info][gc] GC(3382) Garbage Collection (Allocation Stall) 990M(97%)->932M(91%)
[1698,215s][info][gc] Allocation Stall (main) 445,848ms
[1698,222s][info][gc] GC(3383) Garbage Collection (Allocation Stall) 980M(96%)->936M(91%)
[1698,706s][info][gc] Allocation Stall (main) 443,424ms
[1698,720s][info][gc] GC(3384) Garbage Collection (Allocation Stall) 994M(97%)->934M(91%)
[1699,208s][info][gc] Allocation Stall (main) 448,516ms
[1699,222s][info][gc] GC(3385) Garbage Collection (Allocation Stall) 992M(97%)->936M(91%)
[1699,712s][info][gc] Allocation Stall (main) 450,011ms
[1699,729s][info][gc] GC(3386) Garbage Collection (Allocation Stall) 994M(97%)->938M(92%)
[1700,217s][info][gc] Allocation Stall (main) 449,593ms
[1700,230s][info][gc] GC(3387) Garbage Collection (Allocation Stall) 982M(96%)->942M(92%)
[1700,716s][info][gc] Allocation Stall (main) 447,276ms
[1700,732s][info][gc] GC(3388) Garbage Collection (Allocation Stall) 980M(96%)->946M(92%)
[1701,225s][info][gc] Allocation Stall (main) 457,422ms
[1701,242s][info][gc] GC(3389) Garbage Collection (Allocation Stall) 982M(96%)->940M(92%)
[1701,760s][info][gc] Allocation Stall (main) 478,102ms
[1701,777s][info][gc] GC(3390) Garbage Collection (Allocation Stall) 1024M(100%)->904M(88%)
[1702,320s][info][gc] Allocation Stall (main) 488,706ms
[1702,341s][info][gc] GC(3391) Garbage Collection (Allocation Stall) 1024M(100%)->908M(89%)
[1702,821s][info][gc] Allocation Stall (main) 419,896ms
[1702,830s][info][gc] GC(3392) Garbage Collection (Allocation Rate) 914M(89%)->990M(97%)
[1703,300s][info][gc] Allocation Stall (main) 453,437ms
[1703,308s][info][gc] GC(3393) Garbage Collection (Allocation Stall) 1018M(99%)->894M(87%)
[1703,799s][info][gc] Allocation Stall (main) 432,679ms
[1703,814s][info][gc] GC(3394) Garbage Collection (Allocation Stall) 972M(95%)->950M(93%)
[1704,313s][info][gc] Allocation Stall (main) 465,381ms
[1704,320s][info][gc] GC(3395) Garbage Collection (Allocation Stall) 1004M(98%)->912M(89%)
[1704,797s][info][gc] Allocation Stall (main) 424,276ms
[1704,810s][info][gc] GC(3396) Garbage Collection (Allocation Stall) 962M(94%)->960M(94%)
[1705,303s][info][gc] Allocation Stall (main) 464,162ms
[1705,315s][info][gc] GC(3397) Garbage Collection (Allocation Stall) 1024M(100%)->902M(88%)
[1705,803s][info][gc] Allocation Stall (main) 433,394ms
[1705,810s][info][gc] GC(3398) Garbage Collection (Allocation Rate) 966M(94%)->958M(94%)
[1706,303s][info][gc] Relocation Stall (main) 4,445ms
[1706,303s][info][gc] Allocation Stall (main) 462,473ms
[1706,313s][info][gc] GC(3399) Garbage Collection (Allocation Stall) 1024M(100%)->906M(88%)
[1706,813s][info][gc] Relocation Stall (main) 2,878ms
[1706,813s][info][gc] Allocation Stall (main) 447,665ms
[1706,829s][info][gc] GC(3400) Garbage Collection (Allocation Rate) 974M(95%)->958M(94%)
[1707,318s][info][gc] Allocation Stall (main) 456,363ms
[1707,324s][info][gc] GC(3401) Garbage Collection (Allocation Stall) 980M(96%)->938M(92%)
[1707,799s][info][gc] Allocation Stall (main) 434,644ms
[1707,826s][info][gc] GC(3402) Garbage Collection (Allocation Stall) 972M(95%)->970M(95%)
[1708,330s][info][gc] Allocation Stall (main) 478,688ms
[1708,341s][info][gc] GC(3403) Garbage Collection (Allocation Stall) 998M(97%)->916M(89%)
[1708,849s][info][gc] Allocation Stall (main) 460,867ms
[1708,868s][info][gc] GC(3404) Garbage Collection (Allocation Stall) 1024M(100%)->904M(88%)
[1709,391s][info][gc] Allocation Stall (main) 472,912ms
[1709,398s][info][gc] GC(3405) Garbage Collection (Allocation Stall) 1024M(100%)->894M(87%)
[1709,899s][info][gc] Allocation Stall (main) 443,587ms
[1709,914s][info][gc] GC(3406) Garbage Collection (Allocation Rate) 996M(97%)->938M(92%)
[1710,415s][info][gc] Allocation Stall (main) 460,939ms
[1710,432s][info][gc] GC(3407) Garbage Collection (Allocation Stall) 994M(97%)->936M(91%)
[1710,919s][info][gc] Relocation Stall (main) 3,125ms
[1710,919s][info][gc] Allocation Stall (main) 444,436ms
[1710,933s][info][gc] GC(3408) Garbage Collection (Allocation Stall) 960M(94%)->958M(94%)
[1711,412s][info][gc] Allocation Stall (main) 448,007ms
[1711,420s][info][gc] GC(3409) Garbage Collection (Allocation Stall) 982M(96%)->932M(91%)
[1711,904s][info][gc] Allocation Stall (main) 441,188ms
[1711,918s][info][gc] GC(3410) Garbage Collection (Allocation Stall) 972M(95%)->950M(93%)
[1712,409s][info][gc] Allocation Stall (main) 457,525ms
[1712,428s][info][gc] GC(3411) Garbage Collection (Allocation Stall) 1008M(98%)->924M(90%)
[1712,915s][info][gc] Allocation Stall (main) 439,107ms
[1712,926s][info][gc] GC(3412) Garbage Collection (Allocation Stall) 956M(93%)->960M(94%)
[1713,402s][info][gc] Allocation Stall (main) 447,029ms
[1713,413s][info][gc] GC(3413) Garbage Collection (Allocation Stall) 996M(97%)->924M(90%)
[1713,923s][info][gc] Relocation Stall (main) 16,984ms
[1713,923s][info][gc] GC(3414) Garbage Collection (Allocation Stall) 992M(97%)->904M(88%)
[1713,923s][info][gc] Allocation Stall (main) 464,678ms
[1714,412s][info][gc] Allocation Stall (main) 431,631ms
[1714,418s][info][gc] GC(3415) Garbage Collection (Allocation Stall) 942M(92%)->970M(95%)
[1714,898s][info][gc] Allocation Stall (main) 454,659ms
[1714,911s][info][gc] GC(3416) Garbage Collection (Allocation Stall) 1020M(100%)->906M(88%)
[1715,403s][info][gc] Allocation Stall (main) 438,893ms
[1715,412s][info][gc] GC(3417) Garbage Collection (Allocation Stall) 978M(96%)->948M(93%)
[1715,927s][info][gc] Relocation Stall (main) 22,694ms
[1715,927s][info][gc] Allocation Stall (main) 479,024ms
[1715,929s][info][gc] GC(3418) Garbage Collection (Allocation Stall) 1010M(99%)->888M(87%)
[1716,433s][info][gc] Allocation Stall (main) 437,816ms
[1716,436s][info][gc] GC(3419) Garbage Collection (Allocation Stall) 920M(90%)->984M(96%)
[1716,896s][info][gc] Allocation Stall (main) 440,814ms
[1716,913s][info][gc] GC(3420) Garbage Collection (Allocation Stall) 1000M(98%)->930M(91%)
[1717,412s][info][gc] Allocation Stall (main) 456,673ms
[1717,418s][info][gc] GC(3421) Garbage Collection (Allocation Stall) 998M(97%)->922M(90%)
[1717,907s][info][gc] Allocation Stall (main) 440,976ms
[1717,931s][info][gc] GC(3422) Garbage Collection (Allocation Stall) 976M(95%)->966M(94%)
[1718,427s][info][gc] Allocation Stall (main) 469,328ms
[1718,447s][info][gc] GC(3423) Garbage Collection (Allocation Stall) 992M(97%)->934M(91%)
[1718,967s][info][gc] Allocation Stall (main) 479,536ms
[1718,977s][info][gc] GC(3424) Garbage Collection (Allocation Stall) 1024M(100%)->890M(87%)
[1719,493s][info][gc] Allocation Stall (main) 459,740ms
[1719,516s][info][gc] GC(3425) Garbage Collection (Allocation Stall) 1024M(100%)->912M(89%)
[1720,020s][info][gc] Allocation Stall (main) 453,593ms
[1720,034s][info][gc] GC(3426) Garbage Collection (Allocation Rate) 972M(95%)->946M(92%)
[1720,507s][info][gc] Allocation Stall (main) 433,203ms
[1720,512s][info][gc] GC(3427) Garbage Collection (Allocation Stall) 964M(94%)->940M(92%)
[1721,000s][info][gc] Relocation Stall (main) 4,865ms
[1721,000s][info][gc] Allocation Stall (main) 448,652ms
[1721,007s][info][gc] GC(3428) Garbage Collection (Allocation Stall) 1008M(98%)->904M(88%)
[1721,501s][info][gc] Allocation Stall (main) 440,966ms
[1721,516s][info][gc] GC(3429) Garbage Collection (Allocation Stall) 978M(96%)->948M(93%)
[1722,007s][info][gc] Allocation Stall (main) 456,117ms
[1722,027s][info][gc] GC(3430) Garbage Collection (Allocation Stall) 1002M(98%)->930M(91%)
[1722,517s][info][gc] Allocation Stall (main) 445,838ms
[1722,536s][info][gc] GC(3431) Garbage Collection (Allocation Stall) 966M(94%)->958M(94%)
[1723,011s][info][gc] Allocation Stall (main) 441,869ms
[1723,018s][info][gc] GC(3432) Garbage Collection (Allocation Stall) 972M(95%)->936M(91%)
[1723,492s][info][gc] Allocation Stall (main) 433,293ms
[1723,498s][info][gc] GC(3433) Garbage Collection (Allocation Stall) 986M(96%)->928M(91%)
[1723,999s][info][gc] Relocation Stall (main) 5,085ms
[1723,999s][info][gc] Allocation Stall (main) 458,400ms
[1724,007s][info][gc] GC(3434) Garbage Collection (Allocation Stall) 1024M(100%)->898M(88%)
[1724,503s][info][gc] Allocation Stall (main) 441,977ms
[1724,520s][info][gc] GC(3435) Garbage Collection (Allocation Rate) 982M(96%)->954M(93%)
[1725,012s][info][gc] Allocation Stall (main) 460,218ms
[1725,024s][info][gc] GC(3436) Garbage Collection (Allocation Stall) 1006M(98%)->922M(90%)
[1725,501s][info][gc] Allocation Stall (main) 428,904ms
[1725,513s][info][gc] GC(3437) Garbage Collection (Allocation Stall) 958M(94%)->966M(94%)
[1726,003s][info][gc] Allocation Stall (main) 464,153ms
[1726,019s][info][gc] GC(3438) Garbage Collection (Allocation Stall) 1024M(100%)->910M(89%)
[1726,514s][info][gc] Allocation Stall (main) 443,072ms
[1726,534s][info][gc] GC(3439) Garbage Collection (Allocation Rate) 966M(94%)->968M(95%)
[1727,023s][info][gc] Allocation Stall (main) 461,651ms
[1727,034s][info][gc] GC(3440) Garbage Collection (Allocation Stall) 986M(96%)->930M(91%)
[1727,508s][info][gc] Allocation Stall (main) 426,887ms
[1727,513s][info][gc] GC(3441) Garbage Collection (Allocation Stall) 948M(93%)->962M(94%)
[1728,001s][info][gc] Relocation Stall (main) 5,535ms
[1728,001s][info][gc] Allocation Stall (main) 459,787ms
[1728,013s][info][gc] GC(3442) Garbage Collection (Allocation Stall) 1024M(100%)->898M(88%)
[1728,510s][info][gc] Allocation Stall (main) 441,914ms
[1728,522s][info][gc] GC(3443) Garbage Collection (Allocation Rate) 968M(95%)->956M(93%)
[1729,004s][info][gc] Allocation Stall (main) 450,206ms
[1729,024s][info][gc] GC(3444) Garbage Collection (Allocation Stall) 994M(97%)->940M(92%)
[1729,517s][info][gc] Allocation Stall (main) 454,752ms
[1729,529s][info][gc] GC(3445) Garbage Collection (Allocation Stall) 982M(96%)->938M(92%)
[1730,002s][info][gc] Allocation Stall (main) 431,818ms
[1730,015s][info][gc] GC(3446) Garbage Collection (Allocation Stall) 968M(95%)->954M(93%)
[1730,509s][info][gc] Allocation Stall (main) 461,664ms
[1730,530s][info][gc] GC(3447) Garbage Collection (Allocation Stall) 1016M(99%)->916M(89%)
[1731,022s][info][gc] Allocation Stall (main) 438,638ms
[1731,034s][info][gc] GC(3448) Garbage Collection (Allocation Stall) 934M(91%)->978M(96%)
[1731,505s][info][gc] Allocation Stall (main) 448,508ms
[1731,511s][info][gc] GC(3449) Garbage Collection (Allocation Stall) 998M(97%)->912M(89%)
[1732,005s][info][gc] Allocation Stall (main) 442,414ms
[1732,016s][info][gc] GC(3450) Garbage Collection (Allocation Stall) 982M(96%)->938M(92%)
[1732,506s][info][gc] Allocation Stall (main) 451,510ms
[1732,521s][info][gc] GC(3451) Garbage Collection (Allocation Stall) 998M(97%)->928M(91%)
[1733,007s][info][gc] Allocation Stall (main) 442,918ms
[1733,023s][info][gc] GC(3452) Garbage Collection (Allocation Stall) 978M(96%)->948M(93%)
[1733,511s][info][gc] Relocation Stall (main) 3,466ms
[1733,511s][info][gc] Allocation Stall (main) 453,744ms
[1733,521s][info][gc] GC(3453) Garbage Collection (Allocation Stall) 992M(97%)->924M(90%)
[1734,006s][info][gc] Allocation Stall (main) 438,491ms
[1734,019s][info][gc] GC(3454) Garbage Collection (Allocation Stall) 972M(95%)->948M(93%)
[1734,514s][info][gc] Relocation Stall (main) 4,832ms
[1734,515s][info][gc] Allocation Stall (main) 461,452ms
[1734,518s][info][gc] GC(3455) Garbage Collection (Allocation Stall) 1002M(98%)->906M(88%)
[1735,000s][info][gc] Allocation Stall (main) 426,349ms
[1735,020s][info][gc] GC(3456) Garbage Collection (Allocation Stall) 960M(94%)->972M(95%)
[1735,517s][info][gc] Allocation Stall (main) 474,074ms
[1735,530s][info][gc] GC(3457) Garbage Collection (Allocation Stall) 1024M(100%)->898M(88%)
[1736,006s][info][gc] Allocation Stall (main) 413,460ms
[1736,030s][info][gc] GC(3458) Garbage Collection (Allocation Stall) 924M(90%)->1004M(98%)
[1736,535s][info][gc] Relocation Stall (main) 6,219ms
[1736,535s][info][gc] Allocation Stall (main) 495,033ms
[1736,537s][info][gc] GC(3459) Garbage Collection (Allocation Stall) 1024M(100%)->874M(85%)
[1736,998s][info][gc] Allocation Stall (main) 384,147ms
[1737,001s][info][gc] Allocation Stall (main) 0,231ms
[1737,006s][info][gc] Allocation Stall (main) 0,434ms
[1737,007s][info][gc] Allocation Stall (main) 0,329ms
[1737,009s][info][gc] Allocation Stall (main) 0,933ms
[1737,012s][info][gc] Allocation Stall (main) 1,390ms
[1737,012s][info][gc] GC(3460) Garbage Collection (Allocation Rate) 880M(86%)->1024M(100%)
[1737,487s][info][gc] Relocation Stall (main) 5,749ms
[1737,487s][info][gc] Allocation Stall (main) 474,187ms
[1737,489s][info][gc] GC(3461) Garbage Collection (Allocation Stall) 1024M(100%)->872M(85%)
[1738,001s][info][gc] Relocation Stall (main) 3,896ms
[1738,001s][info][gc] Allocation Stall (main) 446,160ms
[1738,012s][info][gc] GC(3462) Garbage Collection (Allocation Rate) 1000M(98%)->916M(89%)
[1738,513s][info][gc] Allocation Stall (main) 451,839ms
[1738,521s][info][gc] GC(3463) Garbage Collection (Allocation Stall) 984M(96%)->930M(91%)
[1738,993s][info][gc] Allocation Stall (main) 429,983ms
[1739,005s][info][gc] GC(3464) Garbage Collection (Allocation Stall) 980M(96%)->944M(92%)
[1739,504s][info][gc] Allocation Stall (main) 463,586ms
[1739,518s][info][gc] GC(3465) Garbage Collection (Allocation Stall) 1020M(100%)->912M(89%)
[1740,005s][info][gc] Allocation Stall (main) 435,348ms
[1740,019s][info][gc] GC(3466) Garbage Collection (Allocation Stall) 966M(94%)->960M(94%)
[1740,514s][info][gc] Allocation Stall (main) 465,992ms
[1740,533s][info][gc] GC(3467) Garbage Collection (Allocation Stall) 1014M(99%)->920M(90%)
[1741,011s][info][gc] Allocation Stall (main) 427,019ms
[1741,027s][info][gc] GC(3468) Garbage Collection (Allocation Stall) 944M(92%)->982M(96%)
[1741,515s][info][gc] Allocation Stall (main) 467,993ms
[1741,525s][info][gc] GC(3469) Garbage Collection (Allocation Stall) 1006M(98%)->910M(89%)
[1742,003s][info][gc] Allocation Stall (main) 424,277ms
[1742,007s][info][gc] GC(3470) Garbage Collection (Allocation Stall) 948M(93%)->962M(94%)
[1742,491s][info][gc] Allocation Stall (main) 455,659ms
[1742,504s][info][gc] GC(3471) Garbage Collection (Allocation Stall) 1024M(100%)->906M(88%)
[1743,017s][info][gc] Allocation Stall (main) 462,702ms
[1743,035s][info][gc] GC(3472) Garbage Collection (Allocation Rate) 998M(97%)->936M(91%)
[1743,518s][info][gc] Allocation Stall (main) 441,378ms
[1743,536s][info][gc] GC(3473) Garbage Collection (Allocation Stall) 954M(93%)->972M(95%)
[1744,013s][info][gc] Allocation Stall (main) 450,812ms
[1744,021s][info][gc] GC(3474) Garbage Collection (Allocation Stall) 978M(96%)->938M(92%)
[1744,495s][info][gc] Relocation Stall (main) 3,533ms
[1744,495s][info][gc] Allocation Stall (main) 434,615ms
[1744,498s][info][gc] GC(3475) Garbage Collection (Allocation Stall) 986M(96%)->924M(90%)
[1745,012s][info][gc] Relocation Stall (main) 5,007ms
[1745,012s][info][gc] Allocation Stall (main) 470,038ms
[1745,036s][info][gc] GC(3476) Garbage Collection (Allocation Stall) 1024M(100%)->916M(89%)
[1745,542s][info][gc] Allocation Stall (main) 451,720ms
[1745,545s][info][gc] GC(3477) Garbage Collection (Allocation Rate) 930M(91%)->976M(95%)
[1746,028s][info][gc] Allocation Stall (main) 459,864ms
[1746,037s][info][gc] GC(3478) Garbage Collection (Allocation Stall) 1024M(100%)->902M(88%)
[1746,503s][info][gc] Allocation Stall (main) 404,667ms
[1746,520s][info][gc] GC(3479) Garbage Collection (Allocation Rate) 914M(89%)->1012M(99%)
[1746,999s][info][gc] Allocation Stall (main) 472,618ms
[1747,008s][info][gc] GC(3480) Garbage Collection (Allocation Stall) 1024M(100%)->898M(88%)
[1747,493s][info][gc] Allocation Stall (main) 427,660ms
[1747,510s][info][gc] GC(3481) Garbage Collection (Allocation Rate) 966M(94%)->962M(94%)
[1748,009s][info][gc] Allocation Stall (main) 471,168ms
[1748,017s][info][gc] GC(3482) Garbage Collection (Allocation Stall) 1024M(100%)->896M(88%)
[1748,495s][info][gc] Allocation Stall (main) 417,570ms
[1748,508s][info][gc] GC(3483) Garbage Collection (Allocation Rate) 942M(92%)->982M(96%)
[1748,992s][info][gc] Allocation Stall (main) 464,631ms
[1749,008s][info][gc] GC(3484) Garbage Collection (Allocation Stall) 1024M(100%)->908M(89%)
[1749,509s][info][gc] Allocation Stall (main) 449,911ms
[1749,520s][info][gc] GC(3485) Garbage Collection (Allocation Rate) 990M(97%)->936M(91%)
[1750,006s][info][gc] Allocation Stall (main) 445,317ms
[1750,027s][info][gc] GC(3486) Garbage Collection (Allocation Stall) 986M(96%)->948M(93%)
[1750,522s][info][gc] Allocation Stall (main) 459,849ms
[1750,533s][info][gc] GC(3487) Garbage Collection (Allocation Stall) 984M(96%)->938M(92%)
[1751,027s][info][gc] Allocation Stall (main) 450,339ms
[1751,034s][info][gc] GC(3488) Garbage Collection (Allocation Stall) 958M(94%)->956M(93%)
[1751,504s][info][gc] Allocation Stall (main) 437,304ms
[1751,513s][info][gc] GC(3489) Garbage Collection (Allocation Stall) 976M(95%)->942M(92%)
[1752,010s][info][gc] Allocation Stall (main) 460,175ms
[1752,040s][info][gc] GC(3490) Garbage Collection (Allocation Stall) 1010M(99%)->938M(92%)
[1752,578s][info][gc] Allocation Stall (main) 500,482ms
[1752,594s][info][gc] GC(3491) Garbage Collection (Allocation Stall) 1024M(100%)->898M(88%)
[1753,114s][info][gc] Allocation Stall (main) 464,278ms
[1753,127s][info][gc] GC(3492) Garbage Collection (Allocation Rate) 998M(97%)->920M(90%)
[1753,616s][info][gc] Relocation Stall (main) 2,951ms
[1753,616s][info][gc] Allocation Stall (main) 439,284ms
[1753,618s][info][gc] GC(3493) Garbage Collection (Allocation Stall) 954M(93%)->948M(93%)
[1754,102s][info][gc] Allocation Stall (main) 449,934ms
[1754,123s][info][gc] GC(3494) Garbage Collection (Allocation Stall) 1004M(98%)->928M(91%)
[1754,617s][info][gc] Allocation Stall (main) 448,385ms
[1754,634s][info][gc] GC(3495) Garbage Collection (Allocation Stall) 962M(94%)->960M(94%)
[1755,122s][info][gc] Allocation Stall (main) 456,448ms
[1755,126s][info][gc] GC(3496) Garbage Collection (Allocation Stall) 980M(96%)->926M(90%)
[1755,596s][info][gc] Allocation Stall (main) 424,190ms
[1755,619s][info][gc] GC(3497) Garbage Collection (Allocation Stall) 958M(94%)->970M(95%)
[1756,123s][info][gc] Allocation Stall (main) 479,601ms
[1756,131s][info][gc] GC(3498) Garbage Collection (Allocation Stall) 1016M(99%)->892M(87%)
[1756,598s][info][gc] Allocation Stall (main) 401,241ms
[1756,615s][info][gc] GC(3499) Garbage Collection (Allocation Stall) 918M(90%)->1000M(98%)
[1757,099s][info][gc] Allocation Stall (main) 471,458ms
[1757,108s][info][gc] GC(3500) Garbage Collection (Allocation Stall) 1024M(100%)->888M(87%)
[1757,600s][info][gc] Relocation Stall (main) 3,284ms
[1757,600s][info][gc] Allocation Stall (main) 430,127ms
[1757,604s][info][gc] GC(3501) Garbage Collection (Allocation Rate) 964M(94%)->942M(92%)
[1758,094s][info][gc] Allocation Stall (main) 453,600ms
[1758,102s][info][gc] GC(3502) Garbage Collection (Allocation Stall) 1022M(100%)->902M(88%)
[1758,606s][info][gc] Allocation Stall (main) 450,650ms
[1758,632s][info][gc] GC(3503) Garbage Collection (Allocation Stall) 994M(97%)->952M(93%)
[1759,125s][info][gc] Allocation Stall (main) 457,453ms
[1759,144s][info][gc] GC(3504) Garbage Collection (Allocation Stall) 966M(94%)->960M(94%)
[1759,648s][info][gc] Allocation Stall (main) 473,849ms
[1759,658s][info][gc] GC(3505) Garbage Collection (Allocation Stall) 1024M(100%)->892M(87%)
[1760,180s][info][gc] Relocation Stall (main) 5,336ms
[1760,180s][info][gc] Allocation Stall (main) 466,554ms
[1760,198s][info][gc] GC(3506) Garbage Collection (Allocation Stall) 1024M(100%)->898M(88%)
[1760,720s][info][gc] Allocation Stall (main) 470,556ms
[1760,733s][info][gc] GC(3507) Garbage Collection (Allocation Rate) 1008M(98%)->912M(89%)
[1761,213s][info][gc] Allocation Stall (main) 423,805ms
[1761,217s][info][gc] GC(3508) Garbage Collection (Allocation Stall) 932M(91%)->974M(95%)
[1761,702s][info][gc] Allocation Stall (main) 462,002ms
[1761,711s][info][gc] GC(3509) Garbage Collection (Allocation Stall) 1024M(100%)->902M(88%)
[1762,207s][info][gc] Allocation Stall (main) 442,019ms
[1762,226s][info][gc] GC(3510) Garbage Collection (Allocation Rate) 974M(95%)->962M(94%)
[1762,718s][info][gc] Allocation Stall (main) 462,857ms
[1762,739s][info][gc] GC(3511) Garbage Collection (Allocation Stall) 1000M(98%)->934M(91%)
[1763,220s][info][gc] Allocation Stall (main) 435,209ms
[1763,226s][info][gc] GC(3512) Garbage Collection (Allocation Stall) 942M(92%)->966M(94%)
[1763,700s][info][gc] Allocation Stall (main) 446,377ms
[1763,721s][info][gc] GC(3513) Garbage Collection (Allocation Stall) 1002M(98%)->928M(91%)
[1764,219s][info][gc] Allocation Stall (main) 454,611ms
[1764,227s][info][gc] GC(3514) Garbage Collection (Allocation Stall) 978M(96%)->932M(91%)
[1764,697s][info][gc] Relocation Stall (main) 2,825ms
[1764,697s][info][gc] Allocation Stall (main) 425,962ms
[1764,699s][info][gc] GC(3515) Garbage Collection (Allocation Stall) 966M(94%)->940M(92%)
[1765,191s][info][gc] Allocation Stall (main) 453,274ms
[1765,208s][info][gc] GC(3516) Garbage Collection (Allocation Stall) 1024M(100%)->914M(89%)
[1765,712s][info][gc] Allocation Stall (main) 456,581ms
[1765,723s][info][gc] GC(3517) Garbage Collection (Allocation Rate) 994M(97%)->932M(91%)
[1766,194s][info][gc] Allocation Stall (main) 427,708ms
[1766,207s][info][gc] GC(3518) Garbage Collection (Allocation Stall) 966M(94%)->964M(94%)
[1766,701s][info][gc] Allocation Stall (main) 466,647ms
[1766,728s][info][gc] GC(3519) Garbage Collection (Allocation Stall) 1024M(100%)->926M(90%)
[1767,240s][info][gc] Allocation Stall (main) 466,132ms
[1767,245s][info][gc] GC(3520) Garbage Collection (Allocation Rate) 958M(94%)->954M(93%)
[1767,730s][info][gc] Allocation Stall (main) 452,011ms
[1767,738s][info][gc] GC(3521) Garbage Collection (Allocation Stall) 1024M(100%)->904M(88%)
[1768,199s][info][gc] Allocation Stall (main) 399,640ms
[1768,215s][info][gc] Allocation Stall (main) 0,947ms
[1768,216s][info][gc] GC(3522) Garbage Collection (Allocation Rate) 906M(88%)->1024M(100%)
[1768,689s][info][gc] Allocation Stall (main) 472,668ms
[1768,701s][info][gc] GC(3523) Garbage Collection (Allocation Stall) 1024M(100%)->906M(88%)
[1769,201s][info][gc] Allocation Stall (main) 447,659ms
[1769,209s][info][gc] GC(3524) Garbage Collection (Allocation Rate) 1000M(98%)->924M(90%)
[1769,711s][info][gc] Allocation Stall (main) 456,121ms
[1769,736s][info][gc] GC(3525) Garbage Collection (Allocation Stall) 998M(97%)->948M(93%)
[1770,234s][info][gc] Relocation Stall (main) 3,139ms
[1770,234s][info][gc] Allocation Stall (main) 461,371ms
[1770,236s][info][gc] GC(3526) Garbage Collection (Allocation Stall) 964M(94%)->938M(92%)
[1770,696s][info][gc] Allocation Stall (main) 417,780ms
[1770,709s][info][gc] GC(3527) Garbage Collection (Allocation Stall) 954M(93%)->968M(95%)
[1771,208s][info][gc] Allocation Stall (main) 473,805ms
[1771,225s][info][gc] GC(3528) Garbage Collection (Allocation Stall) 1024M(100%)->908M(89%)
[1771,714s][info][gc] Allocation Stall (main) 434,797ms
[1771,724s][info][gc] GC(3529) Garbage Collection (Allocation Rate) 948M(93%)->970M(95%)
[1772,204s][info][gc] Allocation Stall (main) 454,992ms
[1772,215s][info][gc] GC(3530) Garbage Collection (Allocation Stall) 1012M(99%)->914M(89%)
[1772,701s][info][gc] Allocation Stall (main) 435,054ms
[1772,717s][info][gc] GC(3531) Garbage Collection (Allocation Stall) 974M(95%)->960M(94%)
[1773,216s][info][gc] Allocation Stall (main) 469,241ms
[1773,232s][info][gc] GC(3532) Garbage Collection (Allocation Stall) 1018M(99%)->912M(89%)
[1773,714s][info][gc] Relocation Stall (main) 1,976ms
[1773,715s][info][gc] Allocation Stall (main) 427,438ms
[1773,724s][info][gc] GC(3533) Garbage Collection (Allocation Stall) 936M(91%)->976M(95%)
[1774,205s][info][gc] Allocation Stall (main) 458,020ms
[1774,220s][info][gc] GC(3534) Garbage Collection (Allocation Stall) 1016M(99%)->908M(89%)
[1774,709s][info][gc] Allocation Stall (main) 435,343ms
[1774,720s][info][gc] GC(3535) Garbage Collection (Allocation Stall) 958M(94%)->958M(94%)
[1775,202s][info][gc] Allocation Stall (main) 452,305ms
[1775,219s][info][gc] GC(3536) Garbage Collection (Allocation Stall) 1010M(99%)->916M(89%)
[1775,718s][info][gc] Allocation Stall (main) 449,379ms
[1775,736s][info][gc] GC(3537) Garbage Collection (Allocation Stall) 970M(95%)->952M(93%)
[1776,213s][info][gc] Allocation Stall (main) 440,332ms
[1776,220s][info][gc] GC(3538) Garbage Collection (Allocation Stall) 962M(94%)->944M(92%)
[1776,701s][info][gc] Allocation Stall (main) 444,009ms
[1776,711s][info][gc] GC(3539) Garbage Collection (Allocation Stall) 992M(97%)->924M(90%)
[1777,203s][info][gc] Allocation Stall (main) 447,252ms
[1777,215s][info][gc] GC(3540) Garbage Collection (Allocation Stall) 992M(97%)->934M(91%)
[1777,710s][info][gc] Allocation Stall (main) 453,800ms
[1777,735s][info][gc] GC(3541) Garbage Collection (Allocation Stall) 986M(96%)->948M(93%)
[1778,223s][info][gc] Allocation Stall (main) 450,485ms
[1778,233s][info][gc] GC(3542) Garbage Collection (Allocation Stall) 958M(94%)->950M(93%)
[1778,700s][info][gc] Allocation Stall (main) 430,241ms
[1778,709s][info][gc] GC(3543) Garbage Collection (Allocation Stall) 972M(95%)->936M(91%)
[1779,200s][info][gc] Allocation Stall (main) 451,247ms
[1779,207s][info][gc] GC(3544) Garbage Collection (Allocation Stall) 1014M(99%)->904M(88%)
[1779,698s][info][gc] Allocation Stall (main) 436,794ms
[1779,709s][info][gc] GC(3545) Garbage Collection (Allocation Stall) 984M(96%)->942M(92%)
[1780,212s][info][gc] Allocation Stall (main) 465,104ms
[1780,226s][info][gc] GC(3546) Garbage Collection (Allocation Stall) 1018M(99%)->914M(89%)
[1780,718s][info][gc] Allocation Stall (main) 440,538ms
[1780,741s][info][gc] GC(3547) Garbage Collection (Allocation Stall) 952M(93%)->982M(96%)
[1781,246s][info][gc] Allocation Stall (main) 483,136ms
[1781,253s][info][gc] GC(3548) Garbage Collection (Allocation Stall) 1024M(100%)->892M(87%)
[1781,770s][info][gc] Allocation Stall (main) 460,403ms
[1781,797s][info][gc] GC(3549) Garbage Collection (Allocation Stall) 1024M(100%)->920M(90%)
[1782,323s][info][gc] Allocation Stall (main) 481,901ms
[1782,333s][info][gc] GC(3550) Garbage Collection (Allocation Stall) 1024M(100%)->896M(88%)
[1782,797s][info][gc] Relocation Stall (main) 1,173ms
[1782,797s][info][gc] Allocation Stall (main) 400,838ms
[1782,807s][info][gc] GC(3551) Garbage Collection (Allocation Rate) 920M(90%)->996M(97%)
[1783,288s][info][gc] Allocation Stall (main) 467,091ms
[1783,308s][info][gc] GC(3552) Garbage Collection (Allocation Stall) 1024M(100%)->910M(89%)
[1783,818s][info][gc] Allocation Stall (main) 459,934ms
[1783,826s][info][gc] GC(3553) Garbage Collection (Allocation Rate) 990M(97%)->926M(90%)
[1784,297s][info][gc] Allocation Stall (main) 423,416ms
[1784,316s][info][gc] GC(3554) Garbage Collection (Allocation Stall) 960M(94%)->970M(95%)
[1784,814s][info][gc] Allocation Stall (main) 472,462ms
[1784,821s][info][gc] GC(3555) Garbage Collection (Allocation Stall) 1024M(100%)->896M(88%)
[1785,293s][info][gc] Relocation Stall (main) 0,677ms
[1785,293s][info][gc] Allocation Stall (main) 412,568ms
[1785,301s][info][gc] GC(3556) Garbage Collection (Allocation Rate) 942M(92%)->978M(96%)
[1785,780s][info][gc] Relocation Stall (main) 4,592ms
[1785,780s][info][gc] Allocation Stall (main) 456,753ms
[1785,786s][info][gc] GC(3557) Garbage Collection (Allocation Stall) 1024M(100%)->896M(88%)
[1786,308s][info][gc] Relocation Stall (main) 4,701ms
[1786,308s][info][gc] Allocation Stall (main) 466,833ms
[1786,316s][info][gc] GC(3558) Garbage Collection (Allocation Stall) 1024M(100%)->906M(88%)
[1786,822s][info][gc] Relocation Stall (main) 1,969ms
[1786,822s][info][gc] Allocation Stall (main) 451,833ms
[1786,845s][info][gc] GC(3559) Garbage Collection (Allocation Rate) 964M(94%)->978M(96%)
[1787,355s][info][gc] Allocation Stall (main) 488,419ms
[1787,363s][info][gc] GC(3560) Garbage Collection (Allocation Stall) 1024M(100%)->898M(88%)
[1787,874s][info][gc] Allocation Stall (main) 455,979ms
[1787,891s][info][gc] GC(3561) Garbage Collection (Allocation Stall) 1024M(100%)->914M(89%)
[1788,410s][info][gc] Allocation Stall (main) 471,953ms
[1788,429s][info][gc] GC(3562) Garbage Collection (Allocation Stall) 1024M(100%)->918M(90%)
[1788,919s][info][gc] Allocation Stall (main) 440,112ms
[1788,933s][info][gc] GC(3563) Garbage Collection (Allocation Rate) 950M(93%)->976M(95%)
[1789,409s][info][gc] Allocation Stall (main) 451,567ms
[1789,430s][info][gc] GC(3564) Garbage Collection (Allocation Stall) 996M(97%)->934M(91%)
[1789,928s][info][gc] Relocation Stall (main) 2,084ms
[1789,928s][info][gc] Allocation Stall (main) 453,350ms
[1789,938s][info][gc] GC(3565) Garbage Collection (Allocation Stall) 954M(93%)->954M(93%)
[1790,407s][info][gc] Allocation Stall (main) 432,884ms
[1790,414s][info][gc] GC(3566) Garbage Collection (Allocation Stall) 964M(94%)->942M(92%)
[1790,889s][info][gc] Allocation Stall (main) 437,578ms
[1790,899s][info][gc] GC(3567) Garbage Collection (Allocation Stall) 996M(97%)->920M(90%)
[1791,405s][info][gc] Relocation Stall (main) 8,676ms
[1791,405s][info][gc] Allocation Stall (main) 460,003ms
[1791,411s][info][gc] GC(3568) Garbage Collection (Allocation Stall) 1010M(99%)->900M(88%)
[1791,910s][info][gc] Allocation Stall (main) 443,675ms
[1791,932s][info][gc] GC(3569) Garbage Collection (Allocation Stall) 972M(95%)->956M(93%)
[1792,430s][info][gc] Allocation Stall (main) 466,195ms
[1792,434s][info][gc] GC(3570) Garbage Collection (Allocation Stall) 982M(96%)->924M(90%)
[1792,898s][info][gc] Allocation Stall (main) 407,936ms
[1792,921s][info][gc] GC(3571) Garbage Collection (Allocation Stall) 934M(91%)->992M(97%)
[1793,424s][info][gc] Relocation Stall (main) 6,100ms
[1793,424s][info][gc] Allocation Stall (main) 488,083ms
[1793,426s][info][gc] GC(3572) Garbage Collection (Allocation Stall) 1024M(100%)->872M(85%)
[1793,904s][info][gc] Allocation Stall (main) 403,557ms
[1793,907s][info][gc] GC(3573) Garbage Collection (Allocation Rate) 908M(89%)->994M(97%)
[1794,377s][info][gc] Allocation Stall (main) 455,684ms
[1794,395s][info][gc] GC(3574) Garbage Collection (Allocation Stall) 1024M(100%)->908M(89%)
[1794,915s][info][gc] Allocation Stall (main) 469,979ms
[1794,935s][info][gc] GC(3575) Garbage Collection (Allocation Rate) 1020M(100%)->910M(89%)
[1795,418s][info][gc] Allocation Stall (main) 426,360ms
[1795,425s][info][gc] GC(3576) Garbage Collection (Allocation Stall) 928M(91%)->978M(96%)
[1795,895s][info][gc] Allocation Stall (main) 448,623ms
[1795,903s][info][gc] GC(3577) Garbage Collection (Allocation Stall) 1016M(99%)->904M(88%)
[1796,399s][info][gc] Allocation Stall (main) 442,934ms
[1796,414s][info][gc] GC(3578) Garbage Collection (Allocation Stall) 994M(97%)->936M(91%)
[1796,905s][info][gc] Allocation Stall (main) 450,914ms
[1796,923s][info][gc] GC(3579) Garbage Collection (Allocation Stall) 990M(97%)->942M(92%)
[1797,415s][info][gc] Allocation Stall (main) 455,007ms
[1797,425s][info][gc] GC(3580) Garbage Collection (Allocation Stall) 988M(96%)->932M(91%)
[1797,896s][info][gc] Allocation Stall (main) 425,931ms
[1797,901s][info][gc] GC(3581) Garbage Collection (Allocation Stall) 962M(94%)->952M(93%)
[1798,389s][info][gc] Allocation Stall (main) 454,496ms
[1798,404s][info][gc] GC(3582) Garbage Collection (Allocation Stall) 1024M(100%)->912M(89%)
[1798,907s][info][gc] Allocation Stall (main) 453,136ms
[1798,919s][info][gc] GC(3583) Garbage Collection (Allocation Rate) 994M(97%)->938M(92%)
[1799,403s][info][gc] Allocation Stall (main) 444,262ms
[1799,420s][info][gc] GC(3584) Garbage Collection (Allocation Stall) 992M(97%)->946M(92%)
[1799,914s][info][gc] Allocation Stall (main) 457,694ms
[1799,923s][info][gc] GC(3585) Garbage Collection (Allocation Stall) 992M(97%)->932M(91%)
[1800,401s][info][gc] Allocation Stall (main) 434,662ms
[1800,416s][info][gc] GC(3586) Garbage Collection (Allocation Stall) 974M(95%)->960M(94%)
[1800,909s][info][gc] Allocation Stall (main) 462,782ms
[1800,925s][info][gc] GC(3587) Garbage Collection (Allocation Stall) 1018M(99%)->918M(90%)
[1801,419s][info][gc] Allocation Stall (main) 444,714ms
[1801,435s][info][gc] GC(3588) Garbage Collection (Allocation Stall) 958M(94%)->970M(95%)
[1801,919s][info][gc] Relocation Stall (main) 3,519ms
[1801,919s][info][gc] Allocation Stall (main) 457,056ms
[1801,923s][info][gc] GC(3589) Garbage Collection (Allocation Stall) 986M(96%)->924M(90%)
[1802,401s][info][gc] Allocation Stall (main) 430,177ms
[1802,414s][info][gc] GC(3590) Garbage Collection (Allocation Stall) 968M(95%)->958M(94%)
[1802,911s][info][gc] Allocation Stall (main) 466,654ms
[1802,924s][info][gc] GC(3591) Garbage Collection (Allocation Stall) 1022M(100%)->906M(88%)
[1803,405s][info][gc] Allocation Stall (main) 425,884ms
[1803,420s][info][gc] GC(3592) Garbage Collection (Allocation Stall) 948M(93%)->976M(95%)
[1803,912s][info][gc] Relocation Stall (main) 4,907ms
[1803,912s][info][gc] Allocation Stall (main) 469,721ms
[1803,915s][info][gc] GC(3593) Garbage Collection (Allocation Stall) 1024M(100%)->888M(87%)
[1804,399s][info][gc] Allocation Stall (main) 421,379ms
[1804,415s][info][gc] GC(3594) Garbage Collection (Allocation Rate) 948M(93%)->982M(96%)
[1804,909s][info][gc] Allocation Stall (main) 474,118ms
[1804,921s][info][gc] GC(3595) Garbage Collection (Allocation Stall) 1024M(100%)->900M(88%)
[1805,402s][info][gc] Allocation Stall (main) 422,648ms
[1805,414s][info][gc] GC(3596) Garbage Collection (Allocation Rate) 946M(92%)->976M(95%)
[1805,898s][info][gc] Allocation Stall (main) 461,354ms
[1805,906s][info][gc] GC(3597) Garbage Collection (Allocation Stall) 1024M(100%)->898M(88%)
[1806,419s][info][gc] Allocation Stall (main) 456,581ms
[1806,448s][info][gc] GC(3598) Garbage Collection (Allocation Rate) 980M(96%)->962M(94%)
[1806,970s][info][gc] Allocation Stall (main) 493,677ms
[1806,977s][info][gc] GC(3599) Garbage Collection (Allocation Stall) 1024M(100%)->892M(87%)
[1807,488s][info][gc] Allocation Stall (main) 454,169ms
[1807,505s][info][gc] GC(3600) Garbage Collection (Allocation Stall) 1024M(100%)->912M(89%)
[1808,013s][info][gc] Allocation Stall (main) 458,803ms
[1808,033s][info][gc] GC(3601) Garbage Collection (Allocation Rate) 1000M(98%)->936M(91%)
[1808,516s][info][gc] Allocation Stall (main) 440,838ms
[1808,528s][info][gc] GC(3602) Garbage Collection (Allocation Stall) 958M(94%)->962M(94%)
[1809,004s][info][gc] Allocation Stall (main) 445,690ms
[1809,019s][info][gc] GC(3603) Garbage Collection (Allocation Stall) 992M(97%)->930M(91%)
[1809,505s][info][gc] Allocation Stall (main) 443,178ms
[1809,515s][info][gc] GC(3604) Garbage Collection (Allocation Stall) 982M(96%)->934M(91%)
[1809,998s][info][gc] Allocation Stall (main) 440,775ms
[1810,008s][info][gc] GC(3605) Garbage Collection (Allocation Stall) 994M(97%)->928M(91%)
[1810,513s][info][gc] Relocation Stall (main) 14,811ms
[1810,513s][info][gc] Allocation Stall (main) 461,026ms
[1810,515s][info][gc] GC(3606) Garbage Collection (Allocation Stall) 994M(97%)->906M(88%)
[1811,019s][info][gc] Allocation Stall (main) 450,670ms
[1811,042s][info][gc] GC(3607) Garbage Collection (Allocation Stall) 970M(95%)->960M(94%)
[1811,554s][info][gc] Allocation Stall (main) 482,818ms
[1811,562s][info][gc] GC(3608) Garbage Collection (Allocation Stall) 1024M(100%)->890M(87%)
[1812,083s][info][gc] Relocation Stall (main) 4,675ms
[1812,083s][info][gc] Allocation Stall (main) 463,409ms
[1812,098s][info][gc] GC(3609) Garbage Collection (Allocation Stall) 1024M(100%)->900M(88%)
[1812,620s][info][gc] Allocation Stall (main) 469,094ms
[1812,642s][info][gc] GC(3610) Garbage Collection (Allocation Rate) 994M(97%)->936M(91%)
[1813,160s][info][gc] Allocation Stall (main) 477,977ms
[1813,167s][info][gc] GC(3611) Garbage Collection (Allocation Stall) 1024M(100%)->890M(87%)
[1813,682s][info][gc] Allocation Stall (main) 457,989ms
[1813,703s][info][gc] GC(3612) Garbage Collection (Allocation Stall) 1024M(100%)->914M(89%)
[1814,216s][info][gc] Allocation Stall (main) 465,899ms
[1814,232s][info][gc] GC(3613) Garbage Collection (Allocation Rate) 1008M(98%)->922M(90%)
[1814,713s][info][gc] Allocation Stall (main) 430,146ms
[1814,718s][info][gc] GC(3614) Garbage Collection (Allocation Stall) 944M(92%)->962M(94%)
[1815,200s][info][gc] Allocation Stall (main) 454,378ms
[1815,220s][info][gc] GC(3615) Garbage Collection (Allocation Stall) 1018M(99%)->916M(89%)
[1815,715s][info][gc] Allocation Stall (main) 445,785ms
[1815,723s][info][gc] GC(3616) Garbage Collection (Allocation Stall) 962M(94%)->954M(93%)
[1816,196s][info][gc] Allocation Stall (main) 438,678ms
[1816,208s][info][gc] GC(3617) Garbage Collection (Allocation Stall) 984M(96%)->938M(92%)
[1816,708s][info][gc] Allocation Stall (main) 460,942ms
[1816,726s][info][gc] GC(3618) Garbage Collection (Allocation Stall) 1016M(99%)->918M(90%)
[1817,228s][info][gc] Allocation Stall (main) 451,827ms
[1817,233s][info][gc] GC(3619) Garbage Collection (Allocation Stall) 954M(93%)->958M(94%)
[1817,701s][info][gc] Allocation Stall (main) 436,873ms
[1817,713s][info][gc] GC(3620) Garbage Collection (Allocation Stall) 980M(96%)->946M(92%)
[1818,212s][info][gc] Allocation Stall (main) 464,299ms
[1818,228s][info][gc] GC(3621) Garbage Collection (Allocation Stall) 1010M(99%)->926M(90%)
[1818,713s][info][gc] Allocation Stall (main) 439,351ms
[1818,731s][info][gc] GC(3622) Garbage Collection (Allocation Stall) 958M(94%)->972M(95%)
[1819,215s][info][gc] Allocation Stall (main) 458,369ms
[1819,226s][info][gc] GC(3623) Garbage Collection (Allocation Stall) 996M(97%)->924M(90%)
[1819,695s][info][gc] Allocation Stall (main) 421,744ms
[1819,707s][info][gc] GC(3624) Garbage Collection (Allocation Stall) 952M(93%)->968M(95%)
[1820,203s][info][gc] Relocation Stall (main) 5,698ms
[1820,203s][info][gc] Allocation Stall (main) 469,407ms
[1820,217s][info][gc] GC(3625) Garbage Collection (Allocation Stall) 1024M(100%)->900M(88%)
[1820,720s][info][gc] Relocation Stall (main) 2,784ms
[1820,720s][info][gc] Allocation Stall (main) 445,593ms
[1820,730s][info][gc] GC(3626) Garbage Collection (Allocation Rate) 954M(93%)->956M(93%)
[1821,212s][info][gc] Allocation Stall (main) 449,130ms
[1821,222s][info][gc] GC(3627) Garbage Collection (Allocation Stall) 984M(96%)->932M(91%)
[1821,695s][info][gc] Allocation Stall (main) 430,272ms
[1821,703s][info][gc] GC(3628) Garbage Collection (Allocation Stall) 974M(95%)->942M(92%)
[1822,196s][info][gc] Allocation Stall (main) 456,421ms
[1822,208s][info][gc] GC(3629) Garbage Collection (Allocation Stall) 1024M(100%)->908M(89%)
[1822,707s][info][gc] Allocation Stall (main) 448,471ms
[1822,719s][info][gc] GC(3630) Garbage Collection (Allocation Rate) 990M(97%)->940M(92%)
[1823,215s][info][gc] Allocation Stall (main) 457,742ms
[1823,233s][info][gc] GC(3631) Garbage Collection (Allocation Stall) 994M(97%)->944M(92%)
[1823,715s][info][gc] Allocation Stall (main) 442,420ms
[1823,726s][info][gc] GC(3632) Garbage Collection (Allocation Stall) 964M(94%)->960M(94%)
[1824,209s][info][gc] Allocation Stall (main) 451,582ms
[1824,219s][info][gc] GC(3633) Garbage Collection (Allocation Stall) 994M(97%)->932M(91%)
[1824,696s][info][gc] Allocation Stall (main) 435,653ms
[1824,707s][info][gc] GC(3634) Garbage Collection (Allocation Stall) 986M(96%)->946M(92%)
[1825,210s][info][gc] Allocation Stall (main) 467,260ms
[1825,230s][info][gc] GC(3635) Garbage Collection (Allocation Stall) 1024M(100%)->920M(90%)
[1825,716s][info][gc] Allocation Stall (main) 435,306ms
[1825,729s][info][gc] GC(3636) Garbage Collection (Allocation Rate) 948M(93%)->980M(96%)
[1826,213s][info][gc] Allocation Stall (main) 463,025ms
[1826,220s][info][gc] GC(3637) Garbage Collection (Allocation Stall) 1010M(99%)->912M(89%)
[1826,706s][info][gc] Allocation Stall (main) 434,252ms
[1826,732s][info][gc] GC(3638) Garbage Collection (Allocation Stall) 962M(94%)->980M(96%)
[1827,236s][info][gc] Allocation Stall (main) 483,520ms
[1827,249s][info][gc] GC(3639) Garbage Collection (Allocation Stall) 1004M(98%)->916M(89%)
[1827,758s][info][gc] Allocation Stall (main) 460,924ms
[1827,768s][info][gc] GC(3640) Garbage Collection (Allocation Stall) 1024M(100%)->898M(88%)
[1828,282s][info][gc] Allocation Stall (main) 460,631ms
[1828,309s][info][gc] GC(3641) Garbage Collection (Allocation Stall) 1024M(100%)->920M(90%)
[1828,830s][info][gc] Allocation Stall (main) 477,004ms
[1828,839s][info][gc] GC(3642) Garbage Collection (Allocation Rate) 1000M(98%)->918M(90%)
[1829,298s][info][gc] Allocation Stall (main) 403,800ms
[1829,307s][info][gc] GC(3643) Garbage Collection (Allocation Stall) 918M(90%)->996M(97%)
[1829,780s][info][gc] Allocation Stall (main) 459,969ms
[1829,798s][info][gc] GC(3644) Garbage Collection (Allocation Stall) 1024M(100%)->906M(88%)
[1830,321s][info][gc] Relocation Stall (main) 5,045ms
[1830,321s][info][gc] Allocation Stall (main) 472,593ms
[1830,337s][info][gc] GC(3645) Garbage Collection (Allocation Rate) 1014M(99%)->906M(88%)
[1830,826s][info][gc] Allocation Stall (main) 431,168ms
[1830,836s][info][gc] GC(3646) Garbage Collection (Allocation Stall) 922M(90%)->986M(96%)
[1831,309s][info][gc] Allocation Stall (main) 453,543ms
[1831,321s][info][gc] GC(3647) Garbage Collection (Allocation Stall) 1000M(98%)->914M(89%)
[1831,800s][info][gc] Allocation Stall (main) 428,560ms
[1831,807s][info][gc] GC(3648) Garbage Collection (Allocation Stall) 962M(94%)->948M(93%)
[1832,293s][info][gc] Allocation Stall (main) 450,574ms
[1832,310s][info][gc] GC(3649) Garbage Collection (Allocation Stall) 1024M(100%)->908M(89%)
[1832,813s][info][gc] Allocation Stall (main) 452,025ms
[1832,821s][info][gc] GC(3650) Garbage Collection (Allocation Rate) 982M(96%)->934M(91%)
[1833,308s][info][gc] Relocation Stall (main) 3,152ms
[1833,308s][info][gc] Allocation Stall (main) 445,760ms
[1833,328s][info][gc] GC(3651) Garbage Collection (Allocation Stall) 982M(96%)->950M(93%)
[1833,819s][info][gc] Allocation Stall (main) 456,885ms
[1833,838s][info][gc] GC(3652) Garbage Collection (Allocation Stall) 984M(96%)->940M(92%)
[1834,315s][info][gc] Allocation Stall (main) 434,540ms
[1834,320s][info][gc] GC(3653) Garbage Collection (Allocation Stall) 952M(93%)->950M(93%)
[1834,788s][info][gc] Allocation Stall (main) 433,239ms
[1834,794s][info][gc] GC(3654) Garbage Collection (Allocation Stall) 1000M(98%)->916M(89%)
[1835,290s][info][gc] Allocation Stall (main) 448,735ms
[1835,300s][info][gc] GC(3655) Garbage Collection (Allocation Stall) 1024M(100%)->904M(88%)
[1835,802s][info][gc] Allocation Stall (main) 451,100ms
[1835,820s][info][gc] GC(3656) Garbage Collection (Allocation Rate) 1006M(98%)->934M(91%)
[1836,314s][info][gc] Allocation Stall (main) 453,313ms
[1836,339s][info][gc] GC(3657) Garbage Collection (Allocation Stall) 986M(96%)->954M(93%)
[1836,863s][info][gc] Allocation Stall (main) 492,226ms
[1836,870s][info][gc] GC(3658) Garbage Collection (Allocation Stall) 1024M(100%)->894M(87%)
[1837,384s][info][gc] Allocation Stall (main) 457,624ms
[1837,404s][info][gc] GC(3659) Garbage Collection (Allocation Stall) 1024M(100%)->916M(89%)
[1837,919s][info][gc] Allocation Stall (main) 469,650ms
[1837,938s][info][gc] GC(3660) Garbage Collection (Allocation Rate) 1008M(98%)->926M(90%)
[1838,424s][info][gc] Allocation Stall (main) 435,961ms
[1838,436s][info][gc] GC(3661) Garbage Collection (Allocation Stall) 936M(91%)->978M(96%)
[1838,907s][info][gc] Allocation Stall (main) 448,377ms
[1838,917s][info][gc] GC(3662) Garbage Collection (Allocation Stall) 994M(97%)->924M(90%)
[1839,400s][info][gc] Allocation Stall (main) 437,229ms
[1839,412s][info][gc] GC(3663) Garbage Collection (Allocation Stall) 982M(96%)->938M(92%)
[1839,903s][info][gc] Allocation Stall (main) 452,191ms
[1839,919s][info][gc] GC(3664) Garbage Collection (Allocation Stall) 1008M(98%)->922M(90%)
[1840,414s][info][gc] Allocation Stall (main) 449,030ms
[1840,423s][info][gc] GC(3665) Garbage Collection (Allocation Stall) 976M(95%)->942M(92%)
[1840,901s][info][gc] Allocation Stall (main) 440,047ms
[1840,911s][info][gc] GC(3666) Garbage Collection (Allocation Stall) 984M(96%)->940M(92%)
[1841,402s][info][gc] Allocation Stall (main) 453,647ms
[1841,419s][info][gc] GC(3667) Garbage Collection (Allocation Stall) 1012M(99%)->924M(90%)
[1841,909s][info][gc] Allocation Stall (main) 444,422ms
[1841,924s][info][gc] GC(3668) Garbage Collection (Allocation Stall) 978M(96%)->952M(93%)
[1842,414s][info][gc] Allocation Stall (main) 456,109ms
[1842,424s][info][gc] GC(3669) Garbage Collection (Allocation Stall) 994M(97%)->928M(91%)
[1842,903s][info][gc] Allocation Stall (main) 434,802ms
[1842,919s][info][gc] GC(3670) Garbage Collection (Allocation Stall) 970M(95%)->960M(94%)
[1843,412s][info][gc] Allocation Stall (main) 463,768ms
[1843,426s][info][gc] GC(3671) Garbage Collection (Allocation Stall) 1014M(99%)->912M(89%)
[1843,908s][info][gc] Allocation Stall (main) 428,904ms
[1843,913s][info][gc] GC(3672) Garbage Collection (Allocation Stall) 950M(93%)->966M(94%)
[1844,400s][info][gc] Relocation Stall (main) 4,948ms
[1844,400s][info][gc] Allocation Stall (main) 459,111ms
[1844,408s][info][gc] GC(3673) Garbage Collection (Allocation Stall) 1024M(100%)->900M(88%)
[1844,910s][info][gc] Allocation Stall (main) 447,279ms
[1844,929s][info][gc] GC(3674) Garbage Collection (Allocation Rate) 980M(96%)->958M(94%)
[1845,420s][info][gc] Allocation Stall (main) 459,348ms
[1845,439s][info][gc] GC(3675) Garbage Collection (Allocation Stall) 988M(96%)->944M(92%)
[1845,953s][info][gc] Relocation Stall (main) 4,926ms
[1845,953s][info][gc] Allocation Stall (main) 477,133ms
[1845,969s][info][gc] GC(3676) Garbage Collection (Allocation Stall) 1024M(100%)->900M(88%)
[1846,505s][info][gc] Relocation Stall (main) 5,048ms
[1846,505s][info][gc] Allocation Stall (main) 483,007ms
[1846,508s][info][gc] GC(3677) Garbage Collection (Allocation Stall) 1024M(100%)->882M(86%)
[1846,998s][info][gc] Allocation Stall (main) 425,040ms
[1847,009s][info][gc] GC(3678) Garbage Collection (Allocation Rate) 958M(94%)->962M(94%)
[1847,500s][info][gc] Allocation Stall (main) 462,267ms
[1847,514s][info][gc] GC(3679) Garbage Collection (Allocation Stall) 1024M(100%)->906M(88%)
[1848,026s][info][gc] Relocation Stall (main) 16,778ms
[1848,026s][info][gc] Allocation Stall (main) 458,313ms
[1848,028s][info][gc] GC(3680) Garbage Collection (Allocation Rate) 970M(95%)->926M(90%)
[1848,517s][info][gc] Allocation Stall (main) 441,504ms
[1848,534s][info][gc] GC(3681) Garbage Collection (Allocation Stall) 950M(93%)->970M(95%)
[1849,015s][info][gc] Allocation Stall (main) 455,506ms
[1849,023s][info][gc] GC(3682) Garbage Collection (Allocation Stall) 990M(97%)->920M(90%)
[1849,496s][info][gc] Allocation Stall (main) 424,272ms
[1849,501s][info][gc] GC(3683) Garbage Collection (Allocation Stall) 962M(94%)->948M(93%)
[1849,983s][info][gc] Allocation Stall (main) 447,610ms
[1849,994s][info][gc] GC(3684) Garbage Collection (Allocation Stall) 1024M(100%)->904M(88%)
[1850,508s][info][gc] Allocation Stall (main) 463,540ms
[1850,529s][info][gc] GC(3685) Garbage Collection (Allocation Rate) 1022M(100%)->920M(90%)
[1851,019s][info][gc] Allocation Stall (main) 440,199ms
[1851,037s][info][gc] GC(3686) Garbage Collection (Allocation Stall) 942M(92%)->988M(96%)
[1851,515s][info][gc] Allocation Stall (main) 458,946ms
[1851,534s][info][gc] GC(3687) Garbage Collection (Allocation Stall) 1000M(98%)->926M(90%)
[1852,021s][info][gc] Allocation Stall (main) 439,480ms
[1852,025s][info][gc] GC(3688) Garbage Collection (Allocation Stall) 946M(92%)->958M(94%)
[1852,495s][info][gc] Allocation Stall (main) 439,716ms
[1852,503s][info][gc] GC(3689) Garbage Collection (Allocation Stall) 998M(97%)->920M(90%)
[1852,999s][info][gc] Allocation Stall (main) 451,545ms
[1853,012s][info][gc] GC(3690) Garbage Collection (Allocation Stall) 1014M(99%)->916M(89%)
[1853,505s][info][gc] Allocation Stall (main) 444,602ms
[1853,523s][info][gc] GC(3691) Garbage Collection (Allocation Stall) 976M(95%)->954M(93%)
[1854,013s][info][gc] Allocation Stall (main) 457,954ms
[1854,022s][info][gc] GC(3692) Garbage Collection (Allocation Stall) 998M(97%)->922M(90%)
[1854,497s][info][gc] Allocation Stall (main) 428,107ms
[1854,512s][info][gc] GC(3693) Garbage Collection (Allocation Stall) 968M(95%)->962M(94%)
[1855,011s][info][gc] Relocation Stall (main) 5,023ms
[1855,011s][info][gc] Allocation Stall (main) 470,005ms
[1855,022s][info][gc] GC(3694) Garbage Collection (Allocation Stall) 1024M(100%)->898M(88%)
[1855,509s][info][gc] Allocation Stall (main) 428,617ms
[1855,528s][info][gc] GC(3695) Garbage Collection (Allocation Rate) 944M(92%)->986M(96%)
[1856,021s][info][gc] Allocation Stall (main) 474,796ms
[1856,035s][info][gc] GC(3696) Garbage Collection (Allocation Stall) 1020M(100%)->900M(88%)
[1856,504s][info][gc] Allocation Stall (main) 406,665ms
[1856,513s][info][gc] GC(3697) Garbage Collection (Allocation Stall) 912M(89%)->996M(97%)
[1856,991s][info][gc] Allocation Stall (main) 463,344ms
[1857,002s][info][gc] GC(3698) Garbage Collection (Allocation Stall) 1024M(100%)->898M(88%)
[1857,499s][info][gc] Allocation Stall (main) 442,011ms
[1857,512s][info][gc] GC(3699) Garbage Collection (Allocation Rate) 990M(97%)->936M(91%)
[1858,008s][info][gc] Allocation Stall (main) 456,438ms
[1858,029s][info][gc] GC(3700) Garbage Collection (Allocation Stall) 1006M(98%)->928M(91%)
[1858,522s][info][gc] Allocation Stall (main) 446,997ms
[1858,537s][info][gc] GC(3701) Garbage Collection (Allocation Stall) 958M(94%)->958M(94%)
[1859,013s][info][gc] Allocation Stall (main) 442,586ms
[1859,019s][info][gc] GC(3702) Garbage Collection (Allocation Stall) 972M(95%)->934M(91%)
[1859,497s][info][gc] Allocation Stall (main) 437,348ms
[1859,510s][info][gc] GC(3703) Garbage Collection (Allocation Stall) 986M(96%)->938M(92%)
[1860,006s][info][gc] Allocation Stall (main) 457,188ms
[1860,019s][info][gc] GC(3704) Garbage Collection (Allocation Stall) 1012M(99%)->914M(89%)
[1860,500s][info][gc] Allocation Stall (main) 429,850ms
[1860,514s][info][gc] GC(3705) Garbage Collection (Allocation Stall) 956M(93%)->966M(94%)
[1861,020s][info][gc] Relocation Stall (main) 5,329ms
[1861,020s][info][gc] Allocation Stall (main) 478,559ms
[1861,036s][info][gc] GC(3706) Garbage Collection (Allocation Stall) 1024M(100%)->898M(88%)
[1861,527s][info][gc] Allocation Stall (main) 426,870ms
[1861,528s][info][gc] GC(3707) Garbage Collection (Allocation Rate) 906M(88%)->990M(97%)
[1861,998s][info][gc] Allocation Stall (main) 453,108ms
[1862,007s][info][gc] GC(3708) Garbage Collection (Allocation Stall) 1020M(100%)->902M(88%)
[1862,501s][info][gc] Relocation Stall (main) 3,537ms
[1862,502s][info][gc] Allocation Stall (main) 440,169ms
[1862,510s][info][gc] GC(3709) Garbage Collection (Allocation Stall) 978M(96%)->942M(92%)
[1863,001s][info][gc] Allocation Stall (main) 454,409ms
[1863,017s][info][gc] GC(3710) Garbage Collection (Allocation Stall) 1006M(98%)->926M(90%)
[1863,528s][info][gc] Allocation Stall (main) 465,532ms
[1863,551s][info][gc] GC(3711) Garbage Collection (Allocation Stall) 978M(96%)->958M(94%)
[1864,065s][info][gc] Allocation Stall (main) 484,216ms
[1864,075s][info][gc] GC(3712) Garbage Collection (Allocation Stall) 1024M(100%)->894M(87%)
[1864,589s][info][gc] Allocation Stall (main) 458,078ms
[1864,615s][info][gc] GC(3713) Garbage Collection (Allocation Stall) 1024M(100%)->918M(90%)
[1865,132s][info][gc] Allocation Stall (main) 469,991ms
[1865,139s][info][gc] GC(3714) Garbage Collection (Allocation Rate) 982M(96%)->930M(91%)
[1865,591s][info][gc] Allocation Stall (main) 404,444ms
[1865,603s][info][gc] GC(3715) Garbage Collection (Allocation Stall) 934M(91%)->984M(96%)
[1866,093s][info][gc] Allocation Stall (main) 470,170ms
[1866,100s][info][gc] GC(3716) Garbage Collection (Allocation Stall) 1024M(100%)->896M(88%)
[1866,598s][info][gc] Allocation Stall (main) 441,372ms
[1866,620s][info][gc] GC(3717) Garbage Collection (Allocation Rate) 992M(97%)->946M(92%)
[1867,136s][info][gc] Relocation Stall (main) 8,056ms
[1867,136s][info][gc] Allocation Stall (main) 481,906ms
[1867,147s][info][gc] GC(3718) Garbage Collection (Allocation Stall) 1000M(98%)->914M(89%)
[1867,678s][info][gc] Relocation Stall (main) 4,880ms
[1867,678s][info][gc] Allocation Stall (main) 483,732ms
[1867,681s][info][gc] GC(3719) Garbage Collection (Allocation Stall) 1024M(100%)->882M(86%)
[1868,197s][info][gc] Allocation Stall (main) 455,370ms
[1868,215s][info][gc] GC(3720) Garbage Collection (Allocation Stall) 1024M(100%)->912M(89%)
[1868,711s][info][gc] Allocation Stall (main) 446,053ms
[1868,720s][info][gc] GC(3721) Garbage Collection (Allocation Rate) 976M(95%)->948M(93%)
[1869,196s][info][gc] Allocation Stall (main) 440,318ms
[1869,208s][info][gc] GC(3722) Garbage Collection (Allocation Stall) 996M(97%)->934M(91%)
[1869,713s][info][gc] Relocation Stall (main) 4,631ms
[1869,713s][info][gc] Allocation Stall (main) 464,069ms
[1869,734s][info][gc] GC(3723) Garbage Collection (Allocation Stall) 1010M(99%)->926M(90%)
[1870,227s][info][gc] Allocation Stall (main) 444,173ms
[1870,240s][info][gc] GC(3724) Garbage Collection (Allocation Stall) 944M(92%)->970M(95%)
[1870,731s][info][gc] Allocation Stall (main) 465,935ms
[1870,744s][info][gc] GC(3725) Garbage Collection (Allocation Stall) 1024M(100%)->896M(88%)
[1871,267s][info][gc] Allocation Stall (main) 466,288ms
[1871,276s][info][gc] GC(3726) Garbage Collection (Allocation Stall) 1024M(100%)->900M(88%)
[1871,791s][info][gc] Relocation Stall (main) 5,229ms
[1871,791s][info][gc] Allocation Stall (main) 462,302ms
[1871,805s][info][gc] GC(3727) Garbage Collection (Allocation Stall) 1024M(100%)->902M(88%)
[1872,315s][info][gc] Allocation Stall (main) 457,773ms
[1872,335s][info][gc] GC(3728) Garbage Collection (Allocation Rate) 990M(97%)->942M(92%)
[1872,818s][info][gc] Allocation Stall (main) 441,989ms
[1872,828s][info][gc] GC(3729) Garbage Collection (Allocation Stall) 958M(94%)->960M(94%)
[1873,299s][info][gc] Allocation Stall (main) 439,747ms
[1873,311s][info][gc] GC(3730) Garbage Collection (Allocation Stall) 990M(97%)->932M(91%)
[1873,808s][info][gc] Allocation Stall (main) 454,956ms
[1873,818s][info][gc] GC(3731) Garbage Collection (Allocation Stall) 1004M(98%)->918M(90%)
[1874,296s][info][gc] Allocation Stall (main) 427,860ms
[1874,306s][info][gc] GC(3732) Garbage Collection (Allocation Stall) 964M(94%)->960M(94%)
[1874,799s][info][gc] Relocation Stall (main) 5,201ms
[1874,799s][info][gc] Allocation Stall (main) 462,702ms
[1874,812s][info][gc] GC(3733) Garbage Collection (Allocation Stall) 1024M(100%)->900M(88%)
[1875,318s][info][gc] Relocation Stall (main) 1,988ms
[1875,318s][info][gc] Allocation Stall (main) 451,162ms
[1875,325s][info][gc] GC(3734) Garbage Collection (Allocation Rate) 972M(95%)->946M(92%)
[1875,802s][info][gc] Allocation Stall (main) 440,584ms
[1875,815s][info][gc] GC(3735) Garbage Collection (Allocation Stall) 984M(96%)->942M(92%)
[1876,306s][info][gc] Allocation Stall (main) 453,715ms
[1876,319s][info][gc] GC(3736) Garbage Collection (Allocation Stall) 1004M(98%)->924M(90%)
[1876,807s][info][gc] Allocation Stall (main) 442,360ms
[1876,823s][info][gc] GC(3737) Garbage Collection (Allocation Stall) 978M(96%)->954M(93%)
[1877,311s][info][gc] Allocation Stall (main) 456,142ms
[1877,327s][info][gc] GC(3738) Garbage Collection (Allocation Stall) 998M(97%)->928M(91%)
[1877,811s][info][gc] Allocation Stall (main) 438,483ms
[1877,820s][info][gc] GC(3739) Garbage Collection (Allocation Stall) 962M(94%)->954M(93%)
[1878,297s][info][gc] Allocation Stall (main) 444,676ms
[1878,306s][info][gc] GC(3740) Garbage Collection (Allocation Stall) 1000M(98%)->920M(90%)
[1878,802s][info][gc] Allocation Stall (main) 449,739ms
[1878,824s][info][gc] GC(3741) Garbage Collection (Allocation Stall) 1004M(98%)->932M(91%)
[1879,320s][info][gc] Allocation Stall (main) 455,040ms
[1879,336s][info][gc] GC(3742) Garbage Collection (Allocation Stall) 978M(96%)->948M(93%)
[1879,808s][info][gc] Allocation Stall (main) 434,136ms
[1879,818s][info][gc] GC(3743) Garbage Collection (Allocation Stall) 964M(94%)->950M(93%)
[1880,295s][info][gc] Allocation Stall (main) 442,993ms
[1880,301s][info][gc] GC(3744) Garbage Collection (Allocation Stall) 998M(97%)->920M(90%)
[1880,803s][info][gc] Allocation Stall (main) 455,779ms
[1880,824s][info][gc] GC(3745) Garbage Collection (Allocation Stall) 1014M(99%)->926M(90%)
[1881,315s][info][gc] Allocation Stall (main) 446,591ms
[1881,325s][info][gc] GC(3746) Garbage Collection (Allocation Stall) 970M(95%)->950M(93%)
[1881,801s][info][gc] Allocation Stall (main) 441,917ms
[1881,825s][info][gc] GC(3747) Garbage Collection (Allocation Stall) 988M(96%)->946M(92%)
[1882,323s][info][gc] Allocation Stall (main) 461,828ms
[1882,329s][info][gc] GC(3748) Garbage Collection (Allocation Stall) 980M(96%)->928M(91%)
[1882,789s][info][gc] Allocation Stall (main) 412,892ms
[1882,796s][info][gc] GC(3749) Garbage Collection (Allocation Stall) 956M(93%)->958M(94%)
[1883,278s][info][gc] Allocation Stall (main) 451,710ms
[1883,289s][info][gc] GC(3750) Garbage Collection (Allocation Stall) 1024M(100%)->906M(88%)
[1883,798s][info][gc] Allocation Stall (main) 458,661ms
[1883,813s][info][gc] GC(3751) Garbage Collection (Allocation Stall) 1024M(100%)->914M(89%)
[1884,329s][info][gc] Allocation Stall (main) 466,780ms
[1884,358s][info][gc] GC(3752) Garbage Collection (Allocation Rate) 980M(96%)->968M(95%)
[1884,884s][info][gc] Relocation Stall (main) 5,566ms
[1884,884s][info][gc] Allocation Stall (main) 500,890ms
[1884,888s][info][gc] GC(3753) Garbage Collection (Allocation Stall) 1024M(100%)->880M(86%)
[1885,411s][info][gc] Relocation Stall (main) 11,827ms
[1885,411s][info][gc] Allocation Stall (main) 462,175ms
[1885,413s][info][gc] GC(3754) Garbage Collection (Allocation Rate) 1010M(99%)->894M(87%)
[1885,908s][info][gc] Allocation Stall (main) 435,099ms
[1885,926s][info][gc] GC(3755) Garbage Collection (Allocation Stall) 960M(94%)->970M(95%)
[1886,421s][info][gc] Allocation Stall (main) 469,311ms
[1886,428s][info][gc] GC(3756) Garbage Collection (Allocation Stall) 1006M(98%)->908M(89%)
[1886,896s][info][gc] Allocation Stall (main) 411,567ms
[1886,902s][info][gc] GC(3757) Garbage Collection (Allocation Stall) 942M(92%)->972M(95%)
[1887,386s][info][gc] Relocation Stall (main) 5,171ms
[1887,387s][info][gc] Allocation Stall (main) 460,576ms
[1887,401s][info][gc] GC(3758) Garbage Collection (Allocation Stall) 1024M(100%)->904M(88%)
[1887,921s][info][gc] Allocation Stall (main) 469,216ms
[1887,935s][info][gc] GC(3759) Garbage Collection (Allocation Rate) 1004M(98%)->928M(91%)
[1888,411s][info][gc] Allocation Stall (main) 427,824ms
[1888,425s][info][gc] GC(3760) Garbage Collection (Allocation Stall) 944M(92%)->980M(96%)
[1888,918s][info][gc] Allocation Stall (main) 471,189ms
[1888,943s][info][gc] GC(3761) Garbage Collection (Allocation Stall) 1018M(99%)->918M(90%)
[1889,435s][info][gc] Allocation Stall (main) 438,692ms
[1889,442s][info][gc] GC(3762) Garbage Collection (Allocation Stall) 920M(90%)->982M(96%)
[1889,901s][info][gc] Allocation Stall (main) 437,023ms
[1889,915s][info][gc] GC(3763) Garbage Collection (Allocation Stall) 984M(96%)->932M(91%)
[1890,405s][info][gc] Allocation Stall (main) 450,204ms
[1890,410s][info][gc] GC(3764) Garbage Collection (Allocation Stall) 996M(97%)->912M(89%)
[1890,894s][info][gc] Allocation Stall (main) 433,434ms
[1890,908s][info][gc] GC(3765) Garbage Collection (Allocation Stall) 984M(96%)->938M(92%)
[1891,414s][info][gc] Allocation Stall (main) 468,996ms
[1891,435s][info][gc] GC(3766) Garbage Collection (Allocation Stall) 1020M(100%)->914M(89%)
[1891,928s][info][gc] Allocation Stall (main) 439,298ms
[1891,943s][info][gc] GC(3767) Garbage Collection (Allocation Stall) 932M(91%)->982M(96%)
[1892,427s][info][gc] Allocation Stall (main) 464,415ms
[1892,440s][info][gc] GC(3768) Garbage Collection (Allocation Stall) 1024M(100%)->894M(87%)
[1892,954s][info][gc] Allocation Stall (main) 459,392ms
[1892,972s][info][gc] GC(3769) Garbage Collection (Allocation Stall) 1024M(100%)->906M(88%)
[1893,496s][info][gc] Allocation Stall (main) 474,571ms
[1893,510s][info][gc] GC(3770) Garbage Collection (Allocation Stall) 1024M(100%)->900M(88%)
[1894,006s][info][gc] Allocation Stall (main) 440,998ms
[1894,020s][info][gc] GC(3771) Garbage Collection (Allocation Rate) 976M(95%)->950M(93%)
[1894,508s][info][gc] Allocation Stall (main) 453,957ms
[1894,518s][info][gc] GC(3772) Garbage Collection (Allocation Stall) 1000M(98%)->924M(90%)
[1895,011s][info][gc] Relocation Stall (main) 3,424ms
[1895,011s][info][gc] Allocation Stall (main) 445,843ms
[1895,022s][info][gc] GC(3773) Garbage Collection (Allocation Stall) 976M(95%)->944M(92%)
[1895,513s][info][gc] Allocation Stall (main) 455,057ms
[1895,521s][info][gc] GC(3774) Garbage Collection (Allocation Stall) 990M(97%)->930M(91%)
[1896,000s][info][gc] Allocation Stall (main) 435,724ms
[1896,013s][info][gc] GC(3775) Garbage Collection (Allocation Stall) 978M(96%)->952M(93%)
[1896,511s][info][gc] Allocation Stall (main) 466,144ms
[1896,529s][info][gc] GC(3776) Garbage Collection (Allocation Stall) 1020M(100%)->916M(89%)
[1897,011s][info][gc] Allocation Stall (main) 432,588ms
[1897,030s][info][gc] GC(3777) Garbage Collection (Allocation Stall) 950M(93%)->984M(96%)
[1897,515s][info][gc] Allocation Stall (main) 465,358ms
[1897,527s][info][gc] GC(3778) Garbage Collection (Allocation Stall) 1010M(99%)->912M(89%)
[1898,000s][info][gc] Allocation Stall (main) 420,077ms
[1898,017s][info][gc] GC(3779) Garbage Collection (Allocation Stall) 948M(93%)->978M(96%)
[1898,515s][info][gc] Allocation Stall (main) 475,677ms
[1898,521s][info][gc] GC(3780) Garbage Collection (Allocation Stall) 1024M(100%)->894M(87%)
[1899,001s][info][gc] Allocation Stall (main) 415,093ms
[1899,021s][info][gc] GC(3781) Garbage Collection (Allocation Rate) 940M(92%)->994M(97%)
[1899,519s][info][gc] Relocation Stall (main) 5,555ms
[1899,519s][info][gc] Allocation Stall (main) 483,188ms
[1899,521s][info][gc] GC(3782) Garbage Collection (Allocation Stall) 1024M(100%)->882M(86%)
[1899,994s][info][gc] Allocation Stall (main) 404,320ms
[1900,005s][info][gc] GC(3783) Garbage Collection (Allocation Rate) 920M(90%)->1000M(98%)
[1900,491s][info][gc] Relocation Stall (main) 4,843ms
[1900,491s][info][gc] Allocation Stall (main) 473,893ms
[1900,498s][info][gc] GC(3784) Garbage Collection (Allocation Stall) 1024M(100%)->894M(87%)
[1901,011s][info][gc] Relocation Stall (main) 1,352ms
[1901,011s][info][gc] Allocation Stall (main) 455,518ms
[1901,029s][info][gc] GC(3785) Garbage Collection (Allocation Rate) 988M(96%)->944M(92%)
[1901,530s][info][gc] Allocation Stall (main) 463,845ms
[1901,538s][info][gc] GC(3786) Garbage Collection (Allocation Stall) 976M(95%)->942M(92%)
[1901,997s][info][gc] Allocation Stall (main) 417,513ms
[1902,004s][info][gc] GC(3787) Garbage Collection (Allocation Stall) 948M(93%)->972M(95%)
[1902,489s][info][gc] Relocation Stall (main) 5,061ms
[1902,489s][info][gc] Allocation Stall (main) 461,272ms
[1902,500s][info][gc] GC(3788) Garbage Collection (Allocation Stall) 1024M(100%)->902M(88%)
[1903,021s][info][gc] Relocation Stall (main) 13,794ms
[1903,021s][info][gc] Allocation Stall (main) 469,235ms
[1903,021s][info][gc] GC(3789) Garbage Collection (Allocation Rate) 1000M(98%)->904M(88%)
[1903,511s][info][gc] Relocation Stall (main) 4,468ms
[1903,511s][info][gc] Allocation Stall (main) 432,703ms
[1903,520s][info][gc] GC(3790) Garbage Collection (Allocation Stall) 950M(93%)->970M(95%)
[1904,008s][info][gc] Allocation Stall (main) 461,482ms
[1904,019s][info][gc] GC(3791) Garbage Collection (Allocation Stall) 1018M(99%)->908M(89%)
[1904,503s][info][gc] Allocation Stall (main) 430,049ms
[1904,525s][info][gc] GC(3792) Garbage Collection (Allocation Stall) 954M(93%)->978M(96%)
[1905,031s][info][gc] Allocation Stall (main) 484,997ms
[1905,038s][info][gc] GC(3793) Garbage Collection (Allocation Stall) 1018M(99%)->900M(88%)
[1905,498s][info][gc] Allocation Stall (main) 396,252ms
[1905,506s][info][gc] GC(3794) Garbage Collection (Allocation Stall) 910M(89%)->1006M(98%)
[1905,973s][info][gc] Allocation Stall (main) 457,099ms
[1905,986s][info][gc] GC(3795) Garbage Collection (Allocation Stall) 1024M(100%)->906M(88%)
[1906,505s][info][gc] Relocation Stall (main) 5,075ms
[1906,505s][info][gc] Allocation Stall (main) 468,815ms
[1906,510s][info][gc] GC(3796) Garbage Collection (Allocation Stall) 1024M(100%)->898M(88%)
[1907,010s][info][gc] Allocation Stall (main) 442,525ms
[1907,030s][info][gc] GC(3797) Garbage Collection (Allocation Rate) 970M(95%)->972M(95%)
[1907,518s][info][gc] Allocation Stall (main) 464,661ms
[1907,536s][info][gc] GC(3798) Garbage Collection (Allocation Stall) 1002M(98%)->928M(91%)
[1908,013s][info][gc] Allocation Stall (main) 428,666ms
[1908,032s][info][gc] GC(3799) Garbage Collection (Allocation Stall) 938M(92%)->986M(96%)
[1908,524s][info][gc] Relocation Stall (main) 5,474ms
[1908,524s][info][gc] Allocation Stall (main) 474,102ms
[1908,538s][info][gc] GC(3800) Garbage Collection (Allocation Stall) 1010M(99%)->902M(88%)
[1909,019s][info][gc] Allocation Stall (main) 418,819ms
[1909,021s][info][gc] GC(3801) Garbage Collection (Allocation Stall) 914M(89%)->980M(96%)
[1909,495s][info][gc] Allocation Stall (main) 453,419ms
[1909,505s][info][gc] GC(3802) Garbage Collection (Allocation Stall) 1022M(100%)->896M(88%)
[1910,007s][info][gc] Allocation Stall (main) 446,211ms
[1910,021s][info][gc] GC(3803) Garbage Collection (Allocation Stall) 982M(96%)->940M(92%)
[1910,512s][info][gc] Allocation Stall (main) 453,476ms
[1910,523s][info][gc] GC(3804) Garbage Collection (Allocation Stall) 990M(97%)->930M(91%)
[1911,004s][info][gc] Allocation Stall (main) 437,158ms
[1911,019s][info][gc] GC(3805) Garbage Collection (Allocation Stall) 974M(95%)->950M(93%)
[1911,511s][info][gc] Allocation Stall (main) 458,930ms
[1911,534s][info][gc] GC(3806) Garbage Collection (Allocation Stall) 1004M(98%)->928M(91%)
[1912,023s][info][gc] Allocation Stall (main) 441,628ms
[1912,029s][info][gc] GC(3807) Garbage Collection (Allocation Stall) 948M(93%)->958M(94%)
[1912,498s][info][gc] Allocation Stall (main) 436,545ms
[1912,509s][info][gc] GC(3808) Garbage Collection (Allocation Stall) 986M(96%)->930M(91%)
[1913,004s][info][gc] Allocation Stall (main) 454,092ms
[1913,017s][info][gc] GC(3809) Garbage Collection (Allocation Stall) 1010M(99%)->914M(89%)
[1913,506s][info][gc] Allocation Stall (main) 439,598ms
[1913,517s][info][gc] GC(3810) Garbage Collection (Allocation Stall) 972M(95%)->950M(93%)
[1914,003s][info][gc] Allocation Stall (main) 452,717ms
[1914,014s][info][gc] GC(3811) Garbage Collection (Allocation Stall) 1008M(98%)->916M(89%)
[1914,505s][info][gc] Allocation Stall (main) 442,342ms
[1914,516s][info][gc] GC(3812) Garbage Collection (Allocation Stall) 980M(96%)->946M(92%)
[1915,002s][info][gc] Allocation Stall (main) 450,759ms
[1915,017s][info][gc] GC(3813) Garbage Collection (Allocation Stall) 1008M(98%)->926M(90%)
[1915,513s][info][gc] Allocation Stall (main) 450,665ms
[1915,535s][info][gc] GC(3814) Garbage Collection (Allocation Stall) 978M(96%)->956M(93%)
[1916,020s][info][gc] Allocation Stall (main) 447,693ms
[1916,023s][info][gc] GC(3815) Garbage Collection (Allocation Stall) 964M(94%)->950M(93%)
[1916,500s][info][gc] Allocation Stall (main) 441,910ms
[1916,518s][info][gc] GC(3816) Garbage Collection (Allocation Stall) 984M(96%)->950M(93%)
[1917,013s][info][gc] Allocation Stall (main) 461,448ms
[1917,025s][info][gc] GC(3817) Garbage Collection (Allocation Stall) 998M(97%)->928M(91%)
[1917,499s][info][gc] Allocation Stall (main) 428,751ms
[1917,515s][info][gc] GC(3818) Garbage Collection (Allocation Stall) 966M(94%)->964M(94%)
[1918,008s][info][gc] Allocation Stall (main) 464,406ms
[1918,024s][info][gc] GC(3819) Garbage Collection (Allocation Stall) 1014M(99%)->916M(89%)
[1918,509s][info][gc] Allocation Stall (main) 434,042ms
[1918,516s][info][gc] GC(3820) Garbage Collection (Allocation Stall) 956M(93%)->958M(94%)
[1919,009s][info][gc] Allocation Stall (main) 462,248ms
[1919,030s][info][gc] GC(3821) Garbage Collection (Allocation Stall) 1018M(99%)->920M(90%)
[1919,525s][info][gc] Allocation Stall (main) 445,483ms
[1919,536s][info][gc] GC(3822) Garbage Collection (Allocation Stall) 950M(93%)->964M(94%)
[1920,001s][info][gc] Allocation Stall (main) 434,349ms
[1920,013s][info][gc] GC(3823) Garbage Collection (Allocation Stall) 978M(96%)->940M(92%)
[1920,507s][info][gc] Allocation Stall (main) 455,564ms
[1920,524s][info][gc] GC(3824) Garbage Collection (Allocation Stall) 1006M(98%)->922M(90%)
[1921,004s][info][gc] Allocation Stall (main) 431,604ms
[1921,009s][info][gc] GC(3825) Garbage Collection (Allocation Stall) 954M(93%)->952M(93%)
[1921,492s][info][gc] Allocation Stall (main) 450,234ms
[1921,504s][info][gc] GC(3826) Garbage Collection (Allocation Stall) 1024M(100%)->902M(88%)
[1922,007s][info][gc] Allocation Stall (main) 449,137ms
[1922,027s][info][gc] GC(3827) Garbage Collection (Allocation Rate) 986M(96%)->950M(93%)
[1922,524s][info][gc] Relocation Stall (main) 7,512ms
[1922,524s][info][gc] Allocation Stall (main) 463,530ms
[1922,528s][info][gc] GC(3828) Garbage Collection (Allocation Stall) 986M(96%)->920M(90%)
[1923,006s][info][gc] Allocation Stall (main) 427,332ms
[1923,013s][info][gc] GC(3829) Garbage Collection (Allocation Stall) 952M(93%)->964M(94%)
[1923,505s][info][gc] Allocation Stall (main) 463,590ms
[1923,522s][info][gc] GC(3830) Garbage Collection (Allocation Stall) 1024M(100%)->910M(89%)
[1924,014s][info][gc] Allocation Stall (main) 438,259ms
[1924,023s][info][gc] GC(3831) Garbage Collection (Allocation Rate) 956M(93%)->960M(94%)
[1924,502s][info][gc] Allocation Stall (main) 449,859ms
[1924,514s][info][gc] GC(3832) Garbage Collection (Allocation Stall) 1004M(98%)->924M(90%)
[1925,005s][info][gc] Allocation Stall (main) 445,295ms
[1925,026s][info][gc] GC(3833) Garbage Collection (Allocation Stall) 988M(96%)->948M(93%)
[1925,528s][info][gc] Allocation Stall (main) 466,879ms
[1925,533s][info][gc] GC(3834) Garbage Collection (Allocation Stall) 986M(96%)->928M(91%)
[1925,996s][info][gc] Allocation Stall (main) 414,457ms
[1926,008s][info][gc] GC(3835) Garbage Collection (Allocation Stall) 948M(93%)->976M(95%)
[1926,495s][info][gc] Allocation Stall (main) 464,323ms
[1926,503s][info][gc] GC(3836) Garbage Collection (Allocation Stall) 1024M(100%)->902M(88%)
[1927,013s][info][gc] Allocation Stall (main) 455,945ms
[1927,045s][info][gc] GC(3837) Garbage Collection (Allocation Rate) 992M(97%)->964M(94%)
[1927,570s][info][gc] Allocation Stall (main) 498,209ms
[1927,580s][info][gc] GC(3838) Garbage Collection (Allocation Stall) 1024M(100%)->896M(88%)
[1928,096s][info][gc] Allocation Stall (main) 460,545ms
[1928,114s][info][gc] GC(3839) Garbage Collection (Allocation Stall) 1024M(100%)->910M(89%)
[1928,625s][info][gc] Allocation Stall (main) 459,382ms
[1928,642s][info][gc] GC(3840) Garbage Collection (Allocation Rate) 974M(95%)->952M(93%)
[1929,115s][info][gc] Relocation Stall (main) 2,787ms
[1929,115s][info][gc] Allocation Stall (main) 436,472ms
[1929,118s][info][gc] GC(3841) Garbage Collection (Allocation Stall) 952M(93%)->948M(93%)
[1929,601s][info][gc] Allocation Stall (main) 448,034ms
[1929,619s][info][gc] GC(3842) Garbage Collection (Allocation Stall) 1004M(98%)->928M(91%)
[1930,114s][info][gc] Allocation Stall (main) 450,252ms
[1930,125s][info][gc] GC(3843) Garbage Collection (Allocation Stall) 972M(95%)->944M(92%)
[1930,601s][info][gc] Allocation Stall (main) 439,261ms
[1930,615s][info][gc] GC(3844) Garbage Collection (Allocation Stall) 984M(96%)->936M(91%)
[1931,112s][info][gc] Allocation Stall (main) 457,550ms
[1931,126s][info][gc] GC(3845) Garbage Collection (Allocation Stall) 998M(97%)->924M(90%)
[1931,601s][info][gc] Allocation Stall (main) 427,751ms
[1931,608s][info][gc] GC(3846) Garbage Collection (Allocation Stall) 960M(94%)->952M(93%)
[1932,104s][info][gc] Relocation Stall (main) 4,763ms
[1932,104s][info][gc] Allocation Stall (main) 462,313ms
[1932,111s][info][gc] GC(3847) Garbage Collection (Allocation Stall) 1024M(100%)->894M(87%)
[1932,607s][info][gc] Allocation Stall (main) 437,125ms
[1932,626s][info][gc] GC(3848) Garbage Collection (Allocation Rate) 966M(94%)->964M(94%)
[1933,119s][info][gc] Allocation Stall (main) 465,300ms
[1933,130s][info][gc] GC(3849) Garbage Collection (Allocation Stall) 1000M(98%)->918M(90%)
[1933,602s][info][gc] Allocation Stall (main) 420,437ms
[1933,617s][info][gc] GC(3850) Garbage Collection (Allocation Stall) 946M(92%)->974M(95%)
[1934,105s][info][gc] Allocation Stall (main) 465,532ms
[1934,113s][info][gc] GC(3851) Garbage Collection (Allocation Stall) 1024M(100%)->896M(88%)
[1934,595s][info][gc] Allocation Stall (main) 423,738ms
[1934,612s][info][gc] GC(3852) Garbage Collection (Allocation Rate) 962M(94%)->968M(95%)
[1935,111s][info][gc] Allocation Stall (main) 473,904ms
[1935,131s][info][gc] GC(3853) Garbage Collection (Allocation Stall) 1024M(100%)->912M(89%)
[1935,620s][info][gc] Allocation Stall (main) 433,726ms
[1935,629s][info][gc] GC(3854) Garbage Collection (Allocation Rate) 938M(92%)->974M(95%)
[1936,110s][info][gc] Allocation Stall (main) 457,336ms
[1936,131s][info][gc] GC(3855) Garbage Collection (Allocation Stall) 1006M(98%)->928M(91%)
[1936,625s][info][gc] Allocation Stall (main) 448,503ms
[1936,629s][info][gc] GC(3856) Garbage Collection (Allocation Stall) 954M(93%)->952M(93%)
[1937,099s][info][gc] Allocation Stall (main) 434,316ms
[1937,113s][info][gc] GC(3857) Garbage Collection (Allocation Stall) 976M(95%)->946M(92%)
[1937,606s][info][gc] Allocation Stall (main) 459,178ms
[1937,618s][info][gc] GC(3858) Garbage Collection (Allocation Stall) 1016M(99%)->908M(89%)
[1938,098s][info][gc] Allocation Stall (main) 427,592ms
[1938,113s][info][gc] GC(3859) Garbage Collection (Allocation Stall) 964M(94%)->960M(94%)
[1938,607s][info][gc] Allocation Stall (main) 464,543ms
[1938,618s][info][gc] GC(3860) Garbage Collection (Allocation Stall) 1024M(100%)->900M(88%)
[1939,103s][info][gc] Allocation Stall (main) 429,610ms
[1939,120s][info][gc] GC(3861) Garbage Collection (Allocation Rate) 958M(94%)->970M(95%)
[1939,616s][info][gc] Allocation Stall (main) 470,163ms
[1939,631s][info][gc] GC(3862) Garbage Collection (Allocation Stall) 1020M(100%)->906M(88%)
[1940,114s][info][gc] Allocation Stall (main) 426,166ms
[1940,124s][info][gc] GC(3863) Garbage Collection (Allocation Stall) 934M(91%)->980M(96%)
[1940,600s][info][gc] Allocation Stall (main) 455,847ms
[1940,610s][info][gc] GC(3864) Garbage Collection (Allocation Stall) 1022M(100%)->900M(88%)
[1941,114s][info][gc] Relocation Stall (main) 14,686ms
[1941,114s][info][gc] Allocation Stall (main) 449,718ms
[1941,120s][info][gc] GC(3865) Garbage Collection (Allocation Stall) 976M(95%)->932M(91%)
[1941,615s][info][gc] Allocation Stall (main) 454,053ms
[1941,625s][info][gc] GC(3866) Garbage Collection (Allocation Stall) 976M(95%)->942M(92%)
[1942,104s][info][gc] Allocation Stall (main) 440,960ms
[1942,121s][info][gc] GC(3867) Garbage Collection (Allocation Stall) 982M(96%)->948M(93%)
[1942,617s][info][gc] Allocation Stall (main) 461,571ms
[1942,623s][info][gc] GC(3868) Garbage Collection (Allocation Stall) 996M(97%)->918M(90%)
[1943,099s][info][gc] Allocation Stall (main) 427,242ms
[1943,115s][info][gc] GC(3869) Garbage Collection (Allocation Stall) 962M(94%)->968M(95%)
[1943,609s][info][gc] Allocation Stall (main) 467,936ms
[1943,622s][info][gc] GC(3870) Garbage Collection (Allocation Stall) 1024M(100%)->904M(88%)
[1944,108s][info][gc] Allocation Stall (main) 430,523ms
[1944,125s][info][gc] GC(3871) Garbage Collection (Allocation Rate) 952M(93%)->974M(95%)
[1944,613s][info][gc] Allocation Stall (main) 463,766ms
[1944,621s][info][gc] GC(3872) Garbage Collection (Allocation Stall) 1004M(98%)->912M(89%)
[1945,098s][info][gc] Relocation Stall (main) 2,729ms
[1945,098s][info][gc] Allocation Stall (main) 425,943ms
[1945,105s][info][gc] GC(3873) Garbage Collection (Allocation Stall) 960M(94%)->956M(93%)
[1945,599s][info][gc] Relocation Stall (main) 5,181ms
[1945,599s][info][gc] Allocation Stall (main) 463,696ms
[1945,613s][info][gc] GC(3874) Garbage Collection (Allocation Stall) 1024M(100%)->904M(88%)
[1946,118s][info][gc] Allocation Stall (main) 451,142ms
[1946,137s][info][gc] GC(3875) Garbage Collection (Allocation Rate) 966M(94%)->962M(94%)
[1946,610s][info][gc] Allocation Stall (main) 442,082ms
[1946,616s][info][gc] GC(3876) Garbage Collection (Allocation Stall) 970M(95%)->940M(92%)
[1947,108s][info][gc] Relocation Stall (main) 2,949ms
[1947,108s][info][gc] Allocation Stall (main) 453,028ms
[1947,116s][info][gc] GC(3877) Garbage Collection (Allocation Stall) 992M(97%)->928M(91%)
[1947,608s][info][gc] Allocation Stall (main) 447,842ms
[1947,621s][info][gc] GC(3878) Garbage Collection (Allocation Stall) 986M(96%)->942M(92%)
[1948,120s][info][gc] Allocation Stall (main) 462,028ms
[1948,144s][info][gc] GC(3879) Garbage Collection (Allocation Stall) 992M(97%)->950M(93%)
[1948,668s][info][gc] Relocation Stall (main) 5,255ms
[1948,668s][info][gc] Allocation Stall (main) 489,960ms
[1948,681s][info][gc] GC(3880) Garbage Collection (Allocation Stall) 1024M(100%)->890M(87%)
[1949,209s][info][gc] Allocation Stall (main) 471,707ms
[1949,226s][info][gc] GC(3881) Garbage Collection (Allocation Stall) 1024M(100%)->900M(88%)
[1949,708s][info][gc] Allocation Stall (main) 421,330ms
[1949,722s][info][gc] GC(3882) Garbage Collection (Allocation Rate) 928M(91%)->986M(96%)
[1950,210s][info][gc] Relocation Stall (main) 4,867ms
[1950,210s][info][gc] Allocation Stall (main) 470,139ms
[1950,217s][info][gc] GC(3883) Garbage Collection (Allocation Stall) 1024M(100%)->884M(86%)
[1950,709s][info][gc] Allocation Stall (main) 427,102ms
[1950,714s][info][gc] GC(3884) Garbage Collection (Allocation Rate) 940M(92%)->968M(95%)
[1951,199s][info][gc] Allocation Stall (main) 459,570ms
[1951,219s][info][gc] GC(3885) Garbage Collection (Allocation Stall) 1024M(100%)->912M(89%)
[1951,717s][info][gc] Allocation Stall (main) 447,209ms
[1951,724s][info][gc] GC(3886) Garbage Collection (Allocation Rate) 966M(94%)->950M(93%)
[1952,198s][info][gc] Allocation Stall (main) 439,863ms
[1952,210s][info][gc] GC(3887) Garbage Collection (Allocation Stall) 992M(97%)->936M(91%)
[1952,706s][info][gc] Allocation Stall (main) 456,986ms
[1952,718s][info][gc] GC(3888) Garbage Collection (Allocation Stall) 1012M(99%)->920M(90%)
[1953,211s][info][gc] Allocation Stall (main) 445,408ms
[1953,236s][info][gc] GC(3889) Garbage Collection (Allocation Stall) 976M(95%)->970M(95%)
[1953,738s][info][gc] Allocation Stall (main) 476,248ms
[1953,746s][info][gc] GC(3890) Garbage Collection (Allocation Stall) 986M(96%)->930M(91%)
[1954,250s][info][gc] Relocation Stall (main) 5,331ms
[1954,250s][info][gc] Allocation Stall (main) 461,019ms
[1954,254s][info][gc] GC(3891) Garbage Collection (Allocation Stall) 1024M(100%)->892M(87%)
[1954,776s][info][gc] Allocation Stall (main) 466,692ms
[1954,799s][info][gc] GC(3892) Garbage Collection (Allocation Stall) 1024M(100%)->920M(90%)
[1955,333s][info][gc] Relocation Stall (main) 5,405ms
[1955,333s][info][gc] Allocation Stall (main) 489,513ms
[1955,345s][info][gc] GC(3893) Garbage Collection (Allocation Stall) 1024M(100%)->898M(88%)
[1955,874s][info][gc] Relocation Stall (main) 5,528ms
[1955,874s][info][gc] Allocation Stall (main) 475,218ms
[1955,884s][info][gc] GC(3894) Garbage Collection (Allocation Stall) 1024M(100%)->898M(88%)
[1956,417s][info][gc] Allocation Stall (main) 479,170ms
[1956,432s][info][gc] GC(3895) Garbage Collection (Allocation Stall) 1024M(100%)->908M(89%)
[1956,907s][info][gc] Allocation Stall (main) 417,675ms
[1956,917s][info][gc] GC(3896) Garbage Collection (Allocation Rate) 930M(91%)->992M(97%)
[1957,395s][info][gc] Allocation Stall (main) 461,925ms
[1957,409s][info][gc] GC(3897) Garbage Collection (Allocation Stall) 1024M(100%)->906M(88%)
[1957,908s][info][gc] Allocation Stall (main) 446,591ms
[1957,928s][info][gc] GC(3898) Garbage Collection (Allocation Rate) 982M(96%)->952M(93%)
[1958,417s][info][gc] Allocation Stall (main) 455,568ms
[1958,431s][info][gc] GC(3899) Garbage Collection (Allocation Stall) 986M(96%)->938M(92%)
[1958,904s][info][gc] Allocation Stall (main) 431,581ms
[1958,911s][info][gc] GC(3900) Garbage Collection (Allocation Stall) 964M(94%)->948M(93%)
[1959,401s][info][gc] Allocation Stall (main) 455,224ms
[1959,414s][info][gc] GC(3901) Garbage Collection (Allocation Stall) 1018M(99%)->912M(89%)
[1959,935s][info][gc] Relocation Stall (main) 22,784ms
[1959,935s][info][gc] Allocation Stall (main) 470,917ms
[1959,937s][info][gc] GC(3902) Garbage Collection (Allocation Stall) 978M(96%)->918M(90%)
[1960,422s][info][gc] Allocation Stall (main) 430,371ms
[1960,429s][info][gc] GC(3903) Garbage Collection (Allocation Stall) 928M(91%)->980M(96%)
[1960,908s][info][gc] Allocation Stall (main) 456,845ms
[1960,920s][info][gc] GC(3904) Garbage Collection (Allocation Stall) 1008M(98%)->910M(89%)
[1961,397s][info][gc] Allocation Stall (main) 424,833ms
[1961,404s][info][gc] GC(3905) Garbage Collection (Allocation Stall) 956M(93%)->958M(94%)
[1961,891s][info][gc] Allocation Stall (main) 456,637ms
[1961,909s][info][gc] GC(3906) Garbage Collection (Allocation Stall) 1024M(100%)->910M(89%)
[1962,412s][info][gc] Allocation Stall (main) 452,685ms
[1962,421s][info][gc] GC(3907) Garbage Collection (Allocation Rate) 988M(96%)->932M(91%)
[1962,905s][info][gc] Allocation Stall (main) 440,899ms
[1962,926s][info][gc] GC(3908) Garbage Collection (Allocation Stall) 980M(96%)->956M(93%)
[1963,429s][info][gc] Allocation Stall (main) 471,821ms
[1963,439s][info][gc] GC(3909) Garbage Collection (Allocation Stall) 994M(97%)->924M(90%)
[1963,904s][info][gc] Allocation Stall (main) 414,537ms
[1963,928s][info][gc] GC(3910) Garbage Collection (Allocation Stall) 934M(91%)->994M(97%)
[1964,426s][info][gc] Allocation Stall (main) 483,969ms
[1964,434s][info][gc] GC(3911) Garbage Collection (Allocation Stall) 1022M(100%)->884M(86%)
[1964,890s][info][gc] Allocation Stall (main) 385,426ms
[1964,898s][info][gc] GC(3912) Garbage Collection (Allocation Stall) 894M(87%)->1012M(99%)
[1965,373s][info][gc] Relocation Stall (main) 5,681ms
[1965,373s][info][gc] Allocation Stall (main) 468,662ms
[1965,374s][info][gc] GC(3913) Garbage Collection (Allocation Stall) 1024M(100%)->880M(86%)
[1965,889s][info][gc] Relocation Stall (main) 5,085ms
[1965,889s][info][gc] Allocation Stall (main) 455,595ms
[1965,897s][info][gc] GC(3914) Garbage Collection (Allocation Stall) 1024M(100%)->896M(88%)
[1966,422s][info][gc] Allocation Stall (main) 471,077ms
[1966,449s][info][gc] GC(3915) Garbage Collection (Allocation Rate) 1006M(98%)->940M(92%)
[1966,982s][info][gc] Relocation Stall (main) 5,333ms
[1966,982s][info][gc] Allocation Stall (main) 497,247ms
[1966,983s][info][gc] GC(3916) Garbage Collection (Allocation Stall) 1024M(100%)->878M(86%)
[1967,498s][info][gc] Allocation Stall (main) 452,494ms
[1967,525s][info][gc] GC(3917) Garbage Collection (Allocation Rate) 1016M(99%)->928M(91%)
[1968,027s][info][gc] Allocation Stall (main) 455,617ms
[1968,032s][info][gc] GC(3918) Garbage Collection (Allocation Stall) 956M(93%)->950M(93%)
[1968,495s][info][gc] Allocation Stall (main) 425,223ms
[1968,504s][info][gc] GC(3919) Garbage Collection (Allocation Stall) 972M(95%)->948M(93%)
[1968,996s][info][gc] Allocation Stall (main) 456,880ms
[1969,012s][info][gc] GC(3920) Garbage Collection (Allocation Stall) 1024M(100%)->910M(89%)
[1969,512s][info][gc] Allocation Stall (main) 448,614ms
[1969,533s][info][gc] GC(3921) Garbage Collection (Allocation Rate) 978M(96%)->952M(93%)
[1970,019s][info][gc] Allocation Stall (main) 450,350ms
[1970,024s][info][gc] GC(3922) Garbage Collection (Allocation Stall) 972M(95%)->936M(91%)
[1970,497s][info][gc] Relocation Stall (main) 3,468ms
[1970,497s][info][gc] Allocation Stall (main) 430,044ms
[1970,504s][info][gc] GC(3923) Garbage Collection (Allocation Stall) 974M(95%)->940M(92%)
[1971,002s][info][gc] Allocation Stall (main) 459,978ms
[1971,012s][info][gc] GC(3924) Garbage Collection (Allocation Stall) 1024M(100%)->902M(88%)
[1971,498s][info][gc] Allocation Stall (main) 431,380ms
[1971,511s][info][gc] GC(3925) Garbage Collection (Allocation Rate) 972M(95%)->958M(94%)
[1972,008s][info][gc] Allocation Stall (main) 466,859ms
[1972,032s][info][gc] GC(3926) Garbage Collection (Allocation Stall) 1024M(100%)->920M(90%)
[1972,523s][info][gc] Allocation Stall (main) 439,890ms
[1972,542s][info][gc] GC(3927) Garbage Collection (Allocation Rate) 942M(92%)->982M(96%)
[1973,044s][info][gc] Relocation Stall (main) 5,616ms
[1973,044s][info][gc] Allocation Stall (main) 481,766ms
[1973,046s][info][gc] GC(3928) Garbage Collection (Allocation Stall) 1024M(100%)->878M(86%)
[1973,571s][info][gc] Relocation Stall (main) 5,312ms
[1973,571s][info][gc] Allocation Stall (main) 464,401ms
[1973,580s][info][gc] GC(3929) Garbage Collection (Allocation Stall) 1024M(100%)->894M(87%)
[1974,112s][info][gc] Relocation Stall (main) 5,164ms
[1974,112s][info][gc] Allocation Stall (main) 477,159ms
[1974,134s][info][gc] GC(3930) Garbage Collection (Allocation Stall) 1024M(100%)->912M(89%)
[1974,632s][info][gc] Allocation Stall (main) 441,273ms
[1974,635s][info][gc] GC(3931) Garbage Collection (Allocation Rate) 926M(90%)->976M(95%)
[1975,109s][info][gc] Allocation Stall (main) 450,874ms
[1975,122s][info][gc] GC(3932) Garbage Collection (Allocation Stall) 994M(97%)->932M(91%)
[1975,607s][info][gc] Allocation Stall (main) 443,236ms
[1975,621s][info][gc] GC(3933) Garbage Collection (Allocation Stall) 976M(95%)->946M(92%)
[1976,109s][info][gc] Allocation Stall (main) 451,611ms
[1976,124s][info][gc] GC(3934) Garbage Collection (Allocation Stall) 994M(97%)->930M(91%)
[1976,610s][info][gc] Allocation Stall (main) 441,561ms
[1976,615s][info][gc] GC(3935) Garbage Collection (Allocation Stall) 962M(94%)->950M(93%)
[1977,095s][info][gc] Allocation Stall (main) 447,332ms
[1977,106s][info][gc] GC(3936) Garbage Collection (Allocation Stall) 1004M(98%)->924M(90%)
[1977,598s][info][gc] Allocation Stall (main) 447,094ms
[1977,613s][info][gc] GC(3937) Garbage Collection (Allocation Stall) 998M(97%)->936M(91%)
[1978,133s][info][gc] Relocation Stall (main) 14,467ms
[1978,133s][info][gc] Allocation Stall (main) 480,630ms
[1978,144s][info][gc] GC(3938) Garbage Collection (Allocation Stall) 996M(97%)->918M(90%)
[1978,675s][info][gc] Allocation Stall (main) 486,951ms
[1978,686s][info][gc] GC(3939) Garbage Collection (Allocation Stall) 1024M(100%)->900M(88%)
[1979,197s][info][gc] Allocation Stall (main) 457,855ms
[1979,216s][info][gc] GC(3940) Garbage Collection (Allocation Stall) 1024M(100%)->910M(89%)
[1979,717s][info][gc] Allocation Stall (main) 449,863ms
[1979,724s][info][gc] GC(3941) Garbage Collection (Allocation Rate) 970M(95%)->946M(92%)
[1980,199s][info][gc] Allocation Stall (main) 439,288ms
[1980,217s][info][gc] GC(3942) Garbage Collection (Allocation Stall) 988M(96%)->946M(92%)
[1980,721s][info][gc] Allocation Stall (main) 468,789ms
[1980,735s][info][gc] GC(3943) Garbage Collection (Allocation Stall) 1006M(98%)->922M(90%)
[1981,213s][info][gc] Allocation Stall (main) 426,125ms
[1981,221s][info][gc] GC(3944) Garbage Collection (Allocation Stall) 938M(92%)->976M(95%)
[1981,706s][info][gc] Allocation Stall (main) 463,089ms
[1981,723s][info][gc] GC(3945) Garbage Collection (Allocation Stall) 1024M(100%)->906M(88%)
[1982,212s][info][gc] Allocation Stall (main) 435,392ms
[1982,223s][info][gc] GC(3946) Garbage Collection (Allocation Stall) 952M(93%)->968M(95%)
[1982,702s][info][gc] Allocation Stall (main) 452,524ms
[1982,714s][info][gc] GC(3947) Garbage Collection (Allocation Stall) 1010M(99%)->920M(90%)
[1983,208s][info][gc] Allocation Stall (main) 446,274ms
[1983,228s][info][gc] GC(3948) Garbage Collection (Allocation Stall) 980M(96%)->952M(93%)
[1983,719s][info][gc] Allocation Stall (main) 457,597ms
[1983,728s][info][gc] GC(3949) Garbage Collection (Allocation Stall) 986M(96%)->930M(91%)
[1984,194s][info][gc] Relocation Stall (main) 2,024ms
[1984,194s][info][gc] Allocation Stall (main) 419,664ms
[1984,200s][info][gc] GC(3950) Garbage Collection (Allocation Stall) 952M(93%)->956M(93%)
[1984,693s][info][gc] Allocation Stall (main) 461,108ms
[1984,710s][info][gc] GC(3951) Garbage Collection (Allocation Stall) 1024M(100%)->906M(88%)
[1985,215s][info][gc] Allocation Stall (main) 452,951ms
[1985,229s][info][gc] GC(3952) Garbage Collection (Allocation Rate) 982M(96%)->942M(92%)
[1985,714s][info][gc] Allocation Stall (main) 444,744ms
[1985,720s][info][gc] GC(3953) Garbage Collection (Allocation Stall) 972M(95%)->942M(92%)
[1986,195s][info][gc] Allocation Stall (main) 436,939ms
[1986,208s][info][gc] GC(3954) Garbage Collection (Allocation Stall) 992M(97%)->936M(91%)
[1986,709s][info][gc] Allocation Stall (main) 462,478ms
[1986,728s][info][gc] GC(3955) Garbage Collection (Allocation Stall) 1016M(99%)->920M(90%)
[1987,218s][info][gc] Allocation Stall (main) 439,789ms
[1987,232s][info][gc] GC(3956) Garbage Collection (Allocation Stall) 952M(93%)->970M(95%)
[1987,709s][info][gc] Allocation Stall (main) 451,820ms
[1987,724s][info][gc] GC(3957) Garbage Collection (Allocation Stall) 996M(97%)->926M(90%)
[1988,208s][info][gc] Allocation Stall (main) 439,379ms
[1988,216s][info][gc] GC(3958) Garbage Collection (Allocation Stall) 970M(95%)->944M(92%)
[1988,699s][info][gc] Allocation Stall (main) 445,888ms
[1988,706s][info][gc] GC(3959) Garbage Collection (Allocation Stall) 1002M(98%)->920M(90%)
[1989,206s][info][gc] Allocation Stall (main) 453,210ms
[1989,225s][info][gc] GC(3960) Garbage Collection (Allocation Stall) 1004M(98%)->934M(91%)
[1989,725s][info][gc] Allocation Stall (main) 458,527ms
[1989,751s][info][gc] GC(3961) Garbage Collection (Allocation Stall) 974M(95%)->962M(94%)
[1990,283s][info][gc] Relocation Stall (main) 6,182ms
[1990,283s][info][gc] Allocation Stall (main) 503,909ms
[1990,286s][info][gc] GC(3962) Garbage Collection (Allocation Stall) 1024M(100%)->876M(86%)
[1990,803s][info][gc] Relocation Stall (main) 1,339ms
[1990,803s][info][gc] Allocation Stall (main) 453,975ms
[1990,815s][info][gc] GC(3963) Garbage Collection (Allocation Rate) 1010M(99%)->912M(89%)
[1991,308s][info][gc] Allocation Stall (main) 442,320ms
[1991,328s][info][gc] GC(3964) Garbage Collection (Allocation Stall) 974M(95%)->954M(93%)
[1991,819s][info][gc] Allocation Stall (main) 459,642ms
[1991,829s][info][gc] GC(3965) Garbage Collection (Allocation Stall) 988M(96%)->928M(91%)
[1992,303s][info][gc] Allocation Stall (main) 428,020ms
[1992,318s][info][gc] GC(3966) Garbage Collection (Allocation Stall) 958M(94%)->962M(94%)
[1992,813s][info][gc] Allocation Stall (main) 466,774ms
[1992,829s][info][gc] GC(3967) Garbage Collection (Allocation Stall) 1018M(99%)->906M(88%)
[1993,306s][info][gc] Allocation Stall (main) 421,159ms
[1993,315s][info][gc] GC(3968) Garbage Collection (Allocation Stall) 938M(92%)->972M(95%)
[1993,800s][info][gc] Relocation Stall (main) 5,605ms
[1993,800s][info][gc] Allocation Stall (main) 460,758ms
[1993,804s][info][gc] GC(3969) Garbage Collection (Allocation Stall) 1024M(100%)->884M(86%)
[1994,307s][info][gc] Allocation Stall (main) 440,032ms
[1994,331s][info][gc] GC(3970) Garbage Collection (Allocation Rate) 964M(94%)->968M(95%)
[1994,827s][info][gc] Allocation Stall (main) 469,754ms
[1994,834s][info][gc] GC(3971) Garbage Collection (Allocation Stall) 994M(97%)->914M(89%)
[1995,301s][info][gc] Allocation Stall (main) 410,765ms
[1995,305s][info][gc] GC(3972) Garbage Collection (Allocation Stall) 924M(90%)->980M(96%)
[1995,784s][info][gc] Relocation Stall (main) 4,773ms
[1995,784s][info][gc] Allocation Stall (main) 458,206ms
[1995,785s][info][gc] GC(3973) Garbage Collection (Allocation Stall) 1024M(100%)->886M(87%)
[1996,295s][info][gc] Allocation Stall (main) 452,694ms
[1996,312s][info][gc] GC(3974) Garbage Collection (Allocation Stall) 1024M(100%)->916M(89%)
[1996,812s][info][gc] Allocation Stall (main) 451,424ms
[1996,832s][info][gc] GC(3975) Garbage Collection (Allocation Rate) 986M(96%)->952M(93%)
[1997,319s][info][gc] Allocation Stall (main) 452,259ms
[1997,331s][info][gc] GC(3976) Garbage Collection (Allocation Stall) 976M(95%)->948M(93%)
[1997,811s][info][gc] Relocation Stall (main) 5,853ms
[1997,811s][info][gc] Allocation Stall (main) 441,498ms
[1997,824s][info][gc] GC(3977) Garbage Collection (Allocation Stall) 972M(95%)->944M(92%)
[1998,321s][info][gc] Allocation Stall (main) 460,195ms
[1998,327s][info][gc] GC(3978) Garbage Collection (Allocation Stall) 986M(96%)->926M(90%)
[1998,793s][info][gc] Allocation Stall (main) 418,435ms
[1998,802s][info][gc] GC(3979) Garbage Collection (Allocation Stall) 958M(94%)->958M(94%)
[1999,291s][info][gc] Allocation Stall (main) 458,507ms
[1999,301s][info][gc] GC(3980) Garbage Collection (Allocation Stall) 1024M(100%)->902M(88%)
[1999,804s][info][gc] Allocation Stall (main) 451,206ms
[1999,822s][info][gc] GC(3981) Garbage Collection (Allocation Rate) 1000M(98%)->936M(91%)
[2000,312s][info][gc] Allocation Stall (main) 450,558ms
[2000,326s][info][gc] GC(3982) Garbage Collection (Allocation Stall) 984M(96%)->946M(92%)
[2000,805s][info][gc] Allocation Stall (main) 442,503ms
[2000,814s][info][gc] GC(3983) Garbage Collection (Allocation Stall) 984M(96%)->938M(92%)
[2001,297s][info][gc] Allocation Stall (main) 445,577ms
[2001,314s][info][gc] GC(3984) Garbage Collection (Allocation Stall) 1006M(98%)->928M(91%)
[2001,816s][info][gc] Relocation Stall (main) 3,705ms
[2001,816s][info][gc] Allocation Stall (main) 456,682ms
[2001,828s][info][gc] GC(3985) Garbage Collection (Allocation Stall) 996M(97%)->930M(91%)
[2002,310s][info][gc] Allocation Stall (main) 437,482ms
[2002,321s][info][gc] GC(3986) Garbage Collection (Allocation Stall) 964M(94%)->958M(94%)
[2002,804s][info][gc] Allocation Stall (main) 452,849ms
[2002,821s][info][gc] GC(3987) Garbage Collection (Allocation Stall) 1012M(99%)->920M(90%)
[2003,312s][info][gc] Allocation Stall (main) 443,447ms
[2003,326s][info][gc] GC(3988) Garbage Collection (Allocation Stall) 974M(95%)->952M(93%)
[2003,814s][info][gc] Allocation Stall (main) 455,687ms
[2003,831s][info][gc] GC(3989) Garbage Collection (Allocation Stall) 1002M(98%)->926M(90%)
[2004,327s][info][gc] Allocation Stall (main) 450,558ms
[2004,339s][info][gc] GC(3990) Garbage Collection (Allocation Stall) 964M(94%)->956M(93%)
[2004,833s][info][gc] Allocation Stall (main) 462,854ms
[2004,851s][info][gc] GC(3991) Garbage Collection (Allocation Stall) 1024M(100%)->906M(88%)
[2005,377s][info][gc] Relocation Stall (main) 4,959ms
[2005,377s][info][gc] Allocation Stall (main) 475,752ms
[2005,383s][info][gc] GC(3992) Garbage Collection (Allocation Stall) 1024M(100%)->890M(87%)
[2005,900s][info][gc] Allocation Stall (main) 459,531ms
[2005,915s][info][gc] GC(3993) Garbage Collection (Allocation Stall) 1024M(100%)->912M(89%)
[2006,412s][info][gc] Allocation Stall (main) 446,077ms
[2006,426s][info][gc] GC(3994) Garbage Collection (Allocation Rate) 986M(96%)->946M(92%)
[2006,915s][info][gc] Allocation Stall (main) 452,456ms
[2006,935s][info][gc] GC(3995) Garbage Collection (Allocation Stall) 984M(96%)->948M(93%)
[2007,432s][info][gc] Allocation Stall (main) 459,358ms
[2007,444s][info][gc] GC(3996) Garbage Collection (Allocation Stall) 974M(95%)->944M(92%)
[2007,913s][info][gc] Allocation Stall (main) 427,973ms
[2007,926s][info][gc] GC(3997) Garbage Collection (Allocation Stall) 952M(93%)->968M(95%)
[2008,411s][info][gc] Allocation Stall (main) 458,875ms
[2008,425s][info][gc] GC(3998) Garbage Collection (Allocation Stall) 1010M(99%)->914M(89%)
[2008,903s][info][gc] Allocation Stall (main) 426,549ms
[2008,916s][info][gc] GC(3999) Garbage Collection (Allocation Stall) 950M(93%)->970M(95%)
[2009,408s][info][gc] Allocation Stall (main) 465,939ms
[2009,429s][info][gc] GC(4000) Garbage Collection (Allocation Stall) 1024M(100%)->910M(89%)
[2009,924s][info][gc] Relocation Stall (main) 2,197ms
[2009,924s][info][gc] Allocation Stall (main) 442,898ms
[2009,935s][info][gc] GC(4001) Garbage Collection (Allocation Rate) 952M(93%)->960M(94%)
[2010,415s][info][gc] Allocation Stall (main) 448,531ms
[2010,425s][info][gc] GC(4002) Garbage Collection (Allocation Stall) 988M(96%)->928M(91%)
[2010,907s][info][gc] Allocation Stall (main) 438,442ms
[2010,921s][info][gc] GC(4003) Garbage Collection (Allocation Stall) 980M(96%)->942M(92%)
[2011,413s][info][gc] Allocation Stall (main) 452,994ms
[2011,427s][info][gc] GC(4004) Garbage Collection (Allocation Stall) 984M(96%)->936M(91%)
[2011,916s][info][gc] Allocation Stall (main) 449,486ms
[2011,934s][info][gc] GC(4005) Garbage Collection (Allocation Stall) 984M(96%)->938M(92%)
[2012,419s][info][gc] Allocation Stall (main) 443,773ms
[2012,429s][info][gc] GC(4006) Garbage Collection (Allocation Stall) 968M(95%)->944M(92%)
[2012,910s][info][gc] Allocation Stall (main) 444,013ms
[2012,919s][info][gc] GC(4007) Garbage Collection (Allocation Stall) 986M(96%)->926M(90%)
[2013,402s][info][gc] Allocation Stall (main) 439,510ms
[2013,416s][info][gc] GC(4008) Garbage Collection (Allocation Stall) 986M(96%)->934M(91%)
[2013,912s][info][gc] Allocation Stall (main) 455,290ms
[2013,921s][info][gc] GC(4009) Garbage Collection (Allocation Stall) 1000M(98%)->920M(90%)
[2014,407s][info][gc] Allocation Stall (main) 437,292ms
[2014,416s][info][gc] GC(4010) Garbage Collection (Allocation Stall) 972M(95%)->950M(93%)
[2014,910s][info][gc] Allocation Stall (main) 460,787ms
[2014,925s][info][gc] GC(4011) Garbage Collection (Allocation Stall) 1016M(99%)->916M(89%)
[2015,416s][info][gc] Allocation Stall (main) 440,430ms
[2015,429s][info][gc] GC(4012) Garbage Collection (Allocation Stall) 960M(94%)->966M(94%)
[2015,908s][info][gc] Allocation Stall (main) 451,739ms
[2015,919s][info][gc] GC(4013) Garbage Collection (Allocation Stall) 996M(97%)->930M(91%)
[2016,408s][info][gc] Allocation Stall (main) 445,306ms
[2016,423s][info][gc] GC(4014) Garbage Collection (Allocation Stall) 994M(97%)->938M(92%)
[2016,928s][info][gc] Relocation Stall (main) 11,597ms
[2016,928s][info][gc] Allocation Stall (main) 466,222ms
[2016,929s][info][gc] GC(4015) Garbage Collection (Allocation Stall) 994M(97%)->910M(89%)
[2017,403s][info][gc] Allocation Stall (main) 416,612ms
[2017,412s][info][gc] GC(4016) Garbage Collection (Allocation Stall) 932M(91%)->986M(96%)
[2017,912s][info][gc] Allocation Stall (main) 480,676ms
[2017,935s][info][gc] GC(4017) Garbage Collection (Allocation Stall) 1024M(100%)->918M(90%)
[2018,428s][info][gc] Allocation Stall (main) 443,230ms
[2018,432s][info][gc] GC(4018) Garbage Collection (Allocation Rate) 944M(92%)->962M(94%)
[2018,907s][info][gc] Allocation Stall (main) 446,585ms
[2018,917s][info][gc] GC(4019) Garbage Collection (Allocation Stall) 998M(97%)->924M(90%)
[2019,412s][info][gc] Relocation Stall (main) 3,901ms
[2019,412s][info][gc] Allocation Stall (main) 450,283ms
[2019,424s][info][gc] GC(4020) Garbage Collection (Allocation Stall) 994M(97%)->930M(91%)
[2019,931s][info][gc] Allocation Stall (main) 463,772ms
[2019,938s][info][gc] GC(4021) Garbage Collection (Allocation Stall) 976M(95%)->944M(92%)
[2020,405s][info][gc] Allocation Stall (main) 425,458ms
[2020,422s][info][gc] GC(4022) Garbage Collection (Allocation Stall) 958M(94%)->970M(95%)
[2020,934s][info][gc] Allocation Stall (main) 487,538ms
[2020,942s][info][gc] GC(4023) Garbage Collection (Allocation Stall) 1024M(100%)->896M(88%)
[2021,458s][info][gc] Allocation Stall (main) 462,568ms
[2021,483s][info][gc] GC(4024) Garbage Collection (Allocation Stall) 1024M(100%)->924M(90%)
[2022,017s][info][gc] Relocation Stall (main) 4,772ms
[2022,017s][info][gc] Allocation Stall (main) 490,299ms
[2022,028s][info][gc] GC(4025) Garbage Collection (Allocation Stall) 1024M(100%)->894M(87%)
[2022,522s][info][gc] Relocation Stall (main) 2,275ms
[2022,522s][info][gc] Allocation Stall (main) 432,705ms
[2022,540s][info][gc] GC(4026) Garbage Collection (Allocation Rate) 938M(92%)->982M(96%)
[2023,028s][info][gc] Allocation Stall (main) 468,328ms
[2023,039s][info][gc] GC(4027) Garbage Collection (Allocation Stall) 996M(97%)->916M(89%)
[2023,510s][info][gc] Allocation Stall (main) 417,875ms
[2023,518s][info][gc] GC(4028) Garbage Collection (Allocation Stall) 936M(91%)->974M(95%)
[2023,996s][info][gc] Allocation Stall (main) 454,378ms
[2024,004s][info][gc] GC(4029) Garbage Collection (Allocation Stall) 1024M(100%)->894M(87%)
[2024,501s][info][gc] Relocation Stall (main) 3,692ms
[2024,501s][info][gc] Allocation Stall (main) 439,663ms
[2024,507s][info][gc] GC(4030) Garbage Collection (Allocation Rate) 988M(96%)->932M(91%)
[2025,012s][info][gc] Relocation Stall (main) 4,614ms
[2025,012s][info][gc] Allocation Stall (main) 463,764ms
[2025,025s][info][gc] GC(4031) Garbage Collection (Allocation Stall) 1024M(100%)->906M(88%)
[2025,509s][info][gc] Allocation Stall (main) 427,087ms
[2025,525s][info][gc] GC(4032) Garbage Collection (Allocation Rate) 938M(92%)->990M(97%)
[2026,017s][info][gc] Allocation Stall (main) 475,395ms
[2026,035s][info][gc] GC(4033) Garbage Collection (Allocation Stall) 1024M(100%)->906M(88%)
[2026,534s][info][gc] Allocation Stall (main) 441,868ms
[2026,549s][info][gc] GC(4034) Garbage Collection (Allocation Rate) 934M(91%)->984M(96%)
[2027,045s][info][gc] Relocation Stall (main) 5,117ms
[2027,045s][info][gc] Allocation Stall (main) 476,496ms
[2027,048s][info][gc] GC(4035) Garbage Collection (Allocation Stall) 1024M(100%)->878M(86%)
[2027,570s][info][gc] Relocation Stall (main) 5,535ms
[2027,570s][info][gc] Allocation Stall (main) 461,544ms
[2027,579s][info][gc] GC(4036) Garbage Collection (Allocation Stall) 1024M(100%)->896M(88%)
[2028,106s][info][gc] Allocation Stall (main) 472,462ms
[2028,128s][info][gc] GC(4037) Garbage Collection (Allocation Stall) 1024M(100%)->918M(90%)
[2028,627s][info][gc] Allocation Stall (main) 449,778ms
[2028,638s][info][gc] GC(4038) Garbage Collection (Allocation Rate) 962M(94%)->954M(93%)
[2029,110s][info][gc] Allocation Stall (main) 437,653ms
[2029,123s][info][gc] GC(4039) Garbage Collection (Allocation Stall) 976M(95%)->944M(92%)
[2029,601s][info][gc] Allocation Stall (main) 440,715ms
[2029,612s][info][gc] GC(4040) Garbage Collection (Allocation Stall) 980M(96%)->940M(92%)
[2030,106s][info][gc] Allocation Stall (main) 455,181ms
[2030,121s][info][gc] GC(4041) Garbage Collection (Allocation Stall) 998M(97%)->926M(90%)
[2030,613s][info][gc] Allocation Stall (main) 447,611ms
[2030,623s][info][gc] GC(4042) Garbage Collection (Allocation Stall) 980M(96%)->938M(92%)
[2031,110s][info][gc] Allocation Stall (main) 446,276ms
[2031,126s][info][gc] GC(4043) Garbage Collection (Allocation Stall) 980M(96%)->948M(93%)
[2031,623s][info][gc] Allocation Stall (main) 463,878ms
[2031,645s][info][gc] GC(4044) Garbage Collection (Allocation Stall) 1000M(98%)->930M(91%)
[2032,164s][info][gc] Allocation Stall (main) 476,316ms
[2032,173s][info][gc] GC(4045) Garbage Collection (Allocation Stall) 1024M(100%)->892M(87%)
[2032,686s][info][gc] Allocation Stall (main) 455,848ms
[2032,695s][info][gc] GC(4046) Garbage Collection (Allocation Stall) 1024M(100%)->900M(88%)
[2033,217s][info][gc] Relocation Stall (main) 4,959ms
[2033,217s][info][gc] Allocation Stall (main) 469,826ms
[2033,234s][info][gc] GC(4047) Garbage Collection (Allocation Stall) 1024M(100%)->912M(89%)
[2033,732s][info][gc] Relocation Stall (main) 2,201ms
[2033,732s][info][gc] Allocation Stall (main) 445,588ms
[2033,742s][info][gc] GC(4048) Garbage Collection (Allocation Rate) 944M(92%)->976M(95%)
[2034,230s][info][gc] Allocation Stall (main) 464,033ms
[2034,241s][info][gc] GC(4049) Garbage Collection (Allocation Stall) 1024M(100%)->902M(88%)
[2034,756s][info][gc] Allocation Stall (main) 463,610ms
[2034,769s][info][gc] GC(4050) Garbage Collection (Allocation Stall) 1024M(100%)->906M(88%)
[2035,289s][info][gc] Allocation Stall (main) 470,272ms
[2035,316s][info][gc] GC(4051) Garbage Collection (Allocation Stall) 1024M(100%)->922M(90%)
[2035,834s][info][gc] Allocation Stall (main) 473,071ms
[2035,840s][info][gc] GC(4052) Garbage Collection (Allocation Rate) 990M(97%)->924M(90%)
[2036,305s][info][gc] Allocation Stall (main) 414,567ms
[2036,320s][info][gc] GC(4053) Garbage Collection (Allocation Stall) 940M(92%)->982M(96%)
[2036,811s][info][gc] Relocation Stall (main) 4,728ms
[2036,811s][info][gc] Allocation Stall (main) 471,779ms
[2036,813s][info][gc] GC(4054) Garbage Collection (Allocation Stall) 1024M(100%)->886M(87%)
[2037,197s][info][gc] Allocation Stall (main) 332,927ms
[2037,206s][info][gc] GC(4055) Garbage Collection (Allocation Rate) 962M(94%)->966M(94%)
[2037,587s][info][gc] Allocation Stall (main) 360,303ms
[2037,600s][info][gc] GC(4056) Garbage Collection (Allocation Stall) 1024M(100%)->914M(89%)
[2038,014s][info][gc] Relocation Stall (main) 3,714ms
[2038,014s][info][gc] Allocation Stall (main) 375,147ms
[2038,025s][info][gc] GC(4057) Garbage Collection (Allocation Stall) 1024M(100%)->910M(89%)
[2038,416s][info][gc] Allocation Stall (main) 349,698ms
[2038,433s][info][gc] GC(4058) Garbage Collection (Allocation Rate) 974M(95%)->966M(94%)
[2038,820s][info][gc] Allocation Stall (main) 366,371ms
[2038,825s][info][gc] GC(4059) Garbage Collection (Allocation Stall) 1010M(99%)->910M(89%)
[2039,196s][info][gc] Allocation Stall (main) 329,179ms
[2039,210s][info][gc] GC(4060) Garbage Collection (Allocation Stall) 960M(94%)->976M(95%)
[2039,600s][info][gc] Allocation Stall (main) 372,578ms
[2039,619s][info][gc] GC(4061) Garbage Collection (Allocation Stall) 1024M(100%)->918M(90%)
[2040,030s][info][gc] Allocation Stall (main) 373,850ms
[2040,044s][info][gc] GC(4062) Garbage Collection (Allocation Rate) 1004M(98%)->922M(90%)
[2040,445s][info][gc] Allocation Stall (main) 366,290ms
[2040,450s][info][gc] GC(4063) Garbage Collection (Allocation Stall) 1024M(100%)->888M(87%)
[2040,848s][info][gc] Allocation Stall (main) 350,806ms
[2040,853s][info][gc] GC(4064) Garbage Collection (Allocation Stall) 1024M(100%)->902M(88%)
[2041,260s][info][gc] Allocation Stall (main) 364,732ms
[2041,282s][info][gc] GC(4065) Garbage Collection (Allocation Stall) 1024M(100%)->936M(91%)
[2041,699s][info][gc] Allocation Stall (main) 387,448ms
[2041,708s][info][gc] GC(4066) Garbage Collection (Allocation Stall) 1024M(100%)->906M(88%)
[2042,125s][info][gc] Allocation Stall (main) 374,613ms
[2042,145s][info][gc] GC(4067) Garbage Collection (Allocation Rate) 1022M(100%)->932M(91%)
[2042,555s][info][gc] Allocation Stall (main) 378,155ms
[2042,567s][info][gc] GC(4068) Garbage Collection (Allocation Stall) 1024M(100%)->910M(89%)
[2042,977s][info][gc] Relocation Stall (main) 4,441ms
[2042,977s][info][gc] Allocation Stall (main) 371,175ms
[2042,984s][info][gc] GC(4069) Garbage Collection (Allocation Stall) 1024M(100%)->898M(88%)
[2043,395s][info][gc] Allocation Stall (main) 368,013ms
[2043,420s][info][gc] GC(4070) Garbage Collection (Allocation Stall) 1024M(100%)->934M(91%)
[2043,843s][info][gc] Allocation Stall (main) 388,587ms
[2043,850s][info][gc] GC(4071) Garbage Collection (Allocation Rate) 1016M(99%)->902M(88%)
[2044,253s][info][gc] Relocation Stall (main) 4,390ms
[2044,254s][info][gc] Allocation Stall (main) 361,293ms
[2044,264s][info][gc] GC(4072) Garbage Collection (Allocation Stall) 1024M(100%)->900M(88%)
[2044,677s][info][gc] Allocation Stall (main) 370,982ms
[2044,688s][info][gc] GC(4073) Garbage Collection (Allocation Stall) 1024M(100%)->906M(88%)
[2045,090s][info][gc] Allocation Stall (main) 361,609ms
[2045,105s][info][gc] GC(4074) Garbage Collection (Allocation Stall) 1024M(100%)->920M(90%)
[2045,514s][info][gc] Allocation Stall (main) 372,685ms
[2045,527s][info][gc] GC(4075) Garbage Collection (Allocation Stall) 1024M(100%)->918M(90%)
[2045,924s][info][gc] Allocation Stall (main) 358,497ms
[2045,939s][info][gc] GC(4076) Garbage Collection (Allocation Rate) 980M(96%)->956M(93%)
[2046,345s][info][gc] Allocation Stall (main) 381,242ms
[2046,350s][info][gc] GC(4077) Garbage Collection (Allocation Stall) 982M(96%)->934M(91%)
[2046,770s][info][gc] Relocation Stall (main) 5,027ms
[2046,770s][info][gc] Allocation Stall (main) 383,930ms
[2046,776s][info][gc] GC(4078) Garbage Collection (Allocation Stall) 1024M(100%)->900M(88%)
[2047,196s][info][gc] Allocation Stall (main) 370,498ms
[2047,216s][info][gc] GC(4079) Garbage Collection (Allocation Stall) 1024M(100%)->926M(90%)
[2047,638s][info][gc] Relocation Stall (main) 11,250ms
[2047,638s][info][gc] Allocation Stall (main) 386,681ms
[2047,641s][info][gc] GC(4080) Garbage Collection (Allocation Rate) 992M(97%)->912M(89%)
[2048,058s][info][gc] Relocation Stall (main) 3,982ms
[2048,058s][info][gc] Allocation Stall (main) 378,564ms
[2048,066s][info][gc] GC(4081) Garbage Collection (Allocation Stall) 1024M(100%)->890M(87%)
[2048,478s][info][gc] Allocation Stall (main) 366,522ms
[2048,492s][info][gc] GC(4082) Garbage Collection (Allocation Stall) 1024M(100%)->910M(89%)
[2048,902s][info][gc] Allocation Stall (main) 369,014ms
[2048,913s][info][gc] GC(4083) Garbage Collection (Allocation Stall) 1024M(100%)->906M(88%)
[2049,310s][info][gc] Relocation Stall (main) 2,567ms
[2049,310s][info][gc] Allocation Stall (main) 354,279ms
[2049,318s][info][gc] GC(4084) Garbage Collection (Allocation Rate) 994M(97%)->930M(91%)
[2049,706s][info][gc] Allocation Stall (main) 354,976ms
[2049,716s][info][gc] GC(4085) Garbage Collection (Allocation Stall) 1004M(98%)->930M(91%)
[2050,108s][info][gc] Allocation Stall (main) 359,052ms
[2050,116s][info][gc] GC(4086) Garbage Collection (Allocation Stall) 1010M(99%)->920M(90%)
[2050,502s][info][gc] Allocation Stall (main) 349,754ms
[2050,517s][info][gc] GC(4087) Garbage Collection (Allocation Stall) 1000M(98%)->946M(92%)
[2050,915s][info][gc] Allocation Stall (main) 368,697ms
[2050,927s][info][gc] GC(4088) Garbage Collection (Allocation Stall) 1018M(99%)->918M(90%)
[2051,313s][info][gc] Allocation Stall (main) 347,902ms
[2051,325s][info][gc] GC(4089) Garbage Collection (Allocation Stall) 966M(94%)->970M(95%)
[2051,706s][info][gc] Allocation Stall (main) 362,205ms
[2051,725s][info][gc] GC(4090) Garbage Collection (Allocation Stall) 1024M(100%)->920M(90%)
[2052,121s][info][gc] Allocation Stall (main) 359,106ms
[2052,130s][info][gc] GC(4091) Garbage Collection (Allocation Stall) 978M(96%)->942M(92%)
[2052,504s][info][gc] Allocation Stall (main) 343,927ms
[2052,519s][info][gc] GC(4092) Garbage Collection (Allocation Stall) 968M(95%)->962M(94%)
[2052,912s][info][gc] Allocation Stall (main) 371,245ms
[2052,923s][info][gc] GC(4093) Garbage Collection (Allocation Stall) 1024M(100%)->900M(88%)
[2053,302s][info][gc] Relocation Stall (main) 1,372ms
[2053,302s][info][gc] Allocation Stall (main) 334,621ms
[2053,308s][info][gc] GC(4094) Garbage Collection (Allocation Stall) 952M(93%)->960M(94%)
[2053,685s][info][gc] Allocation Stall (main) 354,462ms
[2053,694s][info][gc] GC(4095) Garbage Collection (Allocation Stall) 1024M(100%)->906M(88%)
[2054,094s][info][gc] Relocation Stall (main) 4,005ms
[2054,094s][info][gc] Allocation Stall (main) 359,507ms
[2054,098s][info][gc] GC(4096) Garbage Collection (Allocation Stall) 1024M(100%)->900M(88%)
[2054,505s][info][gc] Allocation Stall (main) 364,285ms
[2054,519s][info][gc] GC(4097) Garbage Collection (Allocation Rate) 1024M(100%)->924M(90%)
[2054,917s][info][gc] Allocation Stall (main) 361,770ms
[2054,931s][info][gc] GC(4098) Garbage Collection (Allocation Stall) 984M(96%)->958M(94%)
[2055,313s][info][gc] Allocation Stall (main) 358,606ms
[2055,326s][info][gc] GC(4099) Garbage Collection (Allocation Stall) 994M(97%)->942M(92%)
[2055,710s][info][gc] Allocation Stall (main) 353,663ms
[2055,717s][info][gc] GC(4100) Garbage Collection (Allocation Stall) 992M(97%)->932M(91%)
[2056,107s][info][gc] Allocation Stall (main) 356,885ms
[2056,124s][info][gc] GC(4101) Garbage Collection (Allocation Stall) 1008M(98%)->932M(91%)
[2056,520s][info][gc] Allocation Stall (main) 363,404ms
[2056,532s][info][gc] GC(4102) Garbage Collection (Allocation Stall) 990M(97%)->936M(91%)
[2056,915s][info][gc] Relocation Stall (main) 2,757ms
[2056,915s][info][gc] Allocation Stall (main) 351,738ms
[2056,925s][info][gc] GC(4103) Garbage Collection (Allocation Stall) 972M(95%)->948M(93%)
[2057,308s][info][gc] Allocation Stall (main) 356,639ms
[2057,319s][info][gc] GC(4104) Garbage Collection (Allocation Stall) 996M(97%)->930M(91%)
[2057,705s][info][gc] Allocation Stall (main) 351,061ms
[2057,713s][info][gc] GC(4105) Garbage Collection (Allocation Stall) 998M(97%)->928M(91%)
[2058,105s][info][gc] Allocation Stall (main) 356,567ms
[2058,123s][info][gc] GC(4106) Garbage Collection (Allocation Stall) 1014M(99%)->930M(91%)
[2058,524s][info][gc] Allocation Stall (main) 367,474ms
[2058,529s][info][gc] GC(4107) Garbage Collection (Allocation Stall) 988M(96%)->928M(91%)
[2058,894s][info][gc] Allocation Stall (main) 330,286ms
[2058,903s][info][gc] GC(4108) Garbage Collection (Allocation Stall) 970M(95%)->956M(93%)
[2059,288s][info][gc] Allocation Stall (main) 360,303ms
[2059,306s][info][gc] GC(4109) Garbage Collection (Allocation Stall) 1024M(100%)->920M(90%)
[2059,719s][info][gc] Allocation Stall (main) 377,274ms
[2059,735s][info][gc] GC(4110) Garbage Collection (Allocation Stall) 1024M(100%)->914M(89%)
[2060,114s][info][gc] Allocation Stall (main) 337,380ms
[2060,123s][info][gc] GC(4111) Garbage Collection (Allocation Rate) 924M(90%)->992M(97%)
[2060,509s][info][gc] Relocation Stall (main) 4,067ms
[2060,509s][info][gc] Allocation Stall (main) 374,819ms
[2060,520s][info][gc] GC(4112) Garbage Collection (Allocation Stall) 1024M(100%)->898M(88%)
[2060,915s][info][gc] Allocation Stall (main) 348,923ms
[2060,920s][info][gc] GC(4113) Garbage Collection (Allocation Rate) 964M(94%)->944M(92%)
[2061,304s][info][gc] Allocation Stall (main) 355,118ms
[2061,316s][info][gc] GC(4114) Garbage Collection (Allocation Stall) 1012M(99%)->916M(89%)
[2061,711s][info][gc] Relocation Stall (main) 3,729ms
[2061,711s][info][gc] Allocation Stall (main) 356,059ms
[2061,719s][info][gc] GC(4115) Garbage Collection (Allocation Stall) 994M(97%)->922M(90%)
[2062,100s][info][gc] Allocation Stall (main) 344,236ms
[2062,107s][info][gc] GC(4116) Garbage Collection (Allocation Stall) 982M(96%)->938M(92%)
[2062,498s][info][gc] Relocation Stall (main) 4,364ms
[2062,499s][info][gc] Allocation Stall (main) 361,042ms
[2062,508s][info][gc] GC(4117) Garbage Collection (Allocation Stall) 1024M(100%)->904M(88%)
[2062,916s][info][gc] Allocation Stall (main) 366,482ms
[2062,941s][info][gc] GC(4118) Garbage Collection (Allocation Rate) 1008M(98%)->946M(92%)
[2063,360s][info][gc] Relocation Stall (main) 4,170ms
[2063,360s][info][gc] Allocation Stall (main) 390,837ms
[2063,361s][info][gc] GC(4119) Garbage Collection (Allocation Stall) 1024M(100%)->876M(86%)
[2063,768s][info][gc] Allocation Stall (main) 356,389ms
[2063,785s][info][gc] GC(4120) Garbage Collection (Allocation Stall) 1024M(100%)->918M(90%)
[2064,201s][info][gc] Relocation Stall (main) 4,336ms
[2064,201s][info][gc] Allocation Stall (main) 379,549ms
[2064,212s][info][gc] GC(4121) Garbage Collection (Allocation Stall) 1024M(100%)->900M(88%)
[2064,617s][info][gc] Allocation Stall (main) 359,725ms
[2064,624s][info][gc] GC(4122) Garbage Collection (Allocation Rate) 988M(96%)->932M(91%)
[2065,005s][info][gc] Allocation Stall (main) 348,786ms
[2065,021s][info][gc] GC(4123) Garbage Collection (Allocation Stall) 990M(97%)->946M(92%)
[2065,413s][info][gc] Allocation Stall (main) 363,620ms
[2065,423s][info][gc] GC(4124) Garbage Collection (Allocation Stall) 1008M(98%)->916M(89%)
[2065,804s][info][gc] Allocation Stall (main) 342,797ms
[2065,816s][info][gc] GC(4125) Garbage Collection (Allocation Stall) 976M(95%)->948M(93%)
[2066,211s][info][gc] Allocation Stall (main) 367,827ms
[2066,219s][info][gc] GC(4126) Garbage Collection (Allocation Stall) 1024M(100%)->902M(88%)
[2066,604s][info][gc] Relocation Stall (main) 1,089ms
[2066,604s][info][gc] Allocation Stall (main) 341,253ms
[2066,611s][info][gc] GC(4127) Garbage Collection (Allocation Rate) 974M(95%)->950M(93%)
[2066,999s][info][gc] Allocation Stall (main) 361,239ms
[2067,010s][info][gc] GC(4128) Garbage Collection (Allocation Stall) 1024M(100%)->912M(89%)
[2067,408s][info][gc] Allocation Stall (main) 359,028ms
[2067,423s][info][gc] GC(4129) Garbage Collection (Allocation Rate) 1010M(99%)->932M(91%)
[2067,814s][info][gc] Allocation Stall (main) 357,413ms
[2067,824s][info][gc] GC(4130) Garbage Collection (Allocation Stall) 990M(97%)->942M(92%)
[2068,204s][info][gc] Allocation Stall (main) 350,395ms
[2068,212s][info][gc] GC(4131) Garbage Collection (Allocation Stall) 998M(97%)->930M(91%)
[2068,604s][info][gc] Allocation Stall (main) 360,166ms
[2068,623s][info][gc] GC(4132) Garbage Collection (Allocation Stall) 1022M(100%)->928M(91%)
[2069,023s][info][gc] Allocation Stall (main) 366,054ms
[2069,037s][info][gc] GC(4133) Garbage Collection (Allocation Stall) 988M(96%)->946M(92%)
[2069,408s][info][gc] Allocation Stall (main) 341,844ms
[2069,422s][info][gc] GC(4134) Garbage Collection (Allocation Stall) 960M(94%)->968M(95%)
[2069,807s][info][gc] Allocation Stall (main) 365,441ms
[2069,812s][info][gc] GC(4135) Garbage Collection (Allocation Stall) 1024M(100%)->894M(87%)
[2070,196s][info][gc] Allocation Stall (main) 337,987ms
[2070,212s][info][gc] GC(4136) Garbage Collection (Allocation Rate) 984M(96%)->956M(93%)
[2070,608s][info][gc] Allocation Stall (main) 372,630ms
[2070,619s][info][gc] GC(4137) Garbage Collection (Allocation Stall) 1024M(100%)->904M(88%)
[2071,013s][info][gc] Allocation Stall (main) 351,708ms
[2071,027s][info][gc] GC(4138) Garbage Collection (Allocation Rate) 976M(95%)->958M(94%)
[2071,410s][info][gc] Relocation Stall (main) 3,377ms
[2071,410s][info][gc] Allocation Stall (main) 359,323ms
[2071,415s][info][gc] GC(4139) Garbage Collection (Allocation Stall) 994M(97%)->920M(90%)
[2071,798s][info][gc] Allocation Stall (main) 345,819ms
[2071,805s][info][gc] GC(4140) Garbage Collection (Allocation Stall) 992M(97%)->934M(91%)
[2072,200s][info][gc] Relocation Stall (main) 4,118ms
[2072,200s][info][gc] Allocation Stall (main) 361,969ms
[2072,207s][info][gc] GC(4141) Garbage Collection (Allocation Stall) 1024M(100%)->900M(88%)
[2072,613s][info][gc] Allocation Stall (main) 362,987ms
[2072,626s][info][gc] GC(4142) Garbage Collection (Allocation Rate) 1006M(98%)->932M(91%)
[2073,018s][info][gc] Allocation Stall (main) 358,241ms
[2073,040s][info][gc] GC(4143) Garbage Collection (Allocation Stall) 982M(96%)->968M(95%)
[2073,426s][info][gc] Allocation Stall (main) 365,326ms
[2073,431s][info][gc] GC(4144) Garbage Collection (Allocation Stall) 972M(95%)->934M(91%)
[2073,795s][info][gc] Allocation Stall (main) 332,267ms
[2073,806s][info][gc] GC(4145) Garbage Collection (Allocation Stall) 968M(95%)->956M(93%)
[2074,195s][info][gc] Allocation Stall (main) 364,763ms
[2074,210s][info][gc] GC(4146) Garbage Collection (Allocation Stall) 1024M(100%)->910M(89%)
[2074,629s][info][gc] Relocation Stall (main) 7,088ms
[2074,629s][info][gc] Allocation Stall (main) 378,289ms
[2074,631s][info][gc] GC(4147) Garbage Collection (Allocation Rate) 1006M(98%)->896M(88%)
[2074,995s][info][gc] Allocation Stall (main) 318,010ms
[2075,003s][info][gc] GC(4148) Garbage Collection (Allocation Stall) 920M(90%)->994M(97%)
[2075,385s][info][gc] Relocation Stall (main) 4,523ms
[2075,385s][info][gc] Allocation Stall (main) 371,938ms
[2075,398s][info][gc] GC(4149) Garbage Collection (Allocation Stall) 1024M(100%)->902M(88%)
[2075,812s][info][gc] Allocation Stall (main) 371,312ms
[2075,821s][info][gc] GC(4150) Garbage Collection (Allocation Stall) 1024M(100%)->898M(88%)
[2076,201s][info][gc] Allocation Stall (main) 334,855ms
[2076,213s][info][gc] GC(4151) Garbage Collection (Allocation Rate) 964M(94%)->962M(94%)
[2076,600s][info][gc] Relocation Stall (main) 4,496ms
[2076,600s][info][gc] Allocation Stall (main) 365,438ms
[2076,607s][info][gc] GC(4152) Garbage Collection (Allocation Stall) 1024M(100%)->890M(87%)
[2077,012s][info][gc] Allocation Stall (main) 357,328ms
[2077,018s][info][gc] GC(4153) Garbage Collection (Allocation Rate) 996M(97%)->926M(90%)
[2077,398s][info][gc] Allocation Stall (main) 345,533ms
[2077,408s][info][gc] GC(4154) Garbage Collection (Allocation Stall) 1000M(98%)->934M(91%)
[2077,806s][info][gc] Allocation Stall (main) 366,052ms
[2077,828s][info][gc] GC(4155) Garbage Collection (Allocation Stall) 1024M(100%)->928M(91%)
[2078,221s][info][gc] Allocation Stall (main) 358,759ms
[2078,232s][info][gc] GC(4156) Garbage Collection (Allocation Rate) 976M(95%)->948M(93%)
[2078,602s][info][gc] Allocation Stall (main) 342,696ms
[2078,608s][info][gc] GC(4157) Garbage Collection (Allocation Stall) 974M(95%)->942M(92%)
[2078,996s][info][gc] Relocation Stall (main) 4,034ms
[2078,996s][info][gc] Allocation Stall (main) 360,094ms
[2079,001s][info][gc] GC(4158) Garbage Collection (Allocation Stall) 1024M(100%)->898M(88%)
[2079,414s][info][gc] Relocation Stall (main) 2,670ms
[2079,414s][info][gc] Allocation Stall (main) 367,879ms
[2079,426s][info][gc] GC(4159) Garbage Collection (Allocation Rate) 1020M(100%)->918M(90%)
[2079,813s][info][gc] Allocation Stall (main) 348,378ms
[2079,824s][info][gc] GC(4160) Garbage Collection (Allocation Stall) 968M(95%)->962M(94%)
[2080,205s][info][gc] Allocation Stall (main) 358,733ms
[2080,221s][info][gc] GC(4161) Garbage Collection (Allocation Stall) 1018M(99%)->922M(90%)
[2080,612s][info][gc] Allocation Stall (main) 354,285ms
[2080,626s][info][gc] GC(4162) Garbage Collection (Allocation Stall) 974M(95%)->956M(93%)
[2081,016s][info][gc] Allocation Stall (main) 365,932ms
[2081,025s][info][gc] GC(4163) Garbage Collection (Allocation Stall) 1008M(98%)->914M(89%)
[2081,405s][info][gc] Allocation Stall (main) 339,650ms
[2081,410s][info][gc] GC(4164) Garbage Collection (Allocation Stall) 968M(95%)->948M(93%)
[2081,796s][info][gc] Allocation Stall (main) 359,854ms
[2081,810s][info][gc] GC(4165) Garbage Collection (Allocation Stall) 1024M(100%)->916M(89%)
[2082,215s][info][gc] Allocation Stall (main) 367,294ms
[2082,228s][info][gc] GC(4166) Garbage Collection (Allocation Rate) 1014M(99%)->924M(90%)
[2082,613s][info][gc] Allocation Stall (main) 348,236ms
[2082,623s][info][gc] GC(4167) Garbage Collection (Allocation Stall) 968M(95%)->960M(94%)
[2083,010s][info][gc] Relocation Stall (main) 4,093ms
[2083,010s][info][gc] Allocation Stall (main) 365,059ms
[2083,021s][info][gc] GC(4168) Garbage Collection (Allocation Stall) 1020M(100%)->908M(89%)
[2083,410s][info][gc] Allocation Stall (main) 346,195ms
[2083,425s][info][gc] GC(4169) Garbage Collection (Allocation Stall) 962M(94%)->970M(95%)
[2083,811s][info][gc] Allocation Stall (main) 366,683ms
[2083,817s][info][gc] GC(4170) Garbage Collection (Allocation Stall) 1020M(100%)->898M(88%)
[2084,199s][info][gc] Allocation Stall (main) 336,733ms
[2084,208s][info][gc] GC(4171) Garbage Collection (Allocation Stall) 974M(95%)->952M(93%)
[2084,596s][info][gc] Allocation Stall (main) 363,352ms
[2084,607s][info][gc] GC(4172) Garbage Collection (Allocation Stall) 1024M(100%)->912M(89%)
[2085,008s][info][gc] Allocation Stall (main) 359,545ms
[2085,020s][info][gc] GC(4173) Garbage Collection (Allocation Rate) 1014M(99%)->924M(90%)
[2085,412s][info][gc] Relocation Stall (main) 3,331ms
[2085,412s][info][gc] Allocation Stall (main) 356,493ms
[2085,419s][info][gc] GC(4174) Garbage Collection (Allocation Stall) 992M(97%)->934M(91%)
[2085,804s][info][gc] Allocation Stall (main) 353,133ms
[2085,816s][info][gc] GC(4175) Garbage Collection (Allocation Stall) 1006M(98%)->932M(91%)
[2086,206s][info][gc] Allocation Stall (main) 356,471ms
[2086,218s][info][gc] GC(4176) Garbage Collection (Allocation Stall) 1010M(99%)->928M(91%)
[2086,608s][info][gc] Allocation Stall (main) 356,200ms
[2086,621s][info][gc] GC(4177) Garbage Collection (Allocation Stall) 1002M(98%)->936M(91%)
[2087,011s][info][gc] Allocation Stall (main) 358,731ms
[2087,023s][info][gc] GC(4178) Garbage Collection (Allocation Stall) 1002M(98%)->932M(91%)
[2087,411s][info][gc] Allocation Stall (main) 355,468ms
[2087,427s][info][gc] GC(4179) Garbage Collection (Allocation Stall) 980M(96%)->960M(94%)
[2087,815s][info][gc] Allocation Stall (main) 365,661ms
[2087,827s][info][gc] GC(4180) Garbage Collection (Allocation Stall) 1002M(98%)->928M(91%)
[2088,205s][info][gc] Allocation Stall (main) 344,416ms
[2088,216s][info][gc] GC(4181) Garbage Collection (Allocation Stall) 972M(95%)->954M(93%)
[2088,607s][info][gc] Relocation Stall (main) 4,375ms
[2088,607s][info][gc] Allocation Stall (main) 366,825ms
[2088,613s][info][gc] GC(4182) Garbage Collection (Allocation Stall) 1024M(100%)->896M(88%)
[2089,013s][info][gc] Relocation Stall (main) 3,117ms
[2089,013s][info][gc] Allocation Stall (main) 354,277ms
[2089,026s][info][gc] GC(4183) Garbage Collection (Allocation Rate) 984M(96%)->940M(92%)
[2089,437s][info][gc] Allocation Stall (main) 379,909ms
[2089,447s][info][gc] GC(4184) Garbage Collection (Allocation Stall) 976M(95%)->944M(92%)
[2089,871s][info][gc] Relocation Stall (main) 4,442ms
[2089,871s][info][gc] Allocation Stall (main) 392,863ms
[2089,887s][info][gc] GC(4185) Garbage Collection (Allocation Stall) 1024M(100%)->902M(88%)
[2090,314s][info][gc] Allocation Stall (main) 380,350ms
[2090,318s][info][gc] GC(4186) Garbage Collection (Allocation Stall) 1024M(100%)->890M(87%)
[2090,697s][info][gc] Allocation Stall (main) 330,374ms
[2090,713s][info][gc] GC(4187) Garbage Collection (Allocation Rate) 964M(94%)->970M(95%)
[2091,102s][info][gc] Allocation Stall (main) 370,386ms
[2091,111s][info][gc] GC(4188) Garbage Collection (Allocation Stall) 1024M(100%)->898M(88%)
[2091,508s][info][gc] Relocation Stall (main) 3,241ms
[2091,508s][info][gc] Allocation Stall (main) 351,065ms
[2091,517s][info][gc] GC(4189) Garbage Collection (Allocation Rate) 988M(96%)->930M(91%)
[2091,907s][info][gc] Allocation Stall (main) 355,577ms
[2091,922s][info][gc] GC(4190) Garbage Collection (Allocation Stall) 1004M(98%)->934M(91%)
[2092,312s][info][gc] Allocation Stall (main) 357,841ms
[2092,320s][info][gc] GC(4191) Garbage Collection (Allocation Stall) 994M(97%)->924M(90%)
[2092,697s][info][gc] Allocation Stall (main) 341,969ms
[2092,707s][info][gc] GC(4192) Garbage Collection (Allocation Stall) 992M(97%)->936M(91%)
[2093,104s][info][gc] Relocation Stall (main) 3,960ms
[2093,104s][info][gc] Allocation Stall (main) 365,365ms
[2093,112s][info][gc] GC(4193) Garbage Collection (Allocation Stall) 1024M(100%)->902M(88%)
[2093,517s][info][gc] Allocation Stall (main) 361,007ms
[2093,530s][info][gc] GC(4194) Garbage Collection (Allocation Rate) 992M(97%)->942M(92%)
[2093,913s][info][gc] Allocation Stall (main) 352,180ms
[2093,921s][info][gc] GC(4195) Garbage Collection (Allocation Stall) 978M(96%)->942M(92%)
[2094,304s][info][gc] Relocation Stall (main) 0,844ms
[2094,304s][info][gc] Allocation Stall (main) 354,739ms
[2094,315s][info][gc] GC(4196) Garbage Collection (Allocation Stall) 1010M(99%)->918M(90%)
[2094,709s][info][gc] Allocation Stall (main) 356,773ms
[2094,724s][info][gc] GC(4197) Garbage Collection (Allocation Stall) 1002M(98%)->934M(91%)
[2095,109s][info][gc] Allocation Stall (main) 353,298ms
[2095,119s][info][gc] GC(4198) Garbage Collection (Allocation Stall) 990M(97%)->938M(92%)
[2095,508s][info][gc] Allocation Stall (main) 357,993ms
[2095,517s][info][gc] GC(4199) Garbage Collection (Allocation Stall) 1008M(98%)->916M(89%)
[2095,903s][info][gc] Allocation Stall (main) 348,052ms
[2095,914s][info][gc] GC(4200) Garbage Collection (Allocation Stall) 996M(97%)->936M(91%)
[2096,327s][info][gc] Allocation Stall (main) 380,987ms
[2096,349s][info][gc] GC(4201) Garbage Collection (Allocation Stall) 1018M(99%)->922M(90%)
[2096,877s][info][gc] Allocation Stall (main) 484,093ms
[2096,885s][info][gc] GC(4202) Garbage Collection (Allocation Stall) 1024M(100%)->900M(88%)
[2097,402s][info][gc] Relocation Stall (main) 4,428ms
[2097,402s][info][gc] Allocation Stall (main) 462,495ms
[2097,416s][info][gc] GC(4203) Garbage Collection (Allocation Stall) 1024M(100%)->904M(88%)
[2097,924s][info][gc] Allocation Stall (main) 452,681ms
[2097,934s][info][gc] GC(4204) Garbage Collection (Allocation Rate) 964M(94%)->962M(94%)
[2098,418s][info][gc] Allocation Stall (main) 453,021ms
[2098,438s][info][gc] GC(4205) Garbage Collection (Allocation Stall) 980M(96%)->954M(93%)
[2098,917s][info][gc] Allocation Stall (main) 442,951ms
[2098,923s][info][gc] GC(4206) Garbage Collection (Allocation Stall) 964M(94%)->950M(93%)
[2099,402s][info][gc] Allocation Stall (main) 442,286ms
[2099,415s][info][gc] GC(4207) Garbage Collection (Allocation Stall) 984M(96%)->940M(92%)
[2099,909s][info][gc] Allocation Stall (main) 456,483ms
[2099,929s][info][gc] GC(4208) Garbage Collection (Allocation Stall) 1004M(98%)->932M(91%)
[2100,419s][info][gc] Allocation Stall (main) 443,418ms
[2100,431s][info][gc] GC(4209) Garbage Collection (Allocation Stall) 956M(93%)->958M(94%)
[2100,913s][info][gc] Allocation Stall (main) 449,810ms
[2100,917s][info][gc] GC(4210) Garbage Collection (Allocation Stall) 984M(96%)->928M(91%)
[2101,402s][info][gc] Allocation Stall (main) 440,542ms
[2101,413s][info][gc] GC(4211) Garbage Collection (Allocation Stall) 984M(96%)->942M(92%)
[2101,915s][info][gc] Allocation Stall (main) 465,508ms
[2101,932s][info][gc] GC(4212) Garbage Collection (Allocation Stall) 1006M(98%)->930M(91%)
[2102,426s][info][gc] Allocation Stall (main) 448,500ms
[2102,447s][info][gc] GC(4213) Garbage Collection (Allocation Stall) 952M(93%)->982M(96%)
[2102,948s][info][gc] Allocation Stall (main) 481,386ms
[2102,963s][info][gc] GC(4214) Garbage Collection (Allocation Stall) 1024M(100%)->900M(88%)
[2103,483s][info][gc] Allocation Stall (main) 467,546ms
[2103,493s][info][gc] GC(4215) Garbage Collection (Allocation Stall) 1024M(100%)->902M(88%)
[2104,011s][info][gc] Relocation Stall (main) 3,069ms
[2104,011s][info][gc] Allocation Stall (main) 464,763ms
[2104,035s][info][gc] GC(4216) Garbage Collection (Allocation Rate) 1018M(99%)->922M(90%)
[2104,543s][info][gc] Relocation Stall (main) 4,390ms
[2104,543s][info][gc] Allocation Stall (main) 456,099ms
[2104,556s][info][gc] GC(4217) Garbage Collection (Allocation Stall) 938M(92%)->970M(95%)
[2105,058s][info][gc] Relocation Stall (main) 5,149ms
[2105,058s][info][gc] Allocation Stall (main) 476,439ms
[2105,059s][info][gc] GC(4218) Garbage Collection (Allocation Stall) 1024M(100%)->876M(86%)
[2105,587s][info][gc] Relocation Stall (main) 5,407ms
[2105,588s][info][gc] Allocation Stall (main) 465,248ms
[2105,595s][info][gc] GC(4219) Garbage Collection (Allocation Stall) 1024M(100%)->890M(87%)
[2106,107s][info][gc] Allocation Stall (main) 454,921ms
[2106,121s][info][gc] GC(4220) Garbage Collection (Allocation Rate) 1004M(98%)->924M(90%)
[2106,607s][info][gc] Allocation Stall (main) 439,565ms
[2106,625s][info][gc] GC(4221) Garbage Collection (Allocation Stall) 970M(95%)->956M(93%)
[2107,113s][info][gc] Allocation Stall (main) 456,844ms
[2107,125s][info][gc] GC(4222) Garbage Collection (Allocation Stall) 996M(97%)->924M(90%)
[2107,611s][info][gc] Allocation Stall (main) 437,771ms
[2107,621s][info][gc] GC(4223) Garbage Collection (Allocation Stall) 962M(94%)->958M(94%)
[2108,103s][info][gc] Allocation Stall (main) 451,563ms
[2108,118s][info][gc] GC(4224) Garbage Collection (Allocation Stall) 1006M(98%)->920M(90%)
[2108,606s][info][gc] Allocation Stall (main) 440,300ms
[2108,624s][info][gc] GC(4225) Garbage Collection (Allocation Stall) 974M(95%)->952M(93%)
[2109,117s][info][gc] Allocation Stall (main) 459,493ms
[2109,125s][info][gc] GC(4226) Garbage Collection (Allocation Stall) 994M(97%)->920M(90%)
[2109,603s][info][gc] Allocation Stall (main) 425,452ms
[2109,620s][info][gc] GC(4227) Garbage Collection (Allocation Stall) 946M(92%)->976M(95%)
[2110,118s][info][gc] Allocation Stall (main) 475,495ms
[2110,127s][info][gc] GC(4228) Garbage Collection (Allocation Stall) 1024M(100%)->894M(87%)
[2110,598s][info][gc] Allocation Stall (main) 407,072ms
[2110,608s][info][gc] GC(4229) Garbage Collection (Allocation Rate) 928M(91%)->988M(96%)
[2111,086s][info][gc] Allocation Stall (main) 460,526ms
[2111,096s][info][gc] GC(4230) Garbage Collection (Allocation Stall) 1024M(100%)->898M(88%)
[2111,603s][info][gc] Relocation Stall (main) 4,691ms
[2111,603s][info][gc] Allocation Stall (main) 453,213ms
[2111,617s][info][gc] GC(4231) Garbage Collection (Allocation Rate) 1008M(98%)->920M(90%)
[2112,115s][info][gc] Allocation Stall (main) 449,339ms
[2112,125s][info][gc] GC(4232) Garbage Collection (Allocation Stall) 966M(94%)->954M(93%)
[2112,594s][info][gc] Allocation Stall (main) 434,593ms
[2112,602s][info][gc] GC(4233) Garbage Collection (Allocation Stall) 984M(96%)->936M(91%)
[2113,099s][info][gc] Allocation Stall (main) 457,254ms
[2113,110s][info][gc] GC(4234) Garbage Collection (Allocation Stall) 1020M(100%)->910M(89%)
[2113,608s][info][gc] Allocation Stall (main) 446,966ms
[2113,639s][info][gc] GC(4235) Garbage Collection (Allocation Stall) 984M(96%)->966M(94%)
[2114,170s][info][gc] Allocation Stall (main) 504,105ms
[2114,176s][info][gc] GC(4236) Garbage Collection (Allocation Stall) 1024M(100%)->888M(87%)
[2114,686s][info][gc] Allocation Stall (main) 452,113ms
[2114,698s][info][gc] GC(4237) Garbage Collection (Allocation Stall) 1024M(100%)->904M(88%)
[2115,203s][info][gc] Allocation Stall (main) 453,568ms
[2115,223s][info][gc] GC(4238) Garbage Collection (Allocation Rate) 1010M(99%)->934M(91%)
[2115,713s][info][gc] Allocation Stall (main) 446,836ms
[2115,730s][info][gc] GC(4239) Garbage Collection (Allocation Stall) 974M(95%)->958M(94%)
[2116,218s][info][gc] Allocation Stall (main) 456,255ms
[2116,238s][info][gc] GC(4240) Garbage Collection (Allocation Stall) 986M(96%)->944M(92%)
[2116,719s][info][gc] Allocation Stall (main) 440,376ms
[2116,725s][info][gc] GC(4241) Garbage Collection (Allocation Stall) 954M(93%)->952M(93%)
[2117,190s][info][gc] Allocation Stall (main) 430,869ms
[2117,196s][info][gc] GC(4242) Garbage Collection (Allocation Stall) 986M(96%)->930M(91%)
[2117,694s][info][gc] Relocation Stall (main) 3,232ms
[2117,695s][info][gc] Allocation Stall (main) 456,537ms
[2117,708s][info][gc] GC(4243) Garbage Collection (Allocation Stall) 1024M(100%)->906M(88%)
[2118,216s][info][gc] Allocation Stall (main) 455,079ms
[2118,237s][info][gc] GC(4244) Garbage Collection (Allocation Rate) 976M(95%)->958M(94%)
[2118,717s][info][gc] Allocation Stall (main) 448,040ms
[2118,726s][info][gc] GC(4245) Garbage Collection (Allocation Stall) 966M(94%)->946M(92%)
[2119,200s][info][gc] Allocation Stall (main) 436,894ms
[2119,216s][info][gc] GC(4246) Garbage Collection (Allocation Stall) 976M(95%)->952M(93%)
[2119,721s][info][gc] Allocation Stall (main) 472,274ms
[2119,730s][info][gc] GC(4247) Garbage Collection (Allocation Stall) 1012M(99%)->906M(88%)
[2120,192s][info][gc] Allocation Stall (main) 402,744ms
[2120,201s][info][gc] GC(4248) Garbage Collection (Allocation Stall) 928M(91%)->988M(96%)
[2120,680s][info][gc] Relocation Stall (main) 4,467ms
[2120,680s][info][gc] Allocation Stall (main) 461,700ms
[2120,687s][info][gc] GC(4249) Garbage Collection (Allocation Stall) 1024M(100%)->896M(88%)
[2121,205s][info][gc] Allocation Stall (main) 463,092ms
[2121,225s][info][gc] GC(4250) Garbage Collection (Allocation Stall) 1024M(100%)->918M(90%)
[2121,724s][info][gc] Allocation Stall (main) 447,452ms
[2121,750s][info][gc] GC(4251) Garbage Collection (Allocation Rate) 954M(93%)->982M(96%)
[2122,263s][info][gc] Relocation Stall (main) 5,552ms
[2122,263s][info][gc] Allocation Stall (main) 493,353ms
[2122,265s][info][gc] GC(4252) Garbage Collection (Allocation Stall) 1024M(100%)->876M(86%)
[2122,791s][info][gc] Allocation Stall (main) 463,328ms
[2122,805s][info][gc] GC(4253) Garbage Collection (Allocation Stall) 1024M(100%)->904M(88%)
[2123,306s][info][gc] Allocation Stall (main) 447,401ms
[2123,319s][info][gc] GC(4254) Garbage Collection (Allocation Rate) 990M(97%)->936M(91%)
[2123,818s][info][gc] Relocation Stall (main) 11,133ms
[2123,818s][info][gc] Allocation Stall (main) 459,162ms
[2123,828s][info][gc] GC(4255) Garbage Collection (Allocation Stall) 990M(97%)->920M(90%)
[2124,315s][info][gc] Allocation Stall (main) 435,580ms
[2124,330s][info][gc] GC(4256) Garbage Collection (Allocation Stall) 950M(93%)->966M(94%)
[2124,813s][info][gc] Allocation Stall (main) 455,503ms
[2124,821s][info][gc] GC(4257) Garbage Collection (Allocation Stall) 994M(97%)->918M(90%)
[2125,300s][info][gc] Allocation Stall (main) 429,174ms
[2125,312s][info][gc] GC(4258) Garbage Collection (Allocation Stall) 966M(94%)->952M(93%)
[2125,808s][info][gc] Allocation Stall (main) 462,418ms
[2125,829s][info][gc] GC(4259) Garbage Collection (Allocation Stall) 1020M(100%)->914M(89%)
[2126,324s][info][gc] Allocation Stall (main) 440,338ms
[2126,328s][info][gc] GC(4260) Garbage Collection (Allocation Stall) 940M(92%)->960M(94%)
[2126,799s][info][gc] Allocation Stall (main) 441,097ms
[2126,812s][info][gc] GC(4261) Garbage Collection (Allocation Stall) 994M(97%)->930M(91%)
[2127,316s][info][gc] Allocation Stall (main) 460,907ms
[2127,335s][info][gc] GC(4262) Garbage Collection (Allocation Stall) 994M(97%)->934M(91%)
[2127,816s][info][gc] Allocation Stall (main) 436,605ms
[2127,825s][info][gc] GC(4263) Garbage Collection (Allocation Stall) 952M(93%)->956M(93%)
[2128,305s][info][gc] Allocation Stall (main) 448,200ms
[2128,322s][info][gc] GC(4264) Garbage Collection (Allocation Stall) 996M(97%)->926M(90%)
[2128,818s][info][gc] Relocation Stall (main) 7,636ms
[2128,818s][info][gc] GC(4265) Garbage Collection (Allocation Stall) 972M(95%)->926M(90%)
[2128,818s][info][gc] Allocation Stall (main) 450,824ms
[2129,296s][info][gc] Allocation Stall (main) 432,163ms
[2129,311s][info][gc] GC(4266) Garbage Collection (Allocation Stall) 978M(96%)->946M(92%)
[2129,808s][info][gc] Allocation Stall (main) 462,027ms
[2129,823s][info][gc] GC(4267) Garbage Collection (Allocation Stall) 1018M(99%)->906M(88%)
[2130,314s][info][gc] Relocation Stall (main) 2,286ms
[2130,314s][info][gc] Allocation Stall (main) 434,348ms
[2130,316s][info][gc] GC(4268) Garbage Collection (Allocation Stall) 940M(92%)->966M(94%)
[2130,800s][info][gc] Allocation Stall (main) 457,655ms
[2130,811s][info][gc] GC(4269) Garbage Collection (Allocation Stall) 1024M(100%)->906M(88%)
[2131,310s][info][gc] Allocation Stall (main) 446,342ms
[2131,327s][info][gc] GC(4270) Garbage Collection (Allocation Rate) 978M(96%)->956M(93%)
[2131,813s][info][gc] Allocation Stall (main) 456,214ms
[2131,831s][info][gc] GC(4271) Garbage Collection (Allocation Stall) 994M(97%)->940M(92%)
[2132,313s][info][gc] Allocation Stall (main) 440,885ms
[2132,332s][info][gc] GC(4272) Garbage Collection (Allocation Stall) 966M(94%)->962M(94%)
[2132,814s][info][gc] Allocation Stall (main) 452,156ms
[2132,820s][info][gc] GC(4273) Garbage Collection (Allocation Stall) 984M(96%)->928M(91%)
[2133,297s][info][gc] Allocation Stall (main) 432,519ms
[2133,319s][info][gc] GC(4274) Garbage Collection (Allocation Stall) 978M(96%)->954M(93%)
[2133,827s][info][gc] Allocation Stall (main) 475,921ms
[2133,834s][info][gc] GC(4275) Garbage Collection (Allocation Stall) 1008M(98%)->902M(88%)
[2134,299s][info][gc] Allocation Stall (main) 403,316ms
[2134,313s][info][gc] GC(4276) Garbage Collection (Allocation Stall) 922M(90%)->996M(97%)
[2134,800s][info][gc] Allocation Stall (main) 472,526ms
[2134,807s][info][gc] GC(4277) Garbage Collection (Allocation Stall) 1024M(100%)->892M(87%)
[2135,291s][info][gc] Allocation Stall (main) 425,030ms
[2135,297s][info][gc] GC(4278) Garbage Collection (Allocation Rate) 970M(95%)->948M(93%)
[2135,799s][info][gc] Relocation Stall (main) 5,086ms
[2135,799s][info][gc] Allocation Stall (main) 467,505ms
[2135,806s][info][gc] GC(4279) Garbage Collection (Allocation Stall) 1024M(100%)->898M(88%)
[2136,306s][info][gc] Relocation Stall (main) 0,358ms
[2136,306s][info][gc] Allocation Stall (main) 442,862ms
[2136,327s][info][gc] GC(4280) Garbage Collection (Allocation Rate) 980M(96%)->962M(94%)
[2136,825s][info][gc] Allocation Stall (main) 467,991ms
[2136,835s][info][gc] GC(4281) Garbage Collection (Allocation Stall) 986M(96%)->936M(91%)
[2137,305s][info][gc] Allocation Stall (main) 425,798ms
[2137,317s][info][gc] GC(4282) Garbage Collection (Allocation Stall) 954M(93%)->970M(95%)
[2137,818s][info][gc] Allocation Stall (main) 475,692ms
[2137,843s][info][gc] GC(4283) Garbage Collection (Allocation Stall) 1018M(99%)->922M(90%)
[2138,370s][info][gc] Allocation Stall (main) 484,015ms
[2138,380s][info][gc] GC(4284) Garbage Collection (Allocation Stall) 1024M(100%)->894M(87%)
[2138,894s][info][gc] Allocation Stall (main) 458,352ms
[2138,903s][info][gc] GC(4285) Garbage Collection (Allocation Stall) 1024M(100%)->902M(88%)
[2139,405s][info][gc] Allocation Stall (main) 447,189ms
[2139,427s][info][gc] GC(4286) Garbage Collection (Allocation Rate) 990M(97%)->950M(93%)
[2139,921s][info][gc] Allocation Stall (main) 459,863ms
[2139,942s][info][gc] GC(4287) Garbage Collection (Allocation Stall) 986M(96%)->946M(92%)
[2140,462s][info][gc] Relocation Stall (main) 3,574ms
[2140,462s][info][gc] Allocation Stall (main) 484,807ms
[2140,469s][info][gc] GC(4288) Garbage Collection (Allocation Stall) 1024M(100%)->888M(87%)
[2140,991s][info][gc] Relocation Stall (main) 4,490ms
[2140,991s][info][gc] Allocation Stall (main) 464,491ms
[2140,998s][info][gc] GC(4289) Garbage Collection (Allocation Stall) 1024M(100%)->896M(88%)
[2141,503s][info][gc] Allocation Stall (main) 449,565ms
[2141,519s][info][gc] GC(4290) Garbage Collection (Allocation Rate) 998M(97%)->934M(91%)
[2142,021s][info][gc] Relocation Stall (main) 12,095ms
[2142,021s][info][gc] Allocation Stall (main) 460,961ms
[2142,025s][info][gc] GC(4291) Garbage Collection (Allocation Stall) 980M(96%)->926M(90%)
[2142,509s][info][gc] Allocation Stall (main) 437,131ms
[2142,520s][info][gc] GC(4292) Garbage Collection (Allocation Stall) 964M(94%)->954M(93%)
[2143,006s][info][gc] Relocation Stall (main) 6,242ms
[2143,006s][info][gc] Allocation Stall (main) 453,338ms
[2143,016s][info][gc] GC(4293) Garbage Collection (Allocation Stall) 998M(97%)->916M(89%)
[2143,511s][info][gc] Allocation Stall (main) 445,798ms
[2143,534s][info][gc] GC(4294) Garbage Collection (Allocation Stall) 976M(95%)->958M(94%)
[2144,034s][info][gc] Allocation Stall (main) 466,740ms
[2144,039s][info][gc] GC(4295) Garbage Collection (Allocation Stall) 972M(95%)->930M(91%)
[2144,544s][info][gc] Allocation Stall (main) 463,676ms
[2144,558s][info][gc] GC(4296) Garbage Collection (Allocation Stall) 1024M(100%)->902M(88%)
[2145,085s][info][gc] Relocation Stall (main) 5,337ms
[2145,085s][info][gc] Allocation Stall (main) 476,096ms
[2145,095s][info][gc] GC(4297) Garbage Collection (Allocation Stall) 1024M(100%)->896M(88%)
[2145,609s][info][gc] Allocation Stall (main) 458,290ms
[2145,621s][info][gc] GC(4298) Garbage Collection (Allocation Rate) 1000M(98%)->928M(91%)
[2146,103s][info][gc] Allocation Stall (main) 435,655ms
[2146,117s][info][gc] GC(4299) Garbage Collection (Allocation Stall) 964M(94%)->962M(94%)
[2146,616s][info][gc] Allocation Stall (main) 470,111ms
[2146,632s][info][gc] GC(4300) Garbage Collection (Allocation Stall) 1018M(99%)->910M(89%)
[2147,112s][info][gc] Allocation Stall (main) 424,382ms
[2147,133s][info][gc] GC(4301) Garbage Collection (Allocation Stall) 934M(91%)->990M(97%)
[2147,626s][info][gc] Allocation Stall (main) 476,780ms
[2147,637s][info][gc] GC(4302) Garbage Collection (Allocation Stall) 1008M(98%)->904M(88%)
[2148,106s][info][gc] Allocation Stall (main) 408,884ms
[2148,109s][info][gc] GC(4303) Garbage Collection (Allocation Stall) 918M(90%)->984M(96%)
[2148,579s][info][gc] Allocation Stall (main) 450,646ms
[2148,600s][info][gc] GC(4304) Garbage Collection (Allocation Stall) 1024M(100%)->910M(89%)
[2149,117s][info][gc] Allocation Stall (main) 466,319ms
[2149,131s][info][gc] GC(4305) Garbage Collection (Allocation Rate) 998M(97%)->928M(91%)
[2149,614s][info][gc] Relocation Stall (main) 2,866ms
[2149,615s][info][gc] Allocation Stall (main) 436,381ms
[2149,621s][info][gc] GC(4306) Garbage Collection (Allocation Stall) 954M(93%)->958M(94%)
[2150,112s][info][gc] Allocation Stall (main) 458,336ms
[2150,128s][info][gc] GC(4307) Garbage Collection (Allocation Stall) 992M(97%)->934M(91%)
[2150,621s][info][gc] Allocation Stall (main) 449,151ms
[2150,630s][info][gc] GC(4308) Garbage Collection (Allocation Stall) 958M(94%)->958M(94%)
[2151,107s][info][gc] Allocation Stall (main) 447,412ms
[2151,124s][info][gc] GC(4309) Garbage Collection (Allocation Stall) 982M(96%)->944M(92%)
[2151,610s][info][gc] Allocation Stall (main) 450,306ms
[2151,624s][info][gc] GC(4310) Garbage Collection (Allocation Stall) 988M(96%)->936M(91%)
[2152,112s][info][gc] Allocation Stall (main) 449,327ms
[2152,136s][info][gc] GC(4311) Garbage Collection (Allocation Stall) 980M(96%)->936M(91%)
[2152,630s][info][gc] Allocation Stall (main) 437,421ms
[2152,634s][info][gc] GC(4312) Garbage Collection (Allocation Stall) 942M(92%)->958M(94%)
[2153,097s][info][gc] Allocation Stall (main) 430,645ms
[2153,105s][info][gc] GC(4313) Garbage Collection (Allocation Stall) 978M(96%)->934M(91%)
[2153,607s][info][gc] Allocation Stall (main) 462,120ms
[2153,620s][info][gc] GC(4314) Garbage Collection (Allocation Stall) 1022M(100%)->908M(89%)
[2154,109s][info][gc] Allocation Stall (main) 436,300ms
[2154,128s][info][gc] GC(4315) Garbage Collection (Allocation Stall) 960M(94%)->970M(95%)
[2154,618s][info][gc] Allocation Stall (main) 465,618ms
[2154,632s][info][gc] GC(4316) Garbage Collection (Allocation Stall) 1004M(98%)->918M(90%)
[2155,114s][info][gc] Allocation Stall (main) 429,521ms
[2155,119s][info][gc] GC(4317) Garbage Collection (Allocation Stall) 942M(92%)->966M(94%)
[2155,602s][info][gc] Allocation Stall (main) 456,915ms
[2155,615s][info][gc] GC(4318) Garbage Collection (Allocation Stall) 1020M(100%)->908M(89%)
[2156,109s][info][gc] Allocation Stall (main) 440,521ms
[2156,121s][info][gc] GC(4319) Garbage Collection (Allocation Stall) 968M(95%)->954M(93%)
[2156,619s][info][gc] Allocation Stall (main) 465,508ms
[2156,639s][info][gc] GC(4320) Garbage Collection (Allocation Stall) 996M(97%)->936M(91%)
[2157,155s][info][gc] Allocation Stall (main) 478,072ms
[2157,163s][info][gc] GC(4321) Garbage Collection (Allocation Stall) 1024M(100%)->896M(88%)
[2157,670s][info][gc] Allocation Stall (main) 451,654ms
[2157,684s][info][gc] GC(4322) Garbage Collection (Allocation Stall) 1024M(100%)->914M(89%)
[2158,212s][info][gc] Relocation Stall (main) 4,882ms
[2158,213s][info][gc] Allocation Stall (main) 480,687ms
[2158,228s][info][gc] GC(4323) Garbage Collection (Allocation Stall) 1024M(100%)->910M(89%)
[2158,718s][info][gc] Allocation Stall (main) 434,700ms
[2158,731s][info][gc] GC(4324) Garbage Collection (Allocation Rate) 942M(92%)->980M(96%)
[2159,210s][info][gc] Allocation Stall (main) 458,232ms
[2159,218s][info][gc] GC(4325) Garbage Collection (Allocation Stall) 1006M(98%)->914M(89%)
[2159,698s][info][gc] Allocation Stall (main) 429,472ms
[2159,716s][info][gc] GC(4326) Garbage Collection (Allocation Stall) 968M(95%)->966M(94%)
[2160,216s][info][gc] Relocation Stall (main) 4,272ms
[2160,216s][info][gc] Allocation Stall (main) 473,289ms
[2160,224s][info][gc] GC(4327) Garbage Collection (Allocation Stall) 1024M(100%)->894M(87%)
[2160,706s][info][gc] Allocation Stall (main) 419,043ms
[2160,714s][info][gc] GC(4328) Garbage Collection (Allocation Rate) 934M(91%)->982M(96%)
[2161,197s][info][gc] Allocation Stall (main) 462,598ms
[2161,210s][info][gc] GC(4329) Garbage Collection (Allocation Stall) 1024M(100%)->908M(89%)
[2161,722s][info][gc] Relocation Stall (main) 14,172ms
[2161,723s][info][gc] Allocation Stall (main) 460,897ms
[2161,736s][info][gc] GC(4330) Garbage Collection (Allocation Rate) 978M(96%)->936M(91%)
[2162,241s][info][gc] Allocation Stall (main) 461,269ms
[2162,250s][info][gc] GC(4331) Garbage Collection (Allocation Stall) 952M(93%)->956M(93%)
[2162,738s][info][gc] Allocation Stall (main) 456,205ms
[2162,745s][info][gc] GC(4332) Garbage Collection (Allocation Stall) 1024M(100%)->890M(87%)
[2163,264s][info][gc] Allocation Stall (main) 462,409ms
[2163,286s][info][gc] GC(4333) Garbage Collection (Allocation Stall) 1024M(100%)->912M(89%)
[2163,815s][info][gc] Allocation Stall (main) 482,352ms
[2163,826s][info][gc] GC(4334) Garbage Collection (Allocation Stall) 1024M(100%)->900M(88%)
[2164,302s][info][gc] Allocation Stall (main) 416,125ms
[2164,326s][info][gc] GC(4335) Garbage Collection (Allocation Rate) 936M(91%)->996M(97%)
[2164,829s][info][gc] Allocation Stall (main) 488,617ms
[2164,835s][info][gc] GC(4336) Garbage Collection (Allocation Stall) 1024M(100%)->886M(87%)
[2165,299s][info][gc] Allocation Stall (main) 393,998ms
[2165,321s][info][gc] GC(4337) Garbage Collection (Allocation Rate) 904M(88%)->1020M(100%)
[2165,803s][info][gc] Allocation Stall (main) 479,382ms
[2165,811s][info][gc] GC(4338) Garbage Collection (Allocation Stall) 1024M(100%)->882M(86%)
[2166,295s][info][gc] Allocation Stall (main) 420,113ms
[2166,312s][info][gc] GC(4339) Garbage Collection (Allocation Rate) 954M(93%)->964M(94%)
[2166,812s][info][gc] Allocation Stall (main) 472,336ms
[2166,822s][info][gc] GC(4340) Garbage Collection (Allocation Stall) 1024M(100%)->890M(87%)
[2167,292s][info][gc] Allocation Stall (main) 407,427ms
[2167,300s][info][gc] GC(4341) Garbage Collection (Allocation Rate) 936M(91%)->974M(95%)
[2167,777s][info][gc] Allocation Stall (main) 452,997ms
[2167,792s][info][gc] GC(4342) Garbage Collection (Allocation Stall) 1024M(100%)->906M(88%)
[2168,307s][info][gc] Allocation Stall (main) 464,718ms
[2168,323s][info][gc] GC(4343) Garbage Collection (Allocation Stall) 1024M(100%)->908M(89%)
[2168,806s][info][gc] Allocation Stall (main) 429,027ms
[2168,812s][info][gc] GC(4344) Garbage Collection (Allocation Rate) 952M(93%)->966M(94%)
[2169,307s][info][gc] Allocation Stall (main) 467,423ms
[2169,325s][info][gc] GC(4345) Garbage Collection (Allocation Stall) 1024M(100%)->914M(89%)
[2169,811s][info][gc] Allocation Stall (main) 432,492ms
[2169,819s][info][gc] GC(4346) Garbage Collection (Allocation Rate) 950M(93%)->970M(95%)
[2170,307s][info][gc] Relocation Stall (main) 5,095ms
[2170,307s][info][gc] Allocation Stall (main) 461,496ms
[2170,319s][info][gc] GC(4347) Garbage Collection (Allocation Stall) 1020M(100%)->906M(88%)
[2170,813s][info][gc] Allocation Stall (main) 441,342ms
[2170,824s][info][gc] GC(4348) Garbage Collection (Allocation Stall) 962M(94%)->962M(94%)
[2171,300s][info][gc] Allocation Stall (main) 447,092ms
[2171,311s][info][gc] GC(4349) Garbage Collection (Allocation Stall) 1002M(98%)->926M(90%)
[2171,800s][info][gc] Allocation Stall (main) 444,180ms
[2171,817s][info][gc] GC(4350) Garbage Collection (Allocation Stall) 998M(97%)->938M(92%)
[2172,318s][info][gc] Allocation Stall (main) 463,478ms
[2172,331s][info][gc] GC(4351) Garbage Collection (Allocation Stall) 998M(97%)->930M(91%)
[2172,805s][info][gc] Allocation Stall (main) 428,182ms
[2172,817s][info][gc] GC(4352) Garbage Collection (Allocation Stall) 956M(93%)->970M(95%)
[2173,313s][info][gc] Relocation Stall (main) 4,689ms
[2173,313s][info][gc] Allocation Stall (main) 470,379ms
[2173,332s][info][gc] GC(4353) Garbage Collection (Allocation Stall) 1024M(100%)->906M(88%)
[2173,823s][info][gc] Allocation Stall (main) 433,187ms
[2173,829s][info][gc] GC(4354) Garbage Collection (Allocation Rate) 928M(91%)->978M(96%)
[2174,295s][info][gc] Allocation Stall (main) 444,392ms
[2174,306s][info][gc] GC(4355) Garbage Collection (Allocation Stall) 1008M(98%)->914M(89%)
[2174,803s][info][gc] Allocation Stall (main) 448,166ms
[2174,819s][info][gc] GC(4356) Garbage Collection (Allocation Stall) 998M(97%)->932M(91%)
[2175,311s][info][gc] Allocation Stall (main) 450,766ms
[2175,321s][info][gc] GC(4357) Garbage Collection (Allocation Stall) 986M(96%)->936M(91%)
[2175,796s][info][gc] Allocation Stall (main) 434,197ms
[2175,809s][info][gc] GC(4358) Garbage Collection (Allocation Stall) 980M(96%)->948M(93%)
[2176,314s][info][gc] Allocation Stall (main) 470,262ms
[2176,324s][info][gc] GC(4359) Garbage Collection (Allocation Stall) 1024M(100%)->908M(89%)
[2176,804s][info][gc] Allocation Stall (main) 424,555ms
[2176,828s][info][gc] GC(4360) Garbage Collection (Allocation Stall) 948M(93%)->990M(97%)
[2177,338s][info][gc] Allocation Stall (main) 494,404ms
[2177,346s][info][gc] GC(4361) Garbage Collection (Allocation Stall) 1024M(100%)->892M(87%)
[2177,857s][info][gc] Allocation Stall (main) 454,801ms
[2177,867s][info][gc] GC(4362) Garbage Collection (Allocation Stall) 1024M(100%)->906M(88%)
[2178,382s][info][gc] Relocation Stall (main) 5,271ms
[2178,382s][info][gc] Allocation Stall (main) 464,239ms
[2178,400s][info][gc] GC(4363) Garbage Collection (Allocation Stall) 1024M(100%)->912M(89%)
[2178,920s][info][gc] Allocation Stall (main) 470,752ms
[2178,930s][info][gc] GC(4364) Garbage Collection (Allocation Rate) 1006M(98%)->922M(90%)
[2179,411s][info][gc] Relocation Stall (main) 11,624ms
[2179,411s][info][gc] Allocation Stall (main) 429,074ms
[2179,419s][info][gc] GC(4365) Garbage Collection (Allocation Stall) 940M(92%)->970M(95%)
[2179,946s][info][gc] Relocation Stall (main) 5,208ms
[2179,946s][info][gc] Allocation Stall (main) 502,320ms
[2179,952s][info][gc] GC(4366) Garbage Collection (Allocation Stall) 1024M(100%)->888M(87%)
[2180,471s][info][gc] Allocation Stall (main) 460,411ms
[2180,488s][info][gc] GC(4367) Garbage Collection (Allocation Stall) 1024M(100%)->912M(89%)
[2181,010s][info][gc] Relocation Stall (main) 4,389ms
[2181,010s][info][gc] Allocation Stall (main) 474,115ms
[2181,027s][info][gc] GC(4368) Garbage Collection (Allocation Stall) 1024M(100%)->904M(88%)
[2181,519s][info][gc] Allocation Stall (main) 434,430ms
[2181,530s][info][gc] GC(4369) Garbage Collection (Allocation Rate) 938M(92%)->976M(95%)
[2182,012s][info][gc] Allocation Stall (main) 458,638ms
[2182,023s][info][gc] GC(4370) Garbage Collection (Allocation Stall) 1004M(98%)->916M(89%)
[2182,502s][info][gc] Allocation Stall (main) 428,347ms
[2182,513s][info][gc] GC(4371) Garbage Collection (Allocation Stall) 960M(94%)->960M(94%)
[2183,004s][info][gc] Allocation Stall (main) 461,099ms
[2183,021s][info][gc] GC(4372) Garbage Collection (Allocation Stall) 1024M(100%)->908M(89%)
[2183,513s][info][gc] Allocation Stall (main) 438,097ms
[2183,528s][info][gc] GC(4373) Garbage Collection (Allocation Rate) 954M(93%)->968M(95%)
[2184,009s][info][gc] Allocation Stall (main) 455,128ms
[2184,028s][info][gc] GC(4374) Garbage Collection (Allocation Stall) 1000M(98%)->928M(91%)
[2184,517s][info][gc] Allocation Stall (main) 443,154ms
[2184,529s][info][gc] GC(4375) Garbage Collection (Allocation Stall) 960M(94%)->954M(93%)
[2185,005s][info][gc] Allocation Stall (main) 442,059ms
[2185,013s][info][gc] GC(4376) Garbage Collection (Allocation Stall) 976M(95%)->936M(91%)
[2185,499s][info][gc] Allocation Stall (main) 446,456ms
[2185,511s][info][gc] GC(4377) Garbage Collection (Allocation Stall) 1004M(98%)->920M(90%)
[2186,003s][info][gc] Allocation Stall (main) 445,300ms
[2186,015s][info][gc] GC(4378) Garbage Collection (Allocation Stall) 990M(97%)->934M(91%)
[2186,507s][info][gc] Allocation Stall (main) 450,800ms
[2186,535s][info][gc] GC(4379) Garbage Collection (Allocation Stall) 994M(97%)->948M(93%)
[2187,044s][info][gc] Allocation Stall (main) 470,917ms
[2187,049s][info][gc] GC(4380) Garbage Collection (Allocation Stall) 964M(94%)->942M(92%)
[2187,546s][info][gc] Allocation Stall (main) 460,072ms
[2187,557s][info][gc] GC(4381) Garbage Collection (Allocation Stall) 1024M(100%)->900M(88%)
[2188,075s][info][gc] Allocation Stall (main) 466,441ms
[2188,099s][info][gc] GC(4382) Garbage Collection (Allocation Stall) 1024M(100%)->916M(89%)
[2188,627s][info][gc] Allocation Stall (main) 481,489ms
[2188,638s][info][gc] GC(4383) Garbage Collection (Allocation Rate) 1016M(99%)->904M(88%)
[2189,105s][info][gc] Relocation Stall (main) 0,827ms
[2189,105s][info][gc] Allocation Stall (main) 406,717ms
[2189,109s][info][gc] GC(4384) Garbage Collection (Allocation Stall) 906M(88%)->998M(97%)
[2189,582s][info][gc] Allocation Stall (main) 460,474ms
[2189,602s][info][gc] GC(4385) Garbage Collection (Allocation Stall) 1024M(100%)->912M(89%)
[2190,127s][info][gc] Allocation Stall (main) 477,555ms
[2190,144s][info][gc] GC(4386) Garbage Collection (Allocation Rate) 1010M(99%)->922M(90%)
[2190,660s][info][gc] Allocation Stall (main) 470,785ms
[2190,668s][info][gc] GC(4387) Garbage Collection (Allocation Stall) 1024M(100%)->900M(88%)
[2191,176s][info][gc] Allocation Stall (main) 454,963ms
[2191,198s][info][gc] GC(4388) Garbage Collection (Allocation Stall) 1024M(100%)->922M(90%)
[2191,720s][info][gc] Allocation Stall (main) 477,789ms
[2191,732s][info][gc] GC(4389) Garbage Collection (Allocation Rate) 1024M(100%)->904M(88%)
[2192,197s][info][gc] Allocation Stall (main) 404,750ms
[2192,217s][info][gc] GC(4390) Garbage Collection (Allocation Stall) 920M(90%)->1012M(99%)
[2192,702s][info][gc] Allocation Stall (main) 478,058ms
[2192,710s][info][gc] GC(4391) Garbage Collection (Allocation Stall) 1024M(100%)->896M(88%)
[2193,203s][info][gc] Relocation Stall (main) 2,411ms
[2193,203s][info][gc] Allocation Stall (main) 434,901ms
[2193,223s][info][gc] GC(4392) Garbage Collection (Allocation Rate) 968M(95%)->964M(94%)
[2193,723s][info][gc] Allocation Stall (main) 471,914ms
[2193,729s][info][gc] GC(4393) Garbage Collection (Allocation Stall) 1008M(98%)->906M(88%)
[2194,193s][info][gc] Allocation Stall (main) 405,047ms
[2194,205s][info][gc] GC(4394) Garbage Collection (Allocation Stall) 934M(91%)->984M(96%)
[2194,690s][info][gc] Allocation Stall (main) 465,521ms
[2194,697s][info][gc] GC(4395) Garbage Collection (Allocation Stall) 1024M(100%)->896M(88%)
[2195,200s][info][gc] Allocation Stall (main) 448,703ms
[2195,216s][info][gc] GC(4396) Garbage Collection (Allocation Rate) 1004M(98%)->932M(91%)
[2195,709s][info][gc] Allocation Stall (main) 451,586ms
[2195,727s][info][gc] GC(4397) Garbage Collection (Allocation Stall) 994M(97%)->944M(92%)
[2196,214s][info][gc] Relocation Stall (main) 1,924ms
[2196,214s][info][gc] Allocation Stall (main) 449,044ms
[2196,222s][info][gc] GC(4398) Garbage Collection (Allocation Stall) 978M(96%)->940M(92%)
[2196,701s][info][gc] Allocation Stall (main) 440,231ms
[2196,713s][info][gc] GC(4399) Garbage Collection (Allocation Stall) 986M(96%)->942M(92%)
[2197,220s][info][gc] Relocation Stall (main) 17,171ms
[2197,220s][info][gc] Allocation Stall (main) 469,656ms
[2197,226s][info][gc] GC(4400) Garbage Collection (Allocation Stall) 1008M(98%)->900M(88%)
[2197,731s][info][gc] Relocation Stall (main) 5,160ms
[2197,731s][info][gc] Allocation Stall (main) 445,731ms
[2197,736s][info][gc] GC(4401) Garbage Collection (Allocation Stall) 938M(92%)->964M(94%)
[2198,207s][info][gc] Allocation Stall (main) 440,610ms
[2198,221s][info][gc] GC(4402) Garbage Collection (Allocation Stall) 980M(96%)->940M(92%)
[2198,707s][info][gc] Allocation Stall (main) 447,741ms
[2198,714s][info][gc] GC(4403) Garbage Collection (Allocation Stall) 988M(96%)->926M(90%)
[2199,196s][info][gc] Allocation Stall (main) 437,527ms
[2199,214s][info][gc] GC(4404) Garbage Collection (Allocation Stall) 988M(96%)->944M(92%)
[2199,714s][info][gc] Allocation Stall (main) 464,090ms
[2199,728s][info][gc] GC(4405) Garbage Collection (Allocation Stall) 1002M(98%)->922M(90%)
[2200,214s][info][gc] Allocation Stall (main) 436,605ms
[2200,225s][info][gc] GC(4406) Garbage Collection (Allocation Stall) 954M(93%)->962M(94%)
[2200,705s][info][gc] Allocation Stall (main) 451,214ms
[2200,715s][info][gc] GC(4407) Garbage Collection (Allocation Stall) 1002M(98%)->918M(90%)
[2201,199s][info][gc] Allocation Stall (main) 431,390ms
[2201,216s][info][gc] GC(4408) Garbage Collection (Allocation Stall) 976M(95%)->954M(93%)
[2201,717s][info][gc] Allocation Stall (main) 467,949ms
[2201,731s][info][gc] GC(4409) Garbage Collection (Allocation Stall) 1012M(99%)->914M(89%)
[2202,215s][info][gc] Allocation Stall (main) 430,467ms
[2202,232s][info][gc] GC(4410) Garbage Collection (Allocation Stall) 940M(92%)->984M(96%)
[2202,717s][info][gc] Allocation Stall (main) 464,835ms
[2202,725s][info][gc] GC(4411) Garbage Collection (Allocation Stall) 1008M(98%)->906M(88%)
[2203,195s][info][gc] Allocation Stall (main) 413,845ms
[2203,208s][info][gc] GC(4412) Garbage Collection (Allocation Stall) 944M(92%)->976M(95%)
[2203,690s][info][gc] Allocation Stall (main) 459,621ms
[2203,698s][info][gc] GC(4413) Garbage Collection (Allocation Stall) 1024M(100%)->898M(88%)
[2204,204s][info][gc] Allocation Stall (main) 451,398ms
[2204,220s][info][gc] GC(4414) Garbage Collection (Allocation Rate) 1002M(98%)->932M(91%)
[2204,711s][info][gc] Allocation Stall (main) 448,952ms
[2204,726s][info][gc] GC(4415) Garbage Collection (Allocation Stall) 982M(96%)->948M(93%)
[2205,218s][info][gc] Allocation Stall (main) 456,848ms
[2205,245s][info][gc] GC(4416) Garbage Collection (Allocation Stall) 984M(96%)->952M(93%)
[2205,773s][info][gc] Allocation Stall (main) 495,841ms
[2205,782s][info][gc] GC(4417) Garbage Collection (Allocation Stall) 1024M(100%)->888M(87%)
[2206,304s][info][gc] Relocation Stall (main) 5,481ms
[2206,304s][info][gc] Allocation Stall (main) 463,875ms
[2206,314s][info][gc] GC(4418) Garbage Collection (Allocation Stall) 1024M(100%)->894M(87%)
[2206,813s][info][gc] Relocation Stall (main) 2,351ms
[2206,813s][info][gc] Allocation Stall (main) 440,309ms
[2206,830s][info][gc] GC(4419) Garbage Collection (Allocation Rate) 960M(94%)->964M(94%)
[2207,316s][info][gc] Allocation Stall (main) 456,177ms
[2207,322s][info][gc] GC(4420) Garbage Collection (Allocation Stall) 982M(96%)->928M(91%)
[2207,797s][info][gc] Allocation Stall (main) 428,791ms
[2207,804s][info][gc] GC(4421) Garbage Collection (Allocation Stall) 972M(95%)->942M(92%)
[2208,301s][info][gc] Relocation Stall (main) 4,702ms
[2208,301s][info][gc] Allocation Stall (main) 459,216ms
[2208,312s][info][gc] GC(4422) Garbage Collection (Allocation Stall) 1024M(100%)->900M(88%)
[2208,813s][info][gc] Allocation Stall (main) 444,991ms
[2208,834s][info][gc] GC(4423) Garbage Collection (Allocation Rate) 968M(95%)->966M(94%)
[2209,327s][info][gc] Relocation Stall (main) 4,224ms
[2209,327s][info][gc] Allocation Stall (main) 463,224ms
[2209,329s][info][gc] GC(4424) Garbage Collection (Allocation Stall) 984M(96%)->918M(90%)
[2209,794s][info][gc] Allocation Stall (main) 414,429ms
[2209,805s][info][gc] GC(4425) Garbage Collection (Allocation Stall) 950M(93%)->968M(95%)
[2210,298s][info][gc] Relocation Stall (main) 5,246ms
[2210,298s][info][gc] Allocation Stall (main) 466,754ms
[2210,308s][info][gc] GC(4426) Garbage Collection (Allocation Stall) 1024M(100%)->896M(88%)
[2210,820s][info][gc] Relocation Stall (main) 3,503ms
[2210,820s][info][gc] Allocation Stall (main) 453,703ms
[2210,834s][info][gc] GC(4427) Garbage Collection (Allocation Rate) 972M(95%)->948M(93%)
[2211,310s][info][gc] Allocation Stall (main) 437,641ms
[2211,327s][info][gc] GC(4428) Garbage Collection (Allocation Stall) 960M(94%)->962M(94%)
[2211,811s][info][gc] Allocation Stall (main) 454,948ms
[2211,820s][info][gc] GC(4429) Garbage Collection (Allocation Stall) 990M(97%)->920M(90%)
[2212,301s][info][gc] Allocation Stall (main) 433,065ms
[2212,307s][info][gc] GC(4430) Garbage Collection (Allocation Stall) 970M(95%)->940M(92%)
[2212,789s][info][gc] Allocation Stall (main) 445,486ms
[2212,806s][info][gc] GC(4431) Garbage Collection (Allocation Stall) 1014M(99%)->920M(90%)
[2213,306s][info][gc] Allocation Stall (main) 453,202ms
[2213,313s][info][gc] GC(4432) Garbage Collection (Allocation Stall) 994M(97%)->928M(91%)
[2213,802s][info][gc] Allocation Stall (main) 445,235ms
[2213,818s][info][gc] GC(4433) Garbage Collection (Allocation Stall) 994M(97%)->938M(92%)
[2214,316s][info][gc] Allocation Stall (main) 459,917ms
[2214,336s][info][gc] GC(4434) Garbage Collection (Allocation Stall) 994M(97%)->944M(92%)
[2214,818s][info][gc] Allocation Stall (main) 440,972ms
[2214,835s][info][gc] GC(4435) Garbage Collection (Allocation Stall) 958M(94%)->966M(94%)
[2215,325s][info][gc] Allocation Stall (main) 460,666ms
[2215,330s][info][gc] GC(4436) Garbage Collection (Allocation Stall) 976M(95%)->934M(91%)
[2215,812s][info][gc] Relocation Stall (main) 11,506ms
[2215,812s][info][gc] Allocation Stall (main) 440,162ms
[2215,815s][info][gc] GC(4437) Garbage Collection (Allocation Stall) 964M(94%)->936M(91%)
[2216,304s][info][gc] Allocation Stall (main) 448,759ms
[2216,310s][info][gc] GC(4438) Garbage Collection (Allocation Stall) 990M(97%)->928M(91%)
[2216,810s][info][gc] Relocation Stall (main) 7,080ms
[2216,810s][info][gc] Allocation Stall (main) 455,933ms
[2216,827s][info][gc] GC(4439) Garbage Collection (Allocation Stall) 996M(97%)->930M(91%)
[2217,322s][info][gc] Allocation Stall (main) 448,168ms
[2217,331s][info][gc] GC(4440) Garbage Collection (Allocation Stall) 958M(94%)->956M(93%)
[2217,795s][info][gc] Allocation Stall (main) 434,325ms
[2217,801s][info][gc] GC(4441) Garbage Collection (Allocation Stall) 986M(96%)->930M(91%)
[2218,297s][info][gc] Allocation Stall (main) 453,547ms
[2218,312s][info][gc] GC(4442) Garbage Collection (Allocation Stall) 1020M(100%)->908M(89%)
[2218,812s][info][gc] Allocation Stall (main) 447,436ms
[2218,829s][info][gc] GC(4443) Garbage Collection (Allocation Stall) 978M(96%)->950M(93%)
[2219,316s][info][gc] Allocation Stall (main) 452,497ms
[2219,322s][info][gc] GC(4444) Garbage Collection (Allocation Stall) 982M(96%)->934M(91%)
[2219,798s][info][gc] Allocation Stall (main) 432,564ms
[2219,809s][info][gc] GC(4445) Garbage Collection (Allocation Stall) 976M(95%)->946M(92%)
[2220,315s][info][gc] Allocation Stall (main) 471,180ms
[2220,339s][info][gc] GC(4446) Garbage Collection (Allocation Stall) 1022M(100%)->916M(89%)
[2220,867s][info][gc] Allocation Stall (main) 482,883ms
[2220,876s][info][gc] GC(4447) Garbage Collection (Allocation Stall) 1024M(100%)->898M(88%)
[2221,391s][info][gc] Allocation Stall (main) 460,218ms
[2221,404s][info][gc] GC(4448) Garbage Collection (Allocation Stall) 1024M(100%)->908M(89%)
[2221,907s][info][gc] Allocation Stall (main) 451,982ms
[2221,921s][info][gc] GC(4449) Garbage Collection (Allocation Rate) 996M(97%)->936M(91%)
[2222,406s][info][gc] Allocation Stall (main) 445,152ms
[2222,418s][info][gc] GC(4450) Garbage Collection (Allocation Stall) 986M(96%)->944M(92%)
[2222,916s][info][gc] Relocation Stall (main) 3,752ms
[2222,916s][info][gc] Allocation Stall (main) 461,714ms
[2222,935s][info][gc] GC(4451) Garbage Collection (Allocation Stall) 1000M(98%)->936M(91%)
[2223,429s][info][gc] Allocation Stall (main) 450,080ms
[2223,442s][info][gc] GC(4452) Garbage Collection (Allocation Stall) 954M(93%)->966M(94%)
[2223,934s][info][gc] Allocation Stall (main) 464,281ms
[2223,949s][info][gc] GC(4453) Garbage Collection (Allocation Stall) 1024M(100%)->904M(88%)
[2224,479s][info][gc] Relocation Stall (main) 5,327ms
[2224,479s][info][gc] Allocation Stall (main) 479,770ms
[2224,494s][info][gc] GC(4454) Garbage Collection (Allocation Stall) 1024M(100%)->900M(88%)
[2225,021s][info][gc] Allocation Stall (main) 474,654ms
[2225,029s][info][gc] GC(4455) Garbage Collection (Allocation Rate) 1020M(100%)->900M(88%)
[2225,498s][info][gc] Allocation Stall (main) 407,025ms
[2225,511s][info][gc] GC(4456) Garbage Collection (Allocation Stall) 928M(91%)->994M(97%)
[2225,993s][info][gc] Allocation Stall (main) 467,826ms
[2226,007s][info][gc] GC(4457) Garbage Collection (Allocation Stall) 1024M(100%)->904M(88%)
[2226,515s][info][gc] Allocation Stall (main) 454,283ms
[2226,527s][info][gc] GC(4458) Garbage Collection (Allocation Rate) 984M(96%)->940M(92%)
[2227,006s][info][gc] Allocation Stall (main) 438,993ms
[2227,023s][info][gc] GC(4459) Garbage Collection (Allocation Stall) 976M(95%)->952M(93%)
[2227,510s][info][gc] Allocation Stall (main) 454,800ms
[2227,522s][info][gc] GC(4460) Garbage Collection (Allocation Stall) 996M(97%)->926M(90%)
[2228,000s][info][gc] Allocation Stall (main) 432,447ms
[2228,012s][info][gc] GC(4461) Garbage Collection (Allocation Stall) 970M(95%)->952M(93%)
[2228,506s][info][gc] Allocation Stall (main) 460,988ms
[2228,525s][info][gc] GC(4462) Garbage Collection (Allocation Stall) 1014M(99%)->920M(90%)
[2229,015s][info][gc] Allocation Stall (main) 441,652ms
[2229,029s][info][gc] GC(4463) Garbage Collection (Allocation Stall) 962M(94%)->960M(94%)
[2229,506s][info][gc] Allocation Stall (main) 447,240ms
[2229,518s][info][gc] GC(4464) Garbage Collection (Allocation Stall) 990M(97%)->930M(91%)
[2230,002s][info][gc] Allocation Stall (main) 440,146ms
[2230,019s][info][gc] GC(4465) Garbage Collection (Allocation Stall) 984M(96%)->942M(92%)
[2230,514s][info][gc] Allocation Stall (main) 458,709ms
[2230,529s][info][gc] GC(4466) Garbage Collection (Allocation Stall) 996M(97%)->926M(90%)
[2231,010s][info][gc] Allocation Stall (main) 435,234ms
[2231,017s][info][gc] GC(4467) Garbage Collection (Allocation Stall) 958M(94%)->952M(93%)
[2231,494s][info][gc] Allocation Stall (main) 443,956ms
[2231,502s][info][gc] GC(4468) Garbage Collection (Allocation Stall) 1002M(98%)->920M(90%)
[2232,005s][info][gc] Allocation Stall (main) 457,242ms
[2232,028s][info][gc] GC(4469) Garbage Collection (Allocation Stall) 1014M(99%)->928M(91%)
[2232,523s][info][gc] Allocation Stall (main) 451,621ms
[2232,537s][info][gc] GC(4470) Garbage Collection (Allocation Stall) 964M(94%)->958M(94%)
[2233,010s][info][gc] Allocation Stall (main) 439,214ms
[2233,027s][info][gc] GC(4471) Garbage Collection (Allocation Stall) 970M(95%)->954M(93%)
[2233,523s][info][gc] Allocation Stall (main) 461,729ms
[2233,528s][info][gc] GC(4472) Garbage Collection (Allocation Stall) 978M(96%)->928M(91%)
[2234,007s][info][gc] Allocation Stall (main) 434,147ms
[2234,020s][info][gc] GC(4473) Garbage Collection (Allocation Stall) 962M(94%)->960M(94%)
[2234,514s][info][gc] Relocation Stall (main) 10,693ms
[2234,514s][info][gc] Allocation Stall (main) 465,520ms
[2234,514s][info][gc] GC(4474) Garbage Collection (Allocation Stall) 1012M(99%)->890M(87%)
[2235,000s][info][gc] Allocation Stall (main) 425,122ms
[2235,010s][info][gc] GC(4475) Garbage Collection (Allocation Stall) 954M(93%)->966M(94%)
[2235,495s][info][gc] Allocation Stall (main) 457,853ms
[2235,512s][info][gc] GC(4476) Garbage Collection (Allocation Stall) 1024M(100%)->912M(89%)
[2236,019s][info][gc] Allocation Stall (main) 457,068ms
[2236,030s][info][gc] GC(4477) Garbage Collection (Allocation Rate) 984M(96%)->942M(92%)
[2236,502s][info][gc] Relocation Stall (main) 3,006ms
[2236,502s][info][gc] Allocation Stall (main) 432,878ms
[2236,508s][info][gc] GC(4478) Garbage Collection (Allocation Stall) 970M(95%)->948M(93%)
[2237,006s][info][gc] Allocation Stall (main) 462,229ms
[2237,019s][info][gc] GC(4479) Garbage Collection (Allocation Stall) 1024M(100%)->906M(88%)
[2237,520s][info][gc] Allocation Stall (main) 447,747ms
[2237,548s][info][gc] GC(4480) Garbage Collection (Allocation Rate) 960M(94%)->984M(96%)
[2238,069s][info][gc] Allocation Stall (main) 502,278ms
[2238,079s][info][gc] GC(4481) Garbage Collection (Allocation Stall) 1024M(100%)->892M(87%)
[2238,598s][info][gc] Relocation Stall (main) 5,270ms
[2238,598s][info][gc] Allocation Stall (main) 462,652ms
[2238,602s][info][gc] GC(4482) Garbage Collection (Allocation Stall) 1024M(100%)->886M(87%)
[2239,101s][info][gc] Allocation Stall (main) 437,796ms
[2239,118s][info][gc] GC(4483) Garbage Collection (Allocation Rate) 978M(96%)->952M(93%)
[2239,620s][info][gc] Allocation Stall (main) 469,692ms
[2239,633s][info][gc] GC(4484) Garbage Collection (Allocation Stall) 1010M(99%)->916M(89%)
[2240,112s][info][gc] Allocation Stall (main) 426,376ms
[2240,116s][info][gc] GC(4485) Garbage Collection (Allocation Stall) 940M(92%)->974M(95%)
[2240,599s][info][gc] Relocation Stall (main) 4,787ms
[2240,599s][info][gc] Allocation Stall (main) 459,598ms
[2240,612s][info][gc] GC(4486) Garbage Collection (Allocation Stall) 1024M(100%)->904M(88%)
[2241,110s][info][gc] Allocation Stall (main) 444,588ms
[2241,123s][info][gc] GC(4487) Garbage Collection (Allocation Rate) 974M(95%)->952M(93%)
[2241,607s][info][gc] Allocation Stall (main) 450,323ms
[2241,621s][info][gc] GC(4488) Garbage Collection (Allocation Stall) 996M(97%)->934M(91%)
[2242,111s][info][gc] Allocation Stall (main) 448,013ms
[2242,126s][info][gc] GC(4489) Garbage Collection (Allocation Stall) 982M(96%)->950M(93%)
[2242,605s][info][gc] Allocation Stall (main) 443,062ms
[2242,616s][info][gc] GC(4490) Garbage Collection (Allocation Stall) 980M(96%)->942M(92%)
[2243,102s][info][gc] Allocation Stall (main) 448,906ms
[2243,120s][info][gc] GC(4491) Garbage Collection (Allocation Stall) 1002M(98%)->930M(91%)
[2243,626s][info][gc] Allocation Stall (main) 462,644ms
[2243,636s][info][gc] GC(4492) Garbage Collection (Allocation Stall) 978M(96%)->944M(92%)
[2244,109s][info][gc] Allocation Stall (main) 432,519ms
[2244,129s][info][gc] GC(4493) Garbage Collection (Allocation Stall) 960M(94%)->970M(95%)
[2244,622s][info][gc] Allocation Stall (main) 466,944ms
[2244,629s][info][gc] GC(4494) Garbage Collection (Allocation Stall) 1000M(98%)->914M(89%)
[2245,095s][info][gc] Allocation Stall (main) 411,525ms
[2245,104s][info][gc] GC(4495) Garbage Collection (Allocation Stall) 942M(92%)->972M(95%)
[2245,604s][info][gc] Allocation Stall (main) 475,214ms
[2245,623s][info][gc] GC(4496) Garbage Collection (Allocation Stall) 1024M(100%)->908M(89%)
[2246,111s][info][gc] Allocation Stall (main) 436,116ms
[2246,129s][info][gc] GC(4497) Garbage Collection (Allocation Rate) 956M(93%)->966M(94%)
[2246,615s][info][gc] Allocation Stall (main) 459,567ms
[2246,623s][info][gc] GC(4498) Garbage Collection (Allocation Stall) 998M(97%)->914M(89%)
[2247,100s][info][gc] Allocation Stall (main) 425,455ms
[2247,118s][info][gc] GC(4499) Garbage Collection (Allocation Stall) 958M(94%)->968M(95%)
[2247,616s][info][gc] Allocation Stall (main) 471,327ms
[2247,623s][info][gc] GC(4500) Garbage Collection (Allocation Stall) 1014M(99%)->900M(88%)
[2248,105s][info][gc] Allocation Stall (main) 423,757ms
[2248,128s][info][gc] GC(4501) Garbage Collection (Allocation Stall) 946M(92%)->984M(96%)
[2248,629s][info][gc] Allocation Stall (main) 481,884ms
[2248,635s][info][gc] GC(4502) Garbage Collection (Allocation Stall) 1016M(99%)->892M(87%)
[2249,097s][info][gc] Allocation Stall (main) 394,413ms
[2249,106s][info][gc] GC(4503) Garbage Collection (Allocation Stall) 908M(89%)->1000M(98%)
[2249,575s][info][gc] Allocation Stall (main) 457,566ms
[2249,589s][info][gc] GC(4504) Garbage Collection (Allocation Stall) 1024M(100%)->900M(88%)
[2250,110s][info][gc] Relocation Stall (main) 5,153ms
[2250,111s][info][gc] Allocation Stall (main) 469,194ms
[2250,121s][info][gc] GC(4505) Garbage Collection (Allocation Rate) 1020M(100%)->896M(88%)
[2250,612s][info][gc] Allocation Stall (main) 430,307ms
[2250,630s][info][gc] GC(4506) Garbage Collection (Allocation Stall) 946M(92%)->978M(96%)
[2251,110s][info][gc] Allocation Stall (main) 457,886ms
[2251,118s][info][gc] GC(4507) Garbage Collection (Allocation Stall) 1000M(98%)->912M(89%)
[2251,603s][info][gc] Allocation Stall (main) 434,482ms
[2251,627s][info][gc] GC(4508) Garbage Collection (Allocation Stall) 968M(95%)->962M(94%)
[2252,129s][info][gc] Allocation Stall (main) 473,332ms
[2252,134s][info][gc] GC(4509) Garbage Collection (Allocation Stall) 994M(97%)->910M(89%)
[2252,604s][info][gc] Allocation Stall (main) 413,190ms
[2252,607s][info][gc] GC(4510) Garbage Collection (Allocation Stall) 926M(90%)->980M(96%)
[2253,105s][info][gc] Allocation Stall (main) 476,435ms
[2253,121s][info][gc] GC(4511) Garbage Collection (Allocation Stall) 1024M(100%)->912M(89%)
[2253,614s][info][gc] Allocation Stall (main) 441,266ms
[2253,622s][info][gc] GC(4512) Garbage Collection (Allocation Rate) 960M(94%)->962M(94%)
[2254,109s][info][gc] Allocation Stall (main) 457,351ms
[2254,132s][info][gc] GC(4513) Garbage Collection (Allocation Stall) 1006M(98%)->936M(91%)
[2254,631s][info][gc] Relocation Stall (main) 2,854ms
[2254,631s][info][gc] Allocation Stall (main) 454,179ms
[2254,640s][info][gc] GC(4514) Garbage Collection (Allocation Stall) 950M(93%)->962M(94%)
[2255,102s][info][gc] Allocation Stall (main) 430,336ms
[2255,114s][info][gc] GC(4515) Garbage Collection (Allocation Stall) 970M(95%)->950M(93%)
[2255,615s][info][gc] Allocation Stall (main) 466,745ms
[2255,637s][info][gc] GC(4516) Garbage Collection (Allocation Stall) 1014M(99%)->918M(90%)
[2256,134s][info][gc] Allocation Stall (main) 443,128ms
[2256,145s][info][gc] GC(4517) Garbage Collection (Allocation Stall) 922M(90%)->988M(96%)
[2256,648s][info][gc] Allocation Stall (main) 484,388ms
[2256,654s][info][gc] GC(4518) Garbage Collection (Allocation Stall) 1024M(100%)->888M(87%)
[2257,180s][info][gc] Allocation Stall (main) 467,137ms
[2257,205s][info][gc] GC(4519) Garbage Collection (Allocation Stall) 1024M(100%)->918M(90%)
[2257,737s][info][gc] Allocation Stall (main) 485,745ms
[2257,744s][info][gc] GC(4520) Garbage Collection (Allocation Rate) 994M(97%)->922M(90%)
[2258,266s][info][gc] Allocation Stall (main) 473,710ms
[2258,281s][info][gc] GC(4521) Garbage Collection (Allocation Stall) 1024M(100%)->910M(89%)
[2258,810s][info][gc] Relocation Stall (main) 4,773ms
[2258,810s][info][gc] Allocation Stall (main) 479,114ms
[2258,830s][info][gc] GC(4522) Garbage Collection (Allocation Stall) 1024M(100%)->910M(89%)
[2259,333s][info][gc] Allocation Stall (main) 445,251ms
[2259,336s][info][gc] GC(4523) Garbage Collection (Allocation Rate) 928M(91%)->978M(96%)
[2259,816s][info][gc] Allocation Stall (main) 455,366ms
[2259,822s][info][gc] GC(4524) Garbage Collection (Allocation Stall) 990M(97%)->930M(91%)
[2260,316s][info][gc] Allocation Stall (main) 447,708ms
[2260,334s][info][gc] GC(4525) Garbage Collection (Allocation Stall) 964M(94%)->968M(95%)
[2260,842s][info][gc] Relocation Stall (main) 3,814ms
[2260,842s][info][gc] Allocation Stall (main) 479,957ms
[2260,854s][info][gc] GC(4526) Garbage Collection (Allocation Stall) 984M(96%)->938M(92%)
[2261,369s][info][gc] Allocation Stall (main) 474,421ms
[2261,377s][info][gc] GC(4527) Garbage Collection (Allocation Stall) 1024M(100%)->898M(88%)
[2261,901s][info][gc] Relocation Stall (main) 4,783ms
[2261,901s][info][gc] Allocation Stall (main) 469,532ms
[2261,913s][info][gc] GC(4528) Garbage Collection (Allocation Stall) 1024M(100%)->904M(88%)
[2262,411s][info][gc] Allocation Stall (main) 443,795ms
[2262,423s][info][gc] GC(4529) Garbage Collection (Allocation Rate) 972M(95%)->958M(94%)
[2262,903s][info][gc] Allocation Stall (main) 447,312ms
[2262,915s][info][gc] GC(4530) Garbage Collection (Allocation Stall) 998M(97%)->934M(91%)
[2263,418s][info][gc] Allocation Stall (main) 461,305ms
[2263,441s][info][gc] GC(4531) Garbage Collection (Allocation Stall) 994M(97%)->948M(93%)
[2263,920s][info][gc] Allocation Stall (main) 440,621ms
[2263,929s][info][gc] GC(4532) Garbage Collection (Allocation Stall) 948M(93%)->964M(94%)
[2264,403s][info][gc] Allocation Stall (main) 444,754ms
[2264,415s][info][gc] GC(4533) Garbage Collection (Allocation Stall) 994M(97%)->930M(91%)
[2264,915s][info][gc] Relocation Stall (main) 1,841ms
[2264,915s][info][gc] Allocation Stall (main) 457,529ms
[2264,924s][info][gc] GC(4534) Garbage Collection (Allocation Stall) 992M(97%)->924M(90%)
[2265,403s][info][gc] Allocation Stall (main) 431,847ms
[2265,418s][info][gc] GC(4535) Garbage Collection (Allocation Stall) 966M(94%)->960M(94%)
[2265,911s][info][gc] Allocation Stall (main) 463,984ms
[2265,931s][info][gc] GC(4536) Garbage Collection (Allocation Stall) 1016M(99%)->916M(89%)
[2266,432s][info][gc] Allocation Stall (main) 448,272ms
[2266,436s][info][gc] GC(4537) Garbage Collection (Allocation Stall) 938M(92%)->968M(95%)
[2266,900s][info][gc] Allocation Stall (main) 435,782ms
[2266,909s][info][gc] GC(4538) Garbage Collection (Allocation Stall) 982M(96%)->936M(91%)
[2267,407s][info][gc] Allocation Stall (main) 458,866ms
[2267,426s][info][gc] GC(4539) Garbage Collection (Allocation Stall) 1014M(99%)->922M(90%)
[2267,915s][info][gc] Allocation Stall (main) 441,964ms
[2267,933s][info][gc] GC(4540) Garbage Collection (Allocation Stall) 960M(94%)->966M(94%)
[2268,416s][info][gc] Allocation Stall (main) 455,272ms
[2268,424s][info][gc] GC(4541) Garbage Collection (Allocation Stall) 988M(96%)->926M(90%)
[2268,900s][info][gc] Allocation Stall (main) 429,832ms
[2268,920s][info][gc] GC(4542) Garbage Collection (Allocation Stall) 966M(94%)->962M(94%)
[2269,416s][info][gc] Allocation Stall (main) 467,800ms
[2269,430s][info][gc] GC(4543) Garbage Collection (Allocation Stall) 1010M(99%)->910M(89%)
[2269,906s][info][gc] Allocation Stall (main) 419,802ms
[2269,916s][info][gc] GC(4544) Garbage Collection (Allocation Stall) 938M(92%)->972M(95%)
[2270,399s][info][gc] Allocation Stall (main) 458,417ms
[2270,408s][info][gc] GC(4545) Garbage Collection (Allocation Stall) 1024M(100%)->892M(87%)
[2270,903s][info][gc] Allocation Stall (main) 432,655ms
[2270,922s][info][gc] GC(4546) Garbage Collection (Allocation Rate) 966M(94%)->966M(94%)
[2271,415s][info][gc] Allocation Stall (main) 466,860ms
[2271,424s][info][gc] GC(4547) Garbage Collection (Allocation Stall) 1008M(98%)->908M(89%)
[2271,901s][info][gc] Allocation Stall (main) 420,813ms
[2271,918s][info][gc] GC(4548) Garbage Collection (Allocation Stall) 948M(93%)->976M(95%)
[2272,414s][info][gc] Allocation Stall (main) 472,854ms
[2272,420s][info][gc] GC(4549) Garbage Collection (Allocation Stall) 1024M(100%)->892M(87%)
[2272,914s][info][gc] Relocation Stall (main) 13,550ms
[2272,914s][info][gc] Allocation Stall (main) 430,853ms
[2272,917s][info][gc] GC(4550) Garbage Collection (Allocation Rate) 940M(92%)->960M(94%)
[2273,414s][info][gc] Allocation Stall (main) 466,913ms
[2273,432s][info][gc] GC(4551) Garbage Collection (Allocation Stall) 1016M(99%)->912M(89%)
[2273,911s][info][gc] Allocation Stall (main) 423,237ms
[2273,929s][info][gc] GC(4552) Garbage Collection (Allocation Stall) 936M(91%)->986M(96%)
[2274,416s][info][gc] Allocation Stall (main) 468,787ms
[2274,422s][info][gc] GC(4553) Garbage Collection (Allocation Stall) 1010M(99%)->902M(88%)
[2274,892s][info][gc] Allocation Stall (main) 411,670ms
[2274,908s][info][gc] GC(4554) Garbage Collection (Allocation Stall) 944M(92%)->976M(95%)
[2275,401s][info][gc] Allocation Stall (main) 471,286ms
[2275,414s][info][gc] GC(4555) Garbage Collection (Allocation Stall) 1024M(100%)->896M(88%)
[2275,901s][info][gc] Allocation Stall (main) 429,645ms
[2275,907s][info][gc] GC(4556) Garbage Collection (Allocation Rate) 962M(94%)->950M(93%)
[2276,391s][info][gc] Allocation Stall (main) 449,851ms
[2276,404s][info][gc] GC(4557) Garbage Collection (Allocation Stall) 1024M(100%)->908M(89%)
[2276,910s][info][gc] Allocation Stall (main) 456,872ms
[2276,934s][info][gc] GC(4558) Garbage Collection (Allocation Rate) 1000M(98%)->940M(92%)
[2277,422s][info][gc] Allocation Stall (main) 446,452ms
[2277,431s][info][gc] GC(4559) Garbage Collection (Allocation Stall) 950M(93%)->964M(94%)
[2277,905s][info][gc] Allocation Stall (main) 444,184ms
[2277,924s][info][gc] GC(4560) Garbage Collection (Allocation Stall) 988M(96%)->942M(92%)
[2278,425s][info][gc] Allocation Stall (main) 462,782ms
[2278,430s][info][gc] GC(4561) Garbage Collection (Allocation Stall) 976M(95%)->934M(91%)
[2278,897s][info][gc] Allocation Stall (main) 422,609ms
[2278,916s][info][gc] GC(4562) Garbage Collection (Allocation Stall) 954M(93%)->974M(95%)
[2279,419s][info][gc] Allocation Stall (main) 479,689ms
[2279,427s][info][gc] GC(4563) Garbage Collection (Allocation Stall) 1024M(100%)->894M(87%)
[2279,897s][info][gc] Allocation Stall (main) 406,061ms
[2279,905s][info][gc] GC(4564) Garbage Collection (Allocation Rate) 928M(91%)->988M(96%)
[2280,382s][info][gc] Allocation Stall (main) 458,608ms
[2280,392s][info][gc] GC(4565) Garbage Collection (Allocation Stall) 1024M(100%)->904M(88%)
[2280,899s][info][gc] Allocation Stall (main) 455,979ms
[2280,910s][info][gc] GC(4566) Garbage Collection (Allocation Rate) 1024M(100%)->910M(89%)
[2281,405s][info][gc] Allocation Stall (main) 443,794ms
[2281,422s][info][gc] GC(4567) Garbage Collection (Allocation Stall) 984M(96%)->958M(94%)
[2281,917s][info][gc] Allocation Stall (main) 463,477ms
[2281,937s][info][gc] GC(4568) Garbage Collection (Allocation Stall) 1002M(98%)->938M(92%)
[2282,423s][info][gc] Allocation Stall (main) 442,123ms
[2282,434s][info][gc] GC(4569) Garbage Collection (Allocation Stall) 950M(93%)->970M(95%)
[2282,911s][info][gc] Allocation Stall (main) 449,938ms
[2282,927s][info][gc] GC(4570) Garbage Collection (Allocation Stall) 988M(96%)->940M(92%)
[2283,410s][info][gc] Allocation Stall (main) 444,651ms
[2283,419s][info][gc] GC(4571) Garbage Collection (Allocation Stall) 976M(95%)->942M(92%)
[2283,904s][info][gc] Allocation Stall (main) 447,063ms
[2283,920s][info][gc] GC(4572) Garbage Collection (Allocation Stall) 994M(97%)->936M(91%)
[2284,410s][info][gc] Allocation Stall (main) 450,741ms
[2284,426s][info][gc] GC(4573) Garbage Collection (Allocation Stall) 988M(96%)->940M(92%)
[2284,914s][info][gc] Allocation Stall (main) 448,308ms
[2284,929s][info][gc] GC(4574) Garbage Collection (Allocation Stall) 978M(96%)->946M(92%)
[2285,408s][info][gc] Allocation Stall (main) 441,744ms
[2285,425s][info][gc] GC(4575) Garbage Collection (Allocation Stall) 976M(95%)->950M(93%)
[2285,912s][info][gc] Allocation Stall (main) 452,927ms
[2285,928s][info][gc] GC(4576) Garbage Collection (Allocation Stall) 990M(97%)->930M(91%)
[2286,423s][info][gc] Allocation Stall (main) 450,573ms
[2286,428s][info][gc] GC(4577) Garbage Collection (Allocation Stall) 960M(94%)->946M(92%)
[2286,900s][info][gc] Allocation Stall (main) 435,913ms
[2286,910s][info][gc] GC(4578) Garbage Collection (Allocation Stall) 980M(96%)->938M(92%)
[2287,410s][info][gc] Allocation Stall (main) 461,840ms
[2287,423s][info][gc] GC(4579) Garbage Collection (Allocation Stall) 1006M(98%)->922M(90%)
[2287,907s][info][gc] Allocation Stall (main) 437,122ms
[2287,919s][info][gc] GC(4580) Garbage Collection (Allocation Stall) 966M(94%)->954M(93%)
[2288,415s][info][gc] Allocation Stall (main) 464,374ms
[2288,434s][info][gc] GC(4581) Garbage Collection (Allocation Stall) 1008M(98%)->926M(90%)
[2288,921s][info][gc] Allocation Stall (main) 440,544ms
[2288,926s][info][gc] GC(4582) Garbage Collection (Allocation Stall) 948M(93%)->960M(94%)
[2289,402s][info][gc] Allocation Stall (main) 447,425ms
[2289,414s][info][gc] GC(4583) Garbage Collection (Allocation Stall) 1000M(98%)->926M(90%)
[2289,915s][info][gc] Allocation Stall (main) 456,535ms
[2289,935s][info][gc] GC(4584) Garbage Collection (Allocation Stall) 990M(97%)->946M(92%)
[2290,417s][info][gc] Allocation Stall (main) 444,011ms
[2290,430s][info][gc] GC(4585) Garbage Collection (Allocation Stall) 964M(94%)->954M(93%)
[2290,910s][info][gc] Allocation Stall (main) 446,266ms
[2290,924s][info][gc] GC(4586) Garbage Collection (Allocation Stall) 982M(96%)->938M(92%)
[2291,413s][info][gc] Allocation Stall (main) 450,052ms
[2291,421s][info][gc] GC(4587) Garbage Collection (Allocation Stall) 980M(96%)->934M(91%)
[2291,910s][info][gc] Allocation Stall (main) 446,553ms
[2291,925s][info][gc] GC(4588) Garbage Collection (Allocation Stall) 980M(96%)->950M(93%)
[2292,413s][info][gc] Allocation Stall (main) 452,954ms
[2292,438s][info][gc] GC(4589) Garbage Collection (Allocation Stall) 988M(96%)->946M(92%)
[2292,931s][info][gc] Allocation Stall (main) 453,586ms
[2292,937s][info][gc] GC(4590) Garbage Collection (Allocation Stall) 956M(93%)->944M(92%)
[2293,402s][info][gc] Relocation Stall (main) 3,273ms
[2293,402s][info][gc] Allocation Stall (main) 425,384ms
[2293,408s][info][gc] GC(4591) Garbage Collection (Allocation Stall) 958M(94%)->946M(92%)
[2293,902s][info][gc] Allocation Stall (main) 459,194ms
[2293,913s][info][gc] GC(4592) Garbage Collection (Allocation Stall) 1024M(100%)->896M(88%)
[2294,399s][info][gc] Allocation Stall (main) 428,579ms
[2294,407s][info][gc] GC(4593) Garbage Collection (Allocation Stall) 964M(94%)->954M(93%)
[2294,900s][info][gc] Relocation Stall (main) 4,630ms
[2294,900s][info][gc] Allocation Stall (main) 460,852ms
[2294,910s][info][gc] GC(4594) Garbage Collection (Allocation Stall) 1024M(100%)->898M(88%)
[2295,411s][info][gc] Allocation Stall (main) 445,023ms
[2295,433s][info][gc] GC(4595) Garbage Collection (Allocation Rate) 974M(95%)->964M(94%)
[2295,918s][info][gc] Allocation Stall (main) 453,881ms
[2295,927s][info][gc] GC(4596) Garbage Collection (Allocation Stall) 978M(96%)->938M(92%)
[2296,394s][info][gc] Allocation Stall (main) 424,608ms
[2296,401s][info][gc] GC(4597) Garbage Collection (Allocation Stall) 962M(94%)->952M(93%)
[2296,886s][info][gc] Allocation Stall (main) 452,118ms
[2296,899s][info][gc] GC(4598) Garbage Collection (Allocation Stall) 1024M(100%)->908M(89%)
[2297,409s][info][gc] Allocation Stall (main) 460,025ms
[2297,428s][info][gc] GC(4599) Garbage Collection (Allocation Rate) 1010M(99%)->930M(91%)
[2297,912s][info][gc] Allocation Stall (main) 439,975ms
[2297,926s][info][gc] GC(4600) Garbage Collection (Allocation Stall) 962M(94%)->966M(94%)
[2298,413s][info][gc] Allocation Stall (main) 459,340ms
[2298,436s][info][gc] GC(4601) Garbage Collection (Allocation Stall) 1002M(98%)->936M(91%)
[2298,924s][info][gc] Allocation Stall (main) 443,353ms
[2298,932s][info][gc] GC(4602) Garbage Collection (Allocation Stall) 950M(93%)->960M(94%)
[2299,400s][info][gc] Allocation Stall (main) 436,184ms
[2299,408s][info][gc] GC(4603) Garbage Collection (Allocation Stall) 982M(96%)->932M(91%)
[2299,900s][info][gc] Allocation Stall (main) 449,985ms
[2299,905s][info][gc] GC(4604) Garbage Collection (Allocation Stall) 1010M(99%)->910M(89%)
[2300,397s][info][gc] Allocation Stall (main) 441,372ms
[2300,413s][info][gc] GC(4605) Garbage Collection (Allocation Stall) 996M(97%)->944M(92%)
[2300,911s][info][gc] Allocation Stall (main) 462,249ms
[2300,929s][info][gc] GC(4606) Garbage Collection (Allocation Stall) 1012M(99%)->928M(91%)
[2301,416s][info][gc] Allocation Stall (main) 440,967ms
[2301,426s][info][gc] GC(4607) Garbage Collection (Allocation Stall) 958M(94%)->966M(94%)
[2301,906s][info][gc] Allocation Stall (main) 452,474ms
[2301,927s][info][gc] GC(4608) Garbage Collection (Allocation Stall) 1002M(98%)->934M(91%)
[2302,417s][info][gc] Allocation Stall (main) 449,355ms
[2302,439s][info][gc] GC(4609) Garbage Collection (Allocation Stall) 970M(95%)->958M(94%)
[2302,954s][info][gc] Relocation Stall (main) 5,304ms
[2302,954s][info][gc] Allocation Stall (main) 485,051ms
[2302,964s][info][gc] GC(4610) Garbage Collection (Allocation Stall) 1024M(100%)->886M(87%)
[2303,489s][info][gc] Allocation Stall (main) 467,128ms
[2303,507s][info][gc] GC(4611) Garbage Collection (Allocation Stall) 1024M(100%)->902M(88%)
[2304,020s][info][gc] Allocation Stall (main) 459,685ms
[2304,030s][info][gc] GC(4612) Garbage Collection (Allocation Rate) 986M(96%)->930M(91%)
[2304,501s][info][gc] Allocation Stall (main) 423,699ms
[2304,518s][info][gc] GC(4613) Garbage Collection (Allocation Stall) 950M(93%)->974M(95%)
[2305,011s][info][gc] Allocation Stall (main) 469,693ms
[2305,020s][info][gc] GC(4614) Garbage Collection (Allocation Stall) 1024M(100%)->892M(87%)
[2305,495s][info][gc] Allocation Stall (main) 413,921ms
[2305,502s][info][gc] GC(4615) Garbage Collection (Allocation Rate) 942M(92%)->974M(95%)
[2305,987s][info][gc] Allocation Stall (main) 461,458ms
[2306,004s][info][gc] GC(4616) Garbage Collection (Allocation Stall) 1024M(100%)->910M(89%)
[2306,514s][info][gc] Allocation Stall (main) 461,018ms
[2306,530s][info][gc] GC(4617) Garbage Collection (Allocation Rate) 1000M(98%)->930M(91%)
[2307,014s][info][gc] Allocation Stall (main) 437,801ms
[2307,026s][info][gc] GC(4618) Garbage Collection (Allocation Stall) 958M(94%)->964M(94%)
[2307,498s][info][gc] Allocation Stall (main) 442,830ms
[2307,510s][info][gc] GC(4619) Garbage Collection (Allocation Stall) 992M(97%)->932M(91%)
[2308,008s][info][gc] Allocation Stall (main) 456,070ms
[2308,021s][info][gc] GC(4620) Garbage Collection (Allocation Stall) 1006M(98%)->922M(90%)
[2308,504s][info][gc] Allocation Stall (main) 436,644ms
[2308,517s][info][gc] GC(4621) Garbage Collection (Allocation Stall) 970M(95%)->954M(93%)
[2309,012s][info][gc] Allocation Stall (main) 462,545ms
[2309,028s][info][gc] GC(4622) Garbage Collection (Allocation Stall) 1012M(99%)->920M(90%)
[2309,511s][info][gc] Allocation Stall (main) 433,095ms
[2309,519s][info][gc] GC(4623) Garbage Collection (Allocation Stall) 952M(93%)->966M(94%)
[2310,002s][info][gc] Allocation Stall (main) 456,092ms
[2310,016s][info][gc] GC(4624) Garbage Collection (Allocation Stall) 1020M(100%)->912M(89%)
[2310,509s][info][gc] Allocation Stall (main) 441,085ms
[2310,524s][info][gc] GC(4625) Garbage Collection (Allocation Stall) 966M(94%)->962M(94%)
[2311,010s][info][gc] Allocation Stall (main) 457,776ms
[2311,026s][info][gc] GC(4626) Garbage Collection (Allocation Stall) 1004M(98%)->926M(90%)
[2311,504s][info][gc] Allocation Stall (main) 431,144ms
[2311,517s][info][gc] GC(4627) Garbage Collection (Allocation Stall) 956M(93%)->966M(94%)
[2312,013s][info][gc] Allocation Stall (main) 468,987ms
[2312,031s][info][gc] GC(4628) Garbage Collection (Allocation Stall) 1024M(100%)->904M(88%)
[2312,511s][info][gc] Allocation Stall (main) 421,748ms
[2312,517s][info][gc] GC(4629) Garbage Collection (Allocation Stall) 930M(91%)->982M(96%)
[2312,996s][info][gc] Allocation Stall (main) 458,285ms
[2313,012s][info][gc] GC(4630) Garbage Collection (Allocation Stall) 1024M(100%)->906M(88%)
[2313,511s][info][gc] Relocation Stall (main) 3,588ms
[2313,511s][info][gc] Allocation Stall (main) 446,142ms
[2313,516s][info][gc] GC(4631) Garbage Collection (Allocation Rate) 976M(95%)->934M(91%)
[2313,999s][info][gc] Allocation Stall (main) 442,140ms
[2314,015s][info][gc] GC(4632) Garbage Collection (Allocation Stall) 994M(97%)->936M(91%)
[2314,513s][info][gc] Allocation Stall (main) 457,738ms
[2314,519s][info][gc] GC(4633) Garbage Collection (Allocation Stall) 998M(97%)->924M(90%)
[2314,993s][info][gc] Allocation Stall (main) 428,383ms
[2315,007s][info][gc] GC(4634) Garbage Collection (Allocation Stall) 974M(95%)->958M(94%)
[2315,509s][info][gc] Allocation Stall (main) 471,420ms
[2315,529s][info][gc] GC(4635) Garbage Collection (Allocation Stall) 1024M(100%)->916M(89%)
[2316,021s][info][gc] Allocation Stall (main) 440,995ms
[2316,031s][info][gc] GC(4636) Garbage Collection (Allocation Rate) 948M(93%)->972M(95%)
[2316,511s][info][gc] Relocation Stall (main) 4,221ms
[2316,511s][info][gc] Allocation Stall (main) 453,593ms
[2316,522s][info][gc] GC(4637) Garbage Collection (Allocation Stall) 996M(97%)->922M(90%)
[2317,014s][info][gc] Allocation Stall (main) 445,636ms
[2317,032s][info][gc] GC(4638) Garbage Collection (Allocation Stall) 970M(95%)->958M(94%)
[2317,515s][info][gc] Allocation Stall (main) 449,822ms
[2317,521s][info][gc] GC(4639) Garbage Collection (Allocation Stall) 978M(96%)->932M(91%)
[2317,991s][info][gc] Allocation Stall (main) 427,434ms
[2317,996s][info][gc] GC(4640) Garbage Collection (Allocation Stall) 980M(96%)->936M(91%)
[2318,492s][info][gc] Relocation Stall (main) 5,003ms
[2318,492s][info][gc] Allocation Stall (main) 455,665ms
[2318,498s][info][gc] GC(4641) Garbage Collection (Allocation Stall) 1024M(100%)->896M(88%)
[2319,009s][info][gc] Allocation Stall (main) 456,072ms
[2319,033s][info][gc] GC(4642) Garbage Collection (Allocation Rate) 1002M(98%)->940M(92%)
[2319,526s][info][gc] Allocation Stall (main) 452,138ms
[2319,535s][info][gc] GC(4643) Garbage Collection (Allocation Stall) 962M(94%)->956M(93%)
[2320,003s][info][gc] Allocation Stall (main) 434,175ms
[2320,027s][info][gc] GC(4644) Garbage Collection (Allocation Stall) 974M(95%)->960M(94%)
[2320,527s][info][gc] Allocation Stall (main) 472,092ms
[2320,537s][info][gc] GC(4645) Garbage Collection (Allocation Stall) 998M(97%)->914M(89%)
[2321,001s][info][gc] Allocation Stall (main) 408,326ms
[2321,008s][info][gc] GC(4646) Garbage Collection (Allocation Stall) 926M(90%)->982M(96%)
[2321,490s][info][gc] Relocation Stall (main) 5,141ms
[2321,490s][info][gc] Allocation Stall (main) 461,784ms
[2321,503s][info][gc] GC(4647) Garbage Collection (Allocation Stall) 1024M(100%)->892M(87%)
[2322,020s][info][gc] Allocation Stall (main) 460,285ms
[2322,036s][info][gc] GC(4648) Garbage Collection (Allocation Rate) 986M(96%)->936M(91%)
[2322,506s][info][gc] Allocation Stall (main) 424,956ms
[2322,520s][info][gc] GC(4649) Garbage Collection (Allocation Stall) 944M(92%)->972M(95%)
[2323,015s][info][gc] Allocation Stall (main) 470,782ms
[2323,027s][info][gc] GC(4650) Garbage Collection (Allocation Stall) 1024M(100%)->894M(87%)
[2323,508s][info][gc] Allocation Stall (main) 417,818ms
[2323,511s][info][gc] GC(4651) Garbage Collection (Allocation Stall) 928M(91%)->976M(95%)
[2323,987s][info][gc] Allocation Stall (main) 453,352ms
[2324,002s][info][gc] GC(4652) Garbage Collection (Allocation Stall) 1024M(100%)->908M(89%)
[2324,508s][info][gc] Allocation Stall (main) 456,593ms
[2324,523s][info][gc] GC(4653) Garbage Collection (Allocation Rate) 1006M(98%)->928M(91%)
[2325,006s][info][gc] Allocation Stall (main) 438,154ms
[2325,022s][info][gc] GC(4654) Garbage Collection (Allocation Stall) 972M(95%)->956M(93%)
[2325,505s][info][gc] Allocation Stall (main) 450,622ms
[2325,518s][info][gc] GC(4655) Garbage Collection (Allocation Stall) 992M(97%)->934M(91%)
[2326,020s][info][gc] Allocation Stall (main) 460,432ms
[2326,046s][info][gc] GC(4656) Garbage Collection (Allocation Stall) 988M(96%)->948M(93%)
[2326,576s][info][gc] Relocation Stall (main) 5,279ms
[2326,576s][info][gc] Allocation Stall (main) 496,752ms
[2326,580s][info][gc] GC(4657) Garbage Collection (Allocation Stall) 1024M(100%)->880M(86%)
[2327,096s][info][gc] Allocation Stall (main) 454,721ms
[2327,105s][info][gc] GC(4658) Garbage Collection (Allocation Stall) 1024M(100%)->902M(88%)
[2327,601s][info][gc] Allocation Stall (main) 441,584ms
[2327,621s][info][gc] GC(4659) Garbage Collection (Allocation Rate) 986M(96%)->950M(93%)
[2328,115s][info][gc] Allocation Stall (main) 460,600ms
[2328,122s][info][gc] GC(4660) Garbage Collection (Allocation Stall) 992M(97%)->926M(90%)
[2328,595s][info][gc] Allocation Stall (main) 427,278ms
[2328,608s][info][gc] GC(4661) Garbage Collection (Allocation Stall) 972M(95%)->956M(93%)
[2329,110s][info][gc] Allocation Stall (main) 470,763ms
[2329,127s][info][gc] GC(4662) Garbage Collection (Allocation Stall) 1024M(100%)->908M(89%)
[2329,607s][info][gc] Allocation Stall (main) 426,097ms
[2329,623s][info][gc] GC(4663) Garbage Collection (Allocation Rate) 944M(92%)->980M(96%)
[2330,113s][info][gc] Allocation Stall (main) 469,752ms
[2330,125s][info][gc] GC(4664) Garbage Collection (Allocation Stall) 1024M(100%)->898M(88%)
[2330,600s][info][gc] Allocation Stall (main) 416,800ms
[2330,618s][info][gc] GC(4665) Garbage Collection (Allocation Stall) 938M(92%)->988M(96%)
[2331,105s][info][gc] Allocation Stall (main) 470,578ms
[2331,118s][info][gc] GC(4666) Garbage Collection (Allocation Stall) 1024M(100%)->898M(88%)
[2331,605s][info][gc] Allocation Stall (main) 428,552ms
[2331,610s][info][gc] GC(4667) Garbage Collection (Allocation Rate) 952M(93%)->958M(94%)
[2332,098s][info][gc] Allocation Stall (main) 456,752ms
[2332,115s][info][gc] GC(4668) Garbage Collection (Allocation Stall) 1024M(100%)->910M(89%)
[2332,618s][info][gc] Relocation Stall (main) 3,362ms
[2332,618s][info][gc] Allocation Stall (main) 452,158ms
[2332,626s][info][gc] GC(4669) Garbage Collection (Allocation Rate) 974M(95%)->940M(92%)
[2333,103s][info][gc] Allocation Stall (main) 438,403ms
[2333,111s][info][gc] GC(4670) Garbage Collection (Allocation Stall) 978M(96%)->942M(92%)
[2333,600s][info][gc] Allocation Stall (main) 451,380ms
[2333,614s][info][gc] GC(4671) Garbage Collection (Allocation Stall) 1012M(99%)->926M(90%)
[2334,107s][info][gc] Allocation Stall (main) 449,104ms
[2334,128s][info][gc] GC(4672) Garbage Collection (Allocation Stall) 986M(96%)->956M(93%)
[2334,622s][info][gc] Allocation Stall (main) 461,076ms
[2334,630s][info][gc] GC(4673) Garbage Collection (Allocation Stall) 986M(96%)->932M(91%)
[2335,099s][info][gc] Allocation Stall (main) 417,960ms
[2335,114s][info][gc] GC(4674) Garbage Collection (Allocation Stall) 948M(93%)->976M(95%)
[2335,606s][info][gc] Allocation Stall (main) 469,803ms
[2335,622s][info][gc] GC(4675) Garbage Collection (Allocation Stall) 1024M(100%)->910M(89%)
[2336,121s][info][gc] Allocation Stall (main) 446,149ms
[2336,136s][info][gc] GC(4676) Garbage Collection (Allocation Rate) 958M(94%)->964M(94%)
[2336,615s][info][gc] Allocation Stall (main) 448,448ms
[2336,621s][info][gc] GC(4677) Garbage Collection (Allocation Stall) 976M(95%)->934M(91%)
[2337,102s][info][gc] Allocation Stall (main) 440,098ms
[2337,108s][info][gc] GC(4678) Garbage Collection (Allocation Stall) 984M(96%)->936M(91%)
[2337,606s][info][gc] Allocation Stall (main) 457,664ms
[2337,629s][info][gc] GC(4679) Garbage Collection (Allocation Stall) 1014M(99%)->928M(91%)
[2338,118s][info][gc] Allocation Stall (main) 442,169ms
[2338,139s][info][gc] GC(4680) Garbage Collection (Allocation Stall) 948M(93%)->978M(96%)
[2338,631s][info][gc] Allocation Stall (main) 468,309ms
[2338,635s][info][gc] GC(4681) Garbage Collection (Allocation Stall) 978M(96%)->926M(90%)
[2339,107s][info][gc] Allocation Stall (main) 422,742ms
[2339,118s][info][gc] GC(4682) Garbage Collection (Allocation Stall) 944M(92%)->974M(95%)
[2339,603s][info][gc] Relocation Stall (main) 5,230ms
[2339,603s][info][gc] Allocation Stall (main) 462,204ms
[2339,607s][info][gc] GC(4683) Garbage Collection (Allocation Stall) 1024M(100%)->886M(87%)
[2340,106s][info][gc] Allocation Stall (main) 437,872ms
[2340,125s][info][gc] GC(4684) Garbage Collection (Allocation Rate) 968M(95%)->966M(94%)
[2340,616s][info][gc] Allocation Stall (main) 463,677ms
[2340,631s][info][gc] GC(4685) Garbage Collection (Allocation Stall) 1004M(98%)->920M(90%)
[2341,108s][info][gc] Allocation Stall (main) 425,746ms
[2341,115s][info][gc] GC(4686) Garbage Collection (Allocation Stall) 946M(92%)->968M(95%)
[2341,597s][info][gc] Allocation Stall (main) 454,860ms
[2341,609s][info][gc] GC(4687) Garbage Collection (Allocation Stall) 1024M(100%)->902M(88%)
[2342,116s][info][gc] Allocation Stall (main) 452,511ms
[2342,132s][info][gc] GC(4688) Garbage Collection (Allocation Rate) 980M(96%)->950M(93%)
[2342,611s][info][gc] Allocation Stall (main) 444,037ms
[2342,623s][info][gc] GC(4689) Garbage Collection (Allocation Stall) 976M(95%)->946M(92%)
[2343,119s][info][gc] Allocation Stall (main) 458,636ms
[2343,132s][info][gc] GC(4690) Garbage Collection (Allocation Stall) 988M(96%)->938M(92%)
[2343,606s][info][gc] Allocation Stall (main) 430,723ms
[2343,615s][info][gc] GC(4691) Garbage Collection (Allocation Stall) 960M(94%)->956M(93%)
[2344,104s][info][gc] Allocation Stall (main) 458,008ms
[2344,122s][info][gc] GC(4692) Garbage Collection (Allocation Stall) 1018M(99%)->918M(90%)
[2344,616s][info][gc] Relocation Stall (main) 3,255ms
[2344,616s][info][gc] Allocation Stall (main) 443,111ms
[2344,623s][info][gc] GC(4693) Garbage Collection (Allocation Stall) 962M(94%)->950M(93%)
[2345,098s][info][gc] Allocation Stall (main) 440,818ms
[2345,108s][info][gc] GC(4694) Garbage Collection (Allocation Stall) 992M(97%)->926M(90%)
[2345,599s][info][gc] Allocation Stall (main) 447,909ms
[2345,620s][info][gc] GC(4695) Garbage Collection (Allocation Stall) 996M(97%)->938M(92%)
[2346,121s][info][gc] Allocation Stall (main) 461,193ms
[2346,133s][info][gc] GC(4696) Garbage Collection (Allocation Stall) 988M(96%)->932M(91%)
[2346,605s][info][gc] Allocation Stall (main) 427,355ms
[2346,614s][info][gc] GC(4697) Garbage Collection (Allocation Stall) 954M(93%)->960M(94%)
[2347,104s][info][gc] Allocation Stall (main) 460,849ms
[2347,118s][info][gc] GC(4698) Garbage Collection (Allocation Stall) 1024M(100%)->904M(88%)
[2347,604s][info][gc] Allocation Stall (main) 432,005ms
[2347,619s][info][gc] GC(4699) Garbage Collection (Allocation Stall) 952M(93%)->972M(95%)
[2348,106s][info][gc] Allocation Stall (main) 462,255ms
[2348,113s][info][gc] GC(4700) Garbage Collection (Allocation Stall) 1014M(99%)->906M(88%)
[2348,592s][info][gc] Allocation Stall (main) 423,649ms
[2348,609s][info][gc] GC(4701) Garbage Collection (Allocation Stall) 960M(94%)->972M(95%)
[2349,109s][info][gc] Allocation Stall (main) 475,107ms
[2349,127s][info][gc] GC(4702) Garbage Collection (Allocation Stall) 1024M(100%)->908M(89%)
[2349,606s][info][gc] Allocation Stall (main) 417,699ms
[2349,612s][info][gc] GC(4703) Garbage Collection (Allocation Rate) 932M(91%)->980M(96%)
[2350,091s][info][gc] Relocation Stall (main) 4,561ms
[2350,091s][info][gc] Allocation Stall (main) 457,859ms
[2350,097s][info][gc] GC(4704) Garbage Collection (Allocation Stall) 1024M(100%)->894M(87%)
[2350,605s][info][gc] Allocation Stall (main) 450,752ms
[2350,629s][info][gc] GC(4705) Garbage Collection (Allocation Rate) 988M(96%)->952M(93%)
[2351,140s][info][gc] Relocation Stall (main) 11,760ms
[2351,140s][info][gc] Allocation Stall (main) 477,120ms
[2351,141s][info][gc] GC(4706) Garbage Collection (Allocation Stall) 982M(96%)->916M(89%)
[2351,654s][info][gc] Relocation Stall (main) 4,929ms
[2351,655s][info][gc] Allocation Stall (main) 465,109ms
[2351,661s][info][gc] GC(4707) Garbage Collection (Allocation Stall) 1024M(100%)->888M(87%)
[2352,185s][info][gc] Allocation Stall (main) 465,597ms
[2352,192s][info][gc] GC(4708) Garbage Collection (Allocation Stall) 1024M(100%)->902M(88%)
[2352,706s][info][gc] Allocation Stall (main) 459,977ms
[2352,734s][info][gc] GC(4709) Garbage Collection (Allocation Rate) 1020M(100%)->936M(91%)
[2353,237s][info][gc] Allocation Stall (main) 459,044ms
[2353,246s][info][gc] GC(4710) Garbage Collection (Allocation Stall) 954M(93%)->962M(94%)
[2353,737s][info][gc] Allocation Stall (main) 461,836ms
[2353,750s][info][gc] GC(4711) Garbage Collection (Allocation Stall) 1024M(100%)->906M(88%)
[2354,271s][info][gc] Relocation Stall (main) 4,564ms
[2354,271s][info][gc] Allocation Stall (main) 470,938ms
[2354,285s][info][gc] GC(4712) Garbage Collection (Allocation Stall) 1024M(100%)->904M(88%)
[2354,810s][info][gc] Relocation Stall (main) 4,745ms
[2354,810s][info][gc] Allocation Stall (main) 474,611ms
[2354,818s][info][gc] GC(4713) Garbage Collection (Allocation Stall) 1024M(100%)->900M(88%)
[2355,310s][info][gc] Allocation Stall (main) 432,632ms
[2355,334s][info][gc] GC(4714) Garbage Collection (Allocation Rate) 948M(93%)->988M(96%)
[2355,839s][info][gc] Allocation Stall (main) 488,420ms
[2355,846s][info][gc] GC(4715) Garbage Collection (Allocation Stall) 1010M(99%)->904M(88%)
[2356,354s][info][gc] Allocation Stall (main) 455,954ms
[2356,372s][info][gc] GC(4716) Garbage Collection (Allocation Stall) 1024M(100%)->910M(89%)
[2356,889s][info][gc] Allocation Stall (main) 468,695ms
[2356,905s][info][gc] GC(4717) Garbage Collection (Allocation Stall) 1024M(100%)->908M(89%)
[2357,412s][info][gc] Allocation Stall (main) 455,570ms
[2357,424s][info][gc] GC(4718) Garbage Collection (Allocation Rate) 994M(97%)->930M(91%)
[2357,902s][info][gc] Allocation Stall (main) 434,374ms
[2357,911s][info][gc] GC(4719) Garbage Collection (Allocation Stall) 970M(95%)->952M(93%)
[2358,408s][info][gc] Allocation Stall (main) 464,861ms
[2358,435s][info][gc] GC(4720) Garbage Collection (Allocation Stall) 1024M(100%)->922M(90%)
[2358,932s][info][gc] Allocation Stall (main) 446,926ms
[2358,950s][info][gc] GC(4721) Garbage Collection (Allocation Stall) 940M(92%)->978M(96%)
[2359,454s][info][gc] Relocation Stall (main) 5,618ms
[2359,454s][info][gc] Allocation Stall (main) 482,577ms
[2359,455s][info][gc] GC(4722) Garbage Collection (Allocation Stall) 1024M(100%)->876M(86%)
[2359,973s][info][gc] Allocation Stall (main) 455,909ms
[2359,983s][info][gc] GC(4723) Garbage Collection (Allocation Stall) 1024M(100%)->900M(88%)
[2360,502s][info][gc] Relocation Stall (main) 5,211ms
[2360,502s][info][gc] Allocation Stall (main) 466,741ms
[2360,515s][info][gc] GC(4724) Garbage Collection (Allocation Stall) 1024M(100%)->902M(88%)
[2361,015s][info][gc] Allocation Stall (main) 443,670ms
[2361,030s][info][gc] GC(4725) Garbage Collection (Allocation Rate) 962M(94%)->962M(94%)
[2361,514s][info][gc] Allocation Stall (main) 454,589ms
[2361,530s][info][gc] GC(4726) Garbage Collection (Allocation Stall) 990M(97%)->934M(91%)
[2362,012s][info][gc] Allocation Stall (main) 439,174ms
[2362,030s][info][gc] GC(4727) Garbage Collection (Allocation Stall) 962M(94%)->960M(94%)
[2362,519s][info][gc] Allocation Stall (main) 458,183ms
[2362,525s][info][gc] GC(4728) Garbage Collection (Allocation Stall) 988M(96%)->922M(90%)
[2362,997s][info][gc] Allocation Stall (main) 422,541ms
[2363,011s][info][gc] GC(4729) Garbage Collection (Allocation Stall) 958M(94%)->962M(94%)
[2363,513s][info][gc] Relocation Stall (main) 4,980ms
[2363,513s][info][gc] Allocation Stall (main) 474,002ms
[2363,517s][info][gc] GC(4730) Garbage Collection (Allocation Stall) 1024M(100%)->884M(86%)
[2364,001s][info][gc] Allocation Stall (main) 418,185ms
[2364,011s][info][gc] GC(4731) Garbage Collection (Allocation Rate) 940M(92%)->978M(96%)
[2364,493s][info][gc] Allocation Stall (main) 460,814ms
[2364,507s][info][gc] GC(4732) Garbage Collection (Allocation Stall) 1024M(100%)->906M(88%)
[2365,005s][info][gc] Allocation Stall (main) 445,832ms
[2365,016s][info][gc] GC(4733) Garbage Collection (Allocation Rate) 988M(96%)->938M(92%)
[2365,506s][info][gc] Allocation Stall (main) 450,162ms
[2365,520s][info][gc] GC(4734) Garbage Collection (Allocation Stall) 996M(97%)->934M(91%)
[2366,016s][info][gc] Allocation Stall (main) 455,327ms
[2366,029s][info][gc] GC(4735) Garbage Collection (Allocation Stall) 986M(96%)->944M(92%)
[2366,509s][info][gc] Allocation Stall (main) 440,268ms
[2366,529s][info][gc] GC(4736) Garbage Collection (Allocation Stall) 962M(94%)->972M(95%)
[2367,022s][info][gc] Allocation Stall (main) 468,828ms
[2367,036s][info][gc] GC(4737) Garbage Collection (Allocation Stall) 1004M(98%)->920M(90%)
[2367,506s][info][gc] Allocation Stall (main) 417,537ms
[2367,517s][info][gc] GC(4738) Garbage Collection (Allocation Stall) 934M(91%)->978M(96%)
[2367,999s][info][gc] Allocation Stall (main) 460,402ms
[2368,009s][info][gc] GC(4739) Garbage Collection (Allocation Stall) 1024M(100%)->898M(88%)
[2368,496s][info][gc] Allocation Stall (main) 430,271ms
[2368,511s][info][gc] GC(4740) Garbage Collection (Allocation Rate) 972M(95%)->954M(93%)
[2369,011s][info][gc] Allocation Stall (main) 467,872ms
[2369,026s][info][gc] GC(4741) Garbage Collection (Allocation Stall) 1020M(100%)->912M(89%)
[2369,510s][info][gc] Relocation Stall (main) 6,875ms
[2369,510s][info][gc] Allocation Stall (main) 431,107ms
[2369,516s][info][gc] GC(4742) Garbage Collection (Allocation Stall) 948M(93%)->962M(94%)
[2370,001s][info][gc] Allocation Stall (main) 455,864ms
[2370,008s][info][gc] GC(4743) Garbage Collection (Allocation Stall) 1012M(99%)->910M(89%)
[2370,501s][info][gc] Allocation Stall (main) 441,569ms
[2370,521s][info][gc] GC(4744) Garbage Collection (Allocation Stall) 988M(96%)->950M(93%)
[2371,023s][info][gc] Allocation Stall (main) 468,463ms
[2371,034s][info][gc] GC(4745) Garbage Collection (Allocation Stall) 998M(97%)->926M(90%)
[2371,505s][info][gc] Allocation Stall (main) 421,913ms
[2371,522s][info][gc] GC(4746) Garbage Collection (Allocation Stall) 944M(92%)->984M(96%)
[2372,018s][info][gc] Allocation Stall (main) 477,554ms
[2372,032s][info][gc] GC(4747) Garbage Collection (Allocation Stall) 1024M(100%)->902M(88%)
[2372,501s][info][gc] Allocation Stall (main) 408,401ms
[2372,516s][info][gc] GC(4748) Garbage Collection (Allocation Rate) 924M(90%)->998M(97%)
[2373,002s][info][gc] Relocation Stall (main) 4,988ms
[2373,002s][info][gc] Allocation Stall (main) 473,023ms
[2373,006s][info][gc] GC(4749) Garbage Collection (Allocation Stall) 1024M(100%)->886M(87%)
[2373,500s][info][gc] Allocation Stall (main) 430,992ms
[2373,519s][info][gc] GC(4750) Garbage Collection (Allocation Rate) 966M(94%)->964M(94%)
[2374,022s][info][gc] Allocation Stall (main) 476,134ms
[2374,029s][info][gc] GC(4751) Garbage Collection (Allocation Stall) 1020M(100%)->900M(88%)
[2374,500s][info][gc] Allocation Stall (main) 409,159ms
[2374,516s][info][gc] GC(4752) Garbage Collection (Allocation Stall) 928M(91%)->996M(97%)
[2375,003s][info][gc] Allocation Stall (main) 473,684ms
[2375,014s][info][gc] GC(4753) Garbage Collection (Allocation Stall) 1024M(100%)->900M(88%)
[2375,500s][info][gc] Allocation Stall (main) 430,042ms
[2375,513s][info][gc] GC(4754) Garbage Collection (Allocation Rate) 964M(94%)->958M(94%)
[2376,007s][info][gc] Relocation Stall (main) 2,692ms
[2376,007s][info][gc] Allocation Stall (main) 464,413ms
[2376,024s][info][gc] GC(4755) Garbage Collection (Allocation Stall) 1018M(99%)->910M(89%)
[2376,516s][info][gc] Allocation Stall (main) 438,781ms
[2376,531s][info][gc] GC(4756) Garbage Collection (Allocation Stall) 952M(93%)->972M(95%)
[2377,015s][info][gc] Allocation Stall (main) 457,780ms
[2377,023s][info][gc] GC(4757) Garbage Collection (Allocation Stall) 996M(97%)->916M(89%)
[2377,499s][info][gc] Allocation Stall (main) 425,710ms
[2377,523s][info][gc] GC(4758) Garbage Collection (Allocation Stall) 958M(94%)->972M(95%)
[2378,025s][info][gc] Allocation Stall (main) 477,674ms
[2378,034s][info][gc] GC(4759) Garbage Collection (Allocation Stall) 1006M(98%)->906M(88%)
[2378,496s][info][gc] Allocation Stall (main) 402,823ms
[2378,502s][info][gc] GC(4760) Garbage Collection (Allocation Stall) 926M(90%)->978M(96%)
[2378,979s][info][gc] Allocation Stall (main) 456,007ms
[2378,991s][info][gc] GC(4761) Garbage Collection (Allocation Stall) 1024M(100%)->898M(88%)
[2379,506s][info][gc] Allocation Stall (main) 460,884ms
[2379,518s][info][gc] GC(4762) Garbage Collection (Allocation Rate) 1010M(99%)->920M(90%)
[2380,006s][info][gc] Allocation Stall (main) 440,237ms
[2380,024s][info][gc] GC(4763) Garbage Collection (Allocation Stall) 974M(95%)->958M(94%)
[2380,520s][info][gc] Allocation Stall (main) 466,264ms
[2380,529s][info][gc] GC(4764) Garbage Collection (Allocation Stall) 1000M(98%)->920M(90%)
[2381,001s][info][gc] Allocation Stall (main) 421,244ms
[2381,021s][info][gc] GC(4765) Garbage Collection (Allocation Stall) 942M(92%)->988M(96%)
[2381,513s][info][gc] Allocation Stall (main) 474,774ms
[2381,527s][info][gc] GC(4766) Garbage Collection (Allocation Stall) 1024M(100%)->898M(88%)
[2382,008s][info][gc] Relocation Stall (main) 2,149ms
[2382,008s][info][gc] Allocation Stall (main) 419,839ms
[2382,017s][info][gc] GC(4767) Garbage Collection (Allocation Rate) 934M(91%)->978M(96%)
[2382,506s][info][gc] Relocation Stall (main) 3,527ms
[2382,506s][info][gc] Allocation Stall (main) 466,292ms
[2382,517s][info][gc] GC(4768) Garbage Collection (Allocation Stall) 1024M(100%)->894M(87%)
[2383,007s][info][gc] Allocation Stall (main) 428,553ms
[2383,013s][info][gc] GC(4769) Garbage Collection (Allocation Rate) 950M(93%)->962M(94%)
[2383,497s][info][gc] Allocation Stall (main) 454,538ms
[2383,508s][info][gc] GC(4770) Garbage Collection (Allocation Stall) 1024M(100%)->904M(88%)
[2384,003s][info][gc] Allocation Stall (main) 442,128ms
[2384,018s][info][gc] GC(4771) Garbage Collection (Allocation Rate) 984M(96%)->950M(93%)
[2384,516s][info][gc] Allocation Stall (main) 464,600ms
[2384,526s][info][gc] GC(4772) Garbage Collection (Allocation Stall) 1006M(98%)->922M(90%)
[2385,000s][info][gc] Allocation Stall (main) 425,984ms
[2385,017s][info][gc] GC(4773) Garbage Collection (Allocation Stall) 960M(94%)->974M(95%)
[2385,510s][info][gc] Allocation Stall (main) 469,911ms
[2385,523s][info][gc] GC(4774) Garbage Collection (Allocation Stall) 1024M(100%)->908M(89%)
[2386,006s][info][gc] Allocation Stall (main) 427,024ms
[2386,027s][info][gc] GC(4775) Garbage Collection (Allocation Rate) 944M(92%)->988M(96%)
[2386,520s][info][gc] Allocation Stall (main) 476,174ms
[2386,537s][info][gc] GC(4776) Garbage Collection (Allocation Stall) 1024M(100%)->904M(88%)
[2387,010s][info][gc] Allocation Stall (main) 411,946ms
[2387,017s][info][gc] GC(4777) Garbage Collection (Allocation Stall) 916M(89%)->992M(97%)
[2387,497s][info][gc] Relocation Stall (main) 4,428ms
[2387,497s][info][gc] Allocation Stall (main) 463,652ms
[2387,502s][info][gc] GC(4778) Garbage Collection (Allocation Stall) 1024M(100%)->886M(87%)
[2387,995s][info][gc] Allocation Stall (main) 432,824ms
[2388,001s][info][gc] GC(4779) Garbage Collection (Allocation Rate) 978M(96%)->942M(92%)
[2388,496s][info][gc] Relocation Stall (main) 4,895ms
[2388,496s][info][gc] Allocation Stall (main) 457,510ms
[2388,510s][info][gc] GC(4780) Garbage Collection (Allocation Stall) 1024M(100%)->910M(89%)
[2389,047s][info][gc] Relocation Stall (main) 6,128ms
[2389,047s][info][gc] Allocation Stall (main) 486,842ms
[2389,060s][info][gc] GC(4781) Garbage Collection (Allocation Rate) 986M(96%)->944M(92%)
[2389,580s][info][gc] Allocation Stall (main) 481,165ms
[2389,605s][info][gc] GC(4782) Garbage Collection (Allocation Stall) 1024M(100%)->920M(90%)
[2390,135s][info][gc] Relocation Stall (main) 4,450ms
[2390,135s][info][gc] Allocation Stall (main) 484,456ms
[2390,145s][info][gc] GC(4783) Garbage Collection (Allocation Rate) 998M(97%)->918M(90%)
[2390,666s][info][gc] Allocation Stall (main) 472,977ms
[2390,688s][info][gc] GC(4784) Garbage Collection (Allocation Stall) 1024M(100%)->910M(89%)
[2391,222s][info][gc] Allocation Stall (main) 485,346ms
[2391,231s][info][gc] GC(4785) Garbage Collection (Allocation Stall) 1024M(100%)->894M(87%)
[2391,705s][info][gc] Relocation Stall (main) 1,318ms
[2391,705s][info][gc] Allocation Stall (main) 408,877ms
[2391,723s][info][gc] GC(4786) Garbage Collection (Allocation Rate) 920M(90%)->1002M(98%)
[2392,224s][info][gc] Allocation Stall (main) 490,071ms
[2392,233s][info][gc] GC(4787) Garbage Collection (Allocation Stall) 1024M(100%)->890M(87%)
[2392,700s][info][gc] Allocation Stall (main) 400,053ms
[2392,714s][info][gc] GC(4788) Garbage Collection (Allocation Rate) 912M(89%)->1002M(98%)
[2393,194s][info][gc] Allocation Stall (main) 469,629ms
[2393,201s][info][gc] GC(4789) Garbage Collection (Allocation Stall) 1024M(100%)->890M(87%)
[2393,704s][info][gc] Relocation Stall (main) 3,778ms
[2393,704s][info][gc] Allocation Stall (main) 443,608ms
[2393,717s][info][gc] GC(4790) Garbage Collection (Allocation Rate) 984M(96%)->936M(91%)
[2394,209s][info][gc] Allocation Stall (main) 452,064ms
[2394,220s][info][gc] GC(4791) Garbage Collection (Allocation Stall) 982M(96%)->938M(92%)
[2394,702s][info][gc] Allocation Stall (main) 443,494ms
[2394,720s][info][gc] GC(4792) Garbage Collection (Allocation Stall) 990M(97%)->940M(92%)
[2395,205s][info][gc] Allocation Stall (main) 446,890ms
[2395,215s][info][gc] GC(4793) Garbage Collection (Allocation Stall) 982M(96%)->936M(91%)
[2395,704s][info][gc] Allocation Stall (main) 448,216ms
[2395,722s][info][gc] GC(4794) Garbage Collection (Allocation Stall) 996M(97%)->938M(92%)
[2396,220s][info][gc] Allocation Stall (main) 457,932ms
[2396,240s][info][gc] GC(4795) Garbage Collection (Allocation Stall) 982M(96%)->944M(92%)
[2396,756s][info][gc] Allocation Stall (main) 479,328ms
[2396,771s][info][gc] GC(4796) Garbage Collection (Allocation Stall) 1024M(100%)->898M(88%)
[2397,295s][info][gc] Relocation Stall (main) 3,624ms
[2397,295s][info][gc] Allocation Stall (main) 469,027ms
[2397,302s][info][gc] GC(4797) Garbage Collection (Allocation Stall) 1024M(100%)->888M(87%)
[2397,810s][info][gc] Relocation Stall (main) 2,315ms
[2397,810s][info][gc] Allocation Stall (main) 446,492ms
[2397,826s][info][gc] GC(4798) Garbage Collection (Allocation Rate) 978M(96%)->948M(93%)
[2398,318s][info][gc] Allocation Stall (main) 455,702ms
[2398,323s][info][gc] GC(4799) Garbage Collection (Allocation Stall) 974M(95%)->934M(91%)
[2398,799s][info][gc] Allocation Stall (main) 435,122ms
[2398,819s][info][gc] GC(4800) Garbage Collection (Allocation Stall) 980M(96%)->952M(93%)
[2399,319s][info][gc] Allocation Stall (main) 466,744ms
[2399,330s][info][gc] GC(4801) Garbage Collection (Allocation Stall) 1000M(98%)->916M(89%)
[2399,800s][info][gc] Allocation Stall (main) 418,810ms
[2399,814s][info][gc] GC(4802) Garbage Collection (Allocation Stall) 944M(92%)->974M(95%)
[2400,321s][info][gc] Relocation Stall (main) 5,917ms
[2400,321s][info][gc] Allocation Stall (main) 483,514ms
[2400,325s][info][gc] GC(4803) Garbage Collection (Allocation Stall) 1024M(100%)->884M(86%)
[2400,795s][info][gc] Allocation Stall (main) 400,653ms
[2400,812s][info][gc] GC(4804) Garbage Collection (Allocation Rate) 916M(89%)->1004M(98%)
[2401,301s][info][gc] Allocation Stall (main) 479,121ms
[2401,309s][info][gc] GC(4805) Garbage Collection (Allocation Stall) 1024M(100%)->892M(87%)
[2401,794s][info][gc] Allocation Stall (main) 424,647ms
[2401,808s][info][gc] GC(4806) Garbage Collection (Allocation Rate) 962M(94%)->962M(94%)
[2402,312s][info][gc] Relocation Stall (main) 5,183ms
[2402,312s][info][gc] Allocation Stall (main) 476,004ms
[2402,319s][info][gc] GC(4807) Garbage Collection (Allocation Stall) 1024M(100%)->894M(87%)
[2402,805s][info][gc] Allocation Stall (main) 425,108ms
[2402,809s][info][gc] GC(4808) Garbage Collection (Allocation Rate) 946M(92%)->968M(95%)
[2403,291s][info][gc] Allocation Stall (main) 456,087ms
[2403,304s][info][gc] GC(4809) Garbage Collection (Allocation Stall) 1024M(100%)->912M(89%)
[2403,812s][info][gc] Relocation Stall (main) 3,300ms
[2403,812s][info][gc] Allocation Stall (main) 460,726ms
[2403,839s][info][gc] GC(4810) Garbage Collection (Allocation Rate) 1004M(98%)->942M(92%)
[2404,372s][info][gc] Allocation Stall (main) 496,785ms
[2404,382s][info][gc] GC(4811) Garbage Collection (Allocation Stall) 1024M(100%)->896M(88%)
[2404,908s][info][gc] Allocation Stall (main) 466,644ms
[2404,933s][info][gc] GC(4812) Garbage Collection (Allocation Stall) 1024M(100%)->920M(90%)
[2405,420s][info][gc] Allocation Stall (main) 434,755ms
[2405,428s][info][gc] GC(4813) Garbage Collection (Allocation Rate) 934M(91%)->978M(96%)
[2405,897s][info][gc] Allocation Stall (main) 446,064ms
[2405,905s][info][gc] GC(4814) Garbage Collection (Allocation Stall) 1010M(99%)->912M(89%)
[2406,412s][info][gc] Allocation Stall (main) 457,464ms
[2406,431s][info][gc] GC(4815) Garbage Collection (Allocation Stall) 998M(97%)->940M(92%)
[2406,916s][info][gc] Allocation Stall (main) 443,432ms
[2406,926s][info][gc] GC(4816) Garbage Collection (Allocation Stall) 966M(94%)->954M(93%)
[2407,404s][info][gc] Allocation Stall (main) 445,362ms
[2407,420s][info][gc] GC(4817) Garbage Collection (Allocation Stall) 992M(97%)->936M(91%)
[2407,914s][info][gc] Allocation Stall (main) 453,947ms
[2407,924s][info][gc] GC(4818) Garbage Collection (Allocation Stall) 986M(96%)->932M(91%)
[2408,407s][info][gc] Allocation Stall (main) 440,003ms
[2408,429s][info][gc] GC(4819) Garbage Collection (Allocation Stall) 974M(95%)->956M(93%)
[2408,920s][info][gc] Allocation Stall (main) 458,675ms
[2408,930s][info][gc] GC(4820) Garbage Collection (Allocation Stall) 978M(96%)->932M(91%)
[2409,406s][info][gc] Allocation Stall (main) 429,154ms
[2409,410s][info][gc] GC(4821) Garbage Collection (Allocation Stall) 952M(93%)->956M(93%)
[2409,900s][info][gc] Relocation Stall (main) 4,616ms
[2409,900s][info][gc] Allocation Stall (main) 459,782ms
[2409,909s][info][gc] GC(4822) Garbage Collection (Allocation Stall) 1024M(100%)->896M(88%)
[2410,416s][info][gc] Relocation Stall (main) 2,956ms
[2410,416s][info][gc] Allocation Stall (main) 449,501ms
[2410,430s][info][gc] GC(4823) Garbage Collection (Allocation Rate) 966M(94%)->956M(93%)
[2410,916s][info][gc] Allocation Stall (main) 453,909ms
[2410,925s][info][gc] GC(4824) Garbage Collection (Allocation Stall) 980M(96%)->936M(91%)
[2411,400s][info][gc] Allocation Stall (main) 432,579ms
[2411,409s][info][gc] GC(4825) Garbage Collection (Allocation Stall) 972M(95%)->948M(93%)
[2411,906s][info][gc] Relocation Stall (main) 4,868ms
[2411,906s][info][gc] Allocation Stall (main) 462,738ms
[2411,915s][info][gc] GC(4826) Garbage Collection (Allocation Stall) 1024M(100%)->900M(88%)
[2412,412s][info][gc] Allocation Stall (main) 439,823ms
[2412,428s][info][gc] GC(4827) Garbage Collection (Allocation Rate) 960M(94%)->968M(95%)
[2412,926s][info][gc] Allocation Stall (main) 471,308ms
[2412,945s][info][gc] GC(4828) Garbage Collection (Allocation Stall) 1000M(98%)->932M(91%)
[2413,472s][info][gc] Relocation Stall (main) 5,108ms
[2413,472s][info][gc] Allocation Stall (main) 487,045ms
[2413,480s][info][gc] GC(4829) Garbage Collection (Allocation Stall) 1024M(100%)->888M(87%)
[2414,009s][info][gc] Allocation Stall (main) 471,208ms
[2414,018s][info][gc] GC(4830) Garbage Collection (Allocation Stall) 1024M(100%)->900M(88%)
[2414,502s][info][gc] Allocation Stall (main) 426,714ms
[2414,518s][info][gc] GC(4831) Garbage Collection (Allocation Rate) 954M(93%)->974M(95%)
[2415,030s][info][gc] Allocation Stall (main) 488,157ms
[2415,055s][info][gc] GC(4832) Garbage Collection (Allocation Stall) 1024M(100%)->914M(89%)
[2415,591s][info][gc] Allocation Stall (main) 489,482ms
[2415,604s][info][gc] GC(4833) Garbage Collection (Allocation Stall) 1024M(100%)->896M(88%)
[2416,113s][info][gc] Allocation Stall (main) 452,151ms
[2416,119s][info][gc] GC(4834) Garbage Collection (Allocation Rate) 984M(96%)->930M(91%)
[2416,597s][info][gc] Allocation Stall (main) 434,850ms
[2416,619s][info][gc] GC(4835) Garbage Collection (Allocation Stall) 982M(96%)->954M(93%)
[2417,127s][info][gc] Allocation Stall (main) 477,030ms
[2417,132s][info][gc] GC(4836) Garbage Collection (Allocation Stall) 1008M(98%)->902M(88%)
[2417,605s][info][gc] Allocation Stall (main) 410,573ms
[2417,617s][info][gc] GC(4837) Garbage Collection (Allocation Stall) 924M(90%)->996M(97%)
[2418,096s][info][gc] Allocation Stall (main) 464,688ms
[2418,114s][info][gc] GC(4838) Garbage Collection (Allocation Stall) 1024M(100%)->906M(88%)
[2418,619s][info][gc] Allocation Stall (main) 451,979ms
[2418,635s][info][gc] GC(4839) Garbage Collection (Allocation Rate) 972M(95%)->954M(93%)
[2419,110s][info][gc] Allocation Stall (main) 440,366ms
[2419,118s][info][gc] GC(4840) Garbage Collection (Allocation Stall) 972M(95%)->942M(92%)
[2419,605s][info][gc] Allocation Stall (main) 449,092ms
[2419,612s][info][gc] GC(4841) Garbage Collection (Allocation Stall) 994M(97%)->926M(90%)
[2420,103s][info][gc] Allocation Stall (main) 447,131ms
[2420,121s][info][gc] GC(4842) Garbage Collection (Allocation Stall) 996M(97%)->940M(92%)
[2420,620s][info][gc] Allocation Stall (main) 461,004ms
[2420,627s][info][gc] GC(4843) Garbage Collection (Allocation Stall) 990M(97%)->930M(91%)
[2421,097s][info][gc] Allocation Stall (main) 426,002ms
[2421,111s][info][gc] GC(4844) Garbage Collection (Allocation Stall) 964M(94%)->968M(95%)
[2421,605s][info][gc] Relocation Stall (main) 4,961ms
[2421,605s][info][gc] Allocation Stall (main) 468,212ms
[2421,613s][info][gc] GC(4845) Garbage Collection (Allocation Stall) 1024M(100%)->900M(88%)
[2422,113s][info][gc] Allocation Stall (main) 443,341ms
[2422,128s][info][gc] GC(4846) Garbage Collection (Allocation Rate) 966M(94%)->966M(94%)
[2422,620s][info][gc] Relocation Stall (main) 4,192ms
[2422,620s][info][gc] Allocation Stall (main) 464,141ms
[2422,634s][info][gc] GC(4847) Garbage Collection (Allocation Stall) 996M(97%)->930M(91%)
[2423,117s][info][gc] Allocation Stall (main) 435,980ms
[2423,129s][info][gc] GC(4848) Garbage Collection (Allocation Stall) 950M(93%)->968M(95%)
[2423,609s][info][gc] Allocation Stall (main) 453,562ms
[2423,616s][info][gc] GC(4849) Garbage Collection (Allocation Stall) 998M(97%)->918M(90%)
[2424,099s][info][gc] Allocation Stall (main) 434,025ms
[2424,112s][info][gc] GC(4850) Garbage Collection (Allocation Stall) 968M(95%)->960M(94%)
[2424,608s][info][gc] Allocation Stall (main) 465,784ms
[2424,622s][info][gc] GC(4851) Garbage Collection (Allocation Stall) 1018M(99%)->912M(89%)
[2425,110s][info][gc] Allocation Stall (main) 435,919ms
[2425,117s][info][gc] GC(4852) Garbage Collection (Allocation Stall) 958M(94%)->962M(94%)
[2425,608s][info][gc] Allocation Stall (main) 462,319ms
[2425,625s][info][gc] GC(4853) Garbage Collection (Allocation Stall) 1020M(100%)->918M(90%)
[2426,114s][info][gc] Allocation Stall (main) 441,013ms
[2426,137s][info][gc] GC(4854) Garbage Collection (Allocation Stall) 958M(94%)->978M(96%)
[2426,629s][info][gc] Allocation Stall (main) 468,255ms
[2426,635s][info][gc] GC(4855) Garbage Collection (Allocation Stall) 990M(97%)->924M(90%)
[2427,100s][info][gc] Allocation Stall (main) 414,673ms
[2427,122s][info][gc] GC(4856) Garbage Collection (Allocation Stall) 940M(92%)->990M(97%)
[2427,618s][info][gc] Allocation Stall (main) 479,548ms
[2427,626s][info][gc] GC(4857) Garbage Collection (Allocation Stall) 1024M(100%)->888M(87%)
[2428,104s][info][gc] Allocation Stall (main) 412,184ms
[2428,120s][info][gc] GC(4858) Garbage Collection (Allocation Rate) 926M(90%)->994M(97%)
[2428,612s][info][gc] Allocation Stall (main) 478,095ms
[2428,623s][info][gc] GC(4859) Garbage Collection (Allocation Stall) 1024M(100%)->892M(87%)
[2429,106s][info][gc] Relocation Stall (main) 1,499ms
[2429,106s][info][gc] Allocation Stall (main) 419,854ms
[2429,111s][info][gc] GC(4860) Garbage Collection (Allocation Rate) 934M(91%)->974M(95%)
[2429,594s][info][gc] Allocation Stall (main) 458,922ms
[2429,603s][info][gc] GC(4861) Garbage Collection (Allocation Stall) 1024M(100%)->898M(88%)
[2430,118s][info][gc] Relocation Stall (main) 11,469ms
[2430,118s][info][gc] Allocation Stall (main) 459,547ms
[2430,128s][info][gc] GC(4862) Garbage Collection (Allocation Rate) 990M(97%)->926M(90%)
[2430,621s][info][gc] Allocation Stall (main) 446,777ms
[2430,636s][info][gc] GC(4863) Garbage Collection (Allocation Stall) 958M(94%)->960M(94%)
[2431,117s][info][gc] Allocation Stall (main) 448,946ms
[2431,124s][info][gc] GC(4864) Garbage Collection (Allocation Stall) 976M(95%)->932M(91%)
[2431,599s][info][gc] Allocation Stall (main) 430,386ms
[2431,608s][info][gc] GC(4865) Garbage Collection (Allocation Stall) 972M(95%)->946M(92%)
[2432,107s][info][gc] Allocation Stall (main) 463,562ms
[2432,121s][info][gc] GC(4866) Garbage Collection (Allocation Stall) 1024M(100%)->902M(88%)
[2432,610s][info][gc] Allocation Stall (main) 431,586ms
[2432,623s][info][gc] GC(4867) Garbage Collection (Allocation Rate) 950M(93%)->976M(95%)
[2433,117s][info][gc] Relocation Stall (main) 5,322ms
[2433,118s][info][gc] Allocation Stall (main) 471,375ms
[2433,132s][info][gc] GC(4868) Garbage Collection (Allocation Stall) 1018M(99%)->902M(88%)
[2433,615s][info][gc] Allocation Stall (main) 424,707ms
[2433,629s][info][gc] GC(4869) Garbage Collection (Allocation Stall) 928M(91%)->986M(96%)
[2434,113s][info][gc] Allocation Stall (main) 465,739ms
[2434,130s][info][gc] GC(4870) Garbage Collection (Allocation Stall) 1016M(99%)->904M(88%)
[2434,611s][info][gc] Allocation Stall (main) 422,426ms
[2434,623s][info][gc] GC(4871) Garbage Collection (Allocation Stall) 930M(91%)->978M(96%)
[2435,112s][info][gc] Allocation Stall (main) 466,803ms
[2435,121s][info][gc] GC(4872) Garbage Collection (Allocation Stall) 1020M(100%)->892M(87%)
[2435,595s][info][gc] Allocation Stall (main) 412,427ms
[2435,601s][info][gc] GC(4873) Garbage Collection (Allocation Stall) 938M(92%)->972M(95%)
[2436,083s][info][gc] Relocation Stall (main) 5,269ms
[2436,083s][info][gc] Allocation Stall (main) 457,615ms
[2436,087s][info][gc] GC(4874) Garbage Collection (Allocation Stall) 1024M(100%)->890M(87%)
[2436,606s][info][gc] Allocation Stall (main) 462,546ms
[2436,636s][info][gc] GC(4875) Garbage Collection (Allocation Rate) 1024M(100%)->928M(91%)
[2437,138s][info][gc] Allocation Stall (main) 454,896ms
[2437,151s][info][gc] GC(4876) Garbage Collection (Allocation Stall) 944M(92%)->972M(95%)
[2437,641s][info][gc] Allocation Stall (main) 465,884ms
[2437,647s][info][gc] GC(4877) Garbage Collection (Allocation Stall) 1024M(100%)->890M(87%)
[2438,159s][info][gc] Allocation Stall (main) 455,305ms
[2438,178s][info][gc] GC(4878) Garbage Collection (Allocation Stall) 1024M(100%)->912M(89%)
[2438,709s][info][gc] Relocation Stall (main) 5,209ms
[2438,709s][info][gc] Allocation Stall (main) 483,116ms
[2438,720s][info][gc] GC(4879) Garbage Collection (Allocation Stall) 1024M(100%)->898M(88%)
[2439,210s][info][gc] Allocation Stall (main) 432,727ms
[2439,218s][info][gc] GC(4880) Garbage Collection (Allocation Rate) 950M(93%)->966M(94%)
[2439,700s][info][gc] Allocation Stall (main) 454,334ms
[2439,709s][info][gc] GC(4881) Garbage Collection (Allocation Stall) 1018M(99%)->910M(89%)
[2440,204s][info][gc] Allocation Stall (main) 443,722ms
[2440,216s][info][gc] GC(4882) Garbage Collection (Allocation Stall) 984M(96%)->944M(92%)
[2440,707s][info][gc] Allocation Stall (main) 453,897ms
[2440,728s][info][gc] GC(4883) Garbage Collection (Allocation Stall) 1002M(98%)->938M(92%)
[2441,220s][info][gc] Allocation Stall (main) 448,223ms
[2441,231s][info][gc] GC(4884) Garbage Collection (Allocation Stall) 968M(95%)->954M(93%)
[2441,702s][info][gc] Allocation Stall (main) 435,566ms
[2441,711s][info][gc] GC(4885) Garbage Collection (Allocation Stall) 972M(95%)->950M(93%)
[2442,208s][info][gc] Allocation Stall (main) 462,868ms
[2442,221s][info][gc] GC(4886) Garbage Collection (Allocation Stall) 1020M(100%)->912M(89%)
[2442,708s][info][gc] Allocation Stall (main) 436,373ms
[2442,730s][info][gc] GC(4887) Garbage Collection (Allocation Stall) 962M(94%)->974M(95%)
[2443,222s][info][gc] Allocation Stall (main) 468,853ms
[2443,228s][info][gc] GC(4888) Garbage Collection (Allocation Stall) 1002M(98%)->912M(89%)
[2443,692s][info][gc] Allocation Stall (main) 409,816ms
[2443,699s][info][gc] GC(4889) Garbage Collection (Allocation Stall) 942M(92%)->980M(96%)
[2444,184s][info][gc] Relocation Stall (main) 5,313ms
[2444,185s][info][gc] Allocation Stall (main) 464,192ms
[2444,195s][info][gc] GC(4890) Garbage Collection (Allocation Stall) 1024M(100%)->900M(88%)
[2444,723s][info][gc] Relocation Stall (main) 4,784ms
[2444,723s][info][gc] Allocation Stall (main) 475,330ms
[2444,727s][info][gc] GC(4891) Garbage Collection (Allocation Rate) 1014M(99%)->904M(88%)
[2445,201s][info][gc] Allocation Stall (main) 414,029ms
[2445,218s][info][gc] GC(4892) Garbage Collection (Allocation Stall) 936M(91%)->998M(97%)
[2445,713s][info][gc] Allocation Stall (main) 481,544ms
[2445,725s][info][gc] GC(4893) Garbage Collection (Allocation Stall) 1024M(100%)->900M(88%)
[2446,205s][info][gc] Allocation Stall (main) 421,153ms
[2446,217s][info][gc] GC(4894) Garbage Collection (Allocation Rate) 938M(92%)->984M(96%)
[2446,703s][info][gc] Relocation Stall (main) 5,370ms
[2446,703s][info][gc] Allocation Stall (main) 466,458ms
[2446,715s][info][gc] GC(4895) Garbage Collection (Allocation Stall) 1024M(100%)->900M(88%)
[2447,213s][info][gc] Allocation Stall (main) 441,413ms
[2447,224s][info][gc] GC(4896) Garbage Collection (Allocation Rate) 962M(94%)->960M(94%)
[2447,709s][info][gc] Allocation Stall (main) 455,562ms
[2447,721s][info][gc] GC(4897) Garbage Collection (Allocation Stall) 1002M(98%)->928M(91%)
[2448,216s][info][gc] Relocation Stall (main) 11,164ms
[2448,216s][info][gc] Allocation Stall (main) 449,914ms
[2448,217s][info][gc] GC(4898) Garbage Collection (Allocation Stall) 974M(95%)->928M(91%)
[2448,703s][info][gc] Allocation Stall (main) 440,752ms
[2448,717s][info][gc] GC(4899) Garbage Collection (Allocation Stall) 982M(96%)->944M(92%)
[2449,208s][info][gc] Allocation Stall (main) 454,426ms
[2449,233s][info][gc] GC(4900) Garbage Collection (Allocation Stall) 994M(97%)->942M(92%)
[2449,736s][info][gc] Allocation Stall (main) 463,567ms
[2449,742s][info][gc] GC(4901) Garbage Collection (Allocation Stall) 964M(94%)->944M(92%)
[2450,197s][info][gc] Allocation Stall (main) 414,218ms
[2450,205s][info][gc] GC(4902) Garbage Collection (Allocation Stall) 944M(92%)->970M(95%)
[2450,690s][info][gc] Allocation Stall (main) 460,314ms
[2450,703s][info][gc] GC(4903) Garbage Collection (Allocation Stall) 1024M(100%)->904M(88%)
[2451,204s][info][gc] Allocation Stall (main) 450,169ms
[2451,212s][info][gc] GC(4904) Garbage Collection (Allocation Rate) 998M(97%)->926M(90%)
[2451,714s][info][gc] Allocation Stall (main) 457,156ms
[2451,742s][info][gc] GC(4905) Garbage Collection (Allocation Stall) 994M(97%)->954M(93%)
[2452,235s][info][gc] Allocation Stall (main) 458,487ms
[2452,243s][info][gc] GC(4906) Garbage Collection (Allocation Stall) 958M(94%)->952M(93%)
[2452,704s][info][gc] Allocation Stall (main) 425,478ms
[2452,713s][info][gc] GC(4907) Garbage Collection (Allocation Stall) 956M(93%)->958M(94%)
[2453,203s][info][gc] Allocation Stall (main) 459,891ms
[2453,225s][info][gc] GC(4908) Garbage Collection (Allocation Stall) 1024M(100%)->914M(89%)
[2453,718s][info][gc] Allocation Stall (main) 442,548ms
[2453,737s][info][gc] GC(4909) Garbage Collection (Allocation Stall) 954M(93%)->968M(95%)
[2454,219s][info][gc] Allocation Stall (main) 452,902ms
[2454,224s][info][gc] GC(4910) Garbage Collection (Allocation Stall) 980M(96%)->926M(90%)
[2454,690s][info][gc] Allocation Stall (main) 419,627ms
[2454,695s][info][gc] GC(4911) Garbage Collection (Allocation Stall) 966M(94%)->944M(92%)
[2455,186s][info][gc] Allocation Stall (main) 453,835ms
[2455,205s][info][gc] GC(4912) Garbage Collection (Allocation Stall) 1024M(100%)->912M(89%)
[2455,724s][info][gc] Allocation Stall (main) 471,492ms
[2455,746s][info][gc] GC(4913) Garbage Collection (Allocation Rate) 1000M(98%)->934M(91%)
[2456,275s][info][gc] Relocation Stall (main) 5,525ms
[2456,275s][info][gc] Allocation Stall (main) 489,693ms
[2456,279s][info][gc] GC(4914) Garbage Collection (Allocation Stall) 1024M(100%)->886M(87%)
[2456,804s][info][gc] Relocation Stall (main) 4,694ms
[2456,804s][info][gc] Allocation Stall (main) 466,708ms
[2456,813s][info][gc] GC(4915) Garbage Collection (Allocation Stall) 1024M(100%)->898M(88%)
[2457,317s][info][gc] Relocation Stall (main) 11,809ms
[2457,317s][info][gc] Allocation Stall (main) 448,070ms
[2457,319s][info][gc] GC(4916) Garbage Collection (Allocation Rate) 966M(94%)->938M(92%)
[2457,809s][info][gc] Allocation Stall (main) 451,135ms
[2457,827s][info][gc] GC(4917) Garbage Collection (Allocation Stall) 992M(97%)->936M(91%)
[2458,313s][info][gc] Allocation Stall (main) 444,936ms
[2458,329s][info][gc] GC(4918) Garbage Collection (Allocation Stall) 970M(95%)->954M(93%)
[2458,810s][info][gc] Allocation Stall (main) 447,057ms
[2458,815s][info][gc] GC(4919) Garbage Collection (Allocation Stall) 984M(96%)->926M(90%)
[2459,293s][info][gc] Allocation Stall (main) 432,670ms
[2459,306s][info][gc] GC(4920) Garbage Collection (Allocation Stall) 986M(96%)->940M(92%)
[2459,809s][info][gc] Allocation Stall (main) 464,747ms
[2459,826s][info][gc] GC(4921) Garbage Collection (Allocation Stall) 1022M(100%)->914M(89%)
[2460,307s][info][gc] Allocation Stall (main) 429,418ms
[2460,318s][info][gc] GC(4922) Garbage Collection (Allocation Stall) 950M(93%)->970M(95%)
[2460,806s][info][gc] Allocation Stall (main) 462,753ms
[2460,830s][info][gc] GC(4923) Garbage Collection (Allocation Stall) 1016M(99%)->922M(90%)
[2461,331s][info][gc] Allocation Stall (main) 453,243ms
[2461,340s][info][gc] GC(4924) Garbage Collection (Allocation Stall) 952M(93%)->958M(94%)
[2461,796s][info][gc] Allocation Stall (main) 422,861ms
[2461,804s][info][gc] GC(4925) Garbage Collection (Allocation Stall) 958M(94%)->954M(93%)
[2462,299s][info][gc] Relocation Stall (main) 5,540ms
[2462,299s][info][gc] Allocation Stall (main) 462,704ms
[2462,309s][info][gc] GC(4926) Garbage Collection (Allocation Stall) 1024M(100%)->896M(88%)
[2462,818s][info][gc] Allocation Stall (main) 453,035ms
[2462,836s][info][gc] GC(4927) Garbage Collection (Allocation Rate) 974M(95%)->954M(93%)
[2463,319s][info][gc] Allocation Stall (main) 447,531ms
[2463,322s][info][gc] GC(4928) Garbage Collection (Allocation Stall) 962M(94%)->948M(93%)
[2463,800s][info][gc] Allocation Stall (main) 441,791ms
[2463,810s][info][gc] GC(4929) Garbage Collection (Allocation Stall) 982M(96%)->940M(92%)
[2464,295s][info][gc] Allocation Stall (main) 447,020ms
[2464,310s][info][gc] GC(4930) Garbage Collection (Allocation Stall) 1006M(98%)->926M(90%)
[2464,813s][info][gc] Allocation Stall (main) 458,892ms
[2464,827s][info][gc] GC(4931) Garbage Collection (Allocation Stall) 1000M(98%)->932M(91%)
[2465,307s][info][gc] Allocation Stall (main) 436,728ms
[2465,326s][info][gc] GC(4932) Garbage Collection (Allocation Stall) 962M(94%)->970M(95%)
[2465,815s][info][gc] Allocation Stall (main) 464,525ms
[2465,836s][info][gc] GC(4933) Garbage Collection (Allocation Stall) 1008M(98%)->922M(90%)
[2466,322s][info][gc] Allocation Stall (main) 435,306ms
[2466,330s][info][gc] GC(4934) Garbage Collection (Allocation Stall) 938M(92%)->970M(95%)
[2466,794s][info][gc] Allocation Stall (main) 437,554ms
[2466,801s][info][gc] GC(4935) Garbage Collection (Allocation Stall) 994M(97%)->920M(90%)
[2467,301s][info][gc] Allocation Stall (main) 453,991ms
[2467,325s][info][gc] GC(4936) Garbage Collection (Allocation Stall) 1014M(99%)->922M(90%)
[2467,823s][info][gc] Allocation Stall (main) 452,682ms
[2467,839s][info][gc] GC(4937) Garbage Collection (Allocation Stall) 964M(94%)->954M(93%)
[2468,352s][info][gc] Relocation Stall (main) 5,589ms
[2468,353s][info][gc] Allocation Stall (main) 481,125ms
[2468,361s][info][gc] GC(4938) Garbage Collection (Allocation Stall) 1024M(100%)->884M(86%)
[2468,883s][info][gc] Allocation Stall (main) 463,402ms
[2468,891s][info][gc] GC(4939) Garbage Collection (Allocation Stall) 1024M(100%)->894M(87%)
[2469,398s][info][gc] Allocation Stall (main) 450,940ms
[2469,411s][info][gc] GC(4940) Garbage Collection (Allocation Rate) 1016M(99%)->918M(90%)
[2469,909s][info][gc] Allocation Stall (main) 450,138ms
[2469,921s][info][gc] GC(4941) Garbage Collection (Allocation Stall) 990M(97%)->940M(92%)
[2470,403s][info][gc] Allocation Stall (main) 443,548ms
[2470,425s][info][gc] GC(4942) Garbage Collection (Allocation Stall) 984M(96%)->956M(93%)
[2470,926s][info][gc] Allocation Stall (main) 470,516ms
[2470,944s][info][gc] GC(4943) Garbage Collection (Allocation Stall) 998M(97%)->930M(91%)
[2471,457s][info][gc] Allocation Stall (main) 470,885ms
[2471,466s][info][gc] GC(4944) Garbage Collection (Allocation Stall) 1024M(100%)->898M(88%)
[2471,987s][info][gc] Relocation Stall (main) 4,888ms
[2471,987s][info][gc] Allocation Stall (main) 467,011ms
[2472,001s][info][gc] GC(4945) Garbage Collection (Allocation Stall) 1024M(100%)->904M(88%)
[2472,518s][info][gc] Allocation Stall (main) 464,817ms
[2472,536s][info][gc] GC(4946) Garbage Collection (Allocation Rate) 996M(97%)->936M(91%)
[2473,012s][info][gc] Relocation Stall (main) 2,299ms
[2473,012s][info][gc] Allocation Stall (main) 431,688ms
[2473,020s][info][gc] GC(4947) Garbage Collection (Allocation Stall) 944M(92%)->968M(95%)
[2473,499s][info][gc] Allocation Stall (main) 453,349ms
[2473,513s][info][gc] GC(4948) Garbage Collection (Allocation Stall) 1016M(99%)->910M(89%)
[2474,008s][info][gc] Allocation Stall (main) 443,862ms
[2474,030s][info][gc] GC(4949) Garbage Collection (Allocation Stall) 978M(96%)->956M(93%)
[2474,522s][info][gc] Allocation Stall (main) 459,260ms
[2474,527s][info][gc] GC(4950) Garbage Collection (Allocation Stall) 982M(96%)->924M(90%)
[2474,996s][info][gc] Allocation Stall (main) 420,289ms
[2475,015s][info][gc] GC(4951) Garbage Collection (Allocation Stall) 956M(93%)->970M(95%)
[2475,519s][info][gc] Relocation Stall (main) 5,401ms
[2475,519s][info][gc] Allocation Stall (main) 479,750ms
[2475,522s][info][gc] GC(4952) Garbage Collection (Allocation Stall) 1024M(100%)->880M(86%)
[2476,001s][info][gc] Allocation Stall (main) 410,593ms
[2476,007s][info][gc] GC(4953) Garbage Collection (Allocation Rate) 926M(90%)->982M(96%)
[2476,485s][info][gc] Relocation Stall (main) 4,729ms
[2476,485s][info][gc] Allocation Stall (main) 458,217ms
[2476,489s][info][gc] GC(4954) Garbage Collection (Allocation Stall) 1024M(100%)->890M(87%)
[2477,026s][info][gc] Relocation Stall (main) 17,644ms
[2477,026s][info][gc] Allocation Stall (main) 480,134ms
[2477,031s][info][gc] GC(4955) Garbage Collection (Allocation Rate) 1018M(99%)->892M(87%)
[2477,532s][info][gc] Allocation Stall (main) 435,286ms
[2477,537s][info][gc] GC(4956) Garbage Collection (Allocation Stall) 916M(89%)->994M(97%)
[2478,004s][info][gc] Allocation Stall (main) 453,087ms
[2478,015s][info][gc] GC(4957) Garbage Collection (Allocation Stall) 1008M(98%)->918M(90%)
[2478,517s][info][gc] Allocation Stall (main) 455,210ms
[2478,537s][info][gc] GC(4958) Garbage Collection (Allocation Stall) 982M(96%)->954M(93%)
[2479,024s][info][gc] Allocation Stall (main) 452,720ms
[2479,037s][info][gc] GC(4959) Garbage Collection (Allocation Stall) 968M(95%)->954M(93%)
[2479,513s][info][gc] Allocation Stall (main) 439,910ms
[2479,526s][info][gc] GC(4960) Garbage Collection (Allocation Stall) 966M(94%)->952M(93%)
[2480,008s][info][gc] Allocation Stall (main) 448,805ms
[2480,020s][info][gc] GC(4961) Garbage Collection (Allocation Stall) 990M(97%)->930M(91%)
[2480,504s][info][gc] Allocation Stall (main) 440,418ms
[2480,515s][info][gc] GC(4962) Garbage Collection (Allocation Stall) 980M(96%)->938M(92%)
[2480,998s][info][gc] Allocation Stall (main) 444,774ms
[2481,005s][info][gc] GC(4963) Garbage Collection (Allocation Stall) 1000M(98%)->920M(90%)
[2481,506s][info][gc] Allocation Stall (main) 453,685ms
[2481,530s][info][gc] GC(4964) Garbage Collection (Allocation Stall) 1004M(98%)->942M(92%)
[2482,020s][info][gc] Allocation Stall (main) 449,797ms
[2482,025s][info][gc] GC(4965) Garbage Collection (Allocation Stall) 960M(94%)->948M(93%)
[2482,492s][info][gc] Allocation Stall (main) 431,507ms
[2482,500s][info][gc] GC(4966) Garbage Collection (Allocation Stall) 986M(96%)->936M(91%)
[2483,008s][info][gc] Relocation Stall (main) 4,968ms
[2483,008s][info][gc] Allocation Stall (main) 466,994ms
[2483,021s][info][gc] GC(4967) Garbage Collection (Allocation Stall) 1024M(100%)->908M(89%)
[2483,511s][info][gc] Allocation Stall (main) 435,101ms
[2483,532s][info][gc] GC(4968) Garbage Collection (Allocation Rate) 950M(93%)->982M(96%)
[2484,021s][info][gc] Allocation Stall (main) 469,508ms
[2484,028s][info][gc] GC(4969) Garbage Collection (Allocation Stall) 1002M(98%)->914M(89%)
[2484,499s][info][gc] Allocation Stall (main) 416,057ms
[2484,510s][info][gc] GC(4970) Garbage Collection (Allocation Stall) 944M(92%)->976M(95%)
[2485,003s][info][gc] Relocation Stall (main) 5,314ms
[2485,003s][info][gc] Allocation Stall (main) 470,762ms
[2485,016s][info][gc] GC(4971) Garbage Collection (Allocation Stall) 1024M(100%)->900M(88%)
[2485,516s][info][gc] Allocation Stall (main) 441,813ms
[2485,537s][info][gc] GC(4972) Garbage Collection (Allocation Rate) 958M(94%)->970M(95%)
[2486,024s][info][gc] Allocation Stall (main) 460,500ms
[2486,032s][info][gc] GC(4973) Garbage Collection (Allocation Stall) 984M(96%)->928M(91%)
[2486,502s][info][gc] Allocation Stall (main) 421,493ms
[2486,516s][info][gc] GC(4974) Garbage Collection (Allocation Stall) 942M(92%)->978M(96%)
[2487,010s][info][gc] Relocation Stall (main) 5,621ms
[2487,010s][info][gc] Allocation Stall (main) 471,849ms
[2487,010s][info][gc] GC(4975) Garbage Collection (Allocation Stall) 1024M(100%)->878M(86%)
[2487,492s][info][gc] Allocation Stall (main) 412,619ms
[2487,507s][info][gc] GC(4976) Garbage Collection (Allocation Rate) 940M(92%)->982M(96%)
[2487,995s][info][gc] Allocation Stall (main) 468,250ms
[2488,002s][info][gc] GC(4977) Garbage Collection (Allocation Stall) 1024M(100%)->896M(88%)
[2488,497s][info][gc] Allocation Stall (main) 437,449ms
[2488,516s][info][gc] GC(4978) Garbage Collection (Allocation Rate) 988M(96%)->948M(93%)
[2489,019s][info][gc] Allocation Stall (main) 470,129ms
[2489,041s][info][gc] GC(4979) Garbage Collection (Allocation Stall) 1010M(99%)->924M(90%)
[2489,564s][info][gc] Allocation Stall (main) 478,631ms
[2489,572s][info][gc] GC(4980) Garbage Collection (Allocation Stall) 1024M(100%)->892M(87%)
[2490,083s][info][gc] Allocation Stall (main) 454,797ms
[2490,096s][info][gc] GC(4981) Garbage Collection (Allocation Stall) 1024M(100%)->908M(89%)
[2490,611s][info][gc] Allocation Stall (main) 465,353ms
[2490,632s][info][gc] GC(4982) Garbage Collection (Allocation Rate) 1018M(99%)->922M(90%)
[2491,123s][info][gc] Allocation Stall (main) 440,429ms
[2491,149s][info][gc] GC(4983) Garbage Collection (Allocation Stall) 938M(92%)->994M(97%)
[2491,662s][info][gc] Allocation Stall (main) 498,641ms
[2491,669s][info][gc] GC(4984) Garbage Collection (Allocation Stall) 1024M(100%)->884M(86%)
[2492,187s][info][gc] Relocation Stall (main) 5,532ms
[2492,187s][info][gc] Allocation Stall (main) 458,854ms
[2492,195s][info][gc] GC(4985) Garbage Collection (Allocation Stall) 1024M(100%)->890M(87%)
[2492,707s][info][gc] Allocation Stall (main) 454,238ms
[2492,725s][info][gc] GC(4986) Garbage Collection (Allocation Rate) 1002M(98%)->928M(91%)
[2493,220s][info][gc] Allocation Stall (main) 450,632ms
[2493,227s][info][gc] GC(4987) Garbage Collection (Allocation Stall) 968M(95%)->944M(92%)
[2493,729s][info][gc] Relocation Stall (main) 22,947ms
[2493,729s][info][gc] Allocation Stall (main) 464,019ms
[2493,730s][info][gc] GC(4988) Garbage Collection (Allocation Stall) 980M(96%)->910M(89%)
[2494,239s][info][gc] Allocation Stall (main) 453,495ms
[2494,244s][info][gc] GC(4989) Garbage Collection (Allocation Stall) 938M(92%)->964M(94%)
[2494,732s][info][gc] Allocation Stall (main) 460,415ms
[2494,740s][info][gc] GC(4990) Garbage Collection (Allocation Stall) 1024M(100%)->894M(87%)
[2495,260s][info][gc] Allocation Stall (main) 466,250ms
[2495,278s][info][gc] GC(4991) Garbage Collection (Allocation Stall) 1024M(100%)->912M(89%)
[2495,803s][info][gc] Relocation Stall (main) 4,560ms
[2495,803s][info][gc] Allocation Stall (main) 478,434ms
[2495,813s][info][gc] GC(4992) Garbage Collection (Allocation Stall) 1024M(100%)->900M(88%)
[2496,311s][info][gc] Allocation Stall (main) 441,576ms
[2496,322s][info][gc] GC(4993) Garbage Collection (Allocation Rate) 962M(94%)->964M(94%)
[2496,809s][info][gc] Allocation Stall (main) 458,873ms
[2496,830s][info][gc] GC(4994) Garbage Collection (Allocation Stall) 1010M(99%)->932M(91%)
[2497,327s][info][gc] Relocation Stall (main) 2,921ms
[2497,327s][info][gc] Allocation Stall (main) 452,559ms
[2497,335s][info][gc] GC(4995) Garbage Collection (Allocation Stall) 960M(94%)->956M(93%)
[2497,810s][info][gc] Allocation Stall (main) 439,528ms
[2497,832s][info][gc] GC(4996) Garbage Collection (Allocation Stall) 972M(95%)->960M(94%)
[2498,328s][info][gc] Allocation Stall (main) 464,442ms
[2498,335s][info][gc] GC(4997) Garbage Collection (Allocation Stall) 976M(95%)->934M(91%)
[2498,796s][info][gc] Allocation Stall (main) 415,976ms
[2498,801s][info][gc] GC(4998) Garbage Collection (Allocation Stall) 950M(93%)->958M(94%)
[2499,281s][info][gc] Allocation Stall (main) 449,667ms
[2499,291s][info][gc] GC(4999) Garbage Collection (Allocation Stall) 1024M(100%)->902M(88%)
[2499,802s][info][gc] Allocation Stall (main) 458,680ms
[2499,815s][info][gc] GC(5000) Garbage Collection (Allocation Rate) 1024M(100%)->912M(89%)
[2500,313s][info][gc] Allocation Stall (main) 448,522ms
[2500,335s][info][gc] GC(5001) Garbage Collection (Allocation Stall) 976M(95%)->964M(94%)
[2500,833s][info][gc] Allocation Stall (main) 465,754ms
[2500,839s][info][gc] GC(5002) Garbage Collection (Allocation Stall) 982M(96%)->932M(91%)
[2501,341s][info][gc] Allocation Stall (main) 460,494ms
[2501,358s][info][gc] GC(5003) Garbage Collection (Allocation Stall) 1024M(100%)->912M(89%)
[2501,876s][info][gc] Allocation Stall (main) 470,364ms
[2501,893s][info][gc] GC(5004) Garbage Collection (Allocation Stall) 1024M(100%)->914M(89%)
[2502,418s][info][gc] Relocation Stall (main) 5,266ms
[2502,418s][info][gc] Allocation Stall (main) 477,977ms
[2502,434s][info][gc] GC(5005) Garbage Collection (Allocation Stall) 1024M(100%)->904M(88%)
[2502,917s][info][gc] Allocation Stall (main) 423,895ms
[2502,933s][info][gc] GC(5006) Garbage Collection (Allocation Rate) 922M(90%)->998M(97%)
[2503,412s][info][gc] Allocation Stall (main) 465,118ms
[2503,421s][info][gc] GC(5007) Garbage Collection (Allocation Stall) 1010M(99%)->902M(88%)
[2503,907s][info][gc] Allocation Stall (main) 429,863ms
[2503,927s][info][gc] GC(5008) Garbage Collection (Allocation Stall) 952M(93%)->972M(95%)
[2504,424s][info][gc] Allocation Stall (main) 472,741ms
[2504,431s][info][gc] GC(5009) Garbage Collection (Allocation Stall) 1008M(98%)->906M(88%)
[2504,899s][info][gc] Allocation Stall (main) 408,637ms
[2504,905s][info][gc] GC(5010) Garbage Collection (Allocation Stall) 930M(91%)->982M(96%)
[2505,381s][info][gc] Allocation Stall (main) 455,149ms
[2505,389s][info][gc] GC(5011) Garbage Collection (Allocation Stall) 1024M(100%)->900M(88%)
[2505,908s][info][gc] Allocation Stall (main) 465,753ms
[2505,931s][info][gc] GC(5012) Garbage Collection (Allocation Stall) 1024M(100%)->920M(90%)
[2506,420s][info][gc] Allocation Stall (main) 440,353ms
[2506,429s][info][gc] GC(5013) Garbage Collection (Allocation Rate) 948M(93%)->972M(95%)
[2506,905s][info][gc] Allocation Stall (main) 449,426ms
[2506,923s][info][gc] GC(5014) Garbage Collection (Allocation Stall) 998M(97%)->934M(91%)
[2507,422s][info][gc] Allocation Stall (main) 458,177ms
[2507,442s][info][gc] GC(5015) Garbage Collection (Allocation Stall) 978M(96%)->950M(93%)
[2507,951s][info][gc] Allocation Stall (main) 475,136ms
[2507,959s][info][gc] GC(5016) Garbage Collection (Allocation Stall) 1024M(100%)->892M(87%)
[2508,479s][info][gc] Allocation Stall (main) 463,129ms
[2508,493s][info][gc] GC(5017) Garbage Collection (Allocation Stall) 1024M(100%)->906M(88%)
[2509,011s][info][gc] Allocation Stall (main) 467,645ms
[2509,030s][info][gc] GC(5018) Garbage Collection (Allocation Stall) 1024M(100%)->914M(89%)
[2509,523s][info][gc] Allocation Stall (main) 438,732ms
[2509,535s][info][gc] GC(5019) Garbage Collection (Allocation Rate) 942M(92%)->976M(95%)
[2510,005s][info][gc] Allocation Stall (main) 446,550ms
[2510,015s][info][gc] GC(5020) Garbage Collection (Allocation Stall) 994M(97%)->924M(90%)
[2510,503s][info][gc] Allocation Stall (main) 442,031ms
[2510,517s][info][gc] GC(5021) Garbage Collection (Allocation Stall) 978M(96%)->948M(93%)
[2511,015s][info][gc] Allocation Stall (main) 464,005ms
[2511,029s][info][gc] GC(5022) Garbage Collection (Allocation Stall) 1008M(98%)->920M(90%)
[2511,510s][info][gc] Allocation Stall (main) 430,256ms
[2511,532s][info][gc] GC(5023) Garbage Collection (Allocation Stall) 950M(93%)->980M(96%)
[2512,027s][info][gc] Allocation Stall (main) 474,563ms
[2512,034s][info][gc] GC(5024) Garbage Collection (Allocation Stall) 1004M(98%)->904M(88%)
[2512,490s][info][gc] Allocation Stall (main) 395,477ms
[2512,493s][info][gc] GC(5025) Garbage Collection (Allocation Stall) 920M(90%)->988M(96%)
[2512,969s][info][gc] Relocation Stall (main) 4,022ms
[2512,969s][info][gc] Allocation Stall (main) 457,434ms
[2512,980s][info][gc] GC(5026) Garbage Collection (Allocation Stall) 1024M(100%)->900M(88%)
[2513,510s][info][gc] Relocation Stall (main) 5,065ms
[2513,510s][info][gc] Allocation Stall (main) 477,984ms
[2513,520s][info][gc] GC(5027) Garbage Collection (Allocation Stall) 1024M(100%)->898M(88%)
[2514,008s][info][gc] Allocation Stall (main) 428,764ms
[2514,022s][info][gc] GC(5028) Garbage Collection (Allocation Rate) 948M(93%)->974M(95%)
[2514,530s][info][gc] Allocation Stall (main) 484,246ms
[2514,553s][info][gc] GC(5029) Garbage Collection (Allocation Stall) 1020M(100%)->914M(89%)
[2515,086s][info][gc] Allocation Stall (main) 486,674ms
[2515,097s][info][gc] GC(5030) Garbage Collection (Allocation Stall) 1024M(100%)->894M(87%)
[2515,613s][info][gc] Relocation Stall (main) 6,092ms
[2515,613s][info][gc] Allocation Stall (main) 459,034ms
[2515,629s][info][gc] GC(5031) Garbage Collection (Allocation Rate) 990M(97%)->930M(91%)
[2516,129s][info][gc] Allocation Stall (main) 455,993ms
[2516,134s][info][gc] GC(5032) Garbage Collection (Allocation Stall) 956M(93%)->948M(93%)
[2516,599s][info][gc] Allocation Stall (main) 426,612ms
[2516,614s][info][gc] GC(5033) Garbage Collection (Allocation Stall) 964M(94%)->958M(94%)
[2517,106s][info][gc] Allocation Stall (main) 462,231ms
[2517,114s][info][gc] GC(5034) Garbage Collection (Allocation Stall) 1014M(99%)->904M(88%)
[2517,596s][info][gc] Allocation Stall (main) 427,233ms
[2517,610s][info][gc] GC(5035) Garbage Collection (Allocation Stall) 966M(94%)->960M(94%)
[2518,110s][info][gc] Relocation Stall (main) 5,150ms
[2518,110s][info][gc] Allocation Stall (main) 470,128ms
[2518,115s][info][gc] GC(5036) Garbage Collection (Allocation Stall) 1024M(100%)->892M(87%)
[2518,612s][info][gc] Allocation Stall (main) 434,651ms
[2518,639s][info][gc] GC(5037) Garbage Collection (Allocation Rate) 944M(92%)->996M(97%)
[2519,133s][info][gc] Allocation Stall (main) 480,816ms
[2519,140s][info][gc] GC(5038) Garbage Collection (Allocation Stall) 1006M(98%)->904M(88%)
[2519,643s][info][gc] Allocation Stall (main) 450,751ms
[2519,651s][info][gc] GC(5039) Garbage Collection (Allocation Stall) 1024M(100%)->900M(88%)
[2520,166s][info][gc] Allocation Stall (main) 462,136ms
[2520,186s][info][gc] GC(5040) Garbage Collection (Allocation Stall) 1024M(100%)->920M(90%)
[2520,708s][info][gc] Allocation Stall (main) 477,130ms
[2520,734s][info][gc] GC(5041) Garbage Collection (Allocation Stall) 1024M(100%)->922M(90%)
[2521,231s][info][gc] Allocation Stall (main) 446,981ms
[2521,247s][info][gc] GC(5042) Garbage Collection (Allocation Rate) 942M(92%)->978M(96%)
[2521,743s][info][gc] Allocation Stall (main) 472,997ms
[2521,758s][info][gc] GC(5043) Garbage Collection (Allocation Stall) 1024M(100%)->900M(88%)
[2522,281s][info][gc] Allocation Stall (main) 468,976ms
[2522,292s][info][gc] GC(5044) Garbage Collection (Allocation Stall) 1024M(100%)->898M(88%)
[2522,811s][info][gc] Relocation Stall (main) 4,756ms
[2522,811s][info][gc] Allocation Stall (main) 464,520ms
[2522,815s][info][gc] GC(5045) Garbage Collection (Allocation Rate) 1018M(99%)->896M(88%)
[2523,296s][info][gc] Allocation Stall (main) 421,990ms
[2523,305s][info][gc] GC(5046) Garbage Collection (Allocation Stall) 956M(93%)->968M(95%)
[2523,803s][info][gc] Relocation Stall (main) 4,949ms
[2523,803s][info][gc] Allocation Stall (main) 472,137ms
[2523,823s][info][gc] GC(5047) Garbage Collection (Allocation Stall) 1024M(100%)->914M(89%)
[2524,329s][info][gc] Allocation Stall (main) 456,362ms
[2524,340s][info][gc] GC(5048) Garbage Collection (Allocation Rate) 960M(94%)->960M(94%)
[2524,839s][info][gc] Allocation Stall (main) 468,768ms
[2524,856s][info][gc] GC(5049) Garbage Collection (Allocation Stall) 1024M(100%)->908M(89%)
[2525,384s][info][gc] Allocation Stall (main) 479,203ms
[2525,410s][info][gc] GC(5050) Garbage Collection (Allocation Stall) 1024M(100%)->916M(89%)
[2525,926s][info][gc] Allocation Stall (main) 469,334ms
[2525,934s][info][gc] GC(5051) Garbage Collection (Allocation Rate) 990M(97%)->922M(90%)
[2526,396s][info][gc] Allocation Stall (main) 411,096ms
[2526,407s][info][gc] GC(5052) Garbage Collection (Allocation Stall) 942M(92%)->974M(95%)
[2526,904s][info][gc] Relocation Stall (main) 5,698ms
[2526,904s][info][gc] Allocation Stall (main) 473,072ms
[2526,915s][info][gc] GC(5053) Garbage Collection (Allocation Stall) 1024M(100%)->894M(87%)
[2527,410s][info][gc] Relocation Stall (main) 2,998ms
[2527,410s][info][gc] Allocation Stall (main) 435,994ms
[2527,416s][info][gc] GC(5054) Garbage Collection (Allocation Rate) 958M(94%)->954M(93%)
[2527,904s][info][gc] Allocation Stall (main) 455,531ms
[2527,923s][info][gc] GC(5055) Garbage Collection (Allocation Stall) 1012M(99%)->922M(90%)
[2528,415s][info][gc] Allocation Stall (main) 445,813ms
[2528,422s][info][gc] GC(5056) Garbage Collection (Allocation Stall) 968M(95%)->946M(92%)
[2528,902s][info][gc] Allocation Stall (main) 443,919ms
[2528,915s][info][gc] GC(5057) Garbage Collection (Allocation Stall) 992M(97%)->934M(91%)
[2529,414s][info][gc] Allocation Stall (main) 458,259ms
[2529,437s][info][gc] GC(5058) Garbage Collection (Allocation Stall) 998M(97%)->940M(92%)
[2529,934s][info][gc] Allocation Stall (main) 456,134ms
[2529,938s][info][gc] GC(5059) Garbage Collection (Allocation Stall) 954M(93%)->954M(93%)
[2530,402s][info][gc] Allocation Stall (main) 429,398ms
[2530,412s][info][gc] GC(5060) Garbage Collection (Allocation Stall) 966M(94%)->950M(93%)
[2530,905s][info][gc] Allocation Stall (main) 461,282ms
[2530,916s][info][gc] GC(5061) Garbage Collection (Allocation Stall) 1024M(100%)->906M(88%)
[2531,412s][info][gc] Relocation Stall (main) 1,201ms
[2531,413s][info][gc] Allocation Stall (main) 442,279ms
[2531,425s][info][gc] GC(5062) Garbage Collection (Allocation Stall) 962M(94%)->966M(94%)
[2531,916s][info][gc] Allocation Stall (main) 463,679ms
[2531,936s][info][gc] GC(5063) Garbage Collection (Allocation Stall) 1006M(98%)->930M(91%)
[2532,422s][info][gc] Allocation Stall (main) 440,078ms
[2532,445s][info][gc] GC(5064) Garbage Collection (Allocation Stall) 946M(92%)->982M(96%)
[2532,950s][info][gc] Relocation Stall (main) 5,496ms
[2532,950s][info][gc] Allocation Stall (main) 486,069ms
[2532,953s][info][gc] GC(5065) Garbage Collection (Allocation Stall) 1024M(100%)->878M(86%)
[2533,474s][info][gc] Relocation Stall (main) 4,424ms
[2533,474s][info][gc] Allocation Stall (main) 460,443ms
[2533,483s][info][gc] GC(5066) Garbage Collection (Allocation Stall) 1024M(100%)->894M(87%)
[2534,020s][info][gc] Relocation Stall (main) 9,059ms
[2534,020s][info][gc] Allocation Stall (main) 482,420ms
[2534,034s][info][gc] GC(5067) Garbage Collection (Allocation Stall) 1024M(100%)->896M(88%)
[2534,521s][info][gc] Allocation Stall (main) 423,016ms
[2534,534s][info][gc] GC(5068) Garbage Collection (Allocation Rate) 908M(89%)->1004M(98%)
[2535,008s][info][gc] Allocation Stall (main) 464,076ms
[2535,016s][info][gc] GC(5069) Garbage Collection (Allocation Stall) 1024M(100%)->888M(87%)
[2535,496s][info][gc] Allocation Stall (main) 417,776ms
[2535,504s][info][gc] GC(5070) Garbage Collection (Allocation Stall) 946M(92%)->970M(95%)
[2535,995s][info][gc] Allocation Stall (main) 465,285ms
[2536,016s][info][gc] GC(5071) Garbage Collection (Allocation Stall) 1024M(100%)->912M(89%)
[2536,520s][info][gc] Allocation Stall (main) 453,986ms
[2536,538s][info][gc] GC(5072) Garbage Collection (Allocation Rate) 972M(95%)->952M(93%)
[2537,017s][info][gc] Allocation Stall (main) 443,466ms
[2537,023s][info][gc] GC(5073) Garbage Collection (Allocation Stall) 966M(94%)->942M(92%)
[2537,495s][info][gc] Allocation Stall (main) 432,052ms
[2537,510s][info][gc] GC(5074) Garbage Collection (Allocation Stall) 976M(95%)->950M(93%)
[2538,017s][info][gc] Relocation Stall (main) 5,057ms
[2538,017s][info][gc] Allocation Stall (main) 473,981ms
[2538,021s][info][gc] GC(5075) Garbage Collection (Allocation Stall) 1024M(100%)->888M(87%)
[2538,494s][info][gc] Allocation Stall (main) 407,065ms
[2538,505s][info][gc] GC(5076) Garbage Collection (Allocation Rate) 928M(91%)->994M(97%)
[2538,982s][info][gc] Allocation Stall (main) 462,881ms
[2538,994s][info][gc] GC(5077) Garbage Collection (Allocation Stall) 1024M(100%)->904M(88%)
[2539,504s][info][gc] Allocation Stall (main) 458,541ms
[2539,532s][info][gc] GC(5078) Garbage Collection (Allocation Rate) 1012M(99%)->936M(91%)
[2540,041s][info][gc] Relocation Stall (main) 2,740ms
[2540,041s][info][gc] Allocation Stall (main) 465,440ms
[2540,043s][info][gc] GC(5079) Garbage Collection (Allocation Stall) 954M(93%)->950M(93%)
[2540,545s][info][gc] Relocation Stall (main) 4,842ms
[2540,545s][info][gc] Allocation Stall (main) 468,746ms
[2540,557s][info][gc] GC(5080) Garbage Collection (Allocation Stall) 1024M(100%)->902M(88%)
[2541,090s][info][gc] Relocation Stall (main) 5,336ms
[2541,090s][info][gc] Allocation Stall (main) 482,921ms
[2541,098s][info][gc] GC(5081) Garbage Collection (Allocation Stall) 1024M(100%)->896M(88%)
[2541,610s][info][gc] Allocation Stall (main) 455,791ms
[2541,629s][info][gc] GC(5082) Garbage Collection (Allocation Rate) 994M(97%)->942M(92%)
[2542,121s][info][gc] Allocation Stall (main) 453,843ms
[2542,141s][info][gc] GC(5083) Garbage Collection (Allocation Stall) 972M(95%)->958M(94%)
[2542,624s][info][gc] Allocation Stall (main) 449,089ms
[2542,638s][info][gc] GC(5084) Garbage Collection (Allocation Stall) 962M(94%)->954M(93%)
[2543,110s][info][gc] Allocation Stall (main) 435,885ms
[2543,123s][info][gc] GC(5085) Garbage Collection (Allocation Stall) 964M(94%)->950M(93%)
[2543,604s][info][gc] Allocation Stall (main) 445,656ms
[2543,610s][info][gc] GC(5086) Garbage Collection (Allocation Stall) 982M(96%)->924M(90%)
[2544,101s][info][gc] Allocation Stall (main) 446,706ms
[2544,118s][info][gc] GC(5087) Garbage Collection (Allocation Stall) 998M(97%)->926M(90%)
[2544,616s][info][gc] Allocation Stall (main) 453,633ms
[2544,629s][info][gc] GC(5088) Garbage Collection (Allocation Stall) 982M(96%)->934M(91%)
[2545,106s][info][gc] Allocation Stall (main) 435,528ms
[2545,116s][info][gc] GC(5089) Garbage Collection (Allocation Stall) 966M(94%)->948M(93%)
[2545,593s][info][gc] Allocation Stall (main) 441,472ms
[2545,607s][info][gc] GC(5090) Garbage Collection (Allocation Stall) 996M(97%)->926M(90%)
[2546,108s][info][gc] Allocation Stall (main) 457,591ms
[2546,121s][info][gc] GC(5091) Garbage Collection (Allocation Stall) 1008M(98%)->918M(90%)
[2546,608s][info][gc] Allocation Stall (main) 437,498ms
[2546,626s][info][gc] GC(5092) Garbage Collection (Allocation Stall) 966M(94%)->962M(94%)
[2547,123s][info][gc] Allocation Stall (main) 468,066ms
[2547,129s][info][gc] GC(5093) Garbage Collection (Allocation Stall) 1000M(98%)->916M(89%)
[2547,596s][info][gc] Allocation Stall (main) 413,978ms
[2547,610s][info][gc] GC(5094) Garbage Collection (Allocation Stall) 946M(92%)->978M(96%)
[2548,104s][info][gc] Relocation Stall (main) 4,977ms
[2548,104s][info][gc] Allocation Stall (main) 472,493ms
[2548,107s][info][gc] GC(5095) Garbage Collection (Allocation Stall) 1024M(100%)->886M(87%)
[2548,596s][info][gc] Allocation Stall (main) 427,778ms
[2548,611s][info][gc] GC(5096) Garbage Collection (Allocation Rate) 968M(95%)->964M(94%)
[2549,114s][info][gc] Allocation Stall (main) 474,799ms
[2549,138s][info][gc] GC(5097) Garbage Collection (Allocation Stall) 1024M(100%)->918M(90%)
[2549,634s][info][gc] Allocation Stall (main) 444,350ms
[2549,639s][info][gc] GC(5098) Garbage Collection (Allocation Rate) 930M(91%)->978M(96%)
[2550,104s][info][gc] Allocation Stall (main) 442,673ms
[2550,118s][info][gc] GC(5099) Garbage Collection (Allocation Stall) 988M(96%)->938M(92%)
[2550,621s][info][gc] Allocation Stall (main) 465,370ms
[2550,645s][info][gc] GC(5100) Garbage Collection (Allocation Stall) 996M(97%)->940M(92%)
[2551,172s][info][gc] Relocation Stall (main) 5,733ms
[2551,172s][info][gc] Allocation Stall (main) 489,298ms
[2551,177s][info][gc] GC(5101) Garbage Collection (Allocation Stall) 1024M(100%)->886M(87%)
[2551,703s][info][gc] Relocation Stall (main) 5,300ms
[2551,703s][info][gc] Allocation Stall (main) 465,946ms
[2551,717s][info][gc] GC(5102) Garbage Collection (Allocation Stall) 1024M(100%)->900M(88%)
[2552,226s][info][gc] Allocation Stall (main) 450,232ms
[2552,235s][info][gc] GC(5103) Garbage Collection (Allocation Rate) 956M(93%)->958M(94%)
[2552,702s][info][gc] Allocation Stall (main) 434,647ms
[2552,716s][info][gc] GC(5104) Garbage Collection (Allocation Stall) 976M(95%)->946M(92%)
[2553,211s][info][gc] Allocation Stall (main) 459,231ms
[2553,228s][info][gc] GC(5105) Garbage Collection (Allocation Stall) 1006M(98%)->922M(90%)
[2553,711s][info][gc] Allocation Stall (main) 433,566ms
[2553,718s][info][gc] GC(5106) Garbage Collection (Allocation Stall) 948M(93%)->966M(94%)
[2554,207s][info][gc] Allocation Stall (main) 460,939ms
[2554,216s][info][gc] GC(5107) Garbage Collection (Allocation Stall) 1018M(99%)->908M(89%)
[2554,714s][info][gc] Allocation Stall (main) 439,183ms
[2554,731s][info][gc] GC(5108) Garbage Collection (Allocation Stall) 962M(94%)->968M(95%)
[2555,214s][info][gc] Allocation Stall (main) 454,866ms
[2555,222s][info][gc] GC(5109) Garbage Collection (Allocation Stall) 990M(97%)->928M(91%)
[2555,705s][info][gc] Allocation Stall (main) 439,043ms
[2555,721s][info][gc] GC(5110) Garbage Collection (Allocation Stall) 976M(95%)->952M(93%)
[2556,216s][info][gc] Allocation Stall (main) 462,324ms
[2556,226s][info][gc] GC(5111) Garbage Collection (Allocation Stall) 1002M(98%)->922M(90%)
[2556,704s][info][gc] Allocation Stall (main) 429,906ms
[2556,719s][info][gc] GC(5112) Garbage Collection (Allocation Stall) 958M(94%)->968M(95%)
[2557,212s][info][gc] Allocation Stall (main) 467,061ms
[2557,221s][info][gc] GC(5113) Garbage Collection (Allocation Stall) 1020M(100%)->904M(88%)
[2557,696s][info][gc] Allocation Stall (main) 418,744ms
[2557,704s][info][gc] GC(5114) Garbage Collection (Allocation Stall) 952M(93%)->970M(95%)
[2558,186s][info][gc] Allocation Stall (main) 457,341ms
[2558,203s][info][gc] GC(5115) Garbage Collection (Allocation Stall) 1024M(100%)->916M(89%)
[2558,715s][info][gc] Allocation Stall (main) 464,854ms
[2558,734s][info][gc] GC(5116) Garbage Collection (Allocation Rate) 1008M(98%)->932M(91%)
[2559,222s][info][gc] Allocation Stall (main) 441,998ms
[2559,244s][info][gc] GC(5117) Garbage Collection (Allocation Stall) 952M(93%)->982M(96%)
[2559,751s][info][gc] Relocation Stall (main) 3,444ms
[2559,751s][info][gc] Allocation Stall (main) 486,106ms
[2559,756s][info][gc] GC(5118) Garbage Collection (Allocation Stall) 1024M(100%)->886M(87%)
[2560,287s][info][gc] Relocation Stall (main) 4,711ms
[2560,287s][info][gc] Allocation Stall (main) 471,391ms
[2560,302s][info][gc] GC(5119) Garbage Collection (Allocation Stall) 1024M(100%)->896M(88%)
[2560,823s][info][gc] Allocation Stall (main) 464,986ms
[2560,831s][info][gc] GC(5120) Garbage Collection (Allocation Rate) 990M(97%)->928M(91%)
[2561,303s][info][gc] Allocation Stall (main) 423,636ms
[2561,325s][info][gc] GC(5121) Garbage Collection (Allocation Stall) 952M(93%)->980M(96%)
[2561,825s][info][gc] Allocation Stall (main) 479,865ms
[2561,843s][info][gc] GC(5122) Garbage Collection (Allocation Stall) 1020M(100%)->900M(88%)
[2562,379s][info][gc] Allocation Stall (main) 482,988ms
[2562,396s][info][gc] GC(5123) Garbage Collection (Allocation Stall) 1024M(100%)->894M(87%)
[2562,915s][info][gc] Allocation Stall (main) 462,483ms
[2562,929s][info][gc] GC(5124) Garbage Collection (Allocation Rate) 1002M(98%)->922M(90%)
[2563,408s][info][gc] Allocation Stall (main) 429,383ms
[2563,419s][info][gc] GC(5125) Garbage Collection (Allocation Stall) 950M(93%)->964M(94%)
[2563,902s][info][gc] Allocation Stall (main) 455,138ms
[2563,909s][info][gc] GC(5126) Garbage Collection (Allocation Stall) 1016M(99%)->902M(88%)
[2564,393s][info][gc] Allocation Stall (main) 427,992ms
[2564,409s][info][gc] GC(5127) Garbage Collection (Allocation Stall) 976M(95%)->956M(93%)
[2564,912s][info][gc] Allocation Stall (main) 471,690ms
[2564,932s][info][gc] GC(5128) Garbage Collection (Allocation Stall) 1024M(100%)->910M(89%)
[2565,426s][info][gc] Allocation Stall (main) 438,955ms
[2565,434s][info][gc] GC(5129) Garbage Collection (Allocation Rate) 936M(91%)->978M(96%)
[2565,904s][info][gc] Allocation Stall (main) 446,814ms
[2565,912s][info][gc] GC(5130) Garbage Collection (Allocation Stall) 998M(97%)->922M(90%)
[2566,401s][info][gc] Allocation Stall (main) 443,228ms
[2566,417s][info][gc] GC(5131) Garbage Collection (Allocation Stall) 990M(97%)->942M(92%)
[2566,913s][info][gc] Allocation Stall (main) 458,503ms
[2566,925s][info][gc] GC(5132) Garbage Collection (Allocation Stall) 994M(97%)->934M(91%)
[2567,409s][info][gc] Allocation Stall (main) 441,405ms
[2567,432s][info][gc] GC(5133) Garbage Collection (Allocation Stall) 972M(95%)->966M(94%)
[2567,930s][info][gc] Relocation Stall (main) 4,095ms
[2567,930s][info][gc] Allocation Stall (main) 470,253ms
[2567,934s][info][gc] GC(5134) Garbage Collection (Allocation Stall) 990M(97%)->914M(89%)
[2568,395s][info][gc] Allocation Stall (main) 405,448ms
[2568,402s][info][gc] GC(5135) Garbage Collection (Allocation Stall) 926M(90%)->984M(96%)
[2568,884s][info][gc] Relocation Stall (main) 5,341ms
[2568,884s][info][gc] Allocation Stall (main) 462,271ms
[2568,888s][info][gc] GC(5136) Garbage Collection (Allocation Stall) 1024M(100%)->892M(87%)
[2569,410s][info][gc] Allocation Stall (main) 466,177ms
[2569,427s][info][gc] GC(5137) Garbage Collection (Allocation Rate) 1024M(100%)->914M(89%)
[2569,918s][info][gc] Allocation Stall (main) 438,368ms
[2569,934s][info][gc] GC(5138) Garbage Collection (Allocation Stall) 948M(93%)->978M(96%)
[2570,416s][info][gc] Relocation Stall (main) 4,093ms
[2570,417s][info][gc] Allocation Stall (main) 459,458ms
[2570,420s][info][gc] GC(5139) Garbage Collection (Allocation Stall) 990M(97%)->918M(90%)
[2570,894s][info][gc] Allocation Stall (main) 424,065ms
[2570,907s][info][gc] GC(5140) Garbage Collection (Allocation Stall) 958M(94%)->966M(94%)
[2571,399s][info][gc] Allocation Stall (main) 464,772ms
[2571,414s][info][gc] GC(5141) Garbage Collection (Allocation Stall) 1024M(100%)->908M(89%)
[2571,915s][info][gc] Allocation Stall (main) 448,586ms
[2571,931s][info][gc] GC(5142) Garbage Collection (Allocation Rate) 974M(95%)->954M(93%)
[2572,410s][info][gc] Allocation Stall (main) 445,645ms
[2572,422s][info][gc] GC(5143) Garbage Collection (Allocation Stall) 980M(96%)->938M(92%)
[2572,909s][info][gc] Allocation Stall (main) 446,675ms
[2572,917s][info][gc] GC(5144) Garbage Collection (Allocation Stall) 984M(96%)->932M(91%)
[2573,402s][info][gc] Allocation Stall (main) 444,453ms
[2573,424s][info][gc] GC(5145) Garbage Collection (Allocation Stall) 992M(97%)->944M(92%)
[2573,928s][info][gc] Allocation Stall (main) 467,949ms
[2573,934s][info][gc] GC(5146) Garbage Collection (Allocation Stall) 988M(96%)->924M(90%)
[2574,395s][info][gc] Allocation Stall (main) 410,173ms
[2574,404s][info][gc] GC(5147) Garbage Collection (Allocation Stall) 942M(92%)->978M(96%)
[2574,882s][info][gc] Allocation Stall (main) 456,647ms
[2574,891s][info][gc] GC(5148) Garbage Collection (Allocation Stall) 1024M(100%)->906M(88%)
[2575,408s][info][gc] Allocation Stall (main) 465,700ms
[2575,430s][info][gc] GC(5149) Garbage Collection (Allocation Stall) 1024M(100%)->922M(90%)
[2575,917s][info][gc] Allocation Stall (main) 440,397ms
[2575,931s][info][gc] GC(5150) Garbage Collection (Allocation Rate) 954M(93%)->976M(95%)
[2576,413s][info][gc] Allocation Stall (main) 457,472ms
[2576,424s][info][gc] GC(5151) Garbage Collection (Allocation Stall) 1000M(98%)->926M(90%)
[2576,903s][info][gc] Allocation Stall (main) 432,797ms
[2576,912s][info][gc] GC(5152) Garbage Collection (Allocation Stall) 966M(94%)->956M(93%)
[2577,401s][info][gc] Allocation Stall (main) 457,789ms
[2577,418s][info][gc] GC(5153) Garbage Collection (Allocation Stall) 1024M(100%)->914M(89%)
[2577,915s][info][gc] Allocation Stall (main) 446,994ms
[2577,934s][info][gc] GC(5154) Garbage Collection (Allocation Rate) 970M(95%)->964M(94%)
[2578,414s][info][gc] Allocation Stall (main) 451,112ms
[2578,426s][info][gc] GC(5155) Garbage Collection (Allocation Stall) 982M(96%)->940M(92%)
[2578,904s][info][gc] Relocation Stall (main) 3,377ms
[2578,904s][info][gc] Allocation Stall (main) 438,844ms
[2578,917s][info][gc] GC(5156) Garbage Collection (Allocation Stall) 976M(95%)->946M(92%)
[2579,417s][info][gc] Allocation Stall (main) 463,706ms
[2579,429s][info][gc] GC(5157) Garbage Collection (Allocation Stall) 1002M(98%)->920M(90%)
[2579,902s][info][gc] Allocation Stall (main) 420,991ms
[2579,921s][info][gc] GC(5158) Garbage Collection (Allocation Stall) 940M(92%)->986M(96%)
[2580,416s][info][gc] Relocation Stall (main) 5,435ms
[2580,416s][info][gc] Allocation Stall (main) 476,432ms
[2580,426s][info][gc] GC(5159) Garbage Collection (Allocation Stall) 1024M(100%)->886M(87%)
[2580,917s][info][gc] Allocation Stall (main) 424,578ms
[2580,927s][info][gc] GC(5160) Garbage Collection (Allocation Rate) 922M(90%)->984M(96%)
[2581,406s][info][gc] Allocation Stall (main) 459,388ms
[2581,419s][info][gc] GC(5161) Garbage Collection (Allocation Stall) 1018M(99%)->900M(88%)
[2581,907s][info][gc] Allocation Stall (main) 430,600ms
[2581,916s][info][gc] GC(5162) Garbage Collection (Allocation Stall) 944M(92%)->968M(95%)
[2582,407s][info][gc] Allocation Stall (main) 464,187ms
[2582,427s][info][gc] GC(5163) Garbage Collection (Allocation Stall) 1024M(100%)->906M(88%)
[2582,918s][info][gc] Allocation Stall (main) 434,705ms
[2582,936s][info][gc] GC(5164) Garbage Collection (Allocation Rate) 940M(92%)->978M(96%)
[2583,417s][info][gc] Allocation Stall (main) 457,589ms
[2583,424s][info][gc] GC(5165) Garbage Collection (Allocation Stall) 992M(97%)->912M(89%)
[2583,898s][info][gc] Allocation Stall (main) 421,118ms
[2583,906s][info][gc] GC(5166) Garbage Collection (Allocation Stall) 954M(93%)->956M(93%)
[2584,398s][info][gc] Relocation Stall (main) 4,052ms
[2584,398s][info][gc] Allocation Stall (main) 461,323ms
[2584,408s][info][gc] GC(5167) Garbage Collection (Allocation Stall) 1024M(100%)->892M(87%)
[2584,911s][info][gc] Relocation Stall (main) 2,570ms
[2584,911s][info][gc] Allocation Stall (main) 445,142ms
[2584,927s][info][gc] GC(5168) Garbage Collection (Allocation Rate) 972M(95%)->950M(93%)
[2585,421s][info][gc] Allocation Stall (main) 459,114ms
[2585,435s][info][gc] GC(5169) Garbage Collection (Allocation Stall) 984M(96%)->932M(91%)
[2585,920s][info][gc] Allocation Stall (main) 438,417ms
[2585,932s][info][gc] GC(5170) Garbage Collection (Allocation Stall) 948M(93%)->966M(94%)
[2586,417s][info][gc] Allocation Stall (main) 455,997ms
[2586,423s][info][gc] GC(5171) Garbage Collection (Allocation Stall) 988M(96%)->922M(90%)
[2586,901s][info][gc] Allocation Stall (main) 429,650ms
[2586,912s][info][gc] GC(5172) Garbage Collection (Allocation Stall) 966M(94%)->954M(93%)
[2587,405s][info][gc] Allocation Stall (main) 459,422ms
[2587,418s][info][gc] GC(5173) Garbage Collection (Allocation Stall) 1008M(98%)->920M(90%)
[2587,910s][info][gc] Allocation Stall (main) 443,749ms
[2587,929s][info][gc] GC(5174) Garbage Collection (Allocation Stall) 970M(95%)->962M(94%)
[2588,424s][info][gc] Allocation Stall (main) 465,518ms
[2588,440s][info][gc] GC(5175) Garbage Collection (Allocation Stall) 988M(96%)->936M(91%)
[2588,914s][info][gc] Allocation Stall (main) 429,287ms
[2588,919s][info][gc] GC(5176) Garbage Collection (Allocation Stall) 936M(91%)->970M(95%)
[2589,401s][info][gc] Allocation Stall (main) 457,086ms
[2589,411s][info][gc] GC(5177) Garbage Collection (Allocation Stall) 1014M(99%)->910M(89%)
[2589,909s][info][gc] Allocation Stall (main) 447,272ms
[2589,924s][info][gc] GC(5178) Garbage Collection (Allocation Stall) 984M(96%)->948M(93%)
[2590,426s][info][gc] Relocation Stall (main) 11,951ms
[2590,426s][info][gc] Allocation Stall (main) 466,706ms
[2590,427s][info][gc] GC(5179) Garbage Collection (Allocation Stall) 990M(97%)->914M(89%)
[2590,914s][info][gc] Allocation Stall (main) 433,321ms
[2590,926s][info][gc] GC(5180) Garbage Collection (Allocation Stall) 950M(93%)->976M(95%)
[2591,401s][info][gc] Allocation Stall (main) 450,591ms
[2591,413s][info][gc] GC(5181) Garbage Collection (Allocation Stall) 1002M(98%)->924M(90%)
[2591,915s][info][gc] Allocation Stall (main) 456,361ms
[2591,922s][info][gc] GC(5182) Garbage Collection (Allocation Stall) 986M(96%)->932M(91%)
[2592,406s][info][gc] Allocation Stall (main) 442,176ms
[2592,422s][info][gc] GC(5183) Garbage Collection (Allocation Stall) 972M(95%)->960M(94%)
[2592,923s][info][gc] Allocation Stall (main) 472,271ms
[2592,932s][info][gc] GC(5184) Garbage Collection (Allocation Stall) 1008M(98%)->920M(90%)
[2593,407s][info][gc] Allocation Stall (main) 422,988ms
[2593,423s][info][gc] GC(5185) Garbage Collection (Allocation Stall) 938M(92%)->994M(97%)
[2593,908s][info][gc] Allocation Stall (main) 469,963ms
[2593,916s][info][gc] GC(5186) Garbage Collection (Allocation Stall) 1024M(100%)->900M(88%)
[2594,401s][info][gc] Allocation Stall (main) 424,889ms
[2594,411s][info][gc] GC(5187) Garbage Collection (Allocation Rate) 944M(92%)->984M(96%)
[2594,894s][info][gc] Relocation Stall (main) 4,651ms
[2594,894s][info][gc] Allocation Stall (main) 464,015ms
[2594,897s][info][gc] GC(5188) Garbage Collection (Allocation Stall) 1024M(100%)->896M(88%)
[2595,410s][info][gc] Allocation Stall (main) 458,116ms
[2595,440s][info][gc] GC(5189) Garbage Collection (Allocation Rate) 1000M(98%)->956M(93%)
[2595,932s][info][gc] Allocation Stall (main) 458,681ms
[2595,942s][info][gc] GC(5190) Garbage Collection (Allocation Stall) 966M(94%)->956M(93%)
[2596,438s][info][gc] Allocation Stall (main) 463,305ms
[2596,457s][info][gc] GC(5191) Garbage Collection (Allocation Stall) 1024M(100%)->912M(89%)
[2596,980s][info][gc] Allocation Stall (main) 475,242ms
[2596,996s][info][gc] GC(5192) Garbage Collection (Allocation Stall) 1024M(100%)->910M(89%)
[2597,517s][info][gc] Allocation Stall (main) 470,642ms
[2597,535s][info][gc] GC(5193) Garbage Collection (Allocation Rate) 1018M(99%)->916M(89%)
[2598,019s][info][gc] Allocation Stall (main) 429,839ms
[2598,041s][info][gc] GC(5194) Garbage Collection (Allocation Stall) 932M(91%)->994M(97%)
[2598,547s][info][gc] Allocation Stall (main) 490,667ms
[2598,555s][info][gc] GC(5195) Garbage Collection (Allocation Stall) 1024M(100%)->886M(87%)
[2599,079s][info][gc] Relocation Stall (main) 4,810ms
[2599,079s][info][gc] Allocation Stall (main) 464,184ms
[2599,090s][info][gc] GC(5196) Garbage Collection (Allocation Stall) 1024M(100%)->894M(87%)
[2599,619s][info][gc] Allocation Stall (main) 473,354ms
[2599,630s][info][gc] GC(5197) Garbage Collection (Allocation Rate) 1014M(99%)->910M(89%)
[2600,107s][info][gc] Allocation Stall (main) 421,079ms
[2600,127s][info][gc] GC(5198) Garbage Collection (Allocation Stall) 938M(92%)->988M(96%)
[2600,626s][info][gc] Allocation Stall (main) 481,896ms
[2600,634s][info][gc] GC(5199) Garbage Collection (Allocation Stall) 1014M(99%)->900M(88%)
[2601,099s][info][gc] Allocation Stall (main) 402,774ms
[2601,114s][info][gc] GC(5200) Garbage Collection (Allocation Stall) 920M(90%)->998M(97%)
[2601,617s][info][gc] Relocation Stall (main) 5,943ms
[2601,617s][info][gc] Allocation Stall (main) 489,994ms
[2601,623s][info][gc] GC(5201) Garbage Collection (Allocation Stall) 1024M(100%)->882M(86%)
[2602,099s][info][gc] Allocation Stall (main) 403,957ms
[2602,113s][info][gc] GC(5202) Garbage Collection (Allocation Rate) 916M(89%)->998M(97%)
[2602,597s][info][gc] Relocation Stall (main) 5,068ms
[2602,598s][info][gc] Allocation Stall (main) 472,010ms
[2602,600s][info][gc] GC(5203) Garbage Collection (Allocation Stall) 1024M(100%)->878M(86%)
[2603,111s][info][gc] Allocation Stall (main) 445,047ms
[2603,136s][info][gc] GC(5204) Garbage Collection (Allocation Rate) 968M(95%)->966M(94%)
[2603,630s][info][gc] Allocation Stall (main) 466,197ms
[2603,637s][info][gc] GC(5205) Garbage Collection (Allocation Stall) 982M(96%)->924M(90%)
[2604,100s][info][gc] Allocation Stall (main) 413,281ms
[2604,108s][info][gc] GC(5206) Garbage Collection (Allocation Stall) 940M(92%)->970M(95%)
[2604,593s][info][gc] Allocation Stall (main) 459,258ms
[2604,607s][info][gc] GC(5207) Garbage Collection (Allocation Stall) 1024M(100%)->900M(88%)
[2605,105s][info][gc] Allocation Stall (main) 443,015ms
[2605,114s][info][gc] GC(5208) Garbage Collection (Allocation Rate) 982M(96%)->940M(92%)
[2605,602s][info][gc] Allocation Stall (main) 449,405ms
[2605,619s][info][gc] GC(5209) Garbage Collection (Allocation Stall) 1002M(98%)->928M(91%)
[2606,119s][info][gc] Allocation Stall (main) 456,329ms
[2606,131s][info][gc] GC(5210) Garbage Collection (Allocation Stall) 982M(96%)->938M(92%)
[2606,605s][info][gc] Allocation Stall (main) 432,992ms
[2606,618s][info][gc] GC(5211) Garbage Collection (Allocation Stall) 964M(94%)->958M(94%)
[2607,117s][info][gc] Allocation Stall (main) 468,782ms
[2607,138s][info][gc] GC(5212) Garbage Collection (Allocation Stall) 1014M(99%)->918M(90%)
[2607,623s][info][gc] Allocation Stall (main) 432,390ms
[2607,627s][info][gc] GC(5213) Garbage Collection (Allocation Stall) 930M(91%)->974M(95%)
[2608,108s][info][gc] Allocation Stall (main) 458,199ms
[2608,117s][info][gc] GC(5214) Garbage Collection (Allocation Stall) 1010M(99%)->910M(89%)
[2608,610s][info][gc] Allocation Stall (main) 442,489ms
[2608,621s][info][gc] GC(5215) Garbage Collection (Allocation Stall) 966M(94%)->958M(94%)
[2609,114s][info][gc] Allocation Stall (main) 463,369ms
[2609,125s][info][gc] GC(5216) Garbage Collection (Allocation Stall) 1008M(98%)->920M(90%)
[2609,630s][info][gc] Relocation Stall (main) 19,856ms
[2609,630s][info][gc] GC(5217) Garbage Collection (Allocation Stall) 960M(94%)->936M(91%)
[2609,630s][info][gc] Allocation Stall (main) 456,390ms
[2610,119s][info][gc] Allocation Stall (main) 443,164ms
[2610,128s][info][gc] GC(5218) Garbage Collection (Allocation Stall) 952M(93%)->964M(94%)
[2610,604s][info][gc] Allocation Stall (main) 446,381ms
[2610,615s][info][gc] GC(5219) Garbage Collection (Allocation Stall) 994M(97%)->926M(90%)
[2611,106s][info][gc] Allocation Stall (main) 447,795ms
[2611,115s][info][gc] GC(5220) Garbage Collection (Allocation Stall) 990M(97%)->934M(91%)
[2611,604s][info][gc] Allocation Stall (main) 445,687ms
[2611,620s][info][gc] GC(5221) Garbage Collection (Allocation Stall) 982M(96%)->952M(93%)
[2612,110s][info][gc] Allocation Stall (main) 456,505ms
[2612,116s][info][gc] GC(5222) Garbage Collection (Allocation Stall) 1002M(98%)->922M(90%)
[2612,600s][info][gc] Allocation Stall (main) 437,620ms
[2612,618s][info][gc] GC(5223) Garbage Collection (Allocation Stall) 982M(96%)->956M(93%)
[2613,114s][info][gc] Allocation Stall (main) 465,292ms
[2613,121s][info][gc] GC(5224) Garbage Collection (Allocation Stall) 1004M(98%)->922M(90%)
[2613,601s][info][gc] Allocation Stall (main) 432,986ms
[2613,617s][info][gc] GC(5225) Garbage Collection (Allocation Stall) 970M(95%)->964M(94%)
[2614,113s][info][gc] Allocation Stall (main) 468,588ms
[2614,128s][info][gc] GC(5226) Garbage Collection (Allocation Stall) 1016M(99%)->918M(90%)
[2614,615s][info][gc] Allocation Stall (main) 433,327ms
[2614,633s][info][gc] GC(5227) Garbage Collection (Allocation Stall) 944M(92%)->986M(96%)
[2615,115s][info][gc] Allocation Stall (main) 462,866ms
[2615,126s][info][gc] GC(5228) Garbage Collection (Allocation Stall) 1002M(98%)->918M(90%)
[2615,599s][info][gc] Allocation Stall (main) 419,205ms
[2615,611s][info][gc] GC(5229) Garbage Collection (Allocation Stall) 944M(92%)->976M(95%)
[2616,100s][info][gc] Allocation Stall (main) 465,476ms
[2616,108s][info][gc] GC(5230) Garbage Collection (Allocation Stall) 1024M(100%)->894M(87%)
[2616,598s][info][gc] Relocation Stall (main) 2,713ms
[2616,598s][info][gc] Allocation Stall (main) 431,717ms
[2616,612s][info][gc] GC(5231) Garbage Collection (Allocation Rate) 964M(94%)->962M(94%)
[2617,118s][info][gc] Relocation Stall (main) 4,637ms
[2617,118s][info][gc] Allocation Stall (main) 477,960ms
[2617,130s][info][gc] GC(5232) Garbage Collection (Allocation Stall) 1024M(100%)->902M(88%)
[2617,608s][info][gc] Allocation Stall (main) 416,617ms
[2617,624s][info][gc] GC(5233) Garbage Collection (Allocation Rate) 922M(90%)->1000M(98%)
[2618,113s][info][gc] Allocation Stall (main) 477,357ms
[2618,121s][info][gc] GC(5234) Garbage Collection (Allocation Stall) 1024M(100%)->892M(87%)
[2618,592s][info][gc] Allocation Stall (main) 410,509ms
[2618,603s][info][gc] GC(5235) Garbage Collection (Allocation Rate) 930M(91%)->988M(96%)
[2619,091s][info][gc] Relocation Stall (main) 5,288ms
[2619,091s][info][gc] Allocation Stall (main) 469,740ms
[2619,103s][info][gc] GC(5236) Garbage Collection (Allocation Stall) 1024M(100%)->894M(87%)
[2619,618s][info][gc] Allocation Stall (main) 459,033ms
[2619,624s][info][gc] GC(5237) Garbage Collection (Allocation Rate) 986M(96%)->932M(91%)
[2620,108s][info][gc] Relocation Stall (main) 8,917ms
[2620,108s][info][gc] Allocation Stall (main) 439,219ms
[2620,120s][info][gc] GC(5238) Garbage Collection (Allocation Stall) 966M(94%)->948M(93%)
[2620,617s][info][gc] Allocation Stall (main) 463,242ms
[2620,631s][info][gc] GC(5239) Garbage Collection (Allocation Stall) 1000M(98%)->922M(90%)
[2621,112s][info][gc] Allocation Stall (main) 431,298ms
[2621,125s][info][gc] GC(5240) Garbage Collection (Allocation Stall) 948M(93%)->968M(95%)
[2621,610s][info][gc] Allocation Stall (main) 458,879ms
[2621,618s][info][gc] GC(5241) Garbage Collection (Allocation Stall) 1008M(98%)->906M(88%)
[2622,095s][info][gc] Allocation Stall (main) 423,255ms
[2622,106s][info][gc] GC(5242) Garbage Collection (Allocation Stall) 954M(93%)->966M(94%)
[2622,600s][info][gc] Allocation Stall (main) 466,941ms
[2622,625s][info][gc] GC(5243) Garbage Collection (Allocation Stall) 1024M(100%)->920M(90%)
[2623,127s][info][gc] Allocation Stall (main) 455,035ms
[2623,135s][info][gc] GC(5244) Garbage Collection (Allocation Rate) 962M(94%)->946M(92%)
[2623,602s][info][gc] Allocation Stall (main) 427,910ms
[2623,618s][info][gc] GC(5245) Garbage Collection (Allocation Stall) 964M(94%)->958M(94%)
[2624,109s][info][gc] Allocation Stall (main) 461,006ms
[2624,114s][info][gc] GC(5246) Garbage Collection (Allocation Stall) 1008M(98%)->900M(88%)
[2624,601s][info][gc] Allocation Stall (main) 431,118ms
[2624,612s][info][gc] GC(5247) Garbage Collection (Allocation Stall) 964M(94%)->956M(93%)
[2625,108s][info][gc] Allocation Stall (main) 464,349ms
[2625,127s][info][gc] GC(5248) Garbage Collection (Allocation Stall) 1024M(100%)->912M(89%)
[2625,618s][info][gc] Allocation Stall (main) 438,794ms
[2625,634s][info][gc] GC(5249) Garbage Collection (Allocation Rate) 946M(92%)->974M(95%)
[2626,124s][info][gc] Allocation Stall (main) 465,335ms
[2626,129s][info][gc] GC(5250) Garbage Collection (Allocation Stall) 984M(96%)->924M(90%)
[2626,599s][info][gc] Allocation Stall (main) 423,461ms
[2626,617s][info][gc] GC(5251) Garbage Collection (Allocation Stall) 956M(93%)->974M(95%)
[2627,129s][info][gc] Allocation Stall (main) 488,822ms
[2627,140s][info][gc] GC(5252) Garbage Collection (Allocation Stall) 1024M(100%)->896M(88%)
[2627,662s][info][gc] Allocation Stall (main) 465,953ms
[2627,679s][info][gc] GC(5253) Garbage Collection (Allocation Stall) 1024M(100%)->912M(89%)
[2628,207s][info][gc] Relocation Stall (main) 5,382ms
[2628,207s][info][gc] Allocation Stall (main) 478,906ms
[2628,218s][info][gc] GC(5254) Garbage Collection (Allocation Stall) 1024M(100%)->898M(88%)
[2628,709s][info][gc] Allocation Stall (main) 432,300ms
[2628,718s][info][gc] GC(5255) Garbage Collection (Allocation Rate) 952M(93%)->966M(94%)
[2629,209s][info][gc] Allocation Stall (main) 463,221ms
[2629,220s][info][gc] GC(5256) Garbage Collection (Allocation Stall) 1020M(100%)->908M(89%)
[2629,706s][info][gc] Allocation Stall (main) 432,692ms
[2629,727s][info][gc] GC(5257) Garbage Collection (Allocation Stall) 958M(94%)->976M(95%)
[2630,229s][info][gc] Allocation Stall (main) 478,571ms
[2630,248s][info][gc] GC(5258) Garbage Collection (Allocation Stall) 1010M(99%)->920M(90%)
[2630,766s][info][gc] Allocation Stall (main) 472,773ms
[2630,774s][info][gc] GC(5259) Garbage Collection (Allocation Stall) 1024M(100%)->894M(87%)
[2631,284s][info][gc] Allocation Stall (main) 455,197ms
[2631,305s][info][gc] GC(5260) Garbage Collection (Allocation Stall) 1024M(100%)->918M(90%)
[2631,818s][info][gc] Allocation Stall (main) 467,521ms
[2631,829s][info][gc] GC(5261) Garbage Collection (Allocation Rate) 1006M(98%)->922M(90%)
[2632,299s][info][gc] Allocation Stall (main) 420,389ms
[2632,319s][info][gc] GC(5262) Garbage Collection (Allocation Stall) 952M(93%)->980M(96%)
[2632,818s][info][gc] Allocation Stall (main) 478,153ms
[2632,825s][info][gc] GC(5263) Garbage Collection (Allocation Stall) 1024M(100%)->894M(87%)
[2633,296s][info][gc] Allocation Stall (main) 407,882ms
[2633,307s][info][gc] GC(5264) Garbage Collection (Allocation Rate) 932M(91%)->990M(97%)
[2633,789s][info][gc] Allocation Stall (main) 464,934ms
[2633,811s][info][gc] GC(5265) Garbage Collection (Allocation Stall) 1024M(100%)->912M(89%)
[2634,328s][info][gc] Allocation Stall (main) 463,617ms
[2634,338s][info][gc] GC(5266) Garbage Collection (Allocation Rate) 984M(96%)->932M(91%)
[2634,800s][info][gc] Allocation Stall (main) 414,912ms
[2634,812s][info][gc] GC(5267) Garbage Collection (Allocation Stall) 936M(91%)->980M(96%)
[2635,306s][info][gc] Relocation Stall (main) 5,285ms
[2635,307s][info][gc] Allocation Stall (main) 474,165ms
[2635,311s][info][gc] GC(5268) Garbage Collection (Allocation Stall) 1024M(100%)->888M(87%)
[2635,799s][info][gc] Allocation Stall (main) 426,525ms
[2635,814s][info][gc] GC(5269) Garbage Collection (Allocation Rate) 958M(94%)->968M(95%)
[2636,310s][info][gc] Allocation Stall (main) 469,689ms
[2636,318s][info][gc] GC(5270) Garbage Collection (Allocation Stall) 1022M(100%)->898M(88%)
[2636,804s][info][gc] Relocation Stall (main) 2,296ms
[2636,804s][info][gc] Allocation Stall (main) 428,605ms
[2636,827s][info][gc] GC(5271) Garbage Collection (Allocation Stall) 954M(93%)->980M(96%)
[2637,335s][info][gc] Allocation Stall (main) 485,009ms
[2637,343s][info][gc] GC(5272) Garbage Collection (Allocation Stall) 1014M(99%)->898M(88%)
[2637,810s][info][gc] Relocation Stall (main) 8,380ms
[2637,811s][info][gc] Allocation Stall (main) 404,044ms
[2637,821s][info][gc] GC(5273) Garbage Collection (Allocation Stall) 900M(88%)->1004M(98%)
[2638,313s][info][gc] Relocation Stall (main) 5,996ms
[2638,313s][info][gc] Allocation Stall (main) 482,632ms
[2638,318s][info][gc] GC(5274) Garbage Collection (Allocation Stall) 1024M(100%)->878M(86%)
[2638,798s][info][gc] Allocation Stall (main) 411,610ms
[2638,808s][info][gc] GC(5275) Garbage Collection (Allocation Rate) 930M(91%)->980M(96%)
[2639,294s][info][gc] Allocation Stall (main) 464,433ms
[2639,301s][info][gc] GC(5276) Garbage Collection (Allocation Stall) 1024M(100%)->892M(87%)
[2639,794s][info][gc] Allocation Stall (main) 435,939ms
[2639,804s][info][gc] GC(5277) Garbage Collection (Allocation Rate) 988M(96%)->938M(92%)
[2640,309s][info][gc] Relocation Stall (main) 4,620ms
[2640,309s][info][gc] Allocation Stall (main) 466,195ms
[2640,326s][info][gc] GC(5278) Garbage Collection (Allocation Stall) 1024M(100%)->906M(88%)
[2640,817s][info][gc] Allocation Stall (main) 436,360ms
[2640,828s][info][gc] GC(5279) Garbage Collection (Allocation Rate) 946M(92%)->974M(95%)
[2641,301s][info][gc] Allocation Stall (main) 448,988ms
[2641,314s][info][gc] GC(5280) Garbage Collection (Allocation Stall) 1006M(98%)->922M(90%)
[2641,802s][info][gc] Allocation Stall (main) 441,027ms
[2641,821s][info][gc] GC(5281) Garbage Collection (Allocation Stall) 980M(96%)->952M(93%)
[2642,317s][info][gc] Allocation Stall (main) 462,935ms
[2642,327s][info][gc] GC(5282) Garbage Collection (Allocation Stall) 998M(97%)->922M(90%)
[2642,800s][info][gc] Allocation Stall (main) 422,730ms
[2642,808s][info][gc] GC(5283) Garbage Collection (Allocation Stall) 948M(93%)->968M(95%)
[2643,293s][info][gc] Allocation Stall (main) 458,325ms
[2643,303s][info][gc] GC(5284) Garbage Collection (Allocation Stall) 1024M(100%)->904M(88%)
[2643,800s][info][gc] Allocation Stall (main) 444,240ms
[2643,813s][info][gc] GC(5285) Garbage Collection (Allocation Rate) 994M(97%)->936M(91%)
[2644,319s][info][gc] Allocation Stall (main) 467,146ms
[2644,347s][info][gc] GC(5286) Garbage Collection (Allocation Stall) 1004M(98%)->940M(92%)
[2644,880s][info][gc] Relocation Stall (main) 5,701ms
[2644,880s][info][gc] Allocation Stall (main) 496,439ms
[2644,885s][info][gc] GC(5287) Garbage Collection (Allocation Stall) 1024M(100%)->888M(87%)
[2645,409s][info][gc] Allocation Stall (main) 465,421ms
[2645,428s][info][gc] GC(5288) Garbage Collection (Allocation Stall) 1024M(100%)->912M(89%)
[2645,910s][info][gc] Allocation Stall (main) 428,009ms
[2645,918s][info][gc] GC(5289) Garbage Collection (Allocation Rate) 934M(91%)->978M(96%)
[2646,402s][info][gc] Allocation Stall (main) 461,333ms
[2646,423s][info][gc] GC(5290) Garbage Collection (Allocation Stall) 1024M(100%)->910M(89%)
[2646,920s][info][gc] Allocation Stall (main) 445,977ms
[2646,933s][info][gc] GC(5291) Garbage Collection (Allocation Rate) 956M(93%)->962M(94%)
[2647,408s][info][gc] Allocation Stall (main) 444,636ms
[2647,421s][info][gc] GC(5292) Garbage Collection (Allocation Stall) 980M(96%)->940M(92%)
[2647,904s][info][gc] Allocation Stall (main) 445,017ms
[2647,918s][info][gc] GC(5293) Garbage Collection (Allocation Stall) 990M(97%)->932M(91%)
[2648,418s][info][gc] Allocation Stall (main) 458,395ms
[2648,424s][info][gc] GC(5294) Garbage Collection (Allocation Stall) 988M(96%)->928M(91%)
[2648,898s][info][gc] Allocation Stall (main) 429,362ms
[2648,907s][info][gc] GC(5295) Garbage Collection (Allocation Stall) 970M(95%)->952M(93%)
[2649,400s][info][gc] Allocation Stall (main) 460,278ms
[2649,423s][info][gc] GC(5296) Garbage Collection (Allocation Stall) 1024M(100%)->916M(89%)
[2649,928s][info][gc] Relocation Stall (main) 3,298ms
[2649,928s][info][gc] Allocation Stall (main) 455,496ms
[2649,937s][info][gc] GC(5297) Garbage Collection (Allocation Rate) 962M(94%)->950M(93%)
[2650,401s][info][gc] Allocation Stall (main) 426,780ms
[2650,410s][info][gc] GC(5298) Garbage Collection (Allocation Stall) 964M(94%)->950M(93%)
[2650,911s][info][gc] Allocation Stall (main) 467,557ms
[2650,930s][info][gc] GC(5299) Garbage Collection (Allocation Stall) 1024M(100%)->908M(89%)
[2651,424s][info][gc] Allocation Stall (main) 437,560ms
[2651,428s][info][gc] GC(5300) Garbage Collection (Allocation Stall) 936M(91%)->972M(95%)
[2651,899s][info][gc] Allocation Stall (main) 446,827ms
[2651,917s][info][gc] GC(5301) Garbage Collection (Allocation Stall) 996M(97%)->934M(91%)
[2652,413s][info][gc] Allocation Stall (main) 454,941ms
[2652,425s][info][gc] GC(5302) Garbage Collection (Allocation Stall) 982M(96%)->940M(92%)
[2652,904s][info][gc] Allocation Stall (main) 439,895ms
[2652,918s][info][gc] GC(5303) Garbage Collection (Allocation Stall) 980M(96%)->942M(92%)
[2653,428s][info][gc] Allocation Stall (main) 473,371ms
[2653,447s][info][gc] GC(5304) Garbage Collection (Allocation Stall) 1000M(98%)->932M(91%)
[2653,972s][info][gc] Relocation Stall (main) 5,268ms
[2653,972s][info][gc] Allocation Stall (main) 484,815ms
[2653,973s][info][gc] GC(5305) Garbage Collection (Allocation Stall) 1024M(100%)->882M(86%)
[2654,491s][info][gc] Relocation Stall (main) 4,685ms
[2654,491s][info][gc] Allocation Stall (main) 457,924ms
[2654,503s][info][gc] GC(5306) Garbage Collection (Allocation Stall) 1024M(100%)->904M(88%)
[2655,010s][info][gc] Allocation Stall (main) 452,313ms
[2655,025s][info][gc] GC(5307) Garbage Collection (Allocation Rate) 986M(96%)->946M(92%)
[2655,514s][info][gc] Relocation Stall (main) 1,064ms
[2655,514s][info][gc] Allocation Stall (main) 452,261ms
[2655,524s][info][gc] GC(5308) Garbage Collection (Allocation Stall) 984M(96%)->938M(92%)
[2656,006s][info][gc] Allocation Stall (main) 441,096ms
[2656,027s][info][gc] GC(5309) Garbage Collection (Allocation Stall) 978M(96%)->956M(93%)
[2656,520s][info][gc] Allocation Stall (main) 462,023ms
[2656,527s][info][gc] GC(5310) Garbage Collection (Allocation Stall) 992M(97%)->920M(90%)
[2656,997s][info][gc] Allocation Stall (main) 419,148ms
[2657,008s][info][gc] GC(5311) Garbage Collection (Allocation Stall) 952M(93%)->966M(94%)
[2657,497s][info][gc] Relocation Stall (main) 3,476ms
[2657,497s][info][gc] Allocation Stall (main) 463,180ms
[2657,507s][info][gc] GC(5312) Garbage Collection (Allocation Stall) 1024M(100%)->898M(88%)
[2658,007s][info][gc] Allocation Stall (main) 443,423ms
[2658,018s][info][gc] GC(5313) Garbage Collection (Allocation Rate) 978M(96%)->944M(92%)
[2658,503s][info][gc] Allocation Stall (main) 449,283ms
[2658,520s][info][gc] GC(5314) Garbage Collection (Allocation Stall) 1000M(98%)->932M(91%)
[2659,009s][info][gc] Allocation Stall (main) 446,484ms
[2659,025s][info][gc] GC(5315) Garbage Collection (Allocation Stall) 982M(96%)->948M(93%)
[2659,520s][info][gc] Relocation Stall (main) 4,010ms
[2659,520s][info][gc] Allocation Stall (main) 459,425ms
[2659,522s][info][gc] GC(5316) Garbage Collection (Allocation Stall) 986M(96%)->920M(90%)
[2660,000s][info][gc] Allocation Stall (main) 428,673ms
[2660,021s][info][gc] GC(5317) Garbage Collection (Allocation Stall) 964M(94%)->966M(94%)
[2660,531s][info][gc] Allocation Stall (main) 484,325ms
[2660,548s][info][gc] GC(5318) Garbage Collection (Allocation Stall) 1016M(99%)->910M(89%)
[2661,071s][info][gc] Allocation Stall (main) 472,772ms
[2661,079s][info][gc] GC(5319) Garbage Collection (Allocation Stall) 1024M(100%)->892M(87%)
[2661,595s][info][gc] Allocation Stall (main) 460,193ms
[2661,608s][info][gc] GC(5320) Garbage Collection (Allocation Stall) 1024M(100%)->908M(89%)
[2662,113s][info][gc] Relocation Stall (main) 2,408ms
[2662,113s][info][gc] Allocation Stall (main) 454,020ms
[2662,133s][info][gc] GC(5321) Garbage Collection (Allocation Rate) 988M(96%)->948M(93%)
[2662,620s][info][gc] Allocation Stall (main) 449,341ms
[2662,639s][info][gc] GC(5322) Garbage Collection (Allocation Stall) 960M(94%)->964M(94%)
[2663,148s][info][gc] Relocation Stall (main) 5,923ms
[2663,149s][info][gc] Allocation Stall (main) 481,810ms
[2663,151s][info][gc] GC(5323) Garbage Collection (Allocation Stall) 1024M(100%)->878M(86%)
[2663,667s][info][gc] Allocation Stall (main) 454,425ms
[2663,677s][info][gc] GC(5324) Garbage Collection (Allocation Stall) 1024M(100%)->902M(88%)
[2664,192s][info][gc] Relocation Stall (main) 4,607ms
[2664,192s][info][gc] Allocation Stall (main) 463,733ms
[2664,208s][info][gc] GC(5325) Garbage Collection (Allocation Stall) 1024M(100%)->908M(89%)
[2664,719s][info][gc] Allocation Stall (main) 459,240ms
[2664,732s][info][gc] GC(5326) Garbage Collection (Allocation Rate) 980M(96%)->946M(92%)
[2665,213s][info][gc] Allocation Stall (main) 442,163ms
[2665,234s][info][gc] GC(5327) Garbage Collection (Allocation Stall) 968M(95%)->962M(94%)
[2665,720s][info][gc] Allocation Stall (main) 456,375ms
[2665,726s][info][gc] GC(5328) Garbage Collection (Allocation Stall) 982M(96%)->928M(91%)
[2666,199s][info][gc] Allocation Stall (main) 426,834ms
[2666,211s][info][gc] GC(5329) Garbage Collection (Allocation Stall) 964M(94%)->956M(93%)
[2666,706s][info][gc] Relocation Stall (main) 4,685ms
[2666,706s][info][gc] Allocation Stall (main) 465,639ms
[2666,713s][info][gc] GC(5330) Garbage Collection (Allocation Stall) 1024M(100%)->890M(87%)
[2667,206s][info][gc] Allocation Stall (main) 432,748ms
[2667,221s][info][gc] GC(5331) Garbage Collection (Allocation Rate) 956M(93%)->972M(95%)
[2667,707s][info][gc] Allocation Stall (main) 461,931ms
[2667,719s][info][gc] GC(5332) Garbage Collection (Allocation Stall) 1020M(100%)->904M(88%)
[2668,217s][info][gc] Allocation Stall (main) 442,160ms
[2668,231s][info][gc] GC(5333) Garbage Collection (Allocation Stall) 956M(93%)->972M(95%)
[2668,714s][info][gc] Allocation Stall (main) 455,941ms
[2668,724s][info][gc] GC(5334) Garbage Collection (Allocation Stall) 986M(96%)->934M(91%)
[2669,201s][info][gc] Allocation Stall (main) 434,913ms
[2669,213s][info][gc] GC(5335) Garbage Collection (Allocation Stall) 968M(95%)->956M(93%)
[2669,709s][info][gc] Allocation Stall (main) 465,241ms
[2669,731s][info][gc] GC(5336) Garbage Collection (Allocation Stall) 1024M(100%)->914M(89%)
[2670,216s][info][gc] Allocation Stall (main) 430,655ms
[2670,224s][info][gc] GC(5337) Garbage Collection (Allocation Stall) 930M(91%)->982M(96%)
[2670,699s][info][gc] Allocation Stall (main) 455,626ms
[2670,708s][info][gc] GC(5338) Garbage Collection (Allocation Stall) 1024M(100%)->896M(88%)
[2671,201s][info][gc] Allocation Stall (main) 436,528ms
[2671,222s][info][gc] GC(5339) Garbage Collection (Allocation Stall) 976M(95%)->962M(94%)
[2671,718s][info][gc] Allocation Stall (main) 467,677ms
[2671,725s][info][gc] GC(5340) Garbage Collection (Allocation Stall) 1008M(98%)->912M(89%)
[2672,194s][info][gc] Allocation Stall (main) 415,131ms
[2672,208s][info][gc] GC(5341) Garbage Collection (Allocation Stall) 950M(93%)->978M(96%)
[2672,709s][info][gc] Relocation Stall (main) 5,170ms
[2672,709s][info][gc] Allocation Stall (main) 479,754ms
[2672,717s][info][gc] GC(5342) Garbage Collection (Allocation Stall) 1024M(100%)->896M(88%)
[2673,207s][info][gc] Allocation Stall (main) 430,963ms
[2673,215s][info][gc] GC(5343) Garbage Collection (Allocation Rate) 952M(93%)->970M(95%)
[2673,705s][info][gc] Relocation Stall (main) 4,318ms
[2673,705s][info][gc] Allocation Stall (main) 464,643ms
[2673,722s][info][gc] GC(5344) Garbage Collection (Allocation Stall) 1024M(100%)->910M(89%)
[2674,230s][info][gc] Allocation Stall (main) 455,270ms
[2674,243s][info][gc] GC(5345) Garbage Collection (Allocation Rate) 956M(93%)->966M(94%)
[2674,741s][info][gc] Allocation Stall (main) 471,238ms
[2674,756s][info][gc] GC(5346) Garbage Collection (Allocation Stall) 1024M(100%)->906M(88%)
[2675,279s][info][gc] Relocation Stall (main) 5,280ms
[2675,279s][info][gc] Allocation Stall (main) 472,961ms
[2675,294s][info][gc] GC(5347) Garbage Collection (Allocation Stall) 1024M(100%)->902M(88%)
[2675,827s][info][gc] Relocation Stall (main) 4,859ms
[2675,827s][info][gc] Allocation Stall (main) 481,637ms
[2675,837s][info][gc] GC(5348) Garbage Collection (Allocation Rate) 1020M(100%)->900M(88%)
[2676,309s][info][gc] Allocation Stall (main) 408,271ms
[2676,320s][info][gc] GC(5349) Garbage Collection (Allocation Stall) 912M(89%)->1002M(98%)
[2676,800s][info][gc] Relocation Stall (main) 5,703ms
[2676,800s][info][gc] Allocation Stall (main) 468,324ms
[2676,810s][info][gc] GC(5350) Garbage Collection (Allocation Stall) 1024M(100%)->890M(87%)
[2677,307s][info][gc] Allocation Stall (main) 435,899ms
[2677,312s][info][gc] GC(5351) Garbage Collection (Allocation Rate) 956M(93%)->952M(93%)
[2677,802s][info][gc] Relocation Stall (main) 12,539ms
[2677,802s][info][gc] Allocation Stall (main) 456,662ms
[2677,803s][info][gc] GC(5352) Garbage Collection (Allocation Stall) 1010M(99%)->894M(87%)
[2678,303s][info][gc] Allocation Stall (main) 442,564ms
[2678,315s][info][gc] GC(5353) Garbage Collection (Allocation Stall) 984M(96%)->940M(92%)
[2678,803s][info][gc] Allocation Stall (main) 450,730ms
[2678,818s][info][gc] GC(5354) Garbage Collection (Allocation Stall) 1004M(98%)->924M(90%)
[2679,302s][info][gc] Allocation Stall (main) 437,761ms
[2679,312s][info][gc] GC(5355) Garbage Collection (Allocation Stall) 970M(95%)->952M(93%)
[2679,806s][info][gc] Allocation Stall (main) 460,933ms
[2679,821s][info][gc] GC(5356) Garbage Collection (Allocation Stall) 1018M(99%)->912M(89%)
[2680,306s][info][gc] Allocation Stall (main) 434,067ms
[2680,320s][info][gc] GC(5357) Garbage Collection (Allocation Stall) 962M(94%)->964M(94%)
[2680,811s][info][gc] Allocation Stall (main) 462,609ms
[2680,831s][info][gc] GC(5358) Garbage Collection (Allocation Stall) 1014M(99%)->920M(90%)
[2681,318s][info][gc] Allocation Stall (main) 436,648ms
[2681,335s][info][gc] GC(5359) Garbage Collection (Allocation Stall) 946M(92%)->974M(95%)
[2681,819s][info][gc] Allocation Stall (main) 459,808ms
[2681,826s][info][gc] GC(5360) Garbage Collection (Allocation Stall) 994M(97%)->918M(90%)
[2682,297s][info][gc] Allocation Stall (main) 419,280ms
[2682,307s][info][gc] GC(5361) Garbage Collection (Allocation Stall) 952M(93%)->962M(94%)
[2682,795s][info][gc] Allocation Stall (main) 460,643ms
[2682,810s][info][gc] GC(5362) Garbage Collection (Allocation Stall) 1024M(100%)->902M(88%)
[2683,308s][info][gc] Allocation Stall (main) 443,195ms
[2683,321s][info][gc] GC(5363) Garbage Collection (Allocation Rate) 976M(95%)->948M(93%)
[2683,811s][info][gc] Allocation Stall (main) 454,657ms
[2683,834s][info][gc] GC(5364) Garbage Collection (Allocation Stall) 996M(97%)->938M(92%)
[2684,325s][info][gc] Allocation Stall (main) 446,646ms
[2684,334s][info][gc] GC(5365) Garbage Collection (Allocation Stall) 948M(93%)->960M(94%)
[2684,798s][info][gc] Allocation Stall (main) 432,407ms
[2684,808s][info][gc] GC(5366) Garbage Collection (Allocation Stall) 980M(96%)->932M(91%)
[2685,293s][info][gc] Allocation Stall (main) 442,676ms
[2685,300s][info][gc] GC(5367) Garbage Collection (Allocation Stall) 998M(97%)->920M(90%)
[2685,802s][info][gc] Allocation Stall (main) 455,336ms
[2685,815s][info][gc] GC(5368) Garbage Collection (Allocation Stall) 1018M(99%)->914M(89%)
[2686,312s][info][gc] Allocation Stall (main) 447,135ms
[2686,330s][info][gc] GC(5369) Garbage Collection (Allocation Stall) 976M(95%)->956M(93%)
[2686,819s][info][gc] Allocation Stall (main) 456,845ms
[2686,827s][info][gc] GC(5370) Garbage Collection (Allocation Stall) 980M(96%)->936M(91%)
[2687,301s][info][gc] Allocation Stall (main) 433,013ms
[2687,322s][info][gc] GC(5371) Garbage Collection (Allocation Stall) 972M(95%)->960M(94%)
[2687,823s][info][gc] Allocation Stall (main) 472,378ms
[2687,830s][info][gc] GC(5372) Garbage Collection (Allocation Stall) 1008M(98%)->908M(89%)
[2688,297s][info][gc] Allocation Stall (main) 409,270ms
[2688,311s][info][gc] GC(5373) Garbage Collection (Allocation Stall) 934M(91%)->988M(96%)
[2688,796s][info][gc] Allocation Stall (main) 467,348ms
[2688,805s][info][gc] GC(5374) Garbage Collection (Allocation Stall) 1024M(100%)->898M(88%)
[2689,297s][info][gc] Allocation Stall (main) 435,818ms
[2689,307s][info][gc] GC(5375) Garbage Collection (Allocation Rate) 984M(96%)->942M(92%)
[2689,815s][info][gc] Allocation Stall (main) 471,463ms
[2689,841s][info][gc] GC(5376) Garbage Collection (Allocation Stall) 1024M(100%)->922M(90%)
[2690,367s][info][gc] Allocation Stall (main) 483,510ms
[2690,382s][info][gc] GC(5377) Garbage Collection (Allocation Stall) 1024M(100%)->904M(88%)
[2690,906s][info][gc] Relocation Stall (main) 5,565ms
[2690,906s][info][gc] Allocation Stall (main) 472,357ms
[2690,924s][info][gc] GC(5378) Garbage Collection (Allocation Stall) 1024M(100%)->902M(88%)
[2691,423s][info][gc] Allocation Stall (main) 442,763ms
[2691,428s][info][gc] GC(5379) Garbage Collection (Allocation Rate) 946M(92%)->960M(94%)
[2691,903s][info][gc] Relocation Stall (main) 3,888ms
[2691,903s][info][gc] Allocation Stall (main) 443,362ms
[2691,911s][info][gc] GC(5380) Garbage Collection (Allocation Stall) 990M(97%)->924M(90%)
[2692,406s][info][gc] Allocation Stall (main) 451,199ms
[2692,419s][info][gc] GC(5381) Garbage Collection (Allocation Stall) 998M(97%)->926M(90%)
[2692,907s][info][gc] Allocation Stall (main) 444,562ms
[2692,922s][info][gc] GC(5382) Garbage Collection (Allocation Stall) 980M(96%)->950M(93%)
[2693,410s][info][gc] Allocation Stall (main) 453,257ms
[2693,421s][info][gc] GC(5383) Garbage Collection (Allocation Stall) 996M(97%)->928M(91%)
[2693,900s][info][gc] Allocation Stall (main) 433,853ms
[2693,915s][info][gc] GC(5384) Garbage Collection (Allocation Stall) 974M(95%)->952M(93%)
[2694,414s][info][gc] Allocation Stall (main) 467,133ms
[2694,437s][info][gc] GC(5385) Garbage Collection (Allocation Stall) 1016M(99%)->922M(90%)
[2694,923s][info][gc] Allocation Stall (main) 434,618ms
[2694,931s][info][gc] GC(5386) Garbage Collection (Allocation Stall) 936M(91%)->972M(95%)
[2695,407s][info][gc] Relocation Stall (main) 7,145ms
[2695,407s][info][gc] Allocation Stall (main) 450,266ms
[2695,407s][info][gc] GC(5387) Garbage Collection (Allocation Stall) 998M(97%)->904M(88%)
[2695,903s][info][gc] Allocation Stall (main) 441,236ms
[2695,919s][info][gc] GC(5388) Garbage Collection (Allocation Stall) 984M(96%)->946M(92%)
[2696,414s][info][gc] Allocation Stall (main) 459,050ms
[2696,426s][info][gc] GC(5389) Garbage Collection (Allocation Stall) 998M(97%)->924M(90%)
[2696,912s][info][gc] Allocation Stall (main) 437,293ms
[2696,918s][info][gc] GC(5390) Garbage Collection (Allocation Stall) 960M(94%)->956M(93%)
[2697,423s][info][gc] Relocation Stall (main) 15,780ms
[2697,423s][info][gc] Allocation Stall (main) 474,893ms
[2697,425s][info][gc] GC(5391) Garbage Collection (Allocation Stall) 1010M(99%)->896M(88%)
[2697,916s][info][gc] Allocation Stall (main) 431,008ms
[2697,922s][info][gc] GC(5392) Garbage Collection (Allocation Stall) 936M(91%)->978M(96%)
[2698,403s][info][gc] Allocation Stall (main) 459,046ms
[2698,420s][info][gc] GC(5393) Garbage Collection (Allocation Stall) 1014M(99%)->920M(90%)
[2698,910s][info][gc] Allocation Stall (main) 441,962ms
[2698,920s][info][gc] GC(5394) Garbage Collection (Allocation Stall) 960M(94%)->962M(94%)
[2699,422s][info][gc] Allocation Stall (main) 472,964ms
[2699,447s][info][gc] GC(5395) Garbage Collection (Allocation Stall) 1012M(99%)->928M(91%)
[2699,981s][info][gc] Relocation Stall (main) 5,042ms
[2699,982s][info][gc] Allocation Stall (main) 494,161ms
[2699,993s][info][gc] GC(5396) Garbage Collection (Allocation Stall) 1024M(100%)->892M(87%)
[2700,511s][info][gc] Allocation Stall (main) 462,304ms
[2700,520s][info][gc] GC(5397) Garbage Collection (Allocation Rate) 1006M(98%)->912M(89%)
[2700,998s][info][gc] Allocation Stall (main) 428,813ms
[2701,019s][info][gc] GC(5398) Garbage Collection (Allocation Stall) 956M(93%)->976M(95%)
[2701,523s][info][gc] Allocation Stall (main) 483,122ms
[2701,531s][info][gc] GC(5399) Garbage Collection (Allocation Stall) 1024M(100%)->894M(87%)
[2701,993s][info][gc] Allocation Stall (main) 400,963ms
[2702,005s][info][gc] GC(5400) Garbage Collection (Allocation Rate) 920M(90%)->1000M(98%)
[2702,493s][info][gc] Relocation Stall (main) 5,683ms
[2702,493s][info][gc] Allocation Stall (main) 475,322ms
[2702,500s][info][gc] GC(5401) Garbage Collection (Allocation Stall) 1024M(100%)->888M(87%)
[2703,002s][info][gc] Allocation Stall (main) 442,934ms
[2703,016s][info][gc] GC(5402) Garbage Collection (Allocation Rate) 982M(96%)->944M(92%)
[2703,509s][info][gc] Allocation Stall (main) 456,356ms
[2703,525s][info][gc] GC(5403) Garbage Collection (Allocation Stall) 1004M(98%)->926M(90%)
[2704,013s][info][gc] Allocation Stall (main) 442,252ms
[2704,032s][info][gc] GC(5404) Garbage Collection (Allocation Stall) 966M(94%)->964M(94%)
[2704,521s][info][gc] Relocation Stall (main) 4,170ms
[2704,521s][info][gc] Allocation Stall (main) 460,148ms
[2704,524s][info][gc] GC(5405) Garbage Collection (Allocation Stall) 988M(96%)->916M(89%)
[2704,989s][info][gc] Allocation Stall (main) 412,993ms
[2704,996s][info][gc] GC(5406) Garbage Collection (Allocation Stall) 946M(92%)->968M(95%)
[2705,484s][info][gc] Relocation Stall (main) 5,409ms
[2705,484s][info][gc] Allocation Stall (main) 461,728ms
[2705,491s][info][gc] GC(5407) Garbage Collection (Allocation Stall) 1024M(100%)->892M(87%)
[2706,006s][info][gc] Allocation Stall (main) 459,669ms
[2706,021s][info][gc] GC(5408) Garbage Collection (Allocation Rate) 1018M(99%)->916M(89%)
[2706,507s][info][gc] Allocation Stall (main) 436,537ms
[2706,523s][info][gc] GC(5409) Garbage Collection (Allocation Stall) 964M(94%)->964M(94%)
[2707,016s][info][gc] Allocation Stall (main) 465,609ms
[2707,037s][info][gc] GC(5410) Garbage Collection (Allocation Stall) 1008M(98%)->928M(91%)
[2707,530s][info][gc] Relocation Stall (main) 2,337ms
[2707,530s][info][gc] Allocation Stall (main) 445,272ms
[2707,532s][info][gc] GC(5411) Garbage Collection (Allocation Stall) 942M(92%)->962M(94%)
[2708,003s][info][gc] Allocation Stall (main) 440,273ms
[2708,009s][info][gc] GC(5412) Garbage Collection (Allocation Stall) 984M(96%)->930M(91%)
[2708,507s][info][gc] Allocation Stall (main) 456,468ms
[2708,532s][info][gc] GC(5413) Garbage Collection (Allocation Stall) 1008M(98%)->938M(92%)
[2709,028s][info][gc] Allocation Stall (main) 455,965ms
[2709,041s][info][gc] GC(5414) Garbage Collection (Allocation Stall) 964M(94%)->954M(93%)
[2709,539s][info][gc] Allocation Stall (main) 465,471ms
[2709,554s][info][gc] GC(5415) Garbage Collection (Allocation Stall) 1024M(100%)->900M(88%)
[2710,077s][info][gc] Allocation Stall (main) 469,629ms
[2710,085s][info][gc] GC(5416) Garbage Collection (Allocation Stall) 1024M(100%)->896M(88%)
[2710,594s][info][gc] Allocation Stall (main) 455,448ms
[2710,617s][info][gc] GC(5417) Garbage Collection (Allocation Stall) 1024M(100%)->918M(90%)
[2711,141s][info][gc] Allocation Stall (main) 477,800ms
[2711,148s][info][gc] GC(5418) Garbage Collection (Allocation Rate) 980M(96%)->938M(92%)
[2711,650s][info][gc] Allocation Stall (main) 463,193ms
[2711,673s][info][gc] GC(5419) Garbage Collection (Allocation Stall) 1024M(100%)->920M(90%)
[2712,200s][info][gc] Allocation Stall (main) 482,084ms
[2712,215s][info][gc] GC(5420) Garbage Collection (Allocation Stall) 1024M(100%)->908M(89%)
[2712,711s][info][gc] Relocation Stall (main) 3,287ms
[2712,711s][info][gc] Allocation Stall (main) 438,619ms
[2712,716s][info][gc] GC(5421) Garbage Collection (Allocation Rate) 970M(95%)->946M(92%)
[2713,203s][info][gc] Allocation Stall (main) 450,362ms
[2713,226s][info][gc] GC(5422) Garbage Collection (Allocation Stall) 1004M(98%)->934M(91%)
[2713,725s][info][gc] Allocation Stall (main) 457,665ms
[2713,732s][info][gc] GC(5423) Garbage Collection (Allocation Stall) 972M(95%)->940M(92%)
[2714,207s][info][gc] Allocation Stall (main) 433,474ms
[2714,220s][info][gc] GC(5424) Garbage Collection (Allocation Stall) 964M(94%)->960M(94%)
[2714,706s][info][gc] Allocation Stall (main) 455,591ms
[2714,715s][info][gc] GC(5425) Garbage Collection (Allocation Stall) 1010M(99%)->912M(89%)
[2715,195s][info][gc] Allocation Stall (main) 429,036ms
[2715,205s][info][gc] GC(5426) Garbage Collection (Allocation Stall) 972M(95%)->950M(93%)
[2715,693s][info][gc] Allocation Stall (main) 454,473ms
[2715,703s][info][gc] GC(5427) Garbage Collection (Allocation Stall) 1024M(100%)->908M(89%)
[2716,224s][info][gc] Relocation Stall (main) 16,084ms
[2716,224s][info][gc] Allocation Stall (main) 469,850ms
[2716,240s][info][gc] GC(5428) Garbage Collection (Allocation Rate) 998M(97%)->924M(90%)
[2716,741s][info][gc] Allocation Stall (main) 450,219ms
[2716,746s][info][gc] GC(5429) Garbage Collection (Allocation Stall) 932M(91%)->974M(95%)
[2717,229s][info][gc] Relocation Stall (main) 4,587ms
[2717,229s][info][gc] Allocation Stall (main) 458,744ms
[2717,232s][info][gc] GC(5430) Garbage Collection (Allocation Stall) 1024M(100%)->886M(87%)
[2717,696s][info][gc] Allocation Stall (main) 396,091ms
[2717,716s][info][gc] GC(5431) Garbage Collection (Allocation Rate) 910M(89%)->1018M(99%)
[2718,193s][info][gc] Allocation Stall (main) 474,394ms
[2718,206s][info][gc] GC(5432) Garbage Collection (Allocation Stall) 1024M(100%)->898M(88%)
[2718,705s][info][gc] Allocation Stall (main) 442,037ms
[2718,714s][info][gc] GC(5433) Garbage Collection (Allocation Rate) 980M(96%)->938M(92%)
[2719,200s][info][gc] Allocation Stall (main) 446,299ms
[2719,214s][info][gc] GC(5434) Garbage Collection (Allocation Stall) 1000M(98%)->928M(91%)
[2719,712s][info][gc] Allocation Stall (main) 454,392ms
[2719,732s][info][gc] GC(5435) Garbage Collection (Allocation Stall) 994M(97%)->938M(92%)
[2720,227s][info][gc] Allocation Stall (main) 453,013ms
[2720,236s][info][gc] GC(5436) Garbage Collection (Allocation Stall) 962M(94%)->950M(93%)
[2720,705s][info][gc] Allocation Stall (main) 432,346ms
[2720,710s][info][gc] GC(5437) Garbage Collection (Allocation Stall) 966M(94%)->946M(92%)
[2721,199s][info][gc] Allocation Stall (main) 453,965ms
[2721,230s][info][gc] GC(5438) Garbage Collection (Allocation Stall) 1020M(100%)->930M(91%)
[2721,740s][info][gc] Allocation Stall (main) 465,148ms
[2721,749s][info][gc] GC(5439) Garbage Collection (Allocation Stall) 960M(94%)->950M(93%)
[2722,255s][info][gc] Relocation Stall (main) 5,074ms
[2722,255s][info][gc] Allocation Stall (main) 470,629ms
[2722,268s][info][gc] GC(5440) Garbage Collection (Allocation Stall) 1024M(100%)->890M(87%)
[2722,801s][info][gc] Allocation Stall (main) 476,319ms
[2722,809s][info][gc] GC(5441) Garbage Collection (Allocation Stall) 1024M(100%)->890M(87%)
[2723,305s][info][gc] Allocation Stall (main) 434,914ms
[2723,317s][info][gc] GC(5442) Garbage Collection (Allocation Rate) 960M(94%)->964M(94%)
[2723,808s][info][gc] Allocation Stall (main) 462,819ms
[2723,825s][info][gc] GC(5443) Garbage Collection (Allocation Stall) 1022M(100%)->910M(89%)
[2724,309s][info][gc] Allocation Stall (main) 431,584ms
[2724,322s][info][gc] GC(5444) Garbage Collection (Allocation Stall) 952M(93%)->970M(95%)
[2724,814s][info][gc] Allocation Stall (main) 466,650ms
[2724,829s][info][gc] GC(5445) Garbage Collection (Allocation Stall) 1016M(99%)->914M(89%)
[2725,311s][info][gc] Allocation Stall (main) 428,236ms
[2725,317s][info][gc] GC(5446) Garbage Collection (Allocation Stall) 942M(92%)->970M(95%)
[2725,800s][info][gc] Allocation Stall (main) 457,766ms
[2725,824s][info][gc] GC(5447) Garbage Collection (Allocation Stall) 1024M(100%)->914M(89%)
[2726,334s][info][gc] Allocation Stall (main) 461,088ms
[2726,339s][info][gc] GC(5448) Garbage Collection (Allocation Rate) 960M(94%)->952M(93%)
[2726,834s][info][gc] Allocation Stall (main) 461,008ms
[2726,845s][info][gc] GC(5449) Garbage Collection (Allocation Stall) 1024M(100%)->904M(88%)
[2727,368s][info][gc] Relocation Stall (main) 5,085ms
[2727,368s][info][gc] Allocation Stall (main) 472,452ms
[2727,386s][info][gc] GC(5450) Garbage Collection (Allocation Stall) 1024M(100%)->910M(89%)
[2727,912s][info][gc] Allocation Stall (main) 478,218ms
[2727,931s][info][gc] GC(5451) Garbage Collection (Allocation Stall) 1024M(100%)->910M(89%)
[2728,411s][info][gc] Allocation Stall (main) 422,671ms
[2728,417s][info][gc] GC(5452) Garbage Collection (Allocation Rate) 928M(91%)->982M(96%)
[2728,891s][info][gc] Allocation Stall (main) 453,683ms
[2728,910s][info][gc] GC(5453) Garbage Collection (Allocation Stall) 1024M(100%)->912M(89%)
[2729,414s][info][gc] Relocation Stall (main) 0,639ms
[2729,414s][info][gc] Allocation Stall (main) 455,477ms
[2729,427s][info][gc] GC(5454) Garbage Collection (Allocation Rate) 986M(96%)->938M(92%)
[2729,905s][info][gc] Allocation Stall (main) 436,184ms
[2729,910s][info][gc] GC(5455) Garbage Collection (Allocation Stall) 970M(95%)->942M(92%)
[2730,402s][info][gc] Allocation Stall (main) 455,208ms
[2730,418s][info][gc] GC(5456) Garbage Collection (Allocation Stall) 1018M(99%)->918M(90%)
[2730,919s][info][gc] Allocation Stall (main) 453,017ms
[2730,934s][info][gc] GC(5457) Garbage Collection (Allocation Stall) 974M(95%)->954M(93%)
[2731,410s][info][gc] Allocation Stall (main) 442,605ms
[2731,424s][info][gc] GC(5458) Garbage Collection (Allocation Stall) 974M(95%)->950M(93%)
[2731,901s][info][gc] Allocation Stall (main) 442,550ms
[2731,914s][info][gc] GC(5459) Garbage Collection (Allocation Stall) 984M(96%)->938M(92%)
[2732,411s][info][gc] Allocation Stall (main) 458,554ms
[2732,421s][info][gc] GC(5460) Garbage Collection (Allocation Stall) 1004M(98%)->920M(90%)
[2732,898s][info][gc] Allocation Stall (main) 427,992ms
[2732,911s][info][gc] GC(5461) Garbage Collection (Allocation Stall) 966M(94%)->960M(94%)
[2733,407s][info][gc] Allocation Stall (main) 466,772ms
[2733,419s][info][gc] GC(5462) Garbage Collection (Allocation Stall) 1024M(100%)->906M(88%)
[2733,896s][info][gc] Allocation Stall (main) 423,528ms
[2733,899s][info][gc] Allocation Stall (main) 1,093ms
[2733,918s][info][gc] GC(5463) Garbage Collection (Allocation Stall) 960M(94%)->976M(95%)
[2734,423s][info][gc] Relocation Stall (main) 5,159ms
[2734,423s][info][gc] Allocation Stall (main) 483,136ms
[2734,429s][info][gc] GC(5464) Garbage Collection (Allocation Stall) 1024M(100%)->890M(87%)
[2734,911s][info][gc] Relocation Stall (main) 5,854ms
[2734,911s][info][gc] Allocation Stall (main) 415,062ms
[2734,925s][info][gc] GC(5465) Garbage Collection (Allocation Rate) 920M(90%)->996M(97%)
[2735,413s][info][gc] Allocation Stall (main) 474,395ms
[2735,423s][info][gc] GC(5466) Garbage Collection (Allocation Stall) 1024M(100%)->892M(87%)
[2735,899s][info][gc] Allocation Stall (main) 412,410ms
[2735,911s][info][gc] GC(5467) Garbage Collection (Allocation Rate) 932M(91%)->982M(96%)
[2736,398s][info][gc] Relocation Stall (main) 5,063ms
[2736,398s][info][gc] Allocation Stall (main) 467,112ms
[2736,407s][info][gc] GC(5468) Garbage Collection (Allocation Stall) 1024M(100%)->890M(87%)
[2736,906s][info][gc] Relocation Stall (main) 3,327ms
[2736,906s][info][gc] Allocation Stall (main) 438,613ms
[2736,920s][info][gc] GC(5469) Garbage Collection (Allocation Rate) 970M(95%)->952M(93%)
[2737,412s][info][gc] Allocation Stall (main) 459,442ms
[2737,425s][info][gc] GC(5470) Garbage Collection (Allocation Stall) 1004M(98%)->918M(90%)
[2737,907s][info][gc] Allocation Stall (main) 432,460ms
[2737,918s][info][gc] GC(5471) Garbage Collection (Allocation Stall) 958M(94%)->960M(94%)
[2738,404s][info][gc] Allocation Stall (main) 456,504ms
[2738,420s][info][gc] GC(5472) Garbage Collection (Allocation Stall) 1016M(99%)->916M(89%)
[2738,907s][info][gc] Allocation Stall (main) 437,481ms
[2738,926s][info][gc] GC(5473) Garbage Collection (Allocation Stall) 966M(94%)->960M(94%)
[2739,420s][info][gc] Allocation Stall (main) 463,732ms
[2739,437s][info][gc] GC(5474) Garbage Collection (Allocation Stall) 988M(96%)->930M(91%)
[2739,923s][info][gc] Allocation Stall (main) 437,688ms
[2739,929s][info][gc] GC(5475) Garbage Collection (Allocation Stall) 942M(92%)->960M(94%)
[2740,399s][info][gc] Allocation Stall (main) 439,630ms
[2740,407s][info][gc] GC(5476) Garbage Collection (Allocation Stall) 990M(97%)->926M(90%)
[2740,900s][info][gc] Allocation Stall (main) 449,399ms
[2740,918s][info][gc] GC(5477) Garbage Collection (Allocation Stall) 1006M(98%)->922M(90%)
[2741,420s][info][gc] Allocation Stall (main) 456,607ms
[2741,430s][info][gc] GC(5478) Garbage Collection (Allocation Stall) 980M(96%)->938M(92%)
[2741,903s][info][gc] Allocation Stall (main) 431,479ms
[2741,912s][info][gc] GC(5479) Garbage Collection (Allocation Stall) 966M(94%)->954M(93%)
[2742,407s][info][gc] Allocation Stall (main) 462,278ms
[2742,424s][info][gc] GC(5480) Garbage Collection (Allocation Stall) 1022M(100%)->912M(89%)
[2742,910s][info][gc] Allocation Stall (main) 434,958ms
[2742,924s][info][gc] GC(5481) Garbage Collection (Allocation Stall) 956M(93%)->968M(95%)
[2743,417s][info][gc] Allocation Stall (main) 467,108ms
[2743,426s][info][gc] GC(5482) Garbage Collection (Allocation Stall) 1010M(99%)->908M(89%)
[2743,909s][info][gc] Allocation Stall (main) 425,049ms
[2743,934s][info][gc] GC(5483) Garbage Collection (Allocation Stall) 936M(91%)->998M(97%)
[2744,436s][info][gc] Allocation Stall (main) 490,194ms
[2744,444s][info][gc] GC(5484) Garbage Collection (Allocation Stall) 1020M(100%)->890M(87%)
[2744,952s][info][gc] Allocation Stall (main) 450,163ms
[2744,960s][info][gc] GC(5485) Garbage Collection (Allocation Stall) 1024M(100%)->898M(88%)
[2745,478s][info][gc] Relocation Stall (main) 5,007ms
[2745,478s][info][gc] Allocation Stall (main) 464,594ms
[2745,500s][info][gc] GC(5486) Garbage Collection (Allocation Stall) 1024M(100%)->912M(89%)
[2746,032s][info][gc] Allocation Stall (main) 485,865ms
[2746,042s][info][gc] GC(5487) Garbage Collection (Allocation Rate) 1018M(99%)->900M(88%)
[2746,572s][info][gc] Relocation Stall (main) 5,504ms
[2746,572s][info][gc] Allocation Stall (main) 477,079ms
[2746,586s][info][gc] GC(5488) Garbage Collection (Allocation Stall) 1024M(100%)->904M(88%)
[2747,122s][info][gc] Allocation Stall (main) 485,007ms
[2747,144s][info][gc] GC(5489) Garbage Collection (Allocation Stall) 1024M(100%)->914M(89%)
[2747,675s][info][gc] Relocation Stall (main) 5,328ms
[2747,675s][info][gc] Allocation Stall (main) 484,345ms
[2747,690s][info][gc] GC(5490) Garbage Collection (Allocation Stall) 1024M(100%)->900M(88%)
[2748,219s][info][gc] Allocation Stall (main) 475,451ms
[2748,226s][info][gc] GC(5491) Garbage Collection (Allocation Stall) 1024M(100%)->896M(88%)
[2748,695s][info][gc] Allocation Stall (main) 407,436ms
[2748,706s][info][gc] GC(5492) Garbage Collection (Allocation Rate) 932M(91%)->990M(97%)
[2749,183s][info][gc] Allocation Stall (main) 460,011ms
[2749,192s][info][gc] GC(5493) Garbage Collection (Allocation Stall) 1024M(100%)->906M(88%)
[2749,706s][info][gc] Allocation Stall (main) 462,071ms
[2749,731s][info][gc] GC(5494) Garbage Collection (Allocation Rate) 1022M(100%)->926M(90%)
[2750,231s][info][gc] Allocation Stall (main) 453,678ms
[2750,241s][info][gc] GC(5495) Garbage Collection (Allocation Stall) 952M(93%)->964M(94%)
[2750,726s][info][gc] Allocation Stall (main) 456,947ms
[2750,741s][info][gc] GC(5496) Garbage Collection (Allocation Stall) 1024M(100%)->908M(89%)
[2751,214s][info][gc] Allocation Stall (main) 414,378ms
[2751,221s][info][gc] GC(5497) Garbage Collection (Allocation Rate) 914M(89%)->1000M(98%)
[2751,690s][info][gc] Allocation Stall (main) 456,227ms
[2751,708s][info][gc] GC(5498) Garbage Collection (Allocation Stall) 1024M(100%)->912M(89%)
[2752,211s][info][gc] Allocation Stall (main) 452,965ms
[2752,225s][info][gc] GC(5499) Garbage Collection (Allocation Rate) 982M(96%)->942M(92%)
[2752,709s][info][gc] Allocation Stall (main) 445,346ms
[2752,716s][info][gc] GC(5500) Garbage Collection (Allocation Stall) 982M(96%)->938M(92%)
[2753,204s][info][gc] Allocation Stall (main) 448,169ms
[2753,218s][info][gc] GC(5501) Garbage Collection (Allocation Stall) 996M(97%)->936M(91%)
[2753,722s][info][gc] Relocation Stall (main) 13,661ms
[2753,722s][info][gc] Allocation Stall (main) 464,289ms
[2753,724s][info][gc] GC(5502) Garbage Collection (Allocation Stall) 992M(97%)->914M(89%)
[2754,215s][info][gc] Relocation Stall (main) 4,369ms
[2754,215s][info][gc] Allocation Stall (main) 438,955ms
[2754,233s][info][gc] GC(5503) Garbage Collection (Allocation Stall) 956M(93%)->966M(94%)
[2754,724s][info][gc] Allocation Stall (main) 463,908ms
[2754,731s][info][gc] GC(5504) Garbage Collection (Allocation Stall) 990M(97%)->922M(90%)
[2755,199s][info][gc] Allocation Stall (main) 416,363ms
[2755,209s][info][gc] GC(5505) Garbage Collection (Allocation Stall) 946M(92%)->970M(95%)
[2755,694s][info][gc] Allocation Stall (main) 459,781ms
[2755,709s][info][gc] GC(5506) Garbage Collection (Allocation Stall) 1024M(100%)->904M(88%)
[2756,218s][info][gc] Relocation Stall (main) 3,968ms
[2756,218s][info][gc] Allocation Stall (main) 455,487ms
[2756,241s][info][gc] GC(5507) Garbage Collection (Allocation Rate) 982M(96%)->948M(93%)
[2756,764s][info][gc] Allocation Stall (main) 488,355ms
[2756,778s][info][gc] GC(5508) Garbage Collection (Allocation Stall) 1024M(100%)->890M(87%)
[2757,306s][info][gc] Relocation Stall (main) 3,755ms
[2757,307s][info][gc] Allocation Stall (main) 471,059ms
[2757,318s][info][gc] GC(5509) Garbage Collection (Allocation Stall) 1024M(100%)->892M(87%)
[2757,809s][info][gc] Allocation Stall (main) 429,623ms
[2757,821s][info][gc] GC(5510) Garbage Collection (Allocation Rate) 946M(92%)->966M(94%)
[2758,303s][info][gc] Allocation Stall (main) 455,688ms
[2758,310s][info][gc] GC(5511) Garbage Collection (Allocation Stall) 1016M(99%)->898M(88%)
[2758,794s][info][gc] Allocation Stall (main) 426,659ms
[2758,813s][info][gc] GC(5512) Garbage Collection (Allocation Stall) 970M(95%)->960M(94%)
[2759,325s][info][gc] Relocation Stall (main) 5,559ms
[2759,325s][info][gc] Allocation Stall (main) 482,940ms
[2759,327s][info][gc] GC(5513) Garbage Collection (Allocation Stall) 1024M(100%)->882M(86%)
[2759,797s][info][gc] Allocation Stall (main) 400,585ms
[2759,809s][info][gc] GC(5514) Garbage Collection (Allocation Rate) 916M(89%)->1004M(98%)
[2760,289s][info][gc] Allocation Stall (main) 469,597ms
[2760,310s][info][gc] GC(5515) Garbage Collection (Allocation Stall) 1024M(100%)->912M(89%)
[2760,817s][info][gc] Allocation Stall (main) 457,564ms
[2760,826s][info][gc] GC(5516) Garbage Collection (Allocation Rate) 988M(96%)->930M(91%)
[2761,303s][info][gc] Allocation Stall (main) 432,135ms
[2761,325s][info][gc] GC(5517) Garbage Collection (Allocation Stall) 966M(94%)->964M(94%)
[2761,823s][info][gc] Allocation Stall (main) 471,121ms
[2761,830s][info][gc] GC(5518) Garbage Collection (Allocation Stall) 1004M(98%)->906M(88%)
[2762,299s][info][gc] Allocation Stall (main) 409,939ms
[2762,313s][info][gc] GC(5519) Garbage Collection (Allocation Stall) 932M(91%)->988M(96%)
[2762,799s][info][gc] Relocation Stall (main) 5,036ms
[2762,799s][info][gc] Allocation Stall (main) 468,791ms
[2762,801s][info][gc] GC(5520) Garbage Collection (Allocation Stall) 1024M(100%)->882M(86%)
[2763,298s][info][gc] Allocation Stall (main) 435,110ms
[2763,311s][info][gc] GC(5521) Garbage Collection (Allocation Rate) 978M(96%)->950M(93%)
[2763,802s][info][gc] Allocation Stall (main) 457,174ms
[2763,815s][info][gc] GC(5522) Garbage Collection (Allocation Stall) 1010M(99%)->922M(90%)
[2764,310s][info][gc] Relocation Stall (main) 2,402ms
[2764,310s][info][gc] Allocation Stall (main) 448,228ms
[2764,319s][info][gc] GC(5523) Garbage Collection (Allocation Stall) 984M(96%)->940M(92%)
[2764,799s][info][gc] Allocation Stall (main) 439,917ms
[2764,808s][info][gc] GC(5524) Garbage Collection (Allocation Stall) 982M(96%)->946M(92%)
[2765,315s][info][gc] Relocation Stall (main) 4,901ms
[2765,315s][info][gc] Allocation Stall (main) 471,009ms
[2765,338s][info][gc] GC(5525) Garbage Collection (Allocation Stall) 1024M(100%)->920M(90%)
[2765,829s][info][gc] Allocation Stall (main) 437,387ms
[2765,841s][info][gc] GC(5526) Garbage Collection (Allocation Rate) 920M(90%)->996M(97%)
[2766,320s][info][gc] Allocation Stall (main) 464,668ms
[2766,328s][info][gc] GC(5527) Garbage Collection (Allocation Stall) 1024M(100%)->894M(87%)
[2766,793s][info][gc] Allocation Stall (main) 402,169ms
[2766,810s][info][gc] GC(5528) Garbage Collection (Allocation Rate) 926M(90%)->998M(97%)
[2767,298s][info][gc] Relocation Stall (main) 4,961ms
[2767,298s][info][gc] Allocation Stall (main) 475,305ms
[2767,305s][info][gc] GC(5529) Garbage Collection (Allocation Stall) 1024M(100%)->888M(87%)
[2767,809s][info][gc] Allocation Stall (main) 443,484ms
[2767,823s][info][gc] GC(5530) Garbage Collection (Allocation Rate) 972M(95%)->952M(93%)
[2768,307s][info][gc] Allocation Stall (main) 449,657ms
[2768,322s][info][gc] GC(5531) Garbage Collection (Allocation Stall) 984M(96%)->942M(92%)
[2768,815s][info][gc] Relocation Stall (main) 3,108ms
[2768,815s][info][gc] Allocation Stall (main) 455,038ms
[2768,825s][info][gc] GC(5532) Garbage Collection (Allocation Stall) 988M(96%)->928M(91%)
[2769,310s][info][gc] Allocation Stall (main) 439,633ms
[2769,315s][info][gc] GC(5533) Garbage Collection (Allocation Stall) 966M(94%)->944M(92%)
[2769,801s][info][gc] Allocation Stall (main) 449,721ms
[2769,824s][info][gc] GC(5534) Garbage Collection (Allocation Stall) 996M(97%)->940M(92%)
[2770,327s][info][gc] Allocation Stall (main) 464,665ms
[2770,332s][info][gc] GC(5535) Garbage Collection (Allocation Stall) 978M(96%)->932M(91%)
[2770,795s][info][gc] Allocation Stall (main) 418,713ms
[2770,804s][info][gc] GC(5536) Garbage Collection (Allocation Stall) 950M(93%)->968M(95%)
[2771,294s][info][gc] Allocation Stall (main) 463,658ms
[2771,307s][info][gc] GC(5537) Garbage Collection (Allocation Stall) 1024M(100%)->910M(89%)
[2771,818s][info][gc] Allocation Stall (main) 461,005ms
[2771,843s][info][gc] GC(5538) Garbage Collection (Allocation Rate) 986M(96%)->958M(94%)
[2772,358s][info][gc] Allocation Stall (main) 484,317ms
[2772,365s][info][gc] GC(5539) Garbage Collection (Allocation Stall) 1024M(100%)->896M(88%)
[2772,875s][info][gc] Relocation Stall (main) 4,711ms
[2772,875s][info][gc] Allocation Stall (main) 455,236ms
[2772,887s][info][gc] GC(5540) Garbage Collection (Allocation Stall) 1024M(100%)->904M(88%)
[2773,413s][info][gc] Relocation Stall (main) 5,151ms
[2773,413s][info][gc] Allocation Stall (main) 475,473ms
[2773,430s][info][gc] GC(5541) Garbage Collection (Allocation Stall) 1024M(100%)->908M(89%)
[2773,933s][info][gc] Allocation Stall (main) 438,557ms
[2773,950s][info][gc] GC(5542) Garbage Collection (Allocation Rate) 922M(90%)->1000M(98%)
[2774,437s][info][gc] Allocation Stall (main) 473,793ms
[2774,453s][info][gc] GC(5543) Garbage Collection (Allocation Stall) 1024M(100%)->898M(88%)
[2774,982s][info][gc] Allocation Stall (main) 474,623ms
[2775,000s][info][gc] GC(5544) Garbage Collection (Allocation Stall) 1024M(100%)->900M(88%)
[2775,515s][info][gc] Allocation Stall (main) 461,828ms
[2775,522s][info][gc] GC(5545) Garbage Collection (Allocation Rate) 998M(97%)->914M(89%)
[2775,997s][info][gc] Allocation Stall (main) 422,739ms
[2776,021s][info][gc] GC(5546) Garbage Collection (Allocation Stall) 958M(94%)->972M(95%)
[2776,536s][info][gc] Allocation Stall (main) 490,742ms
[2776,543s][info][gc] GC(5547) Garbage Collection (Allocation Stall) 1020M(100%)->892M(87%)
[2777,004s][info][gc] Allocation Stall (main) 392,768ms
[2777,007s][info][gc] GC(5548) Garbage Collection (Allocation Stall) 892M(87%)->1010M(99%)
[2777,476s][info][gc] Allocation Stall (main) 461,546ms
[2777,488s][info][gc] GC(5549) Garbage Collection (Allocation Stall) 1024M(100%)->898M(88%)
[2778,002s][info][gc] Allocation Stall (main) 461,480ms
[2778,015s][info][gc] GC(5550) Garbage Collection (Allocation Stall) 1024M(100%)->908M(89%)
[2778,517s][info][gc] Allocation Stall (main) 447,403ms
[2778,540s][info][gc] GC(5551) Garbage Collection (Allocation Rate) 964M(94%)->972M(95%)
[2779,046s][info][gc] Allocation Stall (main) 481,393ms
[2779,052s][info][gc] GC(5552) Garbage Collection (Allocation Stall) 1024M(100%)->888M(87%)
[2779,562s][info][gc] Allocation Stall (main) 451,943ms
[2779,579s][info][gc] GC(5553) Garbage Collection (Allocation Stall) 1024M(100%)->910M(89%)
[2780,100s][info][gc] Relocation Stall (main) 5,000ms
[2780,100s][info][gc] Allocation Stall (main) 472,848ms
[2780,112s][info][gc] GC(5554) Garbage Collection (Allocation Stall) 1024M(100%)->900M(88%)
[2780,609s][info][gc] Allocation Stall (main) 440,025ms
[2780,623s][info][gc] GC(5555) Garbage Collection (Allocation Rate) 964M(94%)->954M(93%)
[2781,102s][info][gc] Allocation Stall (main) 446,038ms
[2781,116s][info][gc] GC(5556) Garbage Collection (Allocation Stall) 988M(96%)->938M(92%)
[2781,606s][info][gc] Allocation Stall (main) 450,583ms
[2781,623s][info][gc] GC(5557) Garbage Collection (Allocation Stall) 996M(97%)->934M(91%)
[2782,111s][info][gc] Allocation Stall (main) 447,133ms
[2782,117s][info][gc] GC(5558) Garbage Collection (Allocation Stall) 980M(96%)->936M(91%)
[2782,598s][info][gc] Allocation Stall (main) 440,386ms
[2782,610s][info][gc] GC(5559) Garbage Collection (Allocation Stall) 992M(97%)->934M(91%)
[2783,108s][info][gc] Allocation Stall (main) 458,031ms
[2783,126s][info][gc] GC(5560) Garbage Collection (Allocation Stall) 1010M(99%)->930M(91%)
[2783,616s][info][gc] Allocation Stall (main) 445,608ms
[2783,627s][info][gc] GC(5561) Garbage Collection (Allocation Stall) 966M(94%)->954M(93%)
[2784,102s][info][gc] Allocation Stall (main) 441,956ms
[2784,108s][info][gc] GC(5562) Garbage Collection (Allocation Stall) 988M(96%)->932M(91%)
[2784,600s][info][gc] Allocation Stall (main) 450,648ms
[2784,623s][info][gc] GC(5563) Garbage Collection (Allocation Stall) 1006M(98%)->936M(91%)
[2785,128s][info][gc] Allocation Stall (main) 465,084ms
[2785,134s][info][gc] GC(5564) Garbage Collection (Allocation Stall) 982M(96%)->934M(91%)
[2785,592s][info][gc] Allocation Stall (main) 405,444ms
[2785,600s][info][gc] GC(5565) Garbage Collection (Allocation Stall) 944M(92%)->972M(95%)
[2786,082s][info][gc] Allocation Stall (main) 457,517ms
[2786,097s][info][gc] GC(5566) Garbage Collection (Allocation Stall) 1024M(100%)->912M(89%)
[2786,610s][info][gc] Allocation Stall (main) 464,107ms
[2786,631s][info][gc] GC(5567) Garbage Collection (Allocation Rate) 1018M(99%)->922M(90%)
[2787,122s][info][gc] Allocation Stall (main) 441,763ms
[2787,128s][info][gc] GC(5568) Garbage Collection (Allocation Stall) 948M(93%)->966M(94%)
[2787,608s][info][gc] Relocation Stall (main) 4,218ms
[2787,608s][info][gc] Allocation Stall (main) 451,610ms
[2787,617s][info][gc] GC(5569) Garbage Collection (Allocation Stall) 996M(97%)->924M(90%)
[2788,105s][info][gc] Allocation Stall (main) 442,605ms
[2788,121s][info][gc] GC(5570) Garbage Collection (Allocation Stall) 980M(96%)->948M(93%)
[2788,614s][info][gc] Allocation Stall (main) 458,491ms
[2788,623s][info][gc] GC(5571) Garbage Collection (Allocation Stall) 998M(97%)->922M(90%)
[2789,093s][info][gc] Allocation Stall (main) 423,951ms
[2789,105s][info][gc] GC(5572) Garbage Collection (Allocation Stall) 968M(95%)->956M(93%)
[2789,599s][info][gc] Allocation Stall (main) 462,093ms
[2789,608s][info][gc] GC(5573) Garbage Collection (Allocation Stall) 1024M(100%)->902M(88%)
[2790,102s][info][gc] Allocation Stall (main) 438,875ms
[2790,117s][info][gc] GC(5574) Garbage Collection (Allocation Rate) 970M(95%)->962M(94%)
[2790,610s][info][gc] Allocation Stall (main) 465,326ms
[2790,629s][info][gc] GC(5575) Garbage Collection (Allocation Stall) 1020M(100%)->918M(90%)
[2791,114s][info][gc] Allocation Stall (main) 434,354ms
[2791,125s][info][gc] GC(5576) Garbage Collection (Allocation Stall) 948M(93%)->972M(95%)
[2791,606s][info][gc] Allocation Stall (main) 456,800ms
[2791,622s][info][gc] GC(5577) Garbage Collection (Allocation Stall) 1010M(99%)->918M(90%)
[2792,118s][info][gc] Relocation Stall (main) 6,936ms
[2792,118s][info][gc] Allocation Stall (main) 448,039ms
[2792,126s][info][gc] GC(5578) Garbage Collection (Allocation Stall) 966M(94%)->944M(92%)
[2792,609s][info][gc] Allocation Stall (main) 444,525ms
[2792,614s][info][gc] GC(5579) Garbage Collection (Allocation Stall) 980M(96%)->932M(91%)
[2793,105s][info][gc] Allocation Stall (main) 448,892ms
[2793,134s][info][gc] GC(5580) Garbage Collection (Allocation Stall) 994M(97%)->950M(93%)
[2793,638s][info][gc] Allocation Stall (main) 469,485ms
[2793,645s][info][gc] GC(5581) Garbage Collection (Allocation Stall) 972M(95%)->936M(91%)
[2794,140s][info][gc] Allocation Stall (main) 453,936ms
[2794,154s][info][gc] GC(5582) Garbage Collection (Allocation Stall) 1024M(100%)->900M(88%)
[2794,676s][info][gc] Allocation Stall (main) 469,945ms
[2794,695s][info][gc] GC(5583) Garbage Collection (Allocation Stall) 1024M(100%)->910M(89%)
[2795,217s][info][gc] Allocation Stall (main) 474,059ms
[2795,230s][info][gc] GC(5584) Garbage Collection (Allocation Stall) 1024M(100%)->902M(88%)
[2795,701s][info][gc] Allocation Stall (main) 412,170ms
[2795,714s][info][gc] GC(5585) Garbage Collection (Allocation Rate) 930M(91%)->990M(97%)
[2796,192s][info][gc] Allocation Stall (main) 461,244ms
[2796,202s][info][gc] GC(5586) Garbage Collection (Allocation Stall) 1024M(100%)->900M(88%)
[2796,703s][info][gc] Relocation Stall (main) 3,874ms
[2796,703s][info][gc] Allocation Stall (main) 445,793ms
[2796,717s][info][gc] GC(5587) Garbage Collection (Allocation Rate) 990M(97%)->936M(91%)
[2797,224s][info][gc] Allocation Stall (main) 466,240ms
[2797,242s][info][gc] GC(5588) Garbage Collection (Allocation Stall) 994M(97%)->930M(91%)
[2797,756s][info][gc] Relocation Stall (main) 4,980ms
[2797,756s][info][gc] Allocation Stall (main) 472,498ms
[2797,763s][info][gc] GC(5589) Garbage Collection (Allocation Stall) 1024M(100%)->886M(87%)
[2798,284s][info][gc] Allocation Stall (main) 462,436ms
[2798,303s][info][gc] GC(5590) Garbage Collection (Allocation Stall) 1024M(100%)->910M(89%)
[2798,823s][info][gc] Allocation Stall (main) 471,744ms
[2798,835s][info][gc] GC(5591) Garbage Collection (Allocation Rate) 1004M(98%)->920M(90%)
[2799,303s][info][gc] Allocation Stall (main) 414,519ms
[2799,324s][info][gc] GC(5592) Garbage Collection (Allocation Stall) 936M(91%)->994M(97%)
[2799,822s][info][gc] Allocation Stall (main) 483,304ms
[2799,828s][info][gc] GC(5593) Garbage Collection (Allocation Stall) 1024M(100%)->886M(87%)
[2800,294s][info][gc] Allocation Stall (main) 398,646ms
[2800,309s][info][gc] GC(5594) Garbage Collection (Allocation Stall) 918M(90%)->1002M(98%)
[2800,795s][info][gc] Allocation Stall (main) 474,160ms
[2800,802s][info][gc] GC(5595) Garbage Collection (Allocation Stall) 1024M(100%)->890M(87%)
[2801,292s][info][gc] Allocation Stall (main) 431,998ms
[2801,303s][info][gc] GC(5596) Garbage Collection (Allocation Rate) 984M(96%)->938M(92%)
[2801,805s][info][gc] Allocation Stall (main) 462,625ms
[2801,817s][info][gc] GC(5597) Garbage Collection (Allocation Stall) 1024M(100%)->906M(88%)
[2802,309s][info][gc] Allocation Stall (main) 439,322ms
[2802,334s][info][gc] GC(5598) Garbage Collection (Allocation Rate) 964M(94%)->974M(95%)
[2802,835s][info][gc] Relocation Stall (main) 4,682ms
[2802,835s][info][gc] Allocation Stall (main) 476,894ms
[2802,842s][info][gc] GC(5599) Garbage Collection (Allocation Stall) 996M(97%)->910M(89%)
[2803,350s][info][gc] Allocation Stall (main) 458,555ms
[2803,365s][info][gc] GC(5600) Garbage Collection (Allocation Stall) 1024M(100%)->902M(88%)
[2803,887s][info][gc] Allocation Stall (main) 469,761ms
[2803,896s][info][gc] GC(5601) Garbage Collection (Allocation Stall) 1024M(100%)->902M(88%)
[2804,404s][info][gc] Relocation Stall (main) 1,313ms
[2804,404s][info][gc] Allocation Stall (main) 455,050ms
[2804,424s][info][gc] GC(5602) Garbage Collection (Allocation Rate) 1010M(99%)->930M(91%)
[2804,926s][info][gc] Allocation Stall (main) 458,624ms
[2804,931s][info][gc] GC(5603) Garbage Collection (Allocation Stall) 972M(95%)->944M(92%)
[2805,399s][info][gc] Allocation Stall (main) 426,989ms
[2805,422s][info][gc] GC(5604) Garbage Collection (Allocation Stall) 964M(94%)->976M(95%)
[2805,926s][info][gc] Allocation Stall (main) 482,082ms
[2805,938s][info][gc] GC(5605) Garbage Collection (Allocation Stall) 1024M(100%)->900M(88%)
[2806,399s][info][gc] Allocation Stall (main) 397,532ms
[2806,414s][info][gc] GC(5606) Garbage Collection (Allocation Stall) 910M(89%)->1008M(98%)
[2806,901s][info][gc] Relocation Stall (main) 5,800ms
[2806,901s][info][gc] Allocation Stall (main) 478,478ms
[2806,909s][info][gc] GC(5607) Garbage Collection (Allocation Stall) 1024M(100%)->886M(87%)
[2807,413s][info][gc] Relocation Stall (main) 3,105ms
[2807,413s][info][gc] Allocation Stall (main) 442,464ms
[2807,415s][info][gc] GC(5608) Garbage Collection (Allocation Rate) 962M(94%)->940M(92%)
[2807,894s][info][gc] Allocation Stall (main) 441,518ms
[2807,906s][info][gc] GC(5609) Garbage Collection (Allocation Stall) 1000M(98%)->928M(91%)
[2808,408s][info][gc] Allocation Stall (main) 459,308ms
[2808,423s][info][gc] GC(5610) Garbage Collection (Allocation Stall) 1012M(99%)->922M(90%)
[2808,910s][info][gc] Allocation Stall (main) 440,509ms
[2808,927s][info][gc] GC(5611) Garbage Collection (Allocation Stall) 966M(94%)->966M(94%)
[2809,411s][info][gc] Allocation Stall (main) 455,743ms
[2809,423s][info][gc] GC(5612) Garbage Collection (Allocation Stall) 992M(97%)->934M(91%)
[2809,907s][info][gc] Relocation Stall (main) 3,213ms
[2809,907s][info][gc] Allocation Stall (main) 441,516ms
[2809,922s][info][gc] GC(5613) Garbage Collection (Allocation Stall) 972M(95%)->952M(93%)
[2810,421s][info][gc] Allocation Stall (main) 465,578ms
[2810,441s][info][gc] GC(5614) Garbage Collection (Allocation Stall) 998M(97%)->934M(91%)
[2810,958s][info][gc] Allocation Stall (main) 476,279ms
[2810,966s][info][gc] GC(5615) Garbage Collection (Allocation Stall) 1024M(100%)->894M(87%)
[2811,484s][info][gc] Relocation Stall (main) 5,242ms
[2811,484s][info][gc] Allocation Stall (main) 463,369ms
[2811,504s][info][gc] GC(5616) Garbage Collection (Allocation Stall) 1024M(100%)->908M(89%)
[2812,039s][info][gc] Relocation Stall (main) 1,076ms
[2812,039s][info][gc] Allocation Stall (main) 485,527ms
[2812,050s][info][gc] GC(5617) Garbage Collection (Allocation Rate) 1000M(98%)->918M(90%)
[2812,562s][info][gc] Relocation Stall (main) 4,964ms
[2812,562s][info][gc] Allocation Stall (main) 465,818ms
[2812,568s][info][gc] GC(5618) Garbage Collection (Allocation Stall) 1024M(100%)->890M(87%)
[2813,095s][info][gc] Allocation Stall (main) 470,309ms
[2813,119s][info][gc] GC(5619) Garbage Collection (Allocation Stall) 1024M(100%)->916M(89%)
[2813,628s][info][gc] Relocation Stall (main) 3,200ms
[2813,628s][info][gc] Allocation Stall (main) 460,698ms
[2813,630s][info][gc] GC(5620) Garbage Collection (Allocation Rate) 968M(95%)->936M(91%)
[2814,094s][info][gc] Allocation Stall (main) 420,728ms
[2814,101s][info][gc] GC(5621) Garbage Collection (Allocation Stall) 964M(94%)->956M(93%)
[2814,595s][info][gc] Relocation Stall (main) 5,251ms
[2814,596s][info][gc] Allocation Stall (main) 463,060ms
[2814,613s][info][gc] GC(5622) Garbage Collection (Allocation Stall) 1024M(100%)->912M(89%)
[2815,126s][info][gc] Allocation Stall (main) 462,684ms
[2815,140s][info][gc] GC(5623) Garbage Collection (Allocation Rate) 980M(96%)->946M(92%)
[2815,611s][info][gc] Allocation Stall (main) 431,874ms
[2815,628s][info][gc] GC(5624) Garbage Collection (Allocation Stall) 954M(93%)->970M(95%)
[2816,111s][info][gc] Allocation Stall (main) 456,140ms
[2816,119s][info][gc] GC(5625) Garbage Collection (Allocation Stall) 992M(97%)->922M(90%)
[2816,595s][info][gc] Allocation Stall (main) 427,840ms
[2816,609s][info][gc] GC(5626) Garbage Collection (Allocation Stall) 966M(94%)->954M(93%)
[2817,113s][info][gc] Relocation Stall (main) 5,724ms
[2817,113s][info][gc] Allocation Stall (main) 473,321ms
[2817,125s][info][gc] GC(5627) Garbage Collection (Allocation Stall) 1024M(100%)->894M(87%)
[2817,613s][info][gc] Allocation Stall (main) 424,404ms
[2817,623s][info][gc] GC(5628) Garbage Collection (Allocation Rate) 932M(91%)->982M(96%)
[2818,103s][info][gc] Allocation Stall (main) 459,481ms
[2818,112s][info][gc] GC(5629) Garbage Collection (Allocation Stall) 1024M(100%)->896M(88%)
[2818,600s][info][gc] Allocation Stall (main) 428,872ms
[2818,613s][info][gc] GC(5630) Garbage Collection (Allocation Stall) 962M(94%)->962M(94%)
[2819,107s][info][gc] Allocation Stall (main) 464,885ms
[2819,125s][info][gc] GC(5631) Garbage Collection (Allocation Stall) 1024M(100%)->906M(88%)
[2819,615s][info][gc] Allocation Stall (main) 435,194ms
[2819,624s][info][gc] GC(5632) Garbage Collection (Allocation Rate) 946M(92%)->968M(95%)
[2820,099s][info][gc] Allocation Stall (main) 448,555ms
[2820,110s][info][gc] GC(5633) Garbage Collection (Allocation Stall) 1010M(99%)->914M(89%)
[2820,609s][info][gc] Allocation Stall (main) 449,966ms
[2820,635s][info][gc] GC(5634) Garbage Collection (Allocation Stall) 990M(97%)->950M(93%)
[2821,131s][info][gc] Allocation Stall (main) 460,970ms
[2821,136s][info][gc] GC(5635) Garbage Collection (Allocation Stall) 970M(95%)->934M(91%)
[2821,593s][info][gc] Allocation Stall (main) 410,881ms
[2821,599s][info][gc] GC(5636) Garbage Collection (Allocation Stall) 950M(93%)->964M(94%)
[2822,086s][info][gc] Allocation Stall (main) 458,453ms
[2822,099s][info][gc] GC(5637) Garbage Collection (Allocation Stall) 1024M(100%)->908M(89%)
[2822,607s][info][gc] Allocation Stall (main) 458,474ms
[2822,632s][info][gc] GC(5638) Garbage Collection (Allocation Rate) 1012M(99%)->930M(91%)
[2823,121s][info][gc] Allocation Stall (main) 445,098ms
[2823,127s][info][gc] GC(5639) Garbage Collection (Allocation Stall) 956M(93%)->954M(93%)
[2823,603s][info][gc] Allocation Stall (main) 443,160ms
[2823,624s][info][gc] GC(5640) Garbage Collection (Allocation Stall) 990M(97%)->942M(92%)
[2824,125s][info][gc] Relocation Stall (main) 4,027ms
[2824,125s][info][gc] Allocation Stall (main) 463,762ms
[2824,127s][info][gc] GC(5641) Garbage Collection (Allocation Stall) 986M(96%)->918M(90%)
[2824,607s][info][gc] Allocation Stall (main) 427,538ms
[2824,625s][info][gc] GC(5642) Garbage Collection (Allocation Stall) 948M(93%)->980M(96%)
[2825,122s][info][gc] Allocation Stall (main) 475,262ms
[2825,129s][info][gc] GC(5643) Garbage Collection (Allocation Stall) 1018M(99%)->894M(87%)
[2825,591s][info][gc] Allocation Stall (main) 397,275ms
[2825,606s][info][gc] GC(5644) Garbage Collection (Allocation Stall) 914M(89%)->1004M(98%)
[2826,093s][info][gc] Allocation Stall (main) 475,966ms
[2826,099s][info][gc] GC(5645) Garbage Collection (Allocation Stall) 1024M(100%)->888M(87%)
[2826,594s][info][gc] Allocation Stall (main) 436,672ms
[2826,606s][info][gc] GC(5646) Garbage Collection (Allocation Rate) 990M(97%)->934M(91%)
[2827,108s][info][gc] Allocation Stall (main) 461,309ms
[2827,121s][info][gc] GC(5647) Garbage Collection (Allocation Stall) 1012M(99%)->920M(90%)
[2827,617s][info][gc] Allocation Stall (main) 447,311ms
[2827,639s][info][gc] GC(5648) Garbage Collection (Allocation Stall) 966M(94%)->968M(95%)
[2828,151s][info][gc] Allocation Stall (main) 486,507ms
[2828,159s][info][gc] GC(5649) Garbage Collection (Allocation Stall) 1024M(100%)->892M(87%)
[2828,675s][info][gc] Allocation Stall (main) 459,539ms
[2828,694s][info][gc] GC(5650) Garbage Collection (Allocation Stall) 1024M(100%)->914M(89%)
[2829,215s][info][gc] Allocation Stall (main) 474,833ms
[2829,234s][info][gc] GC(5651) Garbage Collection (Allocation Stall) 1024M(100%)->912M(89%)
[2829,723s][info][gc] Relocation Stall (main) 1,649ms
[2829,723s][info][gc] Allocation Stall (main) 432,565ms
[2829,731s][info][gc] GC(5652) Garbage Collection (Allocation Rate) 930M(91%)->982M(96%)
[2830,201s][info][gc] Allocation Stall (main) 448,135ms
[2830,221s][info][gc] GC(5653) Garbage Collection (Allocation Stall) 996M(97%)->934M(91%)
[2830,719s][info][gc] Allocation Stall (main) 454,141ms
[2830,725s][info][gc] GC(5654) Garbage Collection (Allocation Stall) 972M(95%)->936M(91%)
[2831,192s][info][gc] Allocation Stall (main) 422,837ms
[2831,206s][info][gc] GC(5655) Garbage Collection (Allocation Stall) 968M(95%)->954M(93%)
[2831,706s][info][gc] Allocation Stall (main) 468,807ms
[2831,722s][info][gc] GC(5656) Garbage Collection (Allocation Stall) 1024M(100%)->906M(88%)
[2832,213s][info][gc] Allocation Stall (main) 436,363ms
[2832,220s][info][gc] GC(5657) Garbage Collection (Allocation Rate) 952M(93%)->962M(94%)
[2832,701s][info][gc] Allocation Stall (main) 451,956ms
[2832,714s][info][gc] GC(5658) Garbage Collection (Allocation Stall) 1006M(98%)->924M(90%)
[2833,206s][info][gc] Allocation Stall (main) 446,579ms
[2833,216s][info][gc] GC(5659) Garbage Collection (Allocation Stall) 986M(96%)->938M(92%)
[2833,706s][info][gc] Allocation Stall (main) 450,322ms
[2833,728s][info][gc] GC(5660) Garbage Collection (Allocation Stall) 998M(97%)->944M(92%)
[2834,225s][info][gc] Allocation Stall (main) 457,722ms
[2834,250s][info][gc] GC(5661) Garbage Collection (Allocation Stall) 968M(95%)->968M(95%)
[2834,768s][info][gc] Relocation Stall (main) 4,878ms
[2834,768s][info][gc] Allocation Stall (main) 491,680ms
[2834,769s][info][gc] GC(5662) Garbage Collection (Allocation Stall) 1024M(100%)->874M(85%)
[2835,281s][info][gc] Allocation Stall (main) 449,523ms
[2835,292s][info][gc] GC(5663) Garbage Collection (Allocation Stall) 1024M(100%)->900M(88%)
[2835,811s][info][gc] Allocation Stall (main) 465,344ms
[2835,834s][info][gc] GC(5664) Garbage Collection (Allocation Rate) 1020M(100%)->922M(90%)
[2836,322s][info][gc] Allocation Stall (main) 437,383ms
[2836,334s][info][gc] GC(5665) Garbage Collection (Allocation Stall) 940M(92%)->976M(95%)
[2836,812s][info][gc] Relocation Stall (main) 2,314ms
[2836,812s][info][gc] Allocation Stall (main) 453,767ms
[2836,818s][info][gc] GC(5666) Garbage Collection (Allocation Stall) 994M(97%)->918M(90%)
[2837,294s][info][gc] Allocation Stall (main) 427,294ms
[2837,305s][info][gc] GC(5667) Garbage Collection (Allocation Stall) 972M(95%)->952M(93%)
[2837,805s][info][gc] Relocation Stall (main) 5,096ms
[2837,806s][info][gc] Allocation Stall (main) 467,585ms
[2837,823s][info][gc] GC(5668) Garbage Collection (Allocation Stall) 1024M(100%)->904M(88%)
[2838,316s][info][gc] Allocation Stall (main) 437,463ms
[2838,330s][info][gc] GC(5669) Garbage Collection (Allocation Rate) 948M(93%)->972M(95%)
[2838,807s][info][gc] Allocation Stall (main) 452,294ms
[2838,822s][info][gc] GC(5670) Garbage Collection (Allocation Stall) 1000M(98%)->922M(90%)
[2839,312s][info][gc] Allocation Stall (main) 442,275ms
[2839,319s][info][gc] GC(5671) Garbage Collection (Allocation Stall) 968M(95%)->944M(92%)
[2839,794s][info][gc] Allocation Stall (main) 438,875ms
[2839,802s][info][gc] GC(5672) Garbage Collection (Allocation Stall) 998M(97%)->924M(90%)
[2840,304s][info][gc] Allocation Stall (main) 458,144ms
[2840,321s][info][gc] GC(5673) Garbage Collection (Allocation Stall) 1018M(99%)->920M(90%)
[2840,817s][info][gc] Relocation Stall (main) 0,316ms
[2840,817s][info][gc] Allocation Stall (main) 448,156ms
[2840,840s][info][gc] GC(5674) Garbage Collection (Allocation Stall) 968M(95%)->968M(95%)
[2841,347s][info][gc] Allocation Stall (main) 481,036ms
[2841,356s][info][gc] GC(5675) Garbage Collection (Allocation Stall) 1024M(100%)->896M(88%)
[2841,871s][info][gc] Relocation Stall (main) 4,763ms
[2841,871s][info][gc] Allocation Stall (main) 459,781ms
[2841,879s][info][gc] GC(5676) Garbage Collection (Allocation Stall) 1024M(100%)->898M(88%)
[2842,400s][info][gc] Allocation Stall (main) 466,624ms
[2842,420s][info][gc] GC(5677) Garbage Collection (Allocation Stall) 1024M(100%)->914M(89%)
[2842,910s][info][gc] Allocation Stall (main) 438,598ms
[2842,917s][info][gc] GC(5678) Garbage Collection (Allocation Rate) 954M(93%)->964M(94%)
[2843,398s][info][gc] Allocation Stall (main) 453,037ms
[2843,419s][info][gc] GC(5679) Garbage Collection (Allocation Stall) 1014M(99%)->924M(90%)
[2843,925s][info][gc] Allocation Stall (main) 461,842ms
[2843,930s][info][gc] GC(5680) Garbage Collection (Allocation Stall) 980M(96%)->936M(91%)
[2844,398s][info][gc] Allocation Stall (main) 427,315ms
[2844,408s][info][gc] GC(5681) Garbage Collection (Allocation Stall) 966M(94%)->960M(94%)
[2844,905s][info][gc] Allocation Stall (main) 467,580ms
[2844,918s][info][gc] GC(5682) Garbage Collection (Allocation Stall) 1024M(100%)->914M(89%)
[2845,422s][info][gc] Allocation Stall (main) 453,763ms
[2845,447s][info][gc] GC(5683) Garbage Collection (Allocation Rate) 970M(95%)->974M(95%)
[2845,958s][info][gc] Allocation Stall (main) 488,464ms
[2845,971s][info][gc] GC(5684) Garbage Collection (Allocation Stall) 1024M(100%)->900M(88%)
[2846,485s][info][gc] Allocation Stall (main) 460,718ms
[2846,504s][info][gc] GC(5685) Garbage Collection (Allocation Stall) 1024M(100%)->910M(89%)
[2847,022s][info][gc] Relocation Stall (main) 4,621ms
[2847,022s][info][gc] Allocation Stall (main) 467,863ms
[2847,025s][info][gc] GC(5686) Garbage Collection (Allocation Rate) 998M(97%)->912M(89%)
[2847,498s][info][gc] Allocation Stall (main) 420,577ms
[2847,514s][info][gc] GC(5687) Garbage Collection (Allocation Stall) 952M(93%)->976M(95%)
[2848,013s][info][gc] Allocation Stall (main) 476,656ms
[2848,034s][info][gc] GC(5688) Garbage Collection (Allocation Stall) 1024M(100%)->910M(89%)
[2848,522s][info][gc] Allocation Stall (main) 431,635ms
[2848,525s][info][gc] GC(5689) Garbage Collection (Allocation Rate) 926M(90%)->976M(95%)
[2848,995s][info][gc] Allocation Stall (main) 446,836ms
[2849,004s][info][gc] GC(5690) Garbage Collection (Allocation Stall) 1014M(99%)->910M(89%)
[2849,513s][info][gc] Allocation Stall (main) 455,194ms
[2849,527s][info][gc] GC(5691) Garbage Collection (Allocation Stall) 992M(97%)->940M(92%)
[2850,004s][info][gc] Allocation Stall (main) 439,251ms
[2850,017s][info][gc] GC(5692) Garbage Collection (Allocation Stall) 976M(95%)->952M(93%)
[2850,518s][info][gc] Allocation Stall (main) 468,899ms
[2850,541s][info][gc] GC(5693) Garbage Collection (Allocation Stall) 1012M(99%)->928M(91%)
[2851,065s][info][gc] Relocation Stall (main) 5,099ms
[2851,066s][info][gc] Allocation Stall (main) 483,220ms
[2851,076s][info][gc] GC(5694) Garbage Collection (Allocation Stall) 1024M(100%)->894M(87%)
[2851,603s][info][gc] Relocation Stall (main) 5,414ms
[2851,603s][info][gc] Allocation Stall (main) 471,459ms
[2851,616s][info][gc] GC(5695) Garbage Collection (Allocation Stall) 1024M(100%)->894M(87%)
[2852,108s][info][gc] Allocation Stall (main) 432,683ms
[2852,131s][info][gc] GC(5696) Garbage Collection (Allocation Rate) 948M(93%)->980M(96%)
[2852,624s][info][gc] Allocation Stall (main) 471,943ms
[2852,632s][info][gc] GC(5697) Garbage Collection (Allocation Stall) 1006M(98%)->902M(88%)
[2853,098s][info][gc] Allocation Stall (main) 404,015ms
[2853,102s][info][gc] GC(5698) Garbage Collection (Allocation Stall) 924M(90%)->980M(96%)
[2853,573s][info][gc] Allocation Stall (main) 449,406ms
[2853,588s][info][gc] GC(5699) Garbage Collection (Allocation Stall) 1024M(100%)->904M(88%)
[2854,104s][info][gc] Allocation Stall (main) 465,981ms
[2854,129s][info][gc] GC(5700) Garbage Collection (Allocation Stall) 1024M(100%)->916M(89%)
[2854,625s][info][gc] Allocation Stall (main) 442,502ms
[2854,634s][info][gc] GC(5701) Garbage Collection (Allocation Rate) 944M(92%)->962M(94%)
[2855,111s][info][gc] Relocation Stall (main) 3,851ms
[2855,111s][info][gc] Allocation Stall (main) 445,462ms
[2855,127s][info][gc] GC(5702) Garbage Collection (Allocation Stall) 972M(95%)->944M(92%)
[2855,617s][info][gc] Allocation Stall (main) 453,313ms
[2855,625s][info][gc] GC(5703) Garbage Collection (Allocation Stall) 980M(96%)->928M(91%)
[2856,091s][info][gc] Allocation Stall (main) 421,498ms
[2856,098s][info][gc] GC(5704) Garbage Collection (Allocation Stall) 966M(94%)->946M(92%)
[2856,593s][info][gc] Relocation Stall (main) 4,664ms
[2856,593s][info][gc] Allocation Stall (main) 458,973ms
[2856,604s][info][gc] GC(5705) Garbage Collection (Allocation Stall) 1024M(100%)->894M(87%)
[2857,107s][info][gc] Allocation Stall (main) 446,364ms
[2857,121s][info][gc] GC(5706) Garbage Collection (Allocation Rate) 984M(96%)->938M(92%)
[2857,613s][info][gc] Allocation Stall (main) 452,663ms
[2857,624s][info][gc] GC(5707) Garbage Collection (Allocation Stall) 988M(96%)->934M(91%)
[2858,108s][info][gc] Allocation Stall (main) 441,258ms
[2858,120s][info][gc] GC(5708) Garbage Collection (Allocation Stall) 972M(95%)->950M(93%)
[2858,602s][info][gc] Allocation Stall (main) 448,511ms
[2858,616s][info][gc] GC(5709) Garbage Collection (Allocation Stall) 990M(97%)->936M(91%)
[2859,107s][info][gc] Allocation Stall (main) 451,169ms
[2859,121s][info][gc] GC(5710) Garbage Collection (Allocation Stall) 994M(97%)->930M(91%)
[2859,628s][info][gc] Allocation Stall (main) 464,153ms
[2859,648s][info][gc] GC(5711) Garbage Collection (Allocation Stall) 980M(96%)->952M(93%)
[2860,174s][info][gc] Relocation Stall (main) 5,446ms
[2860,175s][info][gc] Allocation Stall (main) 492,473ms
[2860,179s][info][gc] GC(5712) Garbage Collection (Allocation Stall) 1024M(100%)->886M(87%)
[2860,698s][info][gc] Allocation Stall (main) 459,112ms
[2860,707s][info][gc] GC(5713) Garbage Collection (Allocation Stall) 1024M(100%)->902M(88%)
[2861,201s][info][gc] Relocation Stall (main) 2,899ms
[2861,201s][info][gc] Allocation Stall (main) 433,001ms
[2861,211s][info][gc] GC(5714) Garbage Collection (Allocation Rate) 974M(95%)->954M(93%)
[2861,722s][info][gc] Allocation Stall (main) 478,352ms
[2861,746s][info][gc] GC(5715) Garbage Collection (Allocation Stall) 1024M(100%)->926M(90%)
[2862,282s][info][gc] Relocation Stall (main) 5,345ms
[2862,282s][info][gc] Allocation Stall (main) 493,795ms
[2862,285s][info][gc] GC(5716) Garbage Collection (Allocation Stall) 1024M(100%)->888M(87%)
[2862,800s][info][gc] Allocation Stall (main) 457,240ms
[2862,815s][info][gc] GC(5717) Garbage Collection (Allocation Stall) 1024M(100%)->916M(89%)
[2863,309s][info][gc] Allocation Stall (main) 445,143ms
[2863,330s][info][gc] GC(5718) Garbage Collection (Allocation Rate) 978M(96%)->960M(94%)
[2863,816s][info][gc] Allocation Stall (main) 454,435ms
[2863,833s][info][gc] GC(5719) Garbage Collection (Allocation Stall) 978M(96%)->950M(93%)
[2864,312s][info][gc] Allocation Stall (main) 441,293ms
[2864,325s][info][gc] GC(5720) Garbage Collection (Allocation Stall) 970M(95%)->948M(93%)
[2864,806s][info][gc] Allocation Stall (main) 445,069ms
[2864,815s][info][gc] GC(5721) Garbage Collection (Allocation Stall) 986M(96%)->930M(91%)
[2865,302s][info][gc] Allocation Stall (main) 443,511ms
[2865,308s][info][gc] GC(5722) Garbage Collection (Allocation Stall) 990M(97%)->928M(91%)
[2865,798s][info][gc] Relocation Stall (main) 4,491ms
[2865,798s][info][gc] Allocation Stall (main) 446,876ms
[2865,808s][info][gc] GC(5723) Garbage Collection (Allocation Stall) 1006M(98%)->918M(90%)
[2866,313s][info][gc] Allocation Stall (main) 457,104ms
[2866,336s][info][gc] GC(5724) Garbage Collection (Allocation Stall) 996M(97%)->946M(92%)
[2866,827s][info][gc] Allocation Stall (main) 452,102ms
[2866,835s][info][gc] GC(5725) Garbage Collection (Allocation Stall) 960M(94%)->954M(93%)
[2867,301s][info][gc] Allocation Stall (main) 430,983ms
[2867,314s][info][gc] GC(5726) Garbage Collection (Allocation Stall) 972M(95%)->952M(93%)
[2867,805s][info][gc] Allocation Stall (main) 459,266ms
[2867,820s][info][gc] GC(5727) Garbage Collection (Allocation Stall) 1012M(99%)->916M(89%)
[2868,305s][info][gc] Allocation Stall (main) 436,260ms
[2868,322s][info][gc] GC(5728) Garbage Collection (Allocation Stall) 968M(95%)->960M(94%)
[2868,807s][info][gc] Allocation Stall (main) 456,629ms
[2868,815s][info][gc] GC(5729) Garbage Collection (Allocation Stall) 1008M(98%)->910M(89%)
[2869,294s][info][gc] Allocation Stall (main) 426,061ms
[2869,310s][info][gc] GC(5730) Garbage Collection (Allocation Stall) 964M(94%)->966M(94%)
[2869,806s][info][gc] Allocation Stall (main) 468,741ms
[2869,826s][info][gc] GC(5731) Garbage Collection (Allocation Stall) 1024M(100%)->910M(89%)
[2870,316s][info][gc] Allocation Stall (main) 436,471ms
[2870,327s][info][gc] GC(5732) Garbage Collection (Allocation Rate) 946M(92%)->968M(95%)
[2870,802s][info][gc] Allocation Stall (main) 447,636ms
[2870,819s][info][gc] GC(5733) Garbage Collection (Allocation Stall) 1000M(98%)->924M(90%)
[2871,316s][info][gc] Relocation Stall (main) 2,908ms
[2871,317s][info][gc] Allocation Stall (main) 452,107ms
[2871,321s][info][gc] GC(5734) Garbage Collection (Allocation Stall) 978M(96%)->930M(91%)
[2871,798s][info][gc] Allocation Stall (main) 434,041ms
[2871,810s][info][gc] GC(5735) Garbage Collection (Allocation Stall) 980M(96%)->942M(92%)
[2872,304s][info][gc] Allocation Stall (main) 457,831ms
[2872,320s][info][gc] GC(5736) Garbage Collection (Allocation Stall) 1018M(99%)->914M(89%)
[2872,810s][info][gc] Allocation Stall (main) 440,486ms
[2872,834s][info][gc] GC(5737) Garbage Collection (Allocation Stall) 966M(94%)->964M(94%)
[2873,326s][info][gc] Allocation Stall (main) 464,777ms
[2873,334s][info][gc] GC(5738) Garbage Collection (Allocation Stall) 986M(96%)->924M(90%)
[2873,794s][info][gc] Allocation Stall (main) 408,783ms
[2873,802s][info][gc] GC(5739) Garbage Collection (Allocation Stall) 934M(91%)->976M(95%)
[2874,279s][info][gc] Allocation Stall (main) 455,243ms
[2874,287s][info][gc] GC(5740) Garbage Collection (Allocation Stall) 1024M(100%)->894M(87%)
[2874,800s][info][gc] Allocation Stall (main) 457,339ms
[2874,820s][info][gc] GC(5741) Garbage Collection (Allocation Rate) 1024M(100%)->916M(89%)
[2875,317s][info][gc] Allocation Stall (main) 448,434ms
[2875,325s][info][gc] GC(5742) Garbage Collection (Allocation Stall) 968M(95%)->950M(93%)
[2875,798s][info][gc] Allocation Stall (main) 439,459ms
[2875,819s][info][gc] GC(5743) Garbage Collection (Allocation Stall) 990M(97%)->948M(93%)
[2876,319s][info][gc] Allocation Stall (main) 465,947ms
[2876,327s][info][gc] GC(5744) Garbage Collection (Allocation Stall) 1002M(98%)->916M(89%)
[2876,811s][info][gc] Relocation Stall (main) 1,565ms
[2876,811s][info][gc] Allocation Stall (main) 432,350ms
[2876,840s][info][gc] GC(5745) Garbage Collection (Allocation Stall) 950M(93%)->988M(96%)
[2877,357s][info][gc] Allocation Stall (main) 499,403ms
[2877,365s][info][gc] GC(5746) Garbage Collection (Allocation Stall) 1024M(100%)->884M(86%)
[2877,875s][info][gc] Allocation Stall (main) 451,563ms
[2877,887s][info][gc] GC(5747) Garbage Collection (Allocation Stall) 1024M(100%)->898M(88%)
[2878,400s][info][gc] Allocation Stall (main) 460,625ms
[2878,414s][info][gc] GC(5748) Garbage Collection (Allocation Stall) 1024M(100%)->908M(89%)
[2878,901s][info][gc] Allocation Stall (main) 433,138ms
[2878,912s][info][gc] GC(5749) Garbage Collection (Allocation Rate) 964M(94%)->960M(94%)
[2879,406s][info][gc] Allocation Stall (main) 464,908ms
[2879,431s][info][gc] GC(5750) Garbage Collection (Allocation Stall) 1024M(100%)->920M(90%)
[2879,932s][info][gc] Relocation Stall (main) 2,485ms
[2879,932s][info][gc] Allocation Stall (main) 450,341ms
[2879,936s][info][gc] GC(5751) Garbage Collection (Allocation Rate) 946M(92%)->962M(94%)
[2880,405s][info][gc] Allocation Stall (main) 436,995ms
[2880,427s][info][gc] GC(5752) Garbage Collection (Allocation Stall) 976M(95%)->956M(93%)
[2880,922s][info][gc] Allocation Stall (main) 463,569ms
[2880,934s][info][gc] GC(5753) Garbage Collection (Allocation Stall) 984M(96%)->928M(91%)
[2881,413s][info][gc] Allocation Stall (main) 431,468ms
[2881,417s][info][gc] GC(5754) Garbage Collection (Allocation Stall) 946M(92%)->960M(94%)
[2881,904s][info][gc] Allocation Stall (main) 457,426ms
[2881,918s][info][gc] GC(5755) Garbage Collection (Allocation Stall) 1018M(99%)->910M(89%)
[2882,411s][info][gc] Allocation Stall (main) 442,321ms
[2882,434s][info][gc] GC(5756) Garbage Collection (Allocation Stall) 968M(95%)->964M(94%)
[2882,936s][info][gc] Relocation Stall (main) 9,200ms
[2882,936s][info][gc] Allocation Stall (main) 472,987ms
[2882,938s][info][gc] GC(5757) Garbage Collection (Allocation Stall) 982M(96%)->912M(89%)
[2883,406s][info][gc] Allocation Stall (main) 410,969ms
[2883,414s][info][gc] GC(5758) Garbage Collection (Allocation Stall) 922M(90%)->982M(96%)
[2883,888s][info][gc] Allocation Stall (main) 453,515ms
[2883,895s][info][gc] GC(5759) Garbage Collection (Allocation Stall) 1024M(100%)->892M(87%)
[2884,404s][info][gc] Allocation Stall (main) 453,118ms
[2884,427s][info][gc] GC(5760) Garbage Collection (Allocation Rate) 1004M(98%)->934M(91%)
[2884,921s][info][gc] Allocation Stall (main) 452,689ms
[2884,931s][info][gc] GC(5761) Garbage Collection (Allocation Stall) 970M(95%)->948M(93%)
[2885,403s][info][gc] Allocation Stall (main) 434,361ms
[2885,408s][info][gc] GC(5762) Garbage Collection (Allocation Stall) 974M(95%)->940M(92%)
[2885,897s][info][gc] Allocation Stall (main) 451,685ms
[2885,912s][info][gc] GC(5763) Garbage Collection (Allocation Stall) 1020M(100%)->914M(89%)
[2886,416s][info][gc] Allocation Stall (main) 454,934ms
[2886,440s][info][gc] GC(5764) Garbage Collection (Allocation Stall) 984M(96%)->956M(93%)
[2886,929s][info][gc] Allocation Stall (main) 454,220ms
[2886,936s][info][gc] GC(5765) Garbage Collection (Allocation Stall) 956M(93%)->956M(93%)
[2887,396s][info][gc] Allocation Stall (main) 426,042ms
[2887,404s][info][gc] GC(5766) Garbage Collection (Allocation Stall) 972M(95%)->946M(92%)
[2887,900s][info][gc] Allocation Stall (main) 459,469ms
[2887,920s][info][gc] GC(5767) Garbage Collection (Allocation Stall) 1024M(100%)->914M(89%)
[2888,418s][info][gc] Relocation Stall (main) 3,347ms
[2888,419s][info][gc] Allocation Stall (main) 449,602ms
[2888,428s][info][gc] GC(5768) Garbage Collection (Allocation Rate) 968M(95%)->948M(93%)
[2888,910s][info][gc] Allocation Stall (main) 445,955ms
[2888,926s][info][gc] GC(5769) Garbage Collection (Allocation Stall) 982M(96%)->942M(92%)
[2889,404s][info][gc] Allocation Stall (main) 439,470ms
[2889,421s][info][gc] GC(5770) Garbage Collection (Allocation Stall) 972M(95%)->950M(93%)
[2889,916s][info][gc] Allocation Stall (main) 461,153ms
[2889,926s][info][gc] GC(5771) Garbage Collection (Allocation Stall) 1000M(98%)->916M(89%)
[2890,397s][info][gc] Allocation Stall (main) 418,737ms
[2890,410s][info][gc] GC(5772) Garbage Collection (Allocation Stall) 950M(93%)->968M(95%)
[2890,899s][info][gc] Allocation Stall (main) 462,437ms
[2890,909s][info][gc] GC(5773) Garbage Collection (Allocation Stall) 1024M(100%)->896M(88%)
[2891,398s][info][gc] Allocation Stall (main) 432,236ms
[2891,415s][info][gc] GC(5774) Garbage Collection (Allocation Rate) 974M(95%)->954M(93%)
[2891,915s][info][gc] Allocation Stall (main) 467,519ms
[2891,926s][info][gc] GC(5775) Garbage Collection (Allocation Stall) 1008M(98%)->914M(89%)
[2892,403s][info][gc] Allocation Stall (main) 424,475ms
[2892,418s][info][gc] GC(5776) Garbage Collection (Allocation Stall) 952M(93%)->974M(95%)
[2892,911s][info][gc] Relocation Stall (main) 5,405ms
[2892,911s][info][gc] Allocation Stall (main) 469,661ms
[2892,913s][info][gc] GC(5777) Garbage Collection (Allocation Stall) 1024M(100%)->884M(86%)
[2893,396s][info][gc] Allocation Stall (main) 418,835ms
[2893,410s][info][gc] GC(5778) Garbage Collection (Allocation Rate) 950M(93%)->976M(95%)
[2893,895s][info][gc] Allocation Stall (main) 462,950ms
[2893,907s][info][gc] GC(5779) Garbage Collection (Allocation Stall) 1024M(100%)->904M(88%)
[2894,403s][info][gc] Allocation Stall (main) 443,592ms
[2894,421s][info][gc] GC(5780) Garbage Collection (Allocation Rate) 986M(96%)->950M(93%)
[2894,911s][info][gc] Allocation Stall (main) 456,067ms
[2894,924s][info][gc] GC(5781) Garbage Collection (Allocation Stall) 998M(97%)->932M(91%)
[2895,406s][info][gc] Allocation Stall (main) 440,024ms
[2895,426s][info][gc] GC(5782) Garbage Collection (Allocation Stall) 974M(95%)->956M(93%)
[2895,917s][info][gc] Allocation Stall (main) 459,910ms
[2895,930s][info][gc] GC(5783) Garbage Collection (Allocation Stall) 994M(97%)->926M(90%)
[2896,400s][info][gc] Allocation Stall (main) 420,707ms
[2896,411s][info][gc] GC(5784) Garbage Collection (Allocation Stall) 944M(92%)->970M(95%)
[2896,894s][info][gc] Allocation Stall (main) 457,058ms
[2896,901s][info][gc] GC(5785) Garbage Collection (Allocation Stall) 1024M(100%)->894M(87%)
[2897,405s][info][gc] Relocation Stall (main) 2,576ms
[2897,405s][info][gc] Allocation Stall (main) 442,587ms
[2897,412s][info][gc] GC(5786) Garbage Collection (Allocation Rate) 990M(97%)->934M(91%)
[2897,903s][info][gc] Allocation Stall (main) 450,239ms
[2897,920s][info][gc] GC(5787) Garbage Collection (Allocation Stall) 1002M(98%)->934M(91%)
[2898,410s][info][gc] Allocation Stall (main) 449,502ms
[2898,425s][info][gc] GC(5788) Garbage Collection (Allocation Stall) 986M(96%)->944M(92%)
[2898,906s][info][gc] Allocation Stall (main) 443,478ms
[2898,927s][info][gc] GC(5789) Garbage Collection (Allocation Stall) 978M(96%)->956M(93%)
[2899,417s][info][gc] Allocation Stall (main) 458,293ms
[2899,425s][info][gc] GC(5790) Garbage Collection (Allocation Stall) 986M(96%)->926M(90%)
[2899,889s][info][gc] Allocation Stall (main) 417,069ms
[2899,898s][info][gc] GC(5791) Garbage Collection (Allocation Stall) 954M(93%)->962M(94%)
[2900,388s][info][gc] Allocation Stall (main) 461,414ms
[2900,406s][info][gc] GC(5792) Garbage Collection (Allocation Stall) 1024M(100%)->910M(89%)
[2900,910s][info][gc] Allocation Stall (main) 455,078ms
[2900,921s][info][gc] GC(5793) Garbage Collection (Allocation Rate) 998M(97%)->926M(90%)
[2901,405s][info][gc] Relocation Stall (main) 0,713ms
[2901,405s][info][gc] Allocation Stall (main) 437,994ms
[2901,420s][info][gc] GC(5794) Garbage Collection (Allocation Stall) 966M(94%)->962M(94%)
[2901,923s][info][gc] Relocation Stall (main) 10,771ms
[2901,923s][info][gc] Allocation Stall (main) 474,159ms
[2901,924s][info][gc] GC(5795) Garbage Collection (Allocation Stall) 1012M(99%)->892M(87%)
[2902,401s][info][gc] Allocation Stall (main) 413,551ms
[2902,417s][info][gc] GC(5796) Garbage Collection (Allocation Stall) 934M(91%)->992M(97%)
[2902,903s][info][gc] Allocation Stall (main) 470,455ms
[2902,919s][info][gc] GC(5797) Garbage Collection (Allocation Stall) 1024M(100%)->904M(88%)
[2903,418s][info][gc] Allocation Stall (main) 443,853ms
[2903,427s][info][gc] GC(5798) Garbage Collection (Allocation Rate) 958M(94%)->956M(93%)
[2903,897s][info][gc] Allocation Stall (main) 437,106ms
[2903,907s][info][gc] GC(5799) Garbage Collection (Allocation Stall) 982M(96%)->942M(92%)
[2904,402s][info][gc] Allocation Stall (main) 457,779ms
[2904,412s][info][gc] GC(5800) Garbage Collection (Allocation Stall) 1022M(100%)->906M(88%)
[2904,916s][info][gc] Allocation Stall (main) 451,636ms
[2904,944s][info][gc] GC(5801) Garbage Collection (Allocation Stall) 976M(95%)->968M(95%)
[2905,467s][info][gc] Allocation Stall (main) 498,291ms
[2905,473s][info][gc] GC(5802) Garbage Collection (Allocation Stall) 1024M(100%)->888M(87%)
[2905,991s][info][gc] Relocation Stall (main) 5,119ms
[2905,991s][info][gc] Allocation Stall (main) 459,094ms
[2906,003s][info][gc] GC(5803) Garbage Collection (Allocation Stall) 1024M(100%)->900M(88%)
[2906,514s][info][gc] Allocation Stall (main) 456,417ms
[2906,538s][info][gc] GC(5804) Garbage Collection (Allocation Rate) 986M(96%)->948M(93%)
[2907,029s][info][gc] Allocation Stall (main) 453,016ms
[2907,044s][info][gc] GC(5805) Garbage Collection (Allocation Stall) 958M(94%)->956M(93%)
[2907,544s][info][gc] Allocation Stall (main) 468,554ms
[2907,551s][info][gc] GC(5806) Garbage Collection (Allocation Stall) 1024M(100%)->888M(87%)
[2908,071s][info][gc] Allocation Stall (main) 461,686ms
[2908,087s][info][gc] GC(5807) Garbage Collection (Allocation Stall) 1024M(100%)->906M(88%)
[2908,612s][info][gc] Relocation Stall (main) 5,520ms
[2908,612s][info][gc] Allocation Stall (main) 475,790ms
[2908,622s][info][gc] GC(5808) Garbage Collection (Allocation Stall) 1024M(100%)->894M(87%)
[2909,109s][info][gc] Allocation Stall (main) 425,934ms
[2909,124s][info][gc] GC(5809) Garbage Collection (Allocation Rate) 936M(91%)->984M(96%)
[2909,610s][info][gc] Allocation Stall (main) 466,645ms
[2909,625s][info][gc] GC(5810) Garbage Collection (Allocation Stall) 1024M(100%)->902M(88%)
[2910,101s][info][gc] Allocation Stall (main) 418,161ms
[2910,109s][info][gc] GC(5811) Garbage Collection (Allocation Stall) 934M(91%)->978M(96%)
[2910,595s][info][gc] Relocation Stall (main) 4,928ms
[2910,595s][info][gc] Allocation Stall (main) 463,567ms
[2910,606s][info][gc] GC(5812) Garbage Collection (Allocation Stall) 1024M(100%)->894M(87%)
[2911,107s][info][gc] Allocation Stall (main) 444,057ms
[2911,123s][info][gc] GC(5813) Garbage Collection (Allocation Rate) 980M(96%)->946M(92%)
[2911,610s][info][gc] Allocation Stall (main) 452,008ms
[2911,616s][info][gc] GC(5814) Garbage Collection (Allocation Stall) 992M(97%)->920M(90%)
[2912,100s][info][gc] Relocation Stall (main) 2,820ms
[2912,100s][info][gc] Allocation Stall (main) 436,382ms
[2912,112s][info][gc] GC(5815) Garbage Collection (Allocation Stall) 980M(96%)->946M(92%)
[2912,611s][info][gc] Allocation Stall (main) 463,149ms
[2912,622s][info][gc] GC(5816) Garbage Collection (Allocation Stall) 1014M(99%)->912M(89%)
[2913,103s][info][gc] Allocation Stall (main) 428,684ms
[2913,123s][info][gc] GC(5817) Garbage Collection (Allocation Stall) 958M(94%)->976M(95%)
[2913,618s][info][gc] Allocation Stall (main) 472,969ms
[2913,630s][info][gc] GC(5818) Garbage Collection (Allocation Stall) 1020M(100%)->902M(88%)
[2914,106s][info][gc] Allocation Stall (main) 415,479ms
[2914,116s][info][gc] GC(5819) Garbage Collection (Allocation Stall) 930M(91%)->988M(96%)
[2914,592s][info][gc] Allocation Stall (main) 459,063ms
[2914,612s][info][gc] GC(5820) Garbage Collection (Allocation Stall) 1024M(100%)->910M(89%)
[2915,112s][info][gc] Allocation Stall (main) 448,731ms
[2915,123s][info][gc] GC(5821) Garbage Collection (Allocation Rate) 978M(96%)->942M(92%)
[2915,598s][info][gc] Allocation Stall (main) 436,211ms
[2915,606s][info][gc] GC(5822) Garbage Collection (Allocation Stall) 984M(96%)->932M(91%)
[2916,098s][info][gc] Allocation Stall (main) 451,104ms
[2916,117s][info][gc] GC(5823) Garbage Collection (Allocation Stall) 1008M(98%)->928M(91%)
[2916,612s][info][gc] Allocation Stall (main) 452,291ms
[2916,625s][info][gc] GC(5824) Garbage Collection (Allocation Stall) 986M(96%)->940M(92%)
[2917,105s][info][gc] Allocation Stall (main) 440,162ms
[2917,116s][info][gc] GC(5825) Garbage Collection (Allocation Stall) 976M(95%)->948M(93%)
[2917,604s][info][gc] Allocation Stall (main) 453,682ms
[2917,619s][info][gc] GC(5826) Garbage Collection (Allocation Stall) 1008M(98%)->922M(90%)
[2918,108s][info][gc] Allocation Stall (main) 442,869ms
[2918,119s][info][gc] GC(5827) Garbage Collection (Allocation Stall) 976M(95%)->948M(93%)
[2918,603s][info][gc] Allocation Stall (main) 448,792ms
[2918,613s][info][gc] GC(5828) Garbage Collection (Allocation Stall) 1000M(98%)->928M(91%)
[2919,099s][info][gc] Allocation Stall (main) 442,355ms
[2919,111s][info][gc] GC(5829) Garbage Collection (Allocation Stall) 994M(97%)->936M(91%)
[2919,609s][info][gc] Allocation Stall (main) 458,682ms
[2919,623s][info][gc] GC(5830) Garbage Collection (Allocation Stall) 1008M(98%)->928M(91%)
[2920,107s][info][gc] Allocation Stall (main) 439,150ms
[2920,122s][info][gc] GC(5831) Garbage Collection (Allocation Stall) 970M(95%)->962M(94%)
[2920,604s][info][gc] Allocation Stall (main) 452,830ms
[2920,620s][info][gc] GC(5832) Garbage Collection (Allocation Stall) 998M(97%)->934M(91%)
[2921,112s][info][gc] Allocation Stall (main) 451,670ms
[2921,132s][info][gc] GC(5833) Garbage Collection (Allocation Stall) 986M(96%)->948M(93%)
[2921,621s][info][gc] Allocation Stall (main) 453,067ms
[2921,631s][info][gc] GC(5834) Garbage Collection (Allocation Stall) 972M(95%)->944M(92%)
[2922,103s][info][gc] Allocation Stall (main) 432,435ms
[2922,114s][info][gc] GC(5835) Garbage Collection (Allocation Stall) 970M(95%)->948M(93%)
[2922,601s][info][gc] Allocation Stall (main) 452,049ms
[2922,612s][info][gc] GC(5836) Garbage Collection (Allocation Stall) 1010M(99%)->914M(89%)
[2923,099s][info][gc] Allocation Stall (main) 437,995ms
[2923,109s][info][gc] GC(5837) Garbage Collection (Allocation Stall) 984M(96%)->942M(92%)
[2923,608s][info][gc] Allocation Stall (main) 461,565ms
[2923,633s][info][gc] GC(5838) Garbage Collection (Allocation Stall) 1008M(98%)->934M(91%)
[2924,128s][info][gc] Allocation Stall (main) 452,584ms
[2924,136s][info][gc] GC(5839) Garbage Collection (Allocation Stall) 958M(94%)->952M(93%)
[2924,596s][info][gc] Allocation Stall (main) 422,630ms
[2924,608s][info][gc] GC(5840) Garbage Collection (Allocation Stall) 960M(94%)->958M(94%)
[2925,109s][info][gc] Relocation Stall (main) 5,140ms
[2925,109s][info][gc] Allocation Stall (main) 471,304ms
[2925,121s][info][gc] GC(5841) Garbage Collection (Allocation Stall) 1024M(100%)->894M(87%)
[2925,614s][info][gc] Allocation Stall (main) 428,224ms
[2925,630s][info][gc] GC(5842) Garbage Collection (Allocation Rate) 942M(92%)->976M(95%)
[2926,106s][info][gc] Allocation Stall (main) 453,181ms
[2926,119s][info][gc] GC(5843) Garbage Collection (Allocation Stall) 996M(97%)->920M(90%)
[2926,618s][info][gc] Allocation Stall (main) 450,929ms
[2926,622s][info][gc] GC(5844) Garbage Collection (Allocation Stall) 974M(95%)->934M(91%)
[2927,098s][info][gc] Allocation Stall (main) 434,058ms
[2927,112s][info][gc] GC(5845) Garbage Collection (Allocation Stall) 972M(95%)->952M(93%)
[2927,611s][info][gc] Allocation Stall (main) 466,558ms
[2927,619s][info][gc] GC(5846) Garbage Collection (Allocation Stall) 1022M(100%)->900M(88%)
[2928,101s][info][gc] Relocation Stall (main) 7,162ms
[2928,101s][info][gc] Allocation Stall (main) 423,569ms
[2928,109s][info][gc] GC(5847) Garbage Collection (Allocation Stall) 946M(92%)->970M(95%)
[2928,613s][info][gc] Relocation Stall (main) 4,802ms
[2928,613s][info][gc] Allocation Stall (main) 478,062ms
[2928,615s][info][gc] GC(5848) Garbage Collection (Allocation Stall) 1024M(100%)->888M(87%)
[2929,114s][info][gc] Allocation Stall (main) 434,935ms
[2929,138s][info][gc] GC(5849) Garbage Collection (Allocation Rate) 944M(92%)->996M(97%)
[2929,646s][info][gc] Allocation Stall (main) 494,692ms
[2929,655s][info][gc] GC(5850) Garbage Collection (Allocation Stall) 1024M(100%)->890M(87%)
[2930,170s][info][gc] Allocation Stall (main) 458,474ms
[2930,191s][info][gc] GC(5851) Garbage Collection (Allocation Stall) 1024M(100%)->912M(89%)
[2930,712s][info][gc] Allocation Stall (main) 472,732ms
[2930,725s][info][gc] GC(5852) Garbage Collection (Allocation Stall) 1024M(100%)->904M(88%)
[2931,203s][info][gc] Allocation Stall (main) 421,017ms
[2931,215s][info][gc] GC(5853) Garbage Collection (Allocation Rate) 942M(92%)->978M(96%)
[2931,702s][info][gc] Allocation Stall (main) 464,972ms
[2931,719s][info][gc] GC(5854) Garbage Collection (Allocation Stall) 1024M(100%)->906M(88%)
[2932,214s][info][gc] Allocation Stall (main) 441,140ms
[2932,220s][info][gc] GC(5855) Garbage Collection (Allocation Rate) 958M(94%)->954M(93%)
[2932,699s][info][gc] Allocation Stall (main) 446,180ms
[2932,719s][info][gc] GC(5856) Garbage Collection (Allocation Stall) 1004M(98%)->936M(91%)
[2933,218s][info][gc] Allocation Stall (main) 458,025ms
[2933,227s][info][gc] GC(5857) Garbage Collection (Allocation Stall) 988M(96%)->934M(91%)
[2933,698s][info][gc] Allocation Stall (main) 427,114ms
[2933,715s][info][gc] GC(5858) Garbage Collection (Allocation Stall) 966M(94%)->964M(94%)
[2934,217s][info][gc] Relocation Stall (main) 5,741ms
[2934,217s][info][gc] Allocation Stall (main) 474,699ms
[2934,227s][info][gc] GC(5859) Garbage Collection (Allocation Stall) 1024M(100%)->896M(88%)
[2934,700s][info][gc] Allocation Stall (main) 410,037ms
[2934,713s][info][gc] GC(5860) Garbage Collection (Allocation Rate) 922M(90%)->996M(97%)
[2935,201s][info][gc] Relocation Stall (main) 4,297ms
[2935,201s][info][gc] Allocation Stall (main) 473,829ms
[2935,210s][info][gc] GC(5861) Garbage Collection (Allocation Stall) 1024M(100%)->890M(87%)
[2935,701s][info][gc] Allocation Stall (main) 430,088ms
[2935,708s][info][gc] GC(5862) Garbage Collection (Allocation Rate) 956M(93%)->958M(94%)
[2936,203s][info][gc] Allocation Stall (main) 463,982ms
[2936,216s][info][gc] GC(5863) Garbage Collection (Allocation Stall) 1024M(100%)->904M(88%)
[2936,712s][info][gc] Relocation Stall (main) 1,919ms
[2936,712s][info][gc] Allocation Stall (main) 441,265ms
[2936,719s][info][gc] GC(5864) Garbage Collection (Allocation Rate) 960M(94%)->958M(94%)
[2937,203s][info][gc] Allocation Stall (main) 454,089ms
[2937,220s][info][gc] GC(5865) Garbage Collection (Allocation Stall) 1012M(99%)->926M(90%)
[2937,721s][info][gc] Allocation Stall (main) 456,241ms
[2937,731s][info][gc] GC(5866) Garbage Collection (Allocation Stall) 974M(95%)->948M(93%)
[2938,201s][info][gc] Allocation Stall (main) 433,314ms
[2938,223s][info][gc] GC(5867) Garbage Collection (Allocation Stall) 970M(95%)->964M(94%)
[2938,725s][info][gc] Allocation Stall (main) 475,097ms
[2938,732s][info][gc] GC(5868) Garbage Collection (Allocation Stall) 1010M(99%)->908M(89%)
[2939,193s][info][gc] Allocation Stall (main) 403,398ms
[2939,202s][info][gc] GC(5869) Garbage Collection (Allocation Stall) 930M(91%)->988M(96%)
[2939,689s][info][gc] Allocation Stall (main) 469,262ms
[2939,706s][info][gc] GC(5870) Garbage Collection (Allocation Stall) 1024M(100%)->912M(89%)
[2940,215s][info][gc] Allocation Stall (main) 459,593ms
[2940,231s][info][gc] GC(5871) Garbage Collection (Allocation Rate) 998M(97%)->936M(91%)
[2940,708s][info][gc] Allocation Stall (main) 434,479ms
[2940,720s][info][gc] GC(5872) Garbage Collection (Allocation Stall) 956M(93%)->968M(95%)
[2941,207s][info][gc] Allocation Stall (main) 460,254ms
[2941,220s][info][gc] GC(5873) Garbage Collection (Allocation Stall) 1018M(99%)->910M(89%)
[2941,705s][info][gc] Allocation Stall (main) 432,588ms
[2941,716s][info][gc] GC(5874) Garbage Collection (Allocation Stall) 960M(94%)->962M(94%)
[2942,207s][info][gc] Allocation Stall (main) 462,680ms
[2942,224s][info][gc] GC(5875) Garbage Collection (Allocation Stall) 1022M(100%)->912M(89%)
[2942,709s][info][gc] Allocation Stall (main) 431,205ms
[2942,735s][info][gc] GC(5876) Garbage Collection (Allocation Stall) 942M(92%)->994M(97%)
[2943,231s][info][gc] Allocation Stall (main) 482,016ms
[2943,242s][info][gc] GC(5877) Garbage Collection (Allocation Stall) 1012M(99%)->904M(88%)
[2943,750s][info][gc] Allocation Stall (main) 456,111ms
[2943,762s][info][gc] GC(5878) Garbage Collection (Allocation Stall) 1024M(100%)->900M(88%)
[2944,285s][info][gc] Relocation Stall (main) 5,330ms
[2944,285s][info][gc] Allocation Stall (main) 469,839ms
[2944,303s][info][gc] GC(5879) Garbage Collection (Allocation Stall) 1024M(100%)->902M(88%)
[2944,828s][info][gc] Allocation Stall (main) 468,028ms
[2944,836s][info][gc] GC(5880) Garbage Collection (Allocation Rate) 994M(97%)->920M(90%)
[2945,296s][info][gc] Allocation Stall (main) 407,395ms
[2945,311s][info][gc] GC(5881) Garbage Collection (Allocation Stall) 928M(91%)->990M(97%)
[2945,794s][info][gc] Allocation Stall (main) 467,355ms
[2945,801s][info][gc] GC(5882) Garbage Collection (Allocation Stall) 1024M(100%)->894M(87%)
[2946,299s][info][gc] Allocation Stall (main) 440,405ms
[2946,321s][info][gc] GC(5883) Garbage Collection (Allocation Rate) 988M(96%)->948M(93%)
[2946,826s][info][gc] Relocation Stall (main) 4,521ms
[2946,826s][info][gc] Allocation Stall (main) 470,705ms
[2946,828s][info][gc] GC(5884) Garbage Collection (Allocation Stall) 998M(97%)->908M(89%)
[2947,304s][info][gc] Allocation Stall (main) 420,174ms
[2947,329s][info][gc] GC(5885) Garbage Collection (Allocation Stall) 942M(92%)->996M(97%)
[2947,829s][info][gc] Allocation Stall (main) 485,778ms
[2947,838s][info][gc] GC(5886) Garbage Collection (Allocation Stall) 1024M(100%)->888M(87%)
[2948,297s][info][gc] Allocation Stall (main) 389,905ms
[2948,310s][info][gc] GC(5887) Garbage Collection (Allocation Rate) 900M(88%)->1012M(99%)
[2948,780s][info][gc] Allocation Stall (main) 463,527ms
[2948,790s][info][gc] GC(5888) Garbage Collection (Allocation Stall) 1024M(100%)->892M(87%)
[2949,293s][info][gc] Allocation Stall (main) 447,759ms
[2949,300s][info][gc] GC(5889) Garbage Collection (Allocation Rate) 1010M(99%)->912M(89%)
[2949,794s][info][gc] Allocation Stall (main) 443,626ms
[2949,811s][info][gc] GC(5890) Garbage Collection (Allocation Stall) 1006M(98%)->932M(91%)
[2950,319s][info][gc] Allocation Stall (main) 467,210ms
[2950,345s][info][gc] GC(5891) Garbage Collection (Allocation Stall) 1006M(98%)->936M(91%)
[2950,883s][info][gc] Relocation Stall (main) 5,650ms
[2950,883s][info][gc] Allocation Stall (main) 499,193ms
[2950,885s][info][gc] GC(5892) Garbage Collection (Allocation Stall) 1024M(100%)->880M(86%)
[2951,400s][info][gc] Allocation Stall (main) 453,253ms
[2951,414s][info][gc] GC(5893) Garbage Collection (Allocation Rate) 1016M(99%)->916M(89%)
[2951,909s][info][gc] Allocation Stall (main) 446,314ms
[2951,931s][info][gc] GC(5894) Garbage Collection (Allocation Stall) 974M(95%)->964M(94%)
[2952,421s][info][gc] Allocation Stall (main) 461,210ms
[2952,440s][info][gc] GC(5895) Garbage Collection (Allocation Stall) 990M(97%)->936M(91%)
[2952,962s][info][gc] Relocation Stall (main) 5,329ms
[2952,962s][info][gc] Allocation Stall (main) 482,839ms
[2952,972s][info][gc] GC(5896) Garbage Collection (Allocation Stall) 1024M(100%)->886M(87%)
[2953,509s][info][gc] Allocation Stall (main) 478,623ms
[2953,524s][info][gc] GC(5897) Garbage Collection (Allocation Stall) 1024M(100%)->900M(88%)
[2954,011s][info][gc] Allocation Stall (main) 429,365ms
[2954,024s][info][gc] GC(5898) Garbage Collection (Allocation Rate) 944M(92%)->974M(95%)
[2954,508s][info][gc] Allocation Stall (main) 460,121ms
[2954,516s][info][gc] GC(5899) Garbage Collection (Allocation Stall) 1014M(99%)->904M(88%)
[2954,993s][info][gc] Allocation Stall (main) 421,093ms
[2955,007s][info][gc] GC(5900) Garbage Collection (Allocation Stall) 954M(93%)->972M(95%)
[2955,498s][info][gc] Relocation Stall (main) 4,481ms
[2955,498s][info][gc] Allocation Stall (main) 466,528ms
[2955,505s][info][gc] GC(5901) Garbage Collection (Allocation Stall) 1024M(100%)->894M(87%)
[2956,008s][info][gc] Allocation Stall (main) 444,911ms
[2956,031s][info][gc] GC(5902) Garbage Collection (Allocation Rate) 980M(96%)->960M(94%)
[2956,522s][info][gc] Allocation Stall (main) 461,639ms
[2956,527s][info][gc] GC(5903) Garbage Collection (Allocation Stall) 988M(96%)->924M(90%)
[2956,993s][info][gc] Relocation Stall (main) 2,268ms
[2956,993s][info][gc] Allocation Stall (main) 415,767ms
[2957,003s][info][gc] GC(5904) Garbage Collection (Allocation Stall) 946M(92%)->972M(95%)
[2957,493s][info][gc] Relocation Stall (main) 4,724ms
[2957,493s][info][gc] Allocation Stall (main) 465,979ms
[2957,500s][info][gc] GC(5905) Garbage Collection (Allocation Stall) 1024M(100%)->894M(87%)
[2958,004s][info][gc] Allocation Stall (main) 446,200ms
[2958,024s][info][gc] GC(5906) Garbage Collection (Allocation Rate) 984M(96%)->952M(93%)
[2958,519s][info][gc] Allocation Stall (main) 462,484ms
[2958,532s][info][gc] GC(5907) Garbage Collection (Allocation Stall) 996M(97%)->928M(91%)
[2959,001s][info][gc] Allocation Stall (main) 420,792ms
[2959,008s][info][gc] GC(5908) Garbage Collection (Allocation Stall) 946M(92%)->970M(95%)
[2959,500s][info][gc] Relocation Stall (main) 5,323ms
[2959,500s][info][gc] Allocation Stall (main) 466,401ms
[2959,518s][info][gc] GC(5909) Garbage Collection (Allocation Stall) 1024M(100%)->906M(88%)
[2960,021s][info][gc] Allocation Stall (main) 449,342ms
[2960,032s][info][gc] GC(5910) Garbage Collection (Allocation Rate) 960M(94%)->954M(93%)
[2960,516s][info][gc] Relocation Stall (main) 3,400ms
[2960,516s][info][gc] Allocation Stall (main) 446,900ms
[2960,518s][info][gc] GC(5911) Garbage Collection (Allocation Stall) 966M(94%)->938M(92%)
[2960,999s][info][gc] Allocation Stall (main) 442,190ms
[2961,013s][info][gc] GC(5912) Garbage Collection (Allocation Stall) 994M(97%)->934M(91%)
[2961,523s][info][gc] Allocation Stall (main) 471,020ms
[2961,548s][info][gc] GC(5913) Garbage Collection (Allocation Stall) 1004M(98%)->936M(91%)
[2962,078s][info][gc] Relocation Stall (main) 5,560ms
[2962,078s][info][gc] Allocation Stall (main) 492,091ms
[2962,080s][info][gc] GC(5914) Garbage Collection (Allocation Stall) 1024M(100%)->878M(86%)
[2962,592s][info][gc] Allocation Stall (main) 449,749ms
[2962,605s][info][gc] GC(5915) Garbage Collection (Allocation Stall) 1024M(100%)->906M(88%)
[2963,120s][info][gc] Allocation Stall (main) 463,317ms
[2963,138s][info][gc] GC(5916) Garbage Collection (Allocation Rate) 988M(96%)->946M(92%)
[2963,618s][info][gc] Allocation Stall (main) 440,334ms
[2963,625s][info][gc] GC(5917) Garbage Collection (Allocation Stall) 956M(93%)->960M(94%)
[2964,096s][info][gc] Allocation Stall (main) 441,320ms
[2964,115s][info][gc] GC(5918) Garbage Collection (Allocation Stall) 992M(97%)->942M(92%)
[2964,622s][info][gc] Relocation Stall (main) 4,495ms
[2964,622s][info][gc] Allocation Stall (main) 469,952ms
[2964,638s][info][gc] GC(5919) Garbage Collection (Allocation Stall) 1004M(98%)->920M(90%)
[2965,110s][info][gc] Allocation Stall (main) 419,969ms
[2965,122s][info][gc] GC(5920) Garbage Collection (Allocation Stall) 922M(90%)->988M(96%)
[2965,611s][info][gc] Relocation Stall (main) 5,235ms
[2965,611s][info][gc] Allocation Stall (main) 471,032ms
[2965,613s][info][gc] GC(5921) Garbage Collection (Allocation Stall) 1024M(100%)->878M(86%)
[2966,104s][info][gc] Relocation Stall (main) 8,194ms
[2966,104s][info][gc] Allocation Stall (main) 424,170ms
[2966,105s][info][gc] GC(5922) Garbage Collection (Allocation Rate) 944M(92%)->954M(93%)
[2966,603s][info][gc] Relocation Stall (main) 4,773ms
[2966,603s][info][gc] Allocation Stall (main) 465,390ms
[2966,617s][info][gc] GC(5923) Garbage Collection (Allocation Stall) 1024M(100%)->900M(88%)
[2967,120s][info][gc] Allocation Stall (main) 446,668ms
[2967,138s][info][gc] GC(5924) Garbage Collection (Allocation Rate) 956M(93%)->966M(94%)
[2967,618s][info][gc] Relocation Stall (main) 3,719ms
[2967,618s][info][gc] Allocation Stall (main) 450,533ms
[2967,621s][info][gc] GC(5925) Garbage Collection (Allocation Stall) 970M(95%)->928M(91%)
[2968,090s][info][gc] Allocation Stall (main) 424,464ms
[2968,098s][info][gc] GC(5926) Garbage Collection (Allocation Stall) 972M(95%)->940M(92%)
[2968,595s][info][gc] Allocation Stall (main) 459,932ms
[2968,606s][info][gc] GC(5927) Garbage Collection (Allocation Stall) 1024M(100%)->902M(88%)
[2969,105s][info][gc] Allocation Stall (main) 444,166ms
[2969,120s][info][gc] GC(5928) Garbage Collection (Allocation Rate) 984M(96%)->946M(92%)
[2969,611s][info][gc] Allocation Stall (main) 456,209ms
[2969,627s][info][gc] GC(5929) Garbage Collection (Allocation Stall) 998M(97%)->934M(91%)
[2970,112s][info][gc] Allocation Stall (main) 442,766ms
[2970,126s][info][gc] GC(5930) Garbage Collection (Allocation Stall) 968M(95%)->956M(93%)
[2970,611s][info][gc] Allocation Stall (main) 453,189ms
[2970,631s][info][gc] GC(5931) Garbage Collection (Allocation Stall) 994M(97%)->936M(91%)
[2971,121s][info][gc] Relocation Stall (main) 2,145ms
[2971,121s][info][gc] Allocation Stall (main) 448,187ms
[2971,133s][info][gc] GC(5932) Garbage Collection (Allocation Stall) 962M(94%)->948M(93%)
[2971,611s][info][gc] Allocation Stall (main) 440,380ms
[2971,616s][info][gc] GC(5933) Garbage Collection (Allocation Stall) 964M(94%)->942M(92%)
[2972,101s][info][gc] Allocation Stall (main) 447,803ms
[2972,117s][info][gc] GC(5934) Garbage Collection (Allocation Stall) 1002M(98%)->924M(90%)
[2972,612s][info][gc] Allocation Stall (main) 450,625ms
[2972,618s][info][gc] GC(5935) Garbage Collection (Allocation Stall) 984M(96%)->932M(91%)
[2973,095s][info][gc] Allocation Stall (main) 434,051ms
[2973,111s][info][gc] GC(5936) Garbage Collection (Allocation Stall) 982M(96%)->948M(93%)
[2973,612s][info][gc] Allocation Stall (main) 467,449ms
[2973,627s][info][gc] GC(5937) Garbage Collection (Allocation Stall) 1022M(100%)->908M(89%)
[2974,107s][info][gc] Allocation Stall (main) 422,978ms
[2974,115s][info][gc] GC(5938) Garbage Collection (Allocation Stall) 942M(92%)->972M(95%)
[2974,613s][info][gc] Relocation Stall (main) 4,655ms
[2974,613s][info][gc] Allocation Stall (main) 474,143ms
[2974,628s][info][gc] GC(5939) Garbage Collection (Allocation Stall) 1024M(100%)->904M(88%)
[2975,116s][info][gc] Allocation Stall (main) 429,427ms
[2975,122s][info][gc] GC(5940) Garbage Collection (Allocation Rate) 936M(91%)->978M(96%)
[2975,599s][info][gc] Allocation Stall (main) 455,063ms
[2975,609s][info][gc] GC(5941) Garbage Collection (Allocation Stall) 1024M(100%)->904M(88%)
[2976,099s][info][gc] Allocation Stall (main) 437,071ms
[2976,110s][info][gc] GC(5942) Garbage Collection (Allocation Stall) 982M(96%)->948M(93%)
[2976,600s][info][gc] Allocation Stall (main) 455,038ms
[2976,614s][info][gc] GC(5943) Garbage Collection (Allocation Stall) 1010M(99%)->926M(90%)
[2977,107s][info][gc] Allocation Stall (main) 448,070ms
[2977,130s][info][gc] GC(5944) Garbage Collection (Allocation Stall) 982M(96%)->958M(94%)
[2977,629s][info][gc] Allocation Stall (main) 468,564ms
[2977,639s][info][gc] GC(5945) Garbage Collection (Allocation Stall) 986M(96%)->932M(91%)
[2978,109s][info][gc] Relocation Stall (main) 2,255ms
[2978,109s][info][gc] Allocation Stall (main) 422,710ms
[2978,122s][info][gc] GC(5946) Garbage Collection (Allocation Stall) 940M(92%)->978M(96%)
[2978,615s][info][gc] Allocation Stall (main) 472,159ms
[2978,627s][info][gc] GC(5947) Garbage Collection (Allocation Stall) 1024M(100%)->898M(88%)
[2979,102s][info][gc] Allocation Stall (main) 413,597ms
[2979,107s][info][gc] GC(5948) Garbage Collection (Allocation Stall) 932M(91%)->980M(96%)
[2979,598s][info][gc] Relocation Stall (main) 4,859ms
[2979,598s][info][gc] Allocation Stall (main) 469,423ms
[2979,608s][info][gc] GC(5949) Garbage Collection (Allocation Stall) 1024M(100%)->900M(88%)
[2980,115s][info][gc] Allocation Stall (main) 452,034ms
[2980,134s][info][gc] GC(5950) Garbage Collection (Allocation Rate) 970M(95%)->960M(94%)
[2980,621s][info][gc] Allocation Stall (main) 455,912ms
[2980,629s][info][gc] GC(5951) Garbage Collection (Allocation Stall) 974M(95%)->940M(92%)
[2981,112s][info][gc] Relocation Stall (main) 1,084ms
[2981,112s][info][gc] Allocation Stall (main) 441,051ms
[2981,121s][info][gc] GC(5952) Garbage Collection (Allocation Stall) 958M(94%)->958M(94%)
[2981,611s][info][gc] Allocation Stall (main) 457,844ms
[2981,625s][info][gc] GC(5953) Garbage Collection (Allocation Stall) 998M(97%)->926M(90%)
[2982,118s][info][gc] Allocation Stall (main) 445,820ms
[2982,129s][info][gc] GC(5954) Garbage Collection (Allocation Stall) 964M(94%)->958M(94%)
[2982,615s][info][gc] Allocation Stall (main) 455,361ms
[2982,627s][info][gc] GC(5955) Garbage Collection (Allocation Stall) 988M(96%)->936M(91%)
[2983,107s][info][gc] Allocation Stall (main) 438,747ms
[2983,116s][info][gc] GC(5956) Garbage Collection (Allocation Stall) 960M(94%)->960M(94%)
[2983,614s][info][gc] Allocation Stall (main) 468,497ms
[2983,629s][info][gc] GC(5957) Garbage Collection (Allocation Stall) 1012M(99%)->918M(90%)
[2984,121s][info][gc] Allocation Stall (main) 441,731ms
[2984,137s][info][gc] GC(5958) Garbage Collection (Allocation Stall) 942M(92%)->984M(96%)
[2984,619s][info][gc] Allocation Stall (main) 460,747ms
[2984,636s][info][gc] GC(5959) Garbage Collection (Allocation Stall) 986M(96%)->936M(91%)
[2985,129s][info][gc] Allocation Stall (main) 450,920ms
[2985,137s][info][gc] GC(5960) Garbage Collection (Allocation Stall) 944M(92%)->966M(94%)
[2985,603s][info][gc] Allocation Stall (main) 437,273ms
[2985,609s][info][gc] GC(5961) Garbage Collection (Allocation Stall) 970M(95%)->942M(92%)
[2986,100s][info][gc] Allocation Stall (main) 454,823ms
[2986,124s][info][gc] GC(5962) Garbage Collection (Allocation Stall) 1010M(99%)->928M(91%)
[2986,631s][info][gc] Allocation Stall (main) 463,980ms
[2986,636s][info][gc] GC(5963) Garbage Collection (Allocation Stall) 964M(94%)->944M(92%)
[2987,105s][info][gc] Allocation Stall (main) 427,676ms
[2987,124s][info][gc] GC(5964) Garbage Collection (Allocation Stall) 958M(94%)->972M(95%)
[2987,620s][info][gc] Allocation Stall (main) 470,345ms
[2987,634s][info][gc] GC(5965) Garbage Collection (Allocation Stall) 1012M(99%)->910M(89%)
[2988,111s][info][gc] Allocation Stall (main) 420,850ms
[2988,119s][info][gc] GC(5966) Garbage Collection (Allocation Stall) 930M(91%)->980M(96%)
[2988,598s][info][gc] Relocation Stall (main) 5,747ms
[2988,598s][info][gc] Allocation Stall (main) 457,442ms
[2988,601s][info][gc] GC(5967) Garbage Collection (Allocation Stall) 1024M(100%)->884M(86%)
[2989,098s][info][gc] Allocation Stall (main) 434,790ms
[2989,119s][info][gc] GC(5968) Garbage Collection (Allocation Rate) 968M(95%)->968M(95%)
[2989,618s][info][gc] Allocation Stall (main) 473,797ms
[2989,628s][info][gc] GC(5969) Garbage Collection (Allocation Stall) 1016M(99%)->906M(88%)
[2990,116s][info][gc] Relocation Stall (main) 1,062ms
[2990,116s][info][gc] Allocation Stall (main) 428,777ms
[2990,137s][info][gc] GC(5970) Garbage Collection (Allocation Stall) 930M(91%)->998M(97%)
[2990,625s][info][gc] Allocation Stall (main) 475,313ms
[2990,633s][info][gc] GC(5971) Garbage Collection (Allocation Stall) 1012M(99%)->900M(88%)
[2991,095s][info][gc] Allocation Stall (main) 398,941ms
[2991,107s][info][gc] GC(5972) Garbage Collection (Allocation Stall) 920M(90%)->990M(97%)
[2991,588s][info][gc] Allocation Stall (main) 465,136ms
[2991,600s][info][gc] GC(5973) Garbage Collection (Allocation Stall) 1024M(100%)->896M(88%)
[2992,109s][info][gc] Allocation Stall (main) 452,835ms
[2992,128s][info][gc] GC(5974) Garbage Collection (Allocation Rate) 986M(96%)->940M(92%)
[2992,616s][info][gc] Allocation Stall (main) 447,920ms
[2992,622s][info][gc] GC(5975) Garbage Collection (Allocation Stall) 972M(95%)->938M(92%)
[2993,092s][info][gc] Allocation Stall (main) 430,424ms
[2993,097s][info][gc] GC(5976) Garbage Collection (Allocation Stall) 984M(96%)->932M(91%)
[2993,590s][info][gc] Allocation Stall (main) 451,637ms
[2993,603s][info][gc] GC(5977) Garbage Collection (Allocation Stall) 1024M(100%)->912M(89%)
[2994,105s][info][gc] Allocation Stall (main) 453,018ms
[2994,121s][info][gc] GC(5978) Garbage Collection (Allocation Rate) 1004M(98%)->934M(91%)
[2994,614s][info][gc] Allocation Stall (main) 452,397ms
[2994,627s][info][gc] GC(5979) Garbage Collection (Allocation Stall) 984M(96%)->948M(93%)
[2995,107s][info][gc] Allocation Stall (main) 444,174ms
[2995,122s][info][gc] GC(5980) Garbage Collection (Allocation Stall) 984M(96%)->950M(93%)
[2995,609s][info][gc] Allocation Stall (main) 451,899ms
[2995,621s][info][gc] GC(5981) Garbage Collection (Allocation Stall) 994M(97%)->932M(91%)
[2996,103s][info][gc] Allocation Stall (main) 439,581ms
[2996,120s][info][gc] GC(5982) Garbage Collection (Allocation Stall) 980M(96%)->952M(93%)
[2996,615s][info][gc] Allocation Stall (main) 461,130ms
[2996,637s][info][gc] GC(5983) Garbage Collection (Allocation Stall) 1000M(98%)->936M(91%)
[2997,125s][info][gc] Allocation Stall (main) 442,464ms
[2997,131s][info][gc] GC(5984) Garbage Collection (Allocation Stall) 948M(93%)->956M(93%)
[2997,594s][info][gc] Allocation Stall (main) 429,089ms
[2997,601s][info][gc] GC(5985) Garbage Collection (Allocation Stall) 980M(96%)->936M(91%)
[2998,105s][info][gc] Allocation Stall (main) 463,593ms
[2998,128s][info][gc] GC(5986) Garbage Collection (Allocation Stall) 1024M(100%)->916M(89%)
[2998,616s][info][gc] Allocation Stall (main) 437,072ms
[2998,628s][info][gc] GC(5987) Garbage Collection (Allocation Rate) 942M(92%)->972M(95%)
[2999,107s][info][gc] Relocation Stall (main) 5,081ms
[2999,107s][info][gc] Allocation Stall (main) 454,176ms
[2999,110s][info][gc] GC(5988) Garbage Collection (Allocation Stall) 1004M(98%)->902M(88%)
[2999,604s][info][gc] Allocation Stall (main) 438,337ms
[2999,627s][info][gc] GC(5989) Garbage Collection (Allocation Stall) 974M(95%)->958M(94%)
[3000,123s][info][gc] Allocation Stall (main) 466,455ms
[3000,131s][info][gc] GC(5990) Garbage Collection (Allocation Stall) 988M(96%)->924M(90%)
[3000,593s][info][gc] Allocation Stall (main) 412,809ms
[3000,603s][info][gc] GC(5991) Garbage Collection (Allocation Stall) 948M(93%)->966M(94%)
[3001,095s][info][gc] Relocation Stall (main) 5,583ms
[3001,095s][info][gc] Allocation Stall (main) 465,304ms
[3001,110s][info][gc] GC(5992) Garbage Collection (Allocation Stall) 1024M(100%)->896M(88%)
[3001,619s][info][gc] Allocation Stall (main) 451,803ms
[3001,625s][info][gc] GC(5993) Garbage Collection (Allocation Rate) 966M(94%)->946M(92%)
[3002,097s][info][gc] Relocation Stall (main) 3,351ms
[3002,098s][info][gc] Allocation Stall (main) 433,214ms
[3002,099s][info][gc] GC(5994) Garbage Collection (Allocation Stall) 972M(95%)->934M(91%)
[3002,595s][info][gc] Allocation Stall (main) 455,017ms
[3002,615s][info][gc] GC(5995) Garbage Collection (Allocation Stall) 1024M(100%)->916M(89%)
[3003,126s][info][gc] Allocation Stall (main) 463,224ms
[3003,146s][info][gc] GC(5996) Garbage Collection (Allocation Rate) 980M(96%)->952M(93%)
[3003,659s][info][gc] Allocation Stall (main) 480,351ms
[3003,676s][info][gc] GC(5997) Garbage Collection (Allocation Stall) 1024M(100%)->902M(88%)
[3004,199s][info][gc] Allocation Stall (main) 470,399ms
[3004,208s][info][gc] GC(5998) Garbage Collection (Allocation Stall) 1024M(100%)->898M(88%)
[3004,707s][info][gc] Relocation Stall (main) 3,316ms
[3004,707s][info][gc] Allocation Stall (main) 442,541ms
[3004,729s][info][gc] GC(5999) Garbage Collection (Allocation Rate) 976M(95%)->952M(93%)
[3005,234s][info][gc] Allocation Stall (main) 472,149ms
[3005,243s][info][gc] GC(6000) Garbage Collection (Allocation Stall) 984M(96%)->924M(90%)
[3005,700s][info][gc] Allocation Stall (main) 407,232ms
[3005,710s][info][gc] GC(6001) Garbage Collection (Allocation Stall) 926M(90%)->984M(96%)
[3006,187s][info][gc] Allocation Stall (main) 457,252ms
[3006,201s][info][gc] GC(6002) Garbage Collection (Allocation Stall) 1024M(100%)->898M(88%)
[3006,706s][info][gc] Allocation Stall (main) 450,804ms
[3006,716s][info][gc] GC(6003) Garbage Collection (Allocation Rate) 990M(97%)->930M(91%)
[3007,196s][info][gc] Allocation Stall (main) 437,307ms
[3007,203s][info][gc] GC(6004) Garbage Collection (Allocation Stall) 990M(97%)->932M(91%)
[3007,700s][info][gc] Allocation Stall (main) 455,666ms
[3007,719s][info][gc] GC(6005) Garbage Collection (Allocation Stall) 1022M(100%)->920M(90%)
[3008,220s][info][gc] Allocation Stall (main) 453,478ms
[3008,241s][info][gc] GC(6006) Garbage Collection (Allocation Stall) 974M(95%)->962M(94%)
[3008,754s][info][gc] Relocation Stall (main) 5,559ms
[3008,754s][info][gc] Allocation Stall (main) 485,000ms
[3008,758s][info][gc] GC(6007) Garbage Collection (Allocation Stall) 1024M(100%)->886M(87%)
[3009,278s][info][gc] Allocation Stall (main) 461,510ms
[3009,296s][info][gc] GC(6008) Garbage Collection (Allocation Stall) 1024M(100%)->908M(89%)
[3009,812s][info][gc] Allocation Stall (main) 467,177ms
[3009,825s][info][gc] GC(6009) Garbage Collection (Allocation Rate) 1016M(99%)->912M(89%)
[3010,304s][info][gc] Allocation Stall (main) 426,201ms
[3010,321s][info][gc] GC(6010) Garbage Collection (Allocation Stall) 950M(93%)->976M(95%)
[3010,819s][info][gc] Allocation Stall (main) 475,635ms
[3010,833s][info][gc] GC(6011) Garbage Collection (Allocation Stall) 1024M(100%)->902M(88%)
[3011,304s][info][gc] Allocation Stall (main) 409,837ms
[3011,311s][info][gc] GC(6012) Garbage Collection (Allocation Rate) 924M(90%)->986M(96%)
[3011,787s][info][gc] Allocation Stall (main) 457,550ms
[3011,799s][info][gc] GC(6013) Garbage Collection (Allocation Stall) 1024M(100%)->904M(88%)
[3012,302s][info][gc] Allocation Stall (main) 452,256ms
[3012,310s][info][gc] GC(6014) Garbage Collection (Allocation Rate) 1008M(98%)->920M(90%)
[3012,805s][info][gc] Allocation Stall (main) 447,419ms
[3012,828s][info][gc] GC(6015) Garbage Collection (Allocation Stall) 992M(97%)->954M(93%)
[3013,338s][info][gc] Allocation Stall (main) 477,529ms
[3013,343s][info][gc] GC(6016) Garbage Collection (Allocation Stall) 986M(96%)->932M(91%)
[3013,842s][info][gc] Allocation Stall (main) 457,817ms
[3013,864s][info][gc] GC(6017) Garbage Collection (Allocation Stall) 1024M(100%)->922M(90%)
[3014,394s][info][gc] Allocation Stall (main) 486,765ms
[3014,419s][info][gc] GC(6018) Garbage Collection (Allocation Stall) 1024M(100%)->914M(89%)
[3014,929s][info][gc] Relocation Stall (main) 3,375ms
[3014,929s][info][gc] Allocation Stall (main) 460,156ms
[3014,935s][info][gc] GC(6019) Garbage Collection (Allocation Rate) 964M(94%)->944M(92%)
[3015,397s][info][gc] Allocation Stall (main) 421,225ms
[3015,402s][info][gc] GC(6020) Garbage Collection (Allocation Stall) 960M(94%)->950M(93%)
[3015,894s][info][gc] Relocation Stall (main) 4,476ms
[3015,894s][info][gc] Allocation Stall (main) 457,535ms
[3015,905s][info][gc] GC(6021) Garbage Collection (Allocation Stall) 1024M(100%)->900M(88%)
[3016,409s][info][gc] Allocation Stall (main) 450,088ms
[3016,423s][info][gc] GC(6022) Garbage Collection (Allocation Rate) 988M(96%)->938M(92%)
[3016,906s][info][gc] Relocation Stall (main) 1,303ms
[3016,906s][info][gc] Allocation Stall (main) 444,114ms
[3016,920s][info][gc] GC(6023) Garbage Collection (Allocation Stall) 982M(96%)->942M(92%)
[3017,425s][info][gc] Relocation Stall (main) 9,955ms
[3017,425s][info][gc] Allocation Stall (main) 467,506ms
[3017,439s][info][gc] GC(6024) Garbage Collection (Allocation Stall) 992M(97%)->922M(90%)
[3017,928s][info][gc] Allocation Stall (main) 437,015ms
[3017,939s][info][gc] GC(6025) Garbage Collection (Allocation Stall) 930M(91%)->976M(95%)
[3018,423s][info][gc] Allocation Stall (main) 460,694ms
[3018,435s][info][gc] GC(6026) Garbage Collection (Allocation Stall) 1024M(100%)->892M(87%)
[3018,901s][info][gc] Allocation Stall (main) 398,919ms
[3018,912s][info][gc] GC(6027) Garbage Collection (Allocation Rate) 906M(88%)->1002M(98%)
[3019,382s][info][gc] Allocation Stall (main) 459,404ms
[3019,388s][info][gc] GC(6028) Garbage Collection (Allocation Stall) 1024M(100%)->888M(87%)
[3019,902s][info][gc] Allocation Stall (main) 455,622ms
[3019,911s][info][gc] GC(6029) Garbage Collection (Allocation Rate) 1018M(99%)->906M(88%)
[3020,397s][info][gc] Allocation Stall (main) 432,958ms
[3020,412s][info][gc] GC(6030) Garbage Collection (Allocation Stall) 978M(96%)->954M(93%)
[3020,919s][info][gc] Relocation Stall (main) 4,956ms
[3020,920s][info][gc] Allocation Stall (main) 476,177ms
[3020,930s][info][gc] GC(6031) Garbage Collection (Allocation Stall) 1024M(100%)->902M(88%)
[3021,409s][info][gc] Allocation Stall (main) 420,523ms
[3021,428s][info][gc] GC(6032) Garbage Collection (Allocation Rate) 932M(91%)->994M(97%)
[3021,928s][info][gc] Relocation Stall (main) 5,750ms
[3021,928s][info][gc] Allocation Stall (main) 485,939ms
[3021,936s][info][gc] GC(6033) Garbage Collection (Allocation Stall) 1024M(100%)->888M(87%)
[3022,406s][info][gc] Allocation Stall (main) 400,477ms
[3022,418s][info][gc] GC(6034) Garbage Collection (Allocation Rate) 904M(88%)->1012M(99%)
[3022,892s][info][gc] Allocation Stall (main) 467,278ms
[3022,910s][info][gc] GC(6035) Garbage Collection (Allocation Stall) 1024M(100%)->900M(88%)
[3023,415s][info][gc] Relocation Stall (main) 3,321ms
[3023,415s][info][gc] Allocation Stall (main) 449,616ms
[3023,423s][info][gc] GC(6036) Garbage Collection (Allocation Rate) 976M(95%)->934M(91%)
[3023,905s][info][gc] Allocation Stall (main) 439,615ms
[3023,910s][info][gc] GC(6037) Garbage Collection (Allocation Stall) 978M(96%)->932M(91%)
[3024,397s][info][gc] Allocation Stall (main) 445,577ms
[3024,416s][info][gc] GC(6038) Garbage Collection (Allocation Stall) 1004M(98%)->932M(91%)
[3024,921s][info][gc] Allocation Stall (main) 463,810ms
[3024,931s][info][gc] GC(6039) Garbage Collection (Allocation Stall) 988M(96%)->930M(91%)
[3025,397s][info][gc] Allocation Stall (main) 420,325ms
[3025,403s][info][gc] GC(6040) Garbage Collection (Allocation Stall) 956M(93%)->962M(94%)
[3025,887s][info][gc] Allocation Stall (main) 454,537ms
[3025,903s][info][gc] GC(6041) Garbage Collection (Allocation Stall) 1024M(100%)->916M(89%)
[3026,423s][info][gc] Relocation Stall (main) 4,220ms
[3026,423s][info][gc] Allocation Stall (main) 471,933ms
[3026,445s][info][gc] GC(6042) Garbage Collection (Allocation Rate) 1006M(98%)->932M(91%)
[3026,977s][info][gc] Relocation Stall (main) 5,551ms
[3026,977s][info][gc] Allocation Stall (main) 492,196ms
[3026,989s][info][gc] GC(6043) Garbage Collection (Allocation Stall) 1024M(100%)->894M(87%)
[3027,512s][info][gc] Allocation Stall (main) 468,157ms
[3027,520s][info][gc] GC(6044) Garbage Collection (Allocation Rate) 1022M(100%)->898M(88%)
[3027,997s][info][gc] Allocation Stall (main) 416,929ms
[3028,013s][info][gc] GC(6045) Garbage Collection (Allocation Stall) 944M(92%)->984M(96%)
[3028,499s][info][gc] Allocation Stall (main) 466,963ms
[3028,512s][info][gc] GC(6046) Garbage Collection (Allocation Stall) 1024M(100%)->904M(88%)
[3029,005s][info][gc] Allocation Stall (main) 438,650ms
[3029,026s][info][gc] GC(6047) Garbage Collection (Allocation Rate) 972M(95%)->960M(94%)
[3029,520s][info][gc] Allocation Stall (main) 465,213ms
[3029,531s][info][gc] GC(6048) Garbage Collection (Allocation Stall) 998M(97%)->920M(90%)
[3029,999s][info][gc] Allocation Stall (main) 416,291ms
[3030,005s][info][gc] GC(6049) Garbage Collection (Allocation Stall) 944M(92%)->968M(95%)
[3030,488s][info][gc] Relocation Stall (main) 4,741ms
[3030,489s][info][gc] Allocation Stall (main) 456,991ms
[3030,495s][info][gc] GC(6050) Garbage Collection (Allocation Stall) 1024M(100%)->896M(88%)
[3031,010s][info][gc] Allocation Stall (main) 460,011ms
[3031,026s][info][gc] GC(6051) Garbage Collection (Allocation Rate) 1006M(98%)->930M(91%)
[3031,520s][info][gc] Allocation Stall (main) 449,092ms
[3031,541s][info][gc] GC(6052) Garbage Collection (Allocation Stall) 966M(94%)->968M(95%)
[3032,053s][info][gc] Relocation Stall (main) 5,560ms
[3032,053s][info][gc] Allocation Stall (main) 486,314ms
[3032,054s][info][gc] GC(6053) Garbage Collection (Allocation Stall) 1024M(100%)->882M(86%)
[3032,582s][info][gc] Allocation Stall (main) 467,880ms
[3032,607s][info][gc] GC(6054) Garbage Collection (Allocation Stall) 1024M(100%)->922M(90%)
[3033,127s][info][gc] Allocation Stall (main) 475,605ms
[3033,142s][info][gc] GC(6055) Garbage Collection (Allocation Rate) 1004M(98%)->922M(90%)
[3033,660s][info][gc] Relocation Stall (main) 5,516ms
[3033,660s][info][gc] Allocation Stall (main) 472,925ms
[3033,676s][info][gc] GC(6056) Garbage Collection (Allocation Stall) 1024M(100%)->902M(88%)
[3034,207s][info][gc] Allocation Stall (main) 479,094ms
[3034,221s][info][gc] GC(6057) Garbage Collection (Allocation Stall) 1024M(100%)->902M(88%)
[3034,714s][info][gc] Allocation Stall (main) 436,426ms
[3034,727s][info][gc] GC(6058) Garbage Collection (Allocation Rate) 950M(93%)->970M(95%)
[3035,213s][info][gc] Allocation Stall (main) 461,031ms
[3035,232s][info][gc] GC(6059) Garbage Collection (Allocation Stall) 1004M(98%)->924M(90%)
[3035,716s][info][gc] Relocation Stall (main) 2,649ms
[3035,716s][info][gc] Allocation Stall (main) 434,506ms
[3035,725s][info][gc] GC(6060) Garbage Collection (Allocation Stall) 946M(92%)->958M(94%)
[3036,208s][info][gc] Allocation Stall (main) 449,921ms
[3036,218s][info][gc] GC(6061) Garbage Collection (Allocation Stall) 986M(96%)->928M(91%)
[3036,701s][info][gc] Allocation Stall (main) 438,393ms
[3036,709s][info][gc] GC(6062) Garbage Collection (Allocation Stall) 982M(96%)->928M(91%)
[3037,196s][info][gc] Allocation Stall (main) 444,471ms
[3037,209s][info][gc] GC(6063) Garbage Collection (Allocation Stall) 998M(97%)->928M(91%)
[3037,710s][info][gc] Allocation Stall (main) 458,984ms
[3037,727s][info][gc] GC(6064) Garbage Collection (Allocation Stall) 1000M(98%)->934M(91%)
[3038,208s][info][gc] Allocation Stall (main) 436,304ms
[3038,216s][info][gc] GC(6065) Garbage Collection (Allocation Stall) 958M(94%)->958M(94%)
[3038,698s][info][gc] Allocation Stall (main) 451,359ms
[3038,708s][info][gc] GC(6066) Garbage Collection (Allocation Stall) 1018M(99%)->910M(89%)
[3039,209s][info][gc] Allocation Stall (main) 450,471ms
[3039,235s][info][gc] GC(6067) Garbage Collection (Allocation Stall) 984M(96%)->960M(94%)
[3039,731s][info][gc] Allocation Stall (main) 466,334ms
[3039,743s][info][gc] GC(6068) Garbage Collection (Allocation Stall) 980M(96%)->938M(92%)
[3040,209s][info][gc] Allocation Stall (main) 422,292ms
[3040,219s][info][gc] GC(6069) Garbage Collection (Allocation Stall) 938M(92%)->976M(95%)
[3040,699s][info][gc] Allocation Stall (main) 457,276ms
[3040,709s][info][gc] GC(6070) Garbage Collection (Allocation Stall) 1024M(100%)->900M(88%)
[3041,201s][info][gc] Allocation Stall (main) 429,758ms
[3041,216s][info][gc] GC(6071) Garbage Collection (Allocation Rate) 968M(95%)->960M(94%)
[3041,719s][info][gc] Relocation Stall (main) 4,355ms
[3041,719s][info][gc] Allocation Stall (main) 473,433ms
[3041,731s][info][gc] GC(6072) Garbage Collection (Allocation Stall) 1020M(100%)->902M(88%)
[3042,213s][info][gc] Allocation Stall (main) 421,415ms
[3042,224s][info][gc] GC(6073) Garbage Collection (Allocation Stall) 926M(90%)->988M(96%)
[3042,712s][info][gc] Relocation Stall (main) 4,842ms
[3042,712s][info][gc] Allocation Stall (main) 470,313ms
[3042,715s][info][gc] GC(6074) Garbage Collection (Allocation Stall) 1024M(100%)->884M(86%)
[3043,203s][info][gc] Allocation Stall (main) 422,217ms
[3043,214s][info][gc] GC(6075) Garbage Collection (Allocation Rate) 944M(92%)->980M(96%)
[3043,702s][info][gc] Relocation Stall (main) 5,297ms
[3043,702s][info][gc] Allocation Stall (main) 466,282ms
[3043,711s][info][gc] GC(6076) Garbage Collection (Allocation Stall) 1024M(100%)->898M(88%)
[3044,212s][info][gc] Allocation Stall (main) 443,810ms
[3044,234s][info][gc] GC(6077) Garbage Collection (Allocation Rate) 970M(95%)->968M(95%)
[3044,727s][info][gc] Allocation Stall (main) 464,706ms
[3044,732s][info][gc] GC(6078) Garbage Collection (Allocation Stall) 978M(96%)->934M(91%)
[3045,200s][info][gc] Allocation Stall (main) 423,984ms
[3045,219s][info][gc] GC(6079) Garbage Collection (Allocation Stall) 958M(94%)->972M(95%)
[3045,715s][info][gc] Allocation Stall (main) 472,593ms
[3045,727s][info][gc] GC(6080) Garbage Collection (Allocation Stall) 1024M(100%)->898M(88%)
[3046,206s][info][gc] Relocation Stall (main) 1,820ms
[3046,206s][info][gc] Allocation Stall (main) 417,764ms
[3046,218s][info][gc] GC(6081) Garbage Collection (Allocation Rate) 932M(91%)->982M(96%)
[3046,707s][info][gc] Allocation Stall (main) 469,319ms
[3046,717s][info][gc] GC(6082) Garbage Collection (Allocation Stall) 1024M(100%)->896M(88%)
[3047,195s][info][gc] Allocation Stall (main) 420,126ms
[3047,210s][info][gc] GC(6083) Garbage Collection (Allocation Rate) 954M(93%)->970M(95%)
[3047,703s][info][gc] Allocation Stall (main) 467,130ms
[3047,714s][info][gc] GC(6084) Garbage Collection (Allocation Stall) 1024M(100%)->902M(88%)
[3048,210s][info][gc] Allocation Stall (main) 440,143ms
[3048,234s][info][gc] GC(6085) Garbage Collection (Allocation Rate) 966M(94%)->970M(95%)
[3048,726s][info][gc] Allocation Stall (main) 466,044ms
[3048,733s][info][gc] GC(6086) Garbage Collection (Allocation Stall) 986M(96%)->926M(90%)
[3049,196s][info][gc] Allocation Stall (main) 413,816ms
[3049,200s][info][gc] GC(6087) Garbage Collection (Allocation Stall) 948M(93%)->962M(94%)
[3049,681s][info][gc] Relocation Stall (main) 5,284ms
[3049,681s][info][gc] Allocation Stall (main) 452,623ms
[3049,691s][info][gc] GC(6088) Garbage Collection (Allocation Stall) 1024M(100%)->898M(88%)
[3050,217s][info][gc] Relocation Stall (main) 5,598ms
[3050,217s][info][gc] Allocation Stall (main) 473,597ms
[3050,233s][info][gc] GC(6089) Garbage Collection (Allocation Stall) 1024M(100%)->906M(88%)
[3050,718s][info][gc] Allocation Stall (main) 425,645ms
[3050,729s][info][gc] GC(6090) Garbage Collection (Allocation Rate) 922M(90%)->994M(97%)
[3051,202s][info][gc] Allocation Stall (main) 458,263ms
[3051,211s][info][gc] GC(6091) Garbage Collection (Allocation Stall) 1024M(100%)->896M(88%)
[3051,699s][info][gc] Allocation Stall (main) 429,876ms
[3051,712s][info][gc] GC(6092) Garbage Collection (Allocation Stall) 966M(94%)->960M(94%)
[3052,219s][info][gc] Allocation Stall (main) 477,034ms
[3052,237s][info][gc] GC(6093) Garbage Collection (Allocation Stall) 1024M(100%)->906M(88%)
[3052,712s][info][gc] Allocation Stall (main) 415,229ms
[3052,719s][info][gc] GC(6094) Garbage Collection (Allocation Rate) 918M(90%)->990M(97%)
[3053,190s][info][gc] Allocation Stall (main) 454,515ms
[3053,205s][info][gc] GC(6095) Garbage Collection (Allocation Stall) 1024M(100%)->904M(88%)
[3053,714s][info][gc] Allocation Stall (main) 456,266ms
[3053,735s][info][gc] GC(6096) Garbage Collection (Allocation Rate) 990M(97%)->944M(92%)
[3054,221s][info][gc] Relocation Stall (main) 2,944ms
[3054,221s][info][gc] Allocation Stall (main) 447,254ms
[3054,232s][info][gc] GC(6097) Garbage Collection (Allocation Stall) 962M(94%)->950M(93%)
[3054,703s][info][gc] Allocation Stall (main) 433,690ms
[3054,715s][info][gc] GC(6098) Garbage Collection (Allocation Stall) 966M(94%)->948M(93%)
[3055,205s][info][gc] Allocation Stall (main) 454,788ms
[3055,213s][info][gc] GC(6099) Garbage Collection (Allocation Stall) 1010M(99%)->906M(88%)
[3055,697s][info][gc] Allocation Stall (main) 430,779ms
[3055,705s][info][gc] GC(6100) Garbage Collection (Allocation Stall) 974M(95%)->946M(92%)
[3056,201s][info][gc] Allocation Stall (main) 460,431ms
[3056,227s][info][gc] GC(6101) Garbage Collection (Allocation Stall) 1024M(100%)->922M(90%)
[3056,727s][info][gc] Relocation Stall (main) 3,084ms
[3056,728s][info][gc] Allocation Stall (main) 453,837ms
[3056,734s][info][gc] GC(6102) Garbage Collection (Allocation Rate) 958M(94%)->950M(93%)
[3057,203s][info][gc] Allocation Stall (main) 430,713ms
[3057,213s][info][gc] GC(6103) Garbage Collection (Allocation Stall) 968M(95%)->950M(93%)
[3057,700s][info][gc] Allocation Stall (main) 452,764ms
[3057,711s][info][gc] GC(6104) Garbage Collection (Allocation Stall) 1016M(99%)->906M(88%)
[3058,205s][info][gc] Allocation Stall (main) 440,524ms
[3058,217s][info][gc] GC(6105) Garbage Collection (Allocation Stall) 978M(96%)->948M(93%)
[3058,709s][info][gc] Allocation Stall (main) 457,131ms
[3058,728s][info][gc] GC(6106) Garbage Collection (Allocation Stall) 1004M(98%)->934M(91%)
[3059,217s][info][gc] Allocation Stall (main) 445,742ms
[3059,225s][info][gc] GC(6107) Garbage Collection (Allocation Stall) 966M(94%)->952M(93%)
[3059,702s][info][gc] Allocation Stall (main) 443,125ms
[3059,720s][info][gc] GC(6108) Garbage Collection (Allocation Stall) 990M(97%)->942M(92%)
[3060,219s][info][gc] Allocation Stall (main) 461,101ms
[3060,225s][info][gc] GC(6109) Garbage Collection (Allocation Stall) 984M(96%)->932M(91%)
[3060,692s][info][gc] Allocation Stall (main) 422,805ms
[3060,699s][info][gc] GC(6110) Garbage Collection (Allocation Stall) 960M(94%)->960M(94%)
[3061,191s][info][gc] Allocation Stall (main) 461,725ms
[3061,211s][info][gc] GC(6111) Garbage Collection (Allocation Stall) 1024M(100%)->918M(90%)
[3061,719s][info][gc] Allocation Stall (main) 460,978ms
[3061,737s][info][gc] GC(6112) Garbage Collection (Allocation Rate) 982M(96%)->950M(93%)
[3062,214s][info][gc] Allocation Stall (main) 438,851ms
[3062,225s][info][gc] GC(6113) Garbage Collection (Allocation Stall) 956M(93%)->964M(94%)
[3062,707s][info][gc] Allocation Stall (main) 453,865ms
[3062,718s][info][gc] GC(6114) Garbage Collection (Allocation Stall) 1004M(98%)->918M(90%)
[3063,202s][info][gc] Allocation Stall (main) 435,476ms
[3063,226s][info][gc] GC(6115) Garbage Collection (Allocation Stall) 972M(95%)->966M(94%)
[3063,724s][info][gc] Allocation Stall (main) 469,686ms
[3063,738s][info][gc] GC(6116) Garbage Collection (Allocation Stall) 1000M(98%)->920M(90%)
[3064,201s][info][gc] Allocation Stall (main) 410,097ms
[3064,213s][info][gc] GC(6117) Garbage Collection (Allocation Stall) 922M(90%)->988M(96%)
[3064,698s][info][gc] Relocation Stall (main) 5,363ms
[3064,698s][info][gc] Allocation Stall (main) 467,406ms
[3064,708s][info][gc] GC(6118) Garbage Collection (Allocation Stall) 1024M(100%)->886M(87%)
[3065,219s][info][gc] Allocation Stall (main) 448,248ms
[3065,226s][info][gc] GC(6119) Garbage Collection (Allocation Rate) 964M(94%)->944M(92%)
[3065,699s][info][gc] Allocation Stall (main) 433,134ms
[3065,715s][info][gc] GC(6120) Garbage Collection (Allocation Stall) 972M(95%)->952M(93%)
[3066,211s][info][gc] Allocation Stall (main) 463,049ms
[3066,220s][info][gc] GC(6121) Garbage Collection (Allocation Stall) 1016M(99%)->902M(88%)
[3066,696s][info][gc] Allocation Stall (main) 418,515ms
[3066,713s][info][gc] GC(6122) Garbage Collection (Allocation Stall) 950M(93%)->972M(95%)
[3067,215s][info][gc] Allocation Stall (main) 477,611ms
[3067,224s][info][gc] GC(6123) Garbage Collection (Allocation Stall) 1024M(100%)->894M(87%)
[3067,694s][info][gc] Allocation Stall (main) 406,752ms
[3067,700s][info][gc] GC(6124) Garbage Collection (Allocation Rate) 934M(91%)->980M(96%)
[3068,179s][info][gc] Relocation Stall (main) 4,846ms
[3068,179s][info][gc] Allocation Stall (main) 457,495ms
[3068,183s][info][gc] GC(6125) Garbage Collection (Allocation Stall) 1024M(100%)->894M(87%)
[3068,712s][info][gc] Relocation Stall (main) 4,481ms
[3068,712s][info][gc] Allocation Stall (main) 473,738ms
[3068,731s][info][gc] GC(6126) Garbage Collection (Allocation Stall) 1024M(100%)->912M(89%)
[3069,223s][info][gc] Allocation Stall (main) 437,421ms
[3069,233s][info][gc] GC(6127) Garbage Collection (Allocation Rate) 938M(92%)->978M(96%)
[3069,703s][info][gc] Allocation Stall (main) 447,713ms
[3069,714s][info][gc] GC(6128) Garbage Collection (Allocation Stall) 1000M(98%)->922M(90%)
[3070,198s][info][gc] Allocation Stall (main) 439,104ms
[3070,209s][info][gc] GC(6129) Garbage Collection (Allocation Stall) 988M(96%)->936M(91%)
[3070,710s][info][gc] Allocation Stall (main) 461,682ms
[3070,734s][info][gc] GC(6130) Garbage Collection (Allocation Stall) 1012M(99%)->930M(91%)
[3071,232s][info][gc] Allocation Stall (main) 451,324ms
[3071,240s][info][gc] GC(6131) Garbage Collection (Allocation Stall) 950M(93%)->964M(94%)
[3071,702s][info][gc] Allocation Stall (main) 430,433ms
[3071,723s][info][gc] GC(6132) Garbage Collection (Allocation Stall) 970M(95%)->958M(94%)
[3072,228s][info][gc] Allocation Stall (main) 474,756ms
[3072,237s][info][gc] GC(6133) Garbage Collection (Allocation Stall) 1002M(98%)->910M(89%)
[3072,698s][info][gc] Allocation Stall (main) 403,948ms
[3072,715s][info][gc] GC(6134) Garbage Collection (Allocation Stall) 924M(90%)->996M(97%)
[3073,203s][info][gc] Relocation Stall (main) 5,270ms
[3073,204s][info][gc] Allocation Stall (main) 474,310ms
[3073,207s][info][gc] GC(6135) Garbage Collection (Allocation Stall) 1024M(100%)->878M(86%)
[3073,702s][info][gc] Allocation Stall (main) 429,443ms
[3073,711s][info][gc] GC(6136) Garbage Collection (Allocation Rate) 958M(94%)->958M(94%)
[3074,202s][info][gc] Relocation Stall (main) 4,682ms
[3074,202s][info][gc] Allocation Stall (main) 459,606ms
[3074,214s][info][gc] GC(6137) Garbage Collection (Allocation Stall) 1024M(100%)->896M(88%)
[3074,712s][info][gc] Allocation Stall (main) 440,286ms
[3074,718s][info][gc] GC(6138) Garbage Collection (Allocation Rate) 962M(94%)->954M(93%)
[3075,214s][info][gc] Relocation Stall (main) 10,397ms
[3075,214s][info][gc] Allocation Stall (main) 463,913ms
[3075,221s][info][gc] GC(6139) Garbage Collection (Allocation Stall) 1008M(98%)->904M(88%)
[3075,710s][info][gc] Allocation Stall (main) 432,853ms
[3075,728s][info][gc] GC(6140) Garbage Collection (Allocation Stall) 950M(93%)->976M(95%)
[3076,218s][info][gc] Allocation Stall (main) 468,014ms
[3076,226s][info][gc] GC(6141) Garbage Collection (Allocation Stall) 1008M(98%)->906M(88%)
[3076,689s][info][gc] Allocation Stall (main) 404,362ms
[3076,694s][info][gc] GC(6142) Garbage Collection (Allocation Stall) 930M(91%)->982M(96%)
[3077,167s][info][gc] Allocation Stall (main) 453,149ms
[3077,178s][info][gc] GC(6143) Garbage Collection (Allocation Stall) 1024M(100%)->906M(88%)
[3077,703s][info][gc] Allocation Stall (main) 474,381ms
[3077,728s][info][gc] GC(6144) Garbage Collection (Allocation Stall) 1024M(100%)->924M(90%)
[3078,233s][info][gc] Allocation Stall (main) 459,434ms
[3078,240s][info][gc] GC(6145) Garbage Collection (Allocation Rate) 960M(94%)->958M(94%)
[3078,694s][info][gc] Allocation Stall (main) 420,193ms
[3078,705s][info][gc] GC(6146) Garbage Collection (Allocation Stall) 958M(94%)->962M(94%)
[3079,195s][info][gc] Relocation Stall (main) 4,956ms
[3079,195s][info][gc] Allocation Stall (main) 462,051ms
[3079,201s][info][gc] GC(6147) Garbage Collection (Allocation Stall) 1024M(100%)->896M(88%)
[3079,703s][info][gc] Allocation Stall (main) 444,935ms
[3079,725s][info][gc] GC(6148) Garbage Collection (Allocation Rate) 988M(96%)->950M(93%)
[3080,222s][info][gc] Allocation Stall (main) 462,514ms
[3080,238s][info][gc] GC(6149) Garbage Collection (Allocation Stall) 990M(97%)->934M(91%)
[3080,711s][info][gc] Allocation Stall (main) 428,179ms
[3080,722s][info][gc] GC(6150) Garbage Collection (Allocation Stall) 946M(92%)->968M(95%)
[3081,208s][info][gc] Allocation Stall (main) 460,769ms
[3081,228s][info][gc] GC(6151) Garbage Collection (Allocation Stall) 1014M(99%)->914M(89%)
[3081,719s][info][gc] Allocation Stall (main) 440,776ms
[3081,723s][info][gc] GC(6152) Garbage Collection (Allocation Stall) 950M(93%)->956M(93%)
[3082,198s][info][gc] Allocation Stall (main) 442,746ms
[3082,222s][info][gc] GC(6153) Garbage Collection (Allocation Stall) 990M(97%)->946M(92%)
[3082,724s][info][gc] Allocation Stall (main) 467,157ms
[3082,733s][info][gc] GC(6154) Garbage Collection (Allocation Stall) 994M(97%)->914M(89%)
[3083,197s][info][gc] Allocation Stall (main) 400,548ms
[3083,208s][info][gc] GC(6155) Garbage Collection (Allocation Stall) 936M(91%)->974M(95%)
[3083,691s][info][gc] Allocation Stall (main) 459,539ms
[3083,711s][info][gc] GC(6156) Garbage Collection (Allocation Stall) 1024M(100%)->904M(88%)
[3084,213s][info][gc] Allocation Stall (main) 448,908ms
[3084,220s][info][gc] GC(6157) Garbage Collection (Allocation Rate) 976M(95%)->932M(91%)
[3084,696s][info][gc] Allocation Stall (main) 433,279ms
[3084,705s][info][gc] GC(6158) Garbage Collection (Allocation Stall) 982M(96%)->936M(91%)
[3085,211s][info][gc] Allocation Stall (main) 466,408ms
[3085,223s][info][gc] GC(6159) Garbage Collection (Allocation Stall) 1022M(100%)->904M(88%)
[3085,705s][info][gc] Allocation Stall (main) 425,293ms
[3085,724s][info][gc] GC(6160) Garbage Collection (Allocation Stall) 942M(92%)->988M(96%)
[3086,223s][info][gc] Allocation Stall (main) 481,251ms
[3086,231s][info][gc] GC(6161) Garbage Collection (Allocation Stall) 1024M(100%)->894M(87%)
[3086,693s][info][gc] Allocation Stall (main) 397,522ms
[3086,705s][info][gc] GC(6162) Garbage Collection (Allocation Rate) 918M(90%)->1004M(98%)
[3087,184s][info][gc] Allocation Stall (main) 468,125ms
[3087,197s][info][gc] GC(6163) Garbage Collection (Allocation Stall) 1024M(100%)->902M(88%)
[3087,710s][info][gc] Relocation Stall (main) 1,702ms
[3087,710s][info][gc] Allocation Stall (main) 461,174ms
[3087,729s][info][gc] GC(6164) Garbage Collection (Allocation Rate) 1010M(99%)->928M(91%)
[3088,220s][info][gc] Allocation Stall (main) 445,453ms
[3088,229s][info][gc] GC(6165) Garbage Collection (Allocation Stall) 958M(94%)->960M(94%)
[3088,694s][info][gc] Allocation Stall (main) 431,936ms
[3088,699s][info][gc] GC(6166) Garbage Collection (Allocation Stall) 978M(96%)->938M(92%)
[3089,192s][info][gc] Relocation Stall (main) 4,657ms
[3089,192s][info][gc] Allocation Stall (main) 453,827ms
[3089,198s][info][gc] GC(6167) Garbage Collection (Allocation Stall) 1024M(100%)->900M(88%)
[3089,705s][info][gc] Allocation Stall (main) 453,826ms
[3089,722s][info][gc] GC(6168) Garbage Collection (Allocation Rate) 1006M(98%)->938M(92%)
[3090,220s][info][gc] Allocation Stall (main) 458,718ms
[3090,242s][info][gc] GC(6169) Garbage Collection (Allocation Stall) 986M(96%)->956M(93%)
[3090,756s][info][gc] Allocation Stall (main) 483,229ms
[3090,769s][info][gc] GC(6170) Garbage Collection (Allocation Stall) 1024M(100%)->904M(88%)
[3091,285s][info][gc] Allocation Stall (main) 463,747ms
[3091,302s][info][gc] GC(6171) Garbage Collection (Allocation Stall) 1024M(100%)->912M(89%)
[3091,819s][info][gc] Allocation Stall (main) 467,675ms
[3091,835s][info][gc] GC(6172) Garbage Collection (Allocation Rate) 1006M(98%)->926M(90%)
[3092,308s][info][gc] Allocation Stall (main) 422,218ms
[3092,328s][info][gc] GC(6173) Garbage Collection (Allocation Stall) 932M(91%)->994M(97%)
[3092,819s][info][gc] Allocation Stall (main) 476,419ms
[3092,833s][info][gc] GC(6174) Garbage Collection (Allocation Stall) 1024M(100%)->896M(88%)
[3093,303s][info][gc] Allocation Stall (main) 405,116ms
[3093,306s][info][gc] GC(6175) Garbage Collection (Allocation Rate) 908M(89%)->992M(97%)
[3093,788s][info][gc] Allocation Stall (main) 466,648ms
[3093,795s][info][gc] GC(6176) Garbage Collection (Allocation Stall) 1024M(100%)->898M(88%)
[3094,304s][info][gc] Allocation Stall (main) 455,733ms
[3094,327s][info][gc] GC(6177) Garbage Collection (Allocation Rate) 1012M(99%)->932M(91%)
[3094,831s][info][gc] Allocation Stall (main) 461,768ms
[3094,836s][info][gc] GC(6178) Garbage Collection (Allocation Stall) 968M(95%)->946M(92%)
[3095,308s][info][gc] Allocation Stall (main) 433,339ms
[3095,322s][info][gc] GC(6179) Garbage Collection (Allocation Stall) 962M(94%)->966M(94%)
[3095,828s][info][gc] Relocation Stall (main) 7,820ms
[3095,828s][info][gc] Allocation Stall (main) 479,855ms
[3095,837s][info][gc] GC(6180) Garbage Collection (Allocation Stall) 1014M(99%)->904M(88%)
[3096,310s][info][gc] Allocation Stall (main) 412,392ms
[3096,317s][info][gc] GC(6181) Garbage Collection (Allocation Stall) 916M(89%)->996M(97%)
[3096,792s][info][gc] Relocation Stall (main) 3,753ms
[3096,792s][info][gc] Allocation Stall (main) 461,336ms
[3096,798s][info][gc] GC(6182) Garbage Collection (Allocation Stall) 1024M(100%)->894M(87%)
[3097,299s][info][gc] Allocation Stall (main) 445,264ms
[3097,313s][info][gc] GC(6183) Garbage Collection (Allocation Rate) 998M(97%)->932M(91%)
[3097,804s][info][gc] Allocation Stall (main) 449,809ms
[3097,816s][info][gc] GC(6184) Garbage Collection (Allocation Stall) 994M(97%)->936M(91%)
[3098,319s][info][gc] Allocation Stall (main) 462,838ms
[3098,341s][info][gc] GC(6185) Garbage Collection (Allocation Stall) 996M(97%)->946M(92%)
[3098,826s][info][gc] Allocation Stall (main) 446,210ms
[3098,831s][info][gc] GC(6186) Garbage Collection (Allocation Stall) 952M(93%)->960M(94%)
[3099,297s][info][gc] Allocation Stall (main) 434,821ms
[3099,315s][info][gc] GC(6187) Garbage Collection (Allocation Stall) 980M(96%)->952M(93%)
[3099,813s][info][gc] Allocation Stall (main) 465,812ms
[3099,827s][info][gc] GC(6188) Garbage Collection (Allocation Stall) 1016M(99%)->912M(89%)
[3100,303s][info][gc] Allocation Stall (main) 423,147ms
[3100,315s][info][gc] GC(6189) Garbage Collection (Allocation Stall) 948M(93%)->970M(95%)
[3100,817s][info][gc] Allocation Stall (main) 477,055ms
[3100,838s][info][gc] GC(6190) Garbage Collection (Allocation Stall) 1022M(100%)->914M(89%)
[3101,318s][info][gc] Allocation Stall (main) 425,016ms
[3101,324s][info][gc] GC(6191) Garbage Collection (Allocation Stall) 926M(90%)->980M(96%)
[3101,791s][info][gc] Allocation Stall (main) 446,045ms
[3101,800s][info][gc] GC(6192) Garbage Collection (Allocation Stall) 1012M(99%)->908M(89%)
[3102,298s][info][gc] Allocation Stall (main) 446,884ms
[3102,321s][info][gc] GC(6193) Garbage Collection (Allocation Stall) 996M(97%)->944M(92%)
[3102,826s][info][gc] Allocation Stall (main) 469,171ms
[3102,843s][info][gc] GC(6194) Garbage Collection (Allocation Stall) 994M(97%)->930M(91%)
[3103,358s][info][gc] Relocation Stall (main) 5,352ms
[3103,358s][info][gc] Allocation Stall (main) 473,584ms
[3103,364s][info][gc] GC(6195) Garbage Collection (Allocation Stall) 1024M(100%)->888M(87%)
[3103,887s][info][gc] Relocation Stall (main) 4,761ms
[3103,887s][info][gc] Allocation Stall (main) 466,093ms
[3103,906s][info][gc] GC(6196) Garbage Collection (Allocation Stall) 1024M(100%)->904M(88%)
[3104,428s][info][gc] Allocation Stall (main) 470,299ms
[3104,434s][info][gc] GC(6197) Garbage Collection (Allocation Rate) 986M(96%)->926M(90%)
[3104,902s][info][gc] Allocation Stall (main) 418,475ms
[3104,916s][info][gc] GC(6198) Garbage Collection (Allocation Stall) 946M(92%)->976M(95%)
[3105,409s][info][gc] Allocation Stall (main) 470,492ms
[3105,425s][info][gc] GC(6199) Garbage Collection (Allocation Stall) 1024M(100%)->906M(88%)
[3105,905s][info][gc] Allocation Stall (main) 423,725ms
[3105,916s][info][gc] GC(6200) Garbage Collection (Allocation Rate) 944M(92%)->972M(95%)
[3106,402s][info][gc] Allocation Stall (main) 462,034ms
[3106,415s][info][gc] GC(6201) Garbage Collection (Allocation Stall) 1024M(100%)->902M(88%)
[3106,904s][info][gc] Allocation Stall (main) 433,251ms
[3106,920s][info][gc] GC(6202) Garbage Collection (Allocation Rate) 954M(93%)->970M(95%)
[3107,412s][info][gc] Allocation Stall (main) 467,137ms
[3107,422s][info][gc] GC(6203) Garbage Collection (Allocation Stall) 1022M(100%)->902M(88%)
[3107,905s][info][gc] Allocation Stall (main) 424,844ms
[3107,923s][info][gc] GC(6204) Garbage Collection (Allocation Stall) 946M(92%)->980M(96%)
[3108,415s][info][gc] Allocation Stall (main) 471,921ms
[3108,429s][info][gc] GC(6205) Garbage Collection (Allocation Stall) 1024M(100%)->898M(88%)
[3108,903s][info][gc] Allocation Stall (main) 411,946ms
[3108,912s][info][gc] GC(6206) Garbage Collection (Allocation Stall) 928M(91%)->986M(96%)
[3109,400s][info][gc] Relocation Stall (main) 4,752ms
[3109,400s][info][gc] Allocation Stall (main) 468,632ms
[3109,412s][info][gc] GC(6207) Garbage Collection (Allocation Stall) 1024M(100%)->894M(87%)
[3109,916s][info][gc] Allocation Stall (main) 444,829ms
[3109,922s][info][gc] GC(6208) Garbage Collection (Allocation Rate) 962M(94%)->948M(93%)
[3110,404s][info][gc] Allocation Stall (main) 447,210ms
[3110,425s][info][gc] GC(6209) Garbage Collection (Allocation Stall) 994M(97%)->938M(92%)
[3110,916s][info][gc] Allocation Stall (main) 448,174ms
[3110,921s][info][gc] GC(6210) Garbage Collection (Allocation Stall) 974M(95%)->936M(91%)
[3111,397s][info][gc] Allocation Stall (main) 434,477ms
[3111,407s][info][gc] GC(6211) Garbage Collection (Allocation Stall) 984M(96%)->942M(92%)
[3111,911s][info][gc] Allocation Stall (main) 466,601ms
[3111,932s][info][gc] GC(6212) Garbage Collection (Allocation Stall) 1022M(100%)->918M(90%)
[3112,419s][info][gc] Allocation Stall (main) 435,057ms
[3112,433s][info][gc] GC(6213) Garbage Collection (Allocation Stall) 942M(92%)->976M(95%)
[3112,917s][info][gc] Allocation Stall (main) 461,220ms
[3112,924s][info][gc] GC(6214) Garbage Collection (Allocation Stall) 1000M(98%)->918M(90%)
[3113,398s][info][gc] Allocation Stall (main) 424,906ms
[3113,407s][info][gc] GC(6215) Garbage Collection (Allocation Stall) 960M(94%)->960M(94%)
[3113,895s][info][gc] Allocation Stall (main) 458,073ms
[3113,907s][info][gc] GC(6216) Garbage Collection (Allocation Stall) 1024M(100%)->906M(88%)
[3114,409s][info][gc] Allocation Stall (main) 449,898ms
[3114,429s][info][gc] GC(6217) Garbage Collection (Allocation Rate) 990M(97%)->950M(93%)
[3114,928s][info][gc] Relocation Stall (main) 10,849ms
[3114,928s][info][gc] Allocation Stall (main) 465,702ms
[3114,935s][info][gc] GC(6218) Garbage Collection (Allocation Stall) 982M(96%)->926M(90%)
[3115,414s][info][gc] Allocation Stall (main) 429,581ms
[3115,426s][info][gc] GC(6219) Garbage Collection (Allocation Stall) 944M(92%)->974M(95%)
[3115,915s][info][gc] Allocation Stall (main) 464,817ms
[3115,923s][info][gc] GC(6220) Garbage Collection (Allocation Stall) 1010M(99%)->908M(89%)
[3116,397s][info][gc] Allocation Stall (main) 419,285ms
[3116,408s][info][gc] GC(6221) Garbage Collection (Allocation Stall) 952M(93%)->968M(95%)
[3116,910s][info][gc] Allocation Stall (main) 475,499ms
[3116,919s][info][gc] GC(6222) Garbage Collection (Allocation Stall) 1024M(100%)->904M(88%)
[3117,398s][info][gc] Allocation Stall (main) 421,410ms
[3117,417s][info][gc] GC(6223) Garbage Collection (Allocation Rate) 946M(92%)->986M(96%)
[3117,912s][info][gc] Allocation Stall (main) 477,187ms
[3117,919s][info][gc] GC(6224) Garbage Collection (Allocation Stall) 1024M(100%)->894M(87%)
[3118,399s][info][gc] Allocation Stall (main) 417,823ms
[3118,415s][info][gc] GC(6225) Garbage Collection (Allocation Rate) 944M(92%)->986M(96%)
[3118,913s][info][gc] Relocation Stall (main) 4,611ms
[3118,913s][info][gc] Allocation Stall (main) 480,061ms
[3118,929s][info][gc] GC(6226) Garbage Collection (Allocation Stall) 1024M(100%)->902M(88%)
[3119,417s][info][gc] Allocation Stall (main) 428,882ms
[3119,434s][info][gc] GC(6227) Garbage Collection (Allocation Rate) 932M(91%)->988M(96%)
[3119,924s][info][gc] Allocation Stall (main) 472,205ms
[3119,931s][info][gc] GC(6228) Garbage Collection (Allocation Stall) 1008M(98%)->900M(88%)
[3120,391s][info][gc] Allocation Stall (main) 399,493ms
[3120,397s][info][gc] GC(6229) Garbage Collection (Allocation Stall) 926M(90%)->982M(96%)
[3120,879s][info][gc] Allocation Stall (main) 461,087ms
[3120,892s][info][gc] GC(6230) Garbage Collection (Allocation Stall) 1024M(100%)->900M(88%)
[3121,413s][info][gc] Allocation Stall (main) 469,033ms
[3121,432s][info][gc] GC(6231) Garbage Collection (Allocation Rate) 1024M(100%)->912M(89%)
[3121,921s][info][gc] Allocation Stall (main) 433,807ms
[3121,934s][info][gc] GC(6232) Garbage Collection (Allocation Stall) 936M(91%)->982M(96%)
[3122,412s][info][gc] Allocation Stall (main) 458,086ms
[3122,419s][info][gc] GC(6233) Garbage Collection (Allocation Stall) 1004M(98%)->914M(89%)
[3122,895s][info][gc] Allocation Stall (main) 424,266ms
[3122,910s][info][gc] GC(6234) Garbage Collection (Allocation Stall) 956M(93%)->970M(95%)
[3123,404s][info][gc] Allocation Stall (main) 468,758ms
[3123,419s][info][gc] GC(6235) Garbage Collection (Allocation Stall) 1024M(100%)->904M(88%)
[3123,912s][info][gc] Allocation Stall (main) 435,749ms
[3123,927s][info][gc] GC(6236) Garbage Collection (Allocation Rate) 952M(93%)->970M(95%)
[3124,414s][info][gc] Allocation Stall (main) 461,102ms
[3124,429s][info][gc] GC(6237) Garbage Collection (Allocation Stall) 1004M(98%)->916M(89%)
[3124,908s][info][gc] Allocation Stall (main) 427,757ms
[3124,916s][info][gc] GC(6238) Garbage Collection (Allocation Stall) 948M(93%)->966M(94%)
[3125,403s][info][gc] Allocation Stall (main) 459,138ms
[3125,415s][info][gc] GC(6239) Garbage Collection (Allocation Stall) 1024M(100%)->904M(88%)
[3125,907s][info][gc] Allocation Stall (main) 435,867ms
[3125,921s][info][gc] GC(6240) Garbage Collection (Allocation Stall) 962M(94%)->964M(94%)
[3126,409s][info][gc] Allocation Stall (main) 460,327ms
[3126,423s][info][gc] GC(6241) Garbage Collection (Allocation Stall) 1012M(99%)->916M(89%)
[3126,907s][info][gc] Allocation Stall (main) 433,972ms
[3126,924s][info][gc] GC(6242) Garbage Collection (Allocation Stall) 960M(94%)->968M(95%)
[3127,414s][info][gc] Allocation Stall (main) 463,665ms
[3127,432s][info][gc] GC(6243) Garbage Collection (Allocation Stall) 998M(97%)->928M(91%)
[3127,909s][info][gc] Allocation Stall (main) 430,881ms
[3127,922s][info][gc] GC(6244) Garbage Collection (Allocation Stall) 952M(93%)->964M(94%)
[3128,406s][info][gc] Allocation Stall (main) 455,932ms
[3128,417s][info][gc] GC(6245) Garbage Collection (Allocation Stall) 1008M(98%)->910M(89%)
[3128,901s][info][gc] Allocation Stall (main) 432,158ms
[3128,910s][info][gc] GC(6246) Garbage Collection (Allocation Stall) 968M(95%)->950M(93%)
[3129,398s][info][gc] Allocation Stall (main) 454,899ms
[3129,413s][info][gc] GC(6247) Garbage Collection (Allocation Stall) 1024M(100%)->908M(89%)
[3129,908s][info][gc] Relocation Stall (main) 3,323ms
[3129,909s][info][gc] Allocation Stall (main) 443,124ms
[3129,924s][info][gc] GC(6248) Garbage Collection (Allocation Stall) 974M(95%)->950M(93%)
[3130,411s][info][gc] Allocation Stall (main) 453,462ms
[3130,427s][info][gc] GC(6249) Garbage Collection (Allocation Stall) 988M(96%)->936M(91%)
[3130,914s][info][gc] Allocation Stall (main) 443,231ms
[3130,924s][info][gc] GC(6250) Garbage Collection (Allocation Stall) 968M(95%)->946M(92%)
[3131,399s][info][gc] Allocation Stall (main) 438,750ms
[3131,412s][info][gc] GC(6251) Garbage Collection (Allocation Stall) 988M(96%)->932M(91%)
[3131,902s][info][gc] Allocation Stall (main) 447,918ms
[3131,912s][info][gc] GC(6252) Garbage Collection (Allocation Stall) 996M(97%)->926M(90%)
[3132,401s][info][gc] Allocation Stall (main) 444,290ms
[3132,412s][info][gc] GC(6253) Garbage Collection (Allocation Stall) 990M(97%)->934M(91%)
[3132,899s][info][gc] Allocation Stall (main) 445,687ms
[3132,916s][info][gc] GC(6254) Garbage Collection (Allocation Stall) 1002M(98%)->928M(91%)
[3133,411s][info][gc] Allocation Stall (main) 451,665ms
[3133,424s][info][gc] GC(6255) Garbage Collection (Allocation Stall) 988M(96%)->936M(91%)
[3133,908s][info][gc] Allocation Stall (main) 443,253ms
[3133,919s][info][gc] GC(6256) Garbage Collection (Allocation Stall) 978M(96%)->944M(92%)
[3134,414s][info][gc] Allocation Stall (main) 457,557ms
[3134,432s][info][gc] GC(6257) Garbage Collection (Allocation Stall) 996M(97%)->934M(91%)
[3134,912s][info][gc] Allocation Stall (main) 437,120ms
[3134,918s][info][gc] GC(6258) Garbage Collection (Allocation Stall) 958M(94%)->954M(93%)
[3135,401s][info][gc] Relocation Stall (main) 8,005ms
[3135,401s][info][gc] Allocation Stall (main) 450,685ms
[3135,407s][info][gc] GC(6259) Garbage Collection (Allocation Stall) 998M(97%)->912M(89%)
[3135,917s][info][gc] Allocation Stall (main) 460,791ms
[3135,940s][info][gc] GC(6260) Garbage Collection (Allocation Stall) 994M(97%)->942M(92%)
[3136,426s][info][gc] Allocation Stall (main) 444,557ms
[3136,431s][info][gc] GC(6261) Garbage Collection (Allocation Stall) 942M(92%)->964M(94%)
[3136,903s][info][gc] Allocation Stall (main) 443,299ms
[3136,917s][info][gc] GC(6262) Garbage Collection (Allocation Stall) 992M(97%)->930M(91%)
[3137,414s][info][gc] Allocation Stall (main) 455,811ms
[3137,424s][info][gc] GC(6263) Garbage Collection (Allocation Stall) 990M(97%)->930M(91%)
[3137,914s][info][gc] Allocation Stall (main) 447,555ms
[3137,944s][info][gc] GC(6264) Garbage Collection (Allocation Stall) 972M(95%)->968M(95%)
[3138,467s][info][gc] Allocation Stall (main) 498,038ms
[3138,475s][info][gc] GC(6265) Garbage Collection (Allocation Stall) 1024M(100%)->884M(86%)
[3138,991s][info][gc] Allocation Stall (main) 456,751ms
[3139,000s][info][gc] GC(6266) Garbage Collection (Allocation Stall) 1024M(100%)->898M(88%)
[3139,500s][info][gc] Allocation Stall (main) 442,925ms
[3139,511s][info][gc] GC(6267) Garbage Collection (Allocation Rate) 994M(97%)->932M(91%)
[3140,006s][info][gc] Allocation Stall (main) 453,244ms
[3140,014s][info][gc] GC(6268) Garbage Collection (Allocation Stall) 994M(97%)->930M(91%)
[3140,495s][info][gc] Allocation Stall (main) 437,909ms
[3140,515s][info][gc] GC(6269) Garbage Collection (Allocation Stall) 982M(96%)->960M(94%)
[3141,015s][info][gc] Allocation Stall (main) 470,830ms
[3141,025s][info][gc] GC(6270) Garbage Collection (Allocation Stall) 1024M(100%)->908M(89%)
[3141,496s][info][gc] Allocation Stall (main) 416,189ms
[3141,517s][info][gc] GC(6271) Garbage Collection (Allocation Stall) 946M(92%)->990M(97%)
[3142,010s][info][gc] Allocation Stall (main) 477,094ms
[3142,029s][info][gc] GC(6272) Garbage Collection (Allocation Stall) 1024M(100%)->908M(89%)
[3142,521s][info][gc] Allocation Stall (main) 436,345ms
[3142,525s][info][gc] GC(6273) Garbage Collection (Allocation Rate) 938M(92%)->970M(95%)
[3143,001s][info][gc] Allocation Stall (main) 450,054ms
[3143,024s][info][gc] GC(6274) Garbage Collection (Allocation Stall) 1002M(98%)->934M(91%)
[3143,526s][info][gc] Allocation Stall (main) 461,656ms
[3143,534s][info][gc] GC(6275) Garbage Collection (Allocation Stall) 976M(95%)->936M(91%)
[3143,998s][info][gc] Allocation Stall (main) 420,283ms
[3144,014s][info][gc] GC(6276) Garbage Collection (Allocation Stall) 956M(93%)->964M(94%)
[3144,508s][info][gc] Allocation Stall (main) 466,836ms
[3144,516s][info][gc] GC(6277) Garbage Collection (Allocation Stall) 1018M(99%)->898M(88%)
[3144,992s][info][gc] Allocation Stall (main) 417,260ms
[3145,001s][info][gc] GC(6278) Garbage Collection (Allocation Stall) 950M(93%)->968M(95%)
[3145,493s][info][gc] Allocation Stall (main) 465,708ms
[3145,511s][info][gc] GC(6279) Garbage Collection (Allocation Stall) 1024M(100%)->908M(89%)
[3146,012s][info][gc] Allocation Stall (main) 450,404ms
[3146,028s][info][gc] GC(6280) Garbage Collection (Allocation Rate) 984M(96%)->944M(92%)
[3146,517s][info][gc] Allocation Stall (main) 451,162ms
[3146,531s][info][gc] GC(6281) Garbage Collection (Allocation Stall) 976M(95%)->946M(92%)
[3147,006s][info][gc] Allocation Stall (main) 435,921ms
[3147,011s][info][gc] GC(6282) Garbage Collection (Allocation Stall) 970M(95%)->940M(92%)
[3147,497s][info][gc] Allocation Stall (main) 447,782ms
[3147,511s][info][gc] GC(6283) Garbage Collection (Allocation Stall) 1010M(99%)->920M(90%)
[3148,014s][info][gc] Allocation Stall (main) 456,572ms
[3148,035s][info][gc] GC(6284) Garbage Collection (Allocation Stall) 992M(97%)->942M(92%)
[3148,516s][info][gc] Allocation Stall (main) 439,759ms
[3148,537s][info][gc] GC(6285) Garbage Collection (Allocation Stall) 954M(93%)->972M(95%)
[3149,029s][info][gc] Allocation Stall (main) 465,680ms
[3149,037s][info][gc] GC(6286) Garbage Collection (Allocation Stall) 984M(96%)->924M(90%)
[3149,522s][info][gc] Allocation Stall (main) 432,399ms
[3149,527s][info][gc] GC(6287) Garbage Collection (Allocation Stall) 936M(91%)->968M(95%)
[3150,001s][info][gc] Allocation Stall (main) 445,857ms
[3150,012s][info][gc] GC(6288) Garbage Collection (Allocation Stall) 1000M(98%)->920M(90%)
[3150,510s][info][gc] Allocation Stall (main) 451,418ms
[3150,525s][info][gc] GC(6289) Garbage Collection (Allocation Stall) 990M(97%)->936M(91%)
[3151,009s][info][gc] Allocation Stall (main) 442,929ms
[3151,028s][info][gc] GC(6290) Garbage Collection (Allocation Stall) 968M(95%)->960M(94%)
[3151,515s][info][gc] Allocation Stall (main) 455,910ms
[3151,523s][info][gc] GC(6291) Garbage Collection (Allocation Stall) 982M(96%)->930M(91%)
[3151,993s][info][gc] Allocation Stall (main) 425,565ms
[3151,998s][info][gc] GC(6292) Garbage Collection (Allocation Stall) 968M(95%)->946M(92%)
[3152,494s][info][gc] Relocation Stall (main) 4,307ms
[3152,494s][info][gc] Allocation Stall (main) 460,324ms
[3152,502s][info][gc] GC(6293) Garbage Collection (Allocation Stall) 1024M(100%)->902M(88%)
[3153,011s][info][gc] Allocation Stall (main) 456,065ms
[3153,029s][info][gc] GC(6294) Garbage Collection (Allocation Rate) 996M(97%)->942M(92%)
[3153,514s][info][gc] Allocation Stall (main) 446,872ms
[3153,529s][info][gc] GC(6295) Garbage Collection (Allocation Stall) 972M(95%)->956M(93%)
[3154,017s][info][gc] Allocation Stall (main) 454,875ms
[3154,037s][info][gc] GC(6296) Garbage Collection (Allocation Stall) 984M(96%)->948M(93%)
[3154,518s][info][gc] Allocation Stall (main) 443,506ms
[3154,524s][info][gc] GC(6297) Garbage Collection (Allocation Stall) 962M(94%)->946M(92%)
[3155,002s][info][gc] Allocation Stall (main) 440,561ms
[3155,021s][info][gc] GC(6298) Garbage Collection (Allocation Stall) 986M(96%)->944M(92%)
[3155,532s][info][gc] Relocation Stall (main) 12,021ms
[3155,532s][info][gc] Allocation Stall (main) 473,994ms
[3155,537s][info][gc] GC(6299) Garbage Collection (Allocation Stall) 988M(96%)->912M(89%)
[3156,008s][info][gc] Allocation Stall (main) 414,134ms
[3156,014s][info][gc] GC(6300) Garbage Collection (Allocation Stall) 916M(89%)->984M(96%)
[3156,493s][info][gc] Allocation Stall (main) 459,204ms
[3156,515s][info][gc] GC(6301) Garbage Collection (Allocation Stall) 1024M(100%)->908M(89%)
[3157,023s][info][gc] Allocation Stall (main) 456,082ms
[3157,030s][info][gc] GC(6302) Garbage Collection (Allocation Rate) 966M(94%)->942M(92%)
[3157,496s][info][gc] Allocation Stall (main) 424,824ms
[3157,500s][info][gc] GC(6303) Garbage Collection (Allocation Stall) 960M(94%)->950M(93%)
[3157,984s][info][gc] Allocation Stall (main) 450,000ms
[3157,997s][info][gc] GC(6304) Garbage Collection (Allocation Stall) 1024M(100%)->906M(88%)
[3158,505s][info][gc] Allocation Stall (main) 459,004ms
[3158,522s][info][gc] GC(6305) Garbage Collection (Allocation Rate) 1018M(99%)->918M(90%)
[3159,016s][info][gc] Allocation Stall (main) 444,414ms
[3159,022s][info][gc] GC(6306) Garbage Collection (Allocation Stall) 964M(94%)->954M(93%)
[3159,507s][info][gc] Allocation Stall (main) 452,051ms
[3159,532s][info][gc] GC(6307) Garbage Collection (Allocation Stall) 1000M(98%)->948M(93%)
[3160,032s][info][gc] Relocation Stall (main) 3,318ms
[3160,032s][info][gc] Allocation Stall (main) 463,166ms
[3160,042s][info][gc] GC(6308) Garbage Collection (Allocation Stall) 966M(94%)->948M(93%)
[3160,537s][info][gc] Allocation Stall (main) 460,786ms
[3160,547s][info][gc] GC(6309) Garbage Collection (Allocation Stall) 1024M(100%)->898M(88%)
[3161,063s][info][gc] Relocation Stall (main) 4,687ms
[3161,063s][info][gc] Allocation Stall (main) 462,589ms
[3161,069s][info][gc] GC(6310) Garbage Collection (Allocation Stall) 1024M(100%)->898M(88%)
[3161,584s][info][gc] Allocation Stall (main) 460,363ms
[3161,607s][info][gc] GC(6311) Garbage Collection (Allocation Stall) 1024M(100%)->922M(90%)
[3162,147s][info][gc] Allocation Stall (main) 496,458ms
[3162,162s][info][gc] GC(6312) Garbage Collection (Allocation Rate) 1004M(98%)->926M(90%)
[3162,671s][info][gc] Allocation Stall (main) 465,636ms
[3162,684s][info][gc] GC(6313) Garbage Collection (Allocation Stall) 1024M(100%)->908M(89%)
[3163,195s][info][gc] Allocation Stall (main) 461,299ms
[3163,217s][info][gc] GC(6314) Garbage Collection (Allocation Stall) 1024M(100%)->920M(90%)
[3163,727s][info][gc] Relocation Stall (main) 3,668ms
[3163,727s][info][gc] Allocation Stall (main) 462,870ms
[3163,737s][info][gc] GC(6315) Garbage Collection (Allocation Rate) 978M(96%)->938M(92%)
[3164,211s][info][gc] Allocation Stall (main) 430,633ms
[3164,218s][info][gc] GC(6316) Garbage Collection (Allocation Stall) 946M(92%)->970M(95%)
[3164,707s][info][gc] Allocation Stall (main) 463,935ms
[3164,725s][info][gc] GC(6317) Garbage Collection (Allocation Stall) 1024M(100%)->910M(89%)
[3165,209s][info][gc] Allocation Stall (main) 428,886ms
[3165,227s][info][gc] GC(6318) Garbage Collection (Allocation Stall) 944M(92%)->980M(96%)
[3165,725s][info][gc] Allocation Stall (main) 477,491ms
[3165,732s][info][gc] GC(6319) Garbage Collection (Allocation Stall) 1016M(99%)->898M(88%)
[3166,203s][info][gc] Allocation Stall (main) 407,182ms
[3166,229s][info][gc] GC(6320) Garbage Collection (Allocation Stall) 918M(90%)->1012M(99%)
[3166,721s][info][gc] Allocation Stall (main) 486,267ms
[3166,729s][info][gc] GC(6321) Garbage Collection (Allocation Stall) 1024M(100%)->882M(86%)
[3167,194s][info][gc] Allocation Stall (main) 394,436ms
[3167,202s][info][gc] GC(6322) Garbage Collection (Allocation Rate) 910M(89%)->996M(97%)
[3167,677s][info][gc] Relocation Stall (main) 5,745ms
[3167,677s][info][gc] Allocation Stall (main) 461,159ms
[3167,681s][info][gc] GC(6323) Garbage Collection (Allocation Stall) 1024M(100%)->882M(86%)
[3168,193s][info][gc] Allocation Stall (main) 453,429ms
[3168,205s][info][gc] GC(6324) Garbage Collection (Allocation Stall) 1024M(100%)->902M(88%)
[3168,708s][info][gc] Allocation Stall (main) 448,665ms
[3168,731s][info][gc] GC(6325) Garbage Collection (Allocation Rate) 988M(96%)->952M(93%)
[3169,232s][info][gc] Allocation Stall (main) 466,873ms
[3169,237s][info][gc] GC(6326) Garbage Collection (Allocation Stall) 978M(96%)->934M(91%)
[3169,704s][info][gc] Allocation Stall (main) 422,666ms
[3169,722s][info][gc] GC(6327) Garbage Collection (Allocation Stall) 948M(93%)->982M(96%)
[3170,217s][info][gc] Relocation Stall (main) 5,000ms
[3170,217s][info][gc] Allocation Stall (main) 475,406ms
[3170,225s][info][gc] GC(6328) Garbage Collection (Allocation Stall) 1024M(100%)->890M(87%)
[3170,708s][info][gc] Allocation Stall (main) 418,516ms
[3170,711s][info][gc] GC(6329) Garbage Collection (Allocation Rate) 926M(90%)->982M(96%)
[3171,189s][info][gc] Allocation Stall (main) 457,790ms
[3171,198s][info][gc] GC(6330) Garbage Collection (Allocation Stall) 1024M(100%)->906M(88%)
[3171,705s][info][gc] Relocation Stall (main) 0,645ms
[3171,705s][info][gc] Allocation Stall (main) 456,805ms
[3171,721s][info][gc] GC(6331) Garbage Collection (Allocation Rate) 1000M(98%)->938M(92%)
[3172,214s][info][gc] Allocation Stall (main) 454,846ms
[3172,224s][info][gc] GC(6332) Garbage Collection (Allocation Stall) 980M(96%)->948M(93%)
[3172,701s][info][gc] Allocation Stall (main) 441,675ms
[3172,715s][info][gc] GC(6333) Garbage Collection (Allocation Stall) 990M(97%)->946M(92%)
[3173,209s][info][gc] Allocation Stall (main) 458,805ms
[3173,227s][info][gc] GC(6334) Garbage Collection (Allocation Stall) 1000M(98%)->938M(92%)
[3173,714s][info][gc] Allocation Stall (main) 445,256ms
[3173,731s][info][gc] GC(6335) Garbage Collection (Allocation Stall) 964M(94%)->964M(94%)
[3174,216s][info][gc] Allocation Stall (main) 456,178ms
[3174,236s][info][gc] GC(6336) Garbage Collection (Allocation Stall) 982M(96%)->946M(92%)
[3174,724s][info][gc] Allocation Stall (main) 448,367ms
[3174,738s][info][gc] GC(6337) Garbage Collection (Allocation Stall) 960M(94%)->954M(93%)
[3175,210s][info][gc] Relocation Stall (main) 3,154ms
[3175,210s][info][gc] Allocation Stall (main) 436,117ms
[3175,218s][info][gc] GC(6338) Garbage Collection (Allocation Stall) 954M(93%)->950M(93%)
[3175,702s][info][gc] Allocation Stall (main) 449,839ms
[3175,709s][info][gc] GC(6339) Garbage Collection (Allocation Stall) 996M(97%)->912M(89%)
[3176,198s][info][gc] Allocation Stall (main) 438,721ms
[3176,208s][info][gc] GC(6340) Garbage Collection (Allocation Stall) 980M(96%)->938M(92%)
[3176,699s][info][gc] Allocation Stall (main) 452,431ms
[3176,714s][info][gc] GC(6341) Garbage Collection (Allocation Stall) 1006M(98%)->922M(90%)
[3177,207s][info][gc] Allocation Stall (main) 445,819ms
[3177,215s][info][gc] GC(6342) Garbage Collection (Allocation Stall) 976M(95%)->942M(92%)
[3177,701s][info][gc] Allocation Stall (main) 448,258ms
[3177,716s][info][gc] GC(6343) Garbage Collection (Allocation Stall) 996M(97%)->938M(92%)
[3178,210s][info][gc] Allocation Stall (main) 455,426ms
[3178,230s][info][gc] GC(6344) Garbage Collection (Allocation Stall) 990M(97%)->942M(92%)
[3178,719s][info][gc] Allocation Stall (main) 448,580ms
[3178,724s][info][gc] GC(6345) Garbage Collection (Allocation Stall) 962M(94%)->946M(92%)
[3179,196s][info][gc] Allocation Stall (main) 435,134ms
[3179,205s][info][gc] GC(6346) Garbage Collection (Allocation Stall) 980M(96%)->944M(92%)
[3179,705s][info][gc] Allocation Stall (main) 463,128ms
[3179,722s][info][gc] GC(6347) Garbage Collection (Allocation Stall) 1020M(100%)->914M(89%)
[3180,211s][info][gc] Allocation Stall (main) 439,018ms
[3180,226s][info][gc] GC(6348) Garbage Collection (Allocation Stall) 962M(94%)->964M(94%)
[3180,709s][info][gc] Allocation Stall (main) 455,352ms
[3180,720s][info][gc] GC(6349) Garbage Collection (Allocation Stall) 994M(97%)->932M(91%)
[3181,197s][info][gc] Allocation Stall (main) 434,150ms
[3181,212s][info][gc] GC(6350) Garbage Collection (Allocation Stall) 974M(95%)->956M(93%)
[3181,708s][info][gc] Allocation Stall (main) 465,054ms
[3181,718s][info][gc] GC(6351) Garbage Collection (Allocation Stall) 1016M(99%)->914M(89%)
[3182,201s][info][gc] Allocation Stall (main) 431,848ms
[3182,213s][info][gc] GC(6352) Garbage Collection (Allocation Stall) 968M(95%)->962M(94%)
[3182,721s][info][gc] Allocation Stall (main) 478,445ms
[3182,744s][info][gc] GC(6353) Garbage Collection (Allocation Stall) 1022M(100%)->920M(90%)
[3183,276s][info][gc] Relocation Stall (main) 4,745ms
[3183,276s][info][gc] Allocation Stall (main) 488,314ms
[3183,291s][info][gc] GC(6354) Garbage Collection (Allocation Stall) 1024M(100%)->900M(88%)
[3183,818s][info][gc] Allocation Stall (main) 473,876ms
[3183,833s][info][gc] GC(6355) Garbage Collection (Allocation Rate) 1024M(100%)->908M(89%)
[3184,310s][info][gc] Allocation Stall (main) 417,988ms
[3184,318s][info][gc] GC(6356) Garbage Collection (Allocation Stall) 926M(90%)->986M(96%)
[3184,797s][info][gc] Allocation Stall (main) 459,794ms
[3184,808s][info][gc] GC(6357) Garbage Collection (Allocation Stall) 1024M(100%)->902M(88%)
[3185,312s][info][gc] Allocation Stall (main) 450,509ms
[3185,337s][info][gc] GC(6358) Garbage Collection (Allocation Rate) 984M(96%)->956M(93%)
[3185,837s][info][gc] Allocation Stall (main) 465,959ms
[3185,845s][info][gc] GC(6359) Garbage Collection (Allocation Stall) 970M(95%)->942M(92%)
[3186,345s][info][gc] Allocation Stall (main) 462,217ms
[3186,363s][info][gc] GC(6360) Garbage Collection (Allocation Stall) 1024M(100%)->904M(88%)
[3186,894s][info][gc] Allocation Stall (main) 480,723ms
[3186,902s][info][gc] GC(6361) Garbage Collection (Allocation Stall) 1024M(100%)->896M(88%)
[3187,402s][info][gc] Allocation Stall (main) 442,923ms
[3187,421s][info][gc] GC(6362) Garbage Collection (Allocation Rate) 988M(96%)->948M(93%)
[3187,918s][info][gc] Allocation Stall (main) 462,447ms
[3187,927s][info][gc] GC(6363) Garbage Collection (Allocation Stall) 988M(96%)->932M(91%)
[3188,403s][info][gc] Allocation Stall (main) 431,964ms
[3188,415s][info][gc] GC(6364) Garbage Collection (Allocation Stall) 966M(94%)->958M(94%)
[3188,908s][info][gc] Allocation Stall (main) 462,647ms
[3188,926s][info][gc] GC(6365) Garbage Collection (Allocation Stall) 1012M(99%)->926M(90%)
[3189,415s][info][gc] Allocation Stall (main) 442,928ms
[3189,430s][info][gc] GC(6366) Garbage Collection (Allocation Stall) 962M(94%)->962M(94%)
[3189,923s][info][gc] Allocation Stall (main) 462,645ms
[3189,928s][info][gc] GC(6367) Garbage Collection (Allocation Stall) 988M(96%)->924M(90%)
[3190,403s][info][gc] Allocation Stall (main) 427,621ms
[3190,417s][info][gc] GC(6368) Garbage Collection (Allocation Stall) 958M(94%)->968M(95%)
[3190,917s][info][gc] Allocation Stall (main) 474,743ms
[3190,928s][info][gc] GC(6369) Garbage Collection (Allocation Stall) 1024M(100%)->904M(88%)
[3191,420s][info][gc] Relocation Stall (main) 1,733ms
[3191,420s][info][gc] Allocation Stall (main) 432,435ms
[3191,444s][info][gc] GC(6370) Garbage Collection (Allocation Rate) 936M(91%)->998M(97%)
[3191,950s][info][gc] Allocation Stall (main) 493,337ms
[3191,964s][info][gc] GC(6371) Garbage Collection (Allocation Stall) 1024M(100%)->896M(88%)
[3192,484s][info][gc] Allocation Stall (main) 465,291ms
[3192,493s][info][gc] GC(6372) Garbage Collection (Allocation Stall) 1024M(100%)->896M(88%)
[3193,034s][info][gc] Relocation Stall (main) 25,411ms
[3193,034s][info][gc] GC(6373) Garbage Collection (Allocation Rate) 1012M(99%)->882M(86%)
[3193,034s][info][gc] Allocation Stall (main) 485,908ms
[3193,533s][info][gc] Allocation Stall (main) 426,726ms
[3193,534s][info][gc] GC(6374) Garbage Collection (Allocation Stall) 900M(88%)->996M(97%)
[3193,997s][info][gc] Allocation Stall (main) 448,624ms
[3194,018s][info][gc] GC(6375) Garbage Collection (Allocation Stall) 1014M(99%)->918M(90%)
[3194,519s][info][gc] Allocation Stall (main) 453,796ms
[3194,527s][info][gc] GC(6376) Garbage Collection (Allocation Stall) 974M(95%)->938M(92%)
[3194,997s][info][gc] Allocation Stall (main) 429,700ms
[3195,003s][info][gc] GC(6377) Garbage Collection (Allocation Stall) 974M(95%)->938M(92%)
[3195,493s][info][gc] Allocation Stall (main) 451,871ms
[3195,513s][info][gc] GC(6378) Garbage Collection (Allocation Stall) 1020M(100%)->918M(90%)
[3196,019s][info][gc] Allocation Stall (main) 458,351ms
[3196,030s][info][gc] GC(6379) Garbage Collection (Allocation Stall) 986M(96%)->936M(91%)
[3196,510s][info][gc] Allocation Stall (main) 437,622ms
[3196,520s][info][gc] GC(6380) Garbage Collection (Allocation Stall) 964M(94%)->958M(94%)
[3197,006s][info][gc] Allocation Stall (main) 455,795ms
[3197,017s][info][gc] GC(6381) Garbage Collection (Allocation Stall) 1010M(99%)->916M(89%)
[3197,499s][info][gc] Allocation Stall (main) 433,329ms
[3197,513s][info][gc] GC(6382) Garbage Collection (Allocation Stall) 974M(95%)->956M(93%)
[3198,027s][info][gc] Allocation Stall (main) 483,059ms
[3198,050s][info][gc] GC(6383) Garbage Collection (Allocation Stall) 1024M(100%)->916M(89%)
[3198,579s][info][gc] Allocation Stall (main) 483,843ms
[3198,590s][info][gc] GC(6384) Garbage Collection (Allocation Stall) 1024M(100%)->900M(88%)
[3199,105s][info][gc] Allocation Stall (main) 461,191ms
[3199,119s][info][gc] GC(6385) Garbage Collection (Allocation Rate) 1018M(99%)->914M(89%)
[3199,608s][info][gc] Allocation Stall (main) 438,392ms
[3199,625s][info][gc] GC(6386) Garbage Collection (Allocation Stall) 966M(94%)->964M(94%)
[3200,116s][info][gc] Allocation Stall (main) 463,037ms
[3200,122s][info][gc] GC(6387) Garbage Collection (Allocation Stall) 1000M(98%)->918M(90%)
[3200,598s][info][gc] Allocation Stall (main) 423,821ms
[3200,610s][info][gc] GC(6388) Garbage Collection (Allocation Stall) 952M(93%)->974M(95%)
[3201,105s][info][gc] Allocation Stall (main) 471,239ms
[3201,124s][info][gc] GC(6389) Garbage Collection (Allocation Stall) 1024M(100%)->918M(90%)
[3201,619s][info][gc] Allocation Stall (main) 444,490ms
[3201,634s][info][gc] GC(6390) Garbage Collection (Allocation Rate) 948M(93%)->976M(95%)
[3202,112s][info][gc] Allocation Stall (main) 454,099ms
[3202,125s][info][gc] GC(6391) Garbage Collection (Allocation Stall) 994M(97%)->928M(91%)
[3202,603s][info][gc] Allocation Stall (main) 431,901ms
[3202,624s][info][gc] GC(6392) Garbage Collection (Allocation Stall) 958M(94%)->970M(95%)
[3203,127s][info][gc] Allocation Stall (main) 478,074ms
[3203,135s][info][gc] GC(6393) Garbage Collection (Allocation Stall) 1012M(99%)->900M(88%)
[3203,604s][info][gc] Relocation Stall (main) 1,435ms
[3203,604s][info][gc] Allocation Stall (main) 405,438ms
[3203,623s][info][gc] GC(6394) Garbage Collection (Allocation Stall) 916M(89%)->1002M(98%)
[3204,119s][info][gc] Allocation Stall (main) 485,147ms
[3204,134s][info][gc] GC(6395) Garbage Collection (Allocation Stall) 1024M(100%)->892M(87%)
[3204,613s][info][gc] Allocation Stall (main) 413,303ms
[3204,617s][info][gc] GC(6396) Garbage Collection (Allocation Rate) 910M(89%)->986M(96%)
[3205,097s][info][gc] Relocation Stall (main) 5,325ms
[3205,097s][info][gc] Allocation Stall (main) 462,168ms
[3205,111s][info][gc] GC(6397) Garbage Collection (Allocation Stall) 1024M(100%)->894M(87%)
[3205,616s][info][gc] Allocation Stall (main) 446,644ms
[3205,622s][info][gc] GC(6398) Garbage Collection (Allocation Rate) 966M(94%)->940M(92%)
[3206,100s][info][gc] Allocation Stall (main) 437,617ms
[3206,110s][info][gc] GC(6399) Garbage Collection (Allocation Stall) 984M(96%)->932M(91%)
[3206,605s][info][gc] Allocation Stall (main) 454,150ms
[3206,620s][info][gc] GC(6400) Garbage Collection (Allocation Stall) 1008M(98%)->920M(90%)
[3207,116s][info][gc] Relocation Stall (main) 3,240ms
[3207,116s][info][gc] Allocation Stall (main) 448,777ms
[3207,120s][info][gc] GC(6401) Garbage Collection (Allocation Stall) 972M(95%)->938M(92%)
[3207,604s][info][gc] Allocation Stall (main) 444,179ms
[3207,615s][info][gc] GC(6402) Garbage Collection (Allocation Stall) 988M(96%)->938M(92%)
[3208,110s][info][gc] Allocation Stall (main) 455,837ms
[3208,124s][info][gc] GC(6403) Garbage Collection (Allocation Stall) 1002M(98%)->928M(91%)
[3208,610s][info][gc] Allocation Stall (main) 442,743ms
[3208,629s][info][gc] GC(6404) Garbage Collection (Allocation Stall) 972M(95%)->962M(94%)
[3209,120s][info][gc] Allocation Stall (main) 462,997ms
[3209,127s][info][gc] GC(6405) Garbage Collection (Allocation Stall) 994M(97%)->924M(90%)
[3209,603s][info][gc] Allocation Stall (main) 427,488ms
[3209,621s][info][gc] GC(6406) Garbage Collection (Allocation Stall) 958M(94%)->976M(95%)
[3210,122s][info][gc] Allocation Stall (main) 478,221ms
[3210,131s][info][gc] GC(6407) Garbage Collection (Allocation Stall) 1020M(100%)->900M(88%)
[3210,604s][info][gc] Allocation Stall (main) 411,874ms
[3210,617s][info][gc] GC(6408) Garbage Collection (Allocation Stall) 926M(90%)->998M(97%)
[3211,095s][info][gc] Allocation Stall (main) 465,476ms
[3211,103s][info][gc] GC(6409) Garbage Collection (Allocation Stall) 1024M(100%)->898M(88%)
[3211,599s][info][gc] Allocation Stall (main) 438,827ms
[3211,619s][info][gc] GC(6410) Garbage Collection (Allocation Rate) 986M(96%)->954M(93%)
[3212,121s][info][gc] Allocation Stall (main) 470,281ms
[3212,136s][info][gc] GC(6411) Garbage Collection (Allocation Stall) 1008M(98%)->924M(90%)
[3212,611s][info][gc] Allocation Stall (main) 424,324ms
[3212,622s][info][gc] GC(6412) Garbage Collection (Allocation Stall) 938M(92%)->982M(96%)
[3213,106s][info][gc] Allocation Stall (main) 463,822ms
[3213,118s][info][gc] GC(6413) Garbage Collection (Allocation Stall) 1024M(100%)->904M(88%)
[3213,607s][info][gc] Allocation Stall (main) 433,639ms
[3213,631s][info][gc] GC(6414) Garbage Collection (Allocation Rate) 958M(94%)->978M(96%)
[3214,143s][info][gc] Relocation Stall (main) 5,077ms
[3214,143s][info][gc] Allocation Stall (main) 489,746ms
[3214,152s][info][gc] GC(6415) Garbage Collection (Allocation Stall) 1004M(98%)->906M(88%)
[3214,683s][info][gc] Relocation Stall (main) 4,994ms
[3214,683s][info][gc] Allocation Stall (main) 479,948ms
[3214,687s][info][gc] GC(6416) Garbage Collection (Allocation Stall) 1024M(100%)->886M(87%)
[3215,201s][info][gc] Allocation Stall (main) 454,774ms
[3215,213s][info][gc] GC(6417) Garbage Collection (Allocation Rate) 1008M(98%)->922M(90%)
[3215,711s][info][gc] Allocation Stall (main) 451,643ms
[3215,736s][info][gc] GC(6418) Garbage Collection (Allocation Stall) 990M(97%)->950M(93%)
[3216,232s][info][gc] Allocation Stall (main) 459,562ms
[3216,237s][info][gc] GC(6419) Garbage Collection (Allocation Stall) 960M(94%)->944M(92%)
[3216,703s][info][gc] Allocation Stall (main) 425,205ms
[3216,718s][info][gc] GC(6420) Garbage Collection (Allocation Stall) 958M(94%)->962M(94%)
[3217,215s][info][gc] Allocation Stall (main) 469,239ms
[3217,223s][info][gc] GC(6421) Garbage Collection (Allocation Stall) 1020M(100%)->896M(88%)
[3217,696s][info][gc] Allocation Stall (main) 412,914ms
[3217,709s][info][gc] GC(6422) Garbage Collection (Allocation Stall) 940M(92%)->980M(96%)
[3218,198s][info][gc] Allocation Stall (main) 468,206ms
[3218,204s][info][gc] GC(6423) Garbage Collection (Allocation Stall) 1024M(100%)->894M(87%)
[3218,696s][info][gc] Allocation Stall (main) 434,072ms
[3218,710s][info][gc] GC(6424) Garbage Collection (Allocation Rate) 974M(95%)->958M(94%)
[3219,211s][info][gc] Allocation Stall (main) 471,004ms
[3219,234s][info][gc] GC(6425) Garbage Collection (Allocation Stall) 1024M(100%)->920M(90%)
[3219,721s][info][gc] Allocation Stall (main) 434,924ms
[3219,728s][info][gc] GC(6426) Garbage Collection (Allocation Rate) 938M(92%)->976M(95%)
[3220,198s][info][gc] Allocation Stall (main) 445,161ms
[3220,210s][info][gc] GC(6427) Garbage Collection (Allocation Stall) 1000M(98%)->926M(90%)
[3220,701s][info][gc] Allocation Stall (main) 447,168ms
[3220,714s][info][gc] GC(6428) Garbage Collection (Allocation Stall) 990M(97%)->938M(92%)
[3221,228s][info][gc] Allocation Stall (main) 470,110ms
[3221,259s][info][gc] GC(6429) Garbage Collection (Allocation Stall) 996M(97%)->950M(93%)
[3221,792s][info][gc] Allocation Stall (main) 500,923ms
[3221,801s][info][gc] GC(6430) Garbage Collection (Allocation Stall) 1024M(100%)->888M(87%)
[3222,301s][info][gc] Allocation Stall (main) 438,764ms
[3222,315s][info][gc] GC(6431) Garbage Collection (Allocation Rate) 982M(96%)->936M(91%)
[3222,811s][info][gc] Relocation Stall (main) 0,360ms
[3222,811s][info][gc] Allocation Stall (main) 456,335ms
[3222,821s][info][gc] GC(6432) Garbage Collection (Allocation Stall) 1000M(98%)->918M(90%)
[3223,307s][info][gc] Allocation Stall (main) 436,972ms
[3223,318s][info][gc] GC(6433) Garbage Collection (Allocation Stall) 964M(94%)->954M(93%)
[3223,807s][info][gc] Allocation Stall (main) 456,823ms
[3223,830s][info][gc] GC(6434) Garbage Collection (Allocation Stall) 1010M(99%)->926M(90%)
[3224,325s][info][gc] Allocation Stall (main) 449,535ms
[3224,332s][info][gc] GC(6435) Garbage Collection (Allocation Stall) 956M(93%)->950M(93%)
[3224,804s][info][gc] Allocation Stall (main) 434,506ms
[3224,817s][info][gc] GC(6436) Garbage Collection (Allocation Stall) 972M(95%)->948M(93%)
[3225,315s][info][gc] Allocation Stall (main) 462,048ms
[3225,321s][info][gc] GC(6437) Garbage Collection (Allocation Stall) 1004M(98%)->912M(89%)
[3225,804s][info][gc] Allocation Stall (main) 430,794ms
[3225,817s][info][gc] GC(6438) Garbage Collection (Allocation Stall) 960M(94%)->966M(94%)
[3226,314s][info][gc] Allocation Stall (main) 468,848ms
[3226,325s][info][gc] GC(6439) Garbage Collection (Allocation Stall) 1022M(100%)->904M(88%)
[3226,808s][info][gc] Allocation Stall (main) 427,089ms
[3226,823s][info][gc] GC(6440) Garbage Collection (Allocation Stall) 944M(92%)->982M(96%)
[3227,324s][info][gc] Allocation Stall (main) 480,872ms
[3227,333s][info][gc] GC(6441) Garbage Collection (Allocation Stall) 1024M(100%)->902M(88%)
[3227,797s][info][gc] Allocation Stall (main) 403,923ms
[3227,817s][info][gc] GC(6442) Garbage Collection (Allocation Rate) 924M(90%)->998M(97%)
[3228,315s][info][gc] Relocation Stall (main) 5,695ms
[3228,315s][info][gc] Allocation Stall (main) 485,750ms
[3228,318s][info][gc] GC(6443) Garbage Collection (Allocation Stall) 1024M(100%)->886M(87%)
[3228,793s][info][gc] Allocation Stall (main) 409,456ms
[3228,810s][info][gc] GC(6444) Garbage Collection (Allocation Rate) 932M(91%)->996M(97%)
[3229,297s][info][gc] Allocation Stall (main) 472,716ms
[3229,305s][info][gc] GC(6445) Garbage Collection (Allocation Stall) 1024M(100%)->894M(87%)
[3229,798s][info][gc] Allocation Stall (main) 435,487ms
[3229,803s][info][gc] GC(6446) Garbage Collection (Allocation Rate) 980M(96%)->940M(92%)
[3230,301s][info][gc] Allocation Stall (main) 459,059ms
[3230,323s][info][gc] GC(6447) Garbage Collection (Allocation Stall) 1024M(100%)->922M(90%)
[3230,820s][info][gc] Allocation Stall (main) 451,294ms
[3230,839s][info][gc] GC(6448) Garbage Collection (Allocation Rate) 968M(95%)->964M(94%)
[3231,320s][info][gc] Relocation Stall (main) 2,420ms
[3231,320s][info][gc] Allocation Stall (main) 449,655ms
[3231,323s][info][gc] GC(6449) Garbage Collection (Allocation Stall) 966M(94%)->940M(92%)
[3231,818s][info][gc] Relocation Stall (main) 13,482ms
[3231,818s][info][gc] Allocation Stall (main) 455,622ms
[3231,830s][info][gc] GC(6450) Garbage Collection (Allocation Stall) 982M(96%)->928M(91%)
[3232,331s][info][gc] Allocation Stall (main) 456,008ms
[3232,337s][info][gc] GC(6451) Garbage Collection (Allocation Stall) 958M(94%)->948M(93%)
[3232,798s][info][gc] Allocation Stall (main) 421,110ms
[3232,811s][info][gc] GC(6452) Garbage Collection (Allocation Stall) 958M(94%)->956M(93%)
[3233,310s][info][gc] Relocation Stall (main) 5,942ms
[3233,310s][info][gc] Allocation Stall (main) 467,901ms
[3233,312s][info][gc] GC(6453) Garbage Collection (Allocation Stall) 1024M(100%)->882M(86%)
[3233,802s][info][gc] Allocation Stall (main) 424,288ms
[3233,824s][info][gc] GC(6454) Garbage Collection (Allocation Rate) 948M(93%)->984M(96%)
[3234,324s][info][gc] Allocation Stall (main) 480,328ms
[3234,335s][info][gc] GC(6455) Garbage Collection (Allocation Stall) 1024M(100%)->892M(87%)
[3234,804s][info][gc] Allocation Stall (main) 402,597ms
[3234,810s][info][gc] GC(6456) Garbage Collection (Allocation Rate) 908M(89%)->994M(97%)
[3235,275s][info][gc] Allocation Stall (main) 450,943ms
[3235,283s][info][gc] GC(6457) Garbage Collection (Allocation Stall) 1024M(100%)->896M(88%)
[3235,804s][info][gc] Allocation Stall (main) 466,182ms
[3235,828s][info][gc] GC(6458) Garbage Collection (Allocation Stall) 1024M(100%)->922M(90%)
[3236,331s][info][gc] Relocation Stall (main) 2,485ms
[3236,331s][info][gc] Allocation Stall (main) 454,768ms
[3236,336s][info][gc] GC(6459) Garbage Collection (Allocation Rate) 954M(93%)->956M(93%)
[3236,798s][info][gc] Allocation Stall (main) 427,580ms
[3236,805s][info][gc] GC(6460) Garbage Collection (Allocation Stall) 972M(95%)->948M(93%)
[3237,299s][info][gc] Allocation Stall (main) 458,484ms
[3237,314s][info][gc] GC(6461) Garbage Collection (Allocation Stall) 1024M(100%)->910M(89%)
[3237,813s][info][gc] Allocation Stall (main) 448,419ms
[3237,834s][info][gc] GC(6462) Garbage Collection (Allocation Rate) 978M(96%)->960M(94%)
[3238,323s][info][gc] Allocation Stall (main) 458,581ms
[3238,330s][info][gc] GC(6463) Garbage Collection (Allocation Stall) 980M(96%)->934M(91%)
[3238,800s][info][gc] Allocation Stall (main) 426,417ms
[3238,821s][info][gc] GC(6464) Garbage Collection (Allocation Stall) 962M(94%)->968M(95%)
[3239,322s][info][gc] Allocation Stall (main) 475,553ms
[3239,334s][info][gc] GC(6465) Garbage Collection (Allocation Stall) 1018M(99%)->902M(88%)
[3239,806s][info][gc] Allocation Stall (main) 410,316ms
[3239,820s][info][gc] GC(6466) Garbage Collection (Allocation Stall) 920M(90%)->994M(97%)
[3240,306s][info][gc] Allocation Stall (main) 471,109ms
[3240,315s][info][gc] GC(6467) Garbage Collection (Allocation Stall) 1024M(100%)->894M(87%)
[3240,800s][info][gc] Allocation Stall (main) 425,617ms
[3240,815s][info][gc] GC(6468) Garbage Collection (Allocation Rate) 954M(93%)->968M(95%)
[3241,308s][info][gc] Allocation Stall (main) 466,810ms
[3241,318s][info][gc] GC(6469) Garbage Collection (Allocation Stall) 1024M(100%)->896M(88%)
[3241,803s][info][gc] Allocation Stall (main) 425,690ms
[3241,828s][info][gc] GC(6470) Garbage Collection (Allocation Rate) 950M(93%)->984M(96%)
[3242,330s][info][gc] Allocation Stall (main) 484,807ms
[3242,339s][info][gc] GC(6471) Garbage Collection (Allocation Stall) 1020M(100%)->892M(87%)
[3242,802s][info][gc] Allocation Stall (main) 394,734ms
[3242,814s][info][gc] GC(6472) Garbage Collection (Allocation Stall) 894M(87%)->1016M(99%)
[3243,286s][info][gc] Allocation Stall (main) 467,794ms
[3243,294s][info][gc] GC(6473) Garbage Collection (Allocation Stall) 1024M(100%)->890M(87%)
[3243,800s][info][gc] Allocation Stall (main) 448,277ms
[3243,812s][info][gc] GC(6474) Garbage Collection (Allocation Rate) 1004M(98%)->922M(90%)
[3244,307s][info][gc] Allocation Stall (main) 448,097ms
[3244,317s][info][gc] GC(6475) Garbage Collection (Allocation Stall) 986M(96%)->936M(91%)
[3244,796s][info][gc] Allocation Stall (main) 438,160ms
[3244,807s][info][gc] GC(6476) Garbage Collection (Allocation Stall) 982M(96%)->946M(92%)
[3245,308s][info][gc] Allocation Stall (main) 464,569ms
[3245,321s][info][gc] GC(6477) Garbage Collection (Allocation Stall) 1024M(100%)->908M(89%)
[3245,799s][info][gc] Allocation Stall (main) 423,829ms
[3245,812s][info][gc] GC(6478) Garbage Collection (Allocation Rate) 946M(92%)->980M(96%)
[3246,304s][info][gc] Allocation Stall (main) 471,081ms
[3246,321s][info][gc] GC(6479) Garbage Collection (Allocation Stall) 1024M(100%)->910M(89%)
[3246,813s][info][gc] Allocation Stall (main) 439,243ms
[3246,826s][info][gc] GC(6480) Garbage Collection (Allocation Rate) 954M(93%)->970M(95%)
[3247,307s][info][gc] Relocation Stall (main) 2,861ms
[3247,307s][info][gc] Allocation Stall (main) 454,126ms
[3247,323s][info][gc] GC(6481) Garbage Collection (Allocation Stall) 996M(97%)->930M(91%)
[3247,811s][info][gc] Allocation Stall (main) 442,489ms
[3247,817s][info][gc] GC(6482) Garbage Collection (Allocation Stall) 966M(94%)->946M(92%)
[3248,301s][info][gc] Allocation Stall (main) 446,714ms
[3248,317s][info][gc] GC(6483) Garbage Collection (Allocation Stall) 998M(97%)->930M(91%)
[3248,810s][info][gc] Allocation Stall (main) 451,624ms
[3248,820s][info][gc] GC(6484) Garbage Collection (Allocation Stall) 986M(96%)->936M(91%)
[3249,305s][info][gc] Allocation Stall (main) 443,590ms
[3249,323s][info][gc] GC(6485) Garbage Collection (Allocation Stall) 982M(96%)->948M(93%)
[3249,817s][info][gc] Allocation Stall (main) 459,763ms
[3249,826s][info][gc] GC(6486) Garbage Collection (Allocation Stall) 992M(97%)->932M(91%)
[3250,207s][info][gc] Relocation Stall (main) 6,639ms
[3250,207s][info][gc] GC(6487) Garbage Collection (Allocation Stall) 982M(96%)->924M(90%)
[3250,207s][info][gc] Allocation Stall (main) 347,762ms
[3250,609s][info][gc] Relocation Stall (main) 5,075ms
[3250,609s][info][gc] Allocation Stall (main) 364,520ms
[3250,619s][info][gc] GC(6488) Garbage Collection (Allocation Stall) 1022M(100%)->906M(88%)
[3251,016s][info][gc] Allocation Stall (main) 354,648ms
[3251,030s][info][gc] GC(6489) Garbage Collection (Allocation Stall) 964M(94%)->966M(94%)
[3251,415s][info][gc] Allocation Stall (main) 363,596ms
[3251,435s][info][gc] GC(6490) Garbage Collection (Allocation Stall) 1004M(98%)->934M(91%)
[3251,823s][info][gc] Allocation Stall (main) 355,998ms
[3251,829s][info][gc] GC(6491) Garbage Collection (Allocation Stall) 962M(94%)->944M(92%)
[3252,197s][info][gc] Allocation Stall (main) 338,926ms
[3252,208s][info][gc] GC(6492) Garbage Collection (Allocation Stall) 978M(96%)->942M(92%)
[3252,603s][info][gc] Allocation Stall (main) 365,293ms
[3252,609s][info][gc] GC(6493) Garbage Collection (Allocation Stall) 1024M(100%)->894M(87%)
[3253,000s][info][gc] Allocation Stall (main) 343,592ms
[3253,014s][info][gc] GC(6494) Garbage Collection (Allocation Rate) 990M(97%)->946M(92%)
[3253,411s][info][gc] Allocation Stall (main) 368,608ms
[3253,423s][info][gc] GC(6495) Garbage Collection (Allocation Stall) 1018M(99%)->914M(89%)
[3253,812s][info][gc] Allocation Stall (main) 349,011ms
[3253,820s][info][gc] GC(6496) Garbage Collection (Allocation Stall) 974M(95%)->954M(93%)
[3254,201s][info][gc] Allocation Stall (main) 355,872ms
[3254,214s][info][gc] GC(6497) Garbage Collection (Allocation Stall) 1022M(100%)->918M(90%)
[3254,616s][info][gc] Allocation Stall (main) 363,685ms
[3254,630s][info][gc] GC(6498) Garbage Collection (Allocation Stall) 1002M(98%)->936M(91%)
[3255,019s][info][gc] Allocation Stall (main) 357,345ms
[3255,033s][info][gc] GC(6499) Garbage Collection (Allocation Stall) 976M(95%)->954M(93%)
[3255,415s][info][gc] Allocation Stall (main) 355,542ms
[3255,420s][info][gc] GC(6500) Garbage Collection (Allocation Stall) 982M(96%)->932M(91%)
[3255,804s][info][gc] Allocation Stall (main) 350,836ms
[3255,811s][info][gc] GC(6501) Garbage Collection (Allocation Stall) 1000M(98%)->922M(90%)
[3256,205s][info][gc] Allocation Stall (main) 357,572ms
[3256,222s][info][gc] GC(6502) Garbage Collection (Allocation Stall) 1016M(99%)->936M(91%)
[3256,626s][info][gc] Allocation Stall (main) 370,866ms
[3256,636s][info][gc] GC(6503) Garbage Collection (Allocation Stall) 998M(97%)->932M(91%)
[3257,016s][info][gc] Allocation Stall (main) 346,210ms
[3257,025s][info][gc] GC(6504) Garbage Collection (Allocation Stall) 954M(93%)->970M(95%)
[3257,408s][info][gc] Allocation Stall (main) 364,700ms
[3257,422s][info][gc] GC(6505) Garbage Collection (Allocation Stall) 1024M(100%)->914M(89%)
[3257,818s][info][gc] Allocation Stall (main) 355,102ms
[3257,825s][info][gc] GC(6506) Garbage Collection (Allocation Stall) 974M(95%)->950M(93%)
[3258,206s][info][gc] Allocation Stall (main) 352,404ms
[3258,221s][info][gc] GC(6507) Garbage Collection (Allocation Stall) 1000M(98%)->938M(92%)
[3258,617s][info][gc] Allocation Stall (main) 364,938ms
[3258,626s][info][gc] GC(6508) Garbage Collection (Allocation Stall) 996M(97%)->926M(90%)
[3259,006s][info][gc] Allocation Stall (main) 344,528ms
[3259,012s][info][gc] GC(6509) Garbage Collection (Allocation Stall) 978M(96%)->942M(92%)
[3259,402s][info][gc] Allocation Stall (main) 359,587ms
[3259,412s][info][gc] GC(6510) Garbage Collection (Allocation Stall) 1016M(99%)->918M(90%)
[3259,808s][info][gc] Allocation Stall (main) 358,051ms
[3259,824s][info][gc] GC(6511) Garbage Collection (Allocation Stall) 1002M(98%)->942M(92%)
[3260,217s][info][gc] Allocation Stall (main) 363,753ms
[3260,225s][info][gc] GC(6512) Garbage Collection (Allocation Stall) 998M(97%)->930M(91%)
[3260,611s][info][gc] Allocation Stall (main) 351,935ms
[3260,622s][info][gc] GC(6513) Garbage Collection (Allocation Stall) 984M(96%)->952M(93%)
[3261,010s][info][gc] Allocation Stall (main) 363,663ms
[3261,020s][info][gc] GC(6514) Garbage Collection (Allocation Stall) 1016M(99%)->922M(90%)
[3261,413s][info][gc] Allocation Stall (main) 354,874ms
[3261,437s][info][gc] GC(6515) Garbage Collection (Allocation Stall) 986M(96%)->972M(95%)
[3261,837s][info][gc] Allocation Stall (main) 379,389ms
[3261,851s][info][gc] GC(6516) Garbage Collection (Allocation Stall) 990M(97%)->936M(91%)
[3262,254s][info][gc] Allocation Stall (main) 372,344ms
[3262,259s][info][gc] GC(6517) Garbage Collection (Allocation Stall) 1024M(100%)->890M(87%)
[3262,661s][info][gc] Allocation Stall (main) 355,827ms
[3262,677s][info][gc] GC(6518) Garbage Collection (Allocation Stall) 1024M(100%)->918M(90%)
[3263,094s][info][gc] Allocation Stall (main) 378,699ms
[3263,110s][info][gc] GC(6519) Garbage Collection (Allocation Stall) 1024M(100%)->916M(89%)
[3263,519s][info][gc] Allocation Stall (main) 370,497ms
[3263,529s][info][gc] GC(6520) Garbage Collection (Allocation Rate) 1010M(99%)->918M(90%)
[3263,910s][info][gc] Allocation Stall (main) 342,668ms
[3263,920s][info][gc] GC(6521) Garbage Collection (Allocation Stall) 960M(94%)->966M(94%)
[3264,311s][info][gc] Allocation Stall (main) 370,237ms
[3264,331s][info][gc] GC(6522) Garbage Collection (Allocation Stall) 1024M(100%)->922M(90%)
[3264,731s][info][gc] Relocation Stall (main) 2,532ms
[3264,732s][info][gc] Allocation Stall (main) 363,522ms
[3264,742s][info][gc] GC(6523) Garbage Collection (Allocation Rate) 958M(94%)->956M(93%)
[3265,137s][info][gc] Allocation Stall (main) 369,239ms
[3265,145s][info][gc] GC(6524) Garbage Collection (Allocation Stall) 1024M(100%)->892M(87%)
[3265,557s][info][gc] Allocation Stall (main) 366,792ms
[3265,575s][info][gc] GC(6525) Garbage Collection (Allocation Stall) 1024M(100%)->914M(89%)
[3265,994s][info][gc] Allocation Stall (main) 378,267ms
[3266,007s][info][gc] GC(6526) Garbage Collection (Allocation Stall) 1024M(100%)->904M(88%)
[3266,424s][info][gc] Allocation Stall (main) 371,918ms
[3266,429s][info][gc] GC(6527) Garbage Collection (Allocation Rate) 1002M(98%)->914M(89%)
[3266,799s][info][gc] Allocation Stall (main) 329,156ms
[3266,811s][info][gc] GC(6528) Garbage Collection (Allocation Stall) 954M(93%)->974M(95%)
[3267,203s][info][gc] Allocation Stall (main) 373,067ms
[3267,211s][info][gc] GC(6529) Garbage Collection (Allocation Stall) 1024M(100%)->900M(88%)
[3267,605s][info][gc] Allocation Stall (main) 348,539ms
[3267,620s][info][gc] GC(6530) Garbage Collection (Allocation Rate) 990M(97%)->948M(93%)
[3268,019s][info][gc] Allocation Stall (main) 370,439ms
[3268,030s][info][gc] GC(6531) Garbage Collection (Allocation Stall) 1012M(99%)->916M(89%)
[3268,404s][info][gc] Allocation Stall (main) 335,416ms
[3268,411s][info][gc] GC(6532) Garbage Collection (Allocation Stall) 956M(93%)->962M(94%)
[3268,799s][info][gc] Relocation Stall (main) 4,357ms
[3268,799s][info][gc] Allocation Stall (main) 365,731ms
[3268,811s][info][gc] GC(6533) Garbage Collection (Allocation Stall) 1024M(100%)->906M(88%)
[3269,215s][info][gc] Allocation Stall (main) 360,857ms
[3269,227s][info][gc] GC(6534) Garbage Collection (Allocation Rate) 996M(97%)->932M(91%)
[3269,616s][info][gc] Allocation Stall (main) 355,664ms
[3269,621s][info][gc] GC(6535) Garbage Collection (Allocation Stall) 980M(96%)->936M(91%)
[3270,000s][info][gc] Allocation Stall (main) 348,575ms
[3270,012s][info][gc] GC(6536) Garbage Collection (Allocation Stall) 1004M(98%)->934M(91%)
[3270,412s][info][gc] Allocation Stall (main) 367,496ms
[3270,424s][info][gc] GC(6537) Garbage Collection (Allocation Stall) 1022M(100%)->910M(89%)
[3270,822s][info][gc] Allocation Stall (main) 356,148ms
[3270,838s][info][gc] GC(6538) Garbage Collection (Allocation Stall) 966M(94%)->968M(95%)
[3271,217s][info][gc] Allocation Stall (main) 359,033ms
[3271,224s][info][gc] GC(6539) Garbage Collection (Allocation Stall) 986M(96%)->932M(91%)
[3271,610s][info][gc] Allocation Stall (main) 348,327ms
[3271,626s][info][gc] GC(6540) Garbage Collection (Allocation Stall) 990M(97%)->946M(92%)
[3272,023s][info][gc] Allocation Stall (main) 367,502ms
[3272,028s][info][gc] GC(6541) Garbage Collection (Allocation Stall) 992M(97%)->924M(90%)
[3272,396s][info][gc] Allocation Stall (main) 331,918ms
[3272,410s][info][gc] GC(6542) Garbage Collection (Allocation Stall) 968M(95%)->964M(94%)
[3272,811s][info][gc] Relocation Stall (main) 4,241ms
[3272,811s][info][gc] Allocation Stall (main) 379,453ms
[3272,814s][info][gc] GC(6543) Garbage Collection (Allocation Stall) 1024M(100%)->888M(87%)
[3273,201s][info][gc] Allocation Stall (main) 338,507ms
[3273,219s][info][gc] GC(6544) Garbage Collection (Allocation Rate) 974M(95%)->968M(95%)
[3273,623s][info][gc] Relocation Stall (main) 3,858ms
[3273,623s][info][gc] Allocation Stall (main) 382,872ms
[3273,624s][info][gc] GC(6545) Garbage Collection (Allocation Stall) 1024M(100%)->888M(87%)
[3273,998s][info][gc] Allocation Stall (main) 325,086ms
[3274,009s][info][gc] GC(6546) Garbage Collection (Allocation Rate) 944M(92%)->986M(96%)
[3274,395s][info][gc] Allocation Stall (main) 371,273ms
[3274,409s][info][gc] GC(6547) Garbage Collection (Allocation Stall) 1024M(100%)->914M(89%)
[3274,821s][info][gc] Allocation Stall (main) 372,739ms
[3274,829s][info][gc] GC(6548) Garbage Collection (Allocation Rate) 1014M(99%)->914M(89%)
[3275,200s][info][gc] Allocation Stall (main) 330,522ms
[3275,212s][info][gc] GC(6549) Garbage Collection (Allocation Stall) 942M(92%)->988M(96%)
[3275,592s][info][gc] Allocation Stall (main) 366,495ms
[3275,604s][info][gc] GC(6550) Garbage Collection (Allocation Stall) 1024M(100%)->914M(89%)
[3276,012s][info][gc] Relocation Stall (main) 4,393ms
[3276,013s][info][gc] Allocation Stall (main) 369,759ms
[3276,023s][info][gc] GC(6551) Garbage Collection (Allocation Stall) 1024M(100%)->906M(88%)
[3276,416s][info][gc] Allocation Stall (main) 351,079ms
[3276,430s][info][gc] GC(6552) Garbage Collection (Allocation Rate) 962M(94%)->970M(95%)
[3276,827s][info][gc] Relocation Stall (main) 3,962ms
[3276,827s][info][gc] Allocation Stall (main) 377,469ms
[3276,832s][info][gc] GC(6553) Garbage Collection (Allocation Stall) 1008M(98%)->904M(88%)
[3277,206s][info][gc] Allocation Stall (main) 330,102ms
[3277,209s][info][gc] GC(6554) Garbage Collection (Allocation Stall) 932M(91%)->982M(96%)
[3277,581s][info][gc] Allocation Stall (main) 357,509ms
[3277,595s][info][gc] GC(6555) Garbage Collection (Allocation Stall) 1024M(100%)->914M(89%)
[3278,007s][info][gc] Allocation Stall (main) 373,599ms
[3278,018s][info][gc] GC(6556) Garbage Collection (Allocation Stall) 1024M(100%)->912M(89%)
[3278,436s][info][gc] Relocation Stall (main) 13,642ms
[3278,436s][info][gc] Allocation Stall (main) 377,177ms
[3278,438s][info][gc] GC(6557) Garbage Collection (Allocation Rate) 982M(96%)->920M(90%)
[3278,816s][info][gc] Allocation Stall (main) 340,440ms
[3278,826s][info][gc] GC(6558) Garbage Collection (Allocation Stall) 938M(92%)->982M(96%)
[3279,207s][info][gc] Relocation Stall (main) 4,023ms
[3279,207s][info][gc] Allocation Stall (main) 365,457ms
[3279,215s][info][gc] GC(6559) Garbage Collection (Allocation Stall) 1024M(100%)->898M(88%)
[3279,615s][info][gc] Allocation Stall (main) 354,414ms
[3279,637s][info][gc] GC(6560) Garbage Collection (Allocation Rate) 978M(96%)->966M(94%)
[3280,031s][info][gc] Allocation Stall (main) 371,305ms
[3280,037s][info][gc] GC(6561) Garbage Collection (Allocation Stall) 982M(96%)->926M(90%)
[3280,395s][info][gc] Allocation Stall (main) 321,765ms
[3280,407s][info][gc] GC(6562) Garbage Collection (Allocation Stall) 936M(91%)->984M(96%)
[3280,796s][info][gc] Relocation Stall (main) 4,013ms
[3280,796s][info][gc] Allocation Stall (main) 373,594ms
[3280,797s][info][gc] GC(6563) Garbage Collection (Allocation Stall) 1024M(100%)->876M(86%)
[3281,201s][info][gc] Allocation Stall (main) 349,931ms
[3281,213s][info][gc] GC(6564) Garbage Collection (Allocation Rate) 1000M(98%)->930M(91%)
[3281,629s][info][gc] Allocation Stall (main) 382,489ms
[3281,639s][info][gc] GC(6565) Garbage Collection (Allocation Stall) 1016M(99%)->910M(89%)
[3282,070s][info][gc] Allocation Stall (main) 386,824ms
[3282,086s][info][gc] GC(6566) Garbage Collection (Allocation Stall) 1024M(100%)->916M(89%)
[3282,523s][info][gc] Allocation Stall (main) 395,457ms
[3282,535s][info][gc] GC(6567) Garbage Collection (Allocation Stall) 1024M(100%)->910M(89%)
[3282,928s][info][gc] Allocation Stall (main) 349,245ms
[3282,940s][info][gc] GC(6568) Garbage Collection (Allocation Rate) 932M(91%)->994M(97%)
[3283,320s][info][gc] Relocation Stall (main) 3,830ms
[3283,320s][info][gc] Allocation Stall (main) 369,241ms
[3283,332s][info][gc] GC(6569) Garbage Collection (Allocation Stall) 1024M(100%)->898M(88%)
[3283,712s][info][gc] Allocation Stall (main) 335,367ms
[3283,717s][info][gc] GC(6570) Garbage Collection (Allocation Rate) 922M(90%)->982M(96%)
[3284,084s][info][gc] Allocation Stall (main) 352,143ms
[3284,091s][info][gc] GC(6571) Garbage Collection (Allocation Stall) 1024M(100%)->894M(87%)
[3284,500s][info][gc] Allocation Stall (main) 363,045ms
[3284,522s][info][gc] GC(6572) Garbage Collection (Allocation Stall) 1024M(100%)->930M(91%)
[3284,921s][info][gc] Allocation Stall (main) 365,083ms
[3284,929s][info][gc] GC(6573) Garbage Collection (Allocation Rate) 992M(97%)->932M(91%)
[3285,296s][info][gc] Allocation Stall (main) 333,590ms
[3285,306s][info][gc] GC(6574) Garbage Collection (Allocation Stall) 976M(95%)->952M(93%)
[3285,696s][info][gc] Allocation Stall (main) 365,071ms
[3285,718s][info][gc] GC(6575) Garbage Collection (Allocation Stall) 1024M(100%)->926M(90%)
[3286,124s][info][gc] Allocation Stall (main) 371,028ms
[3286,130s][info][gc] GC(6576) Garbage Collection (Allocation Rate) 988M(96%)->926M(90%)
[3286,493s][info][gc] Relocation Stall (main) 1,010ms
[3286,493s][info][gc] Allocation Stall (main) 327,067ms
[3286,497s][info][gc] GC(6577) Garbage Collection (Allocation Stall) 952M(93%)->960M(94%)
[3286,889s][info][gc] Relocation Stall (main) 4,324ms
[3286,890s][info][gc] Allocation Stall (main) 369,520ms
[3286,901s][info][gc] GC(6578) Garbage Collection (Allocation Stall) 1024M(100%)->908M(89%)
[3287,313s][info][gc] Allocation Stall (main) 369,556ms
[3287,335s][info][gc] GC(6579) Garbage Collection (Allocation Rate) 1014M(99%)->936M(91%)
[3287,721s][info][gc] Allocation Stall (main) 353,358ms
[3287,730s][info][gc] GC(6580) Garbage Collection (Allocation Stall) 948M(93%)->966M(94%)
[3288,101s][info][gc] Allocation Stall (main) 349,567ms
[3288,106s][info][gc] GC(6581) Garbage Collection (Allocation Stall) 992M(97%)->922M(90%)
[3288,496s][info][gc] Allocation Stall (main) 354,326ms
[3288,511s][info][gc] GC(6582) Garbage Collection (Allocation Stall) 1018M(99%)->920M(90%)
[3288,912s][info][gc] Allocation Stall (main) 363,797ms
[3288,923s][info][gc] GC(6583) Garbage Collection (Allocation Stall) 1004M(98%)->924M(90%)
[3289,301s][info][gc] Allocation Stall (main) 342,207ms
[3289,306s][info][gc] GC(6584) Garbage Collection (Allocation Stall) 974M(95%)->942M(92%)
[3289,693s][info][gc] Relocation Stall (main) 4,282ms
[3289,693s][info][gc] Allocation Stall (main) 358,517ms
[3289,701s][info][gc] GC(6585) Garbage Collection (Allocation Stall) 1024M(100%)->906M(88%)
[3290,108s][info][gc] Allocation Stall (main) 365,280ms
[3290,122s][info][gc] GC(6586) Garbage Collection (Allocation Rate) 1018M(99%)->922M(90%)
[3290,511s][info][gc] Allocation Stall (main) 352,047ms
[3290,519s][info][gc] GC(6587) Garbage Collection (Allocation Stall) 982M(96%)->946M(92%)
[3290,897s][info][gc] Allocation Stall (main) 350,580ms
[3290,912s][info][gc] GC(6588) Garbage Collection (Allocation Stall) 1010M(99%)->932M(91%)
[3291,316s][info][gc] Allocation Stall (main) 371,806ms
[3291,323s][info][gc] GC(6589) Garbage Collection (Allocation Stall) 1024M(100%)->906M(88%)
[3291,695s][info][gc] Allocation Stall (main) 329,761ms
[3291,707s][info][gc] GC(6590) Garbage Collection (Allocation Stall) 958M(94%)->978M(96%)
[3292,093s][info][gc] Allocation Stall (main) 370,250ms
[3292,113s][info][gc] GC(6591) Garbage Collection (Allocation Stall) 1024M(100%)->924M(90%)
[3292,518s][info][gc] Allocation Stall (main) 370,117ms
[3292,536s][info][gc] GC(6592) Garbage Collection (Allocation Rate) 1008M(98%)->930M(91%)
[3292,917s][info][gc] Allocation Stall (main) 346,404ms
[3292,921s][info][gc] GC(6593) Garbage Collection (Allocation Stall) 950M(93%)->954M(93%)
[3293,304s][info][gc] Relocation Stall (main) 8,770ms
[3293,304s][info][gc] Allocation Stall (main) 358,848ms
[3293,311s][info][gc] GC(6594) Garbage Collection (Allocation Stall) 1018M(99%)->894M(87%)
[3293,717s][info][gc] Allocation Stall (main) 360,199ms
[3293,732s][info][gc] GC(6595) Garbage Collection (Allocation Stall) 986M(96%)->940M(92%)
[3294,116s][info][gc] Allocation Stall (main) 354,045ms
[3294,127s][info][gc] GC(6596) Garbage Collection (Allocation Stall) 974M(95%)->942M(92%)
[3294,504s][info][gc] Allocation Stall (main) 347,888ms
[3294,513s][info][gc] GC(6597) Garbage Collection (Allocation Stall) 990M(97%)->928M(91%)
[3294,903s][info][gc] Allocation Stall (main) 354,619ms
[3294,908s][info][gc] GC(6598) Garbage Collection (Allocation Stall) 1012M(99%)->906M(88%)
[3295,303s][info][gc] Allocation Stall (main) 351,229ms
[3295,317s][info][gc] GC(6599) Garbage Collection (Allocation Stall) 1002M(98%)->936M(91%)
[3295,715s][info][gc] Allocation Stall (main) 366,220ms
[3295,736s][info][gc] GC(6600) Garbage Collection (Allocation Stall) 1012M(99%)->938M(92%)
[3296,129s][info][gc] Allocation Stall (main) 360,862ms
[3296,139s][info][gc] GC(6601) Garbage Collection (Allocation Stall) 958M(94%)->958M(94%)
[3296,521s][info][gc] Allocation Stall (main) 357,792ms
[3296,525s][info][gc] GC(6602) Garbage Collection (Allocation Stall) 970M(95%)->936M(91%)
[3296,915s][info][gc] Allocation Stall (main) 357,562ms
[3296,927s][info][gc] GC(6603) Garbage Collection (Allocation Stall) 988M(96%)->940M(92%)
[3297,317s][info][gc] Allocation Stall (main) 353,798ms
[3297,323s][info][gc] GC(6604) Garbage Collection (Allocation Stall) 982M(96%)->938M(92%)
[3297,718s][info][gc] Allocation Stall (main) 364,446ms
[3297,731s][info][gc] GC(6605) Garbage Collection (Allocation Stall) 996M(97%)->940M(92%)
[3298,125s][info][gc] Allocation Stall (main) 357,848ms
[3298,142s][info][gc] GC(6606) Garbage Collection (Allocation Stall) 974M(95%)->964M(94%)
[3298,516s][info][gc] Allocation Stall (main) 351,900ms
[3298,521s][info][gc] GC(6607) Garbage Collection (Allocation Stall) 968M(95%)->942M(92%)
[3298,903s][info][gc] Allocation Stall (main) 353,669ms
[3298,922s][info][gc] GC(6608) Garbage Collection (Allocation Stall) 1008M(98%)->934M(91%)
[3299,320s][info][gc] Allocation Stall (main) 364,884ms
[3299,325s][info][gc] GC(6609) Garbage Collection (Allocation Stall) 994M(97%)->920M(90%)
[3299,697s][info][gc] Allocation Stall (main) 333,555ms
[3299,706s][info][gc] GC(6610) Garbage Collection (Allocation Stall) 972M(95%)->948M(93%)
[3300,102s][info][gc] Allocation Stall (main) 367,419ms
[3300,114s][info][gc] GC(6611) Garbage Collection (Allocation Stall) 1024M(100%)->914M(89%)
[3300,516s][info][gc] Allocation Stall (main) 358,763ms
[3300,528s][info][gc] GC(6612) Garbage Collection (Allocation Rate) 992M(97%)->940M(92%)
[3300,923s][info][gc] Allocation Stall (main) 363,737ms
[3300,940s][info][gc] GC(6613) Garbage Collection (Allocation Stall) 984M(96%)->956M(93%)
[3301,337s][info][gc] Allocation Stall (main) 370,680ms
[3301,342s][info][gc] GC(6614) Garbage Collection (Allocation Stall) 966M(94%)->944M(92%)
[3301,703s][info][gc] Allocation Stall (main) 329,991ms
[3301,710s][info][gc] GC(6615) Garbage Collection (Allocation Stall) 948M(93%)->970M(95%)
[3302,097s][info][gc] Allocation Stall (main) 367,533ms
[3302,115s][info][gc] GC(6616) Garbage Collection (Allocation Stall) 1024M(100%)->918M(90%)
[3302,529s][info][gc] Allocation Stall (main) 374,166ms
[3302,545s][info][gc] GC(6617) Garbage Collection (Allocation Rate) 996M(97%)->936M(91%)
[3302,958s][info][gc] Relocation Stall (main) 4,570ms
[3302,959s][info][gc] Allocation Stall (main) 381,451ms
[3302,964s][info][gc] GC(6618) Garbage Collection (Allocation Stall) 1024M(100%)->884M(86%)
[3303,387s][info][gc] Allocation Stall (main) 374,164ms
[3303,392s][info][gc] GC(6619) Garbage Collection (Allocation Stall) 1024M(100%)->894M(87%)
[3303,802s][info][gc] Relocation Stall (main) 4,140ms
[3303,803s][info][gc] Allocation Stall (main) 363,041ms
[3303,815s][info][gc] GC(6620) Garbage Collection (Allocation Stall) 1024M(100%)->912M(89%)
[3304,219s][info][gc] Allocation Stall (main) 363,263ms
[3304,237s][info][gc] GC(6621) Garbage Collection (Allocation Rate) 992M(97%)->950M(93%)
[3304,640s][info][gc] Allocation Stall (main) 374,639ms
[3304,645s][info][gc] GC(6622) Garbage Collection (Allocation Stall) 970M(95%)->944M(92%)
[3305,045s][info][gc] Relocation Stall (main) 4,079ms
[3305,045s][info][gc] Allocation Stall (main) 368,169ms
[3305,049s][info][gc] GC(6623) Garbage Collection (Allocation Stall) 1024M(100%)->892M(87%)
[3305,476s][info][gc] Relocation Stall (main) 3,890ms
[3305,476s][info][gc] Allocation Stall (main) 380,784ms
[3305,488s][info][gc] GC(6624) Garbage Collection (Allocation Stall) 1024M(100%)->916M(89%)
[3305,934s][info][gc] Allocation Stall (main) 405,805ms
[3305,958s][info][gc] GC(6625) Garbage Collection (Allocation Stall) 1024M(100%)->932M(91%)
[3306,401s][info][gc] Allocation Stall (main) 408,413ms
[3306,416s][info][gc] GC(6626) Garbage Collection (Allocation Stall) 1024M(100%)->910M(89%)
[3306,821s][info][gc] Allocation Stall (main) 362,552ms
[3306,828s][info][gc] GC(6627) Garbage Collection (Allocation Rate) 984M(96%)->930M(91%)
[3307,198s][info][gc] Allocation Stall (main) 336,629ms
[3307,207s][info][gc] GC(6628) Garbage Collection (Allocation Stall) 972M(95%)->952M(93%)
[3307,601s][info][gc] Relocation Stall (main) 4,198ms
[3307,601s][info][gc] Allocation Stall (main) 367,759ms
[3307,610s][info][gc] GC(6629) Garbage Collection (Allocation Stall) 1024M(100%)->902M(88%)
[3308,026s][info][gc] Allocation Stall (main) 372,302ms
[3308,035s][info][gc] GC(6630) Garbage Collection (Allocation Rate) 998M(97%)->930M(91%)
[3308,411s][info][gc] Relocation Stall (main) 6,048ms
[3308,411s][info][gc] Allocation Stall (main) 340,931ms
[3308,415s][info][gc] GC(6631) Garbage Collection (Allocation Stall) 952M(93%)->956M(93%)
[3308,803s][info][gc] Relocation Stall (main) 4,216ms
[3308,803s][info][gc] Allocation Stall (main) 364,545ms
[3308,807s][info][gc] GC(6632) Garbage Collection (Allocation Stall) 1024M(100%)->892M(87%)
[3309,204s][info][gc] Relocation Stall (main) 3,285ms
[3309,204s][info][gc] Allocation Stall (main) 350,351ms
[3309,217s][info][gc] GC(6633) Garbage Collection (Allocation Rate) 998M(97%)->936M(91%)
[3309,616s][info][gc] Allocation Stall (main) 367,746ms
[3309,630s][info][gc] GC(6634) Garbage Collection (Allocation Stall) 1012M(99%)->922M(90%)
[3310,012s][info][gc] Allocation Stall (main) 344,876ms
[3310,022s][info][gc] GC(6635) Garbage Collection (Allocation Stall) 960M(94%)->962M(94%)
[3310,410s][info][gc] Allocation Stall (main) 366,670ms
[3310,420s][info][gc] GC(6636) Garbage Collection (Allocation Stall) 1024M(100%)->904M(88%)
[3310,808s][info][gc] Allocation Stall (main) 344,872ms
[3310,821s][info][gc] GC(6637) Garbage Collection (Allocation Rate) 972M(95%)->962M(94%)
[3311,217s][info][gc] Allocation Stall (main) 373,919ms
[3311,226s][info][gc] GC(6638) Garbage Collection (Allocation Stall) 1024M(100%)->904M(88%)
[3311,599s][info][gc] Allocation Stall (main) 330,323ms
[3311,609s][info][gc] GC(6639) Garbage Collection (Allocation Stall) 956M(93%)->972M(95%)
[3311,994s][info][gc] Allocation Stall (main) 366,740ms
[3312,002s][info][gc] GC(6640) Garbage Collection (Allocation Stall) 1024M(100%)->906M(88%)
[3312,409s][info][gc] Allocation Stall (main) 363,968ms
[3312,427s][info][gc] GC(6641) Garbage Collection (Allocation Rate) 1022M(100%)->926M(90%)
[3312,822s][info][gc] Allocation Stall (main) 359,930ms
[3312,833s][info][gc] GC(6642) Garbage Collection (Allocation Stall) 974M(95%)->954M(93%)
[3313,207s][info][gc] Allocation Stall (main) 348,471ms
[3313,222s][info][gc] GC(6643) Garbage Collection (Allocation Stall) 984M(96%)->952M(93%)
[3313,615s][info][gc] Allocation Stall (main) 367,865ms
[3313,622s][info][gc] GC(6644) Garbage Collection (Allocation Stall) 1014M(99%)->906M(88%)
[3314,004s][info][gc] Allocation Stall (main) 340,045ms
[3314,022s][info][gc] GC(6645) Garbage Collection (Allocation Stall) 968M(95%)->972M(95%)
[3314,414s][info][gc] Relocation Stall (main) 3,703ms
[3314,414s][info][gc] Allocation Stall (main) 374,262ms
[3314,415s][info][gc] GC(6646) Garbage Collection (Allocation Stall) 1024M(100%)->882M(86%)
[3314,796s][info][gc] Allocation Stall (main) 330,549ms
[3314,812s][info][gc] GC(6647) Garbage Collection (Allocation Rate) 966M(94%)->972M(95%)
[3315,204s][info][gc] Allocation Stall (main) 374,047ms
[3315,214s][info][gc] GC(6648) Garbage Collection (Allocation Stall) 1024M(100%)->904M(88%)
[3315,604s][info][gc] Allocation Stall (main) 346,187ms
[3315,619s][info][gc] GC(6649) Garbage Collection (Allocation Rate) 986M(96%)->950M(93%)
[3316,017s][info][gc] Allocation Stall (main) 371,550ms
[3316,029s][info][gc] GC(6650) Garbage Collection (Allocation Stall) 1020M(100%)->910M(89%)
[3316,411s][info][gc] Allocation Stall (main) 340,778ms
[3316,423s][info][gc] GC(6651) Garbage Collection (Allocation Stall) 952M(93%)->972M(95%)
[3316,806s][info][gc] Allocation Stall (main) 364,824ms
[3316,814s][info][gc] GC(6652) Garbage Collection (Allocation Stall) 1024M(100%)->900M(88%)
[3317,203s][info][gc] Allocation Stall (main) 342,889ms
[3317,215s][info][gc] GC(6653) Garbage Collection (Allocation Rate) 980M(96%)->948M(93%)
[3317,606s][info][gc] Allocation Stall (main) 364,306ms
[3317,615s][info][gc] GC(6654) Garbage Collection (Allocation Stall) 1024M(100%)->906M(88%)
[3318,009s][info][gc] Allocation Stall (main) 351,461ms
[3318,026s][info][gc] GC(6655) Garbage Collection (Allocation Rate) 986M(96%)->946M(92%)
[3318,417s][info][gc] Allocation Stall (main) 363,585ms
[3318,423s][info][gc] GC(6656) Garbage Collection (Allocation Stall) 998M(97%)->922M(90%)
[3318,800s][info][gc] Allocation Stall (main) 340,323ms
[3318,816s][info][gc] GC(6657) Garbage Collection (Allocation Stall) 982M(96%)->960M(94%)
[3319,223s][info][gc] Relocation Stall (main) 4,262ms
[3319,223s][info][gc] Allocation Stall (main) 384,160ms
[3319,234s][info][gc] GC(6658) Garbage Collection (Allocation Stall) 1024M(100%)->902M(88%)
[3319,614s][info][gc] Allocation Stall (main) 335,218ms
[3319,619s][info][gc] GC(6659) Garbage Collection (Allocation Rate) 928M(91%)->982M(96%)
[3320,000s][info][gc] Relocation Stall (main) 4,446ms
[3320,000s][info][gc] Allocation Stall (main) 366,241ms
[3320,003s][info][gc] GC(6660) Garbage Collection (Allocation Stall) 1024M(100%)->890M(87%)
[3320,410s][info][gc] Allocation Stall (main) 359,335ms
[3320,429s][info][gc] GC(6661) Garbage Collection (Allocation Rate) 1006M(98%)->940M(92%)
[3320,825s][info][gc] Allocation Stall (main) 363,975ms
[3320,844s][info][gc] GC(6662) Garbage Collection (Allocation Stall) 978M(96%)->956M(93%)
[3321,251s][info][gc] Allocation Stall (main) 382,994ms
[3321,257s][info][gc] GC(6663) Garbage Collection (Allocation Stall) 1024M(100%)->888M(87%)
[3321,659s][info][gc] Allocation Stall (main) 355,001ms
[3321,670s][info][gc] GC(6664) Garbage Collection (Allocation Stall) 1024M(100%)->904M(88%)
[3322,078s][info][gc] Allocation Stall (main) 366,104ms
[3322,090s][info][gc] GC(6665) Garbage Collection (Allocation Stall) 1024M(100%)->912M(89%)
[3322,496s][info][gc] Allocation Stall (main) 367,361ms
[3322,515s][info][gc] GC(6666) Garbage Collection (Allocation Stall) 1024M(100%)->920M(90%)
[3322,925s][info][gc] Relocation Stall (main) 4,008ms
[3322,926s][info][gc] Allocation Stall (main) 372,956ms
[3322,936s][info][gc] GC(6667) Garbage Collection (Allocation Rate) 1000M(98%)->922M(90%)
[3323,311s][info][gc] Allocation Stall (main) 337,657ms
[3323,316s][info][gc] GC(6668) Garbage Collection (Allocation Stall) 942M(92%)->962M(94%)
[3323,693s][info][gc] Allocation Stall (main) 354,065ms
[3323,705s][info][gc] GC(6669) Garbage Collection (Allocation Stall) 1024M(100%)->908M(89%)
[3324,109s][info][gc] Allocation Stall (main) 363,818ms
[3324,124s][info][gc] GC(6670) Garbage Collection (Allocation Rate) 1020M(100%)->916M(89%)
[3324,510s][info][gc] Allocation Stall (main) 347,314ms
[3324,516s][info][gc] GC(6671) Garbage Collection (Allocation Stall) 972M(95%)->946M(92%)
[3324,900s][info][gc] Allocation Stall (main) 355,820ms
[3324,912s][info][gc] GC(6672) Garbage Collection (Allocation Stall) 1024M(100%)->914M(89%)
[3325,308s][info][gc] Allocation Stall (main) 355,847ms
[3325,319s][info][gc] GC(6673) Garbage Collection (Allocation Stall) 992M(97%)->938M(92%)
[3325,710s][info][gc] Allocation Stall (main) 359,837ms
[3325,722s][info][gc] GC(6674) Garbage Collection (Allocation Stall) 1008M(98%)->928M(91%)
[3326,113s][info][gc] Allocation Stall (main) 355,418ms
[3326,128s][info][gc] GC(6675) Garbage Collection (Allocation Stall) 988M(96%)->950M(93%)
[3326,522s][info][gc] Allocation Stall (main) 367,437ms
[3326,529s][info][gc] GC(6676) Garbage Collection (Allocation Stall) 994M(97%)->924M(90%)
[3326,899s][info][gc] Allocation Stall (main) 334,714ms
[3326,908s][info][gc] GC(6677) Garbage Collection (Allocation Stall) 968M(95%)->958M(94%)
[3327,294s][info][gc] Allocation Stall (main) 360,776ms
[3327,310s][info][gc] GC(6678) Garbage Collection (Allocation Stall) 1024M(100%)->918M(90%)
[3327,714s][info][gc] Allocation Stall (main) 366,672ms
[3327,722s][info][gc] GC(6679) Garbage Collection (Allocation Rate) 1014M(99%)->912M(89%)
[3328,102s][info][gc] Allocation Stall (main) 340,336ms
[3328,114s][info][gc] GC(6680) Garbage Collection (Allocation Stall) 974M(95%)->958M(94%)
[3328,504s][info][gc] Relocation Stall (main) 3,623ms
[3328,504s][info][gc] Allocation Stall (main) 367,928ms
[3328,517s][info][gc] GC(6681) Garbage Collection (Allocation Stall) 1024M(100%)->910M(89%)
[3328,924s][info][gc] Allocation Stall (main) 366,166ms
[3328,932s][info][gc] GC(6682) Garbage Collection (Allocation Rate) 986M(96%)->938M(92%)
[3329,305s][info][gc] Relocation Stall (main) 2,443ms
[3329,305s][info][gc] Allocation Stall (main) 342,165ms
[3329,319s][info][gc] GC(6683) Garbage Collection (Allocation Stall) 972M(95%)->956M(93%)
[3329,721s][info][gc] Relocation Stall (main) 4,226ms
[3329,721s][info][gc] Allocation Stall (main) 378,431ms
[3329,724s][info][gc] GC(6684) Garbage Collection (Allocation Stall) 1024M(100%)->882M(86%)
[3330,101s][info][gc] Allocation Stall (main) 326,344ms
[3330,113s][info][gc] GC(6685) Garbage Collection (Allocation Rate) 940M(92%)->986M(96%)
[3330,491s][info][gc] Allocation Stall (main) 364,318ms
[3330,498s][info][gc] GC(6686) Garbage Collection (Allocation Stall) 1024M(100%)->896M(88%)
[3330,905s][info][gc] Relocation Stall (main) 3,697ms
[3330,905s][info][gc] Allocation Stall (main) 363,415ms
[3330,916s][info][gc] GC(6687) Garbage Collection (Allocation Stall) 1024M(100%)->906M(88%)
[3331,312s][info][gc] Allocation Stall (main) 353,790ms
[3331,323s][info][gc] GC(6688) Garbage Collection (Allocation Rate) 984M(96%)->946M(92%)
[3331,708s][info][gc] Allocation Stall (main) 357,261ms
[3331,720s][info][gc] GC(6689) Garbage Collection (Allocation Stall) 1006M(98%)->930M(91%)
[3332,109s][info][gc] Allocation Stall (main) 355,923ms
[3332,131s][info][gc] GC(6690) Garbage Collection (Allocation Stall) 1000M(98%)->952M(93%)
[3332,529s][info][gc] Allocation Stall (main) 372,067ms
[3332,537s][info][gc] GC(6691) Garbage Collection (Allocation Stall) 988M(96%)->930M(91%)
[3332,898s][info][gc] Allocation Stall (main) 325,988ms
[3332,905s][info][gc] GC(6692) Garbage Collection (Allocation Stall) 948M(93%)->968M(95%)
[3333,281s][info][gc] Relocation Stall (main) 4,381ms
[3333,281s][info][gc] Allocation Stall (main) 356,929ms
[3333,285s][info][gc] GC(6693) Garbage Collection (Allocation Stall) 1024M(100%)->892M(87%)
[3333,692s][info][gc] Relocation Stall (main) 3,759ms
[3333,692s][info][gc] Allocation Stall (main) 361,365ms
[3333,699s][info][gc] GC(6694) Garbage Collection (Allocation Stall) 1024M(100%)->900M(88%)
[3334,114s][info][gc] Relocation Stall (main) 3,864ms
[3334,114s][info][gc] Allocation Stall (main) 372,925ms
[3334,131s][info][gc] GC(6695) Garbage Collection (Allocation Stall) 1024M(100%)->918M(90%)
[3334,521s][info][gc] Allocation Stall (main) 352,015ms
[3334,538s][info][gc] GC(6696) Garbage Collection (Allocation Rate) 954M(93%)->978M(96%)
[3334,918s][info][gc] Allocation Stall (main) 363,679ms
[3334,923s][info][gc] GC(6697) Garbage Collection (Allocation Stall) 994M(97%)->912M(89%)
[3335,295s][info][gc] Allocation Stall (main) 332,471ms
[3335,302s][info][gc] GC(6698) Garbage Collection (Allocation Stall) 974M(95%)->948M(93%)
[3335,695s][info][gc] Relocation Stall (main) 4,460ms
[3335,695s][info][gc] Allocation Stall (main) 364,902ms
[3335,707s][info][gc] GC(6699) Garbage Collection (Allocation Stall) 1024M(100%)->908M(89%)
[3336,117s][info][gc] Allocation Stall (main) 368,449ms
[3336,126s][info][gc] GC(6700) Garbage Collection (Allocation Rate) 1012M(99%)->914M(89%)
[3336,510s][info][gc] Relocation Stall (main) 9,854ms
[3336,510s][info][gc] Allocation Stall (main) 344,066ms
[3336,510s][info][gc] GC(6701) Garbage Collection (Allocation Stall) 966M(94%)->936M(91%)
[3336,911s][info][gc] Relocation Stall (main) 4,032ms
[3336,911s][info][gc] Allocation Stall (main) 369,197ms
[3336,921s][info][gc] GC(6702) Garbage Collection (Allocation Stall) 1024M(100%)->900M(88%)
[3337,313s][info][gc] Allocation Stall (main) 347,036ms
[3337,324s][info][gc] GC(6703) Garbage Collection (Allocation Rate) 962M(94%)->964M(94%)
[3337,709s][info][gc] Relocation Stall (main) 2,699ms
[3337,709s][info][gc] Allocation Stall (main) 363,264ms
[3337,722s][info][gc] GC(6704) Garbage Collection (Allocation Stall) 1018M(99%)->910M(89%)
[3338,118s][info][gc] Allocation Stall (main) 355,562ms
[3338,123s][info][gc] GC(6705) Garbage Collection (Allocation Stall) 972M(95%)->940M(92%)
[3338,497s][info][gc] Allocation Stall (main) 344,234ms
[3338,506s][info][gc] GC(6706) Garbage Collection (Allocation Stall) 1000M(98%)->928M(91%)
[3338,909s][info][gc] Relocation Stall (main) 3,764ms
[3338,910s][info][gc] Allocation Stall (main) 369,818ms
[3338,919s][info][gc] GC(6707) Garbage Collection (Allocation Stall) 1024M(100%)->906M(88%)
[3339,309s][info][gc] Allocation Stall (main) 347,770ms
[3339,323s][info][gc] GC(6708) Garbage Collection (Allocation Rate) 976M(95%)->958M(94%)
[3339,716s][info][gc] Allocation Stall (main) 370,399ms
[3339,725s][info][gc] GC(6709) Garbage Collection (Allocation Stall) 1018M(99%)->906M(88%)
[3340,099s][info][gc] Allocation Stall (main) 332,552ms
[3340,117s][info][gc] GC(6710) Garbage Collection (Allocation Stall) 962M(94%)->972M(95%)
[3340,510s][info][gc] Allocation Stall (main) 374,354ms
[3340,524s][info][gc] GC(6711) Garbage Collection (Allocation Stall) 1024M(100%)->906M(88%)
[3340,915s][info][gc] Allocation Stall (main) 348,063ms
[3340,924s][info][gc] GC(6712) Garbage Collection (Allocation Rate) 962M(94%)->954M(93%)
[3341,303s][info][gc] Allocation Stall (main) 353,803ms
[3341,307s][info][gc] GC(6713) Garbage Collection (Allocation Stall) 1010M(99%)->904M(88%)
[3341,704s][info][gc] Relocation Stall (main) 2,094ms
[3341,704s][info][gc] Allocation Stall (main) 353,609ms
[3341,726s][info][gc] GC(6714) Garbage Collection (Allocation Stall) 1008M(98%)->944M(92%)
[3342,131s][info][gc] Allocation Stall (main) 375,896ms
[3342,137s][info][gc] GC(6715) Garbage Collection (Allocation Stall) 992M(97%)->922M(90%)
[3342,500s][info][gc] Allocation Stall (main) 325,527ms
[3342,511s][info][gc] GC(6716) Garbage Collection (Allocation Stall) 940M(92%)->982M(96%)
[3342,894s][info][gc] Relocation Stall (main) 4,009ms
[3342,894s][info][gc] Allocation Stall (main) 368,166ms
[3342,904s][info][gc] GC(6717) Garbage Collection (Allocation Stall) 1024M(100%)->894M(87%)
[3343,317s][info][gc] Allocation Stall (main) 367,445ms
[3343,330s][info][gc] GC(6718) Garbage Collection (Allocation Rate) 1008M(98%)->922M(90%)
[3343,705s][info][gc] Allocation Stall (main) 338,629ms
[3343,714s][info][gc] GC(6719) Garbage Collection (Allocation Stall) 962M(94%)->956M(93%)
[3344,103s][info][gc] Allocation Stall (main) 365,637ms
[3344,111s][info][gc] GC(6720) Garbage Collection (Allocation Stall) 1024M(100%)->902M(88%)
[3344,502s][info][gc] Allocation Stall (main) 347,077ms
[3344,511s][info][gc] GC(6721) Garbage Collection (Allocation Rate) 994M(97%)->936M(91%)
[3344,904s][info][gc] Relocation Stall (main) 3,930ms
[3344,904s][info][gc] Allocation Stall (main) 361,255ms
[3344,909s][info][gc] GC(6722) Garbage Collection (Allocation Stall) 1024M(100%)->900M(88%)
[3345,305s][info][gc] Allocation Stall (main) 351,786ms
[3345,327s][info][gc] GC(6723) Garbage Collection (Allocation Rate) 998M(97%)->960M(94%)
[3345,722s][info][gc] Allocation Stall (main) 371,356ms
[3345,730s][info][gc] GC(6724) Garbage Collection (Allocation Stall) 1006M(98%)->918M(90%)
[3346,097s][info][gc] Allocation Stall (main) 328,885ms
[3346,109s][info][gc] GC(6725) Garbage Collection (Allocation Stall) 958M(94%)->974M(95%)
[3346,495s][info][gc] Relocation Stall (main) 4,248ms
[3346,495s][info][gc] Allocation Stall (main) 368,228ms
[3346,500s][info][gc] GC(6726) Garbage Collection (Allocation Stall) 1024M(100%)->890M(87%)
[3346,912s][info][gc] Allocation Stall (main) 364,065ms
[3346,931s][info][gc] GC(6727) Garbage Collection (Allocation Rate) 1012M(99%)->936M(91%)
[3347,320s][info][gc] Allocation Stall (main) 356,324ms
[3347,335s][info][gc] GC(6728) Garbage Collection (Allocation Stall) 970M(95%)->960M(94%)
[3347,713s][info][gc] Allocation Stall (main) 354,895ms
[3347,720s][info][gc] GC(6729) Garbage Collection (Allocation Stall) 984M(96%)->930M(91%)
[3348,097s][info][gc] Allocation Stall (main) 343,756ms
[3348,103s][info][gc] GC(6730) Garbage Collection (Allocation Stall) 998M(97%)->922M(90%)
[3348,498s][info][gc] Allocation Stall (main) 359,567ms
[3348,518s][info][gc] GC(6731) Garbage Collection (Allocation Stall) 1024M(100%)->924M(90%)
[3348,929s][info][gc] Allocation Stall (main) 374,602ms
[3348,938s][info][gc] GC(6732) Garbage Collection (Allocation Rate) 996M(97%)->930M(91%)
[3349,305s][info][gc] Allocation Stall (main) 331,358ms
[3349,317s][info][gc] GC(6733) Garbage Collection (Allocation Stall) 944M(92%)->980M(96%)
[3349,700s][info][gc] Allocation Stall (main) 367,137ms
[3349,711s][info][gc] GC(6734) Garbage Collection (Allocation Stall) 1024M(100%)->902M(88%)
[3350,104s][info][gc] Allocation Stall (main) 350,353ms
[3350,114s][info][gc] GC(6735) Garbage Collection (Allocation Rate) 996M(97%)->928M(91%)
[3350,501s][info][gc] Allocation Stall (main) 353,982ms
[3350,513s][info][gc] GC(6736) Garbage Collection (Allocation Stall) 1014M(99%)->918M(90%)
[3350,916s][info][gc] Allocation Stall (main) 364,531ms
[3350,932s][info][gc] GC(6737) Garbage Collection (Allocation Stall) 1004M(98%)->934M(91%)
[3351,316s][info][gc] Allocation Stall (main) 351,531ms
[3351,325s][info][gc] GC(6738) Garbage Collection (Allocation Stall) 968M(95%)->952M(93%)
[3351,701s][info][gc] Allocation Stall (main) 349,926ms
[3351,713s][info][gc] GC(6739) Garbage Collection (Allocation Stall) 1004M(98%)->922M(90%)
[3352,107s][info][gc] Allocation Stall (main) 357,727ms
[3352,121s][info][gc] GC(6740) Garbage Collection (Allocation Stall) 1008M(98%)->924M(90%)
[3352,515s][info][gc] Relocation Stall (main) 3,307ms
[3352,515s][info][gc] Allocation Stall (main) 357,957ms
[3352,519s][info][gc] GC(6741) Garbage Collection (Allocation Stall) 988M(96%)->924M(90%)
[3352,903s][info][gc] Allocation Stall (main) 348,328ms
[3352,910s][info][gc] GC(6742) Garbage Collection (Allocation Stall) 994M(97%)->930M(91%)
[3353,302s][info][gc] Allocation Stall (main) 359,734ms
[3353,316s][info][gc] GC(6743) Garbage Collection (Allocation Stall) 1024M(100%)->924M(90%)
[3353,713s][info][gc] Allocation Stall (main) 360,853ms
[3353,737s][info][gc] GC(6744) Garbage Collection (Allocation Rate) 1002M(98%)->954M(93%)
[3354,133s][info][gc] Allocation Stall (main) 370,074ms
[3354,137s][info][gc] GC(6745) Garbage Collection (Allocation Stall) 972M(95%)->936M(91%)
[3354,499s][info][gc] Allocation Stall (main) 329,899ms
[3354,509s][info][gc] GC(6746) Garbage Collection (Allocation Stall) 956M(93%)->970M(95%)
[3354,890s][info][gc] Allocation Stall (main) 360,954ms
[3354,905s][info][gc] GC(6747) Garbage Collection (Allocation Stall) 1024M(100%)->912M(89%)
[3355,329s][info][gc] Relocation Stall (main) 4,445ms
[3355,329s][info][gc] Allocation Stall (main) 384,134ms
[3355,333s][info][gc] GC(6748) Garbage Collection (Allocation Rate) 1022M(100%)->892M(87%)
[3355,702s][info][gc] Allocation Stall (main) 319,776ms
[3355,712s][info][gc] GC(6749) Garbage Collection (Allocation Stall) 920M(90%)->1002M(98%)
[3356,080s][info][gc] Allocation Stall (main) 360,074ms
[3356,087s][info][gc] GC(6750) Garbage Collection (Allocation Stall) 1024M(100%)->898M(88%)
[3356,490s][info][gc] Allocation Stall (main) 359,060ms
[3356,506s][info][gc] GC(6751) Garbage Collection (Allocation Stall) 1024M(100%)->924M(90%)
[3356,917s][info][gc] Allocation Stall (main) 374,719ms
[3356,929s][info][gc] GC(6752) Garbage Collection (Allocation Stall) 1024M(100%)->914M(89%)
[3357,311s][info][gc] Allocation Stall (main) 342,024ms
[3357,327s][info][gc] GC(6753) Garbage Collection (Allocation Rate) 954M(93%)->980M(96%)
[3357,724s][info][gc] Relocation Stall (main) 4,589ms
[3357,724s][info][gc] Allocation Stall (main) 381,752ms
[3357,727s][info][gc] GC(6754) Garbage Collection (Allocation Stall) 1024M(100%)->884M(86%)
[3358,098s][info][gc] Allocation Stall (main) 320,178ms
[3358,104s][info][gc] GC(6755) Garbage Collection (Allocation Rate) 932M(91%)->984M(96%)
[3358,480s][info][gc] Relocation Stall (main) 4,060ms
[3358,480s][info][gc] Allocation Stall (main) 362,046ms
[3358,489s][info][gc] GC(6756) Garbage Collection (Allocation Stall) 1024M(100%)->902M(88%)
[3358,903s][info][gc] Allocation Stall (main) 370,534ms
[3358,919s][info][gc] GC(6757) Garbage Collection (Allocation Stall) 1024M(100%)->918M(90%)
[3359,315s][info][gc] Allocation Stall (main) 358,088ms
[3359,333s][info][gc] GC(6758) Garbage Collection (Allocation Rate) 988M(96%)->948M(93%)
[3359,729s][info][gc] Allocation Stall (main) 368,590ms
[3359,732s][info][gc] GC(6759) Garbage Collection (Allocation Stall) 980M(96%)->928M(91%)
[3360,100s][info][gc] Allocation Stall (main) 331,016ms
[3360,106s][info][gc] GC(6760) Garbage Collection (Allocation Stall) 960M(94%)->958M(94%)
[3360,493s][info][gc] Allocation Stall (main) 363,038ms
[3360,513s][info][gc] GC(6761) Garbage Collection (Allocation Stall) 1024M(100%)->924M(90%)
[3360,928s][info][gc] Relocation Stall (main) 1,322ms
[3360,928s][info][gc] Allocation Stall (main) 379,196ms
[3360,935s][info][gc] GC(6762) Garbage Collection (Allocation Rate) 1010M(99%)->908M(89%)
[3361,303s][info][gc] Allocation Stall (main) 326,513ms
[3361,323s][info][gc] GC(6763) Garbage Collection (Allocation Stall) 934M(91%)->1002M(98%)
[3361,711s][info][gc] Allocation Stall (main) 379,983ms
[3361,722s][info][gc] GC(6764) Garbage Collection (Allocation Stall) 1024M(100%)->896M(88%)
[3362,109s][info][gc] Allocation Stall (main) 341,405ms
[3362,120s][info][gc] GC(6765) Garbage Collection (Allocation Rate) 960M(94%)->958M(94%)
[3362,508s][info][gc] Allocation Stall (main) 365,254ms
[3362,514s][info][gc] GC(6766) Garbage Collection (Allocation Stall) 1024M(100%)->894M(87%)
[3362,895s][info][gc] Allocation Stall (main) 334,798ms
[3362,902s][info][gc] GC(6767) Garbage Collection (Allocation Rate) 978M(96%)->942M(92%)
[3363,287s][info][gc] Allocation Stall (main) 356,042ms
[3363,298s][info][gc] GC(6768) Garbage Collection (Allocation Stall) 1024M(100%)->912M(89%)
[3363,710s][info][gc] Relocation Stall (main) 4,208ms
[3363,710s][info][gc] Allocation Stall (main) 371,969ms
[3363,725s][info][gc] GC(6769) Garbage Collection (Allocation Stall) 1024M(100%)->918M(90%)
[3364,127s][info][gc] Allocation Stall (main) 358,673ms
[3364,147s][info][gc] GC(6770) Garbage Collection (Allocation Rate) 970M(95%)->970M(95%)
[3364,557s][info][gc] Relocation Stall (main) 4,756ms
[3364,557s][info][gc] Allocation Stall (main) 390,215ms
[3364,558s][info][gc] GC(6771) Garbage Collection (Allocation Stall) 1024M(100%)->876M(86%)
[3364,961s][info][gc] Allocation Stall (main) 352,850ms
[3364,969s][info][gc] GC(6772) Garbage Collection (Allocation Stall) 1024M(100%)->904M(88%)
[3365,376s][info][gc] Allocation Stall (main) 364,387ms
[3365,390s][info][gc] GC(6773) Garbage Collection (Allocation Stall) 1024M(100%)->916M(89%)
[3365,802s][info][gc] Relocation Stall (main) 3,928ms
[3365,802s][info][gc] Allocation Stall (main) 373,940ms
[3365,809s][info][gc] GC(6774) Garbage Collection (Allocation Stall) 1024M(100%)->902M(88%)
[3366,208s][info][gc] Relocation Stall (main) 3,310ms
[3366,208s][info][gc] Allocation Stall (main) 354,536ms
[3366,220s][info][gc] GC(6775) Garbage Collection (Allocation Rate) 998M(97%)->934M(91%)
[3366,618s][info][gc] Allocation Stall (main) 366,418ms
[3366,630s][info][gc] GC(6776) Garbage Collection (Allocation Stall) 1002M(98%)->932M(91%)
[3367,012s][info][gc] Allocation Stall (main) 349,375ms
[3367,033s][info][gc] GC(6777) Garbage Collection (Allocation Stall) 972M(95%)->970M(95%)
[3367,427s][info][gc] Allocation Stall (main) 374,472ms
[3367,433s][info][gc] GC(6778) Garbage Collection (Allocation Stall) 1000M(98%)->912M(89%)
[3367,800s][info][gc] Allocation Stall (main) 326,120ms
[3367,803s][info][gc] GC(6779) Garbage Collection (Allocation Stall) 942M(92%)->966M(94%)
[3368,178s][info][gc] Allocation Stall (main) 354,484ms
[3368,195s][info][gc] GC(6780) Garbage Collection (Allocation Stall) 1024M(100%)->920M(90%)
[3368,600s][info][gc] Relocation Stall (main) 0,704ms
[3368,600s][info][gc] Allocation Stall (main) 368,760ms
[3368,613s][info][gc] GC(6781) Garbage Collection (Allocation Stall) 1024M(100%)->912M(89%)
[3369,010s][info][gc] Allocation Stall (main) 357,900ms
[3369,017s][info][gc] GC(6782) Garbage Collection (Allocation Rate) 1002M(98%)->922M(90%)
[3369,405s][info][gc] Relocation Stall (main) 2,413ms
[3369,405s][info][gc] Allocation Stall (main) 351,586ms
[3369,414s][info][gc] GC(6783) Garbage Collection (Allocation Stall) 998M(97%)->928M(91%)
[3369,815s][info][gc] Allocation Stall (main) 365,212ms
[3369,834s][info][gc] GC(6784) Garbage Collection (Allocation Stall) 1008M(98%)->942M(92%)
[3370,221s][info][gc] Allocation Stall (main) 356,742ms
[3370,231s][info][gc] GC(6785) Garbage Collection (Allocation Stall) 968M(95%)->950M(93%)
[3370,603s][info][gc] Allocation Stall (main) 344,770ms
[3370,615s][info][gc] GC(6786) Garbage Collection (Allocation Stall) 986M(96%)->942M(92%)
[3371,013s][info][gc] Allocation Stall (main) 367,744ms
[3371,026s][info][gc] GC(6787) Garbage Collection (Allocation Stall) 1020M(100%)->910M(89%)
[3371,415s][info][gc] Allocation Stall (main) 348,871ms
[3371,426s][info][gc] GC(6788) Garbage Collection (Allocation Stall) 962M(94%)->960M(94%)
[3371,809s][info][gc] Allocation Stall (main) 359,112ms
[3371,818s][info][gc] GC(6789) Garbage Collection (Allocation Stall) 1008M(98%)->914M(89%)
[3372,202s][info][gc] Allocation Stall (main) 343,819ms
[3372,213s][info][gc] GC(6790) Garbage Collection (Allocation Stall) 986M(96%)->942M(92%)
[3372,605s][info][gc] Allocation Stall (main) 363,182ms
[3372,618s][info][gc] GC(6791) Garbage Collection (Allocation Stall) 1024M(100%)->908M(89%)
[3373,012s][info][gc] Allocation Stall (main) 352,594ms
[3373,023s][info][gc] GC(6792) Garbage Collection (Allocation Rate) 982M(96%)->944M(92%)
[3373,409s][info][gc] Allocation Stall (main) 357,147ms
[3373,418s][info][gc] GC(6793) Garbage Collection (Allocation Stall) 1002M(98%)->922M(90%)
[3373,805s][info][gc] Allocation Stall (main) 350,518ms
[3373,823s][info][gc] GC(6794) Garbage Collection (Allocation Stall) 996M(97%)->948M(93%)
[3374,216s][info][gc] Allocation Stall (main) 365,952ms
[3374,225s][info][gc] GC(6795) Garbage Collection (Allocation Stall) 1006M(98%)->916M(89%)
[3374,613s][info][gc] Allocation Stall (main) 349,415ms
[3374,636s][info][gc] GC(6796) Garbage Collection (Allocation Stall) 970M(95%)->974M(95%)
[3375,029s][info][gc] Allocation Stall (main) 374,891ms
[3375,039s][info][gc] GC(6797) Garbage Collection (Allocation Stall) 996M(97%)->918M(90%)
[3375,442s][info][gc] Relocation Stall (main) 4,454ms
[3375,442s][info][gc] Allocation Stall (main) 366,068ms
[3375,447s][info][gc] GC(6798) Garbage Collection (Allocation Stall) 1024M(100%)->884M(86%)
[3375,870s][info][gc] Relocation Stall (main) 4,423ms
[3375,870s][info][gc] Allocation Stall (main) 374,782ms
[3375,885s][info][gc] GC(6799) Garbage Collection (Allocation Stall) 1024M(100%)->908M(89%)
[3376,301s][info][gc] Allocation Stall (main) 375,554ms
[3376,309s][info][gc] GC(6800) Garbage Collection (Allocation Stall) 1024M(100%)->894M(87%)
[3376,702s][info][gc] Allocation Stall (main) 346,082ms
[3376,721s][info][gc] GC(6801) Garbage Collection (Allocation Rate) 992M(97%)->952M(93%)
[3377,124s][info][gc] Allocation Stall (main) 376,886ms
[3377,131s][info][gc] GC(6802) Garbage Collection (Allocation Stall) 1014M(99%)->904M(88%)
[3377,496s][info][gc] Allocation Stall (main) 321,051ms
[3377,504s][info][gc] GC(6803) Garbage Collection (Allocation Stall) 940M(92%)->978M(96%)
[3377,881s][info][gc] Allocation Stall (main) 360,819ms
[3377,888s][info][gc] GC(6804) Garbage Collection (Allocation Stall) 1024M(100%)->900M(88%)
[3378,291s][info][gc] Allocation Stall (main) 360,119ms
[3378,310s][info][gc] GC(6805) Garbage Collection (Allocation Stall) 1024M(100%)->928M(91%)
[3378,717s][info][gc] Allocation Stall (main) 373,580ms
[3378,723s][info][gc] GC(6806) Garbage Collection (Allocation Rate) 1024M(100%)->900M(88%)
[3379,100s][info][gc] Allocation Stall (main) 333,211ms
[3379,111s][info][gc] GC(6807) Garbage Collection (Allocation Stall) 960M(94%)->974M(95%)
[3379,496s][info][gc] Relocation Stall (main) 4,046ms
[3379,496s][info][gc] Allocation Stall (main) 367,236ms
[3379,506s][info][gc] GC(6808) Garbage Collection (Allocation Stall) 1024M(100%)->908M(89%)
[3379,916s][info][gc] Allocation Stall (main) 369,438ms
[3379,938s][info][gc] GC(6809) Garbage Collection (Allocation Rate) 1016M(99%)->938M(92%)
[3380,326s][info][gc] Allocation Stall (main) 356,299ms
[3380,332s][info][gc] GC(6810) Garbage Collection (Allocation Stall) 954M(93%)->960M(94%)
[3380,705s][info][gc] Allocation Stall (main) 350,049ms
[3380,714s][info][gc] GC(6811) Garbage Collection (Allocation Stall) 994M(97%)->930M(91%)
[3381,109s][info][gc] Relocation Stall (main) 4,250ms
[3381,109s][info][gc] Allocation Stall (main) 362,878ms
[3381,118s][info][gc] GC(6812) Garbage Collection (Allocation Stall) 1018M(99%)->908M(89%)
[3381,512s][info][gc] Allocation Stall (main) 351,766ms
[3381,526s][info][gc] GC(6813) Garbage Collection (Allocation Stall) 980M(96%)->952M(93%)
[3381,915s][info][gc] Allocation Stall (main) 362,682ms
[3381,922s][info][gc] GC(6814) Garbage Collection (Allocation Stall) 1002M(98%)->916M(89%)
[3382,299s][info][gc] Allocation Stall (main) 339,234ms
[3382,308s][info][gc] GC(6815) Garbage Collection (Allocation Stall) 980M(96%)->948M(93%)
[3382,693s][info][gc] Allocation Stall (main) 358,114ms
[3382,706s][info][gc] GC(6816) Garbage Collection (Allocation Stall) 1024M(100%)->916M(89%)
[3383,112s][info][gc] Allocation Stall (main) 367,129ms
[3383,129s][info][gc] GC(6817) Garbage Collection (Allocation Rate) 1020M(100%)->926M(90%)
[3383,511s][info][gc] Allocation Stall (main) 346,862ms
[3383,522s][info][gc] GC(6818) Garbage Collection (Allocation Stall) 968M(95%)->960M(94%)
[3383,907s][info][gc] Allocation Stall (main) 362,820ms
[3383,918s][info][gc] GC(6819) Garbage Collection (Allocation Stall) 1022M(100%)->908M(89%)
[3384,307s][info][gc] Allocation Stall (main) 347,855ms
[3384,320s][info][gc] GC(6820) Garbage Collection (Allocation Stall) 982M(96%)->952M(93%)
[3384,714s][info][gc] Allocation Stall (main) 367,818ms
[3384,731s][info][gc] GC(6821) Garbage Collection (Allocation Stall) 1018M(99%)->920M(90%)
[3385,133s][info][gc] Allocation Stall (main) 365,322ms
[3385,147s][info][gc] GC(6822) Garbage Collection (Allocation Stall) 958M(94%)->966M(94%)
[3385,538s][info][gc] Relocation Stall (main) 4,144ms
[3385,538s][info][gc] Allocation Stall (main) 369,861ms
[3385,541s][info][gc] GC(6823) Garbage Collection (Allocation Stall) 1024M(100%)->878M(86%)
[3385,893s][info][gc] Allocation Stall (main) 298,589ms
[3385,898s][info][gc] Allocation Stall (main) 0,262ms
[3385,899s][info][gc] Allocation Stall (main) 0,058ms
[3385,900s][info][gc] GC(6824) Garbage Collection (Allocation Rate) 884M(86%)->1022M(100%)
[3386,264s][info][gc] Allocation Stall (main) 363,637ms
[3386,280s][info][gc] GC(6825) Garbage Collection (Allocation Stall) 1024M(100%)->900M(88%)
[3386,804s][info][gc] Allocation Stall (main) 472,385ms
[3386,812s][info][gc] GC(6826) Garbage Collection (Allocation Stall) 1024M(100%)->892M(87%)
[3387,293s][info][gc] Allocation Stall (main) 419,107ms
[3387,305s][info][gc] GC(6827) Garbage Collection (Allocation Rate) 958M(94%)->966M(94%)
[3387,802s][info][gc] Relocation Stall (main) 5,192ms
[3387,802s][info][gc] Allocation Stall (main) 469,295ms
[3387,805s][info][gc] GC(6828) Garbage Collection (Allocation Stall) 1024M(100%)->888M(87%)
[3388,298s][info][gc] Allocation Stall (main) 431,386ms
[3388,316s][info][gc] GC(6829) Garbage Collection (Allocation Rate) 972M(95%)->966M(94%)
[3388,819s][info][gc] Allocation Stall (main) 475,230ms
[3388,838s][info][gc] GC(6830) Garbage Collection (Allocation Stall) 1024M(100%)->912M(89%)
[3389,311s][info][gc] Relocation Stall (main) 1,306ms
[3389,311s][info][gc] Allocation Stall (main) 416,411ms
[3389,325s][info][gc] GC(6831) Garbage Collection (Allocation Stall) 916M(89%)->1000M(98%)
[3389,812s][info][gc] Relocation Stall (main) 5,272ms
[3389,812s][info][gc] Allocation Stall (main) 475,183ms
[3389,813s][info][gc] GC(6832) Garbage Collection (Allocation Stall) 1024M(100%)->878M(86%)
[3390,296s][info][gc] Allocation Stall (main) 415,016ms
[3390,308s][info][gc] GC(6833) Garbage Collection (Allocation Rate) 942M(92%)->978M(96%)
[3390,790s][info][gc] Allocation Stall (main) 459,925ms
[3390,798s][info][gc] GC(6834) Garbage Collection (Allocation Stall) 1024M(100%)->896M(88%)
[3391,294s][info][gc] Allocation Stall (main) 439,321ms
[3391,316s][info][gc] GC(6835) Garbage Collection (Allocation Rate) 988M(96%)->948M(93%)
[3391,827s][info][gc] Relocation Stall (main) 4,768ms
[3391,827s][info][gc] Allocation Stall (main) 476,785ms
[3391,837s][info][gc] GC(6836) Garbage Collection (Allocation Stall) 1008M(98%)->904M(88%)
[3392,315s][info][gc] Allocation Stall (main) 407,932ms
[3392,316s][info][gc] GC(6837) Garbage Collection (Allocation Stall) 916M(89%)->984M(96%)
[3392,793s][info][gc] Allocation Stall (main) 456,860ms
[3392,804s][info][gc] GC(6838) Garbage Collection (Allocation Stall) 1024M(100%)->902M(88%)
[3393,305s][info][gc] Allocation Stall (main) 449,903ms
[3393,322s][info][gc] GC(6839) Garbage Collection (Allocation Rate) 994M(97%)->940M(92%)
[3393,812s][info][gc] Allocation Stall (main) 451,800ms
[3393,821s][info][gc] GC(6840) Garbage Collection (Allocation Stall) 988M(96%)->934M(91%)
[3394,306s][info][gc] Relocation Stall (main) 3,444ms
[3394,306s][info][gc] Allocation Stall (main) 443,127ms
[3394,331s][info][gc] GC(6841) Garbage Collection (Allocation Stall) 982M(96%)->956M(93%)
[3394,836s][info][gc] Allocation Stall (main) 474,013ms
[3394,842s][info][gc] GC(6842) Garbage Collection (Allocation Stall) 984M(96%)->926M(90%)
[3395,297s][info][gc] Allocation Stall (main) 405,314ms
[3395,305s][info][gc] GC(6843) Garbage Collection (Allocation Stall) 928M(91%)->982M(96%)
[3395,790s][info][gc] Relocation Stall (main) 4,760ms
[3395,790s][info][gc] Allocation Stall (main) 464,463ms
[3395,802s][info][gc] GC(6844) Garbage Collection (Allocation Stall) 1024M(100%)->900M(88%)
[3396,318s][info][gc] Allocation Stall (main) 460,604ms
[3396,333s][info][gc] GC(6845) Garbage Collection (Allocation Rate) 990M(97%)->932M(91%)
[3396,819s][info][gc] Relocation Stall (main) 11,034ms
[3396,819s][info][gc] Allocation Stall (main) 440,793ms
[3396,821s][info][gc] GC(6846) Garbage Collection (Allocation Stall) 954M(93%)->944M(92%)
[3397,305s][info][gc] Allocation Stall (main) 447,492ms
[3397,315s][info][gc] GC(6847) Garbage Collection (Allocation Stall) 992M(97%)->926M(90%)
[3397,798s][info][gc] Allocation Stall (main) 437,560ms
[3397,815s][info][gc] GC(6848) Garbage Collection (Allocation Stall) 986M(96%)->942M(92%)
[3398,310s][info][gc] Allocation Stall (main) 458,217ms
[3398,319s][info][gc] GC(6849) Garbage Collection (Allocation Stall) 1004M(98%)->914M(89%)
[3398,798s][info][gc] Allocation Stall (main) 428,791ms
[3398,813s][info][gc] GC(6850) Garbage Collection (Allocation Stall) 968M(95%)->962M(94%)
[3399,303s][info][gc] Allocation Stall (main) 461,894ms
[3399,317s][info][gc] GC(6851) Garbage Collection (Allocation Stall) 1024M(100%)->906M(88%)
[3399,820s][info][gc] Allocation Stall (main) 447,665ms
[3399,829s][info][gc] GC(6852) Garbage Collection (Allocation Rate) 962M(94%)->960M(94%)
[3400,305s][info][gc] Allocation Stall (main) 446,359ms
[3400,330s][info][gc] GC(6853) Garbage Collection (Allocation Stall) 990M(97%)->950M(93%)
[3400,850s][info][gc] Relocation Stall (main) 4,025ms
[3400,850s][info][gc] Allocation Stall (main) 485,866ms
[3400,860s][info][gc] GC(6854) Garbage Collection (Allocation Stall) 980M(96%)->930M(91%)
[3401,365s][info][gc] Allocation Stall (main) 462,709ms
[3401,380s][info][gc] GC(6855) Garbage Collection (Allocation Stall) 1024M(100%)->900M(88%)
[3401,903s][info][gc] Relocation Stall (main) 3,415ms
[3401,903s][info][gc] Allocation Stall (main) 469,379ms
[3401,910s][info][gc] GC(6856) Garbage Collection (Allocation Stall) 1024M(100%)->894M(87%)
[3402,399s][info][gc] Relocation Stall (main) 2,584ms
[3402,399s][info][gc] Allocation Stall (main) 429,196ms
[3402,409s][info][gc] GC(6857) Garbage Collection (Allocation Rate) 962M(94%)->954M(93%)
[3402,906s][info][gc] Allocation Stall (main) 465,787ms
[3402,927s][info][gc] GC(6858) Garbage Collection (Allocation Stall) 1024M(100%)->912M(89%)
[3403,415s][info][gc] Allocation Stall (main) 434,982ms
[3403,422s][info][gc] GC(6859) Garbage Collection (Allocation Rate) 942M(92%)->970M(95%)
[3403,902s][info][gc] Allocation Stall (main) 453,301ms
[3403,916s][info][gc] GC(6860) Garbage Collection (Allocation Stall) 1008M(98%)->922M(90%)
[3404,405s][info][gc] Allocation Stall (main) 442,148ms
[3404,419s][info][gc] GC(6861) Garbage Collection (Allocation Stall) 982M(96%)->944M(92%)
[3404,916s][info][gc] Allocation Stall (main) 460,004ms
[3404,940s][info][gc] GC(6862) Garbage Collection (Allocation Stall) 998M(97%)->936M(91%)
[3405,430s][info][gc] Allocation Stall (main) 443,971ms
[3405,434s][info][gc] GC(6863) Garbage Collection (Allocation Stall) 936M(91%)->964M(94%)
[3405,893s][info][gc] Allocation Stall (main) 427,767ms
[3405,899s][info][gc] GC(6864) Garbage Collection (Allocation Stall) 976M(95%)->936M(91%)
[3406,393s][info][gc] Relocation Stall (main) 5,147ms
[3406,393s][info][gc] Allocation Stall (main) 454,642ms
[3406,398s][info][gc] GC(6865) Garbage Collection (Allocation Stall) 1024M(100%)->894M(87%)
[3406,908s][info][gc] Allocation Stall (main) 454,322ms
[3406,926s][info][gc] GC(6866) Garbage Collection (Allocation Rate) 992M(97%)->944M(92%)
[3407,423s][info][gc] Allocation Stall (main) 460,394ms
[3407,445s][info][gc] GC(6867) Garbage Collection (Allocation Stall) 976M(95%)->958M(94%)
[3407,966s][info][gc] Relocation Stall (main) 5,525ms
[3407,966s][info][gc] Allocation Stall (main) 490,875ms
[3407,969s][info][gc] GC(6868) Garbage Collection (Allocation Stall) 1024M(100%)->880M(86%)
[3408,492s][info][gc] Allocation Stall (main) 461,774ms
[3408,511s][info][gc] GC(6869) Garbage Collection (Allocation Stall) 1024M(100%)->912M(89%)
[3409,023s][info][gc] Relocation Stall (main) 3,857ms
[3409,023s][info][gc] Allocation Stall (main) 462,386ms
[3409,028s][info][gc] GC(6870) Garbage Collection (Allocation Rate) 984M(96%)->928M(91%)
[3409,504s][info][gc] Allocation Stall (main) 427,682ms
[3409,526s][info][gc] GC(6871) Garbage Collection (Allocation Stall) 954M(93%)->982M(96%)
[3410,026s][info][gc] Allocation Stall (main) 479,447ms
[3410,034s][info][gc] GC(6872) Garbage Collection (Allocation Stall) 1012M(99%)->904M(88%)
[3410,498s][info][gc] Allocation Stall (main) 402,934ms
[3410,511s][info][gc] GC(6873) Garbage Collection (Allocation Stall) 922M(90%)->994M(97%)
[3410,992s][info][gc] Allocation Stall (main) 466,148ms
[3411,003s][info][gc] GC(6874) Garbage Collection (Allocation Stall) 1024M(100%)->896M(88%)
[3411,507s][info][gc] Allocation Stall (main) 446,650ms
[3411,517s][info][gc] GC(6875) Garbage Collection (Allocation Rate) 980M(96%)->942M(92%)
[3412,004s][info][gc] Allocation Stall (main) 449,620ms
[3412,023s][info][gc] GC(6876) Garbage Collection (Allocation Stall) 994M(97%)->938M(92%)
[3412,524s][info][gc] Allocation Stall (main) 460,962ms
[3412,534s][info][gc] GC(6877) Garbage Collection (Allocation Stall) 976M(95%)->940M(92%)
[3413,003s][info][gc] Allocation Stall (main) 426,509ms
[3413,016s][info][gc] GC(6878) Garbage Collection (Allocation Stall) 954M(93%)->966M(94%)
[3413,504s][info][gc] Allocation Stall (main) 461,118ms
[3413,512s][info][gc] GC(6879) Garbage Collection (Allocation Stall) 1020M(100%)->898M(88%)
[3414,002s][info][gc] Allocation Stall (main) 431,139ms
[3414,014s][info][gc] GC(6880) Garbage Collection (Allocation Stall) 960M(94%)->966M(94%)
[3414,510s][info][gc] Allocation Stall (main) 469,171ms
[3414,529s][info][gc] GC(6881) Garbage Collection (Allocation Stall) 1024M(100%)->914M(89%)
[3415,020s][info][gc] Allocation Stall (main) 437,273ms
[3415,026s][info][gc] GC(6882) Garbage Collection (Allocation Rate) 940M(92%)->974M(95%)
[3415,495s][info][gc] Allocation Stall (main) 444,797ms
[3415,508s][info][gc] GC(6883) Garbage Collection (Allocation Stall) 1004M(98%)->928M(91%)
[3416,015s][info][gc] Relocation Stall (main) 4,828ms
[3416,015s][info][gc] Allocation Stall (main) 464,026ms
[3416,024s][info][gc] GC(6884) Garbage Collection (Allocation Stall) 1008M(98%)->916M(89%)
[3416,508s][info][gc] Allocation Stall (main) 430,932ms
[3416,525s][info][gc] GC(6885) Garbage Collection (Allocation Stall) 950M(93%)->976M(95%)
[3417,014s][info][gc] Allocation Stall (main) 467,222ms
[3417,032s][info][gc] GC(6886) Garbage Collection (Allocation Stall) 1016M(99%)->914M(89%)
[3417,509s][info][gc] Allocation Stall (main) 422,093ms
[3417,515s][info][gc] GC(6887) Garbage Collection (Allocation Stall) 932M(91%)->978M(96%)
[3417,999s][info][gc] Relocation Stall (main) 5,107ms
[3417,999s][info][gc] Allocation Stall (main) 461,735ms
[3418,009s][info][gc] GC(6888) Garbage Collection (Allocation Stall) 1024M(100%)->896M(88%)
[3418,509s][info][gc] Relocation Stall (main) 1,076ms
[3418,509s][info][gc] Allocation Stall (main) 441,702ms
[3418,515s][info][gc] GC(6889) Garbage Collection (Allocation Rate) 970M(95%)->946M(92%)
[3419,013s][info][gc] Allocation Stall (main) 461,186ms
[3419,041s][info][gc] GC(6890) Garbage Collection (Allocation Stall) 1000M(98%)->944M(92%)
[3419,569s][info][gc] Allocation Stall (main) 493,681ms
[3419,577s][info][gc] GC(6891) Garbage Collection (Allocation Stall) 1024M(100%)->890M(87%)
[3420,094s][info][gc] Relocation Stall (main) 5,388ms
[3420,094s][info][gc] Allocation Stall (main) 459,789ms
[3420,108s][info][gc] GC(6892) Garbage Collection (Allocation Stall) 1024M(100%)->900M(88%)
[3420,617s][info][gc] Allocation Stall (main) 452,713ms
[3420,629s][info][gc] GC(6893) Garbage Collection (Allocation Rate) 972M(95%)->946M(92%)
[3421,111s][info][gc] Allocation Stall (main) 444,237ms
[3421,118s][info][gc] GC(6894) Garbage Collection (Allocation Stall) 972M(95%)->940M(92%)
[3421,599s][info][gc] Allocation Stall (main) 442,605ms
[3421,616s][info][gc] GC(6895) Garbage Collection (Allocation Stall) 990M(97%)->940M(92%)
[3422,109s][info][gc] Allocation Stall (main) 454,616ms
[3422,120s][info][gc] GC(6896) Garbage Collection (Allocation Stall) 994M(97%)->928M(91%)
[3422,600s][info][gc] Allocation Stall (main) 435,601ms
[3422,609s][info][gc] GC(6897) Garbage Collection (Allocation Stall) 972M(95%)->948M(93%)
[3423,104s][info][gc] Allocation Stall (main) 460,704ms
[3423,130s][info][gc] GC(6898) Garbage Collection (Allocation Stall) 1018M(99%)->926M(90%)
[3423,634s][info][gc] Allocation Stall (main) 456,404ms
[3423,647s][info][gc] GC(6899) Garbage Collection (Allocation Stall) 950M(93%)->966M(94%)
[3424,139s][info][gc] Allocation Stall (main) 463,773ms
[3424,146s][info][gc] GC(6900) Garbage Collection (Allocation Stall) 1024M(100%)->890M(87%)
[3424,665s][info][gc] Allocation Stall (main) 462,140ms
[3424,681s][info][gc] GC(6901) Garbage Collection (Allocation Stall) 1024M(100%)->908M(89%)
[3425,204s][info][gc] Allocation Stall (main) 472,844ms
[3425,221s][info][gc] GC(6902) Garbage Collection (Allocation Stall) 1024M(100%)->908M(89%)
[3425,709s][info][gc] Allocation Stall (main) 432,365ms
[3425,723s][info][gc] GC(6903) Garbage Collection (Allocation Rate) 948M(93%)->972M(95%)
[3426,204s][info][gc] Allocation Stall (main) 457,172ms
[3426,219s][info][gc] GC(6904) Garbage Collection (Allocation Stall) 1014M(99%)->910M(89%)
[3426,709s][info][gc] Relocation Stall (main) 0,762ms
[3426,709s][info][gc] Allocation Stall (main) 436,725ms
[3426,717s][info][gc] GC(6905) Garbage Collection (Allocation Stall) 962M(94%)->952M(93%)
[3427,197s][info][gc] Allocation Stall (main) 445,802ms
[3427,204s][info][gc] GC(6906) Garbage Collection (Allocation Stall) 1000M(98%)->920M(90%)
[3427,703s][info][gc] Allocation Stall (main) 452,323ms
[3427,731s][info][gc] GC(6907) Garbage Collection (Allocation Stall) 998M(97%)->948M(93%)
[3428,235s][info][gc] Allocation Stall (main) 468,276ms
[3428,249s][info][gc] GC(6908) Garbage Collection (Allocation Stall) 974M(95%)->944M(92%)
[3428,760s][info][gc] Relocation Stall (main) 5,340ms
[3428,760s][info][gc] Allocation Stall (main) 474,212ms
[3428,772s][info][gc] GC(6909) Garbage Collection (Allocation Stall) 1024M(100%)->890M(87%)
[3429,302s][info][gc] Relocation Stall (main) 4,200ms
[3429,302s][info][gc] Allocation Stall (main) 473,664ms
[3429,306s][info][gc] GC(6910) Garbage Collection (Allocation Stall) 1024M(100%)->884M(86%)
[3429,794s][info][gc] Allocation Stall (main) 424,143ms
[3429,812s][info][gc] GC(6911) Garbage Collection (Allocation Rate) 958M(94%)->972M(95%)
[3430,315s][info][gc] Allocation Stall (main) 478,643ms
[3430,335s][info][gc] GC(6912) Garbage Collection (Allocation Stall) 1024M(100%)->906M(88%)
[3430,832s][info][gc] Allocation Stall (main) 437,181ms
[3430,836s][info][gc] GC(6913) Garbage Collection (Allocation Rate) 916M(89%)->986M(96%)
[3431,302s][info][gc] Allocation Stall (main) 447,072ms
[3431,309s][info][gc] GC(6914) Garbage Collection (Allocation Stall) 1000M(98%)->914M(89%)
[3431,790s][info][gc] Allocation Stall (main) 431,939ms
[3431,807s][info][gc] GC(6915) Garbage Collection (Allocation Stall) 982M(96%)->948M(93%)
[3432,309s][info][gc] Allocation Stall (main) 468,422ms
[3432,318s][info][gc] GC(6916) Garbage Collection (Allocation Stall) 1024M(100%)->900M(88%)
[3432,798s][info][gc] Allocation Stall (main) 421,131ms
[3432,812s][info][gc] GC(6917) Garbage Collection (Allocation Stall) 946M(92%)->984M(96%)
[3433,309s][info][gc] Allocation Stall (main) 476,960ms
[3433,335s][info][gc] GC(6918) Garbage Collection (Allocation Stall) 1024M(100%)->920M(90%)
[3433,826s][info][gc] Relocation Stall (main) 1,961ms
[3433,826s][info][gc] Allocation Stall (main) 438,445ms
[3433,838s][info][gc] GC(6919) Garbage Collection (Allocation Rate) 930M(91%)->978M(96%)
[3434,312s][info][gc] Allocation Stall (main) 450,349ms
[3434,317s][info][gc] GC(6920) Garbage Collection (Allocation Stall) 990M(97%)->912M(89%)
[3434,785s][info][gc] Allocation Stall (main) 416,681ms
[3434,791s][info][gc] GC(6921) Garbage Collection (Allocation Stall) 962M(94%)->946M(92%)
[3435,279s][info][gc] Allocation Stall (main) 452,886ms
[3435,296s][info][gc] GC(6922) Garbage Collection (Allocation Stall) 1024M(100%)->910M(89%)
[3435,814s][info][gc] Allocation Stall (main) 467,017ms
[3435,826s][info][gc] GC(6923) Garbage Collection (Allocation Rate) 1014M(99%)->916M(89%)
[3436,305s][info][gc] Allocation Stall (main) 424,553ms
[3436,317s][info][gc] GC(6924) Garbage Collection (Allocation Stall) 944M(92%)->980M(96%)
[3436,801s][info][gc] Allocation Stall (main) 463,614ms
[3436,828s][info][gc] GC(6925) Garbage Collection (Allocation Stall) 1024M(100%)->922M(90%)
[3437,323s][info][gc] Allocation Stall (main) 444,720ms
[3437,334s][info][gc] GC(6926) Garbage Collection (Allocation Rate) 948M(93%)->964M(94%)
[3437,800s][info][gc] Allocation Stall (main) 436,665ms
[3437,810s][info][gc] GC(6927) Garbage Collection (Allocation Stall) 978M(96%)->936M(91%)
[3438,294s][info][gc] Allocation Stall (main) 444,155ms
[3438,304s][info][gc] GC(6928) Garbage Collection (Allocation Stall) 1002M(98%)->918M(90%)
[3438,805s][info][gc] Allocation Stall (main) 454,147ms
[3438,824s][info][gc] GC(6929) Garbage Collection (Allocation Stall) 1006M(98%)->930M(91%)
[3439,312s][info][gc] Allocation Stall (main) 443,335ms
[3439,323s][info][gc] GC(6930) Garbage Collection (Allocation Stall) 964M(94%)->952M(93%)
[3439,808s][info][gc] Allocation Stall (main) 450,869ms
[3439,814s][info][gc] GC(6931) Garbage Collection (Allocation Stall) 994M(97%)->924M(90%)
[3440,289s][info][gc] Allocation Stall (main) 428,007ms
[3440,305s][info][gc] GC(6932) Garbage Collection (Allocation Stall) 974M(95%)->956M(93%)
[3440,808s][info][gc] Allocation Stall (main) 472,424ms
[3440,829s][info][gc] GC(6933) Garbage Collection (Allocation Stall) 1024M(100%)->912M(89%)
[3441,314s][info][gc] Allocation Stall (main) 430,593ms
[3441,321s][info][gc] GC(6934) Garbage Collection (Allocation Rate) 936M(91%)->974M(95%)
[3441,801s][info][gc] Relocation Stall (main) 4,980ms
[3441,801s][info][gc] Allocation Stall (main) 456,693ms
[3441,813s][info][gc] GC(6935) Garbage Collection (Allocation Stall) 1014M(99%)->906M(88%)
[3442,310s][info][gc] Allocation Stall (main) 442,479ms
[3442,325s][info][gc] GC(6936) Garbage Collection (Allocation Stall) 964M(94%)->958M(94%)
[3442,809s][info][gc] Allocation Stall (main) 452,758ms
[3442,815s][info][gc] GC(6937) Garbage Collection (Allocation Stall) 990M(97%)->926M(90%)
[3443,288s][info][gc] Allocation Stall (main) 426,843ms
[3443,295s][info][gc] GC(6938) Garbage Collection (Allocation Stall) 976M(95%)->944M(92%)
[3443,786s][info][gc] Allocation Stall (main) 454,163ms
[3443,803s][info][gc] GC(6939) Garbage Collection (Allocation Stall) 1024M(100%)->914M(89%)
[3444,311s][info][gc] Allocation Stall (main) 459,911ms
[3444,325s][info][gc] GC(6940) Garbage Collection (Allocation Rate) 998M(97%)->934M(91%)
[3444,803s][info][gc] Allocation Stall (main) 435,218ms
[3444,814s][info][gc] GC(6941) Garbage Collection (Allocation Stall) 966M(94%)->960M(94%)
[3445,301s][info][gc] Allocation Stall (main) 457,139ms
[3445,324s][info][gc] GC(6942) Garbage Collection (Allocation Stall) 1016M(99%)->926M(90%)
[3445,817s][info][gc] Allocation Stall (main) 447,036ms
[3445,832s][info][gc] GC(6943) Garbage Collection (Allocation Stall) 960M(94%)->962M(94%)
[3446,318s][info][gc] Allocation Stall (main) 454,412ms
[3446,336s][info][gc] GC(6944) Garbage Collection (Allocation Stall) 978M(96%)->946M(92%)
[3446,834s][info][gc] Allocation Stall (main) 457,401ms
[3446,840s][info][gc] GC(6945) Garbage Collection (Allocation Stall) 954M(93%)->948M(93%)
[3447,289s][info][gc] Allocation Stall (main) 411,502ms
[3447,296s][info][gc] GC(6946) Garbage Collection (Allocation Stall) 950M(93%)->962M(94%)
[3447,777s][info][gc] Allocation Stall (main) 451,942ms
[3447,785s][info][gc] GC(6947) Garbage Collection (Allocation Stall) 1024M(100%)->898M(88%)
[3448,296s][info][gc] Allocation Stall (main) 457,527ms
[3448,315s][info][gc] GC(6948) Garbage Collection (Allocation Stall) 1024M(100%)->920M(90%)
[3448,820s][info][gc] Relocation Stall (main) 3,328ms
[3448,820s][info][gc] Allocation Stall (main) 457,016ms
[3448,835s][info][gc] GC(6949) Garbage Collection (Allocation Rate) 974M(95%)->956M(93%)
[3449,316s][info][gc] Allocation Stall (main) 445,595ms
[3449,339s][info][gc] GC(6950) Garbage Collection (Allocation Stall) 966M(94%)->964M(94%)
[3449,820s][info][gc] Allocation Stall (main) 450,374ms
[3449,826s][info][gc] GC(6951) Garbage Collection (Allocation Stall) 966M(94%)->934M(91%)
[3450,292s][info][gc] Allocation Stall (main) 420,945ms
[3450,297s][info][gc] GC(6952) Garbage Collection (Allocation Stall) 962M(94%)->944M(92%)
[3450,784s][info][gc] Allocation Stall (main) 450,567ms
[3450,803s][info][gc] GC(6953) Garbage Collection (Allocation Stall) 1024M(100%)->908M(89%)
[3451,318s][info][gc] Allocation Stall (main) 465,374ms
[3451,324s][info][gc] GC(6954) Garbage Collection (Allocation Rate) 1002M(98%)->912M(89%)
[3451,786s][info][gc] Allocation Stall (main) 408,433ms
[3451,796s][info][gc] GC(6955) Garbage Collection (Allocation Stall) 944M(92%)->978M(96%)
[3452,282s][info][gc] Allocation Stall (main) 463,948ms
[3452,297s][info][gc] GC(6956) Garbage Collection (Allocation Stall) 1024M(100%)->912M(89%)
[3452,812s][info][gc] Relocation Stall (main) 3,991ms
[3452,812s][info][gc] Allocation Stall (main) 466,170ms
[3452,825s][info][gc] GC(6957) Garbage Collection (Allocation Rate) 1008M(98%)->918M(90%)
[3453,316s][info][gc] Relocation Stall (main) 2,227ms
[3453,316s][info][gc] Allocation Stall (main) 441,042ms
[3453,329s][info][gc] GC(6958) Garbage Collection (Allocation Stall) 950M(93%)->970M(95%)
[3453,813s][info][gc] Allocation Stall (main) 457,531ms
[3453,819s][info][gc] GC(6959) Garbage Collection (Allocation Stall) 992M(97%)->924M(90%)
[3454,287s][info][gc] Allocation Stall (main) 422,506ms
[3454,300s][info][gc] GC(6960) Garbage Collection (Allocation Stall) 968M(95%)->960M(94%)
[3454,801s][info][gc] Allocation Stall (main) 471,661ms
[3454,830s][info][gc] GC(6961) Garbage Collection (Allocation Stall) 1024M(100%)->922M(90%)
[3455,331s][info][gc] Allocation Stall (main) 449,767ms
[3455,339s][info][gc] GC(6962) Garbage Collection (Allocation Rate) 940M(92%)->968M(95%)
[3455,799s][info][gc] Allocation Stall (main) 431,479ms
[3455,812s][info][gc] GC(6963) Garbage Collection (Allocation Stall) 978M(96%)->940M(92%)
[3456,301s][info][gc] Allocation Stall (main) 450,538ms
[3456,306s][info][gc] GC(6964) Garbage Collection (Allocation Stall) 1000M(98%)->912M(89%)
[3456,792s][info][gc] Allocation Stall (main) 435,435ms
[3456,809s][info][gc] GC(6965) Garbage Collection (Allocation Stall) 988M(96%)->946M(92%)
[3457,316s][info][gc] Allocation Stall (main) 470,378ms
[3457,334s][info][gc] GC(6966) Garbage Collection (Allocation Stall) 1010M(99%)->922M(90%)
[3457,811s][info][gc] Relocation Stall (main) 0,356ms
[3457,811s][info][gc] Allocation Stall (main) 425,097ms
[3457,819s][info][gc] GC(6967) Garbage Collection (Allocation Stall) 932M(91%)->980M(96%)
[3458,297s][info][gc] Allocation Stall (main) 456,140ms
[3458,308s][info][gc] GC(6968) Garbage Collection (Allocation Stall) 1022M(100%)->902M(88%)
[3458,803s][info][gc] Allocation Stall (main) 440,620ms
[3458,827s][info][gc] GC(6969) Garbage Collection (Allocation Stall) 972M(95%)->964M(94%)
[3459,323s][info][gc] Allocation Stall (main) 467,059ms
[3459,330s][info][gc] GC(6970) Garbage Collection (Allocation Stall) 990M(97%)->924M(90%)
[3459,791s][info][gc] Allocation Stall (main) 410,003ms
[3459,797s][info][gc] GC(6971) Garbage Collection (Allocation Stall) 942M(92%)->970M(95%)
[3460,281s][info][gc] Allocation Stall (main) 458,421ms
[3460,307s][info][gc] GC(6972) Garbage Collection (Allocation Stall) 1024M(100%)->918M(90%)
[3460,837s][info][gc] Allocation Stall (main) 485,229ms
[3460,849s][info][gc] GC(6973) Garbage Collection (Allocation Rate) 1002M(98%)->914M(89%)
[3461,360s][info][gc] Allocation Stall (main) 461,478ms
[3461,375s][info][gc] GC(6974) Garbage Collection (Allocation Stall) 1024M(100%)->904M(88%)
[3461,895s][info][gc] Relocation Stall (main) 4,901ms
[3461,895s][info][gc] Allocation Stall (main) 469,043ms
[3461,903s][info][gc] GC(6975) Garbage Collection (Allocation Stall) 1024M(100%)->894M(87%)
[3462,411s][info][gc] Allocation Stall (main) 451,115ms
[3462,440s][info][gc] GC(6976) Garbage Collection (Allocation Rate) 984M(96%)->958M(94%)
[3462,965s][info][gc] Relocation Stall (main) 5,169ms
[3462,965s][info][gc] Allocation Stall (main) 495,330ms
[3462,968s][info][gc] GC(6977) Garbage Collection (Allocation Stall) 1024M(100%)->878M(86%)
[3463,485s][info][gc] Allocation Stall (main) 455,683ms
[3463,494s][info][gc] GC(6978) Garbage Collection (Allocation Stall) 1024M(100%)->900M(88%)
[3464,009s][info][gc] Allocation Stall (main) 461,799ms
[3464,027s][info][gc] GC(6979) Garbage Collection (Allocation Rate) 1006M(98%)->934M(91%)
[3464,512s][info][gc] Allocation Stall (main) 440,900ms
[3464,534s][info][gc] GC(6980) Garbage Collection (Allocation Stall) 958M(94%)->978M(96%)
[3465,034s][info][gc] Allocation Stall (main) 477,360ms
[3465,040s][info][gc] GC(6981) Garbage Collection (Allocation Stall) 998M(97%)->914M(89%)
[3465,545s][info][gc] Allocation Stall (main) 456,375ms
[3465,564s][info][gc] GC(6982) Garbage Collection (Allocation Stall) 1024M(100%)->914M(89%)
[3466,079s][info][gc] Allocation Stall (main) 468,556ms
[3466,088s][info][gc] GC(6983) Garbage Collection (Allocation Stall) 1024M(100%)->904M(88%)
[3466,604s][info][gc] Allocation Stall (main) 464,266ms
[3466,639s][info][gc] GC(6984) Garbage Collection (Allocation Stall) 1024M(100%)->936M(91%)
[3467,147s][info][gc] Allocation Stall (main) 463,797ms
[3467,156s][info][gc] GC(6985) Garbage Collection (Allocation Rate) 946M(92%)->964M(94%)
[3467,640s][info][gc] Allocation Stall (main) 454,466ms
[3467,648s][info][gc] GC(6986) Garbage Collection (Allocation Stall) 1024M(100%)->892M(87%)
[3468,161s][info][gc] Allocation Stall (main) 458,208ms
[3468,185s][info][gc] GC(6987) Garbage Collection (Allocation Stall) 1024M(100%)->918M(90%)
[3468,710s][info][gc] Allocation Stall (main) 479,031ms
[3468,720s][info][gc] GC(6988) Garbage Collection (Allocation Stall) 1024M(100%)->900M(88%)
[3469,205s][info][gc] Allocation Stall (main) 425,536ms
[3469,217s][info][gc] GC(6989) Garbage Collection (Allocation Rate) 950M(93%)->972M(95%)
[3469,706s][info][gc] Allocation Stall (main) 465,097ms
[3469,718s][info][gc] GC(6990) Garbage Collection (Allocation Stall) 1024M(100%)->904M(88%)
[3470,204s][info][gc] Allocation Stall (main) 429,556ms
[3470,219s][info][gc] GC(6991) Garbage Collection (Allocation Rate) 956M(93%)->974M(95%)
[3470,705s][info][gc] Allocation Stall (main) 462,264ms
[3470,715s][info][gc] GC(6992) Garbage Collection (Allocation Stall) 1024M(100%)->904M(88%)
[3471,207s][info][gc] Relocation Stall (main) 2,886ms
[3471,207s][info][gc] Allocation Stall (main) 437,906ms
[3471,219s][info][gc] GC(6993) Garbage Collection (Allocation Rate) 966M(94%)->960M(94%)
[3471,734s][info][gc] Relocation Stall (main) 12,241ms
[3471,734s][info][gc] Allocation Stall (main) 485,683ms
[3471,750s][info][gc] GC(6994) Garbage Collection (Allocation Stall) 1014M(99%)->908M(89%)
[3472,291s][info][gc] Allocation Stall (main) 491,488ms
[3472,309s][info][gc] GC(6995) Garbage Collection (Allocation Stall) 1024M(100%)->900M(88%)
[3472,819s][info][gc] Relocation Stall (main) 2,226ms
[3472,819s][info][gc] Allocation Stall (main) 454,736ms
[3472,822s][info][gc] GC(6996) Garbage Collection (Allocation Rate) 978M(96%)->930M(91%)
[3473,296s][info][gc] Allocation Stall (main) 429,009ms
[3473,303s][info][gc] GC(6997) Garbage Collection (Allocation Stall) 974M(95%)->942M(92%)
[3473,806s][info][gc] Allocation Stall (main) 465,382ms
[3473,821s][info][gc] GC(6998) Garbage Collection (Allocation Stall) 1024M(100%)->908M(89%)
[3474,311s][info][gc] Allocation Stall (main) 436,573ms
[3474,325s][info][gc] GC(6999) Garbage Collection (Allocation Rate) 956M(93%)->972M(95%)
[3474,851s][info][gc] Allocation Stall (main) 500,810ms
[3474,870s][info][gc] GC(7000) Garbage Collection (Allocation Stall) 1004M(98%)->926M(90%)
[3475,395s][info][gc] Relocation Stall (main) 5,081ms
[3475,395s][info][gc] Allocation Stall (main) 482,686ms
[3475,399s][info][gc] GC(7001) Garbage Collection (Allocation Stall) 1024M(100%)->890M(87%)
[3475,899s][info][gc] Allocation Stall (main) 442,078ms
[3475,911s][info][gc] GC(7002) Garbage Collection (Allocation Rate) 984M(96%)->946M(92%)
[3476,416s][info][gc] Allocation Stall (main) 471,167ms
[3476,431s][info][gc] GC(7003) Garbage Collection (Allocation Stall) 1020M(100%)->914M(89%)
[3476,916s][info][gc] Relocation Stall (main) 1,658ms
[3476,916s][info][gc] Allocation Stall (main) 431,051ms
[3476,937s][info][gc] GC(7004) Garbage Collection (Allocation Stall) 936M(91%)->994M(97%)
[3477,428s][info][gc] Allocation Stall (main) 477,553ms
[3477,443s][info][gc] GC(7005) Garbage Collection (Allocation Stall) 1010M(99%)->910M(89%)
[3477,961s][info][gc] Allocation Stall (main) 468,787ms
[3477,971s][info][gc] GC(7006) Garbage Collection (Allocation Stall) 1024M(100%)->896M(88%)
[3478,494s][info][gc] Relocation Stall (main) 5,100ms
[3478,494s][info][gc] Allocation Stall (main) 468,838ms
[3478,519s][info][gc] GC(7007) Garbage Collection (Allocation Stall) 1024M(100%)->910M(89%)
[3479,041s][info][gc] Relocation Stall (main) 3,561ms
[3479,041s][info][gc] Allocation Stall (main) 470,961ms
[3479,047s][info][gc] GC(7008) Garbage Collection (Allocation Rate) 966M(94%)->938M(92%)
[3479,548s][info][gc] Relocation Stall (main) 5,296ms
[3479,548s][info][gc] Allocation Stall (main) 461,652ms
[3479,553s][info][gc] GC(7009) Garbage Collection (Allocation Stall) 1024M(100%)->886M(87%)
[3480,073s][info][gc] Allocation Stall (main) 462,234ms
[3480,094s][info][gc] GC(7010) Garbage Collection (Allocation Stall) 1024M(100%)->910M(89%)
[3480,623s][info][gc] Relocation Stall (main) 5,312ms
[3480,623s][info][gc] Allocation Stall (main) 480,618ms
[3480,626s][info][gc] GC(7011) Garbage Collection (Allocation Rate) 1018M(99%)->890M(87%)
[3481,095s][info][gc] Allocation Stall (main) 402,130ms
[3481,111s][info][gc] GC(7012) Garbage Collection (Allocation Stall) 918M(90%)->1004M(98%)
[3481,598s][info][gc] Allocation Stall (main) 476,592ms
[3481,606s][info][gc] GC(7013) Garbage Collection (Allocation Stall) 1024M(100%)->894M(87%)
[3482,100s][info][gc] Allocation Stall (main) 435,192ms
[3482,113s][info][gc] GC(7014) Garbage Collection (Allocation Rate) 976M(95%)->950M(93%)
[3482,607s][info][gc] Allocation Stall (main) 460,464ms
[3482,624s][info][gc] GC(7015) Garbage Collection (Allocation Stall) 1008M(98%)->924M(90%)
[3483,102s][info][gc] Allocation Stall (main) 429,981ms
[3483,114s][info][gc] GC(7016) Garbage Collection (Allocation Stall) 954M(93%)->968M(95%)
[3483,602s][info][gc] Allocation Stall (main) 461,726ms
[3483,617s][info][gc] GC(7017) Garbage Collection (Allocation Stall) 1020M(100%)->910M(89%)
[3484,108s][info][gc] Allocation Stall (main) 438,230ms
[3484,129s][info][gc] GC(7018) Garbage Collection (Allocation Stall) 968M(95%)->962M(94%)
[3484,621s][info][gc] Allocation Stall (main) 463,399ms
[3484,626s][info][gc] GC(7019) Garbage Collection (Allocation Stall) 994M(97%)->918M(90%)
[3485,098s][info][gc] Allocation Stall (main) 418,928ms
[3485,112s][info][gc] GC(7020) Garbage Collection (Allocation Stall) 952M(93%)->974M(95%)
[3485,612s][info][gc] Relocation Stall (main) 4,650ms
[3485,612s][info][gc] Allocation Stall (main) 476,809ms
[3485,631s][info][gc] GC(7021) Garbage Collection (Allocation Stall) 1024M(100%)->902M(88%)
[3486,122s][info][gc] Allocation Stall (main) 431,391ms
[3486,130s][info][gc] GC(7022) Garbage Collection (Allocation Rate) 928M(91%)->978M(96%)
[3486,597s][info][gc] Allocation Stall (main) 444,333ms
[3486,602s][info][gc] GC(7023) Garbage Collection (Allocation Stall) 1002M(98%)->906M(88%)
[3487,087s][info][gc] Allocation Stall (main) 432,853ms
[3487,093s][info][gc] GC(7024) Garbage Collection (Allocation Stall) 990M(97%)->932M(91%)
[3487,593s][info][gc] Allocation Stall (main) 458,908ms
[3487,616s][info][gc] GC(7025) Garbage Collection (Allocation Stall) 1024M(100%)->920M(90%)
[3488,124s][info][gc] Allocation Stall (main) 462,268ms
[3488,131s][info][gc] GC(7026) Garbage Collection (Allocation Rate) 982M(96%)->936M(91%)
[3488,601s][info][gc] Allocation Stall (main) 427,088ms
[3488,612s][info][gc] GC(7027) Garbage Collection (Allocation Stall) 962M(94%)->964M(94%)
[3489,105s][info][gc] Allocation Stall (main) 464,935ms
[3489,127s][info][gc] GC(7028) Garbage Collection (Allocation Stall) 1024M(100%)->918M(90%)
[3489,643s][info][gc] Relocation Stall (main) 18,426ms
[3489,643s][info][gc] Allocation Stall (main) 466,074ms
[3489,648s][info][gc] GC(7029) Garbage Collection (Allocation Rate) 950M(93%)->944M(92%)
[3490,170s][info][gc] Allocation Stall (main) 485,526ms
[3490,184s][info][gc] GC(7030) Garbage Collection (Allocation Stall) 1024M(100%)->894M(87%)
[3490,705s][info][gc] Allocation Stall (main) 465,414ms
[3490,721s][info][gc] GC(7031) Garbage Collection (Allocation Stall) 1024M(100%)->904M(88%)
[3491,210s][info][gc] Allocation Stall (main) 428,226ms
[3491,217s][info][gc] GC(7032) Garbage Collection (Allocation Rate) 950M(93%)->964M(94%)
[3491,702s][info][gc] Allocation Stall (main) 456,204ms
[3491,717s][info][gc] GC(7033) Garbage Collection (Allocation Stall) 1020M(100%)->908M(89%)
[3492,205s][info][gc] Allocation Stall (main) 435,769ms
[3492,213s][info][gc] GC(7034) Garbage Collection (Allocation Stall) 966M(94%)->952M(93%)
[3492,702s][info][gc] Allocation Stall (main) 455,899ms
[3492,726s][info][gc] GC(7035) Garbage Collection (Allocation Stall) 1018M(99%)->926M(90%)
[3493,237s][info][gc] Allocation Stall (main) 464,071ms
[3493,240s][info][gc] GC(7036) Garbage Collection (Allocation Stall) 964M(94%)->948M(93%)
[3493,729s][info][gc] Allocation Stall (main) 453,164ms
[3493,746s][info][gc] GC(7037) Garbage Collection (Allocation Stall) 1024M(100%)->910M(89%)
[3494,270s][info][gc] Allocation Stall (main) 476,658ms
[3494,282s][info][gc] GC(7038) Garbage Collection (Allocation Stall) 1024M(100%)->904M(88%)
[3494,807s][info][gc] Allocation Stall (main) 473,668ms
[3494,831s][info][gc] GC(7039) Garbage Collection (Allocation Stall) 1024M(100%)->922M(90%)
[3495,320s][info][gc] Allocation Stall (main) 440,557ms
[3495,341s][info][gc] GC(7040) Garbage Collection (Allocation Rate) 948M(93%)->978M(96%)
[3495,821s][info][gc] Allocation Stall (main) 456,965ms
[3495,829s][info][gc] GC(7041) Garbage Collection (Allocation Stall) 984M(96%)->930M(91%)
[3496,298s][info][gc] Allocation Stall (main) 421,853ms
[3496,311s][info][gc] GC(7042) Garbage Collection (Allocation Stall) 952M(93%)->966M(94%)
[3496,798s][info][gc] Allocation Stall (main) 460,860ms
[3496,809s][info][gc] GC(7043) Garbage Collection (Allocation Stall) 1024M(100%)->896M(88%)
[3497,305s][info][gc] Allocation Stall (main) 438,506ms
[3497,326s][info][gc] GC(7044) Garbage Collection (Allocation Rate) 972M(95%)->958M(94%)
[3497,821s][info][gc] Allocation Stall (main) 464,461ms
[3497,827s][info][gc] GC(7045) Garbage Collection (Allocation Stall) 996M(97%)->916M(89%)
[3498,295s][info][gc] Allocation Stall (main) 417,014ms
[3498,309s][info][gc] GC(7046) Garbage Collection (Allocation Stall) 952M(93%)->974M(95%)
[3498,803s][info][gc] Relocation Stall (main) 4,570ms
[3498,803s][info][gc] Allocation Stall (main) 471,046ms
[3498,806s][info][gc] GC(7047) Garbage Collection (Allocation Stall) 1024M(100%)->886M(87%)
[3499,292s][info][gc] Relocation Stall (main) 1,170ms
[3499,292s][info][gc] Allocation Stall (main) 424,309ms
[3499,305s][info][gc] GC(7048) Garbage Collection (Allocation Rate) 968M(95%)->960M(94%)
[3499,806s][info][gc] Relocation Stall (main) 4,940ms
[3499,807s][info][gc] Allocation Stall (main) 471,864ms
[3499,823s][info][gc] GC(7049) Garbage Collection (Allocation Stall) 1024M(100%)->908M(89%)
[3500,313s][info][gc] Allocation Stall (main) 433,392ms
[3500,325s][info][gc] GC(7050) Garbage Collection (Allocation Rate) 940M(92%)->976M(95%)
[3500,805s][info][gc] Allocation Stall (main) 457,798ms
[3500,815s][info][gc] GC(7051) Garbage Collection (Allocation Stall) 1016M(99%)->906M(88%)
[3501,302s][info][gc] Allocation Stall (main) 434,588ms
[3501,325s][info][gc] GC(7052) Garbage Collection (Allocation Stall) 970M(95%)->966M(94%)
[3501,826s][info][gc] Allocation Stall (main) 474,969ms
[3501,831s][info][gc] GC(7053) Garbage Collection (Allocation Stall) 1006M(98%)->904M(88%)
[3502,297s][info][gc] Allocation Stall (main) 406,321ms
[3502,320s][info][gc] GC(7054) Garbage Collection (Allocation Stall) 928M(91%)->1004M(98%)
[3502,819s][info][gc] Relocation Stall (main) 5,286ms
[3502,819s][info][gc] Allocation Stall (main) 489,108ms
[3502,820s][info][gc] GC(7055) Garbage Collection (Allocation Stall) 1024M(100%)->876M(86%)
[3503,297s][info][gc] Relocation Stall (main) 1,759ms
[3503,297s][info][gc] Allocation Stall (main) 407,114ms
[3503,311s][info][gc] GC(7056) Garbage Collection (Allocation Rate) 924M(90%)->992M(97%)
[3503,800s][info][gc] Relocation Stall (main) 5,580ms
[3503,800s][info][gc] Allocation Stall (main) 473,542ms
[3503,803s][info][gc] GC(7057) Garbage Collection (Allocation Stall) 1024M(100%)->880M(86%)
[3504,299s][info][gc] Allocation Stall (main) 430,431ms
[3504,308s][info][gc] GC(7058) Garbage Collection (Allocation Rate) 968M(95%)->950M(93%)
[3504,801s][info][gc] Allocation Stall (main) 460,099ms
[3504,821s][info][gc] GC(7059) Garbage Collection (Allocation Stall) 1024M(100%)->910M(89%)
[3505,310s][info][gc] Allocation Stall (main) 436,565ms
[3505,320s][info][gc] GC(7060) Garbage Collection (Allocation Rate) 952M(93%)->964M(94%)
[3505,817s][info][gc] Relocation Stall (main) 4,985ms
[3505,817s][info][gc] Allocation Stall (main) 468,515ms
[3505,831s][info][gc] GC(7061) Garbage Collection (Allocation Stall) 1014M(99%)->908M(89%)
[3506,320s][info][gc] Allocation Stall (main) 433,951ms
[3506,324s][info][gc] GC(7062) Garbage Collection (Allocation Stall) 936M(91%)->970M(95%)
[3506,800s][info][gc] Allocation Stall (main) 450,246ms
[3506,814s][info][gc] GC(7063) Garbage Collection (Allocation Stall) 1012M(99%)->916M(89%)
[3507,303s][info][gc] Allocation Stall (main) 440,114ms
[3507,316s][info][gc] GC(7064) Garbage Collection (Allocation Stall) 972M(95%)->954M(93%)
[3507,810s][info][gc] Allocation Stall (main) 460,634ms
[3507,828s][info][gc] GC(7065) Garbage Collection (Allocation Stall) 1012M(99%)->920M(90%)
[3508,318s][info][gc] Allocation Stall (main) 439,932ms
[3508,331s][info][gc] GC(7066) Garbage Collection (Allocation Stall) 952M(93%)->966M(94%)
[3508,812s][info][gc] Allocation Stall (main) 452,095ms
[3508,819s][info][gc] GC(7067) Garbage Collection (Allocation Stall) 986M(96%)->924M(90%)
[3509,292s][info][gc] Allocation Stall (main) 428,394ms
[3509,302s][info][gc] GC(7068) Garbage Collection (Allocation Stall) 978M(96%)->942M(92%)
[3509,813s][info][gc] Allocation Stall (main) 474,014ms
[3509,840s][info][gc] GC(7069) Garbage Collection (Allocation Stall) 1024M(100%)->918M(90%)
[3510,374s][info][gc] Allocation Stall (main) 489,265ms
[3510,381s][info][gc] GC(7070) Garbage Collection (Allocation Stall) 1024M(100%)->892M(87%)
[3510,891s][info][gc] Allocation Stall (main) 453,506ms
[3510,908s][info][gc] GC(7071) Garbage Collection (Allocation Stall) 1024M(100%)->910M(89%)
[3511,416s][info][gc] Relocation Stall (main) 4,176ms
[3511,416s][info][gc] Allocation Stall (main) 458,570ms
[3511,428s][info][gc] GC(7072) Garbage Collection (Allocation Rate) 990M(97%)->934M(91%)
[3511,909s][info][gc] Allocation Stall (main) 437,771ms
[3511,919s][info][gc] GC(7073) Garbage Collection (Allocation Stall) 966M(94%)->954M(93%)
[3512,394s][info][gc] Allocation Stall (main) 442,025ms
[3512,412s][info][gc] GC(7074) Garbage Collection (Allocation Stall) 996M(97%)->936M(91%)
[3512,918s][info][gc] Allocation Stall (main) 466,573ms
[3512,925s][info][gc] GC(7075) Garbage Collection (Allocation Stall) 1006M(98%)->914M(89%)
[3513,396s][info][gc] Allocation Stall (main) 418,917ms
[3513,413s][info][gc] GC(7076) Garbage Collection (Allocation Stall) 952M(93%)->978M(96%)
[3513,918s][info][gc] Allocation Stall (main) 482,768ms
[3513,939s][info][gc] GC(7077) Garbage Collection (Allocation Stall) 1024M(100%)->910M(89%)
[3514,463s][info][gc] Allocation Stall (main) 476,304ms
[3514,470s][info][gc] GC(7078) Garbage Collection (Allocation Stall) 1024M(100%)->896M(88%)
[3514,989s][info][gc] Relocation Stall (main) 4,339ms
[3514,989s][info][gc] Allocation Stall (main) 463,167ms
[3514,999s][info][gc] GC(7079) Garbage Collection (Allocation Stall) 1024M(100%)->902M(88%)
[3515,507s][info][gc] Allocation Stall (main) 455,370ms
[3515,530s][info][gc] GC(7080) Garbage Collection (Allocation Rate) 992M(97%)->950M(93%)
[3516,022s][info][gc] Allocation Stall (main) 456,761ms
[3516,029s][info][gc] GC(7081) Garbage Collection (Allocation Stall) 978M(96%)->938M(92%)
[3516,496s][info][gc] Allocation Stall (main) 423,954ms
[3516,507s][info][gc] GC(7082) Garbage Collection (Allocation Stall) 964M(94%)->960M(94%)
[3517,001s][info][gc] Allocation Stall (main) 464,635ms
[3517,018s][info][gc] GC(7083) Garbage Collection (Allocation Stall) 1024M(100%)->912M(89%)
[3517,519s][info][gc] Allocation Stall (main) 448,871ms
[3517,544s][info][gc] GC(7084) Garbage Collection (Allocation Rate) 960M(94%)->978M(96%)
[3518,059s][info][gc] Allocation Stall (main) 492,406ms
[3518,067s][info][gc] GC(7085) Garbage Collection (Allocation Stall) 1024M(100%)->888M(87%)
[3518,584s][info][gc] Allocation Stall (main) 459,409ms
[3518,600s][info][gc] GC(7086) Garbage Collection (Allocation Stall) 1024M(100%)->906M(88%)
[3519,108s][info][gc] Allocation Stall (main) 458,147ms
[3519,121s][info][gc] GC(7087) Garbage Collection (Allocation Rate) 1008M(98%)->920M(90%)
[3519,608s][info][gc] Allocation Stall (main) 437,157ms
[3519,621s][info][gc] GC(7088) Garbage Collection (Allocation Stall) 966M(94%)->962M(94%)
[3520,110s][info][gc] Allocation Stall (main) 460,010ms
[3520,122s][info][gc] GC(7089) Garbage Collection (Allocation Stall) 1008M(98%)->920M(90%)
[3520,609s][info][gc] Allocation Stall (main) 438,320ms
[3520,633s][info][gc] GC(7090) Garbage Collection (Allocation Stall) 966M(94%)->972M(95%)
[3521,132s][info][gc] Allocation Stall (main) 474,569ms
[3521,149s][info][gc] GC(7091) Garbage Collection (Allocation Stall) 994M(97%)->928M(91%)
[3521,671s][info][gc] Relocation Stall (main) 5,504ms
[3521,671s][info][gc] Allocation Stall (main) 479,189ms
[3521,675s][info][gc] GC(7092) Garbage Collection (Allocation Stall) 1024M(100%)->882M(86%)
[3522,203s][info][gc] Relocation Stall (main) 4,899ms
[3522,204s][info][gc] Allocation Stall (main) 469,095ms
[3522,216s][info][gc] GC(7093) Garbage Collection (Allocation Stall) 1024M(100%)->900M(88%)
[3522,711s][info][gc] Allocation Stall (main) 439,766ms
[3522,722s][info][gc] GC(7094) Garbage Collection (Allocation Rate) 962M(94%)->958M(94%)
[3523,202s][info][gc] Allocation Stall (main) 449,242ms
[3523,219s][info][gc] GC(7095) Garbage Collection (Allocation Stall) 1000M(98%)->928M(91%)
[3523,715s][info][gc] Relocation Stall (main) 3,592ms
[3523,715s][info][gc] Allocation Stall (main) 452,890ms
[3523,729s][info][gc] GC(7096) Garbage Collection (Allocation Stall) 980M(96%)->942M(92%)
[3524,214s][info][gc] Allocation Stall (main) 445,416ms
[3524,222s][info][gc] GC(7097) Garbage Collection (Allocation Stall) 972M(95%)->944M(92%)
[3524,701s][info][gc] Allocation Stall (main) 441,487ms
[3524,709s][info][gc] GC(7098) Garbage Collection (Allocation Stall) 988M(96%)->930M(91%)
[3525,201s][info][gc] Allocation Stall (main) 449,941ms
[3525,215s][info][gc] GC(7099) Garbage Collection (Allocation Stall) 1008M(98%)->924M(90%)
[3525,711s][info][gc] Allocation Stall (main) 450,607ms
[3525,727s][info][gc] GC(7100) Garbage Collection (Allocation Stall) 986M(96%)->948M(93%)
[3526,205s][info][gc] Allocation Stall (main) 440,296ms
[3526,219s][info][gc] GC(7101) Garbage Collection (Allocation Stall) 972M(95%)->952M(93%)
[3526,712s][info][gc] Allocation Stall (main) 460,034ms
[3526,722s][info][gc] GC(7102) Garbage Collection (Allocation Stall) 1006M(98%)->918M(90%)
[3527,206s][info][gc] Allocation Stall (main) 433,654ms
[3527,230s][info][gc] GC(7103) Garbage Collection (Allocation Stall) 962M(94%)->976M(95%)
[3527,725s][info][gc] Allocation Stall (main) 473,159ms
[3527,731s][info][gc] GC(7104) Garbage Collection (Allocation Stall) 1004M(98%)->904M(88%)
[3528,197s][info][gc] Allocation Stall (main) 407,271ms
[3528,216s][info][gc] GC(7105) Garbage Collection (Allocation Stall) 930M(91%)->992M(97%)
[3528,704s][info][gc] Allocation Stall (main) 473,453ms
[3528,712s][info][gc] GC(7106) Garbage Collection (Allocation Stall) 1024M(100%)->890M(87%)
[3529,201s][info][gc] Allocation Stall (main) 427,808ms
[3529,207s][info][gc] GC(7107) Garbage Collection (Allocation Rate) 958M(94%)->960M(94%)
[3529,695s][info][gc] Allocation Stall (main) 457,745ms
[3529,713s][info][gc] GC(7108) Garbage Collection (Allocation Stall) 1024M(100%)->912M(89%)
[3530,213s][info][gc] Allocation Stall (main) 451,051ms
[3530,229s][info][gc] GC(7109) Garbage Collection (Allocation Rate) 982M(96%)->950M(93%)
[3530,719s][info][gc] Relocation Stall (main) 3,024ms
[3530,719s][info][gc] Allocation Stall (main) 454,847ms
[3530,732s][info][gc] GC(7110) Garbage Collection (Allocation Stall) 980M(96%)->942M(92%)
[3531,214s][info][gc] Allocation Stall (main) 442,039ms
[3531,220s][info][gc] GC(7111) Garbage Collection (Allocation Stall) 966M(94%)->946M(92%)
[3531,697s][info][gc] Allocation Stall (main) 439,944ms
[3531,716s][info][gc] GC(7112) Garbage Collection (Allocation Stall) 994M(97%)->938M(92%)
[3532,220s][info][gc] Allocation Stall (main) 466,113ms
[3532,229s][info][gc] GC(7113) Garbage Collection (Allocation Stall) 1000M(98%)->918M(90%)
[3532,697s][info][gc] Allocation Stall (main) 415,022ms
[3532,713s][info][gc] GC(7114) Garbage Collection (Allocation Stall) 942M(92%)->982M(96%)
[3533,207s][info][gc] Allocation Stall (main) 473,733ms
[3533,218s][info][gc] GC(7115) Garbage Collection (Allocation Stall) 1024M(100%)->898M(88%)
[3533,703s][info][gc] Allocation Stall (main) 426,825ms
[3533,714s][info][gc] GC(7116) Garbage Collection (Allocation Rate) 952M(93%)->968M(95%)
[3534,211s][info][gc] Allocation Stall (main) 470,661ms
[3534,226s][info][gc] GC(7117) Garbage Collection (Allocation Stall) 1024M(100%)->910M(89%)
[3534,705s][info][gc] Allocation Stall (main) 422,775ms
[3534,719s][info][gc] GC(7118) Garbage Collection (Allocation Rate) 938M(92%)->986M(96%)
[3535,205s][info][gc] Allocation Stall (main) 466,791ms
[3535,216s][info][gc] GC(7119) Garbage Collection (Allocation Stall) 1024M(100%)->900M(88%)
[3535,702s][info][gc] Allocation Stall (main) 429,040ms
[3535,721s][info][gc] GC(7120) Garbage Collection (Allocation Rate) 960M(94%)->970M(95%)
[3536,225s][info][gc] Allocation Stall (main) 478,679ms
[3536,241s][info][gc] GC(7121) Garbage Collection (Allocation Stall) 1020M(100%)->908M(89%)
[3536,763s][info][gc] Allocation Stall (main) 471,704ms
[3536,771s][info][gc] GC(7122) Garbage Collection (Allocation Stall) 1024M(100%)->894M(87%)
[3537,289s][info][gc] Allocation Stall (main) 462,201ms
[3537,306s][info][gc] GC(7123) Garbage Collection (Allocation Stall) 1024M(100%)->912M(89%)
[3537,815s][info][gc] Relocation Stall (main) 2,239ms
[3537,815s][info][gc] Allocation Stall (main) 461,081ms
[3537,831s][info][gc] GC(7124) Garbage Collection (Allocation Rate) 998M(97%)->936M(91%)
[3538,311s][info][gc] Allocation Stall (main) 435,166ms
[3538,333s][info][gc] GC(7125) Garbage Collection (Allocation Stall) 954M(93%)->978M(96%)
[3538,819s][info][gc] Allocation Stall (main) 463,918ms
[3538,833s][info][gc] GC(7126) Garbage Collection (Allocation Stall) 1000M(98%)->920M(90%)
[3539,304s][info][gc] Allocation Stall (main) 418,794ms
[3539,320s][info][gc] GC(7127) Garbage Collection (Allocation Stall) 940M(92%)->974M(95%)
[3539,809s][info][gc] Allocation Stall (main) 465,193ms
[3539,817s][info][gc] GC(7128) Garbage Collection (Allocation Stall) 1024M(100%)->888M(87%)
[3540,295s][info][gc] Allocation Stall (main) 415,760ms
[3540,302s][info][gc] GC(7129) Garbage Collection (Allocation Stall) 946M(92%)->966M(94%)
[3540,781s][info][gc] Allocation Stall (main) 452,046ms
[3540,797s][info][gc] GC(7130) Garbage Collection (Allocation Stall) 1024M(100%)->908M(89%)
[3541,313s][info][gc] Allocation Stall (main) 465,779ms
[3541,336s][info][gc] GC(7131) Garbage Collection (Allocation Rate) 1016M(99%)->924M(90%)
[3541,824s][info][gc] Allocation Stall (main) 437,970ms
[3541,837s][info][gc] GC(7132) Garbage Collection (Allocation Stall) 940M(92%)->976M(95%)
[3542,307s][info][gc] Allocation Stall (main) 445,642ms
[3542,315s][info][gc] GC(7133) Garbage Collection (Allocation Stall) 988M(96%)->926M(90%)
[3542,795s][info][gc] Allocation Stall (main) 435,168ms
[3542,805s][info][gc] GC(7134) Garbage Collection (Allocation Stall) 988M(96%)->936M(91%)
[3543,306s][info][gc] Allocation Stall (main) 461,292ms
[3543,320s][info][gc] GC(7135) Garbage Collection (Allocation Stall) 1022M(100%)->910M(89%)
[3543,802s][info][gc] Allocation Stall (main) 430,639ms
[3543,813s][info][gc] GC(7136) Garbage Collection (Allocation Stall) 962M(94%)->962M(94%)
[3544,313s][info][gc] Relocation Stall (main) 5,349ms
[3544,313s][info][gc] Allocation Stall (main) 470,955ms
[3544,333s][info][gc] GC(7137) Garbage Collection (Allocation Stall) 1024M(100%)->914M(89%)
[3544,827s][info][gc] Allocation Stall (main) 439,827ms
[3544,840s][info][gc] GC(7138) Garbage Collection (Allocation Rate) 936M(91%)->984M(96%)
[3545,305s][info][gc] Allocation Stall (main) 444,085ms
[3545,311s][info][gc] GC(7139) Garbage Collection (Allocation Stall) 984M(96%)->928M(91%)
[3545,796s][info][gc] Allocation Stall (main) 441,891ms
[3545,811s][info][gc] GC(7140) Garbage Collection (Allocation Stall) 1000M(98%)->928M(91%)
[3546,315s][info][gc] Allocation Stall (main) 461,402ms
[3546,332s][info][gc] GC(7141) Garbage Collection (Allocation Stall) 1002M(98%)->930M(91%)
[3546,822s][info][gc] Relocation Stall (main) 2,584ms
[3546,822s][info][gc] Allocation Stall (main) 439,873ms
[3546,828s][info][gc] GC(7142) Garbage Collection (Allocation Stall) 950M(93%)->960M(94%)
[3547,312s][info][gc] Allocation Stall (main) 452,257ms
[3547,321s][info][gc] GC(7143) Garbage Collection (Allocation Stall) 982M(96%)->938M(92%)
[3547,797s][info][gc] Allocation Stall (main) 435,607ms
[3547,817s][info][gc] GC(7144) Garbage Collection (Allocation Stall) 984M(96%)->948M(93%)
[3548,314s][info][gc] Allocation Stall (main) 461,899ms
[3548,322s][info][gc] GC(7145) Garbage Collection (Allocation Stall) 998M(97%)->920M(90%)
[3548,797s][info][gc] Allocation Stall (main) 425,561ms
[3548,808s][info][gc] GC(7146) Garbage Collection (Allocation Stall) 964M(94%)->958M(94%)
[3549,302s][info][gc] Allocation Stall (main) 462,753ms
[3549,324s][info][gc] GC(7147) Garbage Collection (Allocation Stall) 1024M(100%)->918M(90%)
[3549,826s][info][gc] Allocation Stall (main) 452,585ms
[3549,838s][info][gc] GC(7148) Garbage Collection (Allocation Rate) 958M(94%)->958M(94%)
[3550,310s][info][gc] Relocation Stall (main) 7,292ms
[3550,310s][info][gc] GC(7149) Garbage Collection (Allocation Stall) 970M(95%)->930M(91%)
[3550,310s][info][gc] Allocation Stall (main) 439,471ms
[3550,804s][info][gc] Relocation Stall (main) 5,615ms
[3550,804s][info][gc] Allocation Stall (main) 450,575ms
[3550,822s][info][gc] GC(7150) Garbage Collection (Allocation Stall) 994M(97%)->930M(91%)
[3551,335s][info][gc] Allocation Stall (main) 470,249ms
[3551,340s][info][gc] GC(7151) Garbage Collection (Allocation Stall) 978M(96%)->930M(91%)
[3551,842s][info][gc] Allocation Stall (main) 459,738ms
[3551,851s][info][gc] GC(7152) Garbage Collection (Allocation Stall) 1024M(100%)->898M(88%)
[3552,385s][info][gc] Relocation Stall (main) 4,686ms
[3552,385s][info][gc] Allocation Stall (main) 482,114ms
[3552,410s][info][gc] GC(7153) Garbage Collection (Allocation Stall) 1024M(100%)->916M(89%)
[3552,936s][info][gc] Allocation Stall (main) 480,540ms
[3552,944s][info][gc] GC(7154) Garbage Collection (Allocation Rate) 994M(97%)->924M(90%)
[3553,450s][info][gc] Allocation Stall (main) 460,523ms
[3553,465s][info][gc] GC(7155) Garbage Collection (Allocation Stall) 1024M(100%)->908M(89%)
[3553,994s][info][gc] Allocation Stall (main) 480,300ms
[3554,017s][info][gc] GC(7156) Garbage Collection (Allocation Stall) 1024M(100%)->918M(90%)
[3554,522s][info][gc] Allocation Stall (main) 458,483ms
[3554,536s][info][gc] GC(7157) Garbage Collection (Allocation Rate) 978M(96%)->946M(92%)
[3555,013s][info][gc] Allocation Stall (main) 437,383ms
[3555,018s][info][gc] GC(7158) Garbage Collection (Allocation Stall) 960M(94%)->952M(93%)
[3555,501s][info][gc] Allocation Stall (main) 450,920ms
[3555,513s][info][gc] GC(7159) Garbage Collection (Allocation Stall) 1008M(98%)->922M(90%)
[3556,004s][info][gc] Allocation Stall (main) 445,352ms
[3556,027s][info][gc] GC(7160) Garbage Collection (Allocation Stall) 990M(97%)->952M(93%)
[3556,523s][info][gc] Allocation Stall (main) 462,442ms
[3556,531s][info][gc] GC(7161) Garbage Collection (Allocation Stall) 986M(96%)->932M(91%)
[3557,003s][info][gc] Allocation Stall (main) 426,641ms
[3557,026s][info][gc] GC(7162) Garbage Collection (Allocation Stall) 956M(93%)->974M(95%)
[3557,532s][info][gc] Relocation Stall (main) 5,091ms
[3557,533s][info][gc] Allocation Stall (main) 484,126ms
[3557,536s][info][gc] GC(7163) Garbage Collection (Allocation Stall) 1014M(99%)->888M(87%)
[3557,998s][info][gc] Allocation Stall (main) 395,296ms
[3558,010s][info][gc] GC(7164) Garbage Collection (Allocation Stall) 906M(88%)->1008M(98%)
[3558,480s][info][gc] Allocation Stall (main) 461,662ms
[3558,488s][info][gc] GC(7165) Garbage Collection (Allocation Stall) 1024M(100%)->894M(87%)
[3559,001s][info][gc] Allocation Stall (main) 457,437ms
[3559,016s][info][gc] GC(7166) Garbage Collection (Allocation Rate) 1024M(100%)->908M(89%)
[3559,513s][info][gc] Allocation Stall (main) 444,067ms
[3559,534s][info][gc] GC(7167) Garbage Collection (Allocation Stall) 968M(95%)->966M(94%)
[3560,018s][info][gc] Allocation Stall (main) 455,193ms
[3560,038s][info][gc] GC(7168) Garbage Collection (Allocation Stall) 984M(96%)->942M(92%)
[3560,515s][info][gc] Allocation Stall (main) 435,000ms
[3560,524s][info][gc] GC(7169) Garbage Collection (Allocation Stall) 946M(92%)->958M(94%)
[3560,999s][info][gc] Allocation Stall (main) 445,111ms
[3561,007s][info][gc] GC(7170) Garbage Collection (Allocation Stall) 1000M(98%)->914M(89%)
[3561,501s][info][gc] Allocation Stall (main) 444,153ms
[3561,513s][info][gc] GC(7171) Garbage Collection (Allocation Stall) 984M(96%)->938M(92%)
[3562,002s][info][gc] Allocation Stall (main) 450,070ms
[3562,016s][info][gc] GC(7172) Garbage Collection (Allocation Stall) 1004M(98%)->924M(90%)
[3562,505s][info][gc] Allocation Stall (main) 443,650ms
[3562,521s][info][gc] GC(7173) Garbage Collection (Allocation Stall) 980M(96%)->948M(93%)
[3563,015s][info][gc] Allocation Stall (main) 459,221ms
[3563,034s][info][gc] GC(7174) Garbage Collection (Allocation Stall) 996M(97%)->932M(91%)
[3563,519s][info][gc] Allocation Stall (main) 440,116ms
[3563,533s][info][gc] GC(7175) Garbage Collection (Allocation Stall) 952M(93%)->964M(94%)
[3564,008s][info][gc] Allocation Stall (main) 443,926ms
[3564,015s][info][gc] GC(7176) Garbage Collection (Allocation Stall) 976M(95%)->932M(91%)
[3564,494s][info][gc] Allocation Stall (main) 438,011ms
[3564,501s][info][gc] GC(7177) Garbage Collection (Allocation Stall) 994M(97%)->924M(90%)
[3564,997s][info][gc] Allocation Stall (main) 451,972ms
[3565,014s][info][gc] GC(7178) Garbage Collection (Allocation Stall) 1020M(100%)->916M(89%)
[3565,512s][info][gc] Relocation Stall (main) 3,341ms
[3565,512s][info][gc] Allocation Stall (main) 450,142ms
[3565,523s][info][gc] GC(7179) Garbage Collection (Allocation Stall) 972M(95%)->948M(93%)
[3566,010s][info][gc] Allocation Stall (main) 452,069ms
[3566,021s][info][gc] GC(7180) Garbage Collection (Allocation Stall) 992M(97%)->932M(91%)
[3566,500s][info][gc] Allocation Stall (main) 435,397ms
[3566,511s][info][gc] GC(7181) Garbage Collection (Allocation Stall) 972M(95%)->952M(93%)
[3566,999s][info][gc] Allocation Stall (main) 455,473ms
[3567,010s][info][gc] GC(7182) Garbage Collection (Allocation Stall) 1016M(99%)->912M(89%)
[3567,500s][info][gc] Allocation Stall (main) 439,531ms
[3567,515s][info][gc] GC(7183) Garbage Collection (Allocation Stall) 986M(96%)->950M(93%)
[3568,018s][info][gc] Allocation Stall (main) 469,713ms
[3568,035s][info][gc] GC(7184) Garbage Collection (Allocation Stall) 1014M(99%)->924M(90%)
[3568,511s][info][gc] Allocation Stall (main) 425,479ms
[3568,520s][info][gc] GC(7185) Garbage Collection (Allocation Stall) 940M(92%)->980M(96%)
[3569,005s][info][gc] Allocation Stall (main) 463,338ms
[3569,020s][info][gc] GC(7186) Garbage Collection (Allocation Stall) 1024M(100%)->910M(89%)
[3569,527s][info][gc] Relocation Stall (main) 16,269ms
[3569,527s][info][gc] Allocation Stall (main) 454,421ms
[3569,534s][info][gc] GC(7187) Garbage Collection (Allocation Rate) 960M(94%)->944M(92%)
[3570,029s][info][gc] Allocation Stall (main) 455,178ms
[3570,034s][info][gc] GC(7188) Garbage Collection (Allocation Stall) 962M(94%)->944M(92%)
[3570,502s][info][gc] Allocation Stall (main) 427,711ms
[3570,510s][info][gc] GC(7189) Garbage Collection (Allocation Stall) 962M(94%)->956M(93%)
[3571,016s][info][gc] Relocation Stall (main) 5,310ms
[3571,016s][info][gc] Allocation Stall (main) 474,438ms
[3571,022s][info][gc] GC(7190) Garbage Collection (Allocation Stall) 1024M(100%)->894M(87%)
[3571,501s][info][gc] Allocation Stall (main) 419,204ms
[3571,517s][info][gc] GC(7191) Garbage Collection (Allocation Rate) 940M(92%)->988M(96%)
[3572,012s][info][gc] Relocation Stall (main) 5,559ms
[3572,012s][info][gc] Allocation Stall (main) 477,541ms
[3572,017s][info][gc] GC(7192) Garbage Collection (Allocation Stall) 1024M(100%)->890M(87%)
[3572,497s][info][gc] Allocation Stall (main) 416,330ms
[3572,510s][info][gc] GC(7193) Garbage Collection (Allocation Rate) 936M(91%)->984M(96%)
[3573,002s][info][gc] Allocation Stall (main) 472,679ms
[3573,028s][info][gc] GC(7194) Garbage Collection (Allocation Stall) 1024M(100%)->914M(89%)
[3573,541s][info][gc] Allocation Stall (main) 460,853ms
[3573,546s][info][gc] GC(7195) Garbage Collection (Allocation Rate) 948M(93%)->954M(93%)
[3574,035s][info][gc] Allocation Stall (main) 457,193ms
[3574,043s][info][gc] GC(7196) Garbage Collection (Allocation Stall) 1024M(100%)->896M(88%)
[3574,502s][info][gc] Allocation Stall (main) 395,179ms
[3574,517s][info][gc] Allocation Stall (main) 0,313ms
[3574,519s][info][gc] Allocation Stall (main) 1,202ms
[3574,522s][info][gc] Allocation Stall (main) 0,285ms
[3574,523s][info][gc] Allocation Stall (main) 0,576ms
[3574,526s][info][gc] Allocation Stall (main) 1,454ms
[3574,527s][info][gc] Allocation Stall (main) 0,255ms
[3574,529s][info][gc] Allocation Stall (main) 0,950ms
[3574,530s][info][gc] GC(7197) Garbage Collection (Allocation Rate) 898M(88%)->1024M(100%)
[3575,035s][info][gc] Relocation Stall (main) 6,278ms
[3575,036s][info][gc] Allocation Stall (main) 505,283ms
[3575,038s][info][gc] GC(7198) Garbage Collection (Allocation Stall) 1024M(100%)->870M(85%)
[3575,502s][info][gc] Allocation Stall (main) 385,717ms
[3575,507s][info][gc] GC(7199) Garbage Collection (Allocation Rate) 876M(86%)->1020M(100%)
[3575,982s][info][gc] Relocation Stall (main) 5,976ms
[3575,982s][info][gc] Allocation Stall (main) 472,972ms
[3575,988s][info][gc] GC(7200) Garbage Collection (Allocation Stall) 1024M(100%)->880M(86%)
[3576,514s][info][gc] Allocation Stall (main) 465,576ms
[3576,528s][info][gc] GC(7201) Garbage Collection (Allocation Rate) 1012M(99%)->914M(89%)
[3577,009s][info][gc] Allocation Stall (main) 429,225ms
[3577,017s][info][gc] GC(7202) Garbage Collection (Allocation Stall) 948M(93%)->968M(95%)
[3577,506s][info][gc] Allocation Stall (main) 462,657ms
[3577,524s][info][gc] GC(7203) Garbage Collection (Allocation Stall) 1024M(100%)->910M(89%)
[3578,013s][info][gc] Allocation Stall (main) 436,226ms
[3578,035s][info][gc] GC(7204) Garbage Collection (Allocation Stall) 952M(93%)->976M(95%)
[3578,531s][info][gc] Allocation Stall (main) 472,256ms
[3578,545s][info][gc] GC(7205) Garbage Collection (Allocation Stall) 992M(97%)->924M(90%)
[3579,051s][info][gc] Allocation Stall (main) 461,907ms
[3579,064s][info][gc] GC(7206) Garbage Collection (Allocation Stall) 1024M(100%)->896M(88%)
[3579,579s][info][gc] Allocation Stall (main) 461,379ms
[3579,599s][info][gc] GC(7207) Garbage Collection (Allocation Stall) 1024M(100%)->908M(89%)
[3580,117s][info][gc] Allocation Stall (main) 467,713ms
[3580,126s][info][gc] GC(7208) Garbage Collection (Allocation Rate) 1010M(99%)->908M(89%)
[3580,594s][info][gc] Allocation Stall (main) 413,341ms
[3580,603s][info][gc] GC(7209) Garbage Collection (Allocation Stall) 946M(92%)->974M(95%)
[3581,092s][info][gc] Relocation Stall (main) 5,041ms
[3581,092s][info][gc] Allocation Stall (main) 465,487ms
[3581,107s][info][gc] GC(7210) Garbage Collection (Allocation Stall) 1024M(100%)->904M(88%)
[3581,620s][info][gc] Allocation Stall (main) 459,836ms
[3581,640s][info][gc] GC(7211) Garbage Collection (Allocation Rate) 982M(96%)->950M(93%)
[3582,149s][info][gc] Allocation Stall (main) 474,453ms
[3582,167s][info][gc] GC(7212) Garbage Collection (Allocation Stall) 1024M(100%)->904M(88%)
[3582,693s][info][gc] Allocation Stall (main) 475,243ms
[3582,706s][info][gc] GC(7213) Garbage Collection (Allocation Stall) 1024M(100%)->898M(88%)
[3583,211s][info][gc] Allocation Stall (main) 450,024ms
[3583,219s][info][gc] GC(7214) Garbage Collection (Allocation Rate) 988M(96%)->930M(91%)
[3583,695s][info][gc] Allocation Stall (main) 431,005ms
[3583,704s][info][gc] GC(7215) Garbage Collection (Allocation Stall) 976M(95%)->950M(93%)
[3584,196s][info][gc] Allocation Stall (main) 457,665ms
[3584,217s][info][gc] GC(7216) Garbage Collection (Allocation Stall) 1024M(100%)->922M(90%)
[3584,728s][info][gc] Allocation Stall (main) 465,797ms
[3584,740s][info][gc] GC(7217) Garbage Collection (Allocation Rate) 994M(97%)->936M(91%)
[3585,262s][info][gc] Relocation Stall (main) 4,884ms
[3585,262s][info][gc] Allocation Stall (main) 481,768ms
[3585,282s][info][gc] GC(7218) Garbage Collection (Allocation Stall) 1024M(100%)->910M(89%)
[3585,811s][info][gc] Allocation Stall (main) 481,919ms
[3585,825s][info][gc] GC(7219) Garbage Collection (Allocation Stall) 1024M(100%)->904M(88%)
[3586,311s][info][gc] Allocation Stall (main) 429,318ms
[3586,322s][info][gc] GC(7220) Garbage Collection (Allocation Rate) 954M(93%)->966M(94%)
[3586,809s][info][gc] Allocation Stall (main) 460,463ms
[3586,822s][info][gc] GC(7221) Garbage Collection (Allocation Stall) 1024M(100%)->906M(88%)
[3587,297s][info][gc] Allocation Stall (main) 418,538ms
[3587,313s][info][gc] GC(7222) Garbage Collection (Allocation Stall) 942M(92%)->986M(96%)
[3587,808s][info][gc] Relocation Stall (main) 4,893ms
[3587,808s][info][gc] Allocation Stall (main) 477,076ms
[3587,821s][info][gc] GC(7223) Garbage Collection (Allocation Stall) 1024M(100%)->898M(88%)
[3588,315s][info][gc] Allocation Stall (main) 437,508ms
[3588,322s][info][gc] GC(7224) Garbage Collection (Allocation Rate) 952M(93%)->964M(94%)
[3588,815s][info][gc] Relocation Stall (main) 7,460ms
[3588,815s][info][gc] Allocation Stall (main) 465,442ms
[3588,822s][info][gc] GC(7225) Garbage Collection (Allocation Stall) 1022M(100%)->896M(88%)
[3589,303s][info][gc] Allocation Stall (main) 420,340ms
[3589,315s][info][gc] GC(7226) Garbage Collection (Allocation Stall) 934M(91%)->986M(96%)
[3589,797s][info][gc] Allocation Stall (main) 463,185ms
[3589,808s][info][gc] GC(7227) Garbage Collection (Allocation Stall) 1024M(100%)->902M(88%)
[3590,310s][info][gc] Allocation Stall (main) 447,034ms
[3590,330s][info][gc] GC(7228) Garbage Collection (Allocation Rate) 984M(96%)->954M(93%)
[3590,863s][info][gc] Allocation Stall (main) 500,970ms
[3590,879s][info][gc] GC(7229) Garbage Collection (Allocation Stall) 994M(97%)->932M(91%)
[3591,393s][info][gc] Relocation Stall (main) 5,106ms
[3591,393s][info][gc] Allocation Stall (main) 472,910ms
[3591,409s][info][gc] GC(7230) Garbage Collection (Allocation Stall) 1024M(100%)->900M(88%)
[3591,925s][info][gc] Allocation Stall (main) 460,857ms
[3591,935s][info][gc] GC(7231) Garbage Collection (Allocation Rate) 974M(95%)->940M(92%)
[3592,409s][info][gc] Allocation Stall (main) 432,641ms
[3592,422s][info][gc] GC(7232) Garbage Collection (Allocation Stall) 966M(94%)->952M(93%)
[3592,906s][info][gc] Allocation Stall (main) 450,854ms
[3592,921s][info][gc] GC(7233) Garbage Collection (Allocation Stall) 1000M(98%)->926M(90%)
[3593,418s][info][gc] Allocation Stall (main) 451,800ms
[3593,429s][info][gc] GC(7234) Garbage Collection (Allocation Stall) 980M(96%)->938M(92%)
[3593,916s][info][gc] Allocation Stall (main) 445,525ms
[3593,926s][info][gc] GC(7235) Garbage Collection (Allocation Stall) 972M(95%)->948M(93%)
[3594,403s][info][gc] Allocation Stall (main) 441,214ms
[3594,418s][info][gc] GC(7236) Garbage Collection (Allocation Stall) 994M(97%)->936M(91%)
[3594,918s][info][gc] Allocation Stall (main) 460,548ms
[3594,927s][info][gc] GC(7237) Garbage Collection (Allocation Stall) 1002M(98%)->916M(89%)
[3595,412s][info][gc] Allocation Stall (main) 435,336ms
[3595,429s][info][gc] GC(7238) Garbage Collection (Allocation Stall) 962M(94%)->966M(94%)
[3595,937s][info][gc] Allocation Stall (main) 477,881ms
[3595,952s][info][gc] GC(7239) Garbage Collection (Allocation Stall) 986M(96%)->936M(91%)
[3596,470s][info][gc] Allocation Stall (main) 478,063ms
[3596,497s][info][gc] GC(7240) Garbage Collection (Allocation Stall) 1024M(100%)->914M(89%)
[3597,039s][info][gc] Allocation Stall (main) 494,557ms
[3597,045s][info][gc] GC(7241) Garbage Collection (Allocation Rate) 1016M(99%)->894M(87%)
[3597,565s][info][gc] Allocation Stall (main) 463,079ms
[3597,584s][info][gc] GC(7242) Garbage Collection (Allocation Stall) 1024M(100%)->910M(89%)
[3598,108s][info][gc] Allocation Stall (main) 475,300ms
[3598,118s][info][gc] GC(7243) Garbage Collection (Allocation Stall) 1024M(100%)->902M(88%)
[3598,601s][info][gc] Allocation Stall (main) 426,094ms
[3598,613s][info][gc] GC(7244) Garbage Collection (Allocation Rate) 956M(93%)->972M(95%)
[3599,097s][info][gc] Allocation Stall (main) 458,320ms
[3599,115s][info][gc] GC(7245) Garbage Collection (Allocation Stall) 1024M(100%)->916M(89%)
[3599,617s][info][gc] Allocation Stall (main) 452,655ms
[3599,635s][info][gc] GC(7246) Garbage Collection (Allocation Rate) 978M(96%)->948M(93%)
[3600,126s][info][gc] Allocation Stall (main) 452,630ms
[3600,133s][info][gc] GC(7247) Garbage Collection (Allocation Stall) 964M(94%)->946M(92%)
[3600,601s][info][gc] Allocation Stall (main) 429,652ms
[3600,617s][info][gc] GC(7248) Garbage Collection (Allocation Stall) 968M(95%)->958M(94%)
[3601,114s][info][gc] Allocation Stall (main) 467,323ms
[3601,122s][info][gc] GC(7249) Garbage Collection (Allocation Stall) 1008M(98%)->908M(89%)
[3601,593s][info][gc] Allocation Stall (main) 416,649ms
[3601,600s][info][gc] GC(7250) Garbage Collection (Allocation Stall) 954M(93%)->966M(94%)
[3602,092s][info][gc] Allocation Stall (main) 464,238ms
[3602,103s][info][gc] GC(7251) Garbage Collection (Allocation Stall) 1024M(100%)->906M(88%)
[3602,611s][info][gc] Relocation Stall (main) 3,769ms
[3602,611s][info][gc] Allocation Stall (main) 456,450ms
[3602,629s][info][gc] GC(7252) Garbage Collection (Allocation Rate) 996M(97%)->940M(92%)
[3603,124s][info][gc] Allocation Stall (main) 455,277ms
[3603,140s][info][gc] GC(7253) Garbage Collection (Allocation Stall) 970M(95%)->958M(94%)
[3603,610s][info][gc] Allocation Stall (main) 436,137ms
[3603,616s][info][gc] GC(7254) Garbage Collection (Allocation Stall) 964M(94%)->948M(93%)
[3604,097s][info][gc] Allocation Stall (main) 445,642ms
[3604,110s][info][gc] GC(7255) Garbage Collection (Allocation Stall) 1006M(98%)->922M(90%)
[3604,605s][info][gc] Allocation Stall (main) 449,424ms
[3604,619s][info][gc] GC(7256) Garbage Collection (Allocation Stall) 996M(97%)->932M(91%)
[3605,110s][info][gc] Allocation Stall (main) 449,373ms
[3605,126s][info][gc] GC(7257) Garbage Collection (Allocation Stall) 986M(96%)->946M(92%)
[3605,612s][info][gc] Allocation Stall (main) 449,733ms
[3605,629s][info][gc] GC(7258) Garbage Collection (Allocation Stall) 984M(96%)->944M(92%)
[3606,121s][info][gc] Relocation Stall (main) 3,844ms
[3606,121s][info][gc] Allocation Stall (main) 454,444ms
[3606,126s][info][gc] GC(7259) Garbage Collection (Allocation Stall) 976M(95%)->932M(91%)
[3606,599s][info][gc] Allocation Stall (main) 429,641ms
[3606,623s][info][gc] GC(7260) Garbage Collection (Allocation Stall) 968M(95%)->966M(94%)
[3607,128s][info][gc] Allocation Stall (main) 477,759ms
[3607,137s][info][gc] GC(7261) Garbage Collection (Allocation Stall) 1010M(99%)->904M(88%)
[3607,597s][info][gc] Relocation Stall (main) 4,291ms
[3607,597s][info][gc] Allocation Stall (main) 399,865ms
[3607,600s][info][gc] GC(7262) Garbage Collection (Allocation Stall) 918M(90%)->984M(96%)
[3608,077s][info][gc] Allocation Stall (main) 458,065ms
[3608,085s][info][gc] GC(7263) Garbage Collection (Allocation Stall) 1024M(100%)->896M(88%)
[3608,593s][info][gc] Allocation Stall (main) 453,879ms
[3608,608s][info][gc] GC(7264) Garbage Collection (Allocation Stall) 1024M(100%)->914M(89%)
[3609,111s][info][gc] Allocation Stall (main) 455,072ms
[3609,131s][info][gc] GC(7265) Garbage Collection (Allocation Rate) 994M(97%)->944M(92%)
[3609,618s][info][gc] Relocation Stall (main) 0,637ms
[3609,619s][info][gc] Allocation Stall (main) 450,384ms
[3609,638s][info][gc] GC(7266) Garbage Collection (Allocation Stall) 972M(95%)->960M(94%)
[3610,115s][info][gc] Allocation Stall (main) 444,477ms
[3610,123s][info][gc] GC(7267) Garbage Collection (Allocation Stall) 972M(95%)->942M(92%)
[3610,598s][info][gc] Allocation Stall (main) 437,195ms
[3610,620s][info][gc] GC(7268) Garbage Collection (Allocation Stall) 982M(96%)->950M(93%)
[3611,130s][info][gc] Allocation Stall (main) 477,478ms
[3611,139s][info][gc] GC(7269) Garbage Collection (Allocation Stall) 1004M(98%)->912M(89%)
[3611,599s][info][gc] Allocation Stall (main) 402,409ms
[3611,606s][info][gc] GC(7270) Garbage Collection (Allocation Stall) 920M(90%)->988M(96%)
[3612,087s][info][gc] Allocation Stall (main) 462,422ms
[3612,106s][info][gc] GC(7271) Garbage Collection (Allocation Stall) 1024M(100%)->906M(88%)
[3612,622s][info][gc] Allocation Stall (main) 465,420ms
[3612,629s][info][gc] GC(7272) Garbage Collection (Allocation Rate) 992M(97%)->924M(90%)
[3613,098s][info][gc] Allocation Stall (main) 420,040ms
[3613,108s][info][gc] GC(7273) Garbage Collection (Allocation Stall) 952M(93%)->964M(94%)
[3613,597s][info][gc] Allocation Stall (main) 462,050ms
[3613,609s][info][gc] GC(7274) Garbage Collection (Allocation Stall) 1024M(100%)->900M(88%)
[3614,106s][info][gc] Allocation Stall (main) 442,263ms
[3614,126s][info][gc] GC(7275) Garbage Collection (Allocation Rate) 978M(96%)->956M(93%)
[3614,622s][info][gc] Allocation Stall (main) 465,212ms
[3614,647s][info][gc] GC(7276) Garbage Collection (Allocation Stall) 994M(97%)->940M(92%)
[3615,177s][info][gc] Allocation Stall (main) 492,337ms
[3615,191s][info][gc] GC(7277) Garbage Collection (Allocation Stall) 1024M(100%)->894M(87%)
[3615,707s][info][gc] Allocation Stall (main) 460,864ms
[3615,721s][info][gc] GC(7278) Garbage Collection (Allocation Rate) 1018M(99%)->904M(88%)
[3616,204s][info][gc] Relocation Stall (main) 1,157ms
[3616,204s][info][gc] Allocation Stall (main) 426,955ms
[3616,215s][info][gc] GC(7279) Garbage Collection (Allocation Stall) 950M(93%)->964M(94%)
[3616,708s][info][gc] Allocation Stall (main) 465,115ms
[3616,717s][info][gc] GC(7280) Garbage Collection (Allocation Stall) 1024M(100%)->896M(88%)
[3616,764s][info][gc] GC(7281) Garbage Collection (Allocation Rate) Aborted
