[0.007s][info][gc] Using The Z Garbage Collector
[0,645s][info][gc] GC(0) Garbage Collection (Warmup) 500M(12%)->164M(4%)
[1,301s][info][gc] GC(1) Garbage Collection (Warmup) 914M(22%)->378M(9%)
[2,076s][info][gc] GC(2) Garbage Collection (Warmup) 1344M(33%)->570M(14%)
[3,892s][info][gc] GC(3) Garbage Collection (Allocation Rate) 2772M(68%)->1056M(26%)
[4,520s][info][gc] GC(4) Garbage Collection (Allocation Rate) 1146M(28%)->996M(24%)
[5,415s][info][gc] GC(5) Garbage Collection (Allocation Rate) 1984M(48%)->1226M(30%)
[6,065s][info][gc] GC(6) Garbage Collection (Allocation Rate) 1542M(38%)->1278M(31%)
[7,008s][info][gc] GC(7) Garbage Collection (Allocation Rate) 2316M(57%)->1480M(36%)
[8,041s][info][gc] GC(8) Garbage Collection (Allocation Rate) 2400M(59%)->1786M(44%)
[8,782s][info][gc] GC(9) Garbage Collection (Allocation Rate) 2030M(50%)->1886M(46%)
[9,470s][info][gc] GC(10) Garbage Collection (Allocation Rate) 2008M(49%)->1870M(46%)
[10,354s][info][gc] GC(11) Garbage Collection (Allocation Rate) 2316M(57%)->2016M(49%)
[11,134s][info][gc] GC(12) Garbage Collection (Allocation Rate) 2226M(54%)->2064M(50%)
[11,910s][info][gc] GC(13) Garbage Collection (Allocation Rate) 2318M(57%)->2030M(50%)
[12,786s][info][gc] GC(14) Garbage Collection (Allocation Rate) 2360M(58%)->2106M(51%)
[13,571s][info][gc] GC(15) Garbage Collection (Allocation Rate) 2220M(54%)->2174M(53%)
[14,348s][info][gc] GC(16) Garbage Collection (Allocation Rate) 2328M(57%)->2142M(52%)
[15,209s][info][gc] GC(17) Garbage Collection (Allocation Rate) 2366M(58%)->2206M(54%)
[15,990s][info][gc] GC(18) Garbage Collection (Allocation Rate) 2256M(55%)->2240M(55%)
[16,781s][info][gc] GC(19) Garbage Collection (Allocation Rate) 2342M(57%)->2220M(54%)
[17,621s][info][gc] GC(20) Garbage Collection (Allocation Rate) 2344M(57%)->2274M(56%)
[18,406s][info][gc] GC(21) Garbage Collection (Allocation Rate) 2300M(56%)->2282M(56%)
[19,196s][info][gc] GC(22) Garbage Collection (Allocation Rate) 2342M(57%)->2266M(55%)
[20,015s][info][gc] GC(23) Garbage Collection (Allocation Rate) 2346M(57%)->2294M(56%)
[20,817s][info][gc] GC(24) Garbage Collection (Allocation Rate) 2332M(57%)->2310M(56%)
[21,609s][info][gc] GC(25) Garbage Collection (Allocation Rate) 2340M(57%)->2290M(56%)
[22,415s][info][gc] GC(26) Garbage Collection (Allocation Rate) 2344M(57%)->2310M(56%)
[23,219s][info][gc] GC(27) Garbage Collection (Allocation Rate) 2350M(57%)->2316M(57%)
[24,021s][info][gc] GC(28) Garbage Collection (Allocation Rate) 2348M(57%)->2322M(57%)
[24,819s][info][gc] GC(29) Garbage Collection (Allocation Rate) 2346M(57%)->2324M(57%)
[25,619s][info][gc] GC(30) Garbage Collection (Allocation Rate) 2352M(57%)->2324M(57%)
[26,421s][info][gc] GC(31) Garbage Collection (Allocation Rate) 2354M(57%)->2326M(57%)
[27,202s][info][gc] GC(32) Garbage Collection (Allocation Rate) 2340M(57%)->2302M(56%)
[28,076s][info][gc] GC(33) Garbage Collection (Allocation Rate) 2370M(58%)->2394M(58%)
[28,936s][info][gc] GC(34) Garbage Collection (Allocation Rate) 2534M(62%)->2304M(56%)
[29,841s][info][gc] GC(35) Garbage Collection (Allocation Rate) 2554M(62%)->2342M(57%)
[30,741s][info][gc] GC(36) Garbage Collection (Allocation Rate) 2584M(63%)->2350M(57%)
[31,651s][info][gc] GC(37) Garbage Collection (Allocation Rate) 2594M(63%)->2372M(58%)
[32,540s][info][gc] GC(38) Garbage Collection (Allocation Rate) 2580M(63%)->2386M(58%)
[33,498s][info][gc] GC(39) Garbage Collection (Allocation Rate) 2630M(64%)->2428M(59%)
[34,351s][info][gc] GC(40) Garbage Collection (Allocation Rate) 2508M(61%)->2394M(58%)
[35,223s][info][gc] GC(41) Garbage Collection (Allocation Rate) 2602M(64%)->2352M(57%)
[36,036s][info][gc] GC(42) Garbage Collection (Allocation Rate) 2374M(58%)->2352M(57%)
[36,923s][info][gc] GC(43) Garbage Collection (Allocation Rate) 2606M(64%)->2352M(57%)
[37,748s][info][gc] GC(44) Garbage Collection (Allocation Rate) 2374M(58%)->2384M(58%)
[38,615s][info][gc] GC(45) Garbage Collection (Allocation Rate) 2592M(63%)->2272M(55%)
[39,416s][info][gc] GC(46) Garbage Collection (Allocation Rate) 2312M(56%)->2326M(57%)
[40,219s][info][gc] GC(47) Garbage Collection (Allocation Rate) 2362M(58%)->2328M(57%)
[41,012s][info][gc] GC(48) Garbage Collection (Allocation Rate) 2346M(57%)->2322M(57%)
[41,830s][info][gc] GC(49) Garbage Collection (Allocation Rate) 2366M(58%)->2352M(57%)
[42,715s][info][gc] GC(50) Garbage Collection (Allocation Rate) 2632M(64%)->2326M(57%)
[43,530s][info][gc] GC(51) Garbage Collection (Allocation Rate) 2364M(58%)->2348M(57%)
[44,310s][info][gc] GC(52) Garbage Collection (Allocation Rate) 2348M(57%)->2316M(57%)
[45,118s][info][gc] GC(53) Garbage Collection (Allocation Rate) 2358M(58%)->2330M(57%)
[45,921s][info][gc] GC(54) Garbage Collection (Allocation Rate) 2362M(58%)->2332M(57%)
[46,717s][info][gc] GC(55) Garbage Collection (Allocation Rate) 2356M(58%)->2328M(57%)
[47,518s][info][gc] GC(56) Garbage Collection (Allocation Rate) 2362M(58%)->2328M(57%)
[48,325s][info][gc] GC(57) Garbage Collection (Allocation Rate) 2360M(58%)->2340M(57%)
[49,120s][info][gc] GC(58) Garbage Collection (Allocation Rate) 2356M(58%)->2330M(57%)
[49,933s][info][gc] GC(59) Garbage Collection (Allocation Rate) 2358M(58%)->2268M(55%)
[50,821s][info][gc] GC(60) Garbage Collection (Allocation Rate) 2536M(62%)->2346M(57%)
[51,636s][info][gc] GC(61) Garbage Collection (Allocation Rate) 2370M(58%)->2364M(58%)
[52,534s][info][gc] GC(62) Garbage Collection (Allocation Rate) 2624M(64%)->2374M(58%)
[53,434s][info][gc] GC(63) Garbage Collection (Allocation Rate) 2638M(64%)->2378M(58%)
[54,334s][info][gc] GC(64) Garbage Collection (Allocation Rate) 2598M(63%)->2362M(58%)
[55,225s][info][gc] GC(65) Garbage Collection (Allocation Rate) 2624M(64%)->2360M(58%)
[56,024s][info][gc] GC(66) Garbage Collection (Allocation Rate) 2370M(58%)->2348M(57%)
[56,810s][info][gc] GC(67) Garbage Collection (Allocation Rate) 2364M(58%)->2308M(56%)
[57,622s][info][gc] GC(68) Garbage Collection (Allocation Rate) 2356M(58%)->2326M(57%)
[58,426s][info][gc] GC(69) Garbage Collection (Allocation Rate) 2348M(57%)->2334M(57%)
[59,215s][info][gc] GC(70) Garbage Collection (Allocation Rate) 2348M(57%)->2318M(57%)
[60,027s][info][gc] GC(71) Garbage Collection (Allocation Rate) 2356M(58%)->2344M(57%)
[60,827s][info][gc] GC(72) Garbage Collection (Allocation Rate) 2358M(58%)->2336M(57%)
[61,623s][info][gc] GC(73) Garbage Collection (Allocation Rate) 2348M(57%)->2338M(57%)
[62,413s][info][gc] GC(74) Garbage Collection (Allocation Rate) 2350M(57%)->2322M(57%)
[63,222s][info][gc] GC(75) Garbage Collection (Allocation Rate) 2358M(58%)->2340M(57%)
[64,025s][info][gc] GC(76) Garbage Collection (Allocation Rate) 2352M(57%)->2352M(57%)
[64,818s][info][gc] GC(77) Garbage Collection (Allocation Rate) 2366M(58%)->2324M(57%)
[65,625s][info][gc] GC(78) Garbage Collection (Allocation Rate) 2354M(57%)->2336M(57%)
[66,428s][info][gc] GC(79) Garbage Collection (Allocation Rate) 2352M(57%)->2342M(57%)
[67,219s][info][gc] GC(80) Garbage Collection (Allocation Rate) 2352M(57%)->2312M(56%)
[68,023s][info][gc] GC(81) Garbage Collection (Allocation Rate) 2344M(57%)->2332M(57%)
[68,831s][info][gc] GC(82) Garbage Collection (Allocation Rate) 2352M(57%)->2352M(57%)
[69,621s][info][gc] GC(83) Garbage Collection (Allocation Rate) 2354M(57%)->2330M(57%)
[70,427s][info][gc] GC(84) Garbage Collection (Allocation Rate) 2354M(57%)->2338M(57%)
[71,322s][info][gc] GC(85) Garbage Collection (Allocation Rate) 2622M(64%)->2350M(57%)
[72,133s][info][gc] GC(86) Garbage Collection (Allocation Rate) 2374M(58%)->2360M(58%)
[73,016s][info][gc] GC(87) Garbage Collection (Allocation Rate) 2628M(64%)->2342M(57%)
[73,840s][info][gc] GC(88) Garbage Collection (Allocation Rate) 2378M(58%)->2370M(58%)
[74,714s][info][gc] GC(89) Garbage Collection (Allocation Rate) 2616M(64%)->2336M(57%)
[75,528s][info][gc] GC(90) Garbage Collection (Allocation Rate) 2376M(58%)->2350M(57%)
[76,323s][info][gc] GC(91) Garbage Collection (Allocation Rate) 2356M(58%)->2334M(57%)
[77,120s][info][gc] GC(92) Garbage Collection (Allocation Rate) 2354M(57%)->2326M(57%)
[77,923s][info][gc] GC(93) Garbage Collection (Allocation Rate) 2354M(57%)->2332M(57%)
[78,736s][info][gc] GC(94) Garbage Collection (Allocation Rate) 2352M(57%)->2362M(58%)
[79,626s][info][gc] GC(95) Garbage Collection (Allocation Rate) 2624M(64%)->2354M(57%)
[80,427s][info][gc] GC(96) Garbage Collection (Allocation Rate) 2368M(58%)->2350M(57%)
[81,212s][info][gc] GC(97) Garbage Collection (Allocation Rate) 2360M(58%)->2318M(57%)
[82,021s][info][gc] GC(98) Garbage Collection (Allocation Rate) 2364M(58%)->2334M(57%)
[82,819s][info][gc] GC(99) Garbage Collection (Allocation Rate) 2358M(58%)->2330M(57%)
[83,620s][info][gc] GC(100) Garbage Collection (Allocation Rate) 2358M(58%)->2330M(57%)
[84,420s][info][gc] GC(101) Garbage Collection (Allocation Rate) 2356M(58%)->2328M(57%)
[85,222s][info][gc] GC(102) Garbage Collection (Allocation Rate) 2356M(58%)->2336M(57%)
[86,025s][info][gc] GC(103) Garbage Collection (Allocation Rate) 2352M(57%)->2344M(57%)
[86,817s][info][gc] GC(104) Garbage Collection (Allocation Rate) 2358M(58%)->2322M(57%)
[87,617s][info][gc] GC(105) Garbage Collection (Allocation Rate) 2358M(58%)->2320M(57%)
[88,416s][info][gc] GC(106) Garbage Collection (Allocation Rate) 2356M(58%)->2318M(57%)
[89,218s][info][gc] GC(107) Garbage Collection (Allocation Rate) 2354M(57%)->2322M(57%)
[90,026s][info][gc] GC(108) Garbage Collection (Allocation Rate) 2352M(57%)->2340M(57%)
[90,818s][info][gc] GC(109) Garbage Collection (Allocation Rate) 2354M(57%)->2324M(57%)
[91,622s][info][gc] GC(110) Garbage Collection (Allocation Rate) 2356M(58%)->2328M(57%)
[92,424s][info][gc] GC(111) Garbage Collection (Allocation Rate) 2350M(57%)->2332M(57%)
[93,222s][info][gc] GC(112) Garbage Collection (Allocation Rate) 2352M(57%)->2326M(57%)
[94,024s][info][gc] GC(113) Garbage Collection (Allocation Rate) 2348M(57%)->2330M(57%)
[94,824s][info][gc] GC(114) Garbage Collection (Allocation Rate) 2348M(57%)->2332M(57%)
[95,621s][info][gc] GC(115) Garbage Collection (Allocation Rate) 2350M(57%)->2330M(57%)
[96,422s][info][gc] GC(116) Garbage Collection (Allocation Rate) 2354M(57%)->2330M(57%)
[97,220s][info][gc] GC(117) Garbage Collection (Allocation Rate) 2354M(57%)->2328M(57%)
[98,034s][info][gc] GC(118) Garbage Collection (Allocation Rate) 2352M(57%)->2348M(57%)
[98,930s][info][gc] GC(119) Garbage Collection (Allocation Rate) 2602M(64%)->2360M(58%)
[99,834s][info][gc] GC(120) Garbage Collection (Allocation Rate) 2632M(64%)->2368M(58%)
[100,729s][info][gc] GC(121) Garbage Collection (Allocation Rate) 2634M(64%)->2372M(58%)
[101,621s][info][gc] GC(122) Garbage Collection (Allocation Rate) 2650M(65%)->2352M(57%)
[102,432s][info][gc] GC(123) Garbage Collection (Allocation Rate) 2376M(58%)->2354M(57%)
[103,313s][info][gc] GC(124) Garbage Collection (Allocation Rate) 2610M(64%)->2334M(57%)
[104,126s][info][gc] GC(125) Garbage Collection (Allocation Rate) 2376M(58%)->2344M(57%)
[104,915s][info][gc] GC(126) Garbage Collection (Allocation Rate) 2360M(58%)->2320M(57%)
[105,715s][info][gc] GC(127) Garbage Collection (Allocation Rate) 2358M(58%)->2316M(57%)
[106,534s][info][gc] GC(128) Garbage Collection (Allocation Rate) 2352M(57%)->2354M(57%)
[107,428s][info][gc] GC(129) Garbage Collection (Allocation Rate) 2618M(64%)->2362M(58%)
[108,234s][info][gc] GC(130) Garbage Collection (Allocation Rate) 2364M(58%)->2362M(58%)
[109,122s][info][gc] GC(131) Garbage Collection (Allocation Rate) 2624M(64%)->2348M(57%)
[109,931s][info][gc] GC(132) Garbage Collection (Allocation Rate) 2370M(58%)->2354M(57%)
[110,821s][info][gc] GC(133) Garbage Collection (Allocation Rate) 2628M(64%)->2350M(57%)
[111,633s][info][gc] GC(134) Garbage Collection (Allocation Rate) 2372M(58%)->2360M(58%)
[112,525s][info][gc] GC(135) Garbage Collection (Allocation Rate) 2626M(64%)->2348M(57%)
[113,338s][info][gc] GC(136) Garbage Collection (Allocation Rate) 2360M(58%)->2368M(58%)
[114,232s][info][gc] GC(137) Garbage Collection (Allocation Rate) 2618M(64%)->2364M(58%)
[115,126s][info][gc] GC(138) Garbage Collection (Allocation Rate) 2634M(64%)->2364M(58%)
[115,932s][info][gc] GC(139) Garbage Collection (Allocation Rate) 2376M(58%)->2356M(58%)
[116,819s][info][gc] GC(140) Garbage Collection (Allocation Rate) 2620M(64%)->2348M(57%)
[117,636s][info][gc] GC(141) Garbage Collection (Allocation Rate) 2372M(58%)->2366M(58%)
[118,528s][info][gc] GC(142) Garbage Collection (Allocation Rate) 2626M(64%)->2362M(58%)
[119,333s][info][gc] GC(143) Garbage Collection (Allocation Rate) 2366M(58%)->2360M(58%)
[120,221s][info][gc] GC(144) Garbage Collection (Allocation Rate) 2612M(64%)->2358M(58%)
[121,040s][info][gc] GC(145) Garbage Collection (Allocation Rate) 2384M(58%)->2370M(58%)
[121,922s][info][gc] GC(146) Garbage Collection (Allocation Rate) 2614M(64%)->2352M(57%)
[122,731s][info][gc] GC(147) Garbage Collection (Allocation Rate) 2374M(58%)->2356M(58%)
[123,619s][info][gc] GC(148) Garbage Collection (Allocation Rate) 2626M(64%)->2346M(57%)
[124,426s][info][gc] GC(149) Garbage Collection (Allocation Rate) 2374M(58%)->2348M(57%)
[125,217s][info][gc] GC(150) Garbage Collection (Allocation Rate) 2362M(58%)->2328M(57%)
[126,030s][info][gc] GC(151) Garbage Collection (Allocation Rate) 2362M(58%)->2346M(57%)
[126,933s][info][gc] GC(152) Garbage Collection (Allocation Rate) 2624M(64%)->2360M(58%)
[127,838s][info][gc] GC(153) Garbage Collection (Allocation Rate) 2628M(64%)->2384M(58%)
[128,734s][info][gc] GC(154) Garbage Collection (Allocation Rate) 2636M(64%)->2378M(58%)
[129,625s][info][gc] GC(155) Garbage Collection (Allocation Rate) 2630M(64%)->2364M(58%)
[130,432s][info][gc] GC(156) Garbage Collection (Allocation Rate) 2380M(58%)->2338M(57%)
[131,322s][info][gc] GC(157) Garbage Collection (Allocation Rate) 2606M(64%)->2350M(57%)
[132,132s][info][gc] GC(158) Garbage Collection (Allocation Rate) 2372M(58%)->2356M(58%)
[132,918s][info][gc] GC(159) Garbage Collection (Allocation Rate) 2356M(58%)->2324M(57%)
[133,719s][info][gc] GC(160) Garbage Collection (Allocation Rate) 2354M(57%)->2328M(57%)
[134,524s][info][gc] GC(161) Garbage Collection (Allocation Rate) 2356M(58%)->2334M(57%)
[135,319s][info][gc] GC(162) Garbage Collection (Allocation Rate) 2348M(57%)->2330M(57%)
[136,119s][info][gc] GC(163) Garbage Collection (Allocation Rate) 2358M(58%)->2320M(57%)
[136,928s][info][gc] GC(164) Garbage Collection (Allocation Rate) 2350M(57%)->2338M(57%)
[137,720s][info][gc] GC(165) Garbage Collection (Allocation Rate) 2346M(57%)->2328M(57%)
[138,527s][info][gc] GC(166) Garbage Collection (Allocation Rate) 2356M(58%)->2342M(57%)
[139,333s][info][gc] GC(167) Garbage Collection (Allocation Rate) 2350M(57%)->2356M(58%)
[140,232s][info][gc] GC(168) Garbage Collection (Allocation Rate) 2622M(64%)->2372M(58%)
[141,037s][info][gc] GC(169) Garbage Collection (Allocation Rate) 2372M(58%)->2364M(58%)
[141,913s][info][gc] GC(170) Garbage Collection (Allocation Rate) 2616M(64%)->2336M(57%)
[142,729s][info][gc] GC(171) Garbage Collection (Allocation Rate) 2376M(58%)->2354M(57%)
[143,523s][info][gc] GC(172) Garbage Collection (Allocation Rate) 2362M(58%)->2334M(57%)
[144,313s][info][gc] GC(173) Garbage Collection (Allocation Rate) 2344M(57%)->2326M(57%)
[145,133s][info][gc] GC(174) Garbage Collection (Allocation Rate) 2364M(58%)->2358M(58%)
[146,046s][info][gc] GC(175) Garbage Collection (Allocation Rate) 2616M(64%)->2390M(58%)
[146,931s][info][gc] GC(176) Garbage Collection (Allocation Rate) 2620M(64%)->2368M(58%)
[147,832s][info][gc] GC(177) Garbage Collection (Allocation Rate) 2642M(65%)->2376M(58%)
[148,724s][info][gc] GC(178) Garbage Collection (Allocation Rate) 2644M(65%)->2362M(58%)
[149,537s][info][gc] GC(179) Garbage Collection (Allocation Rate) 2380M(58%)->2368M(58%)
[150,424s][info][gc] GC(180) Garbage Collection (Allocation Rate) 2624M(64%)->2352M(57%)
[151,233s][info][gc] GC(181) Garbage Collection (Allocation Rate) 2368M(58%)->2362M(58%)
[152,123s][info][gc] GC(182) Garbage Collection (Allocation Rate) 2628M(64%)->2346M(57%)
[152,938s][info][gc] GC(183) Garbage Collection (Allocation Rate) 2366M(58%)->2366M(58%)
[153,818s][info][gc] GC(184) Garbage Collection (Allocation Rate) 2622M(64%)->2346M(57%)
[154,622s][info][gc] GC(185) Garbage Collection (Allocation Rate) 2368M(58%)->2344M(57%)
[155,426s][info][gc] GC(186) Garbage Collection (Allocation Rate) 2368M(58%)->2338M(57%)
[156,236s][info][gc] GC(187) Garbage Collection (Allocation Rate) 2352M(57%)->2348M(57%)
[157,132s][info][gc] GC(188) Garbage Collection (Allocation Rate) 2608M(64%)->2364M(58%)
[158,032s][info][gc] GC(189) Garbage Collection (Allocation Rate) 2632M(64%)->2378M(58%)
[158,918s][info][gc] GC(190) Garbage Collection (Allocation Rate) 2644M(65%)->2350M(57%)
[159,731s][info][gc] GC(191) Garbage Collection (Allocation Rate) 2380M(58%)->2352M(57%)
[160,620s][info][gc] GC(192) Garbage Collection (Allocation Rate) 2614M(64%)->2342M(57%)
[161,431s][info][gc] GC(193) Garbage Collection (Allocation Rate) 2366M(58%)->2352M(57%)
[162,224s][info][gc] GC(194) Garbage Collection (Allocation Rate) 2354M(57%)->2336M(57%)
[163,033s][info][gc] GC(195) Garbage Collection (Allocation Rate) 2352M(57%)->2352M(57%)
[163,923s][info][gc] GC(196) Garbage Collection (Allocation Rate) 2616M(64%)->2354M(57%)
[164,730s][info][gc] GC(197) Garbage Collection (Allocation Rate) 2374M(58%)->2352M(57%)
[165,522s][info][gc] GC(198) Garbage Collection (Allocation Rate) 2358M(58%)->2328M(57%)
[166,322s][info][gc] GC(199) Garbage Collection (Allocation Rate) 2350M(57%)->2328M(57%)
[167,122s][info][gc] GC(200) Garbage Collection (Allocation Rate) 2348M(57%)->2336M(57%)
[167,908s][info][gc] GC(201) Garbage Collection (Allocation Rate) 2360M(58%)->2310M(56%)
[168,717s][info][gc] GC(202) Garbage Collection (Allocation Rate) 2362M(58%)->2326M(57%)
[169,528s][info][gc] GC(203) Garbage Collection (Allocation Rate) 2360M(58%)->2342M(57%)
[170,419s][info][gc] GC(204) Garbage Collection (Allocation Rate) 2612M(64%)->2350M(57%)
[171,236s][info][gc] GC(205) Garbage Collection (Allocation Rate) 2380M(58%)->2364M(58%)
[172,127s][info][gc] GC(206) Garbage Collection (Allocation Rate) 2622M(64%)->2350M(57%)
[172,935s][info][gc] GC(207) Garbage Collection (Allocation Rate) 2362M(58%)->2346M(57%)
[173,836s][info][gc] GC(208) Garbage Collection (Allocation Rate) 2606M(64%)->2354M(57%)
[174,733s][info][gc] GC(209) Garbage Collection (Allocation Rate) 2612M(64%)->2374M(58%)
[175,628s][info][gc] GC(210) Garbage Collection (Allocation Rate) 2638M(64%)->2372M(58%)
[176,425s][info][gc] GC(211) Garbage Collection (Allocation Rate) 2382M(58%)->2346M(57%)
[177,229s][info][gc] GC(212) Garbage Collection (Allocation Rate) 2360M(58%)->2344M(57%)
[178,127s][info][gc] GC(213) Garbage Collection (Allocation Rate) 2626M(64%)->2358M(58%)
[178,930s][info][gc] GC(214) Garbage Collection (Allocation Rate) 2368M(58%)->2292M(56%)
[179,818s][info][gc] GC(215) Garbage Collection (Allocation Rate) 2566M(63%)->2342M(57%)
[180,624s][info][gc] GC(216) Garbage Collection (Allocation Rate) 2374M(58%)->2344M(57%)
[181,429s][info][gc] GC(217) Garbage Collection (Allocation Rate) 2362M(58%)->2346M(57%)
[182,224s][info][gc] GC(218) Garbage Collection (Allocation Rate) 2354M(57%)->2332M(57%)
[183,023s][info][gc] GC(219) Garbage Collection (Allocation Rate) 2352M(57%)->2334M(57%)
[183,817s][info][gc] GC(220) Garbage Collection (Allocation Rate) 2354M(57%)->2326M(57%)
[184,622s][info][gc] GC(221) Garbage Collection (Allocation Rate) 2362M(58%)->2262M(55%)
[185,435s][info][gc] GC(222) Garbage Collection (Allocation Rate) 2286M(56%)->2348M(57%)
[186,313s][info][gc] GC(223) Garbage Collection (Allocation Rate) 2598M(63%)->2332M(57%)
[187,139s][info][gc] GC(224) Garbage Collection (Allocation Rate) 2374M(58%)->2366M(58%)
[188,024s][info][gc] GC(225) Garbage Collection (Allocation Rate) 2616M(64%)->2358M(58%)
[188,842s][info][gc] GC(226) Garbage Collection (Allocation Rate) 2378M(58%)->2374M(58%)
[189,722s][info][gc] GC(227) Garbage Collection (Allocation Rate) 2604M(64%)->2346M(57%)
[190,547s][info][gc] GC(228) Garbage Collection (Allocation Rate) 2368M(58%)->2358M(58%)
[191,444s][info][gc] GC(229) Garbage Collection (Allocation Rate) 2558M(62%)->2372M(58%)
[192,326s][info][gc] GC(230) Garbage Collection (Allocation Rate) 2604M(64%)->2358M(58%)
[193,137s][info][gc] GC(231) Garbage Collection (Allocation Rate) 2372M(58%)->2358M(58%)
[194,021s][info][gc] GC(232) Garbage Collection (Allocation Rate) 2608M(64%)->2344M(57%)
[194,842s][info][gc] GC(233) Garbage Collection (Allocation Rate) 2370M(58%)->2352M(57%)
[195,728s][info][gc] GC(234) Garbage Collection (Allocation Rate) 2592M(63%)->2358M(58%)
[196,521s][info][gc] GC(235) Garbage Collection (Allocation Rate) 2358M(58%)->2344M(57%)
[197,327s][info][gc] GC(236) Garbage Collection (Allocation Rate) 2362M(58%)->2348M(57%)
[198,124s][info][gc] GC(237) Garbage Collection (Allocation Rate) 2358M(58%)->2342M(57%)
[198,933s][info][gc] GC(238) Garbage Collection (Allocation Rate) 2360M(58%)->2348M(57%)
[199,824s][info][gc] GC(239) Garbage Collection (Allocation Rate) 2614M(64%)->2358M(58%)
[200,627s][info][gc] GC(240) Garbage Collection (Allocation Rate) 2376M(58%)->2348M(57%)
[201,426s][info][gc] GC(241) Garbage Collection (Allocation Rate) 2360M(58%)->2342M(57%)
[202,212s][info][gc] GC(242) Garbage Collection (Allocation Rate) 2358M(58%)->2296M(56%)
[203,019s][info][gc] GC(243) Garbage Collection (Allocation Rate) 2340M(57%)->2324M(57%)
[203,829s][info][gc] GC(244) Garbage Collection (Allocation Rate) 2354M(57%)->2328M(57%)
[204,616s][info][gc] GC(245) Garbage Collection (Allocation Rate) 2330M(57%)->2328M(57%)
[205,418s][info][gc] GC(246) Garbage Collection (Allocation Rate) 2364M(58%)->2320M(57%)
[206,237s][info][gc] GC(247) Garbage Collection (Allocation Rate) 2352M(57%)->2358M(58%)
[207,127s][info][gc] GC(248) Garbage Collection (Allocation Rate) 2616M(64%)->2360M(58%)
[207,931s][info][gc] GC(249) Garbage Collection (Allocation Rate) 2372M(58%)->2348M(57%)
[208,739s][info][gc] GC(250) Garbage Collection (Allocation Rate) 2350M(57%)->2358M(58%)
[209,627s][info][gc] GC(251) Garbage Collection (Allocation Rate) 2606M(64%)->2354M(57%)
[210,436s][info][gc] GC(252) Garbage Collection (Allocation Rate) 2366M(58%)->2358M(58%)
[211,310s][info][gc] GC(253) Garbage Collection (Allocation Rate) 2610M(64%)->2332M(57%)
[212,126s][info][gc] GC(254) Garbage Collection (Allocation Rate) 2380M(58%)->2344M(57%)
[212,931s][info][gc] GC(255) Garbage Collection (Allocation Rate) 2358M(58%)->2346M(57%)
[213,713s][info][gc] GC(256) Garbage Collection (Allocation Rate) 2348M(57%)->2316M(57%)
[214,521s][info][gc] GC(257) Garbage Collection (Allocation Rate) 2358M(58%)->2330M(57%)
[215,323s][info][gc] GC(258) Garbage Collection (Allocation Rate) 2350M(57%)->2296M(56%)
[216,117s][info][gc] GC(259) Garbage Collection (Allocation Rate) 2316M(57%)->2322M(57%)
[216,925s][info][gc] GC(260) Garbage Collection (Allocation Rate) 2354M(57%)->2336M(57%)
[217,718s][info][gc] GC(261) Garbage Collection (Allocation Rate) 2352M(57%)->2326M(57%)
[218,522s][info][gc] GC(262) Garbage Collection (Allocation Rate) 2356M(58%)->2326M(57%)
[219,325s][info][gc] GC(263) Garbage Collection (Allocation Rate) 2350M(57%)->2338M(57%)
[220,120s][info][gc] GC(264) Garbage Collection (Allocation Rate) 2352M(57%)->2328M(57%)
[220,927s][info][gc] GC(265) Garbage Collection (Allocation Rate) 2348M(57%)->2348M(57%)
[221,721s][info][gc] GC(266) Garbage Collection (Allocation Rate) 2360M(58%)->2332M(57%)
[222,524s][info][gc] GC(267) Garbage Collection (Allocation Rate) 2356M(58%)->2338M(57%)
[223,321s][info][gc] GC(268) Garbage Collection (Allocation Rate) 2352M(57%)->2310M(56%)
[224,122s][info][gc] GC(269) Garbage Collection (Allocation Rate) 2334M(57%)->2334M(57%)
[224,918s][info][gc] GC(270) Garbage Collection (Allocation Rate) 2356M(58%)->2324M(57%)
[225,727s][info][gc] GC(271) Garbage Collection (Allocation Rate) 2354M(57%)->2344M(57%)
[226,523s][info][gc] GC(272) Garbage Collection (Allocation Rate) 2356M(58%)->2308M(56%)
[227,327s][info][gc] GC(273) Garbage Collection (Allocation Rate) 2328M(57%)->2338M(57%)
[228,120s][info][gc] GC(274) Garbage Collection (Allocation Rate) 2350M(57%)->2334M(57%)
[228,921s][info][gc] GC(275) Garbage Collection (Allocation Rate) 2362M(58%)->2334M(57%)
[229,722s][info][gc] GC(276) Garbage Collection (Allocation Rate) 2348M(57%)->2338M(57%)
[230,521s][info][gc] GC(277) Garbage Collection (Allocation Rate) 2362M(58%)->2332M(57%)
[231,321s][info][gc] GC(278) Garbage Collection (Allocation Rate) 2352M(57%)->2332M(57%)
[232,127s][info][gc] GC(279) Garbage Collection (Allocation Rate) 2356M(58%)->2340M(57%)
[232,927s][info][gc] GC(280) Garbage Collection (Allocation Rate) 2350M(57%)->2342M(57%)
[233,722s][info][gc] GC(281) Garbage Collection (Allocation Rate) 2348M(57%)->2334M(57%)
[234,508s][info][gc] GC(282) Garbage Collection (Allocation Rate) 2356M(58%)->2308M(56%)
[235,325s][info][gc] GC(283) Garbage Collection (Allocation Rate) 2362M(58%)->2342M(57%)
[236,123s][info][gc] GC(284) Garbage Collection (Allocation Rate) 2358M(58%)->2334M(57%)
[236,918s][info][gc] GC(285) Garbage Collection (Allocation Rate) 2356M(58%)->2326M(57%)
[237,709s][info][gc] GC(286) Garbage Collection (Allocation Rate) 2358M(58%)->2310M(56%)
[238,514s][info][gc] GC(287) Garbage Collection (Allocation Rate) 2364M(58%)->2318M(57%)
[239,325s][info][gc] GC(288) Garbage Collection (Allocation Rate) 2358M(58%)->2340M(57%)
[240,125s][info][gc] GC(289) Garbage Collection (Allocation Rate) 2358M(58%)->2338M(57%)
[240,921s][info][gc] GC(290) Garbage Collection (Allocation Rate) 2354M(57%)->2330M(57%)
[241,732s][info][gc] GC(291) Garbage Collection (Allocation Rate) 2354M(57%)->2332M(57%)
[242,535s][info][gc] GC(292) Garbage Collection (Allocation Rate) 2336M(57%)->2348M(57%)
[243,434s][info][gc] GC(293) Garbage Collection (Allocation Rate) 2610M(64%)->2366M(58%)
[244,330s][info][gc] GC(294) Garbage Collection (Allocation Rate) 2622M(64%)->2372M(58%)
[245,136s][info][gc] GC(295) Garbage Collection (Allocation Rate) 2378M(58%)->2360M(58%)
[246,018s][info][gc] GC(296) Garbage Collection (Allocation Rate) 2618M(64%)->2334M(57%)
[246,835s][info][gc] GC(297) Garbage Collection (Allocation Rate) 2366M(58%)->2354M(57%)
[247,723s][info][gc] GC(298) Garbage Collection (Allocation Rate) 2618M(64%)->2356M(58%)
[248,534s][info][gc] GC(299) Garbage Collection (Allocation Rate) 2378M(58%)->2364M(58%)
[249,435s][info][gc] GC(300) Garbage Collection (Allocation Rate) 2630M(64%)->2376M(58%)
[250,334s][info][gc] GC(301) Garbage Collection (Allocation Rate) 2638M(64%)->2382M(58%)
[251,230s][info][gc] GC(302) Garbage Collection (Allocation Rate) 2640M(64%)->2372M(58%)
[252,137s][info][gc] GC(303) Garbage Collection (Allocation Rate) 2646M(65%)->2386M(58%)
[253,040s][info][gc] GC(304) Garbage Collection (Allocation Rate) 2640M(64%)->2378M(58%)
[253,931s][info][gc] GC(305) Garbage Collection (Allocation Rate) 2624M(64%)->2372M(58%)
[254,729s][info][gc] GC(306) Garbage Collection (Allocation Rate) 2374M(58%)->2348M(57%)
[255,523s][info][gc] GC(307) Garbage Collection (Allocation Rate) 2358M(58%)->2332M(57%)
[256,324s][info][gc] GC(308) Garbage Collection (Allocation Rate) 2352M(57%)->2330M(57%)
[257,124s][info][gc] GC(309) Garbage Collection (Allocation Rate) 2348M(57%)->2338M(57%)
[257,926s][info][gc] GC(310) Garbage Collection (Allocation Rate) 2354M(57%)->2342M(57%)
[258,717s][info][gc] GC(311) Garbage Collection (Allocation Rate) 2350M(57%)->2328M(57%)
[259,516s][info][gc] GC(312) Garbage Collection (Allocation Rate) 2362M(58%)->2326M(57%)
[260,325s][info][gc] GC(313) Garbage Collection (Allocation Rate) 2360M(58%)->2340M(57%)
[261,125s][info][gc] GC(314) Garbage Collection (Allocation Rate) 2356M(58%)->2336M(57%)
[261,928s][info][gc] GC(315) Garbage Collection (Allocation Rate) 2354M(57%)->2344M(57%)
[262,824s][info][gc] GC(316) Garbage Collection (Allocation Rate) 2610M(64%)->2358M(58%)
[263,637s][info][gc] GC(317) Garbage Collection (Allocation Rate) 2370M(58%)->2364M(58%)
[264,521s][info][gc] GC(318) Garbage Collection (Allocation Rate) 2620M(64%)->2352M(57%)
[265,339s][info][gc] GC(319) Garbage Collection (Allocation Rate) 2376M(58%)->2364M(58%)
[266,231s][info][gc] GC(320) Garbage Collection (Allocation Rate) 2612M(64%)->2360M(58%)
[267,020s][info][gc] GC(321) Garbage Collection (Allocation Rate) 2360M(58%)->2334M(57%)
[267,824s][info][gc] GC(322) Garbage Collection (Allocation Rate) 2354M(57%)->2336M(57%)
[268,622s][info][gc] GC(323) Garbage Collection (Allocation Rate) 2346M(57%)->2338M(57%)
[269,417s][info][gc] GC(324) Garbage Collection (Allocation Rate) 2354M(57%)->2328M(57%)
[270,229s][info][gc] GC(325) Garbage Collection (Allocation Rate) 2362M(58%)->2326M(57%)
[271,033s][info][gc] GC(326) Garbage Collection (Allocation Rate) 2334M(57%)->2350M(57%)
[271,923s][info][gc] GC(327) Garbage Collection (Allocation Rate) 2614M(64%)->2352M(57%)
[272,742s][info][gc] GC(328) Garbage Collection (Allocation Rate) 2374M(58%)->2378M(58%)
[273,619s][info][gc] GC(329) Garbage Collection (Allocation Rate) 2618M(64%)->2346M(57%)
[274,424s][info][gc] GC(330) Garbage Collection (Allocation Rate) 2376M(58%)->2340M(57%)
[275,230s][info][gc] GC(331) Garbage Collection (Allocation Rate) 2358M(58%)->2354M(57%)
[276,125s][info][gc] GC(332) Garbage Collection (Allocation Rate) 2630M(64%)->2356M(58%)
[276,934s][info][gc] GC(333) Garbage Collection (Allocation Rate) 2372M(58%)->2360M(58%)
[277,816s][info][gc] GC(334) Garbage Collection (Allocation Rate) 2624M(64%)->2344M(57%)
[278,616s][info][gc] GC(335) Garbage Collection (Allocation Rate) 2374M(58%)->2332M(57%)
[279,421s][info][gc] GC(336) Garbage Collection (Allocation Rate) 2366M(58%)->2332M(57%)
[280,225s][info][gc] GC(337) Garbage Collection (Allocation Rate) 2356M(58%)->2338M(57%)
[281,008s][info][gc] GC(338) Garbage Collection (Allocation Rate) 2352M(57%)->2298M(56%)
[281,816s][info][gc] GC(339) Garbage Collection (Allocation Rate) 2352M(57%)->2324M(57%)
[282,623s][info][gc] GC(340) Garbage Collection (Allocation Rate) 2360M(58%)->2336M(57%)
[283,434s][info][gc] GC(341) Garbage Collection (Allocation Rate) 2358M(58%)->2358M(58%)
[284,313s][info][gc] GC(342) Garbage Collection (Allocation Rate) 2624M(64%)->2332M(57%)
[285,124s][info][gc] GC(343) Garbage Collection (Allocation Rate) 2374M(58%)->2332M(57%)
[285,925s][info][gc] GC(344) Garbage Collection (Allocation Rate) 2338M(57%)->2348M(57%)
[286,714s][info][gc] GC(345) Garbage Collection (Allocation Rate) 2366M(58%)->2318M(57%)
[287,524s][info][gc] GC(346) Garbage Collection (Allocation Rate) 2356M(58%)->2332M(57%)
[288,317s][info][gc] GC(347) Garbage Collection (Allocation Rate) 2350M(57%)->2324M(57%)
[289,114s][info][gc] GC(348) Garbage Collection (Allocation Rate) 2358M(58%)->2320M(57%)
[289,929s][info][gc] GC(349) Garbage Collection (Allocation Rate) 2352M(57%)->2342M(57%)
[290,821s][info][gc] GC(350) Garbage Collection (Allocation Rate) 2622M(64%)->2352M(57%)
[291,639s][info][gc] GC(351) Garbage Collection (Allocation Rate) 2378M(58%)->2366M(58%)
[292,533s][info][gc] GC(352) Garbage Collection (Allocation Rate) 2614M(64%)->2366M(58%)
[293,431s][info][gc] GC(353) Garbage Collection (Allocation Rate) 2636M(64%)->2372M(58%)
[294,348s][info][gc] GC(354) Garbage Collection (Allocation Rate) 2628M(64%)->2382M(58%)
[295,227s][info][gc] GC(355) Garbage Collection (Allocation Rate) 2586M(63%)->2368M(58%)
[296,021s][info][gc] GC(356) Garbage Collection (Allocation Rate) 2372M(58%)->2340M(57%)
[296,820s][info][gc] GC(357) Garbage Collection (Allocation Rate) 2364M(58%)->2330M(57%)
[297,621s][info][gc] GC(358) Garbage Collection (Allocation Rate) 2358M(58%)->2332M(57%)
[298,429s][info][gc] GC(359) Garbage Collection (Allocation Rate) 2358M(58%)->2344M(57%)
[299,329s][info][gc] GC(360) Garbage Collection (Allocation Rate) 2622M(64%)->2368M(58%)
[300,226s][info][gc] GC(361) Garbage Collection (Allocation Rate) 2644M(65%)->2362M(58%)
[301,033s][info][gc] GC(362) Garbage Collection (Allocation Rate) 2378M(58%)->2358M(58%)
[301,918s][info][gc] GC(363) Garbage Collection (Allocation Rate) 2624M(64%)->2346M(57%)
[302,725s][info][gc] GC(364) Garbage Collection (Allocation Rate) 2378M(58%)->2342M(57%)
[303,519s][info][gc] GC(365) Garbage Collection (Allocation Rate) 2358M(58%)->2328M(57%)
[304,315s][info][gc] GC(366) Garbage Collection (Allocation Rate) 2354M(57%)->2320M(57%)
[305,128s][info][gc] GC(367) Garbage Collection (Allocation Rate) 2358M(58%)->2342M(57%)
[305,927s][info][gc] GC(368) Garbage Collection (Allocation Rate) 2352M(57%)->2340M(57%)
[306,714s][info][gc] GC(369) Garbage Collection (Allocation Rate) 2352M(57%)->2322M(57%)
[307,520s][info][gc] GC(370) Garbage Collection (Allocation Rate) 2362M(58%)->2330M(57%)
[308,332s][info][gc] GC(371) Garbage Collection (Allocation Rate) 2358M(58%)->2350M(57%)
[309,235s][info][gc] GC(372) Garbage Collection (Allocation Rate) 2622M(64%)->2378M(58%)
[310,122s][info][gc] GC(373) Garbage Collection (Allocation Rate) 2626M(64%)->2364M(58%)
[310,927s][info][gc] GC(374) Garbage Collection (Allocation Rate) 2386M(58%)->2346M(57%)
[311,722s][info][gc] GC(375) Garbage Collection (Allocation Rate) 2358M(58%)->2332M(57%)
[312,515s][info][gc] GC(376) Garbage Collection (Allocation Rate) 2354M(57%)->2314M(56%)
[313,328s][info][gc] GC(377) Garbage Collection (Allocation Rate) 2348M(57%)->2352M(57%)
[314,214s][info][gc] GC(378) Garbage Collection (Allocation Rate) 2632M(64%)->2332M(57%)
[315,040s][info][gc] GC(379) Garbage Collection (Allocation Rate) 2372M(58%)->2372M(58%)
[315,915s][info][gc] GC(380) Garbage Collection (Allocation Rate) 2620M(64%)->2338M(57%)
[316,724s][info][gc] GC(381) Garbage Collection (Allocation Rate) 2376M(58%)->2340M(57%)
[317,523s][info][gc] GC(382) Garbage Collection (Allocation Rate) 2356M(58%)->2334M(57%)
[318,321s][info][gc] GC(383) Garbage Collection (Allocation Rate) 2354M(57%)->2330M(57%)
[319,131s][info][gc] GC(384) Garbage Collection (Allocation Rate) 2354M(57%)->2350M(57%)
[320,028s][info][gc] GC(385) Garbage Collection (Allocation Rate) 2624M(64%)->2364M(58%)
[320,825s][info][gc] GC(386) Garbage Collection (Allocation Rate) 2374M(58%)->2342M(57%)
[321,641s][info][gc] GC(387) Garbage Collection (Allocation Rate) 2358M(58%)->2350M(57%)
[322,537s][info][gc] GC(388) Garbage Collection (Allocation Rate) 2556M(62%)->2362M(58%)
[323,436s][info][gc] GC(389) Garbage Collection (Allocation Rate) 2582M(63%)->2384M(58%)
[324,329s][info][gc] GC(390) Garbage Collection (Allocation Rate) 2622M(64%)->2360M(58%)
[325,129s][info][gc] GC(391) Garbage Collection (Allocation Rate) 2360M(58%)->2354M(57%)
[325,934s][info][gc] GC(392) Garbage Collection (Allocation Rate) 2360M(58%)->2354M(57%)
[326,825s][info][gc] GC(393) Garbage Collection (Allocation Rate) 2616M(64%)->2352M(57%)
[327,627s][info][gc] GC(394) Garbage Collection (Allocation Rate) 2370M(58%)->2344M(57%)
[328,407s][info][gc] GC(395) Garbage Collection (Allocation Rate) 2356M(58%)->2306M(56%)
[329,227s][info][gc] GC(396) Garbage Collection (Allocation Rate) 2364M(58%)->2342M(57%)
[330,016s][info][gc] GC(397) Garbage Collection (Allocation Rate) 2354M(57%)->2328M(57%)
[330,816s][info][gc] GC(398) Garbage Collection (Allocation Rate) 2362M(58%)->2322M(57%)
[331,634s][info][gc] GC(399) Garbage Collection (Allocation Rate) 2360M(58%)->2352M(57%)
[332,526s][info][gc] GC(400) Garbage Collection (Allocation Rate) 2618M(64%)->2356M(58%)
[333,326s][info][gc] GC(401) Garbage Collection (Allocation Rate) 2366M(58%)->2350M(57%)
[334,120s][info][gc] GC(402) Garbage Collection (Allocation Rate) 2362M(58%)->2328M(57%)
[334,930s][info][gc] GC(403) Garbage Collection (Allocation Rate) 2354M(57%)->2332M(57%)
[335,733s][info][gc] GC(404) Garbage Collection (Allocation Rate) 2334M(57%)->2354M(57%)
[336,617s][info][gc] GC(405) Garbage Collection (Allocation Rate) 2624M(64%)->2340M(57%)
[337,444s][info][gc] GC(406) Garbage Collection (Allocation Rate) 2374M(58%)->2370M(58%)
[338,326s][info][gc] GC(407) Garbage Collection (Allocation Rate) 2606M(64%)->2352M(57%)
[339,138s][info][gc] GC(408) Garbage Collection (Allocation Rate) 2366M(58%)->2356M(58%)
[340,028s][info][gc] GC(409) Garbage Collection (Allocation Rate) 2610M(64%)->2356M(58%)
[340,818s][info][gc] GC(410) Garbage Collection (Allocation Rate) 2366M(58%)->2328M(57%)
[341,626s][info][gc] GC(411) Garbage Collection (Allocation Rate) 2358M(58%)->2326M(57%)
[342,416s][info][gc] GC(412) Garbage Collection (Allocation Rate) 2336M(57%)->2318M(57%)
[343,213s][info][gc] GC(413) Garbage Collection (Allocation Rate) 2354M(57%)->2318M(57%)
[344,015s][info][gc] GC(414) Garbage Collection (Allocation Rate) 2358M(58%)->2318M(57%)
[344,832s][info][gc] GC(415) Garbage Collection (Allocation Rate) 2358M(58%)->2350M(57%)
[345,719s][info][gc] GC(416) Garbage Collection (Allocation Rate) 2618M(64%)->2350M(57%)
[346,529s][info][gc] GC(417) Garbage Collection (Allocation Rate) 2378M(58%)->2352M(57%)
[347,327s][info][gc] GC(418) Garbage Collection (Allocation Rate) 2356M(58%)->2348M(57%)
[348,139s][info][gc] GC(419) Garbage Collection (Allocation Rate) 2358M(58%)->2364M(58%)
[349,031s][info][gc] GC(420) Garbage Collection (Allocation Rate) 2614M(64%)->2364M(58%)
[349,833s][info][gc] GC(421) Garbage Collection (Allocation Rate) 2366M(58%)->2360M(58%)
[350,715s][info][gc] GC(422) Garbage Collection (Allocation Rate) 2626M(64%)->2338M(57%)
[351,530s][info][gc] GC(423) Garbage Collection (Allocation Rate) 2378M(58%)->2348M(57%)
[352,335s][info][gc] GC(424) Garbage Collection (Allocation Rate) 2354M(57%)->2352M(57%)
[353,220s][info][gc] GC(425) Garbage Collection (Allocation Rate) 2602M(64%)->2348M(57%)
[354,050s][info][gc] GC(426) Garbage Collection (Allocation Rate) 2374M(58%)->2380M(58%)
[354,924s][info][gc] GC(427) Garbage Collection (Allocation Rate) 2598M(63%)->2352M(57%)
[355,727s][info][gc] GC(428) Garbage Collection (Allocation Rate) 2370M(58%)->2340M(57%)
[356,526s][info][gc] GC(429) Garbage Collection (Allocation Rate) 2352M(57%)->2340M(57%)
[357,316s][info][gc] GC(430) Garbage Collection (Allocation Rate) 2354M(57%)->2322M(57%)
[358,134s][info][gc] GC(431) Garbage Collection (Allocation Rate) 2360M(58%)->2358M(58%)
[359,030s][info][gc] GC(432) Garbage Collection (Allocation Rate) 2622M(64%)->2364M(58%)
[359,829s][info][gc] GC(433) Garbage Collection (Allocation Rate) 2364M(58%)->2362M(58%)
[360,615s][info][gc] GC(434) Garbage Collection (Allocation Rate) 2368M(58%)->2324M(57%)
[361,426s][info][gc] GC(435) Garbage Collection (Allocation Rate) 2360M(58%)->2342M(57%)
[362,214s][info][gc] GC(436) Garbage Collection (Allocation Rate) 2352M(57%)->2320M(57%)
[363,021s][info][gc] GC(437) Garbage Collection (Allocation Rate) 2360M(58%)->2332M(57%)
[363,829s][info][gc] GC(438) Garbage Collection (Allocation Rate) 2356M(58%)->2348M(57%)
[364,627s][info][gc] GC(439) Garbage Collection (Allocation Rate) 2356M(58%)->2346M(57%)
[365,429s][info][gc] GC(440) Garbage Collection (Allocation Rate) 2356M(58%)->2346M(57%)
[366,226s][info][gc] GC(441) Garbage Collection (Allocation Rate) 2352M(57%)->2344M(57%)
[367,029s][info][gc] GC(442) Garbage Collection (Allocation Rate) 2356M(58%)->2344M(57%)
[367,823s][info][gc] GC(443) Garbage Collection (Allocation Rate) 2350M(57%)->2332M(57%)
[368,625s][info][gc] GC(444) Garbage Collection (Allocation Rate) 2344M(57%)->2346M(57%)
[369,422s][info][gc] GC(445) Garbage Collection (Allocation Rate) 2362M(58%)->2330M(57%)
[370,228s][info][gc] GC(446) Garbage Collection (Allocation Rate) 2354M(57%)->2342M(57%)
[371,123s][info][gc] GC(447) Garbage Collection (Allocation Rate) 2618M(64%)->2352M(57%)
[371,927s][info][gc] GC(448) Garbage Collection (Allocation Rate) 2372M(58%)->2350M(57%)
[372,705s][info][gc] GC(449) Garbage Collection (Allocation Rate) 2354M(57%)->2306M(56%)
[373,534s][info][gc] GC(450) Garbage Collection (Allocation Rate) 2366M(58%)->2354M(57%)
[374,428s][info][gc] GC(451) Garbage Collection (Allocation Rate) 2618M(64%)->2362M(58%)
[375,223s][info][gc] GC(452) Garbage Collection (Allocation Rate) 2362M(58%)->2344M(57%)
[376,022s][info][gc] GC(453) Garbage Collection (Allocation Rate) 2364M(58%)->2334M(57%)
[376,826s][info][gc] GC(454) Garbage Collection (Allocation Rate) 2356M(58%)->2338M(57%)
[377,621s][info][gc] GC(455) Garbage Collection (Allocation Rate) 2346M(57%)->2334M(57%)
[378,421s][info][gc] GC(456) Garbage Collection (Allocation Rate) 2358M(58%)->2336M(57%)
[379,216s][info][gc] GC(457) Garbage Collection (Allocation Rate) 2362M(58%)->2322M(57%)
[380,024s][info][gc] GC(458) Garbage Collection (Allocation Rate) 2352M(57%)->2342M(57%)
[380,825s][info][gc] GC(459) Garbage Collection (Allocation Rate) 2358M(58%)->2320M(57%)
[381,617s][info][gc] GC(460) Garbage Collection (Allocation Rate) 2336M(57%)->2324M(57%)
[382,420s][info][gc] GC(461) Garbage Collection (Allocation Rate) 2358M(58%)->2332M(57%)
[383,218s][info][gc] GC(462) Garbage Collection (Allocation Rate) 2360M(58%)->2326M(57%)
[384,038s][info][gc] GC(463) Garbage Collection (Allocation Rate) 2358M(58%)->2328M(57%)
[384,919s][info][gc] GC(464) Garbage Collection (Allocation Rate) 2580M(63%)->2350M(57%)
[385,726s][info][gc] GC(465) Garbage Collection (Allocation Rate) 2380M(58%)->2340M(57%)
[386,524s][info][gc] GC(466) Garbage Collection (Allocation Rate) 2352M(57%)->2332M(57%)
[387,319s][info][gc] GC(467) Garbage Collection (Allocation Rate) 2338M(57%)->2330M(57%)
[388,133s][info][gc] GC(468) Garbage Collection (Allocation Rate) 2356M(58%)->2356M(58%)
[389,018s][info][gc] GC(469) Garbage Collection (Allocation Rate) 2624M(64%)->2346M(57%)
[389,828s][info][gc] GC(470) Garbage Collection (Allocation Rate) 2374M(58%)->2354M(57%)
[390,619s][info][gc] GC(471) Garbage Collection (Allocation Rate) 2364M(58%)->2324M(57%)
[391,413s][info][gc] GC(472) Garbage Collection (Allocation Rate) 2350M(57%)->2320M(57%)
[392,219s][info][gc] GC(473) Garbage Collection (Allocation Rate) 2362M(58%)->2322M(57%)
[393,024s][info][gc] GC(474) Garbage Collection (Allocation Rate) 2350M(57%)->2334M(57%)
[393,823s][info][gc] GC(475) Garbage Collection (Allocation Rate) 2344M(57%)->2338M(57%)
[394,614s][info][gc] GC(476) Garbage Collection (Allocation Rate) 2356M(58%)->2318M(57%)
[395,418s][info][gc] GC(477) Garbage Collection (Allocation Rate) 2358M(58%)->2328M(57%)
[396,221s][info][gc] GC(478) Garbage Collection (Allocation Rate) 2360M(58%)->2330M(57%)
[397,028s][info][gc] GC(479) Garbage Collection (Allocation Rate) 2344M(57%)->2346M(57%)
[397,826s][info][gc] GC(480) Garbage Collection (Allocation Rate) 2350M(57%)->2340M(57%)
[398,626s][info][gc] GC(481) Garbage Collection (Allocation Rate) 2352M(57%)->2340M(57%)
[399,421s][info][gc] GC(482) Garbage Collection (Allocation Rate) 2354M(57%)->2332M(57%)
[400,227s][info][gc] GC(483) Garbage Collection (Allocation Rate) 2356M(58%)->2340M(57%)
[401,016s][info][gc] GC(484) Garbage Collection (Allocation Rate) 2352M(57%)->2318M(57%)
[401,817s][info][gc] GC(485) Garbage Collection (Allocation Rate) 2356M(58%)->2324M(57%)
[402,615s][info][gc] GC(486) Garbage Collection (Allocation Rate) 2358M(58%)->2318M(57%)
[403,428s][info][gc] GC(487) Garbage Collection (Allocation Rate) 2356M(58%)->2340M(57%)
[404,221s][info][gc] GC(488) Garbage Collection (Allocation Rate) 2348M(57%)->2334M(57%)
[405,018s][info][gc] GC(489) Garbage Collection (Allocation Rate) 2354M(57%)->2322M(57%)
[405,833s][info][gc] GC(490) Garbage Collection (Allocation Rate) 2354M(57%)->2354M(57%)
[406,718s][info][gc] GC(491) Garbage Collection (Allocation Rate) 2622M(64%)->2344M(57%)
[407,531s][info][gc] GC(492) Garbage Collection (Allocation Rate) 2374M(58%)->2352M(57%)
[408,323s][info][gc] GC(493) Garbage Collection (Allocation Rate) 2352M(57%)->2334M(57%)
[409,121s][info][gc] GC(494) Garbage Collection (Allocation Rate) 2348M(57%)->2334M(57%)
[409,923s][info][gc] GC(495) Garbage Collection (Allocation Rate) 2360M(58%)->2336M(57%)
[410,714s][info][gc] GC(496) Garbage Collection (Allocation Rate) 2356M(58%)->2322M(57%)
[411,525s][info][gc] GC(497) Garbage Collection (Allocation Rate) 2362M(58%)->2338M(57%)
[412,331s][info][gc] GC(498) Garbage Collection (Allocation Rate) 2344M(57%)->2352M(57%)
[413,111s][info][gc] GC(499) Garbage Collection (Allocation Rate) 2356M(58%)->2316M(57%)
[413,931s][info][gc] GC(500) Garbage Collection (Allocation Rate) 2364M(58%)->2344M(57%)
[414,729s][info][gc] GC(501) Garbage Collection (Allocation Rate) 2346M(57%)->2344M(57%)
[415,514s][info][gc] GC(502) Garbage Collection (Allocation Rate) 2350M(57%)->2322M(57%)
[416,323s][info][gc] GC(503) Garbage Collection (Allocation Rate) 2364M(58%)->2330M(57%)
[417,139s][info][gc] GC(504) Garbage Collection (Allocation Rate) 2350M(57%)->2358M(58%)
[418,025s][info][gc] GC(505) Garbage Collection (Allocation Rate) 2610M(64%)->2360M(58%)
[418,815s][info][gc] GC(506) Garbage Collection (Allocation Rate) 2368M(58%)->2330M(57%)
[419,625s][info][gc] GC(507) Garbage Collection (Allocation Rate) 2360M(58%)->2340M(57%)
[420,418s][info][gc] GC(508) Garbage Collection (Allocation Rate) 2356M(58%)->2324M(57%)
[421,216s][info][gc] GC(509) Garbage Collection (Allocation Rate) 2356M(58%)->2320M(57%)
[422,024s][info][gc] GC(510) Garbage Collection (Allocation Rate) 2354M(57%)->2336M(57%)
[422,814s][info][gc] GC(511) Garbage Collection (Allocation Rate) 2352M(57%)->2312M(56%)
[423,616s][info][gc] GC(512) Garbage Collection (Allocation Rate) 2354M(57%)->2316M(57%)
[424,418s][info][gc] GC(513) Garbage Collection (Allocation Rate) 2354M(57%)->2320M(57%)
[425,217s][info][gc] GC(514) Garbage Collection (Allocation Rate) 2344M(57%)->2328M(57%)
[426,016s][info][gc] GC(515) Garbage Collection (Allocation Rate) 2360M(58%)->2320M(57%)
[426,821s][info][gc] GC(516) Garbage Collection (Allocation Rate) 2358M(58%)->2332M(57%)
[427,621s][info][gc] GC(517) Garbage Collection (Allocation Rate) 2356M(58%)->2330M(57%)
[428,424s][info][gc] GC(518) Garbage Collection (Allocation Rate) 2354M(57%)->2334M(57%)
[429,220s][info][gc] GC(519) Garbage Collection (Allocation Rate) 2350M(57%)->2328M(57%)
[430,025s][info][gc] GC(520) Garbage Collection (Allocation Rate) 2354M(57%)->2340M(57%)
[430,826s][info][gc] GC(521) Garbage Collection (Allocation Rate) 2346M(57%)->2346M(57%)
[431,627s][info][gc] GC(522) Garbage Collection (Allocation Rate) 2358M(58%)->2344M(57%)
[432,409s][info][gc] GC(523) Garbage Collection (Allocation Rate) 2344M(57%)->2318M(57%)
[433,222s][info][gc] GC(524) Garbage Collection (Allocation Rate) 2368M(58%)->2336M(57%)
[433,804s][info][gc] GC(525) Garbage Collection (Allocation Rate) Aborted
