[0.006s][info][gc] Using Epsilon
[0,187s][info][gc] Heap: 1024M reserved, 512M (50,00%) committed, 54038K (5,15%) used
[0,231s][info][gc] Heap: 1024M reserved, 512M (50,00%) committed, 104M (10,23%) used
[0,271s][info][gc] Heap: 1024M reserved, 512M (50,00%) committed, 156M (15,31%) used
[0,311s][info][gc] Heap: 1024M reserved, 512M (50,00%) committed, 208M (20,39%) used
[0,347s][info][gc] Heap: 1024M reserved, 512M (50,00%) committed, 260M (25,47%) used
[0,384s][info][gc] Heap: 1024M reserved, 512M (50,00%) committed, 312M (30,54%) used
[0,420s][info][gc] Heap: 1024M reserved, 512M (50,00%) committed, 364M (35,62%) used
[0,457s][info][gc] Heap: 1024M reserved, 512M (50,00%) committed, 416M (40,70%) used
[0,493s][info][gc] Heap: 1024M reserved, 512M (50,00%) committed, 468M (45,78%) used
[0,530s][info][gc] Heap: 1024M reserved, 640M (62,50%) committed, 520M (50,86%) used
[0,567s][info][gc] Heap: 1024M reserved, 640M (62,50%) committed, 572M (55,93%) used
[0,603s][info][gc] Heap: 1024M reserved, 640M (62,50%) committed, 624M (61,01%) used
[0,640s][info][gc] Heap: 1024M reserved, 768M (75,00%) committed, 676M (66,09%) used
[0,676s][info][gc] Heap: 1024M reserved, 768M (75,00%) committed, 728M (71,17%) used
[0,713s][info][gc] Heap: 1024M reserved, 896M (87,50%) committed, 780M (76,25%) used
[0,749s][info][gc] Heap: 1024M reserved, 896M (87,50%) committed, 832M (81,33%) used
[0,785s][info][gc] Heap: 1024M reserved, 896M (87,50%) committed, 884M (86,40%) used
[0,821s][info][gc] Heap: 1024M reserved, 1024M (100,00%) committed, 936M (91,48%) used
[0,857s][info][gc] Heap: 1024M reserved, 1024M (100,00%) committed, 988M (96,56%) used
