[0.006s][info][gc] Using G1
[0,166s][info][gc] GC(0) Pause Young (Normal) (G1 Evacuation Pause) 31M->14M(528M) 5,147ms
[0,187s][info][gc] GC(1) Pause Young (Normal) (G1 Evacuation Pause) 30M->15M(528M) 4,094ms
[0,214s][info][gc] GC(2) Pause Young (Normal) (G1 Evacuation Pause) 47M->17M(528M) 1,884ms
[0,373s][info][gc] GC(3) Pause Young (Normal) (G1 Evacuation Pause) 201M->31M(528M) 5,753ms
[0,493s][info][gc] GC(4) Pause Young (Normal) (G1 Evacuation Pause) 255M->47M(1024M) 10,773ms
[0,640s][info][gc] GC(5) Pause Young (Normal) (G1 Evacuation Pause) 223M->61M(1024M) 12,473ms
[0,867s][info][gc] GC(6) Pause Young (Normal) (G1 Evacuation Pause) 421M->85M(1024M) 12,075ms
[1,037s][info][gc] GC(7) Pause Young (Normal) (G1 Evacuation Pause) 437M->111M(1024M) 15,810ms
[1,294s][info][gc] GC(8) Pause Young (Normal) (G1 Evacuation Pause) 623M->148M(1960M) 20,302ms
[1,765s][info][gc] GC(9) Pause Young (Normal) (G1 Evacuation Pause) 724M->187M(1960M) 26,663ms
[2,147s][info][gc] GC(10) Pause Young (Normal) (G1 Evacuation Pause) 891M->233M(1960M) 32,364ms
[2,572s][info][gc] GC(11) Pause Young (Normal) (G1 Evacuation Pause) 1097M->288M(1960M) 30,985ms
[3,074s][info][gc] GC(12) Pause Young (Normal) (G1 Evacuation Pause) 1352M->353M(3360M) 38,625ms
[4,204s][info][gc] GC(13) Pause Young (Normal) (G1 Evacuation Pause) 1785M->431M(3360M) 43,569ms
[4,988s][info][gc] GC(14) Pause Young (Normal) (G1 Evacuation Pause) 2135M->518M(3360M) 50,953ms
[5,825s][info][gc] GC(15) Pause Young (Normal) (G1 Evacuation Pause) 2334M->612M(3360M) 59,527ms
[6,641s][info][gc] GC(16) Pause Young (Normal) (G1 Evacuation Pause) 2396M->702M(4424M) 59,409ms
[8,047s][info][gc] GC(17) Pause Young (Normal) (G1 Evacuation Pause) 3110M->798M(4424M) 65,012ms
[9,128s][info][gc] GC(18) Pause Young (Normal) (G1 Evacuation Pause) 3182M->894M(4424M) 69,719ms
[10,163s][info][gc] GC(19) Pause Young (Normal) (G1 Evacuation Pause) 3254M->986M(4424M) 71,145ms
[11,171s][info][gc] GC(20) Pause Young (Normal) (G1 Evacuation Pause) 3346M->1079M(5096M) 71,989ms
[12,576s][info][gc] GC(21) Pause Young (Normal) (G1 Evacuation Pause) 3847M->1173M(5096M) 86,845ms
[13,754s][info][gc] GC(22) Pause Young (Normal) (G1 Evacuation Pause) 3933M->1272M(5096M) 78,162ms
[14,922s][info][gc] GC(23) Pause Young (Normal) (G1 Evacuation Pause) 4016M->1363M(5096M) 79,088ms
[16,139s][info][gc] GC(24) Pause Young (Normal) (G1 Evacuation Pause) 4107M->1466M(5656M) 80,838ms
[17,610s][info][gc] GC(25) Pause Young (Normal) (G1 Evacuation Pause) 4538M->1569M(5656M) 82,797ms
[18,900s][info][gc] GC(26) Pause Young (Normal) (G1 Evacuation Pause) 4625M->1669M(5656M) 84,597ms
[20,164s][info][gc] GC(27) Pause Young (Normal) (G1 Evacuation Pause) 4645M->1756M(5656M) 84,199ms
[21,396s][info][gc] GC(28) Pause Young (Normal) (G1 Evacuation Pause) 4668M->1851M(6088M) 84,946ms
[22,876s][info][gc] GC(29) Pause Young (Normal) (G1 Evacuation Pause) 5019M->1943M(6088M) 85,169ms
[24,200s][info][gc] GC(30) Pause Young (Normal) (G1 Evacuation Pause) 5039M->2049M(6088M) 85,105ms
[25,472s][info][gc] GC(31) Pause Young (Normal) (G1 Evacuation Pause) 5049M->2143M(6088M) 86,120ms
[26,712s][info][gc] GC(32) Pause Young (Normal) (G1 Evacuation Pause) 5063M->2237M(6504M) 85,010ms
[28,173s][info][gc] GC(33) Pause Young (Normal) (G1 Evacuation Pause) 5397M->2331M(6504M) 86,789ms
[29,475s][info][gc] GC(34) Pause Young (Normal) (G1 Evacuation Pause) 5411M->2429M(6504M) 86,073ms
[30,747s][info][gc] GC(35) Pause Young (Normal) (G1 Evacuation Pause) 5421M->2520M(6504M) 85,765ms
[31,982s][info][gc] GC(36) Pause Young (Normal) (G1 Evacuation Pause) 5432M->2614M(6504M) 83,404ms
[33,181s][info][gc] GC(37) Pause Young (Normal) (G1 Evacuation Pause) 5446M->2703M(6904M) 82,763ms
