[0.018s][info][gc] Using G1
[0,168s][info][gc] GC(0) Pause Young (Normal) (G1 Evacuation Pause) 31M->14M(528M) 4,414ms
[0,186s][info][gc] GC(1) Pause Young (Normal) (G1 Evacuation Pause) 30M->15M(528M) 3,779ms
[0,214s][info][gc] GC(2) Pause Young (Normal) (G1 Evacuation Pause) 47M->17M(528M) 1,772ms
[0,367s][info][gc] GC(3) Pause Young (Normal) (G1 Evacuation Pause) 201M->30M(528M) 5,645ms
[0,489s][info][gc] GC(4) Pause Young (Normal) (G1 Evacuation Pause) 254M->47M(1032M) 10,897ms
[0,633s][info][gc] GC(5) Pause Young (Normal) (G1 Evacuation Pause) 223M->61M(1032M) 12,455ms
[0,852s][info][gc] GC(6) Pause Young (Normal) (G1 Evacuation Pause) 421M->85M(1032M) 12,120ms
[1,017s][info][gc] GC(7) Pause Young (Normal) (G1 Evacuation Pause) 437M->111M(1032M) 15,827ms
[1,271s][info][gc] GC(8) Pause Young (Normal) (G1 Evacuation Pause) 623M->147M(1992M) 20,290ms
[1,736s][info][gc] GC(9) Pause Young (Normal) (G1 Evacuation Pause) 739M->190M(1992M) 27,163ms
[2,097s][info][gc] GC(10) Pause Young (Normal) (G1 Evacuation Pause) 902M->233M(1992M) 32,416ms
[2,515s][info][gc] GC(11) Pause Young (Normal) (G1 Evacuation Pause) 1113M->288M(1992M) 31,607ms
[3,013s][info][gc] GC(12) Pause Young (Normal) (G1 Evacuation Pause) 1368M->355M(3472M) 39,590ms
[4,219s][info][gc] GC(13) Pause Young (Normal) (G1 Evacuation Pause) 1795M->433M(3472M) 46,796ms
[4,994s][info][gc] GC(14) Pause Young (Normal) (G1 Evacuation Pause) 2065M->519M(3472M) 49,782ms
[5,864s][info][gc] GC(15) Pause Young (Normal) (G1 Evacuation Pause) 2399M->615M(3472M) 55,322ms
[6,709s][info][gc] GC(16) Pause Young (Normal) (G1 Evacuation Pause) 2463M->704M(4448M) 68,406ms
[8,217s][info][gc] GC(17) Pause Young (Normal) (G1 Evacuation Pause) 3120M->801M(4448M) 76,618ms
[9,341s][info][gc] GC(18) Pause Young (Normal) (G1 Evacuation Pause) 3201M->897M(4448M) 72,345ms
[10,468s][info][gc] GC(19) Pause Young (Normal) (G1 Evacuation Pause) 3273M->989M(4448M) 71,328ms
[11,550s][info][gc] GC(20) Pause Young (Normal) (G1 Evacuation Pause) 3365M->1080M(5168M) 71,208ms
[13,088s][info][gc] GC(21) Pause Young (Normal) (G1 Evacuation Pause) 3888M->1183M(5168M) 79,015ms
[14,384s][info][gc] GC(22) Pause Young (Normal) (G1 Evacuation Pause) 3975M->1272M(5168M) 77,550ms
[15,679s][info][gc] GC(23) Pause Young (Normal) (G1 Evacuation Pause) 4056M->1380M(5168M) 83,324ms
[16,982s][info][gc] GC(24) Pause Young (Normal) (G1 Evacuation Pause) 4156M->1465M(5624M) 79,253ms
[18,541s][info][gc] GC(25) Pause Young (Normal) (G1 Evacuation Pause) 4521M->1571M(5624M) 82,221ms
[19,953s][info][gc] GC(26) Pause Young (Normal) (G1 Evacuation Pause) 4603M->1667M(5624M) 83,882ms
[21,253s][info][gc] GC(27) Pause Young (Normal) (G1 Evacuation Pause) 4627M->1763M(5624M) 82,421ms
[22,521s][info][gc] GC(28) Pause Young (Normal) (G1 Evacuation Pause) 4643M->1847M(5624M) 82,949ms
[23,744s][info][gc] GC(29) Pause Young (Normal) (G1 Evacuation Pause) 4647M->1937M(6056M) 81,241ms
[25,228s][info][gc] GC(30) Pause Young (Normal) (G1 Evacuation Pause) 5017M->2045M(6056M) 83,190ms
[26,539s][info][gc] GC(31) Pause Young (Normal) (G1 Evacuation Pause) 5021M->2135M(6056M) 83,480ms
[27,956s][info][gc] GC(32) Pause Young (Normal) (G1 Evacuation Pause) 5039M->2215M(6056M) 93,193ms
[29,310s][info][gc] GC(33) Pause Young (Normal) (G1 Evacuation Pause) 5047M->2315M(6056M) 84,637ms
[30,634s][info][gc] GC(34) Pause Young (Normal) (G1 Evacuation Pause) 5051M->2411M(6472M) 83,438ms
[32,200s][info][gc] GC(35) Pause Young (Normal) (G1 Evacuation Pause) 5403M->2497M(6472M) 88,337ms
[33,589s][info][gc] GC(36) Pause Young (Normal) (G1 Evacuation Pause) 5409M->2603M(6472M) 81,875ms
[34,901s][info][gc] GC(37) Pause Young (Normal) (G1 Evacuation Pause) 5419M->2691M(6472M) 87,245ms
