[0.006s][info][gc] Using G1
[0,166s][info][gc] GC(0) Pause Young (Normal) (G1 Evacuation Pause) 29M->7M(514M) 2,406ms
[0,207s][info][gc] GC(1) Pause Young (Normal) (G1 Evacuation Pause) 51M->10M(514M) 2,355ms
[0,317s][info][gc] GC(2) Pause Young (Normal) (G1 Evacuation Pause) 148M->20M(514M) 5,539ms
[0,388s][info][gc] GC(3) Pause Young (Normal) (G1 Evacuation Pause) 156M->31M(514M) 11,085ms
[0,476s][info][gc] GC(4) Pause Young (Normal) (G1 Evacuation Pause) 204M->43M(514M) 7,397ms
[0,596s][info][gc] GC(5) Pause Young (Normal) (G1 Evacuation Pause) 269M->60M(514M) 11,211ms
[0,732s][info][gc] GC(6) Pause Young (Normal) (G1 Evacuation Pause) 337M->80M(514M) 13,725ms
[0,855s][info][gc] GC(7) Pause Young (Normal) (G1 Evacuation Pause) 349M->99M(556M) 14,128ms
[1,004s][info][gc] GC(8) Pause Young (Normal) (G1 Evacuation Pause) 410M->120M(556M) 9,527ms
[1,152s][info][gc] GC(9) Pause Young (Normal) (G1 Evacuation Pause) 411M->143M(556M) 16,697ms
[1,297s][info][gc] GC(10) Pause Young (Normal) (G1 Evacuation Pause) 444M->165M(556M) 10,596ms
[1,427s][info][gc] GC(11) Pause Young (Normal) (G1 Evacuation Pause) 451M->186M(556M) 10,829ms
[1,555s][info][gc] GC(12) Pause Young (Normal) (G1 Evacuation Pause) 454M->207M(556M) 9,785ms
[1,677s][info][gc] GC(13) Pause Young (Normal) (G1 Evacuation Pause) 457M->226M(556M) 8,583ms
[1,780s][info][gc] GC(14) Pause Young (Normal) (G1 Evacuation Pause) 460M->244M(556M) 8,124ms
[1,878s][info][gc] GC(15) Pause Young (Normal) (G1 Evacuation Pause) 462M->261M(581M) 7,889ms
[1,989s][info][gc] GC(16) Pause Young (Normal) (G1 Evacuation Pause) 484M->279M(581M) 7,632ms
[2,080s][info][gc] GC(17) Pause Young (Concurrent Start) (G1 Evacuation Pause) 486M->294M(581M) 7,531ms
[2,080s][info][gc] GC(18) Concurrent Mark Cycle
[2,153s][info][gc] GC(18) Pause Remark 451M->451M(757M) 1,627ms
[2,190s][info][gc] GC(19) Pause Young (Normal) (G1 Evacuation Pause) 487M->310M(757M) 8,251ms
[2,217s][info][gc] GC(18) Pause Cleanup 361M->361M(757M) 0,267ms
[2,219s][info][gc] GC(18) Concurrent Mark Cycle 139,237ms
[2,369s][info][gc] GC(20) Pause Young (Prepare Mixed) (G1 Evacuation Pause) 628M->332M(757M) 9,027ms
[2,382s][info][gc] GC(21) Pause Young (Mixed) (G1 Evacuation Pause) 335M->317M(757M) 10,653ms
[2,518s][info][gc] GC(22) Pause Young (Normal) (G1 Evacuation Pause) 629M->335M(757M) 6,491ms
[2,647s][info][gc] GC(23) Pause Young (Normal) (G1 Evacuation Pause) 630M->357M(757M) 10,350ms
[2,767s][info][gc] GC(24) Pause Young (Normal) (G1 Evacuation Pause) 633M->378M(757M) 9,543ms
[2,888s][info][gc] GC(25) Pause Young (Concurrent Start) (G1 Evacuation Pause) 637M->398M(840M) 9,643ms
[2,888s][info][gc] GC(26) Concurrent Mark Cycle
[2,984s][info][gc] GC(26) Pause Remark 537M->537M(900M) 1,469ms
[3,050s][info][gc] GC(26) Pause Cleanup 641M->641M(900M) 0,257ms
[3,051s][info][gc] GC(26) Concurrent Mark Cycle 163,130ms
[3,087s][info][gc] GC(27) Pause Young (Prepare Mixed) (G1 Evacuation Pause) 705M->419M(900M) 9,873ms
[3,106s][info][gc] GC(28) Pause Young (Mixed) (G1 Evacuation Pause) 423M->381M(900M) 17,345ms
[3,129s][info][gc] GC(29) Pause Young (Mixed) (G1 Evacuation Pause) 421M->379M(900M) 3,582ms
[3,298s][info][gc] GC(30) Pause Young (Normal) (G1 Evacuation Pause) 749M->405M(900M) 8,110ms
[3,450s][info][gc] GC(31) Pause Young (Normal) (G1 Evacuation Pause) 749M->431M(900M) 12,479ms
[3,603s][info][gc] GC(32) Pause Young (Concurrent Start) (G1 Evacuation Pause) 755M->457M(950M) 11,045ms
[3,603s][info][gc] GC(33) Concurrent Mark Cycle
[3,710s][info][gc] GC(33) Pause Remark 652M->652M(1024M) 1,185ms
[3,784s][info][gc] GC(33) Pause Cleanup 765M->765M(1024M) 0,356ms
[3,786s][info][gc] GC(33) Concurrent Mark Cycle 182,859ms
[3,809s][info][gc] GC(34) Pause Young (Prepare Mixed) (G1 Evacuation Pause) 797M->482M(1024M) 11,005ms
[3,835s][info][gc] GC(35) Pause Young (Mixed) (G1 Evacuation Pause) 506M->441M(1024M) 15,124ms
[4,011s][info][gc] GC(36) Pause Young (Normal) (G1 Evacuation Pause) 850M->468M(1024M) 8,215ms
[4,182s][info][gc] GC(37) Pause Young (Normal) (G1 Evacuation Pause) 854M->498M(1024M) 13,264ms
[4,348s][info][gc] GC(38) Pause Young (Concurrent Start) (G1 Evacuation Pause) 861M->522M(1024M) 11,833ms
[4,348s][info][gc] GC(39) Concurrent Mark Cycle
[4,469s][info][gc] GC(39) Pause Remark 783M->783M(1024M) 0,958ms
[4,517s][info][gc] GC(40) Pause Young (Normal) (G1 Evacuation Pause) 864M->549M(1024M) 11,414ms
[4,570s][info][gc] GC(39) Pause Cleanup 668M->668M(1024M) 0,247ms
[4,571s][info][gc] GC(39) Concurrent Mark Cycle 222,987ms
[4,666s][info][gc] GC(41) Pause Young (Prepare Mixed) (G1 Evacuation Pause) 868M->576M(1024M) 10,937ms
[4,691s][info][gc] GC(42) Pause Young (Mixed) (G1 Evacuation Pause) 600M->525M(1024M) 15,382ms
[4,719s][info][gc] GC(43) Pause Young (Mixed) (G1 Evacuation Pause) 571M->507M(1024M) 8,347ms
[4,875s][info][gc] GC(44) Pause Young (Normal) (G1 Evacuation Pause) 862M->532M(1024M) 8,020ms
[5,025s][info][gc] GC(45) Pause Young (Normal) (G1 Evacuation Pause) 866M->558M(1024M) 11,683ms
[5,160s][info][gc] GC(46) Pause Young (Concurrent Start) (G1 Evacuation Pause) 869M->582M(1024M) 10,467ms
[5,160s][info][gc] GC(47) Concurrent Mark Cycle
[5,303s][info][gc] GC(48) Pause Young (Normal) (G1 Evacuation Pause) 872M->604M(1024M) 9,713ms
[5,306s][info][gc] GC(47) Pause Remark 608M->608M(1024M) 0,776ms
[5,410s][info][gc] GC(47) Pause Cleanup 847M->847M(1024M) 0,293ms
[5,411s][info][gc] GC(47) Concurrent Mark Cycle 250,725ms
[5,431s][info][gc] GC(49) Pause Young (Prepare Mixed) (G1 Evacuation Pause) 875M->625M(1024M) 9,461ms
[5,459s][info][gc] GC(50) Pause Young (Mixed) (G1 Evacuation Pause) 654M->575M(1024M) 15,125ms
[5,491s][info][gc] GC(51) Pause Young (Mixed) (G1 Evacuation Pause) 622M->541M(1024M) 12,375ms
[5,633s][info][gc] GC(52) Pause Young (Normal) (G1 Evacuation Pause) 866M->564M(1024M) 7,586ms
[5,766s][info][gc] GC(53) Pause Young (Normal) (G1 Evacuation Pause) 869M->588M(1024M) 10,920ms
[5,890s][info][gc] GC(54) Pause Young (Concurrent Start) (G1 Evacuation Pause) 872M->609M(1024M) 9,615ms
[5,890s][info][gc] GC(55) Concurrent Mark Cycle
[6,021s][info][gc] GC(56) Pause Young (Normal) (G1 Evacuation Pause) 876M->630M(1024M) 9,047ms
[6,044s][info][gc] GC(55) Pause Remark 679M->679M(1024M) 0,768ms
[6,140s][info][gc] GC(57) Pause Young (Normal) (G1 Evacuation Pause) 879M->649M(1024M) 8,889ms
[6,164s][info][gc] GC(55) Pause Cleanup 703M->703M(1024M) 0,333ms
[6,165s][info][gc] GC(55) Concurrent Mark Cycle 275,643ms
[6,248s][info][gc] GC(58) Pause Young (Prepare Mixed) (G1 Evacuation Pause) 881M->668M(1024M) 8,303ms
[6,275s][info][gc] GC(59) Pause Young (Mixed) (G1 Evacuation Pause) 700M->617M(1024M) 14,420ms
[6,307s][info][gc] GC(60) Pause Young (Mixed) (G1 Evacuation Pause) 664M->585M(1024M) 11,966ms
[6,431s][info][gc] GC(61) Pause Young (Normal) (G1 Evacuation Pause) 873M->605M(1024M) 7,044ms
[6,551s][info][gc] GC(62) Pause Young (Normal) (G1 Evacuation Pause) 875M->626M(1024M) 10,202ms
[6,663s][info][gc] GC(63) Pause Young (Concurrent Start) (G1 Evacuation Pause) 878M->646M(1024M) 8,789ms
[6,663s][info][gc] GC(64) Concurrent Mark Cycle
[6,779s][info][gc] GC(65) Pause Young (Normal) (G1 Evacuation Pause) 881M->664M(1024M) 8,212ms
[6,826s][info][gc] GC(64) Pause Remark 766M->766M(1024M) 0,843ms
[6,886s][info][gc] GC(66) Pause Young (Normal) (G1 Evacuation Pause) 883M->682M(1024M) 8,153ms
[6,950s][info][gc] GC(64) Pause Cleanup 830M->830M(1024M) 0,305ms
[6,951s][info][gc] GC(64) Concurrent Mark Cycle 287,714ms
[6,981s][info][gc] GC(67) Pause Young (Prepare Mixed) (G1 Evacuation Pause) 886M->697M(1024M) 7,674ms
[7,010s][info][gc] GC(68) Pause Young (Mixed) (G1 Evacuation Pause) 731M->648M(1024M) 14,457ms
[7,043s][info][gc] GC(69) Pause Young (Mixed) (G1 Evacuation Pause) 695M->609M(1024M) 13,725ms
[7,067s][info][gc] GC(70) Pause Young (Mixed) (G1 Evacuation Pause) 653M->606M(1024M) 6,131ms
[7,185s][info][gc] GC(71) Pause Young (Normal) (G1 Evacuation Pause) 875M->625M(1024M) 6,793ms
[7,296s][info][gc] GC(72) Pause Young (Normal) (G1 Evacuation Pause) 877M->644M(1024M) 9,731ms
[7,400s][info][gc] GC(73) Pause Young (Concurrent Start) (G1 Evacuation Pause) 880M->663M(1024M) 8,130ms
[7,400s][info][gc] GC(74) Concurrent Mark Cycle
[7,509s][info][gc] GC(75) Pause Young (Normal) (G1 Evacuation Pause) 883M->680M(1024M) 7,691ms
[7,570s][info][gc] GC(74) Pause Remark 813M->813M(1024M) 0,766ms
[7,610s][info][gc] GC(76) Pause Young (Normal) (G1 Evacuation Pause) 886M->697M(1024M) 7,888ms
[7,700s][info][gc] GC(77) Pause Young (Normal) (G1 Evacuation Pause) 888M->711M(1024M) 7,465ms
[7,707s][info][gc] GC(74) Pause Cleanup 726M->726M(1024M) 0,337ms
[7,708s][info][gc] GC(74) Concurrent Mark Cycle 307,906ms
[7,780s][info][gc] GC(78) Pause Young (Prepare Mixed) (G1 Evacuation Pause) 890M->726M(1024M) 6,852ms
[7,809s][info][gc] GC(79) Pause Young (Mixed) (G1 Evacuation Pause) 762M->675M(1024M) 14,184ms
[7,843s][info][gc] GC(80) Pause Young (Mixed) (G1 Evacuation Pause) 722M->636M(1024M) 13,591ms
[7,866s][info][gc] GC(81) Pause Young (Mixed) (G1 Evacuation Pause) 680M->638M(1024M) 4,936ms
[7,974s][info][gc] GC(82) Pause Young (Normal) (G1 Evacuation Pause) 880M->655M(1024M) 6,326ms
[8,078s][info][gc] GC(83) Pause Young (Normal) (G1 Evacuation Pause) 881M->673M(1024M) 9,219ms
[8,175s][info][gc] GC(84) Pause Young (Concurrent Start) (G1 Evacuation Pause) 885M->690M(1024M) 7,491ms
[8,175s][info][gc] GC(85) Concurrent Mark Cycle
[8,272s][info][gc] GC(86) Pause Young (Normal) (G1 Evacuation Pause) 887M->705M(1024M) 7,221ms
[8,351s][info][gc] GC(85) Pause Remark 874M->874M(1024M) 0,819ms
[8,365s][info][gc] GC(87) Pause Young (Normal) (G1 Evacuation Pause) 889M->719M(1024M) 7,089ms
[8,447s][info][gc] GC(88) Pause Young (Normal) (G1 Evacuation Pause) 891M->732M(1024M) 6,827ms
[8,490s][info][gc] GC(85) Pause Cleanup 831M->831M(1024M) 0,335ms
[8,491s][info][gc] GC(85) Concurrent Mark Cycle 316,375ms
[8,522s][info][gc] GC(89) Pause Young (Prepare Mixed) (G1 Evacuation Pause) 892M->746M(1024M) 6,467ms
[8,551s][info][gc] GC(90) Pause Young (Mixed) (G1 Evacuation Pause) 783M->696M(1024M) 14,115ms
[8,584s][info][gc] GC(91) Pause Young (Mixed) (G1 Evacuation Pause) 743M->656M(1024M) 13,548ms
[8,612s][info][gc] GC(92) Pause Young (Mixed) (G1 Evacuation Pause) 700M->643M(1024M) 8,826ms
[8,718s][info][gc] GC(93) Pause Young (Normal) (G1 Evacuation Pause) 880M->661M(1024M) 6,452ms
[8,817s][info][gc] GC(94) Pause Young (Normal) (G1 Evacuation Pause) 883M->678M(1024M) 8,817ms
[8,909s][info][gc] GC(95) Pause Young (Concurrent Start) (G1 Evacuation Pause) 885M->695M(1024M) 7,556ms
[8,909s][info][gc] GC(96) Concurrent Mark Cycle
[9,005s][info][gc] GC(97) Pause Young (Normal) (G1 Evacuation Pause) 888M->709M(1024M) 7,178ms
[9,094s][info][gc] GC(98) Pause Young (Normal) (G1 Evacuation Pause) 889M->723M(1024M) 6,649ms
[9,095s][info][gc] GC(96) Pause Remark 724M->724M(1024M) 0,898ms
[9,174s][info][gc] GC(99) Pause Young (Normal) (G1 Evacuation Pause) 891M->736M(1024M) 6,804ms
[9,230s][info][gc] GC(96) Pause Cleanup 864M->864M(1024M) 0,294ms
[9,231s][info][gc] GC(96) Concurrent Mark Cycle 322,707ms
[9,249s][info][gc] GC(100) Pause Young (Prepare Mixed) (G1 Evacuation Pause) 893M->749M(1024M) 6,261ms
[9,279s][info][gc] GC(101) Pause Young (Mixed) (G1 Evacuation Pause) 786M->701M(1024M) 14,459ms
[9,313s][info][gc] GC(102) Pause Young (Mixed) (G1 Evacuation Pause) 748M->663M(1024M) 13,810ms
[9,338s][info][gc] GC(103) Pause Young (Mixed) (G1 Evacuation Pause) 707M->657M(1024M) 6,722ms
[9,438s][info][gc] GC(104) Pause Young (Normal) (G1 Evacuation Pause) 882M->674M(1024M) 6,182ms
[9,532s][info][gc] GC(105) Pause Young (Normal) (G1 Evacuation Pause) 885M->690M(1024M) 8,574ms
[9,619s][info][gc] GC(106) Pause Young (Concurrent Start) (G1 Evacuation Pause) 887M->705M(1024M) 7,195ms
[9,619s][info][gc] GC(107) Concurrent Mark Cycle
[9,710s][info][gc] GC(108) Pause Young (Normal) (G1 Evacuation Pause) 888M->720M(1024M) 6,735ms
[9,795s][info][gc] GC(109) Pause Young (Normal) (G1 Evacuation Pause) 891M->733M(1024M) 6,468ms
[9,809s][info][gc] GC(107) Pause Remark 763M->763M(1024M) 0,800ms
[9,872s][info][gc] GC(110) Pause Young (Normal) (G1 Evacuation Pause) 892M->746M(1024M) 6,506ms
[9,943s][info][gc] GC(111) Pause Young (Normal) (G1 Evacuation Pause) 895M->758M(1024M) 6,263ms
[9,952s][info][gc] GC(107) Pause Cleanup 777M->777M(1024M) 0,287ms
[9,953s][info][gc] GC(107) Concurrent Mark Cycle 334,234ms
[10,008s][info][gc] GC(112) Pause Young (Prepare Mixed) (G1 Evacuation Pause) 896M->769M(1024M) 5,939ms
[10,040s][info][gc] GC(113) Pause Young (Mixed) (G1 Evacuation Pause) 809M->722M(1024M) 14,654ms
[10,072s][info][gc] GC(114) Pause Young (Mixed) (G1 Evacuation Pause) 768M->683M(1024M) 14,025ms
[10,099s][info][gc] GC(115) Pause Young (Mixed) (G1 Evacuation Pause) 727M->673M(1024M) 8,187ms
[10,193s][info][gc] GC(116) Pause Young (Normal) (G1 Evacuation Pause) 885M->689M(1024M) 5,949ms
[10,281s][info][gc] GC(117) Pause Young (Normal) (G1 Evacuation Pause) 887M->705M(1024M) 8,209ms
[10,363s][info][gc] GC(118) Pause Young (Concurrent Start) (G1 Evacuation Pause) 889M->719M(1024M) 6,711ms
[10,363s][info][gc] GC(119) Concurrent Mark Cycle
[10,449s][info][gc] GC(120) Pause Young (Normal) (G1 Evacuation Pause) 891M->732M(1024M) 6,474ms
[10,530s][info][gc] GC(121) Pause Young (Normal) (G1 Evacuation Pause) 893M->746M(1024M) 6,020ms
[10,557s][info][gc] GC(119) Pause Remark 803M->803M(1024M) 0,964ms
[10,603s][info][gc] GC(122) Pause Young (Normal) (G1 Evacuation Pause) 895M->756M(1024M) 6,349ms
[10,669s][info][gc] GC(123) Pause Young (Normal) (G1 Evacuation Pause) 895M->768M(1024M) 5,969ms
[10,700s][info][gc] GC(119) Pause Cleanup 838M->838M(1024M) 0,358ms
[10,701s][info][gc] GC(119) Concurrent Mark Cycle 338,438ms
[10,732s][info][gc] GC(124) Pause Young (Prepare Mixed) (G1 Evacuation Pause) 898M->778M(1024M) 5,600ms
[10,763s][info][gc] GC(125) Pause Young (Mixed) (G1 Evacuation Pause) 818M->729M(1024M) 14,296ms
[10,797s][info][gc] GC(126) Pause Young (Mixed) (G1 Evacuation Pause) 776M->692M(1024M) 14,140ms
[10,824s][info][gc] GC(127) Pause Young (Mixed) (G1 Evacuation Pause) 736M->679M(1024M) 8,511ms
[10,916s][info][gc] GC(128) Pause Young (Normal) (G1 Evacuation Pause) 885M->694M(1024M) 5,829ms
[11,003s][info][gc] GC(129) Pause Young (Normal) (G1 Evacuation Pause) 887M->709M(1024M) 8,218ms
[11,082s][info][gc] GC(130) Pause Young (Concurrent Start) (G1 Evacuation Pause) 889M->722M(1024M) 6,630ms
[11,082s][info][gc] GC(131) Concurrent Mark Cycle
[11,166s][info][gc] GC(132) Pause Young (Normal) (G1 Evacuation Pause) 890M->736M(1024M) 6,330ms
[11,244s][info][gc] GC(133) Pause Young (Normal) (G1 Evacuation Pause) 892M->749M(1024M) 5,969ms
[11,278s][info][gc] GC(131) Pause Remark 821M->821M(1024M) 0,987ms
[11,316s][info][gc] GC(134) Pause Young (Normal) (G1 Evacuation Pause) 895M->760M(1024M) 6,043ms
[11,381s][info][gc] GC(135) Pause Young (Normal) (G1 Evacuation Pause) 896M->771M(1024M) 5,781ms
[11,423s][info][gc] GC(131) Pause Cleanup 869M->869M(1024M) 0,332ms
[11,425s][info][gc] GC(131) Concurrent Mark Cycle 342,455ms
[11,442s][info][gc] GC(136) Pause Young (Prepare Mixed) (G1 Evacuation Pause) 898M->781M(1024M) 5,534ms
[11,473s][info][gc] GC(137) Pause Young (Mixed) (G1 Evacuation Pause) 821M->734M(1024M) 14,556ms
[11,506s][info][gc] GC(138) Pause Young (Mixed) (G1 Evacuation Pause) 781M->697M(1024M) 13,925ms
[11,534s][info][gc] GC(139) Pause Young (Mixed) (G1 Evacuation Pause) 741M->684M(1024M) 9,383ms
[11,623s][info][gc] GC(140) Pause Young (Normal) (G1 Evacuation Pause) 886M->699M(1024M) 5,760ms
[11,708s][info][gc] GC(141) Pause Young (Normal) (G1 Evacuation Pause) 888M->714M(1024M) 8,039ms
[11,786s][info][gc] GC(142) Pause Young (Concurrent Start) (G1 Evacuation Pause) 890M->728M(1024M) 6,614ms
[11,786s][info][gc] GC(143) Concurrent Mark Cycle
[11,868s][info][gc] GC(144) Pause Young (Normal) (G1 Evacuation Pause) 891M->741M(1024M) 6,156ms
[11,951s][info][gc] GC(145) Pause Young (Normal) (G1 Evacuation Pause) 894M->753M(1024M) 7,211ms
[11,996s][info][gc] GC(143) Pause Remark 836M->836M(1024M) 0,669ms
[12,028s][info][gc] GC(146) Pause Young (Normal) (G1 Evacuation Pause) 895M->764M(1024M) 6,145ms
[12,091s][info][gc] GC(147) Pause Young (Normal) (G1 Evacuation Pause) 897M->774M(1024M) 5,822ms
[12,144s][info][gc] GC(143) Pause Cleanup 895M->895M(1024M) 0,353ms
[12,145s][info][gc] GC(143) Concurrent Mark Cycle 358,322ms
[12,151s][info][gc] GC(148) Pause Young (Prepare Mixed) (G1 Evacuation Pause) 898M->784M(1024M) 5,326ms
[12,183s][info][gc] GC(149) Pause Young (Mixed) (G1 Evacuation Pause) 825M->738M(1024M) 14,554ms
[12,217s][info][gc] GC(150) Pause Young (Mixed) (G1 Evacuation Pause) 785M->701M(1024M) 14,130ms
[12,244s][info][gc] GC(151) Pause Young (Mixed) (G1 Evacuation Pause) 745M->688M(1024M) 8,826ms
[12,332s][info][gc] GC(152) Pause Young (Normal) (G1 Evacuation Pause) 887M->703M(1024M) 5,818ms
[12,415s][info][gc] GC(153) Pause Young (Normal) (G1 Evacuation Pause) 889M->717M(1024M) 7,929ms
[12,492s][info][gc] GC(154) Pause Young (Concurrent Start) (G1 Evacuation Pause) 890M->731M(1024M) 6,714ms
[12,492s][info][gc] GC(155) Concurrent Mark Cycle
[12,573s][info][gc] GC(156) Pause Young (Normal) (G1 Evacuation Pause) 892M->744M(1024M) 6,141ms
[12,647s][info][gc] GC(157) Pause Young (Normal) (G1 Evacuation Pause) 894M->756M(1024M) 5,752ms
[12,691s][info][gc] GC(155) Pause Remark 850M->850M(1024M) 0,812ms
[12,718s][info][gc] GC(158) Pause Young (Normal) (G1 Evacuation Pause) 896M->767M(1024M) 5,994ms
[12,780s][info][gc] GC(159) Pause Young (Normal) (G1 Evacuation Pause) 897M->778M(1024M) 5,803ms
[12,838s][info][gc] GC(160) Pause Young (Normal) (G1 Evacuation Pause) 899M->787M(1024M) 5,460ms
[12,844s][info][gc] GC(155) Pause Cleanup 802M->802M(1024M) 0,362ms
[12,846s][info][gc] GC(155) Concurrent Mark Cycle 353,328ms
[12,891s][info][gc] GC(161) Pause Young (Prepare Mixed) (G1 Evacuation Pause) 899M->796M(1024M) 5,127ms
[12,924s][info][gc] GC(162) Pause Young (Mixed) (G1 Evacuation Pause) 838M->751M(1024M) 14,630ms
[12,957s][info][gc] GC(163) Pause Young (Mixed) (G1 Evacuation Pause) 798M->712M(1024M) 14,044ms
[12,985s][info][gc] GC(164) Pause Young (Mixed) (G1 Evacuation Pause) 756M->700M(1024M) 8,748ms
[13,069s][info][gc] GC(165) Pause Young (Normal) (G1 Evacuation Pause) 888M->713M(1024M) 5,501ms
[13,148s][info][gc] GC(166) Pause Young (Normal) (G1 Evacuation Pause) 889M->728M(1024M) 7,631ms
[13,219s][info][gc] GC(167) Pause Young (Concurrent Start) (G1 Evacuation Pause) 892M->741M(1024M) 6,189ms
[13,219s][info][gc] GC(168) Concurrent Mark Cycle
[13,296s][info][gc] GC(169) Pause Young (Normal) (G1 Evacuation Pause) 893M->753M(1024M) 5,823ms
[13,367s][info][gc] GC(170) Pause Young (Normal) (G1 Evacuation Pause) 895M->763M(1024M) 5,485ms
[13,421s][info][gc] GC(168) Pause Remark 879M->879M(1024M) 0,853ms
[13,435s][info][gc] GC(171) Pause Young (Normal) (G1 Evacuation Pause) 896M->774M(1024M) 5,631ms
[13,494s][info][gc] GC(172) Pause Young (Normal) (G1 Evacuation Pause) 898M->784M(1024M) 5,488ms
[13,549s][info][gc] GC(173) Pause Young (Normal) (G1 Evacuation Pause) 899M->793M(1024M) 5,281ms
[13,573s][info][gc] GC(168) Pause Cleanup 848M->848M(1024M) 0,325ms
[13,574s][info][gc] GC(168) Concurrent Mark Cycle 354,884ms
[13,601s][info][gc] GC(174) Pause Young (Prepare Mixed) (G1 Evacuation Pause) 901M->801M(1024M) 4,939ms
[13,633s][info][gc] GC(175) Pause Young (Mixed) (G1 Evacuation Pause) 843M->755M(1024M) 14,463ms
[13,668s][info][gc] GC(176) Pause Young (Mixed) (G1 Evacuation Pause) 802M->718M(1024M) 13,949ms
[13,698s][info][gc] GC(177) Pause Young (Mixed) (G1 Evacuation Pause) 762M->700M(1024M) 10,931ms
[13,782s][info][gc] GC(178) Pause Young (Normal) (G1 Evacuation Pause) 888M->714M(1024M) 5,453ms
[13,861s][info][gc] GC(179) Pause Young (Normal) (G1 Evacuation Pause) 890M->729M(1024M) 7,569ms
[13,933s][info][gc] GC(180) Pause Young (Concurrent Start) (G1 Evacuation Pause) 892M->742M(1024M) 6,204ms
[13,933s][info][gc] GC(181) Concurrent Mark Cycle
[14,009s][info][gc] GC(182) Pause Young (Normal) (G1 Evacuation Pause) 894M->753M(1024M) 5,857ms
[14,079s][info][gc] GC(183) Pause Young (Normal) (G1 Evacuation Pause) 895M->764M(1024M) 5,438ms
[14,135s][info][gc] GC(181) Pause Remark 883M->883M(1024M) 0,904ms
[14,147s][info][gc] GC(184) Pause Young (Normal) (G1 Evacuation Pause) 896M->775M(1024M) 5,662ms
[14,206s][info][gc] GC(185) Pause Young (Normal) (G1 Evacuation Pause) 899M->785M(1024M) 5,429ms
[14,261s][info][gc] GC(186) Pause Young (Normal) (G1 Evacuation Pause) 899M->794M(1024M) 5,291ms
[14,287s][info][gc] GC(181) Pause Cleanup 855M->855M(1024M) 0,372ms
[14,288s][info][gc] GC(181) Concurrent Mark Cycle 355,416ms
[14,312s][info][gc] GC(187) Pause Young (Prepare Mixed) (G1 Evacuation Pause) 900M->803M(1024M) 4,891ms
[14,344s][info][gc] GC(188) Pause Young (Mixed) (G1 Evacuation Pause) 845M->756M(1024M) 14,245ms
[14,378s][info][gc] GC(189) Pause Young (Mixed) (G1 Evacuation Pause) 803M->719M(1024M) 14,307ms
[14,407s][info][gc] GC(190) Pause Young (Mixed) (G1 Evacuation Pause) 763M->704M(1024M) 9,599ms
[14,490s][info][gc] GC(191) Pause Young (Normal) (G1 Evacuation Pause) 889M->718M(1024M) 5,409ms
[14,569s][info][gc] GC(192) Pause Young (Normal) (G1 Evacuation Pause) 891M->732M(1024M) 7,507ms
[14,641s][info][gc] GC(193) Pause Young (Concurrent Start) (G1 Evacuation Pause) 893M->745M(1024M) 6,104ms
[14,641s][info][gc] GC(194) Concurrent Mark Cycle
[14,716s][info][gc] GC(195) Pause Young (Normal) (G1 Evacuation Pause) 894M->756M(1024M) 5,842ms
[14,786s][info][gc] GC(196) Pause Young (Normal) (G1 Evacuation Pause) 896M->767M(1024M) 5,505ms
[14,845s][info][gc] GC(194) Pause Remark 893M->893M(1024M) 0,719ms
[14,853s][info][gc] GC(197) Pause Young (Normal) (G1 Evacuation Pause) 897M->778M(1024M) 5,563ms
[14,911s][info][gc] GC(198) Pause Young (Normal) (G1 Evacuation Pause) 899M->788M(1024M) 5,570ms
[14,964s][info][gc] GC(199) Pause Young (Normal) (G1 Evacuation Pause) 900M->796M(1024M) 5,273ms
[14,998s][info][gc] GC(194) Pause Cleanup 873M->873M(1024M) 0,352ms
[14,999s][info][gc] GC(194) Concurrent Mark Cycle 358,022ms
[15,016s][info][gc] GC(200) Pause Young (Prepare Mixed) (G1 Evacuation Pause) 901M->805M(1024M) 4,852ms
[15,048s][info][gc] GC(201) Pause Young (Mixed) (G1 Evacuation Pause) 847M->759M(1024M) 14,609ms
[15,082s][info][gc] GC(202) Pause Young (Mixed) (G1 Evacuation Pause) 806M->722M(1024M) 13,951ms
[15,111s][info][gc] GC(203) Pause Young (Mixed) (G1 Evacuation Pause) 766M->705M(1024M) 10,261ms
[15,194s][info][gc] GC(204) Pause Young (Normal) (G1 Evacuation Pause) 889M->719M(1024M) 5,383ms
[15,270s][info][gc] GC(205) Pause Young (Normal) (G1 Evacuation Pause) 891M->733M(1024M) 7,520ms
[15,341s][info][gc] GC(206) Pause Young (Concurrent Start) (G1 Evacuation Pause) 892M->746M(1024M) 6,010ms
[15,341s][info][gc] GC(207) Concurrent Mark Cycle
[15,416s][info][gc] GC(208) Pause Young (Normal) (G1 Evacuation Pause) 895M->758M(1024M) 5,796ms
[15,485s][info][gc] GC(209) Pause Young (Normal) (G1 Evacuation Pause) 896M->769M(1024M) 5,530ms
[15,545s][info][gc] GC(207) Pause Remark 896M->896M(1024M) 0,855ms
[15,552s][info][gc] GC(210) Pause Young (Normal) (G1 Evacuation Pause) 897M->779M(1024M) 5,640ms
[15,609s][info][gc] GC(211) Pause Young (Normal) (G1 Evacuation Pause) 898M->789M(1024M) 5,433ms
[15,662s][info][gc] GC(212) Pause Young (Normal) (G1 Evacuation Pause) 900M->798M(1024M) 5,241ms
[15,698s][info][gc] GC(207) Pause Cleanup 880M->880M(1024M) 0,350ms
[15,699s][info][gc] GC(207) Concurrent Mark Cycle 357,488ms
[15,712s][info][gc] GC(213) Pause Young (Prepare Mixed) (G1 Evacuation Pause) 902M->806M(1024M) 4,827ms
[15,744s][info][gc] GC(214) Pause Young (Mixed) (G1 Evacuation Pause) 848M->760M(1024M) 14,599ms
[15,778s][info][gc] GC(215) Pause Young (Mixed) (G1 Evacuation Pause) 807M->724M(1024M) 14,292ms
[15,808s][info][gc] GC(216) Pause Young (Mixed) (G1 Evacuation Pause) 768M->709M(1024M) 10,845ms
[15,911s][info][gc] GC(217) Pause Young (Normal) (G1 Evacuation Pause) 889M->722M(1024M) 5,452ms
[15,992s][info][gc] GC(218) Pause Young (Normal) (G1 Evacuation Pause) 891M->736M(1024M) 10,124ms
[16,066s][info][gc] GC(219) Pause Young (Concurrent Start) (G1 Evacuation Pause) 893M->749M(1024M) 6,993ms
[16,066s][info][gc] GC(220) Concurrent Mark Cycle
[16,139s][info][gc] GC(221) Pause Young (Normal) (G1 Evacuation Pause) 895M->760M(1024M) 5,821ms
[16,208s][info][gc] GC(222) Pause Young (Normal) (G1 Evacuation Pause) 896M->771M(1024M) 5,408ms
[16,272s][info][gc] GC(223) Pause Young (Normal) (G1 Evacuation Pause) 898M->782M(1024M) 5,153ms
[16,276s][info][gc] GC(220) Pause Remark 789M->789M(1024M) 0,927ms
[16,329s][info][gc] GC(224) Pause Young (Normal) (G1 Evacuation Pause) 899M->791M(1024M) 5,153ms
[16,381s][info][gc] GC(225) Pause Young (Normal) (G1 Evacuation Pause) 901M->799M(1024M) 5,046ms
[16,424s][info][gc] GC(220) Pause Cleanup 898M->898M(1024M) 0,362ms
[16,425s][info][gc] GC(220) Concurrent Mark Cycle 359,587ms
[16,431s][info][gc] GC(226) Pause Young (Prepare Mixed) (G1 Evacuation Pause) 902M->807M(1024M) 4,784ms
[16,463s][info][gc] GC(227) Pause Young (Mixed) (G1 Evacuation Pause) 849M->760M(1024M) 14,187ms
[16,498s][info][gc] GC(228) Pause Young (Mixed) (G1 Evacuation Pause) 807M->725M(1024M) 14,530ms
[16,527s][info][gc] GC(229) Pause Young (Mixed) (G1 Evacuation Pause) 769M->710M(1024M) 10,110ms
[16,609s][info][gc] GC(230) Pause Young (Normal) (G1 Evacuation Pause) 890M->724M(1024M) 5,430ms
[16,685s][info][gc] GC(231) Pause Young (Normal) (G1 Evacuation Pause) 892M->737M(1024M) 7,627ms
[16,755s][info][gc] GC(232) Pause Young (Concurrent Start) (G1 Evacuation Pause) 893M->750M(1024M) 5,939ms
[16,755s][info][gc] GC(233) Concurrent Mark Cycle
[16,827s][info][gc] GC(234) Pause Young (Normal) (G1 Evacuation Pause) 895M->761M(1024M) 5,680ms
[16,895s][info][gc] GC(235) Pause Young (Normal) (G1 Evacuation Pause) 896M->772M(1024M) 5,346ms
[16,958s][info][gc] GC(236) Pause Young (Normal) (G1 Evacuation Pause) 898M->782M(1024M) 5,196ms
[16,965s][info][gc] GC(233) Pause Remark 794M->794M(1024M) 1,024ms
[17,016s][info][gc] GC(237) Pause Young (Normal) (G1 Evacuation Pause) 899M->791M(1024M) 5,298ms
[17,068s][info][gc] GC(238) Pause Young (Normal) (G1 Evacuation Pause) 900M->800M(1024M) 5,119ms
[17,112s][info][gc] GC(233) Pause Cleanup 902M->902M(1024M) 0,350ms
[17,118s][info][gc] GC(239) Pause Young (Prepare Mixed) (G1 Evacuation Pause) 902M->809M(1024M) 4,733ms
[17,119s][info][gc] GC(233) Concurrent Mark Cycle 363,694ms
[17,150s][info][gc] GC(240) Pause Young (Mixed) (G1 Evacuation Pause) 851M->762M(1024M) 14,350ms
[17,184s][info][gc] GC(241) Pause Young (Mixed) (G1 Evacuation Pause) 809M->727M(1024M) 14,395ms
[17,213s][info][gc] GC(242) Pause Young (Mixed) (G1 Evacuation Pause) 771M->711M(1024M) 10,434ms
[17,295s][info][gc] GC(243) Pause Young (Normal) (G1 Evacuation Pause) 890M->724M(1024M) 5,332ms
[17,371s][info][gc] GC(244) Pause Young (Normal) (G1 Evacuation Pause) 892M->739M(1024M) 7,346ms
[17,441s][info][gc] GC(245) Pause Young (Concurrent Start) (G1 Evacuation Pause) 894M->751M(1024M) 5,988ms
[17,441s][info][gc] GC(246) Concurrent Mark Cycle
[17,513s][info][gc] GC(247) Pause Young (Normal) (G1 Evacuation Pause) 894M->762M(1024M) 5,574ms
[17,580s][info][gc] GC(248) Pause Young (Normal) (G1 Evacuation Pause) 896M->773M(1024M) 5,198ms
[17,642s][info][gc] GC(249) Pause Young (Normal) (G1 Evacuation Pause) 898M->783M(1024M) 5,087ms
[17,652s][info][gc] GC(246) Pause Remark 803M->803M(1024M) 0,751ms
[17,700s][info][gc] GC(250) Pause Young (Normal) (G1 Evacuation Pause) 899M->792M(1024M) 5,210ms
[17,752s][info][gc] GC(251) Pause Young (Normal) (G1 Evacuation Pause) 900M->801M(1024M) 5,213ms
[17,801s][info][gc] GC(252) Pause Young (Normal) (G1 Evacuation Pause) 902M->809M(1024M) 4,834ms
[17,807s][info][gc] GC(246) Pause Cleanup 822M->822M(1024M) 0,331ms
[17,808s][info][gc] GC(246) Concurrent Mark Cycle 367,094ms
[17,846s][info][gc] GC(253) Pause Young (Prepare Mixed) (G1 Evacuation Pause) 902M->816M(1024M) 4,469ms
[17,878s][info][gc] GC(254) Pause Young (Mixed) (G1 Evacuation Pause) 859M->770M(1024M) 13,951ms
[17,912s][info][gc] GC(255) Pause Young (Mixed) (G1 Evacuation Pause) 817M->734M(1024M) 14,318ms
[17,941s][info][gc] GC(256) Pause Young (Mixed) (G1 Evacuation Pause) 778M->717M(1024M) 10,262ms
[18,019s][info][gc] GC(257) Pause Young (Normal) (G1 Evacuation Pause) 891M->730M(1024M) 5,400ms
[18,092s][info][gc] GC(258) Pause Young (Normal) (G1 Evacuation Pause) 892M->743M(1024M) 7,165ms
[18,158s][info][gc] GC(259) Pause Young (Concurrent Start) (G1 Evacuation Pause) 893M->755M(1024M) 5,913ms
[18,158s][info][gc] GC(260) Concurrent Mark Cycle
[18,228s][info][gc] GC(261) Pause Young (Normal) (G1 Evacuation Pause) 895M->767M(1024M) 5,496ms
[18,294s][info][gc] GC(262) Pause Young (Normal) (G1 Evacuation Pause) 897M->777M(1024M) 5,251ms
[18,355s][info][gc] GC(263) Pause Young (Normal) (G1 Evacuation Pause) 899M->787M(1024M) 4,945ms
[18,369s][info][gc] GC(260) Pause Remark 816M->816M(1024M) 0,780ms
[18,410s][info][gc] GC(264) Pause Young (Normal) (G1 Evacuation Pause) 899M->796M(1024M) 5,012ms
[18,460s][info][gc] GC(265) Pause Young (Normal) (G1 Evacuation Pause) 901M->804M(1024M) 4,976ms
[18,508s][info][gc] GC(266) Pause Young (Normal) (G1 Evacuation Pause) 902M->812M(1024M) 4,862ms
[18,523s][info][gc] GC(260) Pause Cleanup 844M->844M(1024M) 0,343ms
[18,524s][info][gc] GC(260) Concurrent Mark Cycle 365,570ms
[18,553s][info][gc] GC(267) Pause Young (Prepare Mixed) (G1 Evacuation Pause) 904M->819M(1024M) 4,457ms
[18,585s][info][gc] GC(268) Pause Young (Mixed) (G1 Evacuation Pause) 862M->773M(1024M) 14,157ms
[18,619s][info][gc] GC(269) Pause Young (Mixed) (G1 Evacuation Pause) 820M->735M(1024M) 14,246ms
[18,650s][info][gc] GC(270) Pause Young (Mixed) (G1 Evacuation Pause) 779M->714M(1024M) 11,201ms
[18,729s][info][gc] GC(271) Pause Young (Normal) (G1 Evacuation Pause) 890M->727M(1024M) 5,423ms
[18,804s][info][gc] GC(272) Pause Young (Normal) (G1 Evacuation Pause) 892M->741M(1024M) 7,278ms
[18,873s][info][gc] GC(273) Pause Young (Concurrent Start) (G1 Evacuation Pause) 894M->754M(1024M) 5,904ms
[18,873s][info][gc] GC(274) Concurrent Mark Cycle
[18,944s][info][gc] GC(275) Pause Young (Normal) (G1 Evacuation Pause) 896M->765M(1024M) 5,547ms
[19,010s][info][gc] GC(276) Pause Young (Normal) (G1 Evacuation Pause) 897M->775M(1024M) 5,374ms
[19,072s][info][gc] GC(277) Pause Young (Normal) (G1 Evacuation Pause) 899M->785M(1024M) 4,986ms
[19,084s][info][gc] GC(274) Pause Remark 809M->809M(1024M) 0,905ms
[19,129s][info][gc] GC(278) Pause Young (Normal) (G1 Evacuation Pause) 900M->795M(1024M) 5,178ms
[19,180s][info][gc] GC(279) Pause Young (Normal) (G1 Evacuation Pause) 901M->803M(1024M) 5,046ms
[19,227s][info][gc] GC(280) Pause Young (Normal) (G1 Evacuation Pause) 902M->811M(1024M) 4,908ms
[19,237s][info][gc] GC(274) Pause Cleanup 832M->832M(1024M) 0,344ms
[19,238s][info][gc] GC(274) Concurrent Mark Cycle 365,363ms
[19,272s][info][gc] GC(281) Pause Young (Prepare Mixed) (G1 Evacuation Pause) 903M->818M(1024M) 4,616ms
[19,304s][info][gc] GC(282) Pause Young (Mixed) (G1 Evacuation Pause) 861M->773M(1024M) 14,527ms
[19,339s][info][gc] GC(283) Pause Young (Mixed) (G1 Evacuation Pause) 820M->736M(1024M) 14,344ms
[19,368s][info][gc] GC(284) Pause Young (Mixed) (G1 Evacuation Pause) 780M->719M(1024M) 10,561ms
[19,446s][info][gc] GC(285) Pause Young (Normal) (G1 Evacuation Pause) 891M->732M(1024M) 5,154ms
[19,520s][info][gc] GC(286) Pause Young (Normal) (G1 Evacuation Pause) 893M->745M(1024M) 7,232ms
[19,586s][info][gc] GC(287) Pause Young (Concurrent Start) (G1 Evacuation Pause) 894M->757M(1024M) 5,733ms
[19,586s][info][gc] GC(288) Concurrent Mark Cycle
[19,655s][info][gc] GC(289) Pause Young (Normal) (G1 Evacuation Pause) 896M->768M(1024M) 5,488ms
[19,721s][info][gc] GC(290) Pause Young (Normal) (G1 Evacuation Pause) 898M->778M(1024M) 5,191ms
[19,781s][info][gc] GC(291) Pause Young (Normal) (G1 Evacuation Pause) 898M->787M(1024M) 4,828ms
[19,798s][info][gc] GC(288) Pause Remark 821M->821M(1024M) 0,857ms
[19,837s][info][gc] GC(292) Pause Young (Normal) (G1 Evacuation Pause) 899M->797M(1024M) 5,070ms
[19,887s][info][gc] GC(293) Pause Young (Normal) (G1 Evacuation Pause) 901M->805M(1024M) 4,897ms
[19,934s][info][gc] GC(294) Pause Young (Normal) (G1 Evacuation Pause) 902M->813M(1024M) 4,717ms
[19,953s][info][gc] GC(288) Pause Cleanup 853M->853M(1024M) 0,324ms
[19,954s][info][gc] GC(288) Concurrent Mark Cycle 368,176ms
[19,980s][info][gc] GC(295) Pause Young (Prepare Mixed) (G1 Evacuation Pause) 904M->820M(1024M) 5,106ms
[20,013s][info][gc] GC(296) Pause Young (Mixed) (G1 Evacuation Pause) 863M->774M(1024M) 14,523ms
[20,049s][info][gc] GC(297) Pause Young (Mixed) (G1 Evacuation Pause) 821M->737M(1024M) 14,998ms
[20,079s][info][gc] GC(298) Pause Young (Mixed) (G1 Evacuation Pause) 781M->717M(1024M) 11,265ms
[20,157s][info][gc] GC(299) Pause Young (Normal) (G1 Evacuation Pause) 891M->730M(1024M) 5,277ms
[20,230s][info][gc] GC(300) Pause Young (Normal) (G1 Evacuation Pause) 892M->744M(1024M) 7,248ms
[20,296s][info][gc] GC(301) Pause Young (Concurrent Start) (G1 Evacuation Pause) 894M->755M(1024M) 5,919ms
[20,297s][info][gc] GC(302) Concurrent Mark Cycle
[20,367s][info][gc] GC(303) Pause Young (Normal) (G1 Evacuation Pause) 896M->766M(1024M) 5,517ms
[20,432s][info][gc] GC(304) Pause Young (Normal) (G1 Evacuation Pause) 896M->777M(1024M) 5,232ms
[20,494s][info][gc] GC(305) Pause Young (Normal) (G1 Evacuation Pause) 899M->786M(1024M) 5,010ms
[20,509s][info][gc] GC(302) Pause Remark 817M->817M(1024M) 0,973ms
[20,550s][info][gc] GC(306) Pause Young (Normal) (G1 Evacuation Pause) 899M->796M(1024M) 5,142ms
[20,601s][info][gc] GC(307) Pause Young (Normal) (G1 Evacuation Pause) 901M->804M(1024M) 4,947ms
[20,648s][info][gc] GC(308) Pause Young (Normal) (G1 Evacuation Pause) 902M->812M(1024M) 4,758ms
[20,664s][info][gc] GC(302) Pause Cleanup 847M->847M(1024M) 0,571ms
[20,665s][info][gc] GC(302) Concurrent Mark Cycle 368,725ms
[20,693s][info][gc] GC(309) Pause Young (Prepare Mixed) (G1 Evacuation Pause) 904M->819M(1024M) 4,450ms
[20,726s][info][gc] GC(310) Pause Young (Mixed) (G1 Evacuation Pause) 862M->773M(1024M) 14,592ms
[20,761s][info][gc] GC(311) Pause Young (Mixed) (G1 Evacuation Pause) 820M->736M(1024M) 14,392ms
[20,790s][info][gc] GC(312) Pause Young (Mixed) (G1 Evacuation Pause) 780M->717M(1024M) 10,758ms
[20,869s][info][gc] GC(313) Pause Young (Normal) (G1 Evacuation Pause) 891M->730M(1024M) 5,307ms
[20,943s][info][gc] GC(314) Pause Young (Normal) (G1 Evacuation Pause) 892M->743M(1024M) 7,145ms
[21,010s][info][gc] GC(315) Pause Young (Concurrent Start) (G1 Evacuation Pause) 893M->756M(1024M) 5,761ms
[21,010s][info][gc] GC(316) Concurrent Mark Cycle
[21,080s][info][gc] GC(317) Pause Young (Normal) (G1 Evacuation Pause) 896M->767M(1024M) 5,546ms
[21,145s][info][gc] GC(318) Pause Young (Normal) (G1 Evacuation Pause) 897M->778M(1024M) 5,305ms
[21,206s][info][gc] GC(319) Pause Young (Normal) (G1 Evacuation Pause) 899M->787M(1024M) 5,019ms
[21,222s][info][gc] GC(316) Pause Remark 819M->819M(1024M) 0,936ms
[21,263s][info][gc] GC(320) Pause Young (Normal) (G1 Evacuation Pause) 900M->796M(1024M) 5,077ms
[21,314s][info][gc] GC(321) Pause Young (Normal) (G1 Evacuation Pause) 901M->804M(1024M) 5,043ms
[21,362s][info][gc] GC(322) Pause Young (Normal) (G1 Evacuation Pause) 902M->812M(1024M) 4,763ms
[21,377s][info][gc] GC(316) Pause Cleanup 846M->846M(1024M) 0,343ms
[21,378s][info][gc] GC(316) Concurrent Mark Cycle 368,007ms
[21,407s][info][gc] GC(323) Pause Young (Prepare Mixed) (G1 Evacuation Pause) 904M->820M(1024M) 4,369ms
[21,440s][info][gc] GC(324) Pause Young (Mixed) (G1 Evacuation Pause) 863M->774M(1024M) 14,325ms
[21,475s][info][gc] GC(325) Pause Young (Mixed) (G1 Evacuation Pause) 821M->737M(1024M) 14,082ms
[21,505s][info][gc] GC(326) Pause Young (Mixed) (G1 Evacuation Pause) 781M->720M(1024M) 10,995ms
[21,580s][info][gc] GC(327) Pause Young (Normal) (G1 Evacuation Pause) 891M->732M(1024M) 5,154ms
[21,654s][info][gc] GC(328) Pause Young (Normal) (G1 Evacuation Pause) 892M->746M(1024M) 7,119ms
[21,721s][info][gc] GC(329) Pause Young (Concurrent Start) (G1 Evacuation Pause) 895M->757M(1024M) 5,789ms
[21,721s][info][gc] GC(330) Concurrent Mark Cycle
[21,790s][info][gc] GC(331) Pause Young (Normal) (G1 Evacuation Pause) 896M->768M(1024M) 5,411ms
[21,855s][info][gc] GC(332) Pause Young (Normal) (G1 Evacuation Pause) 898M->778M(1024M) 5,184ms
[21,916s][info][gc] GC(333) Pause Young (Normal) (G1 Evacuation Pause) 899M->787M(1024M) 4,953ms
[21,932s][info][gc] GC(330) Pause Remark 820M->820M(1024M) 0,920ms
[21,972s][info][gc] GC(334) Pause Young (Normal) (G1 Evacuation Pause) 899M->796M(1024M) 5,096ms
[22,023s][info][gc] GC(335) Pause Young (Normal) (G1 Evacuation Pause) 901M->805M(1024M) 4,964ms
[22,070s][info][gc] GC(336) Pause Young (Normal) (G1 Evacuation Pause) 903M->813M(1024M) 4,818ms
[22,086s][info][gc] GC(330) Pause Cleanup 849M->849M(1024M) 0,373ms
[22,087s][info][gc] GC(330) Concurrent Mark Cycle 366,624ms
[22,114s][info][gc] GC(337) Pause Young (Prepare Mixed) (G1 Evacuation Pause) 904M->820M(1024M) 4,388ms
[22,147s][info][gc] GC(338) Pause Young (Mixed) (G1 Evacuation Pause) 863M->774M(1024M) 14,454ms
[22,182s][info][gc] GC(339) Pause Young (Mixed) (G1 Evacuation Pause) 821M->738M(1024M) 14,422ms
[22,212s][info][gc] GC(340) Pause Young (Mixed) (G1 Evacuation Pause) 782M->718M(1024M) 11,105ms
[22,290s][info][gc] GC(341) Pause Young (Normal) (G1 Evacuation Pause) 891M->731M(1024M) 5,260ms
[22,363s][info][gc] GC(342) Pause Young (Normal) (G1 Evacuation Pause) 892M->744M(1024M) 7,353ms
[22,430s][info][gc] GC(343) Pause Young (Concurrent Start) (G1 Evacuation Pause) 894M->756M(1024M) 5,797ms
[22,430s][info][gc] GC(344) Concurrent Mark Cycle
[22,500s][info][gc] GC(345) Pause Young (Normal) (G1 Evacuation Pause) 896M->768M(1024M) 5,539ms
[22,565s][info][gc] GC(346) Pause Young (Normal) (G1 Evacuation Pause) 898M->778M(1024M) 5,255ms
[22,626s][info][gc] GC(347) Pause Young (Normal) (G1 Evacuation Pause) 899M->787M(1024M) 4,876ms
[22,642s][info][gc] GC(344) Pause Remark 819M->819M(1024M) 0,857ms
[22,682s][info][gc] GC(348) Pause Young (Normal) (G1 Evacuation Pause) 899M->797M(1024M) 5,143ms
[22,732s][info][gc] GC(349) Pause Young (Normal) (G1 Evacuation Pause) 902M->805M(1024M) 4,948ms
[22,780s][info][gc] GC(350) Pause Young (Normal) (G1 Evacuation Pause) 903M->813M(1024M) 4,763ms
[22,796s][info][gc] GC(344) Pause Cleanup 849M->849M(1024M) 0,337ms
[22,797s][info][gc] GC(344) Concurrent Mark Cycle 367,264ms
[22,824s][info][gc] GC(351) Pause Young (Prepare Mixed) (G1 Evacuation Pause) 904M->820M(1024M) 4,439ms
[22,857s][info][gc] GC(352) Pause Young (Mixed) (G1 Evacuation Pause) 863M->774M(1024M) 14,248ms
[22,892s][info][gc] GC(353) Pause Young (Mixed) (G1 Evacuation Pause) 821M->738M(1024M) 14,640ms
[22,921s][info][gc] GC(354) Pause Young (Mixed) (G1 Evacuation Pause) 782M->720M(1024M) 11,090ms
[22,998s][info][gc] GC(355) Pause Young (Normal) (G1 Evacuation Pause) 891M->733M(1024M) 5,273ms
[23,071s][info][gc] GC(356) Pause Young (Normal) (G1 Evacuation Pause) 893M->746M(1024M) 7,217ms
[23,138s][info][gc] GC(357) Pause Young (Concurrent Start) (G1 Evacuation Pause) 895M->758M(1024M) 5,886ms
[23,138s][info][gc] GC(358) Concurrent Mark Cycle
[23,207s][info][gc] GC(359) Pause Young (Normal) (G1 Evacuation Pause) 896M->769M(1024M) 5,523ms
[23,271s][info][gc] GC(360) Pause Young (Normal) (G1 Evacuation Pause) 898M->779M(1024M) 5,189ms
[23,331s][info][gc] GC(361) Pause Young (Normal) (G1 Evacuation Pause) 898M->789M(1024M) 4,907ms
[23,350s][info][gc] GC(358) Pause Remark 828M->828M(1024M) 0,707ms
[23,387s][info][gc] GC(362) Pause Young (Normal) (G1 Evacuation Pause) 900M->798M(1024M) 5,030ms
[23,436s][info][gc] GC(363) Pause Young (Normal) (G1 Evacuation Pause) 902M->806M(1024M) 5,003ms
[23,482s][info][gc] GC(364) Pause Young (Normal) (G1 Evacuation Pause) 902M->813M(1024M) 4,751ms
[23,503s][info][gc] GC(358) Pause Cleanup 860M->860M(1024M) 0,378ms
[23,504s][info][gc] GC(358) Concurrent Mark Cycle 366,561ms
[23,526s][info][gc] GC(365) Pause Young (Prepare Mixed) (G1 Evacuation Pause) 904M->821M(1024M) 4,532ms
[23,558s][info][gc] GC(366) Pause Young (Mixed) (G1 Evacuation Pause) 864M->775M(1024M) 14,476ms
[23,592s][info][gc] GC(367) Pause Young (Mixed) (G1 Evacuation Pause) 822M->737M(1024M) 14,639ms
[23,622s][info][gc] GC(368) Pause Young (Mixed) (G1 Evacuation Pause) 781M->718M(1024M) 10,979ms
[23,700s][info][gc] GC(369) Pause Young (Normal) (G1 Evacuation Pause) 891M->731M(1024M) 5,315ms
[23,772s][info][gc] GC(370) Pause Young (Normal) (G1 Evacuation Pause) 893M->744M(1024M) 7,193ms
[23,847s][info][gc] GC(371) Pause Young (Concurrent Start) (G1 Evacuation Pause) 894M->756M(1024M) 5,861ms
[23,847s][info][gc] GC(372) Concurrent Mark Cycle
[23,917s][info][gc] GC(373) Pause Young (Normal) (G1 Evacuation Pause) 896M->767M(1024M) 5,187ms
[23,985s][info][gc] GC(374) Pause Young (Normal) (G1 Evacuation Pause) 897M->777M(1024M) 6,067ms
[24,056s][info][gc] GC(375) Pause Young (Normal) (G1 Evacuation Pause) 899M->787M(1024M) 4,899ms
[24,070s][info][gc] GC(372) Pause Remark 817M->817M(1024M) 0,750ms
[24,113s][info][gc] GC(376) Pause Young (Normal) (G1 Evacuation Pause) 900M->796M(1024M) 5,123ms
[24,164s][info][gc] GC(377) Pause Young (Normal) (G1 Evacuation Pause) 901M->804M(1024M) 4,773ms
[24,212s][info][gc] GC(378) Pause Young (Normal) (G1 Evacuation Pause) 902M->812M(1024M) 4,782ms
[24,228s][info][gc] GC(372) Pause Cleanup 848M->848M(1024M) 0,324ms
[24,229s][info][gc] GC(372) Concurrent Mark Cycle 382,045ms
[24,257s][info][gc] GC(379) Pause Young (Prepare Mixed) (G1 Evacuation Pause) 904M->820M(1024M) 4,446ms
[24,290s][info][gc] GC(380) Pause Young (Mixed) (G1 Evacuation Pause) 863M->774M(1024M) 14,556ms
[24,324s][info][gc] GC(381) Pause Young (Mixed) (G1 Evacuation Pause) 821M->738M(1024M) 14,353ms
[24,353s][info][gc] GC(382) Pause Young (Mixed) (G1 Evacuation Pause) 782M->721M(1024M) 10,651ms
[24,429s][info][gc] GC(383) Pause Young (Normal) (G1 Evacuation Pause) 891M->734M(1024M) 5,303ms
[24,504s][info][gc] GC(384) Pause Young (Normal) (G1 Evacuation Pause) 893M->747M(1024M) 7,095ms
[24,570s][info][gc] GC(385) Pause Young (Concurrent Start) (G1 Evacuation Pause) 895M->759M(1024M) 5,780ms
[24,570s][info][gc] GC(386) Concurrent Mark Cycle
[24,639s][info][gc] GC(387) Pause Young (Normal) (G1 Evacuation Pause) 895M->770M(1024M) 5,500ms
[24,703s][info][gc] GC(388) Pause Young (Normal) (G1 Evacuation Pause) 898M->781M(1024M) 5,052ms
[24,763s][info][gc] GC(389) Pause Young (Normal) (G1 Evacuation Pause) 899M->790M(1024M) 4,900ms
[24,783s][info][gc] GC(386) Pause Remark 833M->833M(1024M) 0,837ms
[24,818s][info][gc] GC(390) Pause Young (Normal) (G1 Evacuation Pause) 900M->799M(1024M) 5,222ms
[24,867s][info][gc] GC(391) Pause Young (Normal) (G1 Evacuation Pause) 901M->807M(1024M) 4,848ms
[24,913s][info][gc] GC(392) Pause Young (Normal) (G1 Evacuation Pause) 902M->815M(1024M) 4,792ms
[24,937s][info][gc] GC(386) Pause Cleanup 871M->871M(1024M) 0,353ms
[24,939s][info][gc] GC(386) Concurrent Mark Cycle 368,148ms
[24,956s][info][gc] GC(393) Pause Young (Prepare Mixed) (G1 Evacuation Pause) 904M->822M(1024M) 4,516ms
[24,989s][info][gc] GC(394) Pause Young (Mixed) (G1 Evacuation Pause) 866M->776M(1024M) 14,820ms
[25,024s][info][gc] GC(395) Pause Young (Mixed) (G1 Evacuation Pause) 823M->739M(1024M) 14,639ms
[25,053s][info][gc] GC(396) Pause Young (Mixed) (G1 Evacuation Pause) 783M->719M(1024M) 11,151ms
[25,131s][info][gc] GC(397) Pause Young (Normal) (G1 Evacuation Pause) 891M->732M(1024M) 5,188ms
[25,205s][info][gc] GC(398) Pause Young (Normal) (G1 Evacuation Pause) 893M->745M(1024M) 7,181ms
[25,271s][info][gc] GC(399) Pause Young (Concurrent Start) (G1 Evacuation Pause) 894M->758M(1024M) 5,755ms
[25,271s][info][gc] GC(400) Concurrent Mark Cycle
[25,341s][info][gc] GC(401) Pause Young (Normal) (G1 Evacuation Pause) 896M->769M(1024M) 5,457ms
[25,406s][info][gc] GC(402) Pause Young (Normal) (G1 Evacuation Pause) 898M->780M(1024M) 5,226ms
[25,465s][info][gc] GC(403) Pause Young (Normal) (G1 Evacuation Pause) 899M->788M(1024M) 4,881ms
[25,484s][info][gc] GC(400) Pause Remark 827M->827M(1024M) 0,826ms
[25,521s][info][gc] GC(404) Pause Young (Normal) (G1 Evacuation Pause) 899M->798M(1024M) 5,033ms
[25,571s][info][gc] GC(405) Pause Young (Normal) (G1 Evacuation Pause) 902M->806M(1024M) 4,880ms
[25,618s][info][gc] GC(406) Pause Young (Normal) (G1 Evacuation Pause) 903M->814M(1024M) 4,851ms
[25,637s][info][gc] GC(400) Pause Cleanup 859M->859M(1024M) 0,333ms
[25,639s][info][gc] GC(400) Concurrent Mark Cycle 367,599ms
[25,661s][info][gc] GC(407) Pause Young (Prepare Mixed) (G1 Evacuation Pause) 904M->820M(1024M) 4,540ms
[25,694s][info][gc] GC(408) Pause Young (Mixed) (G1 Evacuation Pause) 863M->775M(1024M) 14,583ms
[25,729s][info][gc] GC(409) Pause Young (Mixed) (G1 Evacuation Pause) 822M->738M(1024M) 14,672ms
[25,758s][info][gc] GC(410) Pause Young (Mixed) (G1 Evacuation Pause) 782M->720M(1024M) 10,762ms
[25,835s][info][gc] GC(411) Pause Young (Normal) (G1 Evacuation Pause) 891M->732M(1024M) 5,349ms
[25,908s][info][gc] GC(412) Pause Young (Normal) (G1 Evacuation Pause) 892M->745M(1024M) 7,191ms
[25,974s][info][gc] GC(413) Pause Young (Concurrent Start) (G1 Evacuation Pause) 894M->757M(1024M) 5,886ms
[25,974s][info][gc] GC(414) Concurrent Mark Cycle
[26,044s][info][gc] GC(415) Pause Young (Normal) (G1 Evacuation Pause) 896M->768M(1024M) 5,467ms
[26,109s][info][gc] GC(416) Pause Young (Normal) (G1 Evacuation Pause) 898M->778M(1024M) 5,359ms
[26,170s][info][gc] GC(417) Pause Young (Normal) (G1 Evacuation Pause) 899M->788M(1024M) 4,878ms
[26,188s][info][gc] GC(414) Pause Remark 825M->825M(1024M) 0,705ms
[26,226s][info][gc] GC(418) Pause Young (Normal) (G1 Evacuation Pause) 900M->796M(1024M) 5,095ms
[26,277s][info][gc] GC(419) Pause Young (Normal) (G1 Evacuation Pause) 901M->805M(1024M) 4,976ms
[26,325s][info][gc] GC(420) Pause Young (Normal) (G1 Evacuation Pause) 903M->813M(1024M) 4,799ms
[26,343s][info][gc] GC(414) Pause Cleanup 854M->854M(1024M) 0,322ms
[26,344s][info][gc] GC(414) Concurrent Mark Cycle 370,509ms
[26,369s][info][gc] GC(421) Pause Young (Prepare Mixed) (G1 Evacuation Pause) 904M->820M(1024M) 4,499ms
[26,403s][info][gc] GC(422) Pause Young (Mixed) (G1 Evacuation Pause) 863M->775M(1024M) 14,954ms
[26,437s][info][gc] GC(423) Pause Young (Mixed) (G1 Evacuation Pause) 822M->738M(1024M) 14,380ms
[26,467s][info][gc] GC(424) Pause Young (Mixed) (G1 Evacuation Pause) 782M->720M(1024M) 11,005ms
[26,545s][info][gc] GC(425) Pause Young (Normal) (G1 Evacuation Pause) 891M->733M(1024M) 5,332ms
[26,618s][info][gc] GC(426) Pause Young (Normal) (G1 Evacuation Pause) 893M->746M(1024M) 7,103ms
[26,685s][info][gc] GC(427) Pause Young (Concurrent Start) (G1 Evacuation Pause) 894M->758M(1024M) 5,793ms
[26,685s][info][gc] GC(428) Concurrent Mark Cycle
[26,755s][info][gc] GC(429) Pause Young (Normal) (G1 Evacuation Pause) 896M->768M(1024M) 5,479ms
[26,819s][info][gc] GC(430) Pause Young (Normal) (G1 Evacuation Pause) 897M->779M(1024M) 5,023ms
[26,880s][info][gc] GC(431) Pause Young (Normal) (G1 Evacuation Pause) 899M->789M(1024M) 4,832ms
[26,898s][info][gc] GC(428) Pause Remark 826M->826M(1024M) 0,871ms
[26,936s][info][gc] GC(432) Pause Young (Normal) (G1 Evacuation Pause) 900M->797M(1024M) 5,078ms
[26,985s][info][gc] GC(433) Pause Young (Normal) (G1 Evacuation Pause) 901M->806M(1024M) 4,883ms
[27,032s][info][gc] GC(434) Pause Young (Normal) (G1 Evacuation Pause) 902M->814M(1024M) 4,746ms
[27,052s][info][gc] GC(428) Pause Cleanup 859M->859M(1024M) 0,335ms
[27,053s][info][gc] GC(428) Concurrent Mark Cycle 368,213ms
[27,076s][info][gc] GC(435) Pause Young (Prepare Mixed) (G1 Evacuation Pause) 904M->821M(1024M) 4,382ms
[27,108s][info][gc] GC(436) Pause Young (Mixed) (G1 Evacuation Pause) 864M->775M(1024M) 14,289ms
[27,142s][info][gc] GC(437) Pause Young (Mixed) (G1 Evacuation Pause) 822M->739M(1024M) 14,218ms
[27,171s][info][gc] GC(438) Pause Young (Mixed) (G1 Evacuation Pause) 783M->720M(1024M) 10,881ms
[27,246s][info][gc] GC(439) Pause Young (Normal) (G1 Evacuation Pause) 891M->732M(1024M) 5,335ms
[27,320s][info][gc] GC(440) Pause Young (Normal) (G1 Evacuation Pause) 892M->746M(1024M) 7,100ms
[27,388s][info][gc] GC(441) Pause Young (Concurrent Start) (G1 Evacuation Pause) 894M->758M(1024M) 5,780ms
[27,388s][info][gc] GC(442) Concurrent Mark Cycle
[27,457s][info][gc] GC(443) Pause Young (Normal) (G1 Evacuation Pause) 896M->768M(1024M) 5,541ms
[27,522s][info][gc] GC(444) Pause Young (Normal) (G1 Evacuation Pause) 897M->779M(1024M) 5,151ms
[27,582s][info][gc] GC(445) Pause Young (Normal) (G1 Evacuation Pause) 899M->788M(1024M) 4,891ms
[27,601s][info][gc] GC(442) Pause Remark 825M->825M(1024M) 0,936ms
[27,638s][info][gc] GC(446) Pause Young (Normal) (G1 Evacuation Pause) 899M->797M(1024M) 5,075ms
[27,689s][info][gc] GC(447) Pause Young (Normal) (G1 Evacuation Pause) 902M->806M(1024M) 4,952ms
[27,736s][info][gc] GC(448) Pause Young (Normal) (G1 Evacuation Pause) 903M->813M(1024M) 4,895ms
[27,756s][info][gc] GC(442) Pause Cleanup 858M->858M(1024M) 0,359ms
[27,757s][info][gc] GC(442) Concurrent Mark Cycle 368,572ms
[27,780s][info][gc] GC(449) Pause Young (Prepare Mixed) (G1 Evacuation Pause) 904M->821M(1024M) 4,492ms
[27,813s][info][gc] GC(450) Pause Young (Mixed) (G1 Evacuation Pause) 864M->775M(1024M) 14,957ms
[27,848s][info][gc] GC(451) Pause Young (Mixed) (G1 Evacuation Pause) 822M->738M(1024M) 14,770ms
[27,878s][info][gc] GC(452) Pause Young (Mixed) (G1 Evacuation Pause) 782M->720M(1024M) 10,996ms
[27,955s][info][gc] GC(453) Pause Young (Normal) (G1 Evacuation Pause) 891M->733M(1024M) 5,168ms
[28,029s][info][gc] GC(454) Pause Young (Normal) (G1 Evacuation Pause) 893M->746M(1024M) 7,260ms
[28,098s][info][gc] GC(455) Pause Young (Concurrent Start) (G1 Evacuation Pause) 895M->758M(1024M) 5,946ms
[28,098s][info][gc] GC(456) Concurrent Mark Cycle
[28,168s][info][gc] GC(457) Pause Young (Normal) (G1 Evacuation Pause) 896M->769M(1024M) 5,579ms
[28,235s][info][gc] GC(458) Pause Young (Normal) (G1 Evacuation Pause) 898M->779M(1024M) 5,017ms
[28,296s][info][gc] GC(459) Pause Young (Normal) (G1 Evacuation Pause) 899M->788M(1024M) 4,854ms
[28,314s][info][gc] GC(456) Pause Remark 827M->827M(1024M) 0,912ms
[28,351s][info][gc] GC(460) Pause Young (Normal) (G1 Evacuation Pause) 899M->797M(1024M) 5,081ms
[28,402s][info][gc] GC(461) Pause Young (Normal) (G1 Evacuation Pause) 902M->806M(1024M) 4,901ms
[28,449s][info][gc] GC(462) Pause Young (Normal) (G1 Evacuation Pause) 903M->814M(1024M) 4,874ms
[28,469s][info][gc] GC(456) Pause Cleanup 859M->859M(1024M) 0,373ms
[28,470s][info][gc] GC(456) Concurrent Mark Cycle 372,341ms
[28,493s][info][gc] GC(463) Pause Young (Prepare Mixed) (G1 Evacuation Pause) 904M->821M(1024M) 4,468ms
[28,526s][info][gc] GC(464) Pause Young (Mixed) (G1 Evacuation Pause) 864M->775M(1024M) 14,690ms
[28,560s][info][gc] GC(465) Pause Young (Mixed) (G1 Evacuation Pause) 822M->739M(1024M) 14,610ms
[28,590s][info][gc] GC(466) Pause Young (Mixed) (G1 Evacuation Pause) 783M->721M(1024M) 10,846ms
[28,668s][info][gc] GC(467) Pause Young (Normal) (G1 Evacuation Pause) 891M->734M(1024M) 5,103ms
[28,741s][info][gc] GC(468) Pause Young (Normal) (G1 Evacuation Pause) 893M->747M(1024M) 7,118ms
[28,807s][info][gc] GC(469) Pause Young (Concurrent Start) (G1 Evacuation Pause) 895M->758M(1024M) 5,808ms
[28,807s][info][gc] GC(470) Concurrent Mark Cycle
[28,877s][info][gc] GC(471) Pause Young (Normal) (G1 Evacuation Pause) 896M->770M(1024M) 5,463ms
[28,941s][info][gc] GC(472) Pause Young (Normal) (G1 Evacuation Pause) 898M->780M(1024M) 5,031ms
[29,001s][info][gc] GC(473) Pause Young (Normal) (G1 Evacuation Pause) 899M->789M(1024M) 4,928ms
[29,021s][info][gc] GC(470) Pause Remark 830M->830M(1024M) 0,859ms
[29,056s][info][gc] GC(474) Pause Young (Normal) (G1 Evacuation Pause) 900M->798M(1024M) 5,119ms
[29,106s][info][gc] GC(475) Pause Young (Normal) (G1 Evacuation Pause) 902M->807M(1024M) 4,977ms
[29,153s][info][gc] GC(476) Pause Young (Normal) (G1 Evacuation Pause) 903M->815M(1024M) 4,835ms
[29,176s][info][gc] GC(470) Pause Cleanup 868M->868M(1024M) 0,375ms
[29,177s][info][gc] GC(470) Concurrent Mark Cycle 370,149ms
[29,196s][info][gc] GC(477) Pause Young (Prepare Mixed) (G1 Evacuation Pause) 904M->821M(1024M) 4,339ms
[29,229s][info][gc] GC(478) Pause Young (Mixed) (G1 Evacuation Pause) 864M->775M(1024M) 14,667ms
[29,264s][info][gc] GC(479) Pause Young (Mixed) (G1 Evacuation Pause) 822M->739M(1024M) 14,384ms
[29,294s][info][gc] GC(480) Pause Young (Mixed) (G1 Evacuation Pause) 783M->722M(1024M) 10,996ms
[29,370s][info][gc] GC(481) Pause Young (Normal) (G1 Evacuation Pause) 891M->734M(1024M) 5,213ms
[29,444s][info][gc] GC(482) Pause Young (Normal) (G1 Evacuation Pause) 892M->747M(1024M) 6,970ms
[29,512s][info][gc] GC(483) Pause Young (Concurrent Start) (G1 Evacuation Pause) 895M->759M(1024M) 5,840ms
[29,512s][info][gc] GC(484) Concurrent Mark Cycle
[29,580s][info][gc] GC(485) Pause Young (Normal) (G1 Evacuation Pause) 896M->770M(1024M) 5,583ms
[29,645s][info][gc] GC(486) Pause Young (Normal) (G1 Evacuation Pause) 898M->780M(1024M) 5,165ms
[29,705s][info][gc] GC(487) Pause Young (Normal) (G1 Evacuation Pause) 899M->789M(1024M) 4,932ms
[29,724s][info][gc] GC(484) Pause Remark 830M->830M(1024M) 0,774ms
[29,760s][info][gc] GC(488) Pause Young (Normal) (G1 Evacuation Pause) 900M->798M(1024M) 5,089ms
[29,810s][info][gc] GC(489) Pause Young (Normal) (G1 Evacuation Pause) 902M->807M(1024M) 4,816ms
[29,856s][info][gc] GC(490) Pause Young (Normal) (G1 Evacuation Pause) 903M->814M(1024M) 4,722ms
[29,879s][info][gc] GC(484) Pause Cleanup 866M->866M(1024M) 0,322ms
[29,880s][info][gc] GC(484) Concurrent Mark Cycle 368,612ms
[29,900s][info][gc] GC(491) Pause Young (Prepare Mixed) (G1 Evacuation Pause) 904M->821M(1024M) 4,464ms
[29,933s][info][gc] GC(492) Pause Young (Mixed) (G1 Evacuation Pause) 864M->775M(1024M) 14,471ms
[29,967s][info][gc] GC(493) Pause Young (Mixed) (G1 Evacuation Pause) 822M->739M(1024M) 14,456ms
[29,997s][info][gc] GC(494) Pause Young (Mixed) (G1 Evacuation Pause) 783M->718M(1024M) 11,713ms
[30,075s][info][gc] GC(495) Pause Young (Normal) (G1 Evacuation Pause) 891M->731M(1024M) 5,275ms
[30,149s][info][gc] GC(496) Pause Young (Normal) (G1 Evacuation Pause) 892M->744M(1024M) 7,224ms
[30,215s][info][gc] GC(497) Pause Young (Concurrent Start) (G1 Evacuation Pause) 893M->755M(1024M) 5,863ms
[30,216s][info][gc] GC(498) Concurrent Mark Cycle
[30,286s][info][gc] GC(499) Pause Young (Normal) (G1 Evacuation Pause) 895M->766M(1024M) 5,516ms
[30,351s][info][gc] GC(500) Pause Young (Normal) (G1 Evacuation Pause) 896M->777M(1024M) 5,184ms
[30,412s][info][gc] GC(501) Pause Young (Normal) (G1 Evacuation Pause) 899M->787M(1024M) 4,952ms
[30,428s][info][gc] GC(498) Pause Remark 820M->820M(1024M) 0,866ms
[30,468s][info][gc] GC(502) Pause Young (Normal) (G1 Evacuation Pause) 900M->796M(1024M) 5,164ms
[30,519s][info][gc] GC(503) Pause Young (Normal) (G1 Evacuation Pause) 901M->805M(1024M) 4,983ms
[30,566s][info][gc] GC(504) Pause Young (Normal) (G1 Evacuation Pause) 903M->813M(1024M) 4,822ms
[30,583s][info][gc] GC(498) Pause Cleanup 850M->850M(1024M) 0,351ms
[30,584s][info][gc] GC(498) Concurrent Mark Cycle 368,686ms
[30,611s][info][gc] GC(505) Pause Young (Prepare Mixed) (G1 Evacuation Pause) 904M->820M(1024M) 4,519ms
[30,644s][info][gc] GC(506) Pause Young (Mixed) (G1 Evacuation Pause) 863M->775M(1024M) 14,693ms
[30,679s][info][gc] GC(507) Pause Young (Mixed) (G1 Evacuation Pause) 822M->739M(1024M) 14,529ms
[30,708s][info][gc] GC(508) Pause Young (Mixed) (G1 Evacuation Pause) 783M->724M(1024M) 10,204ms
[30,785s][info][gc] GC(509) Pause Young (Normal) (G1 Evacuation Pause) 891M->736M(1024M) 5,133ms
[30,856s][info][gc] GC(510) Pause Young (Normal) (G1 Evacuation Pause) 892M->749M(1024M) 7,070ms
[30,923s][info][gc] GC(511) Pause Young (Concurrent Start) (G1 Evacuation Pause) 895M->759M(1024M) 5,662ms
[30,923s][info][gc] GC(512) Concurrent Mark Cycle
[30,991s][info][gc] GC(513) Pause Young (Normal) (G1 Evacuation Pause) 896M->770M(1024M) 5,385ms
[31,055s][info][gc] GC(514) Pause Young (Normal) (G1 Evacuation Pause) 897M->780M(1024M) 5,287ms
[31,115s][info][gc] GC(515) Pause Young (Normal) (G1 Evacuation Pause) 898M->790M(1024M) 4,793ms
[31,136s][info][gc] GC(512) Pause Remark 834M->834M(1024M) 0,846ms
[31,171s][info][gc] GC(516) Pause Young (Normal) (G1 Evacuation Pause) 900M->799M(1024M) 5,151ms
[31,221s][info][gc] GC(517) Pause Young (Normal) (G1 Evacuation Pause) 902M->807M(1024M) 4,763ms
[31,267s][info][gc] GC(518) Pause Young (Normal) (G1 Evacuation Pause) 902M->815M(1024M) 4,700ms
[31,292s][info][gc] GC(512) Pause Cleanup 870M->870M(1024M) 0,365ms
[31,293s][info][gc] GC(512) Concurrent Mark Cycle 370,033ms
[31,312s][info][gc] GC(519) Pause Young (Prepare Mixed) (G1 Evacuation Pause) 904M->822M(1024M) 4,456ms
[31,345s][info][gc] GC(520) Pause Young (Mixed) (G1 Evacuation Pause) 865M->775M(1024M) 14,304ms
[31,379s][info][gc] GC(521) Pause Young (Mixed) (G1 Evacuation Pause) 822M->738M(1024M) 14,469ms
[31,409s][info][gc] GC(522) Pause Young (Mixed) (G1 Evacuation Pause) 782M->718M(1024M) 11,280ms
[31,490s][info][gc] GC(523) Pause Young (Normal) (G1 Evacuation Pause) 891M->731M(1024M) 5,293ms
[31,564s][info][gc] GC(524) Pause Young (Normal) (G1 Evacuation Pause) 893M->744M(1024M) 7,264ms
[31,631s][info][gc] GC(525) Pause Young (Concurrent Start) (G1 Evacuation Pause) 893M->756M(1024M) 5,885ms
[31,631s][info][gc] GC(526) Concurrent Mark Cycle
[31,700s][info][gc] GC(527) Pause Young (Normal) (G1 Evacuation Pause) 895M->767M(1024M) 5,589ms
[31,766s][info][gc] GC(528) Pause Young (Normal) (G1 Evacuation Pause) 897M->778M(1024M) 5,179ms
[31,827s][info][gc] GC(529) Pause Young (Normal) (G1 Evacuation Pause) 899M->787M(1024M) 4,863ms
[31,845s][info][gc] GC(526) Pause Remark 824M->824M(1024M) 0,725ms
[31,884s][info][gc] GC(530) Pause Young (Normal) (G1 Evacuation Pause) 900M->796M(1024M) 5,019ms
[31,935s][info][gc] GC(531) Pause Young (Normal) (G1 Evacuation Pause) 901M->804M(1024M) 4,958ms
[31,982s][info][gc] GC(532) Pause Young (Normal) (G1 Evacuation Pause) 902M->812M(1024M) 4,799ms
[31,999s][info][gc] GC(526) Pause Cleanup 852M->852M(1024M) 0,321ms
[32,000s][info][gc] GC(526) Concurrent Mark Cycle 369,711ms
[32,026s][info][gc] GC(533) Pause Young (Prepare Mixed) (G1 Evacuation Pause) 904M->819M(1024M) 4,403ms
[32,060s][info][gc] GC(534) Pause Young (Mixed) (G1 Evacuation Pause) 862M->775M(1024M) 14,911ms
[32,098s][info][gc] GC(535) Pause Young (Mixed) (G1 Evacuation Pause) 822M->738M(1024M) 18,352ms
[32,128s][info][gc] GC(536) Pause Young (Mixed) (G1 Evacuation Pause) 782M->721M(1024M) 10,819ms
[32,205s][info][gc] GC(537) Pause Young (Normal) (G1 Evacuation Pause) 891M->734M(1024M) 5,047ms
[32,279s][info][gc] GC(538) Pause Young (Normal) (G1 Evacuation Pause) 893M->747M(1024M) 7,215ms
[32,345s][info][gc] GC(539) Pause Young (Concurrent Start) (G1 Evacuation Pause) 894M->759M(1024M) 5,722ms
[32,345s][info][gc] GC(540) Concurrent Mark Cycle
[32,414s][info][gc] GC(541) Pause Young (Normal) (G1 Evacuation Pause) 896M->770M(1024M) 5,514ms
[32,477s][info][gc] GC(542) Pause Young (Normal) (G1 Evacuation Pause) 898M->780M(1024M) 5,042ms
[32,537s][info][gc] GC(543) Pause Young (Normal) (G1 Evacuation Pause) 899M->789M(1024M) 4,861ms
[32,557s][info][gc] GC(540) Pause Remark 831M->831M(1024M) 0,781ms
[32,593s][info][gc] GC(544) Pause Young (Normal) (G1 Evacuation Pause) 900M->798M(1024M) 5,023ms
[32,643s][info][gc] GC(545) Pause Young (Normal) (G1 Evacuation Pause) 901M->806M(1024M) 4,928ms
[32,689s][info][gc] GC(546) Pause Young (Normal) (G1 Evacuation Pause) 902M->814M(1024M) 4,698ms
[32,712s][info][gc] GC(540) Pause Cleanup 866M->866M(1024M) 0,352ms
[32,713s][info][gc] GC(540) Concurrent Mark Cycle 368,233ms
[32,733s][info][gc] GC(547) Pause Young (Prepare Mixed) (G1 Evacuation Pause) 904M->821M(1024M) 4,408ms
[32,766s][info][gc] GC(548) Pause Young (Mixed) (G1 Evacuation Pause) 864M->777M(1024M) 14,608ms
[32,801s][info][gc] GC(549) Pause Young (Mixed) (G1 Evacuation Pause) 824M->740M(1024M) 14,869ms
[32,831s][info][gc] GC(550) Pause Young (Mixed) (G1 Evacuation Pause) 784M->721M(1024M) 11,205ms
[32,907s][info][gc] GC(551) Pause Young (Normal) (G1 Evacuation Pause) 891M->733M(1024M) 5,447ms
[32,979s][info][gc] GC(552) Pause Young (Normal) (G1 Evacuation Pause) 892M->747M(1024M) 7,028ms
[33,045s][info][gc] GC(553) Pause Young (Concurrent Start) (G1 Evacuation Pause) 895M->758M(1024M) 5,733ms
[33,045s][info][gc] GC(554) Concurrent Mark Cycle
[33,114s][info][gc] GC(555) Pause Young (Normal) (G1 Evacuation Pause) 896M->769M(1024M) 5,573ms
[33,179s][info][gc] GC(556) Pause Young (Normal) (G1 Evacuation Pause) 898M->779M(1024M) 5,120ms
[33,240s][info][gc] GC(557) Pause Young (Normal) (G1 Evacuation Pause) 899M->788M(1024M) 5,005ms
[33,258s][info][gc] GC(554) Pause Remark 827M->827M(1024M) 0,768ms
[33,295s][info][gc] GC(558) Pause Young (Normal) (G1 Evacuation Pause) 899M->797M(1024M) 5,138ms
[33,345s][info][gc] GC(559) Pause Young (Normal) (G1 Evacuation Pause) 902M->806M(1024M) 4,962ms
[33,392s][info][gc] GC(560) Pause Young (Normal) (G1 Evacuation Pause) 903M->814M(1024M) 4,781ms
[33,413s][info][gc] GC(554) Pause Cleanup 861M->861M(1024M) 0,376ms
[33,414s][info][gc] GC(554) Concurrent Mark Cycle 369,187ms
[33,436s][info][gc] GC(561) Pause Young (Prepare Mixed) (G1 Evacuation Pause) 904M->821M(1024M) 4,451ms
[33,469s][info][gc] GC(562) Pause Young (Mixed) (G1 Evacuation Pause) 864M->775M(1024M) 15,086ms
[33,505s][info][gc] GC(563) Pause Young (Mixed) (G1 Evacuation Pause) 822M->739M(1024M) 15,148ms
[33,534s][info][gc] GC(564) Pause Young (Mixed) (G1 Evacuation Pause) 783M->722M(1024M) 10,780ms
[33,610s][info][gc] GC(565) Pause Young (Normal) (G1 Evacuation Pause) 891M->734M(1024M) 5,255ms
[33,682s][info][gc] GC(566) Pause Young (Normal) (G1 Evacuation Pause) 892M->747M(1024M) 7,102ms
[33,748s][info][gc] GC(567) Pause Young (Concurrent Start) (G1 Evacuation Pause) 895M->758M(1024M) 5,781ms
[33,748s][info][gc] GC(568) Concurrent Mark Cycle
[33,817s][info][gc] GC(569) Pause Young (Normal) (G1 Evacuation Pause) 896M->769M(1024M) 5,315ms
[33,882s][info][gc] GC(570) Pause Young (Normal) (G1 Evacuation Pause) 898M->780M(1024M) 5,200ms
[33,942s][info][gc] GC(571) Pause Young (Normal) (G1 Evacuation Pause) 899M->789M(1024M) 4,899ms
[33,961s][info][gc] GC(568) Pause Remark 829M->829M(1024M) 0,805ms
[33,997s][info][gc] GC(572) Pause Young (Normal) (G1 Evacuation Pause) 900M->798M(1024M) 5,128ms
[34,047s][info][gc] GC(573) Pause Young (Normal) (G1 Evacuation Pause) 902M->807M(1024M) 5,058ms
[34,094s][info][gc] GC(574) Pause Young (Normal) (G1 Evacuation Pause) 903M->814M(1024M) 4,803ms
[34,117s][info][gc] GC(568) Pause Cleanup 866M->866M(1024M) 0,409ms
[34,118s][info][gc] GC(568) Concurrent Mark Cycle 369,758ms
[34,138s][info][gc] GC(575) Pause Young (Prepare Mixed) (G1 Evacuation Pause) 904M->821M(1024M) 4,426ms
[34,171s][info][gc] GC(576) Pause Young (Mixed) (G1 Evacuation Pause) 864M->775M(1024M) 14,484ms
[34,206s][info][gc] GC(577) Pause Young (Mixed) (G1 Evacuation Pause) 822M->738M(1024M) 14,444ms
[34,236s][info][gc] GC(578) Pause Young (Mixed) (G1 Evacuation Pause) 782M->719M(1024M) 11,291ms
[34,314s][info][gc] GC(579) Pause Young (Normal) (G1 Evacuation Pause) 891M->731M(1024M) 5,320ms
[34,386s][info][gc] GC(580) Pause Young (Normal) (G1 Evacuation Pause) 892M->744M(1024M) 7,191ms
[34,455s][info][gc] GC(581) Pause Young (Concurrent Start) (G1 Evacuation Pause) 894M->757M(1024M) 5,940ms
[34,455s][info][gc] GC(582) Concurrent Mark Cycle
[34,526s][info][gc] GC(583) Pause Young (Normal) (G1 Evacuation Pause) 896M->767M(1024M) 5,483ms
[34,591s][info][gc] GC(584) Pause Young (Normal) (G1 Evacuation Pause) 897M->778M(1024M) 5,215ms
[34,652s][info][gc] GC(585) Pause Young (Normal) (G1 Evacuation Pause) 899M->787M(1024M) 4,972ms
[34,670s][info][gc] GC(582) Pause Remark 823M->823M(1024M) 0,810ms
[34,708s][info][gc] GC(586) Pause Young (Normal) (G1 Evacuation Pause) 899M->796M(1024M) 5,181ms
[34,758s][info][gc] GC(587) Pause Young (Normal) (G1 Evacuation Pause) 901M->805M(1024M) 4,932ms
[34,806s][info][gc] GC(588) Pause Young (Normal) (G1 Evacuation Pause) 903M->812M(1024M) 4,897ms
[34,824s][info][gc] GC(582) Pause Cleanup 853M->853M(1024M) 0,351ms
[34,825s][info][gc] GC(582) Concurrent Mark Cycle 369,920ms
[34,850s][info][gc] GC(589) Pause Young (Prepare Mixed) (G1 Evacuation Pause) 904M->820M(1024M) 4,497ms
[34,883s][info][gc] GC(590) Pause Young (Mixed) (G1 Evacuation Pause) 863M->774M(1024M) 15,046ms
[34,918s][info][gc] GC(591) Pause Young (Mixed) (G1 Evacuation Pause) 821M->738M(1024M) 14,386ms
[34,947s][info][gc] GC(592) Pause Young (Mixed) (G1 Evacuation Pause) 782M->721M(1024M) 10,547ms
[35,024s][info][gc] GC(593) Pause Young (Normal) (G1 Evacuation Pause) 891M->734M(1024M) 5,352ms
[35,096s][info][gc] GC(594) Pause Young (Normal) (G1 Evacuation Pause) 893M->747M(1024M) 7,136ms
[35,162s][info][gc] GC(595) Pause Young (Concurrent Start) (G1 Evacuation Pause) 895M->758M(1024M) 5,823ms
[35,162s][info][gc] GC(596) Concurrent Mark Cycle
[35,231s][info][gc] GC(597) Pause Young (Normal) (G1 Evacuation Pause) 896M->769M(1024M) 5,511ms
[35,296s][info][gc] GC(598) Pause Young (Normal) (G1 Evacuation Pause) 897M->780M(1024M) 5,140ms
[35,356s][info][gc] GC(599) Pause Young (Normal) (G1 Evacuation Pause) 899M->788M(1024M) 4,812ms
[35,376s][info][gc] GC(596) Pause Remark 830M->830M(1024M) 0,885ms
[35,412s][info][gc] GC(600) Pause Young (Normal) (G1 Evacuation Pause) 899M->798M(1024M) 4,903ms
[35,462s][info][gc] GC(601) Pause Young (Normal) (G1 Evacuation Pause) 902M->806M(1024M) 4,865ms
[35,510s][info][gc] GC(602) Pause Young (Normal) (G1 Evacuation Pause) 903M->813M(1024M) 4,786ms
[35,532s][info][gc] GC(596) Pause Cleanup 864M->864M(1024M) 0,340ms
[35,533s][info][gc] GC(596) Concurrent Mark Cycle 371,369ms
[35,554s][info][gc] GC(603) Pause Young (Prepare Mixed) (G1 Evacuation Pause) 904M->820M(1024M) 4,452ms
[35,587s][info][gc] GC(604) Pause Young (Mixed) (G1 Evacuation Pause) 863M->775M(1024M) 14,592ms
[35,622s][info][gc] GC(605) Pause Young (Mixed) (G1 Evacuation Pause) 822M->738M(1024M) 14,826ms
[35,653s][info][gc] GC(606) Pause Young (Mixed) (G1 Evacuation Pause) 782M->719M(1024M) 11,193ms
[35,730s][info][gc] GC(607) Pause Young (Normal) (G1 Evacuation Pause) 891M->731M(1024M) 5,253ms
[35,802s][info][gc] GC(608) Pause Young (Normal) (G1 Evacuation Pause) 892M->745M(1024M) 7,272ms
[35,868s][info][gc] GC(609) Pause Young (Concurrent Start) (G1 Evacuation Pause) 894M->756M(1024M) 5,802ms
[35,868s][info][gc] GC(610) Concurrent Mark Cycle
[35,938s][info][gc] GC(611) Pause Young (Normal) (G1 Evacuation Pause) 895M->768M(1024M) 5,453ms
[36,002s][info][gc] GC(612) Pause Young (Normal) (G1 Evacuation Pause) 897M->779M(1024M) 5,170ms
[36,062s][info][gc] GC(613) Pause Young (Normal) (G1 Evacuation Pause) 899M->788M(1024M) 4,915ms
[36,082s][info][gc] GC(610) Pause Remark 813M->813M(1024M) 0,739ms
[36,223s][info][gc] GC(610) Pause Cleanup 813M->813M(1024M) 0,353ms
[36,224s][info][gc] GC(610) Concurrent Mark Cycle 355,358ms
