[0.006s][info][gc] Using G1
[0,166s][info][gc] GC(0) Pause Young (Normal) (G1 Evacuation Pause) 29M->7M(514M) 2,071ms
[0,209s][info][gc] GC(1) Pause Young (Normal) (G1 Evacuation Pause) 51M->10M(514M) 2,570ms
[0,319s][info][gc] GC(2) Pause Young (Normal) (G1 Evacuation Pause) 148M->20M(514M) 5,302ms
[0,390s][info][gc] GC(3) Pause Young (Normal) (G1 Evacuation Pause) 160M->30M(514M) 7,611ms
[0,462s][info][gc] GC(4) Pause Young (Normal) (G1 Evacuation Pause) 172M->41M(514M) 7,481ms
[0,583s][info][gc] GC(5) Pause Young (Normal) (G1 Evacuation Pause) 251M->58M(514M) 9,936ms
[0,736s][info][gc] GC(6) Pause Young (Normal) (G1 Evacuation Pause) 338M->79M(514M) 12,999ms
[0,862s][info][gc] GC(7) Pause Young (Normal) (G1 Evacuation Pause) 349M->98M(537M) 13,452ms
[1,005s][info][gc] GC(8) Pause Young (Normal) (G1 Evacuation Pause) 398M->118M(537M) 9,323ms
[1,142s][info][gc] GC(9) Pause Young (Normal) (G1 Evacuation Pause) 399M->140M(537M) 15,132ms
[1,294s][info][gc] GC(10) Pause Young (Normal) (G1 Evacuation Pause) 430M->161M(537M) 10,287ms
[1,426s][info][gc] GC(11) Pause Young (Normal) (G1 Evacuation Pause) 436M->182M(537M) 10,411ms
[1,539s][info][gc] GC(12) Pause Young (Normal) (G1 Evacuation Pause) 439M->201M(537M) 9,237ms
[1,648s][info][gc] GC(13) Pause Young (Normal) (G1 Evacuation Pause) 441M->219M(559M) 8,277ms
[1,764s][info][gc] GC(14) Pause Young (Normal) (G1 Evacuation Pause) 462M->238M(559M) 7,912ms
[1,866s][info][gc] GC(15) Pause Young (Normal) (G1 Evacuation Pause) 464M->255M(559M) 7,793ms
[1,960s][info][gc] GC(16) Pause Young (Normal) (G1 Evacuation Pause) 466M->273M(559M) 7,378ms
[2,049s][info][gc] GC(17) Pause Young (Concurrent Start) (G1 Evacuation Pause) 469M->288M(559M) 7,058ms
[2,049s][info][gc] GC(18) Concurrent Mark Cycle
[2,122s][info][gc] GC(18) Pause Remark 441M->441M(740M) 1,601ms
[2,152s][info][gc] GC(19) Pause Young (Normal) (G1 Evacuation Pause) 471M->302M(740M) 7,663ms
[2,184s][info][gc] GC(18) Pause Cleanup 355M->355M(740M) 0,221ms
[2,186s][info][gc] GC(18) Concurrent Mark Cycle 137,267ms
[2,341s][info][gc] GC(20) Pause Young (Prepare Mixed) (G1 Evacuation Pause) 614M->324M(740M) 8,710ms
[2,352s][info][gc] GC(21) Pause Young (Mixed) (G1 Evacuation Pause) 327M->311M(740M) 9,667ms
[2,485s][info][gc] GC(22) Pause Young (Normal) (G1 Evacuation Pause) 614M->328M(740M) 6,362ms
[2,615s][info][gc] GC(23) Pause Young (Normal) (G1 Evacuation Pause) 617M->350M(740M) 10,157ms
[2,737s][info][gc] GC(24) Pause Young (Normal) (G1 Evacuation Pause) 619M->371M(740M) 9,177ms
[2,847s][info][gc] GC(25) Pause Young (Concurrent Start) (G1 Evacuation Pause) 623M->390M(740M) 8,685ms
[2,848s][info][gc] GC(26) Concurrent Mark Cycle
[2,941s][info][gc] GC(26) Pause Remark 589M->589M(985M) 1,978ms
[2,980s][info][gc] GC(27) Pause Young (Normal) (G1 Evacuation Pause) 626M->408M(985M) 9,719ms
[3,017s][info][gc] GC(26) Pause Cleanup 472M->472M(985M) 0,307ms
[3,019s][info][gc] GC(26) Concurrent Mark Cycle 171,656ms
[3,227s][info][gc] GC(28) Pause Young (Prepare Mixed) (G1 Evacuation Pause) 819M->436M(985M) 11,020ms
[3,246s][info][gc] GC(29) Pause Young (Mixed) (G1 Evacuation Pause) 439M->398M(985M) 17,264ms
[3,423s][info][gc] GC(30) Pause Young (Normal) (G1 Evacuation Pause) 805M->423M(985M) 8,199ms
[3,595s][info][gc] GC(31) Pause Young (Normal) (G1 Evacuation Pause) 813M->454M(985M) 12,414ms
[3,767s][info][gc] GC(32) Pause Young (Normal) (G1 Evacuation Pause) 821M->479M(985M) 11,921ms
[3,925s][info][gc] GC(33) Pause Young (Concurrent Start) (G1 Evacuation Pause) 827M->505M(985M) 11,254ms
[3,925s][info][gc] GC(34) Concurrent Mark Cycle
[4,039s][info][gc] GC(34) Pause Remark 750M->750M(1024M) 1,074ms
[4,099s][info][gc] GC(35) Pause Young (Normal) (G1 Evacuation Pause) 832M->532M(1024M) 10,997ms
[4,131s][info][gc] GC(34) Pause Cleanup 605M->605M(1024M) 0,285ms
[4,132s][info][gc] GC(34) Concurrent Mark Cycle 207,162ms
[4,260s][info][gc] GC(36) Pause Young (Prepare Mixed) (G1 Evacuation Pause) 866M->556M(1024M) 13,593ms
[4,286s][info][gc] GC(37) Pause Young (Mixed) (G1 Evacuation Pause) 581M->504M(1024M) 14,619ms
[4,317s][info][gc] GC(38) Pause Young (Mixed) (G1 Evacuation Pause) 550M->471M(1024M) 10,424ms
[4,489s][info][gc] GC(39) Pause Young (Normal) (G1 Evacuation Pause) 857M->498M(1024M) 8,516ms
[4,650s][info][gc] GC(40) Pause Young (Normal) (G1 Evacuation Pause) 861M->524M(1024M) 12,514ms
[4,800s][info][gc] GC(41) Pause Young (Concurrent Start) (G1 Evacuation Pause) 864M->551M(1024M) 11,024ms
[4,801s][info][gc] GC(42) Concurrent Mark Cycle
[4,931s][info][gc] GC(42) Pause Remark 830M->830M(1024M) 0,737ms
[4,959s][info][gc] GC(43) Pause Young (Normal) (G1 Evacuation Pause) 868M->578M(1024M) 10,896ms
[5,037s][info][gc] GC(42) Pause Cleanup 754M->754M(1024M) 0,261ms
[5,038s][info][gc] GC(42) Concurrent Mark Cycle 237,498ms
[5,099s][info][gc] GC(44) Pause Young (Prepare Mixed) (G1 Evacuation Pause) 872M->598M(1024M) 9,953ms
[5,126s][info][gc] GC(45) Pause Young (Mixed) (G1 Evacuation Pause) 626M->548M(1024M) 14,547ms
[5,153s][info][gc] GC(46) Pause Young (Mixed) (G1 Evacuation Pause) 594M->530M(1024M) 7,711ms
[5,301s][info][gc] GC(47) Pause Young (Normal) (G1 Evacuation Pause) 865M->554M(1024M) 7,643ms
[5,440s][info][gc] GC(48) Pause Young (Normal) (G1 Evacuation Pause) 868M->578M(1024M) 11,189ms
[5,569s][info][gc] GC(49) Pause Young (Concurrent Start) (G1 Evacuation Pause) 872M->600M(1024M) 9,780ms
[5,569s][info][gc] GC(50) Concurrent Mark Cycle
[5,706s][info][gc] GC(51) Pause Young (Normal) (G1 Evacuation Pause) 875M->622M(1024M) 9,342ms
[5,720s][info][gc] GC(50) Pause Remark 650M->650M(1024M) 0,823ms
[5,829s][info][gc] GC(52) Pause Young (Normal) (G1 Evacuation Pause) 878M->641M(1024M) 9,279ms
[5,835s][info][gc] GC(50) Pause Cleanup 654M->654M(1024M) 0,329ms
[5,836s][info][gc] GC(50) Concurrent Mark Cycle 266,940ms
[5,936s][info][gc] GC(53) Pause Young (Prepare Mixed) (G1 Evacuation Pause) 879M->659M(1024M) 8,508ms
[5,964s][info][gc] GC(54) Pause Young (Mixed) (G1 Evacuation Pause) 691M->607M(1024M) 14,048ms
[5,997s][info][gc] GC(55) Pause Young (Mixed) (G1 Evacuation Pause) 654M->570M(1024M) 12,703ms
[6,131s][info][gc] GC(56) Pause Young (Normal) (G1 Evacuation Pause) 871M->591M(1024M) 7,264ms
[6,257s][info][gc] GC(57) Pause Young (Normal) (G1 Evacuation Pause) 873M->612M(1024M) 10,323ms
[6,375s][info][gc] GC(58) Pause Young (Concurrent Start) (G1 Evacuation Pause) 875M->633M(1024M) 9,229ms
[6,375s][info][gc] GC(59) Concurrent Mark Cycle
[6,498s][info][gc] GC(60) Pause Young (Normal) (G1 Evacuation Pause) 879M->652M(1024M) 8,563ms
[6,535s][info][gc] GC(59) Pause Remark 731M->731M(1024M) 0,854ms
[6,610s][info][gc] GC(61) Pause Young (Normal) (G1 Evacuation Pause) 881M->670M(1024M) 8,589ms
[6,659s][info][gc] GC(59) Pause Cleanup 781M->781M(1024M) 0,344ms
[6,660s][info][gc] GC(59) Concurrent Mark Cycle 284,391ms
[6,710s][info][gc] GC(62) Pause Young (Prepare Mixed) (G1 Evacuation Pause) 883M->688M(1024M) 7,745ms
[6,739s][info][gc] GC(63) Pause Young (Mixed) (G1 Evacuation Pause) 721M->636M(1024M) 14,309ms
[6,771s][info][gc] GC(64) Pause Young (Mixed) (G1 Evacuation Pause) 683M->597M(1024M) 13,166ms
[6,793s][info][gc] GC(65) Pause Young (Mixed) (G1 Evacuation Pause) 641M->600M(1024M) 4,265ms
[6,915s][info][gc] GC(66) Pause Young (Normal) (G1 Evacuation Pause) 875M->620M(1024M) 6,985ms
[7,033s][info][gc] GC(67) Pause Young (Normal) (G1 Evacuation Pause) 877M->639M(1024M) 9,826ms
[7,143s][info][gc] GC(68) Pause Young (Concurrent Start) (G1 Evacuation Pause) 880M->657M(1024M) 8,638ms
[7,143s][info][gc] GC(69) Concurrent Mark Cycle
[7,262s][info][gc] GC(70) Pause Young (Normal) (G1 Evacuation Pause) 882M->675M(1024M) 7,877ms
[7,318s][info][gc] GC(69) Pause Remark 793M->793M(1024M) 0,774ms
[7,366s][info][gc] GC(71) Pause Young (Normal) (G1 Evacuation Pause) 884M->692M(1024M) 8,049ms
[7,444s][info][gc] GC(69) Pause Cleanup 870M->870M(1024M) 0,319ms
[7,445s][info][gc] GC(69) Concurrent Mark Cycle 302,250ms
[7,459s][info][gc] GC(72) Pause Young (Prepare Mixed) (G1 Evacuation Pause) 886M->706M(1024M) 7,280ms
[7,489s][info][gc] GC(73) Pause Young (Mixed) (G1 Evacuation Pause) 742M->657M(1024M) 14,296ms
[7,522s][info][gc] GC(74) Pause Young (Mixed) (G1 Evacuation Pause) 704M->619M(1024M) 13,487ms
[7,547s][info][gc] GC(75) Pause Young (Mixed) (G1 Evacuation Pause) 663M->616M(1024M) 5,918ms
[7,665s][info][gc] GC(76) Pause Young (Normal) (G1 Evacuation Pause) 877M->635M(1024M) 6,741ms
[7,775s][info][gc] GC(77) Pause Young (Normal) (G1 Evacuation Pause) 879M->653M(1024M) 9,458ms
[7,877s][info][gc] GC(78) Pause Young (Concurrent Start) (G1 Evacuation Pause) 882M->671M(1024M) 8,259ms
[7,877s][info][gc] GC(79) Concurrent Mark Cycle
[7,985s][info][gc] GC(80) Pause Young (Normal) (G1 Evacuation Pause) 884M->688M(1024M) 7,466ms
[8,052s][info][gc] GC(79) Pause Remark 828M->828M(1024M) 0,732ms
[8,087s][info][gc] GC(81) Pause Young (Normal) (G1 Evacuation Pause) 886M->703M(1024M) 8,412ms
[8,181s][info][gc] GC(82) Pause Young (Normal) (G1 Evacuation Pause) 889M->718M(1024M) 9,736ms
[8,198s][info][gc] GC(79) Pause Cleanup 757M->757M(1024M) 0,301ms
[8,199s][info][gc] GC(79) Concurrent Mark Cycle 321,995ms
[8,264s][info][gc] GC(83) Pause Young (Prepare Mixed) (G1 Evacuation Pause) 891M->732M(1024M) 6,682ms
[8,294s][info][gc] GC(84) Pause Young (Mixed) (G1 Evacuation Pause) 769M->684M(1024M) 14,353ms
[8,327s][info][gc] GC(85) Pause Young (Mixed) (G1 Evacuation Pause) 731M->645M(1024M) 13,263ms
[8,351s][info][gc] GC(86) Pause Young (Mixed) (G1 Evacuation Pause) 689M->642M(1024M) 5,424ms
[8,456s][info][gc] GC(87) Pause Young (Normal) (G1 Evacuation Pause) 880M->660M(1024M) 6,348ms
[8,558s][info][gc] GC(88) Pause Young (Normal) (G1 Evacuation Pause) 883M->677M(1024M) 8,877ms
[8,652s][info][gc] GC(89) Pause Young (Concurrent Start) (G1 Evacuation Pause) 885M->695M(1024M) 7,440ms
[8,652s][info][gc] GC(90) Concurrent Mark Cycle
[8,750s][info][gc] GC(91) Pause Young (Normal) (G1 Evacuation Pause) 888M->708M(1024M) 6,968ms
[8,833s][info][gc] GC(90) Pause Remark 885M->885M(1024M) 0,732ms
[8,842s][info][gc] GC(92) Pause Young (Normal) (G1 Evacuation Pause) 888M->723M(1024M) 6,965ms
[8,922s][info][gc] GC(93) Pause Young (Normal) (G1 Evacuation Pause) 891M->736M(1024M) 6,731ms
[8,974s][info][gc] GC(90) Pause Cleanup 852M->852M(1024M) 0,396ms
[8,975s][info][gc] GC(90) Concurrent Mark Cycle 322,768ms
[8,998s][info][gc] GC(94) Pause Young (Prepare Mixed) (G1 Evacuation Pause) 893M->749M(1024M) 6,376ms
[9,028s][info][gc] GC(95) Pause Young (Mixed) (G1 Evacuation Pause) 786M->700M(1024M) 14,102ms
[9,062s][info][gc] GC(96) Pause Young (Mixed) (G1 Evacuation Pause) 747M->661M(1024M) 13,627ms
[9,089s][info][gc] GC(97) Pause Young (Mixed) (G1 Evacuation Pause) 705M->650M(1024M) 8,465ms
[9,193s][info][gc] GC(98) Pause Young (Normal) (G1 Evacuation Pause) 881M->667M(1024M) 6,428ms
[9,292s][info][gc] GC(99) Pause Young (Normal) (G1 Evacuation Pause) 884M->684M(1024M) 8,807ms
[9,383s][info][gc] GC(100) Pause Young (Concurrent Start) (G1 Evacuation Pause) 885M->700M(1024M) 7,230ms
[9,383s][info][gc] GC(101) Concurrent Mark Cycle
[9,477s][info][gc] GC(102) Pause Young (Normal) (G1 Evacuation Pause) 888M->714M(1024M) 6,915ms
[9,565s][info][gc] GC(103) Pause Young (Normal) (G1 Evacuation Pause) 890M->728M(1024M) 6,696ms
[9,573s][info][gc] GC(101) Pause Remark 744M->744M(1024M) 0,810ms
[9,645s][info][gc] GC(104) Pause Young (Normal) (G1 Evacuation Pause) 892M->741M(1024M) 6,573ms
[9,709s][info][gc] GC(101) Pause Cleanup 889M->889M(1024M) 0,326ms
[9,710s][info][gc] GC(101) Concurrent Mark Cycle 327,552ms
[9,718s][info][gc] GC(105) Pause Young (Prepare Mixed) (G1 Evacuation Pause) 894M->753M(1024M) 6,143ms
[9,749s][info][gc] GC(106) Pause Young (Mixed) (G1 Evacuation Pause) 791M->705M(1024M) 14,534ms
[9,783s][info][gc] GC(107) Pause Young (Mixed) (G1 Evacuation Pause) 752M->667M(1024M) 13,737ms
[9,809s][info][gc] GC(108) Pause Young (Mixed) (G1 Evacuation Pause) 711M->662M(1024M) 6,911ms
[9,909s][info][gc] GC(109) Pause Young (Normal) (G1 Evacuation Pause) 883M->678M(1024M) 6,108ms
[10,005s][info][gc] GC(110) Pause Young (Normal) (G1 Evacuation Pause) 885M->694M(1024M) 8,442ms
[10,093s][info][gc] GC(111) Pause Young (Concurrent Start) (G1 Evacuation Pause) 887M->709M(1024M) 7,108ms
[10,093s][info][gc] GC(112) Concurrent Mark Cycle
[10,184s][info][gc] GC(113) Pause Young (Normal) (G1 Evacuation Pause) 889M->723M(1024M) 6,761ms
[10,269s][info][gc] GC(114) Pause Young (Normal) (G1 Evacuation Pause) 891M->736M(1024M) 6,294ms
[10,287s][info][gc] GC(112) Pause Remark 774M->774M(1024M) 0,762ms
[10,345s][info][gc] GC(115) Pause Young (Normal) (G1 Evacuation Pause) 892M->749M(1024M) 6,345ms
[10,415s][info][gc] GC(116) Pause Young (Normal) (G1 Evacuation Pause) 895M->760M(1024M) 6,162ms
[10,429s][info][gc] GC(112) Pause Cleanup 792M->792M(1024M) 0,362ms
[10,431s][info][gc] GC(112) Concurrent Mark Cycle 337,276ms
[10,480s][info][gc] GC(117) Pause Young (Prepare Mixed) (G1 Evacuation Pause) 896M->771M(1024M) 5,758ms
[10,511s][info][gc] GC(118) Pause Young (Mixed) (G1 Evacuation Pause) 810M->725M(1024M) 14,307ms
[10,545s][info][gc] GC(119) Pause Young (Mixed) (G1 Evacuation Pause) 771M->686M(1024M) 13,743ms
[10,572s][info][gc] GC(120) Pause Young (Mixed) (G1 Evacuation Pause) 730M->675M(1024M) 8,471ms
[10,666s][info][gc] GC(121) Pause Young (Normal) (G1 Evacuation Pause) 885M->691M(1024M) 5,830ms
[10,758s][info][gc] GC(122) Pause Young (Normal) (G1 Evacuation Pause) 887M->706M(1024M) 8,223ms
[10,841s][info][gc] GC(123) Pause Young (Concurrent Start) (G1 Evacuation Pause) 889M->720M(1024M) 6,855ms
[10,841s][info][gc] GC(124) Concurrent Mark Cycle
[10,927s][info][gc] GC(125) Pause Young (Normal) (G1 Evacuation Pause) 891M->733M(1024M) 6,423ms
[11,008s][info][gc] GC(126) Pause Young (Normal) (G1 Evacuation Pause) 893M->747M(1024M) 6,101ms
[11,037s][info][gc] GC(124) Pause Remark 807M->807M(1024M) 0,708ms
[11,083s][info][gc] GC(127) Pause Young (Normal) (G1 Evacuation Pause) 895M->757M(1024M) 6,068ms
[11,149s][info][gc] GC(128) Pause Young (Normal) (G1 Evacuation Pause) 895M->769M(1024M) 5,824ms
[11,182s][info][gc] GC(124) Pause Cleanup 843M->843M(1024M) 0,312ms
[11,183s][info][gc] GC(124) Concurrent Mark Cycle 342,423ms
[11,212s][info][gc] GC(129) Pause Young (Prepare Mixed) (G1 Evacuation Pause) 898M->779M(1024M) 5,499ms
[11,244s][info][gc] GC(130) Pause Young (Mixed) (G1 Evacuation Pause) 819M->733M(1024M) 14,458ms
[11,278s][info][gc] GC(131) Pause Young (Mixed) (G1 Evacuation Pause) 780M->694M(1024M) 13,904ms
[11,306s][info][gc] GC(132) Pause Young (Mixed) (G1 Evacuation Pause) 738M->679M(1024M) 9,541ms
[11,402s][info][gc] GC(133) Pause Young (Normal) (G1 Evacuation Pause) 885M->694M(1024M) 5,792ms
[11,493s][info][gc] GC(134) Pause Young (Normal) (G1 Evacuation Pause) 887M->709M(1024M) 8,024ms
[11,573s][info][gc] GC(135) Pause Young (Concurrent Start) (G1 Evacuation Pause) 889M->723M(1024M) 6,572ms
[11,573s][info][gc] GC(136) Concurrent Mark Cycle
[11,658s][info][gc] GC(137) Pause Young (Normal) (G1 Evacuation Pause) 891M->737M(1024M) 6,294ms
[11,737s][info][gc] GC(138) Pause Young (Normal) (G1 Evacuation Pause) 893M->750M(1024M) 6,079ms
[11,772s][info][gc] GC(136) Pause Remark 823M->823M(1024M) 0,732ms
[11,810s][info][gc] GC(139) Pause Young (Normal) (G1 Evacuation Pause) 895M->760M(1024M) 6,117ms
[11,875s][info][gc] GC(140) Pause Young (Normal) (G1 Evacuation Pause) 896M->771M(1024M) 5,765ms
[11,917s][info][gc] GC(136) Pause Cleanup 868M->868M(1024M) 0,342ms
[11,919s][info][gc] GC(136) Concurrent Mark Cycle 345,266ms
[11,936s][info][gc] GC(141) Pause Young (Prepare Mixed) (G1 Evacuation Pause) 898M->781M(1024M) 5,489ms
[11,968s][info][gc] GC(142) Pause Young (Mixed) (G1 Evacuation Pause) 821M->735M(1024M) 14,309ms
[12,002s][info][gc] GC(143) Pause Young (Mixed) (G1 Evacuation Pause) 782M->697M(1024M) 13,808ms
[12,029s][info][gc] GC(144) Pause Young (Mixed) (G1 Evacuation Pause) 741M->688M(1024M) 8,149ms
[12,121s][info][gc] GC(145) Pause Young (Normal) (G1 Evacuation Pause) 887M->702M(1024M) 5,729ms
[12,211s][info][gc] GC(146) Pause Young (Normal) (G1 Evacuation Pause) 888M->717M(1024M) 8,011ms
[12,294s][info][gc] GC(147) Pause Young (Concurrent Start) (G1 Evacuation Pause) 891M->731M(1024M) 6,629ms
[12,294s][info][gc] GC(148) Concurrent Mark Cycle
[12,377s][info][gc] GC(149) Pause Young (Normal) (G1 Evacuation Pause) 892M->743M(1024M) 6,117ms
[12,453s][info][gc] GC(150) Pause Young (Normal) (G1 Evacuation Pause) 893M->755M(1024M) 5,794ms
[12,496s][info][gc] GC(148) Pause Remark 845M->845M(1024M) 0,823ms
[12,524s][info][gc] GC(151) Pause Young (Normal) (G1 Evacuation Pause) 896M->767M(1024M) 5,851ms
[12,587s][info][gc] GC(152) Pause Young (Normal) (G1 Evacuation Pause) 897M->777M(1024M) 5,715ms
[12,650s][info][gc] GC(153) Pause Young (Normal) (G1 Evacuation Pause) 898M->787M(1024M) 5,041ms
[12,652s][info][gc] GC(148) Pause Cleanup 790M->790M(1024M) 0,274ms
[12,653s][info][gc] GC(148) Concurrent Mark Cycle 358,643ms
[12,706s][info][gc] GC(154) Pause Young (Prepare Mixed) (G1 Evacuation Pause) 900M->795M(1024M) 4,678ms
[12,739s][info][gc] GC(155) Pause Young (Mixed) (G1 Evacuation Pause) 837M->749M(1024M) 14,443ms
[12,774s][info][gc] GC(156) Pause Young (Mixed) (G1 Evacuation Pause) 796M->711M(1024M) 13,639ms
[12,803s][info][gc] GC(157) Pause Young (Mixed) (G1 Evacuation Pause) 755M->695M(1024M) 9,547ms
[12,890s][info][gc] GC(158) Pause Young (Normal) (G1 Evacuation Pause) 888M->709M(1024M) 5,625ms
[12,974s][info][gc] GC(159) Pause Young (Normal) (G1 Evacuation Pause) 889M->723M(1024M) 7,726ms
[13,050s][info][gc] GC(160) Pause Young (Concurrent Start) (G1 Evacuation Pause) 891M->737M(1024M) 6,445ms
[13,050s][info][gc] GC(161) Concurrent Mark Cycle
[13,129s][info][gc] GC(162) Pause Young (Normal) (G1 Evacuation Pause) 893M->749M(1024M) 6,031ms
[13,203s][info][gc] GC(163) Pause Young (Normal) (G1 Evacuation Pause) 895M->760M(1024M) 5,654ms
[13,251s][info][gc] GC(161) Pause Remark 863M->863M(1024M) 0,833ms
[13,272s][info][gc] GC(164) Pause Young (Normal) (G1 Evacuation Pause) 896M->771M(1024M) 5,812ms
[13,332s][info][gc] GC(165) Pause Young (Normal) (G1 Evacuation Pause) 897M->781M(1024M) 5,649ms
[13,388s][info][gc] GC(166) Pause Young (Normal) (G1 Evacuation Pause) 898M->790M(1024M) 5,349ms
[13,405s][info][gc] GC(161) Pause Cleanup 827M->827M(1024M) 0,350ms
[13,406s][info][gc] GC(161) Concurrent Mark Cycle 355,956ms
[13,442s][info][gc] GC(167) Pause Young (Prepare Mixed) (G1 Evacuation Pause) 900M->799M(1024M) 5,047ms
[13,474s][info][gc] GC(168) Pause Young (Mixed) (G1 Evacuation Pause) 841M->753M(1024M) 14,658ms
[13,508s][info][gc] GC(169) Pause Young (Mixed) (G1 Evacuation Pause) 800M->715M(1024M) 13,751ms
[13,537s][info][gc] GC(170) Pause Young (Mixed) (G1 Evacuation Pause) 759M->699M(1024M) 9,875ms
[13,622s][info][gc] GC(171) Pause Young (Normal) (G1 Evacuation Pause) 888M->713M(1024M) 5,552ms
[13,701s][info][gc] GC(172) Pause Young (Normal) (G1 Evacuation Pause) 890M->728M(1024M) 7,763ms
[13,775s][info][gc] GC(173) Pause Young (Concurrent Start) (G1 Evacuation Pause) 892M->741M(1024M) 6,217ms
[13,775s][info][gc] GC(174) Concurrent Mark Cycle
[13,852s][info][gc] GC(175) Pause Young (Normal) (G1 Evacuation Pause) 893M->753M(1024M) 5,922ms
[13,924s][info][gc] GC(176) Pause Young (Normal) (G1 Evacuation Pause) 895M->764M(1024M) 5,632ms
[13,977s][info][gc] GC(174) Pause Remark 877M->877M(1024M) 0,847ms
[13,992s][info][gc] GC(177) Pause Young (Normal) (G1 Evacuation Pause) 897M->775M(1024M) 5,572ms
[14,051s][info][gc] GC(178) Pause Young (Normal) (G1 Evacuation Pause) 899M->785M(1024M) 5,397ms
[14,107s][info][gc] GC(179) Pause Young (Normal) (G1 Evacuation Pause) 900M->793M(1024M) 5,397ms
[14,130s][info][gc] GC(174) Pause Cleanup 844M->844M(1024M) 0,316ms
[14,131s][info][gc] GC(174) Concurrent Mark Cycle 355,584ms
[14,159s][info][gc] GC(180) Pause Young (Prepare Mixed) (G1 Evacuation Pause) 900M->802M(1024M) 4,901ms
[14,192s][info][gc] GC(181) Pause Young (Mixed) (G1 Evacuation Pause) 844M->755M(1024M) 14,259ms
[14,226s][info][gc] GC(182) Pause Young (Mixed) (G1 Evacuation Pause) 802M->718M(1024M) 13,989ms
[14,255s][info][gc] GC(183) Pause Young (Mixed) (G1 Evacuation Pause) 762M->702M(1024M) 9,884ms
[14,339s][info][gc] GC(184) Pause Young (Normal) (G1 Evacuation Pause) 889M->716M(1024M) 5,575ms
[14,419s][info][gc] GC(185) Pause Young (Normal) (G1 Evacuation Pause) 890M->730M(1024M) 7,538ms
[14,491s][info][gc] GC(186) Pause Young (Concurrent Start) (G1 Evacuation Pause) 891M->743M(1024M) 6,146ms
[14,491s][info][gc] GC(187) Concurrent Mark Cycle
[14,567s][info][gc] GC(188) Pause Young (Normal) (G1 Evacuation Pause) 894M->755M(1024M) 5,863ms
[14,638s][info][gc] GC(189) Pause Young (Normal) (G1 Evacuation Pause) 896M->766M(1024M) 5,478ms
[14,693s][info][gc] GC(187) Pause Remark 884M->884M(1024M) 1,026ms
[14,706s][info][gc] GC(190) Pause Young (Normal) (G1 Evacuation Pause) 897M->776M(1024M) 5,599ms
[14,765s][info][gc] GC(191) Pause Young (Normal) (G1 Evacuation Pause) 899M->786M(1024M) 5,503ms
[14,820s][info][gc] GC(192) Pause Young (Normal) (G1 Evacuation Pause) 900M->796M(1024M) 5,290ms
[14,847s][info][gc] GC(187) Pause Cleanup 856M->856M(1024M) 0,372ms
[14,848s][info][gc] GC(187) Concurrent Mark Cycle 356,804ms
[14,871s][info][gc] GC(193) Pause Young (Prepare Mixed) (G1 Evacuation Pause) 901M->804M(1024M) 4,956ms
[14,903s][info][gc] GC(194) Pause Young (Mixed) (G1 Evacuation Pause) 846M->758M(1024M) 14,224ms
[14,937s][info][gc] GC(195) Pause Young (Mixed) (G1 Evacuation Pause) 805M->721M(1024M) 14,163ms
[14,965s][info][gc] GC(196) Pause Young (Mixed) (G1 Evacuation Pause) 765M->705M(1024M) 10,099ms
[15,048s][info][gc] GC(197) Pause Young (Normal) (G1 Evacuation Pause) 889M->718M(1024M) 5,393ms
[15,128s][info][gc] GC(198) Pause Young (Normal) (G1 Evacuation Pause) 890M->732M(1024M) 7,655ms
[15,203s][info][gc] GC(199) Pause Young (Concurrent Start) (G1 Evacuation Pause) 893M->746M(1024M) 6,193ms
[15,203s][info][gc] GC(200) Concurrent Mark Cycle
[15,278s][info][gc] GC(201) Pause Young (Normal) (G1 Evacuation Pause) 895M->757M(1024M) 5,801ms
[15,348s][info][gc] GC(202) Pause Young (Normal) (G1 Evacuation Pause) 896M->767M(1024M) 5,391ms
[15,406s][info][gc] GC(200) Pause Remark 892M->892M(1024M) 0,722ms
[15,415s][info][gc] GC(203) Pause Young (Normal) (G1 Evacuation Pause) 897M->778M(1024M) 5,645ms
[15,473s][info][gc] GC(204) Pause Young (Normal) (G1 Evacuation Pause) 899M->788M(1024M) 5,520ms
[15,527s][info][gc] GC(205) Pause Young (Normal) (G1 Evacuation Pause) 900M->797M(1024M) 5,350ms
[15,559s][info][gc] GC(200) Pause Cleanup 870M->870M(1024M) 0,331ms
[15,561s][info][gc] GC(200) Concurrent Mark Cycle 357,930ms
[15,578s][info][gc] GC(206) Pause Young (Prepare Mixed) (G1 Evacuation Pause) 902M->805M(1024M) 4,891ms
[15,609s][info][gc] GC(207) Pause Young (Mixed) (G1 Evacuation Pause) 847M->758M(1024M) 14,304ms
[15,643s][info][gc] GC(208) Pause Young (Mixed) (G1 Evacuation Pause) 805M->722M(1024M) 14,075ms
[15,672s][info][gc] GC(209) Pause Young (Mixed) (G1 Evacuation Pause) 766M->706M(1024M) 9,800ms
[15,755s][info][gc] GC(210) Pause Young (Normal) (G1 Evacuation Pause) 889M->719M(1024M) 5,477ms
[15,832s][info][gc] GC(211) Pause Young (Normal) (G1 Evacuation Pause) 890M->734M(1024M) 7,467ms
[15,903s][info][gc] GC(212) Pause Young (Concurrent Start) (G1 Evacuation Pause) 893M->747M(1024M) 6,205ms
[15,903s][info][gc] GC(213) Concurrent Mark Cycle
[15,978s][info][gc] GC(214) Pause Young (Normal) (G1 Evacuation Pause) 895M->758M(1024M) 5,816ms
[16,049s][info][gc] GC(215) Pause Young (Normal) (G1 Evacuation Pause) 896M->769M(1024M) 5,586ms
[16,114s][info][gc] GC(213) Pause Remark 897M->897M(1024M) 0,671ms
[16,122s][info][gc] GC(216) Pause Young (Normal) (G1 Evacuation Pause) 898M->779M(1024M) 6,792ms
[16,181s][info][gc] GC(217) Pause Young (Normal) (G1 Evacuation Pause) 898M->789M(1024M) 5,363ms
[16,236s][info][gc] GC(218) Pause Young (Normal) (G1 Evacuation Pause) 900M->798M(1024M) 5,143ms
[16,272s][info][gc] GC(213) Pause Cleanup 878M->878M(1024M) 0,307ms
[16,273s][info][gc] GC(213) Concurrent Mark Cycle 369,796ms
[16,288s][info][gc] GC(219) Pause Young (Prepare Mixed) (G1 Evacuation Pause) 902M->807M(1024M) 4,617ms
[16,321s][info][gc] GC(220) Pause Young (Mixed) (G1 Evacuation Pause) 849M->761M(1024M) 14,576ms
[16,355s][info][gc] GC(221) Pause Young (Mixed) (G1 Evacuation Pause) 808M->725M(1024M) 14,254ms
[16,385s][info][gc] GC(222) Pause Young (Mixed) (G1 Evacuation Pause) 769M->709M(1024M) 10,118ms
[16,466s][info][gc] GC(223) Pause Young (Normal) (G1 Evacuation Pause) 889M->722M(1024M) 5,378ms
[16,544s][info][gc] GC(224) Pause Young (Normal) (G1 Evacuation Pause) 891M->736M(1024M) 7,380ms
[16,614s][info][gc] GC(225) Pause Young (Concurrent Start) (G1 Evacuation Pause) 893M->749M(1024M) 6,179ms
[16,614s][info][gc] GC(226) Concurrent Mark Cycle
[16,687s][info][gc] GC(227) Pause Young (Normal) (G1 Evacuation Pause) 895M->760M(1024M) 5,679ms
[16,756s][info][gc] GC(228) Pause Young (Normal) (G1 Evacuation Pause) 896M->770M(1024M) 5,391ms
[16,821s][info][gc] GC(229) Pause Young (Normal) (G1 Evacuation Pause) 898M->781M(1024M) 5,102ms
[16,825s][info][gc] GC(226) Pause Remark 788M->788M(1024M) 0,769ms
[16,878s][info][gc] GC(230) Pause Young (Normal) (G1 Evacuation Pause) 899M->790M(1024M) 5,144ms
[16,932s][info][gc] GC(231) Pause Young (Normal) (G1 Evacuation Pause) 901M->799M(1024M) 5,100ms
[16,973s][info][gc] GC(226) Pause Cleanup 894M->894M(1024M) 0,356ms
[16,975s][info][gc] GC(226) Concurrent Mark Cycle 360,349ms
[16,982s][info][gc] GC(232) Pause Young (Prepare Mixed) (G1 Evacuation Pause) 902M->807M(1024M) 4,746ms
[17,015s][info][gc] GC(233) Pause Young (Mixed) (G1 Evacuation Pause) 849M->762M(1024M) 14,685ms
[17,049s][info][gc] GC(234) Pause Young (Mixed) (G1 Evacuation Pause) 809M->727M(1024M) 14,119ms
[17,079s][info][gc] GC(235) Pause Young (Mixed) (G1 Evacuation Pause) 771M->711M(1024M) 10,309ms
[17,159s][info][gc] GC(236) Pause Young (Normal) (G1 Evacuation Pause) 890M->724M(1024M) 5,317ms
[17,236s][info][gc] GC(237) Pause Young (Normal) (G1 Evacuation Pause) 892M->738M(1024M) 7,432ms
[17,307s][info][gc] GC(238) Pause Young (Concurrent Start) (G1 Evacuation Pause) 893M->750M(1024M) 6,047ms
[17,307s][info][gc] GC(239) Concurrent Mark Cycle
[17,380s][info][gc] GC(240) Pause Young (Normal) (G1 Evacuation Pause) 895M->761M(1024M) 5,683ms
[17,448s][info][gc] GC(241) Pause Young (Normal) (G1 Evacuation Pause) 896M->772M(1024M) 5,429ms
[17,512s][info][gc] GC(242) Pause Young (Normal) (G1 Evacuation Pause) 898M->782M(1024M) 5,111ms
[17,519s][info][gc] GC(239) Pause Remark 794M->794M(1024M) 0,859ms
[17,571s][info][gc] GC(243) Pause Young (Normal) (G1 Evacuation Pause) 899M->791M(1024M) 5,168ms
[17,623s][info][gc] GC(244) Pause Young (Normal) (G1 Evacuation Pause) 900M->800M(1024M) 5,093ms
[17,667s][info][gc] GC(239) Pause Cleanup 899M->899M(1024M) 0,360ms
[17,668s][info][gc] GC(239) Concurrent Mark Cycle 360,256ms
[17,673s][info][gc] GC(245) Pause Young (Prepare Mixed) (G1 Evacuation Pause) 902M->807M(1024M) 4,719ms
[17,706s][info][gc] GC(246) Pause Young (Mixed) (G1 Evacuation Pause) 850M->762M(1024M) 14,215ms
[17,740s][info][gc] GC(247) Pause Young (Mixed) (G1 Evacuation Pause) 808M->726M(1024M) 14,361ms
[17,769s][info][gc] GC(248) Pause Young (Mixed) (G1 Evacuation Pause) 770M->709M(1024M) 10,660ms
[17,851s][info][gc] GC(249) Pause Young (Normal) (G1 Evacuation Pause) 889M->722M(1024M) 5,500ms
[17,928s][info][gc] GC(250) Pause Young (Normal) (G1 Evacuation Pause) 891M->737M(1024M) 7,458ms
[17,997s][info][gc] GC(251) Pause Young (Concurrent Start) (G1 Evacuation Pause) 893M->749M(1024M) 5,929ms
[17,997s][info][gc] GC(252) Concurrent Mark Cycle
[18,070s][info][gc] GC(253) Pause Young (Normal) (G1 Evacuation Pause) 895M->761M(1024M) 5,700ms
[18,139s][info][gc] GC(254) Pause Young (Normal) (G1 Evacuation Pause) 897M->771M(1024M) 5,275ms
[18,203s][info][gc] GC(255) Pause Young (Normal) (G1 Evacuation Pause) 898M->782M(1024M) 5,060ms
[18,208s][info][gc] GC(252) Pause Remark 790M->790M(1024M) 0,799ms
[18,260s][info][gc] GC(256) Pause Young (Normal) (G1 Evacuation Pause) 899M->790M(1024M) 5,150ms
[18,314s][info][gc] GC(257) Pause Young (Normal) (G1 Evacuation Pause) 901M->800M(1024M) 5,072ms
[18,356s][info][gc] GC(252) Pause Cleanup 895M->895M(1024M) 0,372ms
[18,357s][info][gc] GC(252) Concurrent Mark Cycle 360,096ms
[18,364s][info][gc] GC(258) Pause Young (Prepare Mixed) (G1 Evacuation Pause) 901M->808M(1024M) 4,779ms
[18,397s][info][gc] GC(259) Pause Young (Mixed) (G1 Evacuation Pause) 851M->763M(1024M) 14,658ms
[18,431s][info][gc] GC(260) Pause Young (Mixed) (G1 Evacuation Pause) 810M->727M(1024M) 14,198ms
[18,460s][info][gc] GC(261) Pause Young (Mixed) (G1 Evacuation Pause) 771M->712M(1024M) 9,940ms
[18,540s][info][gc] GC(262) Pause Young (Normal) (G1 Evacuation Pause) 890M->725M(1024M) 5,416ms
[18,616s][info][gc] GC(263) Pause Young (Normal) (G1 Evacuation Pause) 892M->739M(1024M) 7,290ms
[18,687s][info][gc] GC(264) Pause Young (Concurrent Start) (G1 Evacuation Pause) 894M->752M(1024M) 5,974ms
[18,687s][info][gc] GC(265) Concurrent Mark Cycle
[18,759s][info][gc] GC(266) Pause Young (Normal) (G1 Evacuation Pause) 895M->762M(1024M) 5,559ms
[18,827s][info][gc] GC(267) Pause Young (Normal) (G1 Evacuation Pause) 897M->773M(1024M) 5,387ms
[18,890s][info][gc] GC(268) Pause Young (Normal) (G1 Evacuation Pause) 898M->784M(1024M) 5,125ms
[18,899s][info][gc] GC(265) Pause Remark 800M->800M(1024M) 0,783ms
[18,948s][info][gc] GC(269) Pause Young (Normal) (G1 Evacuation Pause) 900M->793M(1024M) 5,220ms
[19,000s][info][gc] GC(270) Pause Young (Normal) (G1 Evacuation Pause) 901M->801M(1024M) 4,927ms
[19,049s][info][gc] GC(271) Pause Young (Normal) (G1 Evacuation Pause) 902M->809M(1024M) 4,848ms
[19,053s][info][gc] GC(265) Pause Cleanup 816M->816M(1024M) 0,351ms
[19,054s][info][gc] GC(265) Concurrent Mark Cycle 366,692ms
[19,094s][info][gc] GC(272) Pause Young (Prepare Mixed) (G1 Evacuation Pause) 902M->817M(1024M) 4,490ms
[19,128s][info][gc] GC(273) Pause Young (Mixed) (G1 Evacuation Pause) 860M->771M(1024M) 14,697ms
[19,162s][info][gc] GC(274) Pause Young (Mixed) (G1 Evacuation Pause) 818M->735M(1024M) 14,515ms
[19,191s][info][gc] GC(275) Pause Young (Mixed) (G1 Evacuation Pause) 779M->718M(1024M) 10,640ms
[19,269s][info][gc] GC(276) Pause Young (Normal) (G1 Evacuation Pause) 891M->731M(1024M) 5,236ms
[19,343s][info][gc] GC(277) Pause Young (Normal) (G1 Evacuation Pause) 892M->744M(1024M) 7,163ms
[19,410s][info][gc] GC(278) Pause Young (Concurrent Start) (G1 Evacuation Pause) 893M->756M(1024M) 5,835ms
[19,410s][info][gc] GC(279) Concurrent Mark Cycle
[19,480s][info][gc] GC(280) Pause Young (Normal) (G1 Evacuation Pause) 895M->767M(1024M) 5,455ms
[19,546s][info][gc] GC(281) Pause Young (Normal) (G1 Evacuation Pause) 897M->778M(1024M) 5,163ms
[19,607s][info][gc] GC(282) Pause Young (Normal) (G1 Evacuation Pause) 899M->787M(1024M) 5,001ms
[19,622s][info][gc] GC(279) Pause Remark 818M->818M(1024M) 0,892ms
[19,663s][info][gc] GC(283) Pause Young (Normal) (G1 Evacuation Pause) 899M->796M(1024M) 5,029ms
[19,714s][info][gc] GC(284) Pause Young (Normal) (G1 Evacuation Pause) 901M->805M(1024M) 4,992ms
[19,761s][info][gc] GC(285) Pause Young (Normal) (G1 Evacuation Pause) 903M->812M(1024M) 4,750ms
[19,775s][info][gc] GC(279) Pause Cleanup 843M->843M(1024M) 0,438ms
[19,776s][info][gc] GC(279) Concurrent Mark Cycle 366,523ms
[19,806s][info][gc] GC(286) Pause Young (Prepare Mixed) (G1 Evacuation Pause) 904M->820M(1024M) 4,553ms
[19,839s][info][gc] GC(287) Pause Young (Mixed) (G1 Evacuation Pause) 863M->773M(1024M) 14,078ms
[19,873s][info][gc] GC(288) Pause Young (Mixed) (G1 Evacuation Pause) 820M->736M(1024M) 14,357ms
[19,902s][info][gc] GC(289) Pause Young (Mixed) (G1 Evacuation Pause) 780M->718M(1024M) 10,949ms
[19,982s][info][gc] GC(290) Pause Young (Normal) (G1 Evacuation Pause) 891M->730M(1024M) 5,312ms
[20,058s][info][gc] GC(291) Pause Young (Normal) (G1 Evacuation Pause) 891M->744M(1024M) 7,055ms
[20,130s][info][gc] GC(292) Pause Young (Concurrent Start) (G1 Evacuation Pause) 894M->757M(1024M) 5,840ms
[20,130s][info][gc] GC(293) Concurrent Mark Cycle
[20,206s][info][gc] GC(294) Pause Young (Normal) (G1 Evacuation Pause) 896M->767M(1024M) 5,543ms
[20,274s][info][gc] GC(295) Pause Young (Normal) (G1 Evacuation Pause) 897M->778M(1024M) 5,059ms
[20,336s][info][gc] GC(296) Pause Young (Normal) (G1 Evacuation Pause) 899M->787M(1024M) 4,975ms
[20,352s][info][gc] GC(293) Pause Remark 820M->820M(1024M) 0,822ms
[20,392s][info][gc] GC(297) Pause Young (Normal) (G1 Evacuation Pause) 899M->797M(1024M) 5,206ms
[20,443s][info][gc] GC(298) Pause Young (Normal) (G1 Evacuation Pause) 901M->805M(1024M) 5,012ms
[20,490s][info][gc] GC(299) Pause Young (Normal) (G1 Evacuation Pause) 902M->813M(1024M) 4,740ms
[20,507s][info][gc] GC(293) Pause Cleanup 851M->851M(1024M) 0,396ms
[20,508s][info][gc] GC(293) Concurrent Mark Cycle 378,365ms
[20,534s][info][gc] GC(300) Pause Young (Prepare Mixed) (G1 Evacuation Pause) 904M->820M(1024M) 4,487ms
[20,567s][info][gc] GC(301) Pause Young (Mixed) (G1 Evacuation Pause) 863M->774M(1024M) 14,061ms
[20,602s][info][gc] GC(302) Pause Young (Mixed) (G1 Evacuation Pause) 821M->737M(1024M) 14,446ms
[20,631s][info][gc] GC(303) Pause Young (Mixed) (G1 Evacuation Pause) 781M->719M(1024M) 10,512ms
[20,709s][info][gc] GC(304) Pause Young (Normal) (G1 Evacuation Pause) 891M->731M(1024M) 5,237ms
[20,784s][info][gc] GC(305) Pause Young (Normal) (G1 Evacuation Pause) 892M->745M(1024M) 7,184ms
[20,852s][info][gc] GC(306) Pause Young (Concurrent Start) (G1 Evacuation Pause) 894M->757M(1024M) 5,866ms
[20,852s][info][gc] GC(307) Concurrent Mark Cycle
[20,922s][info][gc] GC(308) Pause Young (Normal) (G1 Evacuation Pause) 896M->768M(1024M) 5,442ms
[20,987s][info][gc] GC(309) Pause Young (Normal) (G1 Evacuation Pause) 898M->778M(1024M) 5,210ms
[21,049s][info][gc] GC(310) Pause Young (Normal) (G1 Evacuation Pause) 899M->788M(1024M) 5,012ms
[21,064s][info][gc] GC(307) Pause Remark 820M->820M(1024M) 0,933ms
[21,105s][info][gc] GC(311) Pause Young (Normal) (G1 Evacuation Pause) 900M->797M(1024M) 5,306ms
[21,156s][info][gc] GC(312) Pause Young (Normal) (G1 Evacuation Pause) 902M->805M(1024M) 4,837ms
[21,204s][info][gc] GC(313) Pause Young (Normal) (G1 Evacuation Pause) 903M->813M(1024M) 4,802ms
[21,219s][info][gc] GC(307) Pause Cleanup 848M->848M(1024M) 0,329ms
[21,221s][info][gc] GC(307) Concurrent Mark Cycle 368,593ms
[21,248s][info][gc] GC(314) Pause Young (Prepare Mixed) (G1 Evacuation Pause) 904M->820M(1024M) 4,429ms
[21,281s][info][gc] GC(315) Pause Young (Mixed) (G1 Evacuation Pause) 863M->774M(1024M) 14,187ms
[21,315s][info][gc] GC(316) Pause Young (Mixed) (G1 Evacuation Pause) 821M->738M(1024M) 14,084ms
[21,346s][info][gc] GC(317) Pause Young (Mixed) (G1 Evacuation Pause) 782M->718M(1024M) 11,612ms
[21,424s][info][gc] GC(318) Pause Young (Normal) (G1 Evacuation Pause) 891M->731M(1024M) 5,247ms
[21,497s][info][gc] GC(319) Pause Young (Normal) (G1 Evacuation Pause) 892M->744M(1024M) 7,278ms
[21,565s][info][gc] GC(320) Pause Young (Concurrent Start) (G1 Evacuation Pause) 894M->756M(1024M) 5,984ms
[21,565s][info][gc] GC(321) Concurrent Mark Cycle
[21,636s][info][gc] GC(322) Pause Young (Normal) (G1 Evacuation Pause) 896M->767M(1024M) 5,568ms
[21,701s][info][gc] GC(323) Pause Young (Normal) (G1 Evacuation Pause) 897M->777M(1024M) 5,214ms
[21,763s][info][gc] GC(324) Pause Young (Normal) (G1 Evacuation Pause) 899M->787M(1024M) 4,981ms
[21,778s][info][gc] GC(321) Pause Remark 816M->816M(1024M) 0,862ms
[21,819s][info][gc] GC(325) Pause Young (Normal) (G1 Evacuation Pause) 900M->796M(1024M) 5,210ms
[21,870s][info][gc] GC(326) Pause Young (Normal) (G1 Evacuation Pause) 901M->804M(1024M) 4,862ms
[21,918s][info][gc] GC(327) Pause Young (Normal) (G1 Evacuation Pause) 902M->812M(1024M) 4,743ms
[21,932s][info][gc] GC(321) Pause Cleanup 841M->841M(1024M) 0,343ms
[21,933s][info][gc] GC(321) Concurrent Mark Cycle 367,920ms
[21,963s][info][gc] GC(328) Pause Young (Prepare Mixed) (G1 Evacuation Pause) 904M->819M(1024M) 4,480ms
[21,996s][info][gc] GC(329) Pause Young (Mixed) (G1 Evacuation Pause) 862M->773M(1024M) 14,302ms
[22,031s][info][gc] GC(330) Pause Young (Mixed) (G1 Evacuation Pause) 820M->736M(1024M) 14,229ms
[22,060s][info][gc] GC(331) Pause Young (Mixed) (G1 Evacuation Pause) 780M->720M(1024M) 10,389ms
[22,138s][info][gc] GC(332) Pause Young (Normal) (G1 Evacuation Pause) 891M->732M(1024M) 5,313ms
[22,212s][info][gc] GC(333) Pause Young (Normal) (G1 Evacuation Pause) 892M->746M(1024M) 7,402ms
[22,279s][info][gc] GC(334) Pause Young (Concurrent Start) (G1 Evacuation Pause) 895M->757M(1024M) 5,753ms
[22,279s][info][gc] GC(335) Concurrent Mark Cycle
[22,349s][info][gc] GC(336) Pause Young (Normal) (G1 Evacuation Pause) 895M->768M(1024M) 5,453ms
[22,415s][info][gc] GC(337) Pause Young (Normal) (G1 Evacuation Pause) 898M->778M(1024M) 5,309ms
[22,482s][info][gc] GC(338) Pause Young (Normal) (G1 Evacuation Pause) 899M->788M(1024M) 5,606ms
[22,505s][info][gc] GC(335) Pause Remark 827M->827M(1024M) 0,618ms
[22,547s][info][gc] GC(339) Pause Young (Normal) (G1 Evacuation Pause) 900M->797M(1024M) 5,017ms
[22,599s][info][gc] GC(340) Pause Young (Normal) (G1 Evacuation Pause) 902M->806M(1024M) 4,805ms
[22,646s][info][gc] GC(341) Pause Young (Normal) (G1 Evacuation Pause) 903M->813M(1024M) 4,718ms
[22,665s][info][gc] GC(335) Pause Cleanup 855M->855M(1024M) 0,348ms
[22,666s][info][gc] GC(335) Concurrent Mark Cycle 387,075ms
[22,691s][info][gc] GC(342) Pause Young (Prepare Mixed) (G1 Evacuation Pause) 904M->821M(1024M) 4,469ms
[22,724s][info][gc] GC(343) Pause Young (Mixed) (G1 Evacuation Pause) 864M->774M(1024M) 14,138ms
[22,758s][info][gc] GC(344) Pause Young (Mixed) (G1 Evacuation Pause) 821M->738M(1024M) 14,451ms
[22,789s][info][gc] GC(345) Pause Young (Mixed) (G1 Evacuation Pause) 782M->718M(1024M) 11,689ms
[22,868s][info][gc] GC(346) Pause Young (Normal) (G1 Evacuation Pause) 891M->731M(1024M) 5,271ms
[22,942s][info][gc] GC(347) Pause Young (Normal) (G1 Evacuation Pause) 892M->743M(1024M) 7,165ms
[23,010s][info][gc] GC(348) Pause Young (Concurrent Start) (G1 Evacuation Pause) 894M->756M(1024M) 5,886ms
[23,010s][info][gc] GC(349) Concurrent Mark Cycle
[23,081s][info][gc] GC(350) Pause Young (Normal) (G1 Evacuation Pause) 896M->767M(1024M) 5,552ms
[23,146s][info][gc] GC(351) Pause Young (Normal) (G1 Evacuation Pause) 897M->778M(1024M) 5,124ms
[23,208s][info][gc] GC(352) Pause Young (Normal) (G1 Evacuation Pause) 899M->787M(1024M) 4,953ms
[23,224s][info][gc] GC(349) Pause Remark 821M->821M(1024M) 0,857ms
[23,264s][info][gc] GC(353) Pause Young (Normal) (G1 Evacuation Pause) 900M->796M(1024M) 5,073ms
[23,315s][info][gc] GC(354) Pause Young (Normal) (G1 Evacuation Pause) 901M->805M(1024M) 4,893ms
[23,362s][info][gc] GC(355) Pause Young (Normal) (G1 Evacuation Pause) 903M->813M(1024M) 4,925ms
[23,378s][info][gc] GC(349) Pause Cleanup 848M->848M(1024M) 0,338ms
[23,379s][info][gc] GC(349) Concurrent Mark Cycle 368,959ms
[23,407s][info][gc] GC(356) Pause Young (Prepare Mixed) (G1 Evacuation Pause) 904M->820M(1024M) 4,441ms
[23,440s][info][gc] GC(357) Pause Young (Mixed) (G1 Evacuation Pause) 863M->775M(1024M) 14,675ms
[23,475s][info][gc] GC(358) Pause Young (Mixed) (G1 Evacuation Pause) 822M->738M(1024M) 14,235ms
[23,504s][info][gc] GC(359) Pause Young (Mixed) (G1 Evacuation Pause) 782M->721M(1024M) 10,560ms
[23,581s][info][gc] GC(360) Pause Young (Normal) (G1 Evacuation Pause) 891M->733M(1024M) 5,395ms
[23,654s][info][gc] GC(361) Pause Young (Normal) (G1 Evacuation Pause) 892M->746M(1024M) 7,180ms
[23,720s][info][gc] GC(362) Pause Young (Concurrent Start) (G1 Evacuation Pause) 895M->758M(1024M) 5,741ms
[23,720s][info][gc] GC(363) Concurrent Mark Cycle
[23,790s][info][gc] GC(364) Pause Young (Normal) (G1 Evacuation Pause) 896M->768M(1024M) 5,527ms
[23,856s][info][gc] GC(365) Pause Young (Normal) (G1 Evacuation Pause) 898M->779M(1024M) 5,118ms
[23,916s][info][gc] GC(366) Pause Young (Normal) (G1 Evacuation Pause) 899M->789M(1024M) 4,836ms
[23,933s][info][gc] GC(363) Pause Remark 823M->823M(1024M) 0,837ms
[23,973s][info][gc] GC(367) Pause Young (Normal) (G1 Evacuation Pause) 900M->798M(1024M) 5,180ms
[24,023s][info][gc] GC(368) Pause Young (Normal) (G1 Evacuation Pause) 902M->806M(1024M) 4,779ms
[24,071s][info][gc] GC(369) Pause Young (Normal) (G1 Evacuation Pause) 903M->814M(1024M) 4,516ms
[24,088s][info][gc] GC(363) Pause Cleanup 851M->851M(1024M) 0,358ms
[24,089s][info][gc] GC(363) Concurrent Mark Cycle 368,649ms
[24,115s][info][gc] GC(370) Pause Young (Prepare Mixed) (G1 Evacuation Pause) 904M->821M(1024M) 4,288ms
[24,148s][info][gc] GC(371) Pause Young (Mixed) (G1 Evacuation Pause) 864M->775M(1024M) 14,534ms
[24,183s][info][gc] GC(372) Pause Young (Mixed) (G1 Evacuation Pause) 822M->738M(1024M) 14,281ms
[24,214s][info][gc] GC(373) Pause Young (Mixed) (G1 Evacuation Pause) 782M->718M(1024M) 11,154ms
[24,294s][info][gc] GC(374) Pause Young (Normal) (G1 Evacuation Pause) 891M->731M(1024M) 5,521ms
[24,371s][info][gc] GC(375) Pause Young (Normal) (G1 Evacuation Pause) 892M->744M(1024M) 7,228ms
[24,440s][info][gc] GC(376) Pause Young (Concurrent Start) (G1 Evacuation Pause) 893M->756M(1024M) 6,136ms
[24,440s][info][gc] GC(377) Concurrent Mark Cycle
[24,516s][info][gc] GC(378) Pause Young (Normal) (G1 Evacuation Pause) 896M->767M(1024M) 5,629ms
[24,585s][info][gc] GC(379) Pause Young (Normal) (G1 Evacuation Pause) 897M->777M(1024M) 5,180ms
[24,648s][info][gc] GC(380) Pause Young (Normal) (G1 Evacuation Pause) 899M->787M(1024M) 4,963ms
[24,663s][info][gc] GC(377) Pause Remark 818M->818M(1024M) 0,840ms
[24,704s][info][gc] GC(381) Pause Young (Normal) (G1 Evacuation Pause) 900M->796M(1024M) 5,081ms
[24,755s][info][gc] GC(382) Pause Young (Normal) (G1 Evacuation Pause) 901M->804M(1024M) 4,890ms
[24,803s][info][gc] GC(383) Pause Young (Normal) (G1 Evacuation Pause) 902M->812M(1024M) 4,817ms
[24,816s][info][gc] GC(377) Pause Cleanup 843M->843M(1024M) 0,361ms
[24,818s][info][gc] GC(377) Concurrent Mark Cycle 377,470ms
[24,848s][info][gc] GC(384) Pause Young (Prepare Mixed) (G1 Evacuation Pause) 904M->820M(1024M) 4,611ms
[24,881s][info][gc] GC(385) Pause Young (Mixed) (G1 Evacuation Pause) 863M->774M(1024M) 14,310ms
[24,915s][info][gc] GC(386) Pause Young (Mixed) (G1 Evacuation Pause) 821M->737M(1024M) 14,305ms
[24,945s][info][gc] GC(387) Pause Young (Mixed) (G1 Evacuation Pause) 781M->720M(1024M) 10,884ms
[25,022s][info][gc] GC(388) Pause Young (Normal) (G1 Evacuation Pause) 891M->733M(1024M) 5,289ms
[25,095s][info][gc] GC(389) Pause Young (Normal) (G1 Evacuation Pause) 893M->746M(1024M) 7,068ms
[25,162s][info][gc] GC(390) Pause Young (Concurrent Start) (G1 Evacuation Pause) 895M->758M(1024M) 5,867ms
[25,162s][info][gc] GC(391) Concurrent Mark Cycle
[25,232s][info][gc] GC(392) Pause Young (Normal) (G1 Evacuation Pause) 896M->769M(1024M) 5,513ms
[25,297s][info][gc] GC(393) Pause Young (Normal) (G1 Evacuation Pause) 898M->779M(1024M) 5,215ms
[25,357s][info][gc] GC(394) Pause Young (Normal) (G1 Evacuation Pause) 898M->789M(1024M) 4,774ms
[25,375s][info][gc] GC(391) Pause Remark 826M->826M(1024M) 0,805ms
[25,413s][info][gc] GC(395) Pause Young (Normal) (G1 Evacuation Pause) 900M->798M(1024M) 5,089ms
[25,463s][info][gc] GC(396) Pause Young (Normal) (G1 Evacuation Pause) 902M->806M(1024M) 4,928ms
[25,510s][info][gc] GC(397) Pause Young (Normal) (G1 Evacuation Pause) 903M->814M(1024M) 4,694ms
[25,529s][info][gc] GC(391) Pause Cleanup 856M->856M(1024M) 0,352ms
[25,530s][info][gc] GC(391) Concurrent Mark Cycle 368,049ms
[25,554s][info][gc] GC(398) Pause Young (Prepare Mixed) (G1 Evacuation Pause) 904M->821M(1024M) 4,518ms
[25,588s][info][gc] GC(399) Pause Young (Mixed) (G1 Evacuation Pause) 864M->775M(1024M) 14,515ms
[25,622s][info][gc] GC(400) Pause Young (Mixed) (G1 Evacuation Pause) 822M->739M(1024M) 14,181ms
[25,652s][info][gc] GC(401) Pause Young (Mixed) (G1 Evacuation Pause) 783M->719M(1024M) 11,259ms
[25,730s][info][gc] GC(402) Pause Young (Normal) (G1 Evacuation Pause) 891M->732M(1024M) 5,279ms
[25,804s][info][gc] GC(403) Pause Young (Normal) (G1 Evacuation Pause) 893M->746M(1024M) 7,212ms
[25,872s][info][gc] GC(404) Pause Young (Concurrent Start) (G1 Evacuation Pause) 895M->757M(1024M) 5,758ms
[25,872s][info][gc] GC(405) Concurrent Mark Cycle
[25,942s][info][gc] GC(406) Pause Young (Normal) (G1 Evacuation Pause) 896M->767M(1024M) 5,502ms
[26,007s][info][gc] GC(407) Pause Young (Normal) (G1 Evacuation Pause) 897M->778M(1024M) 5,185ms
[26,068s][info][gc] GC(408) Pause Young (Normal) (G1 Evacuation Pause) 899M->788M(1024M) 5,008ms
[26,084s][info][gc] GC(405) Pause Remark 820M->820M(1024M) 0,898ms
[26,125s][info][gc] GC(409) Pause Young (Normal) (G1 Evacuation Pause) 900M->797M(1024M) 5,145ms
[26,175s][info][gc] GC(410) Pause Young (Normal) (G1 Evacuation Pause) 902M->805M(1024M) 4,911ms
[26,223s][info][gc] GC(411) Pause Young (Normal) (G1 Evacuation Pause) 903M->812M(1024M) 4,784ms
[26,239s][info][gc] GC(405) Pause Cleanup 849M->849M(1024M) 0,366ms
[26,240s][info][gc] GC(405) Concurrent Mark Cycle 368,670ms
[26,268s][info][gc] GC(412) Pause Young (Prepare Mixed) (G1 Evacuation Pause) 903M->820M(1024M) 4,491ms
[26,301s][info][gc] GC(413) Pause Young (Mixed) (G1 Evacuation Pause) 863M->774M(1024M) 14,296ms
[26,335s][info][gc] GC(414) Pause Young (Mixed) (G1 Evacuation Pause) 821M->737M(1024M) 14,180ms
[26,364s][info][gc] GC(415) Pause Young (Mixed) (G1 Evacuation Pause) 781M->720M(1024M) 10,339ms
[26,443s][info][gc] GC(416) Pause Young (Normal) (G1 Evacuation Pause) 891M->733M(1024M) 5,205ms
[26,516s][info][gc] GC(417) Pause Young (Normal) (G1 Evacuation Pause) 893M->746M(1024M) 7,163ms
[26,583s][info][gc] GC(418) Pause Young (Concurrent Start) (G1 Evacuation Pause) 894M->757M(1024M) 5,720ms
[26,583s][info][gc] GC(419) Concurrent Mark Cycle
[26,652s][info][gc] GC(420) Pause Young (Normal) (G1 Evacuation Pause) 895M->768M(1024M) 5,298ms
[26,718s][info][gc] GC(421) Pause Young (Normal) (G1 Evacuation Pause) 898M->779M(1024M) 5,113ms
[26,778s][info][gc] GC(422) Pause Young (Normal) (G1 Evacuation Pause) 899M->788M(1024M) 4,942ms
[26,796s][info][gc] GC(419) Pause Remark 824M->824M(1024M) 0,782ms
[26,834s][info][gc] GC(423) Pause Young (Normal) (G1 Evacuation Pause) 900M->797M(1024M) 5,053ms
[26,885s][info][gc] GC(424) Pause Young (Normal) (G1 Evacuation Pause) 901M->805M(1024M) 5,047ms
[26,933s][info][gc] GC(425) Pause Young (Normal) (G1 Evacuation Pause) 903M->812M(1024M) 4,799ms
[26,950s][info][gc] GC(419) Pause Cleanup 852M->852M(1024M) 0,364ms
[26,952s][info][gc] GC(419) Concurrent Mark Cycle 369,121ms
[26,977s][info][gc] GC(426) Pause Young (Prepare Mixed) (G1 Evacuation Pause) 904M->820M(1024M) 4,534ms
[27,010s][info][gc] GC(427) Pause Young (Mixed) (G1 Evacuation Pause) 863M->775M(1024M) 14,483ms
[27,045s][info][gc] GC(428) Pause Young (Mixed) (G1 Evacuation Pause) 822M->738M(1024M) 14,589ms
[27,075s][info][gc] GC(429) Pause Young (Mixed) (G1 Evacuation Pause) 782M->719M(1024M) 11,212ms
[27,153s][info][gc] GC(430) Pause Young (Normal) (G1 Evacuation Pause) 891M->732M(1024M) 5,319ms
[27,226s][info][gc] GC(431) Pause Young (Normal) (G1 Evacuation Pause) 893M->746M(1024M) 7,201ms
[27,293s][info][gc] GC(432) Pause Young (Concurrent Start) (G1 Evacuation Pause) 895M->758M(1024M) 5,833ms
[27,293s][info][gc] GC(433) Concurrent Mark Cycle
[27,363s][info][gc] GC(434) Pause Young (Normal) (G1 Evacuation Pause) 896M->768M(1024M) 5,459ms
[27,428s][info][gc] GC(435) Pause Young (Normal) (G1 Evacuation Pause) 897M->779M(1024M) 5,151ms
[27,489s][info][gc] GC(436) Pause Young (Normal) (G1 Evacuation Pause) 899M->788M(1024M) 4,980ms
[27,507s][info][gc] GC(433) Pause Remark 824M->824M(1024M) 0,895ms
[27,545s][info][gc] GC(437) Pause Young (Normal) (G1 Evacuation Pause) 900M->797M(1024M) 5,092ms
[27,596s][info][gc] GC(438) Pause Young (Normal) (G1 Evacuation Pause) 902M->805M(1024M) 5,025ms
[27,643s][info][gc] GC(439) Pause Young (Normal) (G1 Evacuation Pause) 902M->813M(1024M) 4,785ms
[27,661s][info][gc] GC(433) Pause Cleanup 853M->853M(1024M) 0,352ms
[27,662s][info][gc] GC(433) Concurrent Mark Cycle 368,430ms
[27,687s][info][gc] GC(440) Pause Young (Prepare Mixed) (G1 Evacuation Pause) 904M->820M(1024M) 4,420ms
[27,720s][info][gc] GC(441) Pause Young (Mixed) (G1 Evacuation Pause) 863M->775M(1024M) 14,404ms
[27,755s][info][gc] GC(442) Pause Young (Mixed) (G1 Evacuation Pause) 822M->740M(1024M) 14,399ms
[27,784s][info][gc] GC(443) Pause Young (Mixed) (G1 Evacuation Pause) 784M->722M(1024M) 10,521ms
[27,860s][info][gc] GC(444) Pause Young (Normal) (G1 Evacuation Pause) 891M->735M(1024M) 5,283ms
[27,933s][info][gc] GC(445) Pause Young (Normal) (G1 Evacuation Pause) 893M->748M(1024M) 7,152ms
[28,001s][info][gc] GC(446) Pause Young (Concurrent Start) (G1 Evacuation Pause) 895M->758M(1024M) 5,734ms
[28,001s][info][gc] GC(447) Concurrent Mark Cycle
[28,070s][info][gc] GC(448) Pause Young (Normal) (G1 Evacuation Pause) 896M->769M(1024M) 5,433ms
[28,135s][info][gc] GC(449) Pause Young (Normal) (G1 Evacuation Pause) 898M->780M(1024M) 5,187ms
[28,196s][info][gc] GC(450) Pause Young (Normal) (G1 Evacuation Pause) 899M->790M(1024M) 5,023ms
[28,214s][info][gc] GC(447) Pause Remark 828M->828M(1024M) 0,927ms
[28,253s][info][gc] GC(451) Pause Young (Normal) (G1 Evacuation Pause) 901M->798M(1024M) 5,009ms
[28,304s][info][gc] GC(452) Pause Young (Normal) (G1 Evacuation Pause) 902M->807M(1024M) 5,288ms
[28,352s][info][gc] GC(453) Pause Young (Normal) (G1 Evacuation Pause) 903M->814M(1024M) 4,715ms
[28,372s][info][gc] GC(447) Pause Cleanup 861M->861M(1024M) 0,380ms
[28,374s][info][gc] GC(447) Concurrent Mark Cycle 373,011ms
[28,396s][info][gc] GC(454) Pause Young (Prepare Mixed) (G1 Evacuation Pause) 903M->822M(1024M) 4,438ms
[28,429s][info][gc] GC(455) Pause Young (Mixed) (G1 Evacuation Pause) 865M->775M(1024M) 14,353ms
[28,463s][info][gc] GC(456) Pause Young (Mixed) (G1 Evacuation Pause) 822M->739M(1024M) 14,171ms
[28,493s][info][gc] GC(457) Pause Young (Mixed) (G1 Evacuation Pause) 783M->719M(1024M) 11,099ms
[28,570s][info][gc] GC(458) Pause Young (Normal) (G1 Evacuation Pause) 891M->731M(1024M) 5,292ms
[28,643s][info][gc] GC(459) Pause Young (Normal) (G1 Evacuation Pause) 892M->744M(1024M) 7,223ms
[28,710s][info][gc] GC(460) Pause Young (Concurrent Start) (G1 Evacuation Pause) 894M->757M(1024M) 5,898ms
[28,710s][info][gc] GC(461) Concurrent Mark Cycle
[28,787s][info][gc] GC(462) Pause Young (Normal) (G1 Evacuation Pause) 896M->769M(1024M) 5,567ms
[28,853s][info][gc] GC(463) Pause Young (Normal) (G1 Evacuation Pause) 898M->778M(1024M) 4,775ms
[28,916s][info][gc] GC(464) Pause Young (Normal) (G1 Evacuation Pause) 898M->788M(1024M) 4,506ms
[28,932s][info][gc] GC(461) Pause Remark 820M->820M(1024M) 0,893ms
[28,972s][info][gc] GC(465) Pause Young (Normal) (G1 Evacuation Pause) 900M->797M(1024M) 5,108ms
[29,022s][info][gc] GC(466) Pause Young (Normal) (G1 Evacuation Pause) 901M->806M(1024M) 4,990ms
[29,069s][info][gc] GC(467) Pause Young (Normal) (G1 Evacuation Pause) 903M->813M(1024M) 4,698ms
[29,086s][info][gc] GC(461) Pause Cleanup 850M->850M(1024M) 0,376ms
[29,087s][info][gc] GC(461) Concurrent Mark Cycle 376,472ms
[29,114s][info][gc] GC(468) Pause Young (Prepare Mixed) (G1 Evacuation Pause) 904M->821M(1024M) 4,513ms
[29,147s][info][gc] GC(469) Pause Young (Mixed) (G1 Evacuation Pause) 864M->775M(1024M) 14,438ms
[29,181s][info][gc] GC(470) Pause Young (Mixed) (G1 Evacuation Pause) 822M->738M(1024M) 14,360ms
[29,211s][info][gc] GC(471) Pause Young (Mixed) (G1 Evacuation Pause) 782M->720M(1024M) 10,901ms
[29,289s][info][gc] GC(472) Pause Young (Normal) (G1 Evacuation Pause) 891M->733M(1024M) 5,371ms
[29,363s][info][gc] GC(473) Pause Young (Normal) (G1 Evacuation Pause) 893M->746M(1024M) 7,256ms
[29,430s][info][gc] GC(474) Pause Young (Concurrent Start) (G1 Evacuation Pause) 895M->758M(1024M) 5,862ms
[29,430s][info][gc] GC(475) Concurrent Mark Cycle
[29,500s][info][gc] GC(476) Pause Young (Normal) (G1 Evacuation Pause) 896M->768M(1024M) 5,533ms
[29,566s][info][gc] GC(477) Pause Young (Normal) (G1 Evacuation Pause) 898M->779M(1024M) 5,159ms
[29,626s][info][gc] GC(478) Pause Young (Normal) (G1 Evacuation Pause) 898M->789M(1024M) 4,866ms
[29,643s][info][gc] GC(475) Pause Remark 825M->825M(1024M) 0,742ms
[29,681s][info][gc] GC(479) Pause Young (Normal) (G1 Evacuation Pause) 900M->797M(1024M) 5,075ms
[29,732s][info][gc] GC(480) Pause Young (Normal) (G1 Evacuation Pause) 902M->806M(1024M) 4,861ms
[29,779s][info][gc] GC(481) Pause Young (Normal) (G1 Evacuation Pause) 903M->814M(1024M) 4,818ms
[29,797s][info][gc] GC(475) Pause Cleanup 855M->855M(1024M) 0,338ms
[29,799s][info][gc] GC(475) Concurrent Mark Cycle 368,255ms
[29,823s][info][gc] GC(482) Pause Young (Prepare Mixed) (G1 Evacuation Pause) 904M->821M(1024M) 4,540ms
[29,856s][info][gc] GC(483) Pause Young (Mixed) (G1 Evacuation Pause) 864M->776M(1024M) 14,408ms
[29,890s][info][gc] GC(484) Pause Young (Mixed) (G1 Evacuation Pause) 822M->740M(1024M) 14,292ms
[29,920s][info][gc] GC(485) Pause Young (Mixed) (G1 Evacuation Pause) 784M->723M(1024M) 10,593ms
[29,996s][info][gc] GC(486) Pause Young (Normal) (G1 Evacuation Pause) 891M->736M(1024M) 5,309ms
[30,070s][info][gc] GC(487) Pause Young (Normal) (G1 Evacuation Pause) 893M->749M(1024M) 7,151ms
[30,136s][info][gc] GC(488) Pause Young (Concurrent Start) (G1 Evacuation Pause) 894M->759M(1024M) 5,711ms
[30,136s][info][gc] GC(489) Concurrent Mark Cycle
[30,205s][info][gc] GC(490) Pause Young (Normal) (G1 Evacuation Pause) 896M->770M(1024M) 5,636ms
[30,270s][info][gc] GC(491) Pause Young (Normal) (G1 Evacuation Pause) 898M->781M(1024M) 5,148ms
[30,329s][info][gc] GC(492) Pause Young (Normal) (G1 Evacuation Pause) 899M->790M(1024M) 4,842ms
[30,349s][info][gc] GC(489) Pause Remark 832M->832M(1024M) 0,755ms
[30,384s][info][gc] GC(493) Pause Young (Normal) (G1 Evacuation Pause) 900M->799M(1024M) 5,001ms
[30,434s][info][gc] GC(494) Pause Young (Normal) (G1 Evacuation Pause) 902M->807M(1024M) 4,846ms
[30,481s][info][gc] GC(495) Pause Young (Normal) (G1 Evacuation Pause) 903M->815M(1024M) 4,950ms
[30,503s][info][gc] GC(489) Pause Cleanup 864M->864M(1024M) 0,357ms
[30,504s][info][gc] GC(489) Concurrent Mark Cycle 367,758ms
[30,524s][info][gc] GC(496) Pause Young (Prepare Mixed) (G1 Evacuation Pause) 904M->822M(1024M) 4,365ms
[30,557s][info][gc] GC(497) Pause Young (Mixed) (G1 Evacuation Pause) 865M->775M(1024M) 13,935ms
[30,591s][info][gc] GC(498) Pause Young (Mixed) (G1 Evacuation Pause) 822M->739M(1024M) 14,081ms
[30,621s][info][gc] GC(499) Pause Young (Mixed) (G1 Evacuation Pause) 783M->720M(1024M) 11,095ms
[30,698s][info][gc] GC(500) Pause Young (Normal) (G1 Evacuation Pause) 891M->732M(1024M) 5,276ms
[30,772s][info][gc] GC(501) Pause Young (Normal) (G1 Evacuation Pause) 892M->745M(1024M) 7,082ms
[30,840s][info][gc] GC(502) Pause Young (Concurrent Start) (G1 Evacuation Pause) 894M->758M(1024M) 5,788ms
[30,840s][info][gc] GC(503) Concurrent Mark Cycle
[30,910s][info][gc] GC(504) Pause Young (Normal) (G1 Evacuation Pause) 896M->769M(1024M) 5,531ms
[30,974s][info][gc] GC(505) Pause Young (Normal) (G1 Evacuation Pause) 898M->779M(1024M) 5,078ms
[31,035s][info][gc] GC(506) Pause Young (Normal) (G1 Evacuation Pause) 899M->788M(1024M) 4,791ms
[31,052s][info][gc] GC(503) Pause Remark 824M->824M(1024M) 0,697ms
[31,090s][info][gc] GC(507) Pause Young (Normal) (G1 Evacuation Pause) 900M->797M(1024M) 5,066ms
[31,141s][info][gc] GC(508) Pause Young (Normal) (G1 Evacuation Pause) 902M->806M(1024M) 4,909ms
[31,188s][info][gc] GC(509) Pause Young (Normal) (G1 Evacuation Pause) 903M->813M(1024M) 4,847ms
[31,205s][info][gc] GC(503) Pause Cleanup 853M->853M(1024M) 0,334ms
[31,207s][info][gc] GC(503) Concurrent Mark Cycle 366,856ms
[31,232s][info][gc] GC(510) Pause Young (Prepare Mixed) (G1 Evacuation Pause) 904M->821M(1024M) 4,484ms
[31,264s][info][gc] GC(511) Pause Young (Mixed) (G1 Evacuation Pause) 864M->775M(1024M) 14,314ms
[31,300s][info][gc] GC(512) Pause Young (Mixed) (G1 Evacuation Pause) 822M->739M(1024M) 14,888ms
[31,329s][info][gc] GC(513) Pause Young (Mixed) (G1 Evacuation Pause) 783M->721M(1024M) 10,424ms
[31,407s][info][gc] GC(514) Pause Young (Normal) (G1 Evacuation Pause) 891M->734M(1024M) 5,247ms
[31,480s][info][gc] GC(515) Pause Young (Normal) (G1 Evacuation Pause) 893M->748M(1024M) 7,111ms
[31,546s][info][gc] GC(516) Pause Young (Concurrent Start) (G1 Evacuation Pause) 895M->759M(1024M) 5,686ms
[31,546s][info][gc] GC(517) Concurrent Mark Cycle
[31,615s][info][gc] GC(518) Pause Young (Normal) (G1 Evacuation Pause) 896M->770M(1024M) 5,368ms
[31,679s][info][gc] GC(519) Pause Young (Normal) (G1 Evacuation Pause) 898M->780M(1024M) 5,099ms
[31,739s][info][gc] GC(520) Pause Young (Normal) (G1 Evacuation Pause) 899M->789M(1024M) 4,774ms
[31,759s][info][gc] GC(517) Pause Remark 830M->830M(1024M) 0,883ms
[31,795s][info][gc] GC(521) Pause Young (Normal) (G1 Evacuation Pause) 900M->799M(1024M) 4,979ms
[31,845s][info][gc] GC(522) Pause Young (Normal) (G1 Evacuation Pause) 902M->807M(1024M) 4,975ms
[31,891s][info][gc] GC(523) Pause Young (Normal) (G1 Evacuation Pause) 903M->815M(1024M) 4,783ms
[31,913s][info][gc] GC(517) Pause Cleanup 863M->863M(1024M) 0,361ms
[31,914s][info][gc] GC(517) Concurrent Mark Cycle 367,582ms
[31,935s][info][gc] GC(524) Pause Young (Prepare Mixed) (G1 Evacuation Pause) 904M->822M(1024M) 4,469ms
[31,968s][info][gc] GC(525) Pause Young (Mixed) (G1 Evacuation Pause) 865M->776M(1024M) 14,289ms
[32,002s][info][gc] GC(526) Pause Young (Mixed) (G1 Evacuation Pause) 823M->739M(1024M) 14,195ms
[32,033s][info][gc] GC(527) Pause Young (Mixed) (G1 Evacuation Pause) 783M->720M(1024M) 11,564ms
[32,110s][info][gc] GC(528) Pause Young (Normal) (G1 Evacuation Pause) 891M->733M(1024M) 5,333ms
[32,184s][info][gc] GC(529) Pause Young (Normal) (G1 Evacuation Pause) 893M->746M(1024M) 7,129ms
[32,251s][info][gc] GC(530) Pause Young (Concurrent Start) (G1 Evacuation Pause) 894M->758M(1024M) 5,776ms
[32,251s][info][gc] GC(531) Concurrent Mark Cycle
[32,322s][info][gc] GC(532) Pause Young (Normal) (G1 Evacuation Pause) 896M->768M(1024M) 5,564ms
[32,395s][info][gc] GC(533) Pause Young (Normal) (G1 Evacuation Pause) 898M->779M(1024M) 5,369ms
[32,457s][info][gc] GC(534) Pause Young (Normal) (G1 Evacuation Pause) 899M->788M(1024M) 5,506ms
[32,477s][info][gc] GC(531) Pause Remark 824M->824M(1024M) 0,714ms
[32,516s][info][gc] GC(535) Pause Young (Normal) (G1 Evacuation Pause) 900M->797M(1024M) 4,957ms
[32,567s][info][gc] GC(536) Pause Young (Normal) (G1 Evacuation Pause) 902M->805M(1024M) 4,800ms
[32,615s][info][gc] GC(537) Pause Young (Normal) (G1 Evacuation Pause) 902M->813M(1024M) 4,683ms
[32,632s][info][gc] GC(531) Pause Cleanup 851M->851M(1024M) 0,337ms
[32,633s][info][gc] GC(531) Concurrent Mark Cycle 381,820ms
[32,659s][info][gc] GC(538) Pause Young (Prepare Mixed) (G1 Evacuation Pause) 904M->821M(1024M) 4,487ms
[32,691s][info][gc] GC(539) Pause Young (Mixed) (G1 Evacuation Pause) 864M->775M(1024M) 14,413ms
[32,724s][info][gc] GC(540) Pause Young (Mixed) (G1 Evacuation Pause) 822M->740M(1024M) 14,135ms
[32,753s][info][gc] GC(541) Pause Young (Mixed) (G1 Evacuation Pause) 784M->723M(1024M) 10,172ms
[32,829s][info][gc] GC(542) Pause Young (Normal) (G1 Evacuation Pause) 891M->735M(1024M) 5,282ms
[32,900s][info][gc] GC(543) Pause Young (Normal) (G1 Evacuation Pause) 892M->748M(1024M) 7,202ms
[32,967s][info][gc] GC(544) Pause Young (Concurrent Start) (G1 Evacuation Pause) 895M->760M(1024M) 5,767ms
[32,967s][info][gc] GC(545) Concurrent Mark Cycle
[33,035s][info][gc] GC(546) Pause Young (Normal) (G1 Evacuation Pause) 896M->770M(1024M) 5,516ms
[33,100s][info][gc] GC(547) Pause Young (Normal) (G1 Evacuation Pause) 898M->781M(1024M) 5,119ms
[33,159s][info][gc] GC(548) Pause Young (Normal) (G1 Evacuation Pause) 899M->790M(1024M) 4,832ms
[33,179s][info][gc] GC(545) Pause Remark 832M->832M(1024M) 0,715ms
[33,215s][info][gc] GC(549) Pause Young (Normal) (G1 Evacuation Pause) 901M->799M(1024M) 5,043ms
[33,265s][info][gc] GC(550) Pause Young (Normal) (G1 Evacuation Pause) 902M->807M(1024M) 4,864ms
[33,311s][info][gc] GC(551) Pause Young (Normal) (G1 Evacuation Pause) 902M->814M(1024M) 4,691ms
[33,333s][info][gc] GC(545) Pause Cleanup 865M->865M(1024M) 0,357ms
[33,334s][info][gc] GC(545) Concurrent Mark Cycle 367,236ms
[33,354s][info][gc] GC(552) Pause Young (Prepare Mixed) (G1 Evacuation Pause) 903M->821M(1024M) 4,396ms
[33,387s][info][gc] GC(553) Pause Young (Mixed) (G1 Evacuation Pause) 865M->776M(1024M) 14,499ms
[33,421s][info][gc] GC(554) Pause Young (Mixed) (G1 Evacuation Pause) 823M->739M(1024M) 14,543ms
[33,452s][info][gc] GC(555) Pause Young (Mixed) (G1 Evacuation Pause) 783M->718M(1024M) 11,771ms
[33,530s][info][gc] GC(556) Pause Young (Normal) (G1 Evacuation Pause) 891M->731M(1024M) 5,343ms
[33,603s][info][gc] GC(557) Pause Young (Normal) (G1 Evacuation Pause) 892M->744M(1024M) 7,214ms
[33,671s][info][gc] GC(558) Pause Young (Concurrent Start) (G1 Evacuation Pause) 894M->757M(1024M) 5,892ms
[33,672s][info][gc] GC(559) Concurrent Mark Cycle
[33,741s][info][gc] GC(560) Pause Young (Normal) (G1 Evacuation Pause) 896M->768M(1024M) 5,386ms
[33,807s][info][gc] GC(561) Pause Young (Normal) (G1 Evacuation Pause) 898M->778M(1024M) 5,150ms
[33,868s][info][gc] GC(562) Pause Young (Normal) (G1 Evacuation Pause) 899M->788M(1024M) 4,864ms
[33,885s][info][gc] GC(559) Pause Remark 822M->822M(1024M) 1,024ms
[33,924s][info][gc] GC(563) Pause Young (Normal) (G1 Evacuation Pause) 900M->796M(1024M) 5,051ms
[33,975s][info][gc] GC(564) Pause Young (Normal) (G1 Evacuation Pause) 901M->805M(1024M) 4,986ms
[34,022s][info][gc] GC(565) Pause Young (Normal) (G1 Evacuation Pause) 903M->813M(1024M) 4,693ms
[34,039s][info][gc] GC(559) Pause Cleanup 850M->850M(1024M) 0,357ms
[34,040s][info][gc] GC(559) Concurrent Mark Cycle 368,780ms
[34,067s][info][gc] GC(566) Pause Young (Prepare Mixed) (G1 Evacuation Pause) 903M->820M(1024M) 4,488ms
[34,100s][info][gc] GC(567) Pause Young (Mixed) (G1 Evacuation Pause) 863M->775M(1024M) 14,664ms
[34,134s][info][gc] GC(568) Pause Young (Mixed) (G1 Evacuation Pause) 821M->739M(1024M) 14,485ms
[34,163s][info][gc] GC(569) Pause Young (Mixed) (G1 Evacuation Pause) 783M->722M(1024M) 10,330ms
[34,239s][info][gc] GC(570) Pause Young (Normal) (G1 Evacuation Pause) 891M->734M(1024M) 5,223ms
[34,311s][info][gc] GC(571) Pause Young (Normal) (G1 Evacuation Pause) 892M->747M(1024M) 7,030ms
[34,377s][info][gc] GC(572) Pause Young (Concurrent Start) (G1 Evacuation Pause) 895M->759M(1024M) 5,823ms
[34,377s][info][gc] GC(573) Concurrent Mark Cycle
[34,446s][info][gc] GC(574) Pause Young (Normal) (G1 Evacuation Pause) 896M->770M(1024M) 5,417ms
[34,511s][info][gc] GC(575) Pause Young (Normal) (G1 Evacuation Pause) 898M->780M(1024M) 5,254ms
[34,571s][info][gc] GC(576) Pause Young (Normal) (G1 Evacuation Pause) 899M->790M(1024M) 4,896ms
[34,590s][info][gc] GC(573) Pause Remark 830M->830M(1024M) 0,824ms
[34,626s][info][gc] GC(577) Pause Young (Normal) (G1 Evacuation Pause) 901M->798M(1024M) 5,030ms
[34,676s][info][gc] GC(578) Pause Young (Normal) (G1 Evacuation Pause) 902M->807M(1024M) 4,814ms
[34,723s][info][gc] GC(579) Pause Young (Normal) (G1 Evacuation Pause) 903M->814M(1024M) 4,717ms
[34,744s][info][gc] GC(573) Pause Cleanup 862M->862M(1024M) 0,367ms
[34,745s][info][gc] GC(573) Concurrent Mark Cycle 367,738ms
[34,766s][info][gc] GC(580) Pause Young (Prepare Mixed) (G1 Evacuation Pause) 903M->822M(1024M) 4,317ms
[34,798s][info][gc] GC(581) Pause Young (Mixed) (G1 Evacuation Pause) 865M->776M(1024M) 14,311ms
[34,832s][info][gc] GC(582) Pause Young (Mixed) (G1 Evacuation Pause) 823M->739M(1024M) 14,545ms
[34,862s][info][gc] GC(583) Pause Young (Mixed) (G1 Evacuation Pause) 783M->720M(1024M) 11,245ms
[34,938s][info][gc] GC(584) Pause Young (Normal) (G1 Evacuation Pause) 891M->733M(1024M) 5,277ms
[35,011s][info][gc] GC(585) Pause Young (Normal) (G1 Evacuation Pause) 893M->746M(1024M) 7,159ms
[35,078s][info][gc] GC(586) Pause Young (Concurrent Start) (G1 Evacuation Pause) 894M->758M(1024M) 5,816ms
[35,078s][info][gc] GC(587) Concurrent Mark Cycle
[35,147s][info][gc] GC(588) Pause Young (Normal) (G1 Evacuation Pause) 895M->770M(1024M) 5,512ms
[35,211s][info][gc] GC(589) Pause Young (Normal) (G1 Evacuation Pause) 898M->780M(1024M) 5,157ms
[35,271s][info][gc] GC(590) Pause Young (Normal) (G1 Evacuation Pause) 899M->790M(1024M) 4,852ms
[35,291s][info][gc] GC(587) Pause Remark 830M->830M(1024M) 0,939ms
[35,327s][info][gc] GC(591) Pause Young (Normal) (G1 Evacuation Pause) 901M->798M(1024M) 4,948ms
[35,377s][info][gc] GC(592) Pause Young (Normal) (G1 Evacuation Pause) 902M->807M(1024M) 4,836ms
[35,424s][info][gc] GC(593) Pause Young (Normal) (G1 Evacuation Pause) 903M->815M(1024M) 4,689ms
[35,444s][info][gc] GC(587) Pause Cleanup 861M->861M(1024M) 0,340ms
[35,445s][info][gc] GC(587) Concurrent Mark Cycle 367,413ms
[35,467s][info][gc] GC(594) Pause Young (Prepare Mixed) (G1 Evacuation Pause) 904M->821M(1024M) 4,372ms
[35,500s][info][gc] GC(595) Pause Young (Mixed) (G1 Evacuation Pause) 865M->776M(1024M) 14,571ms
[35,534s][info][gc] GC(596) Pause Young (Mixed) (G1 Evacuation Pause) 823M->741M(1024M) 14,214ms
[35,563s][info][gc] GC(597) Pause Young (Mixed) (G1 Evacuation Pause) 785M->725M(1024M) 10,248ms
[35,638s][info][gc] GC(598) Pause Young (Normal) (G1 Evacuation Pause) 892M->737M(1024M) 5,190ms
[35,709s][info][gc] GC(599) Pause Young (Normal) (G1 Evacuation Pause) 892M->750M(1024M) 7,215ms
[35,774s][info][gc] GC(600) Pause Young (Concurrent Start) (G1 Evacuation Pause) 895M->761M(1024M) 5,716ms
[35,774s][info][gc] GC(601) Concurrent Mark Cycle
[35,843s][info][gc] GC(602) Pause Young (Normal) (G1 Evacuation Pause) 897M->772M(1024M) 5,491ms
[35,906s][info][gc] GC(603) Pause Young (Normal) (G1 Evacuation Pause) 898M->782M(1024M) 5,169ms
[35,965s][info][gc] GC(604) Pause Young (Normal) (G1 Evacuation Pause) 899M->791M(1024M) 4,808ms
[35,987s][info][gc] GC(601) Pause Remark 836M->836M(1024M) 0,789ms
[36,020s][info][gc] GC(605) Pause Young (Normal) (G1 Evacuation Pause) 900M->800M(1024M) 4,922ms
[36,069s][info][gc] GC(606) Pause Young (Normal) (G1 Evacuation Pause) 902M->809M(1024M) 4,744ms
[36,115s][info][gc] GC(607) Pause Young (Normal) (G1 Evacuation Pause) 903M->816M(1024M) 4,632ms
[36,140s][info][gc] GC(601) Pause Cleanup 874M->874M(1024M) 0,351ms
[36,141s][info][gc] GC(601) Concurrent Mark Cycle 366,739ms
[36,158s][info][gc] GC(608) Pause Young (Prepare Mixed) (G1 Evacuation Pause) 904M->822M(1024M) 4,410ms
[36,191s][info][gc] GC(609) Pause Young (Mixed) (G1 Evacuation Pause) 866M->775M(1024M) 14,041ms
[36,225s][info][gc] GC(610) Pause Young (Mixed) (G1 Evacuation Pause) 822M->739M(1024M) 14,230ms
[36,256s][info][gc] GC(611) Pause Young (Mixed) (G1 Evacuation Pause) 783M->719M(1024M) 11,719ms
[36,333s][info][gc] GC(612) Pause Young (Normal) (G1 Evacuation Pause) 891M->731M(1024M) 5,377ms
