[0.006s][info][gc] Using G1
[0,168s][info][gc] GC(0) Pause Young (Normal) (G1 Evacuation Pause) 29M->8M(516M) 2,684ms
[0,259s][info][gc] GC(1) Pause Young (Normal) (G1 Evacuation Pause) 60M->12M(516M) 2,741ms
[0,377s][info][gc] GC(2) Pause Young (Normal) (G1 Evacuation Pause) 154M->22M(516M) 5,880ms
[0,441s][info][gc] GC(3) Pause Young (Normal) (G1 Evacuation Pause) 156M->33M(516M) 11,341ms
[0,530s][info][gc] GC(4) Pause Young (Normal) (G1 Evacuation Pause) 217M->46M(516M) 7,582ms
[0,635s][info][gc] GC(5) Pause Young (Normal) (G1 Evacuation Pause) 268M->62M(954M) 12,387ms
[0,844s][info][gc] GC(6) Pause Young (Normal) (G1 Evacuation Pause) 350M->83M(954M) 14,009ms
[1,019s][info][gc] GC(7) Pause Young (Normal) (G1 Evacuation Pause) 449M->110M(954M) 16,726ms
[1,206s][info][gc] GC(8) Pause Young (Normal) (G1 Evacuation Pause) 564M->143M(954M) 17,126ms
[1,424s][info][gc] GC(9) Pause Young (Normal) (G1 Evacuation Pause) 653M->178M(1418M) 21,480ms
[1,864s][info][gc] GC(10) Pause Young (Normal) (G1 Evacuation Pause) 898M->224M(1418M) 25,168ms
[2,171s][info][gc] GC(11) Pause Young (Normal) (G1 Evacuation Pause) 986M->274M(1418M) 28,975ms
[2,475s][info][gc] GC(12) Pause Young (Normal) (G1 Evacuation Pause) 1018M->319M(1418M) 31,852ms
[2,779s][info][gc] GC(13) Pause Young (Normal) (G1 Evacuation Pause) 1063M->369M(1664M) 31,945ms
[3,212s][info][gc] GC(14) Pause Young (Normal) (G1 Evacuation Pause) 1259M->420M(1664M) 30,896ms
[3,570s][info][gc] GC(15) Pause Young (Normal) (G1 Evacuation Pause) 1304M->474M(1664M) 32,401ms
[3,924s][info][gc] GC(16) Pause Young (Normal) (G1 Evacuation Pause) 1344M->527M(1664M) 33,762ms
[4,270s][info][gc] GC(17) Pause Young (Normal) (G1 Evacuation Pause) 1359M->577M(1842M) 33,074ms
[4,684s][info][gc] GC(18) Pause Young (Normal) (G1 Evacuation Pause) 1501M->634M(1842M) 25,108ms
[5,040s][info][gc] GC(19) Pause Young (Normal) (G1 Evacuation Pause) 1516M->686M(1842M) 33,374ms
[5,370s][info][gc] GC(20) Pause Young (Normal) (G1 Evacuation Pause) 1522M->743M(1842M) 24,099ms
[5,676s][info][gc] GC(21) Pause Young (Normal) (G1 Evacuation Pause) 1529M->799M(1842M) 22,688ms
[5,963s][info][gc] GC(22) Pause Young (Normal) (G1 Evacuation Pause) 1535M->846M(1934M) 21,489ms
[6,292s][info][gc] GC(23) Pause Young (Normal) (G1 Evacuation Pause) 1616M->898M(1934M) 21,597ms
[6,586s][info][gc] GC(24) Pause Young (Normal) (G1 Evacuation Pause) 1622M->942M(1934M) 28,674ms
[6,854s][info][gc] GC(25) Pause Young (Concurrent Start) (G1 Evacuation Pause) 1628M->993M(1934M) 20,164ms
[6,854s][info][gc] GC(26) Concurrent Mark Cycle
[7,023s][info][gc] GC(26) Pause Remark 1365M->1365M(2280M) 1,441ms
[7,165s][info][gc] GC(26) Pause Cleanup 1557M->1557M(2280M) 0,370ms
[7,170s][info][gc] GC(26) Concurrent Mark Cycle 316,660ms
[7,221s][info][gc] GC(27) Pause Young (Prepare Mixed) (G1 Evacuation Pause) 1605M->1039M(2280M) 22,259ms
[7,262s][info][gc] GC(28) Pause Young (Mixed) (G1 Evacuation Pause) 1103M->858M(2280M) 17,632ms
[7,320s][info][gc] GC(29) Pause Young (Mixed) (G1 Evacuation Pause) 962M->711M(2778M) 19,079ms
[7,420s][info][gc] GC(30) Pause Young (Mixed) (G1 Evacuation Pause) 835M->700M(2778M) 11,491ms
[8,147s][info][gc] GC(31) Pause Young (Normal) (G1 Evacuation Pause) 2260M->802M(2778M) 27,193ms
[8,699s][info][gc] GC(32) Pause Young (Normal) (G1 Evacuation Pause) 2216M->881M(2778M) 40,603ms
[9,233s][info][gc] GC(33) Pause Young (Normal) (G1 Evacuation Pause) 2245M->963M(2778M) 36,340ms
[9,743s][info][gc] GC(34) Pause Young (Normal) (G1 Evacuation Pause) 2271M->1044M(2778M) 34,654ms
[10,230s][info][gc] GC(35) Pause Young (Normal) (G1 Evacuation Pause) 2296M->1119M(2778M) 33,489ms
[10,707s][info][gc] GC(36) Pause Young (Normal) (G1 Evacuation Pause) 2315M->1195M(2778M) 38,742ms
[11,150s][info][gc] GC(37) Pause Young (Normal) (G1 Evacuation Pause) 2325M->1267M(2778M) 31,021ms
[11,564s][info][gc] GC(38) Pause Young (Normal) (G1 Evacuation Pause) 2331M->1335M(2778M) 29,505ms
[11,956s][info][gc] GC(39) Pause Young (Concurrent Start) (G1 Evacuation Pause) 2343M->1400M(2778M) 28,125ms
[11,956s][info][gc] GC(40) Concurrent Mark Cycle
[12,148s][info][gc] GC(40) Pause Remark 1812M->1812M(3028M) 1,458ms
[12,300s][info][gc] GC(40) Pause Cleanup 2020M->2020M(3028M) 0,397ms
[12,307s][info][gc] GC(40) Concurrent Mark Cycle 350,912ms
[12,452s][info][gc] GC(41) Pause Young (Prepare Mixed) (G1 Evacuation Pause) 2326M->1459M(3028M) 26,768ms
[12,502s][info][gc] GC(42) Pause Young (Mixed) (G1 Evacuation Pause) 1541M->1197M(3028M) 20,273ms
[12,569s][info][gc] GC(43) Pause Young (Mixed) (G1 Evacuation Pause) 1337M->961M(3028M) 16,089ms
[12,635s][info][gc] GC(44) Pause Young (Mixed) (G1 Evacuation Pause) 1093M->812M(3028M) 18,028ms
[13,263s][info][gc] GC(45) Pause Young (Normal) (G1 Evacuation Pause) 2470M->919M(3354M) 28,179ms
[14,080s][info][gc] GC(46) Pause Young (Normal) (G1 Evacuation Pause) 2715M->1016M(3354M) 55,174ms
[14,769s][info][gc] GC(47) Pause Young (Normal) (G1 Evacuation Pause) 2740M->1089M(3354M) 59,016ms
[15,436s][info][gc] GC(48) Pause Young (Normal) (G1 Evacuation Pause) 2759M->1167M(3354M) 56,935ms
[16,095s][info][gc] GC(49) Pause Young (Normal) (G1 Evacuation Pause) 2775M->1241M(3354M) 65,197ms
[16,709s][info][gc] GC(50) Pause Young (Normal) (G1 Evacuation Pause) 2783M->1314M(3354M) 53,705ms
[17,309s][info][gc] GC(51) Pause Young (Normal) (G1 Evacuation Pause) 2792M->1387M(3384M) 59,289ms
[17,894s][info][gc] GC(52) Pause Young (Normal) (G1 Evacuation Pause) 2823M->1456M(3384M) 50,395ms
[18,440s][info][gc] GC(53) Pause Young (Normal) (G1 Evacuation Pause) 2832M->1526M(3384M) 48,539ms
[18,964s][info][gc] GC(54) Pause Young (Normal) (G1 Evacuation Pause) 2842M->1594M(3384M) 47,218ms
[19,477s][info][gc] GC(55) Pause Young (Normal) (G1 Evacuation Pause) 2850M->1663M(3414M) 46,220ms
[19,980s][info][gc] GC(56) Pause Young (Normal) (G1 Evacuation Pause) 2883M->1728M(3414M) 44,540ms
[20,446s][info][gc] GC(57) Pause Young (Concurrent Start) (G1 Evacuation Pause) 2890M->1792M(3414M) 42,583ms
[20,446s][info][gc] GC(58) Concurrent Mark Cycle
[20,628s][info][gc] GC(58) Pause Remark 2179M->2179M(3640M) 1,225ms
[20,767s][info][gc] GC(58) Pause Cleanup 2366M->2366M(3640M) 0,391ms
[20,772s][info][gc] GC(58) Concurrent Mark Cycle 326,253ms
[21,008s][info][gc] GC(59) Pause Young (Prepare Mixed) (G1 Evacuation Pause) 2880M->1855M(3640M) 41,531ms
[21,064s][info][gc] GC(60) Pause Young (Mixed) (G1 Evacuation Pause) 1955M->1511M(3640M) 18,990ms
[21,139s][info][gc] GC(61) Pause Young (Mixed) (G1 Evacuation Pause) 1683M->1189M(3732M) 10,881ms
[21,247s][info][gc] GC(62) Pause Young (Mixed) (G1 Evacuation Pause) 1353M->889M(3732M) 19,153ms
[21,317s][info][gc] GC(63) Pause Young (Mixed) (G1 Evacuation Pause) 1061M->888M(3732M) 7,432ms
[22,134s][info][gc] GC(64) Pause Young (Normal) (G1 Evacuation Pause) 3040M->1023M(3732M) 36,598ms
[22,919s][info][gc] GC(65) Pause Young (Normal) (G1 Evacuation Pause) 3033M->1123M(3732M) 54,044ms
[23,669s][info][gc] GC(66) Pause Young (Normal) (G1 Evacuation Pause) 3059M->1226M(3732M) 48,768ms
[24,396s][info][gc] GC(67) Pause Young (Normal) (G1 Evacuation Pause) 3078M->1327M(3732M) 46,793ms
[25,082s][info][gc] GC(68) Pause Young (Normal) (G1 Evacuation Pause) 3093M->1419M(3732M) 45,150ms
[25,738s][info][gc] GC(69) Pause Young (Normal) (G1 Evacuation Pause) 3105M->1515M(3732M) 43,967ms
[26,359s][info][gc] GC(70) Pause Young (Normal) (G1 Evacuation Pause) 3115M->1606M(3732M) 41,682ms
[26,959s][info][gc] GC(71) Pause Young (Normal) (G1 Evacuation Pause) 3128M->1693M(3732M) 47,155ms
[27,532s][info][gc] GC(72) Pause Young (Normal) (G1 Evacuation Pause) 3137M->1777M(3748M) 38,609ms
[28,079s][info][gc] GC(73) Pause Young (Normal) (G1 Evacuation Pause) 3161M->1858M(3748M) 36,818ms
[28,590s][info][gc] GC(74) Pause Young (Normal) (G1 Evacuation Pause) 3170M->1941M(3748M) 35,656ms
[29,074s][info][gc] GC(75) Pause Young (Normal) (G1 Evacuation Pause) 3179M->2015M(3748M) 33,676ms
[29,533s][info][gc] GC(76) Pause Young (Normal) (G1 Evacuation Pause) 3189M->2089M(3748M) 32,284ms
[29,968s][info][gc] GC(77) Pause Young (Normal) (G1 Evacuation Pause) 3199M->2162M(3748M) 30,891ms
