[0.006s][info][gc] Using G1
[0,158s][info][gc] GC(0) Pause Young (Normal) (G1 Evacuation Pause) 29M->8M(516M) 2,564ms
[0,209s][info][gc] GC(1) Pause Young (Normal) (G1 Evacuation Pause) 62M->12M(516M) 3,163ms
[0,320s][info][gc] GC(2) Pause Young (Normal) (G1 Evacuation Pause) 152M->22M(516M) 5,797ms
[0,392s][info][gc] GC(3) Pause Young (Normal) (G1 Evacuation Pause) 158M->33M(516M) 11,792ms
[0,492s][info][gc] GC(4) Pause Young (Normal) (G1 Evacuation Pause) 219M->46M(516M) 7,887ms
[0,608s][info][gc] GC(5) Pause Young (Normal) (G1 Evacuation Pause) 274M->63M(980M) 12,598ms
[0,828s][info][gc] GC(6) Pause Young (Normal) (G1 Evacuation Pause) 347M->83M(980M) 14,119ms
[1,027s][info][gc] GC(7) Pause Young (Normal) (G1 Evacuation Pause) 457M->110M(980M) 17,716ms
[1,239s][info][gc] GC(8) Pause Young (Normal) (G1 Evacuation Pause) 584M->144M(980M) 17,596ms
[1,482s][info][gc] GC(9) Pause Young (Normal) (G1 Evacuation Pause) 668M->179M(1378M) 21,670ms
[1,936s][info][gc] GC(10) Pause Young (Normal) (G1 Evacuation Pause) 931M->227M(1378M) 25,945ms
[2,261s][info][gc] GC(11) Pause Young (Normal) (G1 Evacuation Pause) 961M->271M(1378M) 31,825ms
[2,591s][info][gc] GC(12) Pause Young (Normal) (G1 Evacuation Pause) 1043M->325M(1378M) 21,721ms
[2,909s][info][gc] GC(13) Pause Young (Normal) (G1 Evacuation Pause) 1047M->369M(1560M) 29,947ms
[3,338s][info][gc] GC(14) Pause Young (Normal) (G1 Evacuation Pause) 1243M->424M(1560M) 23,339ms
[3,701s][info][gc] GC(15) Pause Young (Normal) (G1 Evacuation Pause) 1250M->475M(1560M) 31,152ms
[4,042s][info][gc] GC(16) Pause Young (Normal) (G1 Evacuation Pause) 1273M->530M(1560M) 22,807ms
[4,382s][info][gc] GC(17) Pause Young (Normal) (G1 Evacuation Pause) 1282M->577M(1560M) 22,153ms
[4,689s][info][gc] GC(18) Pause Young (Normal) (G1 Evacuation Pause) 1287M->628M(1688M) 21,389ms
[5,056s][info][gc] GC(19) Pause Young (Normal) (G1 Evacuation Pause) 1394M->680M(1688M) 21,305ms
[5,372s][info][gc] GC(20) Pause Young (Normal) (G1 Evacuation Pause) 1400M->722M(1688M) 28,140ms
[5,670s][info][gc] GC(21) Pause Young (Normal) (G1 Evacuation Pause) 1406M->775M(1688M) 20,170ms
[5,944s][info][gc] GC(22) Pause Young (Normal) (G1 Evacuation Pause) 1413M->824M(1688M) 19,033ms
[6,199s][info][gc] GC(23) Pause Young (Concurrent Start) (G1 Evacuation Pause) 1420M->864M(1786M) 18,073ms
[6,200s][info][gc] GC(24) Concurrent Mark Cycle
[6,358s][info][gc] GC(24) Pause Remark 1108M->1108M(1854M) 0,746ms
[6,481s][info][gc] GC(24) Pause Cleanup 1337M->1337M(1854M) 0,296ms
[6,486s][info][gc] GC(24) Concurrent Mark Cycle 286,742ms
[6,564s][info][gc] GC(25) Pause Young (Prepare Mixed) (G1 Evacuation Pause) 1496M->905M(1854M) 18,569ms
[6,591s][info][gc] GC(26) Pause Young (Mixed) (G1 Evacuation Pause) 911M->769M(1854M) 24,088ms
[6,640s][info][gc] GC(27) Pause Young (Mixed) (G1 Evacuation Pause) 851M->649M(1854M) 15,317ms
[6,683s][info][gc] GC(28) Pause Young (Mixed) (G1 Evacuation Pause) 733M->630M(1854M) 8,681ms
[7,061s][info][gc] GC(29) Pause Young (Normal) (G1 Evacuation Pause) 1524M->692M(2752M) 19,132ms
[7,964s][info][gc] GC(30) Pause Young (Normal) (G1 Evacuation Pause) 2162M->779M(2752M) 34,122ms
[8,586s][info][gc] GC(31) Pause Young (Normal) (G1 Evacuation Pause) 2187M->851M(2752M) 46,800ms
[9,183s][info][gc] GC(32) Pause Young (Normal) (G1 Evacuation Pause) 2217M->918M(2752M) 48,830ms
[9,789s][info][gc] GC(33) Pause Young (Normal) (G1 Evacuation Pause) 2242M->986M(2752M) 46,738ms
[10,347s][info][gc] GC(34) Pause Young (Normal) (G1 Evacuation Pause) 2266M->1053M(2752M) 46,070ms
[10,884s][info][gc] GC(35) Pause Young (Normal) (G1 Evacuation Pause) 2285M->1120M(2752M) 44,797ms
[11,397s][info][gc] GC(36) Pause Young (Normal) (G1 Evacuation Pause) 2294M->1184M(2806M) 43,356ms
[11,928s][info][gc] GC(37) Pause Young (Normal) (G1 Evacuation Pause) 2344M->1247M(2806M) 42,145ms
[12,411s][info][gc] GC(38) Pause Young (Normal) (G1 Evacuation Pause) 2351M->1310M(2806M) 40,404ms
[12,862s][info][gc] GC(39) Pause Young (Normal) (G1 Evacuation Pause) 2360M->1377M(2806M) 28,826ms
[13,287s][info][gc] GC(40) Pause Young (Concurrent Start) (G1 Evacuation Pause) 2369M->1441M(2806M) 27,479ms
[13,287s][info][gc] GC(41) Concurrent Mark Cycle
[13,478s][info][gc] GC(41) Pause Remark 1815M->1815M(3030M) 1,285ms
[13,637s][info][gc] GC(41) Pause Cleanup 2013M->2013M(3030M) 0,379ms
[13,643s][info][gc] GC(41) Concurrent Mark Cycle 355,939ms
[13,811s][info][gc] GC(42) Pause Young (Prepare Mixed) (G1 Evacuation Pause) 2357M->1499M(3030M) 26,283ms
[13,863s][info][gc] GC(43) Pause Young (Mixed) (G1 Evacuation Pause) 1581M->1230M(3094M) 19,140ms
[13,957s][info][gc] GC(44) Pause Young (Mixed) (G1 Evacuation Pause) 1374M->973M(3094M) 13,614ms
[14,028s][info][gc] GC(45) Pause Young (Mixed) (G1 Evacuation Pause) 1107M->815M(3094M) 17,504ms
[14,740s][info][gc] GC(46) Pause Young (Normal) (G1 Evacuation Pause) 2525M->925M(3094M) 28,176ms
[15,430s][info][gc] GC(47) Pause Young (Normal) (G1 Evacuation Pause) 2525M->1017M(3094M) 42,570ms
[16,081s][info][gc] GC(48) Pause Young (Normal) (G1 Evacuation Pause) 2545M->1103M(3094M) 40,003ms
[16,704s][info][gc] GC(49) Pause Young (Normal) (G1 Evacuation Pause) 2563M->1187M(3094M) 38,455ms
[17,294s][info][gc] GC(50) Pause Young (Normal) (G1 Evacuation Pause) 2571M->1267M(3094M) 36,576ms
[17,856s][info][gc] GC(51) Pause Young (Normal) (G1 Evacuation Pause) 2581M->1352M(3094M) 35,252ms
[18,393s][info][gc] GC(52) Pause Young (Normal) (G1 Evacuation Pause) 2592M->1427M(3094M) 33,429ms
[18,903s][info][gc] GC(53) Pause Young (Normal) (G1 Evacuation Pause) 2601M->1501M(3094M) 32,190ms
[19,380s][info][gc] GC(54) Pause Young (Concurrent Start) (G1 Evacuation Pause) 2611M->1571M(3094M) 30,646ms
[19,380s][info][gc] GC(55) Concurrent Mark Cycle
[19,576s][info][gc] GC(55) Pause Remark 1952M->1952M(3264M) 1,010ms
[19,733s][info][gc] GC(55) Pause Cleanup 2171M->2171M(3264M) 0,495ms
[19,738s][info][gc] GC(55) Concurrent Mark Cycle 357,986ms
[19,936s][info][gc] GC(56) Pause Young (Prepare Mixed) (G1 Evacuation Pause) 2603M->1639M(3264M) 29,300ms
[19,991s][info][gc] GC(57) Pause Young (Mixed) (G1 Evacuation Pause) 1725M->1349M(3264M) 20,600ms
[20,067s][info][gc] GC(58) Pause Young (Mixed) (G1 Evacuation Pause) 1501M->1082M(3264M) 14,986ms
[20,149s][info][gc] GC(59) Pause Young (Mixed) (G1 Evacuation Pause) 1224M->850M(3264M) 20,673ms
[20,916s][info][gc] GC(60) Pause Young (Normal) (G1 Evacuation Pause) 2664M->966M(3484M) 30,143ms
[21,780s][info][gc] GC(61) Pause Young (Normal) (G1 Evacuation Pause) 2834M->1068M(3484M) 46,660ms
[22,564s][info][gc] GC(62) Pause Young (Normal) (G1 Evacuation Pause) 2858M->1143M(3484M) 58,586ms
[23,318s][info][gc] GC(63) Pause Young (Normal) (G1 Evacuation Pause) 2873M->1221M(3484M) 57,658ms
[24,043s][info][gc] GC(64) Pause Young (Normal) (G1 Evacuation Pause) 2885M->1298M(3484M) 56,087ms
[24,737s][info][gc] GC(65) Pause Young (Normal) (G1 Evacuation Pause) 2894M->1373M(3484M) 54,443ms
[25,409s][info][gc] GC(66) Pause Young (Normal) (G1 Evacuation Pause) 2903M->1443M(3484M) 53,048ms
[26,055s][info][gc] GC(67) Pause Young (Normal) (G1 Evacuation Pause) 2909M->1512M(3484M) 51,008ms
[26,668s][info][gc] GC(68) Pause Young (Normal) (G1 Evacuation Pause) 2918M->1583M(3510M) 49,590ms
[27,273s][info][gc] GC(69) Pause Young (Normal) (G1 Evacuation Pause) 2949M->1652M(3510M) 48,321ms
[27,841s][info][gc] GC(70) Pause Young (Normal) (G1 Evacuation Pause) 2956M->1717M(3510M) 46,735ms
[28,390s][info][gc] GC(71) Pause Young (Normal) (G1 Evacuation Pause) 2965M->1786M(3510M) 45,224ms
[28,922s][info][gc] GC(72) Pause Young (Normal) (G1 Evacuation Pause) 2974M->1852M(3534M) 44,419ms
[29,441s][info][gc] GC(73) Pause Young (Normal) (G1 Evacuation Pause) 3000M->1912M(3534M) 42,507ms
[29,922s][info][gc] GC(74) Pause Young (Normal) (G1 Evacuation Pause) 3008M->1971M(3534M) 41,261ms
[30,390s][info][gc] GC(75) Pause Young (Normal) (G1 Evacuation Pause) 3015M->2030M(3534M) 39,401ms
[30,815s][info][gc] GC(76) Pause Young (Normal) (G1 Evacuation Pause) 3024M->2095M(3558M) 27,544ms
[31,232s][info][gc] GC(77) Pause Young (Normal) (G1 Evacuation Pause) 3051M->2160M(3558M) 26,802ms
[31,617s][info][gc] GC(78) Pause Young (Normal) (G1 Evacuation Pause) 3058M->2216M(3558M) 25,356ms
[31,982s][info][gc] GC(79) Pause Young (Normal) (G1 Evacuation Pause) 3066M->2275M(3558M) 24,278ms
[32,324s][info][gc] GC(80) Pause Young (Normal) (G1 Evacuation Pause) 3075M->2330M(3558M) 22,813ms
[32,646s][info][gc] GC(81) Pause Young (Normal) (G1 Evacuation Pause) 3080M->2375M(3558M) 21,788ms
