[0.007s][info][gc] Using Parallel
[0,313s][info][gc] GC(0) Pause Young (Allocation Failure) 128M->14M(491M) 8,940ms
[0,399s][info][gc] GC(1) Pause Young (Allocation Failure) 142M->23M(619M) 10,600ms
[0,551s][info][gc] GC(2) Pause Young (Allocation Failure) 280M->41M(619M) 16,904ms
[0,661s][info][gc] GC(3) Pause Young (Allocation Failure) 298M->59M(876M) 16,449ms
[0,932s][info][gc] GC(4) Pause Young (Allocation Failure) 573M->95M(876M) 23,257ms
[1,133s][info][gc] GC(5) Pause Young (Allocation Failure) 609M->130M(1426M) 19,343ms
[1,703s][info][gc] GC(6) Pause Young (Allocation Failure) 1150M->194M(1434M) 39,457ms
[2,137s][info][gc] GC(7) Pause Young (Allocation Failure) 1214M->256M(1537M) 79,197ms
[2,647s][info][gc] GC(8) Pause Young (Allocation Failure) 1342M->317M(1567M) 121,325ms
[3,205s][info][gc] GC(9) Pause Young (Allocation Failure) 1403M->374M(1469M) 163,154ms
[3,736s][info][gc] GC(10) Pause Young (Allocation Failure) 1362M->427M(1535M) 171,525ms
[4,007s][info][gc] GC(11) Pause Full (Ergonomics) 427M->346M(1770M) 270,471ms
[4,374s][info][gc] GC(12) Pause Young (Allocation Failure) 1344M->415M(1780M) 19,562ms
[4,799s][info][gc] GC(13) Pause Young (Allocation Failure) 1413M->476M(1771M) 68,588ms
[5,241s][info][gc] GC(14) Pause Young (Allocation Failure) 1492M->538M(1781M) 77,461ms
[5,691s][info][gc] GC(15) Pause Young (Allocation Failure) 1554M->600M(1790M) 76,304ms
[6,005s][info][gc] GC(16) Pause Full (Ergonomics) 600M->443M(1968M) 313,911ms
[6,417s][info][gc] GC(17) Pause Young (Allocation Failure) 1492M->515M(1976M) 20,737ms
[6,869s][info][gc] GC(18) Pause Young (Allocation Failure) 1585M->580M(1983M) 78,068ms
[7,335s][info][gc] GC(19) Pause Young (Allocation Failure) 1650M->644M(1985M) 79,533ms
[7,816s][info][gc] GC(20) Pause Young (Allocation Failure) 1735M->710M(1991M) 88,169ms
[8,300s][info][gc] GC(21) Pause Young (Allocation Failure) 1801M->776M(1999M) 88,302ms
[8,655s][info][gc] GC(22) Pause Full (Ergonomics) 776M->515M(2141M) 354,741ms
[9,068s][info][gc] GC(23) Pause Young (Allocation Failure) 1629M->592M(2148M) 22,146ms
[9,549s][info][gc] GC(24) Pause Young (Allocation Failure) 1720M->659M(2152M) 87,705ms
[10,053s][info][gc] GC(25) Pause Young (Allocation Failure) 1787M->726M(2152M) 100,710ms
[10,563s][info][gc] GC(26) Pause Young (Allocation Failure) 1864M->794M(2156M) 98,169ms
[11,080s][info][gc] GC(27) Pause Young (Allocation Failure) 1932M->862M(2158M) 101,501ms
[11,600s][info][gc] GC(28) Pause Young (Allocation Failure) 2011M->930M(2162M) 106,121ms
[11,999s][info][gc] GC(29) Pause Full (Ergonomics) 930M->558M(2280M) 398,895ms
[12,436s][info][gc] GC(30) Pause Young (Allocation Failure) 1716M->638M(2282M) 22,780ms
[12,935s][info][gc] GC(31) Pause Young (Allocation Failure) 1795M->706M(2280M) 90,249ms
[13,447s][info][gc] GC(32) Pause Young (Allocation Failure) 1866M->775M(2282M) 94,327ms
[13,962s][info][gc] GC(33) Pause Young (Allocation Failure) 1935M->844M(2283M) 91,249ms
[14,482s][info][gc] GC(34) Pause Young (Allocation Failure) 2010M->913M(2285M) 97,883ms
[15,002s][info][gc] GC(35) Pause Young (Allocation Failure) 2079M->982M(2286M) 99,421ms
[15,524s][info][gc] GC(36) Pause Young (Allocation Failure) 2153M->1051M(2288M) 104,623ms
[15,933s][info][gc] GC(37) Pause Full (Ergonomics) 1051M->579M(2362M) 408,938ms
[16,379s][info][gc] GC(38) Pause Young (Allocation Failure) 1754M->659M(2363M) 23,211ms
[16,890s][info][gc] GC(39) Pause Young (Allocation Failure) 1834M->729M(2361M) 97,278ms
[17,401s][info][gc] GC(40) Pause Young (Allocation Failure) 1905M->798M(2363M) 91,618ms
[17,923s][info][gc] GC(41) Pause Young (Allocation Failure) 1975M->868M(2364M) 101,057ms
[18,438s][info][gc] GC(42) Pause Young (Allocation Failure) 2047M->937M(2365M) 94,418ms
[18,955s][info][gc] GC(43) Pause Young (Allocation Failure) 2117M->1007M(2365M) 95,401ms
[19,481s][info][gc] GC(44) Pause Young (Allocation Failure) 2189M->1077M(2366M) 99,474ms
[19,833s][info][gc] GC(45) Pause Full (Ergonomics) 1077M->587M(2432M) 351,340ms
[20,274s][info][gc] GC(46) Pause Young (Allocation Failure) 1772M->668M(2432M) 23,287ms
[20,789s][info][gc] GC(47) Pause Young (Allocation Failure) 1853M->738M(2431M) 102,423ms
[21,314s][info][gc] GC(48) Pause Young (Allocation Failure) 1923M->808M(2432M) 98,917ms
[21,839s][info][gc] GC(49) Pause Young (Allocation Failure) 1993M->878M(2432M) 96,368ms
[22,364s][info][gc] GC(50) Pause Young (Allocation Failure) 2065M->948M(2432M) 97,551ms
[22,892s][info][gc] GC(51) Pause Young (Allocation Failure) 2135M->1018M(2433M) 100,398ms
[23,419s][info][gc] GC(52) Pause Young (Allocation Failure) 2207M->1088M(2433M) 102,643ms
[23,960s][info][gc] GC(53) Pause Young (Allocation Failure) 2277M->1158M(2434M) 107,765ms
[24,388s][info][gc] GC(54) Pause Full (Ergonomics) 1158M->589M(2481M) 428,063ms
[24,831s][info][gc] GC(55) Pause Young (Allocation Failure) 1779M->670M(2482M) 25,080ms
[25,347s][info][gc] GC(56) Pause Young (Allocation Failure) 1861M->741M(2476M) 100,765ms
[25,889s][info][gc] GC(57) Pause Young (Allocation Failure) 1932M->811M(2481M) 107,703ms
[26,419s][info][gc] GC(58) Pause Young (Allocation Failure) 2002M->881M(2481M) 102,088ms
[26,944s][info][gc] GC(59) Pause Young (Allocation Failure) 2072M->951M(2482M) 99,980ms
[27,479s][info][gc] GC(60) Pause Young (Allocation Failure) 2144M->1022M(2482M) 107,544ms
[28,014s][info][gc] GC(61) Pause Young (Allocation Failure) 2214M->1092M(2483M) 103,188ms
[28,540s][info][gc] GC(62) Pause Young (Allocation Failure) 2286M->1162M(2480M) 101,074ms
[29,069s][info][gc] GC(63) Pause Young (Allocation Failure) 2356M->1233M(2483M) 104,416ms
[29,422s][info][gc] GC(64) Pause Full (Ergonomics) 1233M->590M(2530M) 352,714ms
[29,861s][info][gc] GC(65) Pause Young (Allocation Failure) 1784M->672M(2531M) 23,486ms
[30,379s][info][gc] GC(66) Pause Young (Allocation Failure) 1867M->742M(2528M) 101,990ms
[30,911s][info][gc] GC(67) Pause Young (Allocation Failure) 1937M->812M(2531M) 102,448ms
[31,446s][info][gc] GC(68) Pause Young (Allocation Failure) 2007M->883M(2531M) 97,946ms
[31,968s][info][gc] GC(69) Pause Young (Allocation Failure) 2078M->953M(2532M) 94,963ms
[32,505s][info][gc] GC(70) Pause Young (Allocation Failure) 2149M->1023M(2529M) 104,381ms
[33,032s][info][gc] GC(71) Pause Young (Allocation Failure) 2219M->1094M(2531M) 100,643ms
[33,557s][info][gc] GC(72) Pause Young (Allocation Failure) 2290M->1164M(2531M) 99,015ms
[34,095s][info][gc] GC(73) Pause Young (Allocation Failure) 2360M->1235M(2532M) 105,007ms
[34,635s][info][gc] GC(74) Pause Young (Allocation Failure) 2432M->1305M(2530M) 110,811ms
[34,984s][info][gc] GC(75) Pause Full (Ergonomics) 1305M->590M(2572M) 348,451ms
