[0.035s][info][gc] Using Parallel
[1,212s][info][gc] GC(0) Pause Young (Allocation Failure) 128M->14M(491M) 36,402ms
[1,626s][info][gc] GC(1) Pause Young (Allocation Failure) 142M->23M(619M) 53,982ms
[2,477s][info][gc] GC(2) Pause Young (Allocation Failure) 280M->41M(619M) 77,058ms
[3,133s][info][gc] GC(3) Pause Young (Allocation Failure) 298M->59M(661M) 75,975ms
[3,889s][info][gc] GC(4) Pause Young (Allocation Failure) 358M->80M(661M) 81,050ms
[4,628s][info][gc] GC(5) Pause Young (Allocation Failure) 379M->101M(588M) 67,143ms
[5,195s][info][gc] GC(6) Pause Young (Allocation Failure) 327M->117M(625M) 57,602ms
[5,764s][info][gc] GC(7) Pause Young (Allocation Failure) 343M->133M(622M) 61,752ms
[6,351s][info][gc] GC(8) Pause Young (Allocation Failure) 361M->148M(618M) 74,598ms
[6,961s][info][gc] GC(9) Pause Young (Allocation Failure) 377M->163M(626M) 96,606ms
[7,549s][info][gc] GC(10) Pause Young (Allocation Failure) 389M->179M(624M) 80,034ms
[8,108s][info][gc] GC(11) Pause Young (Allocation Failure) 405M->195M(624M) 50,106ms
[8,664s][info][gc] GC(12) Pause Young (Allocation Failure) 420M->211M(624M) 49,931ms
[9,220s][info][gc] GC(13) Pause Young (Allocation Failure) 436M->227M(623M) 50,325ms
[9,776s][info][gc] GC(14) Pause Young (Allocation Failure) 452M->243M(624M) 50,207ms
[10,332s][info][gc] GC(15) Pause Young (Allocation Failure) 468M->259M(623M) 50,264ms
[10,893s][info][gc] GC(16) Pause Young (Allocation Failure) 486M->275M(624M) 50,218ms
[11,454s][info][gc] GC(17) Pause Young (Allocation Failure) 502M->291M(626M) 50,547ms
[12,025s][info][gc] GC(18) Pause Young (Allocation Failure) 522M->307M(626M) 51,007ms
[12,596s][info][gc] GC(19) Pause Young (Allocation Failure) 539M->323M(628M) 51,608ms
[13,180s][info][gc] GC(20) Pause Young (Allocation Failure) 560M->340M(627M) 51,800ms
[14,073s][info][gc] GC(21) Pause Full (Ergonomics) 340M->268M(765M) 892,537ms
[14,641s][info][gc] GC(22) Pause Young (Allocation Failure) 510M->286M(765M) 24,348ms
[15,235s][info][gc] GC(23) Pause Young (Allocation Failure) 528M->303M(767M) 51,267ms
[15,841s][info][gc] GC(24) Pause Young (Allocation Failure) 550M->320M(767M) 52,106ms
[16,446s][info][gc] GC(25) Pause Young (Allocation Failure) 567M->338M(770M) 52,277ms
[17,071s][info][gc] GC(26) Pause Young (Allocation Failure) 591M->356M(770M) 55,337ms
[17,697s][info][gc] GC(27) Pause Young (Allocation Failure) 609M->373M(774M) 56,434ms
[18,340s][info][gc] GC(28) Pause Young (Allocation Failure) 634M->392M(774M) 56,961ms
[18,983s][info][gc] GC(29) Pause Young (Allocation Failure) 652M->410M(777M) 57,930ms
[19,641s][info][gc] GC(30) Pause Young (Allocation Failure) 677M->429M(777M) 58,490ms
[20,299s][info][gc] GC(31) Pause Young (Allocation Failure) 695M->447M(780M) 59,267ms
[20,969s][info][gc] GC(32) Pause Young (Allocation Failure) 719M->467M(780M) 59,617ms
[21,641s][info][gc] GC(33) Pause Young (Allocation Failure) 739M->486M(783M) 60,734ms
[22,841s][info][gc] GC(34) Pause Full (Ergonomics) 486M->372M(982M) 1198,932ms
[23,498s][info][gc] GC(35) Pause Young (Allocation Failure) 649M->392M(983M) 27,779ms
[24,187s][info][gc] GC(36) Pause Young (Allocation Failure) 672M->411M(984M) 56,915ms
[24,890s][info][gc] GC(37) Pause Young (Allocation Failure) 691M->431M(978M) 73,743ms
[25,556s][info][gc] GC(38) Pause Young (Allocation Failure) 703M->449M(981M) 54,763ms
[26,249s][info][gc] GC(39) Pause Young (Allocation Failure) 721M->468M(972M) 81,257ms
[26,891s][info][gc] GC(40) Pause Young (Allocation Failure) 731M->486M(976M) 51,379ms
[27,565s][info][gc] GC(41) Pause Young (Allocation Failure) 749M->504M(950M) 82,834ms
[28,178s][info][gc] GC(42) Pause Young (Allocation Failure) 740M->520M(963M) 83,992ms
[28,775s][info][gc] GC(43) Pause Young (Allocation Failure) 756M->537M(962M) 66,753ms
[29,380s][info][gc] GC(44) Pause Young (Allocation Failure) 774M->553M(963M) 72,185ms
[29,997s][info][gc] GC(45) Pause Young (Allocation Failure) 790M->569M(964M) 83,198ms
[30,589s][info][gc] GC(46) Pause Young (Allocation Failure) 809M->586M(965M) 53,133ms
[31,180s][info][gc] GC(47) Pause Young (Allocation Failure) 826M->603M(964M) 53,656ms
[31,774s][info][gc] GC(48) Pause Young (Allocation Failure) 843M->620M(965M) 53,684ms
[32,368s][info][gc] GC(49) Pause Young (Allocation Failure) 860M->637M(965M) 54,179ms
[32,968s][info][gc] GC(50) Pause Young (Allocation Failure) 880M->654M(965M) 54,212ms
[33,568s][info][gc] GC(51) Pause Young (Allocation Failure) 897M->671M(966M) 54,636ms
[35,002s][info][gc] GC(52) Pause Full (Ergonomics) 671M->463M(975M) 1434,390ms
[35,583s][info][gc] GC(53) Pause Young (Allocation Failure) 710M->481M(977M) 25,879ms
[36,195s][info][gc] GC(54) Pause Young (Allocation Failure) 732M->498M(970M) 48,983ms
[36,833s][info][gc] GC(55) Pause Young (Allocation Failure) 749M->515M(960M) 75,015ms
[37,445s][info][gc] GC(56) Pause Young (Allocation Failure) 746M->531M(969M) 92,613ms
[38,034s][info][gc] GC(57) Pause Young (Allocation Failure) 762M->547M(967M) 69,405ms
[38,625s][info][gc] GC(58) Pause Young (Allocation Failure) 779M->563M(968M) 69,857ms
[39,219s][info][gc] GC(59) Pause Young (Allocation Failure) 795M->579M(969M) 70,140ms
[39,815s][info][gc] GC(60) Pause Young (Allocation Failure) 813M->595M(970M) 70,319ms
[40,420s][info][gc] GC(61) Pause Young (Allocation Failure) 829M->611M(970M) 70,800ms
[41,023s][info][gc] GC(62) Pause Young (Allocation Failure) 848M->627M(971M) 71,360ms
[41,628s][info][gc] GC(63) Pause Young (Allocation Failure) 864M->643M(972M) 73,750ms
[42,248s][info][gc] GC(64) Pause Young (Allocation Failure) 883M->660M(972M) 81,284ms
[42,845s][info][gc] GC(65) Pause Young (Allocation Failure) 899M->677M(974M) 53,777ms
[45,164s][info][gc] GC(66) Pause Full (Ergonomics) 677M->504M(974M) 2318,942ms
[45,303s][info][gc] GC(67) Pause Young (Allocation Failure) 745M->521M(973M) 6,533ms
[45,434s][info][gc] GC(68) Pause Young (Allocation Failure) 762M->538M(973M) 10,175ms
[45,560s][info][gc] GC(69) Pause Young (Allocation Failure) 779M->555M(961M) 14,829ms
[45,704s][info][gc] GC(70) Pause Young (Allocation Failure) 783M->570M(967M) 24,444ms
[45,825s][info][gc] GC(71) Pause Young (Allocation Failure) 798M->586M(960M) 14,279ms
[45,946s][info][gc] GC(72) Pause Young (Allocation Failure) 808M->600M(964M) 19,231ms
[46,072s][info][gc] GC(73) Pause Young (Allocation Failure) 822M->615M(945M) 22,641ms
[46,187s][info][gc] GC(74) Pause Young (Allocation Failure) 818M->629M(955M) 17,914ms
[46,298s][info][gc] GC(75) Pause Young (Allocation Failure) 832M->642M(953M) 17,604ms
[46,408s][info][gc] GC(76) Pause Young (Allocation Failure) 846M->656M(954M) 17,472ms
[46,518s][info][gc] GC(77) Pause Young (Allocation Failure) 859M->670M(954M) 16,825ms
[46,626s][info][gc] GC(78) Pause Young (Allocation Failure) 876M->684M(955M) 16,820ms
[46,731s][info][gc] GC(79) Pause Young (Allocation Failure) 890M->697M(956M) 18,526ms
[47,074s][info][gc] GC(80) Pause Full (Ergonomics) 697M->530M(957M) 342,835ms
[47,174s][info][gc] GC(81) Pause Young (Allocation Failure) 740M->545M(957M) 5,185ms
[47,281s][info][gc] GC(82) Pause Young (Allocation Failure) 755M->560M(923M) 8,845ms
[47,384s][info][gc] GC(83) Pause Young (Allocation Failure) 770M->574M(957M) 12,651ms
[47,518s][info][gc] GC(84) Pause Young (Allocation Failure) 785M->589M(953M) 17,960ms
[47,637s][info][gc] GC(85) Pause Young (Allocation Failure) 800M->602M(935M) 20,198ms
[47,741s][info][gc] GC(86) Pause Young (Allocation Failure) 785M->614M(921M) 23,772ms
[47,835s][info][gc] GC(87) Pause Young (Allocation Failure) 797M->626M(943M) 19,364ms
[47,927s][info][gc] GC(88) Pause Young (Allocation Failure) 806M->638M(902M) 20,014ms
[48,018s][info][gc] GC(89) Pause Young (Allocation Failure) 818M->650M(941M) 16,094ms
[48,107s][info][gc] GC(90) Pause Young (Allocation Failure) 831M->663M(941M) 13,263ms
[48,454s][info][gc] GC(91) Pause Full (Ergonomics) 663M->543M(945M) 346,748ms
[48,534s][info][gc] GC(92) Pause Young (Allocation Failure) 726M->556M(879M) 4,799ms
[48,619s][info][gc] GC(93) Pause Young (Allocation Failure) 739M->569M(947M) 8,260ms
[48,711s][info][gc] GC(94) Pause Young (Allocation Failure) 754M->582M(907M) 11,888ms
[48,805s][info][gc] GC(95) Pause Young (Allocation Failure) 767M->595M(939M) 15,182ms
[48,898s][info][gc] GC(96) Pause Young (Allocation Failure) 777M->607M(941M) 18,288ms
[48,993s][info][gc] GC(97) Pause Young (Allocation Failure) 789M->618M(924M) 21,319ms
[49,082s][info][gc] GC(98) Pause Young (Allocation Failure) 777M->629M(916M) 24,288ms
[49,170s][info][gc] GC(99) Pause Young (Allocation Failure) 788M->639M(926M) 24,592ms
[49,250s][info][gc] GC(100) Pause Young (Allocation Failure) 785M->648M(875M) 21,046ms
[49,333s][info][gc] GC(101) Pause Young (Allocation Failure) 794M->658M(924M) 17,131ms
[49,427s][info][gc] GC(102) Pause Young (Allocation Failure) 806M->669M(922M) 15,287ms
[49,782s][info][gc] GC(103) Pause Full (Ergonomics) 669M->553M(931M) 355,098ms
[49,852s][info][gc] GC(104) Pause Young (Allocation Failure) 710M->564M(931M) 4,264ms
[49,924s][info][gc] GC(105) Pause Young (Allocation Failure) 721M->575M(929M) 7,359ms
[50,000s][info][gc] GC(106) Pause Young (Allocation Failure) 733M->587M(930M) 10,231ms
[50,078s][info][gc] GC(107) Pause Young (Allocation Failure) 745M->597M(932M) 13,442ms
[50,162s][info][gc] GC(108) Pause Young (Allocation Failure) 763M->608M(932M) 16,399ms
[50,248s][info][gc] GC(109) Pause Young (Allocation Failure) 774M->619M(929M) 19,194ms
[50,335s][info][gc] GC(110) Pause Young (Allocation Failure) 780M->630M(921M) 22,126ms
[50,427s][info][gc] GC(111) Pause Young (Allocation Failure) 791M->640M(914M) 24,934ms
[50,507s][info][gc] GC(112) Pause Young (Allocation Failure) 773M->649M(892M) 24,375ms
[50,586s][info][gc] GC(113) Pause Young (Allocation Failure) 782M->657M(917M) 24,511ms
[50,659s][info][gc] GC(114) Pause Young (Allocation Failure) 783M->665M(859M) 21,335ms
[50,727s][info][gc] GC(115) Pause Young (Allocation Failure) 791M->674M(913M) 18,071ms
[50,793s][info][gc] GC(116) Pause Young (Allocation Failure) 801M->682M(911M) 14,465ms
[51,153s][info][gc] GC(117) Pause Full (Ergonomics) 682M->561M(920M) 359,671ms
[51,216s][info][gc] GC(118) Pause Young (Allocation Failure) 699M->571M(920M) 3,909ms
[51,279s][info][gc] GC(119) Pause Young (Allocation Failure) 709M->581M(923M) 6,574ms
[51,345s][info][gc] GC(120) Pause Young (Allocation Failure) 721M->591M(853M) 9,392ms
[51,414s][info][gc] GC(121) Pause Young (Allocation Failure) 731M->600M(925M) 11,887ms
[51,490s][info][gc] GC(122) Pause Young (Allocation Failure) 746M->610M(920M) 14,555ms
[51,568s][info][gc] GC(123) Pause Young (Allocation Failure) 756M->620M(924M) 17,157ms
[51,649s][info][gc] GC(124) Pause Young (Allocation Failure) 772M->630M(926M) 19,945ms
[51,733s][info][gc] GC(125) Pause Young (Allocation Failure) 782M->640M(913M) 22,659ms
[51,812s][info][gc] GC(126) Pause Young (Allocation Failure) 775M->648M(897M) 25,060ms
[51,892s][info][gc] GC(127) Pause Young (Allocation Failure) 783M->657M(914M) 25,169ms
[51,964s][info][gc] GC(128) Pause Young (Allocation Failure) 780M->665M(865M) 22,658ms
[52,033s][info][gc] GC(129) Pause Young (Allocation Failure) 788M->673M(916M) 19,901ms
[52,102s][info][gc] GC(130) Pause Young (Allocation Failure) 801M->682M(912M) 17,112ms
[52,168s][info][gc] GC(131) Pause Young (Allocation Failure) 809M->691M(917M) 14,389ms
[52,526s][info][gc] GC(132) Pause Full (Ergonomics) 691M->567M(917M) 358,119ms
[52,587s][info][gc] GC(133) Pause Young (Allocation Failure) 702M->577M(921M) 3,792ms
[52,650s][info][gc] GC(134) Pause Young (Allocation Failure) 716M->587M(923M) 6,650ms
[52,715s][info][gc] GC(135) Pause Young (Allocation Failure) 726M->597M(915M) 9,303ms
[52,784s][info][gc] GC(136) Pause Young (Allocation Failure) 737M->607M(919M) 11,940ms
[52,855s][info][gc] GC(137) Pause Young (Allocation Failure) 747M->616M(923M) 14,572ms
[52,935s][info][gc] GC(138) Pause Young (Allocation Failure) 769M->626M(925M) 17,163ms
[53,017s][info][gc] GC(139) Pause Young (Allocation Failure) 779M->636M(924M) 19,900ms
[53,100s][info][gc] GC(140) Pause Young (Allocation Failure) 786M->646M(912M) 22,298ms
[53,188s][info][gc] GC(141) Pause Young (Allocation Failure) 796M->655M(903M) 24,797ms
[53,264s][info][gc] GC(142) Pause Young (Allocation Failure) 773M->663M(888M) 26,926ms
[53,339s][info][gc] GC(143) Pause Young (Allocation Failure) 781M->670M(910M) 26,881ms
[53,409s][info][gc] GC(144) Pause Young (Allocation Failure) 784M->677M(910M) 24,563ms
[53,477s][info][gc] GC(145) Pause Young (Allocation Failure) 791M->685M(906M) 22,051ms
[53,542s][info][gc] GC(146) Pause Young (Allocation Failure) 799M->692M(908M) 18,563ms
[53,913s][info][gc] GC(147) Pause Full (Ergonomics) 692M->572M(912M) 371,509ms
[53,968s][info][gc] GC(148) Pause Young (Allocation Failure) 692M->581M(812M) 3,442ms
[54,022s][info][gc] GC(149) Pause Young (Allocation Failure) 701M->590M(911M) 5,918ms
[54,077s][info][gc] GC(150) Pause Young (Allocation Failure) 706M->598M(825M) 8,168ms
[54,134s][info][gc] GC(151) Pause Young (Allocation Failure) 714M->606M(913M) 10,166ms
[54,195s][info][gc] GC(152) Pause Young (Allocation Failure) 726M->614M(845M) 12,772ms
[54,258s][info][gc] GC(153) Pause Young (Allocation Failure) 734M->622M(911M) 14,526ms
[54,326s][info][gc] GC(154) Pause Young (Allocation Failure) 751M->631M(908M) 16,828ms
[54,397s][info][gc] GC(155) Pause Young (Allocation Failure) 759M->639M(918M) 19,104ms
[54,474s][info][gc] GC(156) Pause Young (Allocation Failure) 778M->648M(898M) 21,383ms
[54,554s][info][gc] GC(157) Pause Young (Allocation Failure) 787M->657M(905M) 24,132ms
[54,628s][info][gc] GC(158) Pause Young (Allocation Failure) 775M->665M(886M) 25,653ms
[54,701s][info][gc] GC(159) Pause Young (Allocation Failure) 783M->672M(910M) 26,032ms
[54,771s][info][gc] GC(160) Pause Young (Allocation Failure) 786M->679M(910M) 23,823ms
[54,840s][info][gc] GC(161) Pause Young (Allocation Failure) 793M->687M(904M) 22,166ms
[54,906s][info][gc] GC(162) Pause Young (Allocation Failure) 801M->694M(907M) 19,991ms
[54,969s][info][gc] GC(163) Pause Young (Allocation Failure) 808M->702M(911M) 17,443ms
[56,598s][info][gc] GC(164) Pause Full (Ergonomics) 702M->576M(912M) 1628,499ms
[56,889s][info][gc] GC(165) Pause Young (Allocation Failure) 700M->585M(911M) 14,049ms
[57,192s][info][gc] GC(166) Pause Young (Allocation Failure) 708M->594M(824M) 25,931ms
[57,506s][info][gc] GC(167) Pause Young (Allocation Failure) 717M->603M(916M) 37,299ms
[57,832s][info][gc] GC(168) Pause Young (Allocation Failure) 727M->611M(842M) 48,105ms
[58,171s][info][gc] GC(169) Pause Young (Allocation Failure) 735M->620M(913M) 59,656ms
[58,533s][info][gc] GC(170) Pause Young (Allocation Failure) 749M->629M(910M) 70,556ms
[58,906s][info][gc] GC(171) Pause Young (Allocation Failure) 758M->637M(917M) 82,864ms
[59,311s][info][gc] GC(172) Pause Young (Allocation Failure) 776M->646M(917M) 94,306ms
[59,853s][info][gc] GC(173) Pause Young (Allocation Failure) 785M->655M(913M) 105,259ms
[60,261s][info][gc] GC(174) Pause Young (Allocation Failure) 786M->663M(901M) 114,140ms
[60,678s][info][gc] GC(175) Pause Young (Allocation Failure) 794M->672M(909M) 123,568ms
[61,096s][info][gc] GC(176) Pause Young (Allocation Failure) 786M->678M(910M) 160,989ms
[61,561s][info][gc] GC(177) Pause Young (Allocation Failure) 792M->685M(910M) 207,582ms
[62,028s][info][gc] GC(178) Pause Young (Allocation Failure) 799M->692M(910M) 210,863ms
[62,443s][info][gc] GC(179) Pause Young (Allocation Failure) 806M->699M(910M) 159,340ms
[62,823s][info][gc] GC(180) Pause Young (Allocation Failure) 813M->707M(910M) 123,756ms
[63,193s][info][gc] GC(181) Pause Young (Allocation Failure) 821M->714M(910M) 113,472ms
[65,046s][info][gc] GC(182) Pause Full (Ergonomics) 714M->579M(910M) 1852,508ms
[65,316s][info][gc] GC(183) Pause Young (Allocation Failure) 693M->588M(910M) 13,588ms
[65,597s][info][gc] GC(184) Pause Young (Allocation Failure) 702M->596M(910M) 24,455ms
[65,893s][info][gc] GC(185) Pause Young (Allocation Failure) 710M->604M(910M) 35,138ms
[66,195s][info][gc] GC(186) Pause Young (Allocation Failure) 718M->612M(910M) 46,033ms
[66,511s][info][gc] GC(187) Pause Young (Allocation Failure) 726M->620M(910M) 59,594ms
[66,818s][info][gc] GC(188) Pause Young (Allocation Failure) 734M->628M(910M) 50,081ms
[67,115s][info][gc] GC(189) Pause Young (Allocation Failure) 742M->636M(910M) 40,899ms
[67,397s][info][gc] GC(190) Pause Young (Allocation Failure) 750M->644M(910M) 26,803ms
[67,680s][info][gc] GC(191) Pause Young (Allocation Failure) 758M->653M(910M) 26,691ms
[67,963s][info][gc] GC(192) Pause Young (Allocation Failure) 767M->661M(910M) 26,916ms
[68,247s][info][gc] GC(193) Pause Young (Allocation Failure) 775M->669M(910M) 26,849ms
[70,090s][info][gc] GC(194) Pause Full (Ergonomics) 669M->581M(910M) 1842,804ms
[70,360s][info][gc] GC(195) Pause Young (Allocation Failure) 695M->589M(902M) 13,298ms
[70,641s][info][gc] GC(196) Pause Young (Allocation Failure) 703M->598M(814M) 24,413ms
[70,934s][info][gc] GC(197) Pause Young (Allocation Failure) 712M->606M(892M) 36,201ms
[71,248s][info][gc] GC(198) Pause Young (Allocation Failure) 725M->614M(899M) 45,366ms
[71,574s][info][gc] GC(199) Pause Young (Allocation Failure) 734M->622M(898M) 57,234ms
[71,925s][info][gc] GC(200) Pause Young (Allocation Failure) 749M->631M(899M) 67,226ms
[72,289s][info][gc] GC(201) Pause Young (Allocation Failure) 757M->639M(905M) 79,870ms
[72,671s][info][gc] GC(202) Pause Young (Allocation Failure) 770M->648M(909M) 89,168ms
[73,066s][info][gc] GC(203) Pause Young (Allocation Failure) 778M->656M(907M) 100,727ms
[73,452s][info][gc] GC(204) Pause Young (Allocation Failure) 779M->664M(889M) 110,264ms
[73,847s][info][gc] GC(205) Pause Young (Allocation Failure) 787M->672M(910M) 118,371ms
[74,223s][info][gc] GC(206) Pause Young (Allocation Failure) 786M->679M(910M) 119,585ms
[74,593s][info][gc] GC(207) Pause Young (Allocation Failure) 793M->686M(910M) 114,244ms
[74,953s][info][gc] GC(208) Pause Young (Allocation Failure) 800M->694M(910M) 103,778ms
[75,302s][info][gc] GC(209) Pause Young (Allocation Failure) 808M->701M(910M) 92,474ms
[75,639s][info][gc] GC(210) Pause Young (Allocation Failure) 815M->709M(838M) 81,029ms
[77,490s][info][gc] GC(211) Pause Full (Ergonomics) 709M->583M(908M) 1850,829ms
[77,759s][info][gc] GC(212) Pause Young (Allocation Failure) 697M->591M(908M) 13,213ms
[78,040s][info][gc] GC(213) Pause Young (Allocation Failure) 705M->600M(912M) 24,050ms
[78,338s][info][gc] GC(214) Pause Young (Allocation Failure) 717M->608M(825M) 34,572ms
[78,648s][info][gc] GC(215) Pause Young (Allocation Failure) 725M->616M(911M) 45,328ms
[78,980s][info][gc] GC(216) Pause Young (Allocation Failure) 739M->624M(909M) 56,499ms
[79,322s][info][gc] GC(217) Pause Young (Allocation Failure) 747M->633M(907M) 66,960ms
[79,697s][info][gc] GC(218) Pause Young (Allocation Failure) 764M->641M(909M) 78,632ms
[80,081s][info][gc] GC(219) Pause Young (Allocation Failure) 773M->650M(916M) 89,150ms
[80,491s][info][gc] GC(220) Pause Young (Allocation Failure) 788M->659M(897M) 99,941ms
[80,914s][info][gc] GC(221) Pause Young (Allocation Failure) 797M->668M(904M) 112,619ms
[81,295s][info][gc] GC(222) Pause Young (Allocation Failure) 785M->675M(892M) 117,338ms
[81,703s][info][gc] GC(223) Pause Young (Allocation Failure) 792M->682M(910M) 146,235ms
[82,150s][info][gc] GC(224) Pause Young (Allocation Failure) 796M->689M(910M) 190,204ms
[82,639s][info][gc] GC(225) Pause Young (Allocation Failure) 803M->696M(910M) 232,617ms
[83,086s][info][gc] GC(226) Pause Young (Allocation Failure) 810M->703M(910M) 190,468ms
[83,478s][info][gc] GC(227) Pause Young (Allocation Failure) 817M->710M(910M) 135,737ms
[83,856s][info][gc] GC(228) Pause Young (Allocation Failure) 824M->717M(910M) 122,085ms
[84,225s][info][gc] GC(229) Pause Young (Allocation Failure) 831M->725M(910M) 111,936ms
[85,762s][info][gc] GC(230) Pause Full (Ergonomics) 725M->585M(910M) 1537,058ms
[86,032s][info][gc] GC(231) Pause Young (Allocation Failure) 699M->593M(910M) 13,125ms
[86,313s][info][gc] GC(232) Pause Young (Allocation Failure) 707M->602M(910M) 23,868ms
[86,604s][info][gc] GC(233) Pause Young (Allocation Failure) 716M->610M(910M) 34,449ms
[86,906s][info][gc] GC(234) Pause Young (Allocation Failure) 724M->618M(910M) 44,940ms
[87,221s][info][gc] GC(235) Pause Young (Allocation Failure) 732M->626M(910M) 58,422ms
[87,526s][info][gc] GC(236) Pause Young (Allocation Failure) 740M->634M(910M) 49,105ms
[87,822s][info][gc] GC(237) Pause Young (Allocation Failure) 748M->642M(910M) 39,518ms
[88,105s][info][gc] GC(238) Pause Young (Allocation Failure) 756M->650M(910M) 26,062ms
[88,387s][info][gc] GC(239) Pause Young (Allocation Failure) 764M->658M(910M) 26,174ms
[88,669s][info][gc] GC(240) Pause Young (Allocation Failure) 772M->666M(910M) 26,180ms
[90,570s][info][gc] GC(241) Pause Full (Ergonomics) 666M->585M(910M) 1900,563ms
[90,840s][info][gc] GC(242) Pause Young (Allocation Failure) 699M->594M(910M) 13,393ms
[91,123s][info][gc] GC(243) Pause Young (Allocation Failure) 708M->602M(903M) 27,140ms
[91,405s][info][gc] GC(244) Pause Young (Allocation Failure) 716M->610M(814M) 25,008ms
[91,698s][info][gc] GC(245) Pause Young (Allocation Failure) 724M->618M(893M) 36,429ms
[92,013s][info][gc] GC(246) Pause Young (Allocation Failure) 738M->627M(900M) 46,036ms
[92,340s][info][gc] GC(247) Pause Young (Allocation Failure) 747M->635M(900M) 57,309ms
[92,696s][info][gc] GC(248) Pause Young (Allocation Failure) 763M->644M(901M) 68,622ms
[93,062s][info][gc] GC(249) Pause Young (Allocation Failure) 771M->652M(907M) 79,856ms
[93,450s][info][gc] GC(250) Pause Young (Allocation Failure) 784M->661M(911M) 91,104ms
[93,848s][info][gc] GC(251) Pause Young (Allocation Failure) 793M->669M(907M) 103,229ms
[94,234s][info][gc] GC(252) Pause Young (Allocation Failure) 791M->677M(888M) 111,397ms
[94,631s][info][gc] GC(253) Pause Young (Allocation Failure) 799M->685M(910M) 122,054ms
[95,002s][info][gc] GC(254) Pause Young (Allocation Failure) 799M->692M(910M) 114,877ms
[95,364s][info][gc] GC(255) Pause Young (Allocation Failure) 806M->700M(910M) 106,185ms
[95,720s][info][gc] GC(256) Pause Young (Allocation Failure) 814M->707M(848M) 95,584ms
[97,242s][info][gc] GC(257) Pause Full (Ergonomics) 707M->587M(909M) 1521,174ms
[97,512s][info][gc] GC(258) Pause Young (Allocation Failure) 701M->595M(909M) 13,528ms
[97,792s][info][gc] GC(259) Pause Young (Allocation Failure) 709M->603M(910M) 24,206ms
[98,086s][info][gc] GC(260) Pause Young (Allocation Failure) 718M->611M(823M) 35,427ms
[98,391s][info][gc] GC(261) Pause Young (Allocation Failure) 726M->619M(910M) 45,636ms
[98,720s][info][gc] GC(262) Pause Young (Allocation Failure) 740M->628M(908M) 57,411ms
[99,060s][info][gc] GC(263) Pause Young (Allocation Failure) 749M->636M(906M) 67,814ms
[99,432s][info][gc] GC(264) Pause Young (Allocation Failure) 767M->645M(908M) 79,194ms
[99,816s][info][gc] GC(265) Pause Young (Allocation Failure) 775M->653M(916M) 90,695ms
[100,228s][info][gc] GC(266) Pause Young (Allocation Failure) 791M->662M(919M) 102,017ms
[100,652s][info][gc] GC(267) Pause Young (Allocation Failure) 800M->671M(904M) 115,114ms
[101,037s][info][gc] GC(268) Pause Young (Allocation Failure) 788M->678M(892M) 121,785ms
[101,449s][info][gc] GC(269) Pause Young (Allocation Failure) 795M->685M(910M) 148,986ms
[101,892s][info][gc] GC(270) Pause Young (Allocation Failure) 799M->692M(910M) 185,967ms
[102,395s][info][gc] GC(271) Pause Young (Allocation Failure) 806M->699M(910M) 247,268ms
[102,848s][info][gc] GC(272) Pause Young (Allocation Failure) 813M->706M(910M) 197,017ms
[103,256s][info][gc] GC(273) Pause Young (Allocation Failure) 820M->713M(910M) 152,254ms
[103,637s][info][gc] GC(274) Pause Young (Allocation Failure) 827M->720M(910M) 123,776ms
[104,006s][info][gc] GC(275) Pause Young (Allocation Failure) 834M->728M(910M) 112,684ms
[105,550s][info][gc] GC(276) Pause Full (Ergonomics) 728M->588M(910M) 1544,311ms
[105,820s][info][gc] GC(277) Pause Young (Allocation Failure) 702M->596M(910M) 13,366ms
[106,100s][info][gc] GC(278) Pause Young (Allocation Failure) 710M->604M(910M) 24,243ms
[106,392s][info][gc] GC(279) Pause Young (Allocation Failure) 718M->612M(910M) 34,927ms
[106,694s][info][gc] GC(280) Pause Young (Allocation Failure) 726M->620M(910M) 45,550ms
[107,009s][info][gc] GC(281) Pause Young (Allocation Failure) 734M->628M(910M) 59,287ms
[107,316s][info][gc] GC(282) Pause Young (Allocation Failure) 742M->636M(910M) 49,580ms
[107,614s][info][gc] GC(283) Pause Young (Allocation Failure) 750M->644M(910M) 40,739ms
[107,896s][info][gc] GC(284) Pause Young (Allocation Failure) 758M->653M(910M) 26,804ms
[108,179s][info][gc] GC(285) Pause Young (Allocation Failure) 767M->661M(910M) 26,630ms
[108,462s][info][gc] GC(286) Pause Young (Allocation Failure) 775M->669M(910M) 26,610ms
[110,386s][info][gc] GC(287) Pause Full (Ergonomics) 669M->588M(910M) 1924,310ms
[110,663s][info][gc] GC(288) Pause Young (Allocation Failure) 702M->596M(910M) 13,843ms
[110,947s][info][gc] GC(289) Pause Young (Allocation Failure) 710M->605M(902M) 26,938ms
[111,229s][info][gc] GC(290) Pause Young (Allocation Failure) 719M->613M(906M) 25,017ms
[111,521s][info][gc] GC(291) Pause Young (Allocation Failure) 727M->621M(893M) 36,096ms
[111,836s][info][gc] GC(292) Pause Young (Allocation Failure) 741M->629M(900M) 45,817ms
[112,164s][info][gc] GC(293) Pause Young (Allocation Failure) 749M->637M(900M) 58,315ms
[112,520s][info][gc] GC(294) Pause Young (Allocation Failure) 765M->646M(901M) 69,160ms
[112,886s][info][gc] GC(295) Pause Young (Allocation Failure) 774M->654M(907M) 79,148ms
[113,275s][info][gc] GC(296) Pause Young (Allocation Failure) 786M->663M(911M) 90,864ms
[113,678s][info][gc] GC(297) Pause Young (Allocation Failure) 795M->672M(907M) 104,249ms
[115,790s][info][gc] GC(298) Pause Young (Allocation Failure) 794M->679M(888M) 23,886ms
[115,874s][info][gc] GC(299) Pause Young (Allocation Failure) 801M->687M(910M) 26,237ms
[115,952s][info][gc] GC(300) Pause Young (Allocation Failure) 801M->694M(910M) 24,196ms
[116,026s][info][gc] GC(301) Pause Young (Allocation Failure) 808M->702M(910M) 22,025ms
[116,099s][info][gc] GC(302) Pause Young (Allocation Failure) 816M->709M(848M) 21,549ms
[116,513s][info][gc] GC(303) Pause Full (Ergonomics) 709M->588M(909M) 414,348ms
[116,573s][info][gc] GC(304) Pause Young (Allocation Failure) 702M->597M(909M) 3,812ms
[116,644s][info][gc] GC(305) Pause Young (Allocation Failure) 711M->605M(910M) 5,469ms
[116,706s][info][gc] GC(306) Pause Young (Allocation Failure) 720M->613M(823M) 7,807ms
[116,771s][info][gc] GC(307) Pause Young (Allocation Failure) 728M->621M(911M) 9,986ms
[116,838s][info][gc] GC(308) Pause Young (Allocation Failure) 742M->630M(908M) 12,574ms
[116,909s][info][gc] GC(309) Pause Young (Allocation Failure) 751M->638M(909M) 15,817ms
[116,985s][info][gc] GC(310) Pause Young (Allocation Failure) 769M->647M(909M) 16,594ms
[117,072s][info][gc] GC(311) Pause Young (Allocation Failure) 778M->655M(918M) 24,945ms
[117,165s][info][gc] GC(312) Pause Young (Allocation Failure) 795M->664M(899M) 22,215ms
[117,278s][info][gc] GC(313) Pause Young (Allocation Failure) 804M->673M(904M) 27,227ms
[117,467s][info][gc] GC(314) Pause Young (Allocation Failure) 789M->680M(891M) 45,974ms
[117,554s][info][gc] GC(315) Pause Young (Allocation Failure) 796M->687M(910M) 30,963ms
[117,651s][info][gc] GC(316) Pause Young (Allocation Failure) 801M->694M(910M) 37,083ms
[117,752s][info][gc] GC(317) Pause Young (Allocation Failure) 808M->701M(910M) 48,183ms
[117,844s][info][gc] GC(318) Pause Young (Allocation Failure) 815M->708M(910M) 39,160ms
[117,927s][info][gc] GC(319) Pause Young (Allocation Failure) 822M->715M(910M) 30,196ms
[118,007s][info][gc] GC(320) Pause Young (Allocation Failure) 829M->723M(910M) 28,899ms
[118,112s][info][gc] GC(321) Pause Young (Allocation Failure) 837M->730M(910M) 26,037ms
[118,462s][info][gc] GC(322) Pause Full (Ergonomics) 730M->589M(910M) 349,703ms
[118,512s][info][gc] GC(323) Pause Young (Allocation Failure) 703M->597M(910M) 3,514ms
[118,568s][info][gc] GC(324) Pause Young (Allocation Failure) 711M->606M(910M) 5,525ms
[118,626s][info][gc] GC(325) Pause Young (Allocation Failure) 720M->614M(910M) 7,707ms
[118,685s][info][gc] GC(326) Pause Young (Allocation Failure) 728M->622M(910M) 10,043ms
[118,746s][info][gc] GC(327) Pause Young (Allocation Failure) 736M->630M(910M) 12,750ms
[118,805s][info][gc] GC(328) Pause Young (Allocation Failure) 744M->638M(910M) 10,797ms
[118,864s][info][gc] GC(329) Pause Young (Allocation Failure) 752M->646M(910M) 9,812ms
[118,919s][info][gc] GC(330) Pause Young (Allocation Failure) 760M->654M(910M) 6,103ms
[118,973s][info][gc] GC(331) Pause Young (Allocation Failure) 768M->662M(910M) 6,151ms
[119,364s][info][gc] GC(332) Pause Full (Ergonomics) 662M->589M(910M) 391,120ms
[119,424s][info][gc] GC(333) Pause Young (Allocation Failure) 703M->597M(910M) 3,578ms
[119,481s][info][gc] GC(334) Pause Young (Allocation Failure) 711M->606M(910M) 6,013ms
[119,538s][info][gc] GC(335) Pause Young (Allocation Failure) 720M->614M(903M) 5,974ms
[119,598s][info][gc] GC(336) Pause Young (Allocation Failure) 728M->622M(907M) 6,077ms
[119,659s][info][gc] GC(337) Pause Young (Allocation Failure) 736M->630M(894M) 7,986ms
[119,724s][info][gc] GC(338) Pause Young (Allocation Failure) 751M->639M(901M) 10,020ms
[119,786s][info][gc] GC(339) Pause Young (Allocation Failure) 760M->647M(902M) 12,559ms
[119,858s][info][gc] GC(340) Pause Young (Allocation Failure) 777M->656M(903M) 14,696ms
[119,937s][info][gc] GC(341) Pause Young (Allocation Failure) 785M->664M(910M) 16,865ms
[120,018s][info][gc] GC(342) Pause Young (Allocation Failure) 799M->673M(914M) 19,185ms
[120,103s][info][gc] GC(343) Pause Young (Allocation Failure) 808M->682M(906M) 23,878ms
[120,190s][info][gc] GC(344) Pause Young (Allocation Failure) 803M->689M(888M) 27,406ms
[120,272s][info][gc] GC(345) Pause Young (Allocation Failure) 810M->697M(910M) 25,574ms
[120,346s][info][gc] GC(346) Pause Young (Allocation Failure) 811M->704M(910M) 24,356ms
[120,421s][info][gc] GC(347) Pause Young (Allocation Failure) 818M->712M(910M) 22,767ms
[120,493s][info][gc] GC(348) Pause Young (Allocation Failure) 826M->719M(910M) 20,108ms
[120,819s][info][gc] GC(349) Pause Full (Ergonomics) 719M->589M(910M) 325,574ms
[120,872s][info][gc] GC(350) Pause Young (Allocation Failure) 703M->598M(910M) 3,404ms
[120,926s][info][gc] GC(351) Pause Young (Allocation Failure) 712M->606M(909M) 5,670ms
[120,982s][info][gc] GC(352) Pause Young (Allocation Failure) 720M->614M(822M) 8,004ms
[121,040s][info][gc] GC(353) Pause Young (Allocation Failure) 728M->622M(911M) 10,307ms
[121,102s][info][gc] GC(354) Pause Young (Allocation Failure) 743M->630M(908M) 12,520ms
[121,178s][info][gc] GC(355) Pause Young (Allocation Failure) 751M->639M(908M) 17,351ms
[121,254s][info][gc] GC(356) Pause Young (Allocation Failure) 770M->647M(909M) 16,648ms
[121,332s][info][gc] GC(357) Pause Young (Allocation Failure) 778M->656M(918M) 19,116ms
[121,420s][info][gc] GC(358) Pause Young (Allocation Failure) 795M->665M(897M) 23,026ms
[121,525s][info][gc] GC(359) Pause Young (Allocation Failure) 804M->674M(904M) 29,081ms
[121,612s][info][gc] GC(360) Pause Young (Allocation Failure) 790M->681M(890M) 26,575ms
[121,693s][info][gc] GC(361) Pause Young (Allocation Failure) 797M->688M(910M) 28,595ms
[121,784s][info][gc] GC(362) Pause Young (Allocation Failure) 802M->695M(910M) 38,751ms
[121,874s][info][gc] GC(363) Pause Young (Allocation Failure) 809M->702M(910M) 38,774ms
[121,955s][info][gc] GC(364) Pause Young (Allocation Failure) 816M->709M(910M) 29,222ms
[122,033s][info][gc] GC(365) Pause Young (Allocation Failure) 823M->716M(910M) 26,033ms
[122,109s][info][gc] GC(366) Pause Young (Allocation Failure) 830M->724M(910M) 23,695ms
[122,496s][info][gc] GC(367) Pause Full (Ergonomics) 724M->590M(910M) 387,013ms
[122,550s][info][gc] GC(368) Pause Young (Allocation Failure) 704M->598M(910M) 3,413ms
[122,604s][info][gc] GC(369) Pause Young (Allocation Failure) 712M->606M(910M) 5,677ms
[122,662s][info][gc] GC(370) Pause Young (Allocation Failure) 720M->614M(910M) 7,870ms
[122,719s][info][gc] GC(371) Pause Young (Allocation Failure) 728M->622M(910M) 9,991ms
[122,781s][info][gc] GC(372) Pause Young (Allocation Failure) 736M->630M(910M) 12,999ms
[122,839s][info][gc] GC(373) Pause Young (Allocation Failure) 744M->638M(910M) 10,927ms
[122,895s][info][gc] GC(374) Pause Young (Allocation Failure) 752M->646M(910M) 9,128ms
[122,947s][info][gc] GC(375) Pause Young (Allocation Failure) 760M->655M(910M) 6,263ms
[122,999s][info][gc] GC(376) Pause Young (Allocation Failure) 769M->663M(910M) 6,270ms
[123,326s][info][gc] GC(377) Pause Full (Ergonomics) 663M->590M(910M) 326,501ms
[123,379s][info][gc] GC(378) Pause Young (Allocation Failure) 704M->598M(910M) 3,419ms
[123,436s][info][gc] GC(379) Pause Young (Allocation Failure) 712M->606M(904M) 6,237ms
[123,488s][info][gc] GC(380) Pause Young (Allocation Failure) 720M->615M(907M) 5,953ms
[123,543s][info][gc] GC(381) Pause Young (Allocation Failure) 729M->623M(895M) 8,119ms
[123,603s][info][gc] GC(382) Pause Young (Allocation Failure) 744M->631M(902M) 10,129ms
[123,666s][info][gc] GC(383) Pause Young (Allocation Failure) 752M->639M(902M) 12,488ms
[123,735s][info][gc] GC(384) Pause Young (Allocation Failure) 769M->648M(903M) 14,901ms
[123,806s][info][gc] GC(385) Pause Young (Allocation Failure) 778M->657M(910M) 17,085ms
[123,881s][info][gc] GC(386) Pause Young (Allocation Failure) 792M->666M(914M) 19,515ms
[123,958s][info][gc] GC(387) Pause Young (Allocation Failure) 801M->674M(907M) 21,650ms
[124,031s][info][gc] GC(388) Pause Young (Allocation Failure) 796M->682M(889M) 23,971ms
[124,106s][info][gc] GC(389) Pause Young (Allocation Failure) 804M->690M(910M) 25,958ms
[124,177s][info][gc] GC(390) Pause Young (Allocation Failure) 804M->697M(910M) 24,540ms
[124,247s][info][gc] GC(391) Pause Young (Allocation Failure) 811M->704M(910M) 22,647ms
[124,315s][info][gc] GC(392) Pause Young (Allocation Failure) 818M->712M(848M) 20,268ms
[124,640s][info][gc] GC(393) Pause Full (Ergonomics) 712M->590M(910M) 325,083ms
[124,691s][info][gc] GC(394) Pause Young (Allocation Failure) 704M->598M(910M) 3,411ms
[124,746s][info][gc] GC(395) Pause Young (Allocation Failure) 712M->607M(910M) 5,598ms
[124,803s][info][gc] GC(396) Pause Young (Allocation Failure) 721M->615M(822M) 7,953ms
[124,863s][info][gc] GC(397) Pause Young (Allocation Failure) 729M->623M(911M) 10,912ms
[124,930s][info][gc] GC(398) Pause Young (Allocation Failure) 743M->631M(907M) 12,287ms
[124,997s][info][gc] GC(399) Pause Young (Allocation Failure) 751M->639M(907M) 14,437ms
[125,070s][info][gc] GC(400) Pause Young (Allocation Failure) 769M->648M(908M) 16,835ms
[125,145s][info][gc] GC(401) Pause Young (Allocation Failure) 778M->656M(917M) 19,819ms
[125,224s][info][gc] GC(402) Pause Young (Allocation Failure) 794M->665M(896M) 21,387ms
[125,305s][info][gc] GC(403) Pause Young (Allocation Failure) 803M->674M(904M) 24,019ms
[125,379s][info][gc] GC(404) Pause Young (Allocation Failure) 791M->681M(891M) 25,697ms
[125,456s][info][gc] GC(405) Pause Young (Allocation Failure) 798M->688M(910M) 28,891ms
[125,544s][info][gc] GC(406) Pause Young (Allocation Failure) 802M->695M(910M) 42,520ms
[125,633s][info][gc] GC(407) Pause Young (Allocation Failure) 809M->702M(910M) 42,112ms
[125,714s][info][gc] GC(408) Pause Young (Allocation Failure) 816M->709M(910M) 29,836ms
[125,791s][info][gc] GC(409) Pause Young (Allocation Failure) 823M->716M(910M) 26,145ms
[125,864s][info][gc] GC(410) Pause Young (Allocation Failure) 830M->724M(910M) 24,054ms
[126,189s][info][gc] GC(411) Pause Full (Ergonomics) 724M->590M(910M) 324,856ms
[126,239s][info][gc] GC(412) Pause Young (Allocation Failure) 704M->598M(910M) 3,336ms
[126,294s][info][gc] GC(413) Pause Young (Allocation Failure) 712M->607M(910M) 5,606ms
[126,350s][info][gc] GC(414) Pause Young (Allocation Failure) 721M->615M(910M) 7,843ms
[126,408s][info][gc] GC(415) Pause Young (Allocation Failure) 729M->623M(910M) 9,849ms
[126,468s][info][gc] GC(416) Pause Young (Allocation Failure) 737M->631M(910M) 12,797ms
[126,526s][info][gc] GC(417) Pause Young (Allocation Failure) 745M->639M(910M) 11,007ms
[126,582s][info][gc] GC(418) Pause Young (Allocation Failure) 753M->647M(910M) 9,037ms
[126,636s][info][gc] GC(419) Pause Young (Allocation Failure) 761M->655M(910M) 6,142ms
[126,690s][info][gc] GC(420) Pause Young (Allocation Failure) 769M->663M(910M) 6,271ms
[127,010s][info][gc] GC(421) Pause Full (Ergonomics) 663M->590M(910M) 320,154ms
[127,061s][info][gc] GC(422) Pause Young (Allocation Failure) 704M->598M(910M) 3,385ms
[127,115s][info][gc] GC(423) Pause Young (Allocation Failure) 712M->607M(903M) 6,552ms
[127,169s][info][gc] GC(424) Pause Young (Allocation Failure) 721M->615M(907M) 5,901ms
[127,226s][info][gc] GC(425) Pause Young (Allocation Failure) 729M->623M(895M) 8,112ms
[127,286s][info][gc] GC(426) Pause Young (Allocation Failure) 744M->632M(902M) 10,295ms
[127,349s][info][gc] GC(427) Pause Young (Allocation Failure) 753M->640M(902M) 12,788ms
[127,417s][info][gc] GC(428) Pause Young (Allocation Failure) 769M->649M(903M) 14,745ms
[127,487s][info][gc] GC(429) Pause Young (Allocation Failure) 778M->657M(910M) 17,121ms
[127,561s][info][gc] GC(430) Pause Young (Allocation Failure) 792M->666M(914M) 19,415ms
[127,639s][info][gc] GC(431) Pause Young (Allocation Failure) 801M->675M(907M) 21,784ms
[127,715s][info][gc] GC(432) Pause Young (Allocation Failure) 797M->682M(889M) 23,813ms
[127,791s][info][gc] GC(433) Pause Young (Allocation Failure) 804M->690M(910M) 26,303ms
[127,863s][info][gc] GC(434) Pause Young (Allocation Failure) 804M->697M(910M) 24,551ms
[127,931s][info][gc] GC(435) Pause Young (Allocation Failure) 811M->705M(910M) 22,554ms
[127,999s][info][gc] GC(436) Pause Young (Allocation Failure) 819M->712M(848M) 20,224ms
[128,317s][info][gc] GC(437) Pause Full (Ergonomics) 712M->590M(909M) 318,413ms
[128,369s][info][gc] GC(438) Pause Young (Allocation Failure) 704M->599M(909M) 3,456ms
[128,424s][info][gc] GC(439) Pause Young (Allocation Failure) 713M->607M(911M) 5,645ms
[128,488s][info][gc] GC(440) Pause Young (Allocation Failure) 721M->615M(822M) 7,947ms
[128,552s][info][gc] GC(441) Pause Young (Allocation Failure) 729M->623M(911M) 9,935ms
[128,617s][info][gc] GC(442) Pause Young (Allocation Failure) 742M->631M(907M) 12,359ms
[128,682s][info][gc] GC(443) Pause Young (Allocation Failure) 751M->639M(906M) 14,498ms
[128,752s][info][gc] GC(444) Pause Young (Allocation Failure) 769M->648M(908M) 16,713ms
[128,825s][info][gc] GC(445) Pause Young (Allocation Failure) 777M->656M(916M) 19,041ms
[128,904s][info][gc] GC(446) Pause Young (Allocation Failure) 794M->665M(919M) 21,290ms
[128,984s][info][gc] GC(447) Pause Young (Allocation Failure) 803M->674M(904M) 23,938ms
[129,057s][info][gc] GC(448) Pause Young (Allocation Failure) 791M->681M(891M) 25,856ms
[129,134s][info][gc] GC(449) Pause Young (Allocation Failure) 798M->689M(910M) 29,874ms
[129,227s][info][gc] GC(450) Pause Young (Allocation Failure) 803M->696M(910M) 43,293ms
[129,320s][info][gc] GC(451) Pause Young (Allocation Failure) 810M->702M(910M) 40,112ms
[129,403s][info][gc] GC(452) Pause Young (Allocation Failure) 816M->710M(910M) 32,666ms
[129,479s][info][gc] GC(453) Pause Young (Allocation Failure) 824M->717M(910M) 26,035ms
[129,554s][info][gc] GC(454) Pause Young (Allocation Failure) 831M->724M(910M) 23,813ms
[129,879s][info][gc] GC(455) Pause Full (Ergonomics) 724M->590M(910M) 324,221ms
[129,929s][info][gc] GC(456) Pause Young (Allocation Failure) 704M->599M(910M) 3,446ms
[129,983s][info][gc] GC(457) Pause Young (Allocation Failure) 713M->607M(910M) 5,651ms
[130,039s][info][gc] GC(458) Pause Young (Allocation Failure) 721M->615M(910M) 7,833ms
[130,097s][info][gc] GC(459) Pause Young (Allocation Failure) 729M->623M(910M) 9,928ms
[130,157s][info][gc] GC(460) Pause Young (Allocation Failure) 737M->631M(910M) 12,878ms
[130,215s][info][gc] GC(461) Pause Young (Allocation Failure) 745M->639M(910M) 10,993ms
[130,271s][info][gc] GC(462) Pause Young (Allocation Failure) 753M->647M(910M) 8,958ms
[130,324s][info][gc] GC(463) Pause Young (Allocation Failure) 761M->655M(910M) 6,256ms
[130,377s][info][gc] GC(464) Pause Young (Allocation Failure) 769M->663M(910M) 6,252ms
[130,700s][info][gc] GC(465) Pause Full (Ergonomics) 663M->590M(910M) 323,084ms
[130,751s][info][gc] GC(466) Pause Young (Allocation Failure) 704M->599M(910M) 3,365ms
[130,806s][info][gc] GC(467) Pause Young (Allocation Failure) 713M->607M(903M) 6,245ms
[130,861s][info][gc] GC(468) Pause Young (Allocation Failure) 721M->615M(907M) 5,795ms
[130,917s][info][gc] GC(469) Pause Young (Allocation Failure) 729M->623M(896M) 8,137ms
[130,978s][info][gc] GC(470) Pause Young (Allocation Failure) 744M->632M(902M) 10,285ms
[131,040s][info][gc] GC(471) Pause Young (Allocation Failure) 753M->640M(902M) 12,746ms
[131,108s][info][gc] GC(472) Pause Young (Allocation Failure) 769M->649M(903M) 14,839ms
[131,179s][info][gc] GC(473) Pause Young (Allocation Failure) 778M->657M(910M) 17,116ms
[131,257s][info][gc] GC(474) Pause Young (Allocation Failure) 792M->666M(914M) 20,851ms
[131,336s][info][gc] GC(475) Pause Young (Allocation Failure) 801M->675M(907M) 21,667ms
[131,411s][info][gc] GC(476) Pause Young (Allocation Failure) 797M->682M(889M) 23,876ms
[131,487s][info][gc] GC(477) Pause Young (Allocation Failure) 804M->690M(910M) 26,348ms
[131,559s][info][gc] GC(478) Pause Young (Allocation Failure) 804M->698M(910M) 24,443ms
[131,629s][info][gc] GC(479) Pause Young (Allocation Failure) 812M->705M(910M) 22,248ms
[131,696s][info][gc] GC(480) Pause Young (Allocation Failure) 819M->712M(848M) 20,419ms
[132,020s][info][gc] GC(481) Pause Full (Ergonomics) 712M->590M(909M) 324,656ms
[132,072s][info][gc] GC(482) Pause Young (Allocation Failure) 704M->599M(909M) 3,447ms
[132,127s][info][gc] GC(483) Pause Young (Allocation Failure) 713M->607M(910M) 5,630ms
[132,184s][info][gc] GC(484) Pause Young (Allocation Failure) 722M->615M(823M) 8,038ms
[132,248s][info][gc] GC(485) Pause Young (Allocation Failure) 730M->623M(911M) 9,936ms
[132,314s][info][gc] GC(486) Pause Young (Allocation Failure) 744M->631M(908M) 12,166ms
[132,380s][info][gc] GC(487) Pause Young (Allocation Failure) 752M->640M(908M) 14,603ms
[132,451s][info][gc] GC(488) Pause Young (Allocation Failure) 771M->648M(909M) 16,896ms
[132,530s][info][gc] GC(489) Pause Young (Allocation Failure) 779M->657M(918M) 19,118ms
[132,613s][info][gc] GC(490) Pause Young (Allocation Failure) 796M->666M(898M) 21,511ms
[132,698s][info][gc] GC(491) Pause Young (Allocation Failure) 805M->675M(904M) 24,064ms
[132,774s][info][gc] GC(492) Pause Young (Allocation Failure) 792M->682M(892M) 25,628ms
[132,852s][info][gc] GC(493) Pause Young (Allocation Failure) 799M->689M(910M) 30,741ms
[132,939s][info][gc] GC(494) Pause Young (Allocation Failure) 803M->696M(910M) 40,522ms
[133,025s][info][gc] GC(495) Pause Young (Allocation Failure) 810M->703M(910M) 38,840ms
[133,107s][info][gc] GC(496) Pause Young (Allocation Failure) 817M->710M(910M) 30,497ms
[133,183s][info][gc] GC(497) Pause Young (Allocation Failure) 824M->717M(910M) 26,214ms
[133,255s][info][gc] GC(498) Pause Young (Allocation Failure) 831M->725M(910M) 24,020ms
[133,583s][info][gc] GC(499) Pause Full (Ergonomics) 725M->590M(910M) 328,571ms
[133,633s][info][gc] GC(500) Pause Young (Allocation Failure) 704M->599M(910M) 3,411ms
[133,688s][info][gc] GC(501) Pause Young (Allocation Failure) 713M->607M(910M) 5,595ms
[133,744s][info][gc] GC(502) Pause Young (Allocation Failure) 721M->615M(910M) 7,878ms
[133,802s][info][gc] GC(503) Pause Young (Allocation Failure) 729M->623M(910M) 10,047ms
[133,863s][info][gc] GC(504) Pause Young (Allocation Failure) 737M->631M(910M) 12,804ms
[133,922s][info][gc] GC(505) Pause Young (Allocation Failure) 745M->639M(910M) 10,899ms
[133,977s][info][gc] GC(506) Pause Young (Allocation Failure) 753M->647M(910M) 9,005ms
[134,031s][info][gc] GC(507) Pause Young (Allocation Failure) 761M->655M(910M) 6,176ms
[134,083s][info][gc] GC(508) Pause Young (Allocation Failure) 769M->664M(910M) 6,244ms
[134,410s][info][gc] GC(509) Pause Full (Ergonomics) 664M->590M(910M) 326,700ms
[134,460s][info][gc] GC(510) Pause Young (Allocation Failure) 704M->599M(910M) 3,387ms
[134,513s][info][gc] GC(511) Pause Young (Allocation Failure) 713M->607M(904M) 6,369ms
[134,565s][info][gc] GC(512) Pause Young (Allocation Failure) 721M->615M(907M) 5,910ms
[134,619s][info][gc] GC(513) Pause Young (Allocation Failure) 729M->623M(896M) 8,149ms
[134,679s][info][gc] GC(514) Pause Young (Allocation Failure) 744M->632M(902M) 10,243ms
[134,740s][info][gc] GC(515) Pause Young (Allocation Failure) 753M->640M(902M) 12,708ms
[134,808s][info][gc] GC(516) Pause Young (Allocation Failure) 770M->649M(903M) 14,575ms
[134,878s][info][gc] GC(517) Pause Young (Allocation Failure) 778M->658M(911M) 17,149ms
[134,954s][info][gc] GC(518) Pause Young (Allocation Failure) 793M->666M(914M) 19,573ms
[135,030s][info][gc] GC(519) Pause Young (Allocation Failure) 802M->675M(907M) 22,003ms
[135,104s][info][gc] GC(520) Pause Young (Allocation Failure) 797M->683M(889M) 24,092ms
[135,179s][info][gc] GC(521) Pause Young (Allocation Failure) 805M->691M(910M) 25,921ms
[135,250s][info][gc] GC(522) Pause Young (Allocation Failure) 805M->698M(910M) 24,565ms
[135,318s][info][gc] GC(523) Pause Young (Allocation Failure) 812M->705M(910M) 22,511ms
[135,385s][info][gc] GC(524) Pause Young (Allocation Failure) 819M->713M(848M) 20,294ms
[135,701s][info][gc] GC(525) Pause Full (Ergonomics) 713M->590M(910M) 315,946ms
[135,751s][info][gc] GC(526) Pause Young (Allocation Failure) 704M->599M(910M) 3,317ms
[135,805s][info][gc] GC(527) Pause Young (Allocation Failure) 713M->607M(910M) 5,686ms
[135,861s][info][gc] GC(528) Pause Young (Allocation Failure) 722M->615M(822M) 8,093ms
[135,918s][info][gc] GC(529) Pause Young (Allocation Failure) 730M->623M(911M) 9,986ms
[135,980s][info][gc] GC(530) Pause Young (Allocation Failure) 743M->631M(907M) 12,276ms
[136,044s][info][gc] GC(531) Pause Young (Allocation Failure) 751M->640M(907M) 14,614ms
[136,115s][info][gc] GC(532) Pause Young (Allocation Failure) 770M->648M(908M) 16,852ms
[136,190s][info][gc] GC(533) Pause Young (Allocation Failure) 778M->657M(917M) 19,185ms
[136,269s][info][gc] GC(534) Pause Young (Allocation Failure) 795M->666M(896M) 21,520ms
[136,350s][info][gc] GC(535) Pause Young (Allocation Failure) 804M->674M(904M) 24,198ms
[136,424s][info][gc] GC(536) Pause Young (Allocation Failure) 791M->682M(891M) 25,822ms
[136,504s][info][gc] GC(537) Pause Young (Allocation Failure) 799M->689M(910M) 31,058ms
[136,589s][info][gc] GC(538) Pause Young (Allocation Failure) 803M->696M(910M) 38,571ms
[136,677s][info][gc] GC(539) Pause Young (Allocation Failure) 810M->703M(910M) 40,002ms
[136,758s][info][gc] GC(540) Pause Young (Allocation Failure) 817M->710M(910M) 30,678ms
[136,834s][info][gc] GC(541) Pause Young (Allocation Failure) 824M->717M(910M) 26,229ms
[136,905s][info][gc] GC(542) Pause Young (Allocation Failure) 831M->725M(910M) 24,156ms
[137,227s][info][gc] GC(543) Pause Full (Ergonomics) 725M->590M(910M) 321,669ms
[137,278s][info][gc] GC(544) Pause Young (Allocation Failure) 704M->599M(910M) 3,379ms
