[0.006s][info][gc] Using Parallel
[0,254s][info][gc] GC(0) Pause Young (Allocation Failure) 128M->14M(491M) 8,656ms
[0,330s][info][gc] GC(1) Pause Young (Allocation Failure) 142M->23M(619M) 10,557ms
[0,492s][info][gc] GC(2) Pause Young (Allocation Failure) 280M->41M(619M) 17,530ms
[0,611s][info][gc] GC(3) Pause Young (Allocation Failure) 298M->59M(661M) 17,124ms
[0,748s][info][gc] GC(4) Pause Young (Allocation Failure) 358M->80M(661M) 18,275ms
[0,881s][info][gc] GC(5) Pause Young (Allocation Failure) 379M->101M(588M) 14,848ms
[0,984s][info][gc] GC(6) Pause Young (Allocation Failure) 327M->117M(625M) 12,644ms
[1,086s][info][gc] GC(7) Pause Young (Allocation Failure) 343M->132M(622M) 13,016ms
[1,191s][info][gc] GC(8) Pause Young (Allocation Failure) 361M->148M(618M) 15,593ms
[1,312s][info][gc] GC(9) Pause Young (Allocation Failure) 376M->163M(626M) 22,354ms
[1,428s][info][gc] GC(10) Pause Young (Allocation Failure) 389M->179M(624M) 16,844ms
[1,528s][info][gc] GC(11) Pause Young (Allocation Failure) 405M->195M(624M) 10,767ms
[1,626s][info][gc] GC(12) Pause Young (Allocation Failure) 420M->211M(624M) 10,743ms
[1,724s][info][gc] GC(13) Pause Young (Allocation Failure) 436M->226M(623M) 10,854ms
[1,822s][info][gc] GC(14) Pause Young (Allocation Failure) 451M->242M(624M) 10,825ms
[1,923s][info][gc] GC(15) Pause Young (Allocation Failure) 467M->258M(623M) 10,895ms
[2,022s][info][gc] GC(16) Pause Young (Allocation Failure) 485M->274M(624M) 10,984ms
[2,121s][info][gc] GC(17) Pause Young (Allocation Failure) 501M->290M(625M) 11,134ms
[2,222s][info][gc] GC(18) Pause Young (Allocation Failure) 522M->306M(625M) 11,176ms
[2,323s][info][gc] GC(19) Pause Young (Allocation Failure) 538M->323M(628M) 11,280ms
[2,426s][info][gc] GC(20) Pause Young (Allocation Failure) 560M->340M(628M) 11,392ms
[2,607s][info][gc] GC(21) Pause Full (Ergonomics) 340M->268M(762M) 180,351ms
[2,707s][info][gc] GC(22) Pause Young (Allocation Failure) 510M->286M(762M) 5,603ms
[2,812s][info][gc] GC(23) Pause Young (Allocation Failure) 528M->303M(763M) 11,209ms
[2,919s][info][gc] GC(24) Pause Young (Allocation Failure) 549M->320M(763M) 11,401ms
[3,026s][info][gc] GC(25) Pause Young (Allocation Failure) 567M->337M(766M) 11,561ms
[3,136s][info][gc] GC(26) Pause Young (Allocation Failure) 591M->355M(766M) 12,078ms
[3,247s][info][gc] GC(27) Pause Young (Allocation Failure) 609M->373M(770M) 12,321ms
[3,360s][info][gc] GC(28) Pause Young (Allocation Failure) 633M->391M(770M) 12,473ms
[3,474s][info][gc] GC(29) Pause Young (Allocation Failure) 652M->409M(773M) 12,671ms
[3,589s][info][gc] GC(30) Pause Young (Allocation Failure) 676M->428M(773M) 12,822ms
[3,706s][info][gc] GC(31) Pause Young (Allocation Failure) 695M->447M(776M) 12,983ms
[3,824s][info][gc] GC(32) Pause Young (Allocation Failure) 719M->466M(776M) 13,258ms
[3,943s][info][gc] GC(33) Pause Young (Allocation Failure) 738M->485M(778M) 13,392ms
[4,185s][info][gc] GC(34) Pause Full (Ergonomics) 485M->371M(971M) 242,045ms
[4,301s][info][gc] GC(35) Pause Young (Allocation Failure) 648M->391M(974M) 6,385ms
[4,427s][info][gc] GC(36) Pause Young (Allocation Failure) 672M->410M(974M) 12,339ms
[4,553s][info][gc] GC(37) Pause Young (Allocation Failure) 691M->430M(966M) 16,019ms
[4,670s][info][gc] GC(38) Pause Young (Allocation Failure) 702M->449M(970M) 12,000ms
[4,793s][info][gc] GC(39) Pause Young (Allocation Failure) 721M->467M(961M) 17,641ms
[4,908s][info][gc] GC(40) Pause Young (Allocation Failure) 730M->486M(966M) 12,192ms
[5,024s][info][gc] GC(41) Pause Young (Allocation Failure) 749M->504M(963M) 12,748ms
[5,142s][info][gc] GC(42) Pause Young (Allocation Failure) 768M->523M(965M) 12,762ms
[5,258s][info][gc] GC(43) Pause Young (Allocation Failure) 787M->541M(965M) 12,744ms
[5,375s][info][gc] GC(44) Pause Young (Allocation Failure) 809M->560M(967M) 12,934ms
[5,492s][info][gc] GC(45) Pause Young (Allocation Failure) 828M->579M(967M) 12,938ms
[5,611s][info][gc] GC(46) Pause Young (Allocation Failure) 850M->598M(969M) 13,162ms
[5,729s][info][gc] GC(47) Pause Young (Allocation Failure) 869M->617M(969M) 13,226ms
[5,849s][info][gc] GC(48) Pause Young (Allocation Failure) 892M->636M(970M) 13,235ms
[5,969s][info][gc] GC(49) Pause Young (Allocation Failure) 911M->655M(972M) 13,369ms
[6,091s][info][gc] GC(50) Pause Young (Allocation Failure) 934M->674M(973M) 13,504ms
[6,386s][info][gc] GC(51) Pause Full (Ergonomics) 674M->463M(994M) 295,534ms
[6,504s][info][gc] GC(52) Pause Young (Allocation Failure) 745M->483M(994M) 6,588ms
[6,627s][info][gc] GC(53) Pause Young (Allocation Failure) 765M->503M(982M) 13,121ms
[6,748s][info][gc] GC(54) Pause Young (Allocation Failure) 774M->522M(989M) 15,936ms
[6,865s][info][gc] GC(55) Pause Young (Allocation Failure) 793M->540M(980M) 12,076ms
[6,984s][info][gc] GC(56) Pause Young (Allocation Failure) 803M->559M(985M) 17,591ms
[7,099s][info][gc] GC(57) Pause Young (Allocation Failure) 822M->577M(983M) 12,488ms
[7,213s][info][gc] GC(58) Pause Young (Allocation Failure) 841M->595M(984M) 12,302ms
[7,328s][info][gc] GC(59) Pause Young (Allocation Failure) 859M->614M(984M) 12,334ms
[7,444s][info][gc] GC(60) Pause Young (Allocation Failure) 880M->633M(985M) 12,436ms
[7,560s][info][gc] GC(61) Pause Young (Allocation Failure) 899M->651M(986M) 12,553ms
[7,677s][info][gc] GC(62) Pause Young (Allocation Failure) 921M->670M(987M) 12,580ms
[7,795s][info][gc] GC(63) Pause Young (Allocation Failure) 940M->689M(987M) 13,204ms
[8,119s][info][gc] GC(64) Pause Full (Ergonomics) 689M->505M(988M) 324,238ms
[8,233s][info][gc] GC(65) Pause Young (Allocation Failure) 778M->525M(989M) 6,531ms
[8,352s][info][gc] GC(66) Pause Young (Allocation Failure) 801M->544M(990M) 12,435ms
[8,481s][info][gc] GC(67) Pause Young (Allocation Failure) 820M->563M(984M) 16,884ms
[8,600s][info][gc] GC(68) Pause Young (Allocation Failure) 831M->582M(987M) 11,671ms
[8,723s][info][gc] GC(69) Pause Young (Allocation Failure) 850M->600M(980M) 18,405ms
[8,836s][info][gc] GC(70) Pause Young (Allocation Failure) 861M->618M(982M) 11,194ms
[8,955s][info][gc] GC(71) Pause Young (Allocation Failure) 879M->636M(960M) 17,531ms
[9,065s][info][gc] GC(72) Pause Young (Allocation Failure) 871M->652M(971M) 18,375ms
[9,170s][info][gc] GC(73) Pause Young (Allocation Failure) 887M->668M(968M) 14,601ms
[9,278s][info][gc] GC(74) Pause Young (Allocation Failure) 904M->684M(970M) 15,295ms
[9,619s][info][gc] GC(75) Pause Full (Ergonomics) 684M->529M(972M) 341,480ms
[9,719s][info][gc] GC(76) Pause Young (Allocation Failure) 768M->546M(973M) 5,840ms
[9,827s][info][gc] GC(77) Pause Young (Allocation Failure) 786M->563M(973M) 10,269ms
[9,935s][info][gc] GC(78) Pause Young (Allocation Failure) 803M->579M(973M) 14,731ms
[10,050s][info][gc] GC(79) Pause Young (Allocation Failure) 819M->595M(940M) 20,866ms
[10,150s][info][gc] GC(80) Pause Young (Allocation Failure) 802M->609M(943M) 18,999ms
[10,249s][info][gc] GC(81) Pause Young (Allocation Failure) 816M->622M(938M) 19,019ms
[10,344s][info][gc] GC(82) Pause Young (Allocation Failure) 807M->634M(934M) 22,574ms
[10,439s][info][gc] GC(83) Pause Young (Allocation Failure) 819M->646M(938M) 23,323ms
[10,527s][info][gc] GC(84) Pause Young (Allocation Failure) 817M->658M(892M) 20,948ms
[10,609s][info][gc] GC(85) Pause Young (Allocation Failure) 829M->669M(936M) 16,448ms
[10,689s][info][gc] GC(86) Pause Young (Allocation Failure) 841M->681M(936M) 13,056ms
[11,043s][info][gc] GC(87) Pause Full (Ergonomics) 681M->544M(942M) 353,279ms
[11,118s][info][gc] GC(88) Pause Young (Allocation Failure) 722M->557M(942M) 4,642ms
[11,196s][info][gc] GC(89) Pause Young (Allocation Failure) 735M->569M(936M) 8,166ms
[11,276s][info][gc] GC(90) Pause Young (Allocation Failure) 747M->582M(939M) 11,185ms
[11,360s][info][gc] GC(91) Pause Young (Allocation Failure) 760M->594M(944M) 14,737ms
[11,450s][info][gc] GC(92) Pause Young (Allocation Failure) 779M->606M(931M) 17,912ms
[11,544s][info][gc] GC(93) Pause Young (Allocation Failure) 792M->618M(923M) 21,195ms
[11,630s][info][gc] GC(94) Pause Young (Allocation Failure) 776M->628M(914M) 24,171ms
[11,715s][info][gc] GC(95) Pause Young (Allocation Failure) 786M->638M(926M) 23,906ms
[11,793s][info][gc] GC(96) Pause Young (Allocation Failure) 783M->648M(874M) 21,339ms
[11,868s][info][gc] GC(97) Pause Young (Allocation Failure) 793M->658M(923M) 17,446ms
[11,940s][info][gc] GC(98) Pause Young (Allocation Failure) 805M->668M(921M) 13,923ms
[12,301s][info][gc] GC(99) Pause Full (Ergonomics) 668M->553M(930M) 361,370ms
[12,369s][info][gc] GC(100) Pause Young (Allocation Failure) 710M->565M(930M) 4,253ms
[12,437s][info][gc] GC(101) Pause Young (Allocation Failure) 722M->576M(929M) 7,277ms
[12,511s][info][gc] GC(102) Pause Young (Allocation Failure) 735M->587M(931M) 10,273ms
[12,588s][info][gc] GC(103) Pause Young (Allocation Failure) 746M->598M(932M) 13,243ms
[12,669s][info][gc] GC(104) Pause Young (Allocation Failure) 765M->609M(932M) 16,400ms
[12,753s][info][gc] GC(105) Pause Young (Allocation Failure) 776M->620M(928M) 19,258ms
[12,838s][info][gc] GC(106) Pause Young (Allocation Failure) 781M->630M(921M) 22,292ms
[12,925s][info][gc] GC(107) Pause Young (Allocation Failure) 791M->641M(913M) 25,008ms
[13,001s][info][gc] GC(108) Pause Young (Allocation Failure) 773M->649M(891M) 24,500ms
[13,077s][info][gc] GC(109) Pause Young (Allocation Failure) 781M->657M(916M) 24,762ms
[13,148s][info][gc] GC(110) Pause Young (Allocation Failure) 782M->666M(858M) 21,787ms
[13,215s][info][gc] GC(111) Pause Young (Allocation Failure) 791M->674M(912M) 18,147ms
[13,280s][info][gc] GC(112) Pause Young (Allocation Failure) 801M->683M(910M) 14,679ms
[13,640s][info][gc] GC(113) Pause Full (Ergonomics) 683M->561M(920M) 359,285ms
[13,699s][info][gc] GC(114) Pause Young (Allocation Failure) 699M->571M(920M) 3,917ms
[13,759s][info][gc] GC(115) Pause Young (Allocation Failure) 709M->581M(923M) 6,538ms
[13,824s][info][gc] GC(116) Pause Young (Allocation Failure) 721M->591M(853M) 9,430ms
[13,890s][info][gc] GC(117) Pause Young (Allocation Failure) 731M->601M(924M) 11,894ms
[13,962s][info][gc] GC(118) Pause Young (Allocation Failure) 746M->611M(919M) 14,596ms
[14,036s][info][gc] GC(119) Pause Young (Allocation Failure) 756M->620M(924M) 17,243ms
[14,116s][info][gc] GC(120) Pause Young (Allocation Failure) 773M->630M(926M) 19,865ms
[14,197s][info][gc] GC(121) Pause Young (Allocation Failure) 783M->640M(914M) 22,303ms
[14,275s][info][gc] GC(122) Pause Young (Allocation Failure) 776M->649M(897M) 24,892ms
[14,353s][info][gc] GC(123) Pause Young (Allocation Failure) 785M->657M(914M) 25,175ms
[14,423s][info][gc] GC(124) Pause Young (Allocation Failure) 780M->665M(865M) 22,515ms
[14,491s][info][gc] GC(125) Pause Young (Allocation Failure) 788M->673M(915M) 20,254ms
[14,558s][info][gc] GC(126) Pause Young (Allocation Failure) 801M->682M(912M) 17,215ms
[14,622s][info][gc] GC(127) Pause Young (Allocation Failure) 809M->691M(917M) 14,186ms
[14,985s][info][gc] GC(128) Pause Full (Ergonomics) 691M->568M(917M) 363,283ms
[15,044s][info][gc] GC(129) Pause Young (Allocation Failure) 703M->577M(921M) 3,894ms
[15,105s][info][gc] GC(130) Pause Young (Allocation Failure) 716M->587M(923M) 6,565ms
[15,168s][info][gc] GC(131) Pause Young (Allocation Failure) 726M->597M(915M) 9,222ms
[15,234s][info][gc] GC(132) Pause Young (Allocation Failure) 737M->607M(919M) 11,717ms
[15,304s][info][gc] GC(133) Pause Young (Allocation Failure) 747M->616M(922M) 14,374ms
[15,381s][info][gc] GC(134) Pause Young (Allocation Failure) 769M->626M(924M) 16,832ms
[15,460s][info][gc] GC(135) Pause Young (Allocation Failure) 779M->636M(924M) 19,764ms
[15,541s][info][gc] GC(136) Pause Young (Allocation Failure) 787M->646M(913M) 22,164ms
[15,625s][info][gc] GC(137) Pause Young (Allocation Failure) 797M->655M(904M) 25,105ms
[15,699s][info][gc] GC(138) Pause Young (Allocation Failure) 774M->663M(889M) 26,236ms
[15,773s][info][gc] GC(139) Pause Young (Allocation Failure) 782M->670M(910M) 26,808ms
[15,842s][info][gc] GC(140) Pause Young (Allocation Failure) 784M->678M(910M) 24,507ms
[15,908s][info][gc] GC(141) Pause Young (Allocation Failure) 792M->685M(906M) 21,841ms
[15,971s][info][gc] GC(142) Pause Young (Allocation Failure) 799M->693M(908M) 18,497ms
[16,340s][info][gc] GC(143) Pause Full (Ergonomics) 693M->572M(912M) 368,540ms
[16,392s][info][gc] GC(144) Pause Young (Allocation Failure) 692M->581M(812M) 3,543ms
[16,445s][info][gc] GC(145) Pause Young (Allocation Failure) 701M->590M(912M) 5,869ms
[16,498s][info][gc] GC(146) Pause Young (Allocation Failure) 706M->598M(825M) 8,169ms
[16,554s][info][gc] GC(147) Pause Young (Allocation Failure) 715M->606M(914M) 10,255ms
[16,614s][info][gc] GC(148) Pause Young (Allocation Failure) 727M->614M(846M) 12,877ms
[16,676s][info][gc] GC(149) Pause Young (Allocation Failure) 735M->623M(912M) 14,467ms
[16,743s][info][gc] GC(150) Pause Young (Allocation Failure) 752M->631M(908M) 17,271ms
[16,812s][info][gc] GC(151) Pause Young (Allocation Failure) 760M->640M(918M) 19,087ms
[16,888s][info][gc] GC(152) Pause Young (Allocation Failure) 779M->648M(898M) 21,690ms
[16,966s][info][gc] GC(153) Pause Young (Allocation Failure) 787M->657M(905M) 23,963ms
[17,038s][info][gc] GC(154) Pause Young (Allocation Failure) 775M->665M(886M) 25,862ms
[17,110s][info][gc] GC(155) Pause Young (Allocation Failure) 783M->672M(910M) 26,117ms
[17,179s][info][gc] GC(156) Pause Young (Allocation Failure) 786M->679M(910M) 24,651ms
[17,245s][info][gc] GC(157) Pause Young (Allocation Failure) 793M->687M(904M) 22,427ms
[17,310s][info][gc] GC(158) Pause Young (Allocation Failure) 801M->694M(907M) 20,459ms
[17,373s][info][gc] GC(159) Pause Young (Allocation Failure) 808M->702M(912M) 17,597ms
[17,742s][info][gc] GC(160) Pause Full (Ergonomics) 702M->576M(912M) 369,320ms
[17,796s][info][gc] GC(161) Pause Young (Allocation Failure) 700M->585M(911M) 3,644ms
[17,850s][info][gc] GC(162) Pause Young (Allocation Failure) 707M->594M(914M) 6,038ms
[17,906s][info][gc] GC(163) Pause Young (Allocation Failure) 716M->603M(910M) 8,380ms
[17,964s][info][gc] GC(164) Pause Young (Allocation Failure) 725M->611M(912M) 10,585ms
[18,025s][info][gc] GC(165) Pause Young (Allocation Failure) 733M->619M(908M) 12,883ms
[18,091s][info][gc] GC(166) Pause Young (Allocation Failure) 749M->628M(911M) 15,157ms
[18,159s][info][gc] GC(167) Pause Young (Allocation Failure) 758M->637M(920M) 17,595ms
[18,234s][info][gc] GC(168) Pause Young (Allocation Failure) 778M->646M(920M) 19,889ms
[18,312s][info][gc] GC(169) Pause Young (Allocation Failure) 788M->655M(913M) 22,620ms
[18,387s][info][gc] GC(170) Pause Young (Allocation Failure) 786M->663M(901M) 23,837ms
[18,465s][info][gc] GC(171) Pause Young (Allocation Failure) 794M->672M(909M) 26,513ms
[18,537s][info][gc] GC(172) Pause Young (Allocation Failure) 786M->679M(910M) 26,834ms
[18,606s][info][gc] GC(173) Pause Young (Allocation Failure) 793M->686M(910M) 24,959ms
[18,674s][info][gc] GC(174) Pause Young (Allocation Failure) 800M->693M(858M) 22,902ms
[18,739s][info][gc] GC(175) Pause Young (Allocation Failure) 807M->701M(912M) 20,450ms
[19,114s][info][gc] GC(176) Pause Full (Ergonomics) 701M->579M(909M) 374,399ms
[19,164s][info][gc] GC(177) Pause Young (Allocation Failure) 696M->588M(906M) 3,497ms
[19,214s][info][gc] GC(178) Pause Young (Allocation Failure) 702M->596M(910M) 5,578ms
[19,267s][info][gc] GC(179) Pause Young (Allocation Failure) 710M->604M(909M) 7,773ms
[19,323s][info][gc] GC(180) Pause Young (Allocation Failure) 718M->612M(830M) 9,837ms
[19,382s][info][gc] GC(181) Pause Young (Allocation Failure) 726M->620M(911M) 11,831ms
[19,447s][info][gc] GC(182) Pause Young (Allocation Failure) 740M->628M(908M) 15,022ms
[19,512s][info][gc] GC(183) Pause Young (Allocation Failure) 748M->636M(912M) 16,128ms
[19,582s][info][gc] GC(184) Pause Young (Allocation Failure) 766M->644M(911M) 18,320ms
[19,653s][info][gc] GC(185) Pause Young (Allocation Failure) 775M->653M(917M) 20,415ms
[19,729s][info][gc] GC(186) Pause Young (Allocation Failure) 788M->662M(900M) 22,813ms
[19,807s][info][gc] GC(187) Pause Young (Allocation Failure) 797M->670M(906M) 25,479ms
[19,876s][info][gc] GC(188) Pause Young (Allocation Failure) 784M->677M(910M) 25,073ms
[19,944s][info][gc] GC(189) Pause Young (Allocation Failure) 791M->684M(909M) 23,663ms
[20,011s][info][gc] GC(190) Pause Young (Allocation Failure) 798M->692M(858M) 21,982ms
[20,075s][info][gc] GC(191) Pause Young (Allocation Failure) 806M->699M(909M) 20,204ms
[20,139s][info][gc] GC(192) Pause Young (Allocation Failure) 818M->707M(906M) 17,691ms
[20,518s][info][gc] GC(193) Pause Full (Ergonomics) 707M->582M(914M) 378,511ms
[20,574s][info][gc] GC(194) Pause Young (Allocation Failure) 710M->591M(914M) 3,671ms
[20,630s][info][gc] GC(195) Pause Young (Allocation Failure) 719M->600M(915M) 6,184ms
[20,687s][info][gc] GC(196) Pause Young (Allocation Failure) 725M->609M(835M) 8,617ms
[20,747s][info][gc] GC(197) Pause Young (Allocation Failure) 734M->618M(918M) 10,968ms
[20,811s][info][gc] GC(198) Pause Young (Allocation Failure) 747M->627M(857M) 13,773ms
[20,877s][info][gc] GC(199) Pause Young (Allocation Failure) 756M->635M(914M) 15,716ms
[20,948s][info][gc] GC(200) Pause Young (Allocation Failure) 770M->644M(912M) 18,011ms
[21,021s][info][gc] GC(201) Pause Young (Allocation Failure) 779M->653M(921M) 20,597ms
[21,099s][info][gc] GC(202) Pause Young (Allocation Failure) 796M->662M(906M) 22,911ms
[21,180s][info][gc] GC(203) Pause Young (Allocation Failure) 805M->671M(902M) 25,100ms
[21,251s][info][gc] GC(204) Pause Young (Allocation Failure) 785M->678M(910M) 27,000ms
[21,331s][info][gc] GC(205) Pause Young (Allocation Failure) 792M->685M(910M) 34,022ms
[21,415s][info][gc] GC(206) Pause Young (Allocation Failure) 799M->692M(910M) 36,764ms
[21,490s][info][gc] GC(207) Pause Young (Allocation Failure) 806M->699M(910M) 26,632ms
[21,563s][info][gc] GC(208) Pause Young (Allocation Failure) 813M->706M(910M) 24,974ms
[21,630s][info][gc] GC(209) Pause Young (Allocation Failure) 820M->714M(910M) 22,500ms
[22,007s][info][gc] GC(210) Pause Full (Ergonomics) 714M->584M(910M) 376,978ms
[22,057s][info][gc] GC(211) Pause Young (Allocation Failure) 698M->592M(910M) 3,500ms
[22,107s][info][gc] GC(212) Pause Young (Allocation Failure) 706M->600M(910M) 5,660ms
[22,159s][info][gc] GC(213) Pause Young (Allocation Failure) 714M->608M(910M) 8,008ms
[22,214s][info][gc] GC(214) Pause Young (Allocation Failure) 722M->616M(910M) 10,230ms
[22,269s][info][gc] GC(215) Pause Young (Allocation Failure) 730M->624M(910M) 10,974ms
[22,323s][info][gc] GC(216) Pause Young (Allocation Failure) 738M->632M(910M) 8,965ms
[22,374s][info][gc] GC(217) Pause Young (Allocation Failure) 746M->641M(910M) 6,201ms
[22,425s][info][gc] GC(218) Pause Young (Allocation Failure) 755M->649M(910M) 6,211ms
[22,476s][info][gc] GC(219) Pause Young (Allocation Failure) 763M->657M(908M) 6,254ms
[22,526s][info][gc] GC(220) Pause Young (Allocation Failure) 771M->665M(814M) 5,756ms
[22,579s][info][gc] GC(221) Pause Young (Allocation Failure) 779M->673M(906M) 7,945ms
[22,636s][info][gc] GC(222) Pause Young (Allocation Failure) 796M->682M(907M) 10,071ms
[22,697s][info][gc] GC(223) Pause Young (Allocation Failure) 804M->690M(906M) 12,476ms
[22,764s][info][gc] GC(224) Pause Young (Allocation Failure) 823M->699M(908M) 14,844ms
[22,833s][info][gc] GC(225) Pause Young (Allocation Failure) 832M->708M(916M) 17,358ms
[22,907s][info][gc] GC(226) Pause Young (Allocation Failure) 848M->717M(919M) 19,638ms
[22,984s][info][gc] GC(227) Pause Young (Allocation Failure) 857M->726M(906M) 22,055ms
[23,055s][info][gc] GC(228) Pause Young (Allocation Failure) 847M->734M(889M) 23,961ms
[23,128s][info][gc] GC(229) Pause Young (Allocation Failure) 855M->741M(910M) 26,013ms
[23,441s][info][gc] GC(230) Pause Full (Ergonomics) 741M->585M(910M) 312,280ms
[23,490s][info][gc] GC(231) Pause Young (Allocation Failure) 699M->594M(910M) 3,380ms
[23,542s][info][gc] GC(232) Pause Young (Allocation Failure) 708M->602M(910M) 5,646ms
[23,594s][info][gc] GC(233) Pause Young (Allocation Failure) 716M->610M(910M) 7,696ms
[23,648s][info][gc] GC(234) Pause Young (Allocation Failure) 724M->618M(830M) 9,978ms
[23,705s][info][gc] GC(235) Pause Young (Allocation Failure) 732M->626M(910M) 12,084ms
[23,766s][info][gc] GC(236) Pause Young (Allocation Failure) 747M->634M(907M) 14,400ms
[23,830s][info][gc] GC(237) Pause Young (Allocation Failure) 755M->642M(915M) 16,442ms
[23,900s][info][gc] GC(238) Pause Young (Allocation Failure) 775M->651M(915M) 18,771ms
[23,973s][info][gc] GC(239) Pause Young (Allocation Failure) 783M->659M(912M) 20,896ms
[24,046s][info][gc] GC(240) Pause Young (Allocation Failure) 786M->667M(885M) 23,487ms
[24,119s][info][gc] GC(241) Pause Young (Allocation Failure) 794M->676M(908M) 23,641ms
[24,187s][info][gc] GC(242) Pause Young (Allocation Failure) 790M->683M(910M) 23,903ms
[24,254s][info][gc] GC(243) Pause Young (Allocation Failure) 797M->690M(903M) 22,180ms
[24,337s][info][gc] GC(244) Pause Young (Allocation Failure) 804M->698M(907M) 24,294ms
[24,404s][info][gc] GC(245) Pause Young (Allocation Failure) 812M->705M(910M) 17,832ms
[24,789s][info][gc] GC(246) Pause Full (Ergonomics) 705M->586M(911M) 384,782ms
[24,844s][info][gc] GC(247) Pause Young (Allocation Failure) 712M->596M(916M) 3,601ms
[24,901s][info][gc] GC(248) Pause Young (Allocation Failure) 727M->605M(919M) 6,117ms
[24,962s][info][gc] GC(249) Pause Young (Allocation Failure) 736M->614M(913M) 8,691ms
[25,025s][info][gc] GC(250) Pause Young (Allocation Failure) 746M->623M(916M) 11,059ms
[25,092s][info][gc] GC(251) Pause Young (Allocation Failure) 755M->632M(914M) 13,262ms
[25,166s][info][gc] GC(252) Pause Young (Allocation Failure) 774M->642M(917M) 16,165ms
[25,240s][info][gc] GC(253) Pause Young (Allocation Failure) 783M->651M(926M) 18,701ms
[25,321s][info][gc] GC(254) Pause Young (Allocation Failure) 802M->661M(908M) 21,134ms
[25,403s][info][gc] GC(255) Pause Young (Allocation Failure) 812M->670M(908M) 24,101ms
[25,478s][info][gc] GC(256) Pause Young (Allocation Failure) 795M->678M(900M) 25,648ms
[25,559s][info][gc] GC(257) Pause Young (Allocation Failure) 803M->686M(910M) 31,584ms
[25,645s][info][gc] GC(258) Pause Young (Allocation Failure) 800M->693M(910M) 42,256ms
[25,763s][info][gc] GC(259) Pause Young (Allocation Failure) 807M->700M(910M) 29,830ms
[25,832s][info][gc] GC(260) Pause Young (Allocation Failure) 814M->707M(910M) 25,338ms
[25,901s][info][gc] GC(261) Pause Young (Allocation Failure) 821M->714M(910M) 23,125ms
[26,217s][info][gc] GC(262) Pause Full (Ergonomics) 714M->587M(910M) 316,819ms
[26,266s][info][gc] GC(263) Pause Young (Allocation Failure) 701M->596M(910M) 3,385ms
[26,317s][info][gc] GC(264) Pause Young (Allocation Failure) 710M->604M(910M) 5,521ms
[26,371s][info][gc] GC(265) Pause Young (Allocation Failure) 718M->612M(910M) 7,856ms
[26,425s][info][gc] GC(266) Pause Young (Allocation Failure) 726M->620M(910M) 10,176ms
[26,480s][info][gc] GC(267) Pause Young (Allocation Failure) 734M->628M(910M) 10,860ms
[26,534s][info][gc] GC(268) Pause Young (Allocation Failure) 742M->636M(910M) 8,970ms
[26,584s][info][gc] GC(269) Pause Young (Allocation Failure) 750M->644M(910M) 6,168ms
[26,635s][info][gc] GC(270) Pause Young (Allocation Failure) 758M->653M(910M) 6,236ms
[26,686s][info][gc] GC(271) Pause Young (Allocation Failure) 767M->661M(907M) 6,151ms
[26,736s][info][gc] GC(272) Pause Young (Allocation Failure) 775M->669M(814M) 5,807ms
[26,789s][info][gc] GC(273) Pause Young (Allocation Failure) 783M->677M(903M) 8,018ms
[26,848s][info][gc] GC(274) Pause Young (Allocation Failure) 800M->686M(906M) 10,278ms
[26,909s][info][gc] GC(275) Pause Young (Allocation Failure) 808M->694M(905M) 12,795ms
[26,975s][info][gc] GC(276) Pause Young (Allocation Failure) 826M->703M(907M) 14,959ms
[27,044s][info][gc] GC(277) Pause Young (Allocation Failure) 835M->712M(916M) 17,350ms
[27,118s][info][gc] GC(278) Pause Young (Allocation Failure) 852M->721M(920M) 19,722ms
[27,195s][info][gc] GC(279) Pause Young (Allocation Failure) 861M->730M(906M) 22,100ms
[27,266s][info][gc] GC(280) Pause Young (Allocation Failure) 851M->738M(882M) 24,175ms
[27,338s][info][gc] GC(281) Pause Young (Allocation Failure) 859M->745M(910M) 24,554ms
[27,666s][info][gc] GC(282) Pause Full (Ergonomics) 745M->588M(910M) 328,422ms
[27,714s][info][gc] GC(283) Pause Young (Allocation Failure) 702M->597M(910M) 3,337ms
[27,765s][info][gc] GC(284) Pause Young (Allocation Failure) 711M->605M(910M) 5,598ms
[27,820s][info][gc] GC(285) Pause Young (Allocation Failure) 719M->613M(906M) 7,849ms
[27,876s][info][gc] GC(286) Pause Young (Allocation Failure) 727M->621M(908M) 9,998ms
[27,932s][info][gc] GC(287) Pause Young (Allocation Failure) 735M->629M(903M) 12,060ms
[27,995s][info][gc] GC(288) Pause Young (Allocation Failure) 752M->637M(906M) 14,376ms
[28,060s][info][gc] GC(289) Pause Young (Allocation Failure) 761M->645M(915M) 16,602ms
[28,131s][info][gc] GC(290) Pause Young (Allocation Failure) 780M->654M(915M) 18,950ms
[28,205s][info][gc] GC(291) Pause Young (Allocation Failure) 789M->663M(912M) 21,328ms
[28,278s][info][gc] GC(292) Pause Young (Allocation Failure) 792M->671M(895M) 23,537ms
[28,354s][info][gc] GC(293) Pause Young (Allocation Failure) 800M->679M(910M) 25,402ms
[28,426s][info][gc] GC(294) Pause Young (Allocation Failure) 793M->686M(910M) 25,801ms
[28,497s][info][gc] GC(295) Pause Young (Allocation Failure) 800M->694M(910M) 24,210ms
[28,565s][info][gc] GC(296) Pause Young (Allocation Failure) 808M->701M(910M) 22,340ms
[28,631s][info][gc] GC(297) Pause Young (Allocation Failure) 815M->708M(902M) 20,267ms
[29,018s][info][gc] GC(298) Pause Full (Ergonomics) 708M->588M(906M) 386,906ms
[29,068s][info][gc] GC(299) Pause Young (Allocation Failure) 702M->597M(907M) 3,435ms
[29,118s][info][gc] GC(300) Pause Young (Allocation Failure) 712M->605M(911M) 5,638ms
[29,171s][info][gc] GC(301) Pause Young (Allocation Failure) 720M->613M(906M) 7,922ms
[29,226s][info][gc] GC(302) Pause Young (Allocation Failure) 728M->621M(908M) 9,951ms
[29,283s][info][gc] GC(303) Pause Young (Allocation Failure) 736M->629M(904M) 12,268ms
[29,346s][info][gc] GC(304) Pause Young (Allocation Failure) 753M->638M(908M) 14,538ms
[29,410s][info][gc] GC(305) Pause Young (Allocation Failure) 762M->646M(915M) 16,536ms
[29,482s][info][gc] GC(306) Pause Young (Allocation Failure) 782M->655M(915M) 18,658ms
[29,556s][info][gc] GC(307) Pause Young (Allocation Failure) 791M->663M(916M) 21,381ms
[29,632s][info][gc] GC(308) Pause Young (Allocation Failure) 797M->672M(900M) 23,807ms
[29,710s][info][gc] GC(309) Pause Young (Allocation Failure) 806M->680M(907M) 26,037ms
[29,788s][info][gc] GC(310) Pause Young (Allocation Failure) 794M->687M(910M) 33,704ms
[29,866s][info][gc] GC(311) Pause Young (Allocation Failure) 801M->694M(910M) 33,132ms
[29,940s][info][gc] GC(312) Pause Young (Allocation Failure) 808M->701M(910M) 26,060ms
[30,013s][info][gc] GC(313) Pause Young (Allocation Failure) 815M->709M(910M) 24,434ms
[30,082s][info][gc] GC(314) Pause Young (Allocation Failure) 823M->716M(910M) 22,196ms
[30,414s][info][gc] GC(315) Pause Full (Ergonomics) 716M->589M(910M) 331,848ms
[30,462s][info][gc] GC(316) Pause Young (Allocation Failure) 703M->597M(910M) 3,346ms
[30,514s][info][gc] GC(317) Pause Young (Allocation Failure) 711M->606M(910M) 5,664ms
[30,568s][info][gc] GC(318) Pause Young (Allocation Failure) 720M->614M(910M) 8,230ms
[30,632s][info][gc] GC(319) Pause Young (Allocation Failure) 728M->622M(910M) 10,178ms
[30,696s][info][gc] GC(320) Pause Young (Allocation Failure) 736M->630M(910M) 11,090ms
[30,756s][info][gc] GC(321) Pause Young (Allocation Failure) 744M->638M(910M) 8,883ms
[30,812s][info][gc] GC(322) Pause Young (Allocation Failure) 752M->646M(910M) 5,886ms
[30,868s][info][gc] GC(323) Pause Young (Allocation Failure) 760M->654M(908M) 6,030ms
[30,921s][info][gc] GC(324) Pause Young (Allocation Failure) 768M->662M(814M) 5,705ms
[30,977s][info][gc] GC(325) Pause Young (Allocation Failure) 776M->670M(907M) 8,148ms
[31,036s][info][gc] GC(326) Pause Young (Allocation Failure) 793M->679M(907M) 10,009ms
[31,097s][info][gc] GC(327) Pause Young (Allocation Failure) 801M->687M(906M) 12,685ms
[31,164s][info][gc] GC(328) Pause Young (Allocation Failure) 820M->696M(908M) 14,997ms
[31,235s][info][gc] GC(329) Pause Young (Allocation Failure) 829M->705M(915M) 17,213ms
[31,310s][info][gc] GC(330) Pause Young (Allocation Failure) 845M->714M(919M) 19,611ms
[31,387s][info][gc] GC(331) Pause Young (Allocation Failure) 854M->723M(907M) 22,202ms
[31,460s][info][gc] GC(332) Pause Young (Allocation Failure) 846M->731M(884M) 24,455ms
[31,533s][info][gc] GC(333) Pause Young (Allocation Failure) 854M->739M(910M) 24,901ms
[31,848s][info][gc] GC(334) Pause Full (Ergonomics) 739M->589M(910M) 315,149ms
[31,898s][info][gc] GC(335) Pause Young (Allocation Failure) 703M->598M(910M) 3,496ms
[31,950s][info][gc] GC(336) Pause Young (Allocation Failure) 712M->606M(910M) 5,874ms
[32,003s][info][gc] GC(337) Pause Young (Allocation Failure) 720M->614M(905M) 7,896ms
[32,058s][info][gc] GC(338) Pause Young (Allocation Failure) 728M->622M(908M) 10,079ms
[32,115s][info][gc] GC(339) Pause Young (Allocation Failure) 736M->630M(902M) 12,179ms
[32,178s][info][gc] GC(340) Pause Young (Allocation Failure) 754M->638M(906M) 14,487ms
[32,243s][info][gc] GC(341) Pause Young (Allocation Failure) 762M->647M(914M) 16,538ms
[32,314s][info][gc] GC(342) Pause Young (Allocation Failure) 782M->655M(915M) 18,983ms
[32,388s][info][gc] GC(343) Pause Young (Allocation Failure) 790M->664M(913M) 21,385ms
[32,464s][info][gc] GC(344) Pause Young (Allocation Failure) 794M->672M(896M) 23,610ms
[32,542s][info][gc] GC(345) Pause Young (Allocation Failure) 802M->680M(909M) 25,662ms
[32,612s][info][gc] GC(346) Pause Young (Allocation Failure) 794M->688M(910M) 25,525ms
[32,681s][info][gc] GC(347) Pause Young (Allocation Failure) 802M->695M(910M) 24,292ms
[32,748s][info][gc] GC(348) Pause Young (Allocation Failure) 809M->702M(910M) 22,513ms
[32,812s][info][gc] GC(349) Pause Young (Allocation Failure) 816M->710M(902M) 20,322ms
[33,131s][info][gc] GC(350) Pause Full (Ergonomics) 710M->590M(906M) 318,999ms
[33,180s][info][gc] GC(351) Pause Young (Allocation Failure) 704M->598M(908M) 3,407ms
[33,231s][info][gc] GC(352) Pause Young (Allocation Failure) 714M->606M(816M) 5,540ms
[33,284s][info][gc] GC(353) Pause Young (Allocation Failure) 722M->615M(913M) 7,969ms
[33,340s][info][gc] GC(354) Pause Young (Allocation Failure) 732M->623M(834M) 10,215ms
[33,399s][info][gc] GC(355) Pause Young (Allocation Failure) 740M->631M(912M) 12,365ms
[33,461s][info][gc] GC(356) Pause Young (Allocation Failure) 754M->639M(907M) 14,577ms
[33,526s][info][gc] GC(357) Pause Young (Allocation Failure) 762M->647M(914M) 16,904ms
[33,597s][info][gc] GC(358) Pause Young (Allocation Failure) 782M->656M(914M) 19,064ms
[33,671s][info][gc] GC(359) Pause Young (Allocation Failure) 791M->665M(916M) 21,376ms
[33,747s][info][gc] GC(360) Pause Young (Allocation Failure) 799M->673M(901M) 23,724ms
[33,825s][info][gc] GC(361) Pause Young (Allocation Failure) 807M->681M(907M) 25,828ms
[33,900s][info][gc] GC(362) Pause Young (Allocation Failure) 795M->689M(910M) 31,451ms
[33,971s][info][gc] GC(363) Pause Young (Allocation Failure) 803M->696M(910M) 26,097ms
[34,043s][info][gc] GC(364) Pause Young (Allocation Failure) 810M->703M(910M) 24,115ms
[34,109s][info][gc] GC(365) Pause Young (Allocation Failure) 817M->710M(910M) 22,205ms
[34,438s][info][gc] GC(366) Pause Full (Ergonomics) 710M->590M(910M) 328,964ms
[34,487s][info][gc] GC(367) Pause Young (Allocation Failure) 704M->598M(910M) 3,369ms
[34,539s][info][gc] GC(368) Pause Young (Allocation Failure) 712M->606M(910M) 5,662ms
[34,592s][info][gc] GC(369) Pause Young (Allocation Failure) 720M->614M(910M) 7,720ms
[34,646s][info][gc] GC(370) Pause Young (Allocation Failure) 728M->622M(910M) 10,362ms
[34,702s][info][gc] GC(371) Pause Young (Allocation Failure) 736M->631M(910M) 10,952ms
[34,754s][info][gc] GC(372) Pause Young (Allocation Failure) 745M->639M(822M) 8,024ms
[34,808s][info][gc] GC(373) Pause Young (Allocation Failure) 753M->647M(912M) 10,125ms
[34,867s][info][gc] GC(374) Pause Young (Allocation Failure) 766M->655M(907M) 12,130ms
[34,927s][info][gc] GC(375) Pause Young (Allocation Failure) 774M->663M(909M) 14,519ms
[34,994s][info][gc] GC(376) Pause Young (Allocation Failure) 792M->671M(908M) 16,810ms
[35,063s][info][gc] GC(377) Pause Young (Allocation Failure) 800M->680M(917M) 19,051ms
[35,139s][info][gc] GC(378) Pause Young (Allocation Failure) 818M->689M(920M) 21,626ms
[35,216s][info][gc] GC(379) Pause Young (Allocation Failure) 827M->698M(917M) 22,201ms
[35,291s][info][gc] GC(380) Pause Young (Allocation Failure) 831M->706M(886M) 22,402ms
[35,365s][info][gc] GC(381) Pause Young (Allocation Failure) 839M->715M(914M) 22,560ms
[35,437s][info][gc] GC(382) Pause Young (Allocation Failure) 840M->723M(916M) 23,289ms
[35,805s][info][gc] GC(383) Pause Full (Ergonomics) 723M->590M(916M) 368,309ms
[35,862s][info][gc] GC(384) Pause Young (Allocation Failure) 717M->599M(819M) 3,767ms
[35,919s][info][gc] GC(385) Pause Young (Allocation Failure) 726M->608M(915M) 6,212ms
[35,976s][info][gc] GC(386) Pause Young (Allocation Failure) 732M->617M(834M) 8,682ms
[36,036s][info][gc] GC(387) Pause Young (Allocation Failure) 740M->626M(917M) 10,679ms
[36,100s][info][gc] GC(388) Pause Young (Allocation Failure) 754M->634M(912M) 13,435ms
[36,166s][info][gc] GC(389) Pause Young (Allocation Failure) 762M->643M(914M) 15,744ms
[36,239s][info][gc] GC(390) Pause Young (Allocation Failure) 778M->652M(912M) 17,953ms
[36,314s][info][gc] GC(391) Pause Young (Allocation Failure) 787M->660M(921M) 20,339ms
[36,394s][info][gc] GC(392) Pause Young (Allocation Failure) 803M->670M(906M) 22,897ms
[36,475s][info][gc] GC(393) Pause Young (Allocation Failure) 813M->679M(902M) 25,349ms
[36,546s][info][gc] GC(394) Pause Young (Allocation Failure) 793M->686M(910M) 26,640ms
[36,630s][info][gc] GC(395) Pause Young (Allocation Failure) 800M->692M(910M) 39,814ms
[36,727s][info][gc] GC(396) Pause Young (Allocation Failure) 806M->699M(910M) 49,164ms
[36,810s][info][gc] GC(397) Pause Young (Allocation Failure) 813M->706M(910M) 35,016ms
[36,884s][info][gc] GC(398) Pause Young (Allocation Failure) 820M->714M(910M) 26,627ms
[36,956s][info][gc] GC(399) Pause Young (Allocation Failure) 828M->721M(910M) 24,705ms
[37,282s][info][gc] GC(400) Pause Full (Ergonomics) 721M->590M(910M) 325,370ms
[37,330s][info][gc] GC(401) Pause Young (Allocation Failure) 704M->598M(910M) 3,429ms
[37,381s][info][gc] GC(402) Pause Young (Allocation Failure) 712M->607M(910M) 5,606ms
[37,435s][info][gc] GC(403) Pause Young (Allocation Failure) 721M->615M(910M) 7,786ms
[37,493s][info][gc] GC(404) Pause Young (Allocation Failure) 729M->623M(910M) 9,840ms
[37,552s][info][gc] GC(405) Pause Young (Allocation Failure) 737M->631M(910M) 12,910ms
[37,611s][info][gc] GC(406) Pause Young (Allocation Failure) 745M->639M(910M) 10,792ms
[37,667s][info][gc] GC(407) Pause Young (Allocation Failure) 753M->647M(910M) 9,081ms
[37,719s][info][gc] GC(408) Pause Young (Allocation Failure) 761M->655M(910M) 6,495ms
[37,771s][info][gc] GC(409) Pause Young (Allocation Failure) 769M->663M(910M) 6,278ms
[38,098s][info][gc] GC(410) Pause Full (Ergonomics) 663M->590M(910M) 326,309ms
[38,146s][info][gc] GC(411) Pause Young (Allocation Failure) 704M->598M(910M) 3,506ms
[38,200s][info][gc] GC(412) Pause Young (Allocation Failure) 712M->607M(805M) 6,103ms
[38,253s][info][gc] GC(413) Pause Young (Allocation Failure) 721M->615M(909M) 5,716ms
[38,309s][info][gc] GC(414) Pause Young (Allocation Failure) 734M->623M(907M) 8,147ms
[38,370s][info][gc] GC(415) Pause Young (Allocation Failure) 743M->632M(898M) 11,135ms
[38,434s][info][gc] GC(416) Pause Young (Allocation Failure) 759M->640M(903M) 12,586ms
[38,501s][info][gc] GC(417) Pause Young (Allocation Failure) 768M->649M(909M) 14,961ms
[38,572s][info][gc] GC(418) Pause Young (Allocation Failure) 784M->658M(910M) 17,486ms
[38,645s][info][gc] GC(419) Pause Young (Allocation Failure) 793M->667M(915M) 19,842ms
[38,720s][info][gc] GC(420) Pause Young (Allocation Failure) 803M->675M(896M) 22,019ms
[38,797s][info][gc] GC(421) Pause Young (Allocation Failure) 811M->684M(907M) 24,439ms
[38,868s][info][gc] GC(422) Pause Young (Allocation Failure) 798M->691M(910M) 26,398ms
[38,938s][info][gc] GC(423) Pause Young (Allocation Failure) 805M->698M(910M) 24,874ms
[39,005s][info][gc] GC(424) Pause Young (Allocation Failure) 812M->706M(910M) 22,600ms
[39,070s][info][gc] GC(425) Pause Young (Allocation Failure) 820M->713M(910M) 20,527ms
[39,399s][info][gc] GC(426) Pause Full (Ergonomics) 713M->590M(910M) 329,148ms
[39,447s][info][gc] GC(427) Pause Young (Allocation Failure) 704M->599M(910M) 3,451ms
[39,500s][info][gc] GC(428) Pause Young (Allocation Failure) 713M->607M(910M) 5,560ms
[39,555s][info][gc] GC(429) Pause Young (Allocation Failure) 721M->615M(905M) 7,915ms
[39,610s][info][gc] GC(430) Pause Young (Allocation Failure) 729M->623M(908M) 10,023ms
[39,668s][info][gc] GC(431) Pause Young (Allocation Failure) 737M->631M(902M) 12,151ms
[39,732s][info][gc] GC(432) Pause Young (Allocation Failure) 754M->639M(906M) 14,482ms
[39,797s][info][gc] GC(433) Pause Young (Allocation Failure) 762M->647M(914M) 16,645ms
[39,869s][info][gc] GC(434) Pause Young (Allocation Failure) 782M->656M(914M) 19,561ms
[39,943s][info][gc] GC(435) Pause Young (Allocation Failure) 791M->665M(914M) 21,299ms
[40,023s][info][gc] GC(436) Pause Young (Allocation Failure) 797M->673M(898M) 23,579ms
[40,106s][info][gc] GC(437) Pause Young (Allocation Failure) 805M->681M(908M) 25,730ms
[40,181s][info][gc] GC(438) Pause Young (Allocation Failure) 795M->688M(910M) 25,689ms
[40,254s][info][gc] GC(439) Pause Young (Allocation Failure) 802M->696M(910M) 24,326ms
[40,321s][info][gc] GC(440) Pause Young (Allocation Failure) 810M->703M(858M) 22,734ms
[40,385s][info][gc] GC(441) Pause Young (Allocation Failure) 817M->711M(912M) 20,401ms
[40,707s][info][gc] GC(442) Pause Full (Ergonomics) 711M->590M(909M) 321,319ms
[40,758s][info][gc] GC(443) Pause Young (Allocation Failure) 708M->599M(908M) 3,507ms
[40,812s][info][gc] GC(444) Pause Young (Allocation Failure) 716M->607M(912M) 5,631ms
[40,867s][info][gc] GC(445) Pause Young (Allocation Failure) 724M->616M(908M) 7,999ms
[40,924s][info][gc] GC(446) Pause Young (Allocation Failure) 733M->624M(910M) 10,408ms
[40,983s][info][gc] GC(447) Pause Young (Allocation Failure) 741M->632M(906M) 12,505ms
[41,047s][info][gc] GC(448) Pause Young (Allocation Failure) 757M->640M(909M) 14,725ms
[41,113s][info][gc] GC(449) Pause Young (Allocation Failure) 765M->649M(916M) 16,975ms
[41,186s][info][gc] GC(450) Pause Young (Allocation Failure) 785M->657M(916M) 19,368ms
[41,262s][info][gc] GC(451) Pause Young (Allocation Failure) 794M->666M(915M) 21,814ms
[41,338s][info][gc] GC(452) Pause Young (Allocation Failure) 799M->675M(900M) 24,272ms
[41,416s][info][gc] GC(453) Pause Young (Allocation Failure) 808M->683M(908M) 26,075ms
[41,493s][info][gc] GC(454) Pause Young (Allocation Failure) 797M->690M(910M) 32,404ms
[41,579s][info][gc] GC(455) Pause Young (Allocation Failure) 804M->697M(910M) 40,912ms
[41,670s][info][gc] GC(456) Pause Young (Allocation Failure) 811M->704M(910M) 42,154ms
[41,750s][info][gc] GC(457) Pause Young (Allocation Failure) 818M->711M(910M) 29,918ms
[41,825s][info][gc] GC(458) Pause Young (Allocation Failure) 825M->718M(910M) 25,822ms
[41,899s][info][gc] GC(459) Pause Young (Allocation Failure) 832M->725M(910M) 24,197ms
[42,220s][info][gc] GC(460) Pause Full (Ergonomics) 725M->590M(910M) 321,520ms
[42,269s][info][gc] GC(461) Pause Young (Allocation Failure) 704M->599M(910M) 3,353ms
[42,321s][info][gc] GC(462) Pause Young (Allocation Failure) 713M->607M(910M) 5,650ms
[42,375s][info][gc] GC(463) Pause Young (Allocation Failure) 721M->615M(910M) 7,859ms
[42,432s][info][gc] GC(464) Pause Young (Allocation Failure) 729M->623M(910M) 9,974ms
[42,491s][info][gc] GC(465) Pause Young (Allocation Failure) 737M->631M(910M) 12,716ms
[42,548s][info][gc] GC(466) Pause Young (Allocation Failure) 745M->639M(910M) 10,908ms
[42,601s][info][gc] GC(467) Pause Young (Allocation Failure) 753M->647M(910M) 9,061ms
[42,652s][info][gc] GC(468) Pause Young (Allocation Failure) 761M->655M(910M) 6,215ms
[42,702s][info][gc] GC(469) Pause Young (Allocation Failure) 769M->663M(910M) 6,164ms
[43,030s][info][gc] GC(470) Pause Full (Ergonomics) 663M->590M(910M) 327,546ms
[43,079s][info][gc] GC(471) Pause Young (Allocation Failure) 704M->599M(910M) 3,371ms
[43,131s][info][gc] GC(472) Pause Young (Allocation Failure) 713M->607M(805M) 6,108ms
[43,182s][info][gc] GC(473) Pause Young (Allocation Failure) 721M->615M(910M) 5,770ms
[43,237s][info][gc] GC(474) Pause Young (Allocation Failure) 735M->624M(908M) 8,101ms
[43,296s][info][gc] GC(475) Pause Young (Allocation Failure) 743M->632M(898M) 10,394ms
[43,360s][info][gc] GC(476) Pause Young (Allocation Failure) 759M->641M(904M) 12,622ms
[43,425s][info][gc] GC(477) Pause Young (Allocation Failure) 768M->649M(910M) 14,842ms
[43,496s][info][gc] GC(478) Pause Young (Allocation Failure) 785M->658M(911M) 17,238ms
[43,569s][info][gc] GC(479) Pause Young (Allocation Failure) 794M->667M(915M) 19,699ms
[43,644s][info][gc] GC(480) Pause Young (Allocation Failure) 802M->676M(895M) 22,272ms
[43,722s][info][gc] GC(481) Pause Young (Allocation Failure) 811M->684M(907M) 24,540ms
[43,793s][info][gc] GC(482) Pause Young (Allocation Failure) 798M->691M(910M) 26,380ms
[43,863s][info][gc] GC(483) Pause Young (Allocation Failure) 805M->699M(910M) 25,040ms
[43,932s][info][gc] GC(484) Pause Young (Allocation Failure) 813M->706M(910M) 22,808ms
[43,998s][info][gc] GC(485) Pause Young (Allocation Failure) 820M->714M(910M) 20,517ms
[44,323s][info][gc] GC(486) Pause Full (Ergonomics) 714M->590M(910M) 325,243ms
[44,372s][info][gc] GC(487) Pause Young (Allocation Failure) 704M->599M(910M) 3,331ms
[44,424s][info][gc] GC(488) Pause Young (Allocation Failure) 713M->607M(910M) 5,688ms
[44,478s][info][gc] GC(489) Pause Young (Allocation Failure) 721M->615M(905M) 7,822ms
[44,533s][info][gc] GC(490) Pause Young (Allocation Failure) 729M->623M(908M) 10,015ms
[44,590s][info][gc] GC(491) Pause Young (Allocation Failure) 737M->631M(902M) 12,155ms
[44,653s][info][gc] GC(492) Pause Young (Allocation Failure) 754M->639M(906M) 14,526ms
[44,718s][info][gc] GC(493) Pause Young (Allocation Failure) 763M->647M(913M) 16,551ms
[44,789s][info][gc] GC(494) Pause Young (Allocation Failure) 781M->656M(913M) 19,046ms
[44,863s][info][gc] GC(495) Pause Young (Allocation Failure) 790M->665M(914M) 21,394ms
[44,939s][info][gc] GC(496) Pause Young (Allocation Failure) 797M->673M(898M) 23,527ms
[45,016s][info][gc] GC(497) Pause Young (Allocation Failure) 805M->682M(908M) 25,616ms
[45,086s][info][gc] GC(498) Pause Young (Allocation Failure) 796M->689M(910M) 25,866ms
[45,155s][info][gc] GC(499) Pause Young (Allocation Failure) 803M->696M(910M) 24,356ms
[45,222s][info][gc] GC(500) Pause Young (Allocation Failure) 810M->703M(858M) 22,443ms
[45,287s][info][gc] GC(501) Pause Young (Allocation Failure) 817M->711M(912M) 20,310ms
[45,619s][info][gc] GC(502) Pause Full (Ergonomics) 711M->590M(909M) 331,409ms
[45,669s][info][gc] GC(503) Pause Young (Allocation Failure) 708M->599M(909M) 3,455ms
[45,723s][info][gc] GC(504) Pause Young (Allocation Failure) 717M->608M(912M) 5,791ms
[45,779s][info][gc] GC(505) Pause Young (Allocation Failure) 725M->616M(909M) 8,051ms
[45,837s][info][gc] GC(506) Pause Young (Allocation Failure) 733M->624M(910M) 10,271ms
[45,896s][info][gc] GC(507) Pause Young (Allocation Failure) 741M->632M(906M) 12,354ms
[45,961s][info][gc] GC(508) Pause Young (Allocation Failure) 757M->640M(909M) 14,816ms
[46,026s][info][gc] GC(509) Pause Young (Allocation Failure) 765M->649M(915M) 17,115ms
[46,099s][info][gc] GC(510) Pause Young (Allocation Failure) 785M->658M(915M) 19,452ms
[46,174s][info][gc] GC(511) Pause Young (Allocation Failure) 794M->666M(915M) 21,999ms
[46,250s][info][gc] GC(512) Pause Young (Allocation Failure) 799M->675M(900M) 24,020ms
[46,328s][info][gc] GC(513) Pause Young (Allocation Failure) 808M->683M(908M) 26,030ms
[46,404s][info][gc] GC(514) Pause Young (Allocation Failure) 797M->690M(910M) 31,644ms
[46,490s][info][gc] GC(515) Pause Young (Allocation Failure) 804M->697M(910M) 41,005ms
[46,580s][info][gc] GC(516) Pause Young (Allocation Failure) 811M->704M(910M) 42,518ms
[46,659s][info][gc] GC(517) Pause Young (Allocation Failure) 818M->711M(910M) 31,073ms
[46,734s][info][gc] GC(518) Pause Young (Allocation Failure) 825M->718M(910M) 26,224ms
[46,804s][info][gc] GC(519) Pause Young (Allocation Failure) 832M->726M(910M) 24,284ms
[47,125s][info][gc] GC(520) Pause Full (Ergonomics) 726M->590M(910M) 320,117ms
[47,174s][info][gc] GC(521) Pause Young (Allocation Failure) 704M->599M(910M) 3,441ms
[47,226s][info][gc] GC(522) Pause Young (Allocation Failure) 713M->607M(910M) 5,599ms
[47,279s][info][gc] GC(523) Pause Young (Allocation Failure) 721M->615M(910M) 7,899ms
[47,334s][info][gc] GC(524) Pause Young (Allocation Failure) 729M->623M(910M) 10,111ms
[47,392s][info][gc] GC(525) Pause Young (Allocation Failure) 737M->631M(910M) 12,815ms
[47,448s][info][gc] GC(526) Pause Young (Allocation Failure) 745M->639M(910M) 11,062ms
[47,504s][info][gc] GC(527) Pause Young (Allocation Failure) 753M->647M(910M) 9,076ms
[47,555s][info][gc] GC(528) Pause Young (Allocation Failure) 761M->655M(910M) 6,182ms
[47,607s][info][gc] GC(529) Pause Young (Allocation Failure) 769M->663M(910M) 6,148ms
[47,929s][info][gc] GC(530) Pause Full (Ergonomics) 663M->590M(910M) 322,356ms
[47,978s][info][gc] GC(531) Pause Young (Allocation Failure) 704M->599M(910M) 3,383ms
