[0.007s][info][gc] Using Serial
[0,266s][info][gc] GC(0) Pause Young (Allocation Failure) 136M->14M(494M) 18,556ms
[0,365s][info][gc] GC(1) Pause Young (Allocation Failure) 150M->24M(494M) 27,939ms
[0,447s][info][gc] GC(2) Pause Young (Allocation Failure) 160M->33M(494M) 23,604ms
[0,531s][info][gc] GC(3) Pause Young (Allocation Failure) 170M->43M(494M) 24,445ms
[0,614s][info][gc] GC(4) Pause Young (Allocation Failure) 180M->53M(494M) 24,375ms
[0,693s][info][gc] GC(5) Pause Young (Allocation Failure) 189M->63M(494M) 24,105ms
[0,774s][info][gc] GC(6) Pause Young (Allocation Failure) 199M->72M(494M) 24,275ms
[0,853s][info][gc] GC(7) Pause Young (Allocation Failure) 209M->82M(494M) 24,167ms
[0,933s][info][gc] GC(8) Pause Young (Allocation Failure) 219M->92M(494M) 26,131ms
[1,015s][info][gc] GC(9) Pause Young (Allocation Failure) 228M->101M(494M) 25,014ms
[1,101s][info][gc] GC(10) Pause Young (Allocation Failure) 238M->111M(494M) 28,962ms
[1,188s][info][gc] GC(11) Pause Young (Allocation Failure) 248M->121M(494M) 25,884ms
[1,271s][info][gc] GC(12) Pause Young (Allocation Failure) 257M->131M(494M) 24,861ms
[1,352s][info][gc] GC(13) Pause Young (Allocation Failure) 267M->140M(494M) 24,720ms
[1,432s][info][gc] GC(14) Pause Young (Allocation Failure) 277M->150M(494M) 25,032ms
[1,512s][info][gc] GC(15) Pause Young (Allocation Failure) 287M->160M(494M) 25,050ms
[1,591s][info][gc] GC(16) Pause Young (Allocation Failure) 296M->170M(494M) 25,002ms
[1,671s][info][gc] GC(17) Pause Young (Allocation Failure) 306M->179M(494M) 25,015ms
[1,751s][info][gc] GC(18) Pause Young (Allocation Failure) 316M->189M(494M) 25,070ms
[1,831s][info][gc] GC(19) Pause Young (Allocation Failure) 326M->199M(494M) 24,978ms
[1,912s][info][gc] GC(20) Pause Young (Allocation Failure) 335M->208M(494M) 25,333ms
[1,992s][info][gc] GC(21) Pause Young (Allocation Failure) 345M->218M(494M) 25,483ms
[2,073s][info][gc] GC(22) Pause Young (Allocation Failure) 355M->228M(494M) 25,307ms
[2,153s][info][gc] GC(23) Pause Young (Allocation Failure) 364M->238M(494M) 25,252ms
[2,232s][info][gc] GC(24) Pause Young (Allocation Failure) 374M->247M(494M) 25,307ms
[2,312s][info][gc] GC(25) Pause Young (Allocation Failure) 384M->257M(494M) 25,585ms
[2,393s][info][gc] GC(26) Pause Young (Allocation Failure) 394M->267M(494M) 25,664ms
[2,472s][info][gc] GC(27) Pause Young (Allocation Failure) 403M->277M(494M) 25,352ms
[2,552s][info][gc] GC(28) Pause Young (Allocation Failure) 413M->286M(494M) 25,885ms
[2,633s][info][gc] GC(29) Pause Young (Allocation Failure) 423M->296M(494M) 25,889ms
[2,716s][info][gc] GC(30) Pause Young (Allocation Failure) 433M->306M(494M) 25,890ms
[2,798s][info][gc] GC(31) Pause Young (Allocation Failure) 442M->316M(494M) 26,086ms
[2,879s][info][gc] GC(32) Pause Young (Allocation Failure) 452M->325M(494M) 25,945ms
[2,959s][info][gc] GC(33) Pause Young (Allocation Failure) 462M->335M(494M) 25,884ms
[3,041s][info][gc] GC(34) Pause Young (Allocation Failure) 471M->345M(494M) 26,195ms
[3,123s][info][gc] GC(35) Pause Young (Allocation Failure) 481M->354M(498M) 26,323ms
[3,513s][info][gc] GC(36) Pause Full (Allocation Failure) 354M->290M(702M) 390,525ms
[3,624s][info][gc] GC(37) Pause Young (Allocation Failure) 484M->304M(702M) 25,149ms
[3,740s][info][gc] GC(38) Pause Young (Allocation Failure) 498M->318M(702M) 35,845ms
[3,848s][info][gc] GC(39) Pause Young (Allocation Failure) 512M->332M(702M) 30,969ms
[3,956s][info][gc] GC(40) Pause Young (Allocation Failure) 525M->345M(702M) 31,064ms
[4,064s][info][gc] GC(41) Pause Young (Allocation Failure) 539M->359M(702M) 31,025ms
[4,178s][info][gc] GC(42) Pause Young (Allocation Failure) 553M->372M(702M) 35,833ms
[4,292s][info][gc] GC(43) Pause Young (Allocation Failure) 566M->386M(702M) 36,413ms
[4,407s][info][gc] GC(44) Pause Young (Allocation Failure) 580M->400M(702M) 37,081ms
[4,520s][info][gc] GC(45) Pause Young (Allocation Failure) 594M->413M(702M) 36,135ms
[4,634s][info][gc] GC(46) Pause Young (Allocation Failure) 607M->427M(702M) 36,494ms
[4,748s][info][gc] GC(47) Pause Young (Allocation Failure) 621M->441M(702M) 36,228ms
[4,861s][info][gc] GC(48) Pause Young (Allocation Failure) 635M->455M(702M) 36,113ms
[4,975s][info][gc] GC(49) Pause Young (Allocation Failure) 648M->468M(702M) 36,219ms
[5,089s][info][gc] GC(50) Pause Young (Allocation Failure) 662M->482M(702M) 36,424ms
[5,203s][info][gc] GC(51) Pause Young (Allocation Failure) 676M->496M(702M) 36,339ms
[5,317s][info][gc] GC(52) Pause Young (Allocation Failure) 689M->509M(713M) 36,294ms
[5,879s][info][gc] GC(53) Pause Full (Allocation Failure) 509M->400M(967M) 562,810ms
[6,037s][info][gc] GC(54) Pause Young (Allocation Failure) 667M->419M(967M) 34,478ms
[6,197s][info][gc] GC(55) Pause Young (Allocation Failure) 686M->437M(967M) 48,874ms
[6,345s][info][gc] GC(56) Pause Young (Allocation Failure) 704M->456M(967M) 41,759ms
[6,493s][info][gc] GC(57) Pause Young (Allocation Failure) 723M->475M(967M) 41,742ms
[6,641s][info][gc] GC(58) Pause Young (Allocation Failure) 741M->493M(967M) 41,751ms
[6,790s][info][gc] GC(59) Pause Young (Allocation Failure) 760M->512M(967M) 42,375ms
[6,943s][info][gc] GC(60) Pause Young (Allocation Failure) 779M->530M(967M) 47,492ms
[7,100s][info][gc] GC(61) Pause Young (Allocation Failure) 797M->549M(967M) 49,416ms
[7,258s][info][gc] GC(62) Pause Young (Allocation Failure) 816M->567M(967M) 48,911ms
[7,413s][info][gc] GC(63) Pause Young (Allocation Failure) 834M->586M(967M) 48,502ms
[7,567s][info][gc] GC(64) Pause Young (Allocation Failure) 853M->604M(967M) 48,629ms
[7,725s][info][gc] GC(65) Pause Young (Allocation Failure) 871M->623M(967M) 49,295ms
[7,885s][info][gc] GC(66) Pause Young (Allocation Failure) 890M->642M(967M) 48,697ms
[8,040s][info][gc] GC(67) Pause Young (Allocation Failure) 908M->660M(967M) 48,649ms
[8,195s][info][gc] GC(68) Pause Young (Allocation Failure) 927M->679M(967M) 48,518ms
[8,349s][info][gc] GC(69) Pause Young (Allocation Failure) 946M->697M(978M) 48,368ms
[9,081s][info][gc] GC(70) Pause Full (Allocation Failure) 697M->498M(1203M) 731,566ms
[9,259s][info][gc] GC(71) Pause Young (Allocation Failure) 830M->521M(1203M) 41,153ms
[9,454s][info][gc] GC(72) Pause Young (Allocation Failure) 854M->544M(1203M) 59,473ms
[9,636s][info][gc] GC(73) Pause Young (Allocation Failure) 876M->567M(1203M) 50,595ms
[9,818s][info][gc] GC(74) Pause Young (Allocation Failure) 899M->590M(1203M) 50,177ms
[10,000s][info][gc] GC(75) Pause Young (Allocation Failure) 922M->613M(1203M) 50,348ms
[10,182s][info][gc] GC(76) Pause Young (Allocation Failure) 945M->636M(1203M) 50,653ms
[10,363s][info][gc] GC(77) Pause Young (Allocation Failure) 968M->658M(1203M) 50,447ms
[10,546s][info][gc] GC(78) Pause Young (Allocation Failure) 991M->681M(1203M) 50,278ms
[10,728s][info][gc] GC(79) Pause Young (Allocation Failure) 1013M->704M(1203M) 50,960ms
[10,918s][info][gc] GC(80) Pause Young (Allocation Failure) 1036M->727M(1203M) 58,119ms
[11,108s][info][gc] GC(81) Pause Young (Allocation Failure) 1059M->750M(1203M) 58,976ms
[11,306s][info][gc] GC(82) Pause Young (Allocation Failure) 1082M->772M(1203M) 63,287ms
[11,503s][info][gc] GC(83) Pause Young (Allocation Failure) 1105M->795M(1203M) 59,449ms
[11,694s][info][gc] GC(84) Pause Young (Allocation Failure) 1128M->818M(1203M) 59,092ms
[11,885s][info][gc] GC(85) Pause Young (Allocation Failure) 1150M->841M(1203M) 59,981ms
[12,076s][info][gc] GC(86) Pause Young (Allocation Failure) 1173M->864M(1214M) 59,529ms
[12,972s][info][gc] GC(87) Pause Full (Allocation Failure) 864M->525M(1270M) 895,496ms
[13,153s][info][gc] GC(88) Pause Young (Allocation Failure) 876M->550M(1270M) 41,949ms
[13,354s][info][gc] GC(89) Pause Young (Allocation Failure) 901M->574M(1270M) 59,503ms
[13,546s][info][gc] GC(90) Pause Young (Allocation Failure) 925M->598M(1270M) 53,219ms
[13,737s][info][gc] GC(91) Pause Young (Allocation Failure) 949M->622M(1270M) 52,736ms
[13,928s][info][gc] GC(92) Pause Young (Allocation Failure) 973M->646M(1270M) 52,592ms
[14,119s][info][gc] GC(93) Pause Young (Allocation Failure) 997M->670M(1270M) 52,444ms
[14,310s][info][gc] GC(94) Pause Young (Allocation Failure) 1021M->694M(1270M) 52,784ms
[14,502s][info][gc] GC(95) Pause Young (Allocation Failure) 1045M->718M(1270M) 52,752ms
[14,693s][info][gc] GC(96) Pause Young (Allocation Failure) 1069M->742M(1270M) 52,824ms
[14,884s][info][gc] GC(97) Pause Young (Allocation Failure) 1093M->767M(1270M) 52,646ms
[15,074s][info][gc] GC(98) Pause Young (Allocation Failure) 1117M->791M(1270M) 52,389ms
[15,274s][info][gc] GC(99) Pause Young (Allocation Failure) 1141M->815M(1270M) 53,956ms
[15,497s][info][gc] GC(100) Pause Young (Allocation Failure) 1165M->839M(1270M) 62,415ms
[15,703s][info][gc] GC(101) Pause Young (Allocation Failure) 1189M->863M(1270M) 51,916ms
[15,906s][info][gc] GC(102) Pause Young (Allocation Failure) 1213M->887M(1270M) 61,686ms
[16,109s][info][gc] GC(103) Pause Young (Allocation Failure) 1237M->911M(1280M) 62,637ms
[17,026s][info][gc] GC(104) Pause Full (Allocation Failure) 911M->603M(1457M) 917,028ms
[17,231s][info][gc] GC(105) Pause Young (Allocation Failure) 1005M->631M(1457M) 49,311ms
[17,458s][info][gc] GC(106) Pause Young (Allocation Failure) 1033M->659M(1457M) 64,798ms
[17,684s][info][gc] GC(107) Pause Young (Allocation Failure) 1061M->686M(1457M) 62,655ms
[17,905s][info][gc] GC(108) Pause Young (Allocation Failure) 1088M->713M(1457M) 61,319ms
[18,125s][info][gc] GC(109) Pause Young (Allocation Failure) 1115M->740M(1457M) 60,873ms
[18,344s][info][gc] GC(110) Pause Young (Allocation Failure) 1142M->768M(1457M) 60,616ms
[18,566s][info][gc] GC(111) Pause Young (Allocation Failure) 1170M->795M(1457M) 62,024ms
[18,789s][info][gc] GC(112) Pause Young (Allocation Failure) 1197M->822M(1457M) 60,350ms
[19,008s][info][gc] GC(113) Pause Young (Allocation Failure) 1224M->849M(1457M) 60,011ms
[19,229s][info][gc] GC(114) Pause Young (Allocation Failure) 1252M->877M(1457M) 60,510ms
[19,449s][info][gc] GC(115) Pause Young (Allocation Failure) 1279M->904M(1457M) 59,848ms
[19,678s][info][gc] GC(116) Pause Young (Allocation Failure) 1306M->931M(1457M) 66,920ms
[19,908s][info][gc] GC(117) Pause Young (Allocation Failure) 1333M->959M(1457M) 71,186ms
[20,137s][info][gc] GC(118) Pause Young (Allocation Failure) 1361M->986M(1457M) 71,440ms
[20,367s][info][gc] GC(119) Pause Young (Allocation Failure) 1388M->1013M(1457M) 71,845ms
[20,598s][info][gc] GC(120) Pause Young (Allocation Failure) 1415M->1040M(1464M) 71,925ms
[21,613s][info][gc] GC(121) Pause Full (Allocation Failure) 1040M->627M(1515M) 1015,232ms
[21,833s][info][gc] GC(122) Pause Young (Allocation Failure) 1045M->656M(1515M) 49,136ms
[22,074s][info][gc] GC(123) Pause Young (Allocation Failure) 1075M->685M(1515M) 69,372ms
[22,307s][info][gc] GC(124) Pause Young (Allocation Failure) 1103M->713M(1515M) 63,728ms
[22,534s][info][gc] GC(125) Pause Young (Allocation Failure) 1131M->741M(1515M) 62,490ms
[22,768s][info][gc] GC(126) Pause Young (Allocation Failure) 1160M->770M(1515M) 69,446ms
[23,006s][info][gc] GC(127) Pause Young (Allocation Failure) 1188M->798M(1515M) 69,910ms
[23,241s][info][gc] GC(128) Pause Young (Allocation Failure) 1216M->826M(1515M) 64,234ms
[23,470s][info][gc] GC(129) Pause Young (Allocation Failure) 1244M->855M(1515M) 63,443ms
[23,698s][info][gc] GC(130) Pause Young (Allocation Failure) 1273M->883M(1515M) 63,052ms
[23,926s][info][gc] GC(131) Pause Young (Allocation Failure) 1301M->911M(1515M) 62,876ms
[24,155s][info][gc] GC(132) Pause Young (Allocation Failure) 1329M->939M(1515M) 62,971ms
[24,383s][info][gc] GC(133) Pause Young (Allocation Failure) 1358M->968M(1515M) 62,541ms
[24,611s][info][gc] GC(134) Pause Young (Allocation Failure) 1386M->996M(1515M) 62,617ms
[24,838s][info][gc] GC(135) Pause Young (Allocation Failure) 1414M->1024M(1515M) 62,349ms
[25,069s][info][gc] GC(136) Pause Young (Allocation Failure) 1442M->1052M(1515M) 66,272ms
[25,307s][info][gc] GC(137) Pause Young (Allocation Failure) 1471M->1081M(1521M) 73,732ms
[26,338s][info][gc] GC(138) Pause Full (Allocation Failure) 1081M->637M(1540M) 1030,636ms
[26,547s][info][gc] GC(139) Pause Young (Allocation Failure) 1062M->667M(1540M) 44,177ms
[26,783s][info][gc] GC(140) Pause Young (Allocation Failure) 1092M->696M(1540M) 64,595ms
[27,013s][info][gc] GC(141) Pause Young (Allocation Failure) 1121M->724M(1540M) 63,412ms
[27,247s][info][gc] GC(142) Pause Young (Allocation Failure) 1149M->753M(1540M) 63,822ms
[27,478s][info][gc] GC(143) Pause Young (Allocation Failure) 1178M->782M(1540M) 63,248ms
[27,708s][info][gc] GC(144) Pause Young (Allocation Failure) 1207M->811M(1540M) 63,153ms
[27,939s][info][gc] GC(145) Pause Young (Allocation Failure) 1235M->839M(1540M) 63,083ms
[28,170s][info][gc] GC(146) Pause Young (Allocation Failure) 1264M->868M(1540M) 63,322ms
[28,407s][info][gc] GC(147) Pause Young (Allocation Failure) 1293M->897M(1540M) 68,392ms
[28,644s][info][gc] GC(148) Pause Young (Allocation Failure) 1322M->925M(1540M) 65,016ms
[28,876s][info][gc] GC(149) Pause Young (Allocation Failure) 1350M->954M(1540M) 63,852ms
[29,107s][info][gc] GC(150) Pause Young (Allocation Failure) 1379M->983M(1540M) 64,469ms
[29,345s][info][gc] GC(151) Pause Young (Allocation Failure) 1408M->1011M(1540M) 71,068ms
[29,578s][info][gc] GC(152) Pause Young (Allocation Failure) 1436M->1040M(1540M) 64,155ms
[29,809s][info][gc] GC(153) Pause Young (Allocation Failure) 1465M->1069M(1540M) 63,842ms
[30,046s][info][gc] GC(154) Pause Young (Allocation Failure) 1494M->1098M(1545M) 69,462ms
[31,091s][info][gc] GC(155) Pause Full (Allocation Failure) 1098M->588M(1540M) 1045,208ms
[31,298s][info][gc] GC(156) Pause Young (Allocation Failure) 1013M->618M(1540M) 40,947ms
[31,533s][info][gc] GC(157) Pause Young (Allocation Failure) 1043M->647M(1540M) 63,122ms
[31,763s][info][gc] GC(158) Pause Young (Allocation Failure) 1072M->675M(1540M) 63,019ms
[31,997s][info][gc] GC(159) Pause Young (Allocation Failure) 1100M->704M(1540M) 63,397ms
[32,227s][info][gc] GC(160) Pause Young (Allocation Failure) 1129M->733M(1540M) 63,112ms
[32,459s][info][gc] GC(161) Pause Young (Allocation Failure) 1158M->761M(1540M) 63,595ms
[32,689s][info][gc] GC(162) Pause Young (Allocation Failure) 1186M->790M(1540M) 63,126ms
[32,921s][info][gc] GC(163) Pause Young (Allocation Failure) 1215M->819M(1540M) 64,037ms
[33,156s][info][gc] GC(164) Pause Young (Allocation Failure) 1244M->848M(1540M) 64,284ms
[33,388s][info][gc] GC(165) Pause Young (Allocation Failure) 1273M->876M(1540M) 63,410ms
[33,619s][info][gc] GC(166) Pause Young (Allocation Failure) 1301M->905M(1540M) 63,462ms
[33,862s][info][gc] GC(167) Pause Young (Allocation Failure) 1330M->934M(1540M) 72,852ms
[34,108s][info][gc] GC(168) Pause Young (Allocation Failure) 1359M->962M(1540M) 73,923ms
[34,343s][info][gc] GC(169) Pause Young (Allocation Failure) 1387M->991M(1540M) 64,805ms
[34,579s][info][gc] GC(170) Pause Young (Allocation Failure) 1416M->1020M(1540M) 64,860ms
[34,811s][info][gc] GC(171) Pause Young (Allocation Failure) 1445M->1049M(1540M) 64,439ms
[35,044s][info][gc] GC(172) Pause Young (Allocation Failure) 1474M->1077M(1540M) 64,282ms
[35,280s][info][gc] GC(173) Pause Young (Allocation Failure) 1502M->1106M(1554M) 68,982ms
[36,340s][info][gc] GC(174) Pause Full (Allocation Failure) 1106M->643M(1555M) 1059,317ms
[36,550s][info][gc] GC(175) Pause Young (Allocation Failure) 1072M->674M(1555M) 43,621ms
[36,790s][info][gc] GC(176) Pause Young (Allocation Failure) 1103M->703M(1555M) 64,647ms
[37,025s][info][gc] GC(177) Pause Young (Allocation Failure) 1132M->732M(1555M) 65,570ms
[37,259s][info][gc] GC(178) Pause Young (Allocation Failure) 1161M->761M(1555M) 63,801ms
[37,493s][info][gc] GC(179) Pause Young (Allocation Failure) 1190M->790M(1555M) 64,156ms
[37,727s][info][gc] GC(180) Pause Young (Allocation Failure) 1219M->819M(1555M) 64,423ms
[37,960s][info][gc] GC(181) Pause Young (Allocation Failure) 1248M->848M(1555M) 64,092ms
[38,207s][info][gc] GC(182) Pause Young (Allocation Failure) 1277M->876M(1555M) 76,601ms
[38,448s][info][gc] GC(183) Pause Young (Allocation Failure) 1306M->905M(1555M) 65,254ms
[38,683s][info][gc] GC(184) Pause Young (Allocation Failure) 1335M->934M(1555M) 64,193ms
[38,918s][info][gc] GC(185) Pause Young (Allocation Failure) 1364M->963M(1555M) 64,856ms
[39,151s][info][gc] GC(186) Pause Young (Allocation Failure) 1393M->992M(1555M) 63,948ms
[39,390s][info][gc] GC(187) Pause Young (Allocation Failure) 1422M->1021M(1555M) 66,658ms
[39,623s][info][gc] GC(188) Pause Young (Allocation Failure) 1451M->1050M(1555M) 63,881ms
[39,858s][info][gc] GC(189) Pause Young (Allocation Failure) 1479M->1079M(1555M) 65,438ms
[40,094s][info][gc] GC(190) Pause Young (Allocation Failure) 1508M->1108M(1561M) 67,084ms
[41,149s][info][gc] GC(191) Pause Full (Allocation Failure) 1108M->644M(1557M) 1055,056ms
[41,359s][info][gc] GC(192) Pause Young (Allocation Failure) 1073M->674M(1557M) 42,195ms
[41,606s][info][gc] GC(193) Pause Young (Allocation Failure) 1104M->703M(1557M) 73,412ms
[41,841s][info][gc] GC(194) Pause Young (Allocation Failure) 1133M->732M(1557M) 64,391ms
[42,075s][info][gc] GC(195) Pause Young (Allocation Failure) 1162M->761M(1557M) 64,438ms
[42,309s][info][gc] GC(196) Pause Young (Allocation Failure) 1191M->790M(1557M) 64,854ms
[42,544s][info][gc] GC(197) Pause Young (Allocation Failure) 1220M->819M(1557M) 64,744ms
[42,779s][info][gc] GC(198) Pause Young (Allocation Failure) 1249M->848M(1557M) 65,816ms
[43,016s][info][gc] GC(199) Pause Young (Allocation Failure) 1278M->877M(1557M) 66,652ms
[43,251s][info][gc] GC(200) Pause Young (Allocation Failure) 1307M->906M(1557M) 64,088ms
[43,486s][info][gc] GC(201) Pause Young (Allocation Failure) 1336M->935M(1557M) 64,317ms
[43,720s][info][gc] GC(202) Pause Young (Allocation Failure) 1365M->964M(1557M) 63,860ms
[43,954s][info][gc] GC(203) Pause Young (Allocation Failure) 1394M->993M(1557M) 64,370ms
[44,188s][info][gc] GC(204) Pause Young (Allocation Failure) 1423M->1022M(1557M) 64,670ms
[44,423s][info][gc] GC(205) Pause Young (Allocation Failure) 1452M->1051M(1557M) 64,517ms
[44,658s][info][gc] GC(206) Pause Young (Allocation Failure) 1481M->1080M(1557M) 65,681ms
[44,901s][info][gc] GC(207) Pause Young (Allocation Failure) 1510M->1109M(1562M) 68,793ms
[45,978s][info][gc] GC(208) Pause Full (Allocation Failure) 1109M->644M(1558M) 1076,542ms
[46,187s][info][gc] GC(209) Pause Young (Allocation Failure) 1074M->675M(1558M) 41,548ms
[46,425s][info][gc] GC(210) Pause Young (Allocation Failure) 1105M->704M(1558M) 64,071ms
[46,659s][info][gc] GC(211) Pause Young (Allocation Failure) 1134M->733M(1558M) 64,937ms
[46,893s][info][gc] GC(212) Pause Young (Allocation Failure) 1163M->762M(1558M) 64,569ms
[47,127s][info][gc] GC(213) Pause Young (Allocation Failure) 1192M->791M(1558M) 65,250ms
[47,361s][info][gc] GC(214) Pause Young (Allocation Failure) 1221M->820M(1558M) 64,410ms
[47,595s][info][gc] GC(215) Pause Young (Allocation Failure) 1250M->849M(1558M) 64,587ms
[47,829s][info][gc] GC(216) Pause Young (Allocation Failure) 1279M->878M(1558M) 64,607ms
[48,062s][info][gc] GC(217) Pause Young (Allocation Failure) 1308M->907M(1558M) 64,469ms
[48,296s][info][gc] GC(218) Pause Young (Allocation Failure) 1337M->936M(1558M) 64,435ms
[48,530s][info][gc] GC(219) Pause Young (Allocation Failure) 1366M->965M(1558M) 64,605ms
[48,765s][info][gc] GC(220) Pause Young (Allocation Failure) 1395M->994M(1558M) 64,736ms
[48,999s][info][gc] GC(221) Pause Young (Allocation Failure) 1424M->1023M(1558M) 64,441ms
[49,232s][info][gc] GC(222) Pause Young (Allocation Failure) 1453M->1052M(1558M) 63,849ms
[49,475s][info][gc] GC(223) Pause Young (Allocation Failure) 1482M->1081M(1558M) 73,601ms
[49,723s][info][gc] GC(224) Pause Young (Allocation Failure) 1511M->1110M(1563M) 75,320ms
[50,772s][info][gc] GC(225) Pause Full (Allocation Failure) 1110M->590M(1558M) 1048,864ms
[50,980s][info][gc] GC(226) Pause Young (Allocation Failure) 1020M->621M(1558M) 41,199ms
