[0.006s][info][gc] Using Serial
[0,264s][info][gc] GC(0) Pause Young (Allocation Failure) 136M->14M(494M) 18,482ms
[0,361s][info][gc] GC(1) Pause Young (Allocation Failure) 150M->24M(494M) 27,909ms
[0,442s][info][gc] GC(2) Pause Young (Allocation Failure) 160M->33M(494M) 23,328ms
[0,521s][info][gc] GC(3) Pause Young (Allocation Failure) 170M->43M(494M) 23,835ms
[0,599s][info][gc] GC(4) Pause Young (Allocation Failure) 180M->53M(494M) 23,892ms
[0,678s][info][gc] GC(5) Pause Young (Allocation Failure) 189M->63M(494M) 24,054ms
[0,756s][info][gc] GC(6) Pause Young (Allocation Failure) 199M->72M(494M) 24,151ms
[0,835s][info][gc] GC(7) Pause Young (Allocation Failure) 209M->82M(494M) 24,112ms
[0,914s][info][gc] GC(8) Pause Young (Allocation Failure) 219M->92M(494M) 24,452ms
[0,992s][info][gc] GC(9) Pause Young (Allocation Failure) 228M->101M(494M) 24,508ms
[1,071s][info][gc] GC(10) Pause Young (Allocation Failure) 238M->111M(494M) 24,519ms
[1,150s][info][gc] GC(11) Pause Young (Allocation Failure) 248M->121M(494M) 24,598ms
[1,243s][info][gc] GC(12) Pause Young (Allocation Failure) 257M->131M(494M) 26,178ms
[1,328s][info][gc] GC(13) Pause Young (Allocation Failure) 267M->140M(494M) 25,797ms
[1,408s][info][gc] GC(14) Pause Young (Allocation Failure) 277M->150M(494M) 25,181ms
[1,487s][info][gc] GC(15) Pause Young (Allocation Failure) 287M->160M(494M) 25,001ms
[1,568s][info][gc] GC(16) Pause Young (Allocation Failure) 296M->170M(494M) 25,310ms
[1,647s][info][gc] GC(17) Pause Young (Allocation Failure) 306M->179M(494M) 25,144ms
[1,727s][info][gc] GC(18) Pause Young (Allocation Failure) 316M->189M(494M) 25,122ms
[1,806s][info][gc] GC(19) Pause Young (Allocation Failure) 326M->199M(494M) 25,305ms
[1,885s][info][gc] GC(20) Pause Young (Allocation Failure) 335M->209M(494M) 25,390ms
[1,968s][info][gc] GC(21) Pause Young (Allocation Failure) 345M->218M(494M) 26,060ms
[2,049s][info][gc] GC(22) Pause Young (Allocation Failure) 355M->228M(494M) 25,458ms
[2,128s][info][gc] GC(23) Pause Young (Allocation Failure) 365M->238M(494M) 25,520ms
[2,208s][info][gc] GC(24) Pause Young (Allocation Failure) 374M->248M(494M) 25,707ms
[2,287s][info][gc] GC(25) Pause Young (Allocation Failure) 384M->257M(494M) 25,507ms
[2,367s][info][gc] GC(26) Pause Young (Allocation Failure) 394M->267M(494M) 25,706ms
[2,446s][info][gc] GC(27) Pause Young (Allocation Failure) 403M->277M(494M) 25,718ms
[2,547s][info][gc] GC(28) Pause Young (Allocation Failure) 413M->286M(494M) 36,976ms
[2,650s][info][gc] GC(29) Pause Young (Allocation Failure) 423M->296M(494M) 29,431ms
[2,740s][info][gc] GC(30) Pause Young (Allocation Failure) 433M->306M(494M) 27,788ms
[2,823s][info][gc] GC(31) Pause Young (Allocation Failure) 442M->316M(494M) 24,571ms
[2,912s][info][gc] GC(32) Pause Young (Allocation Failure) 452M->325M(494M) 27,656ms
[2,997s][info][gc] GC(33) Pause Young (Allocation Failure) 462M->335M(494M) 26,146ms
[3,085s][info][gc] GC(34) Pause Young (Allocation Failure) 472M->345M(494M) 26,506ms
[3,172s][info][gc] GC(35) Pause Young (Allocation Failure) 481M->355M(498M) 26,898ms
[3,569s][info][gc] GC(36) Pause Full (Allocation Failure) 355M->290M(702M) 396,922ms
[3,691s][info][gc] GC(37) Pause Young (Allocation Failure) 484M->304M(702M) 25,692ms
[3,812s][info][gc] GC(38) Pause Young (Allocation Failure) 498M->318M(702M) 37,092ms
[5,837s][info][gc] GC(39) Pause Young (Allocation Failure) 512M->332M(702M) 32,719ms
[5,954s][info][gc] GC(40) Pause Young (Allocation Failure) 526M->345M(702M) 31,569ms
[6,067s][info][gc] GC(41) Pause Young (Allocation Failure) 539M->359M(702M) 32,238ms
[6,197s][info][gc] GC(42) Pause Young (Allocation Failure) 553M->373M(702M) 41,423ms
[6,335s][info][gc] GC(43) Pause Young (Allocation Failure) 567M->386M(702M) 41,534ms
[6,463s][info][gc] GC(44) Pause Young (Allocation Failure) 580M->400M(702M) 41,253ms
[6,582s][info][gc] GC(45) Pause Young (Allocation Failure) 594M->414M(702M) 35,980ms
[6,720s][info][gc] GC(46) Pause Young (Allocation Failure) 608M->427M(702M) 37,203ms
[6,843s][info][gc] GC(47) Pause Young (Allocation Failure) 621M->441M(702M) 36,358ms
[6,965s][info][gc] GC(48) Pause Young (Allocation Failure) 635M->455M(702M) 36,710ms
[7,088s][info][gc] GC(49) Pause Young (Allocation Failure) 649M->468M(702M) 38,251ms
[7,210s][info][gc] GC(50) Pause Young (Allocation Failure) 662M->482M(702M) 36,525ms
[7,334s][info][gc] GC(51) Pause Young (Allocation Failure) 676M->496M(702M) 37,063ms
[7,452s][info][gc] GC(52) Pause Young (Allocation Failure) 690M->509M(714M) 36,830ms
[8,019s][info][gc] GC(53) Pause Full (Allocation Failure) 509M->400M(967M) 566,519ms
[8,185s][info][gc] GC(54) Pause Young (Allocation Failure) 667M->419M(967M) 36,596ms
[8,361s][info][gc] GC(55) Pause Young (Allocation Failure) 686M->438M(967M) 51,252ms
[8,529s][info][gc] GC(56) Pause Young (Allocation Failure) 705M->456M(967M) 44,511ms
[8,684s][info][gc] GC(57) Pause Young (Allocation Failure) 723M->475M(967M) 42,235ms
[8,832s][info][gc] GC(58) Pause Young (Allocation Failure) 742M->493M(967M) 41,809ms
[8,979s][info][gc] GC(59) Pause Young (Allocation Failure) 760M->512M(967M) 41,624ms
[9,131s][info][gc] GC(60) Pause Young (Allocation Failure) 779M->530M(967M) 47,232ms
[9,285s][info][gc] GC(61) Pause Young (Allocation Failure) 797M->549M(967M) 48,993ms
[9,439s][info][gc] GC(62) Pause Young (Allocation Failure) 816M->568M(967M) 48,657ms
[9,595s][info][gc] GC(63) Pause Young (Allocation Failure) 835M->586M(967M) 49,061ms
[9,753s][info][gc] GC(64) Pause Young (Allocation Failure) 853M->605M(967M) 48,420ms
[9,906s][info][gc] GC(65) Pause Young (Allocation Failure) 872M->623M(967M) 48,550ms
[10,061s][info][gc] GC(66) Pause Young (Allocation Failure) 890M->642M(967M) 48,896ms
[10,217s][info][gc] GC(67) Pause Young (Allocation Failure) 909M->660M(967M) 48,539ms
[10,371s][info][gc] GC(68) Pause Young (Allocation Failure) 927M->679M(967M) 48,692ms
[10,524s][info][gc] GC(69) Pause Young (Allocation Failure) 946M->698M(979M) 48,370ms
[11,252s][info][gc] GC(70) Pause Full (Allocation Failure) 698M->498M(1205M) 727,925ms
[11,432s][info][gc] GC(71) Pause Young (Allocation Failure) 831M->522M(1205M) 41,297ms
[11,626s][info][gc] GC(72) Pause Young (Allocation Failure) 855M->545M(1205M) 59,573ms
[11,808s][info][gc] GC(73) Pause Young (Allocation Failure) 877M->568M(1205M) 50,643ms
[11,992s][info][gc] GC(74) Pause Young (Allocation Failure) 900M->591M(1205M) 50,597ms
[12,176s][info][gc] GC(75) Pause Young (Allocation Failure) 923M->613M(1205M) 50,284ms
[12,357s][info][gc] GC(76) Pause Young (Allocation Failure) 946M->636M(1205M) 50,594ms
[12,549s][info][gc] GC(77) Pause Young (Allocation Failure) 969M->659M(1205M) 52,190ms
[12,731s][info][gc] GC(78) Pause Young (Allocation Failure) 992M->682M(1205M) 50,662ms
[12,913s][info][gc] GC(79) Pause Young (Allocation Failure) 1015M->705M(1205M) 51,764ms
[13,102s][info][gc] GC(80) Pause Young (Allocation Failure) 1037M->728M(1205M) 58,865ms
[13,291s][info][gc] GC(81) Pause Young (Allocation Failure) 1060M->751M(1205M) 59,876ms
[13,483s][info][gc] GC(82) Pause Young (Allocation Failure) 1083M->773M(1205M) 60,129ms
[13,673s][info][gc] GC(83) Pause Young (Allocation Failure) 1106M->796M(1205M) 59,898ms
[13,863s][info][gc] GC(84) Pause Young (Allocation Failure) 1129M->819M(1205M) 59,750ms
[14,053s][info][gc] GC(85) Pause Young (Allocation Failure) 1152M->842M(1205M) 59,193ms
[14,242s][info][gc] GC(86) Pause Young (Allocation Failure) 1175M->865M(1215M) 59,195ms
[15,108s][info][gc] GC(87) Pause Full (Allocation Failure) 865M->525M(1271M) 866,283ms
[15,284s][info][gc] GC(88) Pause Young (Allocation Failure) 876M->551M(1271M) 41,216ms
[15,490s][info][gc] GC(89) Pause Young (Allocation Failure) 901M->575M(1271M) 65,510ms
[15,681s][info][gc] GC(90) Pause Young (Allocation Failure) 925M->599M(1271M) 52,844ms
[15,870s][info][gc] GC(91) Pause Young (Allocation Failure) 949M->623M(1271M) 52,280ms
[16,450s][info][gc] GC(92) Pause Young (Allocation Failure) 973M->647M(1271M) 203,157ms
[17,435s][info][gc] GC(93) Pause Young (Allocation Failure) 997M->671M(1271M) 207,171ms
[18,389s][info][gc] GC(94) Pause Young (Allocation Failure) 1021M->695M(1271M) 202,987ms
[19,343s][info][gc] GC(95) Pause Young (Allocation Failure) 1045M->719M(1271M) 202,786ms
[20,297s][info][gc] GC(96) Pause Young (Allocation Failure) 1069M->743M(1271M) 203,091ms
[21,250s][info][gc] GC(97) Pause Young (Allocation Failure) 1093M->767M(1271M) 202,852ms
[22,204s][info][gc] GC(98) Pause Young (Allocation Failure) 1117M->791M(1271M) 202,551ms
[23,159s][info][gc] GC(99) Pause Young (Allocation Failure) 1141M->815M(1271M) 204,633ms
[24,114s][info][gc] GC(100) Pause Young (Allocation Failure) 1165M->839M(1271M) 204,066ms
[25,067s][info][gc] GC(101) Pause Young (Allocation Failure) 1190M->863M(1271M) 203,433ms
[26,053s][info][gc] GC(102) Pause Young (Allocation Failure) 1214M->887M(1271M) 234,958ms
[27,042s][info][gc] GC(103) Pause Young (Allocation Failure) 1238M->911M(1280M) 238,656ms
[30,787s][info][gc] GC(104) Pause Full (Allocation Failure) 911M->603M(1457M) 3744,935ms
[31,823s][info][gc] GC(105) Pause Young (Allocation Failure) 1005M->631M(1457M) 174,304ms
[32,931s][info][gc] GC(106) Pause Young (Allocation Failure) 1033M->659M(1457M) 247,192ms
[34,025s][info][gc] GC(107) Pause Young (Allocation Failure) 1061M->686M(1457M) 229,432ms
[35,113s][info][gc] GC(108) Pause Young (Allocation Failure) 1088M->713M(1457M) 228,300ms
[36,202s][info][gc] GC(109) Pause Young (Allocation Failure) 1115M->740M(1457M) 228,788ms
[37,290s][info][gc] GC(110) Pause Young (Allocation Failure) 1143M->768M(1457M) 229,103ms
[38,383s][info][gc] GC(111) Pause Young (Allocation Failure) 1170M->795M(1457M) 231,613ms
[39,474s][info][gc] GC(112) Pause Young (Allocation Failure) 1197M->822M(1457M) 230,521ms
[40,564s][info][gc] GC(113) Pause Young (Allocation Failure) 1224M->850M(1457M) 229,749ms
[41,654s][info][gc] GC(114) Pause Young (Allocation Failure) 1252M->877M(1457M) 229,919ms
[42,744s][info][gc] GC(115) Pause Young (Allocation Failure) 1279M->904M(1457M) 229,515ms
[43,858s][info][gc] GC(116) Pause Young (Allocation Failure) 1306M->931M(1457M) 253,663ms
[44,989s][info][gc] GC(117) Pause Young (Allocation Failure) 1333M->959M(1457M) 270,262ms
[46,119s][info][gc] GC(118) Pause Young (Allocation Failure) 1361M->986M(1457M) 269,659ms
[47,253s][info][gc] GC(119) Pause Young (Allocation Failure) 1388M->1013M(1457M) 272,254ms
[48,385s][info][gc] GC(120) Pause Young (Allocation Failure) 1415M->1041M(1464M) 272,143ms
[52,385s][info][gc] GC(121) Pause Full (Allocation Failure) 1041M->627M(1515M) 4000,056ms
[53,446s][info][gc] GC(122) Pause Young (Allocation Failure) 1045M->656M(1515M) 165,935ms
[54,612s][info][gc] GC(123) Pause Young (Allocation Failure) 1075M->685M(1515M) 264,283ms
[55,748s][info][gc] GC(124) Pause Young (Allocation Failure) 1103M->713M(1515M) 240,805ms
[58,747s][info][gc] GC(125) Pause Young (Allocation Failure) 1131M->741M(1515M) 2075,736ms
[59,372s][info][gc] GC(126) Pause Young (Allocation Failure) 1159M->770M(1515M) 74,467ms
[59,639s][info][gc] GC(127) Pause Young (Allocation Failure) 1188M->798M(1515M) 70,906ms
[59,886s][info][gc] GC(128) Pause Young (Allocation Failure) 1216M->826M(1515M) 62,035ms
[60,132s][info][gc] GC(129) Pause Young (Allocation Failure) 1244M->854M(1515M) 62,059ms
[60,383s][info][gc] GC(130) Pause Young (Allocation Failure) 1272M->882M(1515M) 64,939ms
[60,615s][info][gc] GC(131) Pause Young (Allocation Failure) 1301M->911M(1515M) 62,878ms
[60,844s][info][gc] GC(132) Pause Young (Allocation Failure) 1329M->939M(1515M) 62,857ms
[61,073s][info][gc] GC(133) Pause Young (Allocation Failure) 1357M->967M(1515M) 62,438ms
[61,304s][info][gc] GC(134) Pause Young (Allocation Failure) 1385M->996M(1515M) 63,069ms
[61,588s][info][gc] GC(135) Pause Young (Allocation Failure) 1414M->1024M(1515M) 66,999ms
[61,828s][info][gc] GC(136) Pause Young (Allocation Failure) 1442M->1052M(1515M) 68,746ms
[62,073s][info][gc] GC(137) Pause Young (Allocation Failure) 1470M->1080M(1521M) 75,799ms
[63,120s][info][gc] GC(138) Pause Full (Allocation Failure) 1080M->637M(1540M) 1046,737ms
[63,326s][info][gc] GC(139) Pause Young (Allocation Failure) 1062M->667M(1540M) 44,003ms
[63,561s][info][gc] GC(140) Pause Young (Allocation Failure) 1092M->696M(1540M) 65,329ms
[63,792s][info][gc] GC(141) Pause Young (Allocation Failure) 1121M->724M(1540M) 63,834ms
[64,022s][info][gc] GC(142) Pause Young (Allocation Failure) 1149M->753M(1540M) 63,393ms
[64,251s][info][gc] GC(143) Pause Young (Allocation Failure) 1178M->782M(1540M) 63,402ms
[64,484s][info][gc] GC(144) Pause Young (Allocation Failure) 1207M->811M(1540M) 63,621ms
[64,714s][info][gc] GC(145) Pause Young (Allocation Failure) 1236M->839M(1540M) 63,527ms
[64,944s][info][gc] GC(146) Pause Young (Allocation Failure) 1264M->868M(1540M) 62,370ms
[65,179s][info][gc] GC(147) Pause Young (Allocation Failure) 1293M->897M(1540M) 63,884ms
[65,408s][info][gc] GC(148) Pause Young (Allocation Failure) 1322M->925M(1540M) 62,886ms
[65,636s][info][gc] GC(149) Pause Young (Allocation Failure) 1350M->954M(1540M) 62,700ms
[65,865s][info][gc] GC(150) Pause Young (Allocation Failure) 1379M->983M(1540M) 63,102ms
[66,095s][info][gc] GC(151) Pause Young (Allocation Failure) 1408M->1011M(1540M) 62,934ms
[66,323s][info][gc] GC(152) Pause Young (Allocation Failure) 1436M->1040M(1540M) 62,812ms
[66,551s][info][gc] GC(153) Pause Young (Allocation Failure) 1465M->1069M(1540M) 62,693ms
[66,785s][info][gc] GC(154) Pause Young (Allocation Failure) 1494M->1097M(1545M) 69,156ms
[67,814s][info][gc] GC(155) Pause Full (Allocation Failure) 1097M->588M(1540M) 1028,775ms
[68,017s][info][gc] GC(156) Pause Young (Allocation Failure) 1013M->618M(1540M) 40,207ms
[68,249s][info][gc] GC(157) Pause Young (Allocation Failure) 1043M->647M(1540M) 63,182ms
[68,477s][info][gc] GC(158) Pause Young (Allocation Failure) 1072M->675M(1540M) 62,598ms
[68,705s][info][gc] GC(159) Pause Young (Allocation Failure) 1100M->704M(1540M) 62,623ms
[68,993s][info][gc] GC(160) Pause Young (Allocation Failure) 1129M->733M(1540M) 122,737ms
[70,145s][info][gc] GC(161) Pause Young (Allocation Failure) 1158M->761M(1540M) 243,080ms
[71,295s][info][gc] GC(162) Pause Young (Allocation Failure) 1186M->790M(1540M) 241,049ms
[72,444s][info][gc] GC(163) Pause Young (Allocation Failure) 1215M->819M(1540M) 239,786ms
[73,593s][info][gc] GC(164) Pause Young (Allocation Failure) 1244M->847M(1540M) 239,552ms
[74,741s][info][gc] GC(165) Pause Young (Allocation Failure) 1272M->876M(1540M) 238,685ms
[75,891s][info][gc] GC(166) Pause Young (Allocation Failure) 1301M->905M(1540M) 239,488ms
[77,044s][info][gc] GC(167) Pause Young (Allocation Failure) 1330M->933M(1540M) 240,466ms
[78,193s][info][gc] GC(168) Pause Young (Allocation Failure) 1358M->962M(1540M) 239,554ms
[79,341s][info][gc] GC(169) Pause Young (Allocation Failure) 1387M->991M(1540M) 239,674ms
[80,490s][info][gc] GC(170) Pause Young (Allocation Failure) 1416M->1020M(1540M) 239,630ms
[81,638s][info][gc] GC(171) Pause Young (Allocation Failure) 1444M->1048M(1540M) 239,255ms
[82,787s][info][gc] GC(172) Pause Young (Allocation Failure) 1473M->1077M(1540M) 241,284ms
[83,959s][info][gc] GC(173) Pause Young (Allocation Failure) 1502M->1106M(1553M) 262,077ms
[88,147s][info][gc] GC(174) Pause Full (Allocation Failure) 1106M->643M(1555M) 4187,785ms
[89,208s][info][gc] GC(175) Pause Young (Allocation Failure) 1072M->674M(1555M) 143,388ms
[90,368s][info][gc] GC(176) Pause Young (Allocation Failure) 1103M->703M(1555M) 241,900ms
[91,527s][info][gc] GC(177) Pause Young (Allocation Failure) 1132M->732M(1555M) 241,746ms
[92,690s][info][gc] GC(178) Pause Young (Allocation Failure) 1161M->761M(1555M) 243,658ms
[93,850s][info][gc] GC(179) Pause Young (Allocation Failure) 1190M->790M(1555M) 242,137ms
[95,011s][info][gc] GC(180) Pause Young (Allocation Failure) 1219M->819M(1555M) 241,705ms
[96,171s][info][gc] GC(181) Pause Young (Allocation Failure) 1248M->848M(1555M) 241,927ms
[97,332s][info][gc] GC(182) Pause Young (Allocation Failure) 1277M->877M(1555M) 241,556ms
[98,494s][info][gc] GC(183) Pause Young (Allocation Failure) 1306M->905M(1555M) 241,886ms
[99,663s][info][gc] GC(184) Pause Young (Allocation Failure) 1335M->934M(1555M) 250,883ms
[100,823s][info][gc] GC(185) Pause Young (Allocation Failure) 1364M->963M(1555M) 241,797ms
[101,983s][info][gc] GC(186) Pause Young (Allocation Failure) 1393M->992M(1555M) 241,854ms
[103,147s][info][gc] GC(187) Pause Young (Allocation Failure) 1422M->1021M(1555M) 242,355ms
[104,307s][info][gc] GC(188) Pause Young (Allocation Failure) 1451M->1050M(1555M) 241,229ms
[105,467s][info][gc] GC(189) Pause Young (Allocation Failure) 1479M->1079M(1555M) 241,343ms
[106,636s][info][gc] GC(190) Pause Young (Allocation Failure) 1508M->1108M(1561M) 250,475ms
[110,773s][info][gc] GC(191) Pause Full (Allocation Failure) 1108M->644M(1557M) 4137,719ms
[111,830s][info][gc] GC(192) Pause Young (Allocation Failure) 1074M->674M(1557M) 136,685ms
[112,990s][info][gc] GC(193) Pause Young (Allocation Failure) 1104M->703M(1557M) 241,615ms
[114,154s][info][gc] GC(194) Pause Young (Allocation Failure) 1133M->732M(1557M) 242,613ms
[115,315s][info][gc] GC(195) Pause Young (Allocation Failure) 1162M->761M(1557M) 241,351ms
[116,475s][info][gc] GC(196) Pause Young (Allocation Failure) 1191M->790M(1557M) 242,526ms
[117,637s][info][gc] GC(197) Pause Young (Allocation Failure) 1220M->819M(1557M) 241,485ms
[118,798s][info][gc] GC(198) Pause Young (Allocation Failure) 1249M->848M(1557M) 241,890ms
[119,958s][info][gc] GC(199) Pause Young (Allocation Failure) 1278M->877M(1557M) 241,691ms
[121,121s][info][gc] GC(200) Pause Young (Allocation Failure) 1307M->906M(1557M) 242,645ms
[122,284s][info][gc] GC(201) Pause Young (Allocation Failure) 1336M->935M(1557M) 243,194ms
[123,448s][info][gc] GC(202) Pause Young (Allocation Failure) 1365M->964M(1557M) 242,856ms
[124,615s][info][gc] GC(203) Pause Young (Allocation Failure) 1394M->993M(1557M) 247,782ms
[125,778s][info][gc] GC(204) Pause Young (Allocation Failure) 1423M->1022M(1557M) 242,790ms
[126,942s][info][gc] GC(205) Pause Young (Allocation Failure) 1452M->1051M(1557M) 243,465ms
[129,659s][info][gc] GC(206) Pause Young (Allocation Failure) 1481M->1080M(1557M) 63,982ms
[129,914s][info][gc] GC(207) Pause Young (Allocation Failure) 1510M->1109M(1562M) 68,755ms
[130,991s][info][gc] GC(208) Pause Full (Allocation Failure) 1109M->644M(1558M) 1077,264ms
[131,227s][info][gc] GC(209) Pause Young (Allocation Failure) 1074M->675M(1558M) 48,723ms
[131,471s][info][gc] GC(210) Pause Young (Allocation Failure) 1105M->704M(1558M) 65,420ms
[131,707s][info][gc] GC(211) Pause Young (Allocation Failure) 1134M->733M(1558M) 64,096ms
[131,958s][info][gc] GC(212) Pause Young (Allocation Failure) 1163M->762M(1558M) 67,619ms
[132,207s][info][gc] GC(213) Pause Young (Allocation Failure) 1192M->791M(1558M) 67,780ms
[132,462s][info][gc] GC(214) Pause Young (Allocation Failure) 1221M->820M(1558M) 65,517ms
[132,698s][info][gc] GC(215) Pause Young (Allocation Failure) 1250M->849M(1558M) 64,503ms
[132,930s][info][gc] GC(216) Pause Young (Allocation Failure) 1279M->878M(1558M) 64,092ms
[133,161s][info][gc] GC(217) Pause Young (Allocation Failure) 1308M->907M(1558M) 63,820ms
[133,396s][info][gc] GC(218) Pause Young (Allocation Failure) 1337M->936M(1558M) 64,482ms
[133,640s][info][gc] GC(219) Pause Young (Allocation Failure) 1366M->965M(1558M) 65,888ms
[133,874s][info][gc] GC(220) Pause Young (Allocation Failure) 1395M->994M(1558M) 64,829ms
[134,109s][info][gc] GC(221) Pause Young (Allocation Failure) 1424M->1023M(1558M) 65,548ms
[134,341s][info][gc] GC(222) Pause Young (Allocation Failure) 1453M->1052M(1558M) 63,822ms
[134,572s][info][gc] GC(223) Pause Young (Allocation Failure) 1482M->1081M(1558M) 63,790ms
[134,806s][info][gc] GC(224) Pause Young (Allocation Failure) 1511M->1110M(1563M) 65,981ms
[135,852s][info][gc] GC(225) Pause Full (Allocation Failure) 1110M->590M(1558M) 1045,709ms
[136,058s][info][gc] GC(226) Pause Young (Allocation Failure) 1020M->621M(1558M) 40,631ms
