[0.006s][info][gc] Using Serial
[0,270s][info][gc] GC(0) Pause Young (Allocation Failure) 136M->14M(494M) 18,473ms
[0,370s][info][gc] GC(1) Pause Young (Allocation Failure) 150M->24M(494M) 28,281ms
[0,453s][info][gc] GC(2) Pause Young (Allocation Failure) 160M->33M(494M) 23,804ms
[0,537s][info][gc] GC(3) Pause Young (Allocation Failure) 170M->43M(494M) 27,027ms
[0,623s][info][gc] GC(4) Pause Young (Allocation Failure) 180M->53M(494M) 27,179ms
[0,706s][info][gc] GC(5) Pause Young (Allocation Failure) 189M->63M(494M) 24,472ms
[0,787s][info][gc] GC(6) Pause Young (Allocation Failure) 199M->72M(494M) 24,593ms
[0,867s][info][gc] GC(7) Pause Young (Allocation Failure) 209M->82M(494M) 24,724ms
[0,950s][info][gc] GC(8) Pause Young (Allocation Failure) 218M->92M(494M) 25,267ms
[1,030s][info][gc] GC(9) Pause Young (Allocation Failure) 228M->101M(494M) 24,746ms
[1,112s][info][gc] GC(10) Pause Young (Allocation Failure) 238M->111M(494M) 26,029ms
[1,195s][info][gc] GC(11) Pause Young (Allocation Failure) 248M->121M(494M) 26,080ms
[1,286s][info][gc] GC(12) Pause Young (Allocation Failure) 257M->131M(494M) 25,837ms
[1,372s][info][gc] GC(13) Pause Young (Allocation Failure) 267M->140M(494M) 25,913ms
[1,454s][info][gc] GC(14) Pause Young (Allocation Failure) 277M->150M(494M) 25,440ms
[1,534s][info][gc] GC(15) Pause Young (Allocation Failure) 287M->160M(494M) 25,245ms
[1,614s][info][gc] GC(16) Pause Young (Allocation Failure) 296M->169M(494M) 25,376ms
[1,695s][info][gc] GC(17) Pause Young (Allocation Failure) 306M->179M(494M) 25,530ms
[1,775s][info][gc] GC(18) Pause Young (Allocation Failure) 316M->189M(494M) 25,527ms
[1,856s][info][gc] GC(19) Pause Young (Allocation Failure) 325M->199M(494M) 25,528ms
[1,936s][info][gc] GC(20) Pause Young (Allocation Failure) 335M->208M(494M) 25,530ms
[2,016s][info][gc] GC(21) Pause Young (Allocation Failure) 345M->218M(494M) 25,705ms
[2,096s][info][gc] GC(22) Pause Young (Allocation Failure) 355M->228M(494M) 25,668ms
[2,176s][info][gc] GC(23) Pause Young (Allocation Failure) 364M->238M(494M) 25,720ms
[2,256s][info][gc] GC(24) Pause Young (Allocation Failure) 374M->247M(494M) 25,741ms
[2,337s][info][gc] GC(25) Pause Young (Allocation Failure) 384M->257M(494M) 25,963ms
[2,417s][info][gc] GC(26) Pause Young (Allocation Failure) 394M->267M(494M) 25,921ms
[2,499s][info][gc] GC(27) Pause Young (Allocation Failure) 403M->276M(494M) 26,303ms
[2,580s][info][gc] GC(28) Pause Young (Allocation Failure) 413M->286M(494M) 26,026ms
[2,661s][info][gc] GC(29) Pause Young (Allocation Failure) 423M->296M(494M) 26,284ms
[2,742s][info][gc] GC(30) Pause Young (Allocation Failure) 432M->306M(494M) 26,105ms
[2,823s][info][gc] GC(31) Pause Young (Allocation Failure) 442M->315M(494M) 26,471ms
[2,904s][info][gc] GC(32) Pause Young (Allocation Failure) 452M->325M(494M) 26,344ms
[2,986s][info][gc] GC(33) Pause Young (Allocation Failure) 462M->335M(494M) 26,365ms
[3,068s][info][gc] GC(34) Pause Young (Allocation Failure) 471M->345M(494M) 26,391ms
[3,149s][info][gc] GC(35) Pause Young (Allocation Failure) 481M->354M(498M) 26,506ms
[3,541s][info][gc] GC(36) Pause Full (Allocation Failure) 354M->290M(702M) 391,966ms
[3,651s][info][gc] GC(37) Pause Young (Allocation Failure) 484M->304M(702M) 24,975ms
[3,767s][info][gc] GC(38) Pause Young (Allocation Failure) 498M->318M(702M) 35,987ms
[3,876s][info][gc] GC(39) Pause Young (Allocation Failure) 511M->331M(702M) 31,618ms
[3,984s][info][gc] GC(40) Pause Young (Allocation Failure) 525M->345M(702M) 31,071ms
[4,092s][info][gc] GC(41) Pause Young (Allocation Failure) 539M->359M(702M) 31,009ms
[4,205s][info][gc] GC(42) Pause Young (Allocation Failure) 552M->372M(702M) 35,936ms
[4,318s][info][gc] GC(43) Pause Young (Allocation Failure) 566M->386M(702M) 36,327ms
[4,431s][info][gc] GC(44) Pause Young (Allocation Failure) 580M->400M(702M) 35,987ms
[4,545s][info][gc] GC(45) Pause Young (Allocation Failure) 593M->413M(702M) 36,436ms
[4,658s][info][gc] GC(46) Pause Young (Allocation Failure) 607M->427M(702M) 36,096ms
[4,771s][info][gc] GC(47) Pause Young (Allocation Failure) 621M->441M(702M) 36,174ms
[4,885s][info][gc] GC(48) Pause Young (Allocation Failure) 634M->454M(702M) 36,217ms
[4,999s][info][gc] GC(49) Pause Young (Allocation Failure) 648M->468M(702M) 36,673ms
[5,113s][info][gc] GC(50) Pause Young (Allocation Failure) 662M->482M(702M) 36,320ms
[5,227s][info][gc] GC(51) Pause Young (Allocation Failure) 675M->495M(702M) 36,497ms
[5,341s][info][gc] GC(52) Pause Young (Allocation Failure) 689M->509M(713M) 36,521ms
[5,905s][info][gc] GC(53) Pause Full (Allocation Failure) 509M->400M(967M) 564,388ms
[6,064s][info][gc] GC(54) Pause Young (Allocation Failure) 667M->419M(967M) 34,496ms
[6,230s][info][gc] GC(55) Pause Young (Allocation Failure) 686M->437M(967M) 54,160ms
[6,379s][info][gc] GC(56) Pause Young (Allocation Failure) 704M->456M(967M) 42,094ms
[6,528s][info][gc] GC(57) Pause Young (Allocation Failure) 723M->475M(967M) 41,891ms
[6,676s][info][gc] GC(58) Pause Young (Allocation Failure) 742M->493M(967M) 42,079ms
[6,824s][info][gc] GC(59) Pause Young (Allocation Failure) 760M->512M(967M) 41,693ms
[6,977s][info][gc] GC(60) Pause Young (Allocation Failure) 779M->530M(967M) 47,223ms
[7,132s][info][gc] GC(61) Pause Young (Allocation Failure) 797M->549M(967M) 48,687ms
[7,287s][info][gc] GC(62) Pause Young (Allocation Failure) 816M->567M(967M) 48,694ms
[7,441s][info][gc] GC(63) Pause Young (Allocation Failure) 834M->586M(967M) 48,419ms
[7,597s][info][gc] GC(64) Pause Young (Allocation Failure) 853M->605M(967M) 48,782ms
[7,756s][info][gc] GC(65) Pause Young (Allocation Failure) 872M->623M(967M) 53,545ms
[7,918s][info][gc] GC(66) Pause Young (Allocation Failure) 890M->642M(967M) 53,209ms
[8,074s][info][gc] GC(67) Pause Young (Allocation Failure) 909M->660M(967M) 48,567ms
[8,228s][info][gc] GC(68) Pause Young (Allocation Failure) 927M->679M(967M) 48,275ms
[8,333s][info][gc] GC(69) Pause Young (Allocation Failure) 946M->946M(967M) 0,031ms
[9,157s][info][gc] GC(70) Pause Full (Allocation Failure) 946M->498M(989M) 823,419ms
[9,302s][info][gc] GC(71) Pause Young (Allocation Failure) 771M->517M(989M) 29,335ms
[9,457s][info][gc] GC(72) Pause Young (Allocation Failure) 790M->536M(989M) 44,130ms
[9,607s][info][gc] GC(73) Pause Young (Allocation Failure) 809M->555M(989M) 41,739ms
[9,757s][info][gc] GC(74) Pause Young (Allocation Failure) 828M->574M(989M) 42,064ms
[9,907s][info][gc] GC(75) Pause Young (Allocation Failure) 847M->593M(989M) 41,673ms
[10,057s][info][gc] GC(76) Pause Young (Allocation Failure) 866M->612M(989M) 41,450ms
[10,207s][info][gc] GC(77) Pause Young (Allocation Failure) 885M->631M(989M) 41,788ms
[10,357s][info][gc] GC(78) Pause Young (Allocation Failure) 904M->650M(989M) 41,347ms
[10,506s][info][gc] GC(79) Pause Young (Allocation Failure) 923M->669M(989M) 41,260ms
[10,659s][info][gc] GC(80) Pause Young (Allocation Failure) 942M->688M(989M) 44,385ms
[10,768s][info][gc] GC(81) Pause Young (Allocation Failure) 961M->961M(989M) 0,031ms
[11,608s][info][gc] GC(82) Pause Full (Allocation Failure) 961M->504M(989M) 839,416ms
[11,743s][info][gc] GC(83) Pause Young (Allocation Failure) 777M->523M(989M) 26,231ms
[11,896s][info][gc] GC(84) Pause Young (Allocation Failure) 796M->542M(989M) 41,254ms
[12,049s][info][gc] GC(85) Pause Young (Allocation Failure) 815M->561M(989M) 43,550ms
[12,207s][info][gc] GC(86) Pause Young (Allocation Failure) 834M->580M(989M) 42,433ms
[12,357s][info][gc] GC(87) Pause Young (Allocation Failure) 853M->599M(989M) 41,353ms
[12,507s][info][gc] GC(88) Pause Young (Allocation Failure) 872M->618M(989M) 41,276ms
[12,657s][info][gc] GC(89) Pause Young (Allocation Failure) 891M->637M(989M) 41,462ms
[12,808s][info][gc] GC(90) Pause Young (Allocation Failure) 910M->656M(989M) 41,357ms
[12,959s][info][gc] GC(91) Pause Young (Allocation Failure) 929M->675M(989M) 41,761ms
[13,114s][info][gc] GC(92) Pause Young (Allocation Failure) 948M->694M(989M) 43,929ms
[13,223s][info][gc] GC(93) Pause Young (Allocation Failure) 967M->967M(989M) 0,030ms
[14,091s][info][gc] GC(94) Pause Full (Allocation Failure) 967M->565M(989M) 867,702ms
[14,226s][info][gc] GC(95) Pause Young (Allocation Failure) 838M->585M(989M) 26,219ms
[14,379s][info][gc] GC(96) Pause Young (Allocation Failure) 858M->604M(989M) 41,219ms
[14,529s][info][gc] GC(97) Pause Young (Allocation Failure) 877M->623M(989M) 41,235ms
[14,679s][info][gc] GC(98) Pause Young (Allocation Failure) 896M->642M(989M) 41,510ms
[14,829s][info][gc] GC(99) Pause Young (Allocation Failure) 915M->661M(989M) 41,303ms
[14,978s][info][gc] GC(100) Pause Young (Allocation Failure) 934M->680M(989M) 40,966ms
[15,087s][info][gc] GC(101) Pause Young (Allocation Failure) 953M->953M(989M) 0,030ms
[15,950s][info][gc] GC(102) Pause Full (Allocation Failure) 953M->578M(989M) 862,668ms
[16,085s][info][gc] GC(103) Pause Young (Allocation Failure) 851M->597M(989M) 25,954ms
[16,238s][info][gc] GC(104) Pause Young (Allocation Failure) 870M->616M(989M) 41,093ms
[16,387s][info][gc] GC(105) Pause Young (Allocation Failure) 889M->635M(989M) 41,354ms
[16,537s][info][gc] GC(106) Pause Young (Allocation Failure) 908M->654M(989M) 41,101ms
[16,686s][info][gc] GC(107) Pause Young (Allocation Failure) 927M->673M(989M) 40,991ms
[16,836s][info][gc] GC(108) Pause Young (Allocation Failure) 946M->692M(989M) 41,102ms
[16,944s][info][gc] GC(109) Pause Young (Allocation Failure) 965M->965M(989M) 0,014ms
[17,823s][info][gc] GC(110) Pause Full (Allocation Failure) 965M->588M(989M) 879,066ms
[17,958s][info][gc] GC(111) Pause Young (Allocation Failure) 861M->607M(989M) 25,886ms
[18,111s][info][gc] GC(112) Pause Young (Allocation Failure) 880M->626M(989M) 40,951ms
[18,260s][info][gc] GC(113) Pause Young (Allocation Failure) 899M->645M(989M) 40,941ms
[18,410s][info][gc] GC(114) Pause Young (Allocation Failure) 918M->664M(989M) 40,984ms
[18,559s][info][gc] GC(115) Pause Young (Allocation Failure) 937M->683M(989M) 40,865ms
[18,667s][info][gc] GC(116) Pause Young (Allocation Failure) 956M->956M(989M) 0,035ms
[19,550s][info][gc] GC(117) Pause Full (Allocation Failure) 956M->560M(989M) 882,552ms
[19,683s][info][gc] GC(118) Pause Young (Allocation Failure) 833M->580M(989M) 25,858ms
[19,843s][info][gc] GC(119) Pause Young (Allocation Failure) 853M->599M(989M) 42,963ms
[19,995s][info][gc] GC(120) Pause Young (Allocation Failure) 872M->618M(989M) 41,227ms
[20,145s][info][gc] GC(121) Pause Young (Allocation Failure) 891M->637M(989M) 41,409ms
[20,296s][info][gc] GC(122) Pause Young (Allocation Failure) 910M->656M(989M) 41,463ms
[20,447s][info][gc] GC(123) Pause Young (Allocation Failure) 929M->675M(989M) 41,348ms
[20,555s][info][gc] GC(124) Pause Young (Allocation Failure) 948M->948M(989M) 0,015ms
[21,418s][info][gc] GC(125) Pause Full (Allocation Failure) 948M->601M(989M) 863,335ms
[21,552s][info][gc] GC(126) Pause Young (Allocation Failure) 874M->621M(989M) 25,553ms
[21,705s][info][gc] GC(127) Pause Young (Allocation Failure) 894M->639M(989M) 40,726ms
[21,854s][info][gc] GC(128) Pause Young (Allocation Failure) 913M->658M(989M) 40,886ms
[22,003s][info][gc] GC(129) Pause Young (Allocation Failure) 932M->677M(989M) 40,625ms
[22,112s][info][gc] GC(130) Pause Young (Allocation Failure) 950M->950M(989M) 0,029ms
[22,989s][info][gc] GC(131) Pause Full (Allocation Failure) 950M->605M(989M) 876,879ms
[23,125s][info][gc] GC(132) Pause Young (Allocation Failure) 878M->624M(989M) 25,756ms
[23,277s][info][gc] GC(133) Pause Young (Allocation Failure) 897M->643M(989M) 40,917ms
[23,426s][info][gc] GC(134) Pause Young (Allocation Failure) 916M->662M(989M) 40,798ms
[23,578s][info][gc] GC(135) Pause Young (Allocation Failure) 935M->681M(989M) 41,698ms
[23,691s][info][gc] GC(136) Pause Young (Allocation Failure) 954M->954M(989M) 0,018ms
[24,577s][info][gc] GC(137) Pause Full (Allocation Failure) 954M->608M(989M) 885,718ms
[24,711s][info][gc] GC(138) Pause Young (Allocation Failure) 881M->627M(989M) 25,943ms
[24,864s][info][gc] GC(139) Pause Young (Allocation Failure) 900M->646M(989M) 40,902ms
[25,013s][info][gc] GC(140) Pause Young (Allocation Failure) 919M->665M(989M) 40,586ms
[25,162s][info][gc] GC(141) Pause Young (Allocation Failure) 938M->684M(989M) 40,765ms
[25,270s][info][gc] GC(142) Pause Young (Allocation Failure) 957M->957M(989M) 0,029ms
[26,182s][info][gc] GC(143) Pause Full (Allocation Failure) 957M->576M(989M) 911,824ms
[26,318s][info][gc] GC(144) Pause Young (Allocation Failure) 849M->596M(989M) 26,197ms
[26,473s][info][gc] GC(145) Pause Young (Allocation Failure) 869M->615M(989M) 41,329ms
[26,623s][info][gc] GC(146) Pause Young (Allocation Failure) 888M->634M(989M) 40,996ms
[26,772s][info][gc] GC(147) Pause Young (Allocation Failure) 907M->653M(989M) 40,655ms
[26,921s][info][gc] GC(148) Pause Young (Allocation Failure) 926M->672M(989M) 40,918ms
[27,029s][info][gc] GC(149) Pause Young (Allocation Failure) 945M->945M(989M) 0,028ms
[27,914s][info][gc] GC(150) Pause Full (Allocation Failure) 945M->613M(989M) 884,726ms
[28,048s][info][gc] GC(151) Pause Young (Allocation Failure) 886M->633M(989M) 25,688ms
[28,201s][info][gc] GC(152) Pause Young (Allocation Failure) 906M->652M(989M) 40,915ms
[28,358s][info][gc] GC(153) Pause Young (Allocation Failure) 925M->671M(989M) 45,622ms
[28,514s][info][gc] GC(154) Pause Young (Allocation Failure) 944M->689M(989M) 41,659ms
[28,623s][info][gc] GC(155) Pause Young (Allocation Failure) 963M->963M(989M) 0,029ms
[29,523s][info][gc] GC(156) Pause Full (Allocation Failure) 963M->615M(989M) 899,734ms
[29,657s][info][gc] GC(157) Pause Young (Allocation Failure) 888M->634M(989M) 25,774ms
[29,809s][info][gc] GC(158) Pause Young (Allocation Failure) 907M->653M(989M) 40,778ms
[29,958s][info][gc] GC(159) Pause Young (Allocation Failure) 926M->672M(989M) 40,851ms
[30,066s][info][gc] GC(160) Pause Young (Allocation Failure) 945M->945M(989M) 0,029ms
[30,969s][info][gc] GC(161) Pause Full (Allocation Failure) 945M->616M(989M) 902,509ms
[31,103s][info][gc] GC(162) Pause Young (Allocation Failure) 889M->636M(989M) 25,823ms
[31,256s][info][gc] GC(163) Pause Young (Allocation Failure) 909M->655M(989M) 41,156ms
[31,405s][info][gc] GC(164) Pause Young (Allocation Failure) 928M->674M(989M) 40,937ms
[31,514s][info][gc] GC(165) Pause Young (Allocation Failure) 947M->947M(989M) 0,029ms
[32,416s][info][gc] GC(166) Pause Full (Allocation Failure) 947M->583M(989M) 902,460ms
[32,550s][info][gc] GC(167) Pause Young (Allocation Failure) 856M->603M(989M) 25,678ms
[32,702s][info][gc] GC(168) Pause Young (Allocation Failure) 876M->622M(989M) 40,760ms
[32,851s][info][gc] GC(169) Pause Young (Allocation Failure) 895M->641M(989M) 40,626ms
[33,002s][info][gc] GC(170) Pause Young (Allocation Failure) 914M->659M(989M) 41,064ms
[33,152s][info][gc] GC(171) Pause Young (Allocation Failure) 933M->678M(989M) 40,848ms
[33,261s][info][gc] GC(172) Pause Young (Allocation Failure) 952M->952M(989M) 0,030ms
[34,142s][info][gc] GC(173) Pause Full (Allocation Failure) 952M->618M(989M) 880,366ms
[34,283s][info][gc] GC(174) Pause Young (Allocation Failure) 892M->638M(989M) 25,472ms
[34,434s][info][gc] GC(175) Pause Young (Allocation Failure) 911M->657M(989M) 40,622ms
[34,585s][info][gc] GC(176) Pause Young (Allocation Failure) 930M->676M(989M) 41,181ms
[34,695s][info][gc] GC(177) Pause Young (Allocation Failure) 949M->949M(989M) 0,030ms
[35,585s][info][gc] GC(178) Pause Full (Allocation Failure) 949M->619M(989M) 889,594ms
[35,719s][info][gc] GC(179) Pause Young (Allocation Failure) 892M->639M(989M) 25,851ms
[35,872s][info][gc] GC(180) Pause Young (Allocation Failure) 912M->658M(989M) 40,823ms
[36,021s][info][gc] GC(181) Pause Young (Allocation Failure) 931M->677M(989M) 40,741ms
[36,129s][info][gc] GC(182) Pause Young (Allocation Failure) 950M->950M(989M) 0,031ms
[37,025s][info][gc] GC(183) Pause Full (Allocation Failure) 950M->620M(989M) 895,442ms
[37,159s][info][gc] GC(184) Pause Young (Allocation Failure) 893M->640M(989M) 25,521ms
[37,311s][info][gc] GC(185) Pause Young (Allocation Failure) 913M->659M(989M) 40,720ms
[37,459s][info][gc] GC(186) Pause Young (Allocation Failure) 932M->678M(989M) 40,622ms
[37,567s][info][gc] GC(187) Pause Young (Allocation Failure) 951M->951M(989M) 0,035ms
[38,486s][info][gc] GC(188) Pause Full (Allocation Failure) 951M->586M(989M) 918,531ms
[38,623s][info][gc] GC(189) Pause Young (Allocation Failure) 859M->606M(989M) 27,141ms
[38,781s][info][gc] GC(190) Pause Young (Allocation Failure) 879M->625M(989M) 42,551ms
[38,934s][info][gc] GC(191) Pause Young (Allocation Failure) 898M->644M(989M) 41,520ms
[39,083s][info][gc] GC(192) Pause Young (Allocation Failure) 917M->663M(989M) 40,992ms
[39,232s][info][gc] GC(193) Pause Young (Allocation Failure) 936M->682M(989M) 40,877ms
[39,341s][info][gc] GC(194) Pause Young (Allocation Failure) 955M->955M(989M) 0,029ms
[40,243s][info][gc] GC(195) Pause Full (Allocation Failure) 955M->621M(989M) 902,137ms
[40,377s][info][gc] GC(196) Pause Young (Allocation Failure) 894M->641M(989M) 25,478ms
[40,529s][info][gc] GC(197) Pause Young (Allocation Failure) 914M->660M(989M) 40,781ms
[40,679s][info][gc] GC(198) Pause Young (Allocation Failure) 933M->679M(989M) 40,518ms
[40,787s][info][gc] GC(199) Pause Young (Allocation Failure) 952M->952M(989M) 0,031ms
[41,679s][info][gc] GC(200) Pause Full (Allocation Failure) 952M->622M(989M) 891,806ms
[41,813s][info][gc] GC(201) Pause Young (Allocation Failure) 895M->641M(989M) 25,495ms
[41,964s][info][gc] GC(202) Pause Young (Allocation Failure) 914M->660M(989M) 40,655ms
[42,113s][info][gc] GC(203) Pause Young (Allocation Failure) 933M->679M(989M) 40,795ms
[42,222s][info][gc] GC(204) Pause Young (Allocation Failure) 952M->952M(989M) 0,030ms
[43,121s][info][gc] GC(205) Pause Full (Allocation Failure) 952M->622M(989M) 899,340ms
[43,255s][info][gc] GC(206) Pause Young (Allocation Failure) 895M->642M(989M) 25,589ms
[43,413s][info][gc] GC(207) Pause Young (Allocation Failure) 915M->661M(989M) 46,104ms
[43,569s][info][gc] GC(208) Pause Young (Allocation Failure) 934M->680M(989M) 45,527ms
[43,680s][info][gc] GC(209) Pause Young (Allocation Failure) 953M->953M(989M) 0,030ms
[44,597s][info][gc] GC(210) Pause Full (Allocation Failure) 953M->588M(989M) 917,545ms
[44,732s][info][gc] GC(211) Pause Young (Allocation Failure) 861M->608M(989M) 25,588ms
[44,884s][info][gc] GC(212) Pause Young (Allocation Failure) 881M->627M(989M) 40,611ms
[45,033s][info][gc] GC(213) Pause Young (Allocation Failure) 900M->646M(989M) 40,701ms
[45,183s][info][gc] GC(214) Pause Young (Allocation Failure) 919M->665M(989M) 40,689ms
[45,331s][info][gc] GC(215) Pause Young (Allocation Failure) 938M->684M(989M) 40,570ms
[45,440s][info][gc] GC(216) Pause Young (Allocation Failure) 957M->957M(989M) 0,015ms
[46,323s][info][gc] GC(217) Pause Full (Allocation Failure) 957M->623M(989M) 883,836ms
[46,459s][info][gc] GC(218) Pause Young (Allocation Failure) 896M->642M(989M) 25,862ms
[46,611s][info][gc] GC(219) Pause Young (Allocation Failure) 915M->661M(989M) 40,933ms
[46,761s][info][gc] GC(220) Pause Young (Allocation Failure) 934M->680M(989M) 40,980ms
[46,869s][info][gc] GC(221) Pause Young (Allocation Failure) 953M->953M(989M) 0,029ms
[47,761s][info][gc] GC(222) Pause Full (Allocation Failure) 953M->623M(989M) 891,828ms
[47,895s][info][gc] GC(223) Pause Young (Allocation Failure) 896M->643M(989M) 25,533ms
[48,048s][info][gc] GC(224) Pause Young (Allocation Failure) 916M->662M(989M) 41,236ms
[48,206s][info][gc] GC(225) Pause Young (Allocation Failure) 935M->681M(989M) 42,091ms
[48,316s][info][gc] GC(226) Pause Young (Allocation Failure) 954M->954M(989M) 0,017ms
[49,237s][info][gc] GC(227) Pause Full (Allocation Failure) 954M->623M(989M) 921,543ms
[49,372s][info][gc] GC(228) Pause Young (Allocation Failure) 896M->643M(989M) 26,038ms
[49,525s][info][gc] GC(229) Pause Young (Allocation Failure) 916M->662M(989M) 41,168ms
[49,676s][info][gc] GC(230) Pause Young (Allocation Failure) 935M->681M(989M) 41,762ms
[49,785s][info][gc] GC(231) Pause Young (Allocation Failure) 954M->954M(989M) 0,029ms
[50,697s][info][gc] GC(232) Pause Full (Allocation Failure) 954M->589M(989M) 911,841ms
[50,832s][info][gc] GC(233) Pause Young (Allocation Failure) 862M->609M(989M) 26,017ms
[50,984s][info][gc] GC(234) Pause Young (Allocation Failure) 882M->628M(989M) 40,999ms
[51,134s][info][gc] GC(235) Pause Young (Allocation Failure) 901M->647M(989M) 40,651ms
[51,283s][info][gc] GC(236) Pause Young (Allocation Failure) 920M->666M(989M) 40,523ms
[51,432s][info][gc] GC(237) Pause Young (Allocation Failure) 939M->685M(989M) 40,564ms
[51,540s][info][gc] GC(238) Pause Young (Allocation Failure) 958M->958M(989M) 0,035ms
[52,428s][info][gc] GC(239) Pause Full (Allocation Failure) 958M->624M(989M) 887,334ms
[52,562s][info][gc] GC(240) Pause Young (Allocation Failure) 897M->643M(989M) 25,575ms
[52,714s][info][gc] GC(241) Pause Young (Allocation Failure) 916M->662M(989M) 40,840ms
[52,863s][info][gc] GC(242) Pause Young (Allocation Failure) 935M->681M(989M) 40,705ms
[52,973s][info][gc] GC(243) Pause Young (Allocation Failure) 954M->954M(989M) 0,018ms
[53,866s][info][gc] GC(244) Pause Full (Allocation Failure) 954M->624M(989M) 893,259ms
[54,000s][info][gc] GC(245) Pause Young (Allocation Failure) 897M->643M(989M) 25,715ms
[54,157s][info][gc] GC(246) Pause Young (Allocation Failure) 916M->662M(989M) 41,417ms
[54,307s][info][gc] GC(247) Pause Young (Allocation Failure) 935M->681M(989M) 40,502ms
[54,415s][info][gc] GC(248) Pause Young (Allocation Failure) 954M->954M(989M) 0,035ms
[55,313s][info][gc] GC(249) Pause Full (Allocation Failure) 954M->624M(989M) 897,251ms
[55,471s][info][gc] GC(250) Pause Young (Allocation Failure) 897M->643M(989M) 28,211ms
[55,625s][info][gc] GC(251) Pause Young (Allocation Failure) 917M->662M(989M) 40,641ms
[55,774s][info][gc] GC(252) Pause Young (Allocation Failure) 935M->681M(989M) 40,591ms
[55,882s][info][gc] GC(253) Pause Young (Allocation Failure) 954M->954M(989M) 0,029ms
[56,791s][info][gc] GC(254) Pause Full (Allocation Failure) 954M->590M(989M) 909,375ms
[56,925s][info][gc] GC(255) Pause Young (Allocation Failure) 863M->609M(989M) 25,456ms
[57,077s][info][gc] GC(256) Pause Young (Allocation Failure) 882M->628M(989M) 40,773ms
[57,226s][info][gc] GC(257) Pause Young (Allocation Failure) 901M->647M(989M) 40,532ms
[57,375s][info][gc] GC(258) Pause Young (Allocation Failure) 920M->666M(989M) 40,620ms
[57,484s][info][gc] GC(259) Pause Young (Allocation Failure) 939M->939M(989M) 0,016ms
[58,361s][info][gc] GC(260) Pause Full (Allocation Failure) 939M->624M(989M) 877,075ms
[58,507s][info][gc] GC(261) Pause Young (Allocation Failure) 897M->644M(989M) 30,691ms
[58,668s][info][gc] GC(262) Pause Young (Allocation Failure) 917M->663M(989M) 42,004ms
[58,818s][info][gc] GC(263) Pause Young (Allocation Failure) 936M->682M(989M) 40,815ms
[58,926s][info][gc] GC(264) Pause Young (Allocation Failure) 955M->955M(989M) 0,029ms
[59,828s][info][gc] GC(265) Pause Full (Allocation Failure) 955M->624M(989M) 901,490ms
[59,962s][info][gc] GC(266) Pause Young (Allocation Failure) 897M->644M(989M) 25,433ms
[60,114s][info][gc] GC(267) Pause Young (Allocation Failure) 917M->663M(989M) 40,528ms
[60,263s][info][gc] GC(268) Pause Young (Allocation Failure) 936M->682M(989M) 40,465ms
[60,371s][info][gc] GC(269) Pause Young (Allocation Failure) 955M->955M(989M) 0,015ms
[61,273s][info][gc] GC(270) Pause Full (Allocation Failure) 955M->624M(989M) 902,644ms
[61,407s][info][gc] GC(271) Pause Young (Allocation Failure) 897M->644M(989M) 25,591ms
[61,559s][info][gc] GC(272) Pause Young (Allocation Failure) 917M->663M(989M) 40,734ms
[61,709s][info][gc] GC(273) Pause Young (Allocation Failure) 936M->682M(989M) 40,745ms
[61,817s][info][gc] GC(274) Pause Young (Allocation Failure) 955M->955M(989M) 0,029ms
[62,735s][info][gc] GC(275) Pause Full (Allocation Failure) 955M->590M(989M) 918,300ms
[62,870s][info][gc] GC(276) Pause Young (Allocation Failure) 863M->610M(989M) 25,881ms
[63,024s][info][gc] GC(277) Pause Young (Allocation Failure) 883M->629M(989M) 41,432ms
[63,175s][info][gc] GC(278) Pause Young (Allocation Failure) 902M->648M(989M) 40,932ms
[63,324s][info][gc] GC(279) Pause Young (Allocation Failure) 921M->667M(989M) 40,966ms
[63,433s][info][gc] GC(280) Pause Young (Allocation Failure) 940M->940M(989M) 0,029ms
[64,306s][info][gc] GC(281) Pause Full (Allocation Failure) 940M->624M(989M) 873,313ms
[64,441s][info][gc] GC(282) Pause Young (Allocation Failure) 897M->644M(989M) 25,881ms
[64,594s][info][gc] GC(283) Pause Young (Allocation Failure) 917M->663M(989M) 41,033ms
[64,743s][info][gc] GC(284) Pause Young (Allocation Failure) 936M->682M(989M) 40,792ms
[64,851s][info][gc] GC(285) Pause Young (Allocation Failure) 955M->955M(989M) 0,029ms
[65,750s][info][gc] GC(286) Pause Full (Allocation Failure) 955M->624M(989M) 898,143ms
[65,884s][info][gc] GC(287) Pause Young (Allocation Failure) 897M->644M(989M) 26,048ms
[66,037s][info][gc] GC(288) Pause Young (Allocation Failure) 917M->663M(989M) 40,822ms
[66,187s][info][gc] GC(289) Pause Young (Allocation Failure) 936M->682M(989M) 40,989ms
[66,295s][info][gc] GC(290) Pause Young (Allocation Failure) 955M->955M(989M) 0,031ms
[67,194s][info][gc] GC(291) Pause Full (Allocation Failure) 955M->624M(989M) 898,200ms
[67,328s][info][gc] GC(292) Pause Young (Allocation Failure) 897M->644M(989M) 25,671ms
[67,481s][info][gc] GC(293) Pause Young (Allocation Failure) 917M->663M(989M) 40,941ms
[67,630s][info][gc] GC(294) Pause Young (Allocation Failure) 936M->682M(989M) 40,595ms
[67,738s][info][gc] GC(295) Pause Young (Allocation Failure) 955M->955M(989M) 0,029ms
[68,659s][info][gc] GC(296) Pause Full (Allocation Failure) 955M->590M(989M) 920,982ms
[68,799s][info][gc] GC(297) Pause Young (Allocation Failure) 863M->610M(989M) 30,694ms
[68,957s][info][gc] GC(298) Pause Young (Allocation Failure) 883M->629M(989M) 41,541ms
[69,106s][info][gc] GC(299) Pause Young (Allocation Failure) 902M->648M(989M) 40,611ms
[69,256s][info][gc] GC(300) Pause Young (Allocation Failure) 921M->667M(989M) 41,437ms
[69,368s][info][gc] GC(301) Pause Young (Allocation Failure) 940M->940M(989M) 0,020ms
[70,246s][info][gc] GC(302) Pause Full (Allocation Failure) 940M->624M(989M) 878,035ms
[70,382s][info][gc] GC(303) Pause Young (Allocation Failure) 897M->644M(989M) 25,711ms
[70,534s][info][gc] GC(304) Pause Young (Allocation Failure) 917M->663M(989M) 40,629ms
[70,683s][info][gc] GC(305) Pause Young (Allocation Failure) 936M->682M(989M) 40,632ms
[70,791s][info][gc] GC(306) Pause Young (Allocation Failure) 955M->955M(989M) 0,035ms
[71,689s][info][gc] GC(307) Pause Full (Allocation Failure) 955M->624M(989M) 898,058ms
[71,824s][info][gc] GC(308) Pause Young (Allocation Failure) 897M->644M(989M) 25,716ms
[71,976s][info][gc] GC(309) Pause Young (Allocation Failure) 917M->663M(989M) 40,522ms
[72,125s][info][gc] GC(310) Pause Young (Allocation Failure) 936M->682M(989M) 40,822ms
[72,233s][info][gc] GC(311) Pause Young (Allocation Failure) 955M->955M(989M) 0,028ms
[73,144s][info][gc] GC(312) Pause Full (Allocation Failure) 955M->624M(989M) 910,355ms
[73,278s][info][gc] GC(313) Pause Young (Allocation Failure) 897M->644M(989M) 25,421ms
[73,429s][info][gc] GC(314) Pause Young (Allocation Failure) 917M->663M(989M) 40,637ms
[73,578s][info][gc] GC(315) Pause Young (Allocation Failure) 936M->682M(989M) 40,560ms
[73,687s][info][gc] GC(316) Pause Young (Allocation Failure) 955M->955M(989M) 0,029ms
[74,606s][info][gc] GC(317) Pause Full (Allocation Failure) 955M->590M(989M) 919,652ms
[74,743s][info][gc] GC(318) Pause Young (Allocation Failure) 863M->610M(989M) 26,002ms
[74,896s][info][gc] GC(319) Pause Young (Allocation Failure) 883M->629M(989M) 40,758ms
[75,046s][info][gc] GC(320) Pause Young (Allocation Failure) 902M->648M(989M) 40,556ms
[75,200s][info][gc] GC(321) Pause Young (Allocation Failure) 921M->667M(989M) 40,840ms
[75,308s][info][gc] GC(322) Pause Young (Allocation Failure) 940M->940M(989M) 0,029ms
[76,176s][info][gc] GC(323) Pause Full (Allocation Failure) 940M->624M(989M) 867,184ms
[76,310s][info][gc] GC(324) Pause Young (Allocation Failure) 898M->644M(989M) 25,481ms
[76,462s][info][gc] GC(325) Pause Young (Allocation Failure) 917M->663M(989M) 40,675ms
[76,611s][info][gc] GC(326) Pause Young (Allocation Failure) 936M->682M(989M) 40,518ms
[76,719s][info][gc] GC(327) Pause Young (Allocation Failure) 955M->955M(989M) 0,015ms
[77,612s][info][gc] GC(328) Pause Full (Allocation Failure) 955M->624M(989M) 892,769ms
[77,746s][info][gc] GC(329) Pause Young (Allocation Failure) 898M->644M(989M) 25,556ms
[77,898s][info][gc] GC(330) Pause Young (Allocation Failure) 917M->663M(989M) 40,761ms
[78,047s][info][gc] GC(331) Pause Young (Allocation Failure) 936M->682M(989M) 40,624ms
