[0.006s][info][gc] Using Serial
[0,270s][info][gc] GC(0) Pause Young (Allocation Failure) 136M->14M(494M) 18,292ms
[0,368s][info][gc] GC(1) Pause Young (Allocation Failure) 150M->24M(494M) 28,219ms
[0,449s][info][gc] GC(2) Pause Young (Allocation Failure) 160M->33M(494M) 23,554ms
[0,530s][info][gc] GC(3) Pause Young (Allocation Failure) 170M->43M(494M) 23,922ms
[0,611s][info][gc] GC(4) Pause Young (Allocation Failure) 180M->53M(494M) 24,469ms
[0,691s][info][gc] GC(5) Pause Young (Allocation Failure) 189M->63M(494M) 24,168ms
[0,771s][info][gc] GC(6) Pause Young (Allocation Failure) 199M->72M(494M) 24,311ms
[0,852s][info][gc] GC(7) Pause Young (Allocation Failure) 209M->82M(494M) 24,267ms
[0,932s][info][gc] GC(8) Pause Young (Allocation Failure) 218M->92M(494M) 24,470ms
[1,012s][info][gc] GC(9) Pause Young (Allocation Failure) 228M->101M(494M) 24,642ms
[1,094s][info][gc] GC(10) Pause Young (Allocation Failure) 238M->111M(494M) 25,160ms
[1,185s][info][gc] GC(11) Pause Young (Allocation Failure) 248M->121M(494M) 25,167ms
[1,270s][info][gc] GC(12) Pause Young (Allocation Failure) 257M->131M(494M) 25,455ms
[1,355s][info][gc] GC(13) Pause Young (Allocation Failure) 267M->140M(494M) 25,562ms
[1,436s][info][gc] GC(14) Pause Young (Allocation Failure) 277M->150M(494M) 24,905ms
[1,516s][info][gc] GC(15) Pause Young (Allocation Failure) 287M->160M(494M) 24,922ms
[1,596s][info][gc] GC(16) Pause Young (Allocation Failure) 296M->170M(494M) 25,180ms
[1,677s][info][gc] GC(17) Pause Young (Allocation Failure) 306M->179M(494M) 25,572ms
[1,757s][info][gc] GC(18) Pause Young (Allocation Failure) 316M->189M(494M) 25,024ms
[1,838s][info][gc] GC(19) Pause Young (Allocation Failure) 326M->199M(494M) 25,820ms
[1,918s][info][gc] GC(20) Pause Young (Allocation Failure) 335M->208M(494M) 25,325ms
[1,998s][info][gc] GC(21) Pause Young (Allocation Failure) 345M->218M(494M) 25,174ms
[2,079s][info][gc] GC(22) Pause Young (Allocation Failure) 355M->228M(494M) 25,460ms
[2,159s][info][gc] GC(23) Pause Young (Allocation Failure) 364M->238M(494M) 25,495ms
[2,240s][info][gc] GC(24) Pause Young (Allocation Failure) 374M->247M(494M) 25,443ms
[2,320s][info][gc] GC(25) Pause Young (Allocation Failure) 384M->257M(494M) 25,437ms
[2,400s][info][gc] GC(26) Pause Young (Allocation Failure) 394M->267M(494M) 25,387ms
[2,481s][info][gc] GC(27) Pause Young (Allocation Failure) 403M->277M(494M) 25,739ms
[2,562s][info][gc] GC(28) Pause Young (Allocation Failure) 413M->286M(494M) 25,610ms
[2,643s][info][gc] GC(29) Pause Young (Allocation Failure) 423M->296M(494M) 25,622ms
[2,724s][info][gc] GC(30) Pause Young (Allocation Failure) 433M->306M(494M) 26,703ms
[2,805s][info][gc] GC(31) Pause Young (Allocation Failure) 442M->316M(494M) 25,898ms
[2,886s][info][gc] GC(32) Pause Young (Allocation Failure) 452M->325M(494M) 26,057ms
[2,968s][info][gc] GC(33) Pause Young (Allocation Failure) 462M->335M(494M) 26,400ms
[3,049s][info][gc] GC(34) Pause Young (Allocation Failure) 471M->345M(494M) 25,875ms
[3,130s][info][gc] GC(35) Pause Young (Allocation Failure) 481M->354M(498M) 26,231ms
[3,520s][info][gc] GC(36) Pause Full (Allocation Failure) 354M->290M(702M) 389,209ms
[3,631s][info][gc] GC(37) Pause Young (Allocation Failure) 484M->304M(702M) 24,562ms
[3,746s][info][gc] GC(38) Pause Young (Allocation Failure) 498M->318M(702M) 35,620ms
[3,855s][info][gc] GC(39) Pause Young (Allocation Failure) 512M->332M(702M) 31,219ms
[3,967s][info][gc] GC(40) Pause Young (Allocation Failure) 526M->345M(702M) 34,281ms
[4,082s][info][gc] GC(41) Pause Young (Allocation Failure) 539M->359M(702M) 34,404ms
[4,199s][info][gc] GC(42) Pause Young (Allocation Failure) 553M->373M(702M) 35,941ms
[4,313s][info][gc] GC(43) Pause Young (Allocation Failure) 567M->386M(702M) 36,222ms
[4,428s][info][gc] GC(44) Pause Young (Allocation Failure) 580M->400M(702M) 36,357ms
[4,543s][info][gc] GC(45) Pause Young (Allocation Failure) 594M->414M(702M) 36,446ms
[4,658s][info][gc] GC(46) Pause Young (Allocation Failure) 608M->427M(702M) 36,228ms
[4,777s][info][gc] GC(47) Pause Young (Allocation Failure) 621M->441M(702M) 39,989ms
[4,895s][info][gc] GC(48) Pause Young (Allocation Failure) 635M->455M(702M) 36,414ms
[5,010s][info][gc] GC(49) Pause Young (Allocation Failure) 649M->468M(702M) 36,378ms
[5,124s][info][gc] GC(50) Pause Young (Allocation Failure) 662M->482M(702M) 36,119ms
[5,239s][info][gc] GC(51) Pause Young (Allocation Failure) 676M->496M(702M) 36,331ms
[5,354s][info][gc] GC(52) Pause Young (Allocation Failure) 690M->509M(714M) 36,444ms
[5,917s][info][gc] GC(53) Pause Full (Allocation Failure) 509M->400M(967M) 563,407ms
[6,077s][info][gc] GC(54) Pause Young (Allocation Failure) 667M->419M(967M) 34,779ms
[6,239s][info][gc] GC(55) Pause Young (Allocation Failure) 686M->438M(967M) 49,327ms
[6,388s][info][gc] GC(56) Pause Young (Allocation Failure) 705M->456M(967M) 41,660ms
[6,538s][info][gc] GC(57) Pause Young (Allocation Failure) 723M->475M(967M) 42,266ms
[6,687s][info][gc] GC(58) Pause Young (Allocation Failure) 742M->493M(967M) 41,829ms
[6,836s][info][gc] GC(59) Pause Young (Allocation Failure) 760M->512M(967M) 41,495ms
[6,991s][info][gc] GC(60) Pause Young (Allocation Failure) 779M->531M(967M) 47,305ms
[7,149s][info][gc] GC(61) Pause Young (Allocation Failure) 798M->549M(967M) 50,592ms
[7,328s][info][gc] GC(62) Pause Young (Allocation Failure) 816M->568M(967M) 49,282ms
[7,485s][info][gc] GC(63) Pause Young (Allocation Failure) 835M->586M(967M) 48,980ms
[7,648s][info][gc] GC(64) Pause Young (Allocation Failure) 853M->605M(967M) 54,118ms
[7,812s][info][gc] GC(65) Pause Young (Allocation Failure) 872M->623M(967M) 53,756ms
[7,970s][info][gc] GC(66) Pause Young (Allocation Failure) 890M->642M(967M) 48,590ms
[8,126s][info][gc] GC(67) Pause Young (Allocation Failure) 909M->660M(967M) 48,160ms
[8,281s][info][gc] GC(68) Pause Young (Allocation Failure) 927M->679M(967M) 48,110ms
[8,437s][info][gc] GC(69) Pause Young (Allocation Failure) 946M->698M(979M) 48,273ms
[9,171s][info][gc] GC(70) Pause Full (Allocation Failure) 698M->498M(1204M) 734,496ms
[9,351s][info][gc] GC(71) Pause Young (Allocation Failure) 830M->522M(1204M) 41,629ms
[9,547s][info][gc] GC(72) Pause Young (Allocation Failure) 854M->544M(1204M) 59,626ms
[9,730s][info][gc] GC(73) Pause Young (Allocation Failure) 877M->567M(1204M) 50,752ms
[9,913s][info][gc] GC(74) Pause Young (Allocation Failure) 900M->590M(1204M) 50,240ms
[10,097s][info][gc] GC(75) Pause Young (Allocation Failure) 922M->613M(1204M) 50,468ms
[10,280s][info][gc] GC(76) Pause Young (Allocation Failure) 945M->636M(1204M) 50,307ms
[10,463s][info][gc] GC(77) Pause Young (Allocation Failure) 968M->659M(1204M) 50,273ms
[10,646s][info][gc] GC(78) Pause Young (Allocation Failure) 991M->682M(1204M) 50,106ms
[10,831s][info][gc] GC(79) Pause Young (Allocation Failure) 1014M->704M(1204M) 51,406ms
[11,022s][info][gc] GC(80) Pause Young (Allocation Failure) 1037M->727M(1204M) 58,047ms
[11,214s][info][gc] GC(81) Pause Young (Allocation Failure) 1060M->750M(1204M) 59,101ms
[11,413s][info][gc] GC(82) Pause Young (Allocation Failure) 1082M->773M(1204M) 60,960ms
[11,606s][info][gc] GC(83) Pause Young (Allocation Failure) 1105M->796M(1204M) 59,287ms
[11,797s][info][gc] GC(84) Pause Young (Allocation Failure) 1128M->819M(1204M) 58,997ms
[11,989s][info][gc] GC(85) Pause Young (Allocation Failure) 1151M->841M(1204M) 58,819ms
[12,181s][info][gc] GC(86) Pause Young (Allocation Failure) 1174M->864M(1214M) 59,034ms
[13,051s][info][gc] GC(87) Pause Full (Allocation Failure) 864M->525M(1270M) 870,307ms
[13,231s][info][gc] GC(88) Pause Young (Allocation Failure) 876M->550M(1270M) 41,891ms
[13,435s][info][gc] GC(89) Pause Young (Allocation Failure) 901M->574M(1270M) 59,395ms
[13,641s][info][gc] GC(90) Pause Young (Allocation Failure) 925M->598M(1270M) 53,578ms
[13,833s][info][gc] GC(91) Pause Young (Allocation Failure) 949M->622M(1270M) 52,694ms
[14,026s][info][gc] GC(92) Pause Young (Allocation Failure) 973M->646M(1270M) 52,465ms
[14,220s][info][gc] GC(93) Pause Young (Allocation Failure) 997M->670M(1270M) 54,527ms
[14,418s][info][gc] GC(94) Pause Young (Allocation Failure) 1021M->694M(1270M) 52,917ms
[14,615s][info][gc] GC(95) Pause Young (Allocation Failure) 1045M->718M(1270M) 53,133ms
[14,811s][info][gc] GC(96) Pause Young (Allocation Failure) 1069M->742M(1270M) 52,521ms
[15,003s][info][gc] GC(97) Pause Young (Allocation Failure) 1093M->766M(1270M) 52,560ms
[15,199s][info][gc] GC(98) Pause Young (Allocation Failure) 1117M->790M(1270M) 53,846ms
[15,393s][info][gc] GC(99) Pause Young (Allocation Failure) 1141M->814M(1270M) 52,768ms
[15,588s][info][gc] GC(100) Pause Young (Allocation Failure) 1165M->838M(1270M) 52,783ms
[15,787s][info][gc] GC(101) Pause Young (Allocation Failure) 1189M->862M(1270M) 59,274ms
[15,989s][info][gc] GC(102) Pause Young (Allocation Failure) 1213M->886M(1270M) 59,979ms
[16,191s][info][gc] GC(103) Pause Young (Allocation Failure) 1237M->910M(1280M) 62,090ms
[17,107s][info][gc] GC(104) Pause Full (Allocation Failure) 910M->602M(1456M) 915,849ms
[17,313s][info][gc] GC(105) Pause Young (Allocation Failure) 1004M->631M(1456M) 48,795ms
[17,541s][info][gc] GC(106) Pause Young (Allocation Failure) 1033M->658M(1456M) 64,597ms
[17,769s][info][gc] GC(107) Pause Young (Allocation Failure) 1060M->686M(1456M) 61,945ms
[17,989s][info][gc] GC(108) Pause Young (Allocation Failure) 1088M->713M(1456M) 60,300ms
[18,212s][info][gc] GC(109) Pause Young (Allocation Failure) 1115M->740M(1456M) 61,306ms
[18,433s][info][gc] GC(110) Pause Young (Allocation Failure) 1142M->767M(1456M) 60,894ms
[18,655s][info][gc] GC(111) Pause Young (Allocation Failure) 1169M->795M(1456M) 60,808ms
[18,875s][info][gc] GC(112) Pause Young (Allocation Failure) 1197M->822M(1456M) 61,100ms
[19,096s][info][gc] GC(113) Pause Young (Allocation Failure) 1224M->849M(1456M) 60,448ms
[19,316s][info][gc] GC(114) Pause Young (Allocation Failure) 1251M->876M(1456M) 60,633ms
[19,537s][info][gc] GC(115) Pause Young (Allocation Failure) 1278M->904M(1456M) 60,770ms
[19,766s][info][gc] GC(116) Pause Young (Allocation Failure) 1306M->931M(1456M) 67,711ms
[19,997s][info][gc] GC(117) Pause Young (Allocation Failure) 1333M->958M(1456M) 71,314ms
[20,229s][info][gc] GC(118) Pause Young (Allocation Failure) 1360M->985M(1456M) 71,380ms
[20,460s][info][gc] GC(119) Pause Young (Allocation Failure) 1387M->1013M(1456M) 71,334ms
[20,692s][info][gc] GC(120) Pause Young (Allocation Failure) 1415M->1040M(1464M) 71,659ms
[21,702s][info][gc] GC(121) Pause Full (Allocation Failure) 1040M->626M(1515M) 1009,679ms
[21,914s][info][gc] GC(122) Pause Young (Allocation Failure) 1044M->656M(1515M) 48,111ms
[22,185s][info][gc] GC(123) Pause Young (Allocation Failure) 1074M->685M(1515M) 71,704ms
[22,432s][info][gc] GC(124) Pause Young (Allocation Failure) 1103M->713M(1515M) 64,374ms
[22,664s][info][gc] GC(125) Pause Young (Allocation Failure) 1131M->741M(1515M) 64,434ms
[22,912s][info][gc] GC(126) Pause Young (Allocation Failure) 1159M->769M(1515M) 65,319ms
[23,153s][info][gc] GC(127) Pause Young (Allocation Failure) 1187M->798M(1515M) 70,396ms
[23,388s][info][gc] GC(128) Pause Young (Allocation Failure) 1216M->826M(1515M) 63,978ms
[23,618s][info][gc] GC(129) Pause Young (Allocation Failure) 1244M->854M(1515M) 62,816ms
[23,848s][info][gc] GC(130) Pause Young (Allocation Failure) 1272M->882M(1515M) 63,012ms
[24,080s][info][gc] GC(131) Pause Young (Allocation Failure) 1300M->911M(1515M) 64,947ms
[24,325s][info][gc] GC(132) Pause Young (Allocation Failure) 1329M->939M(1515M) 65,226ms
[24,568s][info][gc] GC(133) Pause Young (Allocation Failure) 1357M->967M(1515M) 64,418ms
[24,802s][info][gc] GC(134) Pause Young (Allocation Failure) 1385M->995M(1515M) 64,755ms
[25,051s][info][gc] GC(135) Pause Young (Allocation Failure) 1413M->1024M(1515M) 66,101ms
[25,318s][info][gc] GC(136) Pause Young (Allocation Failure) 1442M->1052M(1515M) 72,106ms
[25,570s][info][gc] GC(137) Pause Young (Allocation Failure) 1470M->1080M(1521M) 74,705ms
[26,615s][info][gc] GC(138) Pause Full (Allocation Failure) 1080M->637M(1539M) 1044,313ms
[26,826s][info][gc] GC(139) Pause Young (Allocation Failure) 1062M->667M(1539M) 44,590ms
[27,067s][info][gc] GC(140) Pause Young (Allocation Failure) 1092M->696M(1539M) 66,454ms
[27,304s][info][gc] GC(141) Pause Young (Allocation Failure) 1120M->724M(1539M) 64,171ms
[27,538s][info][gc] GC(142) Pause Young (Allocation Failure) 1149M->753M(1539M) 64,182ms
[27,772s][info][gc] GC(143) Pause Young (Allocation Failure) 1178M->782M(1539M) 64,175ms
[28,006s][info][gc] GC(144) Pause Young (Allocation Failure) 1207M->810M(1539M) 63,960ms
[28,241s][info][gc] GC(145) Pause Young (Allocation Failure) 1235M->839M(1539M) 64,555ms
[28,474s][info][gc] GC(146) Pause Young (Allocation Failure) 1264M->868M(1539M) 63,962ms
[28,718s][info][gc] GC(147) Pause Young (Allocation Failure) 1293M->897M(1539M) 71,968ms
[28,960s][info][gc] GC(148) Pause Young (Allocation Failure) 1321M->925M(1539M) 65,891ms
[29,194s][info][gc] GC(149) Pause Young (Allocation Failure) 1350M->954M(1539M) 64,106ms
[29,427s][info][gc] GC(150) Pause Young (Allocation Failure) 1379M->983M(1539M) 63,707ms
[29,659s][info][gc] GC(151) Pause Young (Allocation Failure) 1408M->1011M(1539M) 63,527ms
[29,892s][info][gc] GC(152) Pause Young (Allocation Failure) 1436M->1040M(1539M) 63,822ms
[30,125s][info][gc] GC(153) Pause Young (Allocation Failure) 1465M->1069M(1539M) 63,577ms
[30,364s][info][gc] GC(154) Pause Young (Allocation Failure) 1494M->1097M(1545M) 70,062ms
[31,407s][info][gc] GC(155) Pause Full (Allocation Failure) 1097M->588M(1539M) 1043,294ms
[31,615s][info][gc] GC(156) Pause Young (Allocation Failure) 1013M->618M(1539M) 41,104ms
[31,852s][info][gc] GC(157) Pause Young (Allocation Failure) 1043M->647M(1539M) 63,430ms
[32,084s][info][gc] GC(158) Pause Young (Allocation Failure) 1072M->675M(1539M) 63,434ms
[32,336s][info][gc] GC(159) Pause Young (Allocation Failure) 1100M->704M(1539M) 66,263ms
[32,569s][info][gc] GC(160) Pause Young (Allocation Failure) 1129M->733M(1539M) 63,489ms
[32,802s][info][gc] GC(161) Pause Young (Allocation Failure) 1158M->762M(1539M) 63,445ms
[33,034s][info][gc] GC(162) Pause Young (Allocation Failure) 1186M->790M(1539M) 63,359ms
[33,268s][info][gc] GC(163) Pause Young (Allocation Failure) 1215M->819M(1539M) 63,439ms
[33,500s][info][gc] GC(164) Pause Young (Allocation Failure) 1244M->848M(1539M) 63,194ms
[33,733s][info][gc] GC(165) Pause Young (Allocation Failure) 1273M->877M(1539M) 63,298ms
[33,965s][info][gc] GC(166) Pause Young (Allocation Failure) 1301M->905M(1539M) 63,280ms
[34,207s][info][gc] GC(167) Pause Young (Allocation Failure) 1330M->934M(1539M) 71,072ms
[34,446s][info][gc] GC(168) Pause Young (Allocation Failure) 1359M->963M(1539M) 65,623ms
[34,681s][info][gc] GC(169) Pause Young (Allocation Failure) 1387M->991M(1539M) 65,253ms
[34,919s][info][gc] GC(170) Pause Young (Allocation Failure) 1416M->1020M(1539M) 64,472ms
[35,151s][info][gc] GC(171) Pause Young (Allocation Failure) 1445M->1049M(1539M) 63,526ms
[35,384s][info][gc] GC(172) Pause Young (Allocation Failure) 1474M->1077M(1539M) 63,737ms
[35,622s][info][gc] GC(173) Pause Young (Allocation Failure) 1502M->1106M(1554M) 69,032ms
[36,692s][info][gc] GC(174) Pause Full (Allocation Failure) 1106M->643M(1555M) 1069,876ms
[36,904s][info][gc] GC(175) Pause Young (Allocation Failure) 1072M->674M(1555M) 43,556ms
[37,145s][info][gc] GC(176) Pause Young (Allocation Failure) 1103M->703M(1555M) 65,546ms
[37,406s][info][gc] GC(177) Pause Young (Allocation Failure) 1132M->732M(1555M) 65,981ms
[37,642s][info][gc] GC(178) Pause Young (Allocation Failure) 1161M->761M(1555M) 63,860ms
[37,880s][info][gc] GC(179) Pause Young (Allocation Failure) 1190M->790M(1555M) 64,578ms
[38,133s][info][gc] GC(180) Pause Young (Allocation Failure) 1219M->819M(1555M) 64,973ms
[38,375s][info][gc] GC(181) Pause Young (Allocation Failure) 1248M->848M(1555M) 65,748ms
[38,611s][info][gc] GC(182) Pause Young (Allocation Failure) 1277M->877M(1555M) 64,352ms
[38,846s][info][gc] GC(183) Pause Young (Allocation Failure) 1306M->905M(1555M) 63,891ms
[39,080s][info][gc] GC(184) Pause Young (Allocation Failure) 1335M->934M(1555M) 63,896ms
[39,315s][info][gc] GC(185) Pause Young (Allocation Failure) 1364M->963M(1555M) 63,640ms
[39,549s][info][gc] GC(186) Pause Young (Allocation Failure) 1393M->992M(1555M) 63,622ms
[39,796s][info][gc] GC(187) Pause Young (Allocation Failure) 1422M->1021M(1555M) 71,923ms
[40,035s][info][gc] GC(188) Pause Young (Allocation Failure) 1451M->1050M(1555M) 64,756ms
[40,271s][info][gc] GC(189) Pause Young (Allocation Failure) 1480M->1079M(1555M) 64,520ms
[40,508s][info][gc] GC(190) Pause Young (Allocation Failure) 1509M->1108M(1561M) 66,317ms
[41,563s][info][gc] GC(191) Pause Full (Allocation Failure) 1108M->644M(1557M) 1055,047ms
[41,774s][info][gc] GC(192) Pause Young (Allocation Failure) 1073M->674M(1557M) 41,461ms
[42,012s][info][gc] GC(193) Pause Young (Allocation Failure) 1104M->703M(1557M) 63,591ms
[42,247s][info][gc] GC(194) Pause Young (Allocation Failure) 1133M->732M(1557M) 63,659ms
[42,481s][info][gc] GC(195) Pause Young (Allocation Failure) 1162M->761M(1557M) 63,737ms
[42,716s][info][gc] GC(196) Pause Young (Allocation Failure) 1191M->790M(1557M) 64,084ms
[42,958s][info][gc] GC(197) Pause Young (Allocation Failure) 1220M->819M(1557M) 71,162ms
[43,195s][info][gc] GC(198) Pause Young (Allocation Failure) 1249M->848M(1557M) 64,358ms
[43,430s][info][gc] GC(199) Pause Young (Allocation Failure) 1278M->877M(1557M) 64,442ms
[43,665s][info][gc] GC(200) Pause Young (Allocation Failure) 1307M->906M(1557M) 64,304ms
[43,901s][info][gc] GC(201) Pause Young (Allocation Failure) 1336M->935M(1557M) 64,331ms
[44,136s][info][gc] GC(202) Pause Young (Allocation Failure) 1365M->964M(1557M) 64,356ms
[44,371s][info][gc] GC(203) Pause Young (Allocation Failure) 1394M->993M(1557M) 64,194ms
[44,605s][info][gc] GC(204) Pause Young (Allocation Failure) 1423M->1022M(1557M) 63,993ms
[44,843s][info][gc] GC(205) Pause Young (Allocation Failure) 1452M->1051M(1557M) 64,620ms
[45,081s][info][gc] GC(206) Pause Young (Allocation Failure) 1481M->1080M(1557M) 65,602ms
[45,328s][info][gc] GC(207) Pause Young (Allocation Failure) 1510M->1109M(1562M) 67,780ms
[46,448s][info][gc] GC(208) Pause Full (Allocation Failure) 1109M->644M(1558M) 1119,873ms
[46,665s][info][gc] GC(209) Pause Young (Allocation Failure) 1074M->675M(1558M) 48,607ms
[46,918s][info][gc] GC(210) Pause Young (Allocation Failure) 1105M->704M(1558M) 73,789ms
[47,156s][info][gc] GC(211) Pause Young (Allocation Failure) 1134M->733M(1558M) 64,630ms
[47,391s][info][gc] GC(212) Pause Young (Allocation Failure) 1163M->762M(1558M) 64,533ms
[47,626s][info][gc] GC(213) Pause Young (Allocation Failure) 1192M->791M(1558M) 64,515ms
[47,862s][info][gc] GC(214) Pause Young (Allocation Failure) 1221M->820M(1558M) 64,443ms
[48,097s][info][gc] GC(215) Pause Young (Allocation Failure) 1250M->849M(1558M) 64,698ms
[48,333s][info][gc] GC(216) Pause Young (Allocation Failure) 1279M->878M(1558M) 64,522ms
[48,581s][info][gc] GC(217) Pause Young (Allocation Failure) 1308M->907M(1558M) 68,405ms
[48,821s][info][gc] GC(218) Pause Young (Allocation Failure) 1337M->936M(1558M) 64,014ms
[49,058s][info][gc] GC(219) Pause Young (Allocation Failure) 1366M->965M(1558M) 64,234ms
[49,293s][info][gc] GC(220) Pause Young (Allocation Failure) 1395M->994M(1558M) 64,038ms
[49,527s][info][gc] GC(221) Pause Young (Allocation Failure) 1424M->1023M(1558M) 64,118ms
[49,763s][info][gc] GC(222) Pause Young (Allocation Failure) 1453M->1052M(1558M) 64,357ms
[49,998s][info][gc] GC(223) Pause Young (Allocation Failure) 1482M->1081M(1558M) 63,933ms
[50,235s][info][gc] GC(224) Pause Young (Allocation Failure) 1511M->1110M(1563M) 66,033ms
[51,285s][info][gc] GC(225) Pause Full (Allocation Failure) 1110M->590M(1558M) 1049,838ms
[51,513s][info][gc] GC(226) Pause Young (Allocation Failure) 1020M->621M(1558M) 43,329ms
