[0.006s][info][gc] Using Serial
[0,302s][info][gc] GC(0) Pause Young (Allocation Failure) 136M->14M(494M) 18,607ms
[0,401s][info][gc] GC(1) Pause Young (Allocation Failure) 150M->24M(494M) 27,909ms
[0,482s][info][gc] GC(2) Pause Young (Allocation Failure) 160M->33M(494M) 23,420ms
[0,562s][info][gc] GC(3) Pause Young (Allocation Failure) 170M->43M(494M) 23,962ms
[0,641s][info][gc] GC(4) Pause Young (Allocation Failure) 180M->53M(494M) 23,861ms
[0,720s][info][gc] GC(5) Pause Young (Allocation Failure) 189M->62M(494M) 24,023ms
[0,802s][info][gc] GC(6) Pause Young (Allocation Failure) 199M->72M(494M) 26,467ms
[0,885s][info][gc] GC(7) Pause Young (Allocation Failure) 209M->82M(494M) 26,548ms
[0,969s][info][gc] GC(8) Pause Young (Allocation Failure) 218M->92M(494M) 26,617ms
[1,052s][info][gc] GC(9) Pause Young (Allocation Failure) 228M->101M(494M) 24,955ms
[1,131s][info][gc] GC(10) Pause Young (Allocation Failure) 238M->111M(494M) 24,514ms
[1,211s][info][gc] GC(11) Pause Young (Allocation Failure) 248M->121M(494M) 24,959ms
[1,302s][info][gc] GC(12) Pause Young (Allocation Failure) 257M->131M(494M) 25,671ms
[1,387s][info][gc] GC(13) Pause Young (Allocation Failure) 267M->140M(494M) 25,754ms
[1,470s][info][gc] GC(14) Pause Young (Allocation Failure) 277M->150M(494M) 25,363ms
[1,551s][info][gc] GC(15) Pause Young (Allocation Failure) 286M->160M(494M) 25,213ms
[1,631s][info][gc] GC(16) Pause Young (Allocation Failure) 296M->169M(494M) 25,118ms
[1,711s][info][gc] GC(17) Pause Young (Allocation Failure) 306M->179M(494M) 25,611ms
[1,791s][info][gc] GC(18) Pause Young (Allocation Failure) 316M->189M(494M) 25,381ms
[1,871s][info][gc] GC(19) Pause Young (Allocation Failure) 325M->199M(494M) 25,420ms
[1,951s][info][gc] GC(20) Pause Young (Allocation Failure) 335M->208M(494M) 25,529ms
[2,032s][info][gc] GC(21) Pause Young (Allocation Failure) 345M->218M(494M) 25,486ms
[2,112s][info][gc] GC(22) Pause Young (Allocation Failure) 355M->228M(494M) 25,716ms
[2,192s][info][gc] GC(23) Pause Young (Allocation Failure) 364M->238M(494M) 25,676ms
[2,273s][info][gc] GC(24) Pause Young (Allocation Failure) 374M->247M(494M) 25,899ms
[2,353s][info][gc] GC(25) Pause Young (Allocation Failure) 384M->257M(494M) 25,862ms
[2,434s][info][gc] GC(26) Pause Young (Allocation Failure) 394M->267M(494M) 25,773ms
[2,514s][info][gc] GC(27) Pause Young (Allocation Failure) 403M->276M(494M) 26,134ms
[2,596s][info][gc] GC(28) Pause Young (Allocation Failure) 413M->286M(494M) 26,125ms
[2,678s][info][gc] GC(29) Pause Young (Allocation Failure) 423M->296M(494M) 26,203ms
[2,759s][info][gc] GC(30) Pause Young (Allocation Failure) 432M->306M(494M) 26,117ms
[2,839s][info][gc] GC(31) Pause Young (Allocation Failure) 442M->315M(494M) 25,975ms
[2,920s][info][gc] GC(32) Pause Young (Allocation Failure) 452M->325M(494M) 26,091ms
[3,001s][info][gc] GC(33) Pause Young (Allocation Failure) 462M->335M(494M) 26,153ms
[3,082s][info][gc] GC(34) Pause Young (Allocation Failure) 471M->345M(494M) 26,099ms
[3,162s][info][gc] GC(35) Pause Young (Allocation Failure) 481M->354M(498M) 26,172ms
[3,873s][info][gc] GC(36) Pause Full (Allocation Failure) 354M->290M(702M) 711,262ms
[4,444s][info][gc] GC(37) Pause Young (Allocation Failure) 484M->304M(702M) 98,296ms
[5,019s][info][gc] GC(38) Pause Young (Allocation Failure) 498M->318M(702M) 152,611ms
[5,572s][info][gc] GC(39) Pause Young (Allocation Failure) 512M->331M(702M) 133,390ms
[6,121s][info][gc] GC(40) Pause Young (Allocation Failure) 525M->345M(702M) 129,012ms
[6,672s][info][gc] GC(41) Pause Young (Allocation Failure) 539M->359M(702M) 129,962ms
[7,241s][info][gc] GC(42) Pause Young (Allocation Failure) 553M->372M(702M) 150,175ms
[7,811s][info][gc] GC(43) Pause Young (Allocation Failure) 566M->386M(702M) 150,024ms
[8,381s][info][gc] GC(44) Pause Young (Allocation Failure) 580M->400M(702M) 150,480ms
[8,952s][info][gc] GC(45) Pause Young (Allocation Failure) 594M->413M(702M) 150,597ms
[9,522s][info][gc] GC(46) Pause Young (Allocation Failure) 607M->427M(702M) 150,196ms
[10,093s][info][gc] GC(47) Pause Young (Allocation Failure) 621M->441M(702M) 151,822ms
[10,663s][info][gc] GC(48) Pause Young (Allocation Failure) 635M->454M(702M) 150,694ms
[11,233s][info][gc] GC(49) Pause Young (Allocation Failure) 648M->468M(702M) 149,340ms
[11,803s][info][gc] GC(50) Pause Young (Allocation Failure) 662M->482M(702M) 149,436ms
[12,371s][info][gc] GC(51) Pause Young (Allocation Failure) 676M->495M(702M) 148,833ms
[12,944s][info][gc] GC(52) Pause Young (Allocation Failure) 689M->509M(713M) 153,423ms
[15,339s][info][gc] GC(53) Pause Full (Allocation Failure) 509M->400M(967M) 2394,762ms
[16,127s][info][gc] GC(54) Pause Young (Allocation Failure) 667M->419M(967M) 128,205ms
[16,907s][info][gc] GC(55) Pause Young (Allocation Failure) 686M->437M(967M) 198,310ms
[17,652s][info][gc] GC(56) Pause Young (Allocation Failure) 704M->456M(967M) 167,217ms
[18,397s][info][gc] GC(57) Pause Young (Allocation Failure) 723M->475M(967M) 166,841ms
[19,141s][info][gc] GC(58) Pause Young (Allocation Failure) 741M->493M(967M) 166,090ms
[19,885s][info][gc] GC(59) Pause Young (Allocation Failure) 760M->512M(967M) 165,781ms
[20,652s][info][gc] GC(60) Pause Young (Allocation Failure) 779M->530M(967M) 188,919ms
[21,425s][info][gc] GC(61) Pause Young (Allocation Failure) 797M->549M(967M) 194,685ms
[22,196s][info][gc] GC(62) Pause Young (Allocation Failure) 816M->567M(967M) 192,962ms
[22,967s][info][gc] GC(63) Pause Young (Allocation Failure) 834M->586M(967M) 193,646ms
[23,738s][info][gc] GC(64) Pause Young (Allocation Failure) 853M->604M(967M) 193,384ms
[24,513s][info][gc] GC(65) Pause Young (Allocation Failure) 871M->623M(967M) 197,826ms
[25,281s][info][gc] GC(66) Pause Young (Allocation Failure) 890M->642M(967M) 191,697ms
[26,050s][info][gc] GC(67) Pause Young (Allocation Failure) 908M->660M(967M) 190,952ms
[26,819s][info][gc] GC(68) Pause Young (Allocation Failure) 927M->679M(967M) 190,998ms
[27,592s][info][gc] GC(69) Pause Young (Allocation Failure) 946M->697M(978M) 193,245ms
[30,629s][info][gc] GC(70) Pause Full (Allocation Failure) 697M->498M(1204M) 3037,191ms
[31,541s][info][gc] GC(71) Pause Young (Allocation Failure) 830M->522M(1204M) 149,559ms
[32,496s][info][gc] GC(72) Pause Young (Allocation Failure) 854M->544M(1204M) 236,384ms
[33,413s][info][gc] GC(73) Pause Young (Allocation Failure) 877M->567M(1204M) 196,832ms
[34,329s][info][gc] GC(74) Pause Young (Allocation Failure) 900M->590M(1204M) 196,893ms
[35,245s][info][gc] GC(75) Pause Young (Allocation Failure) 922M->613M(1204M) 196,467ms
[36,161s][info][gc] GC(76) Pause Young (Allocation Failure) 945M->636M(1204M) 196,473ms
[37,083s][info][gc] GC(77) Pause Young (Allocation Failure) 968M->659M(1204M) 203,195ms
[37,999s][info][gc] GC(78) Pause Young (Allocation Failure) 991M->681M(1204M) 196,307ms
[38,927s][info][gc] GC(79) Pause Young (Allocation Failure) 1014M->704M(1204M) 206,683ms
[39,881s][info][gc] GC(80) Pause Young (Allocation Failure) 1037M->727M(1204M) 236,299ms
[40,830s][info][gc] GC(81) Pause Young (Allocation Failure) 1059M->750M(1204M) 229,851ms
[41,789s][info][gc] GC(82) Pause Young (Allocation Failure) 1082M->773M(1204M) 233,799ms
[42,739s][info][gc] GC(83) Pause Young (Allocation Failure) 1105M->796M(1204M) 230,147ms
[43,689s][info][gc] GC(84) Pause Young (Allocation Failure) 1128M->819M(1204M) 230,524ms
[44,640s][info][gc] GC(85) Pause Young (Allocation Failure) 1151M->841M(1204M) 230,252ms
[45,590s][info][gc] GC(86) Pause Young (Allocation Failure) 1174M->864M(1214M) 230,574ms
[49,133s][info][gc] GC(87) Pause Full (Allocation Failure) 864M->525M(1270M) 3543,105ms
[50,049s][info][gc] GC(88) Pause Young (Allocation Failure) 876M->550M(1270M) 156,734ms
[51,041s][info][gc] GC(89) Pause Young (Allocation Failure) 901M->574M(1270M) 232,676ms
[52,004s][info][gc] GC(90) Pause Young (Allocation Failure) 925M->598M(1270M) 202,922ms
[52,975s][info][gc] GC(91) Pause Young (Allocation Failure) 949M->622M(1270M) 211,722ms
[53,944s][info][gc] GC(92) Pause Young (Allocation Failure) 973M->646M(1270M) 211,475ms
[54,906s][info][gc] GC(93) Pause Young (Allocation Failure) 997M->671M(1270M) 203,771ms
[55,869s][info][gc] GC(94) Pause Young (Allocation Failure) 1021M->695M(1270M) 203,535ms
[56,839s][info][gc] GC(95) Pause Young (Allocation Failure) 1045M->719M(1270M) 210,943ms
[57,802s][info][gc] GC(96) Pause Young (Allocation Failure) 1069M->743M(1270M) 203,258ms
[58,764s][info][gc] GC(97) Pause Young (Allocation Failure) 1093M->767M(1270M) 202,917ms
[59,733s][info][gc] GC(98) Pause Young (Allocation Failure) 1117M->791M(1270M) 203,658ms
[60,697s][info][gc] GC(99) Pause Young (Allocation Failure) 1141M->814M(1270M) 203,558ms
[61,664s][info][gc] GC(100) Pause Young (Allocation Failure) 1165M->839M(1270M) 203,860ms
[64,167s][info][gc] GC(101) Pause Young (Allocation Failure) 1189M->863M(1270M) 55,503ms
[64,384s][info][gc] GC(102) Pause Young (Allocation Failure) 1213M->887M(1270M) 59,614ms
[64,631s][info][gc] GC(103) Pause Young (Allocation Failure) 1237M->910M(1280M) 73,054ms
[65,599s][info][gc] GC(104) Pause Full (Allocation Failure) 910M->603M(1457M) 967,445ms
[65,834s][info][gc] GC(105) Pause Young (Allocation Failure) 1005M->631M(1457M) 57,741ms
[66,067s][info][gc] GC(106) Pause Young (Allocation Failure) 1033M->659M(1457M) 65,244ms
[66,297s][info][gc] GC(107) Pause Young (Allocation Failure) 1061M->686M(1457M) 60,109ms
[66,532s][info][gc] GC(108) Pause Young (Allocation Failure) 1088M->713M(1457M) 61,716ms
[66,798s][info][gc] GC(109) Pause Young (Allocation Failure) 1115M->740M(1457M) 71,832ms
[67,039s][info][gc] GC(110) Pause Young (Allocation Failure) 1143M->768M(1457M) 59,723ms
[67,277s][info][gc] GC(111) Pause Young (Allocation Failure) 1170M->795M(1457M) 60,887ms
[67,496s][info][gc] GC(112) Pause Young (Allocation Failure) 1197M->822M(1457M) 59,804ms
[67,719s][info][gc] GC(113) Pause Young (Allocation Failure) 1224M->850M(1457M) 60,432ms
[67,943s][info][gc] GC(114) Pause Young (Allocation Failure) 1252M->877M(1457M) 60,465ms
[68,172s][info][gc] GC(115) Pause Young (Allocation Failure) 1279M->904M(1457M) 60,685ms
[68,401s][info][gc] GC(116) Pause Young (Allocation Failure) 1306M->931M(1457M) 66,703ms
[68,630s][info][gc] GC(117) Pause Young (Allocation Failure) 1333M->959M(1457M) 70,641ms
[68,858s][info][gc] GC(118) Pause Young (Allocation Failure) 1361M->986M(1457M) 70,577ms
[69,090s][info][gc] GC(119) Pause Young (Allocation Failure) 1388M->1013M(1457M) 71,193ms
[69,323s][info][gc] GC(120) Pause Young (Allocation Failure) 1415M->1040M(1464M) 71,187ms
[70,345s][info][gc] GC(121) Pause Full (Allocation Failure) 1040M->626M(1515M) 1022,210ms
[70,555s][info][gc] GC(122) Pause Young (Allocation Failure) 1044M->656M(1515M) 47,109ms
[70,792s][info][gc] GC(123) Pause Young (Allocation Failure) 1074M->685M(1515M) 68,996ms
[71,020s][info][gc] GC(124) Pause Young (Allocation Failure) 1103M->713M(1515M) 62,959ms
[71,252s][info][gc] GC(125) Pause Young (Allocation Failure) 1131M->741M(1515M) 66,998ms
[71,480s][info][gc] GC(126) Pause Young (Allocation Failure) 1159M->769M(1515M) 61,816ms
[71,708s][info][gc] GC(127) Pause Young (Allocation Failure) 1187M->798M(1515M) 62,413ms
[71,935s][info][gc] GC(128) Pause Young (Allocation Failure) 1216M->826M(1515M) 62,197ms
[72,162s][info][gc] GC(129) Pause Young (Allocation Failure) 1244M->854M(1515M) 62,356ms
[72,389s][info][gc] GC(130) Pause Young (Allocation Failure) 1272M->882M(1515M) 62,171ms
[72,616s][info][gc] GC(131) Pause Young (Allocation Failure) 1300M->911M(1515M) 62,142ms
[72,842s][info][gc] GC(132) Pause Young (Allocation Failure) 1329M->939M(1515M) 62,040ms
[73,069s][info][gc] GC(133) Pause Young (Allocation Failure) 1357M->967M(1515M) 62,471ms
[73,298s][info][gc] GC(134) Pause Young (Allocation Failure) 1385M->995M(1515M) 62,834ms
[73,526s][info][gc] GC(135) Pause Young (Allocation Failure) 1413M->1024M(1515M) 62,770ms
[73,757s][info][gc] GC(136) Pause Young (Allocation Failure) 1442M->1052M(1515M) 66,894ms
[73,998s][info][gc] GC(137) Pause Young (Allocation Failure) 1470M->1080M(1521M) 73,055ms
[77,617s][info][gc] GC(138) Pause Full (Allocation Failure) 1080M->637M(1539M) 3619,387ms
[78,687s][info][gc] GC(139) Pause Young (Allocation Failure) 1062M->667M(1539M) 147,782ms
[79,859s][info][gc] GC(140) Pause Young (Allocation Failure) 1092M->696M(1539M) 247,291ms
[81,021s][info][gc] GC(141) Pause Young (Allocation Failure) 1120M->724M(1539M) 240,315ms
[82,181s][info][gc] GC(142) Pause Young (Allocation Failure) 1149M->753M(1539M) 240,423ms
[83,346s][info][gc] GC(143) Pause Young (Allocation Failure) 1178M->782M(1539M) 245,025ms
[84,507s][info][gc] GC(144) Pause Young (Allocation Failure) 1207M->810M(1539M) 240,143ms
[85,675s][info][gc] GC(145) Pause Young (Allocation Failure) 1235M->839M(1539M) 248,161ms
[86,835s][info][gc] GC(146) Pause Young (Allocation Failure) 1264M->868M(1539M) 239,660ms
[88,000s][info][gc] GC(147) Pause Young (Allocation Failure) 1293M->896M(1539M) 240,673ms
[89,164s][info][gc] GC(148) Pause Young (Allocation Failure) 1321M->925M(1539M) 242,069ms
[90,325s][info][gc] GC(149) Pause Young (Allocation Failure) 1350M->954M(1539M) 241,117ms
[91,488s][info][gc] GC(150) Pause Young (Allocation Failure) 1379M->982M(1539M) 241,617ms
[92,652s][info][gc] GC(151) Pause Young (Allocation Failure) 1407M->1011M(1539M) 240,315ms
[93,813s][info][gc] GC(152) Pause Young (Allocation Failure) 1436M->1040M(1539M) 239,925ms
[94,973s][info][gc] GC(153) Pause Young (Allocation Failure) 1465M->1069M(1539M) 240,132ms
[96,158s][info][gc] GC(154) Pause Young (Allocation Failure) 1493M->1097M(1545M) 264,947ms
[100,314s][info][gc] GC(155) Pause Full (Allocation Failure) 1097M->588M(1539M) 4155,535ms
[101,369s][info][gc] GC(156) Pause Young (Allocation Failure) 1013M->618M(1539M) 135,142ms
[102,529s][info][gc] GC(157) Pause Young (Allocation Failure) 1043M->647M(1539M) 239,128ms
[103,689s][info][gc] GC(158) Pause Young (Allocation Failure) 1072M->675M(1539M) 239,276ms
[104,858s][info][gc] GC(159) Pause Young (Allocation Failure) 1100M->704M(1539M) 248,272ms
[106,020s][info][gc] GC(160) Pause Young (Allocation Failure) 1129M->733M(1539M) 241,917ms
[107,182s][info][gc] GC(161) Pause Young (Allocation Failure) 1158M->761M(1539M) 240,400ms
[108,341s][info][gc] GC(162) Pause Young (Allocation Failure) 1186M->790M(1539M) 239,443ms
[109,502s][info][gc] GC(163) Pause Young (Allocation Failure) 1215M->819M(1539M) 239,775ms
[110,663s][info][gc] GC(164) Pause Young (Allocation Failure) 1244M->848M(1539M) 239,545ms
[111,822s][info][gc] GC(165) Pause Young (Allocation Failure) 1272M->876M(1539M) 239,075ms
[112,983s][info][gc] GC(166) Pause Young (Allocation Failure) 1301M->905M(1539M) 239,495ms
[114,147s][info][gc] GC(167) Pause Young (Allocation Failure) 1330M->934M(1539M) 239,555ms
[115,306s][info][gc] GC(168) Pause Young (Allocation Failure) 1358M->962M(1539M) 239,404ms
[116,468s][info][gc] GC(169) Pause Young (Allocation Failure) 1387M->991M(1539M) 240,297ms
[117,629s][info][gc] GC(170) Pause Young (Allocation Failure) 1416M->1020M(1539M) 240,334ms
[118,797s][info][gc] GC(171) Pause Young (Allocation Failure) 1444M->1048M(1539M) 247,919ms
[120,049s][info][gc] GC(172) Pause Young (Allocation Failure) 1473M->1077M(1539M) 239,415ms
[121,231s][info][gc] GC(173) Pause Young (Allocation Failure) 1502M->1106M(1553M) 262,079ms
[125,418s][info][gc] GC(174) Pause Full (Allocation Failure) 1106M->643M(1555M) 4186,930ms
[126,493s][info][gc] GC(175) Pause Young (Allocation Failure) 1072M->674M(1555M) 145,026ms
[127,667s][info][gc] GC(176) Pause Young (Allocation Failure) 1103M->703M(1555M) 243,313ms
[128,839s][info][gc] GC(177) Pause Young (Allocation Failure) 1132M->732M(1555M) 241,852ms
[130,019s][info][gc] GC(178) Pause Young (Allocation Failure) 1161M->761M(1555M) 249,397ms
[131,192s][info][gc] GC(179) Pause Young (Allocation Failure) 1190M->790M(1555M) 242,832ms
[132,373s][info][gc] GC(180) Pause Young (Allocation Failure) 1219M->819M(1555M) 245,204ms
[135,025s][info][gc] GC(181) Pause Young (Allocation Failure) 1248M->848M(1555M) 68,424ms
[135,289s][info][gc] GC(182) Pause Young (Allocation Failure) 1277M->876M(1555M) 71,182ms
[135,573s][info][gc] GC(183) Pause Young (Allocation Failure) 1306M->905M(1555M) 72,562ms
[135,838s][info][gc] GC(184) Pause Young (Allocation Failure) 1335M->934M(1555M) 64,860ms
[136,101s][info][gc] GC(185) Pause Young (Allocation Failure) 1364M->963M(1555M) 66,337ms
[136,355s][info][gc] GC(186) Pause Young (Allocation Failure) 1393M->992M(1555M) 63,410ms
[136,611s][info][gc] GC(187) Pause Young (Allocation Failure) 1422M->1021M(1555M) 65,381ms
[136,855s][info][gc] GC(188) Pause Young (Allocation Failure) 1450M->1050M(1555M) 65,454ms
[137,100s][info][gc] GC(189) Pause Young (Allocation Failure) 1479M->1079M(1555M) 66,599ms
[137,364s][info][gc] GC(190) Pause Young (Allocation Failure) 1508M->1108M(1561M) 80,309ms
[138,427s][info][gc] GC(191) Pause Full (Allocation Failure) 1108M->644M(1557M) 1063,165ms
[138,641s][info][gc] GC(192) Pause Young (Allocation Failure) 1074M->674M(1557M) 41,252ms
[138,886s][info][gc] GC(193) Pause Young (Allocation Failure) 1104M->703M(1557M) 64,708ms
[139,119s][info][gc] GC(194) Pause Young (Allocation Failure) 1133M->732M(1557M) 63,563ms
[139,371s][info][gc] GC(195) Pause Young (Allocation Failure) 1162M->761M(1557M) 63,840ms
[139,618s][info][gc] GC(196) Pause Young (Allocation Failure) 1191M->790M(1557M) 68,961ms
[139,861s][info][gc] GC(197) Pause Young (Allocation Failure) 1220M->819M(1557M) 62,898ms
[140,103s][info][gc] GC(198) Pause Young (Allocation Failure) 1249M->848M(1557M) 63,742ms
[140,341s][info][gc] GC(199) Pause Young (Allocation Failure) 1278M->877M(1557M) 63,943ms
[140,579s][info][gc] GC(200) Pause Young (Allocation Failure) 1307M->906M(1557M) 63,919ms
[140,816s][info][gc] GC(201) Pause Young (Allocation Failure) 1336M->935M(1557M) 64,818ms
[141,054s][info][gc] GC(202) Pause Young (Allocation Failure) 1365M->964M(1557M) 65,047ms
[141,292s][info][gc] GC(203) Pause Young (Allocation Failure) 1394M->993M(1557M) 64,645ms
[141,526s][info][gc] GC(204) Pause Young (Allocation Failure) 1423M->1022M(1557M) 63,978ms
[141,758s][info][gc] GC(205) Pause Young (Allocation Failure) 1452M->1051M(1557M) 63,877ms
[141,993s][info][gc] GC(206) Pause Young (Allocation Failure) 1481M->1080M(1557M) 64,428ms
[142,232s][info][gc] GC(207) Pause Young (Allocation Failure) 1510M->1109M(1562M) 65,842ms
[143,272s][info][gc] GC(208) Pause Full (Allocation Failure) 1109M->644M(1558M) 1040,644ms
[143,480s][info][gc] GC(209) Pause Young (Allocation Failure) 1074M->675M(1558M) 40,772ms
[143,717s][info][gc] GC(210) Pause Young (Allocation Failure) 1105M->704M(1558M) 63,869ms
[143,951s][info][gc] GC(211) Pause Young (Allocation Failure) 1134M->733M(1558M) 63,926ms
[144,183s][info][gc] GC(212) Pause Young (Allocation Failure) 1163M->762M(1558M) 63,730ms
[144,416s][info][gc] GC(213) Pause Young (Allocation Failure) 1192M->791M(1558M) 63,327ms
[144,649s][info][gc] GC(214) Pause Young (Allocation Failure) 1221M->820M(1558M) 63,834ms
[144,881s][info][gc] GC(215) Pause Young (Allocation Failure) 1250M->849M(1558M) 63,435ms
[145,253s][info][gc] GC(216) Pause Young (Allocation Failure) 1279M->878M(1558M) 203,321ms
[146,431s][info][gc] GC(217) Pause Young (Allocation Failure) 1308M->907M(1558M) 242,561ms
[147,613s][info][gc] GC(218) Pause Young (Allocation Failure) 1337M->936M(1558M) 249,395ms
[148,787s][info][gc] GC(219) Pause Young (Allocation Failure) 1366M->965M(1558M) 242,464ms
[149,960s][info][gc] GC(220) Pause Young (Allocation Failure) 1395M->994M(1558M) 242,014ms
[151,137s][info][gc] GC(221) Pause Young (Allocation Failure) 1424M->1023M(1558M) 243,524ms
[152,313s][info][gc] GC(222) Pause Young (Allocation Failure) 1453M->1052M(1558M) 242,562ms
[153,487s][info][gc] GC(223) Pause Young (Allocation Failure) 1482M->1081M(1558M) 242,391ms
[154,670s][info][gc] GC(224) Pause Young (Allocation Failure) 1511M->1110M(1563M) 250,320ms
[158,839s][info][gc] GC(225) Pause Full (Allocation Failure) 1110M->590M(1558M) 4168,701ms
[159,907s][info][gc] GC(226) Pause Young (Allocation Failure) 1020M->621M(1558M) 135,703ms
