[0.007s][info][gc] Using Serial
[0,272s][info][gc] GC(0) Pause Young (Allocation Failure) 136M->14M(494M) 18,436ms
[0,372s][info][gc] GC(1) Pause Young (Allocation Failure) 150M->24M(494M) 28,419ms
[0,454s][info][gc] GC(2) Pause Young (Allocation Failure) 160M->33M(494M) 23,802ms
[0,535s][info][gc] GC(3) Pause Young (Allocation Failure) 170M->43M(494M) 24,255ms
[0,618s][info][gc] GC(4) Pause Young (Allocation Failure) 180M->53M(494M) 25,053ms
[0,700s][info][gc] GC(5) Pause Young (Allocation Failure) 189M->63M(494M) 24,517ms
[0,780s][info][gc] GC(6) Pause Young (Allocation Failure) 199M->72M(494M) 24,562ms
[0,860s][info][gc] GC(7) Pause Young (Allocation Failure) 209M->82M(494M) 24,646ms
[0,941s][info][gc] GC(8) Pause Young (Allocation Failure) 218M->92M(494M) 25,022ms
[1,022s][info][gc] GC(9) Pause Young (Allocation Failure) 228M->101M(494M) 25,016ms
[1,103s][info][gc] GC(10) Pause Young (Allocation Failure) 238M->111M(494M) 24,982ms
[1,185s][info][gc] GC(11) Pause Young (Allocation Failure) 248M->121M(494M) 25,227ms
[1,278s][info][gc] GC(12) Pause Young (Allocation Failure) 257M->131M(494M) 24,963ms
[1,363s][info][gc] GC(13) Pause Young (Allocation Failure) 267M->140M(494M) 26,071ms
[1,444s][info][gc] GC(14) Pause Young (Allocation Failure) 277M->150M(494M) 25,486ms
[1,524s][info][gc] GC(15) Pause Young (Allocation Failure) 287M->160M(494M) 25,530ms
[1,604s][info][gc] GC(16) Pause Young (Allocation Failure) 296M->170M(494M) 25,393ms
[1,686s][info][gc] GC(17) Pause Young (Allocation Failure) 306M->179M(494M) 27,764ms
[1,771s][info][gc] GC(18) Pause Young (Allocation Failure) 316M->189M(494M) 27,908ms
[1,856s][info][gc] GC(19) Pause Young (Allocation Failure) 326M->199M(494M) 27,756ms
[1,939s][info][gc] GC(20) Pause Young (Allocation Failure) 335M->209M(494M) 25,678ms
[2,019s][info][gc] GC(21) Pause Young (Allocation Failure) 345M->218M(494M) 25,760ms
[2,100s][info][gc] GC(22) Pause Young (Allocation Failure) 355M->228M(494M) 25,856ms
[2,180s][info][gc] GC(23) Pause Young (Allocation Failure) 364M->238M(494M) 25,696ms
[2,260s][info][gc] GC(24) Pause Young (Allocation Failure) 374M->247M(494M) 25,920ms
[2,340s][info][gc] GC(25) Pause Young (Allocation Failure) 384M->257M(494M) 25,817ms
[2,421s][info][gc] GC(26) Pause Young (Allocation Failure) 394M->267M(494M) 26,052ms
[2,501s][info][gc] GC(27) Pause Young (Allocation Failure) 403M->277M(494M) 26,058ms
[2,582s][info][gc] GC(28) Pause Young (Allocation Failure) 413M->286M(494M) 26,044ms
[2,663s][info][gc] GC(29) Pause Young (Allocation Failure) 423M->296M(494M) 26,281ms
[2,745s][info][gc] GC(30) Pause Young (Allocation Failure) 433M->306M(494M) 26,398ms
[2,826s][info][gc] GC(31) Pause Young (Allocation Failure) 442M->316M(494M) 26,063ms
[2,907s][info][gc] GC(32) Pause Young (Allocation Failure) 452M->325M(494M) 26,203ms
[2,988s][info][gc] GC(33) Pause Young (Allocation Failure) 462M->335M(494M) 26,125ms
[3,068s][info][gc] GC(34) Pause Young (Allocation Failure) 472M->345M(494M) 26,329ms
[3,149s][info][gc] GC(35) Pause Young (Allocation Failure) 481M->355M(498M) 26,226ms
[3,545s][info][gc] GC(36) Pause Full (Allocation Failure) 355M->290M(702M) 395,718ms
[3,655s][info][gc] GC(37) Pause Young (Allocation Failure) 484M->304M(702M) 24,867ms
[3,770s][info][gc] GC(38) Pause Young (Allocation Failure) 498M->318M(702M) 36,381ms
[3,878s][info][gc] GC(39) Pause Young (Allocation Failure) 512M->332M(702M) 31,443ms
[3,988s][info][gc] GC(40) Pause Young (Allocation Failure) 526M->345M(702M) 31,690ms
[4,097s][info][gc] GC(41) Pause Young (Allocation Failure) 539M->359M(702M) 31,447ms
[4,210s][info][gc] GC(42) Pause Young (Allocation Failure) 553M->373M(702M) 36,236ms
[4,324s][info][gc] GC(43) Pause Young (Allocation Failure) 567M->386M(702M) 38,121ms
[4,440s][info][gc] GC(44) Pause Young (Allocation Failure) 580M->400M(702M) 36,758ms
[4,583s][info][gc] GC(45) Pause Young (Allocation Failure) 594M->414M(702M) 42,605ms
[4,730s][info][gc] GC(46) Pause Young (Allocation Failure) 608M->427M(702M) 38,008ms
[4,851s][info][gc] GC(47) Pause Young (Allocation Failure) 621M->441M(702M) 35,773ms
[4,974s][info][gc] GC(48) Pause Young (Allocation Failure) 635M->455M(702M) 38,926ms
[5,097s][info][gc] GC(49) Pause Young (Allocation Failure) 649M->468M(702M) 37,715ms
[5,223s][info][gc] GC(50) Pause Young (Allocation Failure) 662M->482M(702M) 40,665ms
[5,364s][info][gc] GC(51) Pause Young (Allocation Failure) 676M->496M(702M) 44,496ms
[5,490s][info][gc] GC(52) Pause Young (Allocation Failure) 690M->509M(714M) 39,773ms
[6,100s][info][gc] GC(53) Pause Full (Allocation Failure) 509M->400M(967M) 609,195ms
[6,267s][info][gc] GC(54) Pause Young (Allocation Failure) 667M->419M(967M) 35,119ms
[6,436s][info][gc] GC(55) Pause Young (Allocation Failure) 686M->438M(967M) 51,265ms
[6,598s][info][gc] GC(56) Pause Young (Allocation Failure) 705M->456M(967M) 46,499ms
[6,759s][info][gc] GC(57) Pause Young (Allocation Failure) 723M->475M(967M) 43,591ms
[6,916s][info][gc] GC(58) Pause Young (Allocation Failure) 742M->493M(967M) 43,367ms
[7,077s][info][gc] GC(59) Pause Young (Allocation Failure) 760M->512M(967M) 45,072ms
[7,243s][info][gc] GC(60) Pause Young (Allocation Failure) 779M->531M(967M) 49,067ms
[7,405s][info][gc] GC(61) Pause Young (Allocation Failure) 798M->549M(967M) 50,323ms
[7,561s][info][gc] GC(62) Pause Young (Allocation Failure) 816M->568M(967M) 49,828ms
[7,718s][info][gc] GC(63) Pause Young (Allocation Failure) 835M->586M(967M) 49,623ms
[7,884s][info][gc] GC(64) Pause Young (Allocation Failure) 853M->605M(967M) 56,223ms
[8,044s][info][gc] GC(65) Pause Young (Allocation Failure) 872M->624M(967M) 49,488ms
[8,200s][info][gc] GC(66) Pause Young (Allocation Failure) 891M->642M(967M) 49,478ms
[8,365s][info][gc] GC(67) Pause Young (Allocation Failure) 909M->661M(967M) 51,902ms
[8,535s][info][gc] GC(68) Pause Young (Allocation Failure) 928M->679M(967M) 54,017ms
[8,652s][info][gc] GC(69) Pause Young (Allocation Failure) 946M->946M(967M) 0,022ms
[9,519s][info][gc] GC(70) Pause Full (Allocation Failure) 946M->498M(989M) 867,423ms
[9,679s][info][gc] GC(71) Pause Young (Allocation Failure) 771M->517M(989M) 40,037ms
[9,862s][info][gc] GC(72) Pause Young (Allocation Failure) 790M->536M(989M) 54,576ms
[10,027s][info][gc] GC(73) Pause Young (Allocation Failure) 809M->555M(989M) 45,295ms
[10,181s][info][gc] GC(74) Pause Young (Allocation Failure) 828M->574M(989M) 43,066ms
[10,337s][info][gc] GC(75) Pause Young (Allocation Failure) 847M->593M(989M) 43,462ms
[10,489s][info][gc] GC(76) Pause Young (Allocation Failure) 866M->612M(989M) 42,533ms
[10,641s][info][gc] GC(77) Pause Young (Allocation Failure) 885M->631M(989M) 42,635ms
[10,792s][info][gc] GC(78) Pause Young (Allocation Failure) 904M->650M(989M) 42,257ms
[10,943s][info][gc] GC(79) Pause Young (Allocation Failure) 923M->669M(989M) 42,168ms
[11,096s][info][gc] GC(80) Pause Young (Allocation Failure) 942M->688M(989M) 45,050ms
[11,205s][info][gc] GC(81) Pause Young (Allocation Failure) 961M->961M(989M) 0,032ms
[12,083s][info][gc] GC(82) Pause Full (Allocation Failure) 961M->503M(989M) 878,278ms
[12,219s][info][gc] GC(83) Pause Young (Allocation Failure) 777M->523M(989M) 27,381ms
[12,372s][info][gc] GC(84) Pause Young (Allocation Failure) 796M->542M(989M) 41,643ms
[12,527s][info][gc] GC(85) Pause Young (Allocation Failure) 815M->561M(989M) 45,425ms
[12,678s][info][gc] GC(86) Pause Young (Allocation Failure) 834M->580M(989M) 41,562ms
[12,829s][info][gc] GC(87) Pause Young (Allocation Failure) 853M->599M(989M) 41,337ms
[12,979s][info][gc] GC(88) Pause Young (Allocation Failure) 872M->618M(989M) 41,444ms
[13,130s][info][gc] GC(89) Pause Young (Allocation Failure) 891M->637M(989M) 43,228ms
[13,280s][info][gc] GC(90) Pause Young (Allocation Failure) 910M->656M(989M) 41,252ms
[13,430s][info][gc] GC(91) Pause Young (Allocation Failure) 929M->675M(989M) 41,284ms
[13,581s][info][gc] GC(92) Pause Young (Allocation Failure) 948M->694M(989M) 43,900ms
[13,689s][info][gc] GC(93) Pause Young (Allocation Failure) 967M->967M(989M) 0,031ms
[14,567s][info][gc] GC(94) Pause Full (Allocation Failure) 967M->565M(989M) 877,966ms
[14,707s][info][gc] GC(95) Pause Young (Allocation Failure) 838M->584M(989M) 25,189ms
[14,861s][info][gc] GC(96) Pause Young (Allocation Failure) 857M->603M(989M) 42,205ms
[15,011s][info][gc] GC(97) Pause Young (Allocation Failure) 876M->622M(989M) 41,638ms
[15,166s][info][gc] GC(98) Pause Young (Allocation Failure) 895M->641M(989M) 41,963ms
[15,316s][info][gc] GC(99) Pause Young (Allocation Failure) 914M->660M(989M) 41,732ms
[15,472s][info][gc] GC(100) Pause Young (Allocation Failure) 933M->679M(989M) 47,103ms
[15,583s][info][gc] GC(101) Pause Young (Allocation Failure) 952M->952M(989M) 0,030ms
[16,470s][info][gc] GC(102) Pause Full (Allocation Failure) 952M->578M(989M) 886,573ms
[16,604s][info][gc] GC(103) Pause Young (Allocation Failure) 851M->597M(989M) 26,084ms
[16,756s][info][gc] GC(104) Pause Young (Allocation Failure) 870M->616M(989M) 41,478ms
[16,905s][info][gc] GC(105) Pause Young (Allocation Failure) 889M->635M(989M) 41,309ms
[17,054s][info][gc] GC(106) Pause Young (Allocation Failure) 908M->654M(989M) 41,016ms
[17,203s][info][gc] GC(107) Pause Young (Allocation Failure) 927M->673M(989M) 40,928ms
[17,354s][info][gc] GC(108) Pause Young (Allocation Failure) 946M->692M(989M) 41,211ms
[17,462s][info][gc] GC(109) Pause Young (Allocation Failure) 965M->965M(989M) 0,030ms
[18,347s][info][gc] GC(110) Pause Full (Allocation Failure) 965M->587M(989M) 885,146ms
[18,481s][info][gc] GC(111) Pause Young (Allocation Failure) 861M->607M(989M) 25,926ms
[18,633s][info][gc] GC(112) Pause Young (Allocation Failure) 880M->626M(989M) 40,914ms
[18,782s][info][gc] GC(113) Pause Young (Allocation Failure) 899M->645M(989M) 40,788ms
[18,932s][info][gc] GC(114) Pause Young (Allocation Failure) 918M->664M(989M) 42,681ms
[19,084s][info][gc] GC(115) Pause Young (Allocation Failure) 937M->683M(989M) 41,116ms
[19,192s][info][gc] GC(116) Pause Young (Allocation Failure) 956M->956M(989M) 0,032ms
[20,091s][info][gc] GC(117) Pause Full (Allocation Failure) 956M->560M(989M) 898,703ms
[20,225s][info][gc] GC(118) Pause Young (Allocation Failure) 833M->580M(989M) 25,969ms
[20,380s][info][gc] GC(119) Pause Young (Allocation Failure) 853M->599M(989M) 42,303ms
[20,534s][info][gc] GC(120) Pause Young (Allocation Failure) 872M->618M(989M) 42,304ms
[20,685s][info][gc] GC(121) Pause Young (Allocation Failure) 891M->637M(989M) 41,434ms
[20,838s][info][gc] GC(122) Pause Young (Allocation Failure) 910M->656M(989M) 42,458ms
[20,989s][info][gc] GC(123) Pause Young (Allocation Failure) 929M->675M(989M) 41,585ms
[21,098s][info][gc] GC(124) Pause Young (Allocation Failure) 948M->948M(989M) 0,030ms
[21,978s][info][gc] GC(125) Pause Full (Allocation Failure) 948M->601M(989M) 879,926ms
[22,119s][info][gc] GC(126) Pause Young (Allocation Failure) 874M->620M(989M) 26,118ms
[22,271s][info][gc] GC(127) Pause Young (Allocation Failure) 893M->639M(989M) 40,945ms
[22,420s][info][gc] GC(128) Pause Young (Allocation Failure) 912M->658M(989M) 40,795ms
[22,570s][info][gc] GC(129) Pause Young (Allocation Failure) 931M->677M(989M) 41,973ms
[22,678s][info][gc] GC(130) Pause Young (Allocation Failure) 950M->950M(989M) 0,030ms
[23,564s][info][gc] GC(131) Pause Full (Allocation Failure) 950M->604M(989M) 885,672ms
[23,697s][info][gc] GC(132) Pause Young (Allocation Failure) 877M->624M(989M) 25,859ms
[23,849s][info][gc] GC(133) Pause Young (Allocation Failure) 897M->643M(989M) 40,989ms
[23,998s][info][gc] GC(134) Pause Young (Allocation Failure) 916M->662M(989M) 40,592ms
[24,152s][info][gc] GC(135) Pause Young (Allocation Failure) 935M->681M(989M) 46,035ms
[24,263s][info][gc] GC(136) Pause Young (Allocation Failure) 954M->954M(989M) 0,030ms
[25,157s][info][gc] GC(137) Pause Full (Allocation Failure) 954M->608M(989M) 894,133ms
[25,292s][info][gc] GC(138) Pause Young (Allocation Failure) 881M->627M(989M) 25,968ms
[25,444s][info][gc] GC(139) Pause Young (Allocation Failure) 900M->646M(989M) 41,194ms
[25,593s][info][gc] GC(140) Pause Young (Allocation Failure) 919M->665M(989M) 40,946ms
[25,747s][info][gc] GC(141) Pause Young (Allocation Failure) 938M->684M(989M) 46,680ms
[25,857s][info][gc] GC(142) Pause Young (Allocation Failure) 957M->957M(989M) 0,030ms
[26,768s][info][gc] GC(143) Pause Full (Allocation Failure) 957M->576M(989M) 911,063ms
[26,902s][info][gc] GC(144) Pause Young (Allocation Failure) 849M->596M(989M) 25,673ms
[27,055s][info][gc] GC(145) Pause Young (Allocation Failure) 869M->615M(989M) 41,235ms
[27,203s][info][gc] GC(146) Pause Young (Allocation Failure) 888M->634M(989M) 40,738ms
[27,358s][info][gc] GC(147) Pause Young (Allocation Failure) 907M->653M(989M) 45,892ms
[27,513s][info][gc] GC(148) Pause Young (Allocation Failure) 926M->672M(989M) 45,913ms
[27,623s][info][gc] GC(149) Pause Young (Allocation Failure) 945M->945M(989M) 0,029ms
[28,525s][info][gc] GC(150) Pause Full (Allocation Failure) 945M->613M(989M) 901,911ms
[28,663s][info][gc] GC(151) Pause Young (Allocation Failure) 886M->632M(989M) 26,605ms
[28,818s][info][gc] GC(152) Pause Young (Allocation Failure) 906M->651M(989M) 40,930ms
[28,970s][info][gc] GC(153) Pause Young (Allocation Failure) 925M->670M(989M) 41,972ms
[29,120s][info][gc] GC(154) Pause Young (Allocation Failure) 943M->689M(989M) 40,935ms
[29,228s][info][gc] GC(155) Pause Young (Allocation Failure) 962M->962M(989M) 0,055ms
[30,121s][info][gc] GC(156) Pause Full (Allocation Failure) 962M->615M(989M) 892,543ms
[30,254s][info][gc] GC(157) Pause Young (Allocation Failure) 888M->634M(989M) 25,568ms
[30,405s][info][gc] GC(158) Pause Young (Allocation Failure) 907M->653M(989M) 40,673ms
[30,553s][info][gc] GC(159) Pause Young (Allocation Failure) 926M->672M(989M) 40,428ms
[30,660s][info][gc] GC(160) Pause Young (Allocation Failure) 945M->945M(989M) 0,028ms
[31,547s][info][gc] GC(161) Pause Full (Allocation Failure) 945M->616M(989M) 886,244ms
[31,680s][info][gc] GC(162) Pause Young (Allocation Failure) 889M->636M(989M) 25,626ms
[31,831s][info][gc] GC(163) Pause Young (Allocation Failure) 909M->654M(989M) 40,620ms
[31,979s][info][gc] GC(164) Pause Young (Allocation Failure) 928M->673M(989M) 40,681ms
[32,086s][info][gc] GC(165) Pause Young (Allocation Failure) 947M->947M(989M) 0,056ms
[32,988s][info][gc] GC(166) Pause Full (Allocation Failure) 947M->583M(989M) 901,237ms
[33,122s][info][gc] GC(167) Pause Young (Allocation Failure) 856M->603M(989M) 26,376ms
[33,273s][info][gc] GC(168) Pause Young (Allocation Failure) 876M->621M(989M) 40,648ms
[33,422s][info][gc] GC(169) Pause Young (Allocation Failure) 895M->641M(989M) 40,615ms
[33,570s][info][gc] GC(170) Pause Young (Allocation Failure) 914M->659M(989M) 40,587ms
[33,718s][info][gc] GC(171) Pause Young (Allocation Failure) 933M->678M(989M) 40,476ms
[33,825s][info][gc] GC(172) Pause Young (Allocation Failure) 952M->952M(989M) 0,035ms
[34,699s][info][gc] GC(173) Pause Full (Allocation Failure) 952M->618M(989M) 874,164ms
[34,833s][info][gc] GC(174) Pause Young (Allocation Failure) 891M->638M(989M) 25,526ms
[34,984s][info][gc] GC(175) Pause Young (Allocation Failure) 911M->657M(989M) 40,724ms
[35,132s][info][gc] GC(176) Pause Young (Allocation Failure) 930M->676M(989M) 40,730ms
[35,240s][info][gc] GC(177) Pause Young (Allocation Failure) 949M->949M(989M) 0,029ms
[36,140s][info][gc] GC(178) Pause Full (Allocation Failure) 949M->619M(989M) 900,406ms
[36,279s][info][gc] GC(179) Pause Young (Allocation Failure) 892M->639M(989M) 25,688ms
[36,430s][info][gc] GC(180) Pause Young (Allocation Failure) 912M->658M(989M) 40,719ms
[36,578s][info][gc] GC(181) Pause Young (Allocation Failure) 931M->677M(989M) 40,513ms
[36,686s][info][gc] GC(182) Pause Young (Allocation Failure) 950M->950M(989M) 0,035ms
[37,577s][info][gc] GC(183) Pause Full (Allocation Failure) 950M->620M(989M) 891,361ms
[37,710s][info][gc] GC(184) Pause Young (Allocation Failure) 893M->639M(989M) 25,498ms
[37,860s][info][gc] GC(185) Pause Young (Allocation Failure) 913M->658M(989M) 40,534ms
[38,009s][info][gc] GC(186) Pause Young (Allocation Failure) 932M->677M(989M) 40,764ms
[38,116s][info][gc] GC(187) Pause Young (Allocation Failure) 950M->950M(989M) 0,015ms
[39,034s][info][gc] GC(188) Pause Full (Allocation Failure) 950M->586M(989M) 918,407ms
[39,170s][info][gc] GC(189) Pause Young (Allocation Failure) 859M->606M(989M) 26,665ms
[39,328s][info][gc] GC(190) Pause Young (Allocation Failure) 879M->625M(989M) 45,786ms
[39,483s][info][gc] GC(191) Pause Young (Allocation Failure) 898M->644M(989M) 41,315ms
[39,633s][info][gc] GC(192) Pause Young (Allocation Failure) 917M->663M(989M) 41,027ms
[39,782s][info][gc] GC(193) Pause Young (Allocation Failure) 936M->682M(989M) 40,656ms
[39,890s][info][gc] GC(194) Pause Young (Allocation Failure) 955M->955M(989M) 0,030ms
[40,777s][info][gc] GC(195) Pause Full (Allocation Failure) 955M->621M(989M) 887,066ms
[40,910s][info][gc] GC(196) Pause Young (Allocation Failure) 894M->641M(989M) 25,883ms
[41,062s][info][gc] GC(197) Pause Young (Allocation Failure) 914M->660M(989M) 41,394ms
[41,211s][info][gc] GC(198) Pause Young (Allocation Failure) 933M->679M(989M) 40,927ms
[41,319s][info][gc] GC(199) Pause Young (Allocation Failure) 952M->952M(989M) 0,031ms
[42,224s][info][gc] GC(200) Pause Full (Allocation Failure) 952M->622M(989M) 904,770ms
[42,357s][info][gc] GC(201) Pause Young (Allocation Failure) 895M->641M(989M) 25,706ms
[42,509s][info][gc] GC(202) Pause Young (Allocation Failure) 914M->660M(989M) 40,965ms
[42,658s][info][gc] GC(203) Pause Young (Allocation Failure) 933M->679M(989M) 40,631ms
[42,765s][info][gc] GC(204) Pause Young (Allocation Failure) 952M->952M(989M) 0,035ms
[43,669s][info][gc] GC(205) Pause Full (Allocation Failure) 952M->622M(989M) 903,130ms
[43,803s][info][gc] GC(206) Pause Young (Allocation Failure) 895M->642M(989M) 25,897ms
[43,955s][info][gc] GC(207) Pause Young (Allocation Failure) 915M->661M(989M) 41,185ms
[44,104s][info][gc] GC(208) Pause Young (Allocation Failure) 934M->680M(989M) 40,768ms
[44,211s][info][gc] GC(209) Pause Young (Allocation Failure) 953M->953M(989M) 0,030ms
[45,139s][info][gc] GC(210) Pause Full (Allocation Failure) 953M->588M(989M) 927,466ms
[45,272s][info][gc] GC(211) Pause Young (Allocation Failure) 861M->608M(989M) 25,547ms
[45,423s][info][gc] GC(212) Pause Young (Allocation Failure) 881M->627M(989M) 40,767ms
[45,573s][info][gc] GC(213) Pause Young (Allocation Failure) 900M->646M(989M) 40,882ms
[45,721s][info][gc] GC(214) Pause Young (Allocation Failure) 919M->665M(989M) 40,807ms
[45,870s][info][gc] GC(215) Pause Young (Allocation Failure) 938M->684M(989M) 40,696ms
[45,977s][info][gc] GC(216) Pause Young (Allocation Failure) 957M->957M(989M) 0,035ms
[46,865s][info][gc] GC(217) Pause Full (Allocation Failure) 957M->623M(989M) 887,757ms
[46,999s][info][gc] GC(218) Pause Young (Allocation Failure) 896M->642M(989M) 25,356ms
[47,150s][info][gc] GC(219) Pause Young (Allocation Failure) 915M->661M(989M) 40,664ms
[47,298s][info][gc] GC(220) Pause Young (Allocation Failure) 934M->680M(989M) 40,426ms
[47,406s][info][gc] GC(221) Pause Young (Allocation Failure) 953M->953M(989M) 0,029ms
[48,298s][info][gc] GC(222) Pause Full (Allocation Failure) 953M->623M(989M) 891,736ms
[48,430s][info][gc] GC(223) Pause Young (Allocation Failure) 896M->643M(989M) 25,384ms
[48,586s][info][gc] GC(224) Pause Young (Allocation Failure) 916M->662M(989M) 42,697ms
[48,756s][info][gc] GC(225) Pause Young (Allocation Failure) 935M->681M(989M) 42,342ms
[48,874s][info][gc] GC(226) Pause Young (Allocation Failure) 954M->954M(989M) 0,022ms
[49,779s][info][gc] GC(227) Pause Full (Allocation Failure) 954M->623M(989M) 905,448ms
[49,953s][info][gc] GC(228) Pause Young (Allocation Failure) 896M->643M(989M) 27,048ms
[50,113s][info][gc] GC(229) Pause Young (Allocation Failure) 916M->662M(989M) 41,287ms
[50,264s][info][gc] GC(230) Pause Young (Allocation Failure) 935M->681M(989M) 40,394ms
[50,378s][info][gc] GC(231) Pause Young (Allocation Failure) 954M->954M(989M) 0,030ms
[51,301s][info][gc] GC(232) Pause Full (Allocation Failure) 954M->589M(989M) 922,994ms
[51,434s][info][gc] GC(233) Pause Young (Allocation Failure) 862M->609M(989M) 25,810ms
[51,586s][info][gc] GC(234) Pause Young (Allocation Failure) 882M->628M(989M) 40,659ms
[51,735s][info][gc] GC(235) Pause Young (Allocation Failure) 901M->647M(989M) 41,253ms
[51,884s][info][gc] GC(236) Pause Young (Allocation Failure) 920M->666M(989M) 40,960ms
[52,033s][info][gc] GC(237) Pause Young (Allocation Failure) 939M->685M(989M) 40,948ms
[52,141s][info][gc] GC(238) Pause Young (Allocation Failure) 958M->958M(989M) 0,029ms
[53,032s][info][gc] GC(239) Pause Full (Allocation Failure) 958M->624M(989M) 891,492ms
[53,166s][info][gc] GC(240) Pause Young (Allocation Failure) 897M->643M(989M) 25,743ms
[53,318s][info][gc] GC(241) Pause Young (Allocation Failure) 916M->662M(989M) 40,562ms
[53,466s][info][gc] GC(242) Pause Young (Allocation Failure) 935M->681M(989M) 40,521ms
[53,574s][info][gc] GC(243) Pause Young (Allocation Failure) 954M->954M(989M) 0,015ms
[54,481s][info][gc] GC(244) Pause Full (Allocation Failure) 954M->624M(989M) 906,910ms
[54,614s][info][gc] GC(245) Pause Young (Allocation Failure) 897M->643M(989M) 25,664ms
[54,768s][info][gc] GC(246) Pause Young (Allocation Failure) 916M->662M(989M) 40,949ms
[54,922s][info][gc] GC(247) Pause Young (Allocation Failure) 935M->681M(989M) 41,514ms
[55,031s][info][gc] GC(248) Pause Young (Allocation Failure) 954M->954M(989M) 0,030ms
[55,934s][info][gc] GC(249) Pause Full (Allocation Failure) 954M->624M(989M) 902,875ms
[56,067s][info][gc] GC(250) Pause Young (Allocation Failure) 897M->643M(989M) 25,289ms
[56,219s][info][gc] GC(251) Pause Young (Allocation Failure) 916M->662M(989M) 40,616ms
[56,367s][info][gc] GC(252) Pause Young (Allocation Failure) 935M->681M(989M) 40,768ms
[56,476s][info][gc] GC(253) Pause Young (Allocation Failure) 954M->954M(989M) 0,038ms
[57,399s][info][gc] GC(254) Pause Full (Allocation Failure) 954M->590M(989M) 922,715ms
[57,532s][info][gc] GC(255) Pause Young (Allocation Failure) 863M->609M(989M) 25,807ms
[57,684s][info][gc] GC(256) Pause Young (Allocation Failure) 882M->628M(989M) 41,005ms
[57,833s][info][gc] GC(257) Pause Young (Allocation Failure) 901M->647M(989M) 40,934ms
[57,982s][info][gc] GC(258) Pause Young (Allocation Failure) 920M->666M(989M) 40,773ms
[58,089s][info][gc] GC(259) Pause Young (Allocation Failure) 939M->939M(989M) 0,028ms
[58,963s][info][gc] GC(260) Pause Full (Allocation Failure) 939M->624M(989M) 873,524ms
[59,098s][info][gc] GC(261) Pause Young (Allocation Failure) 897M->644M(989M) 25,743ms
[59,250s][info][gc] GC(262) Pause Young (Allocation Failure) 917M->663M(989M) 40,657ms
[59,398s][info][gc] GC(263) Pause Young (Allocation Failure) 936M->682M(989M) 40,649ms
[59,507s][info][gc] GC(264) Pause Young (Allocation Failure) 955M->955M(989M) 0,030ms
[60,406s][info][gc] GC(265) Pause Full (Allocation Failure) 955M->624M(989M) 899,267ms
[60,541s][info][gc] GC(266) Pause Young (Allocation Failure) 897M->644M(989M) 25,841ms
[60,693s][info][gc] GC(267) Pause Young (Allocation Failure) 917M->663M(989M) 40,815ms
[60,842s][info][gc] GC(268) Pause Young (Allocation Failure) 936M->682M(989M) 41,118ms
[60,949s][info][gc] GC(269) Pause Young (Allocation Failure) 955M->955M(989M) 0,028ms
[61,861s][info][gc] GC(270) Pause Full (Allocation Failure) 955M->624M(989M) 911,213ms
[61,995s][info][gc] GC(271) Pause Young (Allocation Failure) 897M->644M(989M) 25,796ms
[62,147s][info][gc] GC(272) Pause Young (Allocation Failure) 917M->663M(989M) 40,895ms
[62,296s][info][gc] GC(273) Pause Young (Allocation Failure) 936M->682M(989M) 40,740ms
[62,404s][info][gc] GC(274) Pause Young (Allocation Failure) 955M->955M(989M) 0,029ms
[63,328s][info][gc] GC(275) Pause Full (Allocation Failure) 955M->590M(989M) 923,921ms
[63,462s][info][gc] GC(276) Pause Young (Allocation Failure) 863M->610M(989M) 25,493ms
[63,614s][info][gc] GC(277) Pause Young (Allocation Failure) 883M->629M(989M) 40,915ms
[63,763s][info][gc] GC(278) Pause Young (Allocation Failure) 902M->648M(989M) 40,709ms
[63,912s][info][gc] GC(279) Pause Young (Allocation Failure) 921M->667M(989M) 40,567ms
[64,020s][info][gc] GC(280) Pause Young (Allocation Failure) 940M->940M(989M) 0,028ms
[64,894s][info][gc] GC(281) Pause Full (Allocation Failure) 940M->624M(989M) 873,884ms
[65,027s][info][gc] GC(282) Pause Young (Allocation Failure) 897M->644M(989M) 25,548ms
[65,179s][info][gc] GC(283) Pause Young (Allocation Failure) 917M->663M(989M) 40,685ms
[65,343s][info][gc] GC(284) Pause Young (Allocation Failure) 936M->682M(989M) 49,391ms
[65,458s][info][gc] GC(285) Pause Young (Allocation Failure) 955M->955M(989M) 0,018ms
[66,362s][info][gc] GC(286) Pause Full (Allocation Failure) 955M->624M(989M) 904,097ms
[66,496s][info][gc] GC(287) Pause Young (Allocation Failure) 897M->644M(989M) 25,743ms
[66,648s][info][gc] GC(288) Pause Young (Allocation Failure) 917M->663M(989M) 40,741ms
[66,799s][info][gc] GC(289) Pause Young (Allocation Failure) 936M->682M(989M) 40,886ms
[66,909s][info][gc] GC(290) Pause Young (Allocation Failure) 955M->955M(989M) 0,030ms
[67,817s][info][gc] GC(291) Pause Full (Allocation Failure) 955M->624M(989M) 907,235ms
[67,951s][info][gc] GC(292) Pause Young (Allocation Failure) 897M->644M(989M) 25,474ms
[68,102s][info][gc] GC(293) Pause Young (Allocation Failure) 917M->663M(989M) 40,877ms
[68,251s][info][gc] GC(294) Pause Young (Allocation Failure) 936M->682M(989M) 40,565ms
[68,359s][info][gc] GC(295) Pause Young (Allocation Failure) 955M->955M(989M) 0,015ms
[69,283s][info][gc] GC(296) Pause Full (Allocation Failure) 955M->590M(989M) 923,959ms
[69,418s][info][gc] GC(297) Pause Young (Allocation Failure) 863M->610M(989M) 25,654ms
[69,570s][info][gc] GC(298) Pause Young (Allocation Failure) 883M->629M(989M) 41,097ms
[69,723s][info][gc] GC(299) Pause Young (Allocation Failure) 902M->648M(989M) 44,195ms
[69,877s][info][gc] GC(300) Pause Young (Allocation Failure) 921M->667M(989M) 41,414ms
[69,989s][info][gc] GC(301) Pause Young (Allocation Failure) 940M->940M(989M) 0,021ms
[70,864s][info][gc] GC(302) Pause Full (Allocation Failure) 940M->624M(989M) 875,339ms
[71,000s][info][gc] GC(303) Pause Young (Allocation Failure) 897M->644M(989M) 25,977ms
[71,152s][info][gc] GC(304) Pause Young (Allocation Failure) 917M->663M(989M) 41,150ms
[71,304s][info][gc] GC(305) Pause Young (Allocation Failure) 936M->682M(989M) 41,274ms
[71,412s][info][gc] GC(306) Pause Young (Allocation Failure) 955M->955M(989M) 0,016ms
[72,317s][info][gc] GC(307) Pause Full (Allocation Failure) 955M->624M(989M) 904,731ms
[72,451s][info][gc] GC(308) Pause Young (Allocation Failure) 897M->644M(989M) 25,610ms
[72,602s][info][gc] GC(309) Pause Young (Allocation Failure) 917M->663M(989M) 40,657ms
[72,751s][info][gc] GC(310) Pause Young (Allocation Failure) 936M->682M(989M) 40,645ms
[72,861s][info][gc] GC(311) Pause Young (Allocation Failure) 955M->955M(989M) 0,016ms
[73,760s][info][gc] GC(312) Pause Full (Allocation Failure) 955M->624M(989M) 898,657ms
[73,893s][info][gc] GC(313) Pause Young (Allocation Failure) 897M->644M(989M) 25,664ms
[74,045s][info][gc] GC(314) Pause Young (Allocation Failure) 917M->663M(989M) 40,658ms
[74,194s][info][gc] GC(315) Pause Young (Allocation Failure) 936M->682M(989M) 40,669ms
[74,301s][info][gc] GC(316) Pause Young (Allocation Failure) 955M->955M(989M) 0,028ms
[75,221s][info][gc] GC(317) Pause Full (Allocation Failure) 955M->590M(989M) 919,310ms
[75,354s][info][gc] GC(318) Pause Young (Allocation Failure) 863M->610M(989M) 25,616ms
[75,506s][info][gc] GC(319) Pause Young (Allocation Failure) 883M->629M(989M) 40,773ms
[75,654s][info][gc] GC(320) Pause Young (Allocation Failure) 902M->648M(989M) 40,668ms
[75,804s][info][gc] GC(321) Pause Young (Allocation Failure) 921M->667M(989M) 41,380ms
[75,911s][info][gc] GC(322) Pause Young (Allocation Failure) 940M->940M(989M) 0,030ms
[76,783s][info][gc] GC(323) Pause Full (Allocation Failure) 940M->624M(989M) 871,556ms
[76,916s][info][gc] GC(324) Pause Young (Allocation Failure) 897M->644M(989M) 25,723ms
[77,068s][info][gc] GC(325) Pause Young (Allocation Failure) 917M->663M(989M) 40,676ms
[77,216s][info][gc] GC(326) Pause Young (Allocation Failure) 936M->682M(989M) 40,646ms
[77,324s][info][gc] GC(327) Pause Young (Allocation Failure) 955M->955M(989M) 0,015ms
[78,224s][info][gc] GC(328) Pause Full (Allocation Failure) 955M->624M(989M) 900,663ms
[78,358s][info][gc] GC(329) Pause Young (Allocation Failure) 898M->644M(989M) 25,568ms
[78,509s][info][gc] GC(330) Pause Young (Allocation Failure) 917M->663M(989M) 40,707ms
[78,658s][info][gc] GC(331) Pause Young (Allocation Failure) 936M->682M(989M) 40,744ms
