[0.008s][info][gc] Using The Z Garbage Collector
[1,667s][info][gc] GC(0) Garbage Collection (Warmup) 1720M(10%)->524M(3%)
[3,953s][info][gc] GC(1) Garbage Collection (Warmup) 3424M(21%)->1206M(7%)
[6,816s][info][gc] GC(2) Garbage Collection (Warmup) 5050M(31%)->1784M(11%)
[8,788s][info][gc] GC(3) Garbage Collection (Allocation Rate) 4142M(25%)->2320M(14%)
[17,073s][info][gc] GC(4) Garbage Collection (Allocation Rate) 12564M(77%)->3418M(21%)
[18,919s][info][gc] GC(5) Garbage Collection (Allocation Rate) 4098M(25%)->2378M(15%)
[22,553s][info][gc] GC(6) Garbage Collection (Allocation Rate) 8154M(50%)->2554M(16%)
[26,876s][info][gc] GC(7) Garbage Collection (Allocation Rate) 10474M(64%)->2996M(18%)
[30,784s][info][gc] GC(8) Garbage Collection (Allocation Rate) 10730M(65%)->2994M(18%)
[34,578s][info][gc] GC(9) Garbage Collection (Allocation Rate) 8226M(50%)->4080M(25%)
[36,787s][info][gc] GC(10) Garbage Collection (Allocation Rate) 6268M(38%)->3296M(20%)
[40,221s][info][gc] GC(11) Garbage Collection (Allocation Rate) 8336M(51%)->3450M(21%)
[42,072s][info][gc] GC(12) Garbage Collection (Allocation Rate) 5210M(32%)->2944M(18%)
