[0.007s][info][gc] Using The Z Garbage Collector
[0,641s][info][gc] GC(0) Garbage Collection (Warmup) 528M(13%)->182M(4%)
[1,312s][info][gc] GC(1) Garbage Collection (Warmup) 974M(24%)->406M(10%)
[2,127s][info][gc] GC(2) Garbage Collection (Warmup) 1368M(33%)->630M(15%)
[3,376s][info][gc] GC(3) Garbage Collection (Allocation Rate) 2156M(53%)->914M(22%)
[4,315s][info][gc] GC(4) Garbage Collection (Allocation Rate) 1908M(47%)->1322M(32%)
[4,839s][info][gc] GC(5) Garbage Collection (Allocation Rate) 1342M(33%)->1256M(31%)
[5,803s][info][gc] GC(6) Garbage Collection (Allocation Rate) 2268M(55%)->1280M(31%)
[6,899s][info][gc] GC(7) Garbage Collection (Allocation Rate) 2486M(61%)->1522M(37%)
[7,807s][info][gc] GC(8) Garbage Collection (Allocation Rate) 2162M(53%)->1886M(46%)
[8,477s][info][gc] GC(9) Garbage Collection (Allocation Rate) 1936M(47%)->1842M(45%)
[9,306s][info][gc] GC(10) Garbage Collection (Allocation Rate) 2218M(54%)->1910M(47%)
[10,125s][info][gc] GC(11) Garbage Collection (Allocation Rate) 2236M(55%)->1978M(48%)
[10,941s][info][gc] GC(12) Garbage Collection (Allocation Rate) 2256M(55%)->2044M(50%)
[11,754s][info][gc] GC(13) Garbage Collection (Allocation Rate) 2260M(55%)->2102M(51%)
[12,573s][info][gc] GC(14) Garbage Collection (Allocation Rate) 2288M(56%)->2136M(52%)
[13,367s][info][gc] GC(15) Garbage Collection (Allocation Rate) 2262M(55%)->2184M(53%)
[14,179s][info][gc] GC(16) Garbage Collection (Allocation Rate) 2324M(57%)->2184M(53%)
[14,987s][info][gc] GC(17) Garbage Collection (Allocation Rate) 2306M(56%)->2226M(54%)
[15,795s][info][gc] GC(18) Garbage Collection (Allocation Rate) 2324M(57%)->2242M(55%)
[16,590s][info][gc] GC(19) Garbage Collection (Allocation Rate) 2306M(56%)->2264M(55%)
[17,395s][info][gc] GC(20) Garbage Collection (Allocation Rate) 2354M(57%)->2256M(55%)
[18,205s][info][gc] GC(21) Garbage Collection (Allocation Rate) 2332M(57%)->2298M(56%)
[18,999s][info][gc] GC(22) Garbage Collection (Allocation Rate) 2336M(57%)->2298M(56%)
[19,808s][info][gc] GC(23) Garbage Collection (Allocation Rate) 2366M(58%)->2294M(56%)
[20,614s][info][gc] GC(24) Garbage Collection (Allocation Rate) 2332M(57%)->2322M(57%)
[21,411s][info][gc] GC(25) Garbage Collection (Allocation Rate) 2350M(57%)->2318M(57%)
[22,201s][info][gc] GC(26) Garbage Collection (Allocation Rate) 2346M(57%)->2316M(57%)
[23,007s][info][gc] GC(27) Garbage Collection (Allocation Rate) 2368M(58%)->2322M(57%)
[23,802s][info][gc] GC(28) Garbage Collection (Allocation Rate) 2362M(58%)->2316M(57%)
[24,605s][info][gc] GC(29) Garbage Collection (Allocation Rate) 2376M(58%)->2320M(57%)
[25,416s][info][gc] GC(30) Garbage Collection (Allocation Rate) 2374M(58%)->2326M(57%)
[26,218s][info][gc] GC(31) Garbage Collection (Allocation Rate) 2342M(57%)->2354M(57%)
[27,005s][info][gc] GC(32) Garbage Collection (Allocation Rate) 2366M(58%)->2328M(57%)
[27,821s][info][gc] GC(33) Garbage Collection (Allocation Rate) 2372M(58%)->2352M(57%)
[28,618s][info][gc] GC(34) Garbage Collection (Allocation Rate) 2370M(58%)->2344M(57%)
[29,416s][info][gc] GC(35) Garbage Collection (Allocation Rate) 2366M(58%)->2344M(57%)
[30,228s][info][gc] GC(36) Garbage Collection (Allocation Rate) 2364M(58%)->2364M(58%)
[31,128s][info][gc] GC(37) Garbage Collection (Allocation Rate) 2622M(64%)->2258M(55%)
[32,045s][info][gc] GC(38) Garbage Collection (Allocation Rate) 2518M(61%)->2404M(59%)
[32,927s][info][gc] GC(39) Garbage Collection (Allocation Rate) 2606M(64%)->2348M(57%)
[33,750s][info][gc] GC(40) Garbage Collection (Allocation Rate) 2350M(57%)->2406M(59%)
[34,627s][info][gc] GC(41) Garbage Collection (Allocation Rate) 2590M(63%)->2378M(58%)
[35,537s][info][gc] GC(42) Garbage Collection (Allocation Rate) 2650M(65%)->2364M(58%)
[36,437s][info][gc] GC(43) Garbage Collection (Allocation Rate) 2598M(63%)->2412M(59%)
[37,323s][info][gc] GC(44) Garbage Collection (Allocation Rate) 2656M(65%)->2372M(58%)
[38,128s][info][gc] GC(45) Garbage Collection (Allocation Rate) 2382M(58%)->2368M(58%)
[38,924s][info][gc] GC(46) Garbage Collection (Allocation Rate) 2368M(58%)->2354M(57%)
[39,831s][info][gc] GC(47) Garbage Collection (Allocation Rate) 2624M(64%)->2390M(58%)
[40,726s][info][gc] GC(48) Garbage Collection (Allocation Rate) 2640M(64%)->2390M(58%)
[41,513s][info][gc] GC(49) Garbage Collection (Allocation Rate) 2396M(58%)->2344M(57%)
[42,317s][info][gc] GC(50) Garbage Collection (Allocation Rate) 2378M(58%)->2340M(57%)
[43,116s][info][gc] GC(51) Garbage Collection (Allocation Rate) 2356M(58%)->2352M(57%)
[43,891s][info][gc] GC(52) Garbage Collection (Allocation Rate) Aborted
