[0.007s][info][gc] Using The Z Garbage Collector
[0,649s][info][gc] GC(0) Garbage Collection (Warmup) 544M(13%)->182M(4%)
[1,321s][info][gc] GC(1) Garbage Collection (Warmup) 966M(24%)->406M(10%)
[2,087s][info][gc] GC(2) Garbage Collection (Warmup) 1364M(33%)->586M(14%)
[3,759s][info][gc] GC(3) Garbage Collection (Allocation Rate) 2604M(64%)->1030M(25%)
[4,421s][info][gc] GC(4) Garbage Collection (Allocation Rate) 1202M(29%)->1014M(25%)
[5,312s][info][gc] GC(5) Garbage Collection (Allocation Rate) 1984M(48%)->1242M(30%)
[6,076s][info][gc] GC(6) Garbage Collection (Allocation Rate) 1844M(45%)->1412M(34%)
[6,993s][info][gc] GC(7) Garbage Collection (Allocation Rate) 2380M(58%)->1498M(37%)
[8,038s][info][gc] GC(8) Garbage Collection (Allocation Rate) 2446M(60%)->1706M(42%)
[8,791s][info][gc] GC(9) Garbage Collection (Allocation Rate) 1946M(48%)->1898M(46%)
[9,567s][info][gc] GC(10) Garbage Collection (Allocation Rate) 2254M(55%)->1860M(45%)
[10,467s][info][gc] GC(11) Garbage Collection (Allocation Rate) 2304M(56%)->2020M(49%)
[11,241s][info][gc] GC(12) Garbage Collection (Allocation Rate) 2174M(53%)->2072M(51%)
[12,018s][info][gc] GC(13) Garbage Collection (Allocation Rate) 2294M(56%)->2046M(50%)
[12,876s][info][gc] GC(14) Garbage Collection (Allocation Rate) 2342M(57%)->2110M(52%)
[13,659s][info][gc] GC(15) Garbage Collection (Allocation Rate) 2238M(55%)->2164M(53%)
[14,452s][info][gc] GC(16) Garbage Collection (Allocation Rate) 2336M(57%)->2150M(52%)
[15,300s][info][gc] GC(17) Garbage Collection (Allocation Rate) 2348M(57%)->2194M(54%)
[16,100s][info][gc] GC(18) Garbage Collection (Allocation Rate) 2258M(55%)->2246M(55%)
[16,878s][info][gc] GC(19) Garbage Collection (Allocation Rate) 2310M(56%)->2214M(54%)
[17,708s][info][gc] GC(20) Garbage Collection (Allocation Rate) 2338M(57%)->2250M(55%)
[18,504s][info][gc] GC(21) Garbage Collection (Allocation Rate) 2294M(56%)->2284M(56%)
[19,289s][info][gc] GC(22) Garbage Collection (Allocation Rate) 2336M(57%)->2258M(55%)
[20,117s][info][gc] GC(23) Garbage Collection (Allocation Rate) 2350M(57%)->2288M(56%)
[20,930s][info][gc] GC(24) Garbage Collection (Allocation Rate) 2312M(56%)->2312M(56%)
[21,800s][info][gc] GC(25) Garbage Collection (Allocation Rate) 2570M(63%)->2196M(54%)
[22,647s][info][gc] GC(26) Garbage Collection (Allocation Rate) 2256M(55%)->2370M(58%)
[23,506s][info][gc] GC(27) Garbage Collection (Allocation Rate) 2570M(63%)->2256M(55%)
[24,330s][info][gc] GC(28) Garbage Collection (Allocation Rate) 2306M(56%)->2332M(57%)
[25,217s][info][gc] GC(29) Garbage Collection (Allocation Rate) 2582M(63%)->2296M(56%)
[26,032s][info][gc] GC(30) Garbage Collection (Allocation Rate) 2312M(56%)->2348M(57%)
[26,907s][info][gc] GC(31) Garbage Collection (Allocation Rate) 2600M(63%)->2302M(56%)
[27,735s][info][gc] GC(32) Garbage Collection (Allocation Rate) 2348M(57%)->2352M(57%)
[28,621s][info][gc] GC(33) Garbage Collection (Allocation Rate) 2598M(63%)->2330M(57%)
[29,426s][info][gc] GC(34) Garbage Collection (Allocation Rate) 2346M(57%)->2338M(57%)
[30,320s][info][gc] GC(35) Garbage Collection (Allocation Rate) 2602M(64%)->2338M(57%)
[31,126s][info][gc] GC(36) Garbage Collection (Allocation Rate) 2356M(58%)->2336M(57%)
[31,915s][info][gc] GC(37) Garbage Collection (Allocation Rate) 2342M(57%)->2318M(57%)
[32,721s][info][gc] GC(38) Garbage Collection (Allocation Rate) 2348M(57%)->2326M(57%)
[33,520s][info][gc] GC(39) Garbage Collection (Allocation Rate) 2344M(57%)->2324M(57%)
[34,310s][info][gc] GC(40) Garbage Collection (Allocation Rate) 2334M(57%)->2314M(56%)
[35,120s][info][gc] GC(41) Garbage Collection (Allocation Rate) 2356M(58%)->2328M(57%)
[35,920s][info][gc] GC(42) Garbage Collection (Allocation Rate) 2348M(57%)->2326M(57%)
[36,712s][info][gc] GC(43) Garbage Collection (Allocation Rate) 2342M(57%)->2314M(56%)
[37,504s][info][gc] GC(44) Garbage Collection (Allocation Rate) 2350M(57%)->2302M(56%)
[38,318s][info][gc] GC(45) Garbage Collection (Allocation Rate) 2356M(58%)->2326M(57%)
[39,114s][info][gc] GC(46) Garbage Collection (Allocation Rate) 2350M(57%)->2320M(57%)
[39,931s][info][gc] GC(47) Garbage Collection (Allocation Rate) 2352M(57%)->2338M(57%)
[40,826s][info][gc] GC(48) Garbage Collection (Allocation Rate) 2600M(63%)->2348M(57%)
[41,734s][info][gc] GC(49) Garbage Collection (Allocation Rate) 2620M(64%)->2354M(57%)
[42,618s][info][gc] GC(50) Garbage Collection (Allocation Rate) 2602M(64%)->2354M(57%)
[43,428s][info][gc] GC(51) Garbage Collection (Allocation Rate) 2376M(58%)->2348M(57%)
[44,307s][info][gc] GC(52) Garbage Collection (Allocation Rate) 2616M(64%)->2328M(57%)
[44,445s][info][gc] GC(53) Garbage Collection (Allocation Rate) Aborted
